2022/09/22 13:30:00 fuzzer started
2022/09/22 13:30:00 dialing manager at localhost:35027
2022/09/22 13:30:00 connecting to manager...
2022/09/22 13:30:00 syscalls: 129
2022/09/22 13:30:00 code coverage: enabled
2022/09/22 13:30:00 comparison tracing: enabled
2022/09/22 13:30:00 extra coverage: enabled
2022/09/22 13:30:00 setuid sandbox: enabled
2022/09/22 13:30:00 namespace sandbox: /proc/self/ns/user does not exist
2022/09/22 13:30:00 Android sandbox: /sys/fs/selinux/policy can't be opened (open /sys/fs/selinux/policy: invalid argument)
2022/09/22 13:30:00 fault injection: CONFIG_FAULT_INJECTION_DEBUG_FS or CONFIG_FAILSLAB are not enabled
2022/09/22 13:30:00 leak checking: CONFIG_DEBUG_KMEMLEAK is not enabled
2022/09/22 13:30:00 net packet injection: /dev/net/tun does not exist
2022/09/22 13:30:00 net device setup: enabled
2022/09/22 13:30:00 concurrency sanitizer: /sys/kernel/debug/kcsan does not exist
2022/09/22 13:30:00 devlink PCI setup: enabled
2022/09/22 13:30:00 USB emulation: /dev/raw-gadget does not exist
2022/09/22 13:30:00 hci packet injection: /dev/vhci does not exist
2022/09/22 13:30:00 wifi device emulation: /sys/class/mac80211_hwsim/ does not exist
2022/09/22 13:30:00 802.15.4 emulation: /sys/bus/platform/devices/mac802154_hwsim does not exist
2022/09/22 13:30:01 poll: candidates=0 inputs=50 signal=2000
2022/09/22 13:30:01 fetching corpus: 50, signal 5744/20676/25568 (executing program)
2022/09/22 13:30:01 poll: candidates=0 inputs=50 signal=2000
2022/09/22 13:30:01 fetching corpus: 100, signal 6872/22317/28537 (executing program)
2022/09/22 13:30:01 poll: candidates=0 inputs=50 signal=2000
2022/09/22 13:30:01 fetching corpus: 150, signal 7746/23198/30477 (executing program)
2022/09/22 13:30:01 poll: candidates=0 inputs=50 signal=2000
2022/09/22 13:30:01 fetching corpus: 200, signal 7829/24267/31856 (executing program)
2022/09/22 13:30:01 poll: candidates=0 inputs=50 signal=2000
2022/09/22 13:30:01 fetching corpus: 250, signal 8239/25792/33701 (executing program)
2022/09/22 13:30:01 poll: candidates=0 inputs=50 signal=2000
2022/09/22 13:30:01 fetching corpus: 300, signal 8477/26501/34649 (executing program)
2022/09/22 13:30:01 poll: candidates=0 inputs=50 signal=2000
2022/09/22 13:30:01 fetching corpus: 350, signal 8808/28045/36425 (executing program)
2022/09/22 13:30:01 poll: candidates=0 inputs=25 signal=2000
2022/09/22 13:30:01 fetching corpus: 375, signal 8822/28441/36933 (executing program)
2022/09/22 13:30:01 poll: candidates=0 inputs=0 signal=2000
2022/09/22 13:30:01 fetching corpus: 375, signal 8822/28441/37150 (executing program)
2022/09/22 13:30:01 poll: candidates=0 inputs=0 signal=2000
2022/09/22 13:30:01 fetching corpus: 375, signal 8822/28441/37380 (executing program)
2022/09/22 13:30:01 poll: candidates=0 inputs=0 signal=2000
2022/09/22 13:30:01 fetching corpus: 375, signal 8822/28441/37584 (executing program)
2022/09/22 13:30:01 poll: candidates=0 inputs=0 signal=2000
2022/09/22 13:30:01 fetching corpus: 375, signal 8822/28441/37798 (executing program)
2022/09/22 13:30:01 poll: candidates=0 inputs=0 signal=2000
2022/09/22 13:30:01 fetching corpus: 375, signal 8822/28441/38036 (executing program)
2022/09/22 13:30:01 poll: candidates=0 inputs=0 signal=2000
2022/09/22 13:30:01 fetching corpus: 375, signal 8822/28441/38237 (executing program)
2022/09/22 13:30:01 poll: candidates=0 inputs=0 signal=2000
2022/09/22 13:30:01 fetching corpus: 375, signal 8822/28441/38465 (executing program)
2022/09/22 13:30:01 poll: candidates=0 inputs=0 signal=2000
2022/09/22 13:30:01 fetching corpus: 375, signal 8822/28441/38662 (executing program)
2022/09/22 13:30:01 poll: candidates=0 inputs=0 signal=2000
2022/09/22 13:30:01 fetching corpus: 375, signal 8822/28441/38885 (executing program)
2022/09/22 13:30:01 poll: candidates=0 inputs=0 signal=2000
2022/09/22 13:30:01 fetching corpus: 375, signal 8822/28441/39101 (executing program)
2022/09/22 13:30:01 poll: candidates=0 inputs=0 signal=1974
2022/09/22 13:30:01 fetching corpus: 375, signal 8822/28441/39343 (executing program)
2022/09/22 13:30:01 poll: candidates=0 inputs=0 signal=0
2022/09/22 13:30:01 fetching corpus: 375, signal 8822/28441/39343 (executing program)
2022/09/22 13:30:01 reboot 3934, net paritition 3884, usleep 3954
2022/09/22 13:30:02 starting 1 fuzzer processes
2022/09/22 13:30:02 ----- generateCall 170 dup dup
2022/09/22 13:30:02 ----- generateCall 3986 write write
2022/09/22 13:30:02 ----- generateCall 236 fsetxattr$security_smack_transmute fsetxattr$security_smack_transmute
2022/09/22 13:30:02 ----- generateCall 215 fcntl$setstatus fcntl$setstatus
2022/09/22 13:30:02 ----- generateCall 202 fcntl$addseals fcntl$addseals
2022/09/22 13:30:02 ----- generateCall 4128 write$binfmt_aout write$binfmt_aout
2022/09/22 13:30:02 ----- generateCall 248 fstat fstat
2022/09/22 13:30:02 ----- generateCall 248 fstat fstat
2022/09/22 13:30:02 ----- generateCall 240 fsetxattr$trusted_overlay_opaque fsetxattr$trusted_overlay_opaque
2022/09/22 13:30:02 ----- generateCall 3761 stat stat
2022/09/22 13:30:02 poll: candidates=0 inputs=0 signal=0
2022/09/22 13:30:02 ----- generateCall 235 fsetxattr$security_selinux fsetxattr$security_selinux
2022/09/22 13:30:02 ----- generateCall 241 fsetxattr$trusted_overlay_origin fsetxattr$trusted_overlay_origin
2022/09/22 13:30:02 ----- generateCall 242 fsetxattr$trusted_overlay_redirect fsetxattr$trusted_overlay_redirect
2022/09/22 13:30:02 ----- generateCall 200 fcntl$F_SET_FILE_RW_HINT fcntl$F_SET_FILE_RW_HINT
2022/09/22 13:30:02 ----- generateCall 200 fcntl$F_SET_FILE_RW_HINT fcntl$F_SET_FILE_RW_HINT
2022/09/22 13:30:02 ----- generateCall 2350 lseek lseek
2022/09/22 13:30:02 map[./file0:true ./file0/../file0:true]
2022/09/22 13:30:02 #0: generated
2022/09/22 13:30:02 HasCrashFail: false, .HasNetFail: false
2022/09/22 13:30:02 triage queue length 0, smash queue length 0, corpus len: 375
2022/09/22 13:30:02 prog length: 20
13:30:02 ---executing program 0:
---
---
---
r0 = dup(0xffffffffffffffff)
write(r0, &(0x7f0000000000)="1f7328f00c91b4d7facb9674954f531be4832135338d3e9fb89c0987d7a7a640889a32504aa8da827947b9132059f31947b0de0fcc5191c660f3a5ab2441666ccfbec14db843bb7fc35ed3236936fd71f49a1ca11b8660bcc9e012e35a373dce469c6371a83f942c2ecd9db36e82ce8c2c25185461146d69d21a538465eb5b57b7c704a6959002247366a7c3119ce11bce4b", 0x92)
fsetxattr$security_smack_transmute(r0, &(0x7f00000000c0), &(0x7f0000000100), 0x4, 0x2)
r1 = dup(r0)
fcntl$setstatus(r1, 0x4, 0x0)
fcntl$addseals(r0, 0x409, 0x15)
write$binfmt_aout(0xffffffffffffffff, &(0x7f0000000140)={{0x10b, 0x3f, 0x5, 0x2c5, 0x18d, 0x7, 0x334, 0x6e3}, "44099123ed98c63421a1ccb8ecb828a93dd026a5bb41693b9aad5e1a8fbcaad040b2721511c6579cd75fd4e5da13c85e4e4e28c841444b136fa0ed147f92049e81a0a2b69ab5103f512af41cdcf05ba29dae6a93b8ab69e8ce72854f3d1190a5460a23f34d0fcfa22a7befacc780fafa2057b8ad500486ce93b11379327f776d4b6d51d4a371a69240d9bad0849eeb28bcf2c856e17863ecb08842702e4164916282d11aa0f99ddc", ['\x00', '\x00', '\x00', '\x00', '\x00', '\x00']}, 0x6c8)
fstat(r1, &(0x7f0000000840))
fstat(r1, &(0x7f00000008c0))
r2 = dup2(r0, r0)
fsetxattr$trusted_overlay_opaque(r2, &(0x7f0000000940), &(0x7f0000000980), 0x2, 0x2)
stat(&(0x7f00000009c0)='./file0\x00', &(0x7f0000000a00))
fsetxattr$security_selinux(r2, &(0x7f0000000a80), &(0x7f0000000ac0)='system_u:object_r:public_content_t:s0\x00', 0x26, 0x1)
fsetxattr$trusted_overlay_origin(0xffffffffffffffff, &(0x7f0000000b00), &(0x7f0000000b40), 0x2, 0x0)
r3 = fcntl$dupfd(0xffffffffffffffff, 0x406, r2)
fsetxattr$trusted_overlay_redirect(r3, &(0x7f0000000b80), &(0x7f0000000bc0)='./file0/../file0\x00', 0x11, 0x3)
fcntl$F_SET_FILE_RW_HINT(r0, 0x40e, &(0x7f0000000c00)=0x5)
r4 = dup(r0)
fcntl$F_SET_FILE_RW_HINT(r4, 0x40e, &(0x7f0000000c40))
lseek(r0, 0x7, 0x4)
---

end of program
2022/09/22 13:30:02 -----run executor: [/usr/bin/ssh -F /dev/null -o ConnectionAttempts=100 -o ConnectTimeout=120 -o UserKnownHostsFile=/dev/null -o BatchMode=yes -o IdentitiesOnly=yes -o StrictHostKeyChecking=no -o ConnectTimeout=100 -i /home/tlyu/dfs-fuzzing/disk-images/glusterfs-images/focal.id_rsa -v root@192.168.0.35 /syz-executor exec 0 0 glusterfs 3 4 192.168.0.35 0 "3 1" false false false false]
2022/09/22 13:30:02 -----run executor: [/usr/bin/ssh -F /dev/null -o ConnectionAttempts=100 -o ConnectTimeout=120 -o UserKnownHostsFile=/dev/null -o BatchMode=yes -o IdentitiesOnly=yes -o StrictHostKeyChecking=no -o ConnectTimeout=100 -i /home/tlyu/dfs-fuzzing/disk-images/glusterfs-images/focal.id_rsa -v root@192.168.0.36 /syz-executor exec 0 1 glusterfs 3 4 192.168.0.35 0 "3 1" false false false false]
2022/09/22 13:30:02 -----run executor: [/usr/bin/ssh -F /dev/null -o ConnectionAttempts=100 -o ConnectTimeout=120 -o UserKnownHostsFile=/dev/null -o BatchMode=yes -o IdentitiesOnly=yes -o StrictHostKeyChecking=no -o ConnectTimeout=100 -i /home/tlyu/dfs-fuzzing/disk-images/glusterfs-images/focal.id_rsa -v root@192.168.0.37 /syz-executor exec 0 2 glusterfs 3 4 192.168.0.35 0 "3 1" false false false false]
2022/09/22 13:30:02 -----run executor: [/usr/bin/ssh -F /dev/null -o ConnectionAttempts=100 -o ConnectTimeout=120 -o UserKnownHostsFile=/dev/null -o BatchMode=yes -o IdentitiesOnly=yes -o StrictHostKeyChecking=no -o ConnectTimeout=100 -i /home/tlyu/dfs-fuzzing/disk-images/glusterfs-images/focal.id_rsa -v root@192.168.0.38 /syz-executor exec 1 3 glusterfs 3 4 192.168.0.35 0 "3 1" false false false false]
OpenSSH_8.2p1 Ubuntu-4ubuntu0.4, OpenSSL 1.1.1f  31 Mar 2020
OpenSSH_8.2p1 Ubuntu-4ubuntu0.4, OpenSSL 1.1.1f  31 Mar 2020
OpenSSH_8.2p1 Ubuntu-4ubuntu0.4, OpenSSL 1.1.1f  31 Mar 2020
debug1: Reading configuration data /dev/null
debug1: Reading configuration data /dev/null
debug1: Reading configuration data /dev/null
OpenSSH_8.2p1 Ubuntu-4ubuntu0.4, OpenSSL 1.1.1f  31 Mar 2020
debug1: Reading configuration data /dev/null
debug1: Connecting to 192.168.0.36 [192.168.0.36] port 22.
debug1: Connecting to 192.168.0.37 [192.168.0.37] port 22.
debug1: Connecting to 192.168.0.35 [192.168.0.35] port 22.
debug1: Connecting to 192.168.0.38 [192.168.0.38] port 22.
debug1: fd 3 clearing O_NONBLOCK
debug1: Connection established.
debug1: fd 3 clearing O_NONBLOCK
debug1: Connection established.
debug1: fd 3 clearing O_NONBLOCK
debug1: Connection established.
debug1: identity file /home/tlyu/dfs-fuzzing/disk-images/glusterfs-images/focal.id_rsa type 0
debug1: identity file /home/tlyu/dfs-fuzzing/disk-images/glusterfs-images/focal.id_rsa-cert type -1
debug1: Local version string SSH-2.0-OpenSSH_8.2p1 Ubuntu-4ubuntu0.4
debug1: fd 3 clearing O_NONBLOCK
debug1: identity file /home/tlyu/dfs-fuzzing/disk-images/glusterfs-images/focal.id_rsa type 0
debug1: Connection established.
debug1: identity file /home/tlyu/dfs-fuzzing/disk-images/glusterfs-images/focal.id_rsa-cert type -1
debug1: identity file /home/tlyu/dfs-fuzzing/disk-images/glusterfs-images/focal.id_rsa type 0
debug1: identity file /home/tlyu/dfs-fuzzing/disk-images/glusterfs-images/focal.id_rsa-cert type -1
debug1: Local version string SSH-2.0-OpenSSH_8.2p1 Ubuntu-4ubuntu0.4
debug1: Local version string SSH-2.0-OpenSSH_8.2p1 Ubuntu-4ubuntu0.4
debug1: identity file /home/tlyu/dfs-fuzzing/disk-images/glusterfs-images/focal.id_rsa type 0
debug1: identity file /home/tlyu/dfs-fuzzing/disk-images/glusterfs-images/focal.id_rsa-cert type -1
debug1: Local version string SSH-2.0-OpenSSH_8.2p1 Ubuntu-4ubuntu0.4
debug1: Remote protocol version 2.0, remote software version OpenSSH_8.2p1 Ubuntu-4
debug1: Remote protocol version 2.0, remote software version OpenSSH_8.2p1 Ubuntu-4
debug1: match: OpenSSH_8.2p1 Ubuntu-4 pat OpenSSH* compat 0x04000000
debug1: match: OpenSSH_8.2p1 Ubuntu-4 pat OpenSSH* compat 0x04000000
debug1: Authenticating to 192.168.0.36:22 as 'root'
debug1: Authenticating to 192.168.0.38:22 as 'root'
debug1: SSH2_MSG_KEXINIT sent
debug1: SSH2_MSG_KEXINIT sent
debug1: SSH2_MSG_KEXINIT received
debug1: SSH2_MSG_KEXINIT received
debug1: kex: algorithm: curve25519-sha256
debug1: kex: algorithm: curve25519-sha256
debug1: kex: host key algorithm: ecdsa-sha2-nistp256
debug1: kex: server->client cipher: chacha20-poly1305@openssh.com MAC: <implicit> compression: none
debug1: kex: host key algorithm: ecdsa-sha2-nistp256
debug1: kex: client->server cipher: chacha20-poly1305@openssh.com MAC: <implicit> compression: none
debug1: kex: server->client cipher: chacha20-poly1305@openssh.com MAC: <implicit> compression: none
debug1: kex: client->server cipher: chacha20-poly1305@openssh.com MAC: <implicit> compression: none
debug1: expecting SSH2_MSG_KEX_ECDH_REPLY
debug1: expecting SSH2_MSG_KEX_ECDH_REPLY
debug1: Remote protocol version 2.0, remote software version OpenSSH_8.2p1 Ubuntu-4
debug1: match: OpenSSH_8.2p1 Ubuntu-4 pat OpenSSH* compat 0x04000000
debug1: Authenticating to 192.168.0.37:22 as 'root'
debug1: SSH2_MSG_KEXINIT sent
debug1: Remote protocol version 2.0, remote software version OpenSSH_8.2p1 Ubuntu-4
debug1: match: OpenSSH_8.2p1 Ubuntu-4 pat OpenSSH* compat 0x04000000
debug1: Authenticating to 192.168.0.35:22 as 'root'
debug1: SSH2_MSG_KEXINIT sent
debug1: Server host key: ecdsa-sha2-nistp256 SHA256:prHFi1G5XXPuzxIh2a5lJaY6ZWltf3+ajD/hEOIDid8
Warning: Permanently added '192.168.0.38' (ECDSA) to the list of known hosts.
debug1: Server host key: ecdsa-sha2-nistp256 SHA256:prHFi1G5XXPuzxIh2a5lJaY6ZWltf3+ajD/hEOIDid8
Warning: Permanently added '192.168.0.36' (ECDSA) to the list of known hosts.
debug1: rekey out after 134217728 blocks
debug1: SSH2_MSG_NEWKEYS sent
debug1: expecting SSH2_MSG_NEWKEYS
debug1: SSH2_MSG_NEWKEYS received
debug1: rekey in after 134217728 blocks
debug1: Will attempt key: /home/tlyu/dfs-fuzzing/disk-images/glusterfs-images/focal.id_rsa RSA SHA256:QIWS4tuunVotoxxddPCtr9GZw0tGyObh4l0/OC+LLZc explicit
debug1: SSH2_MSG_EXT_INFO received
debug1: kex_input_ext_info: server-sig-algs=<ssh-ed25519,sk-ssh-ed25519@openssh.com,ssh-rsa,rsa-sha2-256,rsa-sha2-512,ssh-dss,ecdsa-sha2-nistp256,ecdsa-sha2-nistp384,ecdsa-sha2-nistp521,sk-ecdsa-sha2-nistp256@openssh.com>
debug1: SSH2_MSG_SERVICE_ACCEPT received
debug1: rekey out after 134217728 blocks
debug1: SSH2_MSG_NEWKEYS sent
debug1: expecting SSH2_MSG_NEWKEYS
debug1: SSH2_MSG_NEWKEYS received
debug1: rekey in after 134217728 blocks
debug1: Will attempt key: /home/tlyu/dfs-fuzzing/disk-images/glusterfs-images/focal.id_rsa RSA SHA256:QIWS4tuunVotoxxddPCtr9GZw0tGyObh4l0/OC+LLZc explicit
debug1: SSH2_MSG_EXT_INFO received
debug1: kex_input_ext_info: server-sig-algs=<ssh-ed25519,sk-ssh-ed25519@openssh.com,ssh-rsa,rsa-sha2-256,rsa-sha2-512,ssh-dss,ecdsa-sha2-nistp256,ecdsa-sha2-nistp384,ecdsa-sha2-nistp521,sk-ecdsa-sha2-nistp256@openssh.com>
debug1: SSH2_MSG_KEXINIT received
debug1: kex: algorithm: curve25519-sha256
debug1: kex: host key algorithm: ecdsa-sha2-nistp256
debug1: kex: server->client cipher: chacha20-poly1305@openssh.com MAC: <implicit> compression: none
debug1: kex: client->server cipher: chacha20-poly1305@openssh.com MAC: <implicit> compression: none
debug1: SSH2_MSG_KEXINIT received
debug1: kex: algorithm: curve25519-sha256
debug1: kex: host key algorithm: ecdsa-sha2-nistp256
debug1: kex: server->client cipher: chacha20-poly1305@openssh.com MAC: <implicit> compression: none
debug1: kex: client->server cipher: chacha20-poly1305@openssh.com MAC: <implicit> compression: none
debug1: SSH2_MSG_SERVICE_ACCEPT received
debug1: expecting SSH2_MSG_KEX_ECDH_REPLY
debug1: expecting SSH2_MSG_KEX_ECDH_REPLY
debug1: Server host key: ecdsa-sha2-nistp256 SHA256:prHFi1G5XXPuzxIh2a5lJaY6ZWltf3+ajD/hEOIDid8
Warning: Permanently added '192.168.0.35' (ECDSA) to the list of known hosts.
debug1: Server host key: ecdsa-sha2-nistp256 SHA256:prHFi1G5XXPuzxIh2a5lJaY6ZWltf3+ajD/hEOIDid8
debug1: rekey out after 134217728 blocks
debug1: SSH2_MSG_NEWKEYS sent
debug1: expecting SSH2_MSG_NEWKEYS
Warning: Permanently added '192.168.0.37' (ECDSA) to the list of known hosts.
debug1: SSH2_MSG_NEWKEYS received
debug1: rekey in after 134217728 blocks
debug1: Will attempt key: /home/tlyu/dfs-fuzzing/disk-images/glusterfs-images/focal.id_rsa RSA SHA256:QIWS4tuunVotoxxddPCtr9GZw0tGyObh4l0/OC+LLZc explicit
debug1: SSH2_MSG_EXT_INFO received
debug1: kex_input_ext_info: server-sig-algs=<ssh-ed25519,sk-ssh-ed25519@openssh.com,ssh-rsa,rsa-sha2-256,rsa-sha2-512,ssh-dss,ecdsa-sha2-nistp256,ecdsa-sha2-nistp384,ecdsa-sha2-nistp521,sk-ecdsa-sha2-nistp256@openssh.com>
debug1: SSH2_MSG_SERVICE_ACCEPT received
debug1: rekey out after 134217728 blocks
debug1: SSH2_MSG_NEWKEYS sent
debug1: expecting SSH2_MSG_NEWKEYS
debug1: SSH2_MSG_NEWKEYS received
debug1: rekey in after 134217728 blocks
debug1: Will attempt key: /home/tlyu/dfs-fuzzing/disk-images/glusterfs-images/focal.id_rsa RSA SHA256:QIWS4tuunVotoxxddPCtr9GZw0tGyObh4l0/OC+LLZc explicit
debug1: SSH2_MSG_EXT_INFO received
debug1: kex_input_ext_info: server-sig-algs=<ssh-ed25519,sk-ssh-ed25519@openssh.com,ssh-rsa,rsa-sha2-256,rsa-sha2-512,ssh-dss,ecdsa-sha2-nistp256,ecdsa-sha2-nistp384,ecdsa-sha2-nistp521,sk-ecdsa-sha2-nistp256@openssh.com>
debug1: SSH2_MSG_SERVICE_ACCEPT received
debug1: Authentications that can continue: publickey,password
debug1: Next authentication method: publickey
debug1: Offering public key: /home/tlyu/dfs-fuzzing/disk-images/glusterfs-images/focal.id_rsa RSA SHA256:QIWS4tuunVotoxxddPCtr9GZw0tGyObh4l0/OC+LLZc explicit
debug1: Server accepts key: /home/tlyu/dfs-fuzzing/disk-images/glusterfs-images/focal.id_rsa RSA SHA256:QIWS4tuunVotoxxddPCtr9GZw0tGyObh4l0/OC+LLZc explicit
debug1: Authentications that can continue: publickey,password
debug1: Next authentication method: publickey
debug1: Offering public key: /home/tlyu/dfs-fuzzing/disk-images/glusterfs-images/focal.id_rsa RSA SHA256:QIWS4tuunVotoxxddPCtr9GZw0tGyObh4l0/OC+LLZc explicit
debug1: Server accepts key: /home/tlyu/dfs-fuzzing/disk-images/glusterfs-images/focal.id_rsa RSA SHA256:QIWS4tuunVotoxxddPCtr9GZw0tGyObh4l0/OC+LLZc explicit
debug1: Authentications that can continue: publickey,password
debug1: Next authentication method: publickey
debug1: Offering public key: /home/tlyu/dfs-fuzzing/disk-images/glusterfs-images/focal.id_rsa RSA SHA256:QIWS4tuunVotoxxddPCtr9GZw0tGyObh4l0/OC+LLZc explicit
debug1: Server accepts key: /home/tlyu/dfs-fuzzing/disk-images/glusterfs-images/focal.id_rsa RSA SHA256:QIWS4tuunVotoxxddPCtr9GZw0tGyObh4l0/OC+LLZc explicit
debug1: Authentications that can continue: publickey,password
debug1: Next authentication method: publickey
debug1: Offering public key: /home/tlyu/dfs-fuzzing/disk-images/glusterfs-images/focal.id_rsa RSA SHA256:QIWS4tuunVotoxxddPCtr9GZw0tGyObh4l0/OC+LLZc explicit
debug1: Server accepts key: /home/tlyu/dfs-fuzzing/disk-images/glusterfs-images/focal.id_rsa RSA SHA256:QIWS4tuunVotoxxddPCtr9GZw0tGyObh4l0/OC+LLZc explicit
debug1: Authentication succeeded (publickey).
Authenticated to 192.168.0.38 ([192.168.0.38]:22).
debug1: channel 0: new [client-session]
debug1: Requesting no-more-sessions@openssh.com
debug1: Entering interactive session.
debug1: pledge: network
debug1: Authentication succeeded (publickey).
Authenticated to 192.168.0.36 ([192.168.0.36]:22).
debug1: channel 0: new [client-session]
debug1: Requesting no-more-sessions@openssh.com
debug1: Entering interactive session.
debug1: pledge: network
debug1: Authentication succeeded (publickey).
Authenticated to 192.168.0.35 ([192.168.0.35]:22).
debug1: channel 0: new [client-session]
debug1: Requesting no-more-sessions@openssh.com
debug1: Entering interactive session.
debug1: pledge: network
debug1: Authentication succeeded (publickey).
Authenticated to 192.168.0.37 ([192.168.0.37]:22).
debug1: channel 0: new [client-session]
debug1: Requesting no-more-sessions@openssh.com
debug1: Entering interactive session.
debug1: pledge: network
debug1: client_input_global_request: rtype hostkeys-00@openssh.com want_reply 0
debug1: Remote: /root/.ssh/authorized_keys:1: key options: agent-forwarding port-forwarding pty user-rc x11-forwarding
debug1: client_input_global_request: rtype hostkeys-00@openssh.com want_reply 0
debug1: Remote: /root/.ssh/authorized_keys:1: key options: agent-forwarding port-forwarding pty user-rc x11-forwarding
debug1: client_input_global_request: rtype hostkeys-00@openssh.com want_reply 0
debug1: Remote: /root/.ssh/authorized_keys:1: key options: agent-forwarding port-forwarding pty user-rc x11-forwarding
debug1: client_input_global_request: rtype hostkeys-00@openssh.com want_reply 0
debug1: Remote: /root/.ssh/authorized_keys:1: key options: agent-forwarding port-forwarding pty user-rc x11-forwarding
debug1: Remote: /root/.ssh/authorized_keys:1: key options: agent-forwarding port-forwarding pty user-rc x11-forwarding
debug1: Remote: /root/.ssh/authorized_keys:1: key options: agent-forwarding port-forwarding pty user-rc x11-forwarding
debug1: Sending command: /syz-executor exec 0 1 glusterfs 3 4 192.168.0.35 0 "3 1" false false false false
debug1: Sending command: /syz-executor exec 1 3 glusterfs 3 4 192.168.0.35 0 "3 1" false false false false
syz_reboot() time executor starts at 1663846202:10841
----- is restarting 0
---- dfs_name glusterfs is_dfs_client 1
syz_reboot() time executor starts at 1663846202:20573
----- is restarting 0
---- dfs_name glusterfs is_dfs_client 0
debug1: Remote: /root/.ssh/authorized_keys:1: key options: agent-forwarding port-forwarding pty user-rc x11-forwarding
debug1: Sending command: /syz-executor exec 0 2 glusterfs 3 4 192.168.0.35 0 "3 1" false false false false
debug1: Remote: /root/.ssh/authorized_keys:1: key options: agent-forwarding port-forwarding pty user-rc x11-forwarding
debug1: Sending command: /syz-executor exec 0 0 glusterfs 3 4 192.168.0.35 0 "3 1" false false false false
before receiving handshake request
[    0.000000] kernel: Linux version 5.15.0+ (tlyu@IC-RS3-DPC07) (gcc (Ubuntu 9.4.0-1ubuntu1~20.04.1) 9.4.0, GNU ld (GNU Binutils for Ubuntu) 2.34) #8 SMP Fri Jun 3 16:18:40 CEST 2022
[    0.000000] kernel: Command line: root=/dev/sda console=ttyS0 net.ifnames=0 ip=192.168.0.38
[    0.000000] kernel: x86/fpu: Supporting XSAVE feature 0x001: 'x87 floating point registers'
[    0.000000] kernel: x86/fpu: Supporting XSAVE feature 0x002: 'SSE registers'
[    0.000000] kernel: x86/fpu: Supporting XSAVE feature 0x004: 'AVX registers'
[    0.000000] kernel: x86/fpu: Supporting XSAVE feature 0x008: 'MPX bounds registers'
[    0.000000] kernel: x86/fpu: Supporting XSAVE feature 0x010: 'MPX CSR'
[    0.000000] kernel: x86/fpu: Supporting XSAVE feature 0x020: 'AVX-512 opmask'
[    0.000000] kernel: x86/fpu: Supporting XSAVE feature 0x040: 'AVX-512 Hi256'
[    0.000000] kernel: x86/fpu: Supporting XSAVE feature 0x080: 'AVX-512 ZMM_Hi256'
[    0.000000] kernel: x86/fpu: Supporting XSAVE feature 0xunlink FIFO failed: No such file or directory
[    0.000000] kernel: Linux version 5.15.0+ (tlyu@IC-RS3-DPC07) (gcc (Ubuntu 9.4.0-1ubuntu1~20.04.1) 9.4.0, GNU ld (GNU Binutils for Ubuntu) 2.34) #8 SMP Fri Jun 3 16:18:40 CEST 2022
[    0.000000] kernel: Command line: root=/dev/sda console=ttyS0 net.ifnames=0 ip=192.168.0.36
[    0.000000] kernel: x86/fpu: Supporting XSAVE feature 0x001: 'x87 floating point registers'
[    0.000000] kernel: x86/fpu: Supporting XSAVE feature 0x002: 'SSE registers'
[    0.000000] kernel: x86/fpu: Supporting XSAVE feature 0x004: 'AVX registers'
[    0.000000] kernel: x86/fpu: Supporting XSAVE feature 0x008: 'MPX bounds registers'
[    0.000000] kernel: x86/fpu: Supporting XSAVE feature 0x010: 'MPX CSR'
[    0.000000] kernel: x86/fpu: Supporting XSAVE feature 0x020: 'AVX-512 opmask'
[    0.000000] kernel: x86/fpu: Supporting XSAVE feature 0x040: 'AVX-512 Hi256'
[    0.000000] kernel: x86/fpu: Supporting XSAVE feature 0x080: 'AVX-512 ZMM_Hi256'
[    0.000000] kernel: x86/fpu: Supporting XSAVE feature 0x200: 'Protection Keys User registers'
[    0.000000] kernel: x86/fpu: xstate_offset[2]:  576, xstate_sizes[2]:  256
[    0.000000] kernel: x86/fpu: xstate_offset[3]:  832, xstate_sizes[3]:   64
[    0.000000] kernel: x86/fpu: xstate_offset[4]:  896, xstate_sizes[4]:   64
[    0.000000] kernel: x86/fpu: xstate_offset[5]:  960, xstate_sizes[5]:   64
[    0.000000] kernel: x86/fpu: xstate_offset[6]: 1024, xstate_sizes[6]:  512
[    0.000000] kernel: x86/fpu: xstate_offset[7]: 1536, xstate_sizes[7]: 1024
[    0.000000] kernel: x86/fpu: xstate_offset[9]: 2560, xstate_sizes[9]:    8
[    0.000000] kernel: x86/fpu: Enabled xstate features 0x2ff, context size is 2568 bytes, using 'compacted' format.
[    0.000000] kernel: signal: max sigframe size: 3632
[    0.000000] kernel: BIOS-provided physical RAM map:
[    0.000000] kernel: BIOS-e820: [mem 0x0000000000000000-0x000000000009fbff] usable
[    0.000000] kernel: BIOS-e820: [mem 0x000000000009fc00-0x000000000009ffff] reserved
[    0.000000] k200: 'Protection Keys User registers'
[    0.000000] kernel: x86/fpu: xstate_offset[2]:  576, xstate_sizes[2]:  256
[    0.000000] kernel: x86/fpu: xstate_offset[3]:  832, xstate_sizes[3]:   64
[    0.000000] kernel: x86/fpu: xstate_offset[4]:  896, xstate_sizes[4]:   64
[    0.000000] kernel: x86/fpu: xstate_offset[5]:  960, xstate_sizes[5]:   64
[    0.000000] kernel: x86/fpu: xstate_offset[6]: 1024, xstate_sizes[6]:  512
[    0.000000] kernel: x86/fpu: xstate_offset[7]: 1536, xstate_sizes[7]: 1024
[    0.000000] kernel: x86/fpu: xstate_offset[9]: 2560, xstate_sizes[9]:    8
[    0.000000] kernel: x86/fpu: Enabled xstate features 0x2ff, context size is 2568 bytes, using 'compacted' format.
[    0.000000] kernel: signal: max sigframe size: 3632
[    0.000000] kernel: BIOS-provided physical RAM map:
[    0.000000] kernel: BIOS-e820: [mem 0x0000000000000000-0x000000000009fbff] usable
[    0.000000] kernel: BIOS-e820: [mem 0x000000000009fc00-0x000000000009ffff] reserved
[    0.000000] kernel: BIOS-e820: [mem 0x00000000000f0000-0x00000000000fffff] reserved
[    0.000000] kernel: BIOS-e820: [mem 0x0000000000100000-0x00000000bffdefff] usable
[    0.000000] kernel: BIOS-e820: [mem 0x00000000bffdf000-0x00000000bfffffff] reserved
[    0.000000] kernel: BIOS-e820: [mem 0x00000000feffc000-0x00000000feffffff] reserved
[    0.000000] kernel: BIOS-e820: [mem 0x00000000fffc0000-0x00000000ffffffff] reserved
[    0.000000] kernel: BIOS-e820: [mem 0x0000000100000000-0x00000002bfffffff] usable
[    0.000000] kernel: NX (Execute Disable) protection: active
[    0.000000] kernel: SMBIOS 2.8 present.
[    0.000000] kernel: DMI: QEMU Standard PC (i440FX + PIIX, 1996), BIOS 1.13.0-1ubuntu1.1 04/01/2014
[    0.000000] kernel: Hypervisor detected: KVM
[    0.000000] kernel: kvm-clock: Using msrs 4b564d01 and 4b564d00
[    0.000000] kernel: kvm-clock: cpu 0, msr 62b58001, primary cpu clock
[    0.000001] kernel: kvm-clock: using sched offset of 358895230 cycles
[    0.000008] kernel: clockernel: BIOS-e820: [mem 0x00000000000f0000-0x00000000000fffff] reserved
[    0.000000] kernel: BIOS-e820: [mem 0x0000000000100000-0x00000000bffdcfff] usable
[    0.000000] kernel: BIOS-e820: [mem 0x00000000bffdd000-0x00000000bfffffff] reserved
[    0.000000] kernel: BIOS-e820: [mem 0x00000000feffc000-0x00000000feffffff] reserved
[    0.000000] kernel: BIOS-e820: [mem 0x00000000fffc0000-0x00000000ffffffff] reserved
[    0.000000] kernel: BIOS-e820: [mem 0x0000000100000000-0x00000002bfffffff] usable
[    0.000000] kernel: NX (Execute Disable) protection: active
[    0.000000] kernel: SMBIOS 2.8 present.
[    0.000000] kernel: DMI: QEMU Standard PC (i440FX + PIIX, 1996), BIOS 1.13.0-1ubuntu1.1 04/01/2014
[    0.000000] kernel: Hypervisor detected: KVM
[    0.000000] kernel: kvm-clock: Using msrs 4b564d01 and 4b564d00
[    0.000000] kernel: kvm-clock: cpu 0, msr 1ca558001, primary cpu clock
[    0.000002] kernel: kvm-clock: using sched offset of 354549195 cycles
[    0.000009] kernel: clocsource: kvm-clock: mask: 0xffffffffffffffff max_cycles: 0x1cd42e4dffb, max_idle_ns: 881590591483 ns
[    0.000020] kernel: tsc: Detected 2496.000 MHz processor
[    0.004633] kernel: e820: update [mem 0x00000000-0x00000fff] usable ==> reserved
[    0.004646] kernel: e820: remove [mem 0x000a0000-0x000fffff] usable
[    0.004658] kernel: last_pfn = 0x2c0000 max_arch_pfn = 0x400000000
[    0.004711] kernel: x86/PAT: Configuration [0-7]: WB  WC  UC- UC  WB  WP  UC- WT  
[    0.004721] kernel: last_pfn = 0xbffdf max_arch_pfn = 0x400000000
[    0.011295] kernel: found SMP MP-table at [mem 0x000f5c50-0x000f5c5f]
[    0.011338] kernel: Using GB pages for direct mapping
[    0.012057] kernel: ACPI: Early table checksum verification disabled
[    0.012067] kernel: ACPI: RSDP 0x00000000000F5C10 000014 (v00 BOCHS )
[    0.012083] kernel: ACPI: RSDT 0x00000000BFFE1405 000030 (v01 BOCHS  BXPCRSDT 00000001 BXPC 00000001)
[    0.012103] kernel: ACPI: FACP 0x00000000BFFE12C9 000074 (v01 BOCHS  BXPCFACksource: kvm-clock: mask: 0xffffffffffffffff max_cycles: 0x1cd42e4dffb, max_idle_ns: 881590591483 ns
[    0.000021] kernel: tsc: Detected 2496.000 MHz processor
[    0.004553] kernel: e820: update [mem 0x00000000-0x00000fff] usable ==> reserved
[    0.004576] kernel: e820: remove [mem 0x000a0000-0x000fffff] usable
[    0.004589] kernel: last_pfn = 0x2c0000 max_arch_pfn = 0x400000000
[    0.004644] kernel: x86/PAT: Configuration [0-7]: WB  WC  UC- UC  WB  WP  UC- WT  
[    0.004655] kernel: last_pfn = 0xbffdd max_arch_pfn = 0x400000000
[    0.010415] kernel: found SMP MP-table at [mem 0x000f5c50-0x000f5c5f]
[    0.010471] kernel: Using GB pages for direct mapping
[    0.010969] kernel: ACPI: Early table checksum verification disabled
[    0.010979] kernel: ACPI: RSDP 0x00000000000F5C10 000014 (v00 BOCHS )
[    0.010996] kernel: ACPI: RSDT 0x00000000BFFE1405 000030 (v01 BOCHS  BXPCRSDT 00000001 BXPC 00000001)
[    0.011017] kernel: ACPI: FACP 0x00000000BFFE12C9 000074 (v01 BOCHS  BXPCFAP 00000001 BXPC 00000001)
[    0.012126] kernel: ACPI: DSDT 0x00000000BFFDFDC0 001509 (v01 BOCHS  BXPCDSDT 00000001 BXPC 00000001)
[    0.012143] kernel: ACPI: FACS 0x00000000BFFDFD80 000040
[    0.012157] kernel: ACPI: APIC 0x00000000BFFE133D 000090 (v01 BOCHS  BXPCAPIC 00000001 BXPC 00000001)
[    0.012175] kernel: ACPI: HPET 0x00000000BFFE13CD 000038 (v01 BOCHS  BXPCHPET 00000001 BXPC 00000001)
[    0.012191] kernel: ACPI: Reserving FACP table memory at [mem 0xbffe12c9-0xbffe133c]
[    0.012199] kernel: ACPI: Reserving DSDT table memory at [mem 0xbffdfdc0-0xbffe12c8]
[    0.012207] kernel: ACPI: Reserving FACS table memory at [mem 0xbffdfd80-0xbffdfdbf]
[    0.012214] kernel: ACPI: Reserving APIC table memory at [mem 0xbffe133d-0xbffe13cc]
[    0.012222] kernel: ACPI: Reserving HPET table memory at [mem 0xbffe13cd-0xbffe1404]
[    0.012922] kernel: No NUMA configuration found
[    0.012928] kernel: Faking a node at [mem 0x0000000000000000-0x00000002bfffffff]
[    0.012943] kernel: CP 00000001 BXPC 00000001)
[    0.011038] kernel: ACPI: DSDT 0x00000000BFFDFDC0 001509 (v01 BOCHS  BXPCDSDT 00000001 BXPC 00000001)
[    0.011055] kernel: ACPI: FACS 0x00000000BFFDFD80 000040
[    0.011068] kernel: ACPI: APIC 0x00000000BFFE133D 000090 (v01 BOCHS  BXPCAPIC 00000001 BXPC 00000001)
[    0.011086] kernel: ACPI: HPET 0x00000000BFFE13CD 000038 (v01 BOCHS  BXPCHPET 00000001 BXPC 00000001)
[    0.011102] kernel: ACPI: Reserving FACP table memory at [mem 0xbffe12c9-0xbffe133c]
[    0.011110] kernel: ACPI: Reserving DSDT table memory at [mem 0xbffdfdc0-0xbffe12c8]
[    0.011117] kernel: ACPI: Reserving FACS table memory at [mem 0xbffdfd80-0xbffdfdbf]
[    0.011125] kernel: ACPI: Reserving APIC table memory at [mem 0xbffe133d-0xbffe13cc]
[    0.011132] kernel: ACPI: Reserving HPET table memory at [mem 0xbffe13cd-0xbffe1404]
[    0.011813] kernel: No NUMA configuration found
[    0.011821] kernel: Faking a node at [mem 0x0000000000000000-0x00000002bfffffff]
[    0.011836] kernel:syz_reboot() time executor starts at 1663846202:38992
----- is restarting 0
---- dfs_name glusterfs is_dfs_client 0
NODE_DATA(0) allocated [mem 0x2bfffa000-0x2bfffdfff]
[    0.013006] kernel: Zone ranges:
[    0.013010] kernel:   DMA      [mem 0x0000000000001000-0x0000000000ffffff]
[    0.013020] kernel:   DMA32    [mem 0x0000000001000000-0x00000000ffffffff]
[    0.013029] kernel:   Normal   [mem 0x0000000100000000-0x00000002bfffffff]
[    0.013037] kernel: Movable zone start for each node
[    0.013041] kernel: Early memory node ranges
[    0.013045] kernel:   node   0: [mem 0x0000000000001000-0x000000000009efff]
[    0.013053] kernel:   node   0: [mem 0x0000000000100000-0x00000000bffdefff]
[    0.013061] kernel:   node   0: [mem 0x0000000100000000-0x00000002bfffffff]
[    0.013070] kernel: Initmem setup node 0 [mem 0x0000000000001000-0x00000002bfffffff]
[    0.013267] kernel: On node 0, zone DMA: 1 pages in unavailable ranges
[    0.013320] kernel: On node 0, zone DMA: 97 pages in unavailable ranges
[    0.059004] kernel: On node 0, zone Normal: 33 pages in unavailable ranges
[    0.305049] kerne NODE_DATA(0) allocated [mem 0x2bfffc000-0x2bfffffff]
[    0.012165] kernel: Zone ranges:
[    0.012173] kernel:   DMA      [mem 0x0000000000001000-0x0000000000ffffff]
[    0.012183] kernel:   DMA32    [mem 0x0000000001000000-0x00000000ffffffff]
[    0.012192] kernel:   Normal   [mem 0x0000000100000000-0x00000002bfffffff]
[    0.012200] kernel: Movable zone start for each node
[    0.012204] kernel: Early memory node ranges
[    0.012208] kernel:   node   0: [mem 0x0000000000001000-0x000000000009efff]
[    0.012215] kernel:   node   0: [mem 0x0000000000100000-0x00000000bffdcfff]
[    0.012223] kernel:   node   0: [mem 0x0000000100000000-0x00000002bfffffff]
[    0.012233] kernel: Initmem setup node 0 [mem 0x0000000000001000-0x00000002bfffffff]
[    0.012599] kernel: On node 0, zone DMA: 1 pages in unavailable ranges
[    0.012653] kernel: On node 0, zone DMA: 97 pages in unavailable ranges
[    0.075280] kernel: On node 0, zone Normal: 35 pages in unavailable ranges
[    0.442686] kernl: kasan: KernelAddressSanitizer initialized
[    0.305406] kernel: ACPI: PM-Timer IO Port: 0x608
[    0.305428] kernel: ACPI: LAPIC_NMI (acpi_id[0xff] dfl dfl lint[0x1])
[    0.305491] kernel: IOAPIC[0]: apic_id 0, version 17, address 0xfec00000, GSI 0-23
[    0.305504] kernel: ACPI: INT_SRC_OVR (bus 0 bus_irq 0 global_irq 2 dfl dfl)
[    0.305515] kernel: ACPI: INT_SRC_OVR (bus 0 bus_irq 5 global_irq 5 high level)
[    0.305523] kernel: ACPI: INT_SRC_OVR (bus 0 bus_irq 9 global_irq 9 high level)
[    0.305532] kernel: ACPI: INT_SRC_OVR (bus 0 bus_irq 10 global_irq 10 high level)
[    0.305540] kernel: ACPI: INT_SRC_OVR (bus 0 bus_irq 11 global_irq 11 high level)
[    0.305556] kernel: ACPI: Using ACPI (MADT) for SMP configuration information
[    0.305561] kernel: ACPI: HPET id: 0x8086a201 base: 0xfed00000
[    0.305573] kernel: TSC deadline timer available
[    0.305578] kernel: smpboot: Allowing 4 CPUs, 0 hotplug CPUs
[    0.305619] kernel: kvm-guest: KVM setup pv remote TLB flushel: kasan: KernelAddressSanitizer initialized
[    0.443010] kernel: ACPI: PM-Timer IO Port: 0x608
[    0.443029] kernel: ACPI: LAPIC_NMI (acpi_id[0xff] dfl dfl lint[0x1])
[    0.443072] kernel: IOAPIC[0]: apic_id 0, version 17, address 0xfec00000, GSI 0-23
[    0.443086] kernel: ACPI: INT_SRC_OVR (bus 0 bus_irq 0 global_irq 2 dfl dfl)
[    0.443096] kernel: ACPI: INT_SRC_OVR (bus 0 bus_irq 5 global_irq 5 high level)
[    0.443105] kernel: ACPI: INT_SRC_OVR (bus 0 bus_irq 9 global_irq 9 high level)
[    0.443114] kernel: ACPI: INT_SRC_OVR (bus 0 bus_irq 10 global_irq 10 high level)
[    0.443123] kernel: ACPI: INT_SRC_OVR (bus 0 bus_irq 11 global_irq 11 high level)
[    0.443140] kernel: ACPI: Using ACPI (MADT) for SMP configuration information
[    0.443146] kernel: ACPI: HPET id: 0x8086a201 base: 0xfed00000
[    0.443156] kernel: TSC deadline timer available
[    0.443161] kernel: smpboot: Allowing 4 CPUs, 0 hotplug CPUs
[    0.443190] kernel: kvm-guest: KVM setup pv remote TLB flus
[    0.305627] kernel: kvm-guest: setup PV sched yield
[    0.305659] kernel: PM: hibernation: Registered nosave memory: [mem 0x00000000-0x00000fff]
[    0.305668] kernel: PM: hibernation: Registered nosave memory: [mem 0x0009f000-0x0009ffff]
[    0.305675] kernel: PM: hibernation: Registered nosave memory: [mem 0x000a0000-0x000effff]
[    0.305681] kernel: PM: hibernation: Registered nosave memory: [mem 0x000f0000-0x000fffff]
[    0.305690] kernel: PM: hibernation: Registered nosave memory: [mem 0xbffdf000-0xbfffffff]
[    0.305697] kernel: PM: hibernation: Registered nosave memory: [mem 0xc0000000-0xfeffbfff]
[    0.305703] kernel: PM: hibernation: Registered nosave memory: [mem 0xfeffc000-0xfeffffff]
[    0.305709] kernel: PM: hibernation: Registered nosave memory: [mem 0xff000000-0xfffbffff]
[    0.305716] kernel: PM: hibernation: Registered nosave memory: [mem 0xfffc0000-0xffffffff]
[    0.305725] kernel: [mem 0xc0000000-0xfeffbfff] available for PCI devices
[    0.305731] kernesyz_reboot() time executor starts at 1663846202:41360
----- is restarting 0
---- dfs_name glusterfs is_dfs_client 0
h
[    0.443198] kernel: kvm-guest: setup PV sched yield
[    0.443225] kernel: PM: hibernation: Registered nosave memory: [mem 0x00000000-0x00000fff]
[    0.443235] kernel: PM: hibernation: Registered nosave memory: [mem 0x0009f000-0x0009ffff]
[    0.443242] kernel: PM: hibernation: Registered nosave memory: [mem 0x000a0000-0x000effff]
[    0.443249] kernel: PM: hibernation: Registered nosave memory: [mem 0x000f0000-0x000fffff]
[    0.443259] kernel: PM: hibernation: Registered nosave memory: [mem 0xbffdd000-0xbfffffff]
[    0.443266] kernel: PM: hibernation: Registered nosave memory: [mem 0xc0000000-0xfeffbfff]
[    0.443273] kernel: PM: hibernation: Registered nosave memory: [mem 0xfeffc000-0xfeffffff]
[    0.443280] kernel: PM: hibernation: Registered nosave memory: [mem 0xff000000-0xfffbffff]
[    0.443287] kernel: PM: hibernation: Registered nosave memory: [mem 0xfffc0000-0xffffffff]
[    0.443296] kernel: [mem 0xc0000000-0xfeffbfff] available for PCI devices
[    0.443303] kernunlink FIFO failed: No such file or directory
[    0.000000] kernel: Linux version 5.15.0+ (tlyu@IC-RS3-DPC07) (gcc (Ubuntu 9.4.0-1ubuntu1~20.04.1) 9.4.0, GNU ld (GNU Binutils for Ubuntu) 2.34) #8 SMP Fri Jun 3 16:18:40 CEST 2022
[    0.000000] kernel: Command line: root=/dev/sda console=ttyS0 net.ifnames=0 ip=192.168.0.35
[    0.000000] kernel: x86/fpu: Supporting XSAVE feature 0x001: 'x87 floating point registers'
[    0.000000] kernel: x86/fpu: Supporting XSAVE feature 0x002: 'SSE registers'
[    0.000000] kernel: x86/fpu: Supporting XSAVE feature 0x004: 'AVX registers'
[    0.000000] kernel: x86/fpu: Supporting XSAVE feature 0x008: 'MPX bounds registers'
[    0.000000] kernel: x86/fpu: Supporting XSAVE feature 0x010: 'MPX CSR'
[    0.000000] kernel: x86/fpu: Supporting XSAVE feature 0x020: 'AVX-512 opmask'
[    0.000000] kernel: x86/fpu: Supporting XSAVE feature 0x040: 'AVX-512 Hi256'
[    0.000000] kernel: x86/fpu: Supporting XSAVE feature 0x080: 'AVX-512 ZMM_Hi256'
[    0.000000] kernel: x86/fpu: Supporting XSAVE feature 0xexecutor 1 finishes userspace_cover_open
before receiving handshake request
l: Booting paravirtualized kernel on KVM
[    0.305739] kernel: clocksource: refined-jiffies: mask: 0xffffffff max_cycles: 0xffffffff, max_idle_ns: 1910969940391419 ns
[    0.316373] kernel: setup_percpu: NR_CPUS:64 nr_cpumask_bits:64 nr_cpu_ids:4 nr_node_ids:1
[    0.317141] kernel: percpu: Embedded 56 pages/cpu s191576 r8192 d29608 u524288
[    0.317174] kernel: pcpu-alloc: s191576 r8192 d29608 u524288 alloc=1*2097152
[    0.317189] kernel: pcpu-alloc: [0] 0 1 2 3 
[    0.317294] kernel: kvm-guest: setup async PF for cpu 0
[    0.317306] kernel: kvm-guest: stealtime: cpu 0, msr 26521f140
[    0.317319] kernel: Built 1 zonelists, mobility grouping on.  Total pages: 2580191
[    0.317326] kernel: Policy zone: Normal
[    0.317333] kernel: Kernel command line: root=/dev/sda console=ttyS0 net.ifnames=0 ip=192.168.0.38
[    0.322470] kernel: Dentry cache hash table entries: 2097152 (order: 12, 16777216 bytes, linear)
[    0.324900] kernel: Inode-cache hash table entries: 1048576 (order: req.flags ea3
----- executor 1 do_sandbox_none at begining
----- executor 1 do_sandbox_none before fork()
el: Booting paravirtualized kernel on KVM
[    0.443309] kernel: clocksource: refined-jiffies: mask: 0xffffffff max_cycles: 0xffffffff, max_idle_ns: 1910969940391419 ns
[    0.454709] kernel: setup_percpu: NR_CPUS:64 nr_cpumask_bits:64 nr_cpu_ids:4 nr_node_ids:1
[    0.455160] kernel: percpu: Embedded 56 pages/cpu s191576 r8192 d29608 u524288
[    0.455194] kernel: pcpu-alloc: s191576 r8192 d29608 u524288 alloc=1*2097152
[    0.455209] kernel: pcpu-alloc: [0] 0 1 2 3 
[    0.455299] kernel: kvm-guest: setup async PF for cpu 0
[    0.455310] kernel: kvm-guest: stealtime: cpu 0, msr 26521f140
[    0.455321] kernel: Built 1 zonelists, mobility grouping on.  Total pages: 2580189
[    0.455330] kernel: Policy zone: Normal
[    0.455336] kernel: Kernel command line: root=/dev/sda console=ttyS0 net.ifnames=0 ip=192.168.0.36
[    0.459000] kernel: Dentry cache hash table entries: 2097152 (order: 12, 16777216 bytes, linear)
[    0.460866] kernel: Inode-cache hash table entries: 1048576 (order:200: 'Protection Keys User registers'
[    0.000000] kernel: x86/fpu: xstate_offset[2]:  576, xstate_sizes[2]:  256
[    0.000000] kernel: x86/fpu: xstate_offset[3]:  832, xstate_sizes[3]:   64
[    0.000000] kernel: x86/fpu: xstate_offset[4]:  896, xstate_sizes[4]:   64
[    0.000000] kernel: x86/fpu: xstate_offset[5]:  960, xstate_sizes[5]:   64
[    0.000000] kernel: x86/fpu: xstate_offset[6]: 1024, xstate_sizes[6]:  512
[    0.000000] kernel: x86/fpu: xstate_offset[7]: 1536, xstate_sizes[7]: 1024
[    0.000000] kernel: x86/fpu: xstate_offset[9]: 2560, xstate_sizes[9]:    8
[    0.000000] kernel: x86/fpu: Enabled xstate features 0x2ff, context size is 2568 bytes, using 'compacted' format.
[    0.000000] kernel: signal: max sigframe size: 3632
[    0.000000] kernel: BIOS-provided physical RAM map:
[    0.000000] kernel: BIOS-e820: [mem 0x0000000000000000-0x000000000009fbff] usable
[    0.000000] kernel: BIOS-e820: [mem 0x000000000009fc00-0x000000000009ffff] reserved
[    0.000000] kspawned loop pid 312
11, 8388608 bytes, linear)
[    0.325066] kernel: mem auto-init: stack:off, heap alloc:off, heap free:off
[    0.574828] kernel: Memory: 8817868K/10485236K available (47117K kernel code, 10298K rwdata, 7204K rodata, 2068K init, 2860K bss, 1667112K reserved, 0K cma-reserved)
[    0.575026] kernel: SLUB: HWalign=64, Order=0-3, MinObjects=0, CPUs=4, Nodes=1
[    0.575647] kernel: rcu: Hierarchical RCU implementation.
[    0.575658] kernel: rcu:         RCU event tracing is enabled.
[    0.575662] kernel: rcu:         RCU restricting CPUs from NR_CPUS=64 to nr_cpu_ids=4.
[    0.575670] kernel: rcu: RCU calculated value of scheduler-enlistment delay is 100 jiffies.
[    0.575676] kernel: rcu: Adjusting geometry for rcu_fanout_leaf=16, nr_cpu_ids=4
[    0.582328] kernel: NR_IRQS: 4352, nr_irqs: 456, preallocated irqs: 16
[    0.582722] kernel: random: get_random_bytes called from start_kernel+0x22b/0x456 with crng_init=0
[    0.586806] kernel: Console: colour VGA+ 80x25
[    0.660404] kerne 11, 8388608 bytes, linear)
[    0.461014] kernel: mem auto-init: stack:off, heap alloc:off, heap free:off
[    0.676348] kernel: Memory: 8817868K/10485228K available (47117K kernel code, 10298K rwdata, 7204K rodata, 2068K init, 2860K bss, 1667104K reserved, 0K cma-reserved)
[    0.676543] kernel: SLUB: HWalign=64, Order=0-3, MinObjects=0, CPUs=4, Nodes=1
[    0.676953] kernel: rcu: Hierarchical RCU implementation.
[    0.676960] kernel: rcu:         RCU event tracing is enabled.
[    0.676965] kernel: rcu:         RCU restricting CPUs from NR_CPUS=64 to nr_cpu_ids=4.
[    0.676974] kernel: rcu: RCU calculated value of scheduler-enlistment delay is 100 jiffies.
[    0.676980] kernel: rcu: Adjusting geometry for rcu_fanout_leaf=16, nr_cpu_ids=4
[    0.683915] kernel: NR_IRQS: 4352, nr_irqs: 456, preallocated irqs: 16
[    0.684251] kernel: random: get_random_bytes called from start_kernel+0x22b/0x456 with crng_init=0
[    0.688439] kernel: Console: colour VGA+ 80x25
[    0.766769] kernernel: BIOS-e820: [mem 0x00000000000f0000-0x00000000000fffff] reserved
[    0.000000] kernel: BIOS-e820: [mem 0x0000000000100000-0x00000000bffdcfff] usable
[    0.000000] kernel: BIOS-e820: [mem 0x00000000bffdd000-0x00000000bfffffff] reserved
[    0.000000] kernel: BIOS-e820: [mem 0x00000000feffc000-0x00000000feffffff] reserved
[    0.000000] kernel: BIOS-e820: [mem 0x00000000fffc0000-0x00000000ffffffff] reserved
[    0.000000] kernel: BIOS-e820: [mem 0x0000000100000000-0x00000002bfffffff] usable
[    0.000000] kernel: NX (Execute Disable) protection: active
[    0.000000] kernel: SMBIOS 2.8 present.
[    0.000000] kernel: DMI: QEMU Standard PC (i440FX + PIIX, 1996), BIOS 1.13.0-1ubuntu1.1 04/01/2014
[    0.000000] kernel: Hypervisor detected: KVM
[    0.000000] kernel: kvm-clock: Using msrs 4b564d01 and 4b564d00
[    0.000000] kernel: kvm-clock: cpu 0, msr 2bd558001, primary cpu clock
[    0.000002] kernel: kvm-clock: using sched offset of 350039966 cycles
[    0.000010] kernel: clocl: printk: console [ttyS0] enabled
[    0.660848] kernel: ACPI: Core revision 20210730
[    0.661503] kernel: clocksource: hpet: mask: 0xffffffff max_cycles: 0xffffffff, max_idle_ns: 19112604467 ns
[    0.662444] kernel: APIC: Switch to symmetric I/O mode setup
[    0.662912] kernel: kvm-guest: setup PV IPIs
[    0.664238] kernel: ..TIMER: vector=0x30 apic1=0 pin1=2 apic2=-1 pin2=-1
[    0.664857] kernel: clocksource: tsc-early: mask: 0xffffffffffffffff max_cycles: 0x23fa772cf26, max_idle_ns: 440795269835 ns
[    0.665864] kernel: Calibrating delay loop (skipped) preset value.. 4992.00 BogoMIPS (lpj=2496000)
[    0.666857] kernel: pid_max: default: 32768 minimum: 301
[    0.667391] kernel: LSM: Security Framework initializing
[    0.667891] kernel: SELinux:  Initializing.
[    0.668863] kernel: Mount-cache hash table entries: 32768 (order: 6, 262144 bytes, linear)
[    0.669602] kernel: Mountpoint-cache hash table entries: 32768 (order: 6, 262144 bytes, linear)
[    0.671240] kernel: el: printk: console [ttyS0] enabled
[    0.767235] kernel: ACPI: Core revision 20210730
[    0.768006] kernel: clocksource: hpet: mask: 0xffffffff max_cycles: 0xffffffff, max_idle_ns: 19112604467 ns
[    0.769025] kernel: APIC: Switch to symmetric I/O mode setup
[    0.769487] kernel: kvm-guest: setup PV IPIs
[    0.770836] kernel: ..TIMER: vector=0x30 apic1=0 pin1=2 apic2=-1 pin2=-1
[    0.771493] kernel: clocksource: tsc-early: mask: 0xffffffffffffffff max_cycles: 0x23fa772cf26, max_idle_ns: 440795269835 ns
[    0.772676] kernel: Calibrating delay loop (skipped) preset value.. 4992.00 BogoMIPS (lpj=2496000)
[    0.773671] kernel: pid_max: default: 32768 minimum: 301
[    0.774773] kernel: LSM: Security Framework initializing
[    0.775358] kernel: SELinux:  Initializing.
[    0.776035] kernel: Mount-cache hash table entries: 32768 (order: 6, 262144 bytes, linear)
[    0.776683] kernel: Mountpoint-cache hash table entries: 32768 (order: 6, 262144 bytes, linear)
[    0.778296] kernel:ksource: kvm-clock: mask: 0xffffffffffffffff max_cycles: 0x1cd42e4dffb, max_idle_ns: 881590591483 ns
[    0.000022] kernel: tsc: Detected 2496.000 MHz processor
[    0.004539] kernel: e820: update [mem 0x00000000-0x00000fff] usable ==> reserved
[    0.004562] kernel: e820: remove [mem 0x000a0000-0x000fffff] usable
[    0.004576] kernel: last_pfn = 0x2c0000 max_arch_pfn = 0x400000000
[    0.004630] kernel: x86/PAT: Configuration [0-7]: WB  WC  UC- UC  WB  WP  UC- WT  
[    0.004641] kernel: last_pfn = 0xbffdd max_arch_pfn = 0x400000000
[    0.010410] kernel: found SMP MP-table at [mem 0x000f5c50-0x000f5c5f]
[    0.010470] kernel: Using GB pages for direct mapping
[    0.010966] kernel: ACPI: Early table checksum verification disabled
[    0.010975] kernel: ACPI: RSDP 0x00000000000F5C10 000014 (v00 BOCHS )
[    0.010991] kernel: ACPI: RSDT 0x00000000BFFE1405 000030 (v01 BOCHS  BXPCRSDT 00000001 BXPC 00000001)
[    0.011012] kernel: ACPI: FACP 0x00000000BFFE12C9 000074 (v01 BOCHS  BXPCFAx86/cpu: User Mode Instruction Prevention (UMIP) activated
[    0.671970] kernel: Last level iTLB entries: 4KB 0, 2MB 0, 4MB 0
[    0.672479] kernel: Last level dTLB entries: 4KB 0, 2MB 0, 4MB 0, 1GB 0
[    0.672873] kernel: Spectre V1 : Mitigation: usercopy/swapgs barriers and __user pointer sanitization
[    0.673863] kernel: Spectre V2 : Mitigation: Enhanced IBRS
[    0.674277] kernel: Spectre V2 : Spectre v2 / SpectreRSB mitigation: Filling RSB on context switch
[    0.674860] kernel: Spectre V2 : mitigation: Enabling conditional Indirect Branch Prediction Barrier
[    0.675584] kernel: Speculative Store Bypass: Mitigation: Speculative Store Bypass disabled via prctl and seccomp
[    0.696562] kernel: Freeing SMP alternatives memory: 40K
[    0.697089] kernel: smpboot: CPU0: 11th Gen Intel(R) Core(TM) i7-11700 @ 2.50GHz (family: 0x6, model: 0xa7, stepping: 0x1)
[    0.698060] kernel: Performance Events: Icelake events, 32-deep LBR, full-width counters, Intel PMU driver.
[    0.699mount of binder at /dev/binderfs failed: 19
 x86/cpu: User Mode Instruction Prevention (UMIP) activated
[    0.778770] kernel: Last level iTLB entries: 4KB 0, 2MB 0, 4MB 0
[    0.779670] kernel: Last level dTLB entries: 4KB 0, 2MB 0, 4MB 0, 1GB 0
[    0.780269] kernel: Spectre V1 : Mitigation: usercopy/swapgs barriers and __user pointer sanitization
[    0.780675] kernel: Spectre V2 : Mitigation: Enhanced IBRS
[    0.781670] kernel: Spectre V2 : Spectre v2 / SpectreRSB mitigation: Filling RSB on context switch
[    0.782675] kernel: Spectre V2 : mitigation: Enabling conditional Indirect Branch Prediction Barrier
[    0.783675] kernel: Speculative Store Bypass: Mitigation: Speculative Store Bypass disabled via prctl and seccomp
[    0.805088] kernel: Freeing SMP alternatives memory: 40K
[    0.805736] kernel: smpboot: CPU0: 11th Gen Intel(R) Core(TM) i7-11700 @ 2.50GHz (family: 0x6, model: 0xa7, stepping: 0x1)
[    0.806856] kernel: Performance Events: Icelake events, 32-deep LBR, full-width counters, Intel PMU driver.
[    0.80mkdir(/syzcgroup/unified/syz0) failed: 2
mkdir(/syzcgroup/cpu/syz0) failed: 2
mkdir(/syzcgroup/net/syz0) failed: 2
executor 1 handshake send reply badf00d 10
CP 00000001 BXPC 00000001)
[    0.011033] kernel: ACPI: DSDT 0x00000000BFFDFDC0 001509 (v01 BOCHS  BXPCDSDT 00000001 BXPC 00000001)
[    0.011051] kernel: ACPI: FACS 0x00000000BFFDFD80 000040
[    0.011064] kernel: ACPI: APIC 0x00000000BFFE133D 000090 (v01 BOCHS  BXPCAPIC 00000001 BXPC 00000001)
[    0.011082] kernel: ACPI: HPET 0x00000000BFFE13CD 000038 (v01 BOCHS  BXPCHPET 00000001 BXPC 00000001)
[    0.011098] kernel: ACPI: Reserving FACP table memory at [mem 0xbffe12c9-0xbffe133c]
[    0.011106] kernel: ACPI: Reserving DSDT table memory at [mem 0xbffdfdc0-0xbffe12c8]
[    0.011113] kernel: ACPI: Reserving FACS table memory at [mem 0xbffdfd80-0xbffdfdbf]
[    0.011129] kernel: ACPI: Reserving APIC table memory at [mem 0xbffe133d-0xbffe13cc]
[    0.011136] kernel: ACPI: Reserving HPET table memory at [mem 0xbffe13cd-0xbffe1404]
[    0.011803] kernel: No NUMA configuration found
[    0.011816] kernel: Faking a node at [mem 0x0000000000000000-0x00000002bfffffff]
[    0.011832] kernel:[    0.000000] kernel: Linux version 5.15.0+ (tlyu@IC-RS3-DPC07) (gcc (Ubuntu 9.4.0-1ubuntu1~20.04.1) 9.4.0, GNU ld (GNU Binutils for Ubuntu) 2.34) #8 SMP Fri Jun 3 16:18:40 CEST 2022
[    0.000000] kernel: Command line: root=/dev/sda console=ttyS0 net.ifnames=0 ip=192.168.0.37
[    0.000000] kernel: x86/fpu: Supporting XSAVE feature 0x001: 'x87 floating point registers'
[    0.000000] kernel: x86/fpu: Supporting XSAVE feature 0x002: 'SSE registers'
[    0.000000] kernel: x86/fpu: Supporting XSAVE feature 0x004: 'AVX registers'
[    0.000000] kernel: x86/fpu: Supporting XSAVE feature 0x008: 'MPX bounds registers'
[    0.000000] kernel: x86/fpu: Supporting XSAVE feature 0x010: 'MPX CSR'
[    0.000000] kernel: x86/fpu: Supporting XSAVE feature 0x020: 'AVX-512 opmask'
[    0.000000] kernel: x86/fpu: Supporting XSAVE feature 0x040: 'AVX-512 Hi256'
[    0.000000] kernel: x86/fpu: Supporting XSAVE feature 0x080: 'AVX-512 ZMM_Hi256'
[    0.000000] kernel: x86/fpu: Supporting XSAVE feature 0xunlink FIFO failed: No such file or directory
726] kernel: ... version:                2
[    0.699857] kernel: ... bit width:              48
[    0.700198] kernel: ... generic registers:      8
[    0.700524] kernel: ... value mask:             0000ffffffffffff
[    0.700857] kernel: ... max period:             00007fffffffffff
[    0.701279] kernel: ... fixed-purpose events:   3
[    0.701598] kernel: ... event mask:             00000007000000ff
[    0.702138] kernel: rcu: Hierarchical SRCU implementation.
[    0.703673] kernel: smp: Bringing up secondary CPUs ...
[    0.704051] kernel: x86: Booting SMP configuration:
[    0.704392] kernel: .... node  #0, CPUs:      #1
[    0.082221] kernel: kvm-clock: cpu 1, msr 62b58041, secondary cpu clock
[    0.082221] kernel: smpboot: CPU 1 Converting physical 0 to logical die 1
[    0.706902] kernel: kvm-guest: setup async PF for cpu 1
[    0.707285] kernel: kvm-guest: stealtime: cpu 1, msr 26529f140
[    0.708080] kernel:  #2
[    0.082221] kernel: kvm-clock: cpu 2, msr 62b58081, secon200: 'Protection Keys User registers'
[    0.000000] kernel: x86/fpu: xstate_offset[2]:  576, xstate_sizes[2]:  256
[    0.000000] kernel: x86/fpu: xstate_offset[3]:  832, xstate_sizes[3]:   64
[    0.000000] kernel: x86/fpu: xstate_offset[4]:  896, xstate_sizes[4]:   64
[    0.000000] kernel: x86/fpu: xstate_offset[5]:  960, xstate_sizes[5]:   64
[    0.000000] kernel: x86/fpu: xstate_offset[6]: 1024, xstate_sizes[6]:  512
[    0.000000] kernel: x86/fpu: xstate_offset[7]: 1536, xstate_sizes[7]: 1024
[    0.000000] kernel: x86/fpu: xstate_offset[9]: 2560, xstate_sizes[9]:    8
[    0.000000] kernel: x86/fpu: Enabled xstate features 0x2ff, context size is 2568 bytes, using 'compacted' format.
[    0.000000] kernel: signal: max sigframe size: 3632
[    0.000000] kernel: BIOS-provided physical RAM map:
[    0.000000] kernel: BIOS-e820: [mem 0x0000000000000000-0x000000000009fbff] usable
[    0.000000] kernel: BIOS-e820: [mem 0x000000000009fc00-0x000000000009ffff] reserved
[    0.000000] k NODE_DATA(0) allocated [mem 0x2bfffc000-0x2bfffffff]
[    0.012267] kernel: Zone ranges:
[    0.012280] kernel:   DMA      [mem 0x0000000000001000-0x0000000000ffffff]
[    0.012290] kernel:   DMA32    [mem 0x0000000001000000-0x00000000ffffffff]
[    0.012298] kernel:   Normal   [mem 0x0000000100000000-0x00000002bfffffff]
[    0.012307] kernel: Movable zone start for each node
[    0.012311] kernel: Early memory node ranges
[    0.012314] kernel:   node   0: [mem 0x0000000000001000-0x000000000009efff]
[    0.012322] kernel:   node   0: [mem 0x0000000000100000-0x00000000bffdcfff]
[    0.012330] kernel:   node   0: [mem 0x0000000100000000-0x00000002bfffffff]
[    0.012340] kernel: Initmem setup node 0 [mem 0x0000000000001000-0x00000002bfffffff]
[    0.012759] kernel: On node 0, zone DMA: 1 pages in unavailable ranges
[    0.012813] kernel: On node 0, zone DMA: 97 pages in unavailable ranges
[    0.075525] kernel: On node 0, zone Normal: 35 pages in unavailable ranges
[    0.440121] kerndary cpu clock
[    0.082221] kernel: smpboot: CPU 2 Converting physical 0 to logical die 2
[    0.709906] kernel: kvm-guest: setup async PF for cpu 2
[    0.710325] kernel: kvm-guest: stealtime: cpu 2, msr 26531f140
[    0.711086] kernel:  #3
[    0.082221] kernel: kvm-clock: cpu 3, msr 62b580c1, secondary cpu clock
[    0.082221] kernel: smpboot: CPU 3 Converting physical 0 to logical die 3
[    0.713900] kernel: kvm-guest: setup async PF for cpu 3
[    0.714292] kernel: kvm-guest: stealtime: cpu 3, msr 26539f140
[    0.714725] kernel: smp: Brought up 1 node, 4 CPUs
[    0.714863] kernel: smpboot: Max logical packages: 4
[    0.715227] kernel: smpboot: Total of 4 processors activated (19968.00 BogoMIPS)
[    0.716861] kernel: devtmpfs: initialized
[    0.721253] kernel: clocksource: jiffies: mask: 0xffffffff max_cycles: 0xffffffff, max_idle_ns: 1911260446275000 ns
[    0.721866] kernel: futex hash table entries: 1024 (order: 4, 65536 bytes, linear)
[    0.722711] kernel: PM: RTC tim7674] kernel: ... version:                2
[    0.808037] kernel: ... bit width:              48
[    0.808421] kernel: ... generic registers:      8
[    0.808671] kernel: ... value mask:             0000ffffffffffff
[    0.809170] kernel: ... max period:             00007fffffffffff
[    0.809666] kernel: ... fixed-purpose events:   3
[    0.810045] kernel: ... event mask:             00000007000000ff
[    0.810721] kernel: rcu: Hierarchical SRCU implementation.
[    0.812425] kernel: smp: Bringing up secondary CPUs ...
[    0.812854] kernel: x86: Booting SMP configuration:
[    0.813243] kernel: .... node  #0, CPUs:      #1
[    0.087500] kernel: kvm-clock: cpu 1, msr 1ca558041, secondary cpu clock
[    0.087500] kernel: smpboot: CPU 1 Converting physical 0 to logical die 1
[    0.815693] kernel: kvm-guest: setup async PF for cpu 1
[    0.816091] kernel: kvm-guest: stealtime: cpu 1, msr 26529f140
[    0.816800] kernel:  #2
[    0.087500] kernel: kvm-clock: cpu 2, msr 1ca558081, secondary cpu clock
[    0.087500] kernel: smpboot: CPU 2 Converting physical 0 to logical die 2
[    0.818692] kernel: kvm-guest: setup async PF for cpu 2
[    0.819084] kernel: kvm-guest: stealtime: cpu 2, msr 26531f140
[    0.819770] kernel:  #3
[    0.087500] kernel: kvm-clock: cpu 3, msr 1ca5580c1, secondary cpu clock
[    0.087500] kernel: smpboot: CPU 3 Converting physical 0 to logical die 3
[    0.821704] kernel: kvm-guest: setup async PF for cpu 3
[    0.822245] kernel: kvm-guest: stealtime: cpu 3, msr 26539f140
[    0.822753] kernel: smp: Brought up 1 node, 4 CPUs
[    0.823110] kernel: smpboot: Max logical packages: 4
[    0.823674] kernel: smpboot: Total of 4 processors activated (19968.00 BogoMIPS)
[    0.825053] kernel: devtmpfs: initialized
[    0.828959] kernel: clocksource: jiffies: mask: 0xffffffff max_cycles: 0xffffffff, max_idle_ns: 1911260446275000 ns
[    0.829677] kernel: futex hash table entries: 1024 (order: 4, 65536 bytes, linear)
[    0.830525] kernel: PM: RTCernel: BIOS-e820: [mem 0x00000000000f0000-0x00000000000fffff] reserved
[    0.000000] kernel: BIOS-e820: [mem 0x0000000000100000-0x00000000bffdcfff] usable
[    0.000000] kernel: BIOS-e820: [mem 0x00000000bffdd000-0x00000000bfffffff] reserved
[    0.000000] kernel: BIOS-e820: [mem 0x00000000feffc000-0x00000000feffffff] reserved
[    0.000000] kernel: BIOS-e820: [mem 0x00000000fffc0000-0x00000000ffffffff] reserved
[    0.000000] kernel: BIOS-e820: [mem 0x0000000100000000-0x00000002bfffffff] usable
[    0.000000] kernel: NX (Execute Disable) protection: active
[    0.000000] kernel: SMBIOS 2.8 present.
[    0.000000] kernel: DMI: QEMU Standard PC (i440FX + PIIX, 1996), BIOS 1.13.0-1ubuntu1.1 04/01/2014
[    0.000000] kernel: Hypervisor detected: KVM
[    0.000000] kernel: kvm-clock: Using msrs 4b564d01 and 4b564d00
[    0.000000] kernel: kvm-clock: cpu 0, msr 7e158001, primary cpu clock
[    0.000002] kernel: kvm-clock: using sched offset of 356940800 cycles
[    0.000010] kernel: clockel: kasan: KernelAddressSanitizer initialized
[    0.440456] kernel: ACPI: PM-Timer IO Port: 0x608
[    0.440478] kernel: ACPI: LAPIC_NMI (acpi_id[0xff] dfl dfl lint[0x1])
[    0.440529] kernel: IOAPIC[0]: apic_id 0, version 17, address 0xfec00000, GSI 0-23
[    0.440543] kernel: ACPI: INT_SRC_OVR (bus 0 bus_irq 0 global_irq 2 dfl dfl)
[    0.440553] kernel: ACPI: INT_SRC_OVR (bus 0 bus_irq 5 global_irq 5 high level)
[    0.440563] kernel: ACPI: INT_SRC_OVR (bus 0 bus_irq 9 global_irq 9 high level)
[    0.440572] kernel: ACPI: INT_SRC_OVR (bus 0 bus_irq 10 global_irq 10 high level)
[    0.440581] kernel: ACPI: INT_SRC_OVR (bus 0 bus_irq 11 global_irq 11 high level)
[    0.440598] kernel: ACPI: Using ACPI (MADT) for SMP configuration information
[    0.440604] kernel: ACPI: HPET id: 0x8086a201 base: 0xfed00000
[    0.440616] kernel: TSC deadline timer available
[    0.440621] kernel: smpboot: Allowing 4 CPUs, 0 hotplug CPUs
[    0.440651] kernel: kvm-guest: KVM setup pv remote TLB flusexecutor 0 finishes userspace_cover_open
before receiving handshake request
e: 11:29:50, date: 2022-09-22
[    0.723262] kernel: NET: Registered PF_NETLINK/PF_ROUTE protocol family
[    0.724260] kernel: audit: initializing netlink subsys (disabled)
[    0.724767] kernel: audit: type=2000 audit(1663846190.948:1): state=initialized audit_enabled=0 res=1
[    0.725254] kernel: thermal_sys: Registered thermal governor 'step_wise'
[    0.725693] kernel: thermal_sys: Registered thermal governor 'user_space'
[    0.725926] kernel: cpuidle: using governor menu
[    0.727013] kernel: ACPI: bus type PCI registered
[    0.727636] kernel: PCI: Using configuration type 1 for base access
[    0.742368] kernel: Kprobes globally optimized
[    0.742978] kernel: HugeTLB registered 2.00 MiB page size, pre-allocated 0 pages
[    0.743539] kernel: cryptomgr_test (36) used greatest stack depth: 30608 bytes left
[    0.744984] kernel: ACPI: Added _OSI(Module Device)
[    0.745861] kernel: ACPI: Added _OSI(Processor Device)
[    0.746230] kernel: ACPI: Added _OSI(3.0 _SCP Extensio time: 11:29:51, date: 2022-09-22
[    0.831004] kernel: NET: Registered PF_NETLINK/PF_ROUTE protocol family
[    0.832065] kernel: audit: initializing netlink subsys (disabled)
[    0.832595] kernel: audit: type=2000 audit(1663846191.219:1): state=initialized audit_enabled=0 res=1
[    0.833090] kernel: thermal_sys: Registered thermal governor 'step_wise'
[    0.833433] kernel: thermal_sys: Registered thermal governor 'user_space'
[    0.833726] kernel: cpuidle: using governor menu
[    0.834862] kernel: ACPI: bus type PCI registered
[    0.835496] kernel: PCI: Using configuration type 1 for base access
[    0.852918] kernel: Kprobes globally optimized
[    0.853704] kernel: HugeTLB registered 2.00 MiB page size, pre-allocated 0 pages
[    0.854602] kernel: cryptomgr_test (36) used greatest stack depth: 30608 bytes left
[    0.856772] kernel: ACPI: Added _OSI(Module Device)
[    0.857257] kernel: ACPI: Added _OSI(Processor Device)
[    0.857675] kernel: ACPI: Added _OSI(3.0 _SCP Extesource: kvm-clock: mask: 0xffffffffffffffff max_cycles: 0x1cd42e4dffb, max_idle_ns: 881590591483 ns
[    0.000022] kernel: tsc: Detected 2496.000 MHz processor
[    0.004576] kernel: e820: update [mem 0x00000000-0x00000fff] usable ==> reserved
[    0.004598] kernel: e820: remove [mem 0x000a0000-0x000fffff] usable
[    0.004612] kernel: last_pfn = 0x2c0000 max_arch_pfn = 0x400000000
[    0.004672] kernel: x86/PAT: Configuration [0-7]: WB  WC  UC- UC  WB  WP  UC- WT  
[    0.004683] kernel: last_pfn = 0xbffdd max_arch_pfn = 0x400000000
[    0.010439] kernel: found SMP MP-table at [mem 0x000f5c50-0x000f5c5f]
[    0.010500] kernel: Using GB pages for direct mapping
[    0.011269] kernel: ACPI: Early table checksum verification disabled
[    0.011280] kernel: ACPI: RSDP 0x00000000000F5C10 000014 (v00 BOCHS )
[    0.011297] kernel: ACPI: RSDT 0x00000000BFFE1405 000030 (v01 BOCHS  BXPCRSDT 00000001 BXPC 00000001)
[    0.011317] kernel: ACPI: FACP 0x00000000BFFE12C9 000074 (v01 BOCHS  BXPCFACh
[    0.440659] kernel: kvm-guest: setup PV sched yield
[    0.440692] kernel: PM: hibernation: Registered nosave memory: [mem 0x00000000-0x00000fff]
[    0.440702] kernel: PM: hibernation: Registered nosave memory: [mem 0x0009f000-0x0009ffff]
[    0.440710] kernel: PM: hibernation: Registered nosave memory: [mem 0x000a0000-0x000effff]
[    0.440716] kernel: PM: hibernation: Registered nosave memory: [mem 0x000f0000-0x000fffff]
[    0.440727] kernel: PM: hibernation: Registered nosave memory: [mem 0xbffdd000-0xbfffffff]
[    0.440734] kernel: PM: hibernation: Registered nosave memory: [mem 0xc0000000-0xfeffbfff]
[    0.440741] kernel: PM: hibernation: Registered nosave memory: [mem 0xfeffc000-0xfeffffff]
[    0.440748] kernel: PM: hibernation: Registered nosave memory: [mem 0xff000000-0xfffbffff]
[    0.440754] kernel: PM: hibernation: Registered nosave memory: [mem 0xfffc0000-0xffffffff]
[    0.440763] kernel: [mem 0xc0000000-0xfeffbfff] available for PCI devices
[    0.440770] kernns)
[    0.746618] kernel: ACPI: Added _OSI(Processor Aggregator Device)
[    0.746862] kernel: ACPI: Added _OSI(Linux-Dell-Video)
[    0.747240] kernel: ACPI: Added _OSI(Linux-Lenovo-NV-HDMI-Audio)
[    0.747682] kernel: ACPI: Added _OSI(Linux-HPI-Hybrid-Graphics)
[    0.759110] kernel: ACPI: 1 ACPI AML tables successfully acquired and loaded
[    0.762973] kernel: ACPI: Interpreter enabled
[    0.763367] kernel: ACPI: PM: (supports S0 S3 S4 S5)
[    0.763727] kernel: ACPI: Using IOAPIC for interrupt routing
[    0.763911] kernel: PCI: Using host bridge windows from ACPI; if necessary, use "pci=nocrs" and report a bug
[    0.765516] kernel: ACPI: Enabled 2 GPEs in block 00 to 0F
[    0.791591] kernel: ACPI: PCI Root Bridge [PCI0] (domain 0000 [bus 00-ff])
[    0.791877] kernel: acpi PNP0A03:00: _OSC: OS supports [ASPM ClockPM Segments MSI HPX-Type3]
[    0.792605] kernel: acpi PNP0A03:00: fail to add MMCONFIG information, can't access extended PCI configuration space under this bridgnsions)
[    0.858205] kernel: ACPI: Added _OSI(Processor Aggregator Device)
[    0.858677] kernel: ACPI: Added _OSI(Linux-Dell-Video)
[    0.859070] kernel: ACPI: Added _OSI(Linux-Lenovo-NV-HDMI-Audio)
[    0.859565] kernel: ACPI: Added _OSI(Linux-HPI-Hybrid-Graphics)
[    0.873578] kernel: ACPI: 1 ACPI AML tables successfully acquired and loaded
[    0.877100] kernel: ACPI: Interpreter enabled
[    0.877544] kernel: ACPI: PM: (supports S0 S3 S4 S5)
[    0.877675] kernel: ACPI: Using IOAPIC for interrupt routing
[    0.878337] kernel: PCI: Using host bridge windows from ACPI; if necessary, use "pci=nocrs" and report a bug
[    0.879627] kernel: ACPI: Enabled 2 GPEs in block 00 to 0F
[    0.908749] kernel: ACPI: PCI Root Bridge [PCI0] (domain 0000 [bus 00-ff])
[    0.909307] kernel: acpi PNP0A03:00: _OSC: OS supports [ASPM ClockPM Segments MSI HPX-Type3]
[    0.909765] kernel: acpi PNP0A03:00: fail to add MMCONFIG information, can't access extended PCI configuration space under this bP 00000001 BXPC 00000001)
[    0.011340] kernel: ACPI: DSDT 0x00000000BFFDFDC0 001509 (v01 BOCHS  BXPCDSDT 00000001 BXPC 00000001)
[    0.011357] kernel: ACPI: FACS 0x00000000BFFDFD80 000040
[    0.011370] kernel: ACPI: APIC 0x00000000BFFE133D 000090 (v01 BOCHS  BXPCAPIC 00000001 BXPC 00000001)
[    0.011387] kernel: ACPI: HPET 0x00000000BFFE13CD 000038 (v01 BOCHS  BXPCHPET 00000001 BXPC 00000001)
[    0.011403] kernel: ACPI: Reserving FACP table memory at [mem 0xbffe12c9-0xbffe133c]
[    0.011412] kernel: ACPI: Reserving DSDT table memory at [mem 0xbffdfdc0-0xbffe12c8]
[    0.011419] kernel: ACPI: Reserving FACS table memory at [mem 0xbffdfd80-0xbffdfdbf]
[    0.011426] kernel: ACPI: Reserving APIC table memory at [mem 0xbffe133d-0xbffe13cc]
[    0.011434] kernel: ACPI: Reserving HPET table memory at [mem 0xbffe13cd-0xbffe1404]
[    0.012099] kernel: No NUMA configuration found
[    0.012108] kernel: Faking a node at [mem 0x0000000000000000-0x00000002bfffffff]
[    0.012122] kernel: el: Booting paravirtualized kernel on KVM
[    0.440779] kernel: clocksource: refined-jiffies: mask: 0xffffffff max_cycles: 0xffffffff, max_idle_ns: 1910969940391419 ns
[    0.452146] kernel: setup_percpu: NR_CPUS:64 nr_cpumask_bits:64 nr_cpu_ids:4 nr_node_ids:1
[    0.452505] kernel: percpu: Embedded 56 pages/cpu s191576 r8192 d29608 u524288
[    0.452536] kernel: pcpu-alloc: s191576 r8192 d29608 u524288 alloc=1*2097152
[    0.452549] kernel: pcpu-alloc: [0] 0 1 2 3 
[    0.452636] kernel: kvm-guest: setup async PF for cpu 0
[    0.452647] kernel: kvm-guest: stealtime: cpu 0, msr 26041f140
[    0.452657] kernel: Built 1 zonelists, mobility grouping on.  Total pages: 2580189
[    0.452665] kernel: Policy zone: Normal
[    0.452671] kernel: Kernel command line: root=/dev/sda console=ttyS0 net.ifnames=0 ip=192.168.0.35
[    0.455193] kernel: Dentry cache hash table entries: 2097152 (order: 12, 16777216 bytes, linear)
[    0.456918] kernel: Inode-cache hash table entries: 1048576 (order:e.
[    0.793113] kernel: PCI host bridge to bus 0000:00
[    0.793459] kernel: pci_bus 0000:00: root bus resource [io  0x0000-0x0cf7 window]
[    0.793861] kernel: pci_bus 0000:00: root bus resource [io  0x0d00-0xffff window]
[    0.794421] kernel: pci_bus 0000:00: root bus resource [mem 0x000a0000-0x000bffff window]
[    0.794860] kernel: pci_bus 0000:00: root bus resource [mem 0xc0000000-0xfebfffff window]
[    0.795478] kernel: pci_bus 0000:00: root bus resource [mem 0x2c0000000-0x33fffffff window]
[    0.795861] kernel: pci_bus 0000:00: root bus resource [bus 00-ff]
[    0.797533] kernel: pci 0000:00:00.0: [8086:1237] type 00 class 0x060000
[    0.799823] kernel: pci 0000:00:01.0: [8086:7000] type 00 class 0x060100
[    0.801340] kernel: pci 0000:00:01.1: [8086:7010] type 00 class 0x010180
[    0.803477] kernel: pci 0000:00:01.1: reg 0x20: [io  0xc040-0xc04f]
[    0.804568] kernel: pci 0000:00:01.1: legacy IDE quirk: reg 0x10: [io  0x01f0-0x01f7]
[    0.804859] kernel: pci 0000:0ridge.
[    0.910932] kernel: PCI host bridge to bus 0000:00
[    0.911302] kernel: pci_bus 0000:00: root bus resource [io  0x0000-0x0cf7 window]
[    0.911677] kernel: pci_bus 0000:00: root bus resource [io  0x0d00-0xffff window]
[    0.912314] kernel: pci_bus 0000:00: root bus resource [mem 0x000a0000-0x000bffff window]
[    0.912676] kernel: pci_bus 0000:00: root bus resource [mem 0xc0000000-0xfebfffff window]
[    0.913421] kernel: pci_bus 0000:00: root bus resource [mem 0x2c0000000-0x33fffffff window]
[    0.913675] kernel: pci_bus 0000:00: root bus resource [bus 00-ff]
[    0.915440] kernel: pci 0000:00:00.0: [8086:1237] type 00 class 0x060000
[    0.917598] kernel: pci 0000:00:01.0: [8086:7000] type 00 class 0x060100
[    0.919822] kernel: pci 0000:00:01.1: [8086:7010] type 00 class 0x010180
[    0.922537] kernel: pci 0000:00:01.1: reg 0x20: [io  0xc0c0-0xc0cf]
[    0.923315] kernel: pci 0000:00:01.1: legacy IDE quirk: reg 0x10: [io  0x01f0-0x01f7]
[    0.923675] kernel: pci 00NODE_DATA(0) allocated [mem 0x2bfffa000-0x2bfffdfff]
[    0.012189] kernel: Zone ranges:
[    0.012193] kernel:   DMA      [mem 0x0000000000001000-0x0000000000ffffff]
[    0.012202] kernel:   DMA32    [mem 0x0000000001000000-0x00000000ffffffff]
[    0.012211] kernel:   Normal   [mem 0x0000000100000000-0x00000002bfffffff]
[    0.012219] kernel: Movable zone start for each node
[    0.012223] kernel: Early memory node ranges
[    0.012227] kernel:   node   0: [mem 0x0000000000001000-0x000000000009efff]
[    0.012235] kernel:   node   0: [mem 0x0000000000100000-0x00000000bffdcfff]
[    0.012242] kernel:   node   0: [mem 0x0000000100000000-0x00000002bfffffff]
[    0.012252] kernel: Initmem setup node 0 [mem 0x0000000000001000-0x00000002bfffffff]
[    0.012560] kernel: On node 0, zone DMA: 1 pages in unavailable ranges
[    0.012617] kernel: On node 0, zone DMA: 97 pages in unavailable ranges
[    0.073756] kernel: On node 0, zone Normal: 35 pages in unavailable ranges
[    0.443118] kerne 11, 8388608 bytes, linear)
[    0.457079] kernel: mem auto-init: stack:off, heap alloc:off, heap free:off
[    0.672015] kernel: Memory: 8817864K/10485228K available (47117K kernel code, 10298K rwdata, 7204K rodata, 2068K init, 2860K bss, 1667108K reserved, 0K cma-reserved)
[    0.672213] kernel: SLUB: HWalign=64, Order=0-3, MinObjects=0, CPUs=4, Nodes=1
[    0.672718] kernel: rcu: Hierarchical RCU implementation.
[    0.672725] kernel: rcu:         RCU event tracing is enabled.
[    0.672730] kernel: rcu:         RCU restricting CPUs from NR_CPUS=64 to nr_cpu_ids=4.
[    0.672738] kernel: rcu: RCU calculated value of scheduler-enlistment delay is 100 jiffies.
[    0.672745] kernel: rcu: Adjusting geometry for rcu_fanout_leaf=16, nr_cpu_ids=4
[    0.679616] kernel: NR_IRQS: 4352, nr_irqs: 456, preallocated irqs: 16
[    0.679953] kernel: random: get_random_bytes called from start_kernel+0x22b/0x456 with crng_init=0
[    0.684142] kernel: Console: colour VGA+ 80x25
[    0.758231] kern0:01.1: legacy IDE quirk: reg 0x14: [io  0x03f6]
[    0.805417] kernel: pci 0000:00:01.1: legacy IDE quirk: reg 0x18: [io  0x0170-0x0177]
[    0.805859] kernel: pci 0000:00:01.1: legacy IDE quirk: reg 0x1c: [io  0x0376]
[    0.808442] kernel: pci 0000:00:01.3: [8086:7113] type 00 class 0x068000
[    0.809193] kernel: pci 0000:00:01.3: quirk: [io  0x0600-0x063f] claimed by PIIX4 ACPI
[    0.809804] kernel: pci 0000:00:01.3: quirk: [io  0x0700-0x070f] claimed by PIIX4 SMB
[    0.811652] kernel: pci 0000:00:02.0: [1234:1111] type 00 class 0x030000
[    0.812688] kernel: pci 0000:00:02.0: reg 0x10: [mem 0xfd000000-0xfdffffff pref]
[    0.813864] kernel: pci 0000:00:02.0: reg 0x18: [mem 0xfeb90000-0xfeb90fff]
[    0.816864] kernel: pci 0000:00:02.0: reg 0x30: [mem 0xfeb80000-0xfeb8ffff pref]
[    0.819344] kernel: pci 0000:00:03.0: [1af4:1005] type 00 class 0x00ff00
[    0.820297] kernel: pci 0000:00:03.0: reg 0x10: [io  0xc000-0xc01f]
[    0.822169] kernel: pci 0000:00:03.0: reg 0x20: [me00:00:01.1: legacy IDE quirk: reg 0x14: [io  0x03f6]
[    0.924281] kernel: pci 0000:00:01.1: legacy IDE quirk: reg 0x18: [io  0x0170-0x0177]
[    0.924673] kernel: pci 0000:00:01.1: legacy IDE quirk: reg 0x1c: [io  0x0376]
[    0.927303] kernel: pci 0000:00:01.3: [8086:7113] type 00 class 0x068000
[    0.928022] kernel: pci 0000:00:01.3: quirk: [io  0x0600-0x063f] claimed by PIIX4 ACPI
[    0.928680] kernel: pci 0000:00:01.3: quirk: [io  0x0700-0x070f] claimed by PIIX4 SMB
[    0.931408] kernel: pci 0000:00:02.0: [1234:1111] type 00 class 0x030000
[    0.932534] kernel: pci 0000:00:02.0: reg 0x10: [mem 0xfd000000-0xfdffffff pref]
[    0.934062] kernel: pci 0000:00:02.0: reg 0x18: [mem 0xfeb90000-0xfeb90fff]
[    0.937139] kernel: pci 0000:00:02.0: reg 0x30: [mem 0xfeb80000-0xfeb8ffff pref]
[    0.939576] kernel: pci 0000:00:03.0: [1af4:1005] type 00 class 0x00ff00
[    0.940264] kernel: pci 0000:00:03.0: reg 0x10: [io  0xc080-0xc09f]
[    0.942383] kernel: pci 0000:00:03.0: reg 0x20:el: printk: console [ttyS0] enabled
[    0.758785] kernel: ACPI: Core revision 20210730
[    0.759502] kernel: clocksource: hpet: mask: 0xffffffff max_cycles: 0xffffffff, max_idle_ns: 19112604467 ns
[    0.760425] kernel: APIC: Switch to symmetric I/O mode setup
[    0.760959] kernel: kvm-guest: setup PV IPIs
[    0.762421] kernel: ..TIMER: vector=0x30 apic1=0 pin1=2 apic2=-1 pin2=-1
[    0.763202] kernel: clocksource: tsc-early: mask: 0xffffffffffffffff max_cycles: 0x23fa772cf26, max_idle_ns: 440795269835 ns
[    0.764340] kernel: Calibrating delay loop (skipped) preset value.. 4992.00 BogoMIPS (lpj=2496000)
[    0.765336] kernel: pid_max: default: 32768 minimum: 301
[    0.766406] kernel: LSM: Security Framework initializing
[    0.766866] kernel: SELinux:  Initializing.
[    0.767658] kernel: Mount-cache hash table entries: 32768 (order: 6, 262144 bytes, linear)
[    0.768349] kernel: Mountpoint-cache hash table entries: 32768 (order: 6, 262144 bytes, linear)
[    0.770083] kernel:l: kasan: KernelAddressSanitizer initialized
[    0.443441] kernel: ACPI: PM-Timer IO Port: 0x608
[    0.443460] kernel: ACPI: LAPIC_NMI (acpi_id[0xff] dfl dfl lint[0x1])
[    0.443499] kernel: IOAPIC[0]: apic_id 0, version 17, address 0xfec00000, GSI 0-23
[    0.443513] kernel: ACPI: INT_SRC_OVR (bus 0 bus_irq 0 global_irq 2 dfl dfl)
[    0.443523] kernel: ACPI: INT_SRC_OVR (bus 0 bus_irq 5 global_irq 5 high level)
[    0.443532] kernel: ACPI: INT_SRC_OVR (bus 0 bus_irq 9 global_irq 9 high level)
[    0.443541] kernel: ACPI: INT_SRC_OVR (bus 0 bus_irq 10 global_irq 10 high level)
[    0.443551] kernel: ACPI: INT_SRC_OVR (bus 0 bus_irq 11 global_irq 11 high level)
[    0.443567] kernel: ACPI: Using ACPI (MADT) for SMP configuration information
[    0.443573] kernel: ACPI: HPET id: 0x8086a201 base: 0xfed00000
[    0.443584] kernel: TSC deadline timer available
[    0.443589] kernel: smpboot: Allowing 4 CPUs, 0 hotplug CPUs
[    0.443617] kernel: kvm-guest: KVM setup pv remote TLB flushexecutor 2 finishes userspace_cover_open
before receiving handshake request
req.flags ea3
----- executor 2 do_sandbox_none at begining
----- executor 2 do_sandbox_none before fork()
m 0xfe200000-0xfe203fff 64bit pref]
[    0.825274] kernel: pci 0000:00:04.0: [1af4:1000] type 00 class 0x020000
[    0.826600] kernel: pci 0000:00:04.0: reg 0x10: [io  0xc020-0xc03f]
[    0.827380] kernel: pci 0000:00:04.0: reg 0x14: [mem 0xfeb91000-0xfeb91fff]
[    0.829337] kernel: pci 0000:00:04.0: reg 0x20: [mem 0xfe204000-0xfe207fff 64bit pref]
[    0.830555] kernel: pci 0000:00:04.0: reg 0x30: [mem 0xfeb00000-0xfeb7ffff pref]
[    0.833011] kernel: pci 0000:00:10.0: [1af4:1110] type 00 class 0x050000
[    0.834252] kernel: pci 0000:00:10.0: reg 0x10: [mem 0xfeb92000-0xfeb920ff]
[    0.836119] kernel: pci 0000:00:10.0: reg 0x18: [mem 0xfe000000-0xfe0fffff 64bit pref]
[    0.839862] kernel: pci 0000:00:11.0: [1af4:1110] type 00 class 0x050000
[    0.840863] kernel: pci 0000:00:11.0: reg 0x10: [mem 0xfeb93000-0xfeb930ff]
[    0.842355] kernel: pci 0000:00:11.0: reg 0x18: [mem 0xfe100000-0xfe1fffff 64bit pref]
[    0.848307] kernel: ACPI: PCI: Interrupt link LNKA configured for IRQ  [mem 0xfe200000-0xfe203fff 64bit pref]
[    0.945497] kernel: pci 0000:00:04.0: [1af4:1000] type 00 class 0x020000
[    0.946967] kernel: pci 0000:00:04.0: reg 0x10: [io  0xc0a0-0xc0bf]
[    0.947957] kernel: pci 0000:00:04.0: reg 0x14: [mem 0xfeb91000-0xfeb91fff]
[    0.949992] kernel: pci 0000:00:04.0: reg 0x20: [mem 0xfe204000-0xfe207fff 64bit pref]
[    0.951255] kernel: pci 0000:00:04.0: reg 0x30: [mem 0xfeb00000-0xfeb7ffff pref]
[    0.953859] kernel: pci 0000:00:05.0: [1af4:1001] type 00 class 0x010000
[    0.955199] kernel: pci 0000:00:05.0: reg 0x10: [io  0xc000-0xc07f]
[    0.956291] kernel: pci 0000:00:05.0: reg 0x14: [mem 0xfeb92000-0xfeb92fff]
[    0.958273] kernel: pci 0000:00:05.0: reg 0x20: [mem 0xfe208000-0xfe20bfff 64bit pref]
[    0.961387] kernel: pci 0000:00:10.0: [1af4:1110] type 00 class 0x050000
[    0.962247] kernel: pci 0000:00:10.0: reg 0x10: [mem 0xfeb93000-0xfeb930ff]
[    0.963677] kernel: pci 0000:00:10.0: reg 0x18: [mem 0xfe000000-0xfe0fffff 64bit prefspawned loop pid 313

[    0.443626] kernel: kvm-guest: setup PV sched yield
[    0.443655] kernel: PM: hibernation: Registered nosave memory: [mem 0x00000000-0x00000fff]
[    0.443666] kernel: PM: hibernation: Registered nosave memory: [mem 0x0009f000-0x0009ffff]
[    0.443673] kernel: PM: hibernation: Registered nosave memory: [mem 0x000a0000-0x000effff]
[    0.443680] kernel: PM: hibernation: Registered nosave memory: [mem 0x000f0000-0x000fffff]
[    0.443690] kernel: PM: hibernation: Registered nosave memory: [mem 0xbffdd000-0xbfffffff]
[    0.443697] kernel: PM: hibernation: Registered nosave memory: [mem 0xc0000000-0xfeffbfff]
[    0.443704] kernel: PM: hibernation: Registered nosave memory: [mem 0xfeffc000-0xfeffffff]
[    0.443711] kernel: PM: hibernation: Registered nosave memory: [mem 0xff000000-0xfffbffff]
[    0.443718] kernel: PM: hibernation: Registered nosave memory: [mem 0xfffc0000-0xffffffff]
[    0.443727] kernel: [mem 0xc0000000-0xfeffbfff] available for PCI devices
[    0.443734] kerne x86/cpu: User Mode Instruction Prevention (UMIP) activated
[    0.770467] kernel: Last level iTLB entries: 4KB 0, 2MB 0, 4MB 0
[    0.771336] kernel: Last level dTLB entries: 4KB 0, 2MB 0, 4MB 0, 1GB 0
[    0.772345] kernel: Spectre V1 : Mitigation: usercopy/swapgs barriers and __user pointer sanitization
[    0.773177] kernel: Spectre V2 : Mitigation: Enhanced IBRS
[    0.773336] kernel: Spectre V2 : Spectre v2 / SpectreRSB mitigation: Filling RSB on context switch
[    0.774342] kernel: Spectre V2 : mitigation: Enabling conditional Indirect Branch Prediction Barrier
[    0.775157] kernel: Speculative Store Bypass: Mitigation: Speculative Store Bypass disabled via prctl and seccomp
[    0.795582] kernel: Freeing SMP alternatives memory: 40K
[    0.796219] kernel: smpboot: CPU0: 11th Gen Intel(R) Core(TM) i7-11700 @ 2.50GHz (family: 0x6, model: 0xa7, stepping: 0x1)
[    0.796517] kernel: Performance Events: Icelake events, 32-deep LBR, full-width counters, Intel PMU driver.
[    0.7910
[    0.849586] kernel: ACPI: PCI: Interrupt link LNKB configured for IRQ 10
[    0.850603] kernel: ACPI: PCI: Interrupt link LNKC configured for IRQ 11
[    0.851616] kernel: ACPI: PCI: Interrupt link LNKD configured for IRQ 11
[    0.852178] kernel: ACPI: PCI: Interrupt link LNKS configured for IRQ 9
[    0.854913] kernel: iommu: Default domain type: Translated 
[    0.855387] kernel: iommu: DMA domain TLB invalidation policy: lazy mode 
[    0.855919] kernel: pci 0000:00:02.0: vgaarb: setting as boot VGA device
[    0.856444] kernel: pci 0000:00:02.0: vgaarb: VGA device added: decodes=io+mem,owns=io+mem,locks=none
[    0.856862] kernel: pci 0000:00:02.0: vgaarb: bridge control possible
[    0.857391] kernel: vgaarb: loaded
[    0.857992] kernel: SCSI subsystem initialized
[    0.858619] kernel: libata version 3.00 loaded.
[    0.858619] kernel: ACPI: bus type USB registered
[    0.859324] kernel: usbcore: registered new interface driver usbfs
[    0.859879] kernel: usbcore: regis]
[    0.968208] kernel: pci 0000:00:11.0: [1af4:1110] type 00 class 0x050000
[    0.969359] kernel: pci 0000:00:11.0: reg 0x10: [mem 0xfeb94000-0xfeb940ff]
[    0.970671] kernel: pci 0000:00:11.0: reg 0x18: [mem 0xfe100000-0xfe1fffff 64bit pref]
[    0.976815] kernel: ACPI: PCI: Interrupt link LNKA configured for IRQ 10
[    0.978335] kernel: ACPI: PCI: Interrupt link LNKB configured for IRQ 10
[    0.980003] kernel: ACPI: PCI: Interrupt link LNKC configured for IRQ 11
[    0.981974] kernel: ACPI: PCI: Interrupt link LNKD configured for IRQ 11
[    0.983210] kernel: ACPI: PCI: Interrupt link LNKS configured for IRQ 9
[    0.987783] kernel: iommu: Default domain type: Translated 
[    0.988477] kernel: iommu: DMA domain TLB invalidation policy: lazy mode 
[    0.988769] kernel: pci 0000:00:02.0: vgaarb: setting as boot VGA device
[    0.989573] kernel: pci 0000:00:02.0: vgaarb: VGA device added: decodes=io+mem,owns=io+mem,locks=none
[    0.989682] kernel: pci 0000:00:02.0: vgaarb: bri7340] kernel: ... version:                2
[    0.797692] kernel: ... bit width:              48
[    0.798042] kernel: ... generic registers:      8
[    0.798337] kernel: ... value mask:             0000ffffffffffff
[    0.798799] kernel: ... max period:             00007fffffffffff
[    0.799263] kernel: ... fixed-purpose events:   3
[    0.799337] kernel: ... event mask:             00000007000000ff
[    0.800020] kernel: rcu: Hierarchical SRCU implementation.
[    0.801652] kernel: smp: Bringing up secondary CPUs ...
[    0.802301] kernel: x86: Booting SMP configuration:
[    0.802340] kernel: .... node  #0, CPUs:      #1
[    0.083465] kernel: kvm-clock: cpu 1, msr 2bd558041, secondary cpu clock
[    0.083465] kernel: smpboot: CPU 1 Converting physical 0 to logical die 1
[    0.804368] kernel: kvm-guest: setup async PF for cpu 1
[    0.804850] kernel: kvm-guest: stealtime: cpu 1, msr 26049f140
[    0.805516] kernel:  #2
[    0.083465] kernel: kvm-clock: cpu 2, msr 2bd558081, sel: Booting paravirtualized kernel on KVM
[    0.443740] kernel: clocksource: refined-jiffies: mask: 0xffffffff max_cycles: 0xffffffff, max_idle_ns: 1910969940391419 ns
[    0.455142] kernel: setup_percpu: NR_CPUS:64 nr_cpumask_bits:64 nr_cpu_ids:4 nr_node_ids:1
[    0.455641] kernel: percpu: Embedded 56 pages/cpu s191576 r8192 d29608 u524288
[    0.455673] kernel: pcpu-alloc: s191576 r8192 d29608 u524288 alloc=1*2097152
[    0.455686] kernel: pcpu-alloc: [0] 0 1 2 3 
[    0.455780] kernel: kvm-guest: setup async PF for cpu 0
[    0.455791] kernel: kvm-guest: stealtime: cpu 0, msr 26521f140
[    0.455803] kernel: Built 1 zonelists, mobility grouping on.  Total pages: 2580189
[    0.455811] kernel: Policy zone: Normal
[    0.455817] kernel: Kernel command line: root=/dev/sda console=ttyS0 net.ifnames=0 ip=192.168.0.37
[    0.459700] kernel: Dentry cache hash table entries: 2097152 (order: 12, 16777216 bytes, linear)
[    0.461475] kernel: Inode-cache hash table entries: 1048576 (order: tered new interface driver hub
[    0.860398] kernel: usbcore: registered new device driver usb
[    0.860943] kernel: pps_core: LinuxPPS API ver. 1 registered
[    0.861402] kernel: pps_core: Software ver. 5.3.6 - Copyright 2005-2007 Rodolfo Giometti <giometti@linux.it>
[    0.861875] kernel: PTP clock support registered
[    0.862334] kernel: Advanced Linux Sound Architecture Driver Initialized.
[    0.863458] kernel: NetLabel: Initializing
[    0.863782] kernel: NetLabel:  domain hash size = 128
[    0.863858] kernel: NetLabel:  protocols = UNLABELED CIPSOv4 CALIPSO
[    0.864445] kernel: NetLabel:  unlabeled traffic allowed by default
[    0.864924] kernel: PCI: Using ACPI for IRQ routing
[    0.865248] kernel: PCI: pci_cache_line_size set to 64 bytes
[    0.865363] kernel: e820: reserve RAM buffer [mem 0x0009fc00-0x0009ffff]
[    0.865376] kernel: e820: reserve RAM buffer [mem 0xbffdf000-0xbfffffff]
[    0.865527] kernel: hpet0: at MMIO 0xfed00000, IRQs 2, 8, 0
[    0.865860] kerdge control possible
[    0.990483] kernel: vgaarb: loaded
[    0.991302] kernel: SCSI subsystem initialized
[    0.991956] kernel: libata version 3.00 loaded.
[    0.992001] kernel: ACPI: bus type USB registered
[    0.992826] kernel: usbcore: registered new interface driver usbfs
[    0.993697] kernel: usbcore: registered new interface driver hub
[    0.994472] kernel: usbcore: registered new device driver usb
[    0.994823] kernel: pps_core: LinuxPPS API ver. 1 registered
[    0.995501] kernel: pps_core: Software ver. 5.3.6 - Copyright 2005-2007 Rodolfo Giometti <giometti@linux.it>
[    0.995703] kernel: PTP clock support registered
[    0.996375] kernel: Advanced Linux Sound Architecture Driver Initialized.
[    0.997714] kernel: NetLabel: Initializing
[    0.998188] kernel: NetLabel:  domain hash size = 128
[    0.998673] kernel: NetLabel:  protocols = UNLABELED CIPSOv4 CALIPSO
[    0.999548] kernel: NetLabel:  unlabeled traffic allowed by default
[    0.999779] kernel: PCI: Usincondary cpu clock
[    0.083465] kernel: smpboot: CPU 2 Converting physical 0 to logical die 2
[    0.808358] kernel: kvm-guest: setup async PF for cpu 2
[    0.808743] kernel: kvm-guest: stealtime: cpu 2, msr 26051f140
[    0.809435] kernel:  #3
[    0.083465] kernel: kvm-clock: cpu 3, msr 2bd5580c1, secondary cpu clock
[    0.083465] kernel: smpboot: CPU 3 Converting physical 0 to logical die 3
[    0.812357] kernel: kvm-guest: setup async PF for cpu 3
[    0.812732] kernel: kvm-guest: stealtime: cpu 3, msr 26059f140
[    0.813173] kernel: smp: Brought up 1 node, 4 CPUs
[    0.813339] kernel: smpboot: Max logical packages: 4
[    0.813703] kernel: smpboot: Total of 4 processors activated (19968.00 BogoMIPS)
[    0.814854] kernel: devtmpfs: initialized
[    0.818616] kernel: clocksource: jiffies: mask: 0xffffffff max_cycles: 0xffffffff, max_idle_ns: 1911260446275000 ns
[    0.819341] kernel: futex hash table entries: 1024 (order: 4, 65536 bytes, linear)
[    0.820173] kernel: PM: RTC11, 8388608 bytes, linear)
[    0.461624] kernel: mem auto-init: stack:off, heap alloc:off, heap free:off
[    0.677847] kernel: Memory: 8817860K/10485228K available (47117K kernel code, 10298K rwdata, 7204K rodata, 2068K init, 2860K bss, 1667112K reserved, 0K cma-reserved)
[    0.678036] kernel: SLUB: HWalign=64, Order=0-3, MinObjects=0, CPUs=4, Nodes=1
[    0.678396] kernel: rcu: Hierarchical RCU implementation.
[    0.678403] kernel: rcu:         RCU event tracing is enabled.
[    0.678407] kernel: rcu:         RCU restricting CPUs from NR_CPUS=64 to nr_cpu_ids=4.
[    0.678415] kernel: rcu: RCU calculated value of scheduler-enlistment delay is 100 jiffies.
[    0.678422] kernel: rcu: Adjusting geometry for rcu_fanout_leaf=16, nr_cpu_ids=4
[    0.685357] kernel: NR_IRQS: 4352, nr_irqs: 456, preallocated irqs: 16
[    0.685770] kernel: random: get_random_bytes called from start_kernel+0x22b/0x456 with crng_init=0
[    0.691063] kernel: Console: colour VGA+ 80x25
[    0.762339] kernemount of binder at /dev/binderfs failed: 19
mkdir(/syzcgroup/unified/syz0) failed: 2
mkdir(/syzcgroup/cpu/syz0) failed: 2
mkdir(/syzcgroup/net/syz0) failed: 2
executor 2 handshake send reply badf00d 10
nel: hpet0: 3 comparators, 64-bit 100.000000 MHz counter
[    0.868962] kernel: clocksource: Switched to clocksource kvm-clock
[    0.968786] kernel: VFS: Disk quotas dquot_6.6.0
[    0.969302] kernel: VFS: Dquot-cache hash table entries: 512 (order 0, 4096 bytes)
[    0.970265] kernel: pnp: PnP ACPI init
[    0.971367] kernel: pnp 00:03: [dma 2]
[    0.974342] kernel: pnp: PnP ACPI: found 6 devices
[    0.987575] kernel: clocksource: acpi_pm: mask: 0xffffff max_cycles: 0xffffff, max_idle_ns: 2085701024 ns
[    0.988388] kernel: NET: Registered PF_INET protocol family
[    0.989243] kernel: IP idents hash table entries: 262144 (order: 9, 2097152 bytes, linear)
[    0.992461] kernel: tcp_listen_portaddr_hash hash table entries: 8192 (order: 5, 131072 bytes, linear)
[    0.993359] kernel: TCP established hash table entries: 131072 (order: 8, 1048576 bytes, linear)
[    0.995122] kernel: TCP bind hash table entries: 65536 (order: 8, 1048576 bytes, linear)
[    0.996377] kernel: TCP: Hashg ACPI for IRQ routing
[    1.000266] kernel: PCI: pci_cache_line_size set to 64 bytes
[    1.000468] kernel: e820: reserve RAM buffer [mem 0x0009fc00-0x0009ffff]
[    1.000489] kernel: e820: reserve RAM buffer [mem 0xbffdd000-0xbfffffff]
[    1.000876] kernel: hpet0: at MMIO 0xfed00000, IRQs 2, 8, 0
[    1.001568] kernel: hpet0: 3 comparators, 64-bit 100.000000 MHz counter
[    1.003818] kernel: clocksource: Switched to clocksource kvm-clock
[    1.102891] kernel: VFS: Disk quotas dquot_6.6.0
[    1.103312] kernel: VFS: Dquot-cache hash table entries: 512 (order 0, 4096 bytes)
[    1.104141] kernel: pnp: PnP ACPI init
[    1.105127] kernel: pnp 00:03: [dma 2]
[    1.107757] kernel: pnp: PnP ACPI: found 6 devices
[    1.121703] kernel: clocksource: acpi_pm: mask: 0xffffff max_cycles: 0xffffff, max_idle_ns: 2085701024 ns
[    1.122548] kernel: NET: Registered PF_INET protocol family
[    1.123321] kernel: IP idents hash table entries: 262144 (order: 9, 2097152 bytes, linear)
[    1.126 time: 11:29:51, date: 2022-09-22
[    0.820661] kernel: NET: Registered PF_NETLINK/PF_ROUTE protocol family
[    0.821664] kernel: audit: initializing netlink subsys (disabled)
[    0.822135] kernel: audit: type=2000 audit(1663846191.213:1): state=initialized audit_enabled=0 res=1
[    0.822598] kernel: thermal_sys: Registered thermal governor 'step_wise'
[    0.822854] kernel: thermal_sys: Registered thermal governor 'user_space'
[    0.823391] kernel: cpuidle: using governor menu
[    0.824426] kernel: ACPI: bus type PCI registered
[    0.825031] kernel: PCI: Using configuration type 1 for base access
[    0.840826] kernel: Kprobes globally optimized
[    0.841408] kernel: HugeTLB registered 2.00 MiB page size, pre-allocated 0 pages
[    0.842036] kernel: cryptomgr_test (36) used greatest stack depth: 30608 bytes left
[    0.843431] kernel: ACPI: Added _OSI(Module Device)
[    0.843757] kernel: ACPI: Added _OSI(Processor Device)
[    0.844450] kernel: ACPI: Added _OSI(3.0 _SCP Extel: printk: console [ttyS0] enabled
[    0.762803] kernel: ACPI: Core revision 20210730
[    0.763426] kernel: clocksource: hpet: mask: 0xffffffff max_cycles: 0xffffffff, max_idle_ns: 19112604467 ns
[    0.764352] kernel: APIC: Switch to symmetric I/O mode setup
[    0.764811] kernel: kvm-guest: setup PV IPIs
[    0.766171] kernel: ..TIMER: vector=0x30 apic1=0 pin1=2 apic2=-1 pin2=-1
[    0.766765] kernel: clocksource: tsc-early: mask: 0xffffffffffffffff max_cycles: 0x23fa772cf26, max_idle_ns: 440795269835 ns
[    0.767716] kernel: Calibrating delay loop (skipped) preset value.. 4992.00 BogoMIPS (lpj=2496000)
[    0.768712] kernel: pid_max: default: 32768 minimum: 301
[    0.769191] kernel: LSM: Security Framework initializing
[    0.769740] kernel: SELinux:  Initializing.
[    0.770375] kernel: Mount-cache hash table entries: 32768 (order: 6, 262144 bytes, linear)
[    0.770726] kernel: Mountpoint-cache hash table entries: 32768 (order: 6, 262144 bytes, linear)
[    0.772331] kernel:  tables configured (established 131072 bind 65536)
[    0.997069] kernel: UDP hash table entries: 8192 (order: 6, 262144 bytes, linear)
[    0.997785] kernel: UDP-Lite hash table entries: 8192 (order: 6, 262144 bytes, linear)
[    0.998893] kernel: NET: Registered PF_UNIX/PF_LOCAL protocol family
[    1.000115] kernel: pci_bus 0000:00: resource 4 [io  0x0000-0x0cf7 window]
[    1.000658] kernel: pci_bus 0000:00: resource 5 [io  0x0d00-0xffff window]
[    1.001200] kernel: pci_bus 0000:00: resource 6 [mem 0x000a0000-0x000bffff window]
[    1.001790] kernel: pci_bus 0000:00: resource 7 [mem 0xc0000000-0xfebfffff window]
[    1.002420] kernel: pci_bus 0000:00: resource 8 [mem 0x2c0000000-0x33fffffff window]
[    1.003292] kernel: pci 0000:00:01.0: PIIX3: Enabling Passive Release
[    1.003833] kernel: pci 0000:00:00.0: Limiting direct PCI/PCI transfers
[    1.004377] kernel: pci 0000:00:01.0: Activating ISA DMA hang workarounds
[    1.005019] kernel: pci 0000:00:02.0: Video device with s496] kernel: tcp_listen_portaddr_hash hash table entries: 8192 (order: 5, 131072 bytes, linear)
[    1.127464] kernel: TCP established hash table entries: 131072 (order: 8, 1048576 bytes, linear)
[    1.129227] kernel: TCP bind hash table entries: 65536 (order: 8, 1048576 bytes, linear)
[    1.130559] kernel: TCP: Hash tables configured (established 131072 bind 65536)
[    1.131245] kernel: UDP hash table entries: 8192 (order: 6, 262144 bytes, linear)
[    1.132165] kernel: UDP-Lite hash table entries: 8192 (order: 6, 262144 bytes, linear)
[    1.133083] kernel: NET: Registered PF_UNIX/PF_LOCAL protocol family
[    1.134341] kernel: pci_bus 0000:00: resource 4 [io  0x0000-0x0cf7 window]
[    1.134892] kernel: pci_bus 0000:00: resource 5 [io  0x0d00-0xffff window]
[    1.135449] kernel: pci_bus 0000:00: resource 6 [mem 0x000a0000-0x000bffff window]
[    1.136047] kernel: pci_bus 0000:00: resource 7 [mem 0xc0000000-0xfebfffff window]
[    1.136637] kernel: pci_bus 0000:00: resource 8 [mnsions)
[    0.844870] kernel: ACPI: Added _OSI(Processor Aggregator Device)
[    0.845341] kernel: ACPI: Added _OSI(Linux-Dell-Video)
[    0.845740] kernel: ACPI: Added _OSI(Linux-Lenovo-NV-HDMI-Audio)
[    0.846212] kernel: ACPI: Added _OSI(Linux-HPI-Hybrid-Graphics)
[    0.858967] kernel: ACPI: 1 ACPI AML tables successfully acquired and loaded
[    0.862738] kernel: ACPI: Interpreter enabled
[    0.863171] kernel: ACPI: PM: (supports S0 S3 S4 S5)
[    0.863338] kernel: ACPI: Using IOAPIC for interrupt routing
[    0.863818] kernel: PCI: Using host bridge windows from ACPI; if necessary, use "pci=nocrs" and report a bug
[    0.865258] kernel: ACPI: Enabled 2 GPEs in block 00 to 0F
[    0.893179] kernel: ACPI: PCI Root Bridge [PCI0] (domain 0000 [bus 00-ff])
[    0.893355] kernel: acpi PNP0A03:00: _OSC: OS supports [ASPM ClockPM Segments MSI HPX-Type3]
[    0.894164] kernel: acpi PNP0A03:00: fail to add MMCONFIG information, can't access extended PCI configuration space under this bx86/cpu: User Mode Instruction Prevention (UMIP) activated
[    0.772810] kernel: Last level iTLB entries: 4KB 0, 2MB 0, 4MB 0
[    0.773712] kernel: Last level dTLB entries: 4KB 0, 2MB 0, 4MB 0, 1GB 0
[    0.774264] kernel: Spectre V1 : Mitigation: usercopy/swapgs barriers and __user pointer sanitization
[    0.774717] kernel: Spectre V2 : Mitigation: Enhanced IBRS
[    0.775119] kernel: Spectre V2 : Spectre v2 / SpectreRSB mitigation: Filling RSB on context switch
[    0.775716] kernel: Spectre V2 : mitigation: Enabling conditional Indirect Branch Prediction Barrier
[    0.776715] kernel: Speculative Store Bypass: Mitigation: Speculative Store Bypass disabled via prctl and seccomp
[    0.797505] kernel: Freeing SMP alternatives memory: 40K
[    0.797861] kernel: smpboot: CPU0: 11th Gen Intel(R) Core(TM) i7-11700 @ 2.50GHz (family: 0x6, model: 0xa7, stepping: 0x1)
[    0.798806] kernel: Performance Events: Icelake events, 32-deep LBR, full-width counters, Intel PMU driver.
[    0.799hadowed ROM at [mem 0x000c0000-0x000dffff]
[    1.005875] kernel: PCI: CLS 0 bytes, default 64
[    1.006271] kernel: PCI-DMA: Using software bounce buffering for IO (SWIOTLB)
[    1.006885] kernel: software IO TLB: mapped [mem 0x00000000bbfdf000-0x00000000bffdf000] (64MB)
[    1.007753] kernel: clocksource: tsc: mask: 0xffffffffffffffff max_cycles: 0x23fa772cf26, max_idle_ns: 440795269835 ns
[    1.008723] kernel: clocksource: Switched to clocksource tsc
[    1.013755] kernel: Initialise system trusted keyrings
[    1.014304] kernel: workingset: timestamp_bits=56 max_order=22 bucket_order=0
[    1.028711] kernel: fuse: init (API version 7.34)
[    1.037324] kernel: Key type asymmetric registered
[    1.037371] kernel: cryptomgr_test (65) used greatest stack depth: 30544 bytes left
[    1.037788] kernel: Asymmetric key parser 'x509' registered
[    1.039473] kernel: Block layer SCSI generic (bsg) driver version 0.4 loaded (major 251)
[    1.040200] kernel: io scheduler mq-deadline regem 0x2c0000000-0x33fffffff window]
[    1.137550] kernel: pci 0000:00:01.0: PIIX3: Enabling Passive Release
[    1.138072] kernel: pci 0000:00:00.0: Limiting direct PCI/PCI transfers
[    1.138612] kernel: pci 0000:00:01.0: Activating ISA DMA hang workarounds
[    1.139247] kernel: pci 0000:00:02.0: Video device with shadowed ROM at [mem 0x000c0000-0x000dffff]
[    1.140102] kernel: PCI: CLS 0 bytes, default 64
[    1.140481] kernel: PCI-DMA: Using software bounce buffering for IO (SWIOTLB)
[    1.141065] kernel: software IO TLB: mapped [mem 0x00000000bbfdd000-0x00000000bffdd000] (64MB)
[    1.141930] kernel: clocksource: tsc: mask: 0xffffffffffffffff max_cycles: 0x23fa772cf26, max_idle_ns: 440795269835 ns
[    1.142895] kernel: clocksource: Switched to clocksource tsc
[    1.147572] kernel: Initialise system trusted keyrings
[    1.148147] kernel: workingset: timestamp_bits=56 max_order=22 bucket_order=0
[    1.162514] kernel: fuse: init (API version 7.34)
[    1.170971] kernel: Key ridge.
[    0.894601] kernel: PCI host bridge to bus 0000:00
[    0.894978] kernel: pci_bus 0000:00: root bus resource [io  0x0000-0x0cf7 window]
[    0.895344] kernel: pci_bus 0000:00: root bus resource [io  0x0d00-0xffff window]
[    0.896038] kernel: pci_bus 0000:00: root bus resource [mem 0x000a0000-0x000bffff window]
[    0.896340] kernel: pci_bus 0000:00: root bus resource [mem 0xc0000000-0xfebfffff window]
[    0.896993] kernel: pci_bus 0000:00: root bus resource [mem 0x2c0000000-0x33fffffff window]
[    0.897342] kernel: pci_bus 0000:00: root bus resource [bus 00-ff]
[    0.899020] kernel: pci 0000:00:00.0: [8086:1237] type 00 class 0x060000
[    0.901244] kernel: pci 0000:00:01.0: [8086:7000] type 00 class 0x060100
[    0.903415] kernel: pci 0000:00:01.1: [8086:7010] type 00 class 0x010180
[    0.905671] kernel: pci 0000:00:01.1: reg 0x20: [io  0xc0c0-0xc0cf]
[    0.906928] kernel: pci 0000:00:01.1: legacy IDE quirk: reg 0x10: [io  0x01f0-0x01f7]
[    0.907339] kernel: pci 00697] kernel: ... version:                2
[    0.799714] kernel: ... bit width:              48
[    0.800069] kernel: ... generic registers:      8
