2023/03/04 16:11:29 fuzzer started
2023/03/04 16:11:30 dialing manager at localhost:44555
2023/03/04 16:11:30 connecting to manager...
2023/03/04 16:11:30 syscalls: 126
2023/03/04 16:11:30 code coverage: enabled
2023/03/04 16:11:30 comparison tracing: enabled
2023/03/04 16:11:30 extra coverage: enabled
2023/03/04 16:11:30 setuid sandbox: enabled
2023/03/04 16:11:30 namespace sandbox: /proc/self/ns/user does not exist
2023/03/04 16:11:30 Android sandbox: /sys/fs/selinux/policy can't be opened (open /sys/fs/selinux/policy: invalid argument)
2023/03/04 16:11:30 fault injection: CONFIG_FAULT_INJECTION_DEBUG_FS or CONFIG_FAILSLAB are not enabled
2023/03/04 16:11:30 leak checking: CONFIG_DEBUG_KMEMLEAK is not enabled
2023/03/04 16:11:30 net packet injection: /dev/net/tun does not exist
2023/03/04 16:11:30 net device setup: enabled
2023/03/04 16:11:30 concurrency sanitizer: /sys/kernel/debug/kcsan does not exist
2023/03/04 16:11:30 devlink PCI setup: enabled
2023/03/04 16:11:30 USB emulation: /dev/raw-gadget does not exist
2023/03/04 16:11:30 hci packet injection: /dev/vhci does not exist
2023/03/04 16:11:30 wifi device emulation: /sys/class/mac80211_hwsim/ does not exist
2023/03/04 16:11:30 802.15.4 emulation: /sys/bus/platform/devices/mac802154_hwsim does not exist
2023/03/04 16:11:30 poll: candidates=0 inputs=0 signal=0
2023/03/04 16:11:30 fetching corpus: 0, signal 0/0/0 (executing program)
2023/03/04 16:11:30 starting 1 fuzzer processes
2023/03/04 16:11:30 ----- generateCall 3664 setxattr$incfs_metadata setxattr$incfs_metadata
2023/03/04 16:11:30 ----- generateCall 2341 lchown lchown
2023/03/04 16:11:30 ----- generateCall 2373 mkdir mkdir
2023/03/04 16:11:30 ----- generateCall 251 ftruncate ftruncate
2023/03/04 16:11:30 ----- generateCall 3675 setxattr$trusted_overlay_origin setxattr$trusted_overlay_origin
2023/03/04 16:11:30 ----- generateCall 3668 setxattr$security_ima setxattr$security_ima
2023/03/04 16:11:30 ----- generateCall 2809 rename rename
2023/03/04 16:11:30 ----- generateCall 120 chdir chdir
2023/03/04 16:11:30 ----- generateCall 2373 mkdir mkdir
2023/03/04 16:11:30 ----- generateCall 2356 lsetxattr$security_smack_transmute lsetxattr$security_smack_transmute
2023/03/04 16:11:30 ----- generateCall 2361 lsetxattr$trusted_overlay_origin lsetxattr$trusted_overlay_origin
2023/03/04 16:11:30 ----- generateCall 3664 setxattr$incfs_metadata setxattr$incfs_metadata
2023/03/04 16:11:30 ----- generateCall 3678 setxattr$user setxattr$user
2023/03/04 16:11:30 ----- generateCall 3672 setxattr$system_posix_acl setxattr$system_posix_acl
2023/03/04 16:11:30 poll: candidates=0 inputs=0 signal=0
2023/03/04 16:11:30 ----- generateCall 3669 setxattr$security_selinux setxattr$security_selinux
2023/03/04 16:11:30 map[./file0:true ./file0/file0:true ./file0/file0/file0:true ./file0/file0/file0/file0:true ./file0/file1:true ./file1:true]
2023/03/04 16:11:30 #0: generated
2023/03/04 16:11:30 HasCrashFail: false, .HasNetFail: false
2023/03/04 16:11:30 prog length: 20
2023/03/04 16:11:30 HasCrashFail:false HasNetFail:false
16:11:30 ---executing program 0:
---
---
---
setxattr$incfs_metadata(&(0x7f0000000000)='./file0\x00', &(0x7f0000000040), &(0x7f0000000080)="236f480a49e7f3c44f25f89bf837aebcef0cab766115458b24418804903a5297ed54e66ea2c47b32b6a157c226d09ff3b405c53c0e35fa1da9c077ed8731d82b6e4946b78e4b32a619cf5c55df59aec06984bf2781b8567b47c85bbe64271d903f2cfa3d645e431d167cff7d5cdc62c747ced66223351ff6c581f9388283ff2b45f5701c4f17515ebc946b43306131291e38dda7caa585daa1e1397cdaa2b83d132f761e9e2a74769404bb90264de7", 0xaf, 0x162aab08a1a85ee)
fstat(0xffffffffffffffff, &(0x7f0000000180)={0x0, 0x0, 0x0, 0x0, <r0=>0x0, <r1=>0x0})
lchown(&(0x7f0000000140)='./file0\x00', r0, 0xee01)
mkdir(&(0x7f0000000200)='./file0/file0\x00', 0xdef1787ef14c8ead)
r2 = open$dir(&(0x7f0000000240)='./file0\x00', 0x0, 0xf1)
ftruncate(r2, 0x7)
setxattr$trusted_overlay_origin(&(0x7f0000000280)='./file0/file0\x00', &(0x7f00000002c0), &(0x7f0000000300), 0x2, 0x1)
setxattr$security_ima(&(0x7f0000000340)='./file0/file0\x00', &(0x7f0000000380), &(0x7f00000003c0)=@v1={0x2, "6a4e1dd5a183b11fb135e381fbd7"}, 0xf, 0x0)
rename(&(0x7f0000000400)='./file0\x00', &(0x7f0000000440)='./file0\x00')
chdir(&(0x7f0000000480)='./file0\x00')
mkdir(&(0x7f00000004c0)='./file0\x00', 0x62)
lsetxattr$security_smack_transmute(&(0x7f0000000500)='./file0\x00', &(0x7f0000000540), &(0x7f0000000580), 0x4, 0x3)
lsetxattr$trusted_overlay_origin(&(0x7f00000005c0)='./file0\x00', &(0x7f0000000600), &(0x7f0000000640), 0x2, 0x3)
setxattr$incfs_metadata(&(0x7f0000000680)='./file0/file0\x00', &(0x7f00000006c0), &(0x7f0000000700)="9d7af315f568a20e652f0fd1ead4fef3d5d279b82af63600e1e7731a5792c49ca35e31099d15863218cfa450ac267a4d5ca6e392a3f775b9d2efe28f9df183c7c7fef68e0678c372dbff2abeca3612694120ac8e3efffff3e45b1e9f9b9d96e770183cf3e4e07cb3b805c312da458191cbf35db0e0b6888d2cad9375ffc37d7fd5933dfd2f6a201e29952a92f019334d45fa56e56deb11c289666d31dff7bb7cc5115b680230c82eb7ae8d249f1debd4181582377f15093e3b259f319addc51e977d16cf33", 0xc5, 0x0)
setxattr$user(&(0x7f0000000800)='./file0/file0/file0\x00', &(0x7f0000000840), &(0x7f0000000880)='.[-\'+-\\\x00', 0x8, 0x2)
stat(&(0x7f0000000940)='./file1\x00', &(0x7f0000000980)={0x0, 0x0, 0x0, 0x0, <r3=>0x0})
fstat(r2, &(0x7f0000000a00)={0x0, 0x0, 0x0, 0x0, 0x0, <r4=>0x0})
stat(&(0x7f0000000a80)='./file0/file1\x00', &(0x7f0000000ac0)={0x0, 0x0, 0x0, 0x0, 0x0, <r5=>0x0})
setxattr$system_posix_acl(&(0x7f00000008c0)='./file0/file0/file0/file0\x00', &(0x7f0000000900)='system.posix_acl_access\x00', &(0x7f0000000b40)={{}, {}, [{0x2, 0x0, r0}, {0x2, 0x4, r3}], {0x4, 0x7}, [{0x8, 0x1, r4}, {0x8, 0xc, r1}, {0x8, 0x1, r1}, {0x8, 0x4, r1}, {0x8, 0x4, r1}, {0x8, 0x9, r5}], {0x10, 0x4}}, 0x64, 0x2)
setxattr$security_selinux(&(0x7f0000000bc0)='./file1\x00', &(0x7f0000000c00), &(0x7f0000000c40)='system_u:object_r:utempter_exec_t:s0\x00', 0x25, 0x1)
---

end of program
2023/03/04 16:11:30 -----run executor: [/usr/bin/ssh -F /dev/null -o ConnectionAttempts=100 -o ConnectTimeout=120 -o UserKnownHostsFile=/dev/null -o BatchMode=yes -o IdentitiesOnly=yes -o StrictHostKeyChecking=no -o ConnectTimeout=100 -i /home/tlyu/dfs-fuzzing/disk-images/glusterfs-images/focal.id_rsa -v root@192.168.0.43 /root/syz-executor exec 0 0 glusterfs 3 4 192.168.0.43 0 "3 1 ''" false false false true false]
2023/03/04 16:11:30 -----run executor: [/usr/bin/ssh -F /dev/null -o ConnectionAttempts=100 -o ConnectTimeout=120 -o UserKnownHostsFile=/dev/null -o BatchMode=yes -o IdentitiesOnly=yes -o StrictHostKeyChecking=no -o ConnectTimeout=100 -i /home/tlyu/dfs-fuzzing/disk-images/glusterfs-images/focal.id_rsa -v root@192.168.0.44 /root/syz-executor exec 0 1 glusterfs 3 4 192.168.0.43 0 "3 1 ''" false false false true false]
2023/03/04 16:11:30 -----run executor: [/usr/bin/ssh -F /dev/null -o ConnectionAttempts=100 -o ConnectTimeout=120 -o UserKnownHostsFile=/dev/null -o BatchMode=yes -o IdentitiesOnly=yes -o StrictHostKeyChecking=no -o ConnectTimeout=100 -i /home/tlyu/dfs-fuzzing/disk-images/glusterfs-images/focal.id_rsa -v root@192.168.0.45 /root/syz-executor exec 0 2 glusterfs 3 4 192.168.0.43 0 "3 1 ''" false false false true false]
2023/03/04 16:11:30 -----run executor: [/usr/bin/ssh -F /dev/null -o ConnectionAttempts=100 -o ConnectTimeout=120 -o UserKnownHostsFile=/dev/null -o BatchMode=yes -o IdentitiesOnly=yes -o StrictHostKeyChecking=no -o ConnectTimeout=100 -i /home/tlyu/dfs-fuzzing/disk-images/glusterfs-images/focal.id_rsa -v root@192.168.0.46 /root/syz-executor exec 1 3 glusterfs 3 4 192.168.0.43 0 "3 1 ''" false false false true false]
OpenSSH_8.2p1 Ubuntu-4ubuntu0.4, OpenSSL 1.1.1f  31 Mar 2020
debug1: Reading configuration data /dev/null
OpenSSH_8.2p1 Ubuntu-4ubuntu0.4, OpenSSL 1.1.1f  31 Mar 2020
debug1: Reading configuration data /dev/null
OpenSSH_8.2p1 Ubuntu-4ubuntu0.4, OpenSSL 1.1.1f  31 Mar 2020
debug1: Reading configuration data /dev/null
debug1: Connecting to 192.168.0.43 [192.168.0.43] port 22.
debug1: Connecting to 192.168.0.44 [192.168.0.44] port 22.
debug1: Connecting to 192.168.0.45 [192.168.0.45] port 22.
debug1: fd 3 clearing O_NONBLOCK
debug1: Connection established.
debug1: identity file /home/tlyu/dfs-fuzzing/disk-images/glusterfs-images/focal.id_rsa type -1
debug1: identity file /home/tlyu/dfs-fuzzing/disk-images/glusterfs-images/focal.id_rsa-cert type -1
debug1: Local version string SSH-2.0-OpenSSH_8.2p1 Ubuntu-4ubuntu0.4
debug1: fd 3 clearing O_NONBLOCK
debug1: Connection established.
debug1: identity file /home/tlyu/dfs-fuzzing/disk-images/glusterfs-images/focal.id_rsa type -1
debug1: identity file /home/tlyu/dfs-fuzzing/disk-images/glusterfs-images/focal.id_rsa-cert type -1
debug1: Local version string SSH-2.0-OpenSSH_8.2p1 Ubuntu-4ubuntu0.4
debug1: fd 3 clearing O_NONBLOCK
debug1: Connection established.
OpenSSH_8.2p1 Ubuntu-4ubuntu0.4, OpenSSL 1.1.1f  31 Mar 2020
debug1: Reading configuration data /dev/null
debug1: identity file /home/tlyu/dfs-fuzzing/disk-images/glusterfs-images/focal.id_rsa type -1
debug1: identity file /home/tlyu/dfs-fuzzing/disk-images/glusterfs-images/focal.id_rsa-cert type -1
debug1: Local version string SSH-2.0-OpenSSH_8.2p1 Ubuntu-4ubuntu0.4
debug1: Connecting to 192.168.0.46 [192.168.0.46] port 22.
debug1: fd 3 clearing O_NONBLOCK
debug1: Connection established.
debug1: identity file /home/tlyu/dfs-fuzzing/disk-images/glusterfs-images/focal.id_rsa type -1
debug1: identity file /home/tlyu/dfs-fuzzing/disk-images/glusterfs-images/focal.id_rsa-cert type -1
debug1: Local version string SSH-2.0-OpenSSH_8.2p1 Ubuntu-4ubuntu0.4
debug1: Remote protocol version 2.0, remote software version OpenSSH_8.2p1 Ubuntu-4
debug1: match: OpenSSH_8.2p1 Ubuntu-4 pat OpenSSH* compat 0x04000000
debug1: Authenticating to 192.168.0.45:22 as 'root'
debug1: SSH2_MSG_KEXINIT sent
debug1: Remote protocol version 2.0, remote software version OpenSSH_8.2p1 Ubuntu-4
debug1: match: OpenSSH_8.2p1 Ubuntu-4 pat OpenSSH* compat 0x04000000
debug1: Authenticating to 192.168.0.43:22 as 'root'
debug1: SSH2_MSG_KEXINIT sent
debug1: Remote protocol version 2.0, remote software version OpenSSH_8.2p1 Ubuntu-4
debug1: match: OpenSSH_8.2p1 Ubuntu-4 pat OpenSSH* compat 0x04000000
debug1: Authenticating to 192.168.0.46:22 as 'root'
debug1: SSH2_MSG_KEXINIT sent
debug1: SSH2_MSG_KEXINIT received
debug1: kex: algorithm: curve25519-sha256
debug1: kex: host key algorithm: ecdsa-sha2-nistp256
debug1: kex: server->client cipher: chacha20-poly1305@openssh.com MAC: <implicit> compression: none
debug1: kex: client->server cipher: chacha20-poly1305@openssh.com MAC: <implicit> compression: none
debug1: Remote protocol version 2.0, remote software version OpenSSH_8.2p1 Ubuntu-4
debug1: match: OpenSSH_8.2p1 Ubuntu-4 pat OpenSSH* compat 0x04000000
debug1: Authenticating to 192.168.0.44:22 as 'root'
debug1: SSH2_MSG_KEXINIT sent
debug1: SSH2_MSG_KEXINIT received
debug1: kex: algorithm: curve25519-sha256
debug1: kex: host key algorithm: ecdsa-sha2-nistp256
debug1: kex: server->client cipher: chacha20-poly1305@openssh.com MAC: <implicit> compression: none
debug1: kex: client->server cipher: chacha20-poly1305@openssh.com MAC: <implicit> compression: none
debug1: expecting SSH2_MSG_KEX_ECDH_REPLY
debug1: expecting SSH2_MSG_KEX_ECDH_REPLY
debug1: SSH2_MSG_KEXINIT received
debug1: kex: algorithm: curve25519-sha256
debug1: kex: host key algorithm: ecdsa-sha2-nistp256
debug1: kex: server->client cipher: chacha20-poly1305@openssh.com MAC: <implicit> compression: none
debug1: kex: client->server cipher: chacha20-poly1305@openssh.com MAC: <implicit> compression: none
debug1: Server host key: ecdsa-sha2-nistp256 SHA256:prHFi1G5XXPuzxIh2a5lJaY6ZWltf3+ajD/hEOIDid8
Warning: Permanently added '192.168.0.45' (ECDSA) to the list of known hosts.
debug1: expecting SSH2_MSG_KEX_ECDH_REPLY
debug1: SSH2_MSG_KEXINIT received
debug1: kex: algorithm: curve25519-sha256
debug1: kex: host key algorithm: ecdsa-sha2-nistp256
debug1: kex: server->client cipher: chacha20-poly1305@openssh.com MAC: <implicit> compression: none
debug1: kex: client->server cipher: chacha20-poly1305@openssh.com MAC: <implicit> compression: none
debug1: Server host key: ecdsa-sha2-nistp256 SHA256:prHFi1G5XXPuzxIh2a5lJaY6ZWltf3+ajD/hEOIDid8
Warning: Permanently added '192.168.0.43' (ECDSA) to the list of known hosts.
debug1: rekey out after 134217728 blocks
debug1: SSH2_MSG_NEWKEYS sent
debug1: expecting SSH2_MSG_NEWKEYS
debug1: SSH2_MSG_NEWKEYS received
debug1: rekey in after 134217728 blocks
debug1: Will attempt key: /home/tlyu/dfs-fuzzing/disk-images/glusterfs-images/focal.id_rsa  explicit
debug1: SSH2_MSG_EXT_INFO received
debug1: kex_input_ext_info: server-sig-algs=<ssh-ed25519,sk-ssh-ed25519@openssh.com,ssh-rsa,rsa-sha2-256,rsa-sha2-512,ssh-dss,ecdsa-sha2-nistp256,ecdsa-sha2-nistp384,ecdsa-sha2-nistp521,sk-ecdsa-sha2-nistp256@openssh.com>
debug1: SSH2_MSG_SERVICE_ACCEPT received
debug1: expecting SSH2_MSG_KEX_ECDH_REPLY
debug1: rekey out after 134217728 blocks
debug1: SSH2_MSG_NEWKEYS sent
debug1: expecting SSH2_MSG_NEWKEYS
debug1: SSH2_MSG_NEWKEYS received
debug1: rekey in after 134217728 blocks
debug1: Will attempt key: /home/tlyu/dfs-fuzzing/disk-images/glusterfs-images/focal.id_rsa  explicit
debug1: SSH2_MSG_EXT_INFO received
debug1: kex_input_ext_info: server-sig-algs=<ssh-ed25519,sk-ssh-ed25519@openssh.com,ssh-rsa,rsa-sha2-256,rsa-sha2-512,ssh-dss,ecdsa-sha2-nistp256,ecdsa-sha2-nistp384,ecdsa-sha2-nistp521,sk-ecdsa-sha2-nistp256@openssh.com>
debug1: SSH2_MSG_SERVICE_ACCEPT received
debug1: Server host key: ecdsa-sha2-nistp256 SHA256:prHFi1G5XXPuzxIh2a5lJaY6ZWltf3+ajD/hEOIDid8
Warning: Permanently added '192.168.0.44' (ECDSA) to the list of known hosts.
debug1: rekey out after 134217728 blocks
debug1: SSH2_MSG_NEWKEYS sent
debug1: expecting SSH2_MSG_NEWKEYS
debug1: SSH2_MSG_NEWKEYS received
debug1: rekey in after 134217728 blocks
debug1: Will attempt key: /home/tlyu/dfs-fuzzing/disk-images/glusterfs-images/focal.id_rsa  explicit
debug1: SSH2_MSG_EXT_INFO received
debug1: kex_input_ext_info: server-sig-algs=<ssh-ed25519,sk-ssh-ed25519@openssh.com,ssh-rsa,rsa-sha2-256,rsa-sha2-512,ssh-dss,ecdsa-sha2-nistp256,ecdsa-sha2-nistp384,ecdsa-sha2-nistp521,sk-ecdsa-sha2-nistp256@openssh.com>
debug1: SSH2_MSG_SERVICE_ACCEPT received
debug1: Server host key: ecdsa-sha2-nistp256 SHA256:prHFi1G5XXPuzxIh2a5lJaY6ZWltf3+ajD/hEOIDid8
Warning: Permanently added '192.168.0.46' (ECDSA) to the list of known hosts.
debug1: rekey out after 134217728 blocks
debug1: SSH2_MSG_NEWKEYS sent
debug1: expecting SSH2_MSG_NEWKEYS
debug1: SSH2_MSG_NEWKEYS received
debug1: rekey in after 134217728 blocks
debug1: Will attempt key: /home/tlyu/dfs-fuzzing/disk-images/glusterfs-images/focal.id_rsa  explicit
debug1: SSH2_MSG_EXT_INFO received
debug1: kex_input_ext_info: server-sig-algs=<ssh-ed25519,sk-ssh-ed25519@openssh.com,ssh-rsa,rsa-sha2-256,rsa-sha2-512,ssh-dss,ecdsa-sha2-nistp256,ecdsa-sha2-nistp384,ecdsa-sha2-nistp521,sk-ecdsa-sha2-nistp256@openssh.com>
debug1: Authentications that can continue: publickey,password
debug1: Next authentication method: publickey
debug1: Trying private key: /home/tlyu/dfs-fuzzing/disk-images/glusterfs-images/focal.id_rsa
debug1: Authentications that can continue: publickey,password
debug1: Next authentication method: publickey
debug1: Trying private key: /home/tlyu/dfs-fuzzing/disk-images/glusterfs-images/focal.id_rsa
debug1: Authentications that can continue: publickey,password
debug1: Next authentication method: publickey
debug1: Trying private key: /home/tlyu/dfs-fuzzing/disk-images/glusterfs-images/focal.id_rsa
debug1: Authentication succeeded (publickey).
Authenticated to 192.168.0.45 ([192.168.0.45]:22).
debug1: channel 0: new [client-session]
debug1: Requesting no-more-sessions@openssh.com
debug1: Entering interactive session.
debug1: pledge: network
debug1: Authentication succeeded (publickey).
Authenticated to 192.168.0.44 ([192.168.0.44]:22).
debug1: channel 0: new [client-session]
debug1: Requesting no-more-sessions@openssh.com
debug1: Entering interactive session.
debug1: pledge: network
debug1: Authentication succeeded (publickey).
Authenticated to 192.168.0.43 ([192.168.0.43]:22).
debug1: channel 0: new [client-session]
debug1: Requesting no-more-sessions@openssh.com
debug1: Entering interactive session.
debug1: pledge: network
debug1: SSH2_MSG_SERVICE_ACCEPT received
debug1: Authentications that can continue: publickey,password
debug1: Next authentication method: publickey
debug1: Trying private key: /home/tlyu/dfs-fuzzing/disk-images/glusterfs-images/focal.id_rsa
debug1: client_input_global_request: rtype hostkeys-00@openssh.com want_reply 0
debug1: Remote: /root/.ssh/authorized_keys:1: key options: agent-forwarding port-forwarding pty user-rc x11-forwarding
debug1: client_input_global_request: rtype hostkeys-00@openssh.com want_reply 0
debug1: Remote: /root/.ssh/authorized_keys:1: key options: agent-forwarding port-forwarding pty user-rc x11-forwarding
debug1: Authentication succeeded (publickey).
Authenticated to 192.168.0.46 ([192.168.0.46]:22).
debug1: channel 0: new [client-session]
debug1: Requesting no-more-sessions@openssh.com
debug1: Entering interactive session.
debug1: pledge: network
debug1: client_input_global_request: rtype hostkeys-00@openssh.com want_reply 0
debug1: Remote: /root/.ssh/authorized_keys:1: key options: agent-forwarding port-forwarding pty user-rc x11-forwarding
debug1: Sending command: /root/syz-executor exec 0 2 glusterfs 3 4 192.168.0.43 0 "3 1 ''" false false false true false
----- is restarting 0
---- dfs_name glusterfs is_dfs_client 0
debug1: Sending command: /root/syz-executor exec 0 1 glusterfs 3 4 192.168.0.43 0 "3 1 ''" false false false true false
debug1: client_input_global_request: rtype hostkeys-00@openssh.com want_reply 0
debug1: Remote: /root/.ssh/authorized_keys:1: key options: agent-forwarding port-forwarding pty user-rc x11-forwarding
unlink FIFO failed: No such file or directory
[    0.000000] kernel: Linux version 5.15.0+ (tlyu@IC-RS3-DPC07) (gcc (Ubuntu 9.4.0-1ubuntu1~20.04.1) 9.4.0, GNU ld (GNU Binutils for Ubuntu) 2.34) #8 SMP Fri Jun 3 16:18:40 CEST 2022
[    0.000000] kernel: Command line: root=/dev/sda console=ttyS0 net.ifnames=0 ip=192.168.0.45 quiet
[    0.000000] kernel: x86/fpu: Supporting XSAVE feature 0x001: 'x87 floating point registers'
[    0.000000] kernel: x86/fpu: Supporting XSAVE feature 0x002: 'SSE registers'
[    0.000000] kernel: x86/fpu: Supporting XSAVE feature 0x004: 'AVX registers'
[    0.000000] kernel: x86/fpu: Supporting XSAVE feature 0x020: 'AVX-512 opmask'
[    0.000000] kernel: x86/fpu: Supporting XSAVE feature 0x040: 'AVX-512 Hi256'
[    0.000000] kernel: x86/fpu: Supporting XSAVE feature 0x080: 'AVX-512 ZMM_Hi256'
[    0.000000] kernel: x86/fpu: Supporting XSAVE feature 0x200: 'Protection Keys User registers'
[    0.000000] kernel: x86/fpu: xstate_offset[2]:  576, xstate_sizes[2]:  256
[    0.000000] kernel: x86/fpu: xstate_offset[5]:  832, xstate_sizes[5]:   64
[    0.000000] kernel: x86/fpu: xstate_offset[6]:  896, xstate_sizes[6]:  512
[    0.000000] kernel: x86/fpu: xstate_offset[7]: 1408, xstate_sizes[7]: 1024
[    0.000000] kernel: x86/fpu: xstate_offset[9]: 2432, xstate_sizes[9]:    8
[    0.000000] kernel: x86/fpu: Enabled xstate features 0x2e7, context size is 2440 bytes, using 'compacted' format.
[    0.000000] kernel: signal: max sigframe size: 3632
[    0.000000] kernel: BIOS-provided physical RAM map:
[    0.000000] kernel: BIOS-e820: [mem 0x0000000000000000-0x000000000009fbff] usable
[    0.000000] kernel: BIOS-e820: [mem 0x000000000009fc00-0x000000000009ffff] reserved
[    0.000000] kernel: BIOS-e820: [mem 0x00000000000f0000-0x00000000000fffff] reserved
[    0.000000] kernel: BIOS-e820: [mem 0x0000000000100000-0x00000000bffdcfff] usable
[    0.000000] kernel: BIOS-e820: [mem 0x00000000bffdd000-0x00000000bfffffff] reserved
[    0.000000] kernel: BIOS-e820: [mem 0x00000000feffc000-0x00000000feffffff] reserved
[    0.000000] kernel: BIOS-e820: [mem 0x00000000fffc0000-0x00000000ffffffff] reserved
[    0.000000] kernel: BIOS-e820: [mem 0x0000000100000000-0x00000002bfffffff] usable
[    0.000000] kernel: NX (Execute Disable) protection: active
[    0.000000] kernel: SMBIOS 2.8 present.
[    0.000000] kernel: DMI: QEMU Standard PC (i440FX + PIIX, 1996), BIOS 1.13.0-1ubuntu1.1 04/01/2014
[    0.000000] kernel: Hypervisor detected: KVM
[    0.000000] kernel: kvm-clock: Using msrs 4b564d01 and 4b564d00
[    0.000000] kernel: kvm-clock: cpu 0, msr 1a5358001, primary cpu clock
[    0.000002] kernel: kvm-clock: using sched offset of 522413087 cycles
[    0.000009] kernel: clocksource: kvm-clock: mask: 0xffffffffffffffff max_cycles: 0x1cd42e4dffb, max_idle_ns: 881590591483 ns
[    0.000021] kernel: tsc: Detected 2593.906 MHz processor
[    0.005712] kernel: e820: update [mem 0x00000000-0x00000fff] usable ==> reserved
[    0.005728] kernel: e820: remove [mem 0x000a0000-0x000fffff] usable
[    0.005745] kernel: last_pfn = 0x2c0000 max_arch_pfn = 0x10000000000
[    0.005802] kernel: x86/PAT: Configuration [0-7]: WB  WC  UC- UC  WB  WP  UC- WT  
[    0.005813] kernel: last_pfn = 0xbffdd max_arch_pfn = 0x10000000000
[    0.013499] kernel: found SMP MP-table at [mem 0x000f5c70-0x000f5c7f]
[    0.013554] kernel: Using GB pages for direct mapping
[    0.014198] kernel: ACPI: Early table checksum verification disabled
[    0.014206] kernel: ACPI: RSDP 0x00000000000F5A40 000014 (v00 BOCHS )
[    0.014229] kernel: ACPI: RSDT 0x00000000BFFE15C9 000030 (v01 BOCHS  BXPCRSDT 00000001 BXPC 00000001)
[    0.014253] kernel: ACPI: FACP 0x00000000BFFE149D 000074 (v01 BOCHS  BXPCFACP 00000001 BXPC 00000001)
[    0.014280] kernel: ACPI: DSDT 0x00000000BFFE0040 00145D (v01 BOCHS  BXPCDSDT 00000001 BXPC 00000001)
[    0.014300] kernel: ACPI: FACS 0x00000000BFFE0000 000040
[    0.014316] kernel: ACPI: APIC 0x00000000BFFE1511 000080 (v01 BOCHS  BXPCAPIC 00000001 BXPC 00000001)
[    0.014337] kernel: ACPI: HPET 0x00000000BFFE1591 000038 (v01 BOCHS  BXPCHPET 00000001 BXPC 00000001)
[    0.014355] kernel: ACPI: Reserving FACP table memory at [mem 0xbffe149d-0xbffe1510]
[    0.014364] kernel: ACPI: Reserving DSDT table memory at [mem 0xbffe0040-0xbffe149c]
[    0.014372] kernel: ACPI: Reserving FACS table memory at [mem 0xbffe0000-0xbffe003f]
[    0.014379] kernel: ACPI: Reserving APIC table memory at [mem 0xbffe1511-0xbffe1590]
[    0.014387] kernel: ACPI: Reserving HPET table memory at [mem 0xbffe1591-0xbffe15c8]
[    0.015245] kernel: No NUMA configuration found
[    0.015251] kernel: Faking a node at [mem 0x0000000000000000-0x00000002bfffffff]
[    0.015266] kernel: NODE_DATA(0) allocated [mem 0x2bfffc000-0x2bfffffff]
[    0.015888] kernel: Zone ranges:
[    0.015894] kernel:   DMA      [mem 0x0000000000001000-0x0000000000ffffff]
[    0.015906] kernel:   DMA32    [mem 0x0000000001000000-0x00000000ffffffff]
[    0.015915] kernel:   Normal   [mem 0x0000000100000000-0x0executor 2 finishes userspace_cover_open
before receiving handshake request
----- is restarting 0
---- dfs_name glusterfs is_dfs_client 0
unlink FIFO failed: No such file or directory
[    0.000000] kernel: Linux version 5.15.0+ (tlyu@IC-RS3-DPC07) (gcc (Ubuntu 9.4.0-1ubuntu1~20.04.1) 9.4.0, GNU ld (GNU Binutils for Ubuntu) 2.34) #8 SMP Fri Jun 3 16:18:40 CEST 2022
[    0.000000] kernel: Command line: root=/dev/sda console=ttyS0 net.ifnames=0 ip=192.168.0.44 quiet
[    0.000000] kernel: x86/fpu: Supporting XSAVE feature 0x001: 'x87 floating point registers'
[    0.000000] kernel: x86/fpu: Supporting XSAVE feature 0x002: 'SSE registers'
[    0.000000] kernel: x86/fpu: Supporting XSAVE feature 0x004: 'AVX registers'
[    0.000000] kernel: x86/fpu: Supporting XSAVE feature 0x020: 'AVX-512 opmask'
[    0.000000] kernel: x86/fpu: Supporting XSAVE feature 0x040: 'AVX-512 Hi256'
[    0.000000] kernel: x86/fpu: Supporting XSAVE feature 0x080: 'AVX-512 ZMM_Hi256'
[    0.000000] kernel: x86/fpu: Supporting XSAVE feature 0x200: 'Protection Keys User registers'
[    0.000000] kernel: x86/fpu: xstate_offset[2]:  576, xstate_sizes[2]:  256
[    0.000000] kernel: x86/fpu: xstate_offset[5]:  832, xstate_sizes[5]:   64
[    0.000000] kernel: x86/fpu: xstate_offset[6]:  896, xstate_sizes[6]:  512
[    0.000000] kernel: x86/fpu: xstate_offset[7]: 1408, xstate_sizes[7]: 1024
[    0.000000] kernel: x86/fpu: xstate_offset[9]: 2432, xstate_sizes[9]:    8
[    0.000000] kernel: x86/fpu: Enabled xstate features 0x2e7, context size is 2440 bytes, using 'compacted' format.
[    0.000000] kernel: signal: max sigframe size: 3632
[    0.000000] kernel: BIOS-provided physical RAM map:
[    0.000000] kernel: BIOS-e820: [mem 0x0000000000000000-0x000000000009fbff] usable
[    0.000000] kernel: BIOS-e820: [mem 0x000000000009fc00-0x000000000009ffff] reserved
[    0.000000] kernel: BIOS-e820: [mem 0x00000000000f0000-0x00000000000fffff] reserved
[    0.000000] kernel: BIOS-e820: [mem 0x0000000000100000-0x00000000bffdcfff] usable
[    0.000000] kernel: BIOS-e820: [mem 0x00000000bffdd000-0x00000000bfffffff] reserved
[    0.000000] kernel: BIOS-e820: [mem 0x00000000feffc000-0x00000000req.flags ea3
0000002bfffffff]
[    0.015924] kernel: Movable zone start for each node
[    0.015928] kernel: Early memory node ranges
[    0.015931] kernel:   node   0: [mem 0x0000000000001000-0x000000000009efff]
[    0.015939] kernel:   node   0: [mem 0x0000000000100000-0x00000000bffdcfff]
[    0.015947] kernel:   node   0: [mem 0x0000000100000000-0x00000002bfffffff]
[    0.015958] kernel: Initmem setup node 0 [mem 0x0000000000001000-0x00000002bfffffff]
[    0.016458] kernel: On node 0, zone DMA: 1 pages in unavailable ranges
[    0.016527] kernel: On node 0, zone DMA: 97 pages in unavailable ranges
[    0.095109] kernel: On node 0, zone Normal: 35 pages in unavailable ranges
[    0.503748] kernel: kasan: KernelAddressSanitizer initialized
[    0.504098] kernel: ACPI: PM-Timer IO Port: 0x608
[    0.504119] kernel: ACPI: LAPIC_NMI (acpi_id[0xff] dfl dfl lint[0x1])
[    0.504164] kernel: IOAPIC[0]: apic_id 0, version 17, address 0xfec00000, GSI 0-23
[    0.504179] kernel: ACPI: INT_SRC_OVR (bus 0 bfeffffff] reserved
[    0.000000] kernel: BIOS-e820: [mem 0x00000000fffc0000-0x00000000ffffffff] reserved
[    0.000000] kernel: BIOS-e820: [mem 0x0000000100000000-0x00000002bfffffff] usable
[    0.000000] kernel: NX (Execute Disable) protection: active
[    0.000000] kernel: SMBIOS 2.8 present.
[    0.000000] kernel: DMI: QEMU Standard PC (i440FX + PIIX, 1996), BIOS 1.13.0-1ubuntu1.1 04/01/2014
[    0.000000] kernel: Hypervisor detected: KVM
[    0.000000] kernel: kvm-clock: Using msrs 4b564d01 and 4b564d00
[    0.000000] kernel: kvm-clock: cpu 0, msr 143f58001, primary cpu clock
[    0.000003] kernel: kvm-clock: using sched offset of 496530652 cycles
[    0.000010] kernel: clocksource: kvm-clock: mask: 0xffffffffffffffff max_cycles: 0x1cd42e4dffb, max_idle_ns: 881590591483 ns
[    0.000023] kernel: tsc: Detected 2593.906 MHz processor
[    0.005659] kernel: e820: update [mem 0x00000000-0x00000fff] usable ==> reserved
[    0.005675] kernel: e820: remove [mem 0x000a0000-0x000fffff] usus_irq 0 global_irq 2 dfl dfl)
[    0.504189] kernel: ACPI: INT_SRC_OVR (bus 0 bus_irq 5 global_irq 5 high level)
[    0.504198] kernel: ACPI: INT_SRC_OVR (bus 0 bus_irq 9 global_irq 9 high level)
[    0.504208] kernel: ACPI: INT_SRC_OVR (bus 0 bus_irq 10 global_irq 10 high level)
[    0.504217] kernel: ACPI: INT_SRC_OVR (bus 0 bus_irq 11 global_irq 11 high level)
[    0.504235] kernel: ACPI: Using ACPI (MADT) for SMP configuration information
[    0.504241] kernel: ACPI: HPET id: 0x8086a201 base: 0xfed00000
[    0.504252] kernel: TSC deadline timer available
[    0.504256] kernel: smpboot: Allowing 2 CPUs, 0 hotplug CPUs
[    0.504288] kernel: kvm-guest: KVM setup pv remote TLB flush
[    0.504295] kernel: kvm-guest: setup PV sched yield
[    0.504327] kernel: PM: hibernation: Registered nosave memory: [mem 0x00000000-0x00000fff]
[    0.504338] kernel: PM: hibernation: Registered nosave memory: [mem 0x0009f000-0x0009ffff]
[    0.504344] kernel: PM: hibernation: Registered nosave memoable
[    0.005692] kernel: last_pfn = 0x2c0000 max_arch_pfn = 0x10000000000
[    0.005750] kernel: x86/PAT: Configuration [0-7]: WB  WC  UC- UC  WB  WP  UC- WT  
[    0.005760] kernel: last_pfn = 0xbffdd max_arch_pfn = 0x10000000000
[    0.013245] kernel: found SMP MP-table at [mem 0x000f5c70-0x000f5c7f]
[    0.013301] kernel: Using GB pages for direct mapping
[    0.013926] kernel: ACPI: Early table checksum verification disabled
[    0.013935] kernel: ACPI: RSDP 0x00000000000F5A40 000014 (v00 BOCHS )
[    0.013956] kernel: ACPI: RSDT 0x00000000BFFE15C9 000030 (v01 BOCHS  BXPCRSDT 00000001 BXPC 00000001)
[    0.013979] kernel: ACPI: FACP 0x00000000BFFE149D 000074 (v01 BOCHS  BXPCFACP 00000001 BXPC 00000001)
[    0.014005] kernel: ACPI: DSDT 0x00000000BFFE0040 00145D (v01 BOCHS  BXPCDSDT 00000001 BXPC 00000001)
[    0.014025] kernel: ACPI: FACS 0x00000000BFFE0000 000040
[    0.014039] kernel: ACPI: APIC 0x00000000BFFE1511 000080 (v01 BOCHS  BXPCAPIC 00000001 BXPC 00000001)
[    0.014ry: [mem 0x000a0000-0x000effff]
[    0.504351] kernel: PM: hibernation: Registered nosave memory: [mem 0x000f0000-0x000fffff]
[    0.504361] kernel: PM: hibernation: Registered nosave memory: [mem 0xbffdd000-0xbfffffff]
[    0.504368] kernel: PM: hibernation: Registered nosave memory: [mem 0xc0000000-0xfeffbfff]
[    0.504374] kernel: PM: hibernation: Registered nosave memory: [mem 0xfeffc000-0xfeffffff]
[    0.504380] kernel: PM: hibernation: Registered nosave memory: [mem 0xff000000-0xfffbffff]
[    0.504387] kernel: PM: hibernation: Registered nosave memory: [mem 0xfffc0000-0xffffffff]
[    0.504395] kernel: [mem 0xc0000000-0xfeffbfff] available for PCI devices
[    0.504402] kernel: Booting paravirtualized kernel on KVM
[    0.504408] kernel: clocksource: refined-jiffies: mask: 0xffffffff max_cycles: 0xffffffff, max_idle_ns: 1910969940391419 ns
[    0.518093] kernel: setup_percpu: NR_CPUS:64 nr_cpumask_bits:64 nr_cpu_ids:2 nr_node_ids:1
[    0.518775] kernel: percpu: Embedded 56 p060] kernel: ACPI: HPET 0x00000000BFFE1591 000038 (v01 BOCHS  BXPCHPET 00000001 BXPC 00000001)
[    0.014078] kernel: ACPI: Reserving FACP table memory at [mem 0xbffe149d-0xbffe1510]
[    0.014086] kernel: ACPI: Reserving DSDT table memory at [mem 0xbffe0040-0xbffe149c]
[    0.014094] kernel: ACPI: Reserving FACS table memory at [mem 0xbffe0000-0xbffe003f]
[    0.014101] kernel: ACPI: Reserving APIC table memory at [mem 0xbffe1511-0xbffe1590]
[    0.014108] kernel: ACPI: Reserving HPET table memory at [mem 0xbffe1591-0xbffe15c8]
[    0.014901] kernel: No NUMA configuration found
[    0.014906] kernel: Faking a node at [mem 0x0000000000000000-0x00000002bfffffff]
[    0.014922] kernel: NODE_DATA(0) allocated [mem 0x2bfffc000-0x2bfffffff]
[    0.015627] kernel: Zone ranges:
[    0.015633] kernel:   DMA      [mem 0x0000000000001000-0x0000000000ffffff]
[    0.015645] kernel:   DMA32    [mem 0x0000000001000000-0x00000000ffffffff]
[    0.015654] kernel:   Normal   [mem 0x0000000100000000-0x0executor 1 finishes userspace_cover_open
before receiving handshake request
ages/cpu s191576 r8192 d29608 u1048576
[    0.518807] kernel: pcpu-alloc: s191576 r8192 d29608 u1048576 alloc=1*2097152
[    0.518822] kernel: pcpu-alloc: [0] 0 1 
[    0.518907] kernel: kvm-guest: setup async PF for cpu 0
[    0.518916] kernel: kvm-guest: stealtime: cpu 0, msr 26501f140
[    0.518927] kernel: Built 1 zonelists, mobility grouping on.  Total pages: 2580189
[    0.518934] kernel: Policy zone: Normal
[    0.518939] kernel: Kernel command line: root=/dev/sda console=ttyS0 net.ifnames=0 ip=192.168.0.45 quiet
[    0.526269] kernel: Dentry cache hash table entries: 2097152 (order: 12, 16777216 bytes, linear)
[    0.528452] kernel: Inode-cache hash table entries: 1048576 (order: 11, 8388608 bytes, linear)
[    0.528562] kernel: mem auto-init: stack:off, heap alloc:off, heap free:off
[    0.755504] kernel: Memory: 8817344K/10485228K available (47117K kernel code, 10298K rwdata, 7204K rodata, 2068K init, 2860K bss, 1667684K reserved, 0K cma-reserved)
[    0.755724] kernel: SLUB0000002bfffffff]
[    0.015663] kernel: Movable zone start for each node
[    0.015667] kernel: Early memory node ranges
[    0.015670] kernel:   node   0: [mem 0x0000000000001000-0x000000000009efff]
[    0.015678] kernel:   node   0: [mem 0x0000000000100000-0x00000000bffdcfff]
[    0.015686] kernel:   node   0: [mem 0x0000000100000000-0x00000002bfffffff]
[    0.015696] kernel: Initmem setup node 0 [mem 0x0000000000001000-0x00000002bfffffff]
[    0.018417] kernel: On node 0, zone DMA: 1 pages in unavailable ranges
[    0.018490] kernel: On node 0, zone DMA: 97 pages in unavailable ranges
[    0.097961] kernel: On node 0, zone Normal: 35 pages in unavailable ranges
[    0.509229] kernel: kasan: KernelAddressSanitizer initialized
[    0.509580] kernel: ACPI: PM-Timer IO Port: 0x608
[    0.509602] kernel: ACPI: LAPIC_NMI (acpi_id[0xff] dfl dfl lint[0x1])
[    0.509646] kernel: IOAPIC[0]: apic_id 0, version 17, address 0xfec00000, GSI 0-23
[    0.509661] kernel: ACPI: INT_SRC_OVR (bus 0 breq.flags ea3
debug1: Sending command: /root/syz-executor exec 0 0 glusterfs 3 4 192.168.0.43 0 "3 1 ''" false false false true false
: HWalign=64, Order=0-3, MinObjects=0, CPUs=2, Nodes=1
[    0.756407] kernel: rcu: Hierarchical RCU implementation.
[    0.756413] kernel: rcu:         RCU event tracing is enabled.
[    0.756417] kernel: rcu:         RCU restricting CPUs from NR_CPUS=64 to nr_cpu_ids=2.
[    0.756426] kernel: rcu: RCU calculated value of scheduler-enlistment delay is 100 jiffies.
[    0.756432] kernel: rcu: Adjusting geometry for rcu_fanout_leaf=16, nr_cpu_ids=2
[    0.764218] kernel: NR_IRQS: 4352, nr_irqs: 440, preallocated irqs: 16
[    0.764581] kernel: random: get_random_bytes called from start_kernel+0x22b/0x456 with crng_init=0
[    0.768585] kernel: Console: colour VGA+ 80x25
[    0.768712] kernel: printk: console [ttyS0] enabled
[    0.768763] kernel: ACPI: Core revision 20210730
[    0.769021] kernel: clocksource: hpet: mask: 0xffffffff max_cycles: 0xffffffff, max_idle_ns: 19112604467 ns
[    0.769228] kernel: APIC: Switch to symmetric I/O mode setup
[    0.769236] kernel: kvm-guest: setup us_irq 0 global_irq 2 dfl dfl)
[    0.509671] kernel: ACPI: INT_SRC_OVR (bus 0 bus_irq 5 global_irq 5 high level)
[    0.509680] kernel: ACPI: INT_SRC_OVR (bus 0 bus_irq 9 global_irq 9 high level)
[    0.509689] kernel: ACPI: INT_SRC_OVR (bus 0 bus_irq 10 global_irq 10 high level)
[    0.509699] kernel: ACPI: INT_SRC_OVR (bus 0 bus_irq 11 global_irq 11 high level)
[    0.509717] kernel: ACPI: Using ACPI (MADT) for SMP configuration information
[    0.509722] kernel: ACPI: HPET id: 0x8086a201 base: 0xfed00000
[    0.509733] kernel: TSC deadline timer available
[    0.509737] kernel: smpboot: Allowing 2 CPUs, 0 hotplug CPUs
[    0.509769] kernel: kvm-guest: KVM setup pv remote TLB flush
[    0.509776] kernel: kvm-guest: setup PV sched yield
[    0.509809] kernel: PM: hibernation: Registered nosave memory: [mem 0x00000000-0x00000fff]
[    0.509819] kernel: PM: hibernation: Registered nosave memory: [mem 0x0009f000-0x0009ffff]
[    0.509826] kernel: PM: hibernation: Registered nosave memoPV IPIs
[    0.770179] kernel: ..TIMER: vector=0x30 apic1=0 pin1=2 apic2=-1 pin2=-1
[    0.770213] kernel: clocksource: tsc-early: mask: 0xffffffffffffffff max_cycles: 0x2563bf907c6, max_idle_ns: 440795319401 ns
[    0.770235] kernel: Calibrating delay loop (skipped) preset value.. 5187.81 BogoMIPS (lpj=2593906)
[    0.770247] kernel: pid_max: default: 32768 minimum: 301
[    0.770325] kernel: LSM: Security Framework initializing
[    0.770355] kernel: SELinux:  Initializing.
[    0.770483] kernel: Mount-cache hash table entries: 32768 (order: 6, 262144 bytes, linear)
[    0.770960] kernel: Mountpoint-cache hash table entries: 32768 (order: 6, 262144 bytes, linear)
[    0.771586] kernel: x86/cpu: User Mode Instruction Prevention (UMIP) activated
[    0.771682] kernel: Last level iTLB entries: 4KB 0, 2MB 0, 4MB 0
[    0.771690] kernel: Last level dTLB entries: 4KB 0, 2MB 0, 4MB 0, 1GB 0
[    0.771716] kernel: Spectre V1 : Mitigation: usercopy/swapgs barriers and __user pointer sanitizary: [mem 0x000a0000-0x000effff]
[    0.509833] kernel: PM: hibernation: Registered nosave memory: [mem 0x000f0000-0x000fffff]
[    0.509843] kernel: PM: hibernation: Registered nosave memory: [mem 0xbffdd000-0xbfffffff]
[    0.509849] kernel: PM: hibernation: Registered nosave memory: [mem 0xc0000000-0xfeffbfff]
[    0.509856] kernel: PM: hibernation: Registered nosave memory: [mem 0xfeffc000-0xfeffffff]
[    0.509862] kernel: PM: hibernation: Registered nosave memory: [mem 0xff000000-0xfffbffff]
[    0.509869] kernel: PM: hibernation: Registered nosave memory: [mem 0xfffc0000-0xffffffff]
[    0.509877] kernel: [mem 0xc0000000-0xfeffbfff] available for PCI devices
[    0.509884] kernel: Booting paravirtualized kernel on KVM
[    0.509890] kernel: clocksource: refined-jiffies: mask: 0xffffffff max_cycles: 0xffffffff, max_idle_ns: 1910969940391419 ns
[    0.523912] kernel: setup_percpu: NR_CPUS:64 nr_cpumask_bits:64 nr_cpu_ids:2 nr_node_ids:1
[    0.524583] kernel: percpu: Embedded 56 ption
[    0.771729] kernel: Spectre V2 : Mitigation: Enhanced IBRS
[    0.771734] kernel: Spectre V2 : Spectre v2 / SpectreRSB mitigation: Filling RSB on context switch
[    0.771742] kernel: Spectre V2 : mitigation: Enabling conditional Indirect Branch Prediction Barrier
[    0.771751] kernel: Speculative Store Bypass: Mitigation: Speculative Store Bypass disabled via prctl and seccomp
[    0.771758] kernel: TAA: Mitigation: TSX disabled
[    0.792428] kernel: Freeing SMP alternatives memory: 40K
[    0.792666] kernel: smpboot: CPU0: Intel(R) Xeon(R) Gold 6348 CPU @ 2.60GHz (family: 0x6, model: 0x6a, stepping: 0x6)
[    0.792921] kernel: Performance Events: Icelake events, 32-deep LBR, full-width counters, Intel PMU driver.
[    0.793048] kernel: ... version:                2
[    0.793053] kernel: ... bit width:              48
[    0.793057] kernel: ... generic registers:      8
[    0.793062] kernel: ... value mask:             0000ffffffffffff
[    0.793067] kernel: ... max perioages/cpu s191576 r8192 d29608 u1048576
[    0.524616] kernel: pcpu-alloc: s191576 r8192 d29608 u1048576 alloc=1*2097152
[    0.524631] kernel: pcpu-alloc: [0] 0 1 
[    0.524716] kernel: kvm-guest: setup async PF for cpu 0
[    0.524726] kernel: kvm-guest: stealtime: cpu 0, msr 26501f140
[    0.524736] kernel: Built 1 zonelists, mobility grouping on.  Total pages: 2580189
[    0.524743] kernel: Policy zone: Normal
[    0.524748] kernel: Kernel command line: root=/dev/sda console=ttyS0 net.ifnames=0 ip=192.168.0.44 quiet
[    0.529525] kernel: Dentry cache hash table entries: 2097152 (order: 12, 16777216 bytes, linear)
[    0.531947] kernel: Inode-cache hash table entries: 1048576 (order: 11, 8388608 bytes, linear)
[    0.532060] kernel: mem auto-init: stack:off, heap alloc:off, heap free:off
[    0.768376] kernel: Memory: 8817344K/10485228K available (47117K kernel code, 10298K rwdata, 7204K rodata, 2068K init, 2860K bss, 1667684K reserved, 0K cma-reserved)
[    0.768595] kernel: SLUB: HWalign=64, Order=0-3, MinObjects=0, CPUs=2, Nodes=1
[    0.769242] kernel: rcu: Hierarchical RCU implementation.
[    0.769248] kernel: rcu:         RCU event tracing is enabled.
[    0.769252] kernel: rcu:         RCU restricting CPUs from NR_CPUS=64 to nr_cpu_ids=2.
[    0.769261] kernel: rcu: RCU calculated value of scheduler-enlistment delay is 100 jiffies.
[    0.769267] kernel: rcu: Adjusting geometry for rcu_fanout_leaf=16, nr_cpu_ids=2
[    0.777090] kernel: NR_IRQS: 4352, nr_irqs: 440, preallocated irqs: 16
[    0.777465] kernel: random: get_random_bytes called from start_kernel+0x22b/0x456 with crng_init=0
[    0.781376] kernel: Console: colour VGA+ 80x25
[    0.781493] kernel: printk: console [ttyS0] enabled
[    0.781537] kernel: ACPI: Core revision 20210730
[    0.781777] kernel: clocksource: hpet: mask: 0xffffffff max_cycles: 0xffffffff, max_idle_ns: 19112604467 ns
[    0.781920] kernel: APIC: Switch to symmetric I/O mode setup
[    0.781928] kernel: kvm-guest: setup d:             00007fffffffffff
[    0.793072] kernel: ... fixed-purpose events:   3
[    0.793077] kernel: ... event mask:             00000007000000ff
[    0.793318] kernel: rcu: Hierarchical SRCU implementation.
[    0.794611] kernel: smp: Bringing up secondary CPUs ...
[    0.794826] kernel: x86: Booting SMP configuration:
[    0.794831] kernel: .... node  #0, CPUs:      #1
[    0.005711] kernel: kvm-clock: cpu 1, msr 1a5358041, secondary cpu clock
[    0.005711] kernel: smpboot: CPU 1 Converting physical 0 to logical die 1
[    0.796281] kernel: kvm-guest: setup async PF for cpu 1
[    0.796304] kernel: kvm-guest: stealtime: cpu 1, msr 26511f140
[    0.796334] kernel: smp: Brought up 1 node, 2 CPUs
[    0.796334] kernel: smpboot: Max logical packages: 2
[    0.796334] kernel: smpboot: Total of 2 processors activated (10375.62 BogoMIPS)
[    0.797334] kernel: devtmpfs: initialized
[    0.801594] kernel: clocksource: jiffies: mask: 0xffffffff max_cycles: 0xffffffff, max_idle_ns: 19PV IPIs
[    0.782869] kernel: ..TIMER: vector=0x30 apic1=0 pin1=2 apic2=-1 pin2=-1
[    0.782901] kernel: clocksource: tsc-early: mask: 0xffffffffffffffff max_cycles: 0x2563bf907c6, max_idle_ns: 440795319401 ns
[    0.782923] kernel: Calibrating delay loop (skipped) preset value.. 5187.81 BogoMIPS (lpj=2593906)
[    0.782935] kernel: pid_max: default: 32768 minimum: 301
[    0.783010] kernel: LSM: Security Framework initializing
[    0.783040] kernel: SELinux:  Initializing.
[    0.783171] kernel: Mount-cache hash table entries: 32768 (order: 6, 262144 bytes, linear)
[    0.783674] kernel: Mountpoint-cache hash table entries: 32768 (order: 6, 262144 bytes, linear)
[    0.784448] kernel: x86/cpu: User Mode Instruction Prevention (UMIP) activated
[    0.784549] kernel: Last level iTLB entries: 4KB 0, 2MB 0, 4MB 0
[    0.784557] kernel: Last level dTLB entries: 4KB 0, 2MB 0, 4MB 0, 1GB 0
[    0.784584] kernel: Spectre V1 : Mitigation: usercopy/swapgs barriers and __user pointer sanitiza11260446275000 ns
[    0.801612] kernel: futex hash table entries: 512 (order: 3, 32768 bytes, linear)
[    0.801897] kernel: PM: RTC time: 15:11:18, date: 2023-03-04
[    0.802339] kernel: NET: Registered PF_NETLINK/PF_ROUTE protocol family
[    0.802913] kernel: audit: initializing netlink subsys (disabled)
[    0.803231] kernel: audit: type=2000 audit(1677942679.117:1): state=initialized audit_enabled=0 res=1
[    0.803847] kernel: thermal_sys: Registered thermal governor 'step_wise'
[    0.803854] kernel: thermal_sys: Registered thermal governor 'user_space'
[    0.803927] kernel: cpuidle: using governor menu
[    0.804230] kernel: ACPI: bus type PCI registered
[    0.804600] kernel: PCI: Using configuration type 1 for base access
[    0.821926] kernel: Kprobes globally optimized
[    0.822256] kernel: HugeTLB registered 2.00 MiB page size, pre-allocated 0 pages
[    0.822355] kernel: cryptomgr_test (26) used greatest stack depth: 30608 bytes left
[    0.823394] kernel: ACPI: Added _OSI(Module Device)
[    0.823394] kernel: ACPI: Added _OSI(Processor Device)
[    0.823394] kernel: ACPI: Added _OSI(3.0 _SCP Extensions)
[    0.823394] kernel: ACPI: Added _OSI(Processor Aggregator Device)
[    0.824230] kernel: ACPI: Added _OSI(Linux-Dell-Video)
[    0.824238] kernel: ACPI: Added _OSI(Linux-Lenovo-NV-HDMI-Audio)
[    0.824246] kernel: ACPI: Added _OSI(Linux-HPI-Hybrid-Graphics)
[    0.836958] kernel: ACPI: 1 ACPI AML tables successfully acquired and loaded
[    0.840809] kernel: ACPI: Interpreter enabled
[    0.840898] kernel: ACPI: PM: (supports S0 S3 S4 S5)
[    0.840905] kernel: ACPI: Using IOAPIC for interrupt routing
[    0.840970] kernel: PCI: Using host bridge windows from ACPI; if necessary, use "pci=nocrs" and report a bug
[    0.841908] kernel: ACPI: Enabled 2 GPEs in block 00 to 0F
[    0.867825] kernel: ACPI: PCI Root Bridge [PCI0] (domain 0000 [bus 00-ff])
[    0.867856] kernel: acpi PNP0A03:00: _OSC: OS supports [ASPM ClockPM Segments MSI HPX-Type3]tion
[    0.784597] kernel: Spectre V2 : Mitigation: Enhanced IBRS
[    0.784602] kernel: Spectre V2 : Spectre v2 / SpectreRSB mitigation: Filling RSB on context switch
[    0.784610] kernel: Spectre V2 : mitigation: Enabling conditional Indirect Branch Prediction Barrier
[    0.784619] kernel: Speculative Store Bypass: Mitigation: Speculative Store Bypass disabled via prctl and seccomp
[    0.784626] kernel: TAA: Mitigation: TSX disabled
[    0.806093] kernel: Freeing SMP alternatives memory: 40K
[    0.806296] kernel: smpboot: CPU0: Intel(R) Xeon(R) Gold 6348 CPU @ 2.60GHz (family: 0x6, model: 0x6a, stepping: 0x6)
[    0.806539] kernel: Performance Events: Icelake events, 32-deep LBR, full-width counters, Intel PMU driver.
[    0.806666] kernel: ... version:                2
[    0.806670] kernel: ... bit width:              48
[    0.806675] kernel: ... generic registers:      8
[    0.806679] kernel: ... value mask:             0000ffffffffffff
[    0.806684] kernel: ... max perio
[    0.867958] kernel: acpi PNP0A03:00: fail to add MMCONFIG information, can't access extended PCI configuration space under this bridge.
[    0.868230] kernel: PCI host bridge to bus 0000:00
[    0.868239] kernel: pci_bus 0000:00: root bus resource [io  0x0000-0x0cf7 window]
[    0.868253] kernel: pci_bus 0000:00: root bus resource [io  0x0d00-0xffff window]
[    0.868265] kernel: pci_bus 0000:00: root bus resource [mem 0x000a0000-0x000bffff window]
[    0.868279] kernel: pci_bus 0000:00: root bus resource [mem 0xc0000000-0xfebfffff window]
[    0.868292] kernel: pci_bus 0000:00: root bus resource [mem 0x2c0000000-0x33fffffff window]
[    0.868306] kernel: pci_bus 0000:00: root bus resource [bus 00-ff]
[    0.869543] kernel: pci 0000:00:00.0: [8086:1237] type 00 class 0x060000
[    0.871473] kernel: pci 0000:00:01.0: [8086:7000] type 00 class 0x060100
[    0.872895] kernel: pci 0000:00:01.1: [8086:7010] type 00 class 0x010180
[    0.874996] kernel: pci 0000:00:01.1: reg 0x20: [io  d:             00007fffffffffff
[    0.806689] kernel: ... fixed-purpose events:   3
[    0.806693] kernel: ... event mask:             00000007000000ff
[    0.806884] kernel: rcu: Hierarchical SRCU implementation.
[    0.807769] kernel: smp: Bringing up secondary CPUs ...
[    0.807978] kernel: x86: Booting SMP configuration:
[    0.807983] kernel: .... node  #0, CPUs:      #1
[    0.005520] kernel: kvm-clock: cpu 1, msr 143f58041, secondary cpu clock
[    0.005520] kernel: smpboot: CPU 1 Converting physical 0 to logical die 1
[    0.808949] kernel: kvm-guest: setup async PF for cpu 1
[    0.808966] kernel: kvm-guest: stealtime: cpu 1, msr 26511f140
[    0.808984] kernel: smp: Brought up 1 node, 2 CPUs
[    0.808984] kernel: smpboot: Max logical packages: 2
[    0.808984] kernel: smpboot: Total of 2 processors activated (10375.62 BogoMIPS)
[    0.809927] kernel: devtmpfs: initialized
[    0.814272] kernel: clocksource: jiffies: mask: 0xffffffff max_cycles: 0xffffffff, max_idle_ns: 190xc0c0-0xc0cf]
[    0.875858] kernel: pci 0000:00:01.1: legacy IDE quirk: reg 0x10: [io  0x01f0-0x01f7]
[    0.875870] kernel: pci 0000:00:01.1: legacy IDE quirk: reg 0x14: [io  0x03f6]
[    0.875880] kernel: pci 0000:00:01.1: legacy IDE quirk: reg 0x18: [io  0x0170-0x0177]
[    0.875890] kernel: pci 0000:00:01.1: legacy IDE quirk: reg 0x1c: [io  0x0376]
[    0.877937] kernel: pci 0000:00:01.3: [8086:7113] type 00 class 0x068000
[    0.878509] kernel: pci 0000:00:01.3: quirk: [io  0x0600-0x063f] claimed by PIIX4 ACPI
[    0.878531] kernel: pci 0000:00:01.3: quirk: [io  0x0700-0x070f] claimed by PIIX4 SMB
[    0.880342] kernel: pci 0000:00:02.0: [1234:1111] type 00 class 0x030000
[    0.881239] kernel: pci 0000:00:02.0: reg 0x10: [mem 0xfd000000-0xfdffffff pref]
[    0.882652] kernel: pci 0000:00:02.0: reg 0x18: [mem 0xfeb90000-0xfeb90fff]
[    0.885241] kernel: pci 0000:00:02.0: reg 0x30: [mem 0xfeb80000-0xfeb8ffff pref]
[    0.887268] kernel: pci 0000:00:03.0: [1af4:1005] type 00 cla11260446275000 ns
[    0.814289] kernel: futex hash table entries: 512 (order: 3, 32768 bytes, linear)
[    0.814564] kernel: PM: RTC time: 15:11:18, date: 2023-03-04
[    0.815029] kernel: NET: Registered PF_NETLINK/PF_ROUTE protocol family
[    0.815604] kernel: audit: initializing netlink subsys (disabled)
[    0.815657] kernel: audit: type=2000 audit(1677942679.178:1): state=initialized audit_enabled=0 res=1
[    0.816176] kernel: thermal_sys: Registered thermal governor 'step_wise'
[    0.816181] kernel: thermal_sys: Registered thermal governor 'user_space'
[    0.817954] kernel: cpuidle: using governor menu
[    0.818416] kernel: ACPI: bus type PCI registered
[    0.818746] kernel: PCI: Using configuration type 1 for base access
[    0.836926] kernel: Kprobes globally optimized
[    0.837031] kernel: HugeTLB registered 2.00 MiB page size, pre-allocated 0 pages
[    0.837033] kernel: cryptomgr_test (26) used greatest stack depth: 30608 bytes left
[    0.838017] kernel: ACPI: Addess 0x00ff00
[    0.887869] kernel: pci 0000:00:03.0: reg 0x10: [io  0xc080-0xc09f]
[    0.889817] kernel: pci 0000:00:03.0: reg 0x20: [mem 0xfe200000-0xfe203fff 64bit pref]
[    0.892444] kernel: pci 0000:00:04.0: [1af4:1000] type 00 class 0x020000
[    0.893233] kernel: pci 0000:00:04.0: reg 0x10: [io  0xc0a0-0xc0bf]
[    0.894232] kernel: pci 0000:00:04.0: reg 0x14: [mem 0xfeb91000-0xfeb91fff]
[    0.897233] kernel: pci 0000:00:04.0: reg 0x20: [mem 0xfe204000-0xfe207fff 64bit pref]
[    0.897953] kernel: pci 0000:00:04.0: reg 0x30: [mem 0xfeb00000-0xfeb7ffff pref]
[    0.900198] kernel: pci 0000:00:05.0: [1af4:1001] type 00 class 0x010000
[    0.901074] kernel: pci 0000:00:05.0: reg 0x10: [io  0xc000-0xc07f]
[    0.901636] kernel: pci 0000:00:05.0: reg 0x14: [mem 0xfeb92000-0xfeb92fff]
[    0.903656] kernel: pci 0000:00:05.0: reg 0x20: [mem 0xfe208000-0xfe20bfff 64bit pref]
[    0.906537] kernel: pci 0000:00:10.0: [1af4:1110] type 00 class 0x050000
[    0.907239] kernel: pci 0000:00d _OSI(Module Device)
[    0.838017] kernel: ACPI: Added _OSI(Processor Device)
[    0.838017] kernel: ACPI: Added _OSI(3.0 _SCP Extensions)
[    0.838017] kernel: ACPI: Added _OSI(Processor Aggregator Device)
[    0.838021] kernel: ACPI: Added _OSI(Linux-Dell-Video)
[    0.838028] kernel: ACPI: Added _OSI(Linux-Lenovo-NV-HDMI-Audio)
[    0.838036] kernel: ACPI: Added _OSI(Linux-HPI-Hybrid-Graphics)
[    0.851453] kernel: ACPI: 1 ACPI AML tables successfully acquired and loaded
[    0.855733] kernel: ACPI: Interpreter enabled
[    0.855824] kernel: ACPI: PM: (supports S0 S3 S4 S5)
[    0.855830] kernel: ACPI: Using IOAPIC for interrupt routing
[    0.855896] kernel: PCI: Using host bridge windows from ACPI; if necessary, use "pci=nocrs" and report a bug
[    0.856888] kernel: ACPI: Enabled 2 GPEs in block 00 to 0F
[    0.884073] kernel: ACPI: PCI Root Bridge [PCI0] (domain 0000 [bus 00-ff])
[    0.884105] kernel: acpi PNP0A03:00: _OSC: OS supports [ASPM ClockPM Segments MSI HPX-Type3]
[    0.884209] kernel: acpi PNP0A03:00: fail to add MMCONFIG information, can't access extended PCI configuration space under this bridge.
[    0.884490] kernel: PCI host bridge to bus 0000:00
[    0.884499] kernel: pci_bus 0000:00: root bus resource [io  0x0000-0x0cf7 window]
[    0.884513] kernel: pci_bus 0000:00: root bus resource [io  0x0d00-0xffff window]
[    0.884526] kernel: pci_bus 0000:00: root bus resource [mem 0x000a0000-0x000bffff window]
[    0.884540] kernel: pci_bus 0000:00: root bus resource [mem 0xc0000000-0xfebfffff window]
[    0.884553] kernel: pci_bus 0000:00: root bus resource [mem 0x2c0000000-0x33fffffff window]
[    0.884568] kernel: pci_bus 0000:00: root bus resource [bus 00-ff]
[    0.885835] kernel: pci 0000:00:00.0: [8086:1237] type 00 class 0x060000
[    0.887815] kernel: pci 0000:00:01.0: [8086:7000] type 00 class 0x060100
[    0.889280] kernel: pci 0000:00:01.1: [8086:7010] type 00 class 0x010180
[    0.891331] kernel: pci 0000:00:01.1: reg 0x20: [io  :10.0: reg 0x10: [mem 0xfeb93000-0xfeb930ff]
[    0.908538] kernel: pci 0000:00:10.0: reg 0x18: [mem 0xfe000000-0xfe0fffff 64bit pref]
[    0.912129] kernel: pci 0000:00:11.0: [1af4:1110] type 00 class 0x050000
[    0.912485] kernel: pci 0000:00:11.0: reg 0x10: [mem 0xfeb94000-0xfeb940ff]
[    0.913477] kernel: pci 0000:00:11.0: reg 0x18: [mem 0xfe20c000-0xfe20c3ff 64bit pref]
[    0.917763] kernel: pci 0000:00:12.0: [1af4:1110] type 00 class 0x050000
[    0.918555] kernel: pci 0000:00:12.0: reg 0x10: [mem 0xfeb95000-0xfeb950ff]
[    0.919968] kernel: pci 0000:00:12.0: reg 0x18: [mem 0xfe100000-0xfe1fffff 64bit pref]
[    0.925995] kernel: ACPI: PCI: Interrupt link LNKA configured for IRQ 10
[    0.926775] kernel: ACPI: PCI: Interrupt link LNKB configured for IRQ 10
[    0.927535] kernel: ACPI: PCI: Interrupt link LNKC configured for IRQ 11
[    0.928294] kernel: ACPI: PCI: Interrupt link LNKD configured for IRQ 11
[    0.928620] kernel: ACPI: PCI: Interrupt link LNKS configured for I0xc0c0-0xc0cf]
[    0.892157] kernel: pci 0000:00:01.1: legacy IDE quirk: reg 0x10: [io  0x01f0-0x01f7]
[    0.892170] kernel: pci 0000:00:01.1: legacy IDE quirk: reg 0x14: [io  0x03f6]
[    0.892180] kernel: pci 0000:00:01.1: legacy IDE quirk: reg 0x18: [io  0x0170-0x0177]
[    0.892191] kernel: pci 0000:00:01.1: legacy IDE quirk: reg 0x1c: [io  0x0376]
[    0.894221] kernel: pci 0000:00:01.3: [8086:7113] type 00 class 0x068000
[    0.894520] kernel: pci 0000:00:01.3: quirk: [io  0x0600-0x063f] claimed by PIIX4 ACPI
[    0.894538] kernel: pci 0000:00:01.3: quirk: [io  0x0700-0x070f] claimed by PIIX4 SMB
[    0.896370] kernel: pci 0000:00:02.0: [1234:1111] type 00 class 0x030000
[    0.897324] kernel: pci 0000:00:02.0: reg 0x10: [mem 0xfd000000-0xfdffffff pref]
[    0.898807] kernel: pci 0000:00:02.0: reg 0x18: [mem 0xfeb90000-0xfeb90fff]
[    0.902770] kernel: pci 0000:00:02.0: reg 0x30: [mem 0xfeb80000-0xfeb8ffff pref]
[    0.905621] kernel: pci 0000:00:03.0: [1af4:1005] type 00 claRQ 9
[    0.929984] kernel: iommu: Default domain type: Translated 
[    0.929991] kernel: iommu: DMA domain TLB invalidation policy: lazy mode 
[    0.930064] kernel: pci 0000:00:02.0: vgaarb: setting as boot VGA device
[    0.930064] kernel: pci 0000:00:02.0: vgaarb: VGA device added: decodes=io+mem,owns=io+mem,locks=none
[    0.930064] kernel: pci 0000:00:02.0: vgaarb: bridge control possible
[    0.930064] kernel: vgaarb: loaded
[    0.930570] kernel: SCSI subsystem initialized
[    0.930642] kernel: libata version 3.00 loaded.
[    0.930642] kernel: ACPI: bus type USB registered
[    0.930642] kernel: usbcore: registered new interface driver usbfs
[    0.930642] kernel: usbcore: registered new interface driver hub
[    0.930642] kernel: usbcore: registered new device driver usb
[    0.930706] kernel: pps_core: LinuxPPS API ver. 1 registered
[    0.930711] kernel: pps_core: Software ver. 5.3.6 - Copyright 2005-2007 Rodolfo Giometti <giometti@linux.it>
[    0.930733] kernel: PTP cl----- is restarting 0
---- dfs_name glusterfs is_dfs_client 0
ock support registered
[    0.931377] kernel: Advanced Linux Sound Architecture Driver Initialized.
[    0.932029] kernel: NetLabel: Initializing
[    0.932033] kernel: NetLabel:  domain hash size = 128
[    0.932038] kernel: NetLabel:  protocols = UNLABELED CIPSOv4 CALIPSO
[    0.932113] kernel: NetLabel:  unlabeled traffic allowed by default
[    0.932252] kernel: PCI: Using ACPI for IRQ routing
[    0.932258] kernel: PCI: pci_cache_line_size set to 64 bytes
[    0.932391] kernel: e820: reserve RAM buffer [mem 0x0009fc00-0x0009ffff]
[    0.932405] kernel: e820: reserve RAM buffer [mem 0xbffdd000-0xbfffffff]
[    0.932596] kernel: hpet0: at MMIO 0xfed00000, IRQs 2, 8, 0
[    0.932618] kernel: hpet0: 3 comparators, 64-bit 100.000000 MHz counter
[    0.934334] kernel: clocksource: Switched to clocksource kvm-clock
[    0.999850] kernel: VFS: Disk quotas dquot_6.6.0
[    0.999914] kernel: VFS: Dquot-cache hash table entries: 512 (order 0, 4096 bytes)
[    1.000125] kernel: pnp: PnP ACPIss 0x00ff00
[    0.906167] kernel: pci 0000:00:03.0: reg 0x10: [io  0xc080-0xc09f]
[    0.908248] kernel: pci 0000:00:03.0: reg 0x20: [mem 0xfe200000-0xfe203fff 64bit pref]
[    0.911130] kernel: pci 0000:00:04.0: [1af4:1000] type 00 class 0x020000
[    0.911922] kernel: pci 0000:00:04.0: reg 0x10: [io  0xc0a0-0xc0bf]
[    0.913922] kernel: pci 0000:00:04.0: reg 0x14: [mem 0xfeb91000-0xfeb91fff]
[    0.916793] kernel: pci 0000:00:04.0: reg 0x20: [mem 0xfe204000-0xfe207fff 64bit pref]
[    0.917313] kernel: pci 0000:00:04.0: reg 0x30: [mem 0xfeb00000-0xfeb7ffff pref]
[    0.919491] kernel: pci 0000:00:05.0: [1af4:1001] type 00 class 0x010000
[    0.920356] kernel: pci 0000:00:05.0: reg 0x10: [io  0xc000-0xc07f]
[    0.920921] kernel: pci 0000:00:05.0: reg 0x14: [mem 0xfeb92000-0xfeb92fff]
[    0.924319] kernel: pci 0000:00:05.0: reg 0x20: [mem 0xfe208000-0xfe20bfff 64bit pref]
[    0.927006] kernel: pci 0000:00:10.0: [1af4:1110] type 00 class 0x050000
[    0.927748] kernel: pci 0000:00 init
[    1.000848] kernel: pnp 00:03: [dma 2]
[    1.003365] kernel: pnp: PnP ACPI: found 6 devices
[    1.067878] kernel: clocksource: acpi_pm: mask: 0xffffff max_cycles: 0xffffff, max_idle_ns: 2085701024 ns
[    1.067980] kernel: NET: Registered PF_INET protocol family
[    1.068735] kernel: IP idents hash table entries: 262144 (order: 9, 2097152 bytes, linear)
[    1.071364] kernel: tcp_listen_portaddr_hash hash table entries: 8192 (order: 5, 131072 bytes, linear)
[    1.071922] kernel: TCP established hash table entries: 131072 (order: 8, 1048576 bytes, linear)
[    1.072788] kernel: TCP bind hash table entries: 65536 (order: 8, 1048576 bytes, linear)
[    1.073874] kernel: TCP: Hash tables configured (established 131072 bind 65536)
[    1.073973] kernel: UDP hash table entries: 8192 (order: 6, 262144 bytes, linear)
[    1.074106] kernel: UDP-Lite hash table entries: 8192 (order: 6, 262144 bytes, linear)
[    1.074376] kernel: NET: Registered PF_UNIX/PF_LOCAL protocol family
[  unlink FIFO failed: No such file or directory
:10.0: reg 0x10: [mem 0xfeb93000-0xfeb930ff]
[    0.928857] kernel: pci 0000:00:10.0: reg 0x18: [mem 0xfe000000-0xfe0fffff 64bit pref]
[    0.932924] kernel: pci 0000:00:11.0: [1af4:1110] type 00 class 0x050000
[    0.933453] kernel: pci 0000:00:11.0: reg 0x10: [mem 0xfeb94000-0xfeb940ff]
[    0.934401] kernel: pci 0000:00:11.0: reg 0x18: [mem 0xfe20c000-0xfe20c3ff 64bit pref]
[    0.937437] kernel: pci 0000:00:12.0: [1af4:1110] type 00 class 0x050000
[    0.937925] kernel: pci 0000:00:12.0: reg 0x10: [mem 0xfeb95000-0xfeb950ff]
[    0.939248] kernel: pci 0000:00:12.0: reg 0x18: [mem 0xfe100000-0xfe1fffff 64bit pref]
[    0.948162] kernel: ACPI: PCI: Interrupt link LNKA configured for IRQ 10
[    0.949386] kernel: ACPI: PCI: Interrupt link LNKB configured for IRQ 10
[    0.950573] kernel: ACPI: PCI: Interrupt link LNKC configured for IRQ 11
[    0.951770] kernel: ACPI: PCI: Interrupt link LNKD configured for IRQ 11
[    0.952272] kernel: ACPI: PCI: Interrupt link LNKS configured for IRQ 9
[    0.954681] kernel: iommu: Default domain type: Translated 
[    0.954693] kernel: iommu: DMA domain TLB invalidation policy: lazy mode 
[    0.954799] kernel: pci 0000:00:02.0: vgaarb: setting as boot VGA device
[    0.954799] kernel: pci 0000:00:02.0: vgaarb: VGA device added: decodes=io+mem,owns=io+mem,locks=none
[    0.954935] kernel: pci 0000:00:02.0: vgaarb: bridge control possible
[    0.954947] kernel: vgaarb: loaded
[    0.955491] kernel: SCSI subsystem initialized
[    0.955588] kernel: libata version 3.00 loaded.
[    0.955588] kernel: ACPI: bus type USB registered
[    0.955992] kernel: usbcore: registered new interface driver usbfs
[    0.956051] kernel: usbcore: registered new interface driver hub
[    0.956092] kernel: usbcore: registered new device driver usb
[    0.956201] kernel: pps_core: LinuxPPS API ver. 1 registered
[    0.956208] kernel: pps_core: Software ver. 5.3.6 - Copyright 2005-2007 Rodolfo Giometti <giometti@linux.it>
[    0.956233] kernel: PTP cl[    0.000000] kernel: Linux version 5.15.0+ (tlyu@IC-RS3-DPC07) (gcc (Ubuntu 9.4.0-1ubuntu1~20.04.1) 9.4.0, GNU ld (GNU Binutils for Ubuntu) 2.34) #8 SMP Fri Jun 3 16:18:40 CEST 2022
[    0.000000] kernel: Command line: root=/dev/sda console=ttyS0 net.ifnames=0 ip=192.168.0.43 quiet
[    0.000000] kernel: x86/fpu: Supporting XSAVE feature 0x001: 'x87 floating point registers'
[    0.000000] kernel: x86/fpu: Supporting XSAVE feature 0x002: 'SSE registers'
[    0.000000] kernel: x86/fpu: Supporting XSAVE feature 0x004: 'AVX registers'
[    0.000000] kernel: x86/fpu: Supporting XSAVE feature 0x020: 'AVX-512 opmask'
[    0.000000] kernel: x86/fpu: Supporting XSAVE feature 0x040: 'AVX-512 Hi256'
[    0.000000] kernel: x86/fpu: Supporting XSAVE feature 0x080: 'AVX-512 ZMM_Hi256'
[    0.000000] kernel: x86/fpu: Supporting XSAVE feature 0x200: 'Protection Keys User registers'
[    0.000000] kernel: x86/fpu: xstate_offset[2]:  576, xstate_sizes[2]:  256
[    0.000000] kernel: x86/fpu: xstate_ock support registered
[    0.960140] kernel: Advanced Linux Sound Architecture Driver Initialized.
[    0.961747] kernel: NetLabel: Initializing
[    0.961753] kernel: NetLabel:  domain hash size = 128
[    0.961759] kernel: NetLabel:  protocols = UNLABELED CIPSOv4 CALIPSO
[    0.961842] kernel: NetLabel:  unlabeled traffic allowed by default
[    0.961966] kernel: PCI: Using ACPI for IRQ routing
[    0.961966] kernel: PCI: pci_cache_line_size set to 64 bytes
[    0.962106] kernel: e820: reserve RAM buffer [mem 0x0009fc00-0x0009ffff]
[    0.962121] kernel: e820: reserve RAM buffer [mem 0xbffdd000-0xbfffffff]
[    0.962328] kernel: hpet0: at MMIO 0xfed00000, IRQs 2, 8, 0
[    0.962356] kernel: hpet0: 3 comparators, 64-bit 100.000000 MHz counter
[    0.967018] kernel: clocksource: Switched to clocksource kvm-clock
[    1.071032] kernel: VFS: Disk quotas dquot_6.6.0
[    1.071083] kernel: VFS: Dquot-cache hash table entries: 512 (order 0, 4096 bytes)
[    1.071284] kernel: pnp: PnP ACPI init
[    1.072031] kernel: pnp 00:03: [dma 2]
[    1.074642] kernel: pnp: PnP ACPI: found 6 devices
[    1.186979] kernel: clocksource: acpi_pm: mask: 0xffffff max_cycles: 0xffffff, max_idle_ns: 2085701024 ns
[    1.187086] kernel: NET: Registered PF_INET protocol family
[    1.187706] kernel: IP idents hash table entries: 262144 (order: 9, 2097152 bytes, linear)
[    1.195556] kernel: tcp_listen_portaddr_hash hash table entries: 8192 (order: 5, 131072 bytes, linear)
[    1.196095] kernel: TCP established hash table entries: 131072 (order: 8, 1048576 bytes, linear)
[    1.196986] kernel: TCP bind hash table entries: 65536 (order: 8, 1048576 bytes, linear)
[    1.198022] kernel: TCP: Hash tables configured (established 131072 bind 65536)
[    1.198118] kernel: UDP hash table entries: 8192 (order: 6, 262144 bytes, linear)
[    1.198257] kernel: UDP-Lite hash table entries: 8192 (order: 6, 262144 bytes, linear)
[    1.198516] kernel: NET: Registered PF_UNIX/PF_LOCAL protocol family
[    1.199405] kernel: pci_bus 0000:00: resource 4 [io  0x0000-0x0cf7 window]
[    1.199423] kernel: pci_bus 0000:00: resource 5 [io  0x0d00-0xffff window]
[    1.199436] kernel: pci_bus 0000:00: resource 6 [mem 0x000a0000-0x000bffff window]
[    1.199449] kernel: pci_bus 0000:00: resource 7 [mem 0xc0000000-0xfebfffff window]
[    1.199462] kernel: pci_bus 0000:00: resource 8 [mem 0x2c0000000-0x33fffffff window]
[    1.199763] kernel: pci 0000:00:01.0: PIIX3: Enabling Passive Release
[    1.199781] kernel: pci 0000:00:00.0: Limiting direct PCI/PCI transfers
[    1.199815] kernel: pci 0000:00:01.0: Activating ISA DMA hang workarounds
[    1.199906] kernel: pci 0000:00:02.0: Video device with shadowed ROM at [mem 0x000c0000-0x000dffff]
[    1.200065] kernel: PCI: CLS 0 bytes, default 64
[    1.200337] kernel: PCI-DMA: Using software bounce buffering for IO (SWIOTLB)
[    1.200343] kernel: software IO TLB: mapped [mem 0x00000000bbfdd000-0x00000000bffdd000] (64MB)
[    1.201171] kernel: RAPLexecutor 0 finishes userspace_cover_open
offset[5]:  832, xstate_sizes[5]:   64
[    0.000000] kernel: x86/fpu: xstate_offset[6]:  896, xstate_sizes[6]:  512
[    0.000000] kernel: x86/fpu: xstate_offset[7]: 1408, xstate_sizes[7]: 1024
[    0.000000] kernel: x86/fpu: xstate_offset[9]: 2432, xstate_sizes[9]:    8
[    0.000000] kernel: x86/fpu: Enabled xstate features 0x2e7, context size is 2440 bytes, using 'compacted' format.
[    0.000000] kernel: signal: max sigframe size: 3632
[    0.000000] kernel: BIOS-provided physical RAM map:
[    0.000000] kernel: BIOS-e820: [mem 0x0000000000000000-0x000000000009fbff] usable
[    0.000000] kernel: BIOS-e820: [mem 0x000000000009fc00-0x000000000009ffff] reserved
[    0.000000] kernel: BIOS-e820: [mem 0x00000000000f0000-0x00000000000fffff] reserved
[    0.000000] kernel: BIOS-e820: [mem 0x0000000000100000-0x00000000bffdcfff] usable
[    0.000000] kernel: BIOS-e820: [mem 0x00000000bffdd000-0x00000000bfffffff] reserved
[    0.000000] kernel: BIOS-e820: [mem 0x00000000feffc000-0x00000000before receiving handshake request
 PMU: API unit is 2^-32 Joules, 0 fixed counters, 10737418240 ms ovfl timer
[    1.201205] kernel: clocksource: tsc: mask: 0xffffffffffffffff max_cycles: 0x2563bf907c6, max_idle_ns: 440795319401 ns
[    1.201242] kernel: clocksource: Switched to clocksource tsc
[    1.204382] kernel: Initialise system trusted keyrings
[    1.204511] kernel: workingset: timestamp_bits=56 max_order=22 bucket_order=0
[    1.219269] kernel: fuse: init (API version 7.34)
[    1.233800] kernel: Key type asymmetric registered
[    1.233812] kernel: Asymmetric key parser 'x509' registered
[    1.234002] kernel: Block layer SCSI generic (bsg) driver version 0.4 loaded (major 251)
[    1.234009] kernel: io scheduler mq-deadline registered
[    1.234015] kernel: io scheduler kyber registered
[    1.235000] kernel: input: Power Button as /devices/LNXSYSTM:00/LNXPWRBN:00/input/input0
[    1.235201] kernel: ACPI: button: Power Button [PWRF]
[    1.963134] kernel: ACPI: \_SB_.LNKC: Enabled at IRQ 11
[    2.656179] kernel: ACPI: \_SB_.LNKD: Enabled at IRQ 10
[    3.348924] kernel: ACPI: \_SB_.LNKA: Enabled at IRQ 10
[    3.350166] kernel: Serial: 8250/16550 driver, 4 ports, IRQ sharing enabled
[    3.350346] kernel: 00:05: ttyS0 at I/O 0x3f8 (irq = 4, base_baud = 115200) is a 16550A
[    3.352177] kernel: Non-volatile memory driver v1.3
[    3.352299] kernel: Linux agpgart interface v0.103
[    3.360811] kernel: loop: module loaded
[    3.362204] kernel: virtio_blk virtio2: [vda] 1024000 512-byte logical blocks (524 MB/500 MiB)
[    3.364404] kernel: ata_piix 0000:00:01.1: version 2.13
[    3.366222] kernel: scsi host0: ata_piix
[    3.379402] kernel: scsi host1: ata_piix
[    3.379671] kernel: ata1: PATA max MWDMA2 cmd 0x1f0 ctl 0x3f6 bmdma 0xc0c0 irq 14
[    3.379684] kernel: ata2: PATA max MWDMA2 cmd 0x170 ctl 0x376 bmdma 0xc0c8 irq 15
[    3.381312] kernel: libphy: Fixed MDIO Bus: probed
[    3.384323] kernel: e100: Intel(R) PRO/100 Network Driver
[    3.384330] kernel: e100: Copyright(c) 199feffffff] reserved
[    0.000000] kernel: BIOS-e820: [mem 0x00000000fffc0000-0x00000000ffffffff] reserved
[    0.000000] kernel: BIOS-e820: [mem 0x0000000100000000-0x00000002bfffffff] usable
[    0.000000] kernel: NX (Execute Disable) protection: active
[    0.000000] kernel: SMBIOS 2.8 present.
[    0.000000] kernel: DMI: QEMU Standard PC (i440FX + PIIX, 1996), BIOS 1.13.0-1ubuntu1.1 04/01/2014
[    0.000000] kernel: Hypervisor detected: KVM
[    0.000000] kernel: kvm-clock: Using msrs 4b564d01 and 4b564d00
[    0.000000] kernel: kvm-clock: cpu 0, msr 29a758001, primary cpu clock
[    0.000002] kernel: kvm-clock: using sched offset of 503243498 cycles
[    0.000010] kernel: clocksource: kvm-clock: mask: 0xffffffffffffffff max_cycles: 0x1cd42e4dffb, max_idle_ns: 881590591483 ns
[    0.000023] kernel: tsc: Detected 2593.906 MHz processor
[    0.006087] kernel: e820: update [mem 0x00000000-0x00000fff] usable ==> reserved
[    0.006104] kernel: e820: remove [mem 0x000a0000-0x000fffff] usable
[    0.006121] kernel: last_pfn = 0x2c0000 max_arch_pfn = 0x10000000000
[    0.006183] kernel: x86/PAT: Configuration [0-7]: WB  WC  UC- UC  WB  WP  UC- WT  
[    0.006195] kernel: last_pfn = 0xbffdd max_arch_pfn = 0x10000000000
[    0.013860] kernel: found SMP MP-table at [mem 0x000f5c70-0x000f5c7f]
[    0.013920] kernel: Using GB pages for direct mapping
[    0.014586] kernel: ACPI: Early table checksum verification disabled
[    0.014595] kernel: ACPI: RSDP 0x00000000000F5A40 000014 (v00 BOCHS )
[    0.014621] kernel: ACPI: RSDT 0x00000000BFFE15C9 000030 (v01 BOCHS  BXPCRSDT 00000001 BXPC 00000001)
[    0.014647] kernel: ACPI: FACP 0x00000000BFFE149D 000074 (v01 BOCHS  BXPCFACP 00000001 BXPC 00000001)
[    0.014675] kernel: ACPI: DSDT 0x00000000BFFE0040 00145D (v01 BOCHS  BXPCDSDT 00000001 BXPC 00000001)
[    0.014696] kernel: ACPI: FACS 0x00000000BFFE0000 000040
[    0.014712] kernel: ACPI: APIC 0x00000000BFFE1511 000080 (v01 BOCHS  BXPCAPIC 00000001 BXPC 00000001)
[    0.0149-2006 Intel Corporation
[    3.384377] kernel: e1000: Intel(R) PRO/1000 Network Driver
[    3.384382] kernel: e1000: Copyright (c) 1999-2006 Intel Corporation.
[    3.384444] kernel: e1000e: Intel(R) PRO/1000 Network Driver
[    3.384448] kernel: e1000e: Copyright(c) 1999 - 2015 Intel Corporation.
[    3.384528] kernel: sky2: driver version 1.30
[    3.384957] kernel: ehci_hcd: USB 2.0 'Enhanced' Host Controller (EHCI) Driver
[    3.384964] kernel: ehci-pci: EHCI PCI platform driver
[    3.385007] kernel: ohci_hcd: USB 1.1 'Open' Host Controller (OHCI) Driver
[    3.385020] kernel: ohci-pci: OHCI PCI platform driver
[    3.385057] kernel: uhci_hcd: USB Universal Host Controller Interface driver
[    3.385307] kernel: usbcore: registered new interface driver usblp
[    3.385354] kernel: usbcore: registered new interface driver usb-storage
[    3.385482] kernel: i8042: PNP: PS/2 Controller [PNP0303:KBD,PNP0f13:MOU] at 0x60,0x64 irq 1,12
[    3.386254] kernel: serio: i8042 KBD port at 0733] kernel: ACPI: HPET 0x00000000BFFE1591 000038 (v01 BOCHS  BXPCHPET 00000001 BXPC 00000001)
[    0.014752] kernel: ACPI: Reserving FACP table memory at [mem 0xbffe149d-0xbffe1510]
[    0.014761] kernel: ACPI: Reserving DSDT table memory at [mem 0xbffe0040-0xbffe149c]
[    0.014769] kernel: ACPI: Reserving FACS table memory at [mem 0xbffe0000-0xbffe003f]
[    0.014777] kernel: ACPI: Reserving APIC table memory at [mem 0xbffe1511-0xbffe1590]
[    0.014785] kernel: ACPI: Reserving HPET table memory at [mem 0xbffe1591-0xbffe15c8]
[    0.015663] kernel: No NUMA configuration found
[    0.015669] kernel: Faking a node at [mem 0x0000000000000000-0x00000002bfffffff]
[    0.015684] kernel: NODE_DATA(0) allocated [mem 0x2bfffc000-0x2bfffffff]
[    0.016309] kernel: Zone ranges:
[    0.016315] kernel:   DMA      [mem 0x0000000000001000-0x0000000000ffffff]
[    0.016336] kernel:   DMA32    [mem 0x0000000001000000-0x00000000ffffffff]
[    0.016346] kernel:   Normal   [mem 0x0000000100000000-0x00000002bfffffff]
[    0.016355] kernel: Movable zone start for each node
[    0.016359] kernel: Early memory node ranges
[    0.016362] kernel:   node   0: [mem 0x0000000000001000-0x000000000009efff]
[    0.016371] kernel:   node   0: [mem 0x0000000000100000-0x00000000bffdcfff]
[    0.016379] kernel:   node   0: [mem 0x0000000100000000-0x00000002bfffffff]
[    0.016390] kernel: Initmem setup node 0 [mem 0x0000000000001000-0x00000002bfffffff]
[    0.016901] kernel: On node 0, zone DMA: 1 pages in unavailable ranges
[    0.016977] kernel: On node 0, zone DMA: 97 pages in unavailable ranges
[    0.100537] kernel: On node 0, zone Normal: 35 pages in unavailable ranges
[    0.502898] kernel: kasan: KernelAddressSanitizer initialized
[    0.503282] kernel: ACPI: PM-Timer IO Port: 0x608
[    0.503306] kernel: ACPI: LAPIC_NMI (acpi_id[0xff] dfl dfl lint[0x1])
[    0.503361] kernel: IOAPIC[0]: apic_id 0, version 17, address 0xfec00000, GSI 0-23
[    0.503377] kernel: ACPI: INT_SRC_OVR (bus 0 bx60,0x64 irq 1
[    3.386273] kernel: serio: i8042 AUX port at 0x60,0x64 irq 12
[    3.387235] kernel: input: AT Translated Set 2 keyboard as /devices/platform/i8042/serio0/input/input1
[    3.388657] kernel: rtc_cmos 00:00: RTC can wake from S4
[    3.389489] kernel: rtc_cmos 00:00: registered as rtc0
[    3.389571] kernel: rtc_cmos 00:00: alarms up to one day, y3k, 114 bytes nvram, hpet irqs
[    3.390214] kernel: device-mapper: ioctl: 4.45.0-ioctl (2021-03-22) initialised: dm-devel@redhat.com
[    3.390229] kernel: intel_pstate: CPU model not supported
[    3.390359] kernel: hid: raw HID events driver (C) Jiri Kosina
[    3.391086] kernel: usbcore: registered new interface driver usbhid
[    3.391092] kernel: usbhid: USB HID core driver
[    3.391612] kernel: netem: version 1.3
[    3.394698] kernel: Initializing XFRM netlink socket
[    3.395404] kernel: NET: Registered PF_INET6 protocol family
[    3.396980] kernel: Segment Routing with IPv6
[    3.397012] kernel: In-situ OAM (IOAM) with IPv6
[    3.397183] kernel: sit: IPv6, IPv4 and MPLS over IPv4 tunneling driver
[    3.397717] kernel: NET: Registered PF_PACKET protocol family
[    3.397838] kernel: 9pnet: Installing 9P2000 support
[    3.397888] kernel: Key type dns_resolver registered
[    3.397911] kernel: Key type ceph registered
[    3.398243] kernel: libceph: loaded (mon/osd proto 15/24)
[    3.398817] kernel: IPI shorthand broadcast: enabled
[    3.398881] kernel: sched_clock: Marking stable (3394102319, 4520289)->(3428245567, -29622959)
[    3.401473] kernel: registered taskstats version 1
[    3.401482] kernel: Loading compiled-in X.509 certificates
[    3.409949] kernel: PM:   Magic number: 15:487:183
[    3.410057] kernel: printk: console [netcon0] enabled
[    3.410064] kernel: netconsole: network logging started
[    3.541494] kernel: ata1.01: NODEV after polling detection
[    3.541710] kernel: ata2.01: NODEV after polling detection
[    3.541940] kernel: ata1.00: ATA-7: QEMU HARDDISK, 2.5+, debug1: Sending command: /root/syz-executor exec 1 3 glusterfs 3 4 192.168.0.43 0 "3 1 ''" false false false true false
max UDMA/100
[    3.541953] kernel: ata1.00: 88078336 sectors, multi 16: LBA48 
[    3.542139] kernel: ata2.00: ATAPI: QEMU DVD-ROM, 2.5+, max UDMA/100
[    3.543122] kernel: scsi 0:0:0:0: Direct-Access     ATA      QEMU HARDDISK    2.5+ PQ: 0 ANSI: 5
[    3.543840] kernel: sd 0:0:0:0: Attached scsi generic sg0 type 0
[    3.543989] kernel: sd 0:0:0:0: [sda] 88078336 512-byte logical blocks: (45.1 GB/42.0 GiB)
[    3.544021] kernel: sd 0:0:0:0: [sda] Write Protect is off
[    3.544034] kernel: sd 0:0:0:0: [sda] Mode Sense: 00 3a 00 00
[    3.544079] kernel: sd 0:0:0:0: [sda] Write cache: enabled, read cache: enabled, doesn't support DPO or FUA
[    3.544446] kernel: scsi 1:0:0:0: CD-ROM            QEMU     QEMU DVD-ROM     2.5+ PQ: 0 ANSI: 5
[    3.547900] kernel: sd 0:0:0:0: [sda] Attached SCSI disk
[    3.561496] kernel: sr 1:0:0:0: [sr0] scsi3-mmc drive: 4x/4x cd/rw xa/form2 tray
[    3.561513] kernel: cdrom: Uniform CD-ROM driver Revision: 3.20
[    3.579541] kernel: sr 1:0:0:0: Attached scsi CD-ROM sr0
[    3.580081] kernel: sr 1:0:0:0: Attached scsi generic sg1 type 5
[    4.005699] kernel: input: ImExPS/2 Generic Explorer Mouse as /devices/platform/i8042/serio1/input/input3
[    4.018981] kernel: IP-Config: Guessing netmask 255.255.255.0
[    4.018993] kernel: IP-Config: Complete:
[    4.018996] kernel:      device=eth0, hwaddr=e6:c8:ff:09:76:2c, ipaddr=192.168.0.44, mask=255.255.255.0, gw=255.255.255.255
[    4.019011] kernel:      host=192.168.0.44, domain=, nis-domain=(none)
[    4.019018] kernel:      bootserver=255.255.255.255, rootserver=255.255.255.255, rootpath=
[    4.019218] kernel: cfg80211: Loading compiled-in X.509 certificates for regulatory database
[    4.019612] kernel: kworker/u4:1 (69) used greatest stack depth: 28680 bytes left
[    4.021050] kernel: cfg80211: Loaded X.509 cert 'sforshee: 00b28ddf47aef9cea7'
[    4.021074] kernel: ALSA device list:
[    4.021078] kernel:   No soundcards found.
[    4.021373] kernel: md: Waiting for all devices to be available before autodetect
[    4.021378] kernel: md: If you don't use raid, use raid=noautodetect
[    4.021382] kernel: md: Autodetecting RAID arrays.
[    4.021386] kernel: md: autorun ...
[    4.021389] kernel: md: ... autorun DONE.
[    4.021857] kernel: platform regulatory.0: Direct firmware load for regulatory.db failed with error -2
[    4.021872] kernel: cfg80211: failed to load regulatory.db
[    4.047220] kernel: EXT4-fs (sda): mounted filesystem with ordered data mode. Opts: (null). Quota mode: none.
[    4.047296] kernel: VFS: Mounted root (ext4 filesystem) readonly on device 8:0.
[    4.048051] kernel: devtmpfs: mounted
[    4.049171] kernel: Freeing unused kernel image (initmem) memory: 2068K
[    4.052943] kernel: Write protecting the kernel read-only data: 57344k
[    4.061730] kernel: Freeing unused kernel image (text/rodata gap) memory: 2032K
[    4.062249] kernel: Freeing unused kernel image (rodata/data gap) memory: 988K
[    4.062276] kernel: Run /sbin/init as init process
[    4.062280] kernel:   with arguments:
[    4.062283] kernel:     /sbin/init
[    4.062287] kernel:   with environment:
[    4.062290] kernel:     HOME=/
[    4.062294] kernel:     TERM=linux
[    4.122125] kernel: random: fast init done
[    4.193836] systemd[1]: systemd 245.4-4ubuntu3 running in system mode. (+PAM +AUDIT +SELINUX +IMA +APPARMOR +SMACK +SYSVINIT +UTMP +LIBCRYPTSETUP +GCRYPT +GNUTLS +ACL +XZ +LZ4 +SECCOMP +BLKID +ELFUTILS +KMOD +IDN2 -IDN +PCRE2 default-hierarchy=hybrid)
[    4.194017] systemd[1]: Detected virtualization kvm.
[    4.194039] systemd[1]: Detected architecture x86-64.
[    4.205304] systemd[1]: Set hostname to <dfs-fuzzing>.
[    4.319087] kernel: systemd-cryptse (79) used greatest stack depth: 26968 bytes left
[    4.325222] kernel: systemd-veritys (89) used greatest stack depth: 26304 bytes left
[    4.345127] kernel: systemd-getty-g (82) used greatest stack depth: 25920 bytes left
[    4.345511] kernel: systemd-gpt-aut (83) used greatest stack depth: 25904 bytes left
[    4.396970] kernel: IPv6: ADDRCONF(NETDEV_CHANGE): eth0: link becomes ready
[    4.440626] systemd[1]: /lib/systemd/system/dbus.socket:5: ListenStream= references a path below legacy directory /var/run/, updating /var/run/dbus/system_bus_socket  /run/dbus/system_bus_socket; please update the unit file accordingly.
[    4.467950] systemd[1]: system-modprobe.slice: unit configures an IP firewall, but the local system does not support BPF/cgroup firewalling.
[    4.467968] systemd[1]: (This warning is only shown for the first unit using IP firewalling.)
[    4.468613] systemd[1]: Created slice system-modprobe.slice.
[    4.469002] systemd[1]: Created slice system-serial\x2dgetty.slice.
[    4.469278] systemd[1]: Created slice User and Session Slice.
[    4.469455] systemd[1]: Started Dispatch Password Requests to Console Directory Watch.
[    4.469603] systemd[1]: Started Forward Password Requests to Wall Directory Watch.
[    4.470146] systemd[1]: Set up automount Arbitrary Executable File Formats File System Automount Point.
[    4.470190] systemd[1]: Reached target Local Encrypted Volumes.
[    4.470211] systemd[1]: Reached target Paths.
[    4.470225] systemd[1]: Reached target Remote File Systems.
[    4.470238] systemd[1]: Reached target Slices.
[    4.470253] systemd[1]: Reached target Swap.
[    4.470445] systemd[1]: Listening on Device-mapper event daemon FIFOs.
[    4.470732] systemd[1]: Listening on Syslog Socket.
[    4.470860] systemd[1]: Listening on initctl Compatibility Named Pipe.
[    4.471364] systemd[1]: Listening on Journal Audit Socket.
[    4.471617] systemd[1]: Listening on Journal Socket (/dev/log).
[    4.471965] systemd[1]: Listening on Journal Socket.
[    4.472265] systemd[1]: Listening on udev Control Socket.
[    4.472451] systemd[1]: Listening on udev Kernel Socket.
[    4.476247] systemd[1]: Mounting Huge Pages File System...
[    4.478379] systemd[1]: Mounting POSIX Message Queue File System...
[    4.480825] systemd[1]: Mounting /proc/sys/fs/binfmt_misc...
[    4.482796] systemd[1]: Mounting /sys/kernel/config...
[    4.485170] systemd[1]: Mounting /sys/kernel/debug...
[    4.488391] systemd[1]: Mounting Kernel Trace File System...
[    4.491804] systemd[1]: Starting Journal Service...
[    4.493315] kernel: mount (90) used greatest stack depth: 25752 bytes left
[    4.501136] systemd[1]: Starting Set the console keyboard layout...
[    4.501189] systemd[1]: Condition check resulted in Create list of static device nodes for the current kernel being skipped.
[    4.501258] systemd[1]: Condition check resulted in Load Kernel Module drm being skipped.
[    4.511410] systemd[1]: Starting Load Kernel Modules...
[    4.513372] systemd[1]: Starting Remount Root and Kernel File Systems...
[    4.518508] systemd[1]: Starting udev Coldplug all Devices...
[    4.525416] systemd[1]: Mounted Huge Pages File System.
[    4.525928] systemd[1]: Mounted POSIX Message Queue File System.
[    4.527818] systemd[1]: Mounted /proc/sys/fs/binfmt_misc.
[    4.528295] systemd[1]: Mounted /sys/kernel/config.
[    4.528786] systemd[1]: Mounted /sys/kernel/debug.
[    4.529274] systemd[1]: Mounted Kernel Trace File System.
[    4.534132] systemd[1]: Condition check resulted in Set Up Additional Binary Formats being skipped.
[    4.551022] systemd[1]: Finished Load Kernel Modules.
[    4.554269] systemd[1]: Mounting FUSE Control File System...
[    4.558474] systemd[1]: Starting Apply Kernel Variables...
[    4.579953] kernel: EXT4-fs (sda): re-mounted. Opts: (null). Quota mode: none.
[    4.583289] systemd[1]: Finished Remount Root and Kernel File Systems.
[    4.584399] systemd[1]: Condition check resulted in Rebuild Hardware Database being skipped.
[    4.584457] systemd[1]: Condition check resulted in Platform Persistent Storage Archival being skipped.
[    4.589579] systemd[1]: Starting Load/Save Random Seed...
[    4.598243] systemd[1]: Starting Create System Users...
[    4.598710] systemd[1]: Mounted FUSE Control File System.
[    4.633803] systemd[1]: Finished Apply Kernel Variables.
[    4.652740] systemd[1]: Finished Create System Users.
[    4.655073] systemd[1]: Starting Create Static Device Nodes in /dev...
[    4.699903] systemd[1]: Finished Create Static Device Nodes in /dev.
[    4.702192] systemd[1]: Starting udev Kernel Device Manager...
[    4.751827] kernel: keyboard-setup. (97) used greatest stack depth: 25560 bytes left
[    4.752645] systemd[1]: Finished Set the console keyboard layout.
[    4.753079] systemd[1]: Reached target Local File Systems (Pre).
[    4.753108] systemd[1]: Reached target Local File Systems.
[    4.755793] systemd[1]: Starting Set console font and keymap...
[    4.755912] systemd[1]: Condition check resulted in Commit a transient machine-id on disk being skipped.
[    4.787640] systemd[1]: Started udev Kernel Device Manager.
[    4.807064] systemd[1]: Finished Set console font and keymap.
[    5.159573] kernel: random: crng init done
[    5.165513] systemd[1]: Finished Load/Save Random Seed.
[    5.165994] systemd[1]: Condition check resulted in Store a System Token in an EFI Variable being skipped.
[    5.169138] systemd[1]: Found device /dev/ttyS0.
[    5.250495] systemd[1]: Listening on Load/Save RF Kill Switch Status /dev/rfkill Watch.
[    5.300819] kernel: cdrom_id (141) used greatest stack depth: 25016 bytes left
[    5.331671] systemd[1]: Finished udev Coldplug all Devices.
[    5.372251] systemd[1]: Started Journal Service.
[    5.615138] kernel: journal-offline (155) used greatest stack depth: 24200 bytes left
----- is restarting 0
---- dfs_name glusterfs is_dfs_client 1
before receiving handshake request
  1.079095] kernel: pci_bus 0000:00: resource 4 [io  0x0000-0x0cf7 window]
[    1.079111] kernel: pci_bus 0000:00: resource 5 [io  0x0d00-0xffff window]
[    1.079123] kernel: pci_bus 0000:00: resource 6 [mem 0x000a0000-0x000bffff window]
[    1.079135] kernel: pci_bus 0000:00: resource 7 [mem 0xc0000000-0xfebfffff window]
[    1.079147] kernel: pci_bus 0000:00: resource 8 [mem 0x2c0000000-0x33fffffff window]
[    1.079432] kernel: pci 0000:00:01.0: PIIX3: Enabling Passive Release
[    1.079450] kernel: pci 0000:00:00.0: Limiting direct PCI/PCI transfers
[    1.079476] kernel: pci 0000:00:01.0: Activating ISA DMA hang workarounds
[    1.079564] kernel: pci 0000:00:02.0: Video device with shadowed ROM at [mem 0x000c0000-0x000dffff]
[    1.079680] kernel: PCI: CLS 0 bytes, default 64
[    1.079928] kernel: PCI-DMA: Using software bounce buffering for IO (SWIOTLB)
[    1.079933] kernel: software IO TLB: mapped [mem 0x00000000bbfdd000-0x00000000bffdd000] (64MB)
[    1.080172] kernel: RAPL[    0.000000] kernel: Linux version 5.15.0+ (tlyu@IC-RS3-DPC07) (gcc (Ubuntu 9.4.0-1ubuntu1~20.04.1) 9.4.0, GNU ld (GNU Binutils for Ubuntu) 2.34) #8 SMP Fri Jun 3 16:18:40 CEST 2022
[    0.000000] kernel: Command line: root=/dev/sda console=ttyS0 net.ifnames=0 ip=192.168.0.46 quiet
[    0.000000] kernel: x86/fpu: Supporting XSAVE feature 0x001: 'x87 floating point registers'
[    0.000000] kernel: x86/fpu: Supporting XSAVE feature 0x002: 'SSE registers'
[    0.000000] kernel: x86/fpu: Supporting XSAVE feature 0x004: 'AVX registers'
[    0.000000] kernel: x86/fpu: Supporting XSAVE feature 0x020: 'AVX-512 opmask'
[    0.000000] kernel: x86/fpu: Supporting XSAVE feature 0x040: 'AVX-512 Hi256'
[    0.000000] kernel: x86/fpu: Supporting XSAVE feature 0x080: 'AVX-512 ZMM_Hi256'
[    0.000000] kernel: x86/fpu: Supporting XSAVE feature 0x200: 'Protection Keys User registers'
[    0.000000] kernel: x86/fpu: xstate_offset[2]:  576, xstate_sizes[2]:  256
[    0.000000] kernel: x86/fpu: xstate_req.flags ea3
us_irq 0 global_irq 2 dfl dfl)
[    0.503388] kernel: ACPI: INT_SRC_OVR (bus 0 bus_irq 5 global_irq 5 high level)
[    0.503398] kernel: ACPI: INT_SRC_OVR (bus 0 bus_irq 9 global_irq 9 high level)
[    0.503409] kernel: ACPI: INT_SRC_OVR (bus 0 bus_irq 10 global_irq 10 high level)
[    0.503419] kernel: ACPI: INT_SRC_OVR (bus 0 bus_irq 11 global_irq 11 high level)
[    0.503439] kernel: ACPI: Using ACPI (MADT) for SMP configuration information
[    0.503444] kernel: ACPI: HPET id: 0x8086a201 base: 0xfed00000
[    0.503456] kernel: TSC deadline timer available
[    0.503460] kernel: smpboot: Allowing 2 CPUs, 0 hotplug CPUs
[    0.503497] kernel: kvm-guest: KVM setup pv remote TLB flush
[    0.503505] kernel: kvm-guest: setup PV sched yield
[    0.503542] kernel: PM: hibernation: Registered nosave memory: [mem 0x00000000-0x00000fff]
[    0.503554] kernel: PM: hibernation: Registered nosave memory: [mem 0x0009f000-0x0009ffff]
[    0.503561] kernel: PM: hibernation: Registered nosave memory: [mem 0x000a0000-0x000effff]
[    0.503569] kernel: PM: hibernation: Registered nosave memory: [mem 0x000f0000-0x000fffff]
[    0.503580] kernel: PM: hibernation: Registered nosave memory: [mem 0xbffdd000-0xbfffffff]
[    0.503587] kernel: PM: hibernation: Registered nosave memory: [mem 0xc0000000-0xfeffbfff]
[    0.503594] kernel: PM: hibernation: Registered nosave memory: [mem 0xfeffc000-0xfeffffff]
[    0.503601] kernel: PM: hibernation: Registered nosave memory: [mem 0xff000000-0xfffbffff]
[    0.503608] kernel: PM: hibernation: Registered nosave memory: [mem 0xfffc0000-0xffffffff]
[    0.503618] kernel: [mem 0xc0000000-0xfeffbfff] available for PCI devices
[    0.503625] kernel: Booting paravirtualized kernel on KVM
[    0.503633] kernel: clocksource: refined-jiffies: mask: 0xffffffff max_cycles: 0xffffffff, max_idle_ns: 1910969940391419 ns
[    0.518493] kernel: setup_percpu: NR_CPUS:64 nr_cpumask_bits:64 nr_cpu_ids:2 nr_node_ids:1
[    0.519211] kernel: percpu: Embedded 56 pages/cpu s191576 r8192 d29608 u1048576
[    0.519247] kernel: pcpu-alloc: s191576 r8192 d29608 u1048576 alloc=1*2097152
[    0.519265] kernel: pcpu-alloc: [0] 0 1 
[    0.519361] kernel: kvm-guest: setup async PF for cpu 0
[    0.519371] kernel: kvm-guest: stealtime: cpu 0, msr 26021f140
[    0.519383] kernel: Built 1 zonelists, mobility grouping on.  Total pages: 2580189
[    0.519391] kernel: Policy zone: Normal
[    0.519396] kernel: Kernel command line: root=/dev/sda console=ttyS0 net.ifnames=0 ip=192.168.0.43 quiet
[    0.524485] kernel: Dentry cache hash table entries: 2097152 (order: 12, 16777216 bytes, linear)
[    0.526904] kernel: Inode-cache hash table entries: 1048576 (order: 11, 8388608 bytes, linear)
[    0.527026] kernel: mem auto-init: stack:off, heap alloc:off, heap free:off
[    0.753986] kernel: Memory: 8817344K/10485228K available (47117K kernel code, 10298K rwdata, 7204K rodata, 2068K init, 2860K bss, 1667684K reserved, 0K cma-reserved)
[    0.754230] kernel: SLUB: HWalign=64, Order=0-3, MinObjects=0, CPUs=2, Nodes=1
[    0.754863] kernel: rcu: Hierarchical RCU implementation.
[    0.754870] kernel: rcu:         RCU event tracing is enabled.
[    0.754873] kernel: rcu:         RCU restricting CPUs from NR_CPUS=64 to nr_cpu_ids=2.
[    0.754883] kernel: rcu: RCU calculated value of scheduler-enlistment delay is 100 jiffies.
[    0.754889] kernel: rcu: Adjusting geometry for rcu_fanout_leaf=16, nr_cpu_ids=2
[    0.763227] kernel: NR_IRQS: 4352, nr_irqs: 440, preallocated irqs: 16
[    0.763632] kernel: random: get_random_bytes called from start_kernel+0x22b/0x456 with crng_init=0
[    0.768234] kernel: Console: colour VGA+ 80x25
[    0.768376] kernel: printk: console [ttyS0] enabled
[    0.768448] kernel: ACPI: Core revision 20210730
[    0.768796] kernel: clocksource: hpet: mask: 0xffffffff max_cycles: 0xffffffff, max_idle_ns: 19112604467 ns
[    0.768924] kernel: APIC: Switch to symmetric I/O mode setup
[    0.768933] kernel: kvm-guest: setup offset[5]:  832, xstate_sizes[5]:   64
[    0.000000] kernel: x86/fpu: xstate_offset[6]:  896, xstate_sizes[6]:  512
[    0.000000] kernel: x86/fpu: xstate_offset[7]: 1408, xstate_sizes[7]: 1024
[    0.000000] kernel: x86/fpu: xstate_offset[9]: 2432, xstate_sizes[9]:    8
[    0.000000] kernel: x86/fpu: Enabled xstate features 0x2e7, context size is 2440 bytes, using 'compacted' format.
[    0.000000] kernel: signal: max sigframe size: 3632
[    0.000000] kernel: BIOS-provided physical RAM map:
[    0.000000] kernel: BIOS-e820: [mem 0x0000000000000000-0x000000000009fbff] usable
[    0.000000] kernel: BIOS-e820: [mem 0x000000000009fc00-0x000000000009ffff] reserved
[    0.000000] kernel: BIOS-e820: [mem 0x00000000000f0000-0x00000000000fffff] reserved
[    0.000000] kernel: BIOS-e820: [mem 0x0000000000100000-0x00000000bffdffff] usable
[    0.000000] kernel: BIOS-e820: [mem 0x00000000bffe0000-0x00000000bfffffff] reserved
[    0.000000] kernel: BIOS-e820: [mem 0x00000000feffc000-0x00000000feffffff] reserved
[    0.000000] kernel: BIOS-e820: [mem 0x00000000fffc0000-0x00000000ffffffff] reserved
[    0.000000] kernel: BIOS-e820: [mem 0x0000000100000000-0x00000002bfffffff] usable
[    0.000000] kernel: NX (Execute Disable) protection: active
[    0.000000] kernel: SMBIOS 2.8 present.
[    0.000000] kernel: DMI: QEMU Standard PC (i440FX + PIIX, 1996), BIOS 1.13.0-1ubuntu1.1 04/01/2014
[    0.000000] kernel: Hypervisor detected: KVM
[    0.000000] kernel: kvm-clock: Using msrs 4b564d01 and 4b564d00
[    0.000000] kernel: kvm-clock: cpu 0, msr 239558001, primary cpu clock
[    0.000002] kernel: kvm-clock: using sched offset of 529016452 cycles
[    0.000010] kernel: clocksource: kvm-clock: mask: 0xffffffffffffffff max_cycles: 0x1cd42e4dffb, max_idle_ns: 881590591483 ns
[    0.000022] kernel: tsc: Detected 2593.906 MHz processor
[    0.005692] kernel: e820: update [mem 0x00000000-0x00000fff] usable ==> reserved
[    0.005708] kernel: e820: remove [mem 0x000a0000-0x000fffff] usPV IPIs
[    0.770025] kernel: ..TIMER: vector=0x30 apic1=0 pin1=2 apic2=-1 pin2=-1
[    0.770064] kernel: clocksource: tsc-early: mask: 0xffffffffffffffff max_cycles: 0x2563bf907c6, max_idle_ns: 440795319401 ns
[    0.770088] kernel: Calibrating delay loop (skipped) preset value.. 5187.81 BogoMIPS (lpj=2593906)
[    0.770101] kernel: pid_max: default: 32768 minimum: 301
[    0.770214] kernel: LSM: Security Framework initializing
[    0.770251] kernel: SELinux:  Initializing.
[    0.770406] kernel: Mount-cache hash table entries: 32768 (order: 6, 262144 bytes, linear)
[    0.771091] kernel: Mountpoint-cache hash table entries: 32768 (order: 6, 262144 bytes, linear)
[    0.772223] kernel: x86/cpu: User Mode Instruction Prevention (UMIP) activated
[    0.772332] kernel: Last level iTLB entries: 4KB 0, 2MB 0, 4MB 0
[    0.772340] kernel: Last level dTLB entries: 4KB 0, 2MB 0, 4MB 0, 1GB 0
[    0.772369] kernel: Spectre V1 : Mitigation: usercopy/swapgs barriers and __user pointer sanitizaable
[    0.005724] kernel: last_pfn = 0x2c0000 max_arch_pfn = 0x10000000000
[    0.005782] kernel: x86/PAT: Configuration [0-7]: WB  WC  UC- UC  WB  WP  UC- WT  
[    0.005793] kernel: last_pfn = 0xbffe0 max_arch_pfn = 0x10000000000
[    0.013287] kernel: found SMP MP-table at [mem 0x000f5c80-0x000f5c8f]
[    0.013343] kernel: Using GB pages for direct mapping
[    0.013968] kernel: ACPI: Early table checksum verification disabled
[    0.013977] kernel: ACPI: RSDP 0x00000000000F5A50 000014 (v00 BOCHS )
[    0.013999] kernel: ACPI: RSDT 0x00000000BFFE15C9 000030 (v01 BOCHS  BXPCRSDT 00000001 BXPC 00000001)
[    0.014023] kernel: ACPI: FACP 0x00000000BFFE149D 000074 (v01 BOCHS  BXPCFACP 00000001 BXPC 00000001)
[    0.014048] kernel: ACPI: DSDT 0x00000000BFFE0040 00145D (v01 BOCHS  BXPCDSDT 00000001 BXPC 00000001)
[    0.014068] kernel: ACPI: FACS 0x00000000BFFE0000 000040
[    0.014083] kernel: ACPI: APIC 0x00000000BFFE1511 000080 (v01 BOCHS  BXPCAPIC 00000001 BXPC 00000001)
[    0.014tion
[    0.772383] kernel: Spectre V2 : Mitigation: Enhanced IBRS
[    0.772388] kernel: Spectre V2 : Spectre v2 / SpectreRSB mitigation: Filling RSB on context switch
[    0.772397] kernel: Spectre V2 : mitigation: Enabling conditional Indirect Branch Prediction Barrier
[    0.772407] kernel: Speculative Store Bypass: Mitigation: Speculative Store Bypass disabled via prctl and seccomp
[    0.772414] kernel: TAA: Mitigation: TSX disabled
[    0.795109] kernel: Freeing SMP alternatives memory: 40K
[    0.795381] kernel: smpboot: CPU0: Intel(R) Xeon(R) Gold 6348 CPU @ 2.60GHz (family: 0x6, model: 0x6a, stepping: 0x6)
[    0.795655] kernel: Performance Events: Icelake events, 32-deep LBR, full-width counters, Intel PMU driver.
[    0.795798] kernel: ... version:                2
[    0.795803] kernel: ... bit width:              48
[    0.795807] kernel: ... generic registers:      8
[    0.795812] kernel: ... value mask:             0000ffffffffffff
[    0.795817] kernel: ... max perio103] kernel: ACPI: HPET 0x00000000BFFE1591 000038 (v01 BOCHS  BXPCHPET 00000001 BXPC 00000001)
[    0.014121] kernel: ACPI: Reserving FACP table memory at [mem 0xbffe149d-0xbffe1510]
[    0.014130] kernel: ACPI: Reserving DSDT table memory at [mem 0xbffe0040-0xbffe149c]
[    0.014137] kernel: ACPI: Reserving FACS table memory at [mem 0xbffe0000-0xbffe003f]
[    0.014145] kernel: ACPI: Reserving APIC table memory at [mem 0xbffe1511-0xbffe1590]
[    0.014152] kernel: ACPI: Reserving HPET table memory at [mem 0xbffe1591-0xbffe15c8]
[    0.014954] kernel: No NUMA configuration found
[    0.014959] kernel: Faking a node at [mem 0x0000000000000000-0x00000002bfffffff]
[    0.014974] kernel: NODE_DATA(0) allocated [mem 0x2bfffc000-0x2bfffffff]
[    0.015648] kernel: Zone ranges:
[    0.015655] kernel:   DMA      [mem 0x0000000000001000-0x0000000000ffffff]
[    0.015666] kernel:   DMA32    [mem 0x0000000001000000-0x00000000ffffffff]
[    0.015675] kernel:   Normal   [mem 0x0000000100000000-0x0d:             00007fffffffffff
[    0.795822] kernel: ... fixed-purpose events:   3
[    0.795827] kernel: ... event mask:             00000007000000ff
[    0.796037] kernel: rcu: Hierarchical SRCU implementation.
[    0.797078] kernel: smp: Bringing up secondary CPUs ...
[    0.797314] kernel: x86: Booting SMP configuration:
[    0.797319] kernel: .... node  #0, CPUs:      #1
[    0.006518] kernel: kvm-clock: cpu 1, msr 29a758041, secondary cpu clock
[    0.006518] kernel: smpboot: CPU 1 Converting physical 0 to logical die 1
[    0.813935] kernel: kvm-guest: setup async PF for cpu 1
[    0.813935] kernel: kvm-guest: stealtime: cpu 1, msr 26031f140
[    0.814105] kernel: smp: Brought up 1 node, 2 CPUs
[    0.814115] kernel: smpboot: Max logical packages: 2
[    0.814120] kernel: smpboot: Total of 2 processors activated (10375.62 BogoMIPS)
[    0.815214] kernel: devtmpfs: initialized
[    0.820343] kernel: clocksource: jiffies: mask: 0xffffffff max_cycles: 0xffffffff, max_idle_ns: 190000002bfffffff]
[    0.015684] kernel: Movable zone start for each node
[    0.015688] kernel: Early memory node ranges
[    0.015690] kernel:   node   0: [mem 0x0000000000001000-0x000000000009efff]
[    0.015698] kernel:   node   0: [mem 0x0000000000100000-0x00000000bffdffff]
[    0.015706] kernel:   node   0: [mem 0x0000000100000000-0x00000002bfffffff]
[    0.015717] kernel: Initmem setup node 0 [mem 0x0000000000001000-0x00000002bfffffff]
[    0.016216] kernel: On node 0, zone DMA: 1 pages in unavailable ranges
[    0.016282] kernel: On node 0, zone DMA: 97 pages in unavailable ranges
[    0.091326] kernel: On node 0, zone Normal: 32 pages in unavailable ranges
[    0.471095] kernel: kasan: KernelAddressSanitizer initialized
[    0.471443] kernel: ACPI: PM-Timer IO Port: 0x608
[    0.471467] kernel: ACPI: LAPIC_NMI (acpi_id[0xff] dfl dfl lint[0x1])
[    0.471515] kernel: IOAPIC[0]: apic_id 0, version 17, address 0xfec00000, GSI 0-23
[    0.471530] kernel: ACPI: INT_SRC_OVR (bus 0 b11260446275000 ns
[    0.820362] kernel: futex hash table entries: 512 (order: 3, 32768 bytes, linear)
[    0.820674] kernel: PM: RTC time: 15:11:18, date: 2023-03-04
[    0.821124] kernel: NET: Registered PF_NETLINK/PF_ROUTE protocol family
[    0.821715] kernel: audit: initializing netlink subsys (disabled)
[    0.821780] kernel: audit: type=2000 audit(1677942679.100:1): state=initialized audit_enabled=0 res=1
[    0.822365] kernel: thermal_sys: Registered thermal governor 'step_wise'
[    0.822371] kernel: thermal_sys: Registered thermal governor 'user_space'
[    0.822444] kernel: cpuidle: using governor menu
[    0.822444] kernel: ACPI: bus type PCI registered
[    0.822653] kernel: PCI: Using configuration type 1 for base access
[    0.839336] kernel: Kprobes globally optimized
[    0.839388] kernel: HugeTLB registered 2.00 MiB page size, pre-allocated 0 pages
[    0.839388] kernel: cryptomgr_test (26) used greatest stack depth: 30608 bytes left
[    0.841185] kernel: ACPI: Addeus_irq 0 global_irq 2 dfl dfl)
[    0.471540] kernel: ACPI: INT_SRC_OVR (bus 0 bus_irq 5 global_irq 5 high level)
[    0.471550] kernel: ACPI: INT_SRC_OVR (bus 0 bus_irq 9 global_irq 9 high level)
[    0.471559] kernel: ACPI: INT_SRC_OVR (bus 0 bus_irq 10 global_irq 10 high level)
[    0.471568] kernel: ACPI: INT_SRC_OVR (bus 0 bus_irq 11 global_irq 11 high level)
[    0.471586] kernel: ACPI: Using ACPI (MADT) for SMP configuration information
[    0.471592] kernel: ACPI: HPET id: 0x8086a201 base: 0xfed00000
[    0.471604] kernel: TSC deadline timer available
[    0.471608] kernel: smpboot: Allowing 2 CPUs, 0 hotplug CPUs
[    0.471642] kernel: kvm-guest: KVM setup pv remote TLB flush
