sCrash true hasNet false
2023/03/05 10:49:42 prog length: 6
2023/03/05 10:49:42 prog length: 6
2023/03/05 10:49:42 prog length: 13
2023/03/05 10:49:42 deserializeInput: hasCrash false hasNet false
2023/03/05 10:49:42 prog length: 3
2023/03/05 10:49:42 deserializeInput: hasCrash true hasNet false
2023/03/05 10:49:42 prog length: 6
2023/03/05 10:49:42 prog length: 4
2023/03/05 10:49:42 deserializeInput: hasCrash true hasNet false
2023/03/05 10:49:42 prog length: 6
2023/03/05 10:49:42 prog length: 17
2023/03/05 10:49:42 deserializeInput: hasCrash false hasNet false
2023/03/05 10:49:42 prog length: 2
2023/03/05 10:49:42 deserializeInput: hasCrash false hasNet false
2023/03/05 10:49:42 prog length: 2
2023/03/05 10:49:42 deserializeInput: hasCrash true hasNet false
2023/03/05 10:49:42 prog length: 6
2023/03/05 10:49:42 prog length: 8
2023/03/05 10:49:42 deserializeInput: hasCrash true hasNet false
2023/03/05 10:49:42 prog length: 6
2023/03/05 10:49:42 prog length: 3
2023/03/05 10:49:42 deserializeInput: hasCrash true hasNet false
2023/03/05 10:49:42 prog length: 6
2023/03/05 10:49:42 prog length: 20
2023/03/05 10:49:42 deserializeInput: hasCrash false hasNet false
2023/03/05 10:49:42 prog length: 4
2023/03/05 10:49:42 deserializeInput: hasCrash true hasNet false
2023/03/05 10:49:42 prog length: 6
2023/03/05 10:49:42 prog length: 5
2023/03/05 10:49:42 deserializeInput: hasCrash true hasNet false
2023/03/05 10:49:42 prog length: 6
2023/03/05 10:49:42 prog length: 4
2023/03/05 10:49:42 deserializeInput: hasCrash true hasNet false
2023/03/05 10:49:42 prog length: 6
2023/03/05 10:49:42 prog length: 3
2023/03/05 10:49:42 deserializeInput: hasCrash true hasNet false
2023/03/05 10:49:42 prog length: 6
2023/03/05 10:49:42 prog length: 3
2023/03/05 10:49:42 deserializeInput: hasCrash true hasNet false
2023/03/05 10:49:42 prog length: 6
2023/03/05 10:49:42 prog length: 6
2023/03/05 10:49:42 prog length: 6
2023/03/05 10:49:42 prog length: 7
2023/03/05 10:49:42 deserializeInput: hasCrash true hasNet false
2023/03/05 10:49:42 prog length: 6
2023/03/05 10:49:42 prog length: 5
2023/03/05 10:49:42 deserializeInput: hasCrash false hasNet true
2023/03/05 10:49:42 prog length: 6
2023/03/05 10:49:42 prog length: 4
2023/03/05 10:49:42 deserializeInput: hasCrash true hasNet false
2023/03/05 10:49:42 prog length: 6
2023/03/05 10:49:42 prog length: 13
2023/03/05 10:49:42 deserializeInput: hasCrash true hasNet false
2023/03/05 10:49:42 prog length: 6
2023/03/05 10:49:42 prog length: 5
2023/03/05 10:49:42 deserializeInput: hasCrash true hasNet false
2023/03/05 10:49:42 prog length: 6
2023/03/05 10:49:42 prog length: 3
2023/03/05 10:49:42 deserializeInput: hasCrash true hasNet false
2023/03/05 10:49:42 prog length: 6
2023/03/05 10:49:42 prog length: 5
2023/03/05 10:49:42 deserializeInput: hasCrash true hasNet false
2023/03/05 10:49:42 prog length: 6
2023/03/05 10:49:42 prog length: 6
2023/03/05 10:49:42 prog length: 15
2023/03/05 10:49:42 deserializeInput: hasCrash true hasNet false
2023/03/05 10:49:42 prog length: 6
2023/03/05 10:49:42 prog length: 6
2023/03/05 10:49:42 deserializeInput: hasCrash true hasNet false
2023/03/05 10:49:42 prog length: 6
2023/03/05 10:49:42 prog length: 20
2023/03/05 10:49:42 deserializeInput: hasCrash true hasNet false
2023/03/05 10:49:42 prog length: 6
2023/03/05 10:49:42 prog length: 6
2023/03/05 10:49:42 prog length: 6
2023/03/05 10:49:42 deserializeInput: hasCrash true hasNet false
2023/03/05 10:49:42 prog length: 6
2023/03/05 10:49:42 prog length: 11
2023/03/05 10:49:42 deserializeInput: hasCrash true hasNet false
2023/03/05 10:49:42 prog length: 6
2023/03/05 10:49:42 prog length: 4
2023/03/05 10:49:42 deserializeInput: hasCrash true hasNet false
2023/03/05 10:49:42 prog length: 6
2023/03/05 10:49:42 prog length: 15
2023/03/05 10:49:42 deserializeInput: hasCrash true hasNet false
2023/03/05 10:49:42 prog length: 6
2023/03/05 10:49:42 prog length: 6
2023/03/05 10:49:42 prog length: 6
2023/03/05 10:49:42 deserializeInput: hasCrash true hasNet false
2023/03/05 10:49:42 prog length: 6
2023/03/05 10:49:42 prog length: 6
2023/03/05 10:49:42 prog length: 12
2023/03/05 10:49:42 deserializeInput: hasCrash true hasNet false
2023/03/05 10:49:42 prog length: 6
2023/03/05 10:49:42 prog length: 20
2023/03/05 10:49:42 deserializeInput: hasCrash true hasNet false
2023/03/05 10:49:42 prog length: 6
2023/03/05 10:49:42 prog length: 3
2023/03/05 10:49:42 deserializeInput: hasCrash true hasNet false
2023/03/05 10:49:42 prog length: 6
2023/03/05 10:49:42 prog length: 4
2023/03/05 10:49:42 deserializeInput: hasCrash true hasNet false
2023/03/05 10:49:42 prog length: 6
2023/03/05 10:49:42 prog length: 8
2023/03/05 10:49:42 deserializeInput: hasCrash true hasNet false
2023/03/05 10:49:42 prog length: 6
2023/03/05 10:49:42 prog length: 7
2023/03/05 10:49:42 deserializeInput: hasCrash true hasNet false
2023/03/05 10:49:42 prog length: 6
2023/03/05 10:49:42 prog length: 6
2023/03/05 10:49:42 deserializeInput: hasCrash true hasNet false
2023/03/05 10:49:42 prog length: 6
2023/03/05 10:49:42 prog length: 3
2023/03/05 10:49:42 deserializeInput: hasCrash false hasNet false
2023/03/05 10:49:42 prog length: 9
2023/03/05 10:49:42 deserializeInput: hasCrash true hasNet false
2023/03/05 10:49:42 prog length: 6
2023/03/05 10:49:42 prog length: 10
2023/03/05 10:49:42 deserializeInput: hasCrash true hasNet false
2023/03/05 10:49:42 prog length: 6
2023/03/05 10:49:42 prog length: 20
2023/03/05 10:49:42 deserializeInput: hasCrash false hasNet false
2023/03/05 10:49:42 prog length: 2
2023/03/05 10:49:42 deserializeInput: hasCrash true hasNet false
2023/03/05 10:49:42 prog length: 6
2023/03/05 10:49:42 prog length: 4
2023/03/05 10:49:42 deserializeInput: hasCrash true hasNet false
2023/03/05 10:49:42 prog length: 6
2023/03/05 10:49:42 prog length: 5
2023/03/05 10:49:42 deserializeInput: hasCrash true hasNet false
2023/03/05 10:49:42 prog length: 6
2023/03/05 10:49:42 prog length: 6
2023/03/05 10:49:42 prog length: 6
2023/03/05 10:49:42 prog length: 8
2023/03/05 10:49:42 deserializeInput: hasCrash true hasNet false
2023/03/05 10:49:42 prog length: 6
2023/03/05 10:49:42 prog length: 10
2023/03/05 10:49:42 fetching corpus: 150, signal 9543/71348/81731 (executing program)
2023/03/05 10:49:42 deserializeInput: hasCrash true hasNet false
2023/03/05 10:49:42 prog length: 6
2023/03/05 10:49:42 prog length: 4
2023/03/05 10:49:42 deserializeInput: hasCrash true hasNet false
2023/03/05 10:49:42 prog length: 6
2023/03/05 10:49:42 prog length: 20
2023/03/05 10:49:42 deserializeInput: hasCrash false hasNet false
2023/03/05 10:49:42 prog length: 1
2023/03/05 10:49:42 deserializeInput: hasCrash true hasNet false
2023/03/05 10:49:42 prog length: 6
2023/03/05 10:49:42 prog length: 3
2023/03/05 10:49:42 deserializeInput: hasCrash true hasNet false
2023/03/05 10:49:42 prog length: 6
2023/03/05 10:49:42 prog length: 4
2023/03/05 10:49:42 deserializeInput: hasCrash true hasNet false
2023/03/05 10:49:42 prog length: 6
2023/03/05 10:49:42 prog length: 17
2023/03/05 10:49:42 deserializeInput: hasCrash false hasNet false
2023/03/05 10:49:42 prog length: 2
2023/03/05 10:49:42 deserializeInput: hasCrash true hasNet false
2023/03/05 10:49:42 prog length: 6
2023/03/05 10:49:42 prog length: 20
2023/03/05 10:49:42 deserializeInput: hasCrash true hasNet false
2023/03/05 10:49:42 prog length: 6
2023/03/05 10:49:42 prog length: 4
2023/03/05 10:49:42 deserializeInput: hasCrash true hasNet false
2023/03/05 10:49:42 prog length: 6
2023/03/05 10:49:42 prog length: 6
2023/03/05 10:49:42 deserializeInput: hasCrash true hasNet false
2023/03/05 10:49:42 prog length: 6
2023/03/05 10:49:42 prog length: 6
2023/03/05 10:49:42 prog length: 6
2023/03/05 10:49:42 deserializeInput: hasCrash false hasNet false
2023/03/05 10:49:42 prog length: 4
2023/03/05 10:49:42 fetching corpus: 162, signal 9667/72739/84075 (executing program)
2023/03/05 10:49:42 fetching corpus: 162, signal 9667/72739/85034 (executing program)
2023/03/05 10:49:42 fetching corpus: 162, signal 9667/72739/85990 (executing program)
2023/03/05 10:49:42 fetching corpus: 162, signal 9667/72739/86985 (executing program)
2023/03/05 10:49:42 fetching corpus: 162, signal 9667/72739/87967 (executing program)
2023/03/05 10:49:42 fetching corpus: 162, signal 9667/72739/88938 (executing program)
2023/03/05 10:49:42 fetching corpus: 162, signal 9667/72739/89928 (executing program)
2023/03/05 10:49:42 fetching corpus: 162, signal 9667/72739/90895 (executing program)
2023/03/05 10:49:42 fetching corpus: 162, signal 9667/72739/91876 (executing program)
2023/03/05 10:49:42 fetching corpus: 162, signal 9667/72739/92852 (executing program)
2023/03/05 10:49:42 fetching corpus: 162, signal 9667/72739/93814 (executing program)
2023/03/05 10:49:42 fetching corpus: 162, signal 9667/72739/94807 (executing program)
2023/03/05 10:49:42 fetching corpus: 162, signal 9667/72739/95820 (executing program)
2023/03/05 10:49:42 fetching corpus: 162, signal 9667/72739/96798 (executing program)
2023/03/05 10:49:42 fetching corpus: 162, signal 9667/72739/97773 (executing program)
2023/03/05 10:49:42 fetching corpus: 162, signal 9667/72739/98754 (executing program)
2023/03/05 10:49:42 fetching corpus: 162, signal 9667/72739/99734 (executing program)
2023/03/05 10:49:42 fetching corpus: 162, signal 9667/72739/100702 (executing program)
2023/03/05 10:49:42 fetching corpus: 162, signal 9667/72739/101695 (executing program)
2023/03/05 10:49:42 fetching corpus: 162, signal 9667/72739/102643 (executing program)
2023/03/05 10:49:42 fetching corpus: 162, signal 9667/72739/103609 (executing program)
2023/03/05 10:49:42 fetching corpus: 162, signal 9667/72739/104615 (executing program)
2023/03/05 10:49:42 fetching corpus: 162, signal 9667/72739/105612 (executing program)
2023/03/05 10:49:43 fetching corpus: 162, signal 9667/72739/106590 (executing program)
2023/03/05 10:49:43 fetching corpus: 162, signal 9667/72739/107557 (executing program)
2023/03/05 10:49:43 fetching corpus: 162, signal 9667/72739/108549 (executing program)
2023/03/05 10:49:43 fetching corpus: 162, signal 9667/72739/109518 (executing program)
2023/03/05 10:49:43 fetching corpus: 162, signal 9667/72739/110517 (executing program)
2023/03/05 10:49:43 fetching corpus: 162, signal 9667/72739/111469 (executing program)
2023/03/05 10:49:43 fetching corpus: 162, signal 9667/72739/112426 (executing program)
2023/03/05 10:49:43 fetching corpus: 162, signal 9667/72739/113395 (executing program)
2023/03/05 10:49:43 fetching corpus: 162, signal 9667/72739/114377 (executing program)
2023/03/05 10:49:43 fetching corpus: 162, signal 9667/72739/115337 (executing program)
2023/03/05 10:49:43 fetching corpus: 162, signal 9667/72739/116317 (executing program)
2023/03/05 10:49:43 fetching corpus: 162, signal 9667/72739/117315 (executing program)
2023/03/05 10:49:43 fetching corpus: 162, signal 9667/72739/118309 (executing program)
2023/03/05 10:49:43 fetching corpus: 162, signal 9667/72739/118693 (executing program)
2023/03/05 10:49:43 fetching corpus: 162, signal 9667/72739/118693 (executing program)
2023/03/05 10:49:43 starting 1 fuzzer processes
2023/03/05 10:49:43 ----- generateCall 2462 openat openat
2023/03/05 10:49:43 ----- generateCall 2346 listxattr listxattr
2023/03/05 10:49:43 ----- generateCall 3674 setxattr$trusted_overlay_opaque setxattr$trusted_overlay_opaque
2023/03/05 10:49:43 ----- generateCall 2362 lsetxattr$trusted_overlay_redirect lsetxattr$trusted_overlay_redirect
2023/03/05 10:49:43 ----- generateCall 2346 listxattr listxattr
2023/03/05 10:49:43 ----- generateCall 2341 lchown lchown
2023/03/05 10:49:43 ----- generateCall 2462 openat openat
2023/03/05 10:49:43 ----- generateCall 2750 pwritev pwritev
2023/03/05 10:49:43 ----- generateCall 3761 stat stat
2023/03/05 10:49:43 ----- generateCall 2750 pwritev pwritev
2023/03/05 10:49:43 ----- generateCall 2462 openat openat
2023/03/05 10:49:43 ----- generateCall 2374 mkdirat mkdirat
2023/03/05 10:49:43 ----- generateCall 2374 mkdirat mkdirat
2023/03/05 10:49:43 ----- generateCall 3765 symlinkat symlinkat
2023/03/05 10:49:43 ----- generateCall 2459 open$dir open$dir
2023/03/05 10:49:43 map[./file0:true ./file1:true]
2023/03/05 10:49:43 HasCrashFail: false, .HasNetFail: false
2023/03/05 10:49:43 prog length: 20
2023/03/05 10:49:43 HasCrashFail:false HasNetFail:false
10:49:43 ---executing program 0:
---
---
---
r0 = open(&(0x7f0000000000)='./file0\x00', 0x8002, 0x40)
r1 = openat(r0, &(0x7f0000000040)='./file0\x00', 0x240000, 0x20)
listxattr(&(0x7f0000000080)='./file0\x00', &(0x7f00000000c0)=""/34, 0x22)
setxattr$trusted_overlay_opaque(&(0x7f0000000100)='./file1\x00', &(0x7f0000000140), &(0x7f0000000180), 0x2, 0x3)
lsetxattr$trusted_overlay_redirect(&(0x7f00000001c0)='./file0\x00', &(0x7f0000000200), &(0x7f0000000240)='./file1\x00', 0x8, 0x1)
listxattr(&(0x7f0000000280)='./file1\x00', &(0x7f00000002c0)=""/39, 0x27)
lchown(&(0x7f0000000300)='./file0\x00', 0xee00, 0xee01)
r2 = dup2(r0, r0)
r3 = openat(r2, &(0x7f0000000340)='.\x00', 0x1030c0, 0xf4)
r4 = open$dir(&(0x7f0000000380)='./file1\x00', 0x400, 0x80)
pwritev(r4, &(0x7f0000000580)=[{&(0x7f00000003c0)="ac653ce56386c515e0baa4687225bf27671e1d89818571495be47fc4dd5e9487ee706ce2d0b5973c10162e995889f90f00fba4762c52c73592ed5404212f5cbc614df31f20d7d743baef0a105ca70be15ca72a92d0", 0x55}, {&(0x7f0000000440)="4dfbdc58b33a64e58968453c61e73db3022baa5986e0c8c7650a7136446b49b19fbec72f62c6c3bda9d6d8c8fcb9c07ca75ace27ce0cb862672029bd3763a1d29db3fd45674a990525ebc2c4893c6c588182", 0x52}, {&(0x7f00000004c0)="0364e0ea40b3b0624ffb2f4e7b982154cea816ea22e997ed15b7c659453ae22f23851d3aa00e18a892514ee91d9aa492594ede900cfb7f7553f57e54d7a9d00d0ebfd296ba452382f6f5fe404c35c1d93d844a86aeee7b1f7a65c56d5e83e521dcf01a4cb6e12ca02e8b2b4146118eaa4b6e447b67480ab4b186c4c2ebff956ba0d8080b40a0c6a20251bcd3e50714e6593c2b5e62b33556d144c20dcf8fb125e709eb7f6c97c711dba433e81b804abe3adfda10ec96c20be0e930cf72ae09", 0xbf}], 0x3, 0x800, 0x0)
stat(&(0x7f00000005c0)='./file0\x00', &(0x7f0000000600))
r5 = fcntl$dupfd(r1, 0x0, r0)
pwritev(r5, &(0x7f0000000700)=[{&(0x7f0000000680)="8d724ed1ab790365d9bb5efb79a535c77a3fb6357a21a9bb64ce6d2952fb36831fc301a43e9d1bdd7126c2569bd7d3edf0c71982b6fee4ecbcf7550e20a8ce331c3346e98750b2b78de0f322f184396348131fa1cff867cc154f01e9d1157956e24a27323b9e3b9c618393bc3e85abc660cb4b27a34090", 0x77}], 0x1, 0x6, 0x3)
r6 = openat(r3, &(0x7f0000000740)='./file0\x00', 0x8000, 0x1c4)
r7 = openat(r6, &(0x7f0000000780)='.\x00', 0x402c80, 0x20)
mkdirat(r7, &(0x7f00000007c0)='./file0\x00', 0x100)
mkdirat(r7, &(0x7f0000000800)='./file0\x00', 0x10)
symlinkat(&(0x7f0000000840)='./file0\x00', r6, &(0x7f0000000880)='./file0\x00')
open$dir(&(0x7f00000008c0)='./file1\x00', 0x20201, 0x10)
---

end of program
2023/03/05 10:49:43 -----run executor: [/usr/bin/ssh -F /dev/null -o ConnectionAttempts=100 -o ConnectTimeout=120 -o UserKnownHostsFile=/dev/null -o BatchMode=yes -o IdentitiesOnly=yes -o StrictHostKeyChecking=no -o ConnectTimeout=100 -i /home/tlyu/dfs-fuzzing/disk-images/glusterfs-images/focal.id_rsa root@192.168.0.55 /root/syz-executor exec 0 0 glusterfs 3 4 192.168.0.55 0 "3 1 'disperse 3 redundancy 1'" false false false true false]
2023/03/05 10:49:43 -----run executor: [/usr/bin/ssh -F /dev/null -o ConnectionAttempts=100 -o ConnectTimeout=120 -o UserKnownHostsFile=/dev/null -o BatchMode=yes -o IdentitiesOnly=yes -o StrictHostKeyChecking=no -o ConnectTimeout=100 -i /home/tlyu/dfs-fuzzing/disk-images/glusterfs-images/focal.id_rsa root@192.168.0.56 /root/syz-executor exec 0 1 glusterfs 3 4 192.168.0.55 0 "3 1 'disperse 3 redundancy 1'" false false false true false]
2023/03/05 10:49:43 -----run executor: [/usr/bin/ssh -F /dev/null -o ConnectionAttempts=100 -o ConnectTimeout=120 -o UserKnownHostsFile=/dev/null -o BatchMode=yes -o IdentitiesOnly=yes -o StrictHostKeyChecking=no -o ConnectTimeout=100 -i /home/tlyu/dfs-fuzzing/disk-images/glusterfs-images/focal.id_rsa root@192.168.0.57 /root/syz-executor exec 0 2 glusterfs 3 4 192.168.0.55 0 "3 1 'disperse 3 redundancy 1'" false false false true false]
2023/03/05 10:49:43 -----run executor: [/usr/bin/ssh -F /dev/null -o ConnectionAttempts=100 -o ConnectTimeout=120 -o UserKnownHostsFile=/dev/null -o BatchMode=yes -o IdentitiesOnly=yes -o StrictHostKeyChecking=no -o ConnectTimeout=100 -i /home/tlyu/dfs-fuzzing/disk-images/glusterfs-images/focal.id_rsa root@192.168.0.58 /root/syz-executor exec 1 3 glusterfs 3 4 192.168.0.55 0 "3 1 'disperse 3 redundancy 1'" false false false true false]
Warning: Permanently added '192.168.0.55' (ECDSA) to the list of known hosts.
Warning: Permanently added '192.168.0.56' (ECDSA) to the list of known hosts.
Warning: Permanently added '192.168.0.57' (ECDSA) to the list of known hosts.
Warning: Permanently added '192.168.0.58' (ECDSA) to the list of known hosts.
----- is restarting 0
---- dfs_name glusterfs is_dfs_client 0
unlink FIFO failed: No such file or directory
[    0.000000] kernel: Linux version 5.15.0+ (tlyu@IC-RS3-DPC07) (gcc (Ubuntu 9.4.0-1ubuntu1~20.04.1) 9.4.0, GNU ld (GNU Binutils for Ubuntu) 2.34) #8 SMP Fri Jun 3 16:18:40 CEST 2022
[    0.000000] kernel: Command line: root=/dev/sda console=ttyS0 net.ifnames=0 ip=192.168.0.55 quiet
[    0.000000] kernel: x86/fpu: Supporting XSAVE feature 0x001: 'x87 floating point registers'
[    0.000000] kernel: x86/fpu: Supporting XSAVE feature 0x002: 'SSE registers'
[    0.000000] kernel: x86/fpu: Supporting XSAVE feature 0x004: 'AVX registers'
[    0.000000] kernel: x86/fpu: Supporting XSAVE feature 0x020: 'AVX-512 opmask'
[    0.000000] kernel: x86/fpu: Supporting XSAVE feature 0x040: 'AVX-512 Hi256'
[    0.000000] kernel: x86/fpu: Supporting XSAVE feature 0x080: 'AVX-512 ZMM_Hi256'
[    0.000000] kernel: x86/fpu: Supporting XSAVE feature 0x200: 'Protection Keys User registers'
[    0.000000] kernel: x86/fpu: xstate_offset[2]:  576, xstate_sizes[2]:  256
[    0.000000] kernel: x86/fpu: xstate_offset[5]:  832, xstate_sizes[5]:   64
[    0.000000] kernel: x86/fpu: xstate_offset[6]:  896, xstate_sizes[6]:  512
[    0.000000] kernel: x86/fpu: xstate_offset[7]: 1408, xstate_sizes[7]: 1024
[    0.000000] kernel: x86/fpu: xstate_offset[9]: 2432, xstate_sizes[9]:    8
[    0.000000] kernel: x86/fpu: Enabled xstate features 0x2e7, context size is 2440 bytes, using 'compacted' format.
[    0.000000] kernel: signal: max sigframe size: 3632
[    0.000000] kernel: BIOS-provided physical RAM map:
[    0.000000] kernel: BIOS-e820: [mem 0x0000000000000000-0x000000000009fbff] usable
[    0.000000] kernel: BIOS-e820: [mem 0x000000000009fc00-0x000000000009ffff] reserved
[    0.000000] kernel: BIOS-e820: [mem 0x00000000000f0000-0x00000000000fffff] reserved
[    0.000000] kernel: BIOS-e820: [mem 0x0000000000100000-0x00000000bffdcfff] usable
[    0.000000] kernel: BIOS-e820: [mem 0x00000000bffdd000-0x00000000bfffffff] reserved
[    0.000000] kernel: BIOS-e820: [mem 0x00000000feffc000-0x00000000feffffff] reserved
[    0.000000] kernel: BIOS-e820: [mem 0x00000000fffc0000-0x00000000ffffffff] reserved
[    0.000000] kernel: BIOS-e820: [mem 0x0000000100000000-0x00000002bfffffff] usable
[    0.000000] kernel: NX (Execute Disable) protection: active
[    0.000000] kernel: SMBIOS 2.8 present.
[    0.000000] kernel: DMI: QEMU Standard PC (i440FX + PIIX, 1996), BIOS 1.13.0-1ubuntu1.1 04/01/2014
[    0.000000] kernel: Hypervisor detected: KVM
[    0.000000] kernel: kvm-clock: Using msrs 4b564d01 and 4b564d00
[    0.000000] kernel: kvm-clock: cpu 0, msr 21bd58001, primary cpu clock
[    0.000002] kernel: kvm-clock: using sched offset of 613496687 cycles
[    0.000009] kernel: clocksource: kvm-clock: mask: 0xffffffffffffffff max_cycles: 0x1cd42e4dffb, max_idle_ns: 881590591483 ns
[    0.000022] kernel: tsc: Detected 2593.906 MHz processor
[    0.005921] kernel: e820: update [mem 0x00000000-0x00000fff] usable ==> reserved
[    0.005942] kernel: e820: remove [mem 0x000a0000-0x000fffff] usable
[    0.005959] kernel: last_pfn = 0x2c0000 max_arch_pfn = 0x10000000000
[    0.006024] kernel: x86/PAT: Configuration [0-7]: WB  WC  UC- UC  WB  WP  UC- WT  
[    0.006035] kernel: last_pfn = 0xbffdd max_arch_pfn = 0x10000000000
[    0.013702] kernel: found SMP MP-table at [mem 0x000f5c70-0x000f5c7f]
[    0.013762] kernel: Using GB pages for direct mapping
[    0.014430] kernel: ACPI: Early table checksum verification disabled
[    0.014440] kernel: ACPI: RSDP 0x00000000000F5A40 000014 (v00 BOCHS )
[    0.014462] kernel: ACPI: RSDT 0x00000000BFFE15C9 000030 (v01 BOCHS  BXPCRSDT 00000001 BXPC 00000001)
[    0.014487] kernel: ACPI: FACP 0x00000000BFFE149D 000074 (v01 BOCHS  BXPCFACP 00000001 BXPC 00000001)
[    0.014514] kernel: ACPI: DSDT 0x00000000BFFE0040 00145D (v01 BOCHS  BXPCDSDT 00000001 BXPC 00000001)
[    0.014535] kernel: ACPI: FACS 0x00000000BFFE0000 000040
[    0.014550] kernel: ACPI: APIC 0x00000000BFFE1511 000080 (v01 BOCHS  BXPCAPIC 00000001 BXPC 00000001)
[    0.014571] kernel: ACPI: HPET 0x00000000BFFE1591 000038 (v01 BOCHS  BXPCHPET 00000001 BXPC 00000001)
[    0.014590] kernel: ACPI: Reserving FACP table memory at [mem 0xbffe149d-0xbffe1510]
[    0.014599] kernel: ACPI: Reserving DSDT table memory at [mem 0xbffe0040-0xbffe149c]
[    0.014607] kernel: ACPI: Reserving FACS table memory at [mem 0xbffe0000-0xbffe003f]
[    0.014615] kernel: ACPI: Reserving APIC table memory at [mem 0xbffe1511-0xbffe1590]
[    0.014623] kernel: ACPI: Reserving HPET table memory at [mem 0xbffe1591-0xbffe15c8]
[    0.015499] kernel: No NUMA configuration found
[    0.015505] kernel: Faking a node at [mem 0x0000000000000000-0x00000002bfffffff]
[    0.015521] kernel: NODE_DATA(0) allocated [mem 0x2bfffc000-0x2bfffffff]
[    0.016294] kernel: Zone ranges:
[    0.016300] kernel:   DMA      [mem 0x0000000000001000-0x0000000000ffffff]
[    0.016312] kernel:   DMA32    [mem 0x0000000001000000-0x00000000ffffffff]
[    0.016322] kernel:   Normal   [mem 0x0000000100000000-0x00000002bfffffff]
[    0.016331] kernel: Movable zone start for each node
[    0.016334] kernel: Early memory node ranges
[    0.016337] kernel:   node   0: [mem 0x0000000000001000-0x000000000009efff]
[    0.016345] kernel:   node   0: [mem 0x0000000000100000-0x00000000bffdcfff]
[    0.016354] kernel:   node   0: [mem 0x0000000100000000-0x00000002bfffffff]
[    0.016365] kernel: Initmem setup node 0 [mem 0x0000000000001000-0x00000002bfffffff]
[    0.016987] kernel: On node 0, zone DMA: 1 pages in unavailable ranges
[    0.017060] kernel: On node 0, zone DMA: 97 pages in unavailable ranges
[    0.113014] kernel: On node 0, zone Normal: 35 pages in unavailable ranges
[    0.624452] kernel: kasan: KernelAddressSanitizer initialized
[    0.624888] kernel: ACPI: PM-Timer IO Port: 0x608
[    0.624912] kernel: ACPI: LAPIC_NMI (acpi_id[0xff] dfl dfl lint[0x1])
[    0.624965] kernel: IOAPIC[0]: apic_id 0, version 17, address 0xfec00000, GSI 0-23
[    0.624980] kernel: ACPI: INT_SRC_OVR (bus 0 bexecutor 0 finishes userspace_cover_open
before receiving handshake request
us_irq 0 global_irq 2 dfl dfl)
[    0.624990] kernel: ACPI: INT_SRC_OVR (bus 0 bus_irq 5 global_irq 5 high level)
[    0.625000] kernel: ACPI: INT_SRC_OVR (bus 0 bus_irq 9 global_irq 9 high level)
[    0.625009] kernel: ACPI: INT_SRC_OVR (bus 0 bus_irq 10 global_irq 10 high level)
[    0.625019] kernel: ACPI: INT_SRC_OVR (bus 0 bus_irq 11 global_irq 11 high level)
[    0.625037] kernel: ACPI: Using ACPI (MADT) for SMP configuration information
[    0.625042] kernel: ACPI: HPET id: 0x8086a201 base: 0xfed00000
[    0.625054] kernel: TSC deadline timer available
[    0.625058] kernel: smpboot: Allowing 2 CPUs, 0 hotplug CPUs
[    0.625094] kernel: kvm-guest: KVM setup pv remote TLB flush
[    0.625102] kernel: kvm-guest: setup PV sched yield
[    0.625135] kernel: PM: hibernation: Registered nosave memory: [mem 0x00000000-0x00000fff]
[    0.625146] kernel: PM: hibernation: Registered nosave memory: [mem 0x0009f000-0x0009ffff]
[    0.625153] kernel: PM: hibernation: Registered nosave memory: [mem 0x000a0000-0x000effff]
[    0.625159] kernel: PM: hibernation: Registered nosave memory: [mem 0x000f0000-0x000fffff]
[    0.625169] kernel: PM: hibernation: Registered nosave memory: [mem 0xbffdd000-0xbfffffff]
[    0.625176] kernel: PM: hibernation: Registered nosave memory: [mem 0xc0000000-0xfeffbfff]
[    0.625183] kernel: PM: hibernation: Registered nosave memory: [mem 0xfeffc000-0xfeffffff]
[    0.625189] kernel: PM: hibernation: Registered nosave memory: [mem 0xff000000-0xfffbffff]
[    0.625196] kernel: PM: hibernation: Registered nosave memory: [mem 0xfffc0000-0xffffffff]
[    0.625204] kernel: [mem 0xc0000000-0xfeffbfff] available for PCI devices
[    0.625211] kernel: Booting paravirtualized kernel on KVM
[    0.625218] kernel: clocksource: refined-jiffies: mask: 0xffffffff max_cycles: 0xffffffff, max_idle_ns: 1910969940391419 ns
[    0.639274] kernel: setup_percpu: NR_CPUS:64 nr_cpumask_bits:64 nr_cpu_ids:2 nr_node_ids:1
[    0.640224] kernel: percpu: Embedded 56 pages/cpu s191576 r8192 d29608 u1048576
[    0.640263] kernel: pcpu-alloc: s191576 r8192 d29608 u1048576 alloc=1*2097152
[    0.640280] kernel: pcpu-alloc: [0] 0 1 
[    0.640374] kernel: kvm-guest: setup async PF for cpu 0
[    0.640385] kernel: kvm-guest: stealtime: cpu 0, msr 26501f140
[    0.640397] kernel: Built 1 zonelists, mobility grouping on.  Total pages: 2580189
[    0.640405] kernel: Policy zone: Normal
[    0.640410] kernel: Kernel command line: root=/dev/sda console=ttyS0 net.ifnames=0 ip=192.168.0.55 quiet
[    0.649752] kernel: Dentry cache hash table entries: 2097152 (order: 12, 16777216 bytes, linear)
[    0.653614] kernel: Inode-cache hash table entries: 1048576 (order: 11, 8388608 bytes, linear)
[    0.653742] kernel: mem auto-init: stack:off, heap alloc:off, heap free:off
[    0.953168] kernel: Memory: 8817344K/10485228K available (47117K kernel code, 10298K rwdata, 7204K rodata, 2068K init, 2860K bss, 1667684K reserved, 0K cma-reserved)
[    0.953403] kernel: SLUB: HWalign=64, Order=0-3, MinObjects=0, CPUs=2, Nodes=1
[    0.954407] kernel: rcu: Hierarchical RCU implementation.
[    0.954416] kernel: rcu:         RCU event tracing is enabled.
[    0.954419] kernel: rcu:         RCU restricting CPUs from NR_CPUS=64 to nr_cpu_ids=2.
[    0.954430] kernel: rcu: RCU calculated value of scheduler-enlistment delay is 100 jiffies.
[    0.954436] kernel: rcu: Adjusting geometry for rcu_fanout_leaf=16, nr_cpu_ids=2
[    0.962309] kernel: NR_IRQS: 4352, nr_irqs: 440, preallocated irqs: 16
[    0.962711] kernel: random: get_random_bytes called from start_kernel+0x22b/0x456 with crng_init=0
[    0.966817] kernel: Console: colour VGA+ 80x25
[    0.966933] kernel: printk: console [ttyS0] enabled
[    0.966981] kernel: ACPI: Core revision 20210730
[    0.967242] kernel: clocksource: hpet: mask: 0xffffffff max_cycles: 0xffffffff, max_idle_ns: 19112604467 ns
[    0.967406] kernel: APIC: Switch to symmetric I/O mode setup
[    0.967414] kernel: kvm-guest: setup PV IPIs
[    0.968418] kernel: ..TIMER: vector=0x30 apic1=0 pin1=2 apic2=-1 pin2=-1
[    0.968453] kernel: clocksource: tsc-early: mask: 0xffffffffffffffff max_cycles: 0x2563bf907c6, max_idle_ns: 440795319401 ns
[    0.968476] kernel: Calibrating delay loop (skipped) preset value.. 5187.81 BogoMIPS (lpj=2593906)
[    0.968489] kernel: pid_max: default: 32768 minimum: 301
[    0.968570] kernel: LSM: Security Framework initializing
[    0.968602] kernel: SELinux:  Initializing.
[    0.968753] kernel: Mount-cache hash table entries: 32768 (order: 6, 262144 bytes, linear)
[    0.969482] kernel: Mountpoint-cache hash table entries: 32768 (order: 6, 262144 bytes, linear)
[    0.970242] kernel: x86/cpu: User Mode Instruction Prevention (UMIP) activated
[    0.970503] kernel: Last level iTLB entries: 4KB 0, 2MB 0, 4MB 0
[    0.970512] kernel: Last level dTLB entries: 4KB 0, 2MB 0, 4MB 0, 1GB 0
[    0.970540] kernel: Spectre V1 : Mitigation: usercopy/swapgs barriers and __user pointer sanitization
[    0.970554] kernel: Spectre V2 : Mitigation: Enhanced IBRS
[    0.970558] kernel: Spectre V2 : Spectre v2 / SpectreRSB mitigation: Filling RSB on context switch
[    0.970567] kernel: Spectre V2 : mitigation: Enabling conditional Indirect Branch Prediction Barrier
[    0.970576] kernel: Speculative Store Bypass: Mitigation: Speculative Store Bypass disabled via prctl and seccomp
[    0.970583] kernel: TAA: Mitigation: TSX disabled
[    0.992899] kernel: Freeing SMP alternatives memory: 40K
[    0.993119] kernel: smpboot: CPU0: Intel(R) Xeon(R) Gold 6348 CPU @ 2.60GHz (family: 0x6, model: 0x6a, stepping: 0x6)
[    0.993376] kernel: Performance Events: Icelake events, 32-deep LBR, full-width counters, Intel PMU driver.
[    0.993559] kernel: ... version:                2
[    0.993564] kernel: ... bit width:              48
[    0.993569] kernel: ... generic registers:      8
[    0.993573] kernel: ... value mask:             0000ffffffffffff
[    0.993579] kernel: ... max period:             00007fffffffffff
[    0.993584] kernel: ... fixed-purpose events:   3
[    0.993588] kernel: ... event mask:             00000007000000ff
[    0.993886] kernel: rcu: Hierarchical SRCU implementation.
[    0.995186] kernel: smp: Bringing up secondary CPUs ...
[    0.995425] kernel: x86: Booting SMP configuration:
[    0.995430] kernel: .... node  #0, CPUs:      #1
[    0.005827] kernel: kvm-clock: cpu 1, msr 21bd58041, secondary cpu clock
[    0.005827] kernel: smpboot: CPU 1 Converting physical 0 to logical die 1
[    1.006550] kernel: kvm-guest: setup async PF for cpu 1
[    1.006550] kernel: kvm-guest: stealtime: cpu 1, msr 26511f140
[    1.006558] kernel: smp: Brought up 1 node, 2 CPUs
[    1.006558] kernel: smpboot: Max logical packages: 2
[    1.006558] kernel: smpboot: Total of 2 processors activated (10375.62 BogoMIPS)
[    1.007579] kernel: devtmpfs: initialized
[    1.012768] kernel: clocksource: jiffies: mask: 0xffffffff max_cycles: 0xffffffff, max_idle_ns: 1911260446275000 ns
[    1.012787] kernel: futex hash table entries: 512 (order: 3, 32768 bytes, linear)
[    1.013094] kernel: PM: RTC time: 09:49:25, date: 2023-03-05
[    1.013536] kernel: NET: Registered PF_NETLINK/PF_ROUTE protocol family
[    1.014120] kernel: audit: initializing netlink subsys (disabled)
[    1.014742] kernel: thermal_sys: Registered thermal governor 'step_wise'
[    1.014763] kernel: thermal_sys: Registered thermal governor 'user_space'
[    1.014834] kernel: audit: type=2000 audit(1678009766.291:1): state=initialized audit_enabled=0 res=1
[    1.014839] kernel: cpuidle: using governor menu
[    1.014839] kernel: ACPI: bus type PCI registered
[    1.015479] kernel: PCI: Using configuration type 1 for base access
[    1.033819] kernel: Kprobes globally optimized
[    1.034610] kernel: HugeTLB registered 2.00 MiB page size, pre-allocated 0 pages
[    1.034610] kernel: cryptomgr_test (26) used greatest stack depth: 30608 bytes left
[    1.037710] kernel: ACPI: Added _OSI(Module Device)
[    1.037710] kernel: ACPI: Added _OSI(Processor Device)
[    1.037710] kernel: ACPI: Added _OSI(3.0 _SCP Extensions)
[    1.037710] kernel: ACPI: Added _OSI(Processor Aggregator Device)
[    1.037710] kernel: ACPI: Added _OSI(Linux-Dell-Video)
[    1.037710] kernel: ACPI: Added _OSI(Linux-Lenovo-NV-HDMI-Audio)
[    1.037710] kernel: ACPI: Added _OSI(Linux-HPI-Hybrid-Graphics)
[    1.053228] kernel: ACPI: 1 ACPI AML tables successfully acquired and loaded
[    1.058294] kernel: ACPI: Interpreter enabled
[    1.058397] kernel: ACPI: PM: (supports S0 S3 S4 S5)
[    1.058404] kernel: ACPI: Using IOAPIC for interrupt routing
[    1.058484] kernel: PCI: Using host bridge windows from ACPI; if necessary, use "pci=nocrs" and report a bug
[    1.059467] kernel: ACPI: Enabled 2 GPEs in block 00 to 0F
[    1.091977] kernel: ACPI: PCI Root Bridge [PCI0] (domain 0000 [bus 00-ff])
[    1.092011] kernel: acpi PNP0A03:00: _OSC: OS supports [ASPM ClockPM Segments MSI HPX-Type3]
[    1.092114] kernel: acpi PNP0A03:00: fail to add MMCONFIG information, can't access extended PCI configuration space under this bridge.
[    1.092392] kernel: PCI host bridge to bus 0000:00
[    1.092402] kernel: pci_bus 0000:00: root bus resource [io  0x0000-0x0cf7 window]
[    1.092416] kernel: pci_bus 0000:00: root bus resource [io  0x0d00-0xffff window]
[    1.092428] kernel: pci_bus 0000:00: root bus resource [mem 0x000a0000-0x000bffff window]
[    1.092441] kernel: pci_bus 0000:00: root bus resource [mem 0xc0000000-0xfebfffff window]
[    1.092454] kernel: pci_bus 0000:00: root bus resource [mem 0x2c0000000-0x33fffffff window]
[    1.092471] kernel: pci_bus 0000:00: root bus resource [bus 00-ff]
[    1.093699] kernel: pci 0000:00:00.0: [8086:1237] type 00 class 0x060000
[    1.095700] kernel: pci 0000:00:01.0: [8086:7000] type 00 class 0x060100
[    1.097132] kernel: pci 0000:00:01.1: [8086:7010] type 00 class 0x010180
[    1.099313] kernel: pci 0000:00:01.1: reg 0x20: [io  0xc0c0-0xc0cf]
[    1.100230] kernel: pci 0000:00:01.1: legacy IDE quirk: reg 0x10: [io  0x01f0-0x01f7]
[    1.100245] kernel: pci 0000:00:01.1: legacy IDE quirk: reg 0x14: [io  0x03f6]
[    1.100255] kernel: pci 0000:00:01.1: legacy IDE quirk: reg 0x18: [io  0x0170-0x0177]
[    1.100265] kernel: pci 0000:00:01.1: legacy IDE quirk: reg 0x1c: [io  0x0376]
[    1.102417] kernel: pci 0000:00:01.3: [8086:7113] type 00 class 0x068000
[    1.102720] kernel: pci 0000:00:01.3: quirk: [io  0x0600-0x063f] claimed by PIIX4 ACPI
[    1.102738] kernel: pci 0000:00:01.3: quirk: [io  0x0700-0x070f] claimed by PIIX4 SMB
[    1.104580] kernel: pci 0000:00:02.0: [1234:1111] type 00 class 0x030000
[    1.106045] kernel: pci 0000:00:02.0: reg 0x10: [mem 0xfd000000-0xfdffffff pref]
[    1.107882] kernel: pci 0000:00:02.0: reg 0x18: [mem 0xfeb90000-0xfeb90fff]
[    1.111011] kernel: pci 0000:00:02.0: reg 0x30: [mem 0xfeb80000-0xfeb8ffff pref]
[    1.113115] kernel: pci 0000:00:03.0: [1af4:1005] type 00 class 0x00ff00
[    1.113933] kernel: pci 0000:00:03.0: reg 0x10: [io  0xc080-0xc09f]
[    1.117383] kernel: pci 0000:00:03.0: reg 0x20: [mem 0xfe200000-0xfe203fff 64bit pref]
[    1.119910] kernel: pci 0000:00:04.0: [1af4:1000] type 00 class 0x020000
[    1.120474] kernel: pci 0000:00:04.0: reg 0x10: [io  0xc0a0-0xc0bf]
[    1.121291] kernel: pci 0000:00:04.0: reg 0x14: [mem 0xfeb91000-0xfeb91fff]
[    1.123325] kernel: pci 0000:00:04.0: reg 0x20: [mem 0xfe204000-0xfe207fff 64bit pref]
[    1.124155] kernel: pci 0000:00:04.0: reg 0x30: [mem 0xfeb00000-0xfeb7ffff pref]
[    1.126811] kernel: pci 0000:00:05.0: [1af4:1001] type 00 class 0x010000
[    1.127475] kernel: pci 0000:00:05.0: reg 0x10: [io  0xc000-0xc07f]
[    1.128287] kernel: pci 0000:00:05.0: reg 0x14: [mem 0xfeb92000-0xfeb92fff]
[    1.130308] kernel: pci 0000:00:05.0: reg 0x20: [mem 0xfe208000-0xfe20bfff 64bit pref]
[    1.133012] kernel: pci 0000:00:10.0: [1af4:1110] type 00 class 0x050000
[    1.133815] kernel: pci 0000:00:10.0: reg 0x10: [mem 0xfeb93000-0xfeb930ff]
[    1.135832] kernel: pci 0000:00:10.0: reg 0x18: [mem 0xfe000000-0xfe0fffff 64bit pref]
[    1.139977] kernel: pci 0000:00:11.0: [1af4:1110] type 00 class 0x050000
[    1.140475] kernel: pci 0000:00:11.0: reg 0x10: [mem 0xfeb94000-0xfeb940ff]
[    1.141474] kernel: pci 0000:00:11.0: reg 0x18: [mem 0xfe20c000-0xfe20c3ff 64bit pref]
[    1.145263] kernel: pci 0000:00:12.0: [1af4:1110] type 00 class 0x050000
[    1.145847] kernel: pci 0000:00:12.0: reg 0x10: [mem 0xfeb95000-0xfeb950ff]
[    1.147294] kernel: pci 0000:00:12.0: reg 0x18: [mem 0xfe100000-0xfe1fffff 64bit pref]
[    1.153580] kernel: ACPI: PCI: Interrupt link LNKA configured for IRQ 10
[    1.154341] kernel: ACPI: PCI: Interrupt link LNKB configured for IRQ 10
[    1.155113] kernel: ACPI: PCI: Interrupt link LNKC configured for IRQ 11
[    1.155856] kernel: ACPI: PCI: Interrupt link LNKD configured for IRQ 11
[    1.156168] kernel: ACPI: PCI: Interrupt link LNKS configured for IRQ 9
[    1.157557] kernel: iommu: Default domain type: Translated 
[    1.157565] kernel: iommu: DMA domain TLB invalidation policy: lazy mode 
[    1.157641] kernel: pci 0000:00:02.0: vgaarb: setting as boot VGA device
[    1.157641] kernel: pci 0000:00:02.0: vgaarb: VGA device added: decodes=io+mem,owns=io+mem,locks=none
[    1.157641] kernel: pci 0000:00:02.0: vgaarb: bridge control possible
[    1.157641] kernel: vgaarb: loaded
[    1.157904] kernel: SCSI subsystem initialized
[    1.157980] kernel: libata version 3.00 loaded.
[    1.158474] kernel: ACPI: bus type USB registered
[    1.158564] kernel: usbcore: registered new interface driver usbfs
[    1.158614] kernel: usbcore: registered new interface driver hub
[    1.158650] kernel: usbcore: registered new device driver usb
[    1.158745] kernel: pps_core: LinuxPPS API ver. 1 registered
[    1.158750] kernel: pps_core: Software ver. 5.3.6 - Copyright 2005-2007 Rodolfo Giometti <giometti@linux.it>
[    1.158772] kernel: PTP clock support registered
[    1.158871] kernel: Advanced Linux Sound Architecture Driver Initialized.
[    1.159676] kernel: NetLabel: Initializing
[    1.159681] kernel: NetLabel:  domain hash size = 128
[    1.159686] kernel: NetLabel:  protocols = UNLABELED CIPSOv4 CALIPSO
[    1.159761] kernel: NetLabel:  unlabeled traffic allowed by default
[    1.160512] kernel: PCI: Using ACPI for IRQ routing
[    1.160512] kernel: PCI: pci_cache_line_size set to 64 bytes
[    1.160636] kernel: e820: reserve RAM buffer [mem 0x0009fc00-0x0009ffff]
[    1.160650] kernel: e820: reserve RAM buffer [mem 0xbffdd000-0xbfffffff]
[    1.160904] kernel: hpet0: at MMIO 0xfed00000, IRQs 2, 8, 0
[    1.160930] kernel: hpet0: 3 comparators, 64-bit 100.000000 MHz counter
[    1.164522] kernel: clocksource: Switched to clocksource kvm-clock
[    1.237126] kernel: VFS: Disk quotas dquot_6.6.0
[    1.237178] kernel: VFS: Dquot-cache hash table entries: 512 (order 0, 4096 bytes)
[    1.237389] kernel: pnp: PnP ACPI init
[    1.238124] kernel: pnp 00:03: [dma 2]
[    1.240682] kernel: pnp: PnP ACPI: found 6 devices
[    1.361053] kernel: clocksource: acpi_pm: mask: 0xffffff max_cycles: 0xffffff, max_idle_ns: 2085701024 ns
[    1.361177] kernel: NET: Registered PF_INET protocol family
[    1.362267] kernel: IP idents hash table entries: 262144 (order: 9, 2097152 bytes, linear)
[    1.381106] kernel: tcp_listen_portaddr_hash hash table entries: 8192 (order: 5, 131072 bytes, linear)
[    1.381871] kernel: TCP established hash table entries: 131072 (order: 8, 1048576 bytes, linear)
[    1.382761] kernel: TCP bind hash table entries: 65536 (order: 8, 1048576 bytes, linear)
[    1.383974] kernel: TCP: Hash tables configured (established 131072 bind 65536)
[    1.384090] kernel: UDP hash table entries: 8192 (order: 6, 262144 bytes, linear)
[    1.384237] kernel: UDP-Lite hash table entries: 8192 (order: 6, 262144 bytes, linear)
[    1.384538] kernel: NET: Registered PF_UNIX/PF_LOCAL protocol family
[    1.387079] kernel: pci_bus 0000:00: resource 4 [io  0x0000-0x0cf7 window]
[    1.387096] kernel: pci_bus 0000:00: resource 5 [io  0x0d00-0xffff window]
[    1.387108] kernel: pci_bus 0000:00: resource 6 [mem 0x000a0000-0x000bffff window]
[    1.387120] kernel: pci_bus 0000:00: resource 7 [mem 0xc0000000-0xfebfffff window]
[    1.387133] kernel: pci_bus 0000:00: resource 8 [mem 0x2c0000000-0x33fffffff window]
[    1.387411] kernel: pci 0000:00:01.0: PIIX3: Enabling Passive Release
[    1.387431] kernel: pci 0000:00:00.0: Limiting direct PCI/PCI transfers
[    1.387457] kernel: pci 0000:00:01.0: Activating ISA DMA hang workarounds
[    1.387553] kernel: pci 0000:00:02.0: Video device with shadowed ROM at [mem 0x000c0000-0x000dffff]
[    1.387669] kernel: PCI: CLS 0 bytes, default 64
[    1.387924] kernel: PCI-DMA: Using software bounce buffering for IO (SWIOTLB)
[    1.387930] kernel: software IO TLB: mapped [mem 0x00000000bbfdd000-0x00000000bffdd000] (64MB)
[    1.388178] kernel: RAPL----- is restarting 0
---- dfs_name glusterfs is_dfs_client 0
unlink FIFO failed: No such file or directory
[    0.000000] kernel: Linux version 5.15.0+ (tlyu@IC-RS3-DPC07) (gcc (Ubuntu 9.4.0-1ubuntu1~20.04.1) 9.4.0, GNU ld (GNU Binutils for Ubuntu) 2.34) #8 SMP Fri Jun 3 16:18:40 CEST 2022
[    0.000000] kernel: Command line: root=/dev/sda console=ttyS0 net.ifnames=0 ip=192.168.0.57 quiet
[    0.000000] kernel: x86/fpu: Supporting XSAVE feature 0x001: 'x87 floating point registers'
[    0.000000] kernel: x86/fpu: Supporting XSAVE feature 0x002: 'SSE registers'
[    0.000000] kernel: x86/fpu: Supporting XSAVE feature 0x004: 'AVX registers'
[    0.000000] kernel: x86/fpu: Supporting XSAVE feature 0x020: 'AVX-512 opmask'
[    0.000000] kernel: x86/fpu: Supporting XSAVE feature 0x040: 'AVX-512 Hi256'
[    0.000000] kernel: x86/fpu: Supporting XSAVE feature 0x080: 'AVX-512 ZMM_Hi256'
[    0.000000] kernel: x86/fpu: Supporting XSAVE feature 0x200: 'Protection Keys User registers'
[    0.000000] kernel: x86/fpu: xstate_offset[2]:  576, xstate_sizes[2]:  256
[    0.000000] kernel: x86/fpu: xstate_ PMU: API unit is 2^-32 Joules, 0 fixed counters, 10737418240 ms ovfl timer
[    1.388206] kernel: clocksource: tsc: mask: 0xffffffffffffffff max_cycles: 0x2563bf907c6, max_idle_ns: 440795319401 ns
[    1.389261] kernel: clocksource: Switched to clocksource tsc
[    1.394718] kernel: Initialise system trusted keyrings
[    1.396730] kernel: workingset: timestamp_bits=56 max_order=22 bucket_order=0
[    1.411578] kernel: fuse: init (API version 7.34)
[    1.432178] kernel: Key type asymmetric registered
[    1.432190] kernel: Asymmetric key parser 'x509' registered
[    1.432361] kernel: Block layer SCSI generic (bsg) driver version 0.4 loaded (major 251)
[    1.432368] kernel: io scheduler mq-deadline registered
[    1.432373] kernel: io scheduler kyber registered
[    1.433394] kernel: input: Power Button as /devices/LNXSYSTM:00/LNXPWRBN:00/input/input0
[    1.433615] kernel: ACPI: button: Power Button [PWRF]
[    2.214444] kernel: ACPI: \_SB_.LNKC: Enabled at IRQ 11
[    3.222917] kernel: ACPI: \_SB_.LNKD: Enabled at IRQ 10
[    4.023036] kernel: ACPI: \_SB_.LNKA: Enabled at IRQ 10
[    4.024382] kernel: Serial: 8250/16550 driver, 4 ports, IRQ sharing enabled
[    4.024613] kernel: 00:05: ttyS0 at I/O 0x3f8 (irq = 4, base_baud = 115200) is a 16550A
[    4.026598] kernel: Non-volatile memory driver v1.3
[    4.026746] kernel: Linux agpgart interface v0.103
[    4.101227] kernel: loop: module loaded
[    4.102895] kernel: virtio_blk virtio2: [vda] 1024000 512-byte logical blocks (524 MB/500 MiB)
[    4.105560] kernel: ata_piix 0000:00:01.1: version 2.13
[    4.114661] kernel: scsi host0: ata_piix
[    4.117302] kernel: scsi host1: ata_piix
[    4.117536] kernel: ata1: PATA max MWDMA2 cmd 0x1f0 ctl 0x3f6 bmdma 0xc0c0 irq 14
[    4.117550] kernel: ata2: PATA max MWDMA2 cmd 0x170 ctl 0x376 bmdma 0xc0c8 irq 15
[    4.119055] kernel: libphy: Fixed MDIO Bus: probed
[    4.172953] kernel: e100: Intel(R) PRO/100 Network Driver
[    4.172964] kernel: e100: Copyright(c) 1999-2006 Intel Corporation
[    4.173013] kernel: e1000: Intel(R) PRO/1000 Network Driver
[    4.173018] kernel: e1000: Copyright (c) 1999-2006 Intel Corporation.
[    4.173084] kernel: e1000e: Intel(R) PRO/1000 Network Driver
[    4.173088] kernel: e1000e: Copyright(c) 1999 - 2015 Intel Corporation.
[    4.173171] kernel: sky2: driver version 1.30
[    4.175218] kernel: ehci_hcd: USB 2.0 'Enhanced' Host Controller (EHCI) Driver
[    4.175226] kernel: ehci-pci: EHCI PCI platform driver
[    4.175280] kernel: ohci_hcd: USB 1.1 'Open' Host Controller (OHCI) Driver
[    4.175295] kernel: ohci-pci: OHCI PCI platform driver
[    4.175333] kernel: uhci_hcd: USB Universal Host Controller Interface driver
[    4.175618] kernel: usbcore: registered new interface driver usblp
[    4.175665] kernel: usbcore: registered new interface driver usb-storage
[    4.175805] kernel: i8042: PNP: PS/2 Controller [PNP0303:KBD,PNP0f13:MOU] at 0x60,0x64 irq 1,12
[    4.176441] kernel: serio: i8042 KBD port at 0x60,0x64 irq 1
[    4.176461] kernel: serio: i8042 AUX port at 0x60,0x64 irq 12
[    4.185189] kernel: rtc_cmos 00:00: RTC can wake from S4
[    4.193668] kernel: input: AT Translated Set 2 keyboard as /devices/platform/i8042/serio0/input/input1
[    4.201295] kernel: rtc_cmos 00:00: registered as rtc0
[    4.201388] kernel: rtc_cmos 00:00: alarms up to one day, y3k, 114 bytes nvram, hpet irqs
[    4.202118] kernel: device-mapper: ioctl: 4.45.0-ioctl (2021-03-22) initialised: dm-devel@redhat.com
[    4.202136] kernel: intel_pstate: CPU model not supported
[    4.202282] kernel: hid: raw HID events driver (C) Jiri Kosina
[    4.206044] kernel: usbcore: registered new interface driver usbhid
[    4.206052] kernel: usbhid: USB HID core driver
[    4.206662] kernel: netem: version 1.3
[    4.214258] kernel: Initializing XFRM netlink socket
[    4.215023] kernel: NET: Registered PF_INET6 protocol family
[    4.230815] kernel: Segment Routing with IPv6
[    4.230852] kernel: In-situ OAM (IOoffset[5]:  832, xstate_sizes[5]:   64
[    0.000000] kernel: x86/fpu: xstate_offset[6]:  896, xstate_sizes[6]:  512
[    0.000000] kernel: x86/fpu: xstate_offset[7]: 1408, xstate_sizes[7]: 1024
[    0.000000] kernel: x86/fpu: xstate_offset[9]: 2432, xstate_sizes[9]:    8
[    0.000000] kernel: x86/fpu: Enabled xstate features 0x2e7, context size is 2440 bytes, using 'compacted' format.
[    0.000000] kernel: signal: max sigframe size: 3632
[    0.000000] kernel: BIOS-provided physical RAM map:
[    0.000000] kernel: BIOS-e820: [mem 0x0000000000000000-0x000000000009fbff] usable
[    0.000000] kernel: BIOS-e820: [mem 0x000000000009fc00-0x000000000009ffff] reserved
[    0.000000] kernel: BIOS-e820: [mem 0x00000000000f0000-0x00000000000fffff] reserved
[    0.000000] kernel: BIOS-e820: [mem 0x0000000000100000-0x00000000bffdcfff] usable
[    0.000000] kernel: BIOS-e820: [mem 0x00000000bffdd000-0x00000000bfffffff] reserved
[    0.000000] kernel: BIOS-e820: [mem 0x00000000feffc000-0x00000000feffffff] reserved
[    0.000000] kernel: BIOS-e820: [mem 0x00000000fffc0000-0x00000000ffffffff] reserved
[    0.000000] kernel: BIOS-e820: [mem 0x0000000100000000-0x00000002bfffffff] usable
[    0.000000] kernel: NX (Execute Disable) protection: active
[    0.000000] kernel: SMBIOS 2.8 present.
[    0.000000] kernel: DMI: QEMU Standard PC (i440FX + PIIX, 1996), BIOS 1.13.0-1ubuntu1.1 04/01/2014
[    0.000000] kernel: Hypervisor detected: KVM
[    0.000000] kernel: kvm-clock: Using msrs 4b564d01 and 4b564d00
[    0.000000] kernel: kvm-clock: cpu 0, msr 64358001, primary cpu clock
[    0.000002] kernel: kvm-clock: using sched offset of 659693062 cycles
[    0.000010] kernel: clocksource: kvm-clock: mask: 0xffffffffffffffff max_cycles: 0x1cd42e4dffb, max_idle_ns: 881590591483 ns
[    0.000022] kernel: tsc: Detected 2593.906 MHz processor
[    0.005775] kernel: e820: update [mem 0x00000000-0x00000fff] usable ==> reserved
[    0.005791] kernel: e820: remove [mem 0x000a0000-0x000fffff] usaexecutor 2 finishes userspace_cover_open
before receiving handshake request
req.flags ea2
ble
[    0.005807] kernel: last_pfn = 0x2c0000 max_arch_pfn = 0x10000000000
[    0.005871] kernel: x86/PAT: Configuration [0-7]: WB  WC  UC- UC  WB  WP  UC- WT  
[    0.005882] kernel: last_pfn = 0xbffdd max_arch_pfn = 0x10000000000
[    0.013311] kernel: found SMP MP-table at [mem 0x000f5c70-0x000f5c7f]
[    0.013372] kernel: Using GB pages for direct mapping
[    0.014753] kernel: ACPI: Early table checksum verification disabled
[    0.014770] kernel: ACPI: RSDP 0x00000000000F5A40 000014 (v00 BOCHS )
[    0.014858] kernel: ACPI: RSDT 0x00000000BFFE15C9 000030 (v01 BOCHS  BXPCRSDT 00000001 BXPC 00000001)
[    0.014884] kernel: ACPI: FACP 0x00000000BFFE149D 000074 (v01 BOCHS  BXPCFACP 00000001 BXPC 00000001)
[    0.014911] kernel: ACPI: DSDT 0x00000000BFFE0040 00145D (v01 BOCHS  BXPCDSDT 00000001 BXPC 00000001)
[    0.014933] kernel: ACPI: FACS 0x00000000BFFE0000 000040
[    0.014948] kernel: ACPI: APIC 0x00000000BFFE1511 000080 (v01 BOCHS  BXPCAPIC 00000001 BXPC 00000001)
[    0.0149AM) with IPv6
[    4.231061] kernel: sit: IPv6, IPv4 and MPLS over IPv4 tunneling driver
[    4.231660] kernel: NET: Registered PF_PACKET protocol family
[    4.231787] kernel: 9pnet: Installing 9P2000 support
[    4.231847] kernel: Key type dns_resolver registered
[    4.231878] kernel: Key type ceph registered
[    4.255510] kernel: libceph: loaded (mon/osd proto 15/24)
[    4.256184] kernel: IPI shorthand broadcast: enabled
[    4.256243] kernel: sched_clock: Marking stable (4251159449, 4827755)->(4533111501, -277124297)
[    4.256711] kernel: registered taskstats version 1
[    4.256725] kernel: Loading compiled-in X.509 certificates
[    4.268174] kernel: PM:   Magic number: 15:97:828
[    4.268557] kernel: printk: console [netcon0] enabled
[    4.268567] kernel: netconsole: network logging started
[    4.311856] kernel: ata1.01: NODEV after polling detection
[    4.312104] kernel: ata1.00: ATA-7: QEMU HARDDISK, 2.5+, max UDMA/100
[    4.312118] kernel: ata1.00: 88078336 sectors,69] kernel: ACPI: HPET 0x00000000BFFE1591 000038 (v01 BOCHS  BXPCHPET 00000001 BXPC 00000001)
[    0.014987] kernel: ACPI: Reserving FACP table memory at [mem 0xbffe149d-0xbffe1510]
[    0.014996] kernel: ACPI: Reserving DSDT table memory at [mem 0xbffe0040-0xbffe149c]
[    0.015004] kernel: ACPI: Reserving FACS table memory at [mem 0xbffe0000-0xbffe003f]
[    0.015012] kernel: ACPI: Reserving APIC table memory at [mem 0xbffe1511-0xbffe1590]
[    0.015019] kernel: ACPI: Reserving HPET table memory at [mem 0xbffe1591-0xbffe15c8]
[    0.015875] kernel: No NUMA configuration found
[    0.015881] kernel: Faking a node at [mem 0x0000000000000000-0x00000002bfffffff]
[    0.015898] kernel: NODE_DATA(0) allocated [mem 0x2bfffa000-0x2bfffdfff]
[    0.016062] kernel: Zone ranges:
[    0.016066] kernel:   DMA      [mem 0x0000000000001000-0x0000000000ffffff]
[    0.016077] kernel:   DMA32    [mem 0x0000000001000000-0x00000000ffffffff]
[    0.016087] kernel:   Normal   [mem 0x0000000100000000-0x00 multi 16: LBA48 
[    4.312833] kernel: scsi 0:0:0:0: Direct-Access     ATA      QEMU HARDDISK    2.5+ PQ: 0 ANSI: 5
[    4.313458] kernel: sd 0:0:0:0: Attached scsi generic sg0 type 0
[    4.313651] kernel: sd 0:0:0:0: [sda] 88078336 512-byte logical blocks: (45.1 GB/42.0 GiB)
[    4.313685] kernel: sd 0:0:0:0: [sda] Write Protect is off
[    4.313699] kernel: sd 0:0:0:0: [sda] Mode Sense: 00 3a 00 00
[    4.313740] kernel: sd 0:0:0:0: [sda] Write cache: enabled, read cache: enabled, doesn't support DPO or FUA
[    4.315891] kernel: sd 0:0:0:0: [sda] Attached SCSI disk
[    4.327819] kernel: ata2.01: NODEV after polling detection
[    4.328058] kernel: ata2.00: ATAPI: QEMU DVD-ROM, 2.5+, max UDMA/100
[    4.329116] kernel: scsi 1:0:0:0: CD-ROM            QEMU     QEMU DVD-ROM     2.5+ PQ: 0 ANSI: 5
[    4.355200] kernel: sr 1:0:0:0: [sr0] scsi3-mmc drive: 4x/4x cd/rw xa/form2 tray
[    4.355221] kernel: cdrom: Uniform CD-ROM driver Revision: 3.20
[    4.376138] kernel: sr 1:0:0:0: Attached scsi CD-ROM sr0
[    4.376582] kernel: sr 1:0:0:0: Attached scsi generic sg1 type 5
[    4.829608] kernel: input: ImExPS/2 Generic Explorer Mouse as /devices/platform/i8042/serio1/input/input3
[    4.842530] kernel: IP-Config: Guessing netmask 255.255.255.0
[    4.842543] kernel: IP-Config: Complete:
[    4.842547] kernel:      device=eth0, hwaddr=e6:c8:ff:09:76:37, ipaddr=192.168.0.55, mask=255.255.255.0, gw=255.255.255.255
[    4.842564] kernel:      host=192.168.0.55, domain=, nis-domain=(none)
[    4.842570] kernel:      bootserver=255.255.255.255, rootserver=255.255.255.255, rootpath=
[    4.842781] kernel: cfg80211: Loading compiled-in X.509 certificates for regulatory database
[    4.843238] kernel: kworker/u4:1 (69) used greatest stack depth: 28680 bytes left
[    4.844748] kernel: cfg80211: Loaded X.509 cert 'sforshee: 00b28ddf47aef9cea7'
[    4.844773] kernel: ALSA device list:
[    4.844777] kernel:   No soundcards found.
[    4.845198] kernel: md: Waiting for all d000002bfffffff]
[    0.016096] kernel: Movable zone start for each node
[    0.016100] kernel: Early memory node ranges
[    0.016103] kernel:   node   0: [mem 0x0000000000001000-0x000000000009efff]
[    0.016111] kernel:   node   0: [mem 0x0000000000100000-0x00000000bffdcfff]
[    0.016119] kernel:   node   0: [mem 0x0000000100000000-0x00000002bfffffff]
[    0.016130] kernel: Initmem setup node 0 [mem 0x0000000000001000-0x00000002bfffffff]
[    0.019173] kernel: On node 0, zone DMA: 1 pages in unavailable ranges
[    0.019247] kernel: On node 0, zone DMA: 97 pages in unavailable ranges
[    0.114471] kernel: On node 0, zone Normal: 35 pages in unavailable ranges
[    0.681165] kernel: kasan: KernelAddressSanitizer initialized
[    0.681602] kernel: ACPI: PM-Timer IO Port: 0x608
[    0.681625] kernel: ACPI: LAPIC_NMI (acpi_id[0xff] dfl dfl lint[0x1])
[    0.681679] kernel: IOAPIC[0]: apic_id 0, version 17, address 0xfec00000, GSI 0-23
[    0.681694] kernel: ACPI: INT_SRC_OVR (bus 0 buevices to be available before autodetect
[    4.845203] kernel: md: If you don't use raid, use raid=noautodetect
[    4.845208] kernel: md: Autodetecting RAID arrays.
[    4.845211] kernel: md: autorun ...
[    4.845214] kernel: md: ... autorun DONE.
[    4.853530] kernel: platform regulatory.0: Direct firmware load for regulatory.db failed with error -2
[    4.853550] kernel: cfg80211: failed to load regulatory.db
[    4.912952] kernel: EXT4-fs (sda): mounted filesystem with ordered data mode. Opts: (null). Quota mode: none.
[    4.913037] kernel: VFS: Mounted root (ext4 filesystem) readonly on device 8:0.
[    4.914034] kernel: devtmpfs: mounted
[    4.915453] kernel: Freeing unused kernel image (initmem) memory: 2068K
[    4.915482] kernel: Write protecting the kernel read-only data: 57344k
[    4.957778] kernel: Freeing unused kernel image (text/rodata gap) memory: 2032K
[    4.958329] kernel: Freeing unused kernel image (rodata/data gap) memory: 988K
[    4.958361] kernel: Run /ss_irq 0 global_irq 2 dfl dfl)
[    0.681705] kernel: ACPI: INT_SRC_OVR (bus 0 bus_irq 5 global_irq 5 high level)
[    0.681714] kernel: ACPI: INT_SRC_OVR (bus 0 bus_irq 9 global_irq 9 high level)
[    0.681724] kernel: ACPI: INT_SRC_OVR (bus 0 bus_irq 10 global_irq 10 high level)
[    0.681734] kernel: ACPI: INT_SRC_OVR (bus 0 bus_irq 11 global_irq 11 high level)
[    0.681752] kernel: ACPI: Using ACPI (MADT) for SMP configuration information
[    0.681758] kernel: ACPI: HPET id: 0x8086a201 base: 0xfed00000
[    0.681772] kernel: TSC deadline timer available
[    0.681776] kernel: smpboot: Allowing 2 CPUs, 0 hotplug CPUs
[    0.681816] kernel: kvm-guest: KVM setup pv remote TLB flush
[    0.681824] kernel: kvm-guest: setup PV sched yield
[    0.681860] kernel: PM: hibernation: Registered nosave memory: [mem 0x00000000-0x00000fff]
[    0.681871] kernel: PM: hibernation: Registered nosave memory: [mem 0x0009f000-0x0009ffff]
[    0.681878] kernel: PM: hibernation: Registered nosave memorbin/init as init process
[    4.958365] kernel:   with arguments:
[    4.958368] kernel:     /sbin/init
[    4.958372] kernel:   with environment:
[    4.958375] kernel:     HOME=/
[    4.958379] kernel:     TERM=linux
[    5.115029] kernel: random: fast init done
[    5.228771] kernel: IPv6: ADDRCONF(NETDEV_CHANGE): eth0: link becomes ready
[    5.384711] systemd[1]: systemd 245.4-4ubuntu3 running in system mode. (+PAM +AUDIT +SELINUX +IMA +APPARMOR +SMACK +SYSVINIT +UTMP +LIBCRYPTSETUP +GCRYPT +GNUTLS +ACL +XZ +LZ4 +SECCOMP +BLKID +ELFUTILS +KMOD +IDN2 -IDN +PCRE2 default-hierarchy=hybrid)
[    5.384882] systemd[1]: Detected virtualization kvm.
[    5.384894] systemd[1]: Detected architecture x86-64.
[    5.407586] systemd[1]: Set hostname to <dfs-fuzzing>.
[    5.574913] kernel: systemd-bless-b (78) used greatest stack depth: 25920 bytes left
[    5.621390] kernel: systemd-rc-loca (85) used greatest stack depth: 25032 bytes left
[    5.795843] kernel: random: crng init done
[    6.023813] systemd[1]: /lib/systemd/system/dbus.socket:5: ListenStream= references a path below legacy directory /var/run/, updating /var/run/dbus/system_bus_socket  /run/dbus/system_bus_socket; please update the unit file accordingly.
[    6.095821] systemd[1]: system-modprobe.slice: unit configures an IP firewall, but the local system does not support BPF/cgroup firewalling.
[    6.095844] systemd[1]: (This warning is only shown for the first unit using IP firewalling.)
[    6.096566] systemd[1]: Created slice system-modprobe.slice.
[    6.096995] systemd[1]: Created slice system-serial\x2dgetty.slice.
[    6.097271] systemd[1]: Created slice User and Session Slice.
[    6.097459] systemd[1]: Started Dispatch Password Requests to Console Directory Watch.
[    6.097628] systemd[1]: Started Forward Password Requests to Wall Directory Watch.
[    6.098217] systemd[1]: Set up automount Arbitrary Executable File Formats File System Automount Point.
[    6.098266] systemd[1]: Reached targ----- is restarting 0
---- dfs_name glusterfs is_dfs_client 0
et Local Encrypted Volumes.
[    6.098291] systemd[1]: Reached target Paths.
[    6.098306] systemd[1]: Reached target Remote File Systems.
[    6.098319] systemd[1]: Reached target Slices.
[    6.098335] systemd[1]: Reached target Swap.
[    6.098568] systemd[1]: Listening on Device-mapper event daemon FIFOs.
[    6.098890] systemd[1]: Listening on Syslog Socket.
[    6.099022] systemd[1]: Listening on initctl Compatibility Named Pipe.
[    6.099485] systemd[1]: Listening on Journal Audit Socket.
[    6.099750] systemd[1]: Listening on Journal Socket (/dev/log).
[    6.100063] systemd[1]: Listening on Journal Socket.
[    6.101133] systemd[1]: Listening on udev Control Socket.
[    6.101331] systemd[1]: Listening on udev Kernel Socket.
[    6.103454] systemd[1]: Mounting Huge Pages File System...
[    6.105523] systemd[1]: Mounting POSIX Message Queue File System...
[    6.119024] systemd[1]: Mounting /proc/sys/fs/binfmt_misc...
[    6.121909] systemd[1]: Mounting /sys/kernel/config...
[    6.124918] systemd[1]: Mounting /sys/kernel/debug...
[    6.147140] systemd[1]: Mounting Kernel Trace File System...
[    6.162953] systemd[1]: Starting Journal Service...
[    6.165085] systemd[1]: Starting Set the console keyboard layout...
[    6.165142] systemd[1]: Condition check resulted in Create list of static device nodes for the current kernel being skipped.
[    6.165224] systemd[1]: Condition check resulted in Load Kernel Module drm being skipped.
[    6.233646] systemd[1]: Starting Load Kernel Modules...
[    6.235503] systemd[1]: Starting Remount Root and Kernel File Systems...
[    6.237902] systemd[1]: Starting udev Coldplug all Devices...
[    6.268596] systemd[1]: Mounted Huge Pages File System.
[    6.269181] systemd[1]: Mounted POSIX Message Queue File System.
[    6.269691] systemd[1]: Mounted /proc/sys/fs/binfmt_misc.
[    6.270237] systemd[1]: Mounted /sys/kernel/config.
[    6.270707] systemd[1]: Mounted /sys/kernel/debug.
[    6.271141] systemd[1]: Mounted Kernel Trace File System.
[    6.312851] systemd[1]: Condition check resulted in Set Up Additional Binary Formats being skipped.
[    6.342884] systemd[1]: Finished Load Kernel Modules.
[    6.355059] systemd[1]: Mounting FUSE Control File System...
[    6.357772] systemd[1]: Starting Apply Kernel Variables...
[    6.392734] kernel: EXT4-fs (sda): re-mounted. Opts: (null). Quota mode: none.
[    6.402062] systemd[1]: Finished Remount Root and Kernel File Systems.
[    6.457692] systemd[1]: Condition check resulted in Rebuild Hardware Database being skipped.
[    6.457786] systemd[1]: Condition check resulted in Platform Persistent Storage Archival being skipped.
[    6.459832] systemd[1]: Starting Load/Save Random Seed...
[    6.462880] systemd[1]: Starting Create System Users...
[    6.467960] systemd[1]: Mounted FUSE Control File System.
[    6.523429] systemd[1]: Finished Load/Save Random Seed.
[    6.544628] systemd[1]: Finished Create System Users.
[    6.546984] systemd[1]: Starting Create Static Device Nodes in /dev...
[    6.751490] systemd[1]: Finished Apply Kernel Variables.
[    6.881101] systemd[1]: Started Journal Service.
[    7.427884] kernel: journal-offline (119) used greatest stack depth: 24200 bytes left
unlink FIFO failed: No such file or directory
[    0.000000] kernel: Linux version 5.15.0+ (tlyu@IC-RS3-DPC07) (gcc (Ubuntu 9.4.0-1ubuntu1~20.04.1) 9.4.0, GNU ld (GNU Binutils for Ubuntu) 2.34) #8 SMP Fri Jun 3 16:18:40 CEST 2022
[    0.000000] kernel: Command line: root=/dev/sda console=ttyS0 net.ifnames=0 ip=192.168.0.56 quiet
[    0.000000] kernel: x86/fpu: Supporting XSAVE feature 0x001: 'x87 floating point registers'
[    0.000000] kernel: x86/fpu: Supporting XSAVE feature 0x002: 'SSE registers'
[    0.000000] kernel: x86/fpu: Supporting XSAVE feature 0x004: 'AVX registers'
[    0.000000] kernel: x86/fpu: Supporting XSAVE feature 0x020: 'AVX-512 opmask'
[    0.000000] kernel: x86/fpu: Supporting XSAVE feature 0x040: 'AVX-512 Hi256'
[    0.000000] kernel: x86/fpu: Supporting XSAVE feature 0x080: 'AVX-512 ZMM_Hi256'
[    0.000000] kernel: x86/fpu: Supporting XSAVE feature 0x200: 'Protection Keys User registers'
[    0.000000] kernel: x86/fpu: xstate_offset[2]:  576, xstate_sizes[2]:  256
[    0.000000] kernel: x86/fpu: xstate_offset[5]:  832, xstate_sizes[5]:   64
[    0.000000] kernel: x86/fpu: xstate_offset[6]:  896, xstate_sizes[6]:  512
[    0.000000] kernel: x86/fpu: xstate_offset[7]: 1408, xstate_sizes[7]: 1024
[    0.000000] kernel: x86/fpu: xstate_offset[9]: 2432, xstate_sizes[9]:    8
[    0.000000] kernel: x86/fpu: Enabled xstate features 0x2e7, context size is 2440 bytes, using 'compacted' format.
[    0.000000] kernel: signal: max sigframe size: 3632
[    0.000000] kernel: BIOS-provided physical RAM map:
[    0.000000] kernel: BIOS-e820: [mem 0x0000000000000000-0x000000000009fbff] usable
[    0.000000] kernel: BIOS-e820: [mem 0x000000000009fc00-0x000000000009ffff] reserved
[    0.000000] kernel: BIOS-e820: [mem 0x00000000000f0000-0x00000000000fffff] reserved
[    0.000000] kernel: BIOS-e820: [mem 0x0000000000100000-0x00000000bffdcfff] usable
[    0.000000] kernel: BIOS-e820: [mem 0x00000000bffdd000-0x00000000bfffffff] reserved
[    0.000000] kernel: BIOS-e820: [mem 0x00000000feffc000-0x00000000feffffff] reserved
[    0.000000] kernel: BIOS-e820: [mem 0x00000000fffc0000-0x00000000ffffffff] reserved
[    0.000000] kernel: BIOS-e820: [mem 0x0000000100000000-0x00000002bfffffff] usable
[    0.000000] kernel: NX (Execute Disable) protection: active
[    0.000000] kernel: SMBIOS 2.8 present.
[    0.000000] kernel: DMI: QEMU Standard PC (i440FX + PIIX, 1996), BIOS 1.13.0-1ubuntu1.1 04/01/2014
[    0.000000] kernel: Hypervisor detected: KVM
[    0.000000] kernel: kvm-clock: Using msrs 4b564d01 and 4b564d00
[    0.000000] kernel: kvm-clock: cpu 0, msr 19df58001, primary cpu clock
[    0.000003] kernel: kvm-clock: using sched offset of 962170817 cycles
[    0.000038] kernel: clocksource: kvm-clock: mask: 0xffffffffffffffff max_cycles: 0x1cd42e4dffb, max_idle_ns: 881590591483 ns
[    0.000053] kernel: tsc: Detected 2593.906 MHz processor
[    0.008587] kernel: e820: update [mem 0x00000000-0x00000fff] usable ==> reserved
[    0.008630] kernel: e820: remove [mem 0x000a0000-0x000fffff] usable
[    0.008648] kernel: last_pfn = 0x2c0000 max_arch_pfn = 0x10000000000
[    0.008741] kernel: x86/PAT: Configuration [0-7]: WB  WC  UC- UC  WB  WP  UC- WT  
[    0.008779] kernel: last_pfn = 0xbffdd max_arch_pfn = 0x10000000000
[    0.020480] kernel: found SMP MP-table at [mem 0x000f5c70-0x000f5c7f]
[    0.020611] kernel: Using GB pages for direct mapping
[    0.021587] kernel: ACPI: Early table checksum verification disabled
[    0.021599] kernel: ACPI: RSDP 0x00000000000F5A40 000014 (v00 BOCHS )
[    0.021627] kernel: ACPI: RSDT 0x00000000BFFE15C9 000030 (v01 BOCHS  BXPCRSDT 00000001 BXPC 00000001)
[    0.021681] kernel: ACPI: FACP 0x00000000BFFE149D 000074 (v01 BOCHS  BXPCFACP 00000001 BXPC 00000001)
[    0.021709] kernel: ACPI: DSDT 0x00000000BFFE0040 00145D (v01 BOCHS  BXPCDSDT 00000001 BXPC 00000001)
[    0.021758] kernel: ACPI: FACS 0x00000000BFFE0000 000040
[    0.021774] kernel: ACPI: APIC 0x00000000BFFE1511 000080 (v01 BOCHS  BXPCAPIC 00000001 BXPC 00000001)
[    0.021821] kernel: ACPI: HPET 0x00000000BFFE1591 000038 (v01 BOCHS  BXPCHPET 00000001 BXPC 00000001)
[    0.021841] kernel: ACPI: Reserving FACP table memory at [mem 0xbffe149d-0xbffe1510]
[    0.021849] kernel: ACPI: Reserving DSDT table memory at [mem 0xbffe0040-0xbffe149c]
[    0.021857] kernel: ACPI: Reserving FACS table memory at [mem 0xbffe0000-0xbffe003f]
[    0.021892] kernel: ACPI: Reserving APIC table memory at [mem 0xbffe1511-0xbffe1590]
[    0.021900] kernel: ACPI: Reserving HPET table memory at [mem 0xbffe1591-0xbffe15c8]
[    0.023269] kernel: No NUMA configuration found
[    0.023276] kernel: Faking a node at [mem 0x0000000000000000-0x00000002bfffffff]
[    0.023292] kernel: NODE_DATA(0) allocated [mem 0x2bfffc000-0x2bfffffff]
[    0.024285] kernel: Zone ranges:
[    0.024296] kernel:   DMA      [mem 0x0000000000001000-0x0000000000ffffff]
[    0.024310] kernel:   DMA32    [mem 0x0000000001000000-0x00000000ffffffff]
[    0.024319] kernel:   Normal   [mem 0x0000000100000000-0x00000002bfffffff]
[    0.024328] kernel: Movable zone start for each node
[    0.024331] kernel: Early memory node ranges
[    0.024334] kernel:   node   0: [mem 0x0000000000001000-0x000000000009efff]
[    0.024342] kernel:   node   0: [mem 0x0000000000100000-0x00000000bffdcfff]
[    0.024351] kernel:   node   0: [mem 0x0000000100000000-0x00000002bfffffff]
[    0.024361] kernel: Initmem setup node 0 [mem 0x0000000000001000-0x00000002bfffffff]
[    0.025059] kernel: On node 0, zone DMA: 1 pages in unavailable ranges
[    0.025130] kernel: On node 0, zone DMA: 97 pages in unavailable ranges
[    0.123363] kernel: On node 0, zone Normal: 35 pages in unavailable ranges
[    0.664729] kernel: kasan: KernelAddressSanitizer initialized
[    0.665482] kernel: ACPI: PM-Timer IO Port: 0x608
[    0.665510] kernel: ACPI: LAPIC_NMI (acpi_id[0xff] dfl dfl lint[0x1])
[    0.665567] kernel: IOAPIC[0]: apic_id 0, version 17, address 0xfec00000, GSI 0-23
[    0.665583] kernel: ACPI: INT_SRC_OVR (bus 0 bus_irq 0 global_irq 2 dfl dfl)
[    0.665593] kernel: ACPI: INT_SRC_OVR (bus 0 bus_irq 5 global_irq 5 high level)
[    0.665603] kernel: ACPI: INT_SRC_OVR (bus 0 bus_irq 9 global_irq 9 high level)
[    0.665613] kernel: ACPI: INT_SRC_OVR (bus 0 bus_irq 10 global_irq 10 high level)
[    0.665623] kernel: ACPI: INT_SRC_OVR (bus 0 bus_irq 11 global_irq 11 high level)
[    0.665641] kernel: ACPI: Using ACPI (MADT) for SMP configuration information
[    0.665646] kernel: ACPI: HPET id: 0x8086a201 base: 0xfed00000
[    0.665660] kernel: TSC deadline timer available
[    0.665664] kernel: smpboot: Allowing 2 CPUs, 0 hotplug CPUs
[    0.665711] kernel: kvm-guest: KVM setup pv remote TLB flush
[    0.665720] kernel: kvm-guest: setup PV sched yield
[    0.665756] kernel: PM: hibernation: Registered nosave memory: [mem 0x00000000-0x00000fff]
[    0.665767] kernel: PM: hibernation: Registered nosave memory: [mem 0x0009f000-0x0009ffff]
[    0.665774] kernel: PM: hibernation: Registered nosave memory: [mem 0x000a0000-0x000effff]
[    0.665781] kernel: PM: hibernation: Registered nosave memory: [mem 0x000f0000-0x000fffff]
[    0.665791] kernel: PM: hibernation: Registered nosave memory: [mem 0xbffdd000-0xbfffffff]
[    0.665798] kernel: PM: hibernation: Registered nosave memory: [mem 0xc0000000-0xfeffbfff]
[    0.665805] kernel: PM: hibernation: Registered nosave memory: [mem 0xfeffc000-0xfeffffff]
[    0.665811] kernel: PM: hibernation: Registered nosave memory: [mem 0xff000000-0xfffbffff]
[    0.665818] kernel: PM: hibernation: Registered nosave memory: [mem 0xfffc0000-0xffffffff]
[    0.665827] kernel: [mem 0xc0000000-0xfeffbfff] available for PCI devices
[    0.665834] kernel: Booting paravirtualized kernel on KVM
[    0.665842] kernel: clocksource: refined-jiffies: mask: 0xffffffff max_cycles: 0xffffffff, max_idle_ns: 1910969940391419 ns
[    0.679730] kernel: setup_percpu: NR_CPUS:64 nr_cpumask_bits:64 nr_cpu_ids:2 nr_node_ids:1
[    0.680790] kernel: percpu: Embedded 56 pages/cpu s191576 r8192 d29608 u1048576
[    0.680830] kernel: pcpu-alloc: s191576 r8192 d29608 u1048576 alloc=1*2097152
[    0.680849] kernel: pcpu-alloc: [0] 0 1 
[    0.680951] kernel: kvm-guest: setup async PF for cpu 0
[    0.680962] kernel: kvm-guest: stealtime: cpu 0, msr 26501f140
[    0.680975] kernel: Built 1 zonelists, mobility grouping on.  Total pages: 2580189
[    0.680983] kernel: Policy zone: Normal
[    0.680989] kernel: Kernel command line: root=/dev/sda console=ttyS0 net.ifnames=0 ip=192.168.0.56 quiet
[    0.689412] kernel: Dentry cache hash table entries: 2097152 (order: 12, 16777216 bytes, linear)
[    0.693233] kernel: Inode-cache hash table entries: 1048576 (order: 11, 8388608 bytes, linear)
[    0.693387] kernel: mem auto-init: stack:off, heap alloc:off, heap free:off
[    0.980351] kernel: Memory: 8817344K/10485228K available (47117K kernel code, 10298K rwdata, 7204K rodata, 2068K init, 2860K bss, 1667684K reserved, 0K cma-reserved)
[    0.980593] kernel: SLUBexecutor 1 finishes userspace_cover_open
before receiving handshake request
: HWalign=64, Order=0-3, MinObjects=0, CPUs=2, Nodes=1
[    0.981451] kernel: rcu: Hierarchical RCU implementation.
[    0.981459] kernel: rcu:         RCU event tracing is enabled.
[    0.981462] kernel: rcu:         RCU restricting CPUs from NR_CPUS=64 to nr_cpu_ids=2.
[    0.981473] kernel: rcu: RCU calculated value of scheduler-enlistment delay is 100 jiffies.
[    0.981479] kernel: rcu: Adjusting geometry for rcu_fanout_leaf=16, nr_cpu_ids=2
[    0.989517] kernel: NR_IRQS: 4352, nr_irqs: 440, preallocated irqs: 16
[    0.989940] kernel: random: get_random_bytes called from start_kernel+0x22b/0x456 with crng_init=0
[    0.995244] kernel: Console: colour VGA+ 80x25
[    0.995420] kernel: printk: console [ttyS0] enabled
[    0.995481] kernel: ACPI: Core revision 20210730
[    0.995784] kernel: clocksource: hpet: mask: 0xffffffff max_cycles: 0xffffffff, max_idle_ns: 19112604467 ns
[    0.995999] kernel: APIC: Switch to symmetric I/O mode setup
[    0.996008] kernel: kvm-guest: setup PV IPIs
[    0.997020] kernel: ..TIMER: vector=0x30 apic1=0 pin1=2 apic2=-1 pin2=-1
[    0.997058] kernel: clocksource: tsc-early: mask: 0xffffffffffffffff max_cycles: 0x2563bf907c6, max_idle_ns: 440795319401 ns
[    0.997086] kernel: Calibrating delay loop (skipped) preset value.. 5187.81 BogoMIPS (lpj=2593906)
[    0.997099] kernel: pid_max: default: 32768 minimum: 301
[    0.997184] kernel: LSM: Security Framework initializing
[    0.997216] kernel: SELinux:  Initializing.
[    0.997371] kernel: Mount-cache hash table entries: 32768 (order: 6, 262144 bytes, linear)
[    0.998086] kernel: Mountpoint-cache hash table entries: 32768 (order: 6, 262144 bytes, linear)
[    0.999080] kernel: x86/cpu: User Mode Instruction Prevention (UMIP) activated
[    0.999200] kernel: Last level iTLB entries: 4KB 0, 2MB 0, 4MB 0
[    0.999208] kernel: Last level dTLB entries: 4KB 0, 2MB 0, 4MB 0, 1GB 0
[    0.999240] kernel: Spectre V1 : Mitigation: usercopy/swapgs barriers and __user pointer sanitizareq.flags ea2
tion
[    0.999254] kernel: Spectre V2 : Mitigation: Enhanced IBRS
[    0.999260] kernel: Spectre V2 : Spectre v2 / SpectreRSB mitigation: Filling RSB on context switch
[    0.999268] kernel: Spectre V2 : mitigation: Enabling conditional Indirect Branch Prediction Barrier
[    0.999278] kernel: Speculative Store Bypass: Mitigation: Speculative Store Bypass disabled via prctl and seccomp
[    0.999285] kernel: TAA: Mitigation: TSX disabled
[    1.022928] kernel: Freeing SMP alternatives memory: 40K
[    1.023073] kernel: smpboot: CPU0: Intel(R) Xeon(R) Gold 6348 CPU @ 2.60GHz (family: 0x6, model: 0x6a, stepping: 0x6)
[    1.023073] kernel: Performance Events: Icelake events, 32-deep LBR, full-width counters, Intel PMU driver.
[    1.023073] kernel: ... version:                2
[    1.023073] kernel: ... bit width:              48
[    1.023073] kernel: ... generic registers:      8
[    1.023073] kernel: ... value mask:             0000ffffffffffff
[    1.023073] kernel: ... max perioy: [mem 0x000a0000-0x000effff]
[    0.681885] kernel: PM: hibernation: Registered nosave memory: [mem 0x000f0000-0x000fffff]
[    0.681895] kernel: PM: hibernation: Registered nosave memory: [mem 0xbffdd000-0xbfffffff]
[    0.681902] kernel: PM: hibernation: Registered nosave memory: [mem 0xc0000000-0xfeffbfff]
[    0.681909] kernel: PM: hibernation: Registered nosave memory: [mem 0xfeffc000-0xfeffffff]
[    0.681915] kernel: PM: hibernation: Registered nosave memory: [mem 0xff000000-0xfffbffff]
[    0.681922] kernel: PM: hibernation: Registered nosave memory: [mem 0xfffc0000-0xffffffff]
[    0.681931] kernel: [mem 0xc0000000-0xfeffbfff] available for PCI devices
[    0.681937] kernel: Booting paravirtualized kernel on KVM
[    0.681945] kernel: clocksource: refined-jiffies: mask: 0xffffffff max_cycles: 0xffffffff, max_idle_ns: 1910969940391419 ns
[    0.695815] kernel: setup_percpu: NR_CPUS:64 nr_cpumask_bits:64 nr_cpu_ids:2 nr_node_ids:1
[    0.696803] kernel: percpu: Embedded 56 pages/cpu s191576 r8192 d29608 u1048576
[    0.696839] kernel: pcpu-alloc: s191576 r8192 d29608 u1048576 alloc=1*2097152
[    0.696856] kernel: pcpu-alloc: [0] 0 1 
[    0.696949] kernel: kvm-guest: setup async PF for cpu 0
[    0.696960] kernel: kvm-guest: stealtime: cpu 0, msr 26501f140
[    0.696971] kernel: Built 1 zonelists, mobility grouping on.  Total pages: 2580189
[    0.696980] kernel: Policy zone: Normal
[    0.696985] kernel: Kernel command line: root=/dev/sda console=ttyS0 net.ifnames=0 ip=192.168.0.57 quiet
[    0.703235] kernel: Dentry cache hash table entries: 2097152 (order: 12, 16777216 bytes, linear)
[    0.706065] kernel: Inode-cache hash table entries: 1048576 (order: 11, 8388608 bytes, linear)
[    0.706179] kernel: mem auto-init: stack:off, heap alloc:off, heap free:off
[    0.994751] kernel: Memory: 8817336K/10485228K available (47117K kernel code, 10298K rwdata, 7204K rodata, 2068K init, 2860K bss, 1667692K reserved, 0K cma-reserved)
[    0.994972] kernel: SLUB:d:             00007fffffffffff
[    1.023073] kernel: ... fixed-purpose events:   3
[    1.023073] kernel: ... event mask:             00000007000000ff
[    1.023224] kernel: rcu: Hierarchical SRCU implementation.
[    1.024588] kernel: smp: Bringing up secondary CPUs ...
[    1.024842] kernel: x86: Booting SMP configuration:
[    1.024847] kernel: .... node  #0, CPUs:      #1
[    0.007218] kernel: kvm-clock: cpu 1, msr 19df58041, secondary cpu clock
[    0.007218] kernel: smpboot: CPU 1 Converting physical 0 to logical die 1
[    1.040941] kernel: kvm-guest: setup async PF for cpu 1
[    1.040941] kernel: kvm-guest: stealtime: cpu 1, msr 26511f140
[    1.041122] kernel: smp: Brought up 1 node, 2 CPUs
[    1.041131] kernel: smpboot: Max logical packages: 2
[    1.041136] kernel: smpboot: Total of 2 processors activated (10375.62 BogoMIPS)
[    1.042077] kernel: devtmpfs: initialized
[    1.046472] kernel: clocksource: jiffies: mask: 0xffffffff max_cycles: 0xffffffff, max_idle_ns: 19 HWalign=64, Order=0-3, MinObjects=0, CPUs=2, Nodes=1
[    0.995684] kernel: rcu: Hierarchical RCU implementation.
[    0.995691] kernel: rcu:         RCU event tracing is enabled.
[    0.995694] kernel: rcu:         RCU restricting CPUs from NR_CPUS=64 to nr_cpu_ids=2.
[    0.995704] kernel: rcu: RCU calculated value of scheduler-enlistment delay is 100 jiffies.
[    0.995710] kernel: rcu: Adjusting geometry for rcu_fanout_leaf=16, nr_cpu_ids=2
[    1.003525] kernel: NR_IRQS: 4352, nr_irqs: 440, preallocated irqs: 16
[    1.003902] kernel: random: get_random_bytes called from start_kernel+0x22b/0x456 with crng_init=0
[    1.007954] kernel: Console: colour VGA+ 80x25
[    1.008074] kernel: printk: console [ttyS0] enabled
[    1.008122] kernel: ACPI: Core revision 20210730
[    1.008380] kernel: clocksource: hpet: mask: 0xffffffff max_cycles: 0xffffffff, max_idle_ns: 19112604467 ns
[    1.008539] kernel: APIC: Switch to symmetric I/O mode setup
[    1.008547] kernel: kvm-guest: setup P11260446275000 ns
[    1.046492] kernel: futex hash table entries: 512 (order: 3, 32768 bytes, linear)
[    1.046815] kernel: PM: RTC time: 09:49:25, date: 2023-03-05
[    1.047357] kernel: NET: Registered PF_NETLINK/PF_ROUTE protocol family
[    1.047942] kernel: audit: initializing netlink subsys (disabled)
[    1.048565] kernel: thermal_sys: Registered thermal governor 'step_wise'
[    1.048571] kernel: thermal_sys: Registered thermal governor 'user_space'
[    1.048641] kernel: audit: type=2000 audit(1678009766.624:1): state=initialized audit_enabled=0 res=1
[    1.048646] kernel: cpuidle: using governor menu
[    1.048646] kernel: ACPI: bus type PCI registered
[    1.049283] kernel: PCI: Using configuration type 1 for base access
[    1.066393] kernel: Kprobes globally optimized
[    1.067217] kernel: HugeTLB registered 2.00 MiB page size, pre-allocated 0 pages
[    1.067217] kernel: cryptomgr_test (26) used greatest stack depth: 30712 bytes left
[    1.075244] kernel: ACPI: AddeV IPIs
[    1.009538] kernel: ..TIMER: vector=0x30 apic1=0 pin1=2 apic2=-1 pin2=-1
[    1.009574] kernel: clocksource: tsc-early: mask: 0xffffffffffffffff max_cycles: 0x2563bf907c6, max_idle_ns: 440795319401 ns
[    1.009597] kernel: Calibrating delay loop (skipped) preset value.. 5187.81 BogoMIPS (lpj=2593906)
[    1.009610] kernel: pid_max: default: 32768 minimum: 301
[    1.009691] kernel: LSM: Security Framework initializing
[    1.009722] kernel: SELinux:  Initializing.
[    1.009865] kernel: Mount-cache hash table entries: 32768 (order: 6, 262144 bytes, linear)
[    1.010593] kernel: Mountpoint-cache hash table entries: 32768 (order: 6, 262144 bytes, linear)
[    1.011337] kernel: x86/cpu: User Mode Instruction Prevention (UMIP) activated
[    1.011445] kernel: Last level iTLB entries: 4KB 0, 2MB 0, 4MB 0
[    1.011453] kernel: Last level dTLB entries: 4KB 0, 2MB 0, 4MB 0, 1GB 0
[    1.011481] kernel: Spectre V1 : Mitigation: usercopy/swapgs barriers and __user pointer sanitizatd _OSI(Module Device)
[    1.075244] kernel: ACPI: Added _OSI(Processor Device)
[    1.075244] kernel: ACPI: Added _OSI(3.0 _SCP Extensions)
[    1.075244] kernel: ACPI: Added _OSI(Processor Aggregator Device)
[    1.075244] kernel: ACPI: Added _OSI(Linux-Dell-Video)
[    1.075244] kernel: ACPI: Added _OSI(Linux-Lenovo-NV-HDMI-Audio)
[    1.075244] kernel: ACPI: Added _OSI(Linux-HPI-Hybrid-Graphics)
[    1.094810] kernel: ACPI: 1 ACPI AML tables successfully acquired and loaded
[    1.103161] kernel: ACPI: Interpreter enabled
[    1.103267] kernel: ACPI: PM: (supports S0 S3 S4 S5)
[    1.103275] kernel: ACPI: Using IOAPIC for interrupt routing
[    1.103368] kernel: PCI: Using host bridge windows from ACPI; if necessary, use "pci=nocrs" and report a bug
[    1.105073] kernel: ACPI: Enabled 2 GPEs in block 00 to 0F
[    1.138423] kernel: ACPI: PCI Root Bridge [PCI0] (domain 0000 [bus 00-ff])
[    1.138463] kernel: acpi PNP0A03:00: _OSC: OS supports [ASPM ClockPM Segments MSI HPX-Type3]
[    1.138571] kernel: acpi PNP0A03:00: fail to add MMCONFIG information, can't access extended PCI configuration space under this bridge.
[    1.138873] kernel: PCI host bridge to bus 0000:00
[    1.138882] kernel: pci_bus 0000:00: root bus resource [io  0x0000-0x0cf7 window]
[    1.138896] kernel: pci_bus 0000:00: root bus resource [io  0x0d00-0xffff window]
[    1.138909] kernel: pci_bus 0000:00: root bus resource [mem 0x000a0000-0x000bffff window]
[    1.138922] kernel: pci_bus 0000:00: root bus resource [mem 0xc0000000-0xfebfffff window]
[    1.138936] kernel: pci_bus 0000:00: root bus resource [mem 0x2c0000000-0x33fffffff window]
[    1.138951] kernel: pci_bus 0000:00: root bus resource [bus 00-ff]
[    1.140225] kernel: pci 0000:00:00.0: [8086:1237] type 00 class 0x060000
[    1.142391] kernel: pci 0000:00:01.0: [8086:7000] type 00 class 0x060100
[    1.143988] kernel: pci 0000:00:01.1: [8086:7010] type 00 class 0x010180
[    1.146351] kernel: pci 0000:00:01.1: reg 0x20: [io  ion
[    1.011495] kernel: Spectre V2 : Mitigation: Enhanced IBRS
[    1.011500] kernel: Spectre V2 : Spectre v2 / SpectreRSB mitigation: Filling RSB on context switch
[    1.011509] kernel: Spectre V2 : mitigation: Enabling conditional Indirect Branch Prediction Barrier
[    1.011518] kernel: Speculative Store Bypass: Mitigation: Speculative Store Bypass disabled via prctl and seccomp
[    1.011525] kernel: TAA: Mitigation: TSX disabled
[    1.033976] kernel: Freeing SMP alternatives memory: 40K
[    1.034229] kernel: smpboot: CPU0: Intel(R) Xeon(R) Gold 6348 CPU @ 2.60GHz (family: 0x6, model: 0x6a, stepping: 0x6)
[    1.034503] kernel: Performance Events: Icelake events, 32-deep LBR, full-width counters, Intel PMU driver.
[    1.034587] kernel: ... version:                2
[    1.034587] kernel: ... bit width:              48
[    1.034587] kernel: ... generic registers:      8
[    1.034587] kernel: ... value mask:             0000ffffffffffff
[    1.034587] kernel: ... max period0xc0c0-0xc0cf]
[    1.147929] kernel: pci 0000:00:01.1: legacy IDE quirk: reg 0x10: [io  0x01f0-0x01f7]
[    1.147950] kernel: pci 0000:00:01.1: legacy IDE quirk: reg 0x14: [io  0x03f6]
[    1.147959] kernel: pci 0000:00:01.1: legacy IDE quirk: reg 0x18: [io  0x0170-0x0177]
[    1.147969] kernel: pci 0000:00:01.1: legacy IDE quirk: reg 0x1c: [io  0x0376]
[    1.150411] kernel: pci 0000:00:01.3: [8086:7113] type 00 class 0x068000
[    1.150747] kernel: pci 0000:00:01.3: quirk: [io  0x0600-0x063f] claimed by PIIX4 ACPI
[    1.150765] kernel: pci 0000:00:01.3: quirk: [io  0x0700-0x070f] claimed by PIIX4 SMB
[    1.152681] kernel: pci 0000:00:02.0: [1234:1111] type 00 class 0x030000
[    1.153620] kernel: pci 0000:00:02.0: reg 0x10: [mem 0xfd000000-0xfdffffff pref]
[    1.156093] kernel: pci 0000:00:02.0: reg 0x18: [mem 0xfeb90000-0xfeb90fff]
[    1.162089] kernel: pci 0000:00:02.0: reg 0x30: [mem 0xfeb80000-0xfeb8ffff pref]
[    1.164359] kernel: pci 0000:00:03.0: [1af4:1005] type 00 cla:             00007fffffffffff
[    1.034587] kernel: ... fixed-purpose events:   3
[    1.034587] kernel: ... event mask:             00000007000000ff
[    1.034587] kernel: rcu: Hierarchical SRCU implementation.
[    1.035555] kernel: smp: Bringing up secondary CPUs ...
[    1.035788] kernel: x86: Booting SMP configuration:
[    1.035792] kernel: .... node  #0, CPUs:      #1
[    0.005753] kernel: kvm-clock: cpu 1, msr 64358041, secondary cpu clock
[    0.005753] kernel: smpboot: CPU 1 Converting physical 0 to logical die 1
[    1.068637] kernel: kvm-guest: setup async PF for cpu 1
[    1.068653] kernel: kvm-guest: stealtime: cpu 1, msr 26511f140
[    1.068672] kernel: smp: Brought up 1 node, 2 CPUs
[    1.068672] kernel: smpboot: Max logical packages: 2
[    1.068675] kernel: smpboot: Total of 2 processors activated (10375.62 BogoMIPS)
[    1.070060] kernel: devtmpfs: initialized
[    1.074948] kernel: clocksource: jiffies: mask: 0xffffffff max_cycles: 0xffffffff, max_idle_ns: 1911260446275000 ns
[    1.074968] kernel: futex hash table entries: 512 (order: 3, 32768 bytes, linear)
[    1.075768] kernel: PM: RTC time: 09:49:26, date: 2023-03-05
[    1.076217] kernel: NET: Registered PF_NETLINK/PF_ROUTE protocol family
[    1.076819] kernel: audit: initializing netlink subsys (disabled)
[    1.078117] kernel: thermal_sys: Registered thermal governor 'step_wise'
[    1.078123] kernel: thermal_sys: Registered thermal governor 'user_space'
[    1.078191] kernel: audit: type=2000 audit(1678009766.637:1): state=initialized audit_enabled=0 res=1
[    1.078196] kernel: cpuidle: using governor menu
[    1.078196] kernel: ACPI: bus type PCI registered
[    1.078851] kernel: PCI: Using configuration type 1 for base access
[    1.095606] kernel: Kprobes globally optimized
[    1.097800] kernel: HugeTLB registered 2.00 MiB page size, pre-allocated 0 pages
[    1.097966] kernel: cryptomgr_test (26) used greatest stack depth: 30608 bytes left
[    1.101727] kernel: ACPI: Added _OSI(Module Device)
[    1.101727] kernel: ACPI: Added _OSI(Processor Device)
[    1.101727] kernel: ACPI: Added _OSI(3.0 _SCP Extensions)
[    1.101727] kernel: ACPI: Added _OSI(Processor Aggregator Device)
[    1.101727] kernel: ACPI: Added _OSI(Linux-Dell-Video)
[    1.101727] kernel: ACPI: Added _OSI(Linux-Lenovo-NV-HDMI-Audio)
[    1.101728] kernel: ACPI: Added _OSI(Linux-HPI-Hybrid-Graphics)
[    1.115401] kernel: ACPI: 1 ACPI AML tables successfully acquired and loaded
[    1.119342] kernel: ACPI: Interpreter enabled
[    1.119436] kernel: ACPI: PM: (supports S0 S3 S4 S5)
[    1.119443] kernel: ACPI: Using IOAPIC for interrupt routing
[    1.119513] kernel: PCI: Using host bridge windows from ACPI; if necessary, use "pci=nocrs" and report a bug
[    1.120448] kernel: ACPI: Enabled 2 GPEs in block 00 to 0F
[    1.146933] kernel: ACPI: PCI Root Bridge [PCI0] (domain 0000 [bus 00-ff])
[    1.146969] kernel: acpi PNP0A03:00: _OSC: OS supports [ASPM ClockPM Segments MSI HPX-Type3]
[    1.147077] kernel: acpi PNP0A03:00: fail to add MMCONFIG information, can't access extended PCI configuration space under this bridge.
[    1.147367] kernel: PCI host bridge to bus 0000:00
[    1.147376] kernel: pci_bus 0000:00: root bus resource [io  0x0000-0x0cf7 window]
[    1.147391] kernel: pci_bus 0000:00: root bus resource [io  0x0d00-0xffff window]
[    1.147404] kernel: pci_bus 0000:00: root bus resource [mem 0x000a0000-0x000bffff window]
[    1.147418] kernel: pci_bus 0000:00: root bus resource [mem 0xc0000000-0xfebfffff window]
[    1.147431] kernel: pci_bus 0000:00: root bus resource [mem 0x2c0000000-0x33fffffff window]
[    1.147446] kernel: pci_bus 0000:00: root bus resource [bus 00-ff]
[    1.148731] kernel: pci 0000:00:00.0: [8086:1237] type 00 class 0x060000
[    1.150704] kernel: pci 0000:00:01.0: [8086:7000] type 00 class 0x060100
[    1.152432] kernel: pci 0000:00:01.1: [8086:7010] type 00 class 0x010180
[    1.154370] kernel: pci 0000:00:01.1: reg 0x20: [io  0x----- is restarting 0
---- dfs_name glusterfs is_dfs_client 1
c0c0-0xc0cf]
[    1.155301] kernel: pci 0000:00:01.1: legacy IDE quirk: reg 0x10: [io  0x01f0-0x01f7]
[    1.155315] kernel: pci 0000:00:01.1: legacy IDE quirk: reg 0x14: [io  0x03f6]
[    1.155325] kernel: pci 0000:00:01.1: legacy IDE quirk: reg 0x18: [io  0x0170-0x0177]
[    1.155336] kernel: pci 0000:00:01.1: legacy IDE quirk: reg 0x1c: [io  0x0376]
[    1.157432] kernel: pci 0000:00:01.3: [8086:7113] type 00 class 0x068000
[    1.157745] kernel: pci 0000:00:01.3: quirk: [io  0x0600-0x063f] claimed by PIIX4 ACPI
[    1.157764] kernel: pci 0000:00:01.3: quirk: [io  0x0700-0x070f] claimed by PIIX4 SMB
[    1.159590] kernel: pci 0000:00:02.0: [1234:1111] type 00 class 0x030000
[    1.161067] kernel: pci 0000:00:02.0: reg 0x10: [mem 0xfd000000-0xfdffffff pref]
[    1.163085] kernel: pci 0000:00:02.0: reg 0x18: [mem 0xfeb90000-0xfeb90fff]
[    1.167603] kernel: pci 0000:00:02.0: reg 0x30: [mem 0xfeb80000-0xfeb8ffff pref]
[    1.171348] kernel: pci 0000:00:03.0: [1af4:1005] type 00 class 0x00ff00
[    1.171900] kernel: pci 0000:00:03.0: reg 0x10: [io  0xc080-0xc09f]
[    1.174595] kernel: pci 0000:00:03.0: reg 0x20: [mem 0xfe200000-0xfe203fff 64bit pref]
[    1.179182] kernel: pci 0000:00:04.0: [1af4:1000] type 00 class 0x020000
[    1.180089] kernel: pci 0000:00:04.0: reg 0x10: [io  0xc0a0-0xc0bf]
[    1.180599] kernel: pci 0000:00:04.0: reg 0x14: [mem 0xfeb91000-0xfeb91fff]
[    1.183474] kernel: pci 0000:00:04.0: reg 0x20: [mem 0xfe204000-0xfe207fff 64bit pref]
[    1.184023] kernel: pci 0000:00:04.0: reg 0x30: [mem 0xfeb00000-0xfeb7ffff pref]
[    1.186711] kernel: pci 0000:00:05.0: [1af4:1001] type 00 class 0x010000
[    1.187598] kernel: pci 0000:00:05.0: reg 0x10: [io  0xc000-0xc07f]
[    1.189600] kernel: pci 0000:00:05.0: reg 0x14: [mem 0xfeb92000-0xfeb92fff]
[    1.192599] kernel: pci 0000:00:05.0: reg 0x20: [mem 0xfe208000-0xfe20bfff 64bit pref]
[    1.195707] kernel: pci 0000:00:10.0: [1af4:1110] type 00 class 0x050000
[    1.196606] kernel: pci 0000:00:1ss 0x00ff00
[    1.165083] kernel: pci 0000:00:03.0: reg 0x10: [io  0xc080-0xc09f]
[    1.168754] kernel: pci 0000:00:03.0: reg 0x20: [mem 0xfe200000-0xfe203fff 64bit pref]
[    1.172097] kernel: pci 0000:00:04.0: [1af4:1000] type 00 class 0x020000
[    1.173085] kernel: pci 0000:00:04.0: reg 0x10: [io  0xc0a0-0xc0bf]
[    1.174082] kernel: pci 0000:00:04.0: reg 0x14: [mem 0xfeb91000-0xfeb91fff]
[    1.178085] kernel: pci 0000:00:04.0: reg 0x20: [mem 0xfe204000-0xfe207fff 64bit pref]
[    1.179084] kernel: pci 0000:00:04.0: reg 0x30: [mem 0xfeb00000-0xfeb7ffff pref]
[    1.183040] kernel: pci 0000:00:05.0: [1af4:1001] type 00 class 0x010000
[    1.184088] kernel: pci 0000:00:05.0: reg 0x10: [io  0xc000-0xc07f]
[    1.185083] kernel: pci 0000:00:05.0: reg 0x14: [mem 0xfeb92000-0xfeb92fff]
[    1.188627] kernel: pci 0000:00:05.0: reg 0x20: [mem 0xfe208000-0xfe20bfff 64bit pref]
[    1.191972] kernel: pci 0000:00:10.0: [1af4:1110] type 00 class 0x050000
[    1.192523] kernel: pci 0000:00:10.0: reg 0x10: [mem 0xfeb93000-0xfeb930ff]
[    1.194085] kernel: pci 0000:00:10.0: reg 0x18: [mem 0xfe000000-0xfe0fffff 64bit pref]
[    1.200470] kernel: pci 0000:00:11.0: [1af4:1110] type 00 class 0x050000
[    1.201082] kernel: pci 0000:00:11.0: reg 0x10: [mem 0xfeb94000-0xfeb940ff]
[    1.202080] kernel: pci 0000:00:11.0: reg 0x18: [mem 0xfe20c000-0xfe20c3ff 64bit pref]
[    1.207637] kernel: pci 0000:00:12.0: [1af4:1110] type 00 class 0x050000
[    1.208484] kernel: pci 0000:00:12.0: reg 0x10: [mem 0xfeb95000-0xfeb950ff]
[    1.209918] kernel: pci 0000:00:12.0: reg 0x18: [mem 0xfe100000-0xfe1fffff 64bit pref]
[    1.216873] kernel: ACPI: PCI: Interrupt link LNKA configured for IRQ 10
[    1.217654] kernel: ACPI: PCI: Interrupt link LNKB configured for IRQ 10
[    1.218402] kernel: ACPI: PCI: Interrupt link LNKC configured for IRQ 11
[    1.219145] kernel: ACPI: PCI: Interrupt link LNKD configured for IRQ 11
[    1.219457] kernel: ACPI: PCI: Interrupt link LNKS configured for IRQ 9
[    1.220952] kernel: iommu: Default domain type: Translated 
[    1.220961] kernel: iommu: DMA domain TLB invalidation policy: lazy mode 
[    1.221122] kernel: pci 0000:00:02.0: vgaarb: setting as boot VGA device
[    1.221133] kernel: pci 0000:00:02.0: vgaarb: VGA device added: decodes=io+mem,owns=io+mem,locks=none
[    1.221148] kernel: pci 0000:00:02.0: vgaarb: bridge control possible
[    1.221156] kernel: vgaarb: loaded
[    1.221565] kernel: SCSI subsystem initialized
[    1.222159] kernel: libata version 3.00 loaded.
[    1.222342] kernel: ACPI: bus type USB registered
[    1.222450] kernel: usbcore: registered new interface driver usbfs
[    1.222505] kernel: usbcore: registered new interface driver hub
[    1.222547] kernel: usbcore: registered new device driver usb
[    1.222658] kernel: pps_core: LinuxPPS API ver. 1 registered
[    1.222663] kernel: pps_core: Software ver. 5.3.6 - Copyright 2005-2007 Rodolfo Giometti <giometti@linux.it>
[    1.222686] kernel: PTP clbefore receiving handshake request
[    0.000000] kernel: Linux version 5.15.0+ (tlyu@IC-RS3-DPC07) (gcc (Ubuntu 9.4.0-1ubuntu1~20.04.1) 9.4.0, GNU ld (GNU Binutils for Ubuntu) 2.34) #8 SMP Fri Jun 3 16:18:40 CEST 2022
[    0.000000] kernel: Command line: root=/dev/sda console=ttyS0 net.ifnames=0 ip=192.168.0.58 quiet
[    0.000000] kernel: x86/fpu: Supporting XSAVE feature 0x001: 'x87 floating point registers'
[    0.000000] kernel: x86/fpu: Supporting XSAVE feature 0x002: 'SSE registers'
[    0.000000] kernel: x86/fpu: Supporting XSAVE feature 0x004: 'AVX registers'
[    0.000000] kernel: x86/fpu: Supporting XSAVE feature 0x020: 'AVX-512 opmask'
[    0.000000] kernel: x86/fpu: Supporting XSAVE feature 0x040: 'AVX-512 Hi256'
[    0.000000] kernel: x86/fpu: Supporting XSAVE feature 0x080: 'AVX-512 ZMM_Hi256'
[    0.000000] kernel: x86/fpu: Supporting XSAVE feature 0x200: 'Protection Keys User registers'
[    0.000000] kernel: x86/fpu: xstate_offset[2]:  576, xstate_sizes[2]:  256
[    0.000000] kernel: x86/fpu: xstate_offset[5]:  832, xstate_sizes[5]:   64
[    0.000000] kernel: x86/fpu: xstate_offset[6]:  896, xstate_sizes[6]:  512
[    0.000000] kernel: x86/fpu: xstate_offset[7]: 1408, xstate_sizes[7]: 1024
[    0.000000] kernel: x86/fpu: xstate_offset[9]: 2432, xstate_sizes[9]:    8
[    0.000000] kernel: x86/fpu: Enabled xstate features 0x2e7, context size is 2440 bytes, using 'compacted' format.
[    0.000000] kernel: signal: max sigframe size: 3632
[    0.000000] kernel: BIOS-provided physical RAM map:
[    0.000000] kernel: BIOS-e820: [mem 0x0000000000000000-0x000000000009fbff] usable
[    0.000000] kernel: BIOS-e820: [mem 0x000000000009fc00-0x000000000009ffff] reserved
[    0.000000] kernel: BIOS-e820: [mem 0x00000000000f0000-0x00000000000fffff] reserved
[    0.000000] kernel: BIOS-e820: [mem 0x0000000000100000-0x00000000bffdffff] usable
[    0.000000] kernel: BIOS-e820: [mem 0x00000000bffe0000-0x00000000bfffffff] reserved
[    0.000000] kernel: BIOS-e820: [mem 0x00000000feffc000-0x000000000.0: reg 0x10: [mem 0xfeb93000-0xfeb930ff]
[    1.198040] kernel: pci 0000:00:10.0: reg 0x18: [mem 0xfe000000-0xfe0fffff 64bit pref]
[    1.202806] kernel: pci 0000:00:11.0: [1af4:1110] type 00 class 0x050000
[    1.203460] kernel: pci 0000:00:11.0: reg 0x10: [mem 0xfeb94000-0xfeb940ff]
[    1.204477] kernel: pci 0000:00:11.0: reg 0x18: [mem 0xfe20c000-0xfe20c3ff 64bit pref]
[    1.207787] kernel: pci 0000:00:12.0: [1af4:1110] type 00 class 0x050000
[    1.208604] kernel: pci 0000:00:12.0: reg 0x10: [mem 0xfeb95000-0xfeb950ff]
[    1.209993] kernel: pci 0000:00:12.0: reg 0x18: [mem 0xfe100000-0xfe1fffff 64bit pref]
[    1.218091] kernel: ACPI: PCI: Interrupt link LNKA configured for IRQ 10
[    1.219754] kernel: ACPI: PCI: Interrupt link LNKB configured for IRQ 10
[    1.220643] kernel: ACPI: PCI: Interrupt link LNKC configured for IRQ 11
[    1.221387] kernel: ACPI: PCI: Interrupt link LNKD configured for IRQ 11
[    1.221704] kernel: ACPI: PCI: Interrupt link LNKS configured for IRQfeffffff] reserved
[    0.000000] kernel: BIOS-e820: [mem 0x00000000fffc0000-0x00000000ffffffff] reserved
[    0.000000] kernel: BIOS-e820: [mem 0x0000000100000000-0x00000002bfffffff] usable
[    0.000000] kernel: NX (Execute Disable) protection: active
[    0.000000] kernel: SMBIOS 2.8 present.
[    0.000000] kernel: DMI: QEMU Standard PC (i440FX + PIIX, 1996), BIOS 1.13.0-1ubuntu1.1 04/01/2014
[    0.000000] kernel: Hypervisor detected: KVM
[    0.000000] kernel: kvm-clock: Using msrs 4b564d01 and 4b564d00
[    0.000000] kernel: kvm-clock: cpu 0, msr 2ad558001, primary cpu clock
[    0.000002] kernel: kvm-clock: using sched offset of 1006516746 cycles
[    0.000009] kernel: clocksource: kvm-clock: mask: 0xffffffffffffffff max_cycles: 0x1cd42e4dffb, max_idle_ns: 881590591483 ns
[    0.000021] kernel: tsc: Detected 2593.906 MHz processor
[    0.005781] kernel: e820: update [mem 0x00000000-0x00000fff] usable ==> reserved
[    0.005797] kernel: e820: remove [mem 0x000a0000-0x000fffff] uock support registered
[    1.223259] kernel: Advanced Linux Sound Architecture Driver Initialized.
[    1.224001] kernel: NetLabel: Initializing
[    1.224006] kernel: NetLabel:  domain hash size = 128
[    1.224011] kernel: NetLabel:  protocols = UNLABELED CIPSOv4 CALIPSO
[    1.224100] kernel: NetLabel:  unlabeled traffic allowed by default
[    1.224326] kernel: PCI: Using ACPI for IRQ routing
[    1.224335] kernel: PCI: pci_cache_line_size set to 64 bytes
[    1.224489] kernel: e820: reserve RAM buffer [mem 0x0009fc00-0x0009ffff]
[    1.224507] kernel: e820: reserve RAM buffer [mem 0xbffdd000-0xbfffffff]
[    1.224745] kernel: hpet0: at MMIO 0xfed00000, IRQs 2, 8, 0
[    1.224768] kernel: hpet0: 3 comparators, 64-bit 100.000000 MHz counter
[    1.228108] kernel: clocksource: Switched to clocksource kvm-clock
[    1.386572] kernel: VFS: Disk quotas dquot_6.6.0
[    1.386658] kernel: VFS: Dquot-cache hash table entries: 512 (order 0, 4096 bytes)
[    1.386949] kernel: pnp: PnP ACPIreq.flags ea2
 9
[    1.223228] kernel: iommu: Default domain type: Translated 
[    1.223237] kernel: iommu: DMA domain TLB invalidation policy: lazy mode 
[    1.223697] kernel: pci 0000:00:02.0: vgaarb: setting as boot VGA device
[    1.223714] kernel: pci 0000:00:02.0: vgaarb: VGA device added: decodes=io+mem,owns=io+mem,locks=none
[    1.223730] kernel: pci 0000:00:02.0: vgaarb: bridge control possible
[    1.223738] kernel: vgaarb: loaded
[    1.224181] kernel: SCSI subsystem initialized
[    1.224664] kernel: libata version 3.00 loaded.
[    1.224829] kernel: ACPI: bus type USB registered
[    1.224929] kernel: usbcore: registered new interface driver usbfs
[    1.224982] kernel: usbcore: registered new interface driver hub
[    1.225022] kernel: usbcore: registered new device driver usb
[    1.225126] kernel: pps_core: LinuxPPS API ver. 1 registered
[    1.225132] kernel: pps_core: Software ver. 5.3.6 - Copyright 2005-2007 Rodolfo Giometti <giometti@linux.it>
[    1.225155] kernel: PTP clocsable
[    0.005814] kernel: last_pfn = 0x2c0000 max_arch_pfn = 0x10000000000
[    0.005873] kernel: x86/PAT: Configuration [0-7]: WB  WC  UC- UC  WB  WP  UC- WT  
[    0.005884] kernel: last_pfn = 0xbffe0 max_arch_pfn = 0x10000000000
[    0.013405] kernel: found SMP MP-table at [mem 0x000f5c80-0x000f5c8f]
[    0.013464] kernel: Using GB pages for direct mapping
[    0.014087] kernel: ACPI: Early table checksum verification disabled
[    0.014096] kernel: ACPI: RSDP 0x00000000000F5A50 000014 (v00 BOCHS )
[    0.014117] kernel: ACPI: RSDT 0x00000000BFFE15C9 000030 (v01 BOCHS  BXPCRSDT 00000001 BXPC 00000001)
[    0.014142] kernel: ACPI: FACP 0x00000000BFFE149D 000074 (v01 BOCHS  BXPCFACP 00000001 BXPC 00000001)
[    0.014167] kernel: ACPI: DSDT 0x00000000BFFE0040 00145D (v01 BOCHS  BXPCDSDT 00000001 BXPC 00000001)
[    0.014188] kernel: ACPI: FACS 0x00000000BFFE0000 000040
[    0.014203] kernel: ACPI: APIC 0x00000000BFFE1511 000080 (v01 BOCHS  BXPCAPIC 00000001 BXPC 00000001)
[    0.014223] kernel: ACPI: HPET 0x00000000BFFE1591 000038 (v01 BOCHS  BXPCHPET 00000001 BXPC 00000001)
[    0.014241] kernel: ACPI: Reserving FACP table memory at [mem 0xbffe149d-0xbffe1510]
[    0.014249] kernel: ACPI: Reserving DSDT table memory at [mem 0xbffe0040-0xbffe149c]
[    0.014256] kernel: ACPI: Reserving FACS table memory at [mem 0xbffe0000-0xbffe003f]
[    0.014264] kernel: ACPI: Reserving APIC table memory at [mem 0xbffe1511-0xbffe1590]
[    0.014271] kernel: ACPI: Reserving HPET table memory at [mem 0xbffe1591-0xbffe15c8]
[    0.031068] kernel: No NUMA configuration found
[    0.031082] kernel: Faking a node at [mem 0x0000000000000000-0x00000002bfffffff]
[    0.031100] kernel: NODE_DATA(0) allocated [mem 0x2bfffc000-0x2bfffffff]
[    0.031893] kernel: Zone ranges:
[    0.031899] kernel:   DMA      [mem 0x0000000000001000-0x0000000000ffffff]
[    0.031911] kernel:   DMA32    [mem 0x0000000001000000-0x00000000ffffffff]
[    0.031920] kernel:   Normal   [mem 0x0000000100000000-0xk support registered
[    1.225762] kernel: Advanced Linux Sound Architecture Driver Initialized.
[    1.226462] kernel: NetLabel: Initializing
[    1.226466] kernel: NetLabel:  domain hash size = 128
[    1.226471] kernel: NetLabel:  protocols = UNLABELED CIPSOv4 CALIPSO
