
Ubuntu 20.04 LTS dfs-fuzzing ttyS0

Ubuntu 20.04 LTS dfs-fuzzing ttyS0

Ubuntu 20.04 LTS dfs-fuzzing ttyS0

Ubuntu 20.04 LTS dfs-fuzzing ttyS0

2023/03/05 10:01:17 fuzzer started
2023/03/05 10:01:17 dialing manager at localhost:44555
2023/03/05 10:01:17 connecting to manager...
2023/03/05 10:01:18 syscalls: 130
2023/03/05 10:01:18 code coverage: enabled
2023/03/05 10:01:18 comparison tracing: enabled
2023/03/05 10:01:18 extra coverage: enabled
2023/03/05 10:01:18 setuid sandbox: enabled
2023/03/05 10:01:18 namespace sandbox: /proc/self/ns/user does not exist
2023/03/05 10:01:18 Android sandbox: /sys/fs/selinux/policy can't be opened (open /sys/fs/selinux/policy: invalid argument)
2023/03/05 10:01:18 fault injection: CONFIG_FAULT_INJECTION_DEBUG_FS or CONFIG_FAILSLAB are not enabled
2023/03/05 10:01:18 leak checking: CONFIG_DEBUG_KMEMLEAK is not enabled
2023/03/05 10:01:18 net packet injection: /dev/net/tun does not exist
2023/03/05 10:01:18 net device setup: enabled
2023/03/05 10:01:18 concurrency sanitizer: /sys/kernel/debug/kcsan does not exist
2023/03/05 10:01:18 devlink PCI setup: enabled
2023/03/05 10:01:18 USB emulation: /dev/raw-gadget does not exist
2023/03/05 10:01:18 hci packet injection: /dev/vhci does not exist
2023/03/05 10:01:18 wifi device emulation: /sys/class/mac80211_hwsim/ does not exist
2023/03/05 10:01:18 802.15.4 emulation: /sys/bus/platform/devices/mac802154_hwsim does not exist
2023/03/05 10:01:19 poll: candidates=0 inputs=50 signal=2000
2023/03/05 10:01:19 deserializeInput: hasCrash true hasNet false
2023/03/05 10:01:19 prog length: 6
2023/03/05 10:01:19 prog length: 3
2023/03/05 10:01:19 deserializeInput: hasCrash true hasNet false
2023/03/05 10:01:19 prog length: 6
2023/03/05 10:01:19 prog length: 3
2023/03/05 10:01:19 deserializeInput: hasCrash true hasNet false
2023/03/05 10:01:19 prog length: 6
2023/03/05 10:01:19 prog length: 6
2023/03/05 10:01:19 prog length: 6
2023/03/05 10:01:19 prog length: 7
2023/03/05 10:01:19 deserializeInput: hasCrash true hasNet false
2023/03/05 10:01:19 prog length: 6
2023/03/05 10:01:19 prog length: 5
2023/03/05 10:01:19 deserializeInput: hasCrash true hasNet false
2023/03/05 10:01:19 prog length: 6
2023/03/05 10:01:19 prog length: 6
2023/03/05 10:01:19 prog length: 6
2023/03/05 10:01:19 deserializeInput: hasCrash true hasNet false
2023/03/05 10:01:19 prog length: 6
2023/03/05 10:01:19 prog length: 5
2023/03/05 10:01:19 deserializeInput: hasCrash true hasNet false
2023/03/05 10:01:19 prog length: 6
2023/03/05 10:01:19 prog length: 6
2023/03/05 10:01:19 prog length: 6
2023/03/05 10:01:19 prog length: 7
2023/03/05 10:01:19 deserializeInput: hasCrash true hasNet false
2023/03/05 10:01:19 prog length: 6
2023/03/05 10:01:19 prog length: 6
2023/03/05 10:01:19 prog length: 11
2023/03/05 10:01:19 deserializeInput: hasCrash true hasNet false
2023/03/05 10:01:19 prog length: 6
2023/03/05 10:01:19 prog length: 6
2023/03/05 10:01:19 prog length: 6
2023/03/05 10:01:19 prog length: 7
2023/03/05 10:01:19 deserializeInput: hasCrash true hasNet false
2023/03/05 10:01:19 prog length: 6
2023/03/05 10:01:19 prog length: 6
2023/03/05 10:01:19 prog length: 13
2023/03/05 10:01:19 deserializeInput: hasCrash true hasNet false
2023/03/05 10:01:19 prog length: 6
2023/03/05 10:01:19 prog length: 6
2023/03/05 10:01:19 prog length: 8
2023/03/05 10:01:19 deserializeInput: hasCrash true hasNet false
2023/03/05 10:01:19 prog length: 6
2023/03/05 10:01:19 prog length: 6
2023/03/05 10:01:19 prog length: 9
2023/03/05 10:01:19 deserializeInput: hasCrash true hasNet false
2023/03/05 10:01:19 prog length: 6
2023/03/05 10:01:19 prog length: 6
2023/03/05 10:01:19 prog length: 9
2023/03/05 10:01:19 deserializeInput: hasCrash false hasNet false
2023/03/05 10:01:19 prog length: 2
2023/03/05 10:01:19 deserializeInput: hasCrash false hasNet false
2023/03/05 10:01:19 prog length: 2
2023/03/05 10:01:19 deserializeInput: hasCrash true hasNet false
2023/03/05 10:01:19 prog length: 6
2023/03/05 10:01:19 prog length: 6
2023/03/05 10:01:19 prog length: 6
2023/03/05 10:01:19 deserializeInput: hasCrash true hasNet false
2023/03/05 10:01:19 prog length: 6
2023/03/05 10:01:19 prog length: 6
2023/03/05 10:01:19 prog length: 6
2023/03/05 10:01:19 prog length: 7
2023/03/05 10:01:19 deserializeInput: hasCrash true hasNet false
2023/03/05 10:01:19 prog length: 6
2023/03/05 10:01:19 prog length: 6
2023/03/05 10:01:19 prog length: 7
2023/03/05 10:01:19 deserializeInput: hasCrash true hasNet false
2023/03/05 10:01:19 prog length: 6
2023/03/05 10:01:19 prog length: 6
2023/03/05 10:01:19 prog length: 7
2023/03/05 10:01:19 deserializeInput: hasCrash false hasNet false
2023/03/05 10:01:19 prog length: 2
2023/03/05 10:01:19 deserializeInput: hasCrash true hasNet false
2023/03/05 10:01:19 prog length: 6
2023/03/05 10:01:19 prog length: 6
2023/03/05 10:01:19 prog length: 6
2023/03/05 10:01:19 deserializeInput: hasCrash true hasNet false
2023/03/05 10:01:19 prog length: 6
2023/03/05 10:01:19 prog length: 6
2023/03/05 10:01:19 prog length: 6
2023/03/05 10:01:19 prog length: 7
2023/03/05 10:01:19 deserializeInput: hasCrash true hasNet false
2023/03/05 10:01:19 prog length: 6
2023/03/05 10:01:19 prog length: 6
2023/03/05 10:01:19 prog length: 5
2023/03/05 10:01:19 deserializeInput: hasCrash true hasNet false
2023/03/05 10:01:19 prog length: 6
2023/03/05 10:01:19 prog length: 6
2023/03/05 10:01:19 prog length: 6
2023/03/05 10:01:19 deserializeInput: hasCrash true hasNet false
2023/03/05 10:01:19 prog length: 6
2023/03/05 10:01:19 prog length: 6
2023/03/05 10:01:19 prog length: 13
2023/03/05 10:01:19 deserializeInput: hasCrash true hasNet false
2023/03/05 10:01:19 prog length: 6
2023/03/05 10:01:19 prog length: 6
2023/03/05 10:01:19 prog length: 6
2023/03/05 10:01:19 prog length: 7
2023/03/05 10:01:19 deserializeInput: hasCrash true hasNet true
2023/03/05 10:01:19 prog length: 6
2023/03/05 10:01:19 prog length: 6
2023/03/05 10:01:19 prog length: 6
2023/03/05 10:01:19 prog length: 10
2023/03/05 10:01:19 deserializeInput: hasCrash true hasNet false
2023/03/05 10:01:19 prog length: 6
2023/03/05 10:01:19 prog length: 6
2023/03/05 10:01:19 prog length: 5
2023/03/05 10:01:19 deserializeInput: hasCrash true hasNet false
2023/03/05 10:01:19 prog length: 6
2023/03/05 10:01:19 prog length: 6
2023/03/05 10:01:19 prog length: 7
2023/03/05 10:01:19 deserializeInput: hasCrash false hasNet false
2023/03/05 10:01:19 prog length: 2
2023/03/05 10:01:19 deserializeInput: hasCrash true hasNet false
2023/03/05 10:01:19 prog length: 6
2023/03/05 10:01:19 prog length: 6
2023/03/05 10:01:19 prog length: 6
2023/03/05 10:01:19 prog length: 7
2023/03/05 10:01:19 deserializeInput: hasCrash true hasNet false
2023/03/05 10:01:19 prog length: 6
2023/03/05 10:01:19 prog length: 6
2023/03/05 10:01:19 prog length: 6
2023/03/05 10:01:19 prog length: 7
2023/03/05 10:01:19 deserializeInput: hasCrash true hasNet false
2023/03/05 10:01:19 prog length: 6
2023/03/05 10:01:19 prog length: 6
2023/03/05 10:01:19 prog length: 5
2023/03/05 10:01:19 deserializeInput: hasCrash true hasNet false
2023/03/05 10:01:19 prog length: 6
2023/03/05 10:01:19 prog length: 6
2023/03/05 10:01:19 prog length: 5
2023/03/05 10:01:19 deserializeInput: hasCrash true hasNet false
2023/03/05 10:01:19 prog length: 6
2023/03/05 10:01:19 prog length: 6
2023/03/05 10:01:19 prog length: 7
2023/03/05 10:01:19 deserializeInput: hasCrash true hasNet false
2023/03/05 10:01:19 prog length: 6
2023/03/05 10:01:19 prog length: 6
2023/03/05 10:01:19 prog length: 6
2023/03/05 10:01:19 prog length: 7
2023/03/05 10:01:19 deserializeInput: hasCrash true hasNet false
2023/03/05 10:01:19 prog length: 6
2023/03/05 10:01:19 prog length: 6
2023/03/05 10:01:19 prog length: 6
2023/03/05 10:01:19 deserializeInput: hasCrash true hasNet false
2023/03/05 10:01:19 prog length: 6
2023/03/05 10:01:19 prog length: 6
2023/03/05 10:01:19 prog length: 5
2023/03/05 10:01:19 deserializeInput: hasCrash true hasNet true
2023/03/05 10:01:19 prog length: 6
2023/03/05 10:01:19 prog length: 6
2023/03/05 10:01:19 prog length: 6
2023/03/05 10:01:19 prog length: 9
2023/03/05 10:01:19 deserializeInput: hasCrash true hasNet false
2023/03/05 10:01:19 prog length: 6
2023/03/05 10:01:19 prog length: 6
2023/03/05 10:01:19 prog length: 5
2023/03/05 10:01:19 deserializeInput: hasCrash true hasNet false
2023/03/05 10:01:19 prog length: 6
2023/03/05 10:01:19 prog length: 6
2023/03/05 10:01:19 prog length: 9
2023/03/05 10:01:19 deserializeInput: hasCrash true hasNet true
2023/03/05 10:01:19 prog length: 6
2023/03/05 10:01:19 prog length: 6
2023/03/05 10:01:19 prog length: 6
2023/03/05 10:01:19 deserializeInput: hasCrash true hasNet false
2023/03/05 10:01:19 prog length: 6
2023/03/05 10:01:19 prog length: 6
2023/03/05 10:01:19 prog length: 6
2023/03/05 10:01:19 prog length: 7
2023/03/05 10:01:19 deserializeInput: hasCrash true hasNet false
2023/03/05 10:01:19 prog length: 6
2023/03/05 10:01:19 prog length: 6
2023/03/05 10:01:19 prog length: 7
2023/03/05 10:01:19 deserializeInput: hasCrash true hasNet false
2023/03/05 10:01:19 prog length: 6
2023/03/05 10:01:19 prog length: 6
2023/03/05 10:01:19 prog length: 5
2023/03/05 10:01:19 deserializeInput: hasCrash true hasNet false
2023/03/05 10:01:19 prog length: 6
2023/03/05 10:01:19 prog length: 6
2023/03/05 10:01:19 prog length: 6
2023/03/05 10:01:19 deserializeInput: hasCrash true hasNet false
2023/03/05 10:01:19 prog length: 6
2023/03/05 10:01:19 prog length: 3
2023/03/05 10:01:19 deserializeInput: hasCrash true hasNet false
2023/03/05 10:01:19 prog length: 6
2023/03/05 10:01:19 prog length: 6
2023/03/05 10:01:19 prog length: 7
2023/03/05 10:01:19 deserializeInput: hasCrash true hasNet false
2023/03/05 10:01:19 prog length: 6
2023/03/05 10:01:19 prog length: 6
2023/03/05 10:01:19 prog length: 7
2023/03/05 10:01:19 deserializeInput: hasCrash true hasNet false
2023/03/05 10:01:19 prog length: 6
2023/03/05 10:01:19 prog length: 3
2023/03/05 10:01:19 fetching corpus: 50, signal 7322/54537/61092 (executing program)
2023/03/05 10:01:19 poll: candidates=0 inputs=50 signal=2000
2023/03/05 10:01:19 deserializeInput: hasCrash true hasNet false
2023/03/05 10:01:19 prog length: 6
2023/03/05 10:01:19 prog length: 6
2023/03/05 10:01:19 prog length: 7
2023/03/05 10:01:19 deserializeInput: hasCrash true hasNet false
2023/03/05 10:01:19 prog length: 6
2023/03/05 10:01:19 prog length: 6
2023/03/05 10:01:19 prog length: 5
2023/03/05 10:01:19 deserializeInput: hasCrash true hasNet false
2023/03/05 10:01:19 prog length: 6
2023/03/05 10:01:19 prog length: 6
2023/03/05 10:01:19 prog length: 6
2023/03/05 10:01:19 prog length: 7
2023/03/05 10:01:19 deserializeInput: hasCrash true hasNet false
2023/03/05 10:01:19 prog length: 6
2023/03/05 10:01:19 prog length: 6
2023/03/05 10:01:19 prog length: 5
2023/03/05 10:01:19 deserializeInput: hasCrash true hasNet false
2023/03/05 10:01:19 prog length: 6
2023/03/05 10:01:19 prog length: 6
2023/03/05 10:01:19 prog length: 6
2023/03/05 10:01:19 prog length: 7
2023/03/05 10:01:19 deserializeInput: hasCrash true hasNet false
2023/03/05 10:01:19 prog length: 6
2023/03/05 10:01:19 prog length: 6
2023/03/05 10:01:19 prog length: 5
2023/03/05 10:01:19 deserializeInput: hasCrash true hasNet false
2023/03/05 10:01:19 prog length: 6
2023/03/05 10:01:19 prog length: 6
2023/03/05 10:01:19 prog length: 6
2023/03/05 10:01:19 prog length: 8
2023/03/05 10:01:19 deserializeInput: hasCrash true hasNet true
2023/03/05 10:01:19 prog length: 6
2023/03/05 10:01:19 prog length: 6
2023/03/05 10:01:19 prog length: 6
2023/03/05 10:01:19 prog length: 17
2023/03/05 10:01:19 deserializeInput: hasCrash true hasNet false
2023/03/05 10:01:19 prog length: 6
2023/03/05 10:01:19 prog length: 6
2023/03/05 10:01:19 prog length: 6
2023/03/05 10:01:19 prog length: 7
2023/03/05 10:01:19 deserializeInput: hasCrash true hasNet false
2023/03/05 10:01:19 prog length: 6
2023/03/05 10:01:19 prog length: 6
2023/03/05 10:01:19 prog length: 6
2023/03/05 10:01:19 prog length: 7
2023/03/05 10:01:19 deserializeInput: hasCrash true hasNet false
2023/03/05 10:01:19 prog length: 6
2023/03/05 10:01:19 prog length: 3
2023/03/05 10:01:19 deserializeInput: hasCrash true hasNet false
2023/03/05 10:01:19 prog length: 6
2023/03/05 10:01:19 prog length: 6
2023/03/05 10:01:19 prog length: 7
2023/03/05 10:01:19 deserializeInput: hasCrash false hasNet false
2023/03/05 10:01:19 prog length: 1
2023/03/05 10:01:19 deserializeInput: hasCrash true hasNet false
2023/03/05 10:01:19 prog length: 6
2023/03/05 10:01:19 prog length: 6
2023/03/05 10:01:19 prog length: 6
2023/03/05 10:01:19 prog length: 8
2023/03/05 10:01:19 deserializeInput: hasCrash false hasNet true
2023/03/05 10:01:19 prog length: 6
2023/03/05 10:01:19 prog length: 4
2023/03/05 10:01:19 deserializeInput: hasCrash true hasNet false
2023/03/05 10:01:19 prog length: 6
2023/03/05 10:01:19 prog length: 6
2023/03/05 10:01:19 prog length: 5
2023/03/05 10:01:19 deserializeInput: hasCrash true hasNet false
2023/03/05 10:01:19 prog length: 6
2023/03/05 10:01:19 prog length: 6
2023/03/05 10:01:19 prog length: 7
2023/03/05 10:01:19 deserializeInput: hasCrash true hasNet false
2023/03/05 10:01:19 prog length: 6
2023/03/05 10:01:19 prog length: 6
2023/03/05 10:01:19 prog length: 6
2023/03/05 10:01:19 prog length: 7
2023/03/05 10:01:19 deserializeInput: hasCrash true hasNet false
2023/03/05 10:01:19 prog length: 6
2023/03/05 10:01:19 prog length: 6
2023/03/05 10:01:19 prog length: 6
2023/03/05 10:01:19 deserializeInput: hasCrash true hasNet false
2023/03/05 10:01:19 prog length: 6
2023/03/05 10:01:19 prog length: 6
2023/03/05 10:01:19 prog length: 5
2023/03/05 10:01:19 deserializeInput: hasCrash true hasNet false
2023/03/05 10:01:19 prog length: 6
2023/03/05 10:01:19 prog length: 6
2023/03/05 10:01:19 prog length: 7
2023/03/05 10:01:19 deserializeInput: hasCrash true hasNet false
2023/03/05 10:01:19 prog length: 6
2023/03/05 10:01:19 prog length: 6
2023/03/05 10:01:19 prog length: 5
2023/03/05 10:01:19 deserializeInput: hasCrash true hasNet false
2023/03/05 10:01:19 prog length: 6
2023/03/05 10:01:19 prog length: 6
2023/03/05 10:01:19 prog length: 7
2023/03/05 10:01:19 deserializeInput: hasCrash true hasNet false
2023/03/05 10:01:19 prog length: 6
2023/03/05 10:01:19 prog length: 6
2023/03/05 10:01:19 prog length: 6
2023/03/05 10:01:19 deserializeInput: hasCrash true hasNet false
2023/03/05 10:01:19 prog length: 6
2023/03/05 10:01:19 prog length: 3
2023/03/05 10:01:20 deserializeInput: hasCrash true hasNet false
2023/03/05 10:01:20 prog length: 6
2023/03/05 10:01:20 prog length: 6
2023/03/05 10:01:20 prog length: 7
2023/03/05 10:01:20 deserializeInput: hasCrash true hasNet false
2023/03/05 10:01:20 prog length: 6
2023/03/05 10:01:20 prog length: 6
2023/03/05 10:01:20 prog length: 10
2023/03/05 10:01:20 deserializeInput: hasCrash true hasNet false
2023/03/05 10:01:20 prog length: 6
2023/03/05 10:01:20 prog length: 6
2023/03/05 10:01:20 prog length: 7
2023/03/05 10:01:20 deserializeInput: hasCrash true hasNet false
2023/03/05 10:01:20 prog length: 6
2023/03/05 10:01:20 prog length: 6
2023/03/05 10:01:20 prog length: 6
2023/03/05 10:01:20 deserializeInput: hasCrash true hasNet false
2023/03/05 10:01:20 prog length: 6
2023/03/05 10:01:20 prog length: 6
2023/03/05 10:01:20 prog length: 7
2023/03/05 10:01:20 deserializeInput: hasCrash true hasNet false
2023/03/05 10:01:20 prog length: 6
2023/03/05 10:01:20 prog length: 6
2023/03/05 10:01:20 prog length: 5
2023/03/05 10:01:20 deserializeInput: hasCrash true hasNet true
2023/03/05 10:01:20 prog length: 6
2023/03/05 10:01:20 prog length: 6
2023/03/05 10:01:20 prog length: 6
2023/03/05 10:01:20 prog length: 10
2023/03/05 10:01:20 deserializeInput: hasCrash true hasNet false
2023/03/05 10:01:20 prog length: 6
2023/03/05 10:01:20 prog length: 6
2023/03/05 10:01:20 prog length: 8
2023/03/05 10:01:20 deserializeInput: hasCrash true hasNet false
2023/03/05 10:01:20 prog length: 6
2023/03/05 10:01:20 prog length: 6
2023/03/05 10:01:20 prog length: 6
2023/03/05 10:01:20 prog length: 8
2023/03/05 10:01:20 deserializeInput: hasCrash true hasNet false
2023/03/05 10:01:20 prog length: 6
2023/03/05 10:01:20 prog length: 6
2023/03/05 10:01:20 prog length: 6
2023/03/05 10:01:20 deserializeInput: hasCrash true hasNet false
2023/03/05 10:01:20 prog length: 6
2023/03/05 10:01:20 prog length: 6
2023/03/05 10:01:20 prog length: 9
2023/03/05 10:01:20 deserializeInput: hasCrash true hasNet false
2023/03/05 10:01:20 prog length: 6
2023/03/05 10:01:20 prog length: 5
2023/03/05 10:01:20 deserializeInput: hasCrash true hasNet false
2023/03/05 10:01:20 prog length: 6
2023/03/05 10:01:20 prog length: 6
2023/03/05 10:01:20 prog length: 10
2023/03/05 10:01:20 deserializeInput: hasCrash true hasNet false
2023/03/05 10:01:20 prog length: 6
2023/03/05 10:01:20 prog length: 6
2023/03/05 10:01:20 prog length: 7
2023/03/05 10:01:20 deserializeInput: hasCrash true hasNet false
2023/03/05 10:01:20 prog length: 6
2023/03/05 10:01:20 prog length: 6
2023/03/05 10:01:20 prog length: 5
2023/03/05 10:01:20 deserializeInput: hasCrash true hasNet false
2023/03/05 10:01:20 prog length: 6
2023/03/05 10:01:20 prog length: 6
2023/03/05 10:01:20 prog length: 6
2023/03/05 10:01:20 deserializeInput: hasCrash true hasNet false
2023/03/05 10:01:20 prog length: 6
2023/03/05 10:01:20 prog length: 6
2023/03/05 10:01:20 prog length: 7
2023/03/05 10:01:20 deserializeInput: hasCrash true hasNet false
2023/03/05 10:01:20 prog length: 6
2023/03/05 10:01:20 prog length: 6
2023/03/05 10:01:20 prog length: 6
2023/03/05 10:01:20 prog length: 7
2023/03/05 10:01:20 deserializeInput: hasCrash true hasNet false
2023/03/05 10:01:20 prog length: 6
2023/03/05 10:01:20 prog length: 6
2023/03/05 10:01:20 prog length: 7
2023/03/05 10:01:20 deserializeInput: hasCrash true hasNet false
2023/03/05 10:01:20 prog length: 6
2023/03/05 10:01:20 prog length: 6
2023/03/05 10:01:20 prog length: 6
2023/03/05 10:01:20 prog length: 7
2023/03/05 10:01:20 deserializeInput: hasCrash true hasNet false
2023/03/05 10:01:20 prog length: 6
2023/03/05 10:01:20 prog length: 6
2023/03/05 10:01:20 prog length: 5
2023/03/05 10:01:20 deserializeInput: hasCrash true hasNet true
2023/03/05 10:01:20 prog length: 6
2023/03/05 10:01:20 prog length: 6
2023/03/05 10:01:20 prog length: 6
2023/03/05 10:01:20 prog length: 9
2023/03/05 10:01:20 deserializeInput: hasCrash true hasNet false
2023/03/05 10:01:20 prog length: 6
2023/03/05 10:01:20 prog length: 6
2023/03/05 10:01:20 prog length: 6
2023/03/05 10:01:20 deserializeInput: hasCrash true hasNet false
2023/03/05 10:01:20 prog length: 6
2023/03/05 10:01:20 prog length: 6
2023/03/05 10:01:20 prog length: 8
2023/03/05 10:01:20 deserializeInput: hasCrash true hasNet false
2023/03/05 10:01:20 prog length: 6
2023/03/05 10:01:20 prog length: 6
2023/03/05 10:01:20 prog length: 6
2023/03/05 10:01:20 fetching corpus: 100, signal 9207/65561/74354 (executing program)
2023/03/05 10:01:20 poll: candidates=0 inputs=30 signal=2000
2023/03/05 10:01:20 deserializeInput: hasCrash true hasNet false
2023/03/05 10:01:20 prog length: 6
2023/03/05 10:01:20 prog length: 6
2023/03/05 10:01:20 prog length: 6
2023/03/05 10:01:20 prog length: 7
2023/03/05 10:01:20 deserializeInput: hasCrash true hasNet false
2023/03/05 10:01:20 prog length: 6
2023/03/05 10:01:20 prog length: 6
2023/03/05 10:01:20 prog length: 6
2023/03/05 10:01:20 deserializeInput: hasCrash true hasNet false
2023/03/05 10:01:20 prog length: 6
2023/03/05 10:01:20 prog length: 6
2023/03/05 10:01:20 prog length: 6
2023/03/05 10:01:20 deserializeInput: hasCrash false hasNet false
2023/03/05 10:01:20 prog length: 1
2023/03/05 10:01:20 deserializeInput: hasCrash true hasNet false
2023/03/05 10:01:20 prog length: 6
2023/03/05 10:01:20 prog length: 4
2023/03/05 10:01:20 deserializeInput: hasCrash true hasNet false
2023/03/05 10:01:20 prog length: 6
2023/03/05 10:01:20 prog length: 6
2023/03/05 10:01:20 prog length: 14
2023/03/05 10:01:20 deserializeInput: hasCrash true hasNet false
2023/03/05 10:01:20 prog length: 6
2023/03/05 10:01:20 prog length: 6
2023/03/05 10:01:20 prog length: 5
2023/03/05 10:01:20 deserializeInput: hasCrash true hasNet false
2023/03/05 10:01:20 prog length: 6
2023/03/05 10:01:20 prog length: 6
2023/03/05 10:01:20 prog length: 14
2023/03/05 10:01:20 deserializeInput: hasCrash true hasNet false
2023/03/05 10:01:20 prog length: 6
2023/03/05 10:01:20 prog length: 6
2023/03/05 10:01:20 prog length: 5
2023/03/05 10:01:20 deserializeInput: hasCrash true hasNet false
2023/03/05 10:01:20 prog length: 6
2023/03/05 10:01:20 prog length: 6
2023/03/05 10:01:20 prog length: 6
2023/03/05 10:01:20 prog length: 8
2023/03/05 10:01:20 deserializeInput: hasCrash true hasNet false
2023/03/05 10:01:20 prog length: 6
2023/03/05 10:01:20 prog length: 6
2023/03/05 10:01:20 prog length: 5
2023/03/05 10:01:20 deserializeInput: hasCrash true hasNet true
2023/03/05 10:01:20 prog length: 6
2023/03/05 10:01:20 prog length: 6
2023/03/05 10:01:20 prog length: 6
2023/03/05 10:01:20 prog length: 8
2023/03/05 10:01:20 deserializeInput: hasCrash false hasNet false
2023/03/05 10:01:20 prog length: 1
2023/03/05 10:01:20 deserializeInput: hasCrash true hasNet false
2023/03/05 10:01:20 prog length: 6
2023/03/05 10:01:20 prog length: 6
2023/03/05 10:01:20 prog length: 6
2023/03/05 10:01:20 prog length: 9
2023/03/05 10:01:20 deserializeInput: hasCrash false hasNet false
2023/03/05 10:01:20 prog length: 2
2023/03/05 10:01:20 deserializeInput: hasCrash false hasNet false
2023/03/05 10:01:20 prog length: 3
2023/03/05 10:01:20 deserializeInput: hasCrash true hasNet false
2023/03/05 10:01:20 prog length: 6
2023/03/05 10:01:20 prog length: 6
2023/03/05 10:01:20 prog length: 6
2023/03/05 10:01:20 prog length: 8
2023/03/05 10:01:20 deserializeInput: hasCrash true hasNet false
2023/03/05 10:01:20 prog length: 6
2023/03/05 10:01:20 prog length: 6
2023/03/05 10:01:20 prog length: 7
2023/03/05 10:01:20 deserializeInput: hasCrash true hasNet false
2023/03/05 10:01:20 prog length: 6
2023/03/05 10:01:20 prog length: 6
2023/03/05 10:01:20 prog length: 7
2023/03/05 10:01:20 deserializeInput: hasCrash true hasNet false
2023/03/05 10:01:20 prog length: 6
2023/03/05 10:01:20 prog length: 6
2023/03/05 10:01:20 prog length: 9
2023/03/05 10:01:20 deserializeInput: hasCrash true hasNet false
2023/03/05 10:01:20 prog length: 6
2023/03/05 10:01:20 prog length: 6
2023/03/05 10:01:20 prog length: 7
2023/03/05 10:01:20 deserializeInput: hasCrash true hasNet false
2023/03/05 10:01:20 prog length: 6
2023/03/05 10:01:20 prog length: 6
2023/03/05 10:01:20 prog length: 5
2023/03/05 10:01:20 deserializeInput: hasCrash true hasNet false
2023/03/05 10:01:20 prog length: 6
2023/03/05 10:01:20 prog length: 6
2023/03/05 10:01:20 prog length: 5
2023/03/05 10:01:20 deserializeInput: hasCrash true hasNet false
2023/03/05 10:01:20 prog length: 6
2023/03/05 10:01:20 prog length: 6
2023/03/05 10:01:20 prog length: 6
2023/03/05 10:01:20 prog length: 7
2023/03/05 10:01:20 deserializeInput: hasCrash true hasNet false
2023/03/05 10:01:20 prog length: 6
2023/03/05 10:01:20 prog length: 6
2023/03/05 10:01:20 prog length: 6
2023/03/05 10:01:20 deserializeInput: hasCrash true hasNet false
2023/03/05 10:01:20 prog length: 6
2023/03/05 10:01:20 prog length: 3
2023/03/05 10:01:20 deserializeInput: hasCrash true hasNet false
2023/03/05 10:01:20 prog length: 6
2023/03/05 10:01:20 prog length: 6
2023/03/05 10:01:20 prog length: 10
2023/03/05 10:01:20 deserializeInput: hasCrash true hasNet true
2023/03/05 10:01:20 prog length: 6
2023/03/05 10:01:20 prog length: 6
2023/03/05 10:01:20 prog length: 6
2023/03/05 10:01:20 prog length: 8
2023/03/05 10:01:20 deserializeInput: hasCrash true hasNet false
2023/03/05 10:01:20 prog length: 6
2023/03/05 10:01:20 prog length: 6
2023/03/05 10:01:20 prog length: 6
2023/03/05 10:01:20 prog length: 7
2023/03/05 10:01:20 deserializeInput: hasCrash true hasNet false
2023/03/05 10:01:20 prog length: 6
2023/03/05 10:01:20 prog length: 6
2023/03/05 10:01:20 prog length: 6
2023/03/05 10:01:20 prog length: 8
2023/03/05 10:01:20 fetching corpus: 130, signal 9469/68511/78150 (executing program)
2023/03/05 10:01:20 poll: candidates=0 inputs=0 signal=2000
2023/03/05 10:01:20 fetching corpus: 130, signal 9469/68511/78872 (executing program)
2023/03/05 10:01:20 poll: candidates=0 inputs=0 signal=2000
2023/03/05 10:01:20 fetching corpus: 130, signal 9469/68511/79625 (executing program)
2023/03/05 10:01:20 poll: candidates=0 inputs=0 signal=2000
2023/03/05 10:01:20 fetching corpus: 130, signal 9469/68511/80360 (executing program)
2023/03/05 10:01:20 poll: candidates=0 inputs=0 signal=2000
2023/03/05 10:01:20 fetching corpus: 130, signal 9469/68511/81070 (executing program)
2023/03/05 10:01:20 poll: candidates=0 inputs=0 signal=2000
2023/03/05 10:01:20 fetching corpus: 130, signal 9469/68511/81836 (executing program)
2023/03/05 10:01:20 poll: candidates=0 inputs=0 signal=2000
2023/03/05 10:01:20 fetching corpus: 130, signal 9469/68511/82573 (executing program)
2023/03/05 10:01:20 poll: candidates=0 inputs=0 signal=2000
2023/03/05 10:01:20 fetching corpus: 130, signal 9469/68511/83291 (executing program)
2023/03/05 10:01:20 poll: candidates=0 inputs=0 signal=2000
2023/03/05 10:01:20 fetching corpus: 130, signal 9469/68511/84018 (executing program)
2023/03/05 10:01:20 poll: candidates=0 inputs=0 signal=2000
2023/03/05 10:01:20 fetching corpus: 130, signal 9469/68511/84752 (executing program)
2023/03/05 10:01:20 poll: candidates=0 inputs=0 signal=2000
2023/03/05 10:01:20 fetching corpus: 130, signal 9469/68511/85518 (executing program)
2023/03/05 10:01:20 poll: candidates=0 inputs=0 signal=2000
2023/03/05 10:01:20 fetching corpus: 130, signal 9469/68511/86229 (executing program)
2023/03/05 10:01:20 poll: candidates=0 inputs=0 signal=2000
2023/03/05 10:01:20 fetching corpus: 130, signal 9469/68511/86984 (executing program)
2023/03/05 10:01:20 poll: candidates=0 inputs=0 signal=2000
2023/03/05 10:01:20 fetching corpus: 130, signal 9469/68511/87747 (executing program)
2023/03/05 10:01:20 poll: candidates=0 inputs=0 signal=2000
2023/03/05 10:01:20 fetching corpus: 130, signal 9469/68511/88506 (executing program)
2023/03/05 10:01:20 poll: candidates=0 inputs=0 signal=2000
2023/03/05 10:01:20 fetching corpus: 130, signal 9469/68511/89272 (executing program)
2023/03/05 10:01:20 poll: candidates=0 inputs=0 signal=2000
2023/03/05 10:01:20 fetching corpus: 130, signal 9469/68511/89992 (executing program)
2023/03/05 10:01:20 poll: candidates=0 inputs=0 signal=2000
2023/03/05 10:01:20 fetching corpus: 130, signal 9469/68511/90748 (executing program)
2023/03/05 10:01:20 poll: candidates=0 inputs=0 signal=2000
2023/03/05 10:01:20 fetching corpus: 130, signal 9469/68511/91485 (executing program)
2023/03/05 10:01:20 poll: candidates=0 inputs=0 signal=2000
2023/03/05 10:01:20 fetching corpus: 130, signal 9469/68511/92247 (executing program)
2023/03/05 10:01:20 poll: candidates=0 inputs=0 signal=2000
2023/03/05 10:01:20 fetching corpus: 130, signal 9469/68511/93001 (executing program)
2023/03/05 10:01:20 poll: candidates=0 inputs=0 signal=2000
2023/03/05 10:01:20 fetching corpus: 130, signal 9469/68511/93758 (executing program)
2023/03/05 10:01:20 poll: candidates=0 inputs=0 signal=2000
2023/03/05 10:01:20 fetching corpus: 130, signal 9469/68511/94504 (executing program)
2023/03/05 10:01:20 poll: candidates=0 inputs=0 signal=2000
2023/03/05 10:01:20 fetching corpus: 130, signal 9469/68511/95259 (executing program)
2023/03/05 10:01:20 poll: candidates=0 inputs=0 signal=2000
2023/03/05 10:01:20 fetching corpus: 130, signal 9469/68511/95979 (executing program)
2023/03/05 10:01:20 poll: candidates=0 inputs=0 signal=2000
2023/03/05 10:01:20 fetching corpus: 130, signal 9469/68511/96722 (executing program)
2023/03/05 10:01:20 poll: candidates=0 inputs=0 signal=2000
2023/03/05 10:01:20 fetching corpus: 130, signal 9469/68511/97472 (executing program)
2023/03/05 10:01:20 poll: candidates=0 inputs=0 signal=2000
2023/03/05 10:01:20 fetching corpus: 130, signal 9469/68511/98221 (executing program)
2023/03/05 10:01:20 poll: candidates=0 inputs=0 signal=2000
2023/03/05 10:01:20 fetching corpus: 130, signal 9469/68511/98954 (executing program)
2023/03/05 10:01:20 poll: candidates=0 inputs=0 signal=2000
2023/03/05 10:01:20 fetching corpus: 130, signal 9469/68511/99705 (executing program)
2023/03/05 10:01:20 poll: candidates=0 inputs=0 signal=2000
2023/03/05 10:01:20 fetching corpus: 130, signal 9469/68511/100449 (executing program)
2023/03/05 10:01:20 poll: candidates=0 inputs=0 signal=2000
2023/03/05 10:01:20 fetching corpus: 130, signal 9469/68511/101183 (executing program)
2023/03/05 10:01:20 poll: candidates=0 inputs=0 signal=2000
2023/03/05 10:01:20 fetching corpus: 130, signal 9469/68511/101940 (executing program)
2023/03/05 10:01:20 poll: candidates=0 inputs=0 signal=1591
2023/03/05 10:01:20 fetching corpus: 130, signal 9469/68511/102556 (executing program)
2023/03/05 10:01:20 poll: candidates=0 inputs=0 signal=0
2023/03/05 10:01:20 fetching corpus: 130, signal 9469/68511/102556 (executing program)
2023/03/05 10:01:21 starting 1 fuzzer processes
2023/03/05 10:01:21 ----- generateCall 216 fdatasync fdatasync
2023/03/05 10:01:21 ----- generateCall 214 fcntl$setsig fcntl$setsig
2023/03/05 10:01:21 ----- generateCall 4130 write$binfmt_misc write$binfmt_misc
2023/03/05 10:01:21 ----- generateCall 211 fcntl$setown fcntl$setown
2023/03/05 10:01:21 ----- generateCall 222 fremovexattr fremovexattr
2023/03/05 10:01:21 ----- generateCall 199 fcntl$F_GET_RW_HINT fcntl$F_GET_RW_HINT
2023/03/05 10:01:21 ----- generateCall 217 fgetxattr fgetxattr
2023/03/05 10:01:21 ----- generateCall 2753 read read
2023/03/05 10:01:21 ----- generateCall 2858 sendfile sendfile
2023/03/05 10:01:21 ----- generateCall 201 fcntl$F_SET_RW_HINT fcntl$F_SET_RW_HINT
2023/03/05 10:01:21 ----- generateCall 2458 open open
2023/03/05 10:01:21 ----- generateCall 236 fsetxattr$security_smack_transmute fsetxattr$security_smack_transmute
2023/03/05 10:01:21 ----- generateCall 204 fcntl$getflags fcntl$getflags
2023/03/05 10:01:21 ----- generateCall 216 fdatasync fdatasync
2023/03/05 10:01:21 poll: candidates=0 inputs=0 signal=0
2023/03/05 10:01:21 map[./file0:true]
2023/03/05 10:01:21 #0: generated
2023/03/05 10:01:21 HasCrashFail: false, .HasNetFail: false
2023/03/05 10:01:21 prog length: 20
2023/03/05 10:01:21 HasCrashFail:false HasNetFail:false
10:01:21 ---executing program 0:
---
---
---
fdatasync(0xffffffffffffffff)
fcntl$setsig(0xffffffffffffffff, 0xa, 0x22)
write$binfmt_misc(0xffffffffffffffff, &(0x7f0000000000)={'syz0', "861cb02b0cf3d087dbe2187683879f7e2fd388712a60178d251941a7f5dba212b707a1f8506886cc2e7904cbc1174f7f966110cb40e183c83dbc7184fe8e7106487e40416580c42f5bf872b490bdd4b59dc80d3519eda22d3bc9b00d42f469673b4d7a4e3a9542eec7a14f11b437561c47e11e11d36e8221a91905530d588bf762f83804"}, 0x88)
r0 = openat(0xffffffffffffff9c, &(0x7f00000000c0)='./file0\x00', 0x101000, 0x63)
fcntl$setown(r0, 0x8, 0x0)
r1 = dup2(r0, r0)
fremovexattr(r1, &(0x7f0000000100)=@known='system.sockprotoname\x00')
r2 = openat(r1, &(0x7f0000000140)='./file0\x00', 0x2, 0xc)
fcntl$F_GET_RW_HINT(r2, 0x40b, &(0x7f0000000180))
fgetxattr(r1, &(0x7f00000001c0)=@known='security.apparmor\x00', &(0x7f0000000200)=""/248, 0xf8)
read(r2, &(0x7f0000000300)=""/215, 0xd7)
r3 = open$dir(&(0x7f0000000400)='./file0\x00', 0x109000, 0x21)
sendfile(r3, r1, &(0x7f0000000440)=0x1, 0x7c9)
fcntl$F_SET_RW_HINT(r2, 0x40c, &(0x7f0000000480)=0x3)
open(&(0x7f00000004c0)='./file0\x00', 0x8000, 0x4)
r4 = open(&(0x7f0000000500)='./file0\x00', 0x400000, 0x140)
fsetxattr$security_smack_transmute(r4, &(0x7f0000000540), &(0x7f0000000580), 0x4, 0x3)
r5 = open$dir(&(0x7f00000005c0)='./file0\x00', 0x8980, 0x8c)
fcntl$getflags(r5, 0x40a)
fdatasync(0xffffffffffffffff)
---

end of program
2023/03/05 10:01:21 -----run executor: [/usr/bin/ssh -F /dev/null -o ConnectionAttempts=100 -o ConnectTimeout=120 -o UserKnownHostsFile=/dev/null -o BatchMode=yes -o IdentitiesOnly=yes -o StrictHostKeyChecking=no -o ConnectTimeout=100 -i /home/tlyu/dfs-fuzzing/disk-images/glusterfs-images/focal.id_rsa -v root@192.168.0.43 /root/syz-executor exec 0 0 glusterfs 3 4 192.168.0.43 0 "3 1 ''" false false false true false]
2023/03/05 10:01:21 -----run executor: [/usr/bin/ssh -F /dev/null -o ConnectionAttempts=100 -o ConnectTimeout=120 -o UserKnownHostsFile=/dev/null -o BatchMode=yes -o IdentitiesOnly=yes -o StrictHostKeyChecking=no -o ConnectTimeout=100 -i /home/tlyu/dfs-fuzzing/disk-images/glusterfs-images/focal.id_rsa -v root@192.168.0.44 /root/syz-executor exec 0 1 glusterfs 3 4 192.168.0.43 0 "3 1 ''" false false false true false]
OpenSSH_8.2p1 Ubuntu-4ubuntu0.4, OpenSSL 1.1.1f  31 Mar 2020
debug1: Reading configuration data /dev/null
debug1: Connecting to 192.168.0.43 [192.168.0.43] port 22.
debug1: fd 3 clearing O_NONBLOCK
debug1: Connection established.
debug1: identity file /home/tlyu/dfs-fuzzing/disk-images/glusterfs-images/focal.id_rsa type -1
debug1: identity file /home/tlyu/dfs-fuzzing/disk-images/glusterfs-images/focal.id_rsa-cert type -1
debug1: Local version string SSH-2.0-OpenSSH_8.2p1 Ubuntu-4ubuntu0.4
2023/03/05 10:01:21 -----run executor: [/usr/bin/ssh -F /dev/null -o ConnectionAttempts=100 -o ConnectTimeout=120 -o UserKnownHostsFile=/dev/null -o BatchMode=yes -o IdentitiesOnly=yes -o StrictHostKeyChecking=no -o ConnectTimeout=100 -i /home/tlyu/dfs-fuzzing/disk-images/glusterfs-images/focal.id_rsa -v root@192.168.0.45 /root/syz-executor exec 0 2 glusterfs 3 4 192.168.0.43 0 "3 1 ''" false false false true false]
debug1: Remote protocol version 2.0, remote software version OpenSSH_8.2p1 Ubuntu-4
debug1: match: OpenSSH_8.2p1 Ubuntu-4 pat OpenSSH* compat 0x04000000
debug1: Authenticating to 192.168.0.43:22 as 'root'
debug1: SSH2_MSG_KEXINIT sent
OpenSSH_8.2p1 Ubuntu-4ubuntu0.4, OpenSSL 1.1.1f  31 Mar 2020
debug1: Reading configuration data /dev/null
debug1: Connecting to 192.168.0.44 [192.168.0.44] port 22.
debug1: SSH2_MSG_KEXINIT received
debug1: kex: algorithm: curve25519-sha256
debug1: kex: host key algorithm: ecdsa-sha2-nistp256
debug1: kex: server->client cipher: chacha20-poly1305@openssh.com MAC: <implicit> compression: none
debug1: kex: client->server cipher: chacha20-poly1305@openssh.com MAC: <implicit> compression: none
debug1: expecting SSH2_MSG_KEX_ECDH_REPLY
2023/03/05 10:01:21 -----run executor: [/usr/bin/ssh -F /dev/null -o ConnectionAttempts=100 -o ConnectTimeout=120 -o UserKnownHostsFile=/dev/null -o BatchMode=yes -o IdentitiesOnly=yes -o StrictHostKeyChecking=no -o ConnectTimeout=100 -i /home/tlyu/dfs-fuzzing/disk-images/glusterfs-images/focal.id_rsa -v root@192.168.0.46 /root/syz-executor exec 1 3 glusterfs 3 4 192.168.0.43 0 "3 1 ''" false false false true false]
OpenSSH_8.2p1 Ubuntu-4ubuntu0.4, OpenSSL 1.1.1f  31 Mar 2020
debug1: Server host key: ecdsa-sha2-nistp256 SHA256:prHFi1G5XXPuzxIh2a5lJaY6ZWltf3+ajD/hEOIDid8
Warning: Permanently added '192.168.0.43' (ECDSA) to the list of known hosts.
debug1: rekey out after 134217728 blocks
debug1: SSH2_MSG_NEWKEYS sent
debug1: expecting SSH2_MSG_NEWKEYS
debug1: SSH2_MSG_NEWKEYS received
debug1: rekey in after 134217728 blocks
debug1: Will attempt key: /home/tlyu/dfs-fuzzing/disk-images/glusterfs-images/focal.id_rsa  explicit
debug1: SSH2_MSG_EXT_INFO received
debug1: kex_input_ext_info: server-sig-algs=<ssh-ed25519,sk-ssh-ed25519@openssh.com,ssh-rsa,rsa-sha2-256,rsa-sha2-512,ssh-dss,ecdsa-sha2-nistp256,ecdsa-sha2-nistp384,ecdsa-sha2-nistp521,sk-ecdsa-sha2-nistp256@openssh.com>
debug1: SSH2_MSG_SERVICE_ACCEPT received
debug1: fd 3 clearing O_NONBLOCK
debug1: Connection established.
debug1: identity file /home/tlyu/dfs-fuzzing/disk-images/glusterfs-images/focal.id_rsa type -1
debug1: identity file /home/tlyu/dfs-fuzzing/disk-images/glusterfs-images/focal.id_rsa-cert type -1
debug1: Local version string SSH-2.0-OpenSSH_8.2p1 Ubuntu-4ubuntu0.4
debug1: Remote protocol version 2.0, remote software version OpenSSH_8.2p1 Ubuntu-4
debug1: match: OpenSSH_8.2p1 Ubuntu-4 pat OpenSSH* compat 0x04000000
debug1: Authenticating to 192.168.0.44:22 as 'root'
debug1: SSH2_MSG_KEXINIT sent
debug1: Reading configuration data /dev/null
debug1: Connecting to 192.168.0.46 [192.168.0.46] port 22.
debug1: SSH2_MSG_KEXINIT received
debug1: kex: algorithm: curve25519-sha256
debug1: kex: host key algorithm: ecdsa-sha2-nistp256
debug1: kex: server->client cipher: chacha20-poly1305@openssh.com MAC: <implicit> compression: none
debug1: kex: client->server cipher: chacha20-poly1305@openssh.com MAC: <implicit> compression: none
debug1: fd 3 clearing O_NONBLOCK
debug1: Connection established.
debug1: identity file /home/tlyu/dfs-fuzzing/disk-images/glusterfs-images/focal.id_rsa type -1
debug1: identity file /home/tlyu/dfs-fuzzing/disk-images/glusterfs-images/focal.id_rsa-cert type -1
debug1: Local version string SSH-2.0-OpenSSH_8.2p1 Ubuntu-4ubuntu0.4
debug1: expecting SSH2_MSG_KEX_ECDH_REPLY
debug1: Server host key: ecdsa-sha2-nistp256 SHA256:prHFi1G5XXPuzxIh2a5lJaY6ZWltf3+ajD/hEOIDid8
Warning: Permanently added '192.168.0.44' (ECDSA) to the list of known hosts.
debug1: rekey out after 134217728 blocks
debug1: SSH2_MSG_NEWKEYS sent
debug1: expecting SSH2_MSG_NEWKEYS
debug1: SSH2_MSG_NEWKEYS received
debug1: rekey in after 134217728 blocks
debug1: Will attempt key: /home/tlyu/dfs-fuzzing/disk-images/glusterfs-images/focal.id_rsa  explicit
debug1: SSH2_MSG_EXT_INFO received
debug1: kex_input_ext_info: server-sig-algs=<ssh-ed25519,sk-ssh-ed25519@openssh.com,ssh-rsa,rsa-sha2-256,rsa-sha2-512,ssh-dss,ecdsa-sha2-nistp256,ecdsa-sha2-nistp384,ecdsa-sha2-nistp521,sk-ecdsa-sha2-nistp256@openssh.com>
debug1: Remote protocol version 2.0, remote software version OpenSSH_8.2p1 Ubuntu-4
debug1: match: OpenSSH_8.2p1 Ubuntu-4 pat OpenSSH* compat 0x04000000
debug1: Authenticating to 192.168.0.46:22 as 'root'
debug1: SSH2_MSG_KEXINIT sent
debug1: SSH2_MSG_SERVICE_ACCEPT received
debug1: Authentications that can continue: publickey,password
debug1: Next authentication method: publickey
debug1: Trying private key: /home/tlyu/dfs-fuzzing/disk-images/glusterfs-images/focal.id_rsa
debug1: Authentications that can continue: publickey,password
debug1: Next authentication method: publickey
debug1: Trying private key: /home/tlyu/dfs-fuzzing/disk-images/glusterfs-images/focal.id_rsa
debug1: Authentication succeeded (publickey).
Authenticated to 192.168.0.43 ([192.168.0.43]:22).
debug1: channel 0: new [client-session]
debug1: Requesting no-more-sessions@openssh.com
debug1: Entering interactive session.
debug1: pledge: network
debug1: SSH2_MSG_KEXINIT received
debug1: kex: algorithm: curve25519-sha256
debug1: kex: host key algorithm: ecdsa-sha2-nistp256
debug1: kex: server->client cipher: chacha20-poly1305@openssh.com MAC: <implicit> compression: none
debug1: kex: client->server cipher: chacha20-poly1305@openssh.com MAC: <implicit> compression: none
debug1: expecting SSH2_MSG_KEX_ECDH_REPLY
debug1: Server host key: ecdsa-sha2-nistp256 SHA256:prHFi1G5XXPuzxIh2a5lJaY6ZWltf3+ajD/hEOIDid8
Warning: Permanently added '192.168.0.46' (ECDSA) to the list of known hosts.
debug1: rekey out after 134217728 blocks
debug1: SSH2_MSG_NEWKEYS sent
debug1: expecting SSH2_MSG_NEWKEYS
debug1: SSH2_MSG_NEWKEYS received
debug1: rekey in after 134217728 blocks
debug1: Will attempt key: /home/tlyu/dfs-fuzzing/disk-images/glusterfs-images/focal.id_rsa  explicit
debug1: SSH2_MSG_EXT_INFO received
debug1: kex_input_ext_info: server-sig-algs=<ssh-ed25519,sk-ssh-ed25519@openssh.com,ssh-rsa,rsa-sha2-256,rsa-sha2-512,ssh-dss,ecdsa-sha2-nistp256,ecdsa-sha2-nistp384,ecdsa-sha2-nistp521,sk-ecdsa-sha2-nistp256@openssh.com>
debug1: SSH2_MSG_SERVICE_ACCEPT received
debug1: Authentication succeeded (publickey).
Authenticated to 192.168.0.44 ([192.168.0.44]:22).
debug1: channel 0: new [client-session]
debug1: Requesting no-more-sessions@openssh.com
debug1: Entering interactive session.
debug1: pledge: network
OpenSSH_8.2p1 Ubuntu-4ubuntu0.4, OpenSSL 1.1.1f  31 Mar 2020
debug1: Reading configuration data /dev/null
debug1: Connecting to 192.168.0.45 [192.168.0.45] port 22.
debug1: fd 3 clearing O_NONBLOCK
debug1: Connection established.
debug1: identity file /home/tlyu/dfs-fuzzing/disk-images/glusterfs-images/focal.id_rsa type -1
debug1: identity file /home/tlyu/dfs-fuzzing/disk-images/glusterfs-images/focal.id_rsa-cert type -1
debug1: Local version string SSH-2.0-OpenSSH_8.2p1 Ubuntu-4ubuntu0.4
debug1: Authentications that can continue: publickey,password
debug1: Next authentication method: publickey
debug1: Trying private key: /home/tlyu/dfs-fuzzing/disk-images/glusterfs-images/focal.id_rsa
debug1: Remote protocol version 2.0, remote software version OpenSSH_8.2p1 Ubuntu-4
debug1: match: OpenSSH_8.2p1 Ubuntu-4 pat OpenSSH* compat 0x04000000
debug1: Authenticating to 192.168.0.45:22 as 'root'
debug1: SSH2_MSG_KEXINIT sent
debug1: Authentication succeeded (publickey).
Authenticated to 192.168.0.46 ([192.168.0.46]:22).
debug1: channel 0: new [client-session]
debug1: Requesting no-more-sessions@openssh.com
debug1: Entering interactive session.
debug1: pledge: network
debug1: SSH2_MSG_KEXINIT received
debug1: kex: algorithm: curve25519-sha256
debug1: kex: host key algorithm: ecdsa-sha2-nistp256
debug1: kex: server->client cipher: chacha20-poly1305@openssh.com MAC: <implicit> compression: none
debug1: kex: client->server cipher: chacha20-poly1305@openssh.com MAC: <implicit> compression: none
debug1: expecting SSH2_MSG_KEX_ECDH_REPLY
debug1: Server host key: ecdsa-sha2-nistp256 SHA256:prHFi1G5XXPuzxIh2a5lJaY6ZWltf3+ajD/hEOIDid8
Warning: Permanently added '192.168.0.45' (ECDSA) to the list of known hosts.
debug1: rekey out after 134217728 blocks
debug1: SSH2_MSG_NEWKEYS sent
debug1: expecting SSH2_MSG_NEWKEYS
debug1: SSH2_MSG_NEWKEYS received
debug1: rekey in after 134217728 blocks
debug1: Will attempt key: /home/tlyu/dfs-fuzzing/disk-images/glusterfs-images/focal.id_rsa  explicit
debug1: SSH2_MSG_EXT_INFO received
debug1: kex_input_ext_info: server-sig-algs=<ssh-ed25519,sk-ssh-ed25519@openssh.com,ssh-rsa,rsa-sha2-256,rsa-sha2-512,ssh-dss,ecdsa-sha2-nistp256,ecdsa-sha2-nistp384,ecdsa-sha2-nistp521,sk-ecdsa-sha2-nistp256@openssh.com>
debug1: client_input_global_request: rtype hostkeys-00@openssh.com want_reply 0
debug1: Remote: /root/.ssh/authorized_keys:1: key options: agent-forwarding port-forwarding pty user-rc x11-forwarding
debug1: client_input_global_request: rtype hostkeys-00@openssh.com want_reply 0
debug1: Remote: /root/.ssh/authorized_keys:1: key options: agent-forwarding port-forwarding pty user-rc x11-forwarding
debug1: SSH2_MSG_SERVICE_ACCEPT received
debug1: client_input_global_request: rtype hostkeys-00@openssh.com want_reply 0
debug1: Remote: /root/.ssh/authorized_keys:1: key options: agent-forwarding port-forwarding pty user-rc x11-forwarding
debug1: Authentications that can continue: publickey,password
debug1: Next authentication method: publickey
debug1: Trying private key: /home/tlyu/dfs-fuzzing/disk-images/glusterfs-images/focal.id_rsa
debug1: Sending command: /root/syz-executor exec 0 0 glusterfs 3 4 192.168.0.43 0 "3 1 ''" false false false true false
debug1: Sending command: /root/syz-executor exec 0 1 glusterfs 3 4 192.168.0.43 0 "3 1 ''" false false false true false
----- is restarting 0
---- dfs_name glusterfs is_dfs_client 0
debug1: Authentication succeeded (publickey).
Authenticated to 192.168.0.45 ([192.168.0.45]:22).
debug1: channel 0: new [client-session]
debug1: Requesting no-more-sessions@openssh.com
debug1: Entering interactive session.
debug1: pledge: network
unlink FIFO failed: No such file or directory
[    0.000000] kernel: Linux version 5.15.0+ (tlyu@IC-RS3-DPC07) (gcc (Ubuntu 9.4.0-1ubuntu1~20.04.1) 9.4.0, GNU ld (GNU Binutils for Ubuntu) 2.34) #8 SMP Fri Jun 3 16:18:40 CEST 2022
[    0.000000] kernel: Command line: root=/dev/sda console=ttyS0 net.ifnames=0 ip=192.168.0.43 quiet
[    0.000000] kernel: x86/fpu: Supporting XSAVE feature 0x001: 'x87 floating point registers'
[    0.000000] kernel: x86/fpu: Supporting XSAVE feature 0x002: 'SSE registers'
[    0.000000] kernel: x86/fpu: Supporting XSAVE feature 0x004: 'AVX registers'
[    0.000000] kernel: x86/fpu: Supporting XSAVE feature 0x020: 'AVX-512 opmask'
[    0.000000] kernel: x86/fpu: Supporting XSAVE feature 0x040: 'AVX-512 Hi256'
[    0.000000] kernel: x86/fpu: Supporting XSAVE feature 0x080: 'AVX-512 ZMM_Hi256'
[    0.000000] kernel: x86/fpu: Supporting XSAVE feature 0x200: 'Protection Keys User registers'
[    0.000000] kernel: x86/fpu: xstate_offset[2]:  576, xstate_sizes[2]:  256
[    0.000000] kernel: x86/fpu: xstate_offset[5]:  832, xstate_sizes[5]:   64
[    0.000000] kernel: x86/fpu: xstate_offset[6]:  896, xstate_sizes[6]:  512
[    0.000000] kernel: x86/fpu: xstate_offset[7]: 1408, xstate_sizes[7]: 1024
[    0.000000] kernel: x86/fpu: xstate_offset[9]: 2432, xstate_sizes[9]:    8
[    0.000000] kernel: x86/fpu: Enabled xstate features 0x2e7, context size is 2440 bytes, using 'compacted' format.
[    0.000000] kernel: signal: max sigframe size: 3632
[    0.000000] kernel: BIOS-provided physical RAM map:
[    0.000000] kernel: BIOS-e820: [mem 0x0000000000000000-0x000000000009fbff] usable
[    0.000000] kernel: BIOS-e820: [mem 0x000000000009fc00-0x000000000009ffff] reserved
[    0.000000] kernel: BIOS-e820: [mem 0x00000000000f0000-0x00000000000fffff] reserved
[    0.000000] kernel: BIOS-e820: [mem 0x0000000000100000-0x00000000bffdcfff] usable
[    0.000000] kernel: BIOS-e820: [mem 0x00000000bffdd000-0x00000000bfffffff] reserved
[    0.000000] kernel: BIOS-e820: [mem 0x00000000feffc000-0x00000000feffffff] reserved
[    0.000000] kernel: BIOS-e820: [mem 0x00000000fffc0000-0x00000000ffffffff] reserved
[    0.000000] kernel: BIOS-e820: [mem 0x0000000100000000-0x00000002bfffffff] usable
[    0.000000] kernel: NX (Execute Disable) protection: active
[    0.000000] kernel: SMBIOS 2.8 present.
[    0.000000] kernel: DMI: QEMU Standard PC (i440FX + PIIX, 1996), BIOS 1.13.0-1ubuntu1.1 04/01/2014
[    0.000000] kernel: Hypervisor detected: KVM
[    0.000000] kernel: kvm-clock: Using msrs 4b564d01 and 4b564d00
[    0.000000] kernel: kvm-clock: cpu 0, msr 130d58001, primary cpu clock
[    0.000003] kernel: kvm-clock: using sched offset of 1018083669 cycles
[    0.000012] kernel: clocksource: kvm-clock: mask: 0xffffffffffffffff max_cycles: 0x1cd42e4dffb, max_idle_ns: 881590591483 ns
[    0.000025] kernel: tsc: Detected 2593.906 MHz processor
[    0.014336] kernel: e820: update [mem 0x00000000-0x00000fff] usable ==> reserved
[    0.014361] kernel: e820: remove [mem 0x000a0000-0x000fffff] usable
[    0.014403] kernel: last_pfn = 0x2c0000 max_arch_pfn = 0x10000000000
[    0.014470] kernel: x86/PAT: Configuration [0-7]: WB  WC  UC- UC  WB  WP  UC- WT  
[    0.014481] kernel: last_pfn = 0xbffdd max_arch_pfn = 0x10000000000
[    0.031731] kernel: found SMP MP-table at [mem 0x000f5c70-0x000f5c7f]
[    0.031803] kernel: Using GB pages for direct mapping
[    0.033597] kernel: ACPI: Early table checksum verification disabled
[    0.033609] kernel: ACPI: RSDP 0x00000000000F5A40 000014 (v00 BOCHS )
[    0.033638] kernel: ACPI: RSDT 0x00000000BFFE15C9 000030 (v01 BOCHS  BXPCRSDT 00000001 BXPC 00000001)
[    0.033663] kernel: ACPI: FACP 0x00000000BFFE149D 000074 (v01 BOCHS  BXPCFACP 00000001 BXPC 00000001)
[    0.033691] kernel: ACPI: DSDT 0x00000000BFFE0040 00145D (v01 BOCHS  BXPCDSDT 00000001 BXPC 00000001)
[    0.033711] kernel: ACPI: FACS 0x00000000BFFE0000 000040
[    0.033727] kernel: ACPI: APIC 0x00000000BFFE1511 000080 (v01 BOCHS  BXPCAPIC 00000001 BXPC 00000001)
[    0.033747] kernel: ACPI: HPET 0x00000000BFFE1591 000038 (v01 BOCHS  BXPCHPET 00000001 BXPC 00000001)
[    0.033766] kernel: ACPI: Reserving FACP table memory at [mem 0xbffe149d-0xbffe1510]
[    0.033774] kernel: ACPI: Reserving DSDT table memory at [mem 0xbffe0040-0xbffe149c]
[    0.033782] kernel: ACPI: Reserving FACS table memory at [mem 0xbffe0000-0xbffe003f]
[    0.033789] kernel: ACPI: Reserving APIC table memory at [mem 0xbffe1511-0xbffe1590]
[    0.033797] kernel: ACPI: Reserving HPET table memory at [mem 0xbffe1591-0xbffe15c8]
[    0.036080] kernel: No NUMA configuration found
[    0.036089] kernel: Faking a node at [mem 0x0000000000000000-0x00000002bfffffff]
[    0.036106] kernel: NODE_DATA(0) allocated [mem 0x2bfffc000-0x2bfffffff]
[    0.037773] kernel: Zone ranges:
[    0.037780] kernel:   DMA      [mem 0x0000000000001000-0x0000000000ffffff]
[    0.037793] kernel:   DMA32    [mem 0x0000000001000000-0x00000000ffffffff]
[    0.037802] kernel:   Normal   [mem 0x0000000100000000-0xexecutor 0 finishes userspace_cover_open
before receiving handshake request
00000002bfffffff]
[    0.037812] kernel: Movable zone start for each node
[    0.037815] kernel: Early memory node ranges
[    0.037819] kernel:   node   0: [mem 0x0000000000001000-0x000000000009efff]
[    0.037827] kernel:   node   0: [mem 0x0000000000100000-0x00000000bffdcfff]
[    0.037836] kernel:   node   0: [mem 0x0000000100000000-0x00000002bfffffff]
[    0.037846] kernel: Initmem setup node 0 [mem 0x0000000000001000-0x00000002bfffffff]
[    0.039081] kernel: On node 0, zone DMA: 1 pages in unavailable ranges
[    0.039846] kernel: On node 0, zone DMA: 97 pages in unavailable ranges
[    0.238757] kernel: On node 0, zone Normal: 35 pages in unavailable ranges
[    0.888741] kernel: kasan: KernelAddressSanitizer initialized
[    0.889110] kernel: ACPI: PM-Timer IO Port: 0x608
[    0.889133] kernel: ACPI: LAPIC_NMI (acpi_id[0xff] dfl dfl lint[0x1])
[    0.889182] kernel: IOAPIC[0]: apic_id 0, version 17, address 0xfec00000, GSI 0-23
[    0.889198] kernel: ACPI: INT_SRC_OVR (bus 0 ----- is restarting 0
---- dfs_name glusterfs is_dfs_client 0
unlink FIFO failed: No such file or directory
[    0.000000] kernel: Linux version 5.15.0+ (tlyu@IC-RS3-DPC07) (gcc (Ubuntu 9.4.0-1ubuntu1~20.04.1) 9.4.0, GNU ld (GNU Binutils for Ubuntu) 2.34) #8 SMP Fri Jun 3 16:18:40 CEST 2022
[    0.000000] kernel: Command line: root=/dev/sda console=ttyS0 net.ifnames=0 ip=192.168.0.44 quiet
[    0.000000] kernel: x86/fpu: Supporting XSAVE feature 0x001: 'x87 floating point registers'
[    0.000000] kernel: x86/fpu: Supporting XSAVE feature 0x002: 'SSE registers'
[    0.000000] kernel: x86/fpu: Supporting XSAVE feature 0x004: 'AVX registers'
[    0.000000] kernel: x86/fpu: Supporting XSAVE feature 0x020: 'AVX-512 opmask'
[    0.000000] kernel: x86/fpu: Supporting XSAVE feature 0x040: 'AVX-512 Hi256'
[    0.000000] kernel: x86/fpu: Supporting XSAVE feature 0x080: 'AVX-512 ZMM_Hi256'
[    0.000000] kernel: x86/fpu: Supporting XSAVE feature 0x200: 'Protection Keys User registers'
[    0.000000] kernel: x86/fpu: xstate_offset[2]:  576, xstate_sizes[2]:  256
[    0.000000] kernel: x86/fpu: xstate_debug1: Sending command: /root/syz-executor exec 1 3 glusterfs 3 4 192.168.0.43 0 "3 1 ''" false false false true false
offset[5]:  832, xstate_sizes[5]:   64
[    0.000000] kernel: x86/fpu: xstate_offset[6]:  896, xstate_sizes[6]:  512
[    0.000000] kernel: x86/fpu: xstate_offset[7]: 1408, xstate_sizes[7]: 1024
[    0.000000] kernel: x86/fpu: xstate_offset[9]: 2432, xstate_sizes[9]:    8
[    0.000000] kernel: x86/fpu: Enabled xstate features 0x2e7, context size is 2440 bytes, using 'compacted' format.
[    0.000000] kernel: signal: max sigframe size: 3632
[    0.000000] kernel: BIOS-provided physical RAM map:
[    0.000000] kernel: BIOS-e820: [mem 0x0000000000000000-0x000000000009fbff] usable
[    0.000000] kernel: BIOS-e820: [mem 0x000000000009fc00-0x000000000009ffff] reserved
[    0.000000] kernel: BIOS-e820: [mem 0x00000000000f0000-0x00000000000fffff] reserved
[    0.000000] kernel: BIOS-e820: [mem 0x0000000000100000-0x00000000bffdcfff] usable
[    0.000000] kernel: BIOS-e820: [mem 0x00000000bffdd000-0x00000000bfffffff] reserved
[    0.000000] kernel: BIOS-e820: [mem 0x00000000feffc000-0x00000000feffffff] reserved
[    0.000000] kernel: BIOS-e820: [mem 0x00000000fffc0000-0x00000000ffffffff] reserved
[    0.000000] kernel: BIOS-e820: [mem 0x0000000100000000-0x00000002bfffffff] usable
[    0.000000] kernel: NX (Execute Disable) protection: active
[    0.000000] kernel: SMBIOS 2.8 present.
[    0.000000] kernel: DMI: QEMU Standard PC (i440FX + PIIX, 1996), BIOS 1.13.0-1ubuntu1.1 04/01/2014
[    0.000000] kernel: Hypervisor detected: KVM
[    0.000000] kernel: kvm-clock: Using msrs 4b564d01 and 4b564d00
[    0.000000] kernel: kvm-clock: cpu 0, msr 17e758001, primary cpu clock
[    0.000002] kernel: kvm-clock: using sched offset of 706300199 cycles
[    0.000010] kernel: clocksource: kvm-clock: mask: 0xffffffffffffffff max_cycles: 0x1cd42e4dffb, max_idle_ns: 881590591483 ns
[    0.000022] kernel: tsc: Detected 2593.906 MHz processor
[    0.005682] kernel: e820: update [mem 0x00000000-0x00000fff] usable ==> reserved
[    0.005697] kernel: e820: remove [mem 0x000a0000-0x000fffff] usbus_irq 0 global_irq 2 dfl dfl)
[    0.889208] kernel: ACPI: INT_SRC_OVR (bus 0 bus_irq 5 global_irq 5 high level)
[    0.889217] kernel: ACPI: INT_SRC_OVR (bus 0 bus_irq 9 global_irq 9 high level)
[    0.889227] kernel: ACPI: INT_SRC_OVR (bus 0 bus_irq 10 global_irq 10 high level)
[    0.889236] kernel: ACPI: INT_SRC_OVR (bus 0 bus_irq 11 global_irq 11 high level)
[    0.889254] kernel: ACPI: Using ACPI (MADT) for SMP configuration information
[    0.889259] kernel: ACPI: HPET id: 0x8086a201 base: 0xfed00000
[    0.889270] kernel: TSC deadline timer available
[    0.889275] kernel: smpboot: Allowing 2 CPUs, 0 hotplug CPUs
[    0.889313] kernel: kvm-guest: KVM setup pv remote TLB flush
[    0.889320] kernel: kvm-guest: setup PV sched yield
[    0.889353] kernel: PM: hibernation: Registered nosave memory: [mem 0x00000000-0x00000fff]
[    0.889364] kernel: PM: hibernation: Registered nosave memory: [mem 0x0009f000-0x0009ffff]
[    0.889371] kernel: PM: hibernation: Registered nosave memexecutor 1 finishes userspace_cover_open
before receiving handshake request
ory: [mem 0x000a0000-0x000effff]
[    0.889377] kernel: PM: hibernation: Registered nosave memory: [mem 0x000f0000-0x000fffff]
[    0.889387] kernel: PM: hibernation: Registered nosave memory: [mem 0xbffdd000-0xbfffffff]
[    0.889394] kernel: PM: hibernation: Registered nosave memory: [mem 0xc0000000-0xfeffbfff]
[    0.889400] kernel: PM: hibernation: Registered nosave memory: [mem 0xfeffc000-0xfeffffff]
[    0.889407] kernel: PM: hibernation: Registered nosave memory: [mem 0xff000000-0xfffbffff]
[    0.889413] kernel: PM: hibernation: Registered nosave memory: [mem 0xfffc0000-0xffffffff]
[    0.889422] kernel: [mem 0xc0000000-0xfeffbfff] available for PCI devices
[    0.889428] kernel: Booting paravirtualized kernel on KVM
[    0.889435] kernel: clocksource: refined-jiffies: mask: 0xffffffff max_cycles: 0xffffffff, max_idle_ns: 1910969940391419 ns
[    0.903565] kernel: setup_percpu: NR_CPUS:64 nr_cpumask_bits:64 nr_cpu_ids:2 nr_node_ids:1
[    0.904333] kernel: percpu: Embedded 56 pages/cpu s191576 r8192 d29608 u1048576
[    0.904368] kernel: pcpu-alloc: s191576 r8192 d29608 u1048576 alloc=1*2097152
[    0.904384] kernel: pcpu-alloc: [0] 0 1 
[    0.904476] kernel: kvm-guest: setup async PF for cpu 0
[    0.904487] kernel: kvm-guest: stealtime: cpu 0, msr 26501f140
[    0.904500] kernel: Built 1 zonelists, mobility grouping on.  Total pages: 2580189
[    0.904508] kernel: Policy zone: Normal
[    0.904514] kernel: Kernel command line: root=/dev/sda console=ttyS0 net.ifnames=0 ip=192.168.0.43 quiet
[    0.910172] kernel: Dentry cache hash table entries: 2097152 (order: 12, 16777216 bytes, linear)
[    0.912962] kernel: Inode-cache hash table entries: 1048576 (order: 11, 8388608 bytes, linear)
[    0.913080] kernel: mem auto-init: stack:off, heap alloc:off, heap free:off
[    1.164353] kernel: Memory: 8817344K/10485228K available (47117K kernel code, 10298K rwdata, 7204K rodata, 2068K init, 2860K bss, 1667684K reserved, 0K cma-reserved)
[    1.164589] kernel: SLUB: HWalign=64, Order=0-3, MinObjects=0, CPUs=2, Nodes=1
[    1.165411] kernel: rcu: Hierarchical RCU implementation.
[    1.165418] kernel: rcu:         RCU event tracing is enabled.
[    1.165422] kernel: rcu:         RCU restricting CPUs from NR_CPUS=64 to nr_cpu_ids=2.
[    1.165432] kernel: rcu: RCU calculated value of scheduler-enlistment delay is 100 jiffies.
[    1.165438] kernel: rcu: Adjusting geometry for rcu_fanout_leaf=16, nr_cpu_ids=2
[    1.173290] kernel: NR_IRQS: 4352, nr_irqs: 440, preallocated irqs: 16
[    1.173694] kernel: random: get_random_bytes called from start_kernel+0x22b/0x456 with crng_init=0
[    1.177891] kernel: Console: colour VGA+ 80x25
[    1.178047] kernel: printk: console [ttyS0] enabled
[    1.178095] kernel: ACPI: Core revision 20210730
[    1.178370] kernel: clocksource: hpet: mask: 0xffffffff max_cycles: 0xffffffff, max_idle_ns: 19112604467 ns
[    1.178530] kernel: APIC: Switch to symmetric I/O mode setup
[    1.178538] kernel: kvm-guest: setupreq.flags ea3
able
[    0.005713] kernel: last_pfn = 0x2c0000 max_arch_pfn = 0x10000000000
[    0.005771] kernel: x86/PAT: Configuration [0-7]: WB  WC  UC- UC  WB  WP  UC- WT  
[    0.005782] kernel: last_pfn = 0xbffdd max_arch_pfn = 0x10000000000
[    0.013099] kernel: found SMP MP-table at [mem 0x000f5c70-0x000f5c7f]
[    0.013156] kernel: Using GB pages for direct mapping
[    0.013776] kernel: ACPI: Early table checksum verification disabled
[    0.013784] kernel: ACPI: RSDP 0x00000000000F5A40 000014 (v00 BOCHS )
[    0.013806] kernel: ACPI: RSDT 0x00000000BFFE15C9 000030 (v01 BOCHS  BXPCRSDT 00000001 BXPC 00000001)
[    0.013829] kernel: ACPI: FACP 0x00000000BFFE149D 000074 (v01 BOCHS  BXPCFACP 00000001 BXPC 00000001)
[    0.013855] kernel: ACPI: DSDT 0x00000000BFFE0040 00145D (v01 BOCHS  BXPCDSDT 00000001 BXPC 00000001)
[    0.013875] kernel: ACPI: FACS 0x00000000BFFE0000 000040
[    0.013890] kernel: ACPI: APIC 0x00000000BFFE1511 000080 (v01 BOCHS  BXPCAPIC 00000001 BXPC 00000001)
[    0.013910] kernel: ACPI: HPET 0x00000000BFFE1591 000038 (v01 BOCHS  BXPCHPET 00000001 BXPC 00000001)
[    0.013928] kernel: ACPI: Reserving FACP table memory at [mem 0xbffe149d-0xbffe1510]
[    0.013937] kernel: ACPI: Reserving DSDT table memory at [mem 0xbffe0040-0xbffe149c]
[    0.013944] kernel: ACPI: Reserving FACS table memory at [mem 0xbffe0000-0xbffe003f]
[    0.013952] kernel: ACPI: Reserving APIC table memory at [mem 0xbffe1511-0xbffe1590]
[    0.013959] kernel: ACPI: Reserving HPET table memory at [mem 0xbffe1591-0xbffe15c8]
[    0.014805] kernel: No NUMA configuration found
[    0.014811] kernel: Faking a node at [mem 0x0000000000000000-0x00000002bfffffff]
[    0.014826] kernel: NODE_DATA(0) allocated [mem 0x2bfffc000-0x2bfffffff]
[    0.015512] kernel: Zone ranges:
[    0.015518] kernel:   DMA      [mem 0x0000000000001000-0x0000000000ffffff]
[    0.015529] kernel:   DMA32    [mem 0x0000000001000000-0x00000000ffffffff]
[    0.015538] kernel:   Normal   [mem 0x0000000100000000-0x0 PV IPIs
[    1.179542] kernel: ..TIMER: vector=0x30 apic1=0 pin1=2 apic2=-1 pin2=-1
[    1.179577] kernel: clocksource: tsc-early: mask: 0xffffffffffffffff max_cycles: 0x2563bf907c6, max_idle_ns: 440795319401 ns
[    1.179603] kernel: Calibrating delay loop (skipped) preset value.. 5187.81 BogoMIPS (lpj=2593906)
[    1.179615] kernel: pid_max: default: 32768 minimum: 301
[    1.179695] kernel: LSM: Security Framework initializing
[    1.179727] kernel: SELinux:  Initializing.
[    1.180638] kernel: Mount-cache hash table entries: 32768 (order: 6, 262144 bytes, linear)
[    1.181604] kernel: Mountpoint-cache hash table entries: 32768 (order: 6, 262144 bytes, linear)
[    1.182814] kernel: x86/cpu: User Mode Instruction Prevention (UMIP) activated
[    1.182935] kernel: Last level iTLB entries: 4KB 0, 2MB 0, 4MB 0
[    1.182943] kernel: Last level dTLB entries: 4KB 0, 2MB 0, 4MB 0, 1GB 0
[    1.182976] kernel: Spectre V1 : Mitigation: usercopy/swapgs barriers and __user pointer sanitiz0000002bfffffff]
[    0.015547] kernel: Movable zone start for each node
[    0.015550] kernel: Early memory node ranges
[    0.015553] kernel:   node   0: [mem 0x0000000000001000-0x000000000009efff]
[    0.015561] kernel:   node   0: [mem 0x0000000000100000-0x00000000bffdcfff]
[    0.015569] kernel:   node   0: [mem 0x0000000100000000-0x00000002bfffffff]
[    0.015580] kernel: Initmem setup node 0 [mem 0x0000000000001000-0x00000002bfffffff]
[    0.016118] kernel: On node 0, zone DMA: 1 pages in unavailable ranges
[    0.016185] kernel: On node 0, zone DMA: 97 pages in unavailable ranges
[    0.104657] kernel: On node 0, zone Normal: 35 pages in unavailable ranges
[    0.590520] kernel: kasan: KernelAddressSanitizer initialized
[    0.590883] kernel: ACPI: PM-Timer IO Port: 0x608
[    0.590905] kernel: ACPI: LAPIC_NMI (acpi_id[0xff] dfl dfl lint[0x1])
[    0.590952] kernel: IOAPIC[0]: apic_id 0, version 17, address 0xfec00000, GSI 0-23
[    0.590966] kernel: ACPI: INT_SRC_OVR (bus 0 bation
[    1.182990] kernel: Spectre V2 : Mitigation: Enhanced IBRS
[    1.182996] kernel: Spectre V2 : Spectre v2 / SpectreRSB mitigation: Filling RSB on context switch
[    1.183005] kernel: Spectre V2 : mitigation: Enabling conditional Indirect Branch Prediction Barrier
[    1.183015] kernel: Speculative Store Bypass: Mitigation: Speculative Store Bypass disabled via prctl and seccomp
[    1.183022] kernel: TAA: Mitigation: TSX disabled
[    1.208662] kernel: Freeing SMP alternatives memory: 40K
[    1.208959] kernel: smpboot: CPU0: Intel(R) Xeon(R) Gold 6348 CPU @ 2.60GHz (family: 0x6, model: 0x6a, stepping: 0x6)
[    1.209245] kernel: Performance Events: Icelake events, 32-deep LBR, full-width counters, Intel PMU driver.
[    1.209684] kernel: ... version:                2
[    1.209690] kernel: ... bit width:              48
[    1.209694] kernel: ... generic registers:      8
[    1.209699] kernel: ... value mask:             0000ffffffffffff
[    1.209705] kernel: ... max period:             00007fffffffffff
[    1.209710] kernel: ... fixed-purpose events:   3
[    1.209715] kernel: ... event mask:             00000007000000ff
[    1.210172] kernel: rcu: Hierarchical SRCU implementation.
[    1.211502] kernel: smp: Bringing up secondary CPUs ...
[    1.211757] kernel: x86: Booting SMP configuration:
[    1.211763] kernel: .... node  #0, CPUs:      #1
[    0.005971] kernel: kvm-clock: cpu 1, msr 130d58041, secondary cpu clock
[    0.005971] kernel: smpboot: CPU 1 Converting physical 0 to logical die 1
[    1.212646] kernel: kvm-guest: setup async PF for cpu 1
[    1.212667] kernel: kvm-guest: stealtime: cpu 1, msr 26511f140
[    1.213697] kernel: smp: Brought up 1 node, 2 CPUs
[    1.213720] kernel: smpboot: Max logical packages: 2
[    1.213725] kernel: smpboot: Total of 2 processors activated (10375.62 BogoMIPS)
[    1.216699] kernel: devtmpfs: initialized
[    1.223828] kernel: clocksource: jiffies: mask: 0xffffffff max_cycles: 0xffffffff, max_idle_ns: 1----- is restarting 0
---- dfs_name glusterfs is_dfs_client 1
before receiving handshake request
[    0.000000] kernel: Linux version 5.15.0+ (tlyu@IC-RS3-DPC07) (gcc (Ubuntu 9.4.0-1ubuntu1~20.04.1) 9.4.0, GNU ld (GNU Binutils for Ubuntu) 2.34) #8 SMP Fri Jun 3 16:18:40 CEST 2022
[    0.000000] kernel: Command line: root=/dev/sda console=ttyS0 net.ifnames=0 ip=192.168.0.46 quiet
[    0.000000] kernel: x86/fpu: Supporting XSAVE feature 0x001: 'x87 floating point registers'
[    0.000000] kernel: x86/fpu: Supporting XSAVE feature 0x002: 'SSE registers'
[    0.000000] kernel: x86/fpu: Supporting XSAVE feature 0x004: 'AVX registers'
[    0.000000] kernel: x86/fpu: Supporting XSAVE feature 0x020: 'AVX-512 opmask'
[    0.000000] kernel: x86/fpu: Supporting XSAVE feature 0x040: 'AVX-512 Hi256'
[    0.000000] kernel: x86/fpu: Supporting XSAVE feature 0x080: 'AVX-512 ZMM_Hi256'
[    0.000000] kernel: x86/fpu: Supporting XSAVE feature 0x200: 'Protection Keys User registers'
[    0.000000] kernel: x86/fpu: xstate_offset[2]:  576, xstate_sizes[2]:  256
[    0.000000] kernel: x86/fpu: xstate_911260446275000 ns
[    1.223852] kernel: futex hash table entries: 512 (order: 3, 32768 bytes, linear)
[    1.224240] kernel: PM: RTC time: 09:01:01, date: 2023-03-05
[    1.224688] kernel: NET: Registered PF_NETLINK/PF_ROUTE protocol family
[    1.225304] kernel: audit: initializing netlink subsys (disabled)
[    1.225619] kernel: audit: type=2000 audit(1678006861.362:1): state=initialized audit_enabled=0 res=1
[    1.226171] kernel: thermal_sys: Registered thermal governor 'step_wise'
[    1.226178] kernel: thermal_sys: Registered thermal governor 'user_space'
[    1.226261] kernel: cpuidle: using governor menu
[    1.226601] kernel: ACPI: bus type PCI registered
[    1.226967] kernel: PCI: Using configuration type 1 for base access
[    1.245718] kernel: Kprobes globally optimized
[    1.247804] kernel: HugeTLB registered 2.00 MiB page size, pre-allocated 0 pages
[    1.247804] kernel: cryptomgr_test (26) used greatest stack depth: 30608 bytes left
[    1.250738] kernel: ACPI: Addus_irq 0 global_irq 2 dfl dfl)
[    0.590977] kernel: ACPI: INT_SRC_OVR (bus 0 bus_irq 5 global_irq 5 high level)
[    0.590986] kernel: ACPI: INT_SRC_OVR (bus 0 bus_irq 9 global_irq 9 high level)
[    0.590995] kernel: ACPI: INT_SRC_OVR (bus 0 bus_irq 10 global_irq 10 high level)
[    0.591005] kernel: ACPI: INT_SRC_OVR (bus 0 bus_irq 11 global_irq 11 high level)
[    0.591023] kernel: ACPI: Using ACPI (MADT) for SMP configuration information
[    0.591028] kernel: ACPI: HPET id: 0x8086a201 base: 0xfed00000
[    0.591041] kernel: TSC deadline timer available
[    0.591045] kernel: smpboot: Allowing 2 CPUs, 0 hotplug CPUs
[    0.591078] kernel: kvm-guest: KVM setup pv remote TLB flush
[    0.591085] kernel: kvm-guest: setup PV sched yield
[    0.591118] kernel: PM: hibernation: Registered nosave memory: [mem 0x00000000-0x00000fff]
[    0.591129] kernel: PM: hibernation: Registered nosave memory: [mem 0x0009f000-0x0009ffff]
[    0.591136] kernel: PM: hibernation: Registered nosave memoed _OSI(Module Device)
[    1.250738] kernel: ACPI: Added _OSI(Processor Device)
[    1.250738] kernel: ACPI: Added _OSI(3.0 _SCP Extensions)
[    1.250738] kernel: ACPI: Added _OSI(Processor Aggregator Device)
[    1.250738] kernel: ACPI: Added _OSI(Linux-Dell-Video)
[    1.250742] kernel: ACPI: Added _OSI(Linux-Lenovo-NV-HDMI-Audio)
[    1.250750] kernel: ACPI: Added _OSI(Linux-HPI-Hybrid-Graphics)
[    1.264878] kernel: ACPI: 1 ACPI AML tables successfully acquired and loaded
[    1.269303] kernel: ACPI: Interpreter enabled
[    1.269399] kernel: ACPI: PM: (supports S0 S3 S4 S5)
[    1.269406] kernel: ACPI: Using IOAPIC for interrupt routing
[    1.269478] kernel: PCI: Using host bridge windows from ACPI; if necessary, use "pci=nocrs" and report a bug
[    1.270417] kernel: ACPI: Enabled 2 GPEs in block 00 to 0F
[    1.298459] kernel: ACPI: PCI Root Bridge [PCI0] (domain 0000 [bus 00-ff])
[    1.298494] kernel: acpi PNP0A03:00: _OSC: OS supports [ASPM ClockPM Segments MSI HPX-Type3ry: [mem 0x000a0000-0x000effff]
[    0.591143] kernel: PM: hibernation: Registered nosave memory: [mem 0x000f0000-0x000fffff]
[    0.591153] kernel: PM: hibernation: Registered nosave memory: [mem 0xbffdd000-0xbfffffff]
[    0.591159] kernel: PM: hibernation: Registered nosave memory: [mem 0xc0000000-0xfeffbfff]
[    0.591166] kernel: PM: hibernation: Registered nosave memory: [mem 0xfeffc000-0xfeffffff]
[    0.591172] kernel: PM: hibernation: Registered nosave memory: [mem 0xff000000-0xfffbffff]
[    0.591179] kernel: PM: hibernation: Registered nosave memory: [mem 0xfffc0000-0xffffffff]
[    0.591187] kernel: [mem 0xc0000000-0xfeffbfff] available for PCI devices
[    0.591194] kernel: Booting paravirtualized kernel on KVM
[    0.591200] kernel: clocksource: refined-jiffies: mask: 0xffffffff max_cycles: 0xffffffff, max_idle_ns: 1910969940391419 ns
[    0.605006] kernel: setup_percpu: NR_CPUS:64 nr_cpumask_bits:64 nr_cpu_ids:2 nr_node_ids:1
[    0.605819] kernel: percpu: Embedded 56 p]
[    1.298601] kernel: acpi PNP0A03:00: fail to add MMCONFIG information, can't access extended PCI configuration space under this bridge.
[    1.298878] kernel: PCI host bridge to bus 0000:00
[    1.298887] kernel: pci_bus 0000:00: root bus resource [io  0x0000-0x0cf7 window]
[    1.298901] kernel: pci_bus 0000:00: root bus resource [io  0x0d00-0xffff window]
[    1.298913] kernel: pci_bus 0000:00: root bus resource [mem 0x000a0000-0x000bffff window]
[    1.298926] kernel: pci_bus 0000:00: root bus resource [mem 0xc0000000-0xfebfffff window]
[    1.298939] kernel: pci_bus 0000:00: root bus resource [mem 0x2c0000000-0x33fffffff window]
[    1.298953] kernel: pci_bus 0000:00: root bus resource [bus 00-ff]
[    1.300190] kernel: pci 0000:00:00.0: [8086:1237] type 00 class 0x060000
[    1.302154] kernel: pci 0000:00:01.0: [8086:7000] type 00 class 0x060100
[    1.303599] kernel: pci 0000:00:01.1: [8086:7010] type 00 class 0x010180
[    1.305599] kernel: pci 0000:00:01.1: reg 0x20: [io ages/cpu s191576 r8192 d29608 u1048576
[    0.605854] kernel: pcpu-alloc: s191576 r8192 d29608 u1048576 alloc=1*2097152
[    0.605870] kernel: pcpu-alloc: [0] 0 1 
[    0.605961] kernel: kvm-guest: setup async PF for cpu 0
[    0.605971] kernel: kvm-guest: stealtime: cpu 0, msr 26501f140
[    0.605982] kernel: Built 1 zonelists, mobility grouping on.  Total pages: 2580189
[    0.605990] kernel: Policy zone: Normal
[    0.605995] kernel: Kernel command line: root=/dev/sda console=ttyS0 net.ifnames=0 ip=192.168.0.44 quiet
[    0.612162] kernel: Dentry cache hash table entries: 2097152 (order: 12, 16777216 bytes, linear)
[    0.615240] kernel: Inode-cache hash table entries: 1048576 (order: 11, 8388608 bytes, linear)
[    0.615361] kernel: mem auto-init: stack:off, heap alloc:off, heap free:off
[    0.998110] kernel: Memory: 8817344K/10485228K available (47117K kernel code, 10298K rwdata, 7204K rodata, 2068K init, 2860K bss, 1667684K reserved, 0K cma-reserved)
[    0.998357] kernel: SLUB 0xc0c0-0xc0cf]
[    1.306492] kernel: pci 0000:00:01.1: legacy IDE quirk: reg 0x10: [io  0x01f0-0x01f7]
[    1.306505] kernel: pci 0000:00:01.1: legacy IDE quirk: reg 0x14: [io  0x03f6]
[    1.306515] kernel: pci 0000:00:01.1: legacy IDE quirk: reg 0x18: [io  0x0170-0x0177]
[    1.306525] kernel: pci 0000:00:01.1: legacy IDE quirk: reg 0x1c: [io  0x0376]
[    1.308588] kernel: pci 0000:00:01.3: [8086:7113] type 00 class 0x068000
[    1.308889] kernel: pci 0000:00:01.3: quirk: [io  0x0600-0x063f] claimed by PIIX4 ACPI
[    1.308906] kernel: pci 0000:00:01.3: quirk: [io  0x0700-0x070f] claimed by PIIX4 SMB
[    1.310707] kernel: pci 0000:00:02.0: [1234:1111] type 00 class 0x030000
[    1.311994] kernel: pci 0000:00:02.0: reg 0x10: [mem 0xfd000000-0xfdffffff pref]
[    1.313438] kernel: pci 0000:00:02.0: reg 0x18: [mem 0xfeb90000-0xfeb90fff]
[    1.316608] kernel: pci 0000:00:02.0: reg 0x30: [mem 0xfeb80000-0xfeb8ffff pref]
[    1.318755] kernel: pci 0000:00:03.0: [1af4:1005] type 00 cl: HWalign=64, Order=0-3, MinObjects=0, CPUs=2, Nodes=1
[    0.999743] kernel: rcu: Hierarchical RCU implementation.
[    0.999751] kernel: rcu:         RCU event tracing is enabled.
[    0.999920] kernel: rcu:         RCU restricting CPUs from NR_CPUS=64 to nr_cpu_ids=2.
[    0.999932] kernel: rcu: RCU calculated value of scheduler-enlistment delay is 100 jiffies.
[    0.999939] kernel: rcu: Adjusting geometry for rcu_fanout_leaf=16, nr_cpu_ids=2
[    1.013102] kernel: NR_IRQS: 4352, nr_irqs: 440, preallocated irqs: 16
[    1.013537] kernel: random: get_random_bytes called from start_kernel+0x22b/0x456 with crng_init=0
[    1.020536] kernel: Console: colour VGA+ 80x25
[    1.020824] kernel: printk: console [ttyS0] enabled
[    1.020908] kernel: ACPI: Core revision 20210730
[    1.021975] kernel: clocksource: hpet: mask: 0xffffffff max_cycles: 0xffffffff, max_idle_ns: 19112604467 ns
[    1.022441] kernel: APIC: Switch to symmetric I/O mode setup
[    1.022452] kernel: kvm-guest: setup PV IPIs
[    1.024280] kernel: ..TIMER: vector=0x30 apic1=0 pin1=2 apic2=-1 pin2=-1
[    1.024324] kernel: clocksource: tsc-early: mask: 0xffffffffffffffff max_cycles: 0x2563bf907c6, max_idle_ns: 440795319401 ns
[    1.024354] kernel: Calibrating delay loop (skipped) preset value.. 5187.81 BogoMIPS (lpj=2593906)
[    1.024368] kernel: pid_max: default: 32768 minimum: 301
[    1.024470] kernel: LSM: Security Framework initializing
[    1.024727] kernel: SELinux:  Initializing.
[    1.024911] kernel: Mount-cache hash table entries: 32768 (order: 6, 262144 bytes, linear)
[    1.025355] kernel: Mountpoint-cache hash table entries: 32768 (order: 6, 262144 bytes, linear)
[    1.027675] kernel: x86/cpu: User Mode Instruction Prevention (UMIP) activated
[    1.027834] kernel: Last level iTLB entries: 4KB 0, 2MB 0, 4MB 0
[    1.027844] kernel: Last level dTLB entries: 4KB 0, 2MB 0, 4MB 0, 1GB 0
[    1.027874] kernel: Spectre V1 : Mitigation: usercopy/swapgs barriers and __user pointer sanitization
[    1.027888] kernel: Spectre V2 : Mitigation: Enhanced IBRS
[    1.027923] kernel: Spectre V2 : Spectre v2 / SpectreRSB mitigation: Filling RSB on context switch
[    1.027933] kernel: Spectre V2 : mitigation: Enabling conditional Indirect Branch Prediction Barrier
[    1.027944] kernel: Speculative Store Bypass: Mitigation: Speculative Store Bypass disabled via prctl and seccomp
[    1.027951] kernel: TAA: Mitigation: TSX disabled
[    1.065143] kernel: Freeing SMP alternatives memory: 40K
[    1.065673] kernel: smpboot: CPU0: Intel(R) Xeon(R) Gold 6348 CPU @ 2.60GHz (family: 0x6, model: 0x6a, stepping: 0x6)
[    1.065996] kernel: Performance Events: Icelake events, 32-deep LBR, full-width counters, Intel PMU driver.
[    1.066190] kernel: ... version:                2
[    1.066195] kernel: ... bit width:              48
[    1.066341] kernel: ... generic registers:      8
[    1.066341] kernel: ... value mask:             0000ffffffffffff
[    1.066341] kernel: ... max period:             00007fffffffffff
[    1.066341] kernel: ... fixed-purpose events:   3
[    1.066341] kernel: ... event mask:             00000007000000ff
[    1.067484] kernel: rcu: Hierarchical SRCU implementation.
[    1.069588] kernel: smp: Bringing up secondary CPUs ...
[    1.069904] kernel: x86: Booting SMP configuration:
[    1.069910] kernel: .... node  #0, CPUs:      #1
[    0.010882] kernel: kvm-clock: cpu 1, msr 17e758041, secondary cpu clock
[    0.010882] kernel: smpboot: CPU 1 Converting physical 0 to logical die 1
[    1.071391] kernel: kvm-guest: setup async PF for cpu 1
[    1.071406] kernel: kvm-guest: stealtime: cpu 1, msr 26511f140
[    1.071445] kernel: smp: Brought up 1 node, 2 CPUs
[    1.071463] kernel: smpboot: Max logical packages: 2
[    1.071469] kernel: smpboot: Total of 2 processors activated (10375.62 BogoMIPS)
[    1.073348] kernel: devtmpfs: initialized
[    1.084075] kernel: clocksource: jiffies: mask: 0xffffffff max_cycles: 0xffffffff, max_idle_ns: 19offset[5]:  832, xstate_sizes[5]:   64
[    0.000000] kernel: x86/fpu: xstate_offset[6]:  896, xstate_sizes[6]:  512
[    0.000000] kernel: x86/fpu: xstate_offset[7]: 1408, xstate_sizes[7]: 1024
[    0.000000] kernel: x86/fpu: xstate_offset[9]: 2432, xstate_sizes[9]:    8
[    0.000000] kernel: x86/fpu: Enabled xstate features 0x2e7, context size is 2440 bytes, using 'compacted' format.
[    0.000000] kernel: signal: max sigframe size: 3632
[    0.000000] kernel: BIOS-provided physical RAM map:
[    0.000000] kernel: BIOS-e820: [mem 0x0000000000000000-0x000000000009fbff] usable
[    0.000000] kernel: BIOS-e820: [mem 0x000000000009fc00-0x000000000009ffff] reserved
[    0.000000] kernel: BIOS-e820: [mem 0x00000000000f0000-0x00000000000fffff] reserved
[    0.000000] kernel: BIOS-e820: [mem 0x0000000000100000-0x00000000bffdffff] usable
[    0.000000] kernel: BIOS-e820: [mem 0x00000000bffe0000-0x00000000bfffffff] reserved
[    0.000000] kernel: BIOS-e820: [mem 0x00000000feffc000-0x00000000req.flags ea3
11260446275000 ns
[    1.084100] kernel: futex hash table entries: 512 (order: 3, 32768 bytes, linear)
[    1.084582] kernel: PM: RTC time: 09:01:00, date: 2023-03-05
[    1.085306] kernel: NET: Registered PF_NETLINK/PF_ROUTE protocol family
[    1.086341] kernel: audit: initializing netlink subsys (disabled)
[    1.087359] kernel: audit: type=2000 audit(1678006860.932:1): state=initialized audit_enabled=0 res=1
[    1.088262] kernel: thermal_sys: Registered thermal governor 'step_wise'
[    1.088347] kernel: thermal_sys: Registered thermal governor 'user_space'
[    1.089369] kernel: cpuidle: using governor menu
[    1.089912] kernel: ACPI: bus type PCI registered
[    1.090664] kernel: PCI: Using configuration type 1 for base access
[    1.120037] kernel: Kprobes globally optimized
[    1.121386] kernel: HugeTLB registered 2.00 MiB page size, pre-allocated 0 pages
[    1.121617] kernel: cryptomgr_test (26) used greatest stack depth: 30608 bytes left
[    1.126632] kernel: ACPI: Addefeffffff] reserved
[    0.000000] kernel: BIOS-e820: [mem 0x00000000fffc0000-0x00000000ffffffff] reserved
[    0.000000] kernel: BIOS-e820: [mem 0x0000000100000000-0x00000002bfffffff] usable
[    0.000000] kernel: NX (Execute Disable) protection: active
[    0.000000] kernel: SMBIOS 2.8 present.
[    0.000000] kernel: DMI: QEMU Standard PC (i440FX + PIIX, 1996), BIOS 1.13.0-1ubuntu1.1 04/01/2014
[    0.000000] kernel: Hypervisor detected: KVM
[    0.000000] kernel: kvm-clock: Using msrs 4b564d01 and 4b564d00
[    0.000000] kernel: kvm-clock: cpu 0, msr 86158001, primary cpu clock
[    0.000002] kernel: kvm-clock: using sched offset of 817824173 cycles
[    0.000009] kernel: clocksource: kvm-clock: mask: 0xffffffffffffffff max_cycles: 0x1cd42e4dffb, max_idle_ns: 881590591483 ns
[    0.000021] kernel: tsc: Detected 2593.906 MHz processor
[    0.005702] kernel: e820: update [mem 0x00000000-0x00000fff] usable ==> reserved
[    0.005719] kernel: e820: remove [mem 0x000a0000-0x000fffff] usad _OSI(Module Device)
[    1.126632] kernel: ACPI: Added _OSI(Processor Device)
[    1.126632] kernel: ACPI: Added _OSI(3.0 _SCP Extensions)
[    1.126632] kernel: ACPI: Added _OSI(Processor Aggregator Device)
[    1.126632] kernel: ACPI: Added _OSI(Linux-Dell-Video)
[    1.126632] kernel: ACPI: Added _OSI(Linux-Lenovo-NV-HDMI-Audio)
[    1.126632] kernel: ACPI: Added _OSI(Linux-HPI-Hybrid-Graphics)
[    1.148606] kernel: ACPI: 1 ACPI AML tables successfully acquired and loaded
[    1.155392] kernel: ACPI: Interpreter enabled
[    1.155504] kernel: ACPI: PM: (supports S0 S3 S4 S5)
[    1.155524] kernel: ACPI: Using IOAPIC for interrupt routing
[    1.155791] kernel: PCI: Using host bridge windows from ACPI; if necessary, use "pci=nocrs" and report a bug
[    1.156994] kernel: ACPI: Enabled 2 GPEs in block 00 to 0F
[    1.192698] kernel: ACPI: PCI Root Bridge [PCI0] (domain 0000 [bus 00-ff])
[    1.192740] kernel: acpi PNP0A03:00: _OSC: OS supports [ASPM ClockPM Segments MSI HPX-Type3]ass 0x00ff00
[    1.319600] kernel: pci 0000:00:03.0: reg 0x10: [io  0xc080-0xc09f]
[    1.321598] kernel: pci 0000:00:03.0: reg 0x20: [mem 0xfe200000-0xfe203fff 64bit pref]
[    1.325255] kernel: pci 0000:00:04.0: [1af4:1000] type 00 class 0x020000
[    1.325963] kernel: pci 0000:00:04.0: reg 0x10: [io  0xc0a0-0xc0bf]
[    1.326598] kernel: pci 0000:00:04.0: reg 0x14: [mem 0xfeb91000-0xfeb91fff]
[    1.329002] kernel: pci 0000:00:04.0: reg 0x20: [mem 0xfe204000-0xfe207fff 64bit pref]
[    1.329597] kernel: pci 0000:00:04.0: reg 0x30: [mem 0xfeb00000-0xfeb7ffff pref]
[    1.332001] kernel: pci 0000:00:05.0: [1af4:1001] type 00 class 0x010000
[    1.333250] kernel: pci 0000:00:05.0: reg 0x10: [io  0xc000-0xc07f]
[    1.334231] kernel: pci 0000:00:05.0: reg 0x14: [mem 0xfeb92000-0xfeb92fff]
[    1.337030] kernel: pci 0000:00:05.0: reg 0x20: [mem 0xfe208000-0xfe20bfff 64bit pref]
[    1.339854] kernel: pci 0000:00:10.0: [1af4:1110] type 00 class 0x050000
[    1.340602] kernel: pci 0000:0ble
[    0.005736] kernel: last_pfn = 0x2c0000 max_arch_pfn = 0x10000000000
[    0.005794] kernel: x86/PAT: Configuration [0-7]: WB  WC  UC- UC  WB  WP  UC- WT  
[    0.005805] kernel: last_pfn = 0xbffe0 max_arch_pfn = 0x10000000000
[    0.013249] kernel: found SMP MP-table at [mem 0x000f5c80-0x000f5c8f]
[    0.013305] kernel: Using GB pages for direct mapping
[    0.014460] kernel: ACPI: Early table checksum verification disabled
[    0.014471] kernel: ACPI: RSDP 0x00000000000F5A50 000014 (v00 BOCHS )
[    0.014493] kernel: ACPI: RSDT 0x00000000BFFE15C9 000030 (v01 BOCHS  BXPCRSDT 00000001 BXPC 00000001)
[    0.014517] kernel: ACPI: FACP 0x00000000BFFE149D 000074 (v01 BOCHS  BXPCFACP 00000001 BXPC 00000001)
[    0.014543] kernel: ACPI: DSDT 0x00000000BFFE0040 00145D (v01 BOCHS  BXPCDSDT 00000001 BXPC 00000001)
[    0.014563] kernel: ACPI: FACS 0x00000000BFFE0000 000040
[    0.014578] kernel: ACPI: APIC 0x00000000BFFE1511 000080 (v01 BOCHS  BXPCAPIC 00000001 BXPC 00000001)
[    0.014598] kernel: ACPI: HPET 0x00000000BFFE1591 000038 (v01 BOCHS  BXPCHPET 00000001 BXPC 00000001)
[    0.014616] kernel: ACPI: Reserving FACP table memory at [mem 0xbffe149d-0xbffe1510]
[    0.014624] kernel: ACPI: Reserving DSDT table memory at [mem 0xbffe0040-0xbffe149c]
[    0.014632] kernel: ACPI: Reserving FACS table memory at [mem 0xbffe0000-0xbffe003f]
[    0.014640] kernel: ACPI: Reserving APIC table memory at [mem 0xbffe1511-0xbffe1590]
[    0.014648] kernel: ACPI: Reserving HPET table memory at [mem 0xbffe1591-0xbffe15c8]
[    0.015450] kernel: No NUMA configuration found
[    0.015455] kernel: Faking a node at [mem 0x0000000000000000-0x00000002bfffffff]
[    0.015470] kernel: NODE_DATA(0) allocated [mem 0x2bfffa000-0x2bfffdfff]
[    0.015589] kernel: Zone ranges:
[    0.015593] kernel:   DMA      [mem 0x0000000000001000-0x0000000000ffffff]
[    0.015603] kernel:   DMA32    [mem 0x0000000001000000-0x00000000ffffffff]
[    0.015612] kernel:   Normal   [mem 0x0000000100000000-0x00000002bfffffff]
[    0.015621] kernel: Movable zone start for each node
[    0.015625] kernel: Early memory node ranges
[    0.015628] kernel:   node   0: [mem 0x0000000000001000-0x000000000009efff]
[    0.015635] kernel:   node   0: [mem 0x0000000000100000-0x00000000bffdffff]
[    0.015644] kernel:   node   0: [mem 0x0000000100000000-0x00000002bfffffff]
[    0.015654] kernel: Initmem setup node 0 [mem 0x0000000000001000-0x00000002bfffffff]
[    0.016198] kernel: On node 0, zone DMA: 1 pages in unavailable ranges
[    0.016267] kernel: On node 0, zone DMA: 97 pages in unavailable ranges
[    0.098810] kernel: On node 0, zone Normal: 32 pages in unavailable ranges
[    0.554061] kernel: kasan: KernelAddressSanitizer initialized
[    0.554410] kernel: ACPI: PM-Timer IO Port: 0x608
[    0.554433] kernel: ACPI: LAPIC_NMI (acpi_id[0xff] dfl dfl lint[0x1])
[    0.554484] kernel: IOAPIC[0]: apic_id 0, version 17, address 0xfec00000, GSI 0-23
[    0.554499] kernel: ACPI: INT_SRC_OVR (bus 0 bus_irq 0 global_irq 2 dfl dfl)
[    0.554509] kernel: ACPI: INT_SRC_OVR (bus 0 bus_irq 5 global_irq 5 high level)
[    0.554518] kernel: ACPI: INT_SRC_OVR (bus 0 bus_irq 9 global_irq 9 high level)
[    0.554528] kernel: ACPI: INT_SRC_OVR (bus 0 bus_irq 10 global_irq 10 high level)
[    0.554537] kernel: ACPI: INT_SRC_OVR (bus 0 bus_irq 11 global_irq 11 high level)
[    0.554555] kernel: ACPI: Using ACPI (MADT) for SMP configuration information
[    0.554561] kernel: ACPI: HPET id: 0x8086a201 base: 0xfed00000
[    0.554573] kernel: TSC deadline timer available
[    0.554577] kernel: smpboot: Allowing 2 CPUs, 0 hotplug CPUs
[    0.554613] kernel: kvm-guest: KVM setup pv remote TLB flush
[    0.554621] kernel: kvm-guest: setup PV sched yield
[    0.554655] kernel: PM: hibernation: Registered nosave memory: [mem 0x00000000-0x00000fff]
[    0.554667] kernel: PM: hibernation: Registered nosave memory: [mem 0x0009f000-0x0009ffff]
[    0.554674] kernel: PM: hibernation: Registered nosave memor
[    1.192852] kernel: acpi PNP0A03:00: fail to add MMCONFIG information, can't access extended PCI configuration space under this bridge.
[    1.193181] kernel: PCI host bridge to bus 0000:00
[    1.193191] kernel: pci_bus 0000:00: root bus resource [io  0x0000-0x0cf7 window]
[    1.193206] kernel: pci_bus 0000:00: root bus resource [io  0x0d00-0xffff window]
[    1.193219] kernel: pci_bus 0000:00: root bus resource [mem 0x000a0000-0x000bffff window]
[    1.193233] kernel: pci_bus 0000:00: root bus resource [mem 0xc0000000-0xfebfffff window]
[    1.193247] kernel: pci_bus 0000:00: root bus resource [mem 0x2c0000000-0x33fffffff window]
[    1.193262] kernel: pci_bus 0000:00: root bus resource [bus 00-ff]
[    1.195035] kernel: pci 0000:00:00.0: [8086:1237] type 00 class 0x060000
[    1.197739] kernel: pci 0000:00:01.0: [8086:7000] type 00 class 0x060100
[    1.199750] kernel: pci 0000:00:01.1: [8086:7010] type 00 class 0x010180
[    1.203353] kernel: pci 0000:00:01.1: reg 0x20: [io  0:10.0: reg 0x10: [mem 0xfeb93000-0xfeb930ff]
[    1.341957] kernel: pci 0000:00:10.0: reg 0x18: [mem 0xfe000000-0xfe0fffff 64bit pref]
[    1.346659] kernel: pci 0000:00:11.0: [1af4:1110] type 00 class 0x050000
[    1.347175] kernel: pci 0000:00:11.0: reg 0x10: [mem 0xfeb94000-0xfeb940ff]
[    1.348096] kernel: pci 0000:00:11.0: reg 0x18: [mem 0xfe20c000-0xfe20c3ff 64bit pref]
[    1.351167] kernel: pci 0000:00:12.0: [1af4:1110] type 00 class 0x050000
[    1.352598] kernel: pci 0000:00:12.0: reg 0x10: [mem 0xfeb95000-0xfeb950ff]
[    1.354307] kernel: pci 0000:00:12.0: reg 0x18: [mem 0xfe100000-0xfe1fffff 64bit pref]
[    1.362223] kernel: ACPI: PCI: Interrupt link LNKA configured for IRQ 10
[    1.362987] kernel: ACPI: PCI: Interrupt link LNKB configured for IRQ 10
[    1.363721] kernel: ACPI: PCI: Interrupt link LNKC configured for IRQ 11
[    1.364464] kernel: ACPI: PCI: Interrupt link LNKD configured for IRQ 11
[    1.364780] kernel: ACPI: PCI: Interrupt link LNKS configured for IRQ 9
[    1.366192] kernel: iommu: Default domain type: Translated 
[    1.366200] kernel: iommu: DMA domain TLB invalidation policy: lazy mode 
[    1.367729] kernel: pci 0000:00:02.0: vgaarb: setting as boot VGA device
[    1.367729] kernel: pci 0000:00:02.0: vgaarb: VGA device added: decodes=io+mem,owns=io+mem,locks=none
[    1.367729] kernel: pci 0000:00:02.0: vgaarb: bridge control possible
[    1.367729] kernel: vgaarb: loaded
[    1.368113] kernel: SCSI subsystem initialized
[    1.370733] kernel: libata version 3.00 loaded.
[    1.371439] kernel: ACPI: bus type USB registered
[    1.371538] kernel: usbcore: registered new interface driver usbfs
[    1.371663] kernel: usbcore: registered new interface driver hub
[    1.371713] kernel: usbcore: registered new device driver usb
[    1.371824] kernel: pps_core: LinuxPPS API ver. 1 registered
[    1.371830] kernel: pps_core: Software ver. 5.3.6 - Copyright 2005-2007 Rodolfo Giometti <giometti@linux.it>
[    1.372125] kernel: PTP clock support registered
[    1.373783] kernel: Advanced Linux Sound Architecture Driver Initialized.
[    1.376500] kernel: NetLabel: Initializing
[    1.376506] kernel: NetLabel:  domain hash size = 128
[    1.376511] kernel: NetLabel:  protocols = UNLABELED CIPSOv4 CALIPSO
[    1.376597] kernel: NetLabel:  unlabeled traffic allowed by default
[    1.377053] kernel: PCI: Using ACPI for IRQ routing
[    1.377060] kernel: PCI: pci_cache_line_size set to 64 bytes
[    1.377217] kernel: e820: reserve RAM buffer [mem 0x0009fc00-0x0009ffff]
[    1.377231] kernel: e820: reserve RAM buffer [mem 0xbffdd000-0xbfffffff]
[    1.377769] kernel: hpet0: at MMIO 0xfed00000, IRQs 2, 8, 0
[    1.377793] kernel: hpet0: 3 comparators, 64-bit 100.000000 MHz counter
[    1.381650] kernel: clocksource: Switched to clocksource kvm-clock
[    1.553793] kernel: VFS: Disk quotas dquot_6.6.0
[    1.553851] kernel: VFS: Dquot-cache hash table entries: 512 (order 0, 4096 bytes)
[    1.554077] kernel: pnp: PnP ACPI init
[    1.554879] kernel: pnp 00:03: [dma 2]
[    1.557451] kernel: pnp: PnP ACPI: found 6 devices
[    1.670897] kernel: clocksource: acpi_pm: mask: 0xffffff max_cycles: 0xffffff, max_idle_ns: 2085701024 ns
[    1.671053] kernel: NET: Registered PF_INET protocol family
[    1.671943] kernel: IP idents hash table entries: 262144 (order: 9, 2097152 bytes, linear)
[    1.674708] kernel: tcp_listen_portaddr_hash hash table entries: 8192 (order: 5, 131072 bytes, linear)
[    1.674844] kernel: TCP established hash table entries: 131072 (order: 8, 1048576 bytes, linear)
[    1.676252] kernel: TCP bind hash table entries: 65536 (order: 8, 1048576 bytes, linear)
[    1.676919] kernel: TCP: Hash tables configured (established 131072 bind 65536)
[    1.677067] kernel: UDP hash table entries: 8192 (order: 6, 262144 bytes, linear)
[    1.677756] kernel: UDP-Lite hash table entries: 8192 (order: 6, 262144 bytes, linear)
[    1.678054] kernel: NET: Registered PF_UNIX/PF_LOCAL protocol family
[    1.685546] kernel: pci_bus 0000:00: resource 4 [io  0x0000-0x0cf7 window]
[    1.685564] kernel: pci_bus 0000:00: resource 5 [io  0x0d00-0xffff window]
[    1.685576] kernel: pci_bus 0000:00: resource 6 [mem 0x000a0000-0x000bffff window]
[    1.685588] kernel: pci_bus 0000:00: resource 7 [mem 0xc0000000-0xfebfffff window]
[    1.685611] kernel: pci_bus 0000:00: resource 8 [mem 0x2c0000000-0x33fffffff window]
[    1.685898] kernel: pci 0000:00:01.0: PIIX3: Enabling Passive Release
[    1.685919] kernel: pci 0000:00:00.0: Limiting direct PCI/PCI transfers
[    1.685946] kernel: pci 0000:00:01.0: Activating ISA DMA hang workarounds
[    1.686036] kernel: pci 0000:00:02.0: Video device with shadowed ROM at [mem 0x000c0000-0x000dffff]
[    1.686156] kernel: PCI: CLS 0 bytes, default 64
[    1.686194] kernel: PCI-DMA: Using software bounce buffering for IO (SWIOTLB)
[    1.686199] kernel: software IO TLB: mapped [mem 0x00000000bbfdd000-0x00000000bffdd000] (64MB)
[    1.686743] kernel: RAPL PMU: API unit is 2^-32 Joules, 0 fixed counters, 10737418240 ms ovfl timer
[    1.686774] kernel: clocksource: tsc: mask: 0xffffffffffffffff max_cycles: 0x2563bf907c6, max_idle_ns: 440795319401 ns
[    1.686838] kernel: clocksource: Switched to clocksource tsc
[    1.699221] kernel: Initialise system trusted keyrings
[    1.699459] kernel: workingset: timestamp_bits=56 max_order=22 bucket_order=0
[    1.729545] kernel: fuse: init (API version 7.34)
[    1.741262] kernel: Key type asymmetric registered
[    1.741275] kernel: Asymmetric key parser 'x509' registered
[    1.741469] kernel: Block layer SCSI generic (bsg) driver version 0.4 loaded (major 251)
[    1.741478] kernel: io scheduler mq-deadline registered
[    1.741484] kernel: io scheduler kyber registered
[    1.742650] kernel: input: Power Button as /devices/LNXSYSTM:00/LNXPWRBN:00/input/input0
[    1.742881] kernel: ACPI: button: Power Button [PWRF]
[    3.118022] kernel: ACPI: \_SB_.LNKC: Enabled at IRQ 11
[    4.234536] kernel: ACPI: \_SB_.LNKD: Enabled at IRQ 10
[    5.051199] kernel: ACPI: \_SB_.LNKA: Enabled at IRQ 10
[    5.058402] kernel: Serial: 8250/16550 driver, 4 ports, IRQ sharing enabled
[    5.058637] kernel: 00:05: ttyS0 at I/O 0x3f8 (irq = 4, base_baud = 115200) is a 16550A
[    5.060247] kernel: Non-volatile memory driver v1.3
[    5.060343] kernel: Linux agpgart interface v0.103
[    5.070008] kernel: loop: module loaded
[    5.071024] kernel: virtio_blk virtio2: [vda] 1024000 512-byte logical blocks (524 MB/500 MiB)
[    5.073908] kernel: ata_piix 0000:00:01.1: version 2.13
[    5.085264] kernel: scsi host0: ata_piix
[    5.085899] kernel: scsi host1: ata_piix
[    5.086119] kernel: ata1: PATA max MWDMA2 cmd 0x1f0 ctl 0x3f6 bmdma 0xc0c0 irq 14
[    5.086132] kernel: ata2: PATA max MWDMA2 cmd 0x170 ctl 0x376 bmdma 0xc0c8 irq 15
[    5.087344] kernel: libphy: Fixed MDIO Bus: probed
[    5.094098] kernel: e100: Intel(R) PRO/100 Network Driver
[    5.094117] kernel: e100: Copyright(c) 1999-2006 Intel Corporation
[    5.094167] kernel: e1000: Intel(R) PRO/1000 Network Driver
[    5.094172] kernel: e1000: Copyright (c) 1999-2006 Intel Corporation.
[    5.094238] kernel: e1000e: Intel(R) PRO/1000 Network Driver
[    5.094242] kernel: e1000e: Copyright(c) 1999 - 2015 Intel Corporation.
[    5.094321] kernel: sky2: driver version 1.30
[    5.094765] kernel: ehci_hcd: USB 2.0 'Enhanced' Host Controller (EHCI) Driver
[    5.094772] kernel: ehci-pci: EHCI PCI platform driver
[    5.094812] kernel: ohci_hcd: USB 1.1 'Open' Host Controller (OHCI) Driver
[    5.094825] kernel: ohci-pci: OHCI PCI platform driver
[    5.094865] kernel: uhci_hcd: USB Universal Host Controller Interface driver
[    5.095140] kernel: usbcore: registered new interface driver usblp
[    5.095188] kernel: usbcore: registered new interface driver usb-storage
[    5.095320] kernel: i8042: PNP: PS/2 Controller [PNP0303:KBD,PNP0f13:MOU] at 0x60,0x64 irq 1,12
[    5.105402] kernel: serio: i8042 KBD port at 0x60,0x64 irq 1
[    5.105421] kernel: serio: i8042 AUX port at 0x60,0x64 irq 12
[    5.106301] kernel: input: AT Translated Set 2 keyboard as /devices/platform/i8042/serio0/input/input1
[    5.106976] kernel: rtc_cmos 00:00: RTC can wake from S4
[    5.108058] kernel: rtc_cmos 00:00: registered as rtc0
[    5.108142] kernel: rtc_cmos 00:00: alarms up to one day, y3k, 114 bytes nvram, hpet irqs
[    5.108906] kernel: device-mapper: ioctl: 4.45.0-ioctl (2021-03-22) initialised: dm-devel@redhat.com
[    5.108923] kernel: intel_pstate: CPU model not supported
[    5.109061] kernel: hid: raw HID events driver (C) Jiri Kosina
[    5.109809] kernel: usbcore: registered new interface driver usbhid
[    5.109815] kernel: usbhid: USB HID core driver
[    5.110368] kernel: netem: version 1.3
[    5.113833] kernel: Initializing XFRM netlink socket
[    5.123480] kernel: NET: Registered PF_INET6 protocol family
[    5.124770] kernel: Segment Routing with IPv6
[    5.124807] kernel: In-situ OAM (IOAM) with IPv6
[    5.124979] kernel: sit: IPv6, IPv4 and MPLS over IPv4 tunneling driver
[    5.125588] kernel: NET: Registered PF_PACKET protocol family
[    5.125728] kernel: 9pnet: Installing 9P2000 support
[    5.125783] kernel: Key type dns_resolver registered
[    5.125809] kernel: Key type ceph registered
[    5.126892] kernel: libceph: loaded (mon/osd proto 15/24)
[    5.127524] kernel: IPI shorthand broadcast: enabled
[    5.127580] kernel: sched_clock: Marking stable (5122237218, 4971636)->(5420091099, -292882245)
[    5.128089] kernel: registered taskstats version 1
[    5.128095] kernel: Loading compiled-in X.509 certificates
[    5.130556] kernel: PM:   Magic number: 15:270:19
[    5.130684] kernel: printk: console [netcon0] enabled
[    5.130691] kernel: netconsole: network logging started
[    5.246480] kernel: ata1.01: NODEV after polling detection
[    5.246757] kernel: ata1.00: ATA-7: QEMU HARDDISK, 2.5+, max UDMA/100
[    5.246771] kernel: ata1.00: 88078336 sectors, multi 16: LBA48 
[    5.247369] kernel: scsi 0:0:0:0: Direct-Access     ATA      QEMU HARDDISK    2.5+ PQ: 0 ANSI: 5
[    5.248201] kernel: sd 0:0:0:0: [sda] 88078336 512-byte logical blocks: (45.1 GB/42.0 GiB)
[    5.248235] kernel: sd 0:0:0:0: [sda] Write Protect is off
[    5.248248] kernel: sd 0:0:0:0: [sda] Mode Sense: 00 3a 00 00
[    5.248289] kernel: sd 0:0:0:0: [sda] Write cache: enabled, read cache: enabled, doesn't support DPO or FUA
[    5.249833] kernel: sd 0:0:0:0: Attached scsi generic sg0 type 0
[    5.250322] kernel: ata2.01: NODEV after polling detection
[    5.250558] kernel: ata2.00: ATAPI: QEMU DVD-ROM, 2.5+, max UDMA/100
[    5.252488] kernel: scsi 1:0:0:0: CD-ROM            QEMU     QEMU DVD-ROM     2.5+ PQ: 0 ANSI: 5
[    5.253778] kernel: sd 0:0:0:0: [sda] Attached SCSI disk
[    5.273028] kernel: sr 1:0:0:0: [sr0] scsi3-mmc drive: 4x/4x cd/rw xa/form2 tray
[    5.273049] kernel: cdrom: Uniform CD-ROM driver Revision: 3.20
[    5.291215] kernel: sr 1:0:0:0: Attached scsi CD-ROM sr0
[    5.291555] kernel: sr 1:0:0:0: Attached scsi generic sg1 type 5
[    5.755392] kernel: input: ImExPS/2 Generic Explorer Mouse as /devices/platform/i8042/serio1/input/input3
[    5.771666] kernel: IP-Config: Guessing netmask 255.255.255.0
[    5.771680] kernel: IP-Config: Complete:
[    5.771683] kernel:      device=eth0, hwaddr=e6:c8:ff:09:76:2b, ipaddr=192.168.0.43, mask=255.255.255.0, gw=255.255.255.255
[    5.771698] kernel:      host=192.168.0.43, domain=, nis-domain=(none)
[    5.771704] kernel:      bootserver=255.255.255.255, rootserver=255.255.255.255, rootpath=
[    5.771916] kernel: cfg80211: Loading compiled-in X.509 certificates for regulatory database
[    5.773240] kernel: kworker/u4:3 (69) used greatest stack depth: 28680 bytes left
[    5.774702] kernel: cfg80211: Loaded X.509 cert 'sforshee: 00b28ddf47aef9cea7'
[    5.774730] kernel: ALSA device list:
[    5.774734] kernel:   No soundcards found.
[    5.775735] kernel: md: Waiting for all y: [mem 0x000a0000-0x000effff]
[    0.554680] kernel: PM: hibernation: Registered nosave memory: [mem 0x000f0000-0x000fffff]
[    0.554691] kernel: PM: hibernation: Registered nosave memory: [mem 0xbffe0000-0xbfffffff]
[    0.554697] kernel: PM: hibernation: Registered nosave memory: [mem 0xc0000000-0xfeffbfff]
[    0.554704] kernel: PM: hibernation: Registered nosave memory: [mem 0xfeffc000-0xfeffffff]
[    0.554710] kernel: PM: hibernation: Registered nosave memory: [mem 0xff000000-0xfffbffff]
[    0.554717] kernel: PM: hibernation: Registered nosave memory: [mem 0xfffc0000-0xffffffff]
[    0.554725] kernel: [mem 0xc0000000-0xfeffbfff] available for PCI devices
[    0.554732] kernel: Booting paravirtualized kernel on KVM
[    0.554738] kernel: clocksource: refined-jiffies: mask: 0xffffffff max_cycles: 0xffffffff, max_idle_ns: 1910969940391419 ns
[    0.568414] kernel: setup_percpu: NR_CPUS:64 nr_cpumask_bits:64 nr_cpu_ids:2 nr_node_ids:1
[    0.569114] kernel: percpu: Embedded 56 pages/cpu s191576 r8192 d29608 u1048576
[    0.569147] kernel: pcpu-alloc: s191576 r8192 d29608 u1048576 alloc=1*2097152
[    0.569163] kernel: pcpu-alloc: [0] 0 1 
[    0.569250] kernel: kvm-guest: setup async PF for cpu 0
[    0.569261] kernel: kvm-guest: stealtime: cpu 0, msr 26501f140
[    0.569272] kernel: Built 1 zonelists, mobility grouping on.  Total pages: 2580192
[    0.569279] kernel: Policy zone: Normal
[    0.569284] kernel: Kernel command line: root=/dev/sda console=ttyS0 net.ifnames=0 ip=192.168.0.46 quiet
[    0.574275] kernel: Dentry cache hash table entries: 2097152 (order: 12, 16777216 bytes, linear)
[    0.576788] kernel: Inode-cache hash table entries: 1048576 (order: 11, 8388608 bytes, linear)
[    0.576896] kernel: mem auto-init: stack:off, heap alloc:off, heap free:off
[    0.824914] kernel: Memory: 8817348K/10485240K available (47117K kernel code, 10298K rwdata, 7204K rodata, 2068K init, 2860K bss, 1667692K reserved, 0K cma-reserved)
[    0.825135] kernel: SLUB:0xc0c0-0xc0cf]
[    1.204792] kernel: pci 0000:00:01.1: legacy IDE quirk: reg 0x10: [io  0x01f0-0x01f7]
[    1.204812] kernel: pci 0000:00:01.1: legacy IDE quirk: reg 0x14: [io  0x03f6]
[    1.204823] kernel: pci 0000:00:01.1: legacy IDE quirk: reg 0x18: [io  0x0170-0x0177]
[    1.204833] kernel: pci 0000:00:01.1: legacy IDE quirk: reg 0x1c: [io  0x0376]
[    1.210409] kernel: pci 0000:00:01.3: [8086:7113] type 00 class 0x068000
[    1.211442] kernel: pci 0000:00:01.3: quirk: [io  0x0600-0x063f] claimed by PIIX4 ACPI
[    1.211775] kernel: pci 0000:00:01.3: quirk: [io  0x0700-0x070f] claimed by PIIX4 SMB
[    1.218341] kernel: pci 0000:00:02.0: [1234:1111] type 00 class 0x030000
[    1.220367] kernel: pci 0000:00:02.0: reg 0x10: [mem 0xfd000000-0xfdffffff pref]
[    1.224362] kernel: pci 0000:00:02.0: reg 0x18: [mem 0xfeb90000-0xfeb90fff]
