
Ubuntu 20.04 LTS dfs-fuzzing ttyS0


Ubuntu 20.04 LTS dfs-fuzzing ttyS0

Ubuntu 20.04 LTS dfs-fuzzing ttyS0


Ubuntu 20.04 LTS dfs-fuzzing ttyS0

2023/03/05 18:45:51 fuzzer started
2023/03/05 18:45:52 dialing manager at localhost:45159
2023/03/05 18:45:52 syscalls: 130
2023/03/05 18:45:52 code coverage: enabled
2023/03/05 18:45:52 comparison tracing: enabled
2023/03/05 18:45:52 extra coverage: enabled
2023/03/05 18:45:52 setuid sandbox: enabled
2023/03/05 18:45:52 namespace sandbox: /proc/self/ns/user does not exist
2023/03/05 18:45:52 Android sandbox: /sys/fs/selinux/policy can't be opened (open /sys/fs/selinux/policy: invalid argument)
2023/03/05 18:45:52 fault injection: CONFIG_FAULT_INJECTION_DEBUG_FS or CONFIG_FAILSLAB are not enabled
2023/03/05 18:45:52 leak checking: CONFIG_DEBUG_KMEMLEAK is not enabled
2023/03/05 18:45:52 net packet injection: /dev/net/tun does not exist
2023/03/05 18:45:52 net device setup: enabled
2023/03/05 18:45:52 concurrency sanitizer: /sys/kernel/debug/kcsan does not exist
2023/03/05 18:45:52 devlink PCI setup: enabled
2023/03/05 18:45:52 USB emulation: /dev/raw-gadget does not exist
2023/03/05 18:45:52 hci packet injection: /dev/vhci does not exist
2023/03/05 18:45:52 wifi device emulation: /sys/class/mac80211_hwsim/ does not exist
2023/03/05 18:45:52 802.15.4 emulation: /sys/bus/platform/devices/mac802154_hwsim does not exist
2023/03/05 18:45:53 deserializeInput: hasCrash true hasNet false
2023/03/05 18:45:53 prog length: 6
2023/03/05 18:45:53 prog length: 3
2023/03/05 18:45:53 deserializeInput: hasCrash true hasNet false
2023/03/05 18:45:53 prog length: 6
2023/03/05 18:45:53 prog length: 20
2023/03/05 18:45:53 deserializeInput: hasCrash true hasNet false
2023/03/05 18:45:53 prog length: 6
2023/03/05 18:45:53 prog length: 4
2023/03/05 18:45:53 deserializeInput: hasCrash true hasNet false
2023/03/05 18:45:53 prog length: 6
2023/03/05 18:45:53 prog length: 3
2023/03/05 18:45:53 deserializeInput: hasCrash true hasNet false
2023/03/05 18:45:53 prog length: 6
2023/03/05 18:45:53 prog length: 14
2023/03/05 18:45:53 deserializeInput: hasCrash true hasNet false
2023/03/05 18:45:53 prog length: 6
2023/03/05 18:45:53 prog length: 3
2023/03/05 18:45:53 deserializeInput: hasCrash false hasNet false
2023/03/05 18:45:53 prog length: 2
2023/03/05 18:45:53 deserializeInput: hasCrash true hasNet false
2023/03/05 18:45:53 prog length: 6
2023/03/05 18:45:53 prog length: 7
2023/03/05 18:45:53 deserializeInput: hasCrash true hasNet false
2023/03/05 18:45:53 prog length: 6
2023/03/05 18:45:53 prog length: 3
2023/03/05 18:45:53 deserializeInput: hasCrash true hasNet false
2023/03/05 18:45:53 prog length: 6
2023/03/05 18:45:53 prog length: 4
2023/03/05 18:45:53 deserializeInput: hasCrash true hasNet false
2023/03/05 18:45:53 prog length: 6
2023/03/05 18:45:53 prog length: 6
2023/03/05 18:45:53 prog length: 6
2023/03/05 18:45:53 deserializeInput: hasCrash true hasNet false
2023/03/05 18:45:53 prog length: 6
2023/03/05 18:45:53 prog length: 3
2023/03/05 18:45:53 deserializeInput: hasCrash false hasNet false
2023/03/05 18:45:53 prog length: 2
2023/03/05 18:45:53 deserializeInput: hasCrash true hasNet false
2023/03/05 18:45:53 prog length: 6
2023/03/05 18:45:53 prog length: 6
2023/03/05 18:45:53 prog length: 7
2023/03/05 18:45:53 deserializeInput: hasCrash true hasNet false
2023/03/05 18:45:53 prog length: 6
2023/03/05 18:45:53 prog length: 3
2023/03/05 18:45:53 deserializeInput: hasCrash true hasNet false
2023/03/05 18:45:53 prog length: 6
2023/03/05 18:45:53 prog length: 5
2023/03/05 18:45:53 deserializeInput: hasCrash true hasNet false
2023/03/05 18:45:53 prog length: 6
2023/03/05 18:45:53 prog length: 6
2023/03/05 18:45:53 prog length: 6
2023/03/05 18:45:53 deserializeInput: hasCrash true hasNet false
2023/03/05 18:45:53 prog length: 6
2023/03/05 18:45:53 prog length: 6
2023/03/05 18:45:53 prog length: 6
2023/03/05 18:45:53 prog length: 7
2023/03/05 18:45:53 deserializeInput: hasCrash true hasNet false
2023/03/05 18:45:53 prog length: 6
2023/03/05 18:45:53 prog length: 7
2023/03/05 18:45:53 deserializeInput: hasCrash true hasNet false
2023/03/05 18:45:53 prog length: 6
2023/03/05 18:45:53 prog length: 4
2023/03/05 18:45:53 deserializeInput: hasCrash false hasNet false
2023/03/05 18:45:53 prog length: 2
2023/03/05 18:45:53 deserializeInput: hasCrash true hasNet false
2023/03/05 18:45:53 prog length: 6
2023/03/05 18:45:53 prog length: 9
2023/03/05 18:45:53 deserializeInput: hasCrash true hasNet false
2023/03/05 18:45:53 prog length: 6
2023/03/05 18:45:53 prog length: 12
2023/03/05 18:45:53 deserializeInput: hasCrash false hasNet false
2023/03/05 18:45:53 prog length: 4
2023/03/05 18:45:53 deserializeInput: hasCrash false hasNet false
2023/03/05 18:45:53 prog length: 2
2023/03/05 18:45:53 deserializeInput: hasCrash true hasNet false
2023/03/05 18:45:53 prog length: 6
2023/03/05 18:45:53 prog length: 4
2023/03/05 18:45:53 deserializeInput: hasCrash true hasNet false
2023/03/05 18:45:53 prog length: 6
2023/03/05 18:45:53 prog length: 7
2023/03/05 18:45:53 deserializeInput: hasCrash true hasNet false
2023/03/05 18:45:53 prog length: 6
2023/03/05 18:45:53 prog length: 6
2023/03/05 18:45:53 prog length: 6
2023/03/05 18:45:53 deserializeInput: hasCrash true hasNet false
2023/03/05 18:45:53 prog length: 6
2023/03/05 18:45:53 prog length: 4
2023/03/05 18:45:53 deserializeInput: hasCrash true hasNet false
2023/03/05 18:45:53 prog length: 6
2023/03/05 18:45:53 prog length: 7
2023/03/05 18:45:53 deserializeInput: hasCrash true hasNet false
2023/03/05 18:45:53 prog length: 6
2023/03/05 18:45:53 prog length: 7
2023/03/05 18:45:53 deserializeInput: hasCrash true hasNet false
2023/03/05 18:45:53 prog length: 6
2023/03/05 18:45:53 prog length: 4
2023/03/05 18:45:53 deserializeInput: hasCrash true hasNet false
2023/03/05 18:45:53 prog length: 6
2023/03/05 18:45:53 prog length: 3
2023/03/05 18:45:53 deserializeInput: hasCrash true hasNet false
2023/03/05 18:45:53 prog length: 6
2023/03/05 18:45:53 prog length: 7
2023/03/05 18:45:53 deserializeInput: hasCrash true hasNet false
2023/03/05 18:45:53 prog length: 6
2023/03/05 18:45:53 prog length: 5
2023/03/05 18:45:53 deserializeInput: hasCrash true hasNet false
2023/03/05 18:45:53 prog length: 6
2023/03/05 18:45:53 prog length: 6
2023/03/05 18:45:53 prog length: 6
2023/03/05 18:45:53 deserializeInput: hasCrash true hasNet false
2023/03/05 18:45:53 prog length: 6
2023/03/05 18:45:53 prog length: 20
2023/03/05 18:45:53 deserializeInput: hasCrash true hasNet false
2023/03/05 18:45:53 prog length: 6
2023/03/05 18:45:53 prog length: 6
2023/03/05 18:45:53 deserializeInput: hasCrash true hasNet false
2023/03/05 18:45:53 prog length: 6
2023/03/05 18:45:53 prog length: 15
2023/03/05 18:45:53 deserializeInput: hasCrash true hasNet false
2023/03/05 18:45:53 prog length: 6
2023/03/05 18:45:53 prog length: 7
2023/03/05 18:45:53 deserializeInput: hasCrash true hasNet false
2023/03/05 18:45:53 prog length: 6
2023/03/05 18:45:53 prog length: 18
2023/03/05 18:45:53 deserializeInput: hasCrash false hasNet false
2023/03/05 18:45:53 prog length: 2
2023/03/05 18:45:53 deserializeInput: hasCrash true hasNet false
2023/03/05 18:45:53 prog length: 6
2023/03/05 18:45:53 prog length: 6
2023/03/05 18:45:53 deserializeInput: hasCrash true hasNet false
2023/03/05 18:45:53 prog length: 6
2023/03/05 18:45:53 prog length: 6
2023/03/05 18:45:53 prog length: 14
2023/03/05 18:45:53 deserializeInput: hasCrash false hasNet false
2023/03/05 18:45:53 prog length: 4
2023/03/05 18:45:53 deserializeInput: hasCrash true hasNet false
2023/03/05 18:45:53 prog length: 6
2023/03/05 18:45:53 prog length: 4
2023/03/05 18:45:53 deserializeInput: hasCrash true hasNet false
2023/03/05 18:45:53 prog length: 6
2023/03/05 18:45:53 prog length: 20
2023/03/05 18:45:53 deserializeInput: hasCrash true hasNet false
2023/03/05 18:45:53 prog length: 6
2023/03/05 18:45:53 prog length: 3
2023/03/05 18:45:53 deserializeInput: hasCrash true hasNet false
2023/03/05 18:45:53 prog length: 6
2023/03/05 18:45:53 prog length: 20
2023/03/05 18:45:53 deserializeInput: hasCrash true hasNet false
2023/03/05 18:45:53 prog length: 6
2023/03/05 18:45:53 prog length: 15
2023/03/05 18:45:53 fetching corpus: 50, signal 8019/55731/63181 (executing program)
2023/03/05 18:45:54 deserializeInput: hasCrash false hasNet true
2023/03/05 18:45:54 prog length: 6
2023/03/05 18:45:54 prog length: 5
2023/03/05 18:45:54 deserializeInput: hasCrash true hasNet false
2023/03/05 18:45:54 prog length: 6
2023/03/05 18:45:54 prog length: 3
2023/03/05 18:45:54 deserializeInput: hasCrash true hasNet false
2023/03/05 18:45:54 prog length: 6
2023/03/05 18:45:54 prog length: 5
2023/03/05 18:45:54 deserializeInput: hasCrash true hasNet false
2023/03/05 18:45:54 prog length: 6
2023/03/05 18:45:54 prog length: 5
2023/03/05 18:45:54 deserializeInput: hasCrash true hasNet false
2023/03/05 18:45:54 prog length: 6
2023/03/05 18:45:54 prog length: 6
2023/03/05 18:45:54 deserializeInput: hasCrash true hasNet false
2023/03/05 18:45:54 prog length: 6
2023/03/05 18:45:54 prog length: 6
2023/03/05 18:45:54 deserializeInput: hasCrash true hasNet false
2023/03/05 18:45:54 prog length: 6
2023/03/05 18:45:54 prog length: 11
2023/03/05 18:45:54 deserializeInput: hasCrash true hasNet false
2023/03/05 18:45:54 prog length: 6
2023/03/05 18:45:54 prog length: 3
2023/03/05 18:45:54 deserializeInput: hasCrash true hasNet false
2023/03/05 18:45:54 prog length: 6
2023/03/05 18:45:54 prog length: 3
2023/03/05 18:45:54 deserializeInput: hasCrash true hasNet false
2023/03/05 18:45:54 prog length: 6
2023/03/05 18:45:54 prog length: 3
2023/03/05 18:45:54 deserializeInput: hasCrash false hasNet false
2023/03/05 18:45:54 prog length: 3
2023/03/05 18:45:54 deserializeInput: hasCrash true hasNet false
2023/03/05 18:45:54 prog length: 6
2023/03/05 18:45:54 prog length: 3
2023/03/05 18:45:54 deserializeInput: hasCrash true hasNet false
2023/03/05 18:45:54 prog length: 6
2023/03/05 18:45:54 prog length: 3
2023/03/05 18:45:54 deserializeInput: hasCrash true hasNet false
2023/03/05 18:45:54 prog length: 6
2023/03/05 18:45:54 prog length: 3
2023/03/05 18:45:54 deserializeInput: hasCrash true hasNet false
2023/03/05 18:45:54 prog length: 6
2023/03/05 18:45:54 prog length: 5
2023/03/05 18:45:54 deserializeInput: hasCrash true hasNet false
2023/03/05 18:45:54 prog length: 6
2023/03/05 18:45:54 prog length: 6
2023/03/05 18:45:54 deserializeInput: hasCrash false hasNet false
2023/03/05 18:45:54 prog length: 3
2023/03/05 18:45:54 deserializeInput: hasCrash true hasNet false
2023/03/05 18:45:54 prog length: 6
2023/03/05 18:45:54 prog length: 3
2023/03/05 18:45:54 deserializeInput: hasCrash true hasNet false
2023/03/05 18:45:54 prog length: 6
2023/03/05 18:45:54 prog length: 17
2023/03/05 18:45:54 deserializeInput: hasCrash true hasNet false
2023/03/05 18:45:54 prog length: 6
2023/03/05 18:45:54 prog length: 8
2023/03/05 18:45:54 deserializeInput: hasCrash true hasNet false
2023/03/05 18:45:54 prog length: 6
2023/03/05 18:45:54 prog length: 6
2023/03/05 18:45:54 prog length: 6
2023/03/05 18:45:54 prog length: 8
2023/03/05 18:45:54 deserializeInput: hasCrash true hasNet false
2023/03/05 18:45:54 prog length: 6
2023/03/05 18:45:54 prog length: 4
2023/03/05 18:45:54 deserializeInput: hasCrash false hasNet false
2023/03/05 18:45:54 prog length: 2
2023/03/05 18:45:54 deserializeInput: hasCrash true hasNet false
2023/03/05 18:45:54 prog length: 6
2023/03/05 18:45:54 prog length: 3
2023/03/05 18:45:54 deserializeInput: hasCrash true hasNet false
2023/03/05 18:45:54 prog length: 6
2023/03/05 18:45:54 prog length: 7
2023/03/05 18:45:54 deserializeInput: hasCrash true hasNet false
2023/03/05 18:45:54 prog length: 6
2023/03/05 18:45:54 prog length: 3
2023/03/05 18:45:54 deserializeInput: hasCrash true hasNet false
2023/03/05 18:45:54 prog length: 6
2023/03/05 18:45:54 prog length: 3
2023/03/05 18:45:54 deserializeInput: hasCrash false hasNet false
2023/03/05 18:45:54 prog length: 4
2023/03/05 18:45:54 deserializeInput: hasCrash true hasNet false
2023/03/05 18:45:54 prog length: 6
2023/03/05 18:45:54 prog length: 6
2023/03/05 18:45:54 prog length: 13
2023/03/05 18:45:54 deserializeInput: hasCrash true hasNet false
2023/03/05 18:45:54 prog length: 6
2023/03/05 18:45:54 prog length: 9
2023/03/05 18:45:54 deserializeInput: hasCrash true hasNet false
2023/03/05 18:45:54 prog length: 6
2023/03/05 18:45:54 prog length: 6
2023/03/05 18:45:54 deserializeInput: hasCrash true hasNet false
2023/03/05 18:45:54 prog length: 6
2023/03/05 18:45:54 prog length: 6
2023/03/05 18:45:54 deserializeInput: hasCrash true hasNet false
2023/03/05 18:45:54 prog length: 6
2023/03/05 18:45:54 prog length: 11
2023/03/05 18:45:54 deserializeInput: hasCrash false hasNet false
2023/03/05 18:45:54 prog length: 2
2023/03/05 18:45:54 deserializeInput: hasCrash true hasNet false
2023/03/05 18:45:54 prog length: 6
2023/03/05 18:45:54 prog length: 4
2023/03/05 18:45:54 deserializeInput: hasCrash true hasNet false
2023/03/05 18:45:54 prog length: 6
2023/03/05 18:45:54 prog length: 20
2023/03/05 18:45:54 deserializeInput: hasCrash true hasNet false
2023/03/05 18:45:54 prog length: 6
2023/03/05 18:45:54 prog length: 6
2023/03/05 18:45:54 prog length: 6
2023/03/05 18:45:54 prog length: 8
2023/03/05 18:45:54 deserializeInput: hasCrash true hasNet false
2023/03/05 18:45:54 prog length: 6
2023/03/05 18:45:54 prog length: 6
2023/03/05 18:45:54 prog length: 6
2023/03/05 18:45:54 prog length: 7
2023/03/05 18:45:54 deserializeInput: hasCrash true hasNet false
2023/03/05 18:45:54 prog length: 6
2023/03/05 18:45:54 prog length: 3
2023/03/05 18:45:54 deserializeInput: hasCrash true hasNet false
2023/03/05 18:45:54 prog length: 6
2023/03/05 18:45:54 prog length: 4
2023/03/05 18:45:54 deserializeInput: hasCrash true hasNet false
2023/03/05 18:45:54 prog length: 6
2023/03/05 18:45:54 prog length: 15
2023/03/05 18:45:54 deserializeInput: hasCrash false hasNet false
2023/03/05 18:45:54 prog length: 2
2023/03/05 18:45:54 deserializeInput: hasCrash true hasNet false
2023/03/05 18:45:54 prog length: 6
2023/03/05 18:45:54 prog length: 18
2023/03/05 18:45:54 deserializeInput: hasCrash true hasNet false
2023/03/05 18:45:54 prog length: 6
2023/03/05 18:45:54 prog length: 4
2023/03/05 18:45:54 deserializeInput: hasCrash true hasNet false
2023/03/05 18:45:54 prog length: 6
2023/03/05 18:45:54 prog length: 4
2023/03/05 18:45:54 deserializeInput: hasCrash false hasNet false
2023/03/05 18:45:54 prog length: 2
2023/03/05 18:45:54 deserializeInput: hasCrash false hasNet false
2023/03/05 18:45:54 prog length: 1
2023/03/05 18:45:54 deserializeInput: hasCrash true hasNet false
2023/03/05 18:45:54 prog length: 6
2023/03/05 18:45:54 prog length: 6
2023/03/05 18:45:54 prog length: 6
2023/03/05 18:45:54 deserializeInput: hasCrash false hasNet false
2023/03/05 18:45:54 prog length: 3
2023/03/05 18:45:54 deserializeInput: hasCrash true hasNet false
2023/03/05 18:45:54 prog length: 6
2023/03/05 18:45:54 prog length: 8
2023/03/05 18:45:54 fetching corpus: 100, signal 9947/67913/77720 (executing program)
2023/03/05 18:45:55 deserializeInput: hasCrash true hasNet false
2023/03/05 18:45:55 prog length: 6
2023/03/05 18:45:55 prog length: 4
2023/03/05 18:45:55 deserializeInput: hasCrash true hasNet false
2023/03/05 18:45:55 prog length: 6
2023/03/05 18:45:55 prog length: 6
2023/03/05 18:45:55 deserializeInput: hasCrash true hasNet false
2023/03/05 18:45:55 prog length: 6
2023/03/05 18:45:55 prog length: 20
2023/03/05 18:45:55 deserializeInput: hasCrash true hasNet false
2023/03/05 18:45:55 prog length: 6
2023/03/05 18:45:55 prog length: 19
2023/03/05 18:45:55 deserializeInput: hasCrash true hasNet false
2023/03/05 18:45:55 prog length: 6
2023/03/05 18:45:55 prog length: 6
2023/03/05 18:45:55 deserializeInput: hasCrash true hasNet false
2023/03/05 18:45:55 prog length: 6
2023/03/05 18:45:55 prog length: 20
2023/03/05 18:45:55 deserializeInput: hasCrash false hasNet false
2023/03/05 18:45:55 prog length: 4
2023/03/05 18:45:55 deserializeInput: hasCrash true hasNet false
2023/03/05 18:45:55 prog length: 6
2023/03/05 18:45:55 prog length: 4
2023/03/05 18:45:55 deserializeInput: hasCrash true hasNet false
2023/03/05 18:45:55 prog length: 6
2023/03/05 18:45:55 prog length: 6
2023/03/05 18:45:55 prog length: 12
2023/03/05 18:45:55 deserializeInput: hasCrash true hasNet false
2023/03/05 18:45:55 prog length: 6
2023/03/05 18:45:55 prog length: 3
2023/03/05 18:45:55 deserializeInput: hasCrash true hasNet false
2023/03/05 18:45:55 prog length: 6
2023/03/05 18:45:55 prog length: 3
2023/03/05 18:45:55 deserializeInput: hasCrash false hasNet false
2023/03/05 18:45:55 prog length: 3
2023/03/05 18:45:55 deserializeInput: hasCrash true hasNet false
2023/03/05 18:45:55 prog length: 6
2023/03/05 18:45:55 prog length: 3
2023/03/05 18:45:55 deserializeInput: hasCrash true hasNet false
2023/03/05 18:45:55 prog length: 6
2023/03/05 18:45:55 prog length: 6
2023/03/05 18:45:55 deserializeInput: hasCrash true hasNet true
2023/03/05 18:45:55 prog length: 6
2023/03/05 18:45:55 prog length: 6
2023/03/05 18:45:55 prog length: 6
2023/03/05 18:45:55 prog length: 8
2023/03/05 18:45:55 deserializeInput: hasCrash true hasNet false
2023/03/05 18:45:55 prog length: 6
2023/03/05 18:45:55 prog length: 3
2023/03/05 18:45:55 deserializeInput: hasCrash true hasNet false
2023/03/05 18:45:55 prog length: 6
2023/03/05 18:45:55 prog length: 11
2023/03/05 18:45:55 deserializeInput: hasCrash true hasNet false
2023/03/05 18:45:55 prog length: 6
2023/03/05 18:45:55 prog length: 20
2023/03/05 18:45:55 deserializeInput: hasCrash true hasNet false
2023/03/05 18:45:55 prog length: 6
2023/03/05 18:45:55 prog length: 6
2023/03/05 18:45:55 prog length: 10
2023/03/05 18:45:55 deserializeInput: hasCrash true hasNet false
2023/03/05 18:45:55 prog length: 6
2023/03/05 18:45:55 prog length: 17
2023/03/05 18:45:55 deserializeInput: hasCrash true hasNet false
2023/03/05 18:45:55 prog length: 6
2023/03/05 18:45:55 prog length: 5
2023/03/05 18:45:55 deserializeInput: hasCrash true hasNet false
2023/03/05 18:45:55 prog length: 6
2023/03/05 18:45:55 prog length: 5
2023/03/05 18:45:55 deserializeInput: hasCrash false hasNet false
2023/03/05 18:45:55 prog length: 4
2023/03/05 18:45:55 deserializeInput: hasCrash true hasNet false
2023/03/05 18:45:55 prog length: 6
2023/03/05 18:45:55 prog length: 8
2023/03/05 18:45:55 deserializeInput: hasCrash false hasNet false
2023/03/05 18:45:55 prog length: 3
2023/03/05 18:45:55 deserializeInput: hasCrash true hasNet false
2023/03/05 18:45:55 prog length: 6
2023/03/05 18:45:55 prog length: 6
2023/03/05 18:45:55 deserializeInput: hasCrash true hasNet false
2023/03/05 18:45:55 prog length: 6
2023/03/05 18:45:55 prog length: 7
2023/03/05 18:45:55 deserializeInput: hasCrash true hasNet false
2023/03/05 18:45:55 prog length: 6
2023/03/05 18:45:55 prog length: 20
2023/03/05 18:45:55 deserializeInput: hasCrash true hasNet false
2023/03/05 18:45:55 prog length: 6
2023/03/05 18:45:55 prog length: 3
2023/03/05 18:45:55 deserializeInput: hasCrash false hasNet false
2023/03/05 18:45:55 prog length: 2
2023/03/05 18:45:55 deserializeInput: hasCrash true hasNet false
2023/03/05 18:45:55 prog length: 6
2023/03/05 18:45:55 prog length: 6
2023/03/05 18:45:55 prog length: 5
2023/03/05 18:45:55 deserializeInput: hasCrash true hasNet false
2023/03/05 18:45:55 prog length: 6
2023/03/05 18:45:55 prog length: 3
2023/03/05 18:45:55 deserializeInput: hasCrash true hasNet false
2023/03/05 18:45:55 prog length: 6
2023/03/05 18:45:55 prog length: 5
2023/03/05 18:45:55 deserializeInput: hasCrash true hasNet false
2023/03/05 18:45:55 prog length: 6
2023/03/05 18:45:55 prog length: 5
2023/03/05 18:45:55 deserializeInput: hasCrash false hasNet false
2023/03/05 18:45:55 prog length: 2
2023/03/05 18:45:55 deserializeInput: hasCrash true hasNet false
2023/03/05 18:45:55 prog length: 6
2023/03/05 18:45:55 prog length: 5
2023/03/05 18:45:55 deserializeInput: hasCrash true hasNet false
2023/03/05 18:45:55 prog length: 6
2023/03/05 18:45:55 prog length: 7
2023/03/05 18:45:55 deserializeInput: hasCrash true hasNet false
2023/03/05 18:45:55 prog length: 6
2023/03/05 18:45:55 prog length: 5
2023/03/05 18:45:55 deserializeInput: hasCrash true hasNet false
2023/03/05 18:45:55 prog length: 6
2023/03/05 18:45:55 prog length: 7
2023/03/05 18:45:55 deserializeInput: hasCrash true hasNet false
2023/03/05 18:45:55 prog length: 6
2023/03/05 18:45:55 prog length: 3
2023/03/05 18:45:55 deserializeInput: hasCrash true hasNet false
2023/03/05 18:45:55 prog length: 6
2023/03/05 18:45:55 prog length: 20
2023/03/05 18:45:55 deserializeInput: hasCrash true hasNet false
2023/03/05 18:45:55 prog length: 6
2023/03/05 18:45:55 prog length: 6
2023/03/05 18:45:55 prog length: 6
2023/03/05 18:45:55 prog length: 7
2023/03/05 18:45:55 deserializeInput: hasCrash true hasNet false
2023/03/05 18:45:55 prog length: 6
2023/03/05 18:45:55 prog length: 10
2023/03/05 18:45:55 deserializeInput: hasCrash true hasNet false
2023/03/05 18:45:55 prog length: 6
2023/03/05 18:45:55 prog length: 3
2023/03/05 18:45:55 deserializeInput: hasCrash true hasNet false
2023/03/05 18:45:55 prog length: 6
2023/03/05 18:45:55 prog length: 20
2023/03/05 18:45:55 deserializeInput: hasCrash true hasNet false
2023/03/05 18:45:55 prog length: 6
2023/03/05 18:45:55 prog length: 7
2023/03/05 18:45:55 deserializeInput: hasCrash true hasNet false
2023/03/05 18:45:55 prog length: 6
2023/03/05 18:45:55 prog length: 20
2023/03/05 18:45:55 deserializeInput: hasCrash true hasNet false
2023/03/05 18:45:55 prog length: 6
2023/03/05 18:45:55 prog length: 6
2023/03/05 18:45:55 deserializeInput: hasCrash false hasNet false
2023/03/05 18:45:55 prog length: 1
2023/03/05 18:45:55 deserializeInput: hasCrash true hasNet false
2023/03/05 18:45:55 prog length: 6
2023/03/05 18:45:55 prog length: 11
2023/03/05 18:45:55 fetching corpus: 150, signal 12833/75493/87812 (executing program)
2023/03/05 18:45:55 deserializeInput: hasCrash true hasNet false
2023/03/05 18:45:55 prog length: 6
2023/03/05 18:45:55 prog length: 3
2023/03/05 18:45:55 deserializeInput: hasCrash false hasNet false
2023/03/05 18:45:55 prog length: 4
2023/03/05 18:45:55 deserializeInput: hasCrash true hasNet false
2023/03/05 18:45:55 prog length: 6
2023/03/05 18:45:55 prog length: 6
2023/03/05 18:45:55 prog length: 15
2023/03/05 18:45:55 deserializeInput: hasCrash true hasNet false
2023/03/05 18:45:55 prog length: 6
2023/03/05 18:45:55 prog length: 6
2023/03/05 18:45:55 deserializeInput: hasCrash true hasNet false
2023/03/05 18:45:55 prog length: 6
2023/03/05 18:45:55 prog length: 9
2023/03/05 18:45:55 deserializeInput: hasCrash true hasNet false
2023/03/05 18:45:55 prog length: 6
2023/03/05 18:45:55 prog length: 3
2023/03/05 18:45:55 deserializeInput: hasCrash false hasNet false
2023/03/05 18:45:55 prog length: 1
2023/03/05 18:45:55 deserializeInput: hasCrash true hasNet false
2023/03/05 18:45:55 prog length: 6
2023/03/05 18:45:55 prog length: 4
2023/03/05 18:45:55 deserializeInput: hasCrash true hasNet false
2023/03/05 18:45:55 prog length: 6
2023/03/05 18:45:55 prog length: 7
2023/03/05 18:45:55 deserializeInput: hasCrash true hasNet false
2023/03/05 18:45:55 prog length: 6
2023/03/05 18:45:55 prog length: 4
2023/03/05 18:45:55 deserializeInput: hasCrash true hasNet false
2023/03/05 18:45:55 prog length: 6
2023/03/05 18:45:55 prog length: 3
2023/03/05 18:45:55 deserializeInput: hasCrash true hasNet false
2023/03/05 18:45:55 prog length: 6
2023/03/05 18:45:55 prog length: 20
2023/03/05 18:45:55 deserializeInput: hasCrash true hasNet false
2023/03/05 18:45:55 prog length: 6
2023/03/05 18:45:55 prog length: 15
2023/03/05 18:45:55 deserializeInput: hasCrash false hasNet false
2023/03/05 18:45:55 prog length: 3
2023/03/05 18:45:55 deserializeInput: hasCrash false hasNet false
2023/03/05 18:45:55 prog length: 9
2023/03/05 18:45:55 deserializeInput: hasCrash true hasNet false
2023/03/05 18:45:55 prog length: 6
2023/03/05 18:45:55 prog length: 6
2023/03/05 18:45:55 deserializeInput: hasCrash true hasNet false
2023/03/05 18:45:55 prog length: 6
2023/03/05 18:45:55 prog length: 19
2023/03/05 18:45:55 deserializeInput: hasCrash true hasNet false
2023/03/05 18:45:55 prog length: 6
2023/03/05 18:45:55 prog length: 5
2023/03/05 18:45:55 deserializeInput: hasCrash true hasNet false
2023/03/05 18:45:55 prog length: 6
2023/03/05 18:45:55 prog length: 3
2023/03/05 18:45:55 deserializeInput: hasCrash false hasNet false
2023/03/05 18:45:55 prog length: 1
2023/03/05 18:45:55 deserializeInput: hasCrash true hasNet false
2023/03/05 18:45:55 prog length: 6
2023/03/05 18:45:55 prog length: 6
2023/03/05 18:45:55 prog length: 9
2023/03/05 18:45:55 deserializeInput: hasCrash true hasNet false
2023/03/05 18:45:55 prog length: 6
2023/03/05 18:45:55 prog length: 3
2023/03/05 18:45:55 deserializeInput: hasCrash true hasNet false
2023/03/05 18:45:55 prog length: 6
2023/03/05 18:45:55 prog length: 8
2023/03/05 18:45:55 deserializeInput: hasCrash true hasNet false
2023/03/05 18:45:55 prog length: 6
2023/03/05 18:45:55 prog length: 6
2023/03/05 18:45:55 deserializeInput: hasCrash true hasNet false
2023/03/05 18:45:55 prog length: 6
2023/03/05 18:45:55 prog length: 5
2023/03/05 18:45:55 deserializeInput: hasCrash true hasNet false
2023/03/05 18:45:55 prog length: 6
2023/03/05 18:45:55 prog length: 20
2023/03/05 18:45:55 deserializeInput: hasCrash true hasNet false
2023/03/05 18:45:55 prog length: 6
2023/03/05 18:45:55 prog length: 3
2023/03/05 18:45:55 deserializeInput: hasCrash true hasNet false
2023/03/05 18:45:55 prog length: 6
2023/03/05 18:45:55 prog length: 5
2023/03/05 18:45:55 deserializeInput: hasCrash true hasNet false
2023/03/05 18:45:55 prog length: 6
2023/03/05 18:45:55 prog length: 4
2023/03/05 18:45:55 deserializeInput: hasCrash true hasNet false
2023/03/05 18:45:55 prog length: 6
2023/03/05 18:45:55 prog length: 6
2023/03/05 18:45:55 deserializeInput: hasCrash true hasNet false
2023/03/05 18:45:55 prog length: 6
2023/03/05 18:45:55 prog length: 3
2023/03/05 18:45:55 deserializeInput: hasCrash true hasNet false
2023/03/05 18:45:55 prog length: 6
2023/03/05 18:45:55 prog length: 15
2023/03/05 18:45:55 deserializeInput: hasCrash true hasNet false
2023/03/05 18:45:55 prog length: 6
2023/03/05 18:45:55 prog length: 20
2023/03/05 18:45:55 deserializeInput: hasCrash true hasNet false
2023/03/05 18:45:55 prog length: 6
2023/03/05 18:45:55 prog length: 3
2023/03/05 18:45:55 deserializeInput: hasCrash true hasNet false
2023/03/05 18:45:55 prog length: 6
2023/03/05 18:45:55 prog length: 3
2023/03/05 18:45:55 deserializeInput: hasCrash true hasNet true
2023/03/05 18:45:55 prog length: 6
2023/03/05 18:45:55 prog length: 6
2023/03/05 18:45:55 prog length: 6
2023/03/05 18:45:55 prog length: 7
2023/03/05 18:45:55 deserializeInput: hasCrash true hasNet false
2023/03/05 18:45:55 prog length: 6
2023/03/05 18:45:55 prog length: 4
2023/03/05 18:45:55 deserializeInput: hasCrash false hasNet false
2023/03/05 18:45:55 prog length: 4
2023/03/05 18:45:55 deserializeInput: hasCrash true hasNet false
2023/03/05 18:45:55 prog length: 6
2023/03/05 18:45:55 prog length: 20
2023/03/05 18:45:55 deserializeInput: hasCrash true hasNet false
2023/03/05 18:45:55 prog length: 6
2023/03/05 18:45:55 prog length: 20
2023/03/05 18:45:55 deserializeInput: hasCrash true hasNet false
2023/03/05 18:45:55 prog length: 6
2023/03/05 18:45:55 prog length: 4
2023/03/05 18:45:55 deserializeInput: hasCrash true hasNet false
2023/03/05 18:45:55 prog length: 6
2023/03/05 18:45:55 prog length: 20
2023/03/05 18:45:55 deserializeInput: hasCrash true hasNet false
2023/03/05 18:45:55 prog length: 6
2023/03/05 18:45:55 prog length: 20
2023/03/05 18:45:55 deserializeInput: hasCrash false hasNet false
2023/03/05 18:45:55 prog length: 5
2023/03/05 18:45:55 deserializeInput: hasCrash true hasNet false
2023/03/05 18:45:55 prog length: 6
2023/03/05 18:45:55 prog length: 19
2023/03/05 18:45:55 deserializeInput: hasCrash false hasNet false
2023/03/05 18:45:55 prog length: 1
2023/03/05 18:45:55 deserializeInput: hasCrash false hasNet false
2023/03/05 18:45:55 prog length: 2
2023/03/05 18:45:55 deserializeInput: hasCrash true hasNet false
2023/03/05 18:45:55 prog length: 6
2023/03/05 18:45:55 prog length: 10
2023/03/05 18:45:55 deserializeInput: hasCrash false hasNet true
2023/03/05 18:45:55 prog length: 6
2023/03/05 18:45:55 prog length: 4
2023/03/05 18:45:55 deserializeInput: hasCrash true hasNet false
2023/03/05 18:45:55 prog length: 6
2023/03/05 18:45:55 prog length: 17
2023/03/05 18:45:55 fetching corpus: 200, signal 13425/79858/93389 (executing program)
2023/03/05 18:45:56 deserializeInput: hasCrash false hasNet false
2023/03/05 18:45:56 prog length: 2
2023/03/05 18:45:56 deserializeInput: hasCrash true hasNet false
2023/03/05 18:45:56 prog length: 6
2023/03/05 18:45:56 prog length: 5
2023/03/05 18:45:56 deserializeInput: hasCrash true hasNet false
2023/03/05 18:45:56 prog length: 6
2023/03/05 18:45:56 prog length: 13
2023/03/05 18:45:56 deserializeInput: hasCrash true hasNet false
2023/03/05 18:45:56 prog length: 6
2023/03/05 18:45:56 prog length: 4
2023/03/05 18:45:56 deserializeInput: hasCrash true hasNet false
2023/03/05 18:45:56 prog length: 6
2023/03/05 18:45:56 prog length: 19
2023/03/05 18:45:56 deserializeInput: hasCrash true hasNet false
2023/03/05 18:45:56 prog length: 6
2023/03/05 18:45:56 prog length: 5
2023/03/05 18:45:56 deserializeInput: hasCrash true hasNet false
2023/03/05 18:45:56 prog length: 6
2023/03/05 18:45:56 prog length: 5
2023/03/05 18:45:56 deserializeInput: hasCrash true hasNet false
2023/03/05 18:45:56 prog length: 6
2023/03/05 18:45:56 prog length: 17
2023/03/05 18:45:56 deserializeInput: hasCrash true hasNet false
2023/03/05 18:45:56 prog length: 6
2023/03/05 18:45:56 prog length: 3
2023/03/05 18:45:56 deserializeInput: hasCrash true hasNet false
2023/03/05 18:45:56 prog length: 6
2023/03/05 18:45:56 prog length: 4
2023/03/05 18:45:56 deserializeInput: hasCrash true hasNet false
2023/03/05 18:45:56 prog length: 6
2023/03/05 18:45:56 prog length: 20
2023/03/05 18:45:56 deserializeInput: hasCrash false hasNet false
2023/03/05 18:45:56 prog length: 5
2023/03/05 18:45:56 deserializeInput: hasCrash true hasNet false
2023/03/05 18:45:56 prog length: 6
2023/03/05 18:45:56 prog length: 20
2023/03/05 18:45:56 deserializeInput: hasCrash true hasNet false
2023/03/05 18:45:56 prog length: 6
2023/03/05 18:45:56 prog length: 20
2023/03/05 18:45:56 deserializeInput: hasCrash false hasNet false
2023/03/05 18:45:56 prog length: 3
2023/03/05 18:45:56 deserializeInput: hasCrash true hasNet false
2023/03/05 18:45:56 prog length: 6
2023/03/05 18:45:56 prog length: 18
2023/03/05 18:45:56 deserializeInput: hasCrash true hasNet false
2023/03/05 18:45:56 prog length: 6
2023/03/05 18:45:56 prog length: 7
2023/03/05 18:45:56 deserializeInput: hasCrash true hasNet false
2023/03/05 18:45:56 prog length: 6
2023/03/05 18:45:56 prog length: 5
2023/03/05 18:45:56 deserializeInput: hasCrash true hasNet false
2023/03/05 18:45:56 prog length: 6
2023/03/05 18:45:56 prog length: 15
2023/03/05 18:45:56 deserializeInput: hasCrash true hasNet false
2023/03/05 18:45:56 prog length: 6
2023/03/05 18:45:56 prog length: 10
2023/03/05 18:45:56 deserializeInput: hasCrash true hasNet true
2023/03/05 18:45:56 prog length: 6
2023/03/05 18:45:56 prog length: 6
2023/03/05 18:45:56 prog length: 9
2023/03/05 18:45:56 deserializeInput: hasCrash true hasNet false
2023/03/05 18:45:56 prog length: 6
2023/03/05 18:45:56 prog length: 6
2023/03/05 18:45:56 deserializeInput: hasCrash false hasNet false
2023/03/05 18:45:56 prog length: 1
2023/03/05 18:45:56 deserializeInput: hasCrash false hasNet false
2023/03/05 18:45:56 prog length: 2
2023/03/05 18:45:56 fetching corpus: 224, signal 14310/81621/96598 (executing program)
2023/03/05 18:45:56 fetching corpus: 224, signal 14310/81621/97370 (executing program)
2023/03/05 18:45:56 fetching corpus: 224, signal 14310/81621/98182 (executing program)
2023/03/05 18:45:56 fetching corpus: 224, signal 14310/81621/98996 (executing program)
2023/03/05 18:45:56 fetching corpus: 224, signal 14310/81621/99802 (executing program)
2023/03/05 18:45:56 fetching corpus: 224, signal 14310/81621/100604 (executing program)
2023/03/05 18:45:56 fetching corpus: 224, signal 14310/81621/101404 (executing program)
2023/03/05 18:45:56 fetching corpus: 224, signal 14310/81621/102227 (executing program)
2023/03/05 18:45:56 fetching corpus: 224, signal 14310/81621/103061 (executing program)
2023/03/05 18:45:56 fetching corpus: 224, signal 14310/81621/103868 (executing program)
2023/03/05 18:45:56 fetching corpus: 224, signal 14310/81621/104726 (executing program)
2023/03/05 18:45:56 fetching corpus: 224, signal 14310/81621/105570 (executing program)
2023/03/05 18:45:56 fetching corpus: 224, signal 14310/81621/106438 (executing program)
2023/03/05 18:45:56 fetching corpus: 224, signal 14310/81621/107250 (executing program)
2023/03/05 18:45:56 fetching corpus: 224, signal 14310/81621/108058 (executing program)
2023/03/05 18:45:56 fetching corpus: 224, signal 14310/81621/108847 (executing program)
2023/03/05 18:45:56 fetching corpus: 224, signal 14310/81621/109662 (executing program)
2023/03/05 18:45:56 fetching corpus: 224, signal 14310/81621/110498 (executing program)
2023/03/05 18:45:56 fetching corpus: 224, signal 14310/81621/111328 (executing program)
2023/03/05 18:45:56 fetching corpus: 224, signal 14310/81621/112120 (executing program)
2023/03/05 18:45:56 fetching corpus: 224, signal 14310/81621/112956 (executing program)
2023/03/05 18:45:56 fetching corpus: 224, signal 14310/81621/113795 (executing program)
2023/03/05 18:45:56 fetching corpus: 224, signal 14310/81621/114611 (executing program)
2023/03/05 18:45:56 fetching corpus: 224, signal 14310/81621/115448 (executing program)
2023/03/05 18:45:56 fetching corpus: 224, signal 14310/81621/116238 (executing program)
2023/03/05 18:45:56 fetching corpus: 224, signal 14310/81621/117061 (executing program)
2023/03/05 18:45:56 fetching corpus: 224, signal 14310/81621/117879 (executing program)
2023/03/05 18:45:56 fetching corpus: 224, signal 14310/81621/118740 (executing program)
2023/03/05 18:45:56 fetching corpus: 224, signal 14310/81621/119548 (executing program)
2023/03/05 18:45:56 fetching corpus: 224, signal 14310/81621/120338 (executing program)
2023/03/05 18:45:56 fetching corpus: 224, signal 14310/81621/121195 (executing program)
2023/03/05 18:45:56 fetching corpus: 224, signal 14310/81621/122038 (executing program)
2023/03/05 18:45:56 fetching corpus: 224, signal 14310/81621/122885 (executing program)
2023/03/05 18:45:56 fetching corpus: 224, signal 14310/81621/123732 (executing program)
2023/03/05 18:45:56 fetching corpus: 224, signal 14310/81621/124544 (executing program)
2023/03/05 18:45:56 fetching corpus: 224, signal 14310/81621/125333 (executing program)
2023/03/05 18:45:56 fetching corpus: 224, signal 14310/81621/126165 (executing program)
2023/03/05 18:45:56 fetching corpus: 224, signal 14310/81621/127014 (executing program)
2023/03/05 18:45:56 fetching corpus: 224, signal 14310/81621/127844 (executing program)
2023/03/05 18:45:56 fetching corpus: 224, signal 14310/81621/128676 (executing program)
2023/03/05 18:45:56 fetching corpus: 224, signal 14310/81621/129039 (executing program)
2023/03/05 18:45:56 fetching corpus: 224, signal 14310/81621/129039 (executing program)
2023/03/05 18:45:57 starting 1 fuzzer processes
2023/03/05 18:45:57 ----- generateCall 2458 open open
2023/03/05 18:45:57 ----- generateCall 2342 lgetxattr lgetxattr
2023/03/05 18:45:57 ----- generateCall 3761 stat stat
2023/03/05 18:45:57 ----- generateCall 2342 lgetxattr lgetxattr
2023/03/05 18:45:57 ----- generateCall 187 faccessat faccessat
2023/03/05 18:45:57 ----- generateCall 2342 lgetxattr lgetxattr
2023/03/05 18:45:57 ----- generateCall 3672 setxattr$system_posix_acl setxattr$system_posix_acl
2023/03/05 18:45:57 ----- generateCall 2352 lsetxattr$security_capability lsetxattr$security_capability
2023/03/05 18:45:57 ----- generateCall 171 dup2 dup2
2023/03/05 18:45:57 ----- generateCall 3761 stat stat
2023/03/05 18:45:57 ----- generateCall 217 fgetxattr fgetxattr
2023/03/05 18:45:57 ----- generateCall 2462 openat openat
2023/03/05 18:45:57 ----- generateCall 2750 pwritev pwritev
2023/03/05 18:45:57 ----- generateCall 122 chown chown
2023/03/05 18:45:57 ----- generateCall 2342 lgetxattr lgetxattr
2023/03/05 18:45:57 ----- generateCall 2361 lsetxattr$trusted_overlay_origin lsetxattr$trusted_overlay_origin
2023/03/05 18:45:57 map[./file0:true]
2023/03/05 18:45:57 HasCrashFail: false, .HasNetFail: false
2023/03/05 18:45:57 prog length: 20
2023/03/05 18:45:57 HasCrashFail:false HasNetFail:false
18:45:57 ---executing program 0:
---
---
---
r0 = open(&(0x7f0000000000)='./file0\x00', 0x402200, 0x136)
lgetxattr(&(0x7f0000000040)='./file0\x00', &(0x7f0000000080)=@random={'user.', '\x00'}, &(0x7f00000000c0)=""/4096, 0x1000)
stat(&(0x7f00000010c0)='./file0\x00', &(0x7f0000001100)={0x0, 0x0, 0x0, 0x0, 0x0, <r1=>0x0})
lgetxattr(&(0x7f0000001180)='./file0\x00', &(0x7f00000011c0)=@random={'security.', '\x00'}, &(0x7f0000001200)=""/4096, 0x1000)
faccessat(r0, &(0x7f0000002200)='./file0\x00', 0x18)
lgetxattr(&(0x7f0000002240)='./file0\x00', &(0x7f0000002280)=@random={'trusted.', 'user.'}, &(0x7f00000022c0)=""/252, 0xfc)
fstat(0xffffffffffffffff, &(0x7f0000002440)={0x0, 0x0, 0x0, 0x0, <r2=>0x0})
stat(&(0x7f00000024c0)='./file0\x00', &(0x7f0000002500)={0x0, 0x0, 0x0, 0x0, 0x0, <r3=>0x0})
setxattr$system_posix_acl(&(0x7f00000023c0)='./file0\x00', &(0x7f0000002400)='system.posix_acl_default\x00', &(0x7f0000002580)={{}, {}, [{0x2, 0x2, r2}], {0x4, 0x2}, [{0x8, 0x1, r1}, {0x8, 0x4, r1}, {0x8, 0x2, r3}], {0x10, 0x1}}, 0x44, 0x0)
lsetxattr$security_capability(&(0x7f0000002600)='./file0\x00', &(0x7f0000002640), &(0x7f0000002680)=@v1={0x1000000, [{0x5, 0x8}]}, 0xc, 0x3)
r4 = dup(r0)
dup2(r0, r4)
stat(&(0x7f00000026c0)='./file0\x00', &(0x7f0000002700))
fgetxattr(r0, &(0x7f0000002780)=@known='security.selinux\x00', &(0x7f00000027c0)=""/8, 0x8)
r5 = openat(r4, &(0x7f0000002800)='./file0\x00', 0x0, 0x40)
pwritev(r5, &(0x7f0000002940)=[{&(0x7f0000002840)="c640a199024fb724994a4a8825bc65affe7c7af095167819439c04c476bed3821346f5d67201535276ad63f2cefbd723ffcd5b42461d68be94b226ac691e5ec9187fe5555fff49e3e21a08073f83acc79e3fe0595b721a999eb04ae01cc206cb788ef1dcb20e700aeb7fd9029136ae4558a36348624984a2ea0addd0bf95e3479c043a65abb2824d6d4d007084ef4cb1196288e84472cf5c2cd38d3df84efd3a86ae165af9c80995606b880bf8c4895001d20f56c6226ce922612f593c83d72af40d39a994dcc3b33d29f6e34bd24fee9bb9689b45e456163404cb0a97da4f953b67190b67603029819bd7", 0xeb}], 0x1, 0x2, 0x3)
fstat(r5, &(0x7f00000029c0)={0x0, 0x0, 0x0, 0x0, <r6=>0x0})
chown(&(0x7f0000002980)='./file0\x00', r6, r3)
lgetxattr(&(0x7f0000002a40)='./file0\x00', &(0x7f0000002a80)=@random={'security.', 'security.selinux\x00'}, &(0x7f0000002ac0)=""/253, 0xfd)
lsetxattr$trusted_overlay_origin(&(0x7f0000002bc0)='./file0\x00', &(0x7f0000002c00), &(0x7f0000002c40), 0x2, 0x3)
---

end of program
2023/03/05 18:45:57 -----run executor: [/usr/bin/ssh -F /dev/null -o ConnectionAttempts=100 -o ConnectTimeout=120 -o UserKnownHostsFile=/dev/null -o BatchMode=yes -o IdentitiesOnly=yes -o StrictHostKeyChecking=no -o ConnectTimeout=100 -i /home/tlyu/dfs-fuzzing/disk-images/glusterfs-images/focal.id_rsa root@192.168.0.55 /root/syz-executor exec 0 0 glusterfs 3 4 192.168.0.55 0 "3 1 'disperse 3 redundancy 1'" false false false true false]
2023/03/05 18:45:57 -----run executor: [/usr/bin/ssh -F /dev/null -o ConnectionAttempts=100 -o ConnectTimeout=120 -o UserKnownHostsFile=/dev/null -o BatchMode=yes -o IdentitiesOnly=yes -o StrictHostKeyChecking=no -o ConnectTimeout=100 -i /home/tlyu/dfs-fuzzing/disk-images/glusterfs-images/focal.id_rsa root@192.168.0.56 /root/syz-executor exec 0 1 glusterfs 3 4 192.168.0.55 0 "3 1 'disperse 3 redundancy 1'" false false false true false]
2023/03/05 18:45:57 -----run executor: [/usr/bin/ssh -F /dev/null -o ConnectionAttempts=100 -o ConnectTimeout=120 -o UserKnownHostsFile=/dev/null -o BatchMode=yes -o IdentitiesOnly=yes -o StrictHostKeyChecking=no -o ConnectTimeout=100 -i /home/tlyu/dfs-fuzzing/disk-images/glusterfs-images/focal.id_rsa root@192.168.0.57 /root/syz-executor exec 0 2 glusterfs 3 4 192.168.0.55 0 "3 1 'disperse 3 redundancy 1'" false false false true false]
2023/03/05 18:45:57 -----run executor: [/usr/bin/ssh -F /dev/null -o ConnectionAttempts=100 -o ConnectTimeout=120 -o UserKnownHostsFile=/dev/null -o BatchMode=yes -o IdentitiesOnly=yes -o StrictHostKeyChecking=no -o ConnectTimeout=100 -i /home/tlyu/dfs-fuzzing/disk-images/glusterfs-images/focal.id_rsa root@192.168.0.58 /root/syz-executor exec 1 3 glusterfs 3 4 192.168.0.55 0 "3 1 'disperse 3 redundancy 1'" false false false true false]
Warning: Permanently added '192.168.0.55' (ECDSA) to the list of known hosts.
Warning: Permanently added '192.168.0.56' (ECDSA) to the list of known hosts.
Warning: Permanently added '192.168.0.57' (ECDSA) to the list of known hosts.
Warning: Permanently added '192.168.0.58' (ECDSA) to the list of known hosts.
----- is restarting 0
---- dfs_name glusterfs is_dfs_client 0
unlink FIFO failed: No such file or directory
[    0.000000] kernel: Linux version 5.15.0+ (tlyu@IC-RS3-DPC07) (gcc (Ubuntu 9.4.0-1ubuntu1~20.04.1) 9.4.0, GNU ld (GNU Binutils for Ubuntu) 2.34) #8 SMP Fri Jun 3 16:18:40 CEST 2022
[    0.000000] kernel: Command line: root=/dev/sda console=ttyS0 net.ifnames=0 ip=192.168.0.55 quiet
[    0.000000] kernel: x86/fpu: Supporting XSAVE feature 0x001: 'x87 floating point registers'
[    0.000000] kernel: x86/fpu: Supporting XSAVE feature 0x002: 'SSE registers'
[    0.000000] kernel: x86/fpu: Supporting XSAVE feature 0x004: 'AVX registers'
[    0.000000] kernel: x86/fpu: Supporting XSAVE feature 0x020: 'AVX-512 opmask'
[    0.000000] kernel: x86/fpu: Supporting XSAVE feature 0x040: 'AVX-512 Hi256'
[    0.000000] kernel: x86/fpu: Supporting XSAVE feature 0x080: 'AVX-512 ZMM_Hi256'
[    0.000000] kernel: x86/fpu: Supporting XSAVE feature 0x200: 'Protection Keys User registers'
[    0.000000] kernel: x86/fpu: xstate_offset[2]:  576, xstate_sizes[2]:  256
[    0.000000] kernel: x86/fpu: xstate_executor 0 finishes userspace_cover_open
before receiving handshake request
offset[5]:  832, xstate_sizes[5]:   64
[    0.000000] kernel: x86/fpu: xstate_offset[6]:  896, xstate_sizes[6]:  512
[    0.000000] kernel: x86/fpu: xstate_offset[7]: 1408, xstate_sizes[7]: 1024
[    0.000000] kernel: x86/fpu: xstate_offset[9]: 2432, xstate_sizes[9]:    8
[    0.000000] kernel: x86/fpu: Enabled xstate features 0x2e7, context size is 2440 bytes, using 'compacted' format.
[    0.000000] kernel: signal: max sigframe size: 3632
[    0.000000] kernel: BIOS-provided physical RAM map:
[    0.000000] kernel: BIOS-e820: [mem 0x0000000000000000-0x000000000009fbff] usable
[    0.000000] kernel: BIOS-e820: [mem 0x000000000009fc00-0x000000000009ffff] reserved
[    0.000000] kernel: BIOS-e820: [mem 0x00000000000f0000-0x00000000000fffff] reserved
[    0.000000] kernel: BIOS-e820: [mem 0x0000000000100000-0x00000000bffdcfff] usable
[    0.000000] kernel: BIOS-e820: [mem 0x00000000bffdd000-0x00000000bfffffff] reserved
[    0.000000] kernel: BIOS-e820: [mem 0x00000000feffc000-0x00000000feffffff] reserved
[    0.000000] kernel: BIOS-e820: [mem 0x00000000fffc0000-0x00000000ffffffff] reserved
[    0.000000] kernel: BIOS-e820: [mem 0x0000000100000000-0x00000002bfffffff] usable
[    0.000000] kernel: NX (Execute Disable) protection: active
[    0.000000] kernel: SMBIOS 2.8 present.
[    0.000000] kernel: DMI: QEMU Standard PC (i440FX + PIIX, 1996), BIOS 1.13.0-1ubuntu1.1 04/01/2014
[    0.000000] kernel: Hypervisor detected: KVM
[    0.000000] kernel: kvm-clock: Using msrs 4b564d01 and 4b564d00
[    0.000000] kernel: kvm-clock: cpu 0, msr 2b6558001, primary cpu clock
[    0.000002] kernel: kvm-clock: using sched offset of 1268832595 cycles
[    0.000009] kernel: clocksource: kvm-clock: mask: 0xffffffffffffffff max_cycles: 0x1cd42e4dffb, max_idle_ns: 881590591483 ns
[    0.000021] kernel: tsc: Detected 2593.906 MHz processor
[    0.005801] kernel: e820: update [mem 0x00000000-0x00000fff] usable ==> reserved
[    0.005818] kernel: e820: remove [mem 0x000a0000-0x000fffff] usable
[    0.005835] kernel: last_pfn = 0x2c0000 max_arch_pfn = 0x10000000000
[    0.005897] kernel: x86/PAT: Configuration [0-7]: WB  WC  UC- UC  WB  WP  UC- WT  
[    0.005908] kernel: last_pfn = 0xbffdd max_arch_pfn = 0x10000000000
[    0.021360] kernel: found SMP MP-table at [mem 0x000f5c70-0x000f5c7f]
[    0.021424] kernel: Using GB pages for direct mapping
[    0.022068] kernel: ACPI: Early table checksum verification disabled
[    0.022078] kernel: ACPI: RSDP 0x00000000000F5A40 000014 (v00 BOCHS )
[    0.022101] kernel: ACPI: RSDT 0x00000000BFFE15C9 000030 (v01 BOCHS  BXPCRSDT 00000001 BXPC 00000001)
[    0.022125] kernel: ACPI: FACP 0x00000000BFFE149D 000074 (v01 BOCHS  BXPCFACP 00000001 BXPC 00000001)
[    0.022151] kernel: ACPI: DSDT 0x00000000BFFE0040 00145D (v01 BOCHS  BXPCDSDT 00000001 BXPC 00000001)
[    0.022172] kernel: ACPI: FACS 0x00000000BFFE0000 000040
[    0.022187] kernel: ACPI: APIC 0x00000000BFFE1511 000080 (v01 BOCHS  BXPCAPIC 00000001 BXPC 00000001)
[    0.022208] kernel: ACPI: HPET 0x00000000BFFE1591 000038 (v01 BOCHS  BXPCHPET 00000001 BXPC 00000001)
[    0.022227] kernel: ACPI: Reserving FACP table memory at [mem 0xbffe149d-0xbffe1510]
[    0.022235] kernel: ACPI: Reserving DSDT table memory at [mem 0xbffe0040-0xbffe149c]
[    0.022243] kernel: ACPI: Reserving FACS table memory at [mem 0xbffe0000-0xbffe003f]
[    0.022251] kernel: ACPI: Reserving APIC table memory at [mem 0xbffe1511-0xbffe1590]
[    0.022259] kernel: ACPI: Reserving HPET table memory at [mem 0xbffe1591-0xbffe15c8]
[    0.031796] kernel: No NUMA configuration found
[    0.031803] kernel: Faking a node at [mem 0x0000000000000000-0x00000002bfffffff]
[    0.031820] kernel: NODE_DATA(0) allocated [mem 0x2bfffc000-0x2bfffffff]
[    0.032509] kernel: Zone ranges:
[    0.032515] kernel:   DMA      [mem 0x0000000000001000-0x0000000000ffffff]
[    0.032527] kernel:   DMA32    [mem 0x0000000001000000-0x00000000ffffffff]
[    0.032537] kernel:   Normal   [mem 0x0000000100000000-0x00000002bfffffff]
[    0.032546] kernel: Movable zone start for each node
[    0.032550] kernel: Early memory node ranges
[    0.032553] kernel:   node   0: [mem 0x0000000000001000-0x000000000009efff]
[    0.032561] kernel:   node   0: [mem 0x0000000000100000-0x00000000bffdcfff]
[    0.032570] kernel:   node   0: [mem 0x0000000100000000-0x00000002bfffffff]
[    0.032581] kernel: Initmem setup node 0 [mem 0x0000000000001000-0x00000002bfffffff]
[    0.033072] kernel: On node 0, zone DMA: 1 pages in unavailable ranges
[    0.033145] kernel: On node 0, zone DMA: 97 pages in unavailable ranges
[    0.198451] kernel: On node 0, zone Normal: 35 pages in unavailable ranges
[    0.765541] kernel: kasan: KernelAddressSanitizer initialized
[    0.765931] kernel: ACPI: PM-Timer IO Port: 0x608
[    0.765959] kernel: ACPI: LAPIC_NMI (acpi_id[0xff] dfl dfl lint[0x1])
[    0.766015] kernel: IOAPIC[0]: apic_id 0, version 17, address 0xfec00000, GSI 0-23
[    0.766031] kernel: ACPI: INT_SRC_OVR (bus 0 ----- is restarting 0
---- dfs_name glusterfs is_dfs_client 0
unlink FIFO failed: No such file or directory
[    0.000000] kernel: Linux version 5.15.0+ (tlyu@IC-RS3-DPC07) (gcc (Ubuntu 9.4.0-1ubuntu1~20.04.1) 9.4.0, GNU ld (GNU Binutils for Ubuntu) 2.34) #8 SMP Fri Jun 3 16:18:40 CEST 2022
[    0.000000] kernel: Command line: root=/dev/sda console=ttyS0 net.ifnames=0 ip=192.168.0.56 quiet
[    0.000000] kernel: x86/fpu: Supporting XSAVE feature 0x001: 'x87 floating point registers'
[    0.000000] kernel: x86/fpu: Supporting XSAVE feature 0x002: 'SSE registers'
[    0.000000] kernel: x86/fpu: Supporting XSAVE feature 0x004: 'AVX registers'
[    0.000000] kernel: x86/fpu: Supporting XSAVE feature 0x020: 'AVX-512 opmask'
[    0.000000] kernel: x86/fpu: Supporting XSAVE feature 0x040: 'AVX-512 Hi256'
[    0.000000] kernel: x86/fpu: Supporting XSAVE feature 0x080: 'AVX-512 ZMM_Hi256'
[    0.000000] kernel: x86/fpu: Supporting XSAVE feature 0x200: 'Protection Keys User registers'
[    0.000000] kernel: x86/fpu: xstate_offset[2]:  576, xstate_sizes[2]:  256
[    0.000000] kernel: x86/fpu: xstate_offset[5]:  832, xstate_sizes[5]:   64
[    0.000000] kernel: x86/fpu: xstate_offset[6]:  896, xstate_sizes[6]:  512
[    0.000000] kernel: x86/fpu: xstate_offset[7]: 1408, xstate_sizes[7]: 1024
[    0.000000] kernel: x86/fpu: xstate_offset[9]: 2432, xstate_sizes[9]:    8
[    0.000000] kernel: x86/fpu: Enabled xstate features 0x2e7, context size is 2440 bytes, using 'compacted' format.
[    0.000000] kernel: signal: max sigframe size: 3632
[    0.000000] kernel: BIOS-provided physical RAM map:
[    0.000000] kernel: BIOS-e820: [mem 0x0000000000000000-0x000000000009fbff] usable
[    0.000000] kernel: BIOS-e820: [mem 0x000000000009fc00-0x000000000009ffff] reserved
[    0.000000] kernel: BIOS-e820: [mem 0x00000000000f0000-0x00000000000fffff] reserved
[    0.000000] kernel: BIOS-e820: [mem 0x0000000000100000-0x00000000bffdcfff] usable
[    0.000000] kernel: BIOS-e820: [mem 0x00000000bffdd000-0x00000000bfffffff] reserved
[    0.000000] kernel: BIOS-e820: [mem 0x00000000feffc000-0x00000000feffffff] reserved
[    0.000000] kernel: BIOS-e820: [mem 0x00000000fffc0000-0x00000000ffffffff] reserved
[    0.000000] kernel: BIOS-e820: [mem 0x0000000100000000-0x00000002bfffffff] usable
[    0.000000] kernel: NX (Execute Disable) protection: active
[    0.000000] kernel: SMBIOS 2.8 present.
[    0.000000] kernel: DMI: QEMU Standard PC (i440FX + PIIX, 1996), BIOS 1.13.0-1ubuntu1.1 04/01/2014
[    0.000000] kernel: Hypervisor detected: KVM
[    0.000000] kernel: kvm-clock: Using msrs 4b564d01 and 4b564d00
[    0.000000] kernel: kvm-clock: cpu 0, msr 70d58001, primary cpu clock
[    0.000002] kernel: kvm-clock: using sched offset of 947993831 cycles
[    0.000010] kernel: clocksource: kvm-clock: mask: 0xffffffffffffffff max_cycles: 0x1cd42e4dffb, max_idle_ns: 881590591483 ns
[    0.000022] kernel: tsc: Detected 2593.906 MHz processor
[    0.005798] kernel: e820: update [mem 0x00000000-0x00000fff] usable ==> reserved
[    0.005814] kernel: e820: remove [mem 0x000a0000-0x000fffff] usable
[    0.005830] kernel: last_pfn = 0x2c0000 max_arch_pfn = 0x10000000000
[    0.005889] kernel: x86/PAT: Configuration [0-7]: WB  WC  UC- UC  WB  WP  UC- WT  
[    0.005899] kernel: last_pfn = 0xbffdd max_arch_pfn = 0x10000000000
[    0.013225] kernel: found SMP MP-table at [mem 0x000f5c70-0x000f5c7f]
[    0.013283] kernel: Using GB pages for direct mapping
[    0.023419] kernel: ACPI: Early table checksum verification disabled
[    0.023437] kernel: ACPI: RSDP 0x00000000000F5A40 000014 (v00 BOCHS )
[    0.023518] kernel: ACPI: RSDT 0x00000000BFFE15C9 000030 (v01 BOCHS  BXPCRSDT 00000001 BXPC 00000001)
[    0.023543] kernel: ACPI: FACP 0x00000000BFFE149D 000074 (v01 BOCHS  BXPCFACP 00000001 BXPC 00000001)
[    0.023570] kernel: ACPI: DSDT 0x00000000BFFE0040 00145D (v01 BOCHS  BXPCDSDT 00000001 BXPC 00000001)
[    0.023590] kernel: ACPI: FACS 0x00000000BFFE0000 000040
[    0.023605] kernel: ACPI: APIC 0x00000000BFFE1511 000080 (v01 BOCHS  BXPCAPIC 00000001 BXPC 00000001)
[    0.023626] kernel: ACPI: HPET 0x00000000BFFE1591 000038 (v01 BOCHS  BXPCHPET 00000001 BXPC 00000001)
[    0.023645] kernel: ACPI: Reserving FACP table memory at [mem 0xbffe149d-0xbffe1510]
[    0.023654] kernel: ACPI: Reserving DSDT table memory at [mem 0xbffe0040-0xbffe149c]
[    0.023662] kernel: ACPI: Reserving FACS table memory at [mem 0xbffe0000-0xbffe003f]
[    0.023670] kernel: ACPI: Reserving APIC table memory at [mem 0xbffe1511-0xbffe1590]
[    0.023678] kernel: ACPI: Reserving HPET table memory at [mem 0xbffe1591-0xbffe15c8]
[    0.024537] kernel: No NUMA configuration found
[    0.024543] kernel: Faking a node at [mem 0x0000000000000000-0x00000002bfffffff]
[    0.024560] kernel: NODE_DATA(0) allocated [mem 0x2bfffa000-0x2bfffdfff]
[    0.024769] kernel: Zone ranges:
[    0.024773] kernel:   DMA      [mem 0x0000000000001000-0x0000000000ffffff]
[    0.024784] kernel:   DMA32    [mem 0x0000000001000000-0x00000000ffffffff]
[    0.024793] kernel:   Normal   [mem 0x0000000100000000-0x00executor 1 finishes userspace_cover_open
before receiving handshake request
req.flags ea2
000002bfffffff]
[    0.024803] kernel: Movable zone start for each node
[    0.024807] kernel: Early memory node ranges
[    0.024810] kernel:   node   0: [mem 0x0000000000001000-0x000000000009efff]
[    0.024818] kernel:   node   0: [mem 0x0000000000100000-0x00000000bffdcfff]
[    0.024826] kernel:   node   0: [mem 0x0000000100000000-0x00000002bfffffff]
[    0.024837] kernel: Initmem setup node 0 [mem 0x0000000000001000-0x00000002bfffffff]
[    0.025400] kernel: On node 0, zone DMA: 1 pages in unavailable ranges
[    0.025472] kernel: On node 0, zone DMA: 97 pages in unavailable ranges
[    0.126673] kernel: On node 0, zone Normal: 35 pages in unavailable ranges
[    0.606241] kernel: kasan: KernelAddressSanitizer initialized
[    0.606615] kernel: ACPI: PM-Timer IO Port: 0x608
[    0.606638] kernel: ACPI: LAPIC_NMI (acpi_id[0xff] dfl dfl lint[0x1])
[    0.606688] kernel: IOAPIC[0]: apic_id 0, version 17, address 0xfec00000, GSI 0-23
[    0.606704] kernel: ACPI: INT_SRC_OVR (bus 0 bubus_irq 0 global_irq 2 dfl dfl)
[    0.766043] kernel: ACPI: INT_SRC_OVR (bus 0 bus_irq 5 global_irq 5 high level)
[    0.766053] kernel: ACPI: INT_SRC_OVR (bus 0 bus_irq 9 global_irq 9 high level)
[    0.766063] kernel: ACPI: INT_SRC_OVR (bus 0 bus_irq 10 global_irq 10 high level)
[    0.766073] kernel: ACPI: INT_SRC_OVR (bus 0 bus_irq 11 global_irq 11 high level)
[    0.766091] kernel: ACPI: Using ACPI (MADT) for SMP configuration information
[    0.766097] kernel: ACPI: HPET id: 0x8086a201 base: 0xfed00000
[    0.766111] kernel: TSC deadline timer available
[    0.766116] kernel: smpboot: Allowing 2 CPUs, 0 hotplug CPUs
[    0.766164] kernel: kvm-guest: KVM setup pv remote TLB flush
[    0.766172] kernel: kvm-guest: setup PV sched yield
[    0.766213] kernel: PM: hibernation: Registered nosave memory: [mem 0x00000000-0x00000fff]
[    0.766225] kernel: PM: hibernation: Registered nosave memory: [mem 0x0009f000-0x0009ffff]
[    0.766232] kernel: PM: hibernation: Registered nosave mems_irq 0 global_irq 2 dfl dfl)
[    0.606715] kernel: ACPI: INT_SRC_OVR (bus 0 bus_irq 5 global_irq 5 high level)
[    0.606724] kernel: ACPI: INT_SRC_OVR (bus 0 bus_irq 9 global_irq 9 high level)
[    0.606734] kernel: ACPI: INT_SRC_OVR (bus 0 bus_irq 10 global_irq 10 high level)
[    0.606744] kernel: ACPI: INT_SRC_OVR (bus 0 bus_irq 11 global_irq 11 high level)
[    0.606762] kernel: ACPI: Using ACPI (MADT) for SMP configuration information
[    0.606768] kernel: ACPI: HPET id: 0x8086a201 base: 0xfed00000
[    0.606780] kernel: TSC deadline timer available
[    0.606784] kernel: smpboot: Allowing 2 CPUs, 0 hotplug CPUs
[    0.606821] kernel: kvm-guest: KVM setup pv remote TLB flush
[    0.606829] kernel: kvm-guest: setup PV sched yield
[    0.606864] kernel: PM: hibernation: Registered nosave memory: [mem 0x00000000-0x00000fff]
[    0.606876] kernel: PM: hibernation: Registered nosave memory: [mem 0x0009f000-0x0009ffff]
[    0.606883] kernel: PM: hibernation: Registered nosave memorory: [mem 0x000a0000-0x000effff]
[    0.766239] kernel: PM: hibernation: Registered nosave memory: [mem 0x000f0000-0x000fffff]
[    0.766250] kernel: PM: hibernation: Registered nosave memory: [mem 0xbffdd000-0xbfffffff]
[    0.766257] kernel: PM: hibernation: Registered nosave memory: [mem 0xc0000000-0xfeffbfff]
[    0.766264] kernel: PM: hibernation: Registered nosave memory: [mem 0xfeffc000-0xfeffffff]
[    0.766271] kernel: PM: hibernation: Registered nosave memory: [mem 0xff000000-0xfffbffff]
[    0.766277] kernel: PM: hibernation: Registered nosave memory: [mem 0xfffc0000-0xffffffff]
[    0.766287] kernel: [mem 0xc0000000-0xfeffbfff] available for PCI devices
[    0.766293] kernel: Booting paravirtualized kernel on KVM
[    0.766302] kernel: clocksource: refined-jiffies: mask: 0xffffffff max_cycles: 0xffffffff, max_idle_ns: 1910969940391419 ns
[    0.780291] kernel: setup_percpu: NR_CPUS:64 nr_cpumask_bits:64 nr_cpu_ids:2 nr_node_ids:1
[    0.781245] kernel: percpu: Embedded 56 pages/cpu s191576 r8192 d29608 u1048576
[    0.781284] kernel: pcpu-alloc: s191576 r8192 d29608 u1048576 alloc=1*2097152
[    0.781302] kernel: pcpu-alloc: [0] 0 1 
[    0.781400] kernel: kvm-guest: setup async PF for cpu 0
[    0.781412] kernel: kvm-guest: stealtime: cpu 0, msr 26021f140
[    0.781426] kernel: Built 1 zonelists, mobility grouping on.  Total pages: 2580189
[    0.781434] kernel: Policy zone: Normal
[    0.781441] kernel: Kernel command line: root=/dev/sda console=ttyS0 net.ifnames=0 ip=192.168.0.55 quiet
[    0.788053] kernel: Dentry cache hash table entries: 2097152 (order: 12, 16777216 bytes, linear)
[    0.791180] kernel: Inode-cache hash table entries: 1048576 (order: 11, 8388608 bytes, linear)
[    0.791324] kernel: mem auto-init: stack:off, heap alloc:off, heap free:off
[    1.064224] kernel: Memory: 8817344K/10485228K available (47117K kernel code, 10298K rwdata, 7204K rodata, 2068K init, 2860K bss, 1667684K reserved, 0K cma-reserved)
[    1.064471] kernel: SLUy: [mem 0x000a0000-0x000effff]
[    0.606890] kernel: PM: hibernation: Registered nosave memory: [mem 0x000f0000-0x000fffff]
[    0.606900] kernel: PM: hibernation: Registered nosave memory: [mem 0xbffdd000-0xbfffffff]
[    0.606907] kernel: PM: hibernation: Registered nosave memory: [mem 0xc0000000-0xfeffbfff]
[    0.606913] kernel: PM: hibernation: Registered nosave memory: [mem 0xfeffc000-0xfeffffff]
[    0.606920] kernel: PM: hibernation: Registered nosave memory: [mem 0xff000000-0xfffbffff]
[    0.606927] kernel: PM: hibernation: Registered nosave memory: [mem 0xfffc0000-0xffffffff]
[    0.606936] kernel: [mem 0xc0000000-0xfeffbfff] available for PCI devices
[    0.606942] kernel: Booting paravirtualized kernel on KVM
[    0.606949] kernel: clocksource: refined-jiffies: mask: 0xffffffff max_cycles: 0xffffffff, max_idle_ns: 1910969940391419 ns
[    0.620876] kernel: setup_percpu: NR_CPUS:64 nr_cpumask_bits:64 nr_cpu_ids:2 nr_node_ids:1
[    0.621682] kernel: percpu: Embedded 56 paB: HWalign=64, Order=0-3, MinObjects=0, CPUs=2, Nodes=1
[    1.065312] kernel: rcu: Hierarchical RCU implementation.
[    1.065319] kernel: rcu:         RCU event tracing is enabled.
[    1.065323] kernel: rcu:         RCU restricting CPUs from NR_CPUS=64 to nr_cpu_ids=2.
[    1.065335] kernel: rcu: RCU calculated value of scheduler-enlistment delay is 100 jiffies.
[    1.065342] kernel: rcu: Adjusting geometry for rcu_fanout_leaf=16, nr_cpu_ids=2
[    1.073275] kernel: NR_IRQS: 4352, nr_irqs: 440, preallocated irqs: 16
[    1.073691] kernel: random: get_random_bytes called from start_kernel+0x22b/0x456 with crng_init=0
[    1.077864] kernel: Console: colour VGA+ 80x25
[    1.078009] kernel: printk: console [ttyS0] enabled
[    1.078060] kernel: ACPI: Core revision 20210730
[    1.078360] kernel: clocksource: hpet: mask: 0xffffffff max_cycles: 0xffffffff, max_idle_ns: 19112604467 ns
[    1.078615] kernel: APIC: Switch to symmetric I/O mode setup
[    1.078625] kernel: kvm-guest: setupges/cpu s191576 r8192 d29608 u1048576
[    0.621717] kernel: pcpu-alloc: s191576 r8192 d29608 u1048576 alloc=1*2097152
[    0.621732] kernel: pcpu-alloc: [0] 0 1 
[    0.621823] kernel: kvm-guest: setup async PF for cpu 0
[    0.621834] kernel: kvm-guest: stealtime: cpu 0, msr 26501f140
[    0.621845] kernel: Built 1 zonelists, mobility grouping on.  Total pages: 2580189
[    0.621852] kernel: Policy zone: Normal
[    0.621857] kernel: Kernel command line: root=/dev/sda console=ttyS0 net.ifnames=0 ip=192.168.0.56 quiet
[    0.627872] kernel: Dentry cache hash table entries: 2097152 (order: 12, 16777216 bytes, linear)
[    0.630885] kernel: Inode-cache hash table entries: 1048576 (order: 11, 8388608 bytes, linear)
[    0.631001] kernel: mem auto-init: stack:off, heap alloc:off, heap free:off
[    0.880353] kernel: Memory: 8817336K/10485228K available (47117K kernel code, 10298K rwdata, 7204K rodata, 2068K init, 2860K bss, 1667692K reserved, 0K cma-reserved)
[    0.880571] kernel: SLUB: PV IPIs
[    1.079652] kernel: ..TIMER: vector=0x30 apic1=0 pin1=2 apic2=-1 pin2=-1
[    1.079691] kernel: clocksource: tsc-early: mask: 0xffffffffffffffff max_cycles: 0x2563bf907c6, max_idle_ns: 440795319401 ns
[    1.079722] kernel: Calibrating delay loop (skipped) preset value.. 5187.81 BogoMIPS (lpj=2593906)
[    1.079735] kernel: pid_max: default: 32768 minimum: 301
[    1.079823] kernel: LSM: Security Framework initializing
[    1.079859] kernel: SELinux:  Initializing.
[    1.080015] kernel: Mount-cache hash table entries: 32768 (order: 6, 262144 bytes, linear)
[    1.080720] kernel: Mountpoint-cache hash table entries: 32768 (order: 6, 262144 bytes, linear)
[    1.081817] kernel: x86/cpu: User Mode Instruction Prevention (UMIP) activated
[    1.081941] kernel: Last level iTLB entries: 4KB 0, 2MB 0, 4MB 0
[    1.081949] kernel: Last level dTLB entries: 4KB 0, 2MB 0, 4MB 0, 1GB 0
[    1.081980] kernel: Spectre V1 : Mitigation: usercopy/swapgs barriers and __user pointer sanitiz HWalign=64, Order=0-3, MinObjects=0, CPUs=2, Nodes=1
[    0.881244] kernel: rcu: Hierarchical RCU implementation.
[    0.881250] kernel: rcu:         RCU event tracing is enabled.
[    0.881254] kernel: rcu:         RCU restricting CPUs from NR_CPUS=64 to nr_cpu_ids=2.
[    0.881263] kernel: rcu: RCU calculated value of scheduler-enlistment delay is 100 jiffies.
[    0.881269] kernel: rcu: Adjusting geometry for rcu_fanout_leaf=16, nr_cpu_ids=2
[    0.889055] kernel: NR_IRQS: 4352, nr_irqs: 440, preallocated irqs: 16
[    0.889430] kernel: random: get_random_bytes called from start_kernel+0x22b/0x456 with crng_init=0
[    0.893350] kernel: Console: colour VGA+ 80x25
[    0.893462] kernel: printk: console [ttyS0] enabled
[    0.893507] kernel: ACPI: Core revision 20210730
[    0.893751] kernel: clocksource: hpet: mask: 0xffffffff max_cycles: 0xffffffff, max_idle_ns: 19112604467 ns
[    0.893860] kernel: APIC: Switch to symmetric I/O mode setup
[    0.893867] kernel: kvm-guest: setup Pation
[    1.081995] kernel: Spectre V2 : Mitigation: Enhanced IBRS
[    1.082001] kernel: Spectre V2 : Spectre v2 / SpectreRSB mitigation: Filling RSB on context switch
[    1.082010] kernel: Spectre V2 : mitigation: Enabling conditional Indirect Branch Prediction Barrier
[    1.082020] kernel: Speculative Store Bypass: Mitigation: Speculative Store Bypass disabled via prctl and seccomp
[    1.082027] kernel: TAA: Mitigation: TSX disabled
[    1.105335] kernel: Freeing SMP alternatives memory: 40K
[    1.105680] kernel: smpboot: CPU0: Intel(R) Xeon(R) Gold 6348 CPU @ 2.60GHz (family: 0x6, model: 0x6a, stepping: 0x6)
[    1.105707] kernel: Performance Events: Icelake events, 32-deep LBR, full-width counters, Intel PMU driver.
[    1.105707] kernel: ... version:                2
[    1.105707] kernel: ... bit width:              48
[    1.105707] kernel: ... generic registers:      8
[    1.105707] kernel: ... value mask:             0000ffffffffffff
[    1.105707] kernel: ... max periV IPIs
[    0.894837] kernel: ..TIMER: vector=0x30 apic1=0 pin1=2 apic2=-1 pin2=-1
[    0.894870] kernel: clocksource: tsc-early: mask: 0xffffffffffffffff max_cycles: 0x2563bf907c6, max_idle_ns: 440795319401 ns
[    0.894900] kernel: Calibrating delay loop (skipped) preset value.. 5187.81 BogoMIPS (lpj=2593906)
[    0.894913] kernel: pid_max: default: 32768 minimum: 301
[    0.894993] kernel: LSM: Security Framework initializing
[    0.895023] kernel: SELinux:  Initializing.
[    0.895152] kernel: Mount-cache hash table entries: 32768 (order: 6, 262144 bytes, linear)
[    0.895665] kernel: Mountpoint-cache hash table entries: 32768 (order: 6, 262144 bytes, linear)
[    0.897443] kernel: x86/cpu: User Mode Instruction Prevention (UMIP) activated
[    0.897547] kernel: Last level iTLB entries: 4KB 0, 2MB 0, 4MB 0
[    0.897555] kernel: Last level dTLB entries: 4KB 0, 2MB 0, 4MB 0, 1GB 0
[    0.897583] kernel: Spectre V1 : Mitigation: usercopy/swapgs barriers and __user pointer sanitizatod:             00007fffffffffff
[    1.105707] kernel: ... fixed-purpose events:   3
[    1.105707] kernel: ... event mask:             00000007000000ff
[    1.105844] kernel: rcu: Hierarchical SRCU implementation.
[    1.107195] kernel: smp: Bringing up secondary CPUs ...
[    1.107451] kernel: x86: Booting SMP configuration:
[    1.107456] kernel: .... node  #0, CPUs:      #1
[    0.006093] kernel: kvm-clock: cpu 1, msr 2b6558041, secondary cpu clock
[    0.006093] kernel: smpboot: CPU 1 Converting physical 0 to logical die 1
[    1.108762] kernel: kvm-guest: setup async PF for cpu 1
[    1.108782] kernel: kvm-guest: stealtime: cpu 1, msr 26031f140
[    1.108808] kernel: smp: Brought up 1 node, 2 CPUs
[    1.108831] kernel: smpboot: Max logical packages: 2
[    1.108837] kernel: smpboot: Total of 2 processors activated (10375.62 BogoMIPS)
[    1.110713] kernel: devtmpfs: initialized
[    1.116764] kernel: clocksource: jiffies: mask: 0xffffffff max_cycles: 0xffffffff, max_idle_ns: 1ion
[    0.897596] kernel: Spectre V2 : Mitigation: Enhanced IBRS
[    0.897601] kernel: Spectre V2 : Spectre v2 / SpectreRSB mitigation: Filling RSB on context switch
[    0.897610] kernel: Spectre V2 : mitigation: Enabling conditional Indirect Branch Prediction Barrier
[    0.897619] kernel: Speculative Store Bypass: Mitigation: Speculative Store Bypass disabled via prctl and seccomp
[    0.897626] kernel: TAA: Mitigation: TSX disabled
[    0.915884] kernel: Freeing SMP alternatives memory: 40K
[    0.915884] kernel: smpboot: CPU0: Intel(R) Xeon(R) Gold 6348 CPU @ 2.60GHz (family: 0x6, model: 0x6a, stepping: 0x6)
[    0.915884] kernel: Performance Events: Icelake events, 32-deep LBR, full-width counters, Intel PMU driver.
[    0.915884] kernel: ... version:                2
[    0.915884] kernel: ... bit width:              48
[    0.915884] kernel: ... generic registers:      8
[    0.915884] kernel: ... value mask:             0000ffffffffffff
[    0.915884] kernel: ... max period:             00007fffffffffff
[    0.915884] kernel: ... fixed-purpose events:   3
[    0.915884] kernel: ... event mask:             00000007000000ff
[    0.915884] kernel: rcu: Hierarchical SRCU implementation.
[    0.916875] kernel: smp: Bringing up secondary CPUs ...
[    0.917114] kernel: x86: Booting SMP configuration:
[    0.917119] kernel: .... node  #0, CPUs:      #1
[    0.005520] kernel: kvm-clock: cpu 1, msr 70d58041, secondary cpu clock
[    0.005520] kernel: smpboot: CPU 1 Converting physical 0 to logical die 1
[    0.917920] kernel: kvm-guest: setup async PF for cpu 1
[    0.917941] kernel: kvm-guest: stealtime: cpu 1, msr 26511f140
[    0.917959] kernel: smp: Brought up 1 node, 2 CPUs
[    0.917959] kernel: smpboot: Max logical packages: 2
[    0.917964] kernel: smpboot: Total of 2 processors activated (10375.62 BogoMIPS)
[    0.918992] kernel: devtmpfs: initialized
[    0.924242] kernel: clocksource: jiffies: mask: 0xffffffff max_cycles: 0xffffffff, max_idle_ns: 1911260446275000 ns
[    0.924263] kernel: futex hash table entries: 512 (order: 3, 32768 bytes, linear)
[    0.925074] kernel: PM: RTC time: 17:45:35, date: 2023-03-05
[    0.925545] kernel: NET: Registered PF_NETLINK/PF_ROUTE protocol family
[    0.926155] kernel: audit: initializing netlink subsys (disabled)
[    0.927451] kernel: thermal_sys: Registered thermal governor 'step_wise'
[    0.927457] kernel: thermal_sys: Registered thermal governor 'user_space'
[    0.927537] kernel: audit: type=2000 audit(1678038336.065:1): state=initialized audit_enabled=0 res=1
[    0.927542] kernel: cpuidle: using governor menu
[    0.927929] kernel: ACPI: bus type PCI registered
[    0.928244] kernel: PCI: Using configuration type 1 for base access
[    0.945000] kernel: Kprobes globally optimized
[    0.945073] kernel: HugeTLB registered 2.00 MiB page size, pre-allocated 0 pages
[    0.945073] kernel: cryptomgr_test (26) used greatest stack depth: 30608 bytes left
[    0.947023] kernel: ACPI: Added 911260446275000 ns
[    1.116786] kernel: futex hash table entries: 512 (order: 3, 32768 bytes, linear)
[    1.117120] kernel: PM: RTC time: 17:45:36, date: 2023-03-05
[    1.117597] kernel: NET: Registered PF_NETLINK/PF_ROUTE protocol family
[    1.118204] kernel: audit: initializing netlink subsys (disabled)
[    1.119272] kernel: thermal_sys: Registered thermal governor 'step_wise'
[    1.119278] kernel: thermal_sys: Registered thermal governor 'user_space'
[    1.119347] kernel: audit: type=2000 audit(1678038336.792:1): state=initialized audit_enabled=0 res=1
[    1.119353] kernel: cpuidle: using governor menu
[    1.119735] kernel: ACPI: bus type PCI registered
[    1.120093] kernel: PCI: Using configuration type 1 for base access
[    1.138009] kernel: Kprobes globally optimized
[    1.138858] kernel: HugeTLB registered 2.00 MiB page size, pre-allocated 0 pages
[    1.138858] kernel: cryptomgr_test (26) used greatest stack depth: 30608 bytes left
[    1.141860] kernel: ACPI: Add_OSI(Module Device)
[    0.947023] kernel: ACPI: Added _OSI(Processor Device)
[    0.947023] kernel: ACPI: Added _OSI(3.0 _SCP Extensions)
[    0.947023] kernel: ACPI: Added _OSI(Processor Aggregator Device)
[    0.947023] kernel: ACPI: Added _OSI(Linux-Dell-Video)
[    0.947023] kernel: ACPI: Added _OSI(Linux-Lenovo-NV-HDMI-Audio)
[    0.947030] kernel: ACPI: Added _OSI(Linux-HPI-Hybrid-Graphics)
[    0.960691] kernel: ACPI: 1 ACPI AML tables successfully acquired and loaded
[    0.964752] kernel: ACPI: Interpreter enabled
[    0.964849] kernel: ACPI: PM: (supports S0 S3 S4 S5)
[    0.964855] kernel: ACPI: Using IOAPIC for interrupt routing
[    0.965628] kernel: PCI: Using host bridge windows from ACPI; if necessary, use "pci=nocrs" and report a bug
[    0.966668] kernel: ACPI: Enabled 2 GPEs in block 00 to 0F
[    0.993152] kernel: ACPI: PCI Root Bridge [PCI0] (domain 0000 [bus 00-ff])
[    0.993187] kernel: acpi PNP0A03:00: _OSC: OS supports [ASPM ClockPM Segments MSI HPX-Type3]
[ed _OSI(Module Device)
[    1.141860] kernel: ACPI: Added _OSI(Processor Device)
[    1.141860] kernel: ACPI: Added _OSI(3.0 _SCP Extensions)
[    1.141860] kernel: ACPI: Added _OSI(Processor Aggregator Device)
[    1.141863] kernel: ACPI: Added _OSI(Linux-Dell-Video)
[    1.141871] kernel: ACPI: Added _OSI(Linux-Lenovo-NV-HDMI-Audio)
[    1.141879] kernel: ACPI: Added _OSI(Linux-HPI-Hybrid-Graphics)
[    1.155323] kernel: ACPI: 1 ACPI AML tables successfully acquired and loaded
[    1.159552] kernel: ACPI: Interpreter enabled
[    1.159650] kernel: ACPI: PM: (supports S0 S3 S4 S5)
[    1.159657] kernel: ACPI: Using IOAPIC for interrupt routing
[    1.159736] kernel: PCI: Using host bridge windows from ACPI; if necessary, use "pci=nocrs" and report a bug
[    1.160672] kernel: ACPI: Enabled 2 GPEs in block 00 to 0F
[    1.186840] kernel: ACPI: PCI Root Bridge [PCI0] (domain 0000 [bus 00-ff])
[    1.186880] kernel: acpi PNP0A03:00: _OSC: OS supports [ASPM ClockPM Segments MSI HPX-Type3    0.993291] kernel: acpi PNP0A03:00: fail to add MMCONFIG information, can't access extended PCI configuration space under this bridge.
[    0.993575] kernel: PCI host bridge to bus 0000:00
[    0.993584] kernel: pci_bus 0000:00: root bus resource [io  0x0000-0x0cf7 window]
[    0.993599] kernel: pci_bus 0000:00: root bus resource [io  0x0d00-0xffff window]
[    0.993611] kernel: pci_bus 0000:00: root bus resource [mem 0x000a0000-0x000bffff window]
[    0.993625] kernel: pci_bus 0000:00: root bus resource [mem 0xc0000000-0xfebfffff window]
[    0.993638] kernel: pci_bus 0000:00: root bus resource [mem 0x2c0000000-0x33fffffff window]
[    0.993652] kernel: pci_bus 0000:00: root bus resource [bus 00-ff]
[    0.994896] kernel: pci 0000:00:00.0: [8086:1237] type 00 class 0x060000
[    0.996875] kernel: pci 0000:00:01.0: [8086:7000] type 00 class 0x060100
[    0.998313] kernel: pci 0000:00:01.1: [8086:7010] type 00 class 0x010180
[    1.000576] kernel: pci 0000:00:01.1: reg 0x20: [io  0x]
[    1.186987] kernel: acpi PNP0A03:00: fail to add MMCONFIG information, can't access extended PCI configuration space under this bridge.
[    1.187283] kernel: PCI host bridge to bus 0000:00
[    1.187292] kernel: pci_bus 0000:00: root bus resource [io  0x0000-0x0cf7 window]
[    1.187307] kernel: pci_bus 0000:00: root bus resource [io  0x0d00-0xffff window]
[    1.187320] kernel: pci_bus 0000:00: root bus resource [mem 0x000a0000-0x000bffff window]
[    1.187333] kernel: pci_bus 0000:00: root bus resource [mem 0xc0000000-0xfebfffff window]
[    1.187346] kernel: pci_bus 0000:00: root bus resource [mem 0x2c0000000-0x33fffffff window]
[    1.187360] kernel: pci_bus 0000:00: root bus resource [bus 00-ff]
[    1.188607] kernel: pci 0000:00:00.0: [8086:1237] type 00 class 0x060000
[    1.190586] kernel: pci 0000:00:01.0: [8086:7000] type 00 class 0x060100
[    1.192021] kernel: pci 0000:00:01.1: [8086:7010] type 00 class 0x010180
[    1.194231] kernel: pci 0000:00:01.1: reg 0x20: [io  0xc0c0-0xc0cf]
[    1.195188] kernel: pci 0000:00:01.1: legacy IDE quirk: reg 0x10: [io  0x01f0-0x01f7]
[    1.195203] kernel: pci 0000:00:01.1: legacy IDE quirk: reg 0x14: [io  0x03f6]
[    1.195212] kernel: pci 0000:00:01.1: legacy IDE quirk: reg 0x18: [io  0x0170-0x0177]
[    1.195222] kernel: pci 0000:00:01.1: legacy IDE quirk: reg 0x1c: [io  0x0376]
[    1.197380] kernel: pci 0000:00:01.3: [8086:7113] type 00 class 0x068000
[    1.197693] kernel: pci 0000:00:01.3: quirk: [io  0x0600-0x063f] claimed by PIIX4 ACPI
[    1.197711] kernel: pci 0000:00:01.3: quirk: [io  0x0700-0x070f] claimed by PIIX4 SMB
[    1.199847] kernel: pci 0000:00:02.0: [1234:1111] type 00 class 0x030000
[    1.201185] kernel: pci 0000:00:02.0: reg 0x10: [mem 0xfd000000-0xfdffffff pref]
[    1.202731] kernel: pci 0000:00:02.0: reg 0x18: [mem 0xfeb90000-0xfeb90fff]
[    1.206722] kernel: pci 0000:00:02.0: reg 0x30: [mem 0xfeb80000-0xfeb8ffff pref]
[    1.208982] kernel: pci 0000:00:03.0: [1af4:1005] type 00 class 0x00ff00
[    1.209715] kernel: pci 0000:00:03.0: reg 0x10: [io  0xc080-0xc09f]
[    1.212543] kernel: pci 0000:00:03.0: reg 0x20: [mem 0xfe200000-0xfe203fff 64bit pref]
[    1.215393] kernel: pci 0000:00:04.0: [1af4:1000] type 00 class 0x020000
[    1.216415] kernel: pci 0000:00:04.0: reg 0x10: [io  0xc0a0-0xc0bf]
[    1.217418] kernel: pci 0000:00:04.0: reg 0x14: [mem 0xfeb91000-0xfeb91fff]
[    1.219717] kernel: pci 0000:00:04.0: reg 0x20: [mem 0xfe204000-0xfe207fff 64bit pref]
[    1.220717] kernel: pci 0000:00:04.0: reg 0x30: [mem 0xfeb00000-0xfeb7ffff pref]
[    1.223061] kernel: pci 0000:00:05.0: [1af4:1001] type 00 class 0x010000
[    1.223716] kernel: pci 0000:00:05.0: reg 0x10: [io  0xc000-0xc07f]
[    1.224693] kernel: pci 0000:00:05.0: reg 0x14: [mem 0xfeb92000-0xfeb92fff]
[    1.227591] kernel: pci 0000:00:05.0: reg 0x20: [mem 0xfe208000-0xfe20bfff 64bit pref]
[    1.230492] kernel: pci 0000:00:10.0: [1af4:1110] type 00 class 0x050000
[    1.231139] kernel: pci 0000:0c0c0-0xc0cf]
[    1.001655] kernel: pci 0000:00:01.1: legacy IDE quirk: reg 0x10: [io  0x01f0-0x01f7]
[    1.001671] kernel: pci 0000:00:01.1: legacy IDE quirk: reg 0x14: [io  0x03f6]
[    1.001681] kernel: pci 0000:00:01.1: legacy IDE quirk: reg 0x18: [io  0x0170-0x0177]
[    1.001691] kernel: pci 0000:00:01.1: legacy IDE quirk: reg 0x1c: [io  0x0376]
[    1.003787] kernel: pci 0000:00:01.3: [8086:7113] type 00 class 0x068000
[    1.004090] kernel: pci 0000:00:01.3: quirk: [io  0x0600-0x063f] claimed by PIIX4 ACPI
[    1.004108] kernel: pci 0000:00:01.3: quirk: [io  0x0700-0x070f] claimed by PIIX4 SMB
[    1.005908] kernel: pci 0000:00:02.0: [1234:1111] type 00 class 0x030000
[    1.006897] kernel: pci 0000:00:02.0: reg 0x10: [mem 0xfd000000-0xfdffffff pref]
[    1.008425] kernel: pci 0000:00:02.0: reg 0x18: [mem 0xfeb90000-0xfeb90fff]
[    1.012240] kernel: pci 0000:00:02.0: reg 0x30: [mem 0xfeb80000-0xfeb8ffff pref]
[    1.014262] kernel: pci 0000:00:03.0: [1af4:1005] type 00 class0:10.0: reg 0x10: [mem 0xfeb93000-0xfeb930ff]
[    1.232474] kernel: pci 0000:00:10.0: reg 0x18: [mem 0xfe000000-0xfe0fffff 64bit pref]
[    1.236572] kernel: pci 0000:00:11.0: [1af4:1110] type 00 class 0x050000
[    1.237108] kernel: pci 0000:00:11.0: reg 0x10: [mem 0xfeb94000-0xfeb940ff]
[    1.238005] kernel: pci 0000:00:11.0: reg 0x18: [mem 0xfe20c000-0xfe20c3ff 64bit pref]
[    1.241591] kernel: pci 0000:00:12.0: [1af4:1110] type 00 class 0x050000
[    1.242125] kernel: pci 0000:00:12.0: reg 0x10: [mem 0xfeb95000-0xfeb950ff]
[    1.243523] kernel: pci 0000:00:12.0: reg 0x18: [mem 0xfe100000-0xfe1fffff 64bit pref]
[    1.250722] kernel: ACPI: PCI: Interrupt link LNKA configured for IRQ 10
[    1.251492] kernel: ACPI: PCI: Interrupt link LNKB configured for IRQ 10
[    1.252254] kernel: ACPI: PCI: Interrupt link LNKC configured for IRQ 11
[    1.253014] kernel: ACPI: PCI: Interrupt link LNKD configured for IRQ 11
[    1.253328] kernel: ACPI: PCI: Interrupt link LNKS configured for  0x00ff00
[    1.014891] kernel: pci 0000:00:03.0: reg 0x10: [io  0xc080-0xc09f]
[    1.017362] kernel: pci 0000:00:03.0: reg 0x20: [mem 0xfe200000-0xfe203fff 64bit pref]
[    1.020052] kernel: pci 0000:00:04.0: [1af4:1000] type 00 class 0x020000
[    1.021331] kernel: pci 0000:00:04.0: reg 0x10: [io  0xc0a0-0xc0bf]
[    1.021890] kernel: pci 0000:00:04.0: reg 0x14: [mem 0xfeb91000-0xfeb91fff]
[    1.023891] kernel: pci 0000:00:04.0: reg 0x20: [mem 0xfe204000-0xfe207fff 64bit pref]
[    1.024781] kernel: pci 0000:00:04.0: reg 0x30: [mem 0xfeb00000-0xfeb7ffff pref]
[    1.027037] kernel: pci 0000:00:05.0: [1af4:1001] type 00 class 0x010000
[    1.027891] kernel: pci 0000:00:05.0: reg 0x10: [io  0xc000-0xc07f]
[    1.028891] kernel: pci 0000:00:05.0: reg 0x14: [mem 0xfeb92000-0xfeb92fff]
[    1.031327] kernel: pci 0000:00:05.0: reg 0x20: [mem 0xfe208000-0xfe20bfff 64bit pref]
[    1.034045] kernel: pci 0000:00:10.0: [1af4:1110] type 00 class 0x050000
[    1.034899] kernel: pci 0000:00:10.0: reg 0x10: [mem 0xfeb93000-0xfeb930ff]
[    1.036296] kernel: pci 0000:00:10.0: reg 0x18: [mem 0xfe000000-0xfe0fffff 64bit pref]
[    1.040756] kernel: pci 0000:00:11.0: [1af4:1110] type 00 class 0x050000
[    1.041161] kernel: pci 0000:00:11.0: reg 0x10: [mem 0xfeb94000-0xfeb940ff]
[    1.042159] kernel: pci 0000:00:11.0: reg 0x18: [mem 0xfe20c000-0xfe20c3ff 64bit pref]
[    1.045699] kernel: pci 0000:00:12.0: [1af4:1110] type 00 class 0x050000
[    1.046335] kernel: pci 0000:00:12.0: reg 0x10: [mem 0xfeb95000-0xfeb950ff]
[    1.047662] kernel: pci 0000:00:12.0: reg 0x18: [mem 0xfe100000-0xfe1fffff 64bit pref]
[    1.054096] kernel: ACPI: PCI: Interrupt link LNKA configured for IRQ 10
[    1.054908] kernel: ACPI: PCI: Interrupt link LNKB configured for IRQ 10
[    1.055673] kernel: ACPI: PCI: Interrupt link LNKC configured for IRQ 11
[    1.056421] kernel: ACPI: PCI: Interrupt link LNKD configured for IRQ 11
[    1.056758] kernel: ACPI: PCI: Interrupt link LNKS configured for IRQ 9
[    1.058512] kernel: iommu: Default domain type: Translated 
[    1.058521] kernel: iommu: DMA domain TLB invalidation policy: lazy mode 
[    1.058746] kernel: pci 0000:00:02.0: vgaarb: setting as boot VGA device
[    1.058757] kernel: pci 0000:00:02.0: vgaarb: VGA device added: decodes=io+mem,owns=io+mem,locks=none
[    1.058772] kernel: pci 0000:00:02.0: vgaarb: bridge control possible
[    1.058780] kernel: vgaarb: loaded
[    1.059162] kernel: SCSI subsystem initialized
[    1.059958] kernel: libata version 3.00 loaded.
[    1.060117] kernel: ACPI: bus type USB registered
[    1.060213] kernel: usbcore: registered new interface driver usbfs
[    1.060266] kernel: usbcore: registered new interface driver hub
[    1.060304] kernel: usbcore: registered new device driver usb
[    1.060405] kernel: pps_core: LinuxPPS API ver. 1 registered
[    1.060410] kernel: pps_core: Software ver. 5.3.6 - Copyright 2005-2007 Rodolfo Giometti <giometti@linux.it>
[    1.060432] kernel: PTP cloc----- is restarting 0
---- dfs_name glusterfs is_dfs_client 0
k support registered
[    1.061041] kernel: Advanced Linux Sound Architecture Driver Initialized.
[    1.061720] kernel: NetLabel: Initializing
[    1.061724] kernel: NetLabel:  domain hash size = 128
[    1.061729] kernel: NetLabel:  protocols = UNLABELED CIPSOv4 CALIPSO
[    1.061807] kernel: NetLabel:  unlabeled traffic allowed by default
[    1.061915] kernel: PCI: Using ACPI for IRQ routing
[    1.061922] kernel: PCI: pci_cache_line_size set to 64 bytes
[    1.062071] kernel: e820: reserve RAM buffer [mem 0x0009fc00-0x0009ffff]
[    1.062086] kernel: e820: reserve RAM buffer [mem 0xbffdd000-0xbfffffff]
[    1.062283] kernel: hpet0: at MMIO 0xfed00000, IRQs 2, 8, 0
[    1.062305] kernel: hpet0: 3 comparators, 64-bit 100.000000 MHz counter
[    1.064916] kernel: clocksource: Switched to clocksource kvm-clock
[    1.171470] kernel: VFS: Disk quotas dquot_6.6.0
[    1.171522] kernel: VFS: Dquot-cache hash table entries: 512 (order 0, 4096 bytes)
[    1.171737] kernel: pnp: PnP ACPI init
[    1.172494] kernel: pnp 00:03: [dma 2]
[    1.175081] kernel: pnp: PnP ACPI: found 6 devices
[    1.268450] kernel: clocksource: acpi_pm: mask: 0xffffff max_cycles: 0xffffff, max_idle_ns: 2085701024 ns
[    1.268843] kernel: NET: Registered PF_INET protocol family
[    1.270878] kernel: IP idents hash table entries: 262144 (order: 9, 2097152 bytes, linear)
[    1.303830] kernel: tcp_listen_portaddr_hash hash table entries: 8192 (order: 5, 131072 bytes, linear)
[    1.308510] kernel: TCP established hash table entries: 131072 (order: 8, 1048576 bytes, linear)
[    1.309810] kernel: TCP bind hash table entries: 65536 (order: 8, 1048576 bytes, linear)
[    1.311565] kernel: TCP: Hash tables configured (established 131072 bind 65536)
[    1.311774] kernel: UDP hash table entries: 8192 (order: 6, 262144 bytes, linear)
[    1.312052] kernel: UDP-Lite hash table entries: 8192 (order: 6, 262144 bytes, linear)
[    1.312546] kernel: NET: Registered PF_UNIX/PF_LOCAL protocol family
[    1.338272] kernel: pci_bus 0000:00: resource 4 [io  0x0000-0x0cf7 window]
[    1.338294] kernel: pci_bus 0000:00: resource 5 [io  0x0d00-0xffff window]
[    1.338469] kernel: pci_bus 0000:00: resource 6 [mem 0x000a0000-0x000bffff window]
[    1.338481] kernel: pci_bus 0000:00: resource 7 [mem 0xc0000000-0xfebfffff window]
[    1.338493] kernel: pci_bus 0000:00: resource 8 [mem 0x2c0000000-0x33fffffff window]
[    1.339465] kernel: pci 0000:00:01.0: PIIX3: Enabling Passive Release
[    1.339575] kernel: pci 0000:00:00.0: Limiting direct PCI/PCI transfers
[    1.339601] kernel: pci 0000:00:01.0: Activating ISA DMA hang workarounds
[    1.339985] kernel: pci 0000:00:02.0: Video device with shadowed ROM at [mem 0x000c0000-0x000dffff]
[    1.340296] kernel: PCI: CLS 0 bytes, default 64
[    1.341373] kernel: PCI-DMA: Using software bounce buffering for IO (SWIOTLB)
[    1.341379] kernel: software IO TLB: mapped [mem 0x00000000bbfdd000-0x00000000bffdd000] (64MB)
[    1.342515] kernel: RAPL PMU: API unit is 2^-32 Joules, 0 fixed counters, 10737418240 ms ovfl timer
[    1.342632] kernel: clocksource: tsc: mask: 0xffffffffffffffff max_cycles: 0x2563bf907c6, max_idle_ns: 440795319401 ns
[    1.342858] kernel: clocksource: Switched to clocksource tsc
[    1.350358] kernel: Initialise system trusted keyrings
[    1.355945] kernel: workingset: timestamp_bits=56 max_order=22 bucket_order=0
[    1.382460] kernel: fuse: init (API version 7.34)
[    1.411512] kernel: Key type asymmetric registered
[    1.411523] kernel: Asymmetric key parser 'x509' registered
[    1.411721] kernel: Block layer SCSI generic (bsg) driver version 0.4 loaded (major 251)
[    1.411729] kernel: io scheduler mq-deadline registered
[    1.411735] kernel: io scheduler kyber registered
[    1.412738] kernel: input: Power Button as /devices/LNXSYSTM:00/LNXPWRBN:00/input/input0
[    1.412955] kernel: ACPI: button: Power Button [PWRF]
[    2.716876] kernel: ACPI: \_SB_.LNKC: Enabled at IRQ 11
[    4.300278] kernel: ACPI: \_SB_.LNKD: Enabled at IRQ 10
[    5.656012] kernel: ACPI: \_SB_.LNKA: Enabled at IRQ 10
[    5.657296] kernel: Serial: 8250/16550 driver, 4 ports, IRQ sharing enabled
[    5.657496] kernel: 00:05: ttyS0 at I/O 0x3f8 (irq = 4, base_baud = 115200) is a 16550A
[    5.659265] kernel: Non-volatile memory driver v1.3
[    5.659443] kernel: Linux agpgart interface v0.103
[    5.686964] kernel: loop: module loaded
[    5.687971] kernel: virtio_blk virtio2: [vda] 1024000 512-byte logical blocks (524 MB/500 MiB)
[    5.705292] kernel: ata_piix 0000:00:01.1: version 2.13
[    5.715587] kernel: scsi host0: ata_piix
[    5.716168] kernel: scsi host1: ata_piix
[    5.716386] kernel: ata1: PATA max MWDMA2 cmd 0x1f0 ctl 0x3f6 bmdma 0xc0c0 irq 14
[    5.716398] kernel: ata2: PATA max MWDMA2 cmd 0x170 ctl 0x376 bmdma 0xc0c8 irq 15
[    5.717596] kernel: libphy: Fixed MDIO Bus: probed
[    5.723141] kernel: e100: Intel(R) PRO/100 Network Driver
[    5.723150] kernel: e100: Copyright(c) 1999-2006 Intel Corporation
[    5.723201] kernel: e1000: Intel(R) PRO/1000 Network Driver
[    5.723205] kernel: e1000: Copyright (c) 1999-2006 Intel Corporation.
[    5.723272] kernel: e1000e: Intel(R) PRO/1000 Network Driver
[    5.723276] kernel: e1000e: Copyright(c) 1999 - 2015 Intel Corporation.
[    5.723359] kernel: sky2: driver version 1.30
[    5.724628] kernel: ehci_hcd: USB 2.0 'Enhanced' Host Controller (EHCI) Driver
[    5.724638] kernel: ehci-pci: EHCI PCI platform driver
[    5.724683] kernel: ohci_hcd: USB 1.1 'Open' Host Controller (OHCI) Driver
[    5.724698] kernel: ohci-pci: OHCI PCI platform driver
[    5.724738] kernel: uhci_hcd: USB Universal Host Controller Interface driver
[    5.725016] kernel: usbcore: registered new interface driver usblp
[    5.725066] kernel: usbcore: registered new interface driver usb-storage
[    5.725206] kernel: i8042: PNP: PS/2 Controller [PNP0303:KBD,PNP0f13:MOU] at 0x60,0x64 irq 1,12
[    5.725831] kernel: serio: i8042 KBD port at 0x6IRQ 9
[    1.254953] kernel: iommu: Default domain type: Translated 
[    1.254961] kernel: iommu: DMA domain TLB invalidation policy: lazy mode 
[    1.255202] kernel: pci 0000:00:02.0: vgaarb: setting as boot VGA device
[    1.255214] kernel: pci 0000:00:02.0: vgaarb: VGA device added: decodes=io+mem,owns=io+mem,locks=none
[    1.255229] kernel: pci 0000:00:02.0: vgaarb: bridge control possible
[    1.255237] kernel: vgaarb: loaded
[    1.255632] kernel: SCSI subsystem initialized
[    1.256797] kernel: libata version 3.00 loaded.
[    1.256966] kernel: ACPI: bus type USB registered
[    1.257071] kernel: usbcore: registered new interface driver usbfs
[    1.257125] kernel: usbcore: registered new interface driver hub
[    1.257166] kernel: usbcore: registered new device driver usb
[    1.257274] kernel: pps_core: LinuxPPS API ver. 1 registered
[    1.257280] kernel: pps_core: Software ver. 5.3.6 - Copyright 2005-2007 Rodolfo Giometti <giometti@linux.it>
[    1.257302] kernel: PTP c0,0x64 irq 1
[    5.725852] kernel: serio: i8042 AUX port at 0x60,0x64 irq 12
[    5.726638] kernel: rtc_cmos 00:00: RTC can wake from S4
[    5.726962] kernel: input: AT Translated Set 2 keyboard as /devices/platform/i8042/serio0/input/input1
[    5.729625] kernel: rtc_cmos 00:00: registered as rtc0
[    5.729728] kernel: rtc_cmos 00:00: alarms up to one day, y3k, 114 bytes nvram, hpet irqs
[    5.730704] kernel: device-mapper: ioctl: 4.45.0-ioctl (2021-03-22) initialised: dm-devel@redhat.com
[    5.730722] kernel: intel_pstate: CPU model not supported
[    5.730878] kernel: hid: raw HID events driver (C) Jiri Kosina
[    5.731845] kernel: usbcore: registered new interface driver usbhid
[    5.731853] kernel: usbhid: USB HID core driver
[    5.732637] kernel: netem: version 1.3
[    5.759959] kernel: Initializing XFRM netlink socket
[    5.760711] kernel: NET: Registered PF_INET6 protocol family
[    5.773265] kernel: Segment Routing with IPv6
[    5.773301] kernel: In-situ OAM (IOAMlock support registered
[    1.257421] kernel: Advanced Linux Sound Architecture Driver Initialized.
[    1.258531] kernel: NetLabel: Initializing
[    1.258537] kernel: NetLabel:  domain hash size = 128
[    1.258542] kernel: NetLabel:  protocols = UNLABELED CIPSOv4 CALIPSO
[    1.258627] kernel: NetLabel:  unlabeled traffic allowed by default
[    1.258743] kernel: PCI: Using ACPI for IRQ routing
[    1.258751] kernel: PCI: pci_cache_line_size set to 64 bytes
[    1.258901] kernel: e820: reserve RAM buffer [mem 0x0009fc00-0x0009ffff]
[    1.258920] kernel: e820: reserve RAM buffer [mem 0xbffdd000-0xbfffffff]
[    1.259159] kernel: hpet0: at MMIO 0xfed00000, IRQs 2, 8, 0
[    1.259183] kernel: hpet0: 3 comparators, 64-bit 100.000000 MHz counter
[    1.262749] kernel: clocksource: Switched to clocksource kvm-clock
[    1.364338] kernel: VFS: Disk quotas dquot_6.6.0
[    1.364401] kernel: VFS: Dquot-cache hash table entries: 512 (order 0, 4096 bytes)
[    1.364655] kernel: pnp: PnP ACP) with IPv6
[    5.773497] kernel: sit: IPv6, IPv4 and MPLS over IPv4 tunneling driver
[    5.774064] kernel: NET: Registered PF_PACKET protocol family
[    5.774187] kernel: 9pnet: Installing 9P2000 support
[    5.774241] kernel: Key type dns_resolver registered
[    5.774268] kernel: Key type ceph registered
[    5.774545] kernel: libceph: loaded (mon/osd proto 15/24)
[    5.780217] kernel: IPI shorthand broadcast: enabled
[    5.780270] kernel: sched_clock: Marking stable (5775496498, 4520166)->(5842411688, -62395024)
[    5.784615] kernel: registered taskstats version 1
[    5.784623] kernel: Loading compiled-in X.509 certificates
[    5.788849] kernel: PM:   Magic number: 15:395:794
[    5.788967] kernel: printk: console [netcon0] enabled
[    5.788974] kernel: netconsole: network logging started
[    5.869254] kernel: ata1.01: NODEV after polling detection
[    5.869493] kernel: ata1.00: ATA-7: QEMU HARDDISK, 2.5+, max UDMA/100
[    5.869506] kernel: ata1.00: 88078336 sectors, mI init
[    1.372757] kernel: pnp 00:03: [dma 2]
[    1.375350] kernel: pnp: PnP ACPI: found 6 devices
[    1.439995] kernel: clocksource: acpi_pm: mask: 0xffffff max_cycles: 0xffffff, max_idle_ns: 2085701024 ns
[    1.440132] kernel: NET: Registered PF_INET protocol family
[    1.441155] kernel: IP idents hash table entries: 262144 (order: 9, 2097152 bytes, linear)
[    1.443972] kernel: tcp_listen_portaddr_hash hash table entries: 8192 (order: 5, 131072 bytes, linear)
[    1.444825] kernel: TCP established hash table entries: 131072 (order: 8, 1048576 bytes, linear)
[    1.445747] kernel: TCP bind hash table entries: 65536 (order: 8, 1048576 bytes, linear)
[    1.447030] kernel: TCP: Hash tables configured (established 131072 bind 65536)
[    1.447186] kernel: UDP hash table entries: 8192 (order: 6, 262144 bytes, linear)
[    1.447339] kernel: UDP-Lite hash table entries: 8192 (order: 6, 262144 bytes, linear)
[    1.447626] kernel: NET: Registered PF_UNIX/PF_LOCAL protocol family
[    1.456775] kernel: pci_bus 0000:00: resource 4 [io  0x0000-0x0cf7 window]
[    1.456794] kernel: pci_bus 0000:00: resource 5 [io  0x0d00-0xffff window]
[    1.456806] kernel: pci_bus 0000:00: resource 6 [mem 0x000a0000-0x000bffff window]
[    1.456819] kernel: pci_bus 0000:00: resource 7 [mem 0xc0000000-0xfebfffff window]
[    1.456832] kernel: pci_bus 0000:00: resource 8 [mem 0x2c0000000-0x33fffffff window]
[    1.457140] kernel: pci 0000:00:01.0: PIIX3: Enabling Passive Release
[    1.457161] kernel: pci 0000:00:00.0: Limiting direct PCI/PCI transfers
[    1.457187] kernel: pci 0000:00:01.0: Activating ISA DMA hang workarounds
[    1.457275] kernel: pci 0000:00:02.0: Video device with shadowed ROM at [mem 0x000c0000-0x000dffff]
[    1.457390] kernel: PCI: CLS 0 bytes, default 64
[    1.457726] kernel: PCI-DMA: Using software bounce buffering for IO (SWIOTLB)
[    1.457732] kernel: software IO TLB: mapped [mem 0x00000000bbfdd000-0x00000000bffdd000] (64MB)
[    1.458060] kernel: RAPulti 16: LBA48 
[    5.870126] kernel: scsi 0:0:0:0: Direct-Access     ATA      QEMU HARDDISK    2.5+ PQ: 0 ANSI: 5
[    5.870701] kernel: scsi 0:0:0:0: Attached scsi generic sg0 type 0
[    5.871185] kernel: sd 0:0:0:0: [sda] 88078336 512-byte logical blocks: (45.1 GB/42.0 GiB)
[    5.871217] kernel: sd 0:0:0:0: [sda] Write Protect is off
[    5.871230] kernel: sd 0:0:0:0: [sda] Mode Sense: 00 3a 00 00
[    5.871272] kernel: sd 0:0:0:0: [sda] Write cache: enabled, read cache: enabled, doesn't support DPO or FUA
[    5.873330] kernel: sd 0:0:0:0: [sda] Attached SCSI disk
[    5.877186] kernel: ata2.01: NODEV after polling detection
[    5.877415] kernel: ata2.00: ATAPI: QEMU DVD-ROM, 2.5+, max UDMA/100
[    5.878320] kernel: scsi 1:0:0:0: CD-ROM            QEMU     QEMU DVD-ROM     2.5+ PQ: 0 ANSI: 5
[    5.896672] kernel: sr 1:0:0:0: [sr0] scsi3-mmc drive: 4x/4x cd/rw xa/form2 tray
[    5.896691] kernel: cdrom: Uniform CD-ROM driver Revision: 3.20
[    5.918588] kernel: sr 1:0:0:0: AL PMU: API unit is 2^-32 Joules, 0 fixed counters, 10737418240 ms ovfl timer
[    1.458094] kernel: clocksource: tsc: mask: 0xffffffffffffffff max_cycles: 0x2563bf907c6, max_idle_ns: 440795319401 ns
[    1.458171] kernel: clocksource: Switched to clocksource tsc
[    1.462836] kernel: Initialise system trusted keyrings
[    1.463118] kernel: workingset: timestamp_bits=56 max_order=22 bucket_order=0
[    1.477697] kernel: fuse: init (API version 7.34)
[    1.496891] kernel: cryptomgr_test (55) used greatest stack depth: 30544 bytes left
[    1.496944] kernel: Key type asymmetric registered
[    1.496951] kernel: Asymmetric key parser 'x509' registered
[    1.497137] kernel: Block layer SCSI generic (bsg) driver version 0.4 loaded (major 251)
[    1.497146] kernel: io scheduler mq-deadline registered
[    1.497151] kernel: io scheduler kyber registered
[    1.498199] kernel: input: Power Button as /devices/LNXSYSTM:00/LNXPWRBN:00/input/input0
[    1.498427] kernel: ACPI: button: Power Bttached scsi CD-ROM sr0
[    5.924105] kernel: sr 1:0:0:0: Attached scsi generic sg1 type 5
[    6.349675] kernel: input: ImExPS/2 Generic Explorer Mouse as /devices/platform/i8042/serio1/input/input3
[    6.369611] kernel: IP-Config: Guessing netmask 255.255.255.0
[    6.369623] kernel: IP-Config: Complete:
[    6.369626] kernel:      device=eth0, hwaddr=e6:c8:ff:09:76:38, ipaddr=192.168.0.56, mask=255.255.255.0, gw=255.255.255.255
[    6.369641] kernel:      host=192.168.0.56, domain=, nis-domain=(none)
[    6.369648] kernel:      bootserver=255.255.255.255, rootserver=255.255.255.255, rootpath=
[    6.369834] kernel: cfg80211: Loading compiled-in X.509 certificates for regulatory database
[    6.370749] kernel: kworker/u4:1 (69) used greatest stack depth: 28680 bytes left
[    6.375749] kernel: cfg80211: Loaded X.509 cert 'sforshee: 00b28ddf47aef9cea7'
[    6.375775] kernel: ALSA device list:
[    6.375779] kernel:   No soundcards found.
[    6.395440] kernel: platform regulatory.0: Direct firmware load for regulatory.db failed with error -2
[    6.395460] kernel: cfg80211: failed to load regulatory.db
[    6.395524] kernel: md: Waiting for all devices to be available before autodetect
[    6.395529] kernel: md: If you don't use raid, use raid=noautodetect
[    6.395533] kernel: md: Autodetecting RAID arrays.
[    6.395537] kernel: md: autorun ...
[    6.395539] kernel: md: ... autorun DONE.
[    6.417064] kernel: EXT4-fs (sda): mounted filesystem with ordered data mode. Opts: (null). Quota mode: none.
[    6.417139] kernel: VFS: Mounted root (ext4 filesystem) readonly on device 8:0.
[    6.419080] kernel: devtmpfs: mounted
[    6.421296] kernel: Freeing unused kernel image (initmem) memory: 2068K
[    6.421370] kernel: Write protecting the kernel read-only data: 57344k
[    6.424898] kernel: Freeing unused kernel image (text/rodata gap) memory: 2032K
[    6.425953] kernel: Freeing unused kernel image (rodata/data gap) memory: 988K
[    6.425976] kernel: Run /sutton [PWRF]
[    2.337721] kernel: ACPI: \_SB_.LNKC: Enabled at IRQ 11
[    3.064040] kernel: ACPI: \_SB_.LNKD: Enabled at IRQ 10
[    3.841916] kernel: ACPI: \_SB_.LNKA: Enabled at IRQ 10
[    3.843576] kernel: Serial: 8250/16550 driver, 4 ports, IRQ sharing enabled
[    3.843873] kernel: 00:05: ttyS0 at I/O 0x3f8 (irq = 4, base_baud = 115200) is a 16550A
[    3.845997] kernel: Non-volatile memory driver v1.3
[    3.846154] kernel: Linux agpgart interface v0.103
[    3.855566] kernel: loop: module loaded
[    3.857131] kernel: virtio_blk virtio2: [vda] 1024000 512-byte logical blocks (524 MB/500 MiB)
[    3.859600] kernel: ata_piix 0000:00:01.1: version 2.13
[    3.875199] kernel: scsi host0: ata_piix
[    3.876722] kernel: scsi host1: ata_piix
[    3.876966] kernel: ata1: PATA max MWDMA2 cmd 0x1f0 ctl 0x3f6 bmdma 0xc0c0 irq 14
[    3.876980] kernel: ata2: PATA max MWDMA2 cmd 0x170 ctl 0x376 bmdma 0xc0c8 irq 15
[    3.878534] kernel: libphy: Fixed MDIO Bus: probed
[    3.902484] kerbin/init as init process
[    6.425980] kernel:   with arguments:
[    6.425994] kernel:     /sbin/init
[    6.425998] kernel:   with environment:
[    6.426001] kernel:     HOME=/
[    6.426005] kernel:     TERM=linux
[    6.592831] kernel: random: fast init done
[    6.752389] kernel: IPv6: ADDRCONF(NETDEV_CHANGE): eth0: link becomes ready
[    6.877681] systemd[1]: systemd 245.4-4ubuntu3 running in system mode. (+PAM +AUDIT +SELINUX +IMA +APPARMOR +SMACK +SYSVINIT +UTMP +LIBCRYPTSETUP +GCRYPT +GNUTLS +ACL +XZ +LZ4 +SECCOMP +BLKID +ELFUTILS +KMOD +IDN2 -IDN +PCRE2 default-hierarchy=hybrid)
[    6.877914] systemd[1]: Detected virtualization kvm.
[    6.877927] systemd[1]: Detected architecture x86-64.
[    6.888627] systemd[1]: Set hostname to <dfs-fuzzing>.
[    7.031937] kernel: systemd-debug-g (80) used greatest stack depth: 26968 bytes left
[    7.057582] kernel: systemd-rc-loca (85) used greatest stack depth: 26240 bytes left
[    7.074281] kernel: systemd-getty-g (82) used greanel: e100: Intel(R) PRO/100 Network Driver
[    3.902500] kernel: e100: Copyright(c) 1999-2006 Intel Corporation
[    3.902549] kernel: e1000: Intel(R) PRO/1000 Network Driver
[    3.902554] kernel: e1000: Copyright (c) 1999-2006 Intel Corporation.
[    3.902620] kernel: e1000e: Intel(R) PRO/1000 Network Driver
[    3.902624] kernel: e1000e: Copyright(c) 1999 - 2015 Intel Corporation.
[    3.902718] kernel: sky2: driver version 1.30
[    3.904087] kernel: ehci_hcd: USB 2.0 'Enhanced' Host Controller (EHCI) Driver
[    3.904094] kernel: ehci-pci: EHCI PCI platform driver
[    3.904165] kernel: ohci_hcd: USB 1.1 'Open' Host Controller (OHCI) Driver
[    3.904180] kernel: ohci-pci: OHCI PCI platform driver
[    3.904219] kernel: uhci_hcd: USB Universal Host Controller Interface driver
[    3.904534] kernel: usbcore: registered new interface driver usblp
[    3.904603] kernel: usbcore: registered new interface driver usb-storage
[    3.904784] kernel: i8042: PNP: PS/2 Controller [PNP0303:test stack depth: 25920 bytes left
[    7.164985] kernel: systemd-sysv-ge (88) used greatest stack depth: 25912 bytes left
[    7.212072] kernel: random: crng init done
[    7.340313] systemd[1]: /lib/systemd/system/dbus.socket:5: ListenStream= references a path below legacy directory /var/run/, updating /var/run/dbus/system_bus_socket  /run/dbus/system_bus_socket; please update the unit file accordingly.
