
Ubuntu 20.04 LTS dfs-fuzzing ttyS0


Ubuntu 20.04 LTS dfs-fuzzing ttyS0


Ubuntu 20.04 LTS dfs-fuzzing ttyS0

2023/03/06 07:13:34 fuzzer started
2023/03/06 07:13:34 dialing manager at localhost:33783
2023/03/06 07:13:34 connecting to manager...
2023/03/06 07:13:34 syscalls: 130
2023/03/06 07:13:34 code coverage: enabled
2023/03/06 07:13:34 comparison tracing: enabled
2023/03/06 07:13:34 extra coverage: enabled
2023/03/06 07:13:34 setuid sandbox: enabled
2023/03/06 07:13:34 namespace sandbox: /proc/self/ns/user does not exist
2023/03/06 07:13:34 Android sandbox: /sys/fs/selinux/policy can't be opened (open /sys/fs/selinux/policy: invalid argument)
2023/03/06 07:13:34 fault injection: CONFIG_FAULT_INJECTION_DEBUG_FS or CONFIG_FAILSLAB are not enabled
2023/03/06 07:13:34 leak checking: CONFIG_DEBUG_KMEMLEAK is not enabled
2023/03/06 07:13:34 net packet injection: /dev/net/tun does not exist
2023/03/06 07:13:34 net device setup: enabled
2023/03/06 07:13:34 concurrency sanitizer: /sys/kernel/debug/kcsan does not exist
2023/03/06 07:13:34 devlink PCI setup: enabled
2023/03/06 07:13:34 USB emulation: /dev/raw-gadget does not exist
2023/03/06 07:13:34 hci packet injection: /dev/vhci does not exist
2023/03/06 07:13:34 wifi device emulation: /sys/class/mac80211_hwsim/ does not exist
2023/03/06 07:13:34 802.15.4 emulation: /sys/bus/platform/devices/mac802154_hwsim does not exist
2023/03/06 07:13:35 poll: candidates=0 inputs=50 signal=2000
2023/03/06 07:13:35 deserializeInput: hasCrash true hasNet false
2023/03/06 07:13:35 prog length: 6
2023/03/06 07:13:35 prog length: 5
2023/03/06 07:13:35 deserializeInput: hasCrash true hasNet false
2023/03/06 07:13:35 prog length: 6
2023/03/06 07:13:35 prog length: 6
2023/03/06 07:13:35 prog length: 5
2023/03/06 07:13:35 deserializeInput: hasCrash true hasNet false
2023/03/06 07:13:35 prog length: 6
2023/03/06 07:13:35 prog length: 8
2023/03/06 07:13:35 deserializeInput: hasCrash true hasNet false
2023/03/06 07:13:35 prog length: 6
2023/03/06 07:13:35 prog length: 6
2023/03/06 07:13:35 prog length: 5
2023/03/06 07:13:35 deserializeInput: hasCrash true hasNet false
2023/03/06 07:13:35 prog length: 6
2023/03/06 07:13:35 prog length: 6
2023/03/06 07:13:35 prog length: 7
2023/03/06 07:13:35 deserializeInput: hasCrash true hasNet false
2023/03/06 07:13:35 prog length: 6
2023/03/06 07:13:35 prog length: 6
2023/03/06 07:13:35 prog length: 6
2023/03/06 07:13:35 deserializeInput: hasCrash false hasNet false
2023/03/06 07:13:35 prog length: 3
2023/03/06 07:13:35 deserializeInput: hasCrash true hasNet false
2023/03/06 07:13:35 prog length: 6
2023/03/06 07:13:35 prog length: 6
2023/03/06 07:13:35 prog length: 5
2023/03/06 07:13:35 deserializeInput: hasCrash true hasNet true
2023/03/06 07:13:35 prog length: 6
2023/03/06 07:13:35 prog length: 6
2023/03/06 07:13:35 prog length: 6
2023/03/06 07:13:35 prog length: 8
2023/03/06 07:13:35 deserializeInput: hasCrash true hasNet false
2023/03/06 07:13:35 prog length: 6
2023/03/06 07:13:35 prog length: 6
2023/03/06 07:13:35 prog length: 5
2023/03/06 07:13:35 deserializeInput: hasCrash true hasNet false
2023/03/06 07:13:35 prog length: 6
2023/03/06 07:13:35 prog length: 6
2023/03/06 07:13:35 prog length: 8
2023/03/06 07:13:35 deserializeInput: hasCrash false hasNet false
2023/03/06 07:13:35 prog length: 1
2023/03/06 07:13:35 deserializeInput: hasCrash true hasNet false
2023/03/06 07:13:35 prog length: 6
2023/03/06 07:13:35 prog length: 4
2023/03/06 07:13:35 deserializeInput: hasCrash true hasNet false
2023/03/06 07:13:35 prog length: 6
2023/03/06 07:13:35 prog length: 5
2023/03/06 07:13:35 deserializeInput: hasCrash true hasNet false
2023/03/06 07:13:35 prog length: 6
2023/03/06 07:13:35 prog length: 5
2023/03/06 07:13:35 deserializeInput: hasCrash true hasNet false
2023/03/06 07:13:35 prog length: 6
2023/03/06 07:13:35 prog length: 4
2023/03/06 07:13:35 deserializeInput: hasCrash false hasNet false
2023/03/06 07:13:35 prog length: 2
2023/03/06 07:13:35 deserializeInput: hasCrash true hasNet false
2023/03/06 07:13:35 prog length: 6
2023/03/06 07:13:35 prog length: 4
2023/03/06 07:13:35 deserializeInput: hasCrash true hasNet false
2023/03/06 07:13:35 prog length: 6
2023/03/06 07:13:35 prog length: 6
2023/03/06 07:13:35 prog length: 6
2023/03/06 07:13:35 deserializeInput: hasCrash true hasNet false
2023/03/06 07:13:35 prog length: 6
2023/03/06 07:13:35 prog length: 6
2023/03/06 07:13:35 prog length: 11
2023/03/06 07:13:35 deserializeInput: hasCrash true hasNet false
2023/03/06 07:13:35 prog length: 6
2023/03/06 07:13:35 prog length: 6
2023/03/06 07:13:35 prog length: 6
2023/03/06 07:13:35 deserializeInput: hasCrash true hasNet false
2023/03/06 07:13:35 prog length: 6
2023/03/06 07:13:35 prog length: 6
2023/03/06 07:13:35 prog length: 10
2023/03/06 07:13:35 deserializeInput: hasCrash true hasNet false
2023/03/06 07:13:35 prog length: 6
2023/03/06 07:13:35 prog length: 6
2023/03/06 07:13:35 prog length: 6
2023/03/06 07:13:35 deserializeInput: hasCrash true hasNet false
2023/03/06 07:13:35 prog length: 6
2023/03/06 07:13:35 prog length: 6
2023/03/06 07:13:35 prog length: 7
2023/03/06 07:13:35 deserializeInput: hasCrash true hasNet false
2023/03/06 07:13:35 prog length: 6
2023/03/06 07:13:35 prog length: 6
2023/03/06 07:13:35 prog length: 6
2023/03/06 07:13:35 deserializeInput: hasCrash true hasNet true
2023/03/06 07:13:35 prog length: 6
2023/03/06 07:13:35 prog length: 6
2023/03/06 07:13:35 prog length: 6
2023/03/06 07:13:35 prog length: 15
2023/03/06 07:13:35 deserializeInput: hasCrash true hasNet false
2023/03/06 07:13:35 prog length: 6
2023/03/06 07:13:35 prog length: 4
2023/03/06 07:13:35 deserializeInput: hasCrash true hasNet true
2023/03/06 07:13:35 prog length: 6
2023/03/06 07:13:35 prog length: 6
2023/03/06 07:13:35 prog length: 6
2023/03/06 07:13:35 prog length: 9
2023/03/06 07:13:35 deserializeInput: hasCrash true hasNet false
2023/03/06 07:13:35 prog length: 6
2023/03/06 07:13:35 prog length: 6
2023/03/06 07:13:35 prog length: 7
2023/03/06 07:13:35 deserializeInput: hasCrash true hasNet false
2023/03/06 07:13:35 prog length: 6
2023/03/06 07:13:35 prog length: 6
2023/03/06 07:13:35 prog length: 13
2023/03/06 07:13:35 deserializeInput: hasCrash true hasNet false
2023/03/06 07:13:35 prog length: 6
2023/03/06 07:13:35 prog length: 4
2023/03/06 07:13:35 deserializeInput: hasCrash true hasNet false
2023/03/06 07:13:35 prog length: 6
2023/03/06 07:13:35 prog length: 6
2023/03/06 07:13:35 prog length: 6
2023/03/06 07:13:35 prog length: 7
2023/03/06 07:13:35 deserializeInput: hasCrash true hasNet false
2023/03/06 07:13:35 prog length: 6
2023/03/06 07:13:35 prog length: 6
2023/03/06 07:13:35 prog length: 10
2023/03/06 07:13:35 deserializeInput: hasCrash true hasNet false
2023/03/06 07:13:35 prog length: 6
2023/03/06 07:13:35 prog length: 6
2023/03/06 07:13:35 prog length: 6
2023/03/06 07:13:35 deserializeInput: hasCrash true hasNet false
2023/03/06 07:13:35 prog length: 6
2023/03/06 07:13:35 prog length: 5
2023/03/06 07:13:35 deserializeInput: hasCrash true hasNet false
2023/03/06 07:13:35 prog length: 6
2023/03/06 07:13:35 prog length: 6
2023/03/06 07:13:35 prog length: 5
2023/03/06 07:13:35 deserializeInput: hasCrash true hasNet false
2023/03/06 07:13:35 prog length: 6
2023/03/06 07:13:35 prog length: 6
2023/03/06 07:13:35 prog length: 5
2023/03/06 07:13:35 deserializeInput: hasCrash false hasNet false
2023/03/06 07:13:35 prog length: 1
2023/03/06 07:13:35 deserializeInput: hasCrash false hasNet false
2023/03/06 07:13:35 prog length: 3
2023/03/06 07:13:35 deserializeInput: hasCrash true hasNet false
2023/03/06 07:13:35 prog length: 6
2023/03/06 07:13:35 prog length: 5
2023/03/06 07:13:35 deserializeInput: hasCrash true hasNet false
2023/03/06 07:13:35 prog length: 6
2023/03/06 07:13:35 prog length: 5
2023/03/06 07:13:35 deserializeInput: hasCrash true hasNet false
2023/03/06 07:13:35 prog length: 6
2023/03/06 07:13:35 prog length: 6
2023/03/06 07:13:35 prog length: 5
2023/03/06 07:13:35 deserializeInput: hasCrash true hasNet false
2023/03/06 07:13:35 prog length: 6
2023/03/06 07:13:35 prog length: 5
2023/03/06 07:13:35 deserializeInput: hasCrash true hasNet false
2023/03/06 07:13:35 prog length: 6
2023/03/06 07:13:35 prog length: 5
2023/03/06 07:13:35 deserializeInput: hasCrash true hasNet false
2023/03/06 07:13:35 prog length: 6
2023/03/06 07:13:35 prog length: 6
2023/03/06 07:13:35 prog length: 5
2023/03/06 07:13:35 deserializeInput: hasCrash true hasNet false
2023/03/06 07:13:35 prog length: 6
2023/03/06 07:13:35 prog length: 6
2023/03/06 07:13:35 prog length: 7
2023/03/06 07:13:35 deserializeInput: hasCrash true hasNet false
2023/03/06 07:13:35 prog length: 6
2023/03/06 07:13:35 prog length: 6
2023/03/06 07:13:35 prog length: 5
2023/03/06 07:13:35 deserializeInput: hasCrash true hasNet false
2023/03/06 07:13:35 prog length: 6
2023/03/06 07:13:35 prog length: 5
2023/03/06 07:13:35 deserializeInput: hasCrash true hasNet false
2023/03/06 07:13:35 prog length: 6
2023/03/06 07:13:35 prog length: 6
2023/03/06 07:13:35 prog length: 6
2023/03/06 07:13:35 deserializeInput: hasCrash true hasNet false
2023/03/06 07:13:35 prog length: 6
2023/03/06 07:13:35 prog length: 8
2023/03/06 07:13:35 fetching corpus: 50, signal 7031/60102/66469 (executing program)
2023/03/06 07:13:36 poll: candidates=0 inputs=50 signal=2000
2023/03/06 07:13:36 deserializeInput: hasCrash true hasNet false
2023/03/06 07:13:36 prog length: 6
2023/03/06 07:13:36 prog length: 6
2023/03/06 07:13:36 prog length: 7
2023/03/06 07:13:36 deserializeInput: hasCrash true hasNet false
2023/03/06 07:13:36 prog length: 6
2023/03/06 07:13:36 prog length: 6
2023/03/06 07:13:36 prog length: 7
2023/03/06 07:13:36 deserializeInput: hasCrash true hasNet false
2023/03/06 07:13:36 prog length: 6
2023/03/06 07:13:36 prog length: 6
2023/03/06 07:13:36 prog length: 6
2023/03/06 07:13:36 deserializeInput: hasCrash true hasNet false
2023/03/06 07:13:36 prog length: 6
2023/03/06 07:13:36 prog length: 6
2023/03/06 07:13:36 prog length: 5
2023/03/06 07:13:36 deserializeInput: hasCrash true hasNet false
2023/03/06 07:13:36 prog length: 6
2023/03/06 07:13:36 prog length: 6
2023/03/06 07:13:36 deserializeInput: hasCrash true hasNet false
2023/03/06 07:13:36 prog length: 6
2023/03/06 07:13:36 prog length: 6
2023/03/06 07:13:36 prog length: 5
2023/03/06 07:13:36 deserializeInput: hasCrash true hasNet false
2023/03/06 07:13:36 prog length: 6
2023/03/06 07:13:36 prog length: 4
2023/03/06 07:13:36 deserializeInput: hasCrash false hasNet false
2023/03/06 07:13:36 prog length: 2
2023/03/06 07:13:36 deserializeInput: hasCrash true hasNet false
2023/03/06 07:13:36 prog length: 6
2023/03/06 07:13:36 prog length: 6
2023/03/06 07:13:36 prog length: 7
2023/03/06 07:13:36 deserializeInput: hasCrash true hasNet false
2023/03/06 07:13:36 prog length: 6
2023/03/06 07:13:36 prog length: 6
2023/03/06 07:13:36 prog length: 7
2023/03/06 07:13:36 deserializeInput: hasCrash true hasNet false
2023/03/06 07:13:36 prog length: 6
2023/03/06 07:13:36 prog length: 6
2023/03/06 07:13:36 prog length: 6
2023/03/06 07:13:36 prog length: 7
2023/03/06 07:13:36 deserializeInput: hasCrash true hasNet false
2023/03/06 07:13:36 prog length: 6
2023/03/06 07:13:36 prog length: 6
2023/03/06 07:13:36 prog length: 8
2023/03/06 07:13:36 deserializeInput: hasCrash true hasNet false
2023/03/06 07:13:36 prog length: 6
2023/03/06 07:13:36 prog length: 5
2023/03/06 07:13:36 deserializeInput: hasCrash false hasNet false
2023/03/06 07:13:36 prog length: 2
2023/03/06 07:13:36 deserializeInput: hasCrash true hasNet false
2023/03/06 07:13:36 prog length: 6
2023/03/06 07:13:36 prog length: 6
2023/03/06 07:13:36 prog length: 5
2023/03/06 07:13:36 deserializeInput: hasCrash true hasNet false
2023/03/06 07:13:36 prog length: 6
2023/03/06 07:13:36 prog length: 6
2023/03/06 07:13:36 prog length: 8
2023/03/06 07:13:36 deserializeInput: hasCrash true hasNet false
2023/03/06 07:13:36 prog length: 6
2023/03/06 07:13:36 prog length: 3
2023/03/06 07:13:36 deserializeInput: hasCrash true hasNet false
2023/03/06 07:13:36 prog length: 6
2023/03/06 07:13:36 prog length: 6
2023/03/06 07:13:36 prog length: 8
2023/03/06 07:13:36 deserializeInput: hasCrash true hasNet false
2023/03/06 07:13:36 prog length: 6
2023/03/06 07:13:36 prog length: 5
2023/03/06 07:13:36 deserializeInput: hasCrash true hasNet false
2023/03/06 07:13:36 prog length: 6
2023/03/06 07:13:36 prog length: 4
2023/03/06 07:13:36 deserializeInput: hasCrash true hasNet false
2023/03/06 07:13:36 prog length: 6
2023/03/06 07:13:36 prog length: 5
2023/03/06 07:13:36 deserializeInput: hasCrash true hasNet false
2023/03/06 07:13:36 prog length: 6
2023/03/06 07:13:36 prog length: 5
2023/03/06 07:13:36 deserializeInput: hasCrash true hasNet false
2023/03/06 07:13:36 prog length: 6
2023/03/06 07:13:36 prog length: 6
2023/03/06 07:13:36 prog length: 6
2023/03/06 07:13:36 prog length: 7
2023/03/06 07:13:36 deserializeInput: hasCrash true hasNet false
2023/03/06 07:13:36 prog length: 6
2023/03/06 07:13:36 prog length: 6
2023/03/06 07:13:36 prog length: 6
2023/03/06 07:13:36 deserializeInput: hasCrash true hasNet false
2023/03/06 07:13:36 prog length: 6
2023/03/06 07:13:36 prog length: 6
2023/03/06 07:13:36 prog length: 9
2023/03/06 07:13:36 deserializeInput: hasCrash true hasNet false
2023/03/06 07:13:36 prog length: 6
2023/03/06 07:13:36 prog length: 6
2023/03/06 07:13:36 prog length: 7
2023/03/06 07:13:36 deserializeInput: hasCrash true hasNet false
2023/03/06 07:13:36 prog length: 6
2023/03/06 07:13:36 prog length: 3
2023/03/06 07:13:36 deserializeInput: hasCrash false hasNet false
2023/03/06 07:13:36 prog length: 3
2023/03/06 07:13:36 deserializeInput: hasCrash true hasNet false
2023/03/06 07:13:36 prog length: 6
2023/03/06 07:13:36 prog length: 6
2023/03/06 07:13:36 prog length: 8
2023/03/06 07:13:36 deserializeInput: hasCrash true hasNet false
2023/03/06 07:13:36 prog length: 6
2023/03/06 07:13:36 prog length: 6
2023/03/06 07:13:36 deserializeInput: hasCrash true hasNet false
2023/03/06 07:13:36 prog length: 6
2023/03/06 07:13:36 prog length: 6
2023/03/06 07:13:36 prog length: 7
2023/03/06 07:13:36 deserializeInput: hasCrash true hasNet false
2023/03/06 07:13:36 prog length: 6
2023/03/06 07:13:36 prog length: 6
2023/03/06 07:13:36 prog length: 11
2023/03/06 07:13:36 deserializeInput: hasCrash true hasNet false
2023/03/06 07:13:36 prog length: 6
2023/03/06 07:13:36 prog length: 3
2023/03/06 07:13:36 deserializeInput: hasCrash true hasNet false
2023/03/06 07:13:36 prog length: 6
2023/03/06 07:13:36 prog length: 6
2023/03/06 07:13:36 prog length: 7
2023/03/06 07:13:36 deserializeInput: hasCrash false hasNet false
2023/03/06 07:13:36 prog length: 2
2023/03/06 07:13:36 deserializeInput: hasCrash true hasNet false
2023/03/06 07:13:36 prog length: 6
2023/03/06 07:13:36 prog length: 6
2023/03/06 07:13:36 prog length: 6
2023/03/06 07:13:36 deserializeInput: hasCrash false hasNet false
2023/03/06 07:13:36 prog length: 2
2023/03/06 07:13:36 deserializeInput: hasCrash true hasNet false
2023/03/06 07:13:36 prog length: 6
2023/03/06 07:13:36 prog length: 6
2023/03/06 07:13:36 prog length: 10
2023/03/06 07:13:36 deserializeInput: hasCrash false hasNet false
2023/03/06 07:13:36 prog length: 3
2023/03/06 07:13:36 deserializeInput: hasCrash true hasNet false
2023/03/06 07:13:36 prog length: 6
2023/03/06 07:13:36 prog length: 4
2023/03/06 07:13:36 deserializeInput: hasCrash true hasNet false
2023/03/06 07:13:36 prog length: 6
2023/03/06 07:13:36 prog length: 4
2023/03/06 07:13:36 deserializeInput: hasCrash false hasNet false
2023/03/06 07:13:36 prog length: 12
2023/03/06 07:13:36 deserializeInput: hasCrash true hasNet false
2023/03/06 07:13:36 prog length: 6
2023/03/06 07:13:36 prog length: 6
2023/03/06 07:13:36 prog length: 5
2023/03/06 07:13:36 deserializeInput: hasCrash true hasNet false
2023/03/06 07:13:36 prog length: 6
2023/03/06 07:13:36 prog length: 6
2023/03/06 07:13:36 prog length: 6
2023/03/06 07:13:36 prog length: 7
2023/03/06 07:13:36 deserializeInput: hasCrash true hasNet false
2023/03/06 07:13:36 prog length: 6
2023/03/06 07:13:36 prog length: 3
2023/03/06 07:13:36 deserializeInput: hasCrash true hasNet false
2023/03/06 07:13:36 prog length: 6
2023/03/06 07:13:36 prog length: 6
2023/03/06 07:13:36 prog length: 6
2023/03/06 07:13:36 prog length: 7
2023/03/06 07:13:36 deserializeInput: hasCrash true hasNet false
2023/03/06 07:13:36 prog length: 6
2023/03/06 07:13:36 prog length: 8
2023/03/06 07:13:36 deserializeInput: hasCrash true hasNet false
2023/03/06 07:13:36 prog length: 6
2023/03/06 07:13:36 prog length: 6
2023/03/06 07:13:36 prog length: 7
2023/03/06 07:13:36 deserializeInput: hasCrash true hasNet false
2023/03/06 07:13:36 prog length: 6
2023/03/06 07:13:36 prog length: 6
2023/03/06 07:13:36 prog length: 6
2023/03/06 07:13:36 prog length: 7
2023/03/06 07:13:36 deserializeInput: hasCrash true hasNet false
2023/03/06 07:13:36 prog length: 6
2023/03/06 07:13:36 prog length: 3
2023/03/06 07:13:36 fetching corpus: 100, signal 7719/74704/82300 (executing program)
2023/03/06 07:13:37 poll: candidates=0 inputs=50 signal=2000
2023/03/06 07:13:37 deserializeInput: hasCrash true hasNet false
2023/03/06 07:13:37 prog length: 6
2023/03/06 07:13:37 prog length: 5
2023/03/06 07:13:37 deserializeInput: hasCrash true hasNet false
2023/03/06 07:13:37 prog length: 6
2023/03/06 07:13:37 prog length: 5
2023/03/06 07:13:37 deserializeInput: hasCrash true hasNet false
2023/03/06 07:13:37 prog length: 6
2023/03/06 07:13:37 prog length: 6
2023/03/06 07:13:37 prog length: 5
2023/03/06 07:13:37 deserializeInput: hasCrash true hasNet false
2023/03/06 07:13:37 prog length: 6
2023/03/06 07:13:37 prog length: 6
2023/03/06 07:13:37 prog length: 6
2023/03/06 07:13:37 deserializeInput: hasCrash true hasNet false
2023/03/06 07:13:37 prog length: 6
2023/03/06 07:13:37 prog length: 6
2023/03/06 07:13:37 prog length: 7
2023/03/06 07:13:37 deserializeInput: hasCrash true hasNet false
2023/03/06 07:13:37 prog length: 6
2023/03/06 07:13:37 prog length: 6
2023/03/06 07:13:37 prog length: 9
2023/03/06 07:13:37 deserializeInput: hasCrash false hasNet false
2023/03/06 07:13:37 prog length: 3
2023/03/06 07:13:37 deserializeInput: hasCrash true hasNet false
2023/03/06 07:13:37 prog length: 6
2023/03/06 07:13:37 prog length: 6
2023/03/06 07:13:37 prog length: 6
2023/03/06 07:13:37 deserializeInput: hasCrash true hasNet false
2023/03/06 07:13:37 prog length: 6
2023/03/06 07:13:37 prog length: 6
2023/03/06 07:13:37 prog length: 7
2023/03/06 07:13:37 deserializeInput: hasCrash true hasNet false
2023/03/06 07:13:37 prog length: 6
2023/03/06 07:13:37 prog length: 3
2023/03/06 07:13:37 deserializeInput: hasCrash true hasNet false
2023/03/06 07:13:37 prog length: 6
2023/03/06 07:13:37 prog length: 6
2023/03/06 07:13:37 prog length: 6
2023/03/06 07:13:37 prog length: 7
2023/03/06 07:13:37 deserializeInput: hasCrash true hasNet false
2023/03/06 07:13:37 prog length: 6
2023/03/06 07:13:37 prog length: 5
2023/03/06 07:13:37 deserializeInput: hasCrash true hasNet false
2023/03/06 07:13:37 prog length: 6
2023/03/06 07:13:37 prog length: 5
2023/03/06 07:13:37 deserializeInput: hasCrash true hasNet false
2023/03/06 07:13:37 prog length: 6
2023/03/06 07:13:37 prog length: 4
2023/03/06 07:13:37 deserializeInput: hasCrash true hasNet false
2023/03/06 07:13:37 prog length: 6
2023/03/06 07:13:37 prog length: 6
2023/03/06 07:13:37 prog length: 7
2023/03/06 07:13:37 deserializeInput: hasCrash false hasNet false
2023/03/06 07:13:37 prog length: 2
2023/03/06 07:13:37 deserializeInput: hasCrash true hasNet false
2023/03/06 07:13:37 prog length: 6
2023/03/06 07:13:37 prog length: 6
2023/03/06 07:13:37 prog length: 5
2023/03/06 07:13:37 deserializeInput: hasCrash true hasNet false
2023/03/06 07:13:37 prog length: 6
2023/03/06 07:13:37 prog length: 3
2023/03/06 07:13:37 deserializeInput: hasCrash true hasNet false
2023/03/06 07:13:37 prog length: 6
2023/03/06 07:13:37 prog length: 6
2023/03/06 07:13:37 prog length: 5
2023/03/06 07:13:37 deserializeInput: hasCrash true hasNet false
2023/03/06 07:13:37 prog length: 6
2023/03/06 07:13:37 prog length: 13
2023/03/06 07:13:37 deserializeInput: hasCrash true hasNet false
2023/03/06 07:13:37 prog length: 6
2023/03/06 07:13:37 prog length: 6
2023/03/06 07:13:37 prog length: 7
2023/03/06 07:13:37 deserializeInput: hasCrash true hasNet false
2023/03/06 07:13:37 prog length: 6
2023/03/06 07:13:37 prog length: 6
2023/03/06 07:13:37 prog length: 9
2023/03/06 07:13:37 deserializeInput: hasCrash true hasNet false
2023/03/06 07:13:37 prog length: 6
2023/03/06 07:13:37 prog length: 5
2023/03/06 07:13:37 deserializeInput: hasCrash true hasNet false
2023/03/06 07:13:37 prog length: 6
2023/03/06 07:13:37 prog length: 6
2023/03/06 07:13:37 prog length: 5
2023/03/06 07:13:37 deserializeInput: hasCrash true hasNet false
2023/03/06 07:13:37 prog length: 6
2023/03/06 07:13:37 prog length: 6
2023/03/06 07:13:37 prog length: 5
2023/03/06 07:13:37 deserializeInput: hasCrash true hasNet false
2023/03/06 07:13:37 prog length: 6
2023/03/06 07:13:37 prog length: 3
2023/03/06 07:13:37 deserializeInput: hasCrash true hasNet false
2023/03/06 07:13:37 prog length: 6
2023/03/06 07:13:37 prog length: 6
2023/03/06 07:13:37 prog length: 6
2023/03/06 07:13:37 deserializeInput: hasCrash true hasNet false
2023/03/06 07:13:37 prog length: 6
2023/03/06 07:13:37 prog length: 6
2023/03/06 07:13:37 prog length: 7
2023/03/06 07:13:37 deserializeInput: hasCrash true hasNet false
2023/03/06 07:13:37 prog length: 6
2023/03/06 07:13:37 prog length: 6
2023/03/06 07:13:37 prog length: 5
2023/03/06 07:13:37 deserializeInput: hasCrash true hasNet false
2023/03/06 07:13:37 prog length: 6
2023/03/06 07:13:37 prog length: 6
2023/03/06 07:13:37 prog length: 5
2023/03/06 07:13:37 deserializeInput: hasCrash true hasNet false
2023/03/06 07:13:37 prog length: 6
2023/03/06 07:13:37 prog length: 6
2023/03/06 07:13:37 prog length: 9
2023/03/06 07:13:37 deserializeInput: hasCrash true hasNet false
2023/03/06 07:13:37 prog length: 6
2023/03/06 07:13:37 prog length: 6
2023/03/06 07:13:37 prog length: 8
2023/03/06 07:13:37 deserializeInput: hasCrash false hasNet false
2023/03/06 07:13:37 prog length: 3
2023/03/06 07:13:37 deserializeInput: hasCrash true hasNet false
2023/03/06 07:13:37 prog length: 6
2023/03/06 07:13:37 prog length: 6
2023/03/06 07:13:37 prog length: 6
2023/03/06 07:13:37 deserializeInput: hasCrash true hasNet false
2023/03/06 07:13:37 prog length: 6
2023/03/06 07:13:37 prog length: 6
2023/03/06 07:13:37 prog length: 6
2023/03/06 07:13:37 deserializeInput: hasCrash false hasNet false
2023/03/06 07:13:37 prog length: 1
2023/03/06 07:13:37 deserializeInput: hasCrash true hasNet false
2023/03/06 07:13:37 prog length: 6
2023/03/06 07:13:37 prog length: 6
2023/03/06 07:13:37 prog length: 8
2023/03/06 07:13:37 deserializeInput: hasCrash true hasNet false
2023/03/06 07:13:37 prog length: 6
2023/03/06 07:13:37 prog length: 7
2023/03/06 07:13:37 deserializeInput: hasCrash true hasNet false
2023/03/06 07:13:37 prog length: 6
2023/03/06 07:13:37 prog length: 6
2023/03/06 07:13:37 prog length: 6
2023/03/06 07:13:37 prog length: 7
2023/03/06 07:13:37 deserializeInput: hasCrash true hasNet false
2023/03/06 07:13:37 prog length: 6
2023/03/06 07:13:37 prog length: 5
2023/03/06 07:13:37 deserializeInput: hasCrash true hasNet false
2023/03/06 07:13:37 prog length: 6
2023/03/06 07:13:37 prog length: 6
2023/03/06 07:13:37 prog length: 6
2023/03/06 07:13:37 prog length: 7
2023/03/06 07:13:37 deserializeInput: hasCrash true hasNet false
2023/03/06 07:13:37 prog length: 6
2023/03/06 07:13:37 prog length: 6
2023/03/06 07:13:37 prog length: 7
2023/03/06 07:13:37 deserializeInput: hasCrash true hasNet false
2023/03/06 07:13:37 prog length: 6
2023/03/06 07:13:37 prog length: 6
2023/03/06 07:13:37 deserializeInput: hasCrash true hasNet false
2023/03/06 07:13:37 prog length: 6
2023/03/06 07:13:37 prog length: 6
2023/03/06 07:13:37 prog length: 6
2023/03/06 07:13:37 prog length: 7
2023/03/06 07:13:37 deserializeInput: hasCrash true hasNet false
2023/03/06 07:13:37 prog length: 6
2023/03/06 07:13:37 prog length: 6
2023/03/06 07:13:37 prog length: 7
2023/03/06 07:13:37 deserializeInput: hasCrash true hasNet false
2023/03/06 07:13:37 prog length: 6
2023/03/06 07:13:37 prog length: 3
2023/03/06 07:13:37 deserializeInput: hasCrash true hasNet false
2023/03/06 07:13:37 prog length: 6
2023/03/06 07:13:37 prog length: 3
2023/03/06 07:13:37 deserializeInput: hasCrash true hasNet false
2023/03/06 07:13:37 prog length: 6
2023/03/06 07:13:37 prog length: 6
2023/03/06 07:13:37 prog length: 6
2023/03/06 07:13:37 prog length: 7
2023/03/06 07:13:37 deserializeInput: hasCrash true hasNet false
2023/03/06 07:13:37 prog length: 6
2023/03/06 07:13:37 prog length: 4
2023/03/06 07:13:37 deserializeInput: hasCrash true hasNet false
2023/03/06 07:13:37 prog length: 6
2023/03/06 07:13:37 prog length: 6
2023/03/06 07:13:37 prog length: 6
2023/03/06 07:13:37 fetching corpus: 150, signal 8857/80128/89443 (executing program)
2023/03/06 07:13:37 poll: candidates=0 inputs=33 signal=2000
2023/03/06 07:13:37 deserializeInput: hasCrash true hasNet false
2023/03/06 07:13:37 prog length: 6
2023/03/06 07:13:37 prog length: 6
2023/03/06 07:13:37 prog length: 11
2023/03/06 07:13:37 deserializeInput: hasCrash true hasNet false
2023/03/06 07:13:37 prog length: 6
2023/03/06 07:13:37 prog length: 6
2023/03/06 07:13:37 prog length: 10
2023/03/06 07:13:37 deserializeInput: hasCrash true hasNet false
2023/03/06 07:13:37 prog length: 6
2023/03/06 07:13:37 prog length: 6
2023/03/06 07:13:37 prog length: 8
2023/03/06 07:13:37 deserializeInput: hasCrash true hasNet false
2023/03/06 07:13:37 prog length: 6
2023/03/06 07:13:37 prog length: 6
2023/03/06 07:13:37 prog length: 7
2023/03/06 07:13:37 deserializeInput: hasCrash true hasNet false
2023/03/06 07:13:37 prog length: 6
2023/03/06 07:13:37 prog length: 6
2023/03/06 07:13:37 prog length: 5
2023/03/06 07:13:37 deserializeInput: hasCrash true hasNet false
2023/03/06 07:13:37 prog length: 6
2023/03/06 07:13:37 prog length: 6
2023/03/06 07:13:37 prog length: 6
2023/03/06 07:13:37 deserializeInput: hasCrash true hasNet false
2023/03/06 07:13:37 prog length: 6
2023/03/06 07:13:37 prog length: 6
2023/03/06 07:13:37 prog length: 5
2023/03/06 07:13:37 deserializeInput: hasCrash true hasNet false
2023/03/06 07:13:37 prog length: 6
2023/03/06 07:13:37 prog length: 6
2023/03/06 07:13:37 prog length: 17
2023/03/06 07:13:37 deserializeInput: hasCrash true hasNet false
2023/03/06 07:13:37 prog length: 6
2023/03/06 07:13:37 prog length: 6
2023/03/06 07:13:37 prog length: 9
2023/03/06 07:13:37 deserializeInput: hasCrash true hasNet false
2023/03/06 07:13:37 prog length: 6
2023/03/06 07:13:37 prog length: 6
2023/03/06 07:13:37 prog length: 6
2023/03/06 07:13:37 deserializeInput: hasCrash true hasNet false
2023/03/06 07:13:37 prog length: 6
2023/03/06 07:13:37 prog length: 7
2023/03/06 07:13:37 deserializeInput: hasCrash true hasNet false
2023/03/06 07:13:37 prog length: 6
2023/03/06 07:13:37 prog length: 6
2023/03/06 07:13:37 prog length: 6
2023/03/06 07:13:37 prog length: 7
2023/03/06 07:13:37 deserializeInput: hasCrash true hasNet false
2023/03/06 07:13:37 prog length: 6
2023/03/06 07:13:37 prog length: 6
2023/03/06 07:13:37 prog length: 5
2023/03/06 07:13:37 deserializeInput: hasCrash true hasNet false
2023/03/06 07:13:37 prog length: 6
2023/03/06 07:13:37 prog length: 6
2023/03/06 07:13:37 prog length: 6
2023/03/06 07:13:37 prog length: 7
2023/03/06 07:13:37 deserializeInput: hasCrash true hasNet false
2023/03/06 07:13:37 prog length: 6
2023/03/06 07:13:37 prog length: 6
2023/03/06 07:13:37 prog length: 6
2023/03/06 07:13:37 deserializeInput: hasCrash true hasNet false
2023/03/06 07:13:37 prog length: 6
2023/03/06 07:13:37 prog length: 6
2023/03/06 07:13:37 prog length: 7
2023/03/06 07:13:37 deserializeInput: hasCrash true hasNet false
2023/03/06 07:13:37 prog length: 6
2023/03/06 07:13:37 prog length: 6
2023/03/06 07:13:37 prog length: 7
2023/03/06 07:13:37 deserializeInput: hasCrash true hasNet false
2023/03/06 07:13:37 prog length: 6
2023/03/06 07:13:37 prog length: 6
2023/03/06 07:13:37 prog length: 5
2023/03/06 07:13:37 deserializeInput: hasCrash true hasNet false
2023/03/06 07:13:37 prog length: 6
2023/03/06 07:13:37 prog length: 6
2023/03/06 07:13:37 prog length: 9
2023/03/06 07:13:37 deserializeInput: hasCrash true hasNet false
2023/03/06 07:13:37 prog length: 6
2023/03/06 07:13:37 prog length: 6
2023/03/06 07:13:37 prog length: 6
2023/03/06 07:13:37 deserializeInput: hasCrash true hasNet false
2023/03/06 07:13:37 prog length: 6
2023/03/06 07:13:37 prog length: 6
2023/03/06 07:13:37 prog length: 6
2023/03/06 07:13:37 deserializeInput: hasCrash true hasNet false
2023/03/06 07:13:37 prog length: 6
2023/03/06 07:13:37 prog length: 4
2023/03/06 07:13:37 deserializeInput: hasCrash true hasNet false
2023/03/06 07:13:37 prog length: 6
2023/03/06 07:13:37 prog length: 6
2023/03/06 07:13:37 prog length: 5
2023/03/06 07:13:37 deserializeInput: hasCrash true hasNet false
2023/03/06 07:13:37 prog length: 6
2023/03/06 07:13:37 prog length: 6
2023/03/06 07:13:37 prog length: 11
2023/03/06 07:13:37 deserializeInput: hasCrash true hasNet false
2023/03/06 07:13:37 prog length: 6
2023/03/06 07:13:37 prog length: 4
2023/03/06 07:13:37 deserializeInput: hasCrash true hasNet false
2023/03/06 07:13:37 prog length: 6
2023/03/06 07:13:37 prog length: 5
2023/03/06 07:13:37 deserializeInput: hasCrash true hasNet false
2023/03/06 07:13:37 prog length: 6
2023/03/06 07:13:37 prog length: 5
2023/03/06 07:13:37 deserializeInput: hasCrash true hasNet false
2023/03/06 07:13:37 prog length: 6
2023/03/06 07:13:37 prog length: 6
2023/03/06 07:13:37 prog length: 6
2023/03/06 07:13:37 deserializeInput: hasCrash true hasNet false
2023/03/06 07:13:37 prog length: 6
2023/03/06 07:13:37 prog length: 10
2023/03/06 07:13:37 deserializeInput: hasCrash true hasNet false
2023/03/06 07:13:37 prog length: 6
2023/03/06 07:13:37 prog length: 6
2023/03/06 07:13:37 prog length: 5
2023/03/06 07:13:37 deserializeInput: hasCrash true hasNet false
2023/03/06 07:13:37 prog length: 6
2023/03/06 07:13:37 prog length: 6
2023/03/06 07:13:37 prog length: 7
2023/03/06 07:13:37 deserializeInput: hasCrash true hasNet false
2023/03/06 07:13:37 prog length: 6
2023/03/06 07:13:37 prog length: 5
2023/03/06 07:13:37 deserializeInput: hasCrash true hasNet false
2023/03/06 07:13:37 prog length: 6
2023/03/06 07:13:37 prog length: 4
2023/03/06 07:13:37 fetching corpus: 183, signal 9373/84209/94509 (executing program)
2023/03/06 07:13:37 poll: candidates=0 inputs=0 signal=2000
2023/03/06 07:13:37 fetching corpus: 183, signal 9373/84209/95284 (executing program)
2023/03/06 07:13:37 poll: candidates=0 inputs=0 signal=2000
2023/03/06 07:13:37 fetching corpus: 183, signal 9373/84209/96041 (executing program)
2023/03/06 07:13:37 poll: candidates=0 inputs=0 signal=2000
2023/03/06 07:13:37 fetching corpus: 183, signal 9373/84209/96756 (executing program)
2023/03/06 07:13:37 poll: candidates=0 inputs=0 signal=2000
2023/03/06 07:13:37 fetching corpus: 183, signal 9373/84209/97499 (executing program)
2023/03/06 07:13:37 poll: candidates=0 inputs=0 signal=2000
2023/03/06 07:13:37 fetching corpus: 183, signal 9373/84209/98254 (executing program)
2023/03/06 07:13:37 poll: candidates=0 inputs=0 signal=2000
2023/03/06 07:13:37 fetching corpus: 183, signal 9373/84209/99008 (executing program)
2023/03/06 07:13:37 poll: candidates=0 inputs=0 signal=2000
2023/03/06 07:13:37 fetching corpus: 183, signal 9373/84209/99795 (executing program)
2023/03/06 07:13:37 poll: candidates=0 inputs=0 signal=2000
2023/03/06 07:13:37 fetching corpus: 183, signal 9373/84209/100560 (executing program)
2023/03/06 07:13:37 poll: candidates=0 inputs=0 signal=2000
2023/03/06 07:13:37 fetching corpus: 183, signal 9373/84209/101306 (executing program)
2023/03/06 07:13:37 poll: candidates=0 inputs=0 signal=2000
2023/03/06 07:13:37 fetching corpus: 183, signal 9373/84209/102088 (executing program)
2023/03/06 07:13:37 poll: candidates=0 inputs=0 signal=2000
2023/03/06 07:13:37 fetching corpus: 183, signal 9373/84209/102846 (executing program)
2023/03/06 07:13:37 poll: candidates=0 inputs=0 signal=2000
2023/03/06 07:13:37 fetching corpus: 183, signal 9373/84209/103564 (executing program)
2023/03/06 07:13:37 poll: candidates=0 inputs=0 signal=2000
2023/03/06 07:13:37 fetching corpus: 183, signal 9373/84209/104326 (executing program)
2023/03/06 07:13:37 poll: candidates=0 inputs=0 signal=2000
2023/03/06 07:13:37 fetching corpus: 183, signal 9373/84209/105062 (executing program)
2023/03/06 07:13:37 poll: candidates=0 inputs=0 signal=2000
2023/03/06 07:13:37 fetching corpus: 183, signal 9373/84209/105824 (executing program)
2023/03/06 07:13:37 poll: candidates=0 inputs=0 signal=2000
2023/03/06 07:13:37 fetching corpus: 183, signal 9373/84209/106561 (executing program)
2023/03/06 07:13:37 poll: candidates=0 inputs=0 signal=2000
2023/03/06 07:13:37 fetching corpus: 183, signal 9373/84209/107315 (executing program)
2023/03/06 07:13:37 poll: candidates=0 inputs=0 signal=2000
2023/03/06 07:13:37 fetching corpus: 183, signal 9373/84209/108079 (executing program)
2023/03/06 07:13:38 poll: candidates=0 inputs=0 signal=2000
2023/03/06 07:13:38 fetching corpus: 183, signal 9373/84209/108831 (executing program)
2023/03/06 07:13:38 poll: candidates=0 inputs=0 signal=2000
2023/03/06 07:13:38 fetching corpus: 183, signal 9373/84209/109582 (executing program)
2023/03/06 07:13:38 poll: candidates=0 inputs=0 signal=2000
2023/03/06 07:13:38 fetching corpus: 183, signal 9373/84209/110378 (executing program)
2023/03/06 07:13:38 poll: candidates=0 inputs=0 signal=2000
2023/03/06 07:13:38 fetching corpus: 183, signal 9373/84209/111129 (executing program)
2023/03/06 07:13:38 poll: candidates=0 inputs=0 signal=2000
2023/03/06 07:13:38 fetching corpus: 183, signal 9373/84209/111855 (executing program)
2023/03/06 07:13:38 poll: candidates=0 inputs=0 signal=2000
2023/03/06 07:13:38 fetching corpus: 183, signal 9373/84209/112593 (executing program)
2023/03/06 07:13:38 poll: candidates=0 inputs=0 signal=2000
2023/03/06 07:13:38 fetching corpus: 183, signal 9373/84209/113324 (executing program)
2023/03/06 07:13:38 poll: candidates=0 inputs=0 signal=2000
2023/03/06 07:13:38 fetching corpus: 183, signal 9373/84209/114090 (executing program)
2023/03/06 07:13:38 poll: candidates=0 inputs=0 signal=2000
2023/03/06 07:13:38 fetching corpus: 183, signal 9373/84209/114812 (executing program)
2023/03/06 07:13:38 poll: candidates=0 inputs=0 signal=2000
2023/03/06 07:13:38 fetching corpus: 183, signal 9373/84209/115578 (executing program)
2023/03/06 07:13:38 poll: candidates=0 inputs=0 signal=2000
2023/03/06 07:13:38 fetching corpus: 183, signal 9373/84209/116308 (executing program)
2023/03/06 07:13:38 poll: candidates=0 inputs=0 signal=2000
2023/03/06 07:13:38 fetching corpus: 183, signal 9373/84209/117062 (executing program)
2023/03/06 07:13:38 poll: candidates=0 inputs=0 signal=2000
2023/03/06 07:13:38 fetching corpus: 183, signal 9373/84209/117807 (executing program)
2023/03/06 07:13:38 poll: candidates=0 inputs=0 signal=2000
2023/03/06 07:13:38 fetching corpus: 183, signal 9373/84209/118565 (executing program)
2023/03/06 07:13:38 poll: candidates=0 inputs=0 signal=1845
2023/03/06 07:13:38 fetching corpus: 183, signal 9373/84209/119269 (executing program)
2023/03/06 07:13:38 poll: candidates=0 inputs=0 signal=0
2023/03/06 07:13:38 fetching corpus: 183, signal 9373/84209/119269 (executing program)
2023/03/06 07:13:39 starting 1 fuzzer processes
2023/03/06 07:13:39 ----- generateCall 232 fsetxattr$security_capability fsetxattr$security_capability
2023/03/06 07:13:39 ----- generateCall 208 fcntl$notify fcntl$notify
2023/03/06 07:13:39 ----- generateCall 220 flock flock
2023/03/06 07:13:39 ----- generateCall 4200 writev writev
2023/03/06 07:13:39 ----- generateCall 240 fsetxattr$trusted_overlay_opaque fsetxattr$trusted_overlay_opaque
2023/03/06 07:13:39 ----- generateCall 4129 write$binfmt_elf64 write$binfmt_elf64
2023/03/06 07:13:39 ----- generateCall 2858 sendfile sendfile
2023/03/06 07:13:39 ----- generateCall 205 fcntl$getown fcntl$getown
2023/03/06 07:13:39 ----- generateCall 205 fcntl$getown fcntl$getown
2023/03/06 07:13:39 ----- generateCall 208 fcntl$notify fcntl$notify
2023/03/06 07:13:39 ----- generateCall 205 fcntl$getown fcntl$getown
2023/03/06 07:13:39 ----- generateCall 222 fremovexattr fremovexattr
2023/03/06 07:13:39 ----- generateCall 207 fcntl$lock fcntl$lock
2023/03/06 07:13:39 map[./file0:true]
2023/03/06 07:13:39 #0: generated
2023/03/06 07:13:39 HasCrashFail: false, .HasNetFail: false
2023/03/06 07:13:39 prog length: 20
2023/03/06 07:13:39 HasCrashFail:false HasNetFail:false
07:13:39 ---executing program 0:
---
---
---
fsetxattr$security_capability(0xffffffffffffffff, &(0x7f0000000000), &(0x7f0000000040)=@v2={0x2000000, [{0x41, 0x2}, {0x9, 0x1c3}]}, 0x14, 0x0)
fcntl$notify(0xffffffffffffffff, 0x402, 0x1)
flock(0xffffffffffffffff, 0xa)
r0 = fcntl$dupfd(0xffffffffffffffff, 0x0, 0xffffffffffffffff)
writev(r0, &(0x7f0000000340)=[{&(0x7f0000000080)="3b36637dea0b6dcb42faffedf9f78f54b0dd255faf4c2c95692d2f01271a392a2bf1a66b436185ee6bacc2c207df59d30bcbc12bdf9c373bb80d41ed", 0x3c}, {&(0x7f00000000c0)="c2edefa2cc3015237b588ca05fde4183ce4c6beb29983b3b23bd5099592a682e0cce109ea549cee0e2a3c1373b854c089db69ef798de09eb12bebc2f3d5f8de4", 0x40}, {&(0x7f0000000100)="8bc56fb4d9798042aefb115c77c00dc020aa0eb9832a525cc94aba1b9292a32978fddd502e129036c87ad8e4504fee421638c84c0f9747de969b9ce83147d96c3246fd720cb36ab425e04f79afb90d354632cc39ac006b93dab53053cca75261b8b81cfe629a58426eb18f4c46bd9b6f6925b8fa5223d2080fda6dd18c037846873c1df84716be79ba9c285d5a854b63eb2ea898aebc6af3f0", 0x99}, {&(0x7f00000001c0)="0b1f1bb386cc8dbe8d10f808f84c2c023aa74b3506f1659b07ee018b60582c1ce07880ade710e1", 0x27}, {&(0x7f0000000200)="a1f3612d3bdc319473bebbd97c91d50c234b1a3f7462f773a712ad43d02f152def9b2d20f75003a252939c7d11869389e279fcf76a7d65569c80604d2f1bb8d01071b7e7955e32b2ffdb65b196819ddd9d675e42fa3475788689087e5e7bd25a34306cedf86ba629cd026167b13979556d464961c799e86a5915d4d585db0f2ce89523d021c9ee4175a4abf799d044e8e8aff9ec7b126c1bd9c34880eaa3", 0x9e}, {&(0x7f00000002c0)="e42a853c89318b7f0ee5a0f4b17c604fc8108fc4f62f376373437860158ebb1ce16c6e9d0d809722f3f79a29892dd7018b3ab631857aefdd040947e7c9d7ed2c77241d29a4423a5cfa0168af638c34", 0x4f}], 0x6)
fsetxattr$trusted_overlay_opaque(0xffffffffffffffff, &(0x7f00000003c0), &(0x7f0000000400), 0x2, 0x2)
r1 = dup(r0)
write$binfmt_elf64(r1, &(0x7f0000000440)={{0x7f, 0x45, 0x4c, 0x46, 0x7f, 0xb5, 0x59, 0x1f, 0x1, 0x2, 0x3e, 0x100, 0x235, 0x40, 0x106, 0x6, 0x3ff, 0x38, 0x2, 0x20, 0x5, 0x7}, [{0x6474e551, 0x4, 0x78efd065, 0x437, 0x7, 0x3, 0x9, 0x3}], "71eecde918d3835e051fb6da00691aab734ac42a97ab0b49f3d379dcf96e573a6dce3c5b192fe5a0cf1cd5b5f70bc3f023c30d961842e87314451d7a7aac0cc570acd599b37c0956cf555a035439f50c363d978c266c892fe03f88252337d58094ca4281072c5470f64b949b14b31e6612fee576de414da99e8375788f0d95c43a828930fd9f28ce9525ac6b84120eb30b5fa4cf97a654725b0364d0b606e43e92a5c80bf72f303b4223d25cd799001b1d0dbd87536bc95775d7c5659ae9657be585768a96fe6821b73cd11e0a6e8dd11905f864407e9b40696a94de5d7b23", ['\x00', '\x00', '\x00', '\x00', '\x00', '\x00']}, 0x757)
r2 = fcntl$dupfd(r1, 0x406, r1)
sendfile(r2, r1, &(0x7f0000000bc0)=0x10000, 0x1)
r3 = openat(r1, &(0x7f0000000c00)='./file0\x00', 0x1, 0x0)
fcntl$getown(r3, 0x9)
r4 = fcntl$dupfd(r0, 0x406, r1)
r5 = fcntl$getown(r4, 0x9)
r6 = dup(r2)
fcntl$notify(r6, 0x402, 0x0)
fcntl$getown(r4, 0x9)
r7 = fcntl$dupfd(r4, 0x406, r2)
fremovexattr(r7, &(0x7f0000000c40)=@known='trusted.overlay.origin\x00')
fcntl$lock(r6, 0x26, &(0x7f0000000c80)={0x0, 0x4, 0x4, 0x8, r5})
---

end of program
2023/03/06 07:13:39 -----run executor: [/usr/bin/ssh -F /dev/null -o ConnectionAttempts=100 -o ConnectTimeout=120 -o UserKnownHostsFile=/dev/null -o BatchMode=yes -o IdentitiesOnly=yes -o StrictHostKeyChecking=no -o ConnectTimeout=100 -i /home/tlyu/dfs-fuzzing/disk-images/glusterfs-images/focal.id_rsa -v root@192.168.0.49 /root/syz-executor exec 0 0 glusterfs 3 4 192.168.0.49 0 "3 1 ''" false false false true false]
2023/03/06 07:13:39 poll: candidates=0 inputs=0 signal=0
2023/03/06 07:13:39 -----run executor: [/usr/bin/ssh -F /dev/null -o ConnectionAttempts=100 -o ConnectTimeout=120 -o UserKnownHostsFile=/dev/null -o BatchMode=yes -o IdentitiesOnly=yes -o StrictHostKeyChecking=no -o ConnectTimeout=100 -i /home/tlyu/dfs-fuzzing/disk-images/glusterfs-images/focal.id_rsa -v root@192.168.0.50 /root/syz-executor exec 0 1 glusterfs 3 4 192.168.0.49 0 "3 1 ''" false false false true false]
2023/03/06 07:13:39 -----run executor: [/usr/bin/ssh -F /dev/null -o ConnectionAttempts=100 -o ConnectTimeout=120 -o UserKnownHostsFile=/dev/null -o BatchMode=yes -o IdentitiesOnly=yes -o StrictHostKeyChecking=no -o ConnectTimeout=100 -i /home/tlyu/dfs-fuzzing/disk-images/glusterfs-images/focal.id_rsa -v root@192.168.0.51 /root/syz-executor exec 0 2 glusterfs 3 4 192.168.0.49 0 "3 1 ''" false false false true false]
OpenSSH_8.2p1 Ubuntu-4ubuntu0.4, OpenSSL 1.1.1f  31 Mar 2020
OpenSSH_8.2p1 Ubuntu-4ubuntu0.4, OpenSSL 1.1.1f  31 Mar 2020
debug1: Reading configuration data /dev/null
debug1: Reading configuration data /dev/null
debug1: Connecting to 192.168.0.49 [192.168.0.49] port 22.
debug1: Connecting to 192.168.0.50 [192.168.0.50] port 22.
debug1: fd 3 clearing O_NONBLOCK
debug1: Connection established.
debug1: identity file /home/tlyu/dfs-fuzzing/disk-images/glusterfs-images/focal.id_rsa type -1
debug1: identity file /home/tlyu/dfs-fuzzing/disk-images/glusterfs-images/focal.id_rsa-cert type -1
debug1: Local version string SSH-2.0-OpenSSH_8.2p1 Ubuntu-4ubuntu0.4
debug1: Remote protocol version 2.0, remote software version OpenSSH_8.2p1 Ubuntu-4
2023/03/06 07:13:39 -----run executor: [/usr/bin/ssh -F /dev/null -o ConnectionAttempts=100 -o ConnectTimeout=120 -o UserKnownHostsFile=/dev/null -o BatchMode=yes -o IdentitiesOnly=yes -o StrictHostKeyChecking=no -o ConnectTimeout=100 -i /home/tlyu/dfs-fuzzing/disk-images/glusterfs-images/focal.id_rsa -v root@192.168.0.52 /root/syz-executor exec 1 3 glusterfs 3 4 192.168.0.49 0 "3 1 ''" false false false true false]
debug1: match: OpenSSH_8.2p1 Ubuntu-4 pat OpenSSH* compat 0x04000000
debug1: Authenticating to 192.168.0.50:22 as 'root'
debug1: SSH2_MSG_KEXINIT sent
OpenSSH_8.2p1 Ubuntu-4ubuntu0.4, OpenSSL 1.1.1f  31 Mar 2020
debug1: fd 3 clearing O_NONBLOCK
debug1: Connection established.
debug1: identity file /home/tlyu/dfs-fuzzing/disk-images/glusterfs-images/focal.id_rsa type -1
debug1: identity file /home/tlyu/dfs-fuzzing/disk-images/glusterfs-images/focal.id_rsa-cert type -1
debug1: Local version string SSH-2.0-OpenSSH_8.2p1 Ubuntu-4ubuntu0.4
debug1: Remote protocol version 2.0, remote software version OpenSSH_8.2p1 Ubuntu-4
debug1: match: OpenSSH_8.2p1 Ubuntu-4 pat OpenSSH* compat 0x04000000
debug1: Authenticating to 192.168.0.49:22 as 'root'
debug1: SSH2_MSG_KEXINIT sent
debug1: Reading configuration data /dev/null
debug1: Connecting to 192.168.0.51 [192.168.0.51] port 22.
debug1: fd 3 clearing O_NONBLOCK
debug1: Connection established.
debug1: identity file /home/tlyu/dfs-fuzzing/disk-images/glusterfs-images/focal.id_rsa type -1
debug1: identity file /home/tlyu/dfs-fuzzing/disk-images/glusterfs-images/focal.id_rsa-cert type -1
OpenSSH_8.2p1 Ubuntu-4ubuntu0.4, OpenSSL 1.1.1f  31 Mar 2020
debug1: Reading configuration data /dev/null
debug1: Connecting to 192.168.0.52 [192.168.0.52] port 22.
debug1: fd 3 clearing O_NONBLOCK
debug1: Connection established.
debug1: identity file /home/tlyu/dfs-fuzzing/disk-images/glusterfs-images/focal.id_rsa type -1
debug1: identity file /home/tlyu/dfs-fuzzing/disk-images/glusterfs-images/focal.id_rsa-cert type -1
debug1: Local version string SSH-2.0-OpenSSH_8.2p1 Ubuntu-4ubuntu0.4
debug1: SSH2_MSG_KEXINIT received
debug1: kex: algorithm: curve25519-sha256
debug1: kex: host key algorithm: ecdsa-sha2-nistp256
debug1: kex: server->client cipher: chacha20-poly1305@openssh.com MAC: <implicit> compression: none
debug1: kex: client->server cipher: chacha20-poly1305@openssh.com MAC: <implicit> compression: none
debug1: SSH2_MSG_KEXINIT received
debug1: expecting SSH2_MSG_KEX_ECDH_REPLY
debug1: kex: algorithm: curve25519-sha256
debug1: kex: host key algorithm: ecdsa-sha2-nistp256
debug1: kex: server->client cipher: chacha20-poly1305@openssh.com MAC: <implicit> compression: none
debug1: kex: client->server cipher: chacha20-poly1305@openssh.com MAC: <implicit> compression: none
debug1: Local version string SSH-2.0-OpenSSH_8.2p1 Ubuntu-4ubuntu0.4
debug1: Remote protocol version 2.0, remote software version OpenSSH_8.2p1 Ubuntu-4
debug1: match: OpenSSH_8.2p1 Ubuntu-4 pat OpenSSH* compat 0x04000000
debug1: Authenticating to 192.168.0.51:22 as 'root'
debug1: SSH2_MSG_KEXINIT sent
debug1: expecting SSH2_MSG_KEX_ECDH_REPLY
debug1: Server host key: ecdsa-sha2-nistp256 SHA256:prHFi1G5XXPuzxIh2a5lJaY6ZWltf3+ajD/hEOIDid8
Warning: Permanently added '192.168.0.49' (ECDSA) to the list of known hosts.
debug1: Server host key: ecdsa-sha2-nistp256 SHA256:prHFi1G5XXPuzxIh2a5lJaY6ZWltf3+ajD/hEOIDid8
Warning: Permanently added '192.168.0.50' (ECDSA) to the list of known hosts.
debug1: rekey out after 134217728 blocks
debug1: SSH2_MSG_NEWKEYS sent
debug1: expecting SSH2_MSG_NEWKEYS
debug1: SSH2_MSG_NEWKEYS received
debug1: rekey in after 134217728 blocks
debug1: Will attempt key: /home/tlyu/dfs-fuzzing/disk-images/glusterfs-images/focal.id_rsa  explicit
debug1: SSH2_MSG_EXT_INFO received
debug1: kex_input_ext_info: server-sig-algs=<ssh-ed25519,sk-ssh-ed25519@openssh.com,ssh-rsa,rsa-sha2-256,rsa-sha2-512,ssh-dss,ecdsa-sha2-nistp256,ecdsa-sha2-nistp384,ecdsa-sha2-nistp521,sk-ecdsa-sha2-nistp256@openssh.com>
debug1: rekey out after 134217728 blocks
debug1: SSH2_MSG_NEWKEYS sent
debug1: expecting SSH2_MSG_NEWKEYS
debug1: SSH2_MSG_NEWKEYS received
debug1: rekey in after 134217728 blocks
debug1: Will attempt key: /home/tlyu/dfs-fuzzing/disk-images/glusterfs-images/focal.id_rsa  explicit
debug1: SSH2_MSG_EXT_INFO received
debug1: kex_input_ext_info: server-sig-algs=<ssh-ed25519,sk-ssh-ed25519@openssh.com,ssh-rsa,rsa-sha2-256,rsa-sha2-512,ssh-dss,ecdsa-sha2-nistp256,ecdsa-sha2-nistp384,ecdsa-sha2-nistp521,sk-ecdsa-sha2-nistp256@openssh.com>
debug1: SSH2_MSG_SERVICE_ACCEPT received
debug1: SSH2_MSG_SERVICE_ACCEPT received
debug1: Remote protocol version 2.0, remote software version OpenSSH_8.2p1 Ubuntu-4
debug1: match: OpenSSH_8.2p1 Ubuntu-4 pat OpenSSH* compat 0x04000000
debug1: Authenticating to 192.168.0.52:22 as 'root'
debug1: SSH2_MSG_KEXINIT sent
debug1: Authentications that can continue: publickey,password
debug1: Next authentication method: publickey
debug1: Trying private key: /home/tlyu/dfs-fuzzing/disk-images/glusterfs-images/focal.id_rsa
debug1: SSH2_MSG_KEXINIT received
debug1: kex: algorithm: curve25519-sha256
debug1: kex: host key algorithm: ecdsa-sha2-nistp256
debug1: kex: server->client cipher: chacha20-poly1305@openssh.com MAC: <implicit> compression: none
debug1: kex: client->server cipher: chacha20-poly1305@openssh.com MAC: <implicit> compression: none
debug1: expecting SSH2_MSG_KEX_ECDH_REPLY
debug1: Authentications that can continue: publickey,password
debug1: Next authentication method: publickey
debug1: Trying private key: /home/tlyu/dfs-fuzzing/disk-images/glusterfs-images/focal.id_rsa
debug1: Server host key: ecdsa-sha2-nistp256 SHA256:prHFi1G5XXPuzxIh2a5lJaY6ZWltf3+ajD/hEOIDid8
Warning: Permanently added '192.168.0.51' (ECDSA) to the list of known hosts.
debug1: rekey out after 134217728 blocks
debug1: SSH2_MSG_NEWKEYS sent
debug1: expecting SSH2_MSG_NEWKEYS
debug1: SSH2_MSG_NEWKEYS received
debug1: rekey in after 134217728 blocks
debug1: Will attempt key: /home/tlyu/dfs-fuzzing/disk-images/glusterfs-images/focal.id_rsa  explicit
debug1: SSH2_MSG_EXT_INFO received
debug1: kex_input_ext_info: server-sig-algs=<ssh-ed25519,sk-ssh-ed25519@openssh.com,ssh-rsa,rsa-sha2-256,rsa-sha2-512,ssh-dss,ecdsa-sha2-nistp256,ecdsa-sha2-nistp384,ecdsa-sha2-nistp521,sk-ecdsa-sha2-nistp256@openssh.com>
debug1: SSH2_MSG_SERVICE_ACCEPT received
debug1: SSH2_MSG_KEXINIT received
debug1: kex: algorithm: curve25519-sha256
debug1: kex: host key algorithm: ecdsa-sha2-nistp256
debug1: kex: server->client cipher: chacha20-poly1305@openssh.com MAC: <implicit> compression: none
debug1: kex: client->server cipher: chacha20-poly1305@openssh.com MAC: <implicit> compression: none
debug1: expecting SSH2_MSG_KEX_ECDH_REPLY
debug1: Authentication succeeded (publickey).
Authenticated to 192.168.0.50 ([192.168.0.50]:22).
debug1: channel 0: new [client-session]
debug1: Requesting no-more-sessions@openssh.com
debug1: Entering interactive session.
debug1: pledge: network
debug1: Authentications that can continue: publickey,password
debug1: Next authentication method: publickey
debug1: Trying private key: /home/tlyu/dfs-fuzzing/disk-images/glusterfs-images/focal.id_rsa
debug1: Server host key: ecdsa-sha2-nistp256 SHA256:prHFi1G5XXPuzxIh2a5lJaY6ZWltf3+ajD/hEOIDid8
Warning: Permanently added '192.168.0.52' (ECDSA) to the list of known hosts.
debug1: rekey out after 134217728 blocks
debug1: SSH2_MSG_NEWKEYS sent
debug1: expecting SSH2_MSG_NEWKEYS
debug1: SSH2_MSG_NEWKEYS received
debug1: rekey in after 134217728 blocks
debug1: Will attempt key: /home/tlyu/dfs-fuzzing/disk-images/glusterfs-images/focal.id_rsa  explicit
debug1: SSH2_MSG_EXT_INFO received
debug1: kex_input_ext_info: server-sig-algs=<ssh-ed25519,sk-ssh-ed25519@openssh.com,ssh-rsa,rsa-sha2-256,rsa-sha2-512,ssh-dss,ecdsa-sha2-nistp256,ecdsa-sha2-nistp384,ecdsa-sha2-nistp521,sk-ecdsa-sha2-nistp256@openssh.com>
debug1: SSH2_MSG_SERVICE_ACCEPT received
debug1: Authentications that can continue: publickey,password
debug1: Next authentication method: publickey
debug1: Trying private key: /home/tlyu/dfs-fuzzing/disk-images/glusterfs-images/focal.id_rsa
debug1: Authentication succeeded (publickey).
Authenticated to 192.168.0.51 ([192.168.0.51]:22).
debug1: channel 0: new [client-session]
debug1: Requesting no-more-sessions@openssh.com
debug1: Entering interactive session.
debug1: pledge: network
debug1: Authentication succeeded (publickey).
Authenticated to 192.168.0.49 ([192.168.0.49]:22).
debug1: channel 0: new [client-session]
debug1: Requesting no-more-sessions@openssh.com
debug1: Entering interactive session.
debug1: pledge: network
debug1: Authentication succeeded (publickey).
Authenticated to 192.168.0.52 ([192.168.0.52]:22).
debug1: channel 0: new [client-session]
debug1: Requesting no-more-sessions@openssh.com
debug1: Entering interactive session.
debug1: pledge: network
debug1: client_input_global_request: rtype hostkeys-00@openssh.com want_reply 0
debug1: Remote: /root/.ssh/authorized_keys:1: key options: agent-forwarding port-forwarding pty user-rc x11-forwarding
debug1: client_input_global_request: rtype hostkeys-00@openssh.com want_reply 0
debug1: Remote: /root/.ssh/authorized_keys:1: key options: agent-forwarding port-forwarding pty user-rc x11-forwarding
debug1: client_input_global_request: rtype hostkeys-00@openssh.com want_reply 0
debug1: Remote: /root/.ssh/authorized_keys:1: key options: agent-forwarding port-forwarding pty user-rc x11-forwarding
debug1: Sending command: /root/syz-executor exec 0 1 glusterfs 3 4 192.168.0.49 0 "3 1 ''" false false false true false
debug1: client_input_global_request: rtype hostkeys-00@openssh.com want_reply 0
debug1: Remote: /root/.ssh/authorized_keys:1: key options: agent-forwarding port-forwarding pty user-rc x11-forwarding
----- is restarting 0
---- dfs_name glusterfs is_dfs_client 0
unlink FIFO failed: No such file or directory
debug1: Sending command: /root/syz-executor exec 0 2 glusterfs 3 4 192.168.0.49 0 "3 1 ''" false false false true false
[    0.000000] kernel: Linux version 5.15.0+ (tlyu@IC-RS3-DPC07) (gcc (Ubuntu 9.4.0-1ubuntu1~20.04.1) 9.4.0, GNU ld (GNU Binutils for Ubuntu) 2.34) #8 SMP Fri Jun 3 16:18:40 CEST 2022
[    0.000000] kernel: Command line: root=/dev/sda console=ttyS0 net.ifnames=0 ip=192.168.0.50 quiet
[    0.000000] kernel: x86/fpu: Supporting XSAVE feature 0x001: 'x87 floating point registers'
[    0.000000] kernel: x86/fpu: Supporting XSAVE feature 0x002: 'SSE registers'
[    0.000000] kernel: x86/fpu: Supporting XSAVE feature 0x004: 'AVX registers'
[    0.000000] kernel: x86/fpu: Supporting XSAVE feature 0x020: 'AVX-512 opmask'
[    0.000000] kernel: x86/fpu: Supporting XSAVE feature 0x040: 'AVX-512 Hi256'
[    0.000000] kernel: x86/fpu: Supporting XSAVE feature 0x080: 'AVX-512 ZMM_Hi256'
[    0.000000] kernel: x86/fpu: Supporting XSAVE feature 0x200: 'Protection Keys User registers'
[    0.000000] kernel: x86/fpu: xstate_offset[2]:  576, xstate_sizes[2]:  256
[    0.000000] kernel: x86/fpu: xstate_offset[5]:  832, xstate_sizes[5]:   64
[    0.000000] kernel: x86/fpu: xstate_offset[6]:  896, xstate_sizes[6]:  512
[    0.000000] kernel: x86/fpu: xstate_offset[7]: 1408, xstate_sizes[7]: 1024
[    0.000000] kernel: x86/fpu: xstate_offset[9]: 2432, xstate_sizes[9]:    8
[    0.000000] kernel: x86/fpu: Enabled xstate features 0x2e7, context size is 2440 bytes, using 'compacted' format.
[    0.000000] kernel: signal: max sigframe size: 3632
[    0.000000] kernel: BIOS-provided physical RAM map:
[    0.000000] kernel: BIOS-e820: [mem 0x0000000000000000-0x000000000009fbff] usable
[    0.000000] kernel: BIOS-e820: [mem 0x000000000009fc00-0x000000000009ffff] reserved
[    0.000000] kernel: BIOS-e820: [mem 0x00000000000f0000-0x00000000000fffff] reserved
[    0.000000] kernel: BIOS-e820: [mem 0x0000000000100000-0x00000000bffdcfff] usable
[    0.000000] kernel: BIOS-e820: [mem 0x00000000bffdd000-0x00000000bfffffff] reserved
[    0.000000] kernel: BIOS-e820: [mem 0x00000000feffc000-0x00000000feffffff] reserved
[    0.000000] kernel: BIOS-e820: [mem 0x00000000fffc0000-0x00000000ffffffff] reserved
[    0.000000] kernel: BIOS-e820: [mem 0x0000000100000000-0x00000002bfffffff] usable
[    0.000000] kernel: NX (Execute Disable) protection: active
[    0.000000] kernel: SMBIOS 2.8 present.
[    0.000000] kernel: DMI: QEMU Standard PC (i440FX + PIIX, 1996), BIOS 1.13.0-1ubuntu1.1 04/01/2014
[    0.000000] kernel: Hypervisor detected: KVM
[    0.000000] kernel: kvm-clock: Using msrs 4b564d01 and 4b564d00
[    0.000000] kernel: kvm-clock: cpu 0, msr 287558001, primary cpu clock
[    0.000002] kernel: kvm-clock: using sched offset of 1032850663 cycles
[    0.000010] kernel: clocksource: kvm-clock: mask: 0xffffffffffffffff max_cycles: 0x1cd42e4dffb, max_idle_ns: 881590591483 ns
[    0.000022] kernel: tsc: Detected 2593.906 MHz processor
[    0.005845] kernel: e820: update [mem 0x00000000-0x00000fff] usable ==> reserved
[    0.005861] kernel: e820: remove [mem 0x000a0000-0x000fffff] usable
[    0.005878] kernel: last_pfn = 0x2c0000 max_arch_pfn = 0x10000000000
[    0.005947] kernel: x86/PAT: Configuration [0-7]: WB  WC  UC- UC  WB  WP  UC- WT  
[    0.005958] kernel: last_pfn = 0xbffdd max_arch_pfn = 0x10000000000
[    0.013539] kernel: found SMP MP-table at [mem 0x000f5c70-0x000f5c7f]
[    0.013600] kernel: Using GB pages for direct mapping
[    0.014231] kernel: ACPI: Early table checksum verification disabled
[    0.014240] kernel: ACPI: RSDP 0x00000000000F5A40 000014 (v00 BOCHS )
[    0.014263] kernel: ACPI: RSDT 0x00000000BFFE15C9 000030 (v01 BOCHS  BXPCRSDT 00000001 BXPC 00000001)
[    0.014287] kernel: ACPI: FACP 0x00000000BFFE149D 000074 (v01 BOCHS  BXPCFACP 00000001 BXPC 00000001)
[    0.014313] kernel: ACPI: DSDT 0x00000000BFFE0040 00145D (v01 BOCHS  BXPCDSDT 00000001 BXPC 00000001)
[    0.014333] kernel: ACPI: FACS 0x00000000BFFE0000 000040
[    0.014348] kernel: ACPI: APIC 0x00000000BFFE1511 000080 (v01 BOCHS  BXPCAPIC 00000001 BXPC 00000001)
[    0.014369] kernel: ACPI: HPET 0x00000000BFFE1591 000038 (v01 BOCHS  BXPCHPET 00000001 BXPC 00000001)
[    0.014387] kernel: ACPI: Reserving FACP table memory at [mem 0xbffe149d-0xbffe1510]
[    0.014395] kernel: ACPI: Reserving DSDT table memory at [mem 0xbffe0040-0xbffe149c]
[    0.014402] kernel: ACPI: Reserving FACS table memory at [mem 0xbffe0000-0xbffe003f]
[    0.014410] kernel: ACPI: Reserving APIC table memory at [mem 0xbffe1511-0xbffe1590]
[    0.014417] kernel: ACPI: Reserving HPET table memory at [mem 0xbffe1591-0xbffe15c8]
[    0.015289] kernel: No NUMA configuration found
[    0.015295] kernel: Faking a node at [mem 0x0000000000000000-0x00000002bfffffff]
[    0.015310] kernel: NODE_DATA(0) allocated [mem 0x2bfffc000-0x2bfffffff]
[    0.016041] kernel: Zone ranges:
[    0.016048] kernel:   DMA      [mem 0x0000000000001000-0x0000000000ffffff]
[    0.016059] kernel:   DMA32    [mem 0x0000000001000000-0x00000000ffffffff]
[    0.016069] kernel:   Normal   [mem 0x0000000100000000-0x00000002bfffffff]
[    0.016078] kernel: Movable zone start for each node
[    0.016081] kernel: Early memory node ranges
[    0.016084] kernel:   node   0: [mem 0x0000000000001000-0x000000000009efff]
[    0.016093] kernel:   node   0: [mem 0x0000000000100000-0x00000000bffdcfff]
[    0.016101] kernel:   node   0: [mem 0x0000000100000000-0x00000002bfffffff]
[    0.016112] kernel: Initmem setup node 0 [mem 0x0000000000001000-0x00000002bfffffff]
[    0.016697] kernel: On node 0, zone DMA: 1 pages in unavailable ranges
[    0.016771] kernel: On node 0, zone DMA: 97 pages in unavailable ranges
[    0.156555] kernel: On node 0, zone Normal: 35 pages in unavailable ranges
[    0.892525] kernel: kasan: KernelAddressSanitizer initialized
[    0.893114] kernel: ACPI: PM-Timer IO Port: 0x608
[    0.893145] kernel: ACPI: LAPIC_NMI (acpi_id[0xff] dfl dfl lint[0x1])
[    0.893205] kernel: IOAPIC[0]: apic_id 0, version 17, address 0xfec00000, GSI 0-23
[    0.893222] kernel: ACPI: INT_SRC_OVR (bus 0 bus_irq 0 global_irq 2 dfl dfl)
[    0.893234] kernel: ACPI: INT_SRC_OVR (bus 0 bus_irq 5 global_irq 5 high level)
[    0.893243] kernel: ACPI: INT_SRC_OVR (bus 0 bus_irq 9 global_irq 9 high level)
[    0.893254] kernel: ACPI: INT_SRC_OVR (bus 0 bus_irq 10 global_irq 10 high level)
[    0.893264] kernel: ACPI: INT_SRC_OVR (bus 0 bus_irq 11 global_irq 11 high level)
[    0.893283] kernel: ACPI: Using ACPI (MADT) for SMP configuration information
[    0.893289] kernel: ACPI: HPET id: 0x8086a201 base: 0xfed00000
[    0.893303] kernel: TSC deadline timer available
[    0.893308] kernel: smpboot: Allowing 2 CPUs, 0 hotplug CPUs
[    0.893356] kernel: kvm-guest: KVM setup pv remote TLB flush
[    0.893364] kernel: kvm-guest: setup PV sched yield
[    0.893404] kernel: PM: hibernation: Registered nosave memory: [mem 0x00000000-0x00000fff]
[    0.893415] kernel: PM: hibernation: Registered nosave memory: [mem 0x0009f000-0x0009ffff]
[    0.893423] kernel: PM: hibernation: Registered nosave memory: [mem 0x000a0000-0x000effff]
[    0.893430] kernel: PM: hibernation: Registered nosave memory: [mem 0x000f0000-0x000fffff]
[    0.893441] kernel: PM: hibernation: Registered nosave memory: [mem 0xbffdd000-0xbfffffff]
[    0.893448] kernel: PM: hibernation: Registered nosave memory: [mem 0xc0000000-0xfeffbfff]
[    0.893454] kernel: PM: hibernation: Registered nosave memory: [mem 0xfeffc000-0xfeffffff]
[    0.893461] kernel: PM: hibernation: Registered nosave memory: [mem 0xff000000-0xfffbffff]
[    0.893467] kernel: PM: hibernation: Registered nosave memory: [mem 0xfffc0000-0xffffffff]
[    0.893477] kernel: [mem 0xc0000000-0xfeffbfff] available for PCI devices
[    0.893484] kernel: Booting paravirtualized kernel on KVM
[    0.893494] kernel: clocksource: refined-jiffies: mask: 0xffffffff max_cycles: 0xffffffff, max_idle_ns: 1910969940391419 ns
[    0.907930] kernel: setup_percpu: NR_CPUS:64 nr_cpumask_bits:64 nr_cpu_ids:2 nr_node_ids:1
[    0.908888] kernel: percpu: Embedded 56 pages/cpu s191576 r8192 d29608 u1048576
[    0.908928] kernel: pcpu-alloc: s191576 r8192 d29608 u1048576 alloc=1*2097152
[    0.908945] kernel: pcpu-alloc: [0] 0 1 
[    0.909046] kernel: kvm-guest: setup async PF for cpu 0
[    0.909057] kernel: kvm-guest: stealtime: cpu 0, msr 26021f140
[    0.909069] kernel: Built 1 zonelists, mobility grouping on.  Total pages: 2580189
[    0.909078] kernel: Policy zone: Normal
[    0.909084] kernel: Kernel command line: root=/dev/sda console=ttyS0 net.ifnames=0 ip=192.168.0.50 quiet
[    0.915760] kernel: Dentry cache hash table entries: 2097152 (order: 12, 16777216 bytes, linear)
[    0.918993] kernel: Inode-cache hash table entries: 1048576 (order: 11, 8388608 bytes, linear)
[    0.919120] kernel: mem auto-init: stack:off, heap alloc:off, heap free:off
[    1.214095] kernel: Memory: 8817344K/10485228K available (47117K kernel code, 10298K rwdata, 7204K rodata, 2068K init, 2860K bss, 1667684K reserved, 0K cma-reserved)
[    1.214341] kernel: SLUB: HWalign=64, Order=0-3, MinObjects=0, CPUs=2, Nodes=1
[    1.215163] kernel: rcu: Hierarchical RCU implementation.
[    1.215171] kernel: rcu:         RCU event tracing is enabled.
[    1.215175] kernel: rcu:         RCU restricting CPUs from NR_CPUS=64 to nr_cpu_ids=2.
[    1.215187] kernel: rcu: RCU calculated value of scheduler-enlistment delay is 100 jiffies.
[    1.215193] kernel: rcu: Adjusting geometry for rcu_fanout_leaf=16, nr_cpu_ids=2
[    1.223112] kernel: NR_IRQS: 4352, nr_irqs: 440, preallocated irqs: 16
[    1.223525] kernel: random: get_random_bytes called from start_kernel+0x22b/0x456 with crng_init=0
[    1.227722] kernel: Console: colour VGA+ 80x25
[    1.227867] kernel: printk: console [ttyS0] enabled
[    1.227917] kernel: ACPI: Core revision 20210730
[    1.228192] kernel: clocksource: hpet: mask: 0xffffffff max_cycles: 0xffffffff, max_idle_ns: 19112604467 ns
[    1.228424] kernel: APIC: Switch to symmetric I/O mode setup
[    1.228433] kernel: kvm-guest: setupdebug1: Sending command: /root/syz-executor exec 1 3 glusterfs 3 4 192.168.0.49 0 "3 1 ''" false false false true false
 PV IPIs
[    1.229463] kernel: ..TIMER: vector=0x30 apic1=0 pin1=2 apic2=-1 pin2=-1
[    1.229500] kernel: clocksource: tsc-early: mask: 0xffffffffffffffff max_cycles: 0x2563bf907c6, max_idle_ns: 440795319401 ns
[    1.229526] kernel: Calibrating delay loop (skipped) preset value.. 5187.81 BogoMIPS (lpj=2593906)
[    1.229540] kernel: pid_max: default: 32768 minimum: 301
[    1.229625] kernel: LSM: Security Framework initializing
[    1.229661] kernel: SELinux:  Initializing.
[    1.229807] kernel: Mount-cache hash table entries: 32768 (order: 6, 262144 bytes, linear)
[    1.230528] kernel: Mountpoint-cache hash table entries: 32768 (order: 6, 262144 bytes, linear)
[    1.231549] kernel: x86/cpu: User Mode Instruction Prevention (UMIP) activated
[    1.231673] kernel: Last level iTLB entries: 4KB 0, 2MB 0, 4MB 0
[    1.231681] kernel: Last level dTLB entries: 4KB 0, 2MB 0, 4MB 0, 1GB 0
[    1.231712] kernel: Spectre V1 : Mitigation: usercopy/swapgs barriers and __user pointer sanitization
[    1.231726] kernel: Spectre V2 : Mitigation: Enhanced IBRS
[    1.231732] kernel: Spectre V2 : Spectre v2 / SpectreRSB mitigation: Filling RSB on context switch
[    1.231741] kernel: Spectre V2 : mitigation: Enabling conditional Indirect Branch Prediction Barrier
[    1.231751] kernel: Speculative Store Bypass: Mitigation: Speculative Store Bypass disabled via prctl and seccomp
[    1.231759] kernel: TAA: Mitigation: TSX disabled
[    1.255091] kernel: Freeing SMP alternatives memory: 40K
[    1.255391] kernel: smpboot: CPU0: Intel(R) Xeon(R) Gold 6348 CPU @ 2.60GHz (family: 0x6, model: 0x6a, stepping: 0x6)
[    1.255515] kernel: Performance Events: Icelake events, 32-deep LBR, full-width counters, Intel PMU driver.
[    1.255515] kernel: ... version:                2
[    1.255515] kernel: ... bit width:              48
[    1.255515] kernel: ... generic registers:      8
[    1.255515] kernel: ... value mask:             0000ffffffffffff
[    1.255515] kernel: ... max period:             00007fffffffffff
[    1.255515] kernel: ... fixed-purpose events:   3
[    1.255515] kernel: ... event mask:             00000007000000ff
[    1.255515] kernel: rcu: Hierarchical SRCU implementation.
[    1.256507] kernel: smp: Bringing up secondary CPUs ...
[    1.256739] kernel: x86: Booting SMP configuration:
[    1.256744] kernel: .... node  #0, CPUs:      #1
[    0.006067] kernel: kvm-clock: cpu 1, msr 287558041, secondary cpu clock
[    0.006067] kernel: smpboot: CPU 1 Converting physical 0 to logical die 1
[    1.275571] kernel: kvm-guest: setup async PF for cpu 1
[    1.275586] kernel: kvm-guest: stealtime: cpu 1, msr 26031f140
[    1.275609] kernel: smp: Brought up 1 node, 2 CPUs
[    1.275609] kernel: smpboot: Max logical packages: 2
[    1.275609] kernel: smpboot: Total of 2 processors activated (10375.62 BogoMIPS)
[    1.276930] kernel: devtmpfs: initialized
[    1.283774] kernel: clocksource: jiffies: mask: 0xffffffff max_cycles: 0xffffffff, max_idle_ns: 1911260446275000 ns
[    1.283796] kernel: futex hash table entries: 512 (order: 3, 32768 bytes, linear)
[    1.284154] kernel: PM: RTC time: 06:13:15, date: 2023-03-06
[    1.284628] kernel: NET: Registered PF_NETLINK/PF_ROUTE protocol family
[    1.285263] kernel: audit: initializing netlink subsys (disabled)
[    1.286123] kernel: thermal_sys: Registered thermal governor 'step_wise'
[    1.286129] kernel: thermal_sys: Registered thermal governor 'user_space'
[    1.286206] kernel: audit: type=2000 audit(1678083195.623:1): state=initialized audit_enabled=0 res=1
[    1.286211] kernel: cpuidle: using governor menu
[    1.286623] kernel: ACPI: bus type PCI registered
[    1.286957] kernel: PCI: Using configuration type 1 for base access
[    1.304971] kernel: Kprobes globally optimized
[    1.305673] kernel: HugeTLB registered 2.00 MiB page size, pre-allocated 0 pages
[    1.305673] kernel: cryptomgr_test (26) used greatest stack depth: 30712 bytes left
[    1.308638] kernel: ACPI: Added _OSI(Module Device)
[    1.308647] kernel: ACPI: Added _OSI(Processor Device)
[    1.308653] kernel: ACPI: Added _OSI(3.0 _SCP Extensions)
[    1.308658] kernel: ACPI: Added _OSI(Processor Aggregator Device)
[    1.308668] kernel: ACPI: Added _OSI(Linux-Dell-Video)
[    1.308676] kernel: ACPI: Added _OSI(Linux-Lenovo-NV-HDMI-Audio)
[    1.308684] kernel: ACPI: Added _OSI(Linux-HPI-Hybrid-Graphics)
[    1.322064] kernel: ACPI: 1 ACPI AML tables successfully acquired and loaded
[    1.326664] kernel: ACPI: Interpreter enabled
[    1.326771] kernel: ACPI: PM: (supports S0 S3 S4 S5)
[    1.326779] kernel: ACPI: Using IOAPIC for interrupt routing
[    1.326869] kernel: PCI: Using host bridge windows from ACPI; if necessary, use "pci=nocrs" and report a bug
[    1.327846] kernel: ACPI: Enabled 2 GPEs in block 00 to 0F
[    1.354909] kernel: ACPI: PCI Root Bridge [PCI0] (domain 0000 [bus 00-ff])
[    1.354950] kernel: acpi PNP0A03:00: _OSC: OS supports [ASPM ClockPM Segments MSI HPX-Type3]
[    1.355059] kernel: acpi PNP0A03:00: fail to add MMCONFIG information, can't access extended PCI configuration space under this bridge.
[    1.355356] kernel: PCI host bridge to bus 0000:00
[    1.355366] kernel: pci_bus 0000:00: root bus resource [io  0x0000-0x0cf7 window]
[    1.355381] kernel: pci_bus 0000:00: root bus resource [io  0x0d00-0xffff window]
[    1.355394] kernel: pci_bus 0000:00: root bus resource [mem 0x000a0000-0x000bffff window]
[    1.355407] kernel: pci_bus 0000:00: root bus resource [mem 0xc0000000-0xfebfffff window]
[    1.355421] kernel: pci_bus 0000:00: root bus resource [mem 0x2c0000000-0x33fffffff window]
[    1.355435] kernel: pci_bus 0000:00: root bus resource [bus 00-ff]
[    1.356728] kernel: pci 0000:00:00.0: [8086:1237] type 00 class 0x060000
[    1.358778] kernel: pci 0000:00:01.0: [8086:7000] type 00 class 0x060100
[    1.360260] kernel: pci 0000:00:01.1: [8086:7010] type 00 class 0x010180
[    1.362526] kernel: pci 0000:00:01.1: reg 0x20: [io  0xc0c0-0xc0cf]
[    1.363539] kernel: pci 0000:00:01.1: legacy IDE quirk: reg 0x10: [io  0x01f0-0x01f7]
[    1.363554] kernel: pci 0000:00:01.1: legacy IDE quirk: reg 0x14: [io  0x03f6]
[    1.363565] kernel: pci 0000:00:01.1: legacy IDE quirk: reg 0x18: [io  0x0170-0x0177]
[    1.363575] kernel: pci 0000:00:01.1: legacy IDE quirk: reg 0x1c: [io  0x0376]
[    1.365756] kernel: pci 0000:00:01.3: [8086:7113] type 00 class 0x068000
[    1.366072] kernel: pci 0000:00:01.3: quirk: [io  0x0600-0x063f] claimed by PIIX4 ACPI
[    1.366091] kernel: pci 0000:00:01.3: quirk: [io  0x0700-0x070f] claimed by PIIX4 SMB
[    1.367950] kernel: pci 0000:00:02.0: [1234:1111] type 00 class 0x030000
[    1.368975] kernel: pci 0000:00:02.0: reg 0x10: [mem 0xfd000000-0xfdffffff pref]
[    1.370528] kernel: pci 0000:00:02.0: reg 0x18: [mem 0xfeb90000-0xfeb90fff]
[    1.374383] kernel: pci 0000:00:02.0: reg 0x30: [mem 0xfeb80000-0xfeb8ffff pref]
[    1.376500] kernel: pci 0000:00:03.0: [1af4:1005] type 00 class 0x00ff00
[    1.377222] kernel: pci 0000:00:03.0: reg 0x10: [io  0xc080-0xc09f]
[    1.380006] kernel: pci 0000:00:03.0: reg 0x20: [mem 0xfe200000-0xfe203fff 64bit pref]
[    1.383467] kernel: pci 0000:00:04.0: [1af4:1000] type 00 class 0x020000
[    1.384437] kernel: pci 0000:00:04.0: reg 0x10: [io  0xc0a0-0xc0bf]
[    1.384972] kernel: pci 0000:00:04.0: reg 0x14: [mem 0xfeb91000-0xfeb91fff]
[    1.386978] kernel: pci 0000:00:04.0: reg 0x20: [mem 0xfe204000-0xfe207fff 64bit pref]
[    1.387522] kernel: pci 0000:00:04.0: reg 0x30: [mem 0xfeb00000-0xfeb7ffff pref]
[    1.390590] kernel: pci 0000:00:05.0: [1af4:1001] type 00 class 0x010000
[    1.391524] kernel: pci 0000:00:05.0: reg 0x10: [io  0xc000-0xc07f]
[    1.392418] kernel: pci 0000:00:05.0: reg 0x14: [mem 0xfeb92000-0xfeb92fff]
[    1.394426] kernel: pci 0000:00:05.0: reg 0x20: [mem 0xfe208000-0xfe20bfff 64bit pref]
[    1.397236] kernel: pci 0000:00:10.0: [1af4:1110] type 00 class 0x050000
[    1.397971] kernel: pci 0000:00:10.0: reg 0x10: [mem 0xfeb93000-0xfeb930ff]
[    1.399952] kernel: pci 0000:00:10.0: reg 0x18: [mem 0xfe000000-0xfe0fffff 64bit pref]
[    1.404035] kernel: pci 0000:00:11.0: [1af4:1110] type 00 class 0x050000
[    1.404524] kernel: pci 0000:00:11.0: reg 0x10: [mem 0xfeb94000-0xfeb940ff]
[    1.405527] kernel: pci 0000:00:11.0: reg 0x18: [mem 0xfe20c000-0xfe20c3ff 64bit pref]
[    1.409478] kernel: pci 0000:00:12.0: [1af4:1110] type 00 class 0x050000
[    1.410434] kernel: pci 0000:00:12.0: reg 0x10: [mem 0xfeb95000-0xfeb950ff]
[    1.411531] kernel: pci 0000:00:12.0: reg 0x18: [mem 0xfe100000-0xfe1fffff 64bit pref]
[    1.419099] kernel: ACPI: PCI: Interrupt link LNKA configured for IRQ 10
[    1.419894] kernel: ACPI: PCI: Interrupt link LNKB configured for IRQ 10
[    1.420662] kernel: ACPI: PCI: Interrupt link LNKC configured for IRQ 11
[    1.421415] kernel: ACPI: PCI: Interrupt link LNKD configured for IRQ 11
[    1.421758] kernel: ACPI: PCI: Interrupt link LNKS configured for IRQ 9
[    1.423266] kernel: iommu: Default domain type: Translated 
[    1.423276] kernel: iommu: DMA domain TLB invalidation policy: lazy mode 
[    1.423515] kernel: pci 0000:00:02.0: vgaarb: setting as boot VGA device
[    1.423515] kernel: pci 0000:00:02.0: vgaarb: VGA device added: decodes=io+mem,owns=io+mem,locks=none
[    1.423523] kernel: pci 0000:00:02.0: vgaarb: bridge control possible
[    1.423531] kernel: vgaarb: loaded
[    1.423935] kernel: SCSI subsystem initialized
[    1.424603] kernel: libata version 3.00 loaded.
[    1.424771] kernel: ACPI: bus type USB registered
[    1.424873] kernel: usbcore: registered new interface driver usbfs
[    1.424927] kernel: usbcore: registered new interface driver hub
[    1.424967] kernel: usbcore: registered new device driver usb
[    1.425074] kernel: pps_core: LinuxPPS API ver. 1 registered
[    1.425080] kernel: pps_core: Software ver. 5.3.6 - Copyright 2005-2007 Rodolfo Giometti <giometti@linux.it>
[    1.425102] kernel: PTP clock support registered
[    1.425687] kernel: Advanced Linux Sound Architecture Driver Initialized.
[    1.426431] kernel: NetLabel: Initializing
[    1.426435] kernel: NetLabel:  domain hash size = 128
[    1.426440] kernel: NetLabel:  protocols = UNLABELED CIPSOv4 CALIPSO
[    1.426526] kernel: NetLabel:  unlabeled traffic allowed by default
[    1.426605] kernel: PCI: Using ACPI for IRQ routing
[    1.426605] kernel: PCI: pci_cache_line_size set to 64 bytes
[    1.426706] kernel: e820: reserve RAM buffer [mem 0x0009fc00-0x0009ffff]
[    1.426723] kernel: e820: reserve RAM buffer [mem 0xbffdd000-0xbfffffff]
[    1.426971] kernel: hpet0: at MMIO 0xfed00000, IRQs 2, 8, 0
[    1.426993] kernel: hpet0: 3 comparators, 64-bit 100.000000 MHz counter
[    1.430549] kernel: clocksource: Switched to clocksource kvm-clock
[    1.492278] kernel: VFS: Disk quotas dquot_6.6.0
[    1.492338] kernel: VFS: Dquot-cache hash table entries: 512 (order 0, 4096 bytes)
[    1.492602] kernel: pnp: PnP ACPexecutor 1 finishes userspace_cover_open
before receiving handshake request
req.flags ea3
I init
[    1.493413] kernel: pnp 00:03: [dma 2]
[    1.496003] kernel: pnp: PnP ACPI: found 6 devices
[    1.563877] kernel: clocksource: acpi_pm: mask: 0xffffff max_cycles: 0xffffff, max_idle_ns: 2085701024 ns
[    1.563999] kernel: NET: Registered PF_INET protocol family
[    1.565008] kernel: IP idents hash table entries: 262144 (order: 9, 2097152 bytes, linear)
[    1.575955] kernel: tcp_listen_portaddr_hash hash table entries: 8192 (order: 5, 131072 bytes, linear)
[    1.576656] kernel: TCP established hash table entries: 131072 (order: 8, 1048576 bytes, linear)
[    1.577502] kernel: TCP bind hash table entries: 65536 (order: 8, 1048576 bytes, linear)
[    1.578827] kernel: TCP: Hash tables configured (established 131072 bind 65536)
[    1.578971] kernel: UDP hash table entries: 8192 (order: 6, 262144 bytes, linear)
[    1.579104] kernel: UDP-Lite hash table entries: 8192 (order: 6, 262144 bytes, linear)
[    1.579404] kernel: NET: Registered PF_UNIX/PF_LOCAL protocol family
[ ----- is restarting 0
---- dfs_name glusterfs is_dfs_client 1
   1.587911] kernel: pci_bus 0000:00: resource 4 [io  0x0000-0x0cf7 window]
[    1.587930] kernel: pci_bus 0000:00: resource 5 [io  0x0d00-0xffff window]
[    1.587942] kernel: pci_bus 0000:00: resource 6 [mem 0x000a0000-0x000bffff window]
[    1.587955] kernel: pci_bus 0000:00: resource 7 [mem 0xc0000000-0xfebfffff window]
[    1.587968] kernel: pci_bus 0000:00: resource 8 [mem 0x2c0000000-0x33fffffff window]
[    1.588257] kernel: pci 0000:00:01.0: PIIX3: Enabling Passive Release
[    1.588277] kernel: pci 0000:00:00.0: Limiting direct PCI/PCI transfers
[    1.588304] kernel: pci 0000:00:01.0: Activating ISA DMA hang workarounds
[    1.588395] kernel: pci 0000:00:02.0: Video device with shadowed ROM at [mem 0x000c0000-0x000dffff]
[    1.588531] kernel: PCI: CLS 0 bytes, default 64
[    1.588571] kernel: PCI-DMA: Using software bounce buffering for IO (SWIOTLB)
[    1.588577] kernel: software IO TLB: mapped [mem 0x00000000bbfdd000-0x00000000bffdd000] (64MB)
[    1.589152] kernel: RAPdebug1: Sending command: /root/syz-executor exec 0 0 glusterfs 3 4 192.168.0.49 0 "3 1 ''" false false false true false
L PMU: API unit is 2^-32 Joules, 0 fixed counters, 10737418240 ms ovfl timer
[    1.589187] kernel: clocksource: tsc: mask: 0xffffffffffffffff max_cycles: 0x2563bf907c6, max_idle_ns: 440795319401 ns
[    1.589257] kernel: clocksource: Switched to clocksource tsc
[    1.593302] kernel: Initialise system trusted keyrings
[    1.594383] kernel: workingset: timestamp_bits=56 max_order=22 bucket_order=0
[    1.609608] kernel: fuse: init (API version 7.34)
[    1.632030] kernel: cryptomgr_test (54) used greatest stack depth: 30544 bytes left
[    1.632083] kernel: Key type asymmetric registered
[    1.632090] kernel: Asymmetric key parser 'x509' registered
[    1.632284] kernel: Block layer SCSI generic (bsg) driver version 0.4 loaded (major 251)
[    1.632292] kernel: io scheduler mq-deadline registered
[    1.632298] kernel: io scheduler kyber registered
[    1.633366] kernel: input: Power Button as /devices/LNXSYSTM:00/LNXPWRBN:00/input/input0
[    1.633609] kernel: ACPI: button: Power Button [PWRF]
[    2.664066] kernel: ACPI: \_SB_.LNKC: Enabled at IRQ 11
[    4.218523] kernel: ACPI: \_SB_.LNKD: Enabled at IRQ 10
[    5.870016] kernel: ACPI: \_SB_.LNKA: Enabled at IRQ 10
[    5.873330] kernel: Serial: 8250/16550 driver, 4 ports, IRQ sharing enabled
[    5.873574] kernel: 00:05: ttyS0 at I/O 0x3f8 (irq = 4, base_baud = 115200) is a 16550A
[    5.882090] kernel: Non-volatile memory driver v1.3
[    5.882225] kernel: Linux agpgart interface v0.103
[    5.909168] kernel: loop: module loaded
[    5.910329] kernel: virtio_blk virtio2: [vda] 1024000 512-byte logical blocks (524 MB/500 MiB)
[    5.921302] kernel: ata_piix 0000:00:01.1: version 2.13
[    5.931748] kernel: scsi host0: ata_piix
[    5.934106] kernel: scsi host1: ata_piix
[    5.934336] kernel: ata1: PATA max MWDMA2 cmd 0x1f0 ctl 0x3f6 bmdma 0xc0c0 irq 14
[    5.934349] kernel: ata2: PATA max MWDMA2 cmd 0x170 ctl 0x376 bmdma 0xc0c8 irq 15
[    5.935165] kernel: libphy: Fixed MDIO Bus: probed
[    5.958244] kernel: e100: Intel(R) PRO/100 Network Driver
[    5.958256] kernel: e100: Copyright(c) 1999-2006 Intel Corporation
[    5.958307] kernel: e1000: Intel(R) PRO/1000 Network Driver
[    5.958312] kernel: e1000: Copyright (c) 1999-2006 Intel Corporation.
[    5.958380] kernel: e1000e: Intel(R) PRO/1000 Network Driver
[    5.958384] kernel: e1000e: Copyright(c) 1999 - 2015 Intel Corporation.
[    5.958466] kernel: sky2: driver version 1.30
[    5.960183] kernel: ehci_hcd: USB 2.0 'Enhanced' Host Controller (EHCI) Driver
[    5.960190] kernel: ehci-pci: EHCI PCI platform driver
[    5.960235] kernel: ohci_hcd: USB 1.1 'Open' Host Controller (OHCI) Driver
[    5.960250] kernel: ohci-pci: OHCI PCI platform driver
[    5.960290] kernel: uhci_hcd: USB Universal Host Controller Interface driver
[    5.960577] kernel: usbcore: registered new interface driver usblp
[    5.960629] kernel: usbcore: registered new interface driver usb-storage
[    5.960772] kernel: i8042: PNP: PS/2 Controller [PNP0303:----- is restarting 0
---- dfs_name glusterfs is_dfs_client 0
KBD,PNP0f13:MOU] at 0x60,0x64 irq 1,12
[    5.961405] kernel: serio: i8042 KBD port at 0x60,0x64 irq 1
[    5.961425] kernel: serio: i8042 AUX port at 0x60,0x64 irq 12
[    5.962548] kernel: input: AT Translated Set 2 keyboard as /devices/platform/i8042/serio0/input/input1
[    5.962981] kernel: rtc_cmos 00:00: RTC can wake from S4
[    5.964899] kernel: rtc_cmos 00:00: registered as rtc0
[    5.964985] kernel: rtc_cmos 00:00: alarms up to one day, y3k, 114 bytes nvram, hpet irqs
[    5.966081] kernel: device-mapper: ioctl: 4.45.0-ioctl (2021-03-22) initialised: dm-devel@redhat.com
[    5.966100] kernel: intel_pstate: CPU model not supported
[    5.966239] kernel: hid: raw HID events driver (C) Jiri Kosina
[    5.967008] kernel: usbcore: registered new interface driver usbhid
[    5.967015] kernel: usbhid: USB HID core driver
[    5.968155] kernel: netem: version 1.3
[    5.971586] kernel: Initializing XFRM netlink socket
[    5.972295] kernel: NET: Registered PF_INET6 protocol family
[    5.996043] kernel: Segment Routing with IPv6
[    5.996083] kernel: In-situ OAM (IOAM) with IPv6
[    5.996280] kernel: sit: IPv6, IPv4 and MPLS over IPv4 tunneling driver
[    5.996937] kernel: NET: Registered PF_PACKET protocol family
[    5.997067] kernel: 9pnet: Installing 9P2000 support
[    5.997131] kernel: Key type dns_resolver registered
[    5.997165] kernel: Key type ceph registered
[    5.999443] kernel: libceph: loaded (mon/osd proto 15/24)
[    6.000261] kernel: IPI shorthand broadcast: enabled
[    6.000320] kernel: sched_clock: Marking stable (5994958914, 5067148)->(6093292881, -93266819)
[    6.000892] kernel: registered taskstats version 1
[    6.000899] kernel: Loading compiled-in X.509 certificates
[    6.006424] kernel: PM:   Magic number: 15:233:215
[    6.006481] kernel: event_source software: hash matches
[    6.006577] kernel: printk: console [netcon0] enabled
[    6.006585] kernel: netconsole: network logging started
[    6.093133] kernel: ata1.01: NODEV after polling detection
[    6.093358] kernel: ata2.01: NODEV after polling detection
[    6.093598] kernel: ata1.00: ATA-7: QEMU HARDDISK, 2.5+, max UDMA/100
[    6.093613] kernel: ata1.00: 88078336 sectors, multi 16: LBA48 
[    6.093809] kernel: ata2.00: ATAPI: QEMU DVD-ROM, 2.5+, max UDMA/100
[    6.094609] kernel: scsi 0:0:0:0: Direct-Access     ATA      QEMU HARDDISK    2.5+ PQ: 0 ANSI: 5
[    6.095346] kernel: scsi 0:0:0:0: Attached scsi generic sg0 type 0
[    6.095836] kernel: sd 0:0:0:0: [sda] 88078336 512-byte logical blocks: (45.1 GB/42.0 GiB)
[    6.095869] kernel: sd 0:0:0:0: [sda] Write Protect is off
[    6.095883] kernel: sd 0:0:0:0: [sda] Mode Sense: 00 3a 00 00
[    6.095926] kernel: sd 0:0:0:0: [sda] Write cache: enabled, read cache: enabled, doesn't support DPO or FUA
[    6.109387] kernel: sd 0:0:0:0: [sda] Attached SCSI disk
[    6.109536] kernel: scsi 1:0:0:0: CD-ROM            QEMU     QEMU DVD-ROM     2.5+ PQ: 0 ANSI: 5
[    6.138627] kernel: sr 1:0:0:0: [sr0] scsi3-mmc drive: 4x/4x cd/rw xa/form2 tray
[    6.138649] kernel: cdrom: Uniform CD-ROM driver Revision: 3.20
[    6.157223] kernel: sr 1:0:0:0: Attached scsi CD-ROM sr0
[    6.157608] kernel: sr 1:0:0:0: Attached scsi generic sg1 type 5
[    6.581350] kernel: input: ImExPS/2 Generic Explorer Mouse as /devices/platform/i8042/serio1/input/input3
[    6.595674] kernel: IP-Config: Guessing netmask 255.255.255.0
[    6.595690] kernel: IP-Config: Complete:
[    6.595694] kernel:      device=eth0, hwaddr=e6:c8:ff:09:76:32, ipaddr=192.168.0.50, mask=255.255.255.0, gw=255.255.255.255
[    6.595710] kernel:      host=192.168.0.50, domain=, nis-domain=(none)
[    6.595718] kernel:      bootserver=255.255.255.255, rootserver=255.255.255.255, rootpath=
[    6.595965] kernel: cfg80211: Loading compiled-in X.509 certificates for regulatory database
[    6.596467] kernel: kworker/u4:1 (69) used greatest stack depth: 28680 bytes left
[    6.598001] kernel: cfg80211: Loaded X.509 cert 'sforshee: 00b28ddf47aef9cea7'
[    6.598030] kernel: ALSA device list:
[    6.598035] kernel:   No soundcards found.
[    6.598460] kernel: md: Waiting for all devices to be available before autodetect
[    6.598468] kernel: md: If you don't use raid, use raid=noautodetect
[    6.598472] kernel: md: Autodetecting RAID arrays.
[    6.598476] kernel: md: autorun ...
[    6.598480] kernel: md: ... autorun DONE.
[    6.608728] kernel: platform regulatory.0: Direct firmware load for regulatory.db failed with error -2
[    6.608752] kernel: cfg80211: failed to load regulatory.db
[    6.621155] kernel: EXT4-fs (sda): mounted filesystem with ordered data mode. Opts: (null). Quota mode: none.
[    6.621238] kernel: VFS: Mounted root (ext4 filesystem) readonly on device 8:0.
[    6.649315] kernel: devtmpfs: mounted
[    6.650613] kernel: Freeing unused kernel image (initmem) memory: 2068K
[    6.654988] kernel: Write protecting the kernel read-only data: 57344k
[    6.657007] kernel: Freeing unused kernel image (text/rodata gap) memory: 2032K
[    6.657642] kernel: Freeing unused kernel image (rodata/data gap) memory: 988K
[    6.657674] kernel: Run /sbin/init as init process
[    6.657679] kernel:   with arguments:
[    6.657682] kernel:     /sbin/init
[    6.657685] kernel:   with environment:
[    6.657688] kernel:     HOME=/
[    6.657692] kernel:     TERM=linux
[    6.768265] kernel: random: fast init done
[    6.986352] systemd[1]: systemd 245.4-4ubuntu3 running in system mode. (+PAM +AUDIT +SELINUX +IMA +APPARMOR +SMACK +SYSVINIT +UTMP +LIBCRYPTSETUP +GCRYPT +GNUTLS +ACL +XZ +LZ4 +SECCOMP +BLKID +ELFUTILS +KMOD +IDN2 -IDN +PCRE2 default-hierarchy=hybrid)
[    6.986548] systemd[1]: Detected virtualization kvm.
[    6.986562] systemd[1]: Detected architecture x86-64.
[    6.999894] systemd[1]: Set hostname to <dfs-fuzzing>.
[    7.032984] kernel: IPv6: ADDRCONF(NETDEV_CHANGE): eth0: link becomes ready
[    7.211085] kernel: systemd-bless-b (78) used greatest stack depth: 26968 bytes left
[    7.213963] kernel: systemd-cryptse (79) used greatest stack depth: 26280 bytes left
[    7.304753] kernel: systemd-hiberna (84) used greatest stack depth: 25032 bytes left
[    7.649444] systemd[1]: /lib/systemd/system/dbus.socket:5: ListenStream= references a path below legacy directory /var/run/, updating /var/run/dbus/system_bus_socket  /run/dbus/system_bus_socket; please update the unit file accordingly.
[    7.664822] kernel: random: crng init done
[    7.726766] systemd[1]: system-modprobe.slice: unit configures an IP firewall, but the local system does not support BPF/cgroup firewalling.
[    7.726791] systemd[1]: (This warning is only shown for the first unit using IP firewalling.)
[    7.727549] systemd[1]: Created slice system-modprobe.slice.
[    7.727959] systemd[1]: Created slice system-serial\x2dgetty.slice.
[    7.728322] systemd[1]: Created slice User and Session Slice.
[    7.728556] systemd[1]: Started Dispatch Password Requests to Console Directory Watch.
[    7.728705] systemd[1]: Started Forward Password Requests to Wall Directory Watch.
[    7.729420] systemd[1]: Set up automount Arbitrary Executable File Formats File System Automount Point.
[    7.729475] systemd[1]: Reached target Local Encrypted Volumes.
[    7.729503] systemd[1]: Reached target Paths.
[    7.729544] systemd[1]: Reached target Remote File Systems.
[    7.729558] systemd[1]: Reached target Slices.
[    7.729574] systemd[1]: Reached target Swap.
[    7.729794] systemd[1]: Listening on Device-mapper event daemon FIFOs.
[    7.730141] systemd[1]: Listening on Syslog Socket.
[    7.730278] systemd[1]: Listening on initctl Compatibility Named Pipe.
[    7.731094] systemd[1]: Listening on Journal Audit Socket.
[    7.731388] systemd[1]: Listening on Journal Socket (/dev/log).
[    7.732486] systemd[1]: Listening on Journal Socket.
[    7.732862] systemd[1]: Listening on udev Control Socket.
[    7.733054] systemd[1]: Listening on udev Kernel Socket.
[    7.740421] systemd[1]: Mounting Huge Pages File System...
[    7.750441] systemd[1]: Mounting POSIX Message Queue File System...
[    7.755471] systemd[1]: Mounting /proc/sys/fs/binfmt_misc...
[    7.764855] systemd[1]: Mounting /sys/kernel/config...
[    7.767184] systemd[1]: Mounting /sys/kernel/debug...
[    7.783602] systemd[1]: Mounting Kernel Trace File System...
[    7.807811] systemd[1]: Starting Journal Service...
[    7.810033] systemd[1]: Starting Set the console keyboard layout...
[    7.810096] systemd[1]: Condition check resulted in Create list of static device nodes for the current kernel being skipped.
[    7.810179] systemd[1]: Condition check resulted in Load Kernel Module drm being skipped.
[    7.842822] systemd[1]: Starting Load Kernel Modules...
[    7.845757] systemd[1]: Starting Remount Root and Kernel File Systems...
[    7.847900] systemd[1]: Starting udev Coldplug all Devices...
[    7.934018] systemd[1]: Finished Load Kernel Modules.
[    7.963331] systemd[1]: Mounting FUSE Control File System...
[    7.965631] systemd[1]: Starting Apply Kernel Variables...
[    8.207048] systemd[1]: Mounted FUSE Control File System.
[    8.237271] systemd[1]: Mounted Huge Pages File System.
[    8.237845] systemd[1]: Mounted /proc/sys/fs/binfmt_misc.
[    8.238317] systemd[1]: Mounted /sys/kernel/debug.
[    8.270613] kernel: EXT4-fs (sda): re-mounted. Opts: (null). Quota mode: none.
[    8.273476] systemd[1]: Mounted POSIX Message Queue File System.
[    8.273539] kernel: systemd-remount (99) used greatest stack depth: 25016 bytes left
[    8.274139] systemd[1]: Mounted /sys/kernel/config.
[    8.274629] systemd[1]: Mounted Kernel Trace File System.
[    8.303817] systemd[1]: Finished Remount Root and Kernel File Systems.
[    8.317472] systemd[1]: Finished Apply Kernel Variables.
[    8.321767] systemd[1]: Condition check resulted in Set Up Additional Binary Formats being skipped.
[    8.322483] systemd[1]: Condition check resulted in Rebuild Hardware Database being skipped.
[    8.322589] systemd[1]: Condition check resulted in Platform Persistent Storage Archival being skipped.
[    8.324656] systemd[1]: Starting Load/Save Random Seed...
[    8.328573] systemd[1]: Starting Create System Users...
[    8.408207] systemd[1]: Finished Load/Save Random Seed.
[    8.529818] systemd[1]: Finished Create System Users.
[    8.532309] systemd[1]: Starting Create Static Device Nodes in /dev...
[    8.602439] systemd[1]: Finished Create Static Device Nodes in /dev.
[    8.605026] kernel: keyboard-setup. (97) used greatest stack depth: 24952 bytes left
[    8.605609] systemd[1]: Starting udev Kernel Device Manager...
[    8.607529] systemd[1]: Finished Set the console keyboard layout.
[    8.608065] systemd[1]: Reached target Local File Systems (Pre).
[    8.608103] systemd[1]: Reached target Local File Systems.
[    8.614882] systemd[1]: Starting Set console font and keymap...
[    8.614989] systemd[1]: Condition check resulted in Store a System Token in an EFI Variable being skipped.
[    8.615096] systemd[1]: Condition check resulted in Commit a transient machine-id on disk being skipped.
[    8.701307] systemd[1]: Started Journal Service.
[   15.339850] kernel: fstrim (169) used greatest stack depth: 24824 bytes left
unlink FIFO failed: No such file or directory
[    0.000000] kernel: Linux version 5.15.0+ (tlyu@IC-RS3-DPC07) (gcc (Ubuntu 9.4.0-1ubuntu1~20.04.1) 9.4.0, GNU ld (GNU Binutils for Ubuntu) 2.34) #8 SMP Fri Jun 3 16:18:40 CEST 2022
[    0.000000] kernel: Command line: root=/dev/sda console=ttyS0 net.ifnames=0 ip=192.168.0.51 quiet
[    0.000000] kernel: x86/fpu: Supporting XSAVE feature 0x001: 'x87 floating point registers'
[    0.000000] kernel: x86/fpu: Supporting XSAVE feature 0x002: 'SSE registers'
[    0.000000] kernel: x86/fpu: Supporting XSAVE feature 0x004: 'AVX registers'
[    0.000000] kernel: x86/fpu: Supporting XSAVE feature 0x020: 'AVX-512 opmask'
[    0.000000] kernel: x86/fpu: Supporting XSAVE feature 0x040: 'AVX-512 Hi256'
[    0.000000] kernel: x86/fpu: Supporting XSAVE feature 0x080: 'AVX-512 ZMM_Hi256'
[    0.000000] kernel: x86/fpu: Supporting XSAVE feature 0x200: 'Protection Keys User registers'
[    0.000000] kernel: x86/fpu: xstate_offset[2]:  576, xstate_sizes[2]:  256
[    0.000000] kernel: x86/fpu: xstate_----- is restarting 0
---- dfs_name glusterfs is_dfs_client 0
unlink FIFO failed: No such file or directory
[    0.000000] kernel: Linux version 5.15.0+ (tlyu@IC-RS3-DPC07) (gcc (Ubuntu 9.4.0-1ubuntu1~20.04.1) 9.4.0, GNU ld (GNU Binutils for Ubuntu) 2.34) #8 SMP Fri Jun 3 16:18:40 CEST 2022
[    0.000000] kernel: Command line: root=/dev/sda console=ttyS0 net.ifnames=0 ip=192.168.0.49 quiet
[    0.000000] kernel: x86/fpu: Supporting XSAVE feature 0x001: 'x87 floating point registers'
[    0.000000] kernel: x86/fpu: Supporting XSAVE feature 0x002: 'SSE registers'
[    0.000000] kernel: x86/fpu: Supporting XSAVE feature 0x004: 'AVX registers'
[    0.000000] kernel: x86/fpu: Supporting XSAVE feature 0x020: 'AVX-512 opmask'
[    0.000000] kernel: x86/fpu: Supporting XSAVE feature 0x040: 'AVX-512 Hi256'
[    0.000000] kernel: x86/fpu: Supporting XSAVE feature 0x080: 'AVX-512 ZMM_Hi256'
[    0.000000] kernel: x86/fpu: Supporting XSAVE feature 0x200: 'Protection Keys User registers'
[    0.000000] kernel: x86/fpu: xstate_offset[2]:  576, xstate_sizes[2]:  256
[    0.000000] kernel: x86/fpu: xstate_offset[5]:  832, xstate_sizes[5]:   64
[    0.000000] kernel: x86/fpu: xstate_offset[6]:  896, xstate_sizes[6]:  512
[    0.000000] kernel: x86/fpu: xstate_offset[7]: 1408, xstate_sizes[7]: 1024
[    0.000000] kernel: x86/fpu: xstate_offset[9]: 2432, xstate_sizes[9]:    8
[    0.000000] kernel: x86/fpu: Enabled xstate features 0x2e7, context size is 2440 bytes, using 'compacted' format.
[    0.000000] kernel: signal: max sigframe size: 3632
[    0.000000] kernel: BIOS-provided physical RAM map:
[    0.000000] kernel: BIOS-e820: [mem 0x0000000000000000-0x000000000009fbff] usable
[    0.000000] kernel: BIOS-e820: [mem 0x000000000009fc00-0x000000000009ffff] reserved
[    0.000000] kernel: BIOS-e820: [mem 0x00000000000f0000-0x00000000000fffff] reserved
[    0.000000] kernel: BIOS-e820: [mem 0x0000000000100000-0x00000000bffdcfff] usable
[    0.000000] kernel: BIOS-e820: [mem 0x00000000bffdd000-0x00000000bfffffff] reserved
[    0.000000] kernel: BIOS-e820: [mem 0x00000000feffc000-0x00000000offset[5]:  832, xstate_sizes[5]:   64
[    0.000000] kernel: x86/fpu: xstate_offset[6]:  896, xstate_sizes[6]:  512
[    0.000000] kernel: x86/fpu: xstate_offset[7]: 1408, xstate_sizes[7]: 1024
[    0.000000] kernel: x86/fpu: xstate_offset[9]: 2432, xstate_sizes[9]:    8
[    0.000000] kernel: x86/fpu: Enabled xstate features 0x2e7, context size is 2440 bytes, using 'compacted' format.
[    0.000000] kernel: signal: max sigframe size: 3632
[    0.000000] kernel: BIOS-provided physical RAM map:
[    0.000000] kernel: BIOS-e820: [mem 0x0000000000000000-0x000000000009fbff] usable
[    0.000000] kernel: BIOS-e820: [mem 0x000000000009fc00-0x000000000009ffff] reserved
[    0.000000] kernel: BIOS-e820: [mem 0x00000000000f0000-0x00000000000fffff] reserved
[    0.000000] kernel: BIOS-e820: [mem 0x0000000000100000-0x00000000bffdcfff] usable
[    0.000000] kernel: BIOS-e820: [mem 0x00000000bffdd000-0x00000000bfffffff] reserved
[    0.000000] kernel: BIOS-e820: [mem 0x00000000feffc000-0x00000000feffffff] reserved
[    0.000000] kernel: BIOS-e820: [mem 0x00000000fffc0000-0x00000000ffffffff] reserved
[    0.000000] kernel: BIOS-e820: [mem 0x0000000100000000-0x00000002bfffffff] usable
[    0.000000] kernel: NX (Execute Disable) protection: active
[    0.000000] kernel: SMBIOS 2.8 present.
[    0.000000] kernel: DMI: QEMU Standard PC (i440FX + PIIX, 1996), BIOS 1.13.0-1ubuntu1.1 04/01/2014
[    0.000000] kernel: Hypervisor detected: KVM
[    0.000000] kernel: kvm-clock: Using msrs 4b564d01 and 4b564d00
[    0.000000] kernel: kvm-clock: cpu 0, msr 2d358001, primary cpu clock
[    0.000002] kernel: kvm-clock: using sched offset of 1358686273 cycles
[    0.000010] kernel: clocksource: kvm-clock: mask: 0xffffffffffffffff max_cycles: 0x1cd42e4dffb, max_idle_ns: 881590591483 ns
[    0.000023] kernel: tsc: Detected 2593.906 MHz processor
[    0.006084] kernel: e820: update [mem 0x00000000-0x00000fff] usable ==> reserved
[    0.006102] kernel: e820: remove [mem 0x000a0000-0x000fffff] usable
[    0.006119] kernel: last_pfn = 0x2c0000 max_arch_pfn = 0x10000000000
[    0.006184] kernel: x86/PAT: Configuration [0-7]: WB  WC  UC- UC  WB  WP  UC- WT  
[    0.006195] kernel: last_pfn = 0xbffdd max_arch_pfn = 0x10000000000
[    0.013724] kernel: found SMP MP-table at [mem 0x000f5c70-0x000f5c7f]
[    0.013787] kernel: Using GB pages for direct mapping
[    0.015108] kernel: ACPI: Early table checksum verification disabled
[    0.015122] kernel: ACPI: RSDP 0x00000000000F5A40 000014 (v00 BOCHS )
[    0.015147] kernel: ACPI: RSDT 0x00000000BFFE15C9 000030 (v01 BOCHS  BXPCRSDT 00000001 BXPC 00000001)
[    0.015171] kernel: ACPI: FACP 0x00000000BFFE149D 000074 (v01 BOCHS  BXPCFACP 00000001 BXPC 00000001)
[    0.015197] kernel: ACPI: DSDT 0x00000000BFFE0040 00145D (v01 BOCHS  BXPCDSDT 00000001 BXPC 00000001)
[    0.015218] kernel: ACPI: FACS 0x00000000BFFE0000 000040
[    0.015233] kernel: ACPI: APIC 0x00000000BFFE1511 000080 (v01 BOCHS  BXPCAPIC 00000001 BXPC 00000001)
[    0.015253] kernel: ACPI: HPET 0x00000000BFFE1591 000038 (v01 BOCHS  BXPCHPET 00000001 BXPC 00000001)
[    0.015272] kernel: ACPI: Reserving FACP table memory at [mem 0xbffe149d-0xbffe1510]
[    0.015280] kernel: ACPI: Reserving DSDT table memory at [mem 0xbffe0040-0xbffe149c]
[    0.015288] kernel: ACPI: Reserving FACS table memory at [mem 0xbffe0000-0xbffe003f]
[    0.015296] kernel: ACPI: Reserving APIC table memory at [mem 0xbffe1511-0xbffe1590]
[    0.015303] kernel: ACPI: Reserving HPET table memory at [mem 0xbffe1591-0xbffe15c8]
[    0.016134] kernel: No NUMA configuration found
[    0.016139] kernel: Faking a node at [mem 0x0000000000000000-0x00000002bfffffff]
[    0.016155] kernel: NODE_DATA(0) allocated [mem 0x2bfffa000-0x2bfffdfff]
[    0.016296] kernel: Zone ranges:
[    0.016300] kernel:   DMA      [mem 0x0000000000001000-0x0000000000ffffff]
[    0.016311] kernel:   DMA32    [mem 0x0000000001000000-0x00000000ffffffff]
[    0.016321] kernel:   Normal   [mem 0x0000000100000000-0x00000002bfffffff]
[    0.016330] kernel: Movable zone start for each node
[    0.016333] kernel: Early memory node ranges
[    0.016336] kernel:   node   0: [mem 0x0000000000001000-0x000000000009efff]
[    0.016344] kernel:   node   0: [mem 0x0000000000100000-0x00000000bffdcfff]
[    0.016353] kernel:   node   0: [mem 0x0000000100000000-0x00000002bfffffff]
[    0.016364] kernel: Initmem setup node 0 [mem 0x0000000000001000-0x00000002bfffffff]
[    0.019370] kernel: On node 0, zone DMA: 1 pages in unavailable ranges
[    0.019445] kernel: On node 0, zone DMA: 97 pages in unavailable ranges
[    0.240113] kernel: On node 0, zone Normal: 35 pages in unavailable ranges
[    1.726610] kernel: kasan: KernelAddressSanitizer initialized
[    1.727420] kernel: ACPI: PM-Timer IO Port: 0x608
[    1.727447] kernel: ACPI: LAPIC_NMI (acpi_id[0xff] dfl dfl lint[0x1])
[    1.727505] kernel: IOAPIC[0]: apic_id 0, version 17, address 0xfec00000, GSI 0-23
[    1.727521] kernel: ACPI: INT_SRC_OVR (bus 0 bfeffffff] reserved
[    0.000000] kernel: BIOS-e820: [mem 0x00000000fffc0000-0x00000000ffffffff] reserved
[    0.000000] kernel: BIOS-e820: [mem 0x0000000100000000-0x00000002bfffffff] usable
[    0.000000] kernel: NX (Execute Disable) protection: active
[    0.000000] kernel: SMBIOS 2.8 present.
[    0.000000] kernel: DMI: QEMU Standard PC (i440FX + PIIX, 1996), BIOS 1.13.0-1ubuntu1.1 04/01/2014
[    0.000000] kernel: Hypervisor detected: KVM
[    0.000000] kernel: kvm-clock: Using msrs 4b564d01 and 4b564d00
[    0.000000] kernel: kvm-clock: cpu 0, msr 244358001, primary cpu clock
[    0.000002] kernel: kvm-clock: using sched offset of 725396123 cycles
[    0.000010] kernel: clocksource: kvm-clock: mask: 0xffffffffffffffff max_cycles: 0x1cd42e4dffb, max_idle_ns: 881590591483 ns
[    0.000021] kernel: tsc: Detected 2593.906 MHz processor
[    0.005794] kernel: e820: update [mem 0x00000000-0x00000fff] usable ==> reserved
[    0.005811] kernel: e820: remove [mem 0x000a0000-0x000fffff] usbefore receiving handshake request
us_irq 0 global_irq 2 dfl dfl)
[    1.727531] kernel: ACPI: INT_SRC_OVR (bus 0 bus_irq 5 global_irq 5 high level)
[    1.727541] kernel: ACPI: INT_SRC_OVR (bus 0 bus_irq 9 global_irq 9 high level)
[    1.727551] kernel: ACPI: INT_SRC_OVR (bus 0 bus_irq 10 global_irq 10 high level)
[    1.727560] kernel: ACPI: INT_SRC_OVR (bus 0 bus_irq 11 global_irq 11 high level)
[    1.727578] kernel: ACPI: Using ACPI (MADT) for SMP configuration information
[    1.727584] kernel: ACPI: HPET id: 0x8086a201 base: 0xfed00000
[    1.727597] kernel: TSC deadline timer available
[    1.727602] kernel: smpboot: Allowing 2 CPUs, 0 hotplug CPUs
[    1.727641] kernel: kvm-guest: KVM setup pv remote TLB flush
[    1.727649] kernel: kvm-guest: setup PV sched yield
[    1.727685] kernel: PM: hibernation: Registered nosave memory: [mem 0x00000000-0x00000fff]
[    1.727697] kernel: PM: hibernation: Registered nosave memory: [mem 0x0009f000-0x0009ffff]
[    1.727704] kernel: PM: hibernation: Registered nosave memo[    0.000000] kernel: Linux version 5.15.0+ (tlyu@IC-RS3-DPC07) (gcc (Ubuntu 9.4.0-1ubuntu1~20.04.1) 9.4.0, GNU ld (GNU Binutils for Ubuntu) 2.34) #8 SMP Fri Jun 3 16:18:40 CEST 2022
