
Ubuntu 20.04 LTS dfs-fuzzing ttyS0

Ubuntu 20.04 LTS dfs-fuzzing ttyS0


Ubuntu 20.04 LTS dfs-fuzzing ttyS0


Ubuntu 20.04 LTS dfs-fuzzing ttyS0

2023/03/05 05:01:13 fuzzer started
2023/03/05 05:01:13 dialing manager at localhost:33783
2023/03/05 05:01:13 connecting to manager...
2023/03/05 05:01:13 syscalls: 130
2023/03/05 05:01:13 code coverage: enabled
2023/03/05 05:01:13 comparison tracing: enabled
2023/03/05 05:01:13 extra coverage: enabled
2023/03/05 05:01:13 setuid sandbox: enabled
2023/03/05 05:01:13 namespace sandbox: /proc/self/ns/user does not exist
2023/03/05 05:01:13 Android sandbox: /sys/fs/selinux/policy can't be opened (open /sys/fs/selinux/policy: invalid argument)
2023/03/05 05:01:13 fault injection: CONFIG_FAULT_INJECTION_DEBUG_FS or CONFIG_FAILSLAB are not enabled
2023/03/05 05:01:13 leak checking: CONFIG_DEBUG_KMEMLEAK is not enabled
2023/03/05 05:01:13 net packet injection: /dev/net/tun does not exist
2023/03/05 05:01:13 net device setup: enabled
2023/03/05 05:01:13 concurrency sanitizer: /sys/kernel/debug/kcsan does not exist
2023/03/05 05:01:13 devlink PCI setup: enabled
2023/03/05 05:01:13 USB emulation: /dev/raw-gadget does not exist
2023/03/05 05:01:13 hci packet injection: /dev/vhci does not exist
2023/03/05 05:01:13 wifi device emulation: /sys/class/mac80211_hwsim/ does not exist
2023/03/05 05:01:13 802.15.4 emulation: /sys/bus/platform/devices/mac802154_hwsim does not exist
2023/03/05 05:01:14 poll: candidates=0 inputs=50 signal=2000
2023/03/05 05:01:14 deserializeInput: hasCrash true hasNet true
2023/03/05 05:01:14 prog length: 6
2023/03/05 05:01:14 prog length: 6
2023/03/05 05:01:14 prog length: 6
2023/03/05 05:01:14 prog length: 9
2023/03/05 05:01:14 deserializeInput: hasCrash true hasNet false
2023/03/05 05:01:14 prog length: 6
2023/03/05 05:01:14 prog length: 5
2023/03/05 05:01:14 deserializeInput: hasCrash true hasNet false
2023/03/05 05:01:14 prog length: 6
2023/03/05 05:01:14 prog length: 3
2023/03/05 05:01:14 deserializeInput: hasCrash true hasNet false
2023/03/05 05:01:14 prog length: 6
2023/03/05 05:01:14 prog length: 6
2023/03/05 05:01:14 prog length: 7
2023/03/05 05:01:14 deserializeInput: hasCrash true hasNet false
2023/03/05 05:01:14 prog length: 6
2023/03/05 05:01:14 prog length: 6
2023/03/05 05:01:14 prog length: 11
2023/03/05 05:01:14 deserializeInput: hasCrash true hasNet false
2023/03/05 05:01:14 prog length: 6
2023/03/05 05:01:14 prog length: 6
2023/03/05 05:01:14 prog length: 6
2023/03/05 05:01:14 deserializeInput: hasCrash true hasNet false
2023/03/05 05:01:14 prog length: 6
2023/03/05 05:01:14 prog length: 6
2023/03/05 05:01:14 prog length: 7
2023/03/05 05:01:14 deserializeInput: hasCrash true hasNet false
2023/03/05 05:01:14 prog length: 6
2023/03/05 05:01:14 prog length: 6
2023/03/05 05:01:14 prog length: 6
2023/03/05 05:01:14 deserializeInput: hasCrash true hasNet false
2023/03/05 05:01:14 prog length: 6
2023/03/05 05:01:14 prog length: 13
2023/03/05 05:01:14 deserializeInput: hasCrash false hasNet false
2023/03/05 05:01:14 prog length: 3
2023/03/05 05:01:14 deserializeInput: hasCrash true hasNet false
2023/03/05 05:01:14 prog length: 6
2023/03/05 05:01:14 prog length: 6
2023/03/05 05:01:14 prog length: 6
2023/03/05 05:01:14 deserializeInput: hasCrash true hasNet false
2023/03/05 05:01:14 prog length: 6
2023/03/05 05:01:14 prog length: 6
2023/03/05 05:01:14 prog length: 5
2023/03/05 05:01:14 deserializeInput: hasCrash true hasNet false
2023/03/05 05:01:14 prog length: 6
2023/03/05 05:01:14 prog length: 6
2023/03/05 05:01:14 prog length: 7
2023/03/05 05:01:14 deserializeInput: hasCrash true hasNet false
2023/03/05 05:01:14 prog length: 6
2023/03/05 05:01:14 prog length: 6
2023/03/05 05:01:14 prog length: 6
2023/03/05 05:01:14 deserializeInput: hasCrash true hasNet false
2023/03/05 05:01:14 prog length: 6
2023/03/05 05:01:14 prog length: 6
2023/03/05 05:01:14 prog length: 8
2023/03/05 05:01:14 deserializeInput: hasCrash true hasNet false
2023/03/05 05:01:14 prog length: 6
2023/03/05 05:01:14 prog length: 6
2023/03/05 05:01:14 prog length: 11
2023/03/05 05:01:14 deserializeInput: hasCrash true hasNet false
2023/03/05 05:01:14 prog length: 6
2023/03/05 05:01:14 prog length: 6
2023/03/05 05:01:14 prog length: 7
2023/03/05 05:01:14 deserializeInput: hasCrash true hasNet false
2023/03/05 05:01:14 prog length: 6
2023/03/05 05:01:14 prog length: 6
2023/03/05 05:01:14 prog length: 6
2023/03/05 05:01:14 deserializeInput: hasCrash true hasNet false
2023/03/05 05:01:14 prog length: 6
2023/03/05 05:01:14 prog length: 6
2023/03/05 05:01:14 prog length: 5
2023/03/05 05:01:14 deserializeInput: hasCrash true hasNet false
2023/03/05 05:01:14 prog length: 6
2023/03/05 05:01:14 prog length: 10
2023/03/05 05:01:14 deserializeInput: hasCrash false hasNet false
2023/03/05 05:01:14 prog length: 3
2023/03/05 05:01:14 deserializeInput: hasCrash true hasNet false
2023/03/05 05:01:14 prog length: 6
2023/03/05 05:01:14 prog length: 6
2023/03/05 05:01:14 prog length: 6
2023/03/05 05:01:14 deserializeInput: hasCrash true hasNet false
2023/03/05 05:01:14 prog length: 6
2023/03/05 05:01:14 prog length: 6
2023/03/05 05:01:14 prog length: 10
2023/03/05 05:01:14 deserializeInput: hasCrash true hasNet false
2023/03/05 05:01:14 prog length: 6
2023/03/05 05:01:14 prog length: 6
2023/03/05 05:01:14 prog length: 6
2023/03/05 05:01:14 deserializeInput: hasCrash false hasNet false
2023/03/05 05:01:14 prog length: 1
2023/03/05 05:01:14 deserializeInput: hasCrash true hasNet false
2023/03/05 05:01:14 prog length: 6
2023/03/05 05:01:14 prog length: 6
2023/03/05 05:01:14 prog length: 6
2023/03/05 05:01:14 prog length: 7
2023/03/05 05:01:14 deserializeInput: hasCrash true hasNet false
2023/03/05 05:01:14 prog length: 6
2023/03/05 05:01:14 prog length: 6
2023/03/05 05:01:14 prog length: 9
2023/03/05 05:01:14 deserializeInput: hasCrash true hasNet false
2023/03/05 05:01:14 prog length: 6
2023/03/05 05:01:14 prog length: 6
2023/03/05 05:01:14 prog length: 9
2023/03/05 05:01:14 deserializeInput: hasCrash true hasNet false
2023/03/05 05:01:14 prog length: 6
2023/03/05 05:01:14 prog length: 5
2023/03/05 05:01:14 deserializeInput: hasCrash true hasNet false
2023/03/05 05:01:14 prog length: 6
2023/03/05 05:01:14 prog length: 6
2023/03/05 05:01:14 prog length: 7
2023/03/05 05:01:14 deserializeInput: hasCrash true hasNet false
2023/03/05 05:01:14 prog length: 6
2023/03/05 05:01:14 prog length: 6
2023/03/05 05:01:14 prog length: 5
2023/03/05 05:01:14 deserializeInput: hasCrash true hasNet false
2023/03/05 05:01:14 prog length: 6
2023/03/05 05:01:14 prog length: 6
2023/03/05 05:01:14 prog length: 8
2023/03/05 05:01:14 deserializeInput: hasCrash true hasNet false
2023/03/05 05:01:14 prog length: 6
2023/03/05 05:01:14 prog length: 6
2023/03/05 05:01:14 prog length: 6
2023/03/05 05:01:14 deserializeInput: hasCrash false hasNet false
2023/03/05 05:01:14 prog length: 3
2023/03/05 05:01:14 deserializeInput: hasCrash true hasNet false
2023/03/05 05:01:14 prog length: 6
2023/03/05 05:01:14 prog length: 5
2023/03/05 05:01:14 deserializeInput: hasCrash true hasNet false
2023/03/05 05:01:14 prog length: 6
2023/03/05 05:01:14 prog length: 5
2023/03/05 05:01:14 deserializeInput: hasCrash true hasNet false
2023/03/05 05:01:14 prog length: 6
2023/03/05 05:01:14 prog length: 3
2023/03/05 05:01:14 deserializeInput: hasCrash true hasNet false
2023/03/05 05:01:14 prog length: 6
2023/03/05 05:01:14 prog length: 6
2023/03/05 05:01:14 prog length: 7
2023/03/05 05:01:14 deserializeInput: hasCrash true hasNet false
2023/03/05 05:01:14 prog length: 6
2023/03/05 05:01:14 prog length: 6
2023/03/05 05:01:14 deserializeInput: hasCrash true hasNet false
2023/03/05 05:01:14 prog length: 6
2023/03/05 05:01:14 prog length: 6
2023/03/05 05:01:14 prog length: 7
2023/03/05 05:01:14 deserializeInput: hasCrash true hasNet false
2023/03/05 05:01:14 prog length: 6
2023/03/05 05:01:14 prog length: 6
2023/03/05 05:01:14 prog length: 6
2023/03/05 05:01:14 deserializeInput: hasCrash true hasNet false
2023/03/05 05:01:14 prog length: 6
2023/03/05 05:01:14 prog length: 6
2023/03/05 05:01:14 prog length: 5
2023/03/05 05:01:14 deserializeInput: hasCrash true hasNet false
2023/03/05 05:01:14 prog length: 6
2023/03/05 05:01:14 prog length: 4
2023/03/05 05:01:14 deserializeInput: hasCrash true hasNet false
2023/03/05 05:01:14 prog length: 6
2023/03/05 05:01:14 prog length: 6
2023/03/05 05:01:14 prog length: 8
2023/03/05 05:01:14 deserializeInput: hasCrash true hasNet false
2023/03/05 05:01:14 prog length: 6
2023/03/05 05:01:14 prog length: 6
2023/03/05 05:01:14 prog length: 6
2023/03/05 05:01:14 deserializeInput: hasCrash true hasNet false
2023/03/05 05:01:14 prog length: 6
2023/03/05 05:01:14 prog length: 6
2023/03/05 05:01:14 prog length: 8
2023/03/05 05:01:14 deserializeInput: hasCrash false hasNet false
2023/03/05 05:01:14 prog length: 3
2023/03/05 05:01:14 deserializeInput: hasCrash true hasNet false
2023/03/05 05:01:14 prog length: 6
2023/03/05 05:01:14 prog length: 6
2023/03/05 05:01:14 prog length: 7
2023/03/05 05:01:14 deserializeInput: hasCrash true hasNet false
2023/03/05 05:01:14 prog length: 6
2023/03/05 05:01:14 prog length: 6
2023/03/05 05:01:14 prog length: 11
2023/03/05 05:01:14 deserializeInput: hasCrash true hasNet true
2023/03/05 05:01:14 prog length: 6
2023/03/05 05:01:14 prog length: 6
2023/03/05 05:01:14 prog length: 6
2023/03/05 05:01:14 prog length: 15
2023/03/05 05:01:14 fetching corpus: 50, signal 7392/55643/62065 (executing program)
2023/03/05 05:01:15 poll: candidates=0 inputs=24 signal=2000
2023/03/05 05:01:15 deserializeInput: hasCrash true hasNet false
2023/03/05 05:01:15 prog length: 6
2023/03/05 05:01:15 prog length: 5
2023/03/05 05:01:15 deserializeInput: hasCrash true hasNet false
2023/03/05 05:01:15 prog length: 6
2023/03/05 05:01:15 prog length: 6
2023/03/05 05:01:15 prog length: 7
2023/03/05 05:01:15 deserializeInput: hasCrash true hasNet false
2023/03/05 05:01:15 prog length: 6
2023/03/05 05:01:15 prog length: 6
2023/03/05 05:01:15 prog length: 6
2023/03/05 05:01:15 deserializeInput: hasCrash true hasNet false
2023/03/05 05:01:15 prog length: 6
2023/03/05 05:01:15 prog length: 5
2023/03/05 05:01:15 deserializeInput: hasCrash true hasNet false
2023/03/05 05:01:15 prog length: 6
2023/03/05 05:01:15 prog length: 6
2023/03/05 05:01:15 prog length: 8
2023/03/05 05:01:15 deserializeInput: hasCrash true hasNet false
2023/03/05 05:01:15 prog length: 6
2023/03/05 05:01:15 prog length: 6
2023/03/05 05:01:15 prog length: 6
2023/03/05 05:01:15 deserializeInput: hasCrash true hasNet false
2023/03/05 05:01:15 prog length: 6
2023/03/05 05:01:15 prog length: 6
2023/03/05 05:01:15 prog length: 10
2023/03/05 05:01:15 deserializeInput: hasCrash false hasNet false
2023/03/05 05:01:15 prog length: 12
2023/03/05 05:01:15 deserializeInput: hasCrash true hasNet false
2023/03/05 05:01:15 prog length: 6
2023/03/05 05:01:15 prog length: 6
2023/03/05 05:01:15 prog length: 6
2023/03/05 05:01:15 deserializeInput: hasCrash true hasNet false
2023/03/05 05:01:15 prog length: 6
2023/03/05 05:01:15 prog length: 5
2023/03/05 05:01:15 deserializeInput: hasCrash true hasNet false
2023/03/05 05:01:15 prog length: 6
2023/03/05 05:01:15 prog length: 6
2023/03/05 05:01:15 prog length: 17
2023/03/05 05:01:15 deserializeInput: hasCrash true hasNet false
2023/03/05 05:01:15 prog length: 6
2023/03/05 05:01:15 prog length: 6
2023/03/05 05:01:15 prog length: 10
2023/03/05 05:01:15 deserializeInput: hasCrash true hasNet false
2023/03/05 05:01:15 prog length: 6
2023/03/05 05:01:15 prog length: 4
2023/03/05 05:01:15 deserializeInput: hasCrash true hasNet false
2023/03/05 05:01:15 prog length: 6
2023/03/05 05:01:15 prog length: 6
2023/03/05 05:01:15 prog length: 6
2023/03/05 05:01:15 deserializeInput: hasCrash true hasNet false
2023/03/05 05:01:15 prog length: 6
2023/03/05 05:01:15 prog length: 6
2023/03/05 05:01:15 prog length: 8
2023/03/05 05:01:15 deserializeInput: hasCrash true hasNet false
2023/03/05 05:01:15 prog length: 6
2023/03/05 05:01:15 prog length: 6
2023/03/05 05:01:15 prog length: 7
2023/03/05 05:01:15 deserializeInput: hasCrash false hasNet false
2023/03/05 05:01:15 prog length: 2
2023/03/05 05:01:15 deserializeInput: hasCrash true hasNet false
2023/03/05 05:01:15 prog length: 6
2023/03/05 05:01:15 prog length: 6
2023/03/05 05:01:15 prog length: 6
2023/03/05 05:01:15 deserializeInput: hasCrash true hasNet false
2023/03/05 05:01:15 prog length: 6
2023/03/05 05:01:15 prog length: 6
2023/03/05 05:01:15 prog length: 6
2023/03/05 05:01:15 deserializeInput: hasCrash true hasNet false
2023/03/05 05:01:15 prog length: 6
2023/03/05 05:01:15 prog length: 6
2023/03/05 05:01:15 prog length: 8
2023/03/05 05:01:15 deserializeInput: hasCrash true hasNet false
2023/03/05 05:01:15 prog length: 6
2023/03/05 05:01:15 prog length: 4
2023/03/05 05:01:15 deserializeInput: hasCrash true hasNet false
2023/03/05 05:01:15 prog length: 6
2023/03/05 05:01:15 prog length: 6
2023/03/05 05:01:15 prog length: 5
2023/03/05 05:01:15 deserializeInput: hasCrash false hasNet false
2023/03/05 05:01:15 prog length: 2
2023/03/05 05:01:15 deserializeInput: hasCrash true hasNet false
2023/03/05 05:01:15 prog length: 6
2023/03/05 05:01:15 prog length: 6
2023/03/05 05:01:15 prog length: 6
2023/03/05 05:01:15 prog length: 7
2023/03/05 05:01:15 fetching corpus: 74, signal 7498/68905/75893 (executing program)
2023/03/05 05:01:15 poll: candidates=0 inputs=0 signal=2000
2023/03/05 05:01:15 fetching corpus: 74, signal 7498/68905/76565 (executing program)
2023/03/05 05:01:15 poll: candidates=0 inputs=0 signal=2000
2023/03/05 05:01:15 fetching corpus: 74, signal 7498/68905/77256 (executing program)
2023/03/05 05:01:15 poll: candidates=0 inputs=0 signal=2000
2023/03/05 05:01:15 fetching corpus: 74, signal 7498/68905/77949 (executing program)
2023/03/05 05:01:15 poll: candidates=0 inputs=0 signal=2000
2023/03/05 05:01:15 fetching corpus: 74, signal 7498/68905/78629 (executing program)
2023/03/05 05:01:15 poll: candidates=0 inputs=0 signal=2000
2023/03/05 05:01:15 fetching corpus: 74, signal 7498/68905/79301 (executing program)
2023/03/05 05:01:15 poll: candidates=0 inputs=0 signal=2000
2023/03/05 05:01:15 fetching corpus: 74, signal 7498/68905/80016 (executing program)
2023/03/05 05:01:15 poll: candidates=0 inputs=0 signal=2000
2023/03/05 05:01:15 fetching corpus: 74, signal 7498/68905/80712 (executing program)
2023/03/05 05:01:15 poll: candidates=0 inputs=0 signal=2000
2023/03/05 05:01:15 fetching corpus: 74, signal 7498/68905/81397 (executing program)
2023/03/05 05:01:15 poll: candidates=0 inputs=0 signal=2000
2023/03/05 05:01:15 fetching corpus: 74, signal 7498/68905/82083 (executing program)
2023/03/05 05:01:15 poll: candidates=0 inputs=0 signal=2000
2023/03/05 05:01:15 fetching corpus: 74, signal 7498/68905/82761 (executing program)
2023/03/05 05:01:15 poll: candidates=0 inputs=0 signal=2000
2023/03/05 05:01:15 fetching corpus: 74, signal 7498/68905/83418 (executing program)
2023/03/05 05:01:15 poll: candidates=0 inputs=0 signal=2000
2023/03/05 05:01:15 fetching corpus: 74, signal 7498/68905/84136 (executing program)
2023/03/05 05:01:15 poll: candidates=0 inputs=0 signal=2000
2023/03/05 05:01:15 fetching corpus: 74, signal 7498/68905/84779 (executing program)
2023/03/05 05:01:15 poll: candidates=0 inputs=0 signal=2000
2023/03/05 05:01:15 fetching corpus: 74, signal 7498/68905/85472 (executing program)
2023/03/05 05:01:15 poll: candidates=0 inputs=0 signal=2000
2023/03/05 05:01:15 fetching corpus: 74, signal 7498/68905/86128 (executing program)
2023/03/05 05:01:15 poll: candidates=0 inputs=0 signal=2000
2023/03/05 05:01:15 fetching corpus: 74, signal 7498/68905/86796 (executing program)
2023/03/05 05:01:15 poll: candidates=0 inputs=0 signal=2000
2023/03/05 05:01:15 fetching corpus: 74, signal 7498/68905/87470 (executing program)
2023/03/05 05:01:15 poll: candidates=0 inputs=0 signal=2000
2023/03/05 05:01:15 fetching corpus: 74, signal 7498/68905/88089 (executing program)
2023/03/05 05:01:15 poll: candidates=0 inputs=0 signal=2000
2023/03/05 05:01:15 fetching corpus: 74, signal 7498/68905/88779 (executing program)
2023/03/05 05:01:15 poll: candidates=0 inputs=0 signal=2000
2023/03/05 05:01:15 fetching corpus: 74, signal 7498/68905/89461 (executing program)
2023/03/05 05:01:15 poll: candidates=0 inputs=0 signal=2000
2023/03/05 05:01:15 fetching corpus: 74, signal 7498/68905/90085 (executing program)
2023/03/05 05:01:15 poll: candidates=0 inputs=0 signal=2000
2023/03/05 05:01:15 fetching corpus: 74, signal 7498/68905/90781 (executing program)
2023/03/05 05:01:15 poll: candidates=0 inputs=0 signal=1968
2023/03/05 05:01:15 fetching corpus: 74, signal 7498/68905/91439 (executing program)
2023/03/05 05:01:15 poll: candidates=0 inputs=0 signal=0
2023/03/05 05:01:15 fetching corpus: 74, signal 7498/68905/91439 (executing program)
2023/03/05 05:01:16 starting 1 fuzzer processes
2023/03/05 05:01:16 ----- generateCall 258 getdents getdents
2023/03/05 05:01:16 ----- generateCall 243 fsetxattr$trusted_overlay_upper fsetxattr$trusted_overlay_upper
2023/03/05 05:01:16 ----- generateCall 244 fsetxattr$user fsetxattr$user
2023/03/05 05:01:16 ----- generateCall 2810 renameat renameat
2023/03/05 05:01:16 ----- generateCall 234 fsetxattr$security_ima fsetxattr$security_ima
2023/03/05 05:01:16 ----- generateCall 2858 sendfile sendfile
2023/03/05 05:01:16 ----- generateCall 2724 preadv preadv
2023/03/05 05:01:16 ----- generateCall 207 fcntl$lock fcntl$lock
2023/03/05 05:01:16 ----- generateCall 250 fsync fsync
2023/03/05 05:01:16 ----- generateCall 199 fcntl$F_GET_RW_HINT fcntl$F_GET_RW_HINT
2023/03/05 05:01:16 ----- generateCall 250 fsync fsync
2023/03/05 05:01:16 ----- generateCall 207 fcntl$lock fcntl$lock
2023/03/05 05:01:16 ----- generateCall 2374 mkdirat mkdirat
2023/03/05 05:01:16 ----- generateCall 2374 mkdirat mkdirat
2023/03/05 05:01:16 map[./file0:true]
2023/03/05 05:01:16 #0: generated
2023/03/05 05:01:16 HasCrashFail: false, .HasNetFail: false
2023/03/05 05:01:16 prog length: 20
2023/03/05 05:01:16 HasCrashFail:false HasNetFail:false
05:01:16 ---executing program 0:
---
---
---
getdents(0xffffffffffffff9c, &(0x7f0000000000)=""/211, 0xd3)
fsetxattr$trusted_overlay_upper(0xffffffffffffffff, &(0x7f0000000100), &(0x7f0000000140)={0x0, 0xfb, 0x16, 0x5, 0xff, "b30bd07e02877b57c2ed3d499a70b635", 'v'}, 0x16, 0x2)
r0 = fcntl$dupfd(0xffffffffffffffff, 0xc0a, 0xffffffffffffffff)
fsetxattr$user(r0, &(0x7f0000000180), &(0x7f00000001c0)='@#)^\x00', 0x5, 0x3)
renameat(r0, &(0x7f0000000200)='./file0\x00', 0xffffffffffffffff, &(0x7f0000000240)='./file0\x00')
fsetxattr$security_ima(r0, &(0x7f0000000280), &(0x7f00000002c0)=@v2={0x6, 0x1, 0x10, 0x4, 0x4, '3I7O'}, 0xd, 0x1)
r1 = dup2(r0, r0)
sendfile(r0, r1, &(0x7f0000000300), 0xfff)
r2 = open$dir(&(0x7f0000000340)='./file0\x00', 0x400, 0x88)
preadv(r2, &(0x7f00000005c0)=[{&(0x7f0000000380)=""/141, 0x8d}, {&(0x7f0000000440)=""/144, 0x90}, {&(0x7f0000000500)=""/166, 0xa6}], 0x3, 0x9, 0x1ff)
fcntl$lock(r1, 0x6, &(0x7f0000000600)={0x0, 0x4})
fsync(r1)
fcntl$F_GET_RW_HINT(r2, 0x40b, &(0x7f0000000640))
fsync(0xffffffffffffffff)
r3 = fcntl$dupfd(r0, 0x406, r0)
fcntl$getownex(r1, 0x10, &(0x7f0000000680)={0x0, <r4=>0x0})
fcntl$lock(r3, 0x24, &(0x7f00000006c0)={0x2, 0x2, 0xe3d, 0x80000001, r4})
r5 = fcntl$dupfd(r1, 0x406, r1)
mkdirat(r5, &(0x7f0000000700)='./file0\x00', 0x2)
mkdirat(r1, &(0x7f0000000740)='./file0\x00', 0x140)
---

end of program
2023/03/05 05:01:16 -----run executor: [/usr/bin/ssh -F /dev/null -o ConnectionAttempts=100 -o ConnectTimeout=120 -o UserKnownHostsFile=/dev/null -o BatchMode=yes -o IdentitiesOnly=yes -o StrictHostKeyChecking=no -o ConnectTimeout=100 -i /home/tlyu/dfs-fuzzing/disk-images/glusterfs-images/focal.id_rsa -v root@192.168.0.49 /root/syz-executor exec 0 0 glusterfs 3 4 192.168.0.49 0 "3 1 ''" false false false true false]
2023/03/05 05:01:16 poll: candidates=0 inputs=0 signal=0
2023/03/05 05:01:16 -----run executor: [/usr/bin/ssh -F /dev/null -o ConnectionAttempts=100 -o ConnectTimeout=120 -o UserKnownHostsFile=/dev/null -o BatchMode=yes -o IdentitiesOnly=yes -o StrictHostKeyChecking=no -o ConnectTimeout=100 -i /home/tlyu/dfs-fuzzing/disk-images/glusterfs-images/focal.id_rsa -v root@192.168.0.50 /root/syz-executor exec 0 1 glusterfs 3 4 192.168.0.49 0 "3 1 ''" false false false true false]
2023/03/05 05:01:16 -----run executor: [/usr/bin/ssh -F /dev/null -o ConnectionAttempts=100 -o ConnectTimeout=120 -o UserKnownHostsFile=/dev/null -o BatchMode=yes -o IdentitiesOnly=yes -o StrictHostKeyChecking=no -o ConnectTimeout=100 -i /home/tlyu/dfs-fuzzing/disk-images/glusterfs-images/focal.id_rsa -v root@192.168.0.51 /root/syz-executor exec 0 2 glusterfs 3 4 192.168.0.49 0 "3 1 ''" false false false true false]
OpenSSH_8.2p1 Ubuntu-4ubuntu0.4, OpenSSL 1.1.1f  31 Mar 2020
debug1: Reading configuration data /dev/null
debug1: Connecting to 192.168.0.49 [192.168.0.49] port 22.
debug1: fd 3 clearing O_NONBLOCK
debug1: Connection established.
debug1: identity file /home/tlyu/dfs-fuzzing/disk-images/glusterfs-images/focal.id_rsa type -1
debug1: identity file /home/tlyu/dfs-fuzzing/disk-images/glusterfs-images/focal.id_rsa-cert type -1
debug1: Local version string SSH-2.0-OpenSSH_8.2p1 Ubuntu-4ubuntu0.4
OpenSSH_8.2p1 Ubuntu-4ubuntu0.4, OpenSSL 1.1.1f  31 Mar 2020
debug1: Reading configuration data /dev/null
debug1: Connecting to 192.168.0.50 [192.168.0.50] port 22.
debug1: fd 3 clearing O_NONBLOCK
debug1: Connection established.
debug1: identity file /home/tlyu/dfs-fuzzing/disk-images/glusterfs-images/focal.id_rsa type -1
debug1: identity file /home/tlyu/dfs-fuzzing/disk-images/glusterfs-images/focal.id_rsa-cert type -1
debug1: Local version string SSH-2.0-OpenSSH_8.2p1 Ubuntu-4ubuntu0.4
2023/03/05 05:01:16 -----run executor: [/usr/bin/ssh -F /dev/null -o ConnectionAttempts=100 -o ConnectTimeout=120 -o UserKnownHostsFile=/dev/null -o BatchMode=yes -o IdentitiesOnly=yes -o StrictHostKeyChecking=no -o ConnectTimeout=100 -i /home/tlyu/dfs-fuzzing/disk-images/glusterfs-images/focal.id_rsa -v root@192.168.0.52 /root/syz-executor exec 1 3 glusterfs 3 4 192.168.0.49 0 "3 1 ''" false false false true false]
OpenSSH_8.2p1 Ubuntu-4ubuntu0.4, OpenSSL 1.1.1f  31 Mar 2020
debug1: Reading configuration data /dev/null
debug1: Connecting to 192.168.0.51 [192.168.0.51] port 22.
debug1: fd 3 clearing O_NONBLOCK
debug1: Connection established.
debug1: identity file /home/tlyu/dfs-fuzzing/disk-images/glusterfs-images/focal.id_rsa type -1
debug1: identity file /home/tlyu/dfs-fuzzing/disk-images/glusterfs-images/focal.id_rsa-cert type -1
debug1: Local version string SSH-2.0-OpenSSH_8.2p1 Ubuntu-4ubuntu0.4
debug1: Remote protocol version 2.0, remote software version OpenSSH_8.2p1 Ubuntu-4
debug1: match: OpenSSH_8.2p1 Ubuntu-4 pat OpenSSH* compat 0x04000000
debug1: Authenticating to 192.168.0.51:22 as 'root'
debug1: SSH2_MSG_KEXINIT sent
OpenSSH_8.2p1 Ubuntu-4ubuntu0.4, OpenSSL 1.1.1f  31 Mar 2020
debug1: Reading configuration data /dev/null
debug1: Connecting to 192.168.0.52 [192.168.0.52] port 22.
debug1: SSH2_MSG_KEXINIT received
debug1: kex: algorithm: curve25519-sha256
debug1: kex: host key algorithm: ecdsa-sha2-nistp256
debug1: kex: server->client cipher: chacha20-poly1305@openssh.com MAC: <implicit> compression: none
debug1: fd 3 clearing O_NONBLOCK
debug1: kex: client->server cipher: chacha20-poly1305@openssh.com MAC: <implicit> compression: none
debug1: Remote protocol version 2.0, remote software version OpenSSH_8.2p1 Ubuntu-4
debug1: match: OpenSSH_8.2p1 Ubuntu-4 pat OpenSSH* compat 0x04000000
debug1: Authenticating to 192.168.0.49:22 as 'root'
debug1: Connection established.
debug1: SSH2_MSG_KEXINIT sent
debug1: identity file /home/tlyu/dfs-fuzzing/disk-images/glusterfs-images/focal.id_rsa type -1
debug1: identity file /home/tlyu/dfs-fuzzing/disk-images/glusterfs-images/focal.id_rsa-cert type -1
debug1: Local version string SSH-2.0-OpenSSH_8.2p1 Ubuntu-4ubuntu0.4
debug1: expecting SSH2_MSG_KEX_ECDH_REPLY
debug1: Remote protocol version 2.0, remote software version OpenSSH_8.2p1 Ubuntu-4
debug1: match: OpenSSH_8.2p1 Ubuntu-4 pat OpenSSH* compat 0x04000000
debug1: Authenticating to 192.168.0.50:22 as 'root'
debug1: SSH2_MSG_KEXINIT sent
debug1: Server host key: ecdsa-sha2-nistp256 SHA256:prHFi1G5XXPuzxIh2a5lJaY6ZWltf3+ajD/hEOIDid8
Warning: Permanently added '192.168.0.51' (ECDSA) to the list of known hosts.
debug1: rekey out after 134217728 blocks
debug1: SSH2_MSG_NEWKEYS sent
debug1: expecting SSH2_MSG_NEWKEYS
debug1: SSH2_MSG_NEWKEYS received
debug1: rekey in after 134217728 blocks
debug1: Will attempt key: /home/tlyu/dfs-fuzzing/disk-images/glusterfs-images/focal.id_rsa  explicit
debug1: SSH2_MSG_EXT_INFO received
debug1: kex_input_ext_info: server-sig-algs=<ssh-ed25519,sk-ssh-ed25519@openssh.com,ssh-rsa,rsa-sha2-256,rsa-sha2-512,ssh-dss,ecdsa-sha2-nistp256,ecdsa-sha2-nistp384,ecdsa-sha2-nistp521,sk-ecdsa-sha2-nistp256@openssh.com>
debug1: SSH2_MSG_SERVICE_ACCEPT received
debug1: SSH2_MSG_KEXINIT received
debug1: kex: algorithm: curve25519-sha256
debug1: kex: host key algorithm: ecdsa-sha2-nistp256
debug1: kex: server->client cipher: chacha20-poly1305@openssh.com MAC: <implicit> compression: none
debug1: kex: client->server cipher: chacha20-poly1305@openssh.com MAC: <implicit> compression: none
debug1: expecting SSH2_MSG_KEX_ECDH_REPLY
debug1: Server host key: ecdsa-sha2-nistp256 SHA256:prHFi1G5XXPuzxIh2a5lJaY6ZWltf3+ajD/hEOIDid8
Warning: Permanently added '192.168.0.49' (ECDSA) to the list of known hosts.
debug1: rekey out after 134217728 blocks
debug1: SSH2_MSG_NEWKEYS sent
debug1: expecting SSH2_MSG_NEWKEYS
debug1: SSH2_MSG_NEWKEYS received
debug1: rekey in after 134217728 blocks
debug1: Will attempt key: /home/tlyu/dfs-fuzzing/disk-images/glusterfs-images/focal.id_rsa  explicit
debug1: SSH2_MSG_EXT_INFO received
debug1: kex_input_ext_info: server-sig-algs=<ssh-ed25519,sk-ssh-ed25519@openssh.com,ssh-rsa,rsa-sha2-256,rsa-sha2-512,ssh-dss,ecdsa-sha2-nistp256,ecdsa-sha2-nistp384,ecdsa-sha2-nistp521,sk-ecdsa-sha2-nistp256@openssh.com>
debug1: SSH2_MSG_SERVICE_ACCEPT received
debug1: Authentications that can continue: publickey,password
debug1: Next authentication method: publickey
debug1: Trying private key: /home/tlyu/dfs-fuzzing/disk-images/glusterfs-images/focal.id_rsa
debug1: Remote protocol version 2.0, remote software version OpenSSH_8.2p1 Ubuntu-4
debug1: match: OpenSSH_8.2p1 Ubuntu-4 pat OpenSSH* compat 0x04000000
debug1: Authenticating to 192.168.0.52:22 as 'root'
debug1: SSH2_MSG_KEXINIT sent
debug1: SSH2_MSG_KEXINIT received
debug1: kex: algorithm: curve25519-sha256
debug1: kex: host key algorithm: ecdsa-sha2-nistp256
debug1: kex: server->client cipher: chacha20-poly1305@openssh.com MAC: <implicit> compression: none
debug1: kex: client->server cipher: chacha20-poly1305@openssh.com MAC: <implicit> compression: none
debug1: expecting SSH2_MSG_KEX_ECDH_REPLY
debug1: SSH2_MSG_KEXINIT received
debug1: kex: algorithm: curve25519-sha256
debug1: kex: host key algorithm: ecdsa-sha2-nistp256
debug1: kex: server->client cipher: chacha20-poly1305@openssh.com MAC: <implicit> compression: none
debug1: kex: client->server cipher: chacha20-poly1305@openssh.com MAC: <implicit> compression: none
debug1: expecting SSH2_MSG_KEX_ECDH_REPLY
debug1: Authentications that can continue: publickey,password
debug1: Next authentication method: publickey
debug1: Trying private key: /home/tlyu/dfs-fuzzing/disk-images/glusterfs-images/focal.id_rsa
debug1: Server host key: ecdsa-sha2-nistp256 SHA256:prHFi1G5XXPuzxIh2a5lJaY6ZWltf3+ajD/hEOIDid8
Warning: Permanently added '192.168.0.50' (ECDSA) to the list of known hosts.
debug1: rekey out after 134217728 blocks
debug1: SSH2_MSG_NEWKEYS sent
debug1: expecting SSH2_MSG_NEWKEYS
debug1: SSH2_MSG_NEWKEYS received
debug1: rekey in after 134217728 blocks
debug1: Will attempt key: /home/tlyu/dfs-fuzzing/disk-images/glusterfs-images/focal.id_rsa  explicit
debug1: SSH2_MSG_EXT_INFO received
debug1: kex_input_ext_info: server-sig-algs=<ssh-ed25519,sk-ssh-ed25519@openssh.com,ssh-rsa,rsa-sha2-256,rsa-sha2-512,ssh-dss,ecdsa-sha2-nistp256,ecdsa-sha2-nistp384,ecdsa-sha2-nistp521,sk-ecdsa-sha2-nistp256@openssh.com>
debug1: SSH2_MSG_SERVICE_ACCEPT received
debug1: Authentication succeeded (publickey).
Authenticated to 192.168.0.51 ([192.168.0.51]:22).
debug1: channel 0: new [client-session]
debug1: Requesting no-more-sessions@openssh.com
debug1: Entering interactive session.
debug1: pledge: network
debug1: Authentication succeeded (publickey).
Authenticated to 192.168.0.49 ([192.168.0.49]:22).
debug1: channel 0: new [client-session]
debug1: Requesting no-more-sessions@openssh.com
debug1: Entering interactive session.
debug1: pledge: network
debug1: Authentications that can continue: publickey,password
debug1: Next authentication method: publickey
debug1: Trying private key: /home/tlyu/dfs-fuzzing/disk-images/glusterfs-images/focal.id_rsa
debug1: Server host key: ecdsa-sha2-nistp256 SHA256:prHFi1G5XXPuzxIh2a5lJaY6ZWltf3+ajD/hEOIDid8
Warning: Permanently added '192.168.0.52' (ECDSA) to the list of known hosts.
debug1: rekey out after 134217728 blocks
debug1: SSH2_MSG_NEWKEYS sent
debug1: expecting SSH2_MSG_NEWKEYS
debug1: SSH2_MSG_NEWKEYS received
debug1: rekey in after 134217728 blocks
debug1: Will attempt key: /home/tlyu/dfs-fuzzing/disk-images/glusterfs-images/focal.id_rsa  explicit
debug1: SSH2_MSG_EXT_INFO received
debug1: kex_input_ext_info: server-sig-algs=<ssh-ed25519,sk-ssh-ed25519@openssh.com,ssh-rsa,rsa-sha2-256,rsa-sha2-512,ssh-dss,ecdsa-sha2-nistp256,ecdsa-sha2-nistp384,ecdsa-sha2-nistp521,sk-ecdsa-sha2-nistp256@openssh.com>
debug1: Authentication succeeded (publickey).
Authenticated to 192.168.0.50 ([192.168.0.50]:22).
debug1: channel 0: new [client-session]
debug1: Requesting no-more-sessions@openssh.com
debug1: Entering interactive session.
debug1: pledge: network
debug1: SSH2_MSG_SERVICE_ACCEPT received
debug1: Authentications that can continue: publickey,password
debug1: Next authentication method: publickey
debug1: Trying private key: /home/tlyu/dfs-fuzzing/disk-images/glusterfs-images/focal.id_rsa
debug1: Authentication succeeded (publickey).
Authenticated to 192.168.0.52 ([192.168.0.52]:22).
debug1: channel 0: new [client-session]
debug1: Requesting no-more-sessions@openssh.com
debug1: Entering interactive session.
debug1: pledge: network
debug1: client_input_global_request: rtype hostkeys-00@openssh.com want_reply 0
debug1: Remote: /root/.ssh/authorized_keys:1: key options: agent-forwarding port-forwarding pty user-rc x11-forwarding
debug1: client_input_global_request: rtype hostkeys-00@openssh.com want_reply 0
debug1: Remote: /root/.ssh/authorized_keys:1: key options: agent-forwarding port-forwarding pty user-rc x11-forwarding
debug1: client_input_global_request: rtype hostkeys-00@openssh.com want_reply 0
debug1: Remote: /root/.ssh/authorized_keys:1: key options: agent-forwarding port-forwarding pty user-rc x11-forwarding
debug1: client_input_global_request: rtype hostkeys-00@openssh.com want_reply 0
debug1: Remote: /root/.ssh/authorized_keys:1: key options: agent-forwarding port-forwarding pty user-rc x11-forwarding
debug1: Sending command: /root/syz-executor exec 0 0 glusterfs 3 4 192.168.0.49 0 "3 1 ''" false false false true false
----- is restarting 0
---- dfs_name glusterfs is_dfs_client 0
debug1: Sending command: /root/syz-executor exec 0 2 glusterfs 3 4 192.168.0.49 0 "3 1 ''" false false false true false
debug1: Sending command: /root/syz-executor exec 1 3 glusterfs 3 4 192.168.0.49 0 "3 1 ''" false false false true false
----- is restarting 0
---- dfs_name glusterfs is_dfs_client 1
----- is restarting 0
---- dfs_name glusterfs is_dfs_client 0
unlink FIFO failed: No such file or directory
[    0.000000] kernel: Linux version 5.15.0+ (tlyu@IC-RS3-DPC07) (gcc (Ubuntu 9.4.0-1ubuntu1~20.04.1) 9.4.0, GNU ld (GNU Binutils for Ubuntu) 2.34) #8 SMP Fri Jun 3 16:18:40 CEST 2022
[    0.000000] kernel: Command line: root=/dev/sda console=ttyS0 net.ifnames=0 ip=192.168.0.51 quiet
[    0.000000] kernel: x86/fpu: Supporting XSAVE feature 0x001: 'x87 floating point registers'
[    0.000000] kernel: x86/fpu: Supporting XSAVE feature 0x002: 'SSE registers'
[    0.000000] kernel: x86/fpu: Supporting XSAVE feature 0x004: 'AVX registers'
[    0.000000] kernel: x86/fpu: Supporting XSAVE feature 0x020: 'AVX-512 opmask'
[    0.000000] kernel: x86/fpu: Supporting XSAVE feature 0x040: 'AVX-512 Hi256'
[    0.000000] kernel: x86/fpu: Supporting XSAVE feature 0x080: 'AVX-512 ZMM_Hi256'
[    0.000000] kernel: x86/fpu: Supporting XSAVE feature 0x200: 'Protection Keys User registers'
[    0.000000] kernel: x86/fpu: xstate_offset[2]:  576, xstate_sizes[2]:  256
[    0.000000] kernel: x86/fpu: xstate_offset[5]:  832, xstate_sizes[5]:   64
[    0.000000] kernel: x86/fpu: xstate_offset[6]:  896, xstate_sizes[6]:  512
[    0.000000] kernel: x86/fpu: xstate_offset[7]: 1408, xstate_sizes[7]: 1024
[    0.000000] kernel: x86/fpu: xstate_offset[9]: 2432, xstate_sizes[9]:    8
[    0.000000] kernel: x86/fpu: Enabled xstate features 0x2e7, context size is 2440 bytes, using 'compacted' format.
[    0.000000] kernel: signal: max sigframe size: 3632
[    0.000000] kernel: BIOS-provided physical RAM map:
[    0.000000] kernel: BIOS-e820: [mem 0x0000000000000000-0x000000000009fbff] usable
[    0.000000] kernel: BIOS-e820: [mem 0x000000000009fc00-0x000000000009ffff] reserved
[    0.000000] kernel: BIOS-e820: [mem 0x00000000000f0000-0x00000000000fffff] reserved
[    0.000000] kernel: BIOS-e820: [mem 0x0000000000100000-0x00000000bffdcfff] usable
[    0.000000] kernel: BIOS-e820: [mem 0x00000000bffdd000-0x00000000bfffffff] reserved
[    0.000000] kernel: BIOS-e820: [mem 0x00000000feffc000-0x00000000feffffff] reserved
[    0.000000] kernel: BIOS-e820: [mem 0x00000000fffc0000-0x00000000ffffffff] reserved
[    0.000000] kernel: BIOS-e820: [mem 0x0000000100000000-0x00000002bfffffff] usable
[    0.000000] kernel: NX (Execute Disable) protection: active
[    0.000000] kernel: SMBIOS 2.8 present.
[    0.000000] kernel: DMI: QEMU Standard PC (i440FX + PIIX, 1996), BIOS 1.13.0-1ubuntu1.1 04/01/2014
[    0.000000] kernel: Hypervisor detected: KVM
[    0.000000] kernel: kvm-clock: Using msrs 4b564d01 and 4b564d00
[    0.000000] kernel: kvm-clock: cpu 0, msr 224558001, primary cpu clock
[    0.000002] kernel: kvm-clock: using sched offset of 665981421 cycles
[    0.000010] kernel: clocksource: kvm-clock: mask: 0xffffffffffffffff max_cycles: 0x1cd42e4dffb, max_idle_ns: 881590591483 ns
[    0.000023] kernel: tsc: Detected 2593.906 MHz processor
[    0.012045] kernel: e820: update [mem 0x00000000-0x00000fff] usable ==> reserved
[    0.012069] kernel: e820: remove [mem 0x000a0000-0x000fffff] usbefore receiving handshake request
able
[    0.012087] kernel: last_pfn = 0x2c0000 max_arch_pfn = 0x10000000000
[    0.012151] kernel: x86/PAT: Configuration [0-7]: WB  WC  UC- UC  WB  WP  UC- WT  
[    0.012162] kernel: last_pfn = 0xbffdd max_arch_pfn = 0x10000000000
[    0.019517] kernel: found SMP MP-table at [mem 0x000f5c70-0x000f5c7f]
[    0.019585] kernel: Using GB pages for direct mapping
[    0.020203] kernel: ACPI: Early table checksum verification disabled
[    0.020212] kernel: ACPI: RSDP 0x00000000000F5A40 000014 (v00 BOCHS )
[    0.020235] kernel: ACPI: RSDT 0x00000000BFFE15C9 000030 (v01 BOCHS  BXPCRSDT 00000001 BXPC 00000001)
[    0.020259] kernel: ACPI: FACP 0x00000000BFFE149D 000074 (v01 BOCHS  BXPCFACP 00000001 BXPC 00000001)
[    0.020285] kernel: ACPI: DSDT 0x00000000BFFE0040 00145D (v01 BOCHS  BXPCDSDT 00000001 BXPC 00000001)
[    0.020305] kernel: ACPI: FACS 0x00000000BFFE0000 000040
[    0.020320] kernel: ACPI: APIC 0x00000000BFFE1511 000080 (v01 BOCHS  BXPCAPIC 00000001 BXPC 00000001)
[    0.020[    0.000000] kernel: Linux version 5.15.0+ (tlyu@IC-RS3-DPC07) (gcc (Ubuntu 9.4.0-1ubuntu1~20.04.1) 9.4.0, GNU ld (GNU Binutils for Ubuntu) 2.34) #8 SMP Fri Jun 3 16:18:40 CEST 2022
[    0.000000] kernel: Command line: root=/dev/sda console=ttyS0 net.ifnames=0 ip=192.168.0.52 quiet
[    0.000000] kernel: x86/fpu: Supporting XSAVE feature 0x001: 'x87 floating point registers'
[    0.000000] kernel: x86/fpu: Supporting XSAVE feature 0x002: 'SSE registers'
[    0.000000] kernel: x86/fpu: Supporting XSAVE feature 0x004: 'AVX registers'
[    0.000000] kernel: x86/fpu: Supporting XSAVE feature 0x020: 'AVX-512 opmask'
[    0.000000] kernel: x86/fpu: Supporting XSAVE feature 0x040: 'AVX-512 Hi256'
[    0.000000] kernel: x86/fpu: Supporting XSAVE feature 0x080: 'AVX-512 ZMM_Hi256'
[    0.000000] kernel: x86/fpu: Supporting XSAVE feature 0x200: 'Protection Keys User registers'
[    0.000000] kernel: x86/fpu: xstate_offset[2]:  576, xstate_sizes[2]:  256
[    0.000000] kernel: x86/fpu: xstate_unlink FIFO failed: No such file or directory
req.flags ea3
340] kernel: ACPI: HPET 0x00000000BFFE1591 000038 (v01 BOCHS  BXPCHPET 00000001 BXPC 00000001)
[    0.020359] kernel: ACPI: Reserving FACP table memory at [mem 0xbffe149d-0xbffe1510]
[    0.020367] kernel: ACPI: Reserving DSDT table memory at [mem 0xbffe0040-0xbffe149c]
[    0.020375] kernel: ACPI: Reserving FACS table memory at [mem 0xbffe0000-0xbffe003f]
[    0.020382] kernel: ACPI: Reserving APIC table memory at [mem 0xbffe1511-0xbffe1590]
[    0.020389] kernel: ACPI: Reserving HPET table memory at [mem 0xbffe1591-0xbffe15c8]
[    0.021260] kernel: No NUMA configuration found
[    0.021266] kernel: Faking a node at [mem 0x0000000000000000-0x00000002bfffffff]
[    0.021281] kernel: NODE_DATA(0) allocated [mem 0x2bfffc000-0x2bfffffff]
[    0.022074] kernel: Zone ranges:
[    0.022081] kernel:   DMA      [mem 0x0000000000001000-0x0000000000ffffff]
[    0.022093] kernel:   DMA32    [mem 0x0000000001000000-0x00000000ffffffff]
[    0.022102] kernel:   Normal   [mem 0x0000000100000000-0x0offset[5]:  832, xstate_sizes[5]:   64
[    0.000000] kernel: x86/fpu: xstate_offset[6]:  896, xstate_sizes[6]:  512
[    0.000000] kernel: x86/fpu: xstate_offset[7]: 1408, xstate_sizes[7]: 1024
[    0.000000] kernel: x86/fpu: xstate_offset[9]: 2432, xstate_sizes[9]:    8
[    0.000000] kernel: x86/fpu: Enabled xstate features 0x2e7, context size is 2440 bytes, using 'compacted' format.
[    0.000000] kernel: signal: max sigframe size: 3632
[    0.000000] kernel: BIOS-provided physical RAM map:
[    0.000000] kernel: BIOS-e820: [mem 0x0000000000000000-0x000000000009fbff] usable
[    0.000000] kernel: BIOS-e820: [mem 0x000000000009fc00-0x000000000009ffff] reserved
[    0.000000] kernel: BIOS-e820: [mem 0x00000000000f0000-0x00000000000fffff] reserved
[    0.000000] kernel: BIOS-e820: [mem 0x0000000000100000-0x00000000bffdffff] usable
[    0.000000] kernel: BIOS-e820: [mem 0x00000000bffe0000-0x00000000bfffffff] reserved
[    0.000000] kernel: BIOS-e820: [mem 0x00000000feffc000-0x000000000000002bfffffff]
[    0.022111] kernel: Movable zone start for each node
[    0.022114] kernel: Early memory node ranges
[    0.022117] kernel:   node   0: [mem 0x0000000000001000-0x000000000009efff]
[    0.022126] kernel:   node   0: [mem 0x0000000000100000-0x00000000bffdcfff]
[    0.022134] kernel:   node   0: [mem 0x0000000100000000-0x00000002bfffffff]
[    0.022144] kernel: Initmem setup node 0 [mem 0x0000000000001000-0x00000002bfffffff]
[    0.022765] kernel: On node 0, zone DMA: 1 pages in unavailable ranges
[    0.022835] kernel: On node 0, zone DMA: 97 pages in unavailable ranges
[    0.115810] kernel: On node 0, zone Normal: 35 pages in unavailable ranges
[    0.696919] kernel: kasan: KernelAddressSanitizer initialized
[    0.697547] kernel: ACPI: PM-Timer IO Port: 0x608
[    0.697573] kernel: ACPI: LAPIC_NMI (acpi_id[0xff] dfl dfl lint[0x1])
[    0.697631] kernel: IOAPIC[0]: apic_id 0, version 17, address 0xfec00000, GSI 0-23
[    0.697647] kernel: ACPI: INT_SRC_OVR (bus 0 bfeffffff] reserved
[    0.000000] kernel: BIOS-e820: [mem 0x00000000fffc0000-0x00000000ffffffff] reserved
[    0.000000] kernel: BIOS-e820: [mem 0x0000000100000000-0x00000002bfffffff] usable
[    0.000000] kernel: NX (Execute Disable) protection: active
[    0.000000] kernel: SMBIOS 2.8 present.
[    0.000000] kernel: DMI: QEMU Standard PC (i440FX + PIIX, 1996), BIOS 1.13.0-1ubuntu1.1 04/01/2014
[    0.000000] kernel: Hypervisor detected: KVM
[    0.000000] kernel: kvm-clock: Using msrs 4b564d01 and 4b564d00
[    0.000000] kernel: kvm-clock: cpu 0, msr 2cb58001, primary cpu clock
[    0.000003] kernel: kvm-clock: using sched offset of 770546134 cycles
[    0.000010] kernel: clocksource: kvm-clock: mask: 0xffffffffffffffff max_cycles: 0x1cd42e4dffb, max_idle_ns: 881590591483 ns
[    0.000022] kernel: tsc: Detected 2593.906 MHz processor
[    0.005730] kernel: e820: update [mem 0x00000000-0x00000fff] usable ==> reserved
[    0.005746] kernel: e820: remove [mem 0x000a0000-0x000fffff] usaus_irq 0 global_irq 2 dfl dfl)
[    0.697658] kernel: ACPI: INT_SRC_OVR (bus 0 bus_irq 5 global_irq 5 high level)
[    0.697668] kernel: ACPI: INT_SRC_OVR (bus 0 bus_irq 9 global_irq 9 high level)
[    0.697678] kernel: ACPI: INT_SRC_OVR (bus 0 bus_irq 10 global_irq 10 high level)
[    0.697688] kernel: ACPI: INT_SRC_OVR (bus 0 bus_irq 11 global_irq 11 high level)
[    0.697707] kernel: ACPI: Using ACPI (MADT) for SMP configuration information
[    0.697713] kernel: ACPI: HPET id: 0x8086a201 base: 0xfed00000
[    0.697726] kernel: TSC deadline timer available
[    0.697730] kernel: smpboot: Allowing 2 CPUs, 0 hotplug CPUs
[    0.697768] kernel: kvm-guest: KVM setup pv remote TLB flush
[    0.697777] kernel: kvm-guest: setup PV sched yield
[    0.697811] kernel: PM: hibernation: Registered nosave memory: [mem 0x00000000-0x00000fff]
[    0.697822] kernel: PM: hibernation: Registered nosave memory: [mem 0x0009f000-0x0009ffff]
[    0.697830] kernel: PM: hibernation: Registered nosave memoble
[    0.005762] kernel: last_pfn = 0x2c0000 max_arch_pfn = 0x10000000000
[    0.005824] kernel: x86/PAT: Configuration [0-7]: WB  WC  UC- UC  WB  WP  UC- WT  
[    0.005835] kernel: last_pfn = 0xbffe0 max_arch_pfn = 0x10000000000
[    0.013157] kernel: found SMP MP-table at [mem 0x000f5c80-0x000f5c8f]
[    0.013219] kernel: Using GB pages for direct mapping
[    0.014559] kernel: ACPI: Early table checksum verification disabled
[    0.014573] kernel: ACPI: RSDP 0x00000000000F5A50 000014 (v00 BOCHS )
[    0.014598] kernel: ACPI: RSDT 0x00000000BFFE15C9 000030 (v01 BOCHS  BXPCRSDT 00000001 BXPC 00000001)
[    0.014623] kernel: ACPI: FACP 0x00000000BFFE149D 000074 (v01 BOCHS  BXPCFACP 00000001 BXPC 00000001)
[    0.014649] kernel: ACPI: DSDT 0x00000000BFFE0040 00145D (v01 BOCHS  BXPCDSDT 00000001 BXPC 00000001)
[    0.014670] kernel: ACPI: FACS 0x00000000BFFE0000 000040
[    0.014685] kernel: ACPI: APIC 0x00000000BFFE1511 000080 (v01 BOCHS  BXPCAPIC 00000001 BXPC 00000001)
[    0.014706] kernel: ACPI: HPET 0x00000000BFFE1591 000038 (v01 BOCHS  BXPCHPET 00000001 BXPC 00000001)
[    0.014724] kernel: ACPI: Reserving FACP table memory at [mem 0xbffe149d-0xbffe1510]
[    0.014733] kernel: ACPI: Reserving DSDT table memory at [mem 0xbffe0040-0xbffe149c]
[    0.014741] kernel: ACPI: Reserving FACS table memory at [mem 0xbffe0000-0xbffe003f]
[    0.014748] kernel: ACPI: Reserving APIC table memory at [mem 0xbffe1511-0xbffe1590]
[    0.014756] kernel: ACPI: Reserving HPET table memory at [mem 0xbffe1591-0xbffe15c8]
[    0.015586] kernel: No NUMA configuration found
[    0.015592] kernel: Faking a node at [mem 0x0000000000000000-0x00000002bfffffff]
[    0.015607] kernel: NODE_DATA(0) allocated [mem 0x2bfffa000-0x2bfffdfff]
[    0.015761] kernel: Zone ranges:
[    0.015765] kernel:   DMA      [mem 0x0000000000001000-0x0000000000ffffff]
[    0.015775] kernel:   DMA32    [mem 0x0000000001000000-0x00000000ffffffff]
[    0.015784] kernel:   Normal   [mem 0x0000000100000000-0x00000002bfffffff]
[    0.015793] kernel: Movable zone start for each node
[    0.015797] kernel: Early memory node ranges
[    0.015800] kernel:   node   0: [mem 0x0000000000001000-0x000000000009efff]
[    0.015808] kernel:   node   0: [mem 0x0000000000100000-0x00000000bffdffff]
[    0.015816] kernel:   node   0: [mem 0x0000000100000000-0x00000002bfffffff]
[    0.015826] kernel: Initmem setup node 0 [mem 0x0000000000001000-0x00000002bfffffff]
[    0.016537] kernel: On node 0, zone DMA: 1 pages in unavailable ranges
[    0.016607] kernel: On node 0, zone DMA: 97 pages in unavailable ranges
[    0.106090] kernel: On node 0, zone Normal: 32 pages in unavailable ranges
[    0.624306] kernel: kasan: KernelAddressSanitizer initialized
[    0.624735] kernel: ACPI: PM-Timer IO Port: 0x608
[    0.624759] kernel: ACPI: LAPIC_NMI (acpi_id[0xff] dfl dfl lint[0x1])
[    0.624813] kernel: IOAPIC[0]: apic_id 0, version 17, address 0xfec00000, GSI 0-23
[    0.624829] kernel: ACPI: INT_SRC_OVR (bus 0 bus_irq 0 global_irq 2 dfl dfl)
[    0.624839] kernel: ACPI: INT_SRC_OVR (bus 0 bus_irq 5 global_irq 5 high level)
[    0.624849] kernel: ACPI: INT_SRC_OVR (bus 0 bus_irq 9 global_irq 9 high level)
[    0.624859] kernel: ACPI: INT_SRC_OVR (bus 0 bus_irq 10 global_irq 10 high level)
[    0.624868] kernel: ACPI: INT_SRC_OVR (bus 0 bus_irq 11 global_irq 11 high level)
[    0.624887] kernel: ACPI: Using ACPI (MADT) for SMP configuration information
[    0.624893] kernel: ACPI: HPET id: 0x8086a201 base: 0xfed00000
[    0.624907] kernel: TSC deadline timer available
[    0.624911] kernel: smpboot: Allowing 2 CPUs, 0 hotplug CPUs
[    0.624953] kernel: kvm-guest: KVM setup pv remote TLB flush
[    0.624961] kernel: kvm-guest: setup PV sched yield
[    0.624997] kernel: PM: hibernation: Registered nosave memory: [mem 0x00000000-0x00000fff]
[    0.625008] kernel: PM: hibernation: Registered nosave memory: [mem 0x0009f000-0x0009ffff]
[    0.625015] kernel: PM: hibernation: Registered nosave memory: [mem 0x000a0000-0x000effff]
[    0.625022] kernel: PM: hibernation: Registered nosave memory: [mem 0x000f0000-0x000fffff]
[    0.625033] kernel: PM: hibernation: Registered nosave memory: [mem 0xbffe0000-0xbfffffff]
[    0.625040] kernel: PM: hibernation: Registered nosave memory: [mem 0xc0000000-0xfeffbfff]
[    0.625047] kernel: PM: hibernation: Registered nosave memory: [mem 0xfeffc000-0xfeffffff]
[    0.625053] kernel: PM: hibernation: Registered nosave memory: [mem 0xff000000-0xfffbffff]
[    0.625060] kernel: PM: hibernation: Registered nosave memory: [mem 0xfffc0000-0xffffffff]
[    0.625069] kernel: [mem 0xc0000000-0xfeffbfff] available for PCI devices
[    0.625076] kernel: Booting paravirtualized kernel on KVM
[    0.625084] kernel: clocksource: refined-jiffies: mask: 0xffffffff max_cycles: 0xffffffff, max_idle_ns: 1910969940391419 ns
[    0.639120] kernel: setup_percpu: NR_CPUS:64 nr_cpumask_bits:64 nr_cpu_ids:2 nr_node_ids:1
[    0.640104] kernel: percpu: Embedded 56 pages/cpu s191576 r8192 d29608 u1048576
[    0.640141] kernel: pcpu-alloc: s191576 r8192 d29608 u1048576 alloc=1*2097152
[    0.640158] kernel: pcpu-alloc: [0] 0 1 
[    0.640252] kernel: kvm-guest: setup async PF for cpu 0
[    0.640263] kernel: kvm-guest: stealtime: cpu 0, msr 26501f140
[    0.640276] kernel: Built 1 zonelists, mobility grouping on.  Total pages: 2580192
[    0.640283] kernel: Policy zone: Normal
[    0.640288] kernel: Kernel command line: root=/dev/sda console=ttyS0 net.ifnames=0 ip=192.168.0.52 quiet
[    0.647293] kernel: Dentry cache hash table entries: 2097152 (order: 12, 16777216 bytes, linear)
[    0.650764] kernel: Inode-cache hash table entries: 1048576 (order: 11, 8388608 bytes, linear)
[    0.650890] kernel: mem auto-init: stack:off, heap alloc:off, heap free:off
[    0.948981] kernel: Memory: 8817348K/10485240K available (47117K kernel code, 10298K rwdata, 7204K rodata, 2068K init, 2860K bss, 1667692K reserved, 0K cma-reserved)
[    0.949210] kernel: SLUB:debug1: Sending command: /root/syz-executor exec 0 1 glusterfs 3 4 192.168.0.49 0 "3 1 ''" false false false true false
 HWalign=64, Order=0-3, MinObjects=0, CPUs=2, Nodes=1
[    0.950022] kernel: rcu: Hierarchical RCU implementation.
[    0.950030] kernel: rcu:         RCU event tracing is enabled.
[    0.950034] kernel: rcu:         RCU restricting CPUs from NR_CPUS=64 to nr_cpu_ids=2.
[    0.950044] kernel: rcu: RCU calculated value of scheduler-enlistment delay is 100 jiffies.
[    0.950050] kernel: rcu: Adjusting geometry for rcu_fanout_leaf=16, nr_cpu_ids=2
[    0.958315] kernel: NR_IRQS: 4352, nr_irqs: 440, preallocated irqs: 16
[    0.958689] kernel: random: get_random_bytes called from start_kernel+0x22b/0x456 with crng_init=0
[    0.962755] kernel: Console: colour VGA+ 80x25
[    0.962873] kernel: printk: console [ttyS0] enabled
[    0.962920] kernel: ACPI: Core revision 20210730
[    0.963179] kernel: clocksource: hpet: mask: 0xffffffff max_cycles: 0xffffffff, max_idle_ns: 19112604467 ns
[    0.963338] kernel: APIC: Switch to symmetric I/O mode setup
[    0.963347] kernel: kvm-guest: setup PV IPIs
[    0.964341] kernel: ..TIMER: vector=0x30 apic1=0 pin1=2 apic2=-1 pin2=-1
[    0.964377] kernel: clocksource: tsc-early: mask: 0xffffffffffffffff max_cycles: 0x2563bf907c6, max_idle_ns: 440795319401 ns
[    0.964400] kernel: Calibrating delay loop (skipped) preset value.. 5187.81 BogoMIPS (lpj=2593906)
[    0.964413] kernel: pid_max: default: 32768 minimum: 301
[    0.964497] kernel: LSM: Security Framework initializing
[    0.964529] kernel: SELinux:  Initializing.
[    0.964678] kernel: Mount-cache hash table entries: 32768 (order: 6, 262144 bytes, linear)
[    0.965404] kernel: Mountpoint-cache hash table entries: 32768 (order: 6, 262144 bytes, linear)
[    0.966157] kernel: x86/cpu: User Mode Instruction Prevention (UMIP) activated
[    0.966266] kernel: Last level iTLB entries: 4KB 0, 2MB 0, 4MB 0
[    0.966274] kernel: Last level dTLB entries: 4KB 0, 2MB 0, 4MB 0, 1GB 0
[    0.966304] kernel: Spectre V1 : Mitigation: usercopy/swapgs barriers and __user pointer sanitizatexecutor 2 finishes userspace_cover_open
before receiving handshake request
req.flags ea3
ry: [mem 0x000a0000-0x000effff]
[    0.697837] kernel: PM: hibernation: Registered nosave memory: [mem 0x000f0000-0x000fffff]
[    0.697847] kernel: PM: hibernation: Registered nosave memory: [mem 0xbffdd000-0xbfffffff]
[    0.697855] kernel: PM: hibernation: Registered nosave memory: [mem 0xc0000000-0xfeffbfff]
[    0.697862] kernel: PM: hibernation: Registered nosave memory: [mem 0xfeffc000-0xfeffffff]
[    0.697868] kernel: PM: hibernation: Registered nosave memory: [mem 0xff000000-0xfffbffff]
[    0.697875] kernel: PM: hibernation: Registered nosave memory: [mem 0xfffc0000-0xffffffff]
[    0.697885] kernel: [mem 0xc0000000-0xfeffbfff] available for PCI devices
[    0.697891] kernel: Booting paravirtualized kernel on KVM
[    0.697899] kernel: clocksource: refined-jiffies: mask: 0xffffffff max_cycles: 0xffffffff, max_idle_ns: 1910969940391419 ns
[    0.712199] kernel: setup_percpu: NR_CPUS:64 nr_cpumask_bits:64 nr_cpu_ids:2 nr_node_ids:1
[    0.713141] kernel: percpu: Embedded 56 pion
[    0.966317] kernel: Spectre V2 : Mitigation: Enhanced IBRS
[    0.966322] kernel: Spectre V2 : Spectre v2 / SpectreRSB mitigation: Filling RSB on context switch
[    0.966399] kernel: Spectre V2 : mitigation: Enabling conditional Indirect Branch Prediction Barrier
[    0.966411] kernel: Speculative Store Bypass: Mitigation: Speculative Store Bypass disabled via prctl and seccomp
[    0.966418] kernel: TAA: Mitigation: TSX disabled
[    0.986407] kernel: Freeing SMP alternatives memory: 40K
[    0.986661] kernel: smpboot: CPU0: Intel(R) Xeon(R) Gold 6348 CPU @ 2.60GHz (family: 0x6, model: 0x6a, stepping: 0x6)
[    0.986926] kernel: Performance Events: Icelake events, 32-deep LBR, full-width counters, Intel PMU driver.
[    0.987482] kernel: ... version:                2
[    0.987488] kernel: ... bit width:              48
[    0.987493] kernel: ... generic registers:      8
[    0.987497] kernel: ... value mask:             0000ffffffffffff
[    0.987503] kernel: ... max period:             00007fffffffffff
[    0.987507] kernel: ... fixed-purpose events:   3
[    0.987512] kernel: ... event mask:             00000007000000ff
[    0.987814] kernel: rcu: Hierarchical SRCU implementation.
[    0.989163] kernel: smp: Bringing up secondary CPUs ...
[    0.989418] kernel: x86: Booting SMP configuration:
[    0.989423] kernel: .... node  #0, CPUs:      #1
[    0.005771] kernel: kvm-clock: cpu 1, msr 2cb58041, secondary cpu clock
[    0.005771] kernel: smpboot: CPU 1 Converting physical 0 to logical die 1
[    1.006479] kernel: kvm-guest: setup async PF for cpu 1
[    1.006499] kernel: kvm-guest: stealtime: cpu 1, msr 26511f140
[    1.006522] kernel: smp: Brought up 1 node, 2 CPUs
[    1.006522] kernel: smpboot: Max logical packages: 2
[    1.006522] kernel: smpboot: Total of 2 processors activated (10375.62 BogoMIPS)
[    1.017518] kernel: devtmpfs: initialized
[    1.022918] kernel: clocksource: jiffies: mask: 0xffffffff max_cycles: 0xffffffff, max_idle_ns: 1911[    0.000000] kernel: Linux version 5.15.0+ (tlyu@IC-RS3-DPC07) (gcc (Ubuntu 9.4.0-1ubuntu1~20.04.1) 9.4.0, GNU ld (GNU Binutils for Ubuntu) 2.34) #8 SMP Fri Jun 3 16:18:40 CEST 2022
[    0.000000] kernel: Command line: root=/dev/sda console=ttyS0 net.ifnames=0 ip=192.168.0.49 quiet
[    0.000000] kernel: x86/fpu: Supporting XSAVE feature 0x001: 'x87 floating point registers'
[    0.000000] kernel: x86/fpu: Supporting XSAVE feature 0x002: 'SSE registers'
[    0.000000] kernel: x86/fpu: Supporting XSAVE feature 0x004: 'AVX registers'
[    0.000000] kernel: x86/fpu: Supporting XSAVE feature 0x020: 'AVX-512 opmask'
[    0.000000] kernel: x86/fpu: Supporting XSAVE feature 0x040: 'AVX-512 Hi256'
[    0.000000] kernel: x86/fpu: Supporting XSAVE feature 0x080: 'AVX-512 ZMM_Hi256'
[    0.000000] kernel: x86/fpu: Supporting XSAVE feature 0x200: 'Protection Keys User registers'
[    0.000000] kernel: x86/fpu: xstate_offset[2]:  576, xstate_sizes[2]:  256
[    0.000000] kernel: x86/fpu: xstate_offset[5]:  832, xstate_sizes[5]:   64
[    0.000000] kernel: x86/fpu: xstate_offset[6]:  896, xstate_sizes[6]:  512
[    0.000000] kernel: x86/fpu: xstate_offset[7]: 1408, xstate_sizes[7]: 1024
[    0.000000] kernel: x86/fpu: xstate_offset[9]: 2432, xstate_sizes[9]:    8
[    0.000000] kernel: x86/fpu: Enabled xstate features 0x2e7, context size is 2440 bytes, using 'compacted' format.
[    0.000000] kernel: signal: max sigframe size: 3632
[    0.000000] kernel: BIOS-provided physical RAM map:
[    0.000000] kernel: BIOS-e820: [mem 0x0000000000000000-0x000000000009fbff] usable
[    0.000000] kernel: BIOS-e820: [mem 0x000000000009fc00-0x000000000009ffff] reserved
[    0.000000] kernel: BIOS-e820: [mem 0x00000000000f0000-0x00000000000fffff] reserved
[    0.000000] kernel: BIOS-e820: [mem 0x0000000000100000-0x00000000bffdcfff] usable
[    0.000000] kernel: BIOS-e820: [mem 0x00000000bffdd000-0x00000000bfffffff] reserved
[    0.000000] kernel: BIOS-e820: [mem 0x00000000feffc000-0x00000000feffffff] reserved
[    0.000000] kernel: BIOS-e820: [mem 0x00000000fffc0000-0x00000000ffffffff] reserved
[    0.000000] kernel: BIOS-e820: [mem 0x0000000100000000-0x00000002bfffffff] usable
[    0.000000] kernel: NX (Execute Disable) protection: active
[    0.000000] kernel: SMBIOS 2.8 present.
[    0.000000] kernel: DMI: QEMU Standard PC (i440FX + PIIX, 1996), BIOS 1.13.0-1ubuntu1.1 04/01/2014
[    0.000000] kernel: Hypervisor detected: KVM
[    0.000000] kernel: kvm-clock: Using msrs 4b564d01 and 4b564d00
[    0.000000] kernel: kvm-clock: cpu 0, msr 178958001, primary cpu clock
[    0.000003] kernel: kvm-clock: using sched offset of 1246134625 cycles
[    0.000011] kernel: clocksource: kvm-clock: mask: 0xffffffffffffffff max_cycles: 0x1cd42e4dffb, max_idle_ns: 881590591483 ns
[    0.000024] kernel: tsc: Detected 2593.906 MHz processor
[    0.029803] kernel: e820: update [mem 0x00000000-0x00000fff] usable ==> reserved
[    0.029833] kernel: e820: remove [mem 0x000a0000-0x000fffff] uexecutor 0 finishes userspace_cover_open
before receiving handshake request
sable
[    0.029852] kernel: last_pfn = 0x2c0000 max_arch_pfn = 0x10000000000
[    0.029922] kernel: x86/PAT: Configuration [0-7]: WB  WC  UC- UC  WB  WP  UC- WT  
[    0.029935] kernel: last_pfn = 0xbffdd max_arch_pfn = 0x10000000000
[    0.057410] kernel: found SMP MP-table at [mem 0x000f5c70-0x000f5c7f]
[    0.057487] kernel: Using GB pages for direct mapping
[    0.058119] kernel: ACPI: Early table checksum verification disabled
[    0.058132] kernel: ACPI: RSDP 0x00000000000F5A40 000014 (v00 BOCHS )
[    0.058156] kernel: ACPI: RSDT 0x00000000BFFE15C9 000030 (v01 BOCHS  BXPCRSDT 00000001 BXPC 00000001)
[    0.058181] kernel: ACPI: FACP 0x00000000BFFE149D 000074 (v01 BOCHS  BXPCFACP 00000001 BXPC 00000001)
[    0.058208] kernel: ACPI: DSDT 0x00000000BFFE0040 00145D (v01 BOCHS  BXPCDSDT 00000001 BXPC 00000001)
[    0.058229] kernel: ACPI: FACS 0x00000000BFFE0000 000040
[    0.058244] kernel: ACPI: APIC 0x00000000BFFE1511 000080 (v01 BOCHS  BXPCAPIC 00000001 BXPC 00000001)
[    0.058265] kernel: ACPI: HPET 0x00000000BFFE1591 000038 (v01 BOCHS  BXPCHPET 00000001 BXPC 00000001)
[    0.058283] kernel: ACPI: Reserving FACP table memory at [mem 0xbffe149d-0xbffe1510]
[    0.058292] kernel: ACPI: Reserving DSDT table memory at [mem 0xbffe0040-0xbffe149c]
[    0.058299] kernel: ACPI: Reserving FACS table memory at [mem 0xbffe0000-0xbffe003f]
[    0.058307] kernel: ACPI: Reserving APIC table memory at [mem 0xbffe1511-0xbffe1590]
[    0.058314] kernel: ACPI: Reserving HPET table memory at [mem 0xbffe1591-0xbffe15c8]
[    0.059197] kernel: No NUMA configuration found
[    0.059203] kernel: Faking a node at [mem 0x0000000000000000-0x00000002bfffffff]
[    0.059220] kernel: NODE_DATA(0) allocated [mem 0x2bfffc000-0x2bfffffff]
[    0.062476] kernel: Zone ranges:
[    0.062490] kernel:   DMA      [mem 0x0000000000001000-0x0000000000ffffff]
[    0.062505] kernel:   DMA32    [mem 0x0000000001000000-0x00000000ffffffff]
[    0.062514] kernel:   Normal   [mem 0x0000000100000000-0x00000002bfffffff]
[    0.062523] kernel: Movable zone start for each node
[    0.062526] kernel: Early memory node ranges
[    0.062529] kernel:   node   0: [mem 0x0000000000001000-0x000000000009efff]
[    0.062538] kernel:   node   0: [mem 0x0000000000100000-0x00000000bffdcfff]
[    0.062546] kernel:   node   0: [mem 0x0000000100000000-0x00000002bfffffff]
[    0.062557] kernel: Initmem setup node 0 [mem 0x0000000000001000-0x00000002bfffffff]
[    0.063274] kernel: On node 0, zone DMA: 1 pages in unavailable ranges
[    0.063347] kernel: On node 0, zone DMA: 97 pages in unavailable ranges
[    0.284468] kernel: On node 0, zone Normal: 35 pages in unavailable ranges
[    0.984942] kernel: kasan: KernelAddressSanitizer initialized
[    0.985398] kernel: ACPI: PM-Timer IO Port: 0x608
[    0.985427] kernel: ACPI: LAPIC_NMI (acpi_id[0xff] dfl dfl lint[0x1])
[    0.985479] kernel: IOAPIC[0]: apic_id 0, version 17, address 0xfec00000, GSI 0-23
[    0.985496] kernel: ACPI: INT_SRC_OVR (bus 0 260446275000 ns
[    1.022941] kernel: futex hash table entries: 512 (order: 3, 32768 bytes, linear)
[    1.023399] kernel: PM: RTC time: 04:00:53, date: 2023-03-05
[    1.024556] kernel: NET: Registered PF_NETLINK/PF_ROUTE protocol family
[    1.025255] kernel: audit: initializing netlink subsys (disabled)
[    1.026413] kernel: audit: type=2000 audit(1677988853.827:1): state=initialized audit_enabled=0 res=1
[    1.027139] kernel: thermal_sys: Registered thermal governor 'step_wise'
[    1.027145] kernel: thermal_sys: Registered thermal governor 'user_space'
[    1.027414] kernel: cpuidle: using governor menu
[    1.027782] kernel: ACPI: bus type PCI registered
[    1.028113] kernel: PCI: Using configuration type 1 for base access
[    1.048520] kernel: Kprobes globally optimized
[    1.049513] kernel: HugeTLB registered 2.00 MiB page size, pre-allocated 0 pages
[    1.049663] kernel: cryptomgr_test (26) used greatest stack depth: 30608 bytes left
[    1.056566] kernel: ACPI: Added _OSI(Module Device)
[    1.056566] kernel: ACPI: Added _OSI(Processor Device)
[    1.056566] kernel: ACPI: Added _OSI(3.0 _SCP Extensions)
[    1.056566] kernel: ACPI: Added _OSI(Processor Aggregator Device)
[    1.056566] kernel: ACPI: Added _OSI(Linux-Dell-Video)
[    1.056566] kernel: ACPI: Added _OSI(Linux-Lenovo-NV-HDMI-Audio)
[    1.056566] kernel: ACPI: Added _OSI(Linux-HPI-Hybrid-Graphics)
[    1.069425] kernel: ACPI: 1 ACPI AML tables successfully acquired and loaded
[    1.074954] kernel: ACPI: Interpreter enabled
[    1.075057] kernel: ACPI: PM: (supports S0 S3 S4 S5)
[    1.075065] kernel: ACPI: Using IOAPIC for interrupt routing
[    1.075458] kernel: PCI: Using host bridge windows from ACPI; if necessary, use "pci=nocrs" and report a bug
[    1.076450] kernel: ACPI: Enabled 2 GPEs in block 00 to 0F
[    1.103943] kernel: ACPI: PCI Root Bridge [PCI0] (domain 0000 [bus 00-ff])
[    1.103980] kernel: acpi PNP0A03:00: _OSC: OS supports [ASPM ClockPM Segments MSI HPX-Type3]
[    1.104086] kernel: acpi PNP0A03:00: fail to add MMCONFIG information, can't access extended PCI configuration space under this bridge.
[    1.104380] kernel: PCI host bridge to bus 0000:00
[    1.104391] kernel: pci_bus 0000:00: root bus resource [io  0x0000-0x0cf7 window]
[    1.104400] kernel: pci_bus 0000:00: root bus resource [io  0x0d00-0xffff window]
[    1.104413] kernel: pci_bus 0000:00: root bus resource [mem 0x000a0000-0x000bffff window]
[    1.104427] kernel: pci_bus 0000:00: root bus resource [mem 0xc0000000-0xfebfffff window]
[    1.104440] kernel: pci_bus 0000:00: root bus resource [mem 0x2c0000000-0x33fffffff window]
[    1.104455] kernel: pci_bus 0000:00: root bus resource [bus 00-ff]
[    1.105709] kernel: pci 0000:00:00.0: [8086:1237] type 00 class 0x060000
[    1.108519] kernel: pci 0000:00:01.0: [8086:7000] type 00 class 0x060100
[    1.110008] kernel: pci 0000:00:01.1: [8086:7010] type 00 class 0x010180
[    1.112405] kernel: pci 0000:00:01.1: reg 0x20: [io  0xc040-0xc04f]
[    1.113410] kernel: pci 0000:00:01.1: legacy IDE quirk: reg 0x10: [io  0x01f0-0x01f7]
[    1.113426] kernel: pci 0000:00:01.1: legacy IDE quirk: reg 0x14: [io  0x03f6]
[    1.113437] kernel: pci 0000:00:01.1: legacy IDE quirk: reg 0x18: [io  0x0170-0x0177]
[    1.113448] kernel: pci 0000:00:01.1: legacy IDE quirk: reg 0x1c: [io  0x0376]
[    1.115608] kernel: pci 0000:00:01.3: [8086:7113] type 00 class 0x068000
[    1.115928] kernel: pci 0000:00:01.3: quirk: [io  0x0600-0x063f] claimed by PIIX4 ACPI
[    1.115947] kernel: pci 0000:00:01.3: quirk: [io  0x0700-0x070f] claimed by PIIX4 SMB
[    1.117770] kernel: pci 0000:00:02.0: [1234:1111] type 00 class 0x030000
[    1.119349] kernel: pci 0000:00:02.0: reg 0x10: [mem 0xfd000000-0xfdffffff pref]
[    1.120418] kernel: pci 0000:00:02.0: reg 0x18: [mem 0xfeb90000-0xfeb90fff]
[    1.124415] kernel: pci 0000:00:02.0: reg 0x30: [mem 0xfeb80000-0xfeb8ffff pref]
[    1.126474] kernel: pci 0000:00:03.0: [1af4:1005] type 00 class 0x00ff00
[    1.127404] kernel: pci 0000:00:03.0: reg 0x10: [io  0xc000-0xc01f]
[    1.129401] kernel: pci 0000:00:03.0: reg 0x20: [mem 0xfe200000-0xfe203fff 64bit pref]
[    1.132769] kernel: pci 0000:00:04.0: [1af4:1000] type 00 class 0x020000
[    1.134027] kernel: pci 0000:00:04.0: reg 0x10: [io  0xc020-0xc03f]
[    1.135004] kernel: pci 0000:00:04.0: reg 0x14: [mem 0xfeb91000-0xfeb91fff]
[    1.138028] kernel: pci 0000:00:04.0: reg 0x20: [mem 0xfe204000-0xfe207fff 64bit pref]
[    1.139025] kernel: pci 0000:00:04.0: reg 0x30: [mem 0xfeb00000-0xfeb7ffff pref]
[    1.141400] kernel: pci 0000:00:10.0: [1af4:1110] type 00 class 0x050000
[    1.142344] kernel: pci 0000:00:10.0: reg 0x10: [mem 0xfeb92000-0xfeb920ff]
[    1.144408] kernel: pci 0000:00:10.0: reg 0x18: [mem 0xfe000000-0xfe0fffff 64bit pref]
[    1.149688] kernel: pci 0000:00:11.0: [1af4:1110] type 00 class 0x050000
[    1.150356] kernel: pci 0000:00:11.0: reg 0x10: [mem 0xfeb93000-0xfeb930ff]
[    1.151404] kernel: pci 0000:00:11.0: reg 0x18: [mem 0xfe208000-0xfe2083ff 64bit pref]
[    1.155290] kernel: pci 0000:00:12.0: [1af4:1110] type 00 class 0x050000
[    1.155865] kernel: pci 0000:00:12.0: reg 0x10: [mem 0xfeb94000-0xfeb940ff]
[    1.157875] kernel: pci 0000:00:12.0: reg 0x18: [mem 0xfe100000-0xfe1fffff 64bit pref]
[    1.164532] kernel: ACPI: PCI: Interrupt link LNKA configured for IRQ 10
[    1.165322] kernel: ACPI: PCI: Interrupt link LNKB configured for IRQ 10
[    1.166084] kernel: ACPI: PCI: Interrupt link LNKC configured for IRQ 11
[    1.167287] kernel: ACPI: PCI: Interrupt link LNKD configured for IRQ 11
[    1.167621] kernel: ACPI: PCI: Interrupt link LNKS configured for IRQ 9
[    1.169147] kernel: iommu: Default domain type: Translated 
[    1.169155] kernel: iommu: DMA domain TLB invalidation policy: lazy mode 
[    1.169391] kernel: pci 0000:00:02.0: vgaarb: setting as boot VGA device
[    1.169391] kernel: pci 0000:00:02.0: vgaarb: VGA device added: decodes=io+mem,owns=io+mem,locks=none
[    1.169401] kernel: pci 0000:00:02.0: vgaarb: bridge control possible
[    1.169408] kernel: vgaarb: loaded
[    1.169804] kernel: SCSI subsystem initialized
[    1.169906] kernel: libata version 3.00 loaded.
[    1.169906] kernel: ACPI: bus type USB registered
[    1.169906] kernel: usbcore: registered new interface driver usbfs
[    1.169906] kernel: usbcore: registered new interface driver hub
[    1.170433] kernel: usbcore: registered new device driver usb
[    1.170539] kernel: pps_core: LinuxPPS API ver. 1 registered
[    1.170544] kernel: pps_core: Software ver. 5.3.6 - Copyright 2005-2007 Rodolfo Giometti <giometti@linux.it>
[    1.170569] kernel: PTP clock support registered
[    1.170710] kernel: Advanced Linux Sound Architecture Driver Initialized.
[    1.171698] kernel: NetLabel: Initializing
[    1.171702] kernel: NetLabel:  domain hash size = 128
[    1.171707] kernel: NetLabel:  protocols = UNLABELED CIPSOv4 CALIPSO
[    1.171796] kernel: NetLabel:  unlabeledages/cpu s191576 r8192 d29608 u1048576
[    0.713178] kernel: pcpu-alloc: s191576 r8192 d29608 u1048576 alloc=1*2097152
[    0.713194] kernel: pcpu-alloc: [0] 0 1 
[    0.713287] kernel: kvm-guest: setup async PF for cpu 0
[    0.713298] kernel: kvm-guest: stealtime: cpu 0, msr 26501f140
[    0.713397] kernel: Built 1 zonelists, mobility grouping on.  Total pages: 2580189
[    0.713406] kernel: Policy zone: Normal
[    0.713412] kernel: Kernel command line: root=/dev/sda console=ttyS0 net.ifnames=0 ip=192.168.0.51 quiet
[    0.720704] kernel: Dentry cache hash table entries: 2097152 (order: 12, 16777216 bytes, linear)
[    0.724504] kernel: Inode-cache hash table entries: 1048576 (order: 11, 8388608 bytes, linear)
[    0.724634] kernel: mem auto-init: stack:off, heap alloc:off, heap free:off
[    1.028424] kernel: Memory: 8817344K/10485228K available (47117K kernel code, 10298K rwdata, 7204K rodata, 2068K init, 2860K bss, 1667684K reserved, 0K cma-reserved)
[    1.028658] kernel: SLUB traffic allowed by default
[    1.171877] kernel: PCI: Using ACPI for IRQ routing
[    1.171877] kernel: PCI: pci_cache_line_size set to 64 bytes
[    1.171877] kernel: e820: reserve RAM buffer [mem 0x0009fc00-0x0009ffff]
[    1.171877] kernel: e820: reserve RAM buffer [mem 0xbffe0000-0xbfffffff]
[    1.172482] kernel: hpet0: at MMIO 0xfed00000, IRQs 2, 8, 0
[    1.172507] kernel: hpet0: 3 comparators, 64-bit 100.000000 MHz counter
[    1.177451] kernel: clocksource: Switched to clocksource kvm-clock
[    1.295965] kernel: VFS: Disk quotas dquot_6.6.0
[    1.296020] kernel: VFS: Dquot-cache hash table entries: 512 (order 0, 4096 bytes)
[    1.296242] kernel: pnp: PnP ACPI init
[    1.296994] kernel: pnp 00:03: [dma 2]
[    1.299545] kernel: pnp: PnP ACPI: found 6 devices
[    1.366738] kernel: clocksource: acpi_pm: mask: 0xffffff max_cycles: 0xffffff, max_idle_ns: 2085701024 ns
[    1.366858] kernel: NET: Registered PF_INET protocol family
[    1.367821] kernel: IP idents hash table entries: 262144 (order: 9, 2097152 bytes, linear)
[    1.378950] kernel: tcp_listen_portaddr_hash hash table entries: 8192 (order: 5, 131072 bytes, linear)
[    1.379845] kernel: TCP established hash table entries: 131072 (order: 8, 1048576 bytes, linear)
[    1.380760] kernel: TCP bind hash table entries: 65536 (order: 8, 1048576 bytes, linear)
[    1.382084] kernel: TCP: Hash tables configured (established 131072 bind 65536)
[    1.382228] kernel: UDP hash table entries: 8192 (order: 6, 262144 bytes, linear)
[    1.382388] kernel: UDP-Lite hash table entries: 8192 (order: 6, 262144 bytes, linear)
[    1.382718] kernel: NET: Registered PF_UNIX/PF_LOCAL protocol family
[    1.390914] kernel: pci_bus 0000:00: resource 4 [io  0x0000-0x0cf7 window]
[    1.390932] kernel: pci_bus 0000:00: resource 5 [io  0x0d00-0xffff window]
[    1.390944] kernel: pci_bus 0000:00: resource 6 [mem 0x000a0000-0x000bffff window]
[    1.390956] kernel: pci_bus 0000:00: resource 7 [mem 0xc0000000-0xfebfffff window]
[    1.390969] kernel: pci_bus 0000:00: resource 8 [mem 0x2c0000000-0x33fffffff window]
[    1.391251] kernel: pci 0000:00:01.0: PIIX3: Enabling Passive Release
[    1.391271] kernel: pci 0000:00:00.0: Limiting direct PCI/PCI transfers
[    1.391298] kernel: pci 0000:00:01.0: Activating ISA DMA hang workarounds
[    1.391387] kernel: pci 0000:00:02.0: Video device with shadowed ROM at [mem 0x000c0000-0x000dffff]
[    1.391500] kernel: PCI: CLS 0 bytes, default 64
[    1.391536] kernel: PCI-DMA: Using software bounce buffering for IO (SWIOTLB)
[    1.391540] kernel: software IO TLB: mapped [mem 0x00000000bbfe0000-0x00000000bffe0000] (64MB)
[    1.392053] kernel: RAPL PMU: API unit is 2^-32 Joules, 0 fixed counters, 10737418240 ms ovfl timer
[    1.392085] kernel: clocksource: tsc: mask: 0xffffffffffffffff max_cycles: 0x2563bf907c6, max_idle_ns: 440795319401 ns
[    1.392150] kernel: clocksource: Switched to clocksource tsc
[    1.395948] kernel: Initialise system trusted keyringbus_irq 0 global_irq 2 dfl dfl)
[    0.985508] kernel: ACPI: INT_SRC_OVR (bus 0 bus_irq 5 global_irq 5 high level)
[    0.985518] kernel: ACPI: INT_SRC_OVR (bus 0 bus_irq 9 global_irq 9 high level)
[    0.985528] kernel: ACPI: INT_SRC_OVR (bus 0 bus_irq 10 global_irq 10 high level)
[    0.985538] kernel: ACPI: INT_SRC_OVR (bus 0 bus_irq 11 global_irq 11 high level)
[    0.985557] kernel: ACPI: Using ACPI (MADT) for SMP configuration information
[    0.985564] kernel: ACPI: HPET id: 0x8086a201 base: 0xfed00000
[    0.985578] kernel: TSC deadline timer available
[    0.985583] kernel: smpboot: Allowing 2 CPUs, 0 hotplug CPUs
[    0.985626] kernel: kvm-guest: KVM setup pv remote TLB flush
[    0.985634] kernel: kvm-guest: setup PV sched yield
[    0.985671] kernel: PM: hibernation: Registered nosave memory: [mem 0x00000000-0x00000fff]
[    0.985683] kernel: PM: hibernation: Registered nosave memory: [mem 0x0009f000-0x0009ffff]
[    0.985690] kernel: PM: hibernation: Registered nosave mems
[    1.397055] kernel: workingset: timestamp_bits=56 max_order=22 bucket_order=0
[    1.411720] kernel: fuse: init (API version 7.34)
[    1.435021] kernel: cryptomgr_test (54) used greatest stack depth: 30544 bytes left
[    1.435067] kernel: Key type asymmetric registered
[    1.435075] kernel: Asymmetric key parser 'x509' registered
[    1.435259] kernel: Block layer SCSI generic (bsg) driver version 0.4 loaded (major 251)
[    1.435267] kernel: io scheduler mq-deadline registered
[    1.435273] kernel: io scheduler kyber registered
[    1.436321] kernel: input: Power Button as /devices/LNXSYSTM:00/LNXPWRBN:00/input/input0
[    1.436557] kernel: ACPI: button: Power Button [PWRF]
[    2.793054] kernel: ACPI: \_SB_.LNKC: Enabled at IRQ 11
[    4.422847] kernel: ACPI: \_SB_.LNKD: Enabled at IRQ 10
[    4.440546] kernel: Serial: 8250/16550 driver, 4 ports, IRQ sharing enabled
[    4.440746] kernel: 00:05: ttyS0 at I/O 0x3f8 (irq = 4, base_baud = 115200) is a 16550A
[    4.442797] kerory: [mem 0x000a0000-0x000effff]
[    0.985697] kernel: PM: hibernation: Registered nosave memory: [mem 0x000f0000-0x000fffff]
[    0.985708] kernel: PM: hibernation: Registered nosave memory: [mem 0xbffdd000-0xbfffffff]
[    0.985715] kernel: PM: hibernation: Registered nosave memory: [mem 0xc0000000-0xfeffbfff]
[    0.985722] kernel: PM: hibernation: Registered nosave memory: [mem 0xfeffc000-0xfeffffff]
[    0.985728] kernel: PM: hibernation: Registered nosave memory: [mem 0xff000000-0xfffbffff]
[    0.985735] kernel: PM: hibernation: Registered nosave memory: [mem 0xfffc0000-0xffffffff]
[    0.985745] kernel: [mem 0xc0000000-0xfeffbfff] available for PCI devices
[    0.985752] kernel: Booting paravirtualized kernel on KVM
[    0.985760] kernel: clocksource: refined-jiffies: mask: 0xffffffff max_cycles: 0xffffffff, max_idle_ns: 1910969940391419 ns
[    0.999908] kernel: setup_percpu: NR_CPUS:64 nr_cpumask_bits:64 nr_cpu_ids:2 nr_node_ids:1
[    1.000909] kernel: percpu: Embedded 56 nel: Non-volatile memory driver v1.3
[    4.442991] kernel: Linux agpgart interface v0.103
[    4.454110] kernel: loop: module loaded
[    4.454677] kernel: ata_piix 0000:00:01.1: version 2.13
[    4.465121] kernel: scsi host0: ata_piix
[    4.466779] kernel: scsi host1: ata_piix
[    4.467040] kernel: ata1: PATA max MWDMA2 cmd 0x1f0 ctl 0x3f6 bmdma 0xc040 irq 14
[    4.467055] kernel: ata2: PATA max MWDMA2 cmd 0x170 ctl 0x376 bmdma 0xc048 irq 15
[    4.467867] kernel: libphy: Fixed MDIO Bus: probed
[    4.483483] kernel: e100: Intel(R) PRO/100 Network Driver
[    4.483495] kernel: e100: Copyright(c) 1999-2006 Intel Corporation
[    4.483544] kernel: e1000: Intel(R) PRO/1000 Network Driver
[    4.483549] kernel: e1000: Copyright (c) 1999-2006 Intel Corporation.
[    4.483637] kernel: e1000e: Intel(R) PRO/1000 Network Driver
[    4.483642] kernel: e1000e: Copyright(c) 1999 - 2015 Intel Corporation.
[    4.483718] kernel: sky2: driver version 1.30
[    4.485028] kernel: ehci_hcd: USB 2.0 'Enhanced' Host Controller (EHCI) Driver
[    4.485038] kernel: ehci-pci: EHCI PCI platform driver
[    4.485086] kernel: ohci_hcd: USB 1.1 'Open' Host Controller (OHCI) Driver
[    4.485101] kernel: ohci-pci: OHCI PCI platform driver
[    4.485140] kernel: uhci_hcd: USB Universal Host Controller Interface driver
[    4.485415] kernel: usbcore: registered new interface driver usblp
[    4.485465] kernel: usbcore: registered new interface driver usb-storage
[    4.485608] kernel: i8042: PNP: PS/2 Controller [PNP0303:KBD,PNP0f13:MOU] at 0x60,0x64 irq 1,12
[    4.511075] kernel: serio: i8042 KBD port at 0x60,0x64 irq 1
[    4.511102] kernel: serio: i8042 AUX port at 0x60,0x64 irq 12
[    4.512159] kernel: input: AT Translated Set 2 keyboard as /devices/platform/i8042/serio0/input/input1
[    4.512728] kernel: rtc_cmos 00:00: RTC can wake from S4
[    4.514942] kernel: rtc_cmos 00:00: registered as rtc0
[    4.515025] kernel: rtc_cmos 00:00: alarms up to one day, y3k, 114 bytes nvram, hpet irqs
[    4.515880] kernel: device-mapper: ioctl: 4.45.0-ioctl (2021-03-22) initialised: dm-devel@redhat.com
[    4.515899] kernel: intel_pstate: CPU model not supported
[    4.516040] kernel: hid: raw HID events driver (C) Jiri Kosina
[    4.516800] kernel: usbcore: registered new interface driver usbhid
[    4.516807] kernel: usbhid: USB HID core driver
[    4.517567] kernel: netem: version 1.3
[    4.521125] kernel: Initializing XFRM netlink socket
[    4.521798] kernel: NET: Registered PF_INET6 protocol family
[    4.554904] kernel: hpet: Lost 1 RTC interrupts
[    4.555440] kernel: Segment Routing with IPv6
[    4.555474] kernel: In-situ OAM (IOAM) with IPv6
[    4.555667] kernel: sit: IPv6, IPv4 and MPLS over IPv4 tunneling driver
[    4.556958] kernel: NET: Registered PF_PACKET protocol family
[    4.557112] kernel: 9pnet: Installing 9P2000 support
[    4.557173] kernel: Key type dns_resolver registered
[    4.557206] kernel: Key type ceph registered
[    4.557710] kernel: libceph: loaded (mon/osd proto 15/24)
[    4.559528] kernel: IPI shorthand broadcast: enabled
[    4.559617] kernel: sched_clock: Marking stable (4554626296, 4771260)->(4875476307, -316078751)
[    4.560144] kernel: registered taskstats version 1
[    4.560152] kernel: Loading compiled-in X.509 certificates
[    4.562203] kernel: PM:   Magic number: 15:737:8
[    4.562326] kernel: printk: console [netcon0] enabled
[    4.562333] kernel: netconsole: network logging started
[    4.619780] kernel: ata1.01: NODEV after polling detection
[    4.620025] kernel: ata1.00: ATA-7: QEMU HARDDISK, 2.5+, max UDMA/100
[    4.620039] kernel: ata1.00: 88078336 sectors, multi 16: LBA48 
[    4.620669] kernel: scsi 0:0:0:0: Direct-Access     ATA      QEMU HARDDISK    2.5+ PQ: 0 ANSI: 5
[    4.621258] kernel: scsi 0:0:0:0: Attached scsi generic sg0 type 0
[    4.621713] kernel: sd 0:0:0:0: [sda] 88078336 512-byte logical blocks: (45.1 GB/42.0 GiB)
[    4.621745] kernel: sd 0:0:0:0: [sda] Write Protect i----- is restarting 0
---- dfs_name glusterfs is_dfs_client 0
s off
[    4.621758] kernel: sd 0:0:0:0: [sda] Mode Sense: 00 3a 00 00
[    4.621799] kernel: sd 0:0:0:0: [sda] Write cache: enabled, read cache: enabled, doesn't support DPO or FUA
[    4.624135] kernel: sd 0:0:0:0: [sda] Attached SCSI disk
[    4.635734] kernel: ata2.01: NODEV after polling detection
[    4.635975] kernel: ata2.00: ATAPI: QEMU DVD-ROM, 2.5+, max UDMA/100
[    4.636856] kernel: scsi 1:0:0:0: CD-ROM            QEMU     QEMU DVD-ROM     2.5+ PQ: 0 ANSI: 5
[    4.655032] kernel: sr 1:0:0:0: [sr0] scsi3-mmc drive: 4x/4x cd/rw xa/form2 tray
[    4.655054] kernel: cdrom: Uniform CD-ROM driver Revision: 3.20
[    4.672997] kernel: sr 1:0:0:0: Attached scsi CD-ROM sr0
[    4.673409] kernel: sr 1:0:0:0: Attached scsi generic sg1 type 5
[    5.182824] kernel: input: ImExPS/2 Generic Explorer Mouse as /devices/platform/i8042/serio1/input/input3
[    5.196442] kernel: IP-Config: Guessing netmask 255.255.255.0
[    5.196454] kernel: IP-Config: Complete:
[    5.196457] kernel:      device=eth0, hwaddr=e6:c8:ff:09:76:34, ipaddr=192.168.0.52, mask=255.255.255.0, gw=255.255.255.255
[    5.196472] kernel:      host=192.168.0.52, domain=, nis-domain=(none)
[    5.196479] kernel:      bootserver=255.255.255.255, rootserver=255.255.255.255, rootpath=
[    5.196681] kernel: cfg80211: Loading compiled-in X.509 certificates for regulatory database
[    5.197119] kernel: kworker/u4:3 (69) used greatest stack depth: 28680 bytes left
[    5.199303] kernel: cfg80211: Loaded X.509 cert 'sforshee: 00b28ddf47aef9cea7'
[    5.199329] kernel: ALSA device list:
[    5.199334] kernel:   No soundcards found.
[    5.199740] kernel: md: Waiting for all devices to be available before autodetect
[    5.199746] kernel: md: If you don't use raid, use raid=noautodetect
[    5.199751] kernel: md: Autodetecting RAID arrays.
[    5.199755] kernel: md: autorun ...
[    5.199758] kernel: md: ... autorun DONE.
[    5.200275] kernel: platform regulatory.0: Direct firmware load for regulatory.db failed with error -2
[    5.200292] kernel: cfg80211: failed to load regulatory.db
[    5.217675] kernel: EXT4-fs (sda): mounted filesystem with ordered data mode. Opts: (null). Quota mode: none.
[    5.217754] kernel: VFS: Mounted root (ext4 filesystem) readonly on device 8:0.
[    5.218610] kernel: devtmpfs: mounted
[    5.220025] kernel: Freeing unused kernel image (initmem) memory: 2068K
[    5.220465] kernel: Write protecting the kernel read-only data: 57344k
[    5.222349] kernel: Freeing unused kernel image (text/rodata gap) memory: 2032K
[    5.222959] kernel: Freeing unused kernel image (rodata/data gap) memory: 988K
[    5.222990] kernel: Run /sbin/init as init process
[    5.222995] kernel:   with arguments:
[    5.222997] kernel:     /sbin/init
[    5.223001] kernel:   with environment:
[    5.223004] kernel:     HOME=/
[    5.223008] kernel:     TERM=linux
[    5.302996] kernel: random: fast init done
[    5.539722] kernel: IPv6: ADDRCONF(NETDEV_CHANGE): eth0: link become: HWalign=64, Order=0-3, MinObjects=0, CPUs=2, Nodes=1
[    1.029617] kernel: rcu: Hierarchical RCU implementation.
[    1.029625] kernel: rcu:         RCU event tracing is enabled.
[    1.029629] kernel: rcu:         RCU restricting CPUs from NR_CPUS=64 to nr_cpu_ids=2.
[    1.029639] kernel: rcu: RCU calculated value of scheduler-enlistment delay is 100 jiffies.
[    1.029645] kernel: rcu: Adjusting geometry for rcu_fanout_leaf=16, nr_cpu_ids=2
[    1.037516] kernel: NR_IRQS: 4352, nr_irqs: 440, preallocated irqs: 16
[    1.037925] kernel: random: get_random_bytes called from start_kernel+0x22b/0x456 with crng_init=0
[    1.042073] kernel: Console: colour VGA+ 80x25
[    1.042193] kernel: printk: console [ttyS0] enabled
[    1.042244] kernel: ACPI: Core revision 20210730
[    1.042506] kernel: clocksource: hpet: mask: 0xffffffff max_cycles: 0xffffffff, max_idle_ns: 19112604467 ns
[    1.042680] kernel: APIC: Switch to symmetric I/O mode setup
[    1.042689] kernel: kvm-guest: setup s ready
[    5.723790] systemd[1]: systemd 245.4-4ubuntu3 running in system mode. (+PAM +AUDIT +SELINUX +IMA +APPARMOR +SMACK +SYSVINIT +UTMP +LIBCRYPTSETUP +GCRYPT +GNUTLS +ACL +XZ +LZ4 +SECCOMP +BLKID +ELFUTILS +KMOD +IDN2 -IDN +PCRE2 default-hierarchy=hybrid)
[    5.723967] systemd[1]: Detected virtualization kvm.
[    5.723980] systemd[1]: Detected architecture x86-64.
[    5.749812] systemd[1]: Set hostname to <dfs-fuzzing>.
[    6.144292] kernel: random: crng init done
[    6.152663] kernel: systemd-rc-loca (85) used greatest stack depth: 26968 bytes left
[    6.157162] kernel: systemd-debug-g (80) used greatest stack depth: 25920 bytes left
[    6.178000] kernel: systemd-gpt-aut (83) used greatest stack depth: 25904 bytes left
[    6.282472] kernel: systemd-sysv-ge (88) used greatest stack depth: 25016 bytes left
[    6.572116] systemd[1]: /lib/systemd/system/dbus.socket:5: ListenStream= references a path below legacy directory /var/run/, updating /var/run/dbus/system_bus_socket  /run/dbus/system_bus_socket; please update the unit file accordingly.
[    6.676619] systemd[1]: system-modprobe.slice: unit configures an IP firewall, but the local system does not support BPF/cgroup firewalling.
[    6.676641] systemd[1]: (This warning is only shown for the first unit using IP firewalling.)
[    6.687888] systemd[1]: Created slice system-modprobe.slice.
[    6.688333] systemd[1]: Created slice system-serial\x2dgetty.slice.
[    6.688657] systemd[1]: Created slice User and Session Slice.
[    6.688844] systemd[1]: Started Dispatch Password Requests to Console Directory Watch.
[    6.688989] systemd[1]: Started Forward Password Requests to Wall Directory Watch.
[    6.689552] systemd[1]: Set up automount Arbitrary Executable File Formats File System Automount Point.
[    6.689602] systemd[1]: Reached target Local Encrypted Volumes.
[    6.689627] systemd[1]: Reached target Paths.
[    6.689641] systemd[1]: Reached target Remote File Systems.
[    6.689653] systemd[1]: Reached target Slices.
[    6.689668] systemd[1]: Reached target Swap.
[    6.689862] systemd[1]: Listening on Device-mapper event daemon FIFOs.
[    6.690165] systemd[1]: Listening on Syslog Socket.
[    6.690292] systemd[1]: Listening on initctl Compatibility Named Pipe.
[    6.690727] systemd[1]: Listening on Journal Audit Socket.
[    6.690973] systemd[1]: Listening on Journal Socket (/dev/log).
[    6.691276] systemd[1]: Listening on Journal Socket.
[    6.691624] systemd[1]: Listening on udev Control Socket.
[    6.691812] systemd[1]: Listening on udev Kernel Socket.
[    6.694368] systemd[1]: Mounting Huge Pages File System...
[    6.703941] systemd[1]: Mounting POSIX Message Queue File System...
[    6.719497] systemd[1]: Mounting /proc/sys/fs/binfmt_misc...
[    6.721483] systemd[1]: Mounting /sys/kernel/config...
[    6.723241] systemd[1]: Mounting /sys/kernel/debug...
[    6.725203] systemd[1]: Mounting Kernel Trace File System...
[    6.727063] systemd[1]: Starting Journal Service...
[    6.743061] systemd[1]: Starting Set the console keyboard layout...
[    6.743118] systemd[1]: Condition check resulted in Create list of static device nodes for the current kernel being skipped.
[    6.743185] systemd[1]: Condition check resulted in Load Kernel Module drm being skipped.
[    6.794076] systemd[1]: Starting Load Kernel Modules...
[    6.796610] systemd[1]: Starting Remount Root and Kernel File Systems...
[    6.811763] systemd[1]: Starting udev Coldplug all Devices...
[    6.814788] systemd[1]: Mounted Huge Pages File System.
[    6.815294] systemd[1]: Mounted POSIX Message Queue File System.
[    6.815788] systemd[1]: Mounted /proc/sys/fs/binfmt_misc.
[    6.816253] systemd[1]: Mounted /sys/kernel/config.
[    6.816705] systemd[1]: Mounted /sys/kernel/debug.
[    6.817125] systemd[1]: Mounted Kernel Trace File System.
[    6.863892] systemd[1]: Condition check resulted in Set Up Additional Binary Formats being skipped.
[    6.885817] systemd[1]: Finished Load Kernel Modules.
[    6.889125] systemd[1]: Mounting FUSE Control File System...
[    6.904881] systemd[1]: Starting Apply Kernel Variables...
[    6.943869] kernel: EXT4-fs (sda): re-mounted. Opts: (null). Quota mode: none.
[    6.964126] systemd[1]: Finished Remount Root and Kernel File Systems.
[    6.966545] systemd[1]: Mounted FUSE Control File System.
[    6.993573] systemd[1]: Condition check resulted in Rebuild Hardware Database being skipped.
[    6.993651] systemd[1]: Condition check resulted in Platform Persistent Storage Archival being skipped.
[    6.996196] systemd[1]: Starting Load/Save Random Seed...
[    7.016237] systemd[1]: Starting Create System Users...
[    7.060552] systemd[1]: Finished Apply Kernel Variables.
[    7.088190] systemd[1]: Finished Load/Save Random Seed.
[    7.134173] systemd[1]: Finished Create System Users.
[    7.136584] systemd[1]: Starting Create Static Device Nodes in /dev...
[    7.282463] systemd[1]: Finished Create Static Devpages/cpu s191576 r8192 d29608 u1048576
[    1.000948] kernel: pcpu-alloc: s191576 r8192 d29608 u1048576 alloc=1*2097152
[    1.000965] kernel: pcpu-alloc: [0] 0 1 
[    1.001061] kernel: kvm-guest: setup async PF for cpu 0
[    1.001073] kernel: kvm-guest: stealtime: cpu 0, msr 26501f140
[    1.001086] kernel: Built 1 zonelists, mobility grouping on.  Total pages: 2580189
[    1.001094] kernel: Policy zone: Normal
[    1.001100] kernel: Kernel command line: root=/dev/sda console=ttyS0 net.ifnames=0 ip=192.168.0.49 quiet
[    1.008689] kernel: Dentry cache hash table entries: 2097152 (order: 12, 16777216 bytes, linear)
[    1.012481] kernel: Inode-cache hash table entries: 1048576 (order: 11, 8388608 bytes, linear)
[    1.012617] kernel: mem auto-init: stack:off, heap alloc:off, heap free:off
[    1.291596] kernel: Memory: 8817344K/10485228K available (47117K kernel code, 10298K rwdata, 7204K rodata, 2068K init, 2860K bss, 1667684K reserved, 0K cma-reserved)
[    1.291836] kernel: SLUB: HWalign=64, Order=0-3, MinObjects=0, CPUs=2, Nodes=1
[    1.294961] kernel: rcu: Hierarchical RCU implementation.
[    1.294969] kernel: rcu:         RCU event tracing is enabled.
[    1.294973] kernel: rcu:         RCU restricting CPUs from NR_CPUS=64 to nr_cpu_ids=2.
[    1.294985] kernel: rcu: RCU calculated value of scheduler-enlistment delay is 100 jiffies.
[    1.294992] kernel: rcu: Adjusting geometry for rcu_fanout_leaf=16, nr_cpu_ids=2
[    1.303068] kernel: NR_IRQS: 4352, nr_irqs: 440, preallocated irqs: 16
[    1.303467] kernel: random: get_random_bytes called from start_kernel+0x22b/0x456 with crng_init=0
[    1.307566] kernel: Console: colour VGA+ 80x25
[    1.307686] kernel: printk: console [ttyS0] enabled
[    1.307734] kernel: ACPI: Core revision 20210730
[    1.308000] kernel: clocksource: hpet: mask: 0xffffffff max_cycles: 0xffffffff, max_idle_ns: 19112604467 ns
[    1.308186] kernel: APIC: Switch to symmetric I/O mode setup
[    1.308194] kernel: kvm-guest: setup PV IPIs
[    1.309191] kernel: ..TIMER: vector=0x30 apic1=0 pin1=2 apic2=-1 pin2=-1
[    1.309227] kernel: clocksource: tsc-early: mask: 0xffffffffffffffff max_cycles: 0x2563bf907c6, max_idle_ns: 440795319401 ns
[    1.309250] kernel: Calibrating delay loop (skipped) preset value.. 5187.81 BogoMIPS (lpj=2593906)
[    1.309263] kernel: pid_max: default: 32768 minimum: 301
[    1.309346] kernel: LSM: Security Framework initializing
[    1.309381] kernel: SELinux:  Initializing.
[    1.309525] kernel: Mount-cache hash table entries: 32768 (order: 6, 262144 bytes, linear)
[    1.310254] kernel: Mountpoint-cache hash table entries: 32768 (order: 6, 262144 bytes, linear)
[    1.311027] kernel: x86/cpu: User Mode Instruction Prevention (UMIP) activated
[    1.311139] kernel: Last level iTLB entries: 4KB 0, 2MB 0, 4MB 0
[    1.311147] kernel: Last level dTLB entries: 4KB 0, 2MB 0, 4MB 0, 1GB 0
[    1.311176] kernel: Spectre V1 : Mitigation: usercopy/swapgs barriers and __user pointer sanitization
[    1.311190] kernel: Spectre V2 : Mitigation: Enhanced IBRS
[    1.311248] kernel: Spectre V2 : Spectre v2 / SpectreRSB mitigation: Filling RSB on context switch
[    1.311258] kernel: Spectre V2 : mitigation: Enabling conditional Indirect Branch Prediction Barrier
[    1.311268] kernel: Speculative Store Bypass: Mitigation: Speculative Store Bypass disabled via prctl and seccomp
[    1.311276] kernel: TAA: Mitigation: TSX disabled
[    1.334318] kernel: Freeing SMP alternatives memory: 40K
[    1.334596] kernel: smpboot: CPU0: Intel(R) Xeon(R) Gold 6348 CPU @ 2.60GHz (family: 0x6, model: 0x6a, stepping: 0x6)
[    1.334881] kernel: Performance Events: Icelake events, 32-deep LBR, full-width counters, Intel PMU driver.
[    1.335023] kernel: ... version:                2
[    1.335028] kernel: ... bit width:              48
[    1.335033] kernel: ... generic registers:      8
[    1.335038] kernel: ... value mask:             0000ffffffffffff
[    1.335044] kernel: ... max period:             00007fffffffffff
[    1.335050] kernel: ... fixed-purpose events:   3
[    1.335054] kernel: ... event mask:             00000007000000ff
[    1.335241] kernel: rcu: Hierarchical SRCU implementation.
[    1.336292] kernel: smp: Bringing up secondary CPUs ...
[    1.336536] kernel: x86: Booting SMP configuration:
[    1.336541] kernel: .... node  #0, CPUs:      #1
[    0.005845] kernel: kvm-clock: cpu 1, msr 178958041, secondary cpu clock
[    0.005845] kernel: smpboot: CPU 1 Converting physical 0 to logical die 1
[    1.351710] kernel: kvm-guest: setup async PF for cpu 1
[    1.351710] kernel: kvm-guest: stealtime: cpu 1, msr 26511f140
[    1.351710] kernel: smp: Brought up 1 node, 2 CPUs
[    1.351710] kernel: smpboot: Max logical packages: 2
[    1.351710] kernel: smpboot: Total of 2 processors activated (10375.62 BogoMIPS)
[    1.352867] kernel: devtmpfs: initialized
[    1.359722] kernel: clocksource: jiffies: mask: 0xffffffff max_cycles: 0xffffffff, max_idle_ns: 1ice Nodes in /dev.
[    7.298463] systemd[1]: Starting udev Kernel Device Manager...
[    7.568154] systemd[1]: Finished Set the console keyboard layout.
[    7.568691] systemd[1]: Reached target Local File Systems (Pre).
[    7.568718] systemd[1]: Reached target Local File Systems.
[    7.570719] systemd[1]: Starting Set console font and keymap...
[    7.570817] systemd[1]: Condition check resulted in Store a System Token in an EFI Variable being skipped.
[    7.570916] systemd[1]: Condition check resulted in Commit a transient machine-id on disk being skipped.
[    7.584895] systemd[1]: Finished udev Coldplug all Devices.
[    7.598989] systemd[1]: Started Journal Service.
[    8.074015] kernel: journal-offline (140) used greatest stack depth: 24200 bytes left
PV IPIs
[    1.043704] kernel: ..TIMER: vector=0x30 apic1=0 pin1=2 apic2=-1 pin2=-1
[    1.043740] kernel: clocksource: tsc-early: mask: 0xffffffffffffffff max_cycles: 0x2563bf907c6, max_idle_ns: 440795319401 ns
[    1.043766] kernel: Calibrating delay loop (skipped) preset value.. 5187.81 BogoMIPS (lpj=2593906)
[    1.043778] kernel: pid_max: default: 32768 minimum: 301
[    1.043863] kernel: LSM: Security Framework initializing
[    1.043895] kernel: SELinux:  Initializing.
[    1.044051] kernel: Mount-cache hash table entries: 32768 (order: 6, 262144 bytes, linear)
[    1.044767] kernel: Mountpoint-cache hash table entries: 32768 (order: 6, 262144 bytes, linear)
[    1.045535] kernel: x86/cpu: User Mode Instruction Prevention (UMIP) activated
[    1.045835] kernel: Last level iTLB entries: 4KB 0, 2MB 0, 4MB 0
[    1.045844] kernel: Last level dTLB entries: 4KB 0, 2MB 0, 4MB 0, 1GB 0
[    1.045871] kernel: Spectre V1 : Mitigation: usercopy/swapgs barriers and __user pointer sanitizaunlink FIFO failed: No such file or directory
[    0.000000] kernel: Linux version 5.15.0+ (tlyu@IC-RS3-DPC07) (gcc (Ubuntu 9.4.0-1ubuntu1~20.04.1) 9.4.0, GNU ld (GNU Binutils for Ubuntu) 2.34) #8 SMP Fri Jun 3 16:18:40 CEST 2022
[    0.000000] kernel: Command line: root=/dev/sda console=ttyS0 net.ifnames=0 ip=192.168.0.50 quiet
[    0.000000] kernel: x86/fpu: Supporting XSAVE feature 0x001: 'x87 floating point registers'
[    0.000000] kernel: x86/fpu: Supporting XSAVE feature 0x002: 'SSE registers'
[    0.000000] kernel: x86/fpu: Supporting XSAVE feature 0x004: 'AVX registers'
[    0.000000] kernel: x86/fpu: Supporting XSAVE feature 0x020: 'AVX-512 opmask'
[    0.000000] kernel: x86/fpu: Supporting XSAVE feature 0x040: 'AVX-512 Hi256'
[    0.000000] kernel: x86/fpu: Supporting XSAVE feature 0x080: 'AVX-512 ZMM_Hi256'
[    0.000000] kernel: x86/fpu: Supporting XSAVE feature 0x200: 'Protection Keys User registers'
[    0.000000] kernel: x86/fpu: xstate_offset[2]:  576, xstate_sizes[2]:  256
[    0.000000] kernel: x86/fpu: xstate_tion
[    1.045886] kernel: Spectre V2 : Mitigation: Enhanced IBRS
[    1.045890] kernel: Spectre V2 : Spectre v2 / SpectreRSB mitigation: Filling RSB on context switch
[    1.045899] kernel: Spectre V2 : mitigation: Enabling conditional Indirect Branch Prediction Barrier
[    1.045909] kernel: Speculative Store Bypass: Mitigation: Speculative Store Bypass disabled via prctl and seccomp
[    1.045916] kernel: TAA: Mitigation: TSX disabled
[    1.069219] kernel: Freeing SMP alternatives memory: 40K
[    1.069505] kernel: smpboot: CPU0: Intel(R) Xeon(R) Gold 6348 CPU @ 2.60GHz (family: 0x6, model: 0x6a, stepping: 0x6)
[    1.069754] kernel: Performance Events: Icelake events, 32-deep LBR, full-width counters, Intel PMU driver.
[    1.069754] kernel: ... version:                2
[    1.069754] kernel: ... bit width:              48
[    1.069754] kernel: ... generic registers:      8
[    1.069754] kernel: ... value mask:             0000ffffffffffff
[    1.069754] kernel: ... max periooffset[5]:  832, xstate_sizes[5]:   64
[    0.000000] kernel: x86/fpu: xstate_offset[6]:  896, xstate_sizes[6]:  512
[    0.000000] kernel: x86/fpu: xstate_offset[7]: 1408, xstate_sizes[7]: 1024
[    0.000000] kernel: x86/fpu: xstate_offset[9]: 2432, xstate_sizes[9]:    8
[    0.000000] kernel: x86/fpu: Enabled xstate features 0x2e7, context size is 2440 bytes, using 'compacted' format.
[    0.000000] kernel: signal: max sigframe size: 3632
[    0.000000] kernel: BIOS-provided physical RAM map:
[    0.000000] kernel: BIOS-e820: [mem 0x0000000000000000-0x000000000009fbff] usable
[    0.000000] kernel: BIOS-e820: [mem 0x000000000009fc00-0x000000000009ffff] reserved
[    0.000000] kernel: BIOS-e820: [mem 0x00000000000f0000-0x00000000000fffff] reserved
[    0.000000] kernel: BIOS-e820: [mem 0x0000000000100000-0x00000000bffdcfff] usable
[    0.000000] kernel: BIOS-e820: [mem 0x00000000bffdd000-0x00000000bfffffff] reserved
[    0.000000] kernel: BIOS-e820: [mem 0x00000000feffc000-0x00000000d:             00007fffffffffff
[    1.069754] kernel: ... fixed-purpose events:   3
[    1.069754] kernel: ... event mask:             00000007000000ff
[    1.069754] kernel: rcu: Hierarchical SRCU implementation.
[    1.070850] kernel: smp: Bringing up secondary CPUs ...
[    1.071098] kernel: x86: Booting SMP configuration:
[    1.071102] kernel: .... node  #0, CPUs:      #1
[    0.005901] kernel: kvm-clock: cpu 1, msr 224558041, secondary cpu clock
[    0.005901] kernel: smpboot: CPU 1 Converting physical 0 to logical die 1
[    1.117798] kernel: kvm-guest: setup async PF for cpu 1
[    1.117810] kernel: kvm-guest: stealtime: cpu 1, msr 26511f140
[    1.117831] kernel: smp: Brought up 1 node, 2 CPUs
[    1.117834] kernel: smpboot: Max logical packages: 2
[    1.117840] kernel: smpboot: Total of 2 processors activated (10375.62 BogoMIPS)
[    1.119227] kernel: devtmpfs: initialized
[    1.125168] kernel: clocksource: jiffies: mask: 0xffffffff max_cycles: 0xffffffff, max_idle_ns: 19feffffff] reserved
[    0.000000] kernel: BIOS-e820: [mem 0x00000000fffc0000-0x00000000ffffffff] reserved
[    0.000000] kernel: BIOS-e820: [mem 0x0000000100000000-0x00000002bfffffff] usable
[    0.000000] kernel: NX (Execute Disable) protection: active
[    0.000000] kernel: SMBIOS 2.8 present.
[    0.000000] kernel: DMI: QEMU Standard PC (i440FX + PIIX, 1996), BIOS 1.13.0-1ubuntu1.1 04/01/2014
[    0.000000] kernel: Hypervisor detected: KVM
[    0.000000] kernel: kvm-clock: Using msrs 4b564d01 and 4b564d00
[    0.000000] kernel: kvm-clock: cpu 0, msr 113758001, primary cpu clock
[    0.000002] kernel: kvm-clock: using sched offset of 664338199 cycles
[    0.000010] kernel: clocksource: kvm-clock: mask: 0xffffffffffffffff max_cycles: 0x1cd42e4dffb, max_idle_ns: 881590591483 ns
[    0.000023] kernel: tsc: Detected 2593.906 MHz processor
[    0.006090] kernel: e820: update [mem 0x00000000-0x00000fff] usable ==> reserved
[    0.006107] kernel: e820: remove [mem 0x000a0000-0x000fffff] us11260446275000 ns
[    1.125190] kernel: futex hash table entries: 512 (order: 3, 32768 bytes, linear)
[    1.125587] kernel: PM: RTC time: 04:00:54, date: 2023-03-05
[    1.126135] kernel: NET: Registered PF_NETLINK/PF_ROUTE protocol family
[    1.126800] kernel: audit: initializing netlink subsys (disabled)
[    1.128345] kernel: thermal_sys: Registered thermal governor 'step_wise'
[    1.128351] kernel: thermal_sys: Registered thermal governor 'user_space'
[    1.128430] kernel: audit: type=2000 audit(1677988854.901:1): state=initialized audit_enabled=0 res=1
[    1.128435] kernel: cpuidle: using governor menu
[    1.128832] kernel: ACPI: bus type PCI registered
[    1.129155] kernel: PCI: Using configuration type 1 for base access
[    1.148127] kernel: Kprobes globally optimized
[    1.148903] kernel: HugeTLB registered 2.00 MiB page size, pre-allocated 0 pages
[    1.148977] kernel: cryptomgr_test (26) used greatest stack depth: 30608 bytes left
[    1.153009] kernel: ACPI: Adde911260446275000 ns
[    1.359745] kernel: futex hash table entries: 512 (order: 3, 32768 bytes, linear)
[    1.360397] kernel: PM: RTC time: 04:00:54, date: 2023-03-05
[    1.360882] kernel: NET: Registered PF_NETLINK/PF_ROUTE protocol family
[    1.361526] kernel: audit: initializing netlink subsys (disabled)
[    1.364512] kernel: thermal_sys: Registered thermal governor 'step_wise'
[    1.364522] kernel: thermal_sys: Registered thermal governor 'user_space'
[    1.365257] kernel: audit: type=2000 audit(1677988855.193:1): state=initialized audit_enabled=0 res=1
[    1.366303] kernel: cpuidle: using governor menu
[    1.368291] kernel: ACPI: bus type PCI registered
[    1.368914] kernel: PCI: Using configuration type 1 for base access
[    1.398608] kernel: Kprobes globally optimized
[    1.400345] kernel: HugeTLB registered 2.00 MiB page size, pre-allocated 0 pages
[    1.400750] kernel: cryptomgr_test (26) used greatest stack depth: 30608 bytes left
[    1.405387] kernel: ACPI: Addable
