4 prog length: 6
2023/03/25 00:38:14 prog length: 3
2023/03/25 00:38:14 deserializeInput: hasCrash true hasNet false
2023/03/25 00:38:14 prog length: 6
2023/03/25 00:38:14 prog length: 22
2023/03/25 00:38:14 deserializeInput: hasCrash true hasNet false
2023/03/25 00:38:14 prog length: 6
2023/03/25 00:38:14 prog length: 20
2023/03/25 00:38:14 deserializeInput: hasCrash true hasNet false
2023/03/25 00:38:14 prog length: 6
2023/03/25 00:38:14 prog length: 4
2023/03/25 00:38:14 deserializeInput: hasCrash true hasNet false
2023/03/25 00:38:14 prog length: 6
2023/03/25 00:38:14 prog length: 6
2023/03/25 00:38:14 prog length: 5
2023/03/25 00:38:14 deserializeInput: hasCrash true hasNet false
2023/03/25 00:38:14 prog length: 6
2023/03/25 00:38:14 prog length: 19
2023/03/25 00:38:14 deserializeInput: hasCrash true hasNet true
2023/03/25 00:38:14 prog length: 6
2023/03/25 00:38:14 prog length: 6
2023/03/25 00:38:14 prog length: 6
2023/03/25 00:38:14 prog length: 7
2023/03/25 00:38:14 deserializeInput: hasCrash true hasNet false
2023/03/25 00:38:14 prog length: 6
2023/03/25 00:38:14 prog length: 9
2023/03/25 00:38:14 deserializeInput: hasCrash true hasNet false
2023/03/25 00:38:14 prog length: 6
2023/03/25 00:38:14 prog length: 9
2023/03/25 00:38:14 deserializeInput: hasCrash true hasNet false
2023/03/25 00:38:14 prog length: 6
2023/03/25 00:38:14 prog length: 17
2023/03/25 00:38:14 deserializeInput: hasCrash true hasNet false
2023/03/25 00:38:14 prog length: 6
2023/03/25 00:38:14 prog length: 17
2023/03/25 00:38:14 deserializeInput: hasCrash true hasNet false
2023/03/25 00:38:14 prog length: 6
2023/03/25 00:38:14 prog length: 6
2023/03/25 00:38:14 deserializeInput: hasCrash false hasNet false
2023/03/25 00:38:14 prog length: 20
2023/03/25 00:38:14 deserializeInput: hasCrash false hasNet false
2023/03/25 00:38:14 prog length: 20
2023/03/25 00:38:14 deserializeInput: hasCrash true hasNet false
2023/03/25 00:38:14 prog length: 6
2023/03/25 00:38:14 prog length: 13
2023/03/25 00:38:14 deserializeInput: hasCrash false hasNet true
2023/03/25 00:38:14 prog length: 6
2023/03/25 00:38:14 prog length: 3
2023/03/25 00:38:14 deserializeInput: hasCrash true hasNet false
2023/03/25 00:38:14 prog length: 6
2023/03/25 00:38:14 prog length: 22
2023/03/25 00:38:14 deserializeInput: hasCrash true hasNet false
2023/03/25 00:38:14 prog length: 6
2023/03/25 00:38:14 prog length: 19
2023/03/25 00:38:14 deserializeInput: hasCrash true hasNet false
2023/03/25 00:38:14 prog length: 6
2023/03/25 00:38:14 prog length: 22
2023/03/25 00:38:14 deserializeInput: hasCrash true hasNet false
2023/03/25 00:38:14 prog length: 6
2023/03/25 00:38:14 prog length: 10
2023/03/25 00:38:14 deserializeInput: hasCrash true hasNet false
2023/03/25 00:38:14 prog length: 6
2023/03/25 00:38:14 prog length: 22
2023/03/25 00:38:14 deserializeInput: hasCrash true hasNet false
2023/03/25 00:38:14 prog length: 6
2023/03/25 00:38:14 prog length: 17
2023/03/25 00:38:14 deserializeInput: hasCrash true hasNet false
2023/03/25 00:38:14 prog length: 6
2023/03/25 00:38:14 prog length: 13
2023/03/25 00:38:14 fetching corpus: 50, signal 5144/18157/24444 (executing program)
2023/03/25 00:38:14 deserializeInput: hasCrash true hasNet false
2023/03/25 00:38:14 prog length: 6
2023/03/25 00:38:14 prog length: 17
2023/03/25 00:38:14 deserializeInput: hasCrash true hasNet false
2023/03/25 00:38:14 prog length: 6
2023/03/25 00:38:14 prog length: 22
2023/03/25 00:38:14 deserializeInput: hasCrash true hasNet false
2023/03/25 00:38:14 prog length: 6
2023/03/25 00:38:14 prog length: 22
2023/03/25 00:38:14 deserializeInput: hasCrash true hasNet false
2023/03/25 00:38:14 prog length: 6
2023/03/25 00:38:14 prog length: 22
2023/03/25 00:38:14 deserializeInput: hasCrash true hasNet false
2023/03/25 00:38:14 prog length: 6
2023/03/25 00:38:14 prog length: 22
2023/03/25 00:38:14 deserializeInput: hasCrash true hasNet false
2023/03/25 00:38:14 prog length: 6
2023/03/25 00:38:14 prog length: 19
2023/03/25 00:38:14 deserializeInput: hasCrash true hasNet false
2023/03/25 00:38:14 prog length: 6
2023/03/25 00:38:14 prog length: 19
2023/03/25 00:38:14 deserializeInput: hasCrash true hasNet false
2023/03/25 00:38:14 prog length: 6
2023/03/25 00:38:14 prog length: 17
2023/03/25 00:38:14 deserializeInput: hasCrash true hasNet false
2023/03/25 00:38:14 prog length: 6
2023/03/25 00:38:14 prog length: 19
2023/03/25 00:38:14 deserializeInput: hasCrash true hasNet false
2023/03/25 00:38:14 prog length: 6
2023/03/25 00:38:14 prog length: 3
2023/03/25 00:38:14 deserializeInput: hasCrash true hasNet false
2023/03/25 00:38:14 prog length: 6
2023/03/25 00:38:14 prog length: 22
2023/03/25 00:38:14 deserializeInput: hasCrash true hasNet false
2023/03/25 00:38:14 prog length: 6
2023/03/25 00:38:14 prog length: 22
2023/03/25 00:38:14 deserializeInput: hasCrash true hasNet false
2023/03/25 00:38:14 prog length: 6
2023/03/25 00:38:14 prog length: 17
2023/03/25 00:38:14 deserializeInput: hasCrash true hasNet false
2023/03/25 00:38:14 prog length: 6
2023/03/25 00:38:14 prog length: 19
2023/03/25 00:38:14 deserializeInput: hasCrash true hasNet false
2023/03/25 00:38:14 prog length: 6
2023/03/25 00:38:14 prog length: 17
2023/03/25 00:38:14 deserializeInput: hasCrash true hasNet false
2023/03/25 00:38:14 prog length: 6
2023/03/25 00:38:14 prog length: 22
2023/03/25 00:38:14 deserializeInput: hasCrash true hasNet false
2023/03/25 00:38:14 prog length: 6
2023/03/25 00:38:14 prog length: 9
2023/03/25 00:38:14 deserializeInput: hasCrash true hasNet false
2023/03/25 00:38:14 prog length: 6
2023/03/25 00:38:14 prog length: 20
2023/03/25 00:38:14 deserializeInput: hasCrash true hasNet false
2023/03/25 00:38:14 prog length: 6
2023/03/25 00:38:14 prog length: 13
2023/03/25 00:38:14 deserializeInput: hasCrash true hasNet false
2023/03/25 00:38:14 prog length: 6
2023/03/25 00:38:14 prog length: 9
2023/03/25 00:38:14 deserializeInput: hasCrash true hasNet false
2023/03/25 00:38:14 prog length: 6
2023/03/25 00:38:14 prog length: 13
2023/03/25 00:38:14 deserializeInput: hasCrash true hasNet false
2023/03/25 00:38:14 prog length: 6
2023/03/25 00:38:14 prog length: 17
2023/03/25 00:38:14 deserializeInput: hasCrash true hasNet false
2023/03/25 00:38:14 prog length: 6
2023/03/25 00:38:14 prog length: 22
2023/03/25 00:38:14 deserializeInput: hasCrash true hasNet false
2023/03/25 00:38:14 prog length: 6
2023/03/25 00:38:14 prog length: 5
2023/03/25 00:38:14 deserializeInput: hasCrash true hasNet false
2023/03/25 00:38:14 prog length: 6
2023/03/25 00:38:14 prog length: 22
2023/03/25 00:38:14 deserializeInput: hasCrash true hasNet false
2023/03/25 00:38:14 prog length: 6
2023/03/25 00:38:14 prog length: 22
2023/03/25 00:38:14 deserializeInput: hasCrash true hasNet false
2023/03/25 00:38:14 prog length: 6
2023/03/25 00:38:14 prog length: 4
2023/03/25 00:38:14 deserializeInput: hasCrash true hasNet false
2023/03/25 00:38:14 prog length: 6
2023/03/25 00:38:14 prog length: 22
2023/03/25 00:38:14 deserializeInput: hasCrash true hasNet false
2023/03/25 00:38:14 prog length: 6
2023/03/25 00:38:14 prog length: 22
2023/03/25 00:38:14 deserializeInput: hasCrash false hasNet false
2023/03/25 00:38:14 prog length: 2
2023/03/25 00:38:14 deserializeInput: hasCrash true hasNet false
2023/03/25 00:38:14 prog length: 6
2023/03/25 00:38:14 prog length: 17
2023/03/25 00:38:14 deserializeInput: hasCrash true hasNet false
2023/03/25 00:38:14 prog length: 6
2023/03/25 00:38:14 prog length: 22
2023/03/25 00:38:14 deserializeInput: hasCrash true hasNet false
2023/03/25 00:38:14 prog length: 6
2023/03/25 00:38:14 prog length: 3
2023/03/25 00:38:14 deserializeInput: hasCrash true hasNet false
2023/03/25 00:38:14 prog length: 6
2023/03/25 00:38:14 prog length: 17
2023/03/25 00:38:14 deserializeInput: hasCrash true hasNet false
2023/03/25 00:38:14 prog length: 6
2023/03/25 00:38:14 prog length: 13
2023/03/25 00:38:14 deserializeInput: hasCrash true hasNet false
2023/03/25 00:38:14 prog length: 6
2023/03/25 00:38:14 prog length: 5
2023/03/25 00:38:14 deserializeInput: hasCrash true hasNet false
2023/03/25 00:38:14 prog length: 6
2023/03/25 00:38:14 prog length: 19
2023/03/25 00:38:14 deserializeInput: hasCrash true hasNet false
2023/03/25 00:38:14 prog length: 6
2023/03/25 00:38:14 prog length: 17
2023/03/25 00:38:14 deserializeInput: hasCrash true hasNet false
2023/03/25 00:38:14 prog length: 6
2023/03/25 00:38:14 prog length: 3
2023/03/25 00:38:14 deserializeInput: hasCrash true hasNet false
2023/03/25 00:38:14 prog length: 6
2023/03/25 00:38:14 prog length: 3
2023/03/25 00:38:14 deserializeInput: hasCrash true hasNet false
2023/03/25 00:38:14 prog length: 6
2023/03/25 00:38:14 prog length: 13
2023/03/25 00:38:14 deserializeInput: hasCrash true hasNet false
2023/03/25 00:38:14 prog length: 6
2023/03/25 00:38:14 prog length: 22
2023/03/25 00:38:14 deserializeInput: hasCrash true hasNet false
2023/03/25 00:38:14 prog length: 6
2023/03/25 00:38:14 prog length: 17
2023/03/25 00:38:14 deserializeInput: hasCrash true hasNet false
2023/03/25 00:38:14 prog length: 6
2023/03/25 00:38:14 prog length: 17
2023/03/25 00:38:14 deserializeInput: hasCrash true hasNet false
2023/03/25 00:38:14 prog length: 6
2023/03/25 00:38:14 prog length: 3
2023/03/25 00:38:14 deserializeInput: hasCrash true hasNet false
2023/03/25 00:38:14 prog length: 6
2023/03/25 00:38:14 prog length: 17
2023/03/25 00:38:14 deserializeInput: hasCrash true hasNet false
2023/03/25 00:38:14 prog length: 6
2023/03/25 00:38:14 prog length: 17
2023/03/25 00:38:14 deserializeInput: hasCrash true hasNet false
2023/03/25 00:38:14 prog length: 6
2023/03/25 00:38:14 prog length: 3
2023/03/25 00:38:14 deserializeInput: hasCrash true hasNet false
2023/03/25 00:38:14 prog length: 6
2023/03/25 00:38:14 prog length: 9
2023/03/25 00:38:14 deserializeInput: hasCrash true hasNet false
2023/03/25 00:38:14 prog length: 6
2023/03/25 00:38:14 prog length: 17
2023/03/25 00:38:14 fetching corpus: 100, signal 7153/19476/28655 (executing program)
2023/03/25 00:38:15 deserializeInput: hasCrash true hasNet false
2023/03/25 00:38:15 prog length: 6
2023/03/25 00:38:15 prog length: 19
2023/03/25 00:38:15 deserializeInput: hasCrash true hasNet false
2023/03/25 00:38:15 prog length: 6
2023/03/25 00:38:15 prog length: 5
2023/03/25 00:38:15 deserializeInput: hasCrash true hasNet false
2023/03/25 00:38:15 prog length: 6
2023/03/25 00:38:15 prog length: 13
2023/03/25 00:38:15 deserializeInput: hasCrash true hasNet false
2023/03/25 00:38:15 prog length: 6
2023/03/25 00:38:15 prog length: 6
2023/03/25 00:38:15 deserializeInput: hasCrash true hasNet false
2023/03/25 00:38:15 prog length: 6
2023/03/25 00:38:15 prog length: 17
2023/03/25 00:38:15 deserializeInput: hasCrash true hasNet false
2023/03/25 00:38:15 prog length: 6
2023/03/25 00:38:15 prog length: 3
2023/03/25 00:38:15 deserializeInput: hasCrash true hasNet false
2023/03/25 00:38:15 prog length: 6
2023/03/25 00:38:15 prog length: 19
2023/03/25 00:38:15 deserializeInput: hasCrash true hasNet false
2023/03/25 00:38:15 prog length: 6
2023/03/25 00:38:15 prog length: 22
2023/03/25 00:38:15 deserializeInput: hasCrash true hasNet false
2023/03/25 00:38:15 prog length: 6
2023/03/25 00:38:15 prog length: 17
2023/03/25 00:38:15 deserializeInput: hasCrash true hasNet false
2023/03/25 00:38:15 prog length: 6
2023/03/25 00:38:15 prog length: 9
2023/03/25 00:38:15 deserializeInput: hasCrash true hasNet false
2023/03/25 00:38:15 prog length: 6
2023/03/25 00:38:15 prog length: 9
2023/03/25 00:38:15 deserializeInput: hasCrash true hasNet false
2023/03/25 00:38:15 prog length: 6
2023/03/25 00:38:15 prog length: 9
2023/03/25 00:38:15 deserializeInput: hasCrash true hasNet false
2023/03/25 00:38:15 prog length: 6
2023/03/25 00:38:15 prog length: 17
2023/03/25 00:38:15 deserializeInput: hasCrash true hasNet false
2023/03/25 00:38:15 prog length: 6
2023/03/25 00:38:15 prog length: 4
2023/03/25 00:38:15 deserializeInput: hasCrash true hasNet false
2023/03/25 00:38:15 prog length: 6
2023/03/25 00:38:15 prog length: 17
2023/03/25 00:38:15 deserializeInput: hasCrash true hasNet false
2023/03/25 00:38:15 prog length: 6
2023/03/25 00:38:15 prog length: 22
2023/03/25 00:38:15 deserializeInput: hasCrash true hasNet false
2023/03/25 00:38:15 prog length: 6
2023/03/25 00:38:15 prog length: 13
2023/03/25 00:38:15 deserializeInput: hasCrash true hasNet false
2023/03/25 00:38:15 prog length: 6
2023/03/25 00:38:15 prog length: 19
2023/03/25 00:38:15 deserializeInput: hasCrash true hasNet false
2023/03/25 00:38:15 prog length: 6
2023/03/25 00:38:15 prog length: 20
2023/03/25 00:38:15 deserializeInput: hasCrash true hasNet false
2023/03/25 00:38:15 prog length: 6
2023/03/25 00:38:15 prog length: 3
2023/03/25 00:38:15 deserializeInput: hasCrash true hasNet false
2023/03/25 00:38:15 prog length: 6
2023/03/25 00:38:15 prog length: 9
2023/03/25 00:38:15 deserializeInput: hasCrash true hasNet false
2023/03/25 00:38:15 prog length: 6
2023/03/25 00:38:15 prog length: 19
2023/03/25 00:38:15 deserializeInput: hasCrash true hasNet false
2023/03/25 00:38:15 prog length: 6
2023/03/25 00:38:15 prog length: 22
2023/03/25 00:38:15 deserializeInput: hasCrash true hasNet false
2023/03/25 00:38:15 prog length: 6
2023/03/25 00:38:15 prog length: 13
2023/03/25 00:38:15 deserializeInput: hasCrash true hasNet true
2023/03/25 00:38:15 prog length: 6
2023/03/25 00:38:15 prog length: 6
2023/03/25 00:38:15 prog length: 6
2023/03/25 00:38:15 prog length: 8
2023/03/25 00:38:15 deserializeInput: hasCrash true hasNet false
2023/03/25 00:38:15 prog length: 6
2023/03/25 00:38:15 prog length: 9
2023/03/25 00:38:15 deserializeInput: hasCrash false hasNet true
2023/03/25 00:38:15 prog length: 6
2023/03/25 00:38:15 prog length: 3
2023/03/25 00:38:15 deserializeInput: hasCrash true hasNet false
2023/03/25 00:38:15 prog length: 6
2023/03/25 00:38:15 prog length: 13
2023/03/25 00:38:15 fetching corpus: 128, signal 7183/20482/30579 (executing program)
2023/03/25 00:38:15 fetching corpus: 128, signal 7183/20482/31504 (executing program)
2023/03/25 00:38:15 fetching corpus: 128, signal 7183/20482/32466 (executing program)
2023/03/25 00:38:15 fetching corpus: 128, signal 7183/20482/33443 (executing program)
2023/03/25 00:38:15 fetching corpus: 128, signal 7183/20482/34390 (executing program)
2023/03/25 00:38:15 fetching corpus: 128, signal 7183/20482/35306 (executing program)
2023/03/25 00:38:15 fetching corpus: 128, signal 7183/20482/36239 (executing program)
2023/03/25 00:38:15 fetching corpus: 128, signal 7183/20482/37211 (executing program)
2023/03/25 00:38:15 fetching corpus: 128, signal 7183/20482/38227 (executing program)
2023/03/25 00:38:15 fetching corpus: 128, signal 7183/20482/39203 (executing program)
2023/03/25 00:38:15 fetching corpus: 128, signal 7183/20482/40167 (executing program)
2023/03/25 00:38:15 fetching corpus: 128, signal 7183/20482/41141 (executing program)
2023/03/25 00:38:15 fetching corpus: 128, signal 7183/20482/42103 (executing program)
2023/03/25 00:38:15 fetching corpus: 128, signal 7183/20482/43050 (executing program)
2023/03/25 00:38:15 fetching corpus: 128, signal 7183/20482/44022 (executing program)
2023/03/25 00:38:15 fetching corpus: 128, signal 7183/20482/44967 (executing program)
2023/03/25 00:38:15 fetching corpus: 128, signal 7183/20482/45952 (executing program)
2023/03/25 00:38:15 fetching corpus: 128, signal 7183/20482/46929 (executing program)
2023/03/25 00:38:15 fetching corpus: 128, signal 7183/20482/47869 (executing program)
2023/03/25 00:38:15 fetching corpus: 128, signal 7183/20482/48814 (executing program)
2023/03/25 00:38:15 fetching corpus: 128, signal 7183/20482/49795 (executing program)
2023/03/25 00:38:15 fetching corpus: 128, signal 7183/20482/50782 (executing program)
2023/03/25 00:38:15 fetching corpus: 128, signal 7183/20482/51739 (executing program)
2023/03/25 00:38:15 fetching corpus: 128, signal 7183/20482/51995 (executing program)
2023/03/25 00:38:15 fetching corpus: 128, signal 7183/20482/51995 (executing program)
2023/03/25 00:38:15 starting 1 fuzzer processes
2023/03/25 00:38:15 ----- generateCall 2814 rmdir rmdir
2023/03/25 00:38:15 ----- generateCall 3761 stat stat
2023/03/25 00:38:15 ----- generateCall 2458 open open
2023/03/25 00:38:15 ----- generateCall 236 fsetxattr$security_smack_transmute fsetxattr$security_smack_transmute
2023/03/25 00:38:15 ----- generateCall 203 fcntl$dupfd fcntl$dupfd
2023/03/25 00:38:15 ----- generateCall 215 fcntl$setstatus fcntl$setstatus
2023/03/25 00:38:15 ----- generateCall 3761 stat stat
2023/03/25 00:38:15 ----- generateCall 2750 pwritev pwritev
2023/03/25 00:38:15 ----- generateCall 236 fsetxattr$security_smack_transmute fsetxattr$security_smack_transmute
2023/03/25 00:38:15 ----- generateCall 2809 rename rename
2023/03/25 00:38:15 ----- generateCall 2459 open$dir open$dir
2023/03/25 00:38:15 ----- generateCall 2458 open open
2023/03/25 00:38:15 ----- generateCall 203 fcntl$dupfd fcntl$dupfd
2023/03/25 00:38:15 ----- generateCall 199 fcntl$F_GET_RW_HINT fcntl$F_GET_RW_HINT
2023/03/25 00:38:15 ----- generateCall 3970 unlink unlink
2023/03/25 00:38:15 ----- generateCall 2750 pwritev pwritev
2023/03/25 00:38:15 ----- generateCall 3671 setxattr$smack_xattr_label setxattr$smack_xattr_label
2023/03/25 00:38:15 map[./file0:true ./file1:true]
2023/03/25 00:38:15 HasCrashFail: false, .HasNetFail: false
2023/03/25 00:38:15 prog length: 20
2023/03/25 00:38:15 HasCrashFail:false HasNetFail:false
00:38:15 ---executing program 0:
---
---
---
rmdir(&(0x7f0000000000)='./file0\x00')
stat(&(0x7f0000000040)='./file0\x00', &(0x7f0000000080))
r0 = open(&(0x7f0000000100)='./file0\x00', 0x40, 0x0)
r1 = open$dir(&(0x7f0000000140)='./file0\x00', 0x612043, 0x10b)
fsetxattr$security_smack_transmute(r1, &(0x7f0000000180), &(0x7f00000001c0), 0x4, 0x1)
r2 = fcntl$dupfd(r1, 0x406, r0)
fcntl$setstatus(r2, 0x4, 0x800)
stat(&(0x7f0000000200)='./file1\x00', &(0x7f0000000240))
pwritev(r1, &(0x7f0000000500)=[{&(0x7f00000002c0)="9ca31dfb402a8b58d02d0c35dac4426e7c167211432eeb20e4d4e8dc4c5b5dde7072851bdd91c5a64e07403b4e8425cda5c56ab51a1474fc61d11919624990441c8e7a0778a21f020f09f09637cbdf5eb5e2821fb9b3bb0ada241dc95b4a2f54b138cd0c9261fb56f5d3816039515d487524ff44e800d30a8bd48baa8e22762f5c7c865b707c324b0cd0e902e6f83f070b526dba3064c6a783b157e13bd402f7e09353d208052461d9de38bfd715081f676181089b8e2f80bd8838dde02288a8976ba32113d7c309731c2a96441b06bac8a2ab4c30b485d7b320fedcb10d77e8aa273872c4f88c", 0xe7}, {&(0x7f00000003c0)="37484c0cc3e5445ce061ef863adc520c584abc3ad867566c50fd818612c6a1b3f8dbb511d33e7ca46a62b71f15e4d479c6045fc51975a82e47b233f975e1cb5e65807601c8b23ca255dd4a231f2309e2fbd688d128e735e8bcd2666e411e3aae5c837c27a2fbe1b23779ec50036544cfb28b8cbf505b5b9f8c0de52cccf8751a98ba63bf01", 0x85}, {&(0x7f0000000480)="ee0a6ed01284acda5a63921473e165fb206d6cf595a3cd2355d1787543393ba826b25e95a64b937ada9c4c78c6fbf995a82a0d35d33c92b1ae2332b6965438917d96f78dcca6f495faffc8f46f552f685bb33b42860993e4978708112ca4f7", 0x5f}], 0x3, 0x5, 0x2)
fsetxattr$security_smack_transmute(0xffffffffffffffff, &(0x7f0000000540), &(0x7f0000000580), 0x4, 0x3)
rename(&(0x7f00000005c0)='./file1\x00', &(0x7f0000000600)='./file1\x00')
open$dir(&(0x7f0000000640)='./file1\x00', 0x301002, 0x10)
open(&(0x7f0000000680)='./file0\x00', 0x2080, 0x40)
r3 = fcntl$dupfd(r2, 0x0, r0)
r4 = dup(r3)
fcntl$F_GET_RW_HINT(r4, 0x40b, &(0x7f00000006c0))
unlink(&(0x7f0000000700)='./file0\x00')
r5 = open(&(0x7f0000000740)='./file1\x00', 0x400280, 0x106)
pwritev(r5, &(0x7f0000001880)=[{&(0x7f0000000780)="4db1cc5df7e515c19d71883a7bcc9c3377618bec15a8e8b7e118a6d0b03b81e0f2f774e63db71b09b95fc8b5af9e557d98b554831012672bd67bdd7bb561ddc840ae61af7a096e610a488c069e0ff7f2e4c17976f53450253ce57a2ead43b30f4c11dd1e8f26aa7e4088217e23ced407475c04531a0e17c0cbde089d881e68b13335477ea381edf693fdf95799244739273ffe7cfa123f7220013fe55068012581f3bd030fbb40273d9d8d76e71d3b8e61b6cb1c488d910c988bb61e2f388768fb9298bc3bbd588535acc3402d134e5a64ca5f606848c78aa965a80ddd94566fd6f2d6a106d4b7729ff5fc951c77b315308f5b65bfda13cbb28be20a616597b95c7e4e595463516944d5fcb980e4c9b1b2180f31de6de6dd73d913de18c5f0bc56804386c29e7a109f170163a217aac2ff2ca5d16ab9dfbd049b12002f9cef59e3dc85060f9dd1b887311a6a899a8eaac0b5c9f96adec96f78c0a87b110ce00a76909bd3d98848c307a2e09a9c1a3948b2193533f0089cedb87b31473182647a52dbd7deef6686ddbcc473b1c895543ceec5e7f5a2d637834bcc8f76ee91b213df1bd4f97cc306afc84f6a9a988cab872f14d8558b17cc6dcc3465eacdbc188cc2cbcef33bc95163c2c959a4221bc439fe2153ded6305975ec3974df8342d8b47aa9059a8ad34961690dae757fd3968ca4a123b0bfa568bc9472bb06f9e7cff6c42240a4dbc5b8d7e0256eeadc448a75311bdd5aa463b153064c904a0e4e86c18bdb380beca6310729a055b8ae4dc08f869f3c5c035cd619a1e436f790a580976a6b11cad4622deefca49bc078d314992d762d89935f6cfe86f8ffcb3ac56bdb5b8d13c0de7f9f66e000fa2348ae3f576c027cb17cc2402adcae7291d51dfa2c3f270072eb0b11564d8131e1e68600fc30a75ee7f057925d5899402812a55e94ea4f7562ff103742ccd7d22d86e58396d55891ca2dcde94394427e17de4b9bf8990c33677c35960df6edb288b8a2c360e8c61ee802528a1d41cb66e1c38acdf86f46a0f760c327ed73e5910e03ca7bfff4782600adc9456962a9f2ffde81f9187f62a4326bffcca65921e8a323357531ad8f3f89326cd1516397439d2263ad8508c9d81917fce9e700ca8dbd5d5ca9ea8cea3ca153b330da6dd2ad324d05bd97815c404230bbcf750e9e7a526f44bab026c6d1d1a5e72edf79dfaefc260f8c70177bcf82ede4c8b1d482b27faf04771df46bbff22dc55d1340f4df12e9396a96d7af883f4ff7d3df42de1115a87fe0f959e5f96a2bcbc816f26081607dd5dfe3d9b5ae6d85c210198f7303cac2a0501e4ab349e040c87fb0027453e33a66f0fa27712c6b527691f0e675dd1b3117934e12ce3f237018234f892734e30b1c1c163bc0a50e4f892f47e2b57c2f7717c6bbbe573c42cd974772b9025c7f9fb6de5b1bc971a2c3b3780eb9cc438b8b8a09282c57b8304a376c98dabf0cb65f3cc138fc7b837a5384d0941abc3c66b8e79daba75ba8ae497071d52174a91000361124949185c6749d149ae71c472d06e3916238a50dffe7997863e8caa474393f3b7ed3676aad975dbe0f04e7c98a41b085be8cf5d574e59f38cffe64ccc1ce36c502f82d77ab985ecd87b495ac8d60aac9f135130c8c9c251074c478d6a2ba29174a656ab0cdcd58b9c5ba8d20f934926f0d59073f41ccf1c096128e3e3e8f2e7cacac5d74285fe02f5fb0fc989c917abe5cfca323a92e92a06d9e5806b3382c43d37512412b2f826f71d0ba091b6a0b194dbd9aa79665e1e688e122dd8ed4d5acb10b33b93b5205da134a8b30e265234db4b4ad939f70acf70d5138e322d62782a33560bf3466e04562858d47c458229daaff1b6485cddea1125f819efff085df0cf247530871705de5bab283addb7c35059dba923290ba067743da1b26af00fb11c4ddd878ffb43fd185d06dc8a9af70e80e12f09d1a69ae22a64885eceeee358d88640fec71ce86389a8b222a1e782051ec35cecb5ec9393a5961c8f9921d414b4e76563c476c9b1f133eca45e774d93d10373c55b4fb3833a4688a4708c103878829892c2595a29418c40eee42074b70186b50a1edbdf46f538f0f82d5fc10950c85e372a00172e24cb06eaf3219269cb86f7c6cf6f89861d1521b86f04aeef3036b072d5875fa76fbe5eca02f25f4f6655513f904d2b5dc889d6f6a49551d7426e118e615019ddd822f5315396a7594717484304d892fce8aba7053e17539d86aa42ab30ffc2583c7dcb01617b7419d632e8a20a0b9e217e717322264bad751ce0f5d55e609c8c0438765a7b0b82828697c0d22b06c4c1a909187cc056be76c64918c4321eafdc9dee3ae3dd38b9adde83012595de3a4a8ad449c22602f9db4e371fc426873632057a18fcfdd247f79f05b753dd6bfd083e9b8b3038422f3aca47be4d3b2730a3d1a6ef3cbf78d7f8f7d5d9e6fcb5e65a0f9e585dd240809449d8f16e800bb44a805001d6f2c9eee46a918118098b176375b225328d84a638c07683c49c5afbd53eef14b4f19605748fa42acd41e190c0c043a237cceabd1a054d97d73da343266d9213a01e407b21918498a4779b66f3c3689e28c417d3deba6b2a0b3b2bcfa008993d5db5efbc3f672123b8f95f68506a6a56b85ecc3684dd11d6adc267acc2da217f99746b16f8cfe62aecd02dd171af827a93cce325c5d8829b17402f5ced2a7d856dfefa215e688c8175922c3fd5d4a7de29fc3b3988d243c3884c9bbc85f5b30f2789e96353a6f75a48cfc6feaa6fb72c73ecfd8354457c8d374f11691555356805cb2f40b02be9519fe3d6195b185a05ae1ba2d1a07f38c4a0f3e5296ff2c1c0fa356455af6796b5a75b239f69e0acefab08d6de93dbd005559ec33d08a7525683a9db28774c344bdf145fde361bb793854101ce7df72836fd26ac1ad24d1132866831a1ce90ba47b6b31cea386f6e9a310fef59dbf9efbbc2b49eb99bbeda43915a5671af65a231f96ab4a1ecb52a41ac6254defc6627a3f93058f6c81eb93459aaae0b9cda2e4176eafdb5655cb128242ed6325966d1748c4cea0ba9a494c3ce3a644c6ced20d59fefd32c4598c182b3855287b808bb27c26564747c43afa93fa570550fcbbae5cd93dacd2af768d53563376e80349cccb8a96c52f2d2d601977f7f8009fc164ea84e03e3022e7da2386c79a616f944bd93be93b2a749434dd2e6c550a033805e5a8f2e2fb4443c93e70d3f3fa3d6875aec3e8155a4d3f999ed7d40ce7da98323e2b19bcb6b9422929ed5c915e2cf0a7187064503afdcfaf4430e18fab643d10f23b30cf62a70956f14d6e8d5eba79228c7b277576a9861358cfafec3c46d8b07b54dcc022f4de40cc125f08f3225e966de546699e0cbd9df433267d96ea090f4f5eac119c71bb0f1014467c810da72058f1a2e142307605146649a07d3ddff75ec27b3ddcf0232bd87e60e42f6d8073c10cbbf8324eec62f38a34181fee92c642111ddc4eee6aa5807fbebf522219258b83530ad975c770259908a202e666f899ce67addf2855d79de8aa535689c872d8ed79af10d7fb3dba1329dd81e938aba5fbffe69974f277d4a1e104e22f3f718aaf63ba4156743542dd07082d69b30c02ab33d2bc55bf07d86db00a513ea36ca73042ab120a10c385dbe268931dc109a655d2fa02c09d2a90ff5dfc979ef08820308ec7cf8fc319fa4792c883d826d4973eb51d14807781c3e53d9829f9472d0a6888ac4a981a467b6ac4e77db7661c87b2e329cb5a85f6f2044f0d5d086e78e2b9205a366d84e475942f63668db2228c89bf466738191915125ce75f1c399c22a7ae14f9ca945d407de57bda8990a0096d57d9c485f2072819d723df8168d25a48a1895d3981af402a60788df50730933a5ea95fa48849b213fd2d386ffdaebd686e2247287491ba442c712129972271d6203e099def2775103ba45d0c9cb4d2fc4346aad36f86722ba732009dde9c4ac75c3669b8e4c88c7553ef0b77357e9799706300eab6d97ecf66b0a912a38df0886e72cef9e534494d7643d827699b458f90fc6f96f57b58fc546800cfa4d6301213890b1259028acd3a8c05ec4dd4977f54106a531a155898f22473c22c855924253e668cc24333d8fb23136e5e7e8dec031d279b09ca26d494fb729a1961b31288830240c47631e3218d1edfaf3e9eb3ff36efee4c71e9c4ff982e38ccb5f0ff67d109d80a616fa085d99d3920fd8550d6f5e68123e73a4e966d0de891b731075a3dfa184992c487a7e18534165f21361ba0dad5aa9cb0fcb37a6b18675c7138a64a136b544c0f1b285bdea29c582e2ccf538cf5ffe2b1a9285b93f0d3dec6efd991351478ef0630ebf95419c36a1f9dd135ab30280a61941856d67170cf4cff464f8b55c154c12923bd3a72857b7b6a387f49ca37a047722af72d10d30f9644752971610ec91d3a01379740402e8594cc55e080489bdf92d668f6b9f9507fcb5211662a5af28308a24462162fd3b59bd03749774f471f15408e41d57804d460e705dec5c599ca83d02b996223399242da5712c559bebdc4aba56544b4467d53d113b7666f0f57265d29927565d71d78acb26a231e85cb338703900456a8b06879a14f6c7715eb8a5cf3767b617371516290ab7ffdbe26f3ea0d6e3756a2e9e17c83d9f3efc0ae0ce41396a4b48a031f4d9f15a8c895caf59603e56f43a5c5850693d87ffc27fc89cd08dcfbc32e26677936cbb6c4b91a66a878ef5b4a57a47e4730da3479db1d5fc251c5d4202d37bb218e7800e77b98ed9a45e6d294f6529ba8411c39f2adb082178803c9c5a60bda8a20fde1e780f5c46c02d576dd8af6e2cb360dc548d5103381e1e02b3890e9f02e53fb1d03d9c2e9b94c5605a4205c240d9e312fab9995955918b6aa70bd93645c569bd4411e961febd1fb3e39544ba5cbe66a6cc8e48cf850b191b3194cc6d2633b67d17cc7a84a4ad1ebbefabffb43b7123e2c67525ec6569a71ef82e494b386a13c58369ee97f85ce8e8fdc1585f9d564d06ff52ea1478108ed1e76f556e8176c712565d885ada5124b635aa5896bf157771f09383550cf343d066dc9f59c7aec15fb66377692f6daf06db3f43580a5734f14488940c1482ead05ba6b8dc01f210685d02ad8d1d92d692d309266dd0635facc4df796c04979e8822ac32321ee34371b1ca456d9deaa79d7a88c96e46bc03475d0edb0e0bec01c98e0fd27c718776735cfaa692889585351fb858f303fb9a9bc71c502e6a7f4bfdb811f8a94a3576868cff20bc08c862989b90701098eceb8aa9e5f58985683113b6dbfe918faac66b307a8766261476a8b04991719e3ca66c1c4ffd04b8eade71b91b05acb7a018a8e7486679e559770e9f457447cb8656602f20121baab1f31b1c96e576051e82a2a2db2f24dede74da265f44827fcced2e135bcffe2d63787b13a771e351d5b7b96a5d56bbc53603894ae1d326f3dc9588d1151c1d2856c5652e12446981150f34cd26f7d2bcfb76604a8a44c0a44f914f6457e36bce56fd21eb733b1b47c1bddc36117ed2cc42fe82b28f04829b5c7b43443182d24e1baa63c05cff30f1b3677f92feb545858ae1b66ef857c6ff8f2abe010ed092b794f2c747f3240b1bfb8ba913709b39c2c8dc654d2d4bb33d6bf915b15807523489050ee2fc5e18c298bafa02a9323c59a2bf9efc663a1b44e0771ae8817dcf8444272a21bed89456ddee76a9b87e98a98e5b28b3beed4686aac303627091cc1b60b42e1", 0x1000}, {&(0x7f0000001780)="a1d2543aa82188200d8ba65d6a0515142346bc54f30ebaab43fe7f9a66ee2bc7ac6363a04ea8dd074ab3c2f6817036bbd5485c87e2e8039cc257c54fbb7843d1b9107a228f2bfad146a114fc3367671e1bfce2bfe87b74b6fe34bdd5dcf9ff8c6476b61e79cfca2bdcce31d32cc4409fa30bf43ae7fb9767bc61013555f51e8cc316cac21a6bbaaa24ffd2285a303b5099836a4bc0836fad9c8606b3d6d17c459c90ff777b0ae9bee259e37c5c07e50f46e6b9840788cecafd1514", 0xbb}, {&(0x7f0000001840)="f5f5aa680ddbaeff6c5a53cdc168f97ac5aa4d4c5e0180", 0x17}], 0x3, 0x9, 0x3)
setxattr$smack_xattr_label(&(0x7f00000018c0)='./file1\x00', &(0x7f0000001900)='security.SMACK64IPOUT\x00', &(0x7f0000001940)={'TRUE'}, 0x5, 0x2)
---

end of program
2023/03/25 00:38:15 -----run executor: [/usr/bin/ssh -F /dev/null -o ConnectionAttempts=100 -o ConnectTimeout=120 -o UserKnownHostsFile=/dev/null -o BatchMode=yes -o IdentitiesOnly=yes -o StrictHostKeyChecking=no -o ConnectTimeout=100 -i /home/tlyu/dfs-fuzzing/disk-images/orangefs-images/focal.id_rsa root@192.168.0.5 /root/syz-executor exec 0 0 orangefs 3 4 192.168.0.5 0 "3 1" false false false false false]
2023/03/25 00:38:15 -----run executor: [/usr/bin/ssh -F /dev/null -o ConnectionAttempts=100 -o ConnectTimeout=120 -o UserKnownHostsFile=/dev/null -o BatchMode=yes -o IdentitiesOnly=yes -o StrictHostKeyChecking=no -o ConnectTimeout=100 -i /home/tlyu/dfs-fuzzing/disk-images/orangefs-images/focal.id_rsa root@192.168.0.6 /root/syz-executor exec 0 1 orangefs 3 4 192.168.0.5 0 "3 1" false false false false false]
2023/03/25 00:38:15 -----run executor: [/usr/bin/ssh -F /dev/null -o ConnectionAttempts=100 -o ConnectTimeout=120 -o UserKnownHostsFile=/dev/null -o BatchMode=yes -o IdentitiesOnly=yes -o StrictHostKeyChecking=no -o ConnectTimeout=100 -i /home/tlyu/dfs-fuzzing/disk-images/orangefs-images/focal.id_rsa root@192.168.0.7 /root/syz-executor exec 0 2 orangefs 3 4 192.168.0.5 0 "3 1" false false false false false]
2023/03/25 00:38:15 -----run executor: [/usr/bin/ssh -F /dev/null -o ConnectionAttempts=100 -o ConnectTimeout=120 -o UserKnownHostsFile=/dev/null -o BatchMode=yes -o IdentitiesOnly=yes -o StrictHostKeyChecking=no -o ConnectTimeout=100 -i /home/tlyu/dfs-fuzzing/disk-images/orangefs-images/focal.id_rsa root@192.168.0.8 /root/syz-executor exec 1 3 orangefs 3 4 192.168.0.5 0 "3 1" false false false false false]
Warning: Permanently added '192.168.0.7' (ED25519) to the list of known hosts.
Warning: Permanently added '192.168.0.5' (ED25519) to the list of known hosts.
Warning: Permanently added '192.168.0.6' (ED25519) to the list of known hosts.
Warning: Permanently added '192.168.0.8' (ED25519) to the list of known hosts.
----- is restarting 0
---- dfs_name orangefs is_dfs_client 0
[    0.000000] kernel: Linux version 5.15.0+ (tlyu@IC-RS3-DPC07) (gcc (Ubuntu 9.4.0-1ubuntu1~20.04.1) 9.4.0, GNU ld (GNU Binutils for Ubuntu) 2.34) #7 SMP Sat Feb 18 10:18:37 CET 2023
[    0.000000] kernel: Command line: root=/dev/sda console=ttyS0 net.ifnames=0 ip=192.168.0.6 quiet nokaslr
[    0.000000] kernel: x86/fpu: Supporting XSAVE feature 0x001: 'x87 floating point registers'
[    0.000000] kernel: x86/fpu: Supporting XSAVE feature 0x002: 'SSE registers'
[    0.000000] kernel: x86/fpu: Supporting XSAVE feature 0x004: 'AVX registers'
[    0.000000] kernel: x86/fpu: Supporting XSAVE feature 0x020: 'AVX-512 opmask'
[    0.000000] kernel: x86/fpu: Supporting XSAVE feature 0x040: 'AVX-512 Hi256'
[    0.000000] kernel: x86/fpu: Supporting XSAVE feature 0x080: 'AVX-512 ZMM_Hi256'
[    0.000000] kernel: x86/fpu: Supporting XSAVE feature 0x200: 'Protection Keys User registers'
[    0.000000] kernel: x86/fpu: xstate_offset[2]:  576, xstate_sizes[2]:  256
[    0.000000] kernel: x86/fpu: unlink FIFO failed: No such file or directory
[D 01/16/2023 17:42:13] PVFS2 Server version 2.9.7-orangefs-REV-65ab0d2 starting.
[E 01/16/2023 17:43:19] PVFS2 server got signal 15 (server_status_flag: 2080767)
[D 02/18/2023 14:39:31] PVFS2 Server version 2.9.7-orangefs-REV-65ab0d2 starting.
[D 02/18/2023 14:47:30] PVFS2 received server: signal 1
[E 02/18/2023 14:47:30] PVFS2 server got signal 15 (server_status_flag: 2080767)
xstate_offset[5]:  832, xstate_sizes[5]:   64
[    0.000000] kernel: x86/fpu: xstate_offset[6]:  896, xstate_sizes[6]:  512
[    0.000000] kernel: x86/fpu: xstate_offset[7]: 1408, xstate_sizes[7]: 1024
[    0.000000] kernel: x86/fpu: xstate_offset[9]: 2432, xstate_sizes[9]:    8
[    0.000000] kernel: x86/fpu: Enabled xstate features 0x2e7, context size is 2440 bytes, using 'compacted' format.
[    0.000000] kernel: signal: max sigframe size: 3632
[    0.000000] kernel: BIOS-provided physical RAM map:
[    0.000000] kernel: BIOS-e820: [mem 0x0000000000000000-0x000000000009fbff] usable
[    0.000000] kernel: BIOS-e820: [mem 0x000000000009fc00-0x000000000009ffff] reserved
[    0.000000] kernel: BIOS-e820: [mem 0x00000000000f0000-0x00000000000fffff] reserved
[    0.000000] kernel: BIOS-e820: [mem 0x0000000000100000-0x00000000bffdffff] usable
[    0.000000] kernel: BIOS-e820: [mem 0x00000000bffe0000-0x00000000bfffffff] reserved
[    0.000000] kernel: BIOS-e820: [mem 0x00000000feffc000-0x0executor 1 finishes userspace_cover_open
before receiving handshake request
0000000feffffff] reserved
[    0.000000] kernel: BIOS-e820: [mem 0x00000000fffc0000-0x00000000ffffffff] reserved
[    0.000000] kernel: BIOS-e820: [mem 0x0000000100000000-0x00000002bfffffff] usable
[    0.000000] kernel: NX (Execute Disable) protection: active
[    0.000000] kernel: SMBIOS 2.8 present.
[    0.000000] kernel: DMI: QEMU Standard PC (i440FX + PIIX, 1996), BIOS 1.15.0-1 04/01/2014
[    0.000000] kernel: Hypervisor detected: KVM
[    0.000000] kernel: kvm-clock: Using msrs 4b564d01 and 4b564d00
[    0.000000] kernel: kvm-clock: cpu 0, msr 2c6e001, primary cpu clock
[    0.000001] kernel: kvm-clock: using sched offset of 218854255 cycles
[    0.000003] kernel: clocksource: kvm-clock: mask: 0xffffffffffffffff max_cycles: 0x1cd42e4dffb, max_idle_ns: 881590591483 ns
[    0.000005] kernel: tsc: Detected 2593.904 MHz processor
[    0.000577] kernel: e820: update [mem 0x00000000-0x00000fff] usable ==> reserved
[    0.000580] kernel: e820: remove [mem 0x000a0000-0x000fffff] usablereq.flags ea2
----- executor 1 do_sandbox_none at begining
----- executor 1 do_sandbox_none before fork()

[    0.000584] kernel: last_pfn = 0x2c0000 max_arch_pfn = 0x10000000000
[    0.000641] kernel: x86/PAT: Configuration [0-7]: WB  WC  UC- UC  WB  WP  UC- WT  
[    0.000648] kernel: last_pfn = 0xbffe0 max_arch_pfn = 0x10000000000
[    0.006059] kernel: found SMP MP-table at [mem 0x000f5b90-0x000f5b9f]
[    0.006124] kernel: Using GB pages for direct mapping
[    0.006721] kernel: ACPI: Early table checksum verification disabled
[    0.006728] kernel: ACPI: RSDP 0x00000000000F59B0 000014 (v00 BOCHS )
[    0.006736] kernel: ACPI: RSDT 0x00000000BFFE197C 000034 (v01 BOCHS  BXPC     00000001 BXPC 00000001)
[    0.006742] kernel: ACPI: FACP 0x00000000BFFE1828 000074 (v01 BOCHS  BXPC     00000001 BXPC 00000001)
[    0.006747] kernel: ACPI: DSDT 0x00000000BFFE0040 0017E8 (v01 BOCHS  BXPC     00000001 BXPC 00000001)
[    0.006751] kernel: ACPI: FACS 0x00000000BFFE0000 000040
[    0.006753] kernel: ACPI: APIC 0x00000000BFFE189C 000080 (v01 BOCHS  BXPC     00000001 BXPC 00000001)
[    0.006756] kernel: ACPI: HPET 0x00000000BFFE191C 000038 (v01 BOCHS  BXPC     00000001 BXPC 00000001)
[    0.006759] kernel: ACPI: WAET 0x00000000BFFE1954 000028 (v01 BOCHS  BXPC     00000001 BXPC 00000001)
[    0.006761] kernel: ACPI: Reserving FACP table memory at [mem 0xbffe1828-0xbffe189b]
[    0.006762] kernel: ACPI: Reserving DSDT table memory at [mem 0xbffe0040-0xbffe1827]
[    0.006763] kernel: ACPI: Reserving FACS table memory at [mem 0xbffe0000-0xbffe003f]
[    0.006764] kernel: ACPI: Reserving APIC table memory at [mem 0xbffe189c-0xbffe191b]
[    0.006765] kernel: ACPI: Reserving HPET table memory at [mem 0xbffe191c-0xbffe1953]
[    0.006765] kernel: ACPI: Reserving WAET table memory at [mem 0xbffe1954-0xbffe197b]
[    0.007119] kernel: No NUMA configuration found
[    0.007120] kernel: Faking a node at [mem 0x0000000000000000-0x00000002bfffffff]
[    0.007123] kernel: NODE_DATA(0) allocated [mem 0x2bfffa000-0x2bfffdfff]
[    0.007181] kernel: Zone ranges:
[    0.007181] kernel:   DMA----- is restarting 0
---- dfs_name orangefs is_dfs_client 1
before receiving handshake request
[    0.000000] kernel: Linux version 5.15.0+ (tlyu@IC-RS3-DPC07) (gcc (Ubuntu 9.4.0-1ubuntu1~20.04.1) 9.4.0, GNU ld (GNU Binutils for Ubuntu) 2.34) #7 SMP Sat Feb 18 10:18:37 CET 2023
[    0.000000] kernel: Command line: root=/dev/sda console=ttyS0 net.ifnames=0 ip=192.168.0.8 quiet nokaslr
[    0.000000] kernel: x86/fpu: Supporting XSAVE feature 0x001: 'x87 floating point registers'
[    0.000000] kernel: x86/fpu: Supporting XSAVE feature 0x002: 'SSE registers'
[    0.000000] kernel: x86/fpu: Supporting XSAVE feature 0x004: 'AVX registers'
[    0.000000] kernel: x86/fpu: Supporting XSAVE feature 0x020: 'AVX-512 opmask'
[    0.000000] kernel: x86/fpu: Supporting XSAVE feature 0x040: 'AVX-512 Hi256'
[    0.000000] kernel: x86/fpu: Supporting XSAVE feature 0x080: 'AVX-512 ZMM_Hi256'
[    0.000000] kernel: x86/fpu: Supporting XSAVE feature 0x200: 'Protection Keys User registers'
[    0.000000] kernel: x86/fpu: xstate_offset[2]:  576, xstate_sizes[2]:  256
[    0.000000] kernel: x86/fpu: [D 01/16/2023 17:42:13] PVFS2 Server version 2.9.7-orangefs-REV-65ab0d2 starting.
[E 01/16/2023 17:43:19] PVFS2 server got signal 15 (server_status_flag: 2080767)
[D 02/18/2023 14:39:31] PVFS2 Server version 2.9.7-orangefs-REV-65ab0d2 starting.
[D 02/18/2023 14:47:30] PVFS2 received server: signal 1
[E 02/18/2023 14:47:30] PVFS2 server got signal 15 (server_status_flag: 2080767)
req.flags ea2
----- uclient_cover_open write to pipe 4
----- uclient_cover_open write to pipe 4
----- uclient_cover_open write to pipe 4
----- uclient_cover_open write to pipe 4
----- uclient_cover_open write to pipe 4
----- uclient_cover_open write to pipe 4
----- uclient_cover_open write to pipe 4
----- uclient_cover_open write to pipe 4
----- uclient_cover_open write to pipe 4
----- uclient_cover_open write to pipe 4
----- uclient_cover_open write to pipe 4
----- uclient_cover_open write to pipe 4
----- uclient_cover_open write to pipe 4
----- uclient_cover_open write to pipe 4
----- uclient_cover_open write to pipe 4
----- uclient_cover_open write to pipe 4
xstate_offset[5]:  832, xstate_sizes[5]:   64
[    0.000000] kernel: x86/fpu: xstate_offset[6]:  896, xstate_sizes[6]:  512
[    0.000000] kernel: x86/fpu: xstate_offset[7]: 1408, xstate_sizes[7]: 1024
[    0.000000] kernel: x86/fpu: xstate_offset[9]: 2432, xstate_sizes[9]:    8
[    0.000000] kernel: x86/fpu: Enabled xstate features 0x2e7, context size is 2440 bytes, using 'compacted' format.
[    0.000000] kernel: signal: max sigframe size: 3632
[    0.000000] kernel: BIOS-provided physical RAM map:
[    0.000000] kernel: BIOS-e820: [mem 0x0000000000000000-0x000000000009fbff] usable
[    0.000000] kernel: BIOS-e820: [mem 0x000000000009fc00-0x000000000009ffff] reserved
[    0.000000] kernel: BIOS-e820: [mem 0x00000000000f0000-0x00000000000fffff] reserved
[    0.000000] kernel: BIOS-e820: [mem 0x0000000000100000-0x00000000bffdffff] usable
[    0.000000] kernel: BIOS-e820: [mem 0x00000000bffe0000-0x00000000bfffffff] reserved
[    0.000000] kernel: BIOS-e820: [mem 0x00000000feffc000-0x0before receive testcase: 0 1
      [mem 0x0000000000001000-0x0000000000ffffff]
[    0.007183] kernel:   DMA32    [mem 0x0000000001000000-0x00000000ffffffff]
[    0.007185] kernel:   Normal   [mem 0x0000000100000000-0x00000002bfffffff]
[    0.007186] kernel: Movable zone start for each node
[    0.007187] kernel: Early memory node ranges
[    0.007188] kernel:   node   0: [mem 0x0000000000001000-0x000000000009efff]
[    0.007192] kernel:   node   0: [mem 0x0000000000100000-0x00000000bffdffff]
[    0.007193] kernel:   node   0: [mem 0x0000000100000000-0x00000002bfffffff]
[    0.007195] kernel: Initmem setup node 0 [mem 0x0000000000001000-0x00000002bfffffff]
[    0.007627] kernel: On node 0, zone DMA: 1 pages in unavailable ranges
[    0.007641] kernel: On node 0, zone DMA: 97 pages in unavailable ranges
[    0.051915] kernel: On node 0, zone Normal: 32 pages in unavailable ranges
[    0.403418] kernel: kasan: KernelAddressSanitizer initialized
[    0.403837] kernel: ACPI: PM-Timer IO Port: 0x608
[    0.403844] kern----- executor 3 do_sandbox_none at begining
----- executor 3 do_sandbox_none before fork()
0000000feffffff] reserved
[    0.000000] kernel: BIOS-e820: [mem 0x00000000fffc0000-0x00000000ffffffff] reserved
[    0.000000] kernel: BIOS-e820: [mem 0x0000000100000000-0x00000002bfffffff] usable
[    0.000000] kernel: NX (Execute Disable) protection: active
[    0.000000] kernel: SMBIOS 2.8 present.
[    0.000000] kernel: DMI: QEMU Standard PC (i440FX + PIIX, 1996), BIOS 1.15.0-1 04/01/2014
[    0.000000] kernel: Hypervisor detected: KVM
[    0.000000] kernel: kvm-clock: Using msrs 4b564d01 and 4b564d00
[    0.000000] kernel: kvm-clock: cpu 0, msr 2c6e001, primary cpu clock
[    0.000000] kernel: kvm-clock: using sched offset of 175462084 cycles
[    0.000002] kernel: clocksource: kvm-clock: mask: 0xffffffffffffffff max_cycles: 0x1cd42e4dffb, max_idle_ns: 881590591483 ns
[    0.000004] kernel: tsc: Detected 2593.904 MHz processor
[    0.000447] kernel: e820: update [mem 0x00000000-0x00000fff] usable ==> reserved
[    0.000449] kernel: e820: remove [mem 0x000a0000-0x000fffff] usableel: ACPI: LAPIC_NMI (acpi_id[0xff] dfl dfl lint[0x1])
[    0.403889] kernel: IOAPIC[0]: apic_id 0, version 17, address 0xfec00000, GSI 0-23
[    0.403892] kernel: ACPI: INT_SRC_OVR (bus 0 bus_irq 0 global_irq 2 dfl dfl)
[    0.403894] kernel: ACPI: INT_SRC_OVR (bus 0 bus_irq 5 global_irq 5 high level)
[    0.403895] kernel: ACPI: INT_SRC_OVR (bus 0 bus_irq 9 global_irq 9 high level)
[    0.403896] kernel: ACPI: INT_SRC_OVR (bus 0 bus_irq 10 global_irq 10 high level)
[    0.403897] kernel: ACPI: INT_SRC_OVR (bus 0 bus_irq 11 global_irq 11 high level)
[    0.403900] kernel: ACPI: Using ACPI (MADT) for SMP configuration information
[    0.403901] kernel: ACPI: HPET id: 0x8086a201 base: 0xfed00000
[    0.403904] kernel: TSC deadline timer available
[    0.403905] kernel: smpboot: Allowing 2 CPUs, 0 hotplug CPUs
[    0.403929] kernel: kvm-guest: KVM setup pv remote TLB flush
[    0.403934] kernel: kvm-guest: setup PV sched yield
[    0.403947] kernel: PM: hibernation: Registered nosave memory: [mem 0x00000000-0x00000fff]
[    0.403949] kernel: PM: hibernation: Registered nosave memory: [mem 0x0009f000-0x0009ffff]
[    0.403950] kernel: PM: hibernation: Registered nosave memory: [mem 0x000a0000-0x000effff]
[    0.403951] kernel: PM: hibernation: Registered nosave memory: [mem 0x000f0000-0x000fffff]
[    0.403952] kernel: PM: hibernation: Registered nosave memory: [mem 0xbffe0000-0xbfffffff]
[    0.403953] kernel: PM: hibernation: Registered nosave memory: [mem 0xc0000000-0xfeffbfff]
[    0.403953] kernel: PM: hibernation: Registered nosave memory: [mem 0xfeffc000-0xfeffffff]
[    0.403954] kernel: PM: hibernation: Registered nosave memory: [mem 0xff000000-0xfffbffff]
[    0.403955] kernel: PM: hibernation: Registered nosave memory: [mem 0xfffc0000-0xffffffff]
[    0.403956] kernel: [mem 0xc0000000-0xfeffbfff] available for PCI devices
[    0.403957] kernel: Booting paravirtualized kernel on KVM
[    0.403959] kernel: clocksource: refined-jiffies: mask: 0xffffffff max_cycles: 0xffffffff, max_idle_ns: 1910969940391419 ns
[    0.408959] kernel: setup_percpu: NR_CPUS:64 nr_cpumask_bits:64 nr_cpu_ids:2 nr_node_ids:1
[    0.409556] kernel: percpu: Embedded 56 pages/cpu s191576 r8192 d29608 u1048576
[    0.409561] kernel: pcpu-alloc: s191576 r8192 d29608 u1048576 alloc=1*2097152
[    0.409564] kernel: pcpu-alloc: [0] 0 1 
[    0.409590] kernel: kvm-guest: setup async PF for cpu 0
[    0.409596] kernel: kvm-guest: stealtime: cpu 0, msr 26561f140
[    0.409600] kernel: Built 1 zonelists, mobility grouping on.  Total pages: 2580192
[    0.409602] kernel: Policy zone: Normal
[    0.409603] kernel: Kernel command line: root=/dev/sda console=ttyS0 net.ifnames=0 ip=192.168.0.6 quiet nokaslr
[    0.409690] kernel: Unknown command line parameters: nokaslr
[    0.414226] kernel: Dentry cache hash table entries: 2097152 (order: 12, 16777216 bytes, linear)
[    0.416728] kernel: Inode-cache hash table entries: 1048576 (order: 11, 8388608 bytes, linear)
[    0.416792] before receive testcase: 0 1
kernel: mem auto-init: stack:off, heap alloc:off, heap free:off
[    0.577239] kernel: Memory: 8872648K/10485240K available (14348K kernel code, 2403K rwdata, 3568K rodata, 1384K init, 1732K bss, 1612392K reserved, 0K cma-reserved)
[    0.577337] kernel: SLUB: HWalign=64, Order=0-3, MinObjects=0, CPUs=2, Nodes=1
[    0.577862] kernel: rcu: Hierarchical RCU implementation.
[    0.577863] kernel: rcu:         RCU event tracing is enabled.
[    0.577864] kernel: rcu:         RCU restricting CPUs from NR_CPUS=64 to nr_cpu_ids=2.
[    0.577866] kernel: rcu: RCU calculated value of scheduler-enlistment delay is 100 jiffies.
[    0.577867] kernel: rcu: Adjusting geometry for rcu_fanout_leaf=16, nr_cpu_ids=2
[    0.581244] kernel: NR_IRQS: 4352, nr_irqs: 440, preallocated irqs: 16
[    0.581473] kernel: random: get_random_bytes called from start_kernel+0x4b1/0x67a with crng_init=0
[    0.585715] kernel: Console: colour VGA+ 80x25
[    0.585766] kernel: printk: console [ttyS0] enabled
[    0.5
[    0.000452] kernel: last_pfn = 0x2c0000 max_arch_pfn = 0x10000000000
[    0.000497] kernel: x86/PAT: Configuration [0-7]: WB  WC  UC- UC  WB  WP  UC- WT  
[    0.000502] kernel: last_pfn = 0xbffe0 max_arch_pfn = 0x10000000000
[    0.004628] kernel: found SMP MP-table at [mem 0x000f5b90-0x000f5b9f]
[    0.004675] kernel: Using GB pages for direct mapping
[    0.005305] kernel: ACPI: Early table checksum verification disabled
[    0.005310] kernel: ACPI: RSDP 0x00000000000F59B0 000014 (v00 BOCHS )
[    0.005316] kernel: ACPI: RSDT 0x00000000BFFE197C 000034 (v01 BOCHS  BXPC     00000001 BXPC 00000001)
[    0.005320] kernel: ACPI: FACP 0x00000000BFFE1828 000074 (v01 BOCHS  BXPC     00000001 BXPC 00000001)
[    0.005325] kernel: ACPI: DSDT 0x00000000BFFE0040 0017E8 (v01 BOCHS  BXPC     00000001 BXPC 00000001)
[    0.005327] kernel: ACPI: FACS 0x00000000BFFE0000 000040
[    0.005329] kernel: ACPI: APIC 0x00000000BFFE189C 000080 (v01 BOCHS  BXPC     00000001 BXPC 00000001)
[    0.005331] kernel: ACPI: HPET 0x00000000BFFE191C 000038 (v01 BOCHS  BXPC     00000001 BXPC 00000001)
[    0.005333] kernel: ACPI: WAET 0x00000000BFFE1954 000028 (v01 BOCHS  BXPC     00000001 BXPC 00000001)
[    0.005335] kernel: ACPI: Reserving FACP table memory at [mem 0xbffe1828-0xbffe189b]
[    0.005336] kernel: ACPI: Reserving DSDT table memory at [mem 0xbffe0040-0xbffe1827]
[    0.005337] kernel: ACPI: Reserving FACS table memory at [mem 0xbffe0000-0xbffe003f]
[    0.005337] kernel: ACPI: Reserving APIC table memory at [mem 0xbffe189c-0xbffe191b]
[    0.005338] kernel: ACPI: Reserving HPET table memory at [mem 0xbffe191c-0xbffe1953]
[    0.005338] kernel: ACPI: Reserving WAET table memory at [mem 0xbffe1954-0xbffe197b]
[    0.005610] kernel: No NUMA configuration found
[    0.005611] kernel: Faking a node at [mem 0x0000000000000000-0x00000002bfffffff]
[    0.005613] kernel: NODE_DATA(0) allocated [mem 0x2bfffa000-0x2bfffdfff]
[    0.005656] kernel: Zone ranges:
[    0.005657] kernel:   DMA85785] kernel: ACPI: Core revision 20210730
[    0.585958] kernel: clocksource: hpet: mask: 0xffffffff max_cycles: 0xffffffff, max_idle_ns: 19112604467 ns
[    0.586054] kernel: APIC: Switch to symmetric I/O mode setup
[    0.586058] kernel: kvm-guest: setup PV IPIs
[    0.587146] kernel: ..TIMER: vector=0x30 apic1=0 pin1=2 apic2=-1 pin2=-1
[    0.587171] kernel: clocksource: tsc-early: mask: 0xffffffffffffffff max_cycles: 0x2563bd843df, max_idle_ns: 440795257314 ns
[    0.587177] kernel: Calibrating delay loop (skipped) preset value.. 5187.80 BogoMIPS (lpj=2593904)
[    0.587180] kernel: pid_max: default: 32768 minimum: 301
[    0.587215] kernel: LSM: Security Framework initializing
[    0.587229] kernel: SELinux:  Initializing.
[    0.587302] kernel: Mount-cache hash table entries: 32768 (order: 6, 262144 bytes, linear)
[    0.587687] kernel: Mountpoint-cache hash table entries: 32768 (order: 6, 262144 bytes, linear)
[    0.588442] kernel: x86/cpu: User Mode Instruction Prevention (UMIP) activated
[    0.588609] kernel: Last level iTLB entries: 4KB 0, 2MB 0, 4MB 0
[    0.588611] kernel: Last level dTLB entries: 4KB 0, 2MB 0, 4MB 0, 1GB 0
[    0.588621] kernel: Spectre V1 : Mitigation: usercopy/swapgs barriers and __user pointer sanitization
[    0.588625] kernel: Spectre V2 : Mitigation: Enhanced IBRS
[    0.588626] kernel: Spectre V2 : Spectre v2 / SpectreRSB mitigation: Filling RSB on context switch
[    0.588627] kernel: Spectre V2 : mitigation: Enabling conditional Indirect Branch Prediction Barrier
[    0.588629] kernel: Speculative Store Bypass: Mitigation: Speculative Store Bypass disabled via prctl and seccomp
[    0.588629] kernel: TAA: Mitigation: TSX disabled
[    0.594822] kernel: Freeing SMP alternatives memory: 40K
[    0.594967] kernel: smpboot: CPU0: Intel(R) Xeon(R) Gold 6348 CPU @ 2.60GHz (family: 0x6, model: 0x6a, stepping: 0x6)
[    0.595087] kernel: Performance Events: Icelake events, 32-deep LBR, full-width counters, Intel PMU driver.
[          [mem 0x0000000000001000-0x0000000000ffffff]
[    0.005658] kernel:   DMA32    [mem 0x0000000001000000-0x00000000ffffffff]
[    0.005659] kernel:   Normal   [mem 0x0000000100000000-0x00000002bfffffff]
[    0.005660] kernel: Movable zone start for each node
[    0.005661] kernel: Early memory node ranges
[    0.005661] kernel:   node   0: [mem 0x0000000000001000-0x000000000009efff]
[    0.005662] kernel:   node   0: [mem 0x0000000000100000-0x00000000bffdffff]
[    0.005663] kernel:   node   0: [mem 0x0000000100000000-0x00000002bfffffff]
[    0.005664] kernel: Initmem setup node 0 [mem 0x0000000000001000-0x00000002bfffffff]
[    0.006026] kernel: On node 0, zone DMA: 1 pages in unavailable ranges
[    0.006036] kernel: On node 0, zone DMA: 97 pages in unavailable ranges
[    0.046809] kernel: On node 0, zone Normal: 32 pages in unavailable ranges
[    0.383852] kernel: kasan: KernelAddressSanitizer initialized
[    0.384166] kernel: ACPI: PM-Timer IO Port: 0x608
[    0.384172] kern0.595173] kernel: ... version:                2
[    0.595173] kernel: ... bit width:              48
[    0.595173] kernel: ... generic registers:      8
[    0.595173] kernel: ... value mask:             0000ffffffffffff
[    0.595173] kernel: ... max period:             00007fffffffffff
[    0.595173] kernel: ... fixed-purpose events:   3
[    0.595173] kernel: ... event mask:             00000007000000ff
[    0.595173] kernel: rcu: Hierarchical SRCU implementation.
[    0.595173] kernel: smp: Bringing up secondary CPUs ...
[    0.595173] kernel: x86: Booting SMP configuration:
[    0.595173] kernel: .... node  #0, CPUs:      #1
[    0.005732] kernel: kvm-clock: cpu 1, msr 2c6e041, secondary cpu clock
[    0.595613] kernel: kvm-guest: setup async PF for cpu 1
[    0.595613] kernel: kvm-guest: stealtime: cpu 1, msr 26571f140
[    0.595613] kernel: smp: Brought up 1 node, 2 CPUs
[    0.595613] kernel: smpboot: Max logical packages: 1
[    0.595613] kernel: smpboot: Total of 2 processel: ACPI: LAPIC_NMI (acpi_id[0xff] dfl dfl lint[0x1])
[    0.384204] kernel: IOAPIC[0]: apic_id 0, version 17, address 0xfec00000, GSI 0-23
[    0.384206] kernel: ACPI: INT_SRC_OVR (bus 0 bus_irq 0 global_irq 2 dfl dfl)
[    0.384208] kernel: ACPI: INT_SRC_OVR (bus 0 bus_irq 5 global_irq 5 high level)
[    0.384209] kernel: ACPI: INT_SRC_OVR (bus 0 bus_irq 9 global_irq 9 high level)
[    0.384210] kernel: ACPI: INT_SRC_OVR (bus 0 bus_irq 10 global_irq 10 high level)
[    0.384211] kernel: ACPI: INT_SRC_OVR (bus 0 bus_irq 11 global_irq 11 high level)
[    0.384214] kernel: ACPI: Using ACPI (MADT) for SMP configuration information
[    0.384215] kernel: ACPI: HPET id: 0x8086a201 base: 0xfed00000
[    0.384218] kernel: TSC deadline timer available
[    0.384219] kernel: smpboot: Allowing 2 CPUs, 0 hotplug CPUs
[    0.384248] kernel: kvm-guest: KVM setup pv remote TLB flush
[    0.384252] kernel: kvm-guest: setup PV sched yield
[    0.384263] kernel: PM: hibernation: Registered nosave memory: [mem 0x00000000-0x00000fff]
[    0.384264] kernel: PM: hibernation: Registered nosave memory: [mem 0x0009f000-0x0009ffff]
[    0.384265] kernel: PM: hibernation: Registered nosave memory: [mem 0x000a0000-0x000effff]
[    0.384266] kernel: PM: hibernation: Registered nosave memory: [mem 0x000f0000-0x000fffff]
[    0.384266] kernel: PM: hibernation: Registered nosave memory: [mem 0xbffe0000-0xbfffffff]
[    0.384267] kernel: PM: hibernation: Registered nosave memory: [mem 0xc0000000-0xfeffbfff]
[    0.384267] kernel: PM: hibernation: Registered nosave memory: [mem 0xfeffc000-0xfeffffff]
[    0.384268] kernel: PM: hibernation: Registered nosave memory: [mem 0xff000000-0xfffbffff]
[    0.384269] kernel: PM: hibernation: Registered nosave memory: [mem 0xfffc0000-0xffffffff]
[    0.384270] kernel: [mem 0xc0000000-0xfeffbfff] available for PCI devices
[    0.384271] kernel: Booting paravirtualized kernel on KVM
[    0.384273] kernel: clocksource: refined-jiffies: mask: 0xffffffff max_cyors activated (10375.61 BogoMIPS)
[    0.596348] kernel: devtmpfs: initialized
[    0.597373] kernel: clocksource: jiffies: mask: 0xffffffff max_cycles: 0xffffffff, max_idle_ns: 1911260446275000 ns
[    0.597379] kernel: futex hash table entries: 512 (order: 3, 32768 bytes, linear)
[    0.597471] kernel: PM: RTC time: 23:38:02, date: 2023-03-24
[    0.598338] kernel: NET: Registered PF_NETLINK/PF_ROUTE protocol family
[    0.598778] kernel: audit: initializing netlink subsys (disabled)
[    0.599201] kernel: audit: type=2000 audit(1679701083.266:1): state=initialized audit_enabled=0 res=1
[    0.599419] kernel: thermal_sys: Registered thermal governor 'step_wise'
[    0.599421] kernel: thermal_sys: Registered thermal governor 'user_space'
[    0.599439] kernel: cpuidle: using governor menu
[    0.599439] kernel: ACPI: bus type PCI registered
[    0.599651] kernel: PCI: Using configuration type 1 for base access
[    0.610181] kernel: Kprobes globally optimized
[    0.610239] kernel: HugeTLB registered 2.00 MiB page size, pre-allocated 0 pages
[    0.610239] kernel: cryptomgr_test (27) used greatest stack depth: 31400 bytes left
[    0.611230] kernel: ACPI: Added _OSI(Module Device)
[    0.611232] kernel: ACPI: Added _OSI(Processor Device)
[    0.611232] kernel: ACPI: Added _OSI(3.0 _SCP Extensions)
[    0.611233] kernel: ACPI: Added _OSI(Processor Aggregator Device)
[    0.611237] kernel: ACPI: Added _OSI(Linux-Dell-Video)
[    0.611239] kernel: ACPI: Added _OSI(Linux-Lenovo-NV-HDMI-Audio)
[    0.611242] kernel: ACPI: Added _OSI(Linux-HPI-Hybrid-Graphics)
[    0.619220] kernel: ACPI: 1 ACPI AML tables successfully acquired and loaded
[    0.621587] kernel: ACPI: Interpreter enabled
[    0.621622] kernel: ACPI: PM: (supports S0 S3 S4 S5)
[    0.621623] kernel: ACPI: Using IOAPIC for interrupt routing
[    0.621658] kernel: PCI: Using host bridge windows from ACPI; if necessary, use "pci=nocrs" and report a bug
[    0.622111] kernel: ACPI: Enabled 2 GPEs in block 00cles: 0xffffffff, max_idle_ns: 1910969940391419 ns
[    0.388084] kernel: setup_percpu: NR_CPUS:64 nr_cpumask_bits:64 nr_cpu_ids:2 nr_node_ids:1
[    0.388618] kernel: percpu: Embedded 56 pages/cpu s191576 r8192 d29608 u1048576
[    0.388623] kernel: pcpu-alloc: s191576 r8192 d29608 u1048576 alloc=1*2097152
[    0.388625] kernel: pcpu-alloc: [0] 0 1 
[    0.388647] kernel: kvm-guest: setup async PF for cpu 0
[    0.388652] kernel: kvm-guest: stealtime: cpu 0, msr 26561f140
[    0.388657] kernel: Built 1 zonelists, mobility grouping on.  Total pages: 2580192
[    0.388658] kernel: Policy zone: Normal
[    0.388659] kernel: Kernel command line: root=/dev/sda console=ttyS0 net.ifnames=0 ip=192.168.0.8 quiet nokaslr
[    0.388727] kernel: Unknown command line parameters: nokaslr
[    0.393031] kernel: Dentry cache hash table entries: 2097152 (order: 12, 16777216 bytes, linear)
[    0.394994] kernel: Inode-cache hash table entries: 1048576 (order: 11, 8388608 bytes, linear)
[    0.395047] ----- is restarting 0
---- dfs_name orangefs is_dfs_client 0
 to 0F
[    0.634418] kernel: ACPI: PCI Root Bridge [PCI0] (domain 0000 [bus 00-ff])
[    0.634429] kernel: acpi PNP0A03:00: _OSC: OS supports [ASPM ClockPM Segments MSI HPX-Type3]
[    0.634482] kernel: acpi PNP0A03:00: fail to add MMCONFIG information, can't access extended PCI configuration space under this bridge.
[    0.634607] kernel: PCI host bridge to bus 0000:00
[    0.634610] kernel: pci_bus 0000:00: root bus resource [io  0x0000-0x0cf7 window]
[    0.634613] kernel: pci_bus 0000:00: root bus resource [io  0x0d00-0xffff window]
[    0.634615] kernel: pci_bus 0000:00: root bus resource [mem 0x000a0000-0x000bffff window]
[    0.634618] kernel: pci_bus 0000:00: root bus resource [mem 0xc0000000-0xfebfffff window]
[    0.634620] kernel: pci_bus 0000:00: root bus resource [mem 0x2c0000000-0x33fffffff window]
[    0.634622] kernel: pci_bus 0000:00: root bus resource [bus 00-ff]
[    0.635221] kernel: pci 0000:00:00.0: [8086:1237] type 00 class 0x060000
[    0.639418] kernel: pci 0kernel: mem auto-init: stack:off, heap alloc:off, heap free:off
[    0.555236] kernel: Memory: 8872648K/10485240K available (14348K kernel code, 2403K rwdata, 3568K rodata, 1384K init, 1732K bss, 1612392K reserved, 0K cma-reserved)
[    0.555318] kernel: SLUB: HWalign=64, Order=0-3, MinObjects=0, CPUs=2, Nodes=1
[    0.555801] kernel: rcu: Hierarchical RCU implementation.
[    0.555802] kernel: rcu:         RCU event tracing is enabled.
[    0.555803] kernel: rcu:         RCU restricting CPUs from NR_CPUS=64 to nr_cpu_ids=2.
[    0.555805] kernel: rcu: RCU calculated value of scheduler-enlistment delay is 100 jiffies.
[    0.555806] kernel: rcu: Adjusting geometry for rcu_fanout_leaf=16, nr_cpu_ids=2
[    0.558395] kernel: NR_IRQS: 4352, nr_irqs: 440, preallocated irqs: 16
[    0.558580] kernel: random: get_random_bytes called from start_kernel+0x4b1/0x67a with crng_init=0
[    0.561890] kernel: Console: colour VGA+ 80x25
[    0.561931] kernel: printk: console [ttyS0] enabled
[    0.5000:00:01.0: [8086:7000] type 00 class 0x060100
[    0.640332] kernel: pci 0000:00:01.1: [8086:7010] type 00 class 0x010180
[    0.642560] kernel: pci 0000:00:01.1: reg 0x20: [io  0xc040-0xc04f]
[    0.643460] kernel: pci 0000:00:01.1: legacy IDE quirk: reg 0x10: [io  0x01f0-0x01f7]
[    0.643462] kernel: pci 0000:00:01.1: legacy IDE quirk: reg 0x14: [io  0x03f6]
[    0.643463] kernel: pci 0000:00:01.1: legacy IDE quirk: reg 0x18: [io  0x0170-0x0177]
[    0.643464] kernel: pci 0000:00:01.1: legacy IDE quirk: reg 0x1c: [io  0x0376]
[    0.644229] kernel: pci 0000:00:01.3: [8086:7113] type 00 class 0x068000
[    0.644556] kernel: pci 0000:00:01.3: quirk: [io  0x0600-0x063f] claimed by PIIX4 ACPI
[    0.644564] kernel: pci 0000:00:01.3: quirk: [io  0x0700-0x070f] claimed by PIIX4 SMB
[    0.645577] kernel: pci 0000:00:02.0: [1234:1111] type 00 class 0x030000
[    0.646750] kernel: pci 0000:00:02.0: reg 0x10: [mem 0xfd000000-0xfdffffff pref]
[    0.648731] kernel: pci 0000:00:02.0: reg 0x61946] kernel: ACPI: Core revision 20210730
[    0.562079] kernel: clocksource: hpet: mask: 0xffffffff max_cycles: 0xffffffff, max_idle_ns: 19112604467 ns
[    0.562158] kernel: APIC: Switch to symmetric I/O mode setup
[    0.562161] kernel: kvm-guest: setup PV IPIs
[    0.563023] kernel: ..TIMER: vector=0x30 apic1=0 pin1=2 apic2=-1 pin2=-1
[    0.563043] kernel: clocksource: tsc-early: mask: 0xffffffffffffffff max_cycles: 0x2563bd843df, max_idle_ns: 440795257314 ns
[    0.563049] kernel: Calibrating delay loop (skipped) preset value.. 5187.80 BogoMIPS (lpj=2593904)
[    0.563051] kernel: pid_max: default: 32768 minimum: 301
[    0.563081] kernel: LSM: Security Framework initializing
[    0.563092] kernel: SELinux:  Initializing.
[    0.564065] kernel: Mount-cache hash table entries: 32768 (order: 6, 262144 bytes, linear)
[    0.564541] kernel: Mountpoint-cache hash table entries: 32768 (order: 6, 262144 bytes, linear)
[    0.565087] kernel: x86/cpu: User Mode Instruction Prevention (18: [mem 0xfeb90000-0xfeb90fff]
[    0.652977] kernel: pci 0000:00:02.0: reg 0x30: [mem 0xfeb80000-0xfeb8ffff pref]
[    0.657304] kernel: pci 0000:00:03.0: [1af4:1005] type 00 class 0x00ff00
[    0.658012] kernel: pci 0000:00:03.0: reg 0x10: [io  0xc000-0xc01f]
[    0.661169] kernel: pci 0000:00:03.0: reg 0x20: [mem 0xfe200000-0xfe203fff 64bit pref]
[    0.666571] kernel: pci 0000:00:04.0: [1af4:1000] type 00 class 0x020000
[    0.667176] kernel: pci 0000:00:04.0: reg 0x10: [io  0xc020-0xc03f]
[    0.668088] kernel: pci 0000:00:04.0: reg 0x14: [mem 0xfeb91000-0xfeb91fff]
[    0.670652] kernel: pci 0000:00:04.0: reg 0x20: [mem 0xfe204000-0xfe207fff 64bit pref]
[    0.671176] kernel: pci 0000:00:04.0: reg 0x30: [mem 0xfeb00000-0xfeb7ffff pref]
[    0.675573] kernel: pci 0000:00:10.0: [1af4:1110] type 00 class 0x050000
[    0.676177] kernel: pci 0000:00:10.0: reg 0x10: [mem 0xfeb92000-0xfeb920ff]
[    0.677554] kernel: pci 0000:00:10.0: reg 0x18: [mem 0xfe000000-0xfe0fffff 64bit pref]
[UMIP) activated
[    0.565223] kernel: Last level iTLB entries: 4KB 0, 2MB 0, 4MB 0
[    0.565223] kernel: Last level dTLB entries: 4KB 0, 2MB 0, 4MB 0, 1GB 0
[    0.565233] kernel: Spectre V1 : Mitigation: usercopy/swapgs barriers and __user pointer sanitization
[    0.565237] kernel: Spectre V2 : Mitigation: Enhanced IBRS
[    0.565237] kernel: Spectre V2 : Spectre v2 / SpectreRSB mitigation: Filling RSB on context switch
[    0.565239] kernel: Spectre V2 : mitigation: Enabling conditional Indirect Branch Prediction Barrier
[    0.565240] kernel: Speculative Store Bypass: Mitigation: Speculative Store Bypass disabled via prctl and seccomp
[    0.565241] kernel: TAA: Mitigation: TSX disabled
[    0.570369] kernel: Freeing SMP alternatives memory: 40K
[    0.570514] kernel: smpboot: CPU0: Intel(R) Xeon(R) Gold 6348 CPU @ 2.60GHz (family: 0x6, model: 0x6a, stepping: 0x6)
[    0.570627] kernel: Performance Events: Icelake events, 32-deep LBR, full-width counters, Intel PMU driver.
[        0.683643] kernel: pci 0000:00:11.0: [1af4:1110] type 00 class 0x050000
[    0.684176] kernel: pci 0000:00:11.0: reg 0x10: [mem 0xfeb93000-0xfeb930ff]
[    0.685176] kernel: pci 0000:00:11.0: reg 0x18: [mem 0xfe208000-0xfe2083ff 64bit pref]
[    0.691634] kernel: pci 0000:00:12.0: [1af4:1110] type 00 class 0x050000
[    0.692555] kernel: pci 0000:00:12.0: reg 0x10: [mem 0xfeb94000-0xfeb940ff]
[    0.694051] kernel: pci 0000:00:12.0: reg 0x18: [mem 0xfe100000-0xfe1fffff 64bit pref]
[    0.701049] kernel: ACPI: PCI: Interrupt link LNKA configured for IRQ 10
[    0.701493] kernel: ACPI: PCI: Interrupt link LNKB configured for IRQ 10
[    0.701904] kernel: ACPI: PCI: Interrupt link LNKC configured for IRQ 11
[    0.702303] kernel: ACPI: PCI: Interrupt link LNKD configured for IRQ 11
[    0.702466] kernel: ACPI: PCI: Interrupt link LNKS configured for IRQ 9
[    0.703156] kernel: iommu: Default domain type: Translated 
[    0.703157] kernel: iommu: DMA domain TLB invalidation policy: launlink FIFO failed: No such file or directory
[    0.000000] kernel: Linux version 5.15.0+ (tlyu@IC-RS3-DPC07) (gcc (Ubuntu 9.4.0-1ubuntu1~20.04.1) 9.4.0, GNU ld (GNU Binutils for Ubuntu) 2.34) #7 SMP Sat Feb 18 10:18:37 CET 2023
[    0.000000] kernel: Command line: root=/dev/sda console=ttyS0 net.ifnames=0 ip=192.168.0.7 quiet nokaslr
[    0.000000] kernel: x86/fpu: Supporting XSAVE feature 0x001: 'x87 floating point registers'
[    0.000000] kernel: x86/fpu: Supporting XSAVE feature 0x002: 'SSE registers'
[    0.000000] kernel: x86/fpu: Supporting XSAVE feature 0x004: 'AVX registers'
[    0.000000] kernel: x86/fpu: Supporting XSAVE feature 0x020: 'AVX-512 opmask'
[    0.000000] kernel: x86/fpu: Supporting XSAVE feature 0x040: 'AVX-512 Hi256'
[    0.000000] kernel: x86/fpu: Supporting XSAVE feature 0x080: 'AVX-512 ZMM_Hi256'
[    0.000000] kernel: x86/fpu: Supporting XSAVE feature 0x200: 'Protection Keys User registers'
[    0.000000] kernel: x86/fpu: xstate_offset[2]:  576, xstate_sizes[2]:  256
[    0.000000] kernel: x86/fpu: xstate_offset[5]:  832, xstate_sizes[5]:   64
[    0.000000] kernel: x86/fpu: xstate_offset[6]:  896, xstate_sizes[6]:  512
[    0.000000] kernel: x86/fpu: xstate_offset[7]: 1408, xstate_sizes[7]: 1024
[    0.000000] kernel: x86/fpu: xstate_offset[9]: 2432, xstate_sizes[9]:    8
[    0.000000] kernel: x86/fpu: Enabled xstate features 0x2e7, context size is 2440 bytes, using 'compacted' format.
[    0.000000] kernel: signal: max sigframe size: 3632
[    0.000000] kernel: BIOS-provided physical RAM map:
[    0.000000] kernel: BIOS-e820: [mem 0x0000000000000000-0x000000000009fbff] usable
[    0.000000] kernel: BIOS-e820: [mem 0x000000000009fc00-0x000000000009ffff] reserved
[    0.000000] kernel: BIOS-e820: [mem 0x00000000000f0000-0x00000000000fffff] reserved
[    0.000000] kernel: BIOS-e820: [mem 0x0000000000100000-0x00000000bffdffff] usable
[    0.000000] kernel: BIOS-e820: [mem 0x00000000bffe0000-0x00000000bfffffff] reserved
[    0.000000] kernel: BIOS-e820: [mem 0x00000000feffc000-0x0executor 2 finishes userspace_cover_open
before receiving handshake request
req.flags ea2
----- executor 2 do_sandbox_none at begining
----- executor 2 do_sandbox_none before fork()
0000000feffffff] reserved
[    0.000000] kernel: BIOS-e820: [mem 0x00000000fffc0000-0x00000000ffffffff] reserved
[    0.000000] kernel: BIOS-e820: [mem 0x0000000100000000-0x00000002bfffffff] usable
[    0.000000] kernel: NX (Execute Disable) protection: active
[    0.000000] kernel: SMBIOS 2.8 present.
[    0.000000] kernel: DMI: QEMU Standard PC (i440FX + PIIX, 1996), BIOS 1.15.0-1 04/01/2014
[    0.000000] kernel: Hypervisor detected: KVM
[    0.000000] kernel: kvm-clock: Using msrs 4b564d01 and 4b564d00
[    0.000000] kernel: kvm-clock: cpu 0, msr 2c6e001, primary cpu clock
[    0.000001] kernel: kvm-clock: using sched offset of 187831148 cycles
[    0.000002] kernel: clocksource: kvm-clock: mask: 0xffffffffffffffff max_cycles: 0x1cd42e4dffb, max_idle_ns: 881590591483 ns
[    0.000005] kernel: tsc: Detected 2593.904 MHz processor
[    0.000441] kernel: e820: update [mem 0x00000000-0x00000fff] usable ==> reserved
[    0.000443] kernel: e820: remove [mem 0x000a0000-0x000fffff] usable
[    0.000446] kernel: last_pfn = 0x2c0000 max_arch_pfn = 0x10000000000
[    0.000492] kernel: x86/PAT: Configuration [0-7]: WB  WC  UC- UC  WB  WP  UC- WT  
[    0.000497] kernel: last_pfn = 0xbffe0 max_arch_pfn = 0x10000000000
[    0.004629] kernel: found SMP MP-table at [mem 0x000f5b90-0x000f5b9f]
[    0.004680] kernel: Using GB pages for direct mapping
[    0.005303] kernel: ACPI: Early table checksum verification disabled
[    0.005310] kernel: ACPI: RSDP 0x00000000000F59B0 000014 (v00 BOCHS )
[    0.005317] kernel: ACPI: RSDT 0x00000000BFFE197C 000034 (v01 BOCHS  BXPC     00000001 BXPC 00000001)
[    0.005322] kernel: ACPI: FACP 0x00000000BFFE1828 000074 (v01 BOCHS  BXPC     00000001 BXPC 00000001)
[    0.005326] kernel: ACPI: DSDT 0x00000000BFFE0040 0017E8 (v01 BOCHS  BXPC     00000001 BXPC 00000001)
[    0.005328] kernel: ACPI: FACS 0x00000000BFFE0000 000040
[    0.005330] kernel: ACPI: APIC 0x00000000BFFE189C 000080 (v01 BOCHS  BXPC     00000001 BXPC 00000001)
[    0.005332]0.571125] kernel: ... version:                2
[    0.571127] kernel: ... bit width:              48
[    0.571128] kernel: ... generic registers:      8
[    0.571128] kernel: ... value mask:             0000ffffffffffff
[    0.571130] kernel: ... max period:             00007fffffffffff
[    0.571131] kernel: ... fixed-purpose events:   3
[    0.571132] kernel: ... event mask:             00000007000000ff
[    0.571338] kernel: rcu: Hierarchical SRCU implementation.
[    0.571873] kernel: smp: Bringing up secondary CPUs ...
[    0.572019] kernel: x86: Booting SMP configuration:
[    0.572020] kernel: .... node  #0, CPUs:      #1
[    0.004491] kernel: kvm-clock: cpu 1, msr 2c6e041, secondary cpu clock
[    0.572451] kernel: kvm-guest: setup async PF for cpu 1
[    0.572451] kernel: kvm-guest: stealtime: cpu 1, msr 26571f140
[    0.572451] kernel: smp: Brought up 1 node, 2 CPUs
[    0.572451] kernel: smpboot: Max logical packages: 1
[    0.572451] kernel: smpboot: Total of 2 process[D 01/16/2023 17:42:13] PVFS2 Server version 2.9.7-orangefs-REV-65ab0d2 starting.
[E 01/16/2023 17:43:19] PVFS2 server got signal 15 (server_status_flag: 2080767)
[D 02/18/2023 14:39:31] PVFS2 Server version 2.9.7-orangefs-REV-65ab0d2 starting.
[D 02/18/2023 14:47:30] PVFS2 received server: signal 1
[E 02/18/2023 14:47:30] PVFS2 server got signal 15 (server_status_flag: 2080767)
zy mode 
[    0.703235] kernel: pci 0000:00:02.0: vgaarb: setting as boot VGA device
[    0.703235] kernel: pci 0000:00:02.0: vgaarb: VGA device added: decodes=io+mem,owns=io+mem,locks=none
[    0.703235] kernel: pci 0000:00:02.0: vgaarb: bridge control possible
[    0.703235] kernel: vgaarb: loaded
[    0.703417] kernel: SCSI subsystem initialized
[    0.703431] kernel: libata version 3.00 loaded.
[    0.703431] kernel: ACPI: bus type USB registered
[    0.703431] kernel: usbcore: registered new interface driver usbfs
[    0.703453] kernel: usbcore: registered new interface driver hub
[    0.703474] kernel: usbcore: registered new device driver usb
[    0.703536] kernel: pps_core: LinuxPPS API ver. 1 registered
[    0.703538] kernel: pps_core: Software ver. 5.3.6 - Copyright 2005-2007 Rodolfo Giometti <giometti@linux.it>
[    0.703550] kernel: PTP clock support registered
[    0.704186] kernel: Advanced Linux Sound Architecture Driver Initialized.
[    0.704497] kernel: NetLabel: Iniors activated (10375.61 BogoMIPS)
[    0.573152] kernel: devtmpfs: initialized
[    0.573184] kernel: clocksource: jiffies: mask: 0xffffffff max_cycles: 0xffffffff, max_idle_ns: 1911260446275000 ns
[    0.573184] kernel: futex hash table entries: 512 (order: 3, 32768 bytes, linear)
[    0.573761] kernel: PM: RTC time: 23:38:02, date: 2023-03-24
[    0.574133] kernel: NET: Registered PF_NETLINK/PF_ROUTE protocol family
[    0.574301] kernel: audit: initializing netlink subsys (disabled)
[    0.574313] kernel: audit: type=2000 audit(1679701083.179:1): state=initialized audit_enabled=0 res=1
[    0.574338] kernel: thermal_sys: Registered thermal governor 'step_wise'
[    0.574339] kernel: thermal_sys: Registered thermal governor 'user_space'
[    0.575064] kernel: cpuidle: using governor menu
[    0.575119] kernel: ACPI: bus type PCI registered
[    0.575249] kernel: PCI: Using configuration type 1 for base access
[    0.581073] kernel: Kprobes globally optimized
[    0.581087] kernel: Htializing
[    0.704498] kernel: NetLabel:  domain hash size = 128
[    0.704499] kernel: NetLabel:  protocols = UNLABELED CIPSOv4 CALIPSO
[    0.704537] kernel: NetLabel:  unlabeled traffic allowed by default
[    0.704570] kernel: PCI: Using ACPI for IRQ routing
[    0.704570] kernel: PCI: pci_cache_line_size set to 64 bytes
[    0.704570] kernel: e820: reserve RAM buffer [mem 0x0009fc00-0x0009ffff]
[    0.704570] kernel: e820: reserve RAM buffer [mem 0xbffe0000-0xbfffffff]
[    0.704570] kernel: hpet0: at MMIO 0xfed00000, IRQs 2, 8, 0
[    0.704570] kernel: hpet0: 3 comparators, 64-bit 100.000000 MHz counter
[    0.709242] kernel: clocksource: Switched to clocksource kvm-clock
[    0.734527] kernel: VFS: Disk quotas dquot_6.6.0
[    0.734546] kernel: VFS: Dquot-cache hash table entries: 512 (order 0, 4096 bytes)
[    0.734646] kernel: pnp: PnP ACPI init
[    0.734849] kernel: pnp 00:02: [dma 2]
[    0.735918] kernel: pnp: PnP ACPI: found 6 devices
[    0.748470] kernel: clocksourcebefore receive testcase: 0 1
 kernel: ACPI: HPET 0x00000000BFFE191C 000038 (v01 BOCHS  BXPC     00000001 BXPC 00000001)
[    0.005335] kernel: ACPI: WAET 0x00000000BFFE1954 000028 (v01 BOCHS  BXPC     00000001 BXPC 00000001)
[    0.005336] kernel: ACPI: Reserving FACP table memory at [mem 0xbffe1828-0xbffe189b]
[    0.005338] kernel: ACPI: Reserving DSDT table memory at [mem 0xbffe0040-0xbffe1827]
[    0.005338] kernel: ACPI: Reserving FACS table memory at [mem 0xbffe0000-0xbffe003f]
[    0.005339] kernel: ACPI: Reserving APIC table memory at [mem 0xbffe189c-0xbffe191b]
[    0.005339] kernel: ACPI: Reserving HPET table memory at [mem 0xbffe191c-0xbffe1953]
[    0.005340] kernel: ACPI: Reserving WAET table memory at [mem 0xbffe1954-0xbffe197b]
[    0.005616] kernel: No NUMA configuration found
[    0.005617] kernel: Faking a node at [mem 0x0000000000000000-0x00000002bfffffff]
[    0.005619] kernel: NODE_DATA(0) allocated [mem 0x2bfffa000-0x2bfffdfff]
[    0.005698] kernel: Zone ranges:
[    0.005698] kernel:   DMAugeTLB registered 2.00 MiB page size, pre-allocated 0 pages
[    0.581089] kernel: cryptomgr_test (27) used greatest stack depth: 31400 bytes left
[    0.582053] kernel: ACPI: Added _OSI(Module Device)
[    0.582054] kernel: ACPI: Added _OSI(Processor Device)
[    0.582055] kernel: ACPI: Added _OSI(3.0 _SCP Extensions)
[    0.582056] kernel: ACPI: Added _OSI(Processor Aggregator Device)
[    0.582059] kernel: ACPI: Added _OSI(Linux-Dell-Video)
[    0.582061] kernel: ACPI: Added _OSI(Linux-Lenovo-NV-HDMI-Audio)
[    0.582063] kernel: ACPI: Added _OSI(Linux-HPI-Hybrid-Graphics)
[    0.587468] kernel: ACPI: 1 ACPI AML tables successfully acquired and loaded
[    0.589223] kernel: ACPI: Interpreter enabled
[    0.589249] kernel: ACPI: PM: (supports S0 S3 S4 S5)
[    0.589251] kernel: ACPI: Using IOAPIC for interrupt routing
[    0.589276] kernel: PCI: Using host bridge windows from ACPI; if necessary, use "pci=nocrs" and report a bug
[    0.589606] kernel: ACPI: Enabled 2 GPEs in block 00: acpi_pm: mask: 0xffffff max_cycles: 0xffffff, max_idle_ns: 2085701024 ns
[    0.748519] kernel: NET: Registered PF_INET protocol family
[    0.749085] kernel: IP idents hash table entries: 262144 (order: 9, 2097152 bytes, linear)
[    0.751098] kernel: tcp_listen_portaddr_hash hash table entries: 8192 (order: 5, 131072 bytes, linear)
[    0.751132] kernel: TCP established hash table entries: 131072 (order: 8, 1048576 bytes, linear)
[    0.751285] kernel: TCP bind hash table entries: 65536 (order: 8, 1048576 bytes, linear)
[    0.751722] kernel: TCP: Hash tables configured (established 131072 bind 65536)
[    0.751775] kernel: UDP hash table entries: 8192 (order: 6, 262144 bytes, linear)
[    0.751805] kernel: UDP-Lite hash table entries: 8192 (order: 6, 262144 bytes, linear)
[    0.751898] kernel: NET: Registered PF_UNIX/PF_LOCAL protocol family
[    0.752215] kernel: pci_bus 0000:00: resource 4 [io  0x0000-0x0cf7 window]
[    0.752219] kernel: pci_bus 0000:00: resource 5 [io  0x0d0      [mem 0x0000000000001000-0x0000000000ffffff]
[    0.005700] kernel:   DMA32    [mem 0x0000000001000000-0x00000000ffffffff]
[    0.005701] kernel:   Normal   [mem 0x0000000100000000-0x00000002bfffffff]
[    0.005702] kernel: Movable zone start for each node
[    0.005703] kernel: Early memory node ranges
[    0.005703] kernel:   node   0: [mem 0x0000000000001000-0x000000000009efff]
[    0.005704] kernel:   node   0: [mem 0x0000000000100000-0x00000000bffdffff]
[    0.005705] kernel:   node   0: [mem 0x0000000100000000-0x00000002bfffffff]
[    0.005707] kernel: Initmem setup node 0 [mem 0x0000000000001000-0x00000002bfffffff]
[    0.006125] kernel: On node 0, zone DMA: 1 pages in unavailable ranges
[    0.006136] kernel: On node 0, zone DMA: 97 pages in unavailable ranges
[    0.047454] kernel: On node 0, zone Normal: 32 pages in unavailable ranges
[    0.396616] kernel: kasan: KernelAddressSanitizer initialized
[    0.397020] kernel: ACPI: PM-Timer IO Port: 0x608
[    0.397027] kern to 0F
[    0.599129] kernel: ACPI: PCI Root Bridge [PCI0] (domain 0000 [bus 00-ff])
[    0.599139] kernel: acpi PNP0A03:00: _OSC: OS supports [ASPM ClockPM Segments MSI HPX-Type3]
[    0.599183] kernel: acpi PNP0A03:00: fail to add MMCONFIG information, can't access extended PCI configuration space under this bridge.
[    0.599283] kernel: PCI host bridge to bus 0000:00
[    0.599286] kernel: pci_bus 0000:00: root bus resource [io  0x0000-0x0cf7 window]
[    0.599288] kernel: pci_bus 0000:00: root bus resource [io  0x0d00-0xffff window]
[    0.599290] kernel: pci_bus 0000:00: root bus resource [mem 0x000a0000-0x000bffff window]
[    0.599292] kernel: pci_bus 0000:00: root bus resource [mem 0xc0000000-0xfebfffff window]
[    0.599293] kernel: pci_bus 0000:00: root bus resource [mem 0x2c0000000-0x33fffffff window]
[    0.599296] kernel: pci_bus 0000:00: root bus resource [bus 00-ff]
[    0.599751] kernel: pci 0000:00:00.0: [8086:1237] type 00 class 0x060000
[    0.602995] kernel: pci 00-0xffff window]
[    0.752220] kernel: pci_bus 0000:00: resource 6 [mem 0x000a0000-0x000bffff window]
[    0.752222] kernel: pci_bus 0000:00: resource 7 [mem 0xc0000000-0xfebfffff window]
[    0.752223] kernel: pci_bus 0000:00: resource 8 [mem 0x2c0000000-0x33fffffff window]
[    0.752345] kernel: pci 0000:00:01.0: PIIX3: Enabling Passive Release
[    0.752354] kernel: pci 0000:00:00.0: Limiting direct PCI/PCI transfers
[    0.752364] kernel: pci 0000:00:01.0: Activating ISA DMA hang workarounds
[    0.752404] kernel: pci 0000:00:02.0: Video device with shadowed ROM at [mem 0x000c0000-0x000dffff]
[    0.752444] kernel: PCI: CLS 0 bytes, default 64
[    0.752461] kernel: PCI-DMA: Using software bounce buffering for IO (SWIOTLB)
[    0.752463] kernel: software IO TLB: mapped [mem 0x00000000bbfe0000-0x00000000bffe0000] (64MB)
[    0.752591] kernel: RAPL PMU: API unit is 2^-32 Joules, 0 fixed counters, 10737418240 ms ovfl timer
[    0.752603] kernel: clocksource: tsc: mask: 0xfffffffffff000:00:01.0: [8086:7000] type 00 class 0x060100
[    0.603689] kernel: pci 0000:00:01.1: [8086:7010] type 00 class 0x010180
[    0.605561] kernel: pci 0000:00:01.1: reg 0x20: [io  0xc040-0xc04f]
[    0.606284] kernel: pci 0000:00:01.1: legacy IDE quirk: reg 0x10: [io  0x01f0-0x01f7]
[    0.606286] kernel: pci 0000:00:01.1: legacy IDE quirk: reg 0x14: [io  0x03f6]
[    0.606287] kernel: pci 0000:00:01.1: legacy IDE quirk: reg 0x18: [io  0x0170-0x0177]
[    0.606288] kernel: pci 0000:00:01.1: legacy IDE quirk: reg 0x1c: [io  0x0376]
[    0.606859] kernel: pci 0000:00:01.3: [8086:7113] type 00 class 0x068000
[    0.607108] kernel: pci 0000:00:01.3: quirk: [io  0x0600-0x063f] claimed by PIIX4 ACPI
[    0.607114] kernel: pci 0000:00:01.3: quirk: [io  0x0700-0x070f] claimed by PIIX4 SMB
[    0.607936] kernel: pci 0000:00:02.0: [1234:1111] type 00 class 0x030000
[    0.608363] kernel: pci 0000:00:02.0: reg 0x10: [mem 0xfd000000-0xfdffffff pref]
[    0.609320] kernel: pci 0000:00:02.0: reg 0xel: ACPI: LAPIC_NMI (acpi_id[0xff] dfl dfl lint[0x1])
[    0.397067] kernel: IOAPIC[0]: apic_id 0, version 17, address 0xfec00000, GSI 0-23
[    0.397070] kernel: ACPI: INT_SRC_OVR (bus 0 bus_irq 0 global_irq 2 dfl dfl)
[    0.397072] kernel: ACPI: INT_SRC_OVR (bus 0 bus_irq 5 global_irq 5 high level)
[    0.397073] kernel: ACPI: INT_SRC_OVR (bus 0 bus_irq 9 global_irq 9 high level)
[    0.397074] kernel: ACPI: INT_SRC_OVR (bus 0 bus_irq 10 global_irq 10 high level)
[    0.397076] kernel: ACPI: INT_SRC_OVR (bus 0 bus_irq 11 global_irq 11 high level)
[    0.397079] kernel: ACPI: Using ACPI (MADT) for SMP configuration information
[    0.397080] kernel: ACPI: HPET id: 0x8086a201 base: 0xfed00000
[    0.397083] kernel: TSC deadline timer available
[    0.397084] kernel: smpboot: Allowing 2 CPUs, 0 hotplug CPUs
[    0.397106] kernel: kvm-guest: KVM setup pv remote TLB flush
[    0.397111] kernel: kvm-guest: setup PV sched yield
[    0.397122] kernel: PM: hibernation: Registered nosave memfffff max_cycles: 0x2563bd843df, max_idle_ns: 440795257314 ns
[    0.752618] kernel: clocksource: Switched to clocksource tsc
[    0.754490] kernel: Initialise system trusted keyrings
[    0.754565] kernel: workingset: timestamp_bits=56 max_order=22 bucket_order=0
[    0.760734] kernel: fuse: init (API version 7.34)
[    0.761081] kernel: orangefs_debugfs_init: called with debug mask: :none: :0:
[    0.761155] kernel: orangefs_init: module version upstream loaded
[    0.772514] kernel: Key type asymmetric registered
[    0.772516] kernel: Asymmetric key parser 'x509' registered
[    0.772598] kernel: Block layer SCSI generic (bsg) driver version 0.4 loaded (major 250)
[    0.772600] kernel: io scheduler mq-deadline registered
[    0.772601] kernel: io scheduler kyber registered
[    0.773019] kernel: input: Power Button as /devices/LNXSYSTM:00/LNXPWRBN:00/input/input0
[    0.773102] kernel: ACPI: button: Power Button [PWRF]
[    1.182026] kernel: ACPI: \_SB_.LNKC: Enabled at IRQ 11
[ ory: [mem 0x00000000-0x00000fff]
[    0.397124] kernel: PM: hibernation: Registered nosave memory: [mem 0x0009f000-0x0009ffff]
[    0.397126] kernel: PM: hibernation: Registered nosave memory: [mem 0x000a0000-0x000effff]
[    0.397126] kernel: PM: hibernation: Registered nosave memory: [mem 0x000f0000-0x000fffff]
[    0.397127] kernel: PM: hibernation: Registered nosave memory: [mem 0xbffe0000-0xbfffffff]
[    0.397128] kernel: PM: hibernation: Registered nosave memory: [mem 0xc0000000-0xfeffbfff]
[    0.397129] kernel: PM: hibernation: Registered nosave memory: [mem 0xfeffc000-0xfeffffff]
[    0.397130] kernel: PM: hibernation: Registered nosave memory: [mem 0xff000000-0xfffbffff]
[    0.397130] kernel: PM: hibernation: Registered nosave memory: [mem 0xfffc0000-0xffffffff]
[    0.397132] kernel: [mem 0xc0000000-0xfeffbfff] available for PCI devices
[    0.397133] kernel: Booting paravirtualized kernel on KVM
[    0.397135] kernel: clocksource: refined-jiffies: mask: 0xffffffff max_cy18: [mem 0xfeb90000-0xfeb90fff]
[    0.612498] kernel: pci 0000:00:02.0: reg 0x30: [mem 0xfeb80000-0xfeb8ffff pref]
[    0.615704] kernel: pci 0000:00:03.0: [1af4:1005] type 00 class 0x00ff00
[    0.616474] kernel: pci 0000:00:03.0: reg 0x10: [io  0xc000-0xc01f]
[    0.619676] kernel: pci 0000:00:03.0: reg 0x20: [mem 0xfe200000-0xfe203fff 64bit pref]
[    0.624429] kernel: pci 0000:00:04.0: [1af4:1000] type 00 class 0x020000
[    0.625048] kernel: pci 0000:00:04.0: reg 0x10: [io  0xc020-0xc03f]
[    0.626048] kernel: pci 0000:00:04.0: reg 0x14: [mem 0xfeb91000-0xfeb91fff]
[    0.628890] kernel: pci 0000:00:04.0: reg 0x20: [mem 0xfe204000-0xfe207fff 64bit pref]
[    0.629514] kernel: pci 0000:00:04.0: reg 0x30: [mem 0xfeb00000-0xfeb7ffff pref]
[    0.633908] kernel: pci 0000:00:10.0: [1af4:1110] type 00 class 0x050000
[    0.634412] kernel: pci 0000:00:10.0: reg 0x10: [mem 0xfeb92000-0xfeb920ff]
[    0.635811] kernel: pci 0000:00:10.0: reg 0x18: [mem 0xfe000000-0xfe0fffff 64bit pref]
[   1.570492] kernel: ACPI: \_SB_.LNKD: Enabled at IRQ 10
[    1.572238] kernel: Serial: 8250/16550 driver, 4 ports, IRQ sharing enabled
[    1.572369] kernel: 00:04: ttyS0 at I/O 0x3f8 (irq = 4, base_baud = 115200) is a 16550A
[    1.575187] kernel: Non-volatile memory driver v1.3
[    1.575682] kernel: Linux agpgart interface v0.103
[    1.585023] kernel: loop: module loaded
[    1.585254] kernel: ata_piix 0000:00:01.1: version 2.13
[    1.587798] kernel: scsi host0: ata_piix
[    1.589005] kernel: scsi host1: ata_piix
[    1.589194] kernel: ata1: PATA max MWDMA2 cmd 0x1f0 ctl 0x3f6 bmdma 0xc040 irq 14
[    1.589197] kernel: ata2: PATA max MWDMA2 cmd 0x170 ctl 0x376 bmdma 0xc048 irq 15
[    1.589746] kernel: libphy: Fixed MDIO Bus: probed
[    1.592805] kernel: e100: Intel(R) PRO/100 Network Driver
[    1.592808] kernel: e100: Copyright(c) 1999-2006 Intel Corporation
[    1.592831] kernel: e1000: Intel(R) PRO/1000 Network Driver
[    1.592832] kernel: e1000: Copyright (c) 1999-2006 Icles: 0xffffffff, max_idle_ns: 1910969940391419 ns
[    0.402085] kernel: setup_percpu: NR_CPUS:64 nr_cpumask_bits:64 nr_cpu_ids:2 nr_node_ids:1
[    0.402700] kernel: percpu: Embedded 56 pages/cpu s191576 r8192 d29608 u1048576
[    0.402705] kernel: pcpu-alloc: s191576 r8192 d29608 u1048576 alloc=1*2097152
[    0.402708] kernel: pcpu-alloc: [0] 0 1 
[    0.402733] kernel: kvm-guest: setup async PF for cpu 0
[    0.402739] kernel: kvm-guest: stealtime: cpu 0, msr 26561f140
[    0.402743] kernel: Built 1 zonelists, mobility grouping on.  Total pages: 2580192
[    0.402745] kernel: Policy zone: Normal
[    0.402746] kernel: Kernel command line: root=/dev/sda console=ttyS0 net.ifnames=0 ip=192.168.0.7 quiet nokaslr
[    0.402833] kernel: Unknown command line parameters: nokaslr
[    0.407358] kernel: Dentry cache hash table entries: 2097152 (order: 12, 16777216 bytes, linear)
[    0.409556] kernel: Inode-cache hash table entries: 1048576 (order: 11, 8388608 bytes, linear)
[    0.409618]     0.642684] kernel: pci 0000:00:11.0: [1af4:1110] type 00 class 0x050000
[    0.643048] kernel: pci 0000:00:11.0: reg 0x10: [mem 0xfeb93000-0xfeb930ff]
[    0.644048] kernel: pci 0000:00:11.0: reg 0x18: [mem 0xfe208000-0xfe2083ff 64bit pref]
[    0.650755] kernel: pci 0000:00:12.0: [1af4:1110] type 00 class 0x050000
[    0.651408] kernel: pci 0000:00:12.0: reg 0x10: [mem 0xfeb94000-0xfeb940ff]
[    0.652789] kernel: pci 0000:00:12.0: reg 0x18: [mem 0xfe100000-0xfe1fffff 64bit pref]
[    0.659861] kernel: ACPI: PCI: Interrupt link LNKA configured for IRQ 10
[    0.660286] kernel: ACPI: PCI: Interrupt link LNKB configured for IRQ 10
[    0.660692] kernel: ACPI: PCI: Interrupt link LNKC configured for IRQ 11
[    0.661092] kernel: ACPI: PCI: Interrupt link LNKD configured for IRQ 11
[    0.661254] kernel: ACPI: PCI: Interrupt link LNKS configured for IRQ 9
[    0.661946] kernel: iommu: Default domain type: Translated 
[    0.661948] kernel: iommu: DMA domain TLB invalidation policy: lantel Corporation.
[    1.592874] kernel: e1000e: Intel(R) PRO/1000 Network Driver
[    1.592875] kernel: e1000e: Copyright(c) 1999 - 2015 Intel Corporation.
[    1.592915] kernel: sky2: driver version 1.30
[    1.593479] kernel: ehci_hcd: USB 2.0 'Enhanced' Host Controller (EHCI) Driver
[    1.593483] kernel: ehci-pci: EHCI PCI platform driver
[    1.593517] kernel: ohci_hcd: USB 1.1 'Open' Host Controller (OHCI) Driver
[    1.593530] kernel: ohci-pci: OHCI PCI platform driver
[    1.593552] kernel: uhci_hcd: USB Universal Host Controller Interface driver
[    1.593749] kernel: usbcore: registered new interface driver usblp
[    1.593780] kernel: usbcore: registered new interface driver usb-storage
[    1.593868] kernel: i8042: PNP: PS/2 Controller [PNP0303:KBD,PNP0f13:MOU] at 0x60,0x64 irq 1,12
[    1.594774] kernel: serio: i8042 KBD port at 0x60,0x64 irq 1
[    1.594784] kernel: serio: i8042 AUX port at 0x60,0x64 irq 12
[    1.595652] kernel: rtc_cmos 00:05: RTC can wake from S4
[  kernel: mem auto-init: stack:off, heap alloc:off, heap free:off
[    0.573199] kernel: Memory: 8872648K/10485240K available (14348K kernel code, 2403K rwdata, 3568K rodata, 1384K init, 1732K bss, 1612392K reserved, 0K cma-reserved)
[    0.573298] kernel: SLUB: HWalign=64, Order=0-3, MinObjects=0, CPUs=2, Nodes=1
[    0.573822] kernel: rcu: Hierarchical RCU implementation.
[    0.573823] kernel: rcu:         RCU event tracing is enabled.
[    0.573825] kernel: rcu:         RCU restricting CPUs from NR_CPUS=64 to nr_cpu_ids=2.
[    0.573827] kernel: rcu: RCU calculated value of scheduler-enlistment delay is 100 jiffies.
[    0.573828] kernel: rcu: Adjusting geometry for rcu_fanout_leaf=16, nr_cpu_ids=2
[    0.577171] kernel: NR_IRQS: 4352, nr_irqs: 440, preallocated irqs: 16
[    0.577398] kernel: random: get_random_bytes called from start_kernel+0x4b1/0x67a with crng_init=0
[    0.581559] kernel: Console: colour VGA+ 80x25
[    0.581604] kernel: printk: console [ttyS0] enabled
[    0.5zy mode 
[    0.662062] kernel: pci 0000:00:02.0: vgaarb: setting as boot VGA device
[    0.662064] kernel: pci 0000:00:02.0: vgaarb: VGA device added: decodes=io+mem,owns=io+mem,locks=none
[    0.662066] kernel: pci 0000:00:02.0: vgaarb: bridge control possible
[    0.662067] kernel: vgaarb: loaded
[    0.662290] kernel: SCSI subsystem initialized
[    0.662305] kernel: libata version 3.00 loaded.
[    0.662312] kernel: ACPI: bus type USB registered
[    0.662403] kernel: usbcore: registered new interface driver usbfs
[    0.662449] kernel: usbcore: registered new interface driver hub
[    0.662479] kernel: usbcore: registered new device driver usb
[    0.662571] kernel: pps_core: LinuxPPS API ver. 1 registered
[    0.662573] kernel: pps_core: Software ver. 5.3.6 - Copyright 2005-2007 Rodolfo Giometti <giometti@linux.it>
[    0.662595] kernel: PTP clock support registered
[    0.663126] kernel: Advanced Linux Sound Architecture Driver Initialized.
[    0.663429] kernel: NetLabel: Ini  1.596591] kernel: input: AT Translated Set 2 keyboard as /devices/platform/i8042/serio0/input/input1
[    1.598387] kernel: rtc_cmos 00:05: registered as rtc0
[    1.598427] kernel: rtc_cmos 00:05: alarms up to one day, y3k, 242 bytes nvram, hpet irqs
[    1.598709] kernel: device-mapper: ioctl: 4.45.0-ioctl (2021-03-22) initialised: dm-devel@redhat.com
[    1.598713] kernel: intel_pstate: CPU model not supported
[    1.598775] kernel: hid: raw HID events driver (C) Jiri Kosina
[    1.599435] kernel: usbcore: registered new interface driver usbhid
[    1.599437] kernel: usbhid: USB HID core driver
[    1.599764] kernel: netem: version 1.3
[    1.601363] kernel: Initializing XFRM netlink socket
[    1.601650] kernel: NET: Registered PF_INET6 protocol family
[    1.612991] kernel: Segment Routing with IPv6
[    1.613029] kernel: In-situ OAM (IOAM) with IPv6
[    1.613322] kernel: sit: IPv6, IPv4 and MPLS over IPv4 tunneling driver
[    1.614073] kernel: NET: Registered PF_PACKET proto81623] kernel: ACPI: Core revision 20210730
[    0.581791] kernel: clocksource: hpet: mask: 0xffffffff max_cycles: 0xffffffff, max_idle_ns: 19112604467 ns
[    0.581881] kernel: APIC: Switch to symmetric I/O mode setup
[    0.581885] kernel: kvm-guest: setup PV IPIs
[    0.582982] kernel: ..TIMER: vector=0x30 apic1=0 pin1=2 apic2=-1 pin2=-1
[    0.583007] kernel: clocksource: tsc-early: mask: 0xffffffffffffffff max_cycles: 0x2563bd843df, max_idle_ns: 440795257314 ns
[    0.583013] kernel: Calibrating delay loop (skipped) preset value.. 5187.80 BogoMIPS (lpj=2593904)
[    0.583016] kernel: pid_max: default: 32768 minimum: 301
[    0.583050] kernel: LSM: Security Framework initializing
[    0.583064] kernel: SELinux:  Initializing.
[    0.583136] kernel: Mount-cache hash table entries: 32768 (order: 6, 262144 bytes, linear)
[    0.583532] kernel: Mountpoint-cache hash table entries: 32768 (order: 6, 262144 bytes, linear)
[    0.584295] kernel: x86/cpu: User Mode Instruction Prevention (col family
[    1.614259] kernel: 9pnet: Installing 9P2000 support
[    1.614356] kernel: Key type dns_resolver registered
[    1.614385] kernel: Key type ceph registered
[    1.614808] kernel: libceph: loaded (mon/osd proto 15/24)
[    1.615364] kernel: IPI shorthand broadcast: enabled
[    1.615405] kernel: sched_clock: Marking stable (1610530524, 4732037)->(1636805641, -21543080)
[    1.615840] kernel: registered taskstats version 1
[    1.615842] kernel: Loading compiled-in X.509 certificates
[    1.617608] kernel: PM:   Magic number: 15:806:656
[    1.617666] kernel: printk: console [netcon0] enabled
[    1.617668] kernel: netconsole: network logging started
[    1.746878] kernel: ata2.01: NODEV after polling detection
[    1.747392] kernel: ata1.01: NODEV after polling detection
[    1.747573] kernel: ata2.00: ATAPI: QEMU DVD-ROM, 2.5+, max UDMA/100
[    1.747950] kernel: ata1.00: ATA-7: QEMU HARDDISK, 2.5+, max UDMA/100
[    1.747953] kernel: ata1.00: 88078336 sectors, multi 16UMIP) activated
[    0.584462] kernel: Last level iTLB entries: 4KB 0, 2MB 0, 4MB 0
[    0.584463] kernel: Last level dTLB entries: 4KB 0, 2MB 0, 4MB 0, 1GB 0
[    0.584475] kernel: Spectre V1 : Mitigation: usercopy/swapgs barriers and __user pointer sanitization
[    0.584478] kernel: Spectre V2 : Mitigation: Enhanced IBRS
[    0.584479] kernel: Spectre V2 : Spectre v2 / SpectreRSB mitigation: Filling RSB on context switch
[    0.584481] kernel: Spectre V2 : mitigation: Enabling conditional Indirect Branch Prediction Barrier
[    0.584482] kernel: Speculative Store Bypass: Mitigation: Speculative Store Bypass disabled via prctl and seccomp
[    0.584483] kernel: TAA: Mitigation: TSX disabled
[    0.590735] kernel: Freeing SMP alternatives memory: 40K
[    0.590874] kernel: smpboot: CPU0: Intel(R) Xeon(R) Gold 6348 CPU @ 2.60GHz (family: 0x6, model: 0x6a, stepping: 0x6)
[    0.590996] kernel: Performance Events: Icelake events, 32-deep LBR, full-width counters, Intel PMU driver.
[    tializing
[    0.663430] kernel: NetLabel:  domain hash size = 128
[    0.663431] kernel: NetLabel:  protocols = UNLABELED CIPSOv4 CALIPSO
[    0.663472] kernel: NetLabel:  unlabeled traffic allowed by default
[    0.663503] kernel: PCI: Using ACPI for IRQ routing
[    0.663503] kernel: PCI: pci_cache_line_size set to 64 bytes
[    0.663503] kernel: e820: reserve RAM buffer [mem 0x0009fc00-0x0009ffff]
[    0.663503] kernel: e820: reserve RAM buffer [mem 0xbffe0000-0xbfffffff]
[    0.663503] kernel: hpet0: at MMIO 0xfed00000, IRQs 2, 8, 0
[    0.663503] kernel: hpet0: 3 comparators, 64-bit 100.000000 MHz counter
[    0.666150] kernel: clocksource: Switched to clocksource kvm-clock
[    0.691465] kernel: VFS: Disk quotas dquot_6.6.0
[    0.691484] kernel: VFS: Dquot-cache hash table entries: 512 (order 0, 4096 bytes)
[    0.691591] kernel: pnp: PnP ACPI init
[    0.691806] kernel: pnp 00:02: [dma 2]
[    0.692884] kernel: pnp: PnP ACPI: found 6 devices
[    0.700232] kernel: clocksource: acpi_pm: mask: 0xffffff max_cycles: 0xffffff, max_idle_ns: 2085701024 ns
[    0.700286] kernel: NET: Registered PF_INET protocol family
[    0.700896] kernel: IP idents hash table entries: 262144 (order: 9, 2097152 bytes, linear)
[    0.702926] kernel: tcp_listen_portaddr_hash hash table entries: 8192 (order: 5, 131072 bytes, linear)
[    0.702959] kernel: TCP established hash table entries: 131072 (order: 8, 1048576 bytes, linear)
[    0.703116] kernel: TCP bind hash table entries: 65536 (order: 8, 1048576 bytes, linear)
[    0.703542] kernel: TCP: Hash tables configured (established 131072 bind 65536)
[    0.703598] kernel: UDP hash table entries: 8192 (order: 6, 262144 bytes, linear)
[    0.703630] kernel: UDP-Lite hash table entries: 8192 (order: 6, 262144 bytes, linear)
[    0.703729] kernel: NET: Registered PF_UNIX/PF_LOCAL protocol family
[    0.704057] kernel: pci_bus 0000:00: resource 4 [io  0x0000-0x0cf7 window]
[    0.704062] kernel: pci_bus 0000:00: resource 5 [io  0x0d0: LBA48 
[    1.749347] kernel: scsi 0:0:0:0: Direct-Access     ATA      QEMU HARDDISK    2.5+ PQ: 0 ANSI: 5
[    1.749716] kernel: scsi 0:0:0:0: Attached scsi generic sg0 type 0
[    1.750107] kernel: scsi 1:0:0:0: CD-ROM            QEMU     QEMU DVD-ROM     2.5+ PQ: 0 ANSI: 5
[    1.750841] kernel: sd 0:0:0:0: [sda] 88078336 512-byte logical blocks: (45.1 GB/42.0 GiB)
[    1.750868] kernel: sd 0:0:0:0: [sda] Write Protect is off
[    1.750877] kernel: sd 0:0:0:0: [sda] Mode Sense: 00 3a 00 00
[    1.750910] kernel: sd 0:0:0:0: [sda] Write cache: enabled, read cache: enabled, doesn't support DPO or FUA
[    1.754805] kernel: sd 0:0:0:0: [sda] Attached SCSI disk
[    1.769377] kernel: sr 1:0:0:0: [sr0] scsi3-mmc drive: 4x/4x cd/rw xa/form2 tray
[    1.769388] kernel: cdrom: Uniform CD-ROM driver Revision: 3.20
[    1.787480] kernel: sr 1:0:0:0: Attached scsi CD-ROM sr0
[    1.787682] kernel: sr 1:0:0:0: Attached scsi generic sg1 type 5
[    2.217922] kernel: input: ImExPS/2 Generic Ex0.591010] kernel: ... version:                2
[    0.591010] kernel: ... bit width:              48
[    0.591010] kernel: ... generic registers:      8
[    0.591010] kernel: ... value mask:             0000ffffffffffff
[    0.591010] kernel: ... max period:             00007fffffffffff
[    0.591010] kernel: ... fixed-purpose events:   3
[    0.591010] kernel: ... event mask:             00000007000000ff
[    0.591010] kernel: rcu: Hierarchical SRCU implementation.
[    0.591010] kernel: smp: Bringing up secondary CPUs ...
[    0.591010] kernel: x86: Booting SMP configuration:
[    0.591010] kernel: .... node  #0, CPUs:      #1
[    0.005644] kernel: kvm-clock: cpu 1, msr 2c6e041, secondary cpu clock
[    0.591721] kernel: kvm-guest: setup async PF for cpu 1
[    0.591721] kernel: kvm-guest: stealtime: cpu 1, msr 26571f140
[    0.591721] kernel: smp: Brought up 1 node, 2 CPUs
[    0.591721] kernel: smpboot: Max logical packages: 1
[    0.591721] kernel: smpboot: Total of 2 processplorer Mouse as /devices/platform/i8042/serio1/input/input3
[    2.230211] kernel: IP-Config: Guessing netmask 255.255.255.0
[    2.230214] kernel: IP-Config: Complete:
[    2.230215] kernel:      device=eth0, hwaddr=e6:c8:ff:09:76:06, ipaddr=192.168.0.6, mask=255.255.255.0, gw=255.255.255.255
[    2.230218] kernel:      host=192.168.0.6, domain=, nis-domain=(none)
[    2.230219] kernel:      bootserver=255.255.255.255, rootserver=255.255.255.255, rootpath=
[    2.230333] kernel: cfg80211: Loading compiled-in X.509 certificates for regulatory database
[    2.230557] kernel: kworker/u4:1 (69) used greatest stack depth: 30472 bytes left
[    2.230988] kernel: cfg80211: Loaded X.509 cert 'sforshee: 00b28ddf47aef9cea7'
[    2.231001] kernel: ALSA device list:
[    2.231002] kernel:   No soundcards found.
[    2.231294] kernel: md: Waiting for all devices to be available before autodetect
[    2.231295] kernel: md: If you don't use raid, use raid=noautodetect
[    2.231295] kernel: md: Aut0-0xffff window]
[    0.704063] kernel: pci_bus 0000:00: resource 6 [mem 0x000a0000-0x000bffff window]
[    0.704065] kernel: pci_bus 0000:00: resource 7 [mem 0xc0000000-0xfebfffff window]
[    0.704066] kernel: pci_bus 0000:00: resource 8 [mem 0x2c0000000-0x33fffffff window]
[    0.704185] kernel: pci 0000:00:01.0: PIIX3: Enabling Passive Release
[    0.704194] kernel: pci 0000:00:00.0: Limiting direct PCI/PCI transfers
[    0.704202] kernel: pci 0000:00:01.0: Activating ISA DMA hang workarounds
[    0.704249] kernel: pci 0000:00:02.0: Video device with shadowed ROM at [mem 0x000c0000-0x000dffff]
[    0.704288] kernel: PCI: CLS 0 bytes, default 64
[    0.704306] kernel: PCI-DMA: Using software bounce buffering for IO (SWIOTLB)
[    0.704308] kernel: software IO TLB: mapped [mem 0x00000000bbfe0000-0x00000000bffe0000] (64MB)
[    0.704789] kernel: RAPL PMU: API unit is 2^-32 Joules, 0 fixed counters, 10737418240 ms ovfl timer
[    0.704802] kernel: clocksource: tsc: mask: 0xfffffffffffors activated (10375.61 BogoMIPS)
[    0.592458] kernel: devtmpfs: initialized
[    0.593037] kernel: clocksource: jiffies: mask: 0xffffffff max_cycles: 0xffffffff, max_idle_ns: 1911260446275000 ns
[    0.593037] kernel: futex hash table entries: 512 (order: 3, 32768 bytes, linear)
[    0.593906] kernel: PM: RTC time: 23:38:02, date: 2023-03-24
[    0.594493] kernel: NET: Registered PF_NETLINK/PF_ROUTE protocol family
[    0.594936] kernel: audit: initializing netlink subsys (disabled)
[    0.595043] kernel: audit: type=2000 audit(1679701083.241:1): state=initialized audit_enabled=0 res=1
[    0.595294] kernel: thermal_sys: Registered thermal governor 'step_wise'
[    0.595296] kernel: thermal_sys: Registered thermal governor 'user_space'
[    0.596024] kernel: cpuidle: using governor menu
[    0.596149] kernel: ACPI: bus type PCI registered
[    0.596383] kernel: PCI: Using configuration type 1 for base access
[    0.602049] kernel: Kprobes globally optimized
[    0.602057] kernel: Hodetecting RAID arrays.
[    2.231297] kernel: md: autorun ...
