
Ubuntu 20.04 LTS dfs-fuzzing ttyS0

;32m  OK  [0m] Started [0;1;39mSession 3 of user root[0m.
[[0;32m  OK  [0m] Finished [0;1;39mDiscard unused blâ€¦n filesystems from /etc/fstab[0m.

Ubuntu 20.04 LTS dfs-fuzzing ttyS0


Ubuntu 20.04 LTS dfs-fuzzing ttyS0

2023/01/26 11:10:46 fuzzer started
2023/01/26 11:10:47 dialing manager at localhost:40269
2023/01/26 11:10:47 connecting to manager...
2023/01/26 11:10:47 syscalls: 50
2023/01/26 11:10:47 code coverage: enabled
2023/01/26 11:10:47 comparison tracing: enabled
2023/01/26 11:10:47 extra coverage: enabled
2023/01/26 11:10:47 setuid sandbox: enabled
2023/01/26 11:10:47 namespace sandbox: /proc/self/ns/user does not exist
2023/01/26 11:10:47 Android sandbox: /sys/fs/selinux/policy can't be opened (open /sys/fs/selinux/policy: invalid argument)
2023/01/26 11:10:47 fault injection: CONFIG_FAULT_INJECTION_DEBUG_FS or CONFIG_FAILSLAB are not enabled
2023/01/26 11:10:47 leak checking: CONFIG_DEBUG_KMEMLEAK is not enabled
2023/01/26 11:10:47 net packet injection: /dev/net/tun does not exist
2023/01/26 11:10:47 net device setup: enabled
2023/01/26 11:10:47 concurrency sanitizer: /sys/kernel/debug/kcsan does not exist
2023/01/26 11:10:47 devlink PCI setup: enabled
2023/01/26 11:10:47 USB emulation: /dev/raw-gadget does not exist
2023/01/26 11:10:47 hci packet injection: /dev/vhci does not exist
2023/01/26 11:10:47 wifi device emulation: /sys/class/mac80211_hwsim/ does not exist
2023/01/26 11:10:47 802.15.4 emulation: /sys/bus/platform/devices/mac802154_hwsim does not exist
2023/01/26 11:10:47 poll: candidates=0 inputs=0 signal=0
2023/01/26 11:10:47 fetching corpus: 0, signal 0/0/0 (executing program)
2023/01/26 11:10:47 sync: 3789, recv: 3787, send: 3788, up: 3790, down: 3784, net_up: 3786, net_down: 3785
2023/01/26 11:10:47 starting 1 fuzzer processes
2023/01/26 11:10:47 ----- generateCall 2373 mkdir mkdir
2023/01/26 11:10:47 ----- generateCall 3664 setxattr$incfs_metadata setxattr$incfs_metadata
2023/01/26 11:10:47 ----- generateCall 3675 setxattr$trusted_overlay_origin setxattr$trusted_overlay_origin
2023/01/26 11:10:47 ----- generateCall 4129 write$binfmt_script write$binfmt_script
2023/01/26 11:10:47 ----- generateCall 3663 setxattr$incfs_id setxattr$incfs_id
2023/01/26 11:10:47 ----- generateCall 3668 setxattr$security_ima setxattr$security_ima
2023/01/26 11:10:47 ----- generateCall 3668 setxattr$security_ima setxattr$security_ima
2023/01/26 11:10:47 ----- generateCall 4129 write$binfmt_script write$binfmt_script
2023/01/26 11:10:47 poll: candidates=0 inputs=0 signal=0
2023/01/26 11:10:47 ----- generateCall 121 chmod chmod
2023/01/26 11:10:47 ----- generateCall 3965 truncate truncate
2023/01/26 11:10:47 ----- generateCall 3677 setxattr$trusted_overlay_upper setxattr$trusted_overlay_upper
2023/01/26 11:10:47 ----- generateCall 2346 listxattr listxattr
2023/01/26 11:10:47 ----- generateCall 2346 listxattr listxattr
2023/01/26 11:10:47 ----- generateCall 3674 setxattr$trusted_overlay_opaque setxattr$trusted_overlay_opaque
2023/01/26 11:10:47 ----- generateCall 3667 setxattr$security_evm setxattr$security_evm
2023/01/26 11:10:47 ----- generateCall 3667 setxattr$security_evm setxattr$security_evm
2023/01/26 11:10:47 ----- generateCall 2373 mkdir mkdir
2023/01/26 11:10:47 ----- generateCall 2373 mkdir mkdir
2023/01/26 11:10:47 ----- generateCall 3665 setxattr$incfs_size setxattr$incfs_size
2023/01/26 11:10:47 ----- generateCall 3678 setxattr$user setxattr$user
2023/01/26 11:10:47 map[./file0:true ./file1:true]
2023/01/26 11:10:47 #0: generated
2023/01/26 11:10:47 HasCrashFail: false, .HasNetFail: false
2023/01/26 11:10:47 before return in CmpProgs, HasNetFail: false, HasCrashFail: false
symc3 prog: v0[] = "./file0";
v1[] = "./file0";
v2[100];
v3[] = ""b814d7d9e91ddf9a8ab0555016df8243d4c2481964560eedef4a3e0a199b968bc2cadcc791681c150dba8271fcff2f52ea6171fddbf03c155d84c164b5befd591e1fb43f1dc66c6c9b76b3423b60877b1e6c4df0d30d2c074d2246207dc5fc6b9d0dacbc8bf87e2734f45af872d8da1d61e2f1cae1dcaf2e718d7b64061fe5854df1e2f49466d1149f81489e820ffafd9f4239301410a512d7e2e6e1373494024b800b9ab6bbc8"";
v4[] = "./file0";
v5[100];
v6[100];
v7[] = "{#! , ./file0, [{0x20, y}], 0xa, "33bed710b9044740a2b734f178f1a3c5a65cda122b076e776bc7d508167f3d1d978c109922e7e5180cdebb799cbbceb714edcad3ad7c4f5410a68839d6c5d13052319a75d55974f84809d725c6281004b7889aa0577ebba4a76712b75985bd76ed1c8c66f52a9cd1fbdf46f7901c8cc13dc3e57ed306b444e819cfba3429266a82c1d6"}";
v8[] = "./file0";
v9[100];
v10[] = "{0000000000000000000000000000000, 0x33}";
v11[] = "./file0";
v12[100];
v13[] = "@v1={0x2, "281454c8218d978d2b3584cb68d77442"}";
v14[] = "./file0";
v15[100];
v16[] = "@v2={0x3, 0x3, 0x1}";
v17[] = "{#! , ./file0, [{0x20, security.ima}, {0x20, 0000000000000000000000000000000}, {0x20, user.incfs.metadata}, {0x20, */^\)`}, {0x20, user.incfs.id}, {}, {0x20, ()]^#-$}], 0xa, "0b9afe0d9c6061dc77c238d1263b72ba7cddc700f8208254a53045133c60f97d567857e85fa4c89882e92d0fa4fa07a30ddf5d68c78f74bf73c9b02b6ffe4ec03e46d106e83c569666ac0731cf29c8eb0afa9f2142a14049e9192e5608c33acc9f33123ad5ae0eda64f92fcd19bcb57f45285fac635e2833ced6b1dc040dd1a8c79804bc356084ef91306ad5dc0f098a2a64d7"}";
v18[] = "./file1";
v19[] = "./file0";
v20[] = "./file1";
v21[100];
v22[] = "{0x0, 0xfb, 0x1015, 0x1, 0x40, "e93a05236cb56c7d64dc3bfdefe373ec", "1d579f9395dea1cf331c01039bdaf993a91058f95aadda20dd77e29bdfd028b10432490bf07f1e354c8392b93d04bd812c678c8a43fa7b0c8e1789b40ae6f0f7903c465bfd90f9cbfd7c05b655410b359732f81b62b0e32cfd69fa0189362ef819a810d925a062011debab68b43c387af397e237de918633857d8bded6d2e1a00b233caf738ac3aa6be496a21ee769f5ef1e909df9bfb68fdf880bfdf264acb0aa0783d2ad0306f2dfe5c683fdb0f94dbadde3d7763ec3945e928e1fb5b490222a8a20c18d10b0cd6c2b954b6728bd349c4f25635b4cef883f6a3fb3a4e5ad4263c355ec14ac783064ba0c52b35e6ecc0880bc0e242e0fdcf26bfcb9ce53c4a6982e37c17e8e0bfc6a663274afdbc3e7c69f4ea9031c5e556396427ff2eea1f5ceb4e6fd29df4efe1b58adbf3aad8b2d282d7983d33179f9f85c7069056a5e2462e956e3bb2bdc7f8999b058c7aa127db54722f68c3e47b1c7e1325a62f70727f929bb91560144bc8c894ecc8af801302d13f37d207806045ca293addab55d0650c2122b3f8954cdb8198826dde36e4102e89affe744b1fe1d2561746a1fe08a7744c3c1e30dfc16895dde8354dac4507943896c00bda800fa82f3a5e1657888c17a50ad88a2aec2e21fd1d5f0bb9dcc79c1f0cdc9bfdfda95583690ea896a5e75e6383e91b255b2c20c0a72c5debb5b513e284f1ce2c535e5e3ff34b15fc1cdf53b4f93bf01331cad9b3295bd8b89252a88bf682b546a1a06f491974b64a50c59e41281c9d0279f6eadb8665600611d3126862a0ef5daa36552336a17f8e794237365edc4e894b9f4383159abeea46347cf9fc3602008177d797d24453a2e2fd554dab8d52e0e7acec8e5cd345b8ab1385223153e302121336f242e9db3aa0662771ee4fc3ead5288ee5bd1b297368a6edd4d5526ba95e3e441ce920ccddbff7e4844978fe110ae7b23dcb6b6765477bc6f602671c639f97f835e68ba83d2ddf9891caf0d62bec5eba5eba8e11adf6b20a4b12e3e0ed5343f6dfda7a7d25ca8f0b57063578c694abe2cfa5477547e5a7d058332fe4742343bcd09fcd7728f6562d411d65322d4a51aab67fde4aaac7caad913c6d1839591ae3cbae7494dadb4af4b494d78dc21d7469b3ff8bf0899415c7f486eceb858670aad615c4c0442c5e187139ad686253e5e71a4e6c986c4f015e082891cd3c48624f1f1ffad70943d917f901d526c1c727eafed2cff0922f4ce23feddd4338472111148d7bcd55158651f4f4df48d2f3d79e12e5fdb28e0d334dbfaf1157537a5aff857603c10bc9974c4c00981023a1f7c949a953d1e4a9046a13fd0d6d693d78fae7d3eadbd9d4ea17701b627b682c683ce50e961bcb300f1ed063d2714671b687f53c55d3f20302e32d0f1b792dc8e4dc893da8b15145e908ab458a8098b877020a1647358def59f40c6673ffa5dcb9219505ed69bc308a9ec411194fc23cf280e5148625c336df6fb869c687f4578b18012aba3e61a2675a018130c58b6b72f7c2c2a812a670e2895bed920246b1a74141f263b075f94030ad72f7d9bbb0a215da555468a53ba2b6573428a50ef72215786ae8a3795bfc551e7bc71bc8623660f463990a4167bd9e1a5c8adfcd2f21fca789fd71df3837feb495d42cf309590ad4b4657c3bd044799c9bedaa92e2bdde052024fe073036813882129891ab799fab9dfd06b4d1fe5205a14ffe451619f747bb19a386fd5a0c58d3fe649d8b535a7fced9c0bc2167710d1037bd467f009c451055c94c98e0d7b87f6ac4d76c0d01b5ba0a7661592a6d4224439b8b706aa4cd657dbc8d09b65ff67382d79f4dd4ff0820be1a979bd91c69b4e7452c20f7513b6326242c75311a829c4ab3eb485e5ae28b97dff8e0adce6046f9f76a275e42ad1a47f0084e414acc7bc216258a6e87d10f699cb6dc26914e12a515141d5b6895b8a00f206fe943f2b45c520e29eaedc3fcffc38eb440a0f9e60989394cdbfa608054129e672fa215074810663dc9f8027c4a31ae2d50a92861fe3670d8e06349414cc1cb3d3e4c922e5919e2f531dcedf0072e41e0583f830da8d46fc98678726b9e8f2601c43e4fe2e4783566372e84c3787eb91d4f5f01282cc158652966406d8167ddff7f27102e678b27a16e861248d15182d3d53ce8509f9e76df3556ab198bef2f75b34e6a5f81bcc8f47b4278a84157816721366b58eeeaf3f77aba0dae3c795a96aaa9803c262dc6d2a8ec8d814728372f585e199e15787cd014d7988b4cf915e1f95913eac792bfd1395868f44fc5ef62425da1307b67f2eeac039dbe6925dd416aeaa267527742169e407d1bde63360fdf91adb94c40b98931ec088e2b6165f61e42222abb84e4bc449ebd0892fa8380f07b8fb7198ec21d8f0bea763cb03afe5dfe1c103bb9e722fecac8ada9f20d6df38570bad35811051aaa37d6a3707a3e3576ab5a297146963a8adc0b65dfe6e39fee8acac2a1a75752eea8724557b6f10c03e4e5451fdaa17ffe2aa5e9bd4812690bb30dc90a7dd57f63b64746e891c9551dbf0ae93149e07ed0e4a81040c12dc7c8efaa4dd6c2e2fbc30d924bc844eb737a0a69cd8c665751fa78e76ef8aab207a7b9b7e97cacc77eee0ce35a93c1280710dd8462fcd479d1da919301ae42405f4b7d578643031a85f6cdd6a0dccf95b238c134080aa5c7edb4244bd8f0b1a66dd4af99ac7e983967d9a3a34ffae8671a523df86d279917e41477a05e245203b48e892c2215bc42fee1a8f4f8ab48c4cbbcf751cd4f193095501b5402f38c518fac00c1355fd7428b847368acda51e6a1f649cd1ce181fbf2ee97379a3234caef3f5cb4d352be22809b0b201e04471685a4f5c2db28ef615f655af2a3f375079a2475d32bc5f8cb14b94f7777a4fa765efb3a0c17abffbfb26d63cd7588c8e9f8e82b67df58fac068e13c73373642955c07abd422733d0a117096860104e5944a7492373b25f18fcda267fa4f4ce829d927d62143111e0b5d8136de34dd67a654ff717d22d9dc09d08ce42d823124059eb99aff045f378e6cfe9f0f3e3243e0dc2d91b01f0c022081eb6260c523876c4fee10d5b763513125f55afacb772a30c533f04360d9f7adff8cafb49974064b5cd87950bed1f6e59b67d5f8bae80d8b227cfd62b9b02dc534231e7489d034f74c220353388776658308a051dbe2da21885faf861dd67ab3e80b6cc298f028431d016a1839c80f02c13da3ae2aa1854782155c0f51ad466e7d39db97a2dee1c2f5b644b19d02e8e795ed66f9697502fdfbdfb61d6438b11a59ea34074dffc6fe50a43244d925ef355b34eca2531e29e283e6d26e85c9da9fe8c9e2dbddc7f5e1a82f69e74715d7618de85841b7875f51358c259f2bc0f69d6f03d87db6c6a6ccb413fa5aae6cca4adab535046e535eebce8e53e8c5d73223417a80ead7832db76ad6975f3c8553641afac2c1597fd59f1409a5fa52543ad01f32d8b58e9caf3151a2b853404553d988812fb162ebc45586ca2fff93c1fc7cdc693e86d58a7dcfc3e3a0f57d6f881b79687ee7754b86a2cbebbbbfd1c0b0de4f36bbe05cb459f483b6480cbda6ee5ed85fabcae6fb03ecd1a63d8c2df61b0de47a32ac49637640f47967294e6adddbce889dee8b3f20617f06777a016455747c195613d3cb6bb4e435acd30ee624a3f8f121de3972baa62dbd59159797487fd066650aa6aa24af8779b9bd97753b2a0533bc86df42cf90161e0285ad4fe0ec2add6fcfe6b20dbe5c6f984d4b2b70a8fac2d14e067fb0afa4df8bd9b3a93d232c17386c4ab0e8baf37a52865c02d14393d7f091ffbd27683c0d1dc2853e15110672f5121e4199beb6ea2ae91b606f885156011d92e632f420c31fdb3d1c4f24666caea1e286f1630f21c9344ecb40696b7b687cb9197b49ed65a3c0017f9009f6ebc9441b0ca7d690dcc173233301e6d3aa31776786f51f287409a8e6b554ddeb7804454efd3660b54af6fc6e14dbb665ca62fd8456fe98bde1ec20e97c20120eed0d17cec0267c937259bff177d9e88d1c7b21f6adfcf40493cbbaa979aa1caf55b3cace61c5c7a797c592dda69a09bd84048fac3be1b6c4e3890b5adde3a863d0db5f65b115c5466acf9f98962776d981c6d944e9aff99e028d0c75fc35da933eda1f3dcd7e1143e714550fa2de886818b98b7a64936ca1d5e8e84036a2ca0d86b3de59f5aecf8795e454d85c9f93096ec4bca97d92cf4aec7946ba020dce9c29c3c7e439b2e7182b2dbe47f75729d99b711cf54172bfe1630a9f1b80fe91d3fc663fffe6c0d62084c4e04554d3ab04c9bd12b3e09bbbd036d713d75e032119bc5fb01406b856b1e0d759ee3a9edd5f0b3967210342cd3ae53a8abe6a81b81fa45148880216c28c6ee759906187a97a8dd482534562e2685f223b80b256192f390cc7e6409270aa4ca0896187c8726c4b20aab5d24e976de513f388e8a48e73e0205df3128ce6303c1cd76638b9a23101bf568e962284cbcde4d103ee0aa3902fa59a94a0ae943f3ad58bf2aa903ecbb51d0391e863abdeacfcbbfc5812beeecd136035af142ae65b83705d7b60a80dca1d83212985c4dd8a1b8194b938ba60792eab6ea72bef3ee329c4622aab08816d77da3794d957b693f4d157752a833111f7bbcdee0c763a43e966a1ecd49279d49e55ed174efcd33e474a1e6a75ea2e09dbcb545daf52a5fb2fe28436d664772ac9e2a6470ae929d1cc04663d6ef54a0dbd2bfe127651eef4198955fec3fd2378110a51f34c0428202ee8d9206b8e8533c1ef8f0b1bf3cf29d2556e82a929b350b0744eeb6fcae4b3f5873eb665b3ea70806fa7ec32f3d264d18218649f0a58e6edb4b4f1ab4ac81c6cf643864ac89f4e297e16b502b607257dd658ddc687c00b519c489194a3280af58ef59cb73f948f7fdb7557b01b33944fda529661c032f35ccf9c1755d91e6f66de5e3123d478d929734446eecc2fad29a417cc30024c374263951ea0c9f1cbefafb0a8053e375b8ca597b5b62d4edaf9047435fd82abeaad7210615aae4c133c399d44b6e2192da2f84b9be6d692c7932f96ae0d8f48e2b68538f72cea3f2f41d9f48205629e4ae2ae2c592e23144780040bcd674880bb1ab26d60d267c4e993251a449097f999a810e122d97c88fd10744dbcdb7048325685d02ac6fc2aa63da9a371a3c2d60300c48b073221abcc0de3c1cd93c4bf13e7b172faa96dd91cef8fecaa1cbebeaa3f65b6dbb437a9bf760d57db2fb55663c08cc379a76b1539610e98aef6f5b0ccc337ecdb024eefc8845716ce0f238ab53a25adb3ff2df05797c8c2f724d5b063515fd2290d86152b36cd1707e364d6382fb81966cbba9a048e3d82227fc031e1d1e71433b2dff4d747e24a40d6d0e3446f1e8dfb6184da4b86e55c96f4ec4fcf4ad321249c3109cf8389a50dfcb4ac36b0d411c150c460ae5937e8df687df8779e252c64d65bcd68e3b3f49f8a96d006152a4305b0e4b71928e7792650985a8866e89079d71cabbe403511fee70a7c87ef9538302fbcbad0372edeb397097a23fdbad37f8d6ce75a88c1e089d62aedaff5b70b95f05bf367d0742130b2ddc26c3fd5d3e94c8851f2a6458ea0974026dfb49158f2dfec67d8a84f3dc359a4f928435f87df7d6694e78edf8131d8aa46614112135c95f702e55fb31d7c71f9a41b14d201e0a7d182c1d9a03d62017dcc9e1806418d63d5a272118a5351d072a2ffb6466d2c2cd2d017ead70b58ba3fcb838e1a78b8d6dae"}";
v23[] = "./file0";
v24[] = "70";
v25[] = "./file0";
v26[] = "187";
v27[] = "./file0";
v28[100];
v29[100];
v30[] = "./file0";
v31[100];
v32[] = "@md5={0x1, "2610418e1a4a54aeb2333cd2ed817bd0"}";
v33[] = "./file0";
v34[100];
v35[] = "@sha1={0x1, "a8759fb28132fd7e7ed89d8d100382f703b211f0"}";
v36[] = "./file0";
v37[] = "./file0";
v38[] = "./file1";
v39[100];
v40[100];
v41[] = "./file1";
v42[100];
v43[] = "#! ";

syscall(SYS_mkdir, v0, 96);
syscall(SYS_setxattr, v1, v2, v3, 167, 2);
syscall(SYS_setxattr, v4, v5, v6, 2, 0);
syscall(SYS_write, -1, v7, 145);
syscall(SYS_setxattr, v8, v9, v10, 32, 0);
syscall(SYS_setxattr, v11, v12, v13, 17, 2);
syscall(SYS_setxattr, v14, v15, v16, 9, 1);
syscall(SYS_write, -1, v17, 256);
syscall(SYS_chmod, v18, 4);
syscall(SYS_truncate, v19, 2147483647);
syscall(SYS_setxattr, v20, v21, v22, 4117, 0);
syscall(SYS_listxattr, v23, v24, 70);
syscall(SYS_listxattr, v25, v26, 187);
syscall(SYS_setxattr, v27, v28, v29, 2, 2);
syscall(SYS_setxattr, v30, v31, v32, 17, 1);
syscall(SYS_setxattr, v33, v34, v35, 21, 0);
syscall(SYS_mkdir, v36, 16);
syscall(SYS_mkdir, v37, 268);
syscall(SYS_setxattr, v38, v39, v40, 8, 1);
syscall(SYS_setxattr, v41, v42, v43, 3, 3);

2023/01/26 11:10:47 prog length: 20
2023/01/26 11:10:47 HasCrashFail:false HasNetFail:false
11:10:47 ---executing program 0:
---
---
---
mkdir(&(0x7f0000000000)='./file0\x00', 0x60)
setxattr$incfs_metadata(&(0x7f0000000040)='./file0\x00', &(0x7f0000000080), &(0x7f00000000c0)="b814d7d9e91ddf9a8ab0555016df8243d4c2481964560eedef4a3e0a199b968bc2cadcc791681c150dba8271fcff2f52ea6171fddbf03c155d84c164b5befd591e1fb43f1dc66c6c9b76b3423b60877b1e6c4df0d30d2c074d2246207dc5fc6b9d0dacbc8bf87e2734f45af872d8da1d61e2f1cae1dcaf2e718d7b64061fe5854df1e2f49466d1149f81489e820ffafd9f4239301410a512d7e2e6e1373494024b800b9ab6bbc8", 0xa7, 0x2)
setxattr$trusted_overlay_origin(&(0x7f0000000180)='./file0\x00', &(0x7f00000001c0), &(0x7f0000000200), 0x2, 0x0)
write$binfmt_script(0xffffffffffffffff, &(0x7f0000000240)={'#! ', './file0', [{0x20, 'y\x00'}], 0xa, "33bed710b9044740a2b734f178f1a3c5a65cda122b076e776bc7d508167f3d1d978c109922e7e5180cdebb799cbbceb714edcad3ad7c4f5410a68839d6c5d13052319a75d55974f84809d725c6281004b7889aa0577ebba4a76712b75985bd76ed1c8c66f52a9cd1fbdf46f7901c8cc13dc3e57ed306b444e819cfba3429266a82c1d6"}, 0x91)
setxattr$incfs_id(&(0x7f0000000300)='./file0\x00', &(0x7f0000000340), &(0x7f0000000380)={'0000000000000000000000000000000', 0x33}, 0x20, 0x0)
setxattr$security_ima(&(0x7f00000003c0)='./file0\x00', &(0x7f0000000400), &(0x7f0000000440)=@v1={0x2, "281454c8218d978d2b3584cb68d77442"}, 0x11, 0x2)
setxattr$security_ima(&(0x7f0000000480)='./file0\x00', &(0x7f00000004c0), &(0x7f0000000500)=@v2={0x3, 0x3, 0x1}, 0x9, 0x1)
write$binfmt_script(0xffffffffffffffff, &(0x7f0000000540)={'#! ', './file0', [{0x20, 'security.ima\x00'}, {0x20, '0000000000000000000000000000000'}, {0x20, 'user.incfs.metadata\x00'}, {0x20, '*/^\')`'}, {0x20, 'user.incfs.id\x00'}, {}, {0x20, '()]^#-$'}], 0xa, "0b9afe0d9c6061dc77c238d1263b72ba7cddc700f8208254a53045133c60f97d567857e85fa4c89882e92d0fa4fa07a30ddf5d68c78f74bf73c9b02b6ffe4ec03e46d106e83c569666ac0731cf29c8eb0afa9f2142a14049e9192e5608c33acc9f33123ad5ae0eda64f92fcd19bcb57f45285fac635e2833ced6b1dc040dd1a8c79804bc356084ef91306ad5dc0f098a2a64d7"}, 0x100)
chmod(&(0x7f0000000640)='./file1\x00', 0x4)
truncate(&(0x7f0000000680)='./file0\x00', 0x7fffffff)
setxattr$trusted_overlay_upper(&(0x7f00000006c0)='./file1\x00', &(0x7f0000000700), &(0x7f0000000740)={0x0, 0xfb, 0x1015, 0x1, 0x40, "e93a05236cb56c7d64dc3bfdefe373ec", "1d579f9395dea1cf331c01039bdaf993a91058f95aadda20dd77e29bdfd028b10432490bf07f1e354c8392b93d04bd812c678c8a43fa7b0c8e1789b40ae6f0f7903c465bfd90f9cbfd7c05b655410b359732f81b62b0e32cfd69fa0189362ef819a810d925a062011debab68b43c387af397e237de918633857d8bded6d2e1a00b233caf738ac3aa6be496a21ee769f5ef1e909df9bfb68fdf880bfdf264acb0aa0783d2ad0306f2dfe5c683fdb0f94dbadde3d7763ec3945e928e1fb5b490222a8a20c18d10b0cd6c2b954b6728bd349c4f25635b4cef883f6a3fb3a4e5ad4263c355ec14ac783064ba0c52b35e6ecc0880bc0e242e0fdcf26bfcb9ce53c4a6982e37c17e8e0bfc6a663274afdbc3e7c69f4ea9031c5e556396427ff2eea1f5ceb4e6fd29df4efe1b58adbf3aad8b2d282d7983d33179f9f85c7069056a5e2462e956e3bb2bdc7f8999b058c7aa127db54722f68c3e47b1c7e1325a62f70727f929bb91560144bc8c894ecc8af801302d13f37d207806045ca293addab55d0650c2122b3f8954cdb8198826dde36e4102e89affe744b1fe1d2561746a1fe08a7744c3c1e30dfc16895dde8354dac4507943896c00bda800fa82f3a5e1657888c17a50ad88a2aec2e21fd1d5f0bb9dcc79c1f0cdc9bfdfda95583690ea896a5e75e6383e91b255b2c20c0a72c5debb5b513e284f1ce2c535e5e3ff34b15fc1cdf53b4f93bf01331cad9b3295bd8b89252a88bf682b546a1a06f491974b64a50c59e41281c9d0279f6eadb8665600611d3126862a0ef5daa36552336a17f8e794237365edc4e894b9f4383159abeea46347cf9fc3602008177d797d24453a2e2fd554dab8d52e0e7acec8e5cd345b8ab1385223153e302121336f242e9db3aa0662771ee4fc3ead5288ee5bd1b297368a6edd4d5526ba95e3e441ce920ccddbff7e4844978fe110ae7b23dcb6b6765477bc6f602671c639f97f835e68ba83d2ddf9891caf0d62bec5eba5eba8e11adf6b20a4b12e3e0ed5343f6dfda7a7d25ca8f0b57063578c694abe2cfa5477547e5a7d058332fe4742343bcd09fcd7728f6562d411d65322d4a51aab67fde4aaac7caad913c6d1839591ae3cbae7494dadb4af4b494d78dc21d7469b3ff8bf0899415c7f486eceb858670aad615c4c0442c5e187139ad686253e5e71a4e6c986c4f015e082891cd3c48624f1f1ffad70943d917f901d526c1c727eafed2cff0922f4ce23feddd4338472111148d7bcd55158651f4f4df48d2f3d79e12e5fdb28e0d334dbfaf1157537a5aff857603c10bc9974c4c00981023a1f7c949a953d1e4a9046a13fd0d6d693d78fae7d3eadbd9d4ea17701b627b682c683ce50e961bcb300f1ed063d2714671b687f53c55d3f20302e32d0f1b792dc8e4dc893da8b15145e908ab458a8098b877020a1647358def59f40c6673ffa5dcb9219505ed69bc308a9ec411194fc23cf280e5148625c336df6fb869c687f4578b18012aba3e61a2675a018130c58b6b72f7c2c2a812a670e2895bed920246b1a74141f263b075f94030ad72f7d9bbb0a215da555468a53ba2b6573428a50ef72215786ae8a3795bfc551e7bc71bc8623660f463990a4167bd9e1a5c8adfcd2f21fca789fd71df3837feb495d42cf309590ad4b4657c3bd044799c9bedaa92e2bdde052024fe073036813882129891ab799fab9dfd06b4d1fe5205a14ffe451619f747bb19a386fd5a0c58d3fe649d8b535a7fced9c0bc2167710d1037bd467f009c451055c94c98e0d7b87f6ac4d76c0d01b5ba0a7661592a6d4224439b8b706aa4cd657dbc8d09b65ff67382d79f4dd4ff0820be1a979bd91c69b4e7452c20f7513b6326242c75311a829c4ab3eb485e5ae28b97dff8e0adce6046f9f76a275e42ad1a47f0084e414acc7bc216258a6e87d10f699cb6dc26914e12a515141d5b6895b8a00f206fe943f2b45c520e29eaedc3fcffc38eb440a0f9e60989394cdbfa608054129e672fa215074810663dc9f8027c4a31ae2d50a92861fe3670d8e06349414cc1cb3d3e4c922e5919e2f531dcedf0072e41e0583f830da8d46fc98678726b9e8f2601c43e4fe2e4783566372e84c3787eb91d4f5f01282cc158652966406d8167ddff7f27102e678b27a16e861248d15182d3d53ce8509f9e76df3556ab198bef2f75b34e6a5f81bcc8f47b4278a84157816721366b58eeeaf3f77aba0dae3c795a96aaa9803c262dc6d2a8ec8d814728372f585e199e15787cd014d7988b4cf915e1f95913eac792bfd1395868f44fc5ef62425da1307b67f2eeac039dbe6925dd416aeaa267527742169e407d1bde63360fdf91adb94c40b98931ec088e2b6165f61e42222abb84e4bc449ebd0892fa8380f07b8fb7198ec21d8f0bea763cb03afe5dfe1c103bb9e722fecac8ada9f20d6df38570bad35811051aaa37d6a3707a3e3576ab5a297146963a8adc0b65dfe6e39fee8acac2a1a75752eea8724557b6f10c03e4e5451fdaa17ffe2aa5e9bd4812690bb30dc90a7dd57f63b64746e891c9551dbf0ae93149e07ed0e4a81040c12dc7c8efaa4dd6c2e2fbc30d924bc844eb737a0a69cd8c665751fa78e76ef8aab207a7b9b7e97cacc77eee0ce35a93c1280710dd8462fcd479d1da919301ae42405f4b7d578643031a85f6cdd6a0dccf95b238c134080aa5c7edb4244bd8f0b1a66dd4af99ac7e983967d9a3a34ffae8671a523df86d279917e41477a05e245203b48e892c2215bc42fee1a8f4f8ab48c4cbbcf751cd4f193095501b5402f38c518fac00c1355fd7428b847368acda51e6a1f649cd1ce181fbf2ee97379a3234caef3f5cb4d352be22809b0b201e04471685a4f5c2db28ef615f655af2a3f375079a2475d32bc5f8cb14b94f7777a4fa765efb3a0c17abffbfb26d63cd7588c8e9f8e82b67df58fac068e13c73373642955c07abd422733d0a117096860104e5944a7492373b25f18fcda267fa4f4ce829d927d62143111e0b5d8136de34dd67a654ff717d22d9dc09d08ce42d823124059eb99aff045f378e6cfe9f0f3e3243e0dc2d91b01f0c022081eb6260c523876c4fee10d5b763513125f55afacb772a30c533f04360d9f7adff8cafb49974064b5cd87950bed1f6e59b67d5f8bae80d8b227cfd62b9b02dc534231e7489d034f74c220353388776658308a051dbe2da21885faf861dd67ab3e80b6cc298f028431d016a1839c80f02c13da3ae2aa1854782155c0f51ad466e7d39db97a2dee1c2f5b644b19d02e8e795ed66f9697502fdfbdfb61d6438b11a59ea34074dffc6fe50a43244d925ef355b34eca2531e29e283e6d26e85c9da9fe8c9e2dbddc7f5e1a82f69e74715d7618de85841b7875f51358c259f2bc0f69d6f03d87db6c6a6ccb413fa5aae6cca4adab535046e535eebce8e53e8c5d73223417a80ead7832db76ad6975f3c8553641afac2c1597fd59f1409a5fa52543ad01f32d8b58e9caf3151a2b853404553d988812fb162ebc45586ca2fff93c1fc7cdc693e86d58a7dcfc3e3a0f57d6f881b79687ee7754b86a2cbebbbbfd1c0b0de4f36bbe05cb459f483b6480cbda6ee5ed85fabcae6fb03ecd1a63d8c2df61b0de47a32ac49637640f47967294e6adddbce889dee8b3f20617f06777a016455747c195613d3cb6bb4e435acd30ee624a3f8f121de3972baa62dbd59159797487fd066650aa6aa24af8779b9bd97753b2a0533bc86df42cf90161e0285ad4fe0ec2add6fcfe6b20dbe5c6f984d4b2b70a8fac2d14e067fb0afa4df8bd9b3a93d232c17386c4ab0e8baf37a52865c02d14393d7f091ffbd27683c0d1dc2853e15110672f5121e4199beb6ea2ae91b606f885156011d92e632f420c31fdb3d1c4f24666caea1e286f1630f21c9344ecb40696b7b687cb9197b49ed65a3c0017f9009f6ebc9441b0ca7d690dcc173233301e6d3aa31776786f51f287409a8e6b554ddeb7804454efd3660b54af6fc6e14dbb665ca62fd8456fe98bde1ec20e97c20120eed0d17cec0267c937259bff177d9e88d1c7b21f6adfcf40493cbbaa979aa1caf55b3cace61c5c7a797c592dda69a09bd84048fac3be1b6c4e3890b5adde3a863d0db5f65b115c5466acf9f98962776d981c6d944e9aff99e028d0c75fc35da933eda1f3dcd7e1143e714550fa2de886818b98b7a64936ca1d5e8e84036a2ca0d86b3de59f5aecf8795e454d85c9f93096ec4bca97d92cf4aec7946ba020dce9c29c3c7e439b2e7182b2dbe47f75729d99b711cf54172bfe1630a9f1b80fe91d3fc663fffe6c0d62084c4e04554d3ab04c9bd12b3e09bbbd036d713d75e032119bc5fb01406b856b1e0d759ee3a9edd5f0b3967210342cd3ae53a8abe6a81b81fa45148880216c28c6ee759906187a97a8dd482534562e2685f223b80b256192f390cc7e6409270aa4ca0896187c8726c4b20aab5d24e976de513f388e8a48e73e0205df3128ce6303c1cd76638b9a23101bf568e962284cbcde4d103ee0aa3902fa59a94a0ae943f3ad58bf2aa903ecbb51d0391e863abdeacfcbbfc5812beeecd136035af142ae65b83705d7b60a80dca1d83212985c4dd8a1b8194b938ba60792eab6ea72bef3ee329c4622aab08816d77da3794d957b693f4d157752a833111f7bbcdee0c763a43e966a1ecd49279d49e55ed174efcd33e474a1e6a75ea2e09dbcb545daf52a5fb2fe28436d664772ac9e2a6470ae929d1cc04663d6ef54a0dbd2bfe127651eef4198955fec3fd2378110a51f34c0428202ee8d9206b8e8533c1ef8f0b1bf3cf29d2556e82a929b350b0744eeb6fcae4b3f5873eb665b3ea70806fa7ec32f3d264d18218649f0a58e6edb4b4f1ab4ac81c6cf643864ac89f4e297e16b502b607257dd658ddc687c00b519c489194a3280af58ef59cb73f948f7fdb7557b01b33944fda529661c032f35ccf9c1755d91e6f66de5e3123d478d929734446eecc2fad29a417cc30024c374263951ea0c9f1cbefafb0a8053e375b8ca597b5b62d4edaf9047435fd82abeaad7210615aae4c133c399d44b6e2192da2f84b9be6d692c7932f96ae0d8f48e2b68538f72cea3f2f41d9f48205629e4ae2ae2c592e23144780040bcd674880bb1ab26d60d267c4e993251a449097f999a810e122d97c88fd10744dbcdb7048325685d02ac6fc2aa63da9a371a3c2d60300c48b073221abcc0de3c1cd93c4bf13e7b172faa96dd91cef8fecaa1cbebeaa3f65b6dbb437a9bf760d57db2fb55663c08cc379a76b1539610e98aef6f5b0ccc337ecdb024eefc8845716ce0f238ab53a25adb3ff2df05797c8c2f724d5b063515fd2290d86152b36cd1707e364d6382fb81966cbba9a048e3d82227fc031e1d1e71433b2dff4d747e24a40d6d0e3446f1e8dfb6184da4b86e55c96f4ec4fcf4ad321249c3109cf8389a50dfcb4ac36b0d411c150c460ae5937e8df687df8779e252c64d65bcd68e3b3f49f8a96d006152a4305b0e4b71928e7792650985a8866e89079d71cabbe403511fee70a7c87ef9538302fbcbad0372edeb397097a23fdbad37f8d6ce75a88c1e089d62aedaff5b70b95f05bf367d0742130b2ddc26c3fd5d3e94c8851f2a6458ea0974026dfb49158f2dfec67d8a84f3dc359a4f928435f87df7d6694e78edf8131d8aa46614112135c95f702e55fb31d7c71f9a41b14d201e0a7d182c1d9a03d62017dcc9e1806418d63d5a272118a5351d072a2ffb6466d2c2cd2d017ead70b58ba3fcb838e1a78b8d6dae"}, 0x1015, 0x0)
listxattr(&(0x7f0000001780)='./file0\x00', &(0x7f00000017c0)=""/70, 0x46)
listxattr(&(0x7f0000001840)='./file0\x00', &(0x7f0000001880)=""/187, 0xbb)
setxattr$trusted_overlay_opaque(&(0x7f0000001940)='./file0\x00', &(0x7f0000001980), &(0x7f00000019c0), 0x2, 0x2)
setxattr$security_evm(&(0x7f0000001a00)='./file0\x00', &(0x7f0000001a40), &(0x7f0000001a80)=@md5={0x1, "2610418e1a4a54aeb2333cd2ed817bd0"}, 0x11, 0x1)
setxattr$security_evm(&(0x7f0000001ac0)='./file0\x00', &(0x7f0000001b00), &(0x7f0000001b40)=@sha1={0x1, "a8759fb28132fd7e7ed89d8d100382f703b211f0"}, 0x15, 0x0)
mkdir(&(0x7f0000001b80)='./file0\x00', 0x10)
mkdir(&(0x7f0000001bc0)='./file0\x00', 0x10c)
setxattr$incfs_size(&(0x7f0000001c00)='./file1\x00', &(0x7f0000001c40), &(0x7f0000001c80), 0x8, 0x1)
setxattr$user(&(0x7f0000001cc0)='./file1\x00', &(0x7f0000001d00), &(0x7f0000001d40)='#! ', 0x3, 0x3)
---

end of program
2023/01/26 11:10:47 -----run executor: [/usr/bin/ssh -F /dev/null -o ConnectionAttempts=100 -o ConnectTimeout=120 -o UserKnownHostsFile=/dev/null -o BatchMode=yes -o IdentitiesOnly=yes -o StrictHostKeyChecking=no -o ConnectTimeout=100 -i /home/tlyu/dfs-fuzzing/disk-images/glusterfs-images/focal.id_rsa -v root@192.168.0.50 /root/syz-executor exec 0 0 glusterfs 3 4 192.168.0.50 0 "3 1 ''" false false false false false]
2023/01/26 11:10:47 -----run executor: [/usr/bin/ssh -F /dev/null -o ConnectionAttempts=100 -o ConnectTimeout=120 -o UserKnownHostsFile=/dev/null -o BatchMode=yes -o IdentitiesOnly=yes -o StrictHostKeyChecking=no -o ConnectTimeout=100 -i /home/tlyu/dfs-fuzzing/disk-images/glusterfs-images/focal.id_rsa -v root@192.168.0.51 /root/syz-executor exec 0 1 glusterfs 3 4 192.168.0.50 0 "3 1 ''" false false false false false]
2023/01/26 11:10:47 -----run executor: [/usr/bin/ssh -F /dev/null -o ConnectionAttempts=100 -o ConnectTimeout=120 -o UserKnownHostsFile=/dev/null -o BatchMode=yes -o IdentitiesOnly=yes -o StrictHostKeyChecking=no -o ConnectTimeout=100 -i /home/tlyu/dfs-fuzzing/disk-images/glusterfs-images/focal.id_rsa -v root@192.168.0.52 /root/syz-executor exec 0 2 glusterfs 3 4 192.168.0.50 0 "3 1 ''" false false false false false]
2023/01/26 11:10:47 -----run executor: [/usr/bin/ssh -F /dev/null -o ConnectionAttempts=100 -o ConnectTimeout=120 -o UserKnownHostsFile=/dev/null -o BatchMode=yes -o IdentitiesOnly=yes -o StrictHostKeyChecking=no -o ConnectTimeout=100 -i /home/tlyu/dfs-fuzzing/disk-images/glusterfs-images/focal.id_rsa -v root@192.168.0.53 /root/syz-executor exec 1 3 glusterfs 3 4 192.168.0.50 0 "3 1 ''" false false false false false]
OpenSSH_8.2p1 Ubuntu-4ubuntu0.5, OpenSSL 1.1.1f  31 Mar 2020
OpenSSH_8.2p1 Ubuntu-4ubuntu0.5, OpenSSL 1.1.1f  31 Mar 2020
debug1: Reading configuration data /dev/null
debug1: Reading configuration data /dev/null
OpenSSH_8.2p1 Ubuntu-4ubuntu0.5, OpenSSL 1.1.1f  31 Mar 2020
debug1: Reading configuration data /dev/null
OpenSSH_8.2p1 Ubuntu-4ubuntu0.5, OpenSSL 1.1.1f  31 Mar 2020
debug1: Reading configuration data /dev/null
debug1: Connecting to 192.168.0.51 [192.168.0.51] port 22.
debug1: Connecting to 192.168.0.52 [192.168.0.52] port 22.
debug1: Connecting to 192.168.0.50 [192.168.0.50] port 22.
debug1: Connecting to 192.168.0.53 [192.168.0.53] port 22.
debug1: fd 3 clearing O_NONBLOCK
debug1: Connection established.
debug1: fd 3 clearing O_NONBLOCK
debug1: Connection established.
debug1: fd 3 clearing O_NONBLOCK
debug1: Connection established.
debug1: identity file /home/tlyu/dfs-fuzzing/disk-images/glusterfs-images/focal.id_rsa type -1
debug1: identity file /home/tlyu/dfs-fuzzing/disk-images/glusterfs-images/focal.id_rsa-cert type -1
debug1: identity file /home/tlyu/dfs-fuzzing/disk-images/glusterfs-images/focal.id_rsa type -1
debug1: identity file /home/tlyu/dfs-fuzzing/disk-images/glusterfs-images/focal.id_rsa type -1
debug1: fd 3 clearing O_NONBLOCK
debug1: identity file /home/tlyu/dfs-fuzzing/disk-images/glusterfs-images/focal.id_rsa-cert type -1
debug1: Connection established.
debug1: identity file /home/tlyu/dfs-fuzzing/disk-images/glusterfs-images/focal.id_rsa-cert type -1
debug1: Local version string SSH-2.0-OpenSSH_8.2p1 Ubuntu-4ubuntu0.5
debug1: Local version string SSH-2.0-OpenSSH_8.2p1 Ubuntu-4ubuntu0.5
debug1: Local version string SSH-2.0-OpenSSH_8.2p1 Ubuntu-4ubuntu0.5
debug1: identity file /home/tlyu/dfs-fuzzing/disk-images/glusterfs-images/focal.id_rsa type -1
debug1: identity file /home/tlyu/dfs-fuzzing/disk-images/glusterfs-images/focal.id_rsa-cert type -1
debug1: Local version string SSH-2.0-OpenSSH_8.2p1 Ubuntu-4ubuntu0.5
debug1: Remote protocol version 2.0, remote software version OpenSSH_8.2p1 Ubuntu-4
debug1: Remote protocol version 2.0, remote software version OpenSSH_8.2p1 Ubuntu-4
debug1: match: OpenSSH_8.2p1 Ubuntu-4 pat OpenSSH* compat 0x04000000
debug1: match: OpenSSH_8.2p1 Ubuntu-4 pat OpenSSH* compat 0x04000000
debug1: Authenticating to 192.168.0.50:22 as 'root'
debug1: Authenticating to 192.168.0.53:22 as 'root'
debug1: Remote protocol version 2.0, remote software version OpenSSH_8.2p1 Ubuntu-4
debug1: match: OpenSSH_8.2p1 Ubuntu-4 pat OpenSSH* compat 0x04000000
debug1: Authenticating to 192.168.0.52:22 as 'root'
debug1: SSH2_MSG_KEXINIT sent
debug1: SSH2_MSG_KEXINIT sent
debug1: SSH2_MSG_KEXINIT sent
debug1: SSH2_MSG_KEXINIT received
debug1: kex: algorithm: curve25519-sha256
debug1: kex: host key algorithm: ecdsa-sha2-nistp256
debug1: kex: server->client cipher: chacha20-poly1305@openssh.com MAC: <implicit> compression: none
debug1: kex: client->server cipher: chacha20-poly1305@openssh.com MAC: <implicit> compression: none
debug1: SSH2_MSG_KEXINIT received
debug1: kex: algorithm: curve25519-sha256
debug1: kex: host key algorithm: ecdsa-sha2-nistp256
debug1: kex: server->client cipher: chacha20-poly1305@openssh.com MAC: <implicit> compression: none
debug1: kex: client->server cipher: chacha20-poly1305@openssh.com MAC: <implicit> compression: none
debug1: expecting SSH2_MSG_KEX_ECDH_REPLY
debug1: SSH2_MSG_KEXINIT received
debug1: kex: algorithm: curve25519-sha256
debug1: kex: host key algorithm: ecdsa-sha2-nistp256
debug1: kex: server->client cipher: chacha20-poly1305@openssh.com MAC: <implicit> compression: none
debug1: kex: client->server cipher: chacha20-poly1305@openssh.com MAC: <implicit> compression: none
debug1: expecting SSH2_MSG_KEX_ECDH_REPLY
debug1: Remote protocol version 2.0, remote software version OpenSSH_8.2p1 Ubuntu-4
debug1: match: OpenSSH_8.2p1 Ubuntu-4 pat OpenSSH* compat 0x04000000
debug1: Authenticating to 192.168.0.51:22 as 'root'
debug1: SSH2_MSG_KEXINIT sent
debug1: expecting SSH2_MSG_KEX_ECDH_REPLY
debug1: Server host key: ecdsa-sha2-nistp256 SHA256:prHFi1G5XXPuzxIh2a5lJaY6ZWltf3+ajD/hEOIDid8
debug1: Server host key: ecdsa-sha2-nistp256 SHA256:prHFi1G5XXPuzxIh2a5lJaY6ZWltf3+ajD/hEOIDid8
Warning: Permanently added '192.168.0.50' (ECDSA) to the list of known hosts.
Warning: Permanently added '192.168.0.53' (ECDSA) to the list of known hosts.
debug1: SSH2_MSG_KEXINIT received
debug1: kex: algorithm: curve25519-sha256
debug1: kex: host key algorithm: ecdsa-sha2-nistp256
debug1: kex: server->client cipher: chacha20-poly1305@openssh.com MAC: <implicit> compression: none
debug1: kex: client->server cipher: chacha20-poly1305@openssh.com MAC: <implicit> compression: none
debug1: rekey out after 134217728 blocks
debug1: SSH2_MSG_NEWKEYS sent
debug1: expecting SSH2_MSG_NEWKEYS
debug1: SSH2_MSG_NEWKEYS received
debug1: rekey in after 134217728 blocks
debug1: Will attempt key: /home/tlyu/dfs-fuzzing/disk-images/glusterfs-images/focal.id_rsa  explicit
debug1: SSH2_MSG_EXT_INFO received
debug1: kex_input_ext_info: server-sig-algs=<ssh-ed25519,sk-ssh-ed25519@openssh.com,ssh-rsa,rsa-sha2-256,rsa-sha2-512,ssh-dss,ecdsa-sha2-nistp256,ecdsa-sha2-nistp384,ecdsa-sha2-nistp521,sk-ecdsa-sha2-nistp256@openssh.com>
debug1: rekey out after 134217728 blocks
debug1: SSH2_MSG_NEWKEYS sent
debug1: expecting SSH2_MSG_NEWKEYS
debug1: SSH2_MSG_NEWKEYS received
debug1: rekey in after 134217728 blocks
debug1: Will attempt key: /home/tlyu/dfs-fuzzing/disk-images/glusterfs-images/focal.id_rsa  explicit
debug1: SSH2_MSG_EXT_INFO received
debug1: kex_input_ext_info: server-sig-algs=<ssh-ed25519,sk-ssh-ed25519@openssh.com,ssh-rsa,rsa-sha2-256,rsa-sha2-512,ssh-dss,ecdsa-sha2-nistp256,ecdsa-sha2-nistp384,ecdsa-sha2-nistp521,sk-ecdsa-sha2-nistp256@openssh.com>
debug1: SSH2_MSG_SERVICE_ACCEPT received
debug1: SSH2_MSG_SERVICE_ACCEPT received
debug1: expecting SSH2_MSG_KEX_ECDH_REPLY
debug1: Server host key: ecdsa-sha2-nistp256 SHA256:prHFi1G5XXPuzxIh2a5lJaY6ZWltf3+ajD/hEOIDid8
Warning: Permanently added '192.168.0.52' (ECDSA) to the list of known hosts.
debug1: rekey out after 134217728 blocks
debug1: SSH2_MSG_NEWKEYS sent
debug1: expecting SSH2_MSG_NEWKEYS
debug1: SSH2_MSG_NEWKEYS received
debug1: rekey in after 134217728 blocks
debug1: Will attempt key: /home/tlyu/dfs-fuzzing/disk-images/glusterfs-images/focal.id_rsa  explicit
debug1: SSH2_MSG_EXT_INFO received
debug1: kex_input_ext_info: server-sig-algs=<ssh-ed25519,sk-ssh-ed25519@openssh.com,ssh-rsa,rsa-sha2-256,rsa-sha2-512,ssh-dss,ecdsa-sha2-nistp256,ecdsa-sha2-nistp384,ecdsa-sha2-nistp521,sk-ecdsa-sha2-nistp256@openssh.com>
debug1: SSH2_MSG_SERVICE_ACCEPT received
debug1: Server host key: ecdsa-sha2-nistp256 SHA256:prHFi1G5XXPuzxIh2a5lJaY6ZWltf3+ajD/hEOIDid8
Warning: Permanently added '192.168.0.51' (ECDSA) to the list of known hosts.
debug1: rekey out after 134217728 blocks
debug1: SSH2_MSG_NEWKEYS sent
debug1: expecting SSH2_MSG_NEWKEYS
debug1: SSH2_MSG_NEWKEYS received
debug1: rekey in after 134217728 blocks
debug1: Will attempt key: /home/tlyu/dfs-fuzzing/disk-images/glusterfs-images/focal.id_rsa  explicit
debug1: SSH2_MSG_EXT_INFO received
debug1: kex_input_ext_info: server-sig-algs=<ssh-ed25519,sk-ssh-ed25519@openssh.com,ssh-rsa,rsa-sha2-256,rsa-sha2-512,ssh-dss,ecdsa-sha2-nistp256,ecdsa-sha2-nistp384,ecdsa-sha2-nistp521,sk-ecdsa-sha2-nistp256@openssh.com>
debug1: SSH2_MSG_SERVICE_ACCEPT received
debug1: Authentications that can continue: publickey,password
debug1: Authentications that can continue: publickey,password
debug1: Next authentication method: publickey
debug1: Next authentication method: publickey
debug1: Trying private key: /home/tlyu/dfs-fuzzing/disk-images/glusterfs-images/focal.id_rsa
debug1: Trying private key: /home/tlyu/dfs-fuzzing/disk-images/glusterfs-images/focal.id_rsa
debug1: Authentications that can continue: publickey,password
debug1: Next authentication method: publickey
debug1: Trying private key: /home/tlyu/dfs-fuzzing/disk-images/glusterfs-images/focal.id_rsa
debug1: Authentications that can continue: publickey,password
debug1: Next authentication method: publickey
debug1: Trying private key: /home/tlyu/dfs-fuzzing/disk-images/glusterfs-images/focal.id_rsa
debug1: Authentication succeeded (publickey).
Authenticated to 192.168.0.53 ([192.168.0.53]:22).
debug1: channel 0: new [client-session]
debug1: Requesting no-more-sessions@openssh.com
debug1: Authentication succeeded (publickey).
Authenticated to 192.168.0.50 ([192.168.0.50]:22).
debug1: Entering interactive session.
debug1: pledge: network
debug1: channel 0: new [client-session]
debug1: Requesting no-more-sessions@openssh.com
debug1: Entering interactive session.
debug1: pledge: network
debug1: Authentication succeeded (publickey).
Authenticated to 192.168.0.52 ([192.168.0.52]:22).
debug1: channel 0: new [client-session]
debug1: Requesting no-more-sessions@openssh.com
debug1: Entering interactive session.
debug1: pledge: network
debug1: Authentication succeeded (publickey).
Authenticated to 192.168.0.51 ([192.168.0.51]:22).
debug1: channel 0: new [client-session]
debug1: Requesting no-more-sessions@openssh.com
debug1: Entering interactive session.
debug1: pledge: network
debug1: client_input_global_request: rtype hostkeys-00@openssh.com want_reply 0
debug1: Remote: /root/.ssh/authorized_keys:1: key options: agent-forwarding port-forwarding pty user-rc x11-forwarding
debug1: client_input_global_request: rtype hostkeys-00@openssh.com want_reply 0
debug1: Remote: /root/.ssh/authorized_keys:1: key options: agent-forwarding port-forwarding pty user-rc x11-forwarding
debug1: client_input_global_request: rtype hostkeys-00@openssh.com want_reply 0
debug1: Remote: /root/.ssh/authorized_keys:1: key options: agent-forwarding port-forwarding pty user-rc x11-forwarding
debug1: client_input_global_request: rtype hostkeys-00@openssh.com want_reply 0
debug1: Remote: /root/.ssh/authorized_keys:1: key options: agent-forwarding port-forwarding pty user-rc x11-forwarding
debug1: Sending command: /root/syz-executor exec 1 3 glusterfs 3 4 192.168.0.50 0 "3 1 ''" false false false false false
debug1: Sending command: /root/syz-executor exec 0 0 glusterfs 3 4 192.168.0.50 0 "3 1 ''" false false false false false
syz_reboot() time executor starts at 1674727847:917611
----- is restarting 0
---- dfs_name glusterfs is_dfs_client 1
debug1: Sending command: /root/syz-executor exec 0 2 glusterfs 3 4 192.168.0.50 0 "3 1 ''" false false false false false
before receiving handshake request
[    0.000000] kernel: Linux version 5.15.0+ (tlyu@IC-RS3-DPC07) (gcc (Ubuntu 9.4.0-1ubuntu1~20.04.1) 9.4.0, GNU ld (GNU Binutils for Ubuntu) 2.34) #8 SMP Fri Jun 3 16:18:40 CEST 2022
[    0.000000] kernel: Command line: root=/dev/sda console=ttyS0 net.ifnames=0 ip=192.168.0.53
[    0.000000] kernel: x86/fpu: Supporting XSAVE feature 0x001: 'x87 floating point registers'
[    0.000000] kernel: x86/fpu: Supporting XSAVE feature 0x002: 'SSE registers'
[    0.000000] kernel: x86/fpu: Supporting XSAVE feature 0x004: 'AVX registers'
[    0.000000] kernel: x86/fpu: Supporting XSAVE feature 0x008: 'MPX bounds registers'
[    0.000000] kernel: x86/fpu: Supporting XSAVE feature 0x010: 'MPX CSR'
[    0.000000] kernel: x86/fpu: Supporting XSAVE feature 0x020: 'AVX-512 opmask'
[    0.000000] kernel: x86/fpu: Supporting XSAVE feature 0x040: 'AVX-512 Hi256'
[    0.000000] kernel: x86/fpu: Supporting XSAVE feature 0x080: 'AVX-512 ZMM_Hi256'
[    0.000000] kernel: x86/fpu: Supporting XSAVE feature 0x200: 'Protection Keys User registers'
[    0.000000] kernel: x86/fpu: xstate_offset[2]:  576, xstate_sizes[2]:  256
[    0.000000] kernel: x86/fpu: xstate_offset[3]:  832, xstate_sizes[3]:   64
[    0.000000] kernel: x86/fpu: xstate_offset[4]:  896, xstate_sizes[4]:   64
[    0.000000] kernel: x86/fpu: xstate_offset[5]:  960, xstate_sizes[5]:   64
[    0.000000] kernel: x86/fpu: xstate_offset[6]: 1024, xstate_sizes[6]:  512
[    0.000000] kernel: x86/fpu: xstate_offset[7]: 1536, xstate_sizes[7]: 1024
[    0.000000] kernel: x86/fpu: xstate_offset[9]: 2560, xstate_sizes[9]:    8
[    0.000000] kernel: x86/fpu: Enabled xstate features 0x2ff, context size is 2568 bytes, using 'compacted' format.
[    0.000000] kernel: signal: max sigframe size: 3632
[    0.000000] kernel: BIOS-provided physical RAM map:
[    0.000000] kernel: BIOS-e820: [mem 0x0000000000000000-0x000000000009fbff] usable
[    0.000000] kernel: BIOS-e820: [mem 0x000000000009fc00-0x000000000009ffff] reserved
[    0.000000] ksyz_reboot() time executor starts at 1674727847:963929
----- is restarting 0
---- dfs_name glusterfs is_dfs_client 0
ernel: BIOS-e820: [mem 0x00000000000f0000-0x00000000000fffff] reserved
[    0.000000] kernel: BIOS-e820: [mem 0x0000000000100000-0x00000000bffdffff] usable
[    0.000000] kernel: BIOS-e820: [mem 0x00000000bffe0000-0x00000000bfffffff] reserved
[    0.000000] kernel: BIOS-e820: [mem 0x00000000feffc000-0x00000000feffffff] reserved
[    0.000000] kernel: BIOS-e820: [mem 0x00000000fffc0000-0x00000000ffffffff] reserved
[    0.000000] kernel: BIOS-e820: [mem 0x0000000100000000-0x00000002bfffffff] usable
[    0.000000] kernel: NX (Execute Disable) protection: active
[    0.000000] kernel: SMBIOS 2.8 present.
[    0.000000] kernel: DMI: QEMU Standard PC (i440FX + PIIX, 1996), BIOS 1.13.0-1ubuntu1.1 04/01/2014
[    0.000000] kernel: Hypervisor detected: KVM
[    0.000000] kernel: kvm-clock: Using msrs 4b564d01 and 4b564d00
[    0.000000] kernel: kvm-clock: cpu 0, msr 60558001, primary cpu clock
[    0.000002] kernel: kvm-clock: using sched offset of 511562073 cycles
[    0.000012] kernel: clocksource: kvm-clock: mask: 0xffffffffffffffff max_cycles: 0x1cd42e4dffb, max_idle_ns: 881590591483 ns
[    0.000029] kernel: tsc: Detected 2496.000 MHz processor
[    0.006802] kernel: e820: update [mem 0x00000000-0x00000fff] usable ==> reserved
[    0.006823] kernel: e820: remove [mem 0x000a0000-0x000fffff] usable
[    0.006841] kernel: last_pfn = 0x2c0000 max_arch_pfn = 0x400000000
[    0.006917] kernel: x86/PAT: Configuration [0-7]: WB  WC  UC- UC  WB  WP  UC- WT  
[    0.006940] kernel: last_pfn = 0xbffe0 max_arch_pfn = 0x400000000
[    0.015533] kernel: found SMP MP-table at [mem 0x000f5c80-0x000f5c8f]
[    0.015596] kernel: Using GB pages for direct mapping
[    0.016623] kernel: ACPI: Early table checksum verification disabled
[    0.016639] kernel: ACPI: RSDP 0x00000000000F5A50 000014 (v00 BOCHS )
[    0.016665] kernel: ACPI: RSDT 0x00000000BFFE15C9 000030 (v01 BOCHS  BXPCRSDT 00000001 BXPC 00000001)
[    0.016692] kernel: ACPI: FACP 0x00000000BFFE149D 000074 (v01 BOCHS  BXPCFACdebug1: Sending command: /root/syz-executor exec 0 1 glusterfs 3 4 192.168.0.50 0 "3 1 ''" false false false false false
P 00000001 BXPC 00000001)
[    0.016721] kernel: ACPI: DSDT 0x00000000BFFE0040 00145D (v01 BOCHS  BXPCDSDT 00000001 BXPC 00000001)
[    0.016745] kernel: ACPI: FACS 0x00000000BFFE0000 000040
[    0.016763] kernel: ACPI: APIC 0x00000000BFFE1511 000080 (v01 BOCHS  BXPCAPIC 00000001 BXPC 00000001)
[    0.016787] kernel: ACPI: HPET 0x00000000BFFE1591 000038 (v01 BOCHS  BXPCHPET 00000001 BXPC 00000001)
[    0.016809] kernel: ACPI: Reserving FACP table memory at [mem 0xbffe149d-0xbffe1510]
[    0.016820] kernel: ACPI: Reserving DSDT table memory at [mem 0xbffe0040-0xbffe149c]
[    0.016830] kernel: ACPI: Reserving FACS table memory at [mem 0xbffe0000-0xbffe003f]
[    0.016840] kernel: ACPI: Reserving APIC table memory at [mem 0xbffe1511-0xbffe1590]
[    0.016850] kernel: ACPI: Reserving HPET table memory at [mem 0xbffe1591-0xbffe15c8]
[    0.017866] kernel: No NUMA configuration found
[    0.017877] kernel: Faking a node at [mem 0x0000000000000000-0x00000002bfffffff]
[    0.017896] kernel: unlink FIFO failed: No such file or directory
[    0.000000] kernel: Linux version 5.15.0+ (tlyu@IC-RS3-DPC07) (gcc (Ubuntu 9.4.0-1ubuntu1~20.04.1) 9.4.0, GNU ld (GNU Binutils for Ubuntu) 2.34) #8 SMP Fri Jun 3 16:18:40 CEST 2022
[    0.000000] kernel: Command line: root=/dev/sda console=ttyS0 net.ifnames=0 ip=192.168.0.50
[    0.000000] kernel: x86/fpu: Supporting XSAVE feature 0x001: 'x87 floating point registers'
[    0.000000] kernel: x86/fpu: Supporting XSAVE feature 0x002: 'SSE registers'
[    0.000000] kernel: x86/fpu: Supporting XSAVE feature 0x004: 'AVX registers'
[    0.000000] kernel: x86/fpu: Supporting XSAVE feature 0x008: 'MPX bounds registers'
[    0.000000] kernel: x86/fpu: Supporting XSAVE feature 0x010: 'MPX CSR'
[    0.000000] kernel: x86/fpu: Supporting XSAVE feature 0x020: 'AVX-512 opmask'
[    0.000000] kernel: x86/fpu: Supporting XSAVE feature 0x040: 'AVX-512 Hi256'
[    0.000000] kernel: x86/fpu: Supporting XSAVE feature 0x080: 'AVX-512 ZMM_Hi256'
[    0.000000] kernel: x86/fpu: Supporting XSAVE feature 0xNODE_DATA(0) allocated [mem 0x2bfffa000-0x2bfffdfff]
[    0.017980] kernel: Zone ranges:
[    0.017985] kernel:   DMA      [mem 0x0000000000001000-0x0000000000ffffff]
[    0.017998] kernel:   DMA32    [mem 0x0000000001000000-0x00000000ffffffff]
[    0.018010] kernel:   Normal   [mem 0x0000000100000000-0x00000002bfffffff]
[    0.018021] kernel: Movable zone start for each node
[    0.018027] kernel: Early memory node ranges
[    0.018032] kernel:   node   0: [mem 0x0000000000001000-0x000000000009efff]
[    0.018042] kernel:   node   0: [mem 0x0000000000100000-0x00000000bffdffff]
[    0.018053] kernel:   node   0: [mem 0x0000000100000000-0x00000002bfffffff]
[    0.018066] kernel: Initmem setup node 0 [mem 0x0000000000001000-0x00000002bfffffff]
[    0.018360] kernel: On node 0, zone DMA: 1 pages in unavailable ranges
[    0.018432] kernel: On node 0, zone DMA: 97 pages in unavailable ranges
[    0.090199] kernel: On node 0, zone Normal: 32 pages in unavailable ranges
[    0.348578] kerne200: 'Protection Keys User registers'
[    0.000000] kernel: x86/fpu: xstate_offset[2]:  576, xstate_sizes[2]:  256
[    0.000000] kernel: x86/fpu: xstate_offset[3]:  832, xstate_sizes[3]:   64
[    0.000000] kernel: x86/fpu: xstate_offset[4]:  896, xstate_sizes[4]:   64
[    0.000000] kernel: x86/fpu: xstate_offset[5]:  960, xstate_sizes[5]:   64
[    0.000000] kernel: x86/fpu: xstate_offset[6]: 1024, xstate_sizes[6]:  512
[    0.000000] kernel: x86/fpu: xstate_offset[7]: 1536, xstate_sizes[7]: 1024
[    0.000000] kernel: x86/fpu: xstate_offset[9]: 2560, xstate_sizes[9]:    8
[    0.000000] kernel: x86/fpu: Enabled xstate features 0x2ff, context size is 2568 bytes, using 'compacted' format.
[    0.000000] kernel: signal: max sigframe size: 3632
[    0.000000] kernel: BIOS-provided physical RAM map:
[    0.000000] kernel: BIOS-e820: [mem 0x0000000000000000-0x000000000009fbff] usable
[    0.000000] kernel: BIOS-e820: [mem 0x000000000009fc00-0x000000000009ffff] reserved
[    0.000000] ksyz_reboot() time executor starts at 1674727847:963435
----- is restarting 0
---- dfs_name glusterfs is_dfs_client 0
l: kasan: KernelAddressSanitizer initialized
[    0.349048] kernel: ACPI: PM-Timer IO Port: 0x608
[    0.349084] kernel: ACPI: LAPIC_NMI (acpi_id[0xff] dfl dfl lint[0x1])
[    0.349152] kernel: IOAPIC[0]: apic_id 0, version 17, address 0xfec00000, GSI 0-23
[    0.349180] kernel: ACPI: INT_SRC_OVR (bus 0 bus_irq 0 global_irq 2 dfl dfl)
[    0.349201] kernel: ACPI: INT_SRC_OVR (bus 0 bus_irq 5 global_irq 5 high level)
[    0.349220] kernel: ACPI: INT_SRC_OVR (bus 0 bus_irq 9 global_irq 9 high level)
[    0.349239] kernel: ACPI: INT_SRC_OVR (bus 0 bus_irq 10 global_irq 10 high level)
[    0.349258] kernel: ACPI: INT_SRC_OVR (bus 0 bus_irq 11 global_irq 11 high level)
[    0.349290] kernel: ACPI: Using ACPI (MADT) for SMP configuration information
[    0.349302] kernel: ACPI: HPET id: 0x8086a201 base: 0xfed00000
[    0.349324] kernel: TSC deadline timer available
[    0.349334] kernel: smpboot: Allowing 2 CPUs, 0 hotplug CPUs
[    0.349384] kernel: kvm-guest: KVM setup pv remote TLB flushernel: BIOS-e820: [mem 0x00000000000f0000-0x00000000000fffff] reserved
[    0.000000] kernel: BIOS-e820: [mem 0x0000000000100000-0x00000000bffdcfff] usable
[    0.000000] kernel: BIOS-e820: [mem 0x00000000bffdd000-0x00000000bfffffff] reserved
[    0.000000] kernel: BIOS-e820: [mem 0x00000000feffc000-0x00000000feffffff] reserved
[    0.000000] kernel: BIOS-e820: [mem 0x00000000fffc0000-0x00000000ffffffff] reserved
[    0.000000] kernel: BIOS-e820: [mem 0x0000000100000000-0x00000002bfffffff] usable
[    0.000000] kernel: NX (Execute Disable) protection: active
[    0.000000] kernel: SMBIOS 2.8 present.
[    0.000000] kernel: DMI: QEMU Standard PC (i440FX + PIIX, 1996), BIOS 1.13.0-1ubuntu1.1 04/01/2014
[    0.000000] kernel: Hypervisor detected: KVM
[    0.000000] kernel: kvm-clock: Using msrs 4b564d01 and 4b564d00
[    0.000000] kernel: kvm-clock: cpu 0, msr 169f58001, primary cpu clock
[    0.000003] kernel: kvm-clock: using sched offset of 488126299 cycles
[    0.000017] kernel: cloc
[    0.349397] kernel: kvm-guest: setup PV sched yield
[    0.349453] kernel: PM: hibernation: Registered nosave memory: [mem 0x00000000-0x00000fff]
[    0.349474] kernel: PM: hibernation: Registered nosave memory: [mem 0x0009f000-0x0009ffff]
[    0.349489] kernel: PM: hibernation: Registered nosave memory: [mem 0x000a0000-0x000effff]
[    0.349503] kernel: PM: hibernation: Registered nosave memory: [mem 0x000f0000-0x000fffff]
[    0.349523] kernel: PM: hibernation: Registered nosave memory: [mem 0xbffe0000-0xbfffffff]
[    0.349538] kernel: PM: hibernation: Registered nosave memory: [mem 0xc0000000-0xfeffbfff]
[    0.349553] kernel: PM: hibernation: Registered nosave memory: [mem 0xfeffc000-0xfeffffff]
[    0.349568] kernel: PM: hibernation: Registered nosave memory: [mem 0xff000000-0xfffbffff]
[    0.349583] kernel: PM: hibernation: Registered nosave memory: [mem 0xfffc0000-0xffffffff]
[    0.349601] kernel: [mem 0xc0000000-0xfeffbfff] available for PCI devices
[    0.349617] kerneksource: kvm-clock: mask: 0xffffffffffffffff max_cycles: 0x1cd42e4dffb, max_idle_ns: 881590591483 ns
[    0.000040] kernel: tsc: Detected 2496.000 MHz processor
[    0.008250] kernel: e820: update [mem 0x00000000-0x00000fff] usable ==> reserved
[    0.008289] kernel: e820: remove [mem 0x000a0000-0x000fffff] usable
[    0.008314] kernel: last_pfn = 0x2c0000 max_arch_pfn = 0x400000000
[    0.008399] kernel: x86/PAT: Configuration [0-7]: WB  WC  UC- UC  WB  WP  UC- WT  
[    0.008418] kernel: last_pfn = 0xbffdd max_arch_pfn = 0x400000000
[    0.017815] kernel: found SMP MP-table at [mem 0x000f5c70-0x000f5c7f]
[    0.017941] kernel: Using GB pages for direct mapping
[    0.018985] kernel: ACPI: Early table checksum verification disabled
[    0.019003] kernel: ACPI: RSDP 0x00000000000F5A40 000014 (v00 BOCHS )
[    0.019043] kernel: ACPI: RSDT 0x00000000BFFE15C9 000030 (v01 BOCHS  BXPCRSDT 00000001 BXPC 00000001)
[    0.019079] kernel: ACPI: FACP 0x00000000BFFE149D 000074 (v01 BOCHS  BXPCFAl: Booting paravirtualized kernel on KVM
[    0.349631] kernel: clocksource: refined-jiffies: mask: 0xffffffff max_cycles: 0xffffffff, max_idle_ns: 1910969940391419 ns
[    0.367161] kernel: setup_percpu: NR_CPUS:64 nr_cpumask_bits:64 nr_cpu_ids:2 nr_node_ids:1
[    0.367675] kernel: percpu: Embedded 56 pages/cpu s191576 r8192 d29608 u1048576
[    0.367730] kernel: pcpu-alloc: s191576 r8192 d29608 u1048576 alloc=1*2097152
[    0.367755] kernel: pcpu-alloc: [0] 0 1 
[    0.367890] kernel: kvm-guest: setup async PF for cpu 0
[    0.367907] kernel: kvm-guest: stealtime: cpu 0, msr 26521f140
[    0.367925] kernel: Built 1 zonelists, mobility grouping on.  Total pages: 2580192
[    0.367942] kernel: Policy zone: Normal
[    0.367953] kernel: Kernel command line: root=/dev/sda console=ttyS0 net.ifnames=0 ip=192.168.0.53
[    0.371638] kernel: Dentry cache hash table entries: 2097152 (order: 12, 16777216 bytes, linear)
[    0.373262] kernel: Inode-cache hash table entries: 1048576 (order: 11CP 00000001 BXPC 00000001)
[    0.019119] kernel: ACPI: DSDT 0x00000000BFFE0040 00145D (v01 BOCHS  BXPCDSDT 00000001 BXPC 00000001)
[    0.019151] kernel: ACPI: FACS 0x00000000BFFE0000 000040
[    0.019178] kernel: ACPI: APIC 0x00000000BFFE1511 000080 (v01 BOCHS  BXPCAPIC 00000001 BXPC 00000001)
[    0.019209] kernel: ACPI: HPET 0x00000000BFFE1591 000038 (v01 BOCHS  BXPCHPET 00000001 BXPC 00000001)
[    0.019239] kernel: ACPI: Reserving FACP table memory at [mem 0xbffe149d-0xbffe1510]
[    0.019254] kernel: ACPI: Reserving DSDT table memory at [mem 0xbffe0040-0xbffe149c]
[    0.019268] kernel: ACPI: Reserving FACS table memory at [mem 0xbffe0000-0xbffe003f]
[    0.019281] kernel: ACPI: Reserving APIC table memory at [mem 0xbffe1511-0xbffe1590]
[    0.019295] kernel: ACPI: Reserving HPET table memory at [mem 0xbffe1591-0xbffe15c8]
[    0.020822] kernel: No NUMA configuration found
[    0.020843] kernel: Faking a node at [mem 0x0000000000000000-0x00000002bfffffff]
[    0.020868] kernel:, 8388608 bytes, linear)
[    0.373418] kernel: mem auto-init: stack:off, heap alloc:off, heap free:off
[    0.608276] kernel: Memory: 8818316K/10485240K available (47117K kernel code, 10298K rwdata, 7204K rodata, 2068K init, 2860K bss, 1666668K reserved, 0K cma-reserved)
[    0.608701] kernel: SLUB: HWalign=64, Order=0-3, MinObjects=0, CPUs=2, Nodes=1
[    0.609654] kernel: rcu: Hierarchical RCU implementation.
[    0.609671] kernel: rcu:         RCU event tracing is enabled.
[    0.609681] kernel: rcu:         RCU restricting CPUs from NR_CPUS=64 to nr_cpu_ids=2.
[    0.609699] kernel: rcu: RCU calculated value of scheduler-enlistment delay is 100 jiffies.
[    0.609712] kernel: rcu: Adjusting geometry for rcu_fanout_leaf=16, nr_cpu_ids=2
[    0.626364] kernel: NR_IRQS: 4352, nr_irqs: 440, preallocated irqs: 16
[    0.627087] kernel: random: get_random_bytes called from start_kernel+0x22b/0x456 with crng_init=0
[    0.633261] kernel: Console: colour VGA+ 80x25
[    0.716251] kernel:[    0.000000] kernel: Linux version 5.15.0+ (tlyu@IC-RS3-DPC07) (gcc (Ubuntu 9.4.0-1ubuntu1~20.04.1) 9.4.0, GNU ld (GNU Binutils for Ubuntu) 2.34) #8 SMP Fri Jun 3 16:18:40 CEST 2022
[    0.000000] kernel: Command line: root=/dev/sda console=ttyS0 net.ifnames=0 ip=192.168.0.52
[    0.000000] kernel: x86/fpu: Supporting XSAVE feature 0x001: 'x87 floating point registers'
[    0.000000] kernel: x86/fpu: Supporting XSAVE feature 0x002: 'SSE registers'
[    0.000000] kernel: x86/fpu: Supporting XSAVE feature 0x004: 'AVX registers'
[    0.000000] kernel: x86/fpu: Supporting XSAVE feature 0x008: 'MPX bounds registers'
[    0.000000] kernel: x86/fpu: Supporting XSAVE feature 0x010: 'MPX CSR'
[    0.000000] kernel: x86/fpu: Supporting XSAVE feature 0x020: 'AVX-512 opmask'
[    0.000000] kernel: x86/fpu: Supporting XSAVE feature 0x040: 'AVX-512 Hi256'
[    0.000000] kernel: x86/fpu: Supporting XSAVE feature 0x080: 'AVX-512 ZMM_Hi256'
[    0.000000] kernel: x86/fpu: Supporting XSAVE feature 0xunlink FIFO failed: No such file or directory
executor 0 finishes userspace_cover_open
before receiving handshake request
 printk: console [ttyS0] enabled
[    0.716846] kernel: ACPI: Core revision 20210730
[    0.717663] kernel: clocksource: hpet: mask: 0xffffffff max_cycles: 0xffffffff, max_idle_ns: 19112604467 ns
[    0.718840] kernel: APIC: Switch to symmetric I/O mode setup
[    0.719440] kernel: kvm-guest: setup PV IPIs
[    0.721111] kernel: ..TIMER: vector=0x30 apic1=0 pin1=2 apic2=-1 pin2=-1
[    0.721823] kernel: clocksource: tsc-early: mask: 0xffffffffffffffff max_cycles: 0x23fa772cf26, max_idle_ns: 440795269835 ns
[    0.722992] kernel: Calibrating delay loop (skipped) preset value.. 4992.00 BogoMIPS (lpj=2496000)
[    0.723985] kernel: pid_max: default: 32768 minimum: 301
[    0.724671] kernel: LSM: Security Framework initializing
[    0.725036] kernel: SELinux:  Initializing.
[    0.725980] kernel: Mount-cache hash table entries: 32768 (order: 6, 262144 bytes, linear)
[    0.726994] kernel: Mountpoint-cache hash table entries: 32768 (order: 6, 262144 bytes, linear)
[    0.729371] kernel: x8 NODE_DATA(0) allocated [mem 0x2bfffc000-0x2bfffffff]
[    0.021347] kernel: Zone ranges:
[    0.021359] kernel:   DMA      [mem 0x0000000000001000-0x0000000000ffffff]
[    0.021377] kernel:   DMA32    [mem 0x0000000001000000-0x00000000ffffffff]
[    0.021392] kernel:   Normal   [mem 0x0000000100000000-0x00000002bfffffff]
[    0.021408] kernel: Movable zone start for each node
[    0.021415] kernel: Early memory node ranges
[    0.021422] kernel:   node   0: [mem 0x0000000000001000-0x000000000009efff]
[    0.021435] kernel:   node   0: [mem 0x0000000000100000-0x00000000bffdcfff]
[    0.021450] kernel:   node   0: [mem 0x0000000100000000-0x00000002bfffffff]
[    0.021467] kernel: Initmem setup node 0 [mem 0x0000000000001000-0x00000002bfffffff]
[    0.021812] kernel: On node 0, zone DMA: 1 pages in unavailable ranges
[    0.021948] kernel: On node 0, zone DMA: 97 pages in unavailable ranges
[    0.135559] kernel: On node 0, zone Normal: 35 pages in unavailable ranges
[    0.507253] kern200: 'Protection Keys User registers'
[    0.000000] kernel: x86/fpu: xstate_offset[2]:  576, xstate_sizes[2]:  256
[    0.000000] kernel: x86/fpu: xstate_offset[3]:  832, xstate_sizes[3]:   64
[    0.000000] kernel: x86/fpu: xstate_offset[4]:  896, xstate_sizes[4]:   64
[    0.000000] kernel: x86/fpu: xstate_offset[5]:  960, xstate_sizes[5]:   64
[    0.000000] kernel: x86/fpu: xstate_offset[6]: 1024, xstate_sizes[6]:  512
[    0.000000] kernel: x86/fpu: xstate_offset[7]: 1536, xstate_sizes[7]: 1024
[    0.000000] kernel: x86/fpu: xstate_offset[9]: 2560, xstate_sizes[9]:    8
[    0.000000] kernel: x86/fpu: Enabled xstate features 0x2ff, context size is 2568 bytes, using 'compacted' format.
[    0.000000] kernel: signal: max sigframe size: 3632
[    0.000000] kernel: BIOS-provided physical RAM map:
[    0.000000] kernel: BIOS-e820: [mem 0x0000000000000000-0x000000000009fbff] usable
[    0.000000] kernel: BIOS-e820: [mem 0x000000000009fc00-0x000000000009ffff] reserved
[    0.000000] k6/cpu: User Mode Instruction Prevention (UMIP) activated
[    0.730131] kernel: Last level iTLB entries: 4KB 0, 2MB 0, 4MB 0
[    0.730707] kernel: Last level dTLB entries: 4KB 0, 2MB 0, 4MB 0, 1GB 0
[    0.731010] kernel: Spectre V1 : Mitigation: usercopy/swapgs barriers and __user pointer sanitization
[    0.731994] kernel: Spectre V2 : Mitigation: Enhanced IBRS
[    0.732485] kernel: Spectre V2 : Spectre v2 / SpectreRSB mitigation: Filling RSB on context switch
[    0.732978] kernel: Spectre V2 : mitigation: Enabling conditional Indirect Branch Prediction Barrier
[    0.732978] kernel: Speculative Store Bypass: Mitigation: Speculative Store Bypass disabled via prctl and seccomp
[    0.759782] kernel: Freeing SMP alternatives memory: 40K
[    0.760311] kernel: smpboot: CPU0: 11th Gen Intel(R) Core(TM) i7-11700 @ 2.50GHz (family: 0x6, model: 0xa7, stepping: 0x1)
[    0.761314] kernel: Performance Events: Icelake events, 32-deep LBR, full-width counters, Intel PMU driver.
[    0.76299el: kasan: KernelAddressSanitizer initialized
[    0.507734] kernel: ACPI: PM-Timer IO Port: 0x608
[    0.507764] kernel: ACPI: LAPIC_NMI (acpi_id[0xff] dfl dfl lint[0x1])
[    0.507835] kernel: IOAPIC[0]: apic_id 0, version 17, address 0xfec00000, GSI 0-23
[    0.507857] kernel: ACPI: INT_SRC_OVR (bus 0 bus_irq 0 global_irq 2 dfl dfl)
[    0.507874] kernel: ACPI: INT_SRC_OVR (bus 0 bus_irq 5 global_irq 5 high level)
[    0.507889] kernel: ACPI: INT_SRC_OVR (bus 0 bus_irq 9 global_irq 9 high level)
[    0.507904] kernel: ACPI: INT_SRC_OVR (bus 0 bus_irq 10 global_irq 10 high level)
[    0.507919] kernel: ACPI: INT_SRC_OVR (bus 0 bus_irq 11 global_irq 11 high level)
[    0.507946] kernel: ACPI: Using ACPI (MADT) for SMP configuration information
[    0.507956] kernel: ACPI: HPET id: 0x8086a201 base: 0xfed00000
[    0.507977] kernel: TSC deadline timer available
[    0.507987] kernel: smpboot: Allowing 2 CPUs, 0 hotplug CPUs
[    0.508036] kernel: kvm-guest: KVM setup pv remote TLB flusernel: BIOS-e820: [mem 0x00000000000f0000-0x00000000000fffff] reserved
[    0.000000] kernel: BIOS-e820: [mem 0x0000000000100000-0x00000000bffdcfff] usable
[    0.000000] kernel: BIOS-e820: [mem 0x00000000bffdd000-0x00000000bfffffff] reserved
[    0.000000] kernel: BIOS-e820: [mem 0x00000000feffc000-0x00000000feffffff] reserved
[    0.000000] kernel: BIOS-e820: [mem 0x00000000fffc0000-0x00000000ffffffff] reserved
[    0.000000] kernel: BIOS-e820: [mem 0x0000000100000000-0x00000002bfffffff] usable
[    0.000000] kernel: NX (Execute Disable) protection: active
[    0.000000] kernel: SMBIOS 2.8 present.
[    0.000000] kernel: DMI: QEMU Standard PC (i440FX + PIIX, 1996), BIOS 1.13.0-1ubuntu1.1 04/01/2014
[    0.000000] kernel: Hypervisor detected: KVM
[    0.000000] kernel: kvm-clock: Using msrs 4b564d01 and 4b564d00
[    0.000000] kernel: kvm-clock: cpu 0, msr 1df158001, primary cpu clock
[    0.000002] kernel: kvm-clock: using sched offset of 482513932 cycles
[    0.000014] kernel: cloc2] kernel: ... version:                2
[    0.763367] kernel: ... bit width:              48
[    0.763809] kernel: ... generic registers:      8
[    0.763987] kernel: ... value mask:             0000ffffffffffff
[    0.764543] kernel: ... max period:             00007fffffffffff
[    0.764983] kernel: ... fixed-purpose events:   3
[    0.765328] kernel: ... event mask:             00000007000000ff
[    0.766254] kernel: rcu: Hierarchical SRCU implementation.
[    0.768505] kernel: smp: Bringing up secondary CPUs ...
[    0.769278] kernel: x86: Booting SMP configuration:
[    0.769765] kernel: .... node  #0, CPUs:      #1
[    0.093033] kernel: kvm-clock: cpu 1, msr 60558041, secondary cpu clock
[    0.093033] kernel: smpboot: CPU 1 Converting physical 0 to logical die 1
[    0.773053] kernel: kvm-guest: setup async PF for cpu 1
[    0.773694] kernel: kvm-guest: stealtime: cpu 1, msr 26531f140
[    0.774048] kernel: smp: Brought up 1 node, 2 CPUs
[    0.774997] kernel: smpboot: Maxh
[    0.508049] kernel: kvm-guest: setup PV sched yield
[    0.508093] kernel: PM: hibernation: Registered nosave memory: [mem 0x00000000-0x00000fff]
[    0.508111] kernel: PM: hibernation: Registered nosave memory: [mem 0x0009f000-0x0009ffff]
[    0.508122] kernel: PM: hibernation: Registered nosave memory: [mem 0x000a0000-0x000effff]
[    0.508134] kernel: PM: hibernation: Registered nosave memory: [mem 0x000f0000-0x000fffff]
[    0.508150] kernel: PM: hibernation: Registered nosave memory: [mem 0xbffdd000-0xbfffffff]
[    0.508163] kernel: PM: hibernation: Registered nosave memory: [mem 0xc0000000-0xfeffbfff]
[    0.508175] kernel: PM: hibernation: Registered nosave memory: [mem 0xfeffc000-0xfeffffff]
[    0.508187] kernel: PM: hibernation: Registered nosave memory: [mem 0xff000000-0xfffbffff]
[    0.508199] kernel: PM: hibernation: Registered nosave memory: [mem 0xfffc0000-0xffffffff]
[    0.508213] kernel: [mem 0xc0000000-0xfeffbfff] available for PCI devices
[    0.508225] kernsyz_reboot() time executor starts at 1674727847:987592
----- is restarting 0
---- dfs_name glusterfs is_dfs_client 0
ksource: kvm-clock: mask: 0xffffffffffffffff max_cycles: 0x1cd42e4dffb, max_idle_ns: 881590591483 ns
[    0.000035] kernel: tsc: Detected 2496.000 MHz processor
[    0.008123] kernel: e820: update [mem 0x00000000-0x00000fff] usable ==> reserved
[    0.008171] kernel: e820: remove [mem 0x000a0000-0x000fffff] usable
[    0.008197] kernel: last_pfn = 0x2c0000 max_arch_pfn = 0x400000000
[    0.008281] kernel: x86/PAT: Configuration [0-7]: WB  WC  UC- UC  WB  WP  UC- WT  
[    0.008299] kernel: last_pfn = 0xbffdd max_arch_pfn = 0x400000000
[    0.017581] kernel: found SMP MP-table at [mem 0x000f5c70-0x000f5c7f]
[    0.017671] kernel: Using GB pages for direct mapping
[    0.018654] kernel: ACPI: Early table checksum verification disabled
[    0.018670] kernel: ACPI: RSDP 0x00000000000F5A40 000014 (v00 BOCHS )
[    0.018706] kernel: ACPI: RSDT 0x00000000BFFE15C9 000030 (v01 BOCHS  BXPCRSDT 00000001 BXPC 00000001)
[    0.018741] kernel: ACPI: FACP 0x00000000BFFE149D 000074 (v01 BOCHS  BXPCFA logical packages: 2
[    0.775452] kernel: smpboot: Total of 2 processors activated (9984.00 BogoMIPS)
[    0.777179] kernel: devtmpfs: initialized
[    0.782396] kernel: clocksource: jiffies: mask: 0xffffffff max_cycles: 0xffffffff, max_idle_ns: 1911260446275000 ns
[    0.782998] kernel: futex hash table entries: 512 (order: 3, 32768 bytes, linear)
[    0.784400] kernel: PM: RTC time: 10:10:35, date: 2023-01-26
[    0.785431] kernel: NET: Registered PF_NETLINK/PF_ROUTE protocol family
[    0.786706] kernel: audit: initializing netlink subsys (disabled)
[    0.787117] kernel: audit: type=2000 audit(1674727835.453:1): state=initialized audit_enabled=0 res=1
[    0.788099] kernel: thermal_sys: Registered thermal governor 'step_wise'
[    0.788282] kernel: thermal_sys: Registered thermal governor 'user_space'
[    0.789058] kernel: cpuidle: using governor menu
[    0.790380] kernel: ACPI: bus type PCI registered
[    0.791260] kernel: PCI: Using configuration type 1 for base access
[   el: Booting paravirtualized kernel on KVM
[    0.508235] kernel: clocksource: refined-jiffies: mask: 0xffffffff max_cycles: 0xffffffff, max_idle_ns: 1910969940391419 ns
[    0.526095] kernel: setup_percpu: NR_CPUS:64 nr_cpumask_bits:64 nr_cpu_ids:2 nr_node_ids:1
[    0.526781] kernel: percpu: Embedded 56 pages/cpu s191576 r8192 d29608 u1048576
[    0.526832] kernel: pcpu-alloc: s191576 r8192 d29608 u1048576 alloc=1*2097152
[    0.526853] kernel: pcpu-alloc: [0] 0 1 
[    0.526977] kernel: kvm-guest: setup async PF for cpu 0
[    0.526994] kernel: kvm-guest: stealtime: cpu 0, msr 26521f140
[    0.527014] kernel: Built 1 zonelists, mobility grouping on.  Total pages: 2580189
[    0.527029] kernel: Policy zone: Normal
[    0.527041] kernel: Kernel command line: root=/dev/sda console=ttyS0 net.ifnames=0 ip=192.168.0.50
[    0.532160] kernel: Dentry cache hash table entries: 2097152 (order: 12, 16777216 bytes, linear)
[    0.534338] kernel: Inode-cache hash table entries: 1048576 (order: 1CP 00000001 BXPC 00000001)
[    0.018778] kernel: ACPI: DSDT 0x00000000BFFE0040 00145D (v01 BOCHS  BXPCDSDT 00000001 BXPC 00000001)
[    0.018807] kernel: ACPI: FACS 0x00000000BFFE0000 000040
[    0.018829] kernel: ACPI: APIC 0x00000000BFFE1511 000080 (v01 BOCHS  BXPCAPIC 00000001 BXPC 00000001)
[    0.018858] kernel: ACPI: HPET 0x00000000BFFE1591 000038 (v01 BOCHS  BXPCHPET 00000001 BXPC 00000001)
[    0.018884] kernel: ACPI: Reserving FACP table memory at [mem 0xbffe149d-0xbffe1510]
[    0.018900] kernel: ACPI: Reserving DSDT table memory at [mem 0xbffe0040-0xbffe149c]
[    0.018915] kernel: ACPI: Reserving FACS table memory at [mem 0xbffe0000-0xbffe003f]
[    0.018927] kernel: ACPI: Reserving APIC table memory at [mem 0xbffe1511-0xbffe1590]
[    0.018940] kernel: ACPI: Reserving HPET table memory at [mem 0xbffe1591-0xbffe15c8]
[    0.020346] kernel: No NUMA configuration found
[    0.020368] kernel: Faking a node at [mem 0x0000000000000000-0x00000002bfffffff]
[    0.020391] kernel: 0.813611] kernel: Kprobes globally optimized
[    0.814149] kernel: HugeTLB registered 2.00 MiB page size, pre-allocated 0 pages
[    0.815173] kernel: cryptomgr_test (26) used greatest stack depth: 30608 bytes left
[    0.818219] kernel: ACPI: Added _OSI(Module Device)
[    0.818992] kernel: ACPI: Added _OSI(Processor Device)
[    0.819557] kernel: ACPI: Added _OSI(3.0 _SCP Extensions)
[    0.819987] kernel: ACPI: Added _OSI(Processor Aggregator Device)
[    0.820688] kernel: ACPI: Added _OSI(Linux-Dell-Video)
[    0.820999] kernel: ACPI: Added _OSI(Linux-Lenovo-NV-HDMI-Audio)
[    0.821678] kernel: ACPI: Added _OSI(Linux-HPI-Hybrid-Graphics)
[    0.849144] kernel: ACPI: 1 ACPI AML tables successfully acquired and loaded
[    0.855858] kernel: ACPI: Interpreter enabled
[    0.856178] kernel: ACPI: PM: (supports S0 S3 S4 S5)
[    0.856994] kernel: ACPI: Using IOAPIC for interrupt routing
[    0.858164] kernel: PCI: Using host bridge windows from ACPI; if necessary, use "pci=nocrs" an1, 8388608 bytes, linear)
[    0.534506] kernel: mem auto-init: stack:off, heap alloc:off, heap free:off
[    0.807462] kernel: Memory: 8818312K/10485228K available (47117K kernel code, 10298K rwdata, 7204K rodata, 2068K init, 2860K bss, 1666660K reserved, 0K cma-reserved)
[    0.807882] kernel: SLUB: HWalign=64, Order=0-3, MinObjects=0, CPUs=2, Nodes=1
[    0.808445] kernel: rcu: Hierarchical RCU implementation.
[    0.808457] kernel: rcu:         RCU event tracing is enabled.
[    0.808466] kernel: rcu:         RCU restricting CPUs from NR_CPUS=64 to nr_cpu_ids=2.
[    0.808481] kernel: rcu: RCU calculated value of scheduler-enlistment delay is 100 jiffies.
[    0.808494] kernel: rcu: Adjusting geometry for rcu_fanout_leaf=16, nr_cpu_ids=2
[    0.824305] kernel: NR_IRQS: 4352, nr_irqs: 440, preallocated irqs: 16
[    0.824944] kernel: random: get_random_bytes called from start_kernel+0x22b/0x456 with crng_init=0
[    0.830421] kernel: Console: colour VGA+ 80x25
[    0.913909] kernel NODE_DATA(0) allocated [mem 0x2bfffc000-0x2bfffffff]
[    0.020818] kernel: Zone ranges:
[    0.020830] kernel:   DMA      [mem 0x0000000000001000-0x0000000000ffffff]
[    0.020847] kernel:   DMA32    [mem 0x0000000001000000-0x00000000ffffffff]
[    0.020861] kernel:   Normal   [mem 0x0000000100000000-0x00000002bfffffff]
[    0.020876] kernel: Movable zone start for each node
[    0.020883] kernel: Early memory node ranges
[    0.020889] kernel:   node   0: [mem 0x0000000000001000-0x000000000009efff]
[    0.020914] kernel:   node   0: [mem 0x0000000000100000-0x00000000bffdcfff]
[    0.020928] kernel:   node   0: [mem 0x0000000100000000-0x00000002bfffffff]
[    0.020944] kernel: Initmem setup node 0 [mem 0x0000000000001000-0x00000002bfffffff]
[    0.021248] kernel: On node 0, zone DMA: 1 pages in unavailable ranges
[    0.021377] kernel: On node 0, zone DMA: 97 pages in unavailable ranges
[    0.127700] kernel: On node 0, zone Normal: 35 pages in unavailable ranges
[    0.515241] kernd report a bug
[    0.860842] kernel: ACPI: Enabled 2 GPEs in block 00 to 0F
[    0.901434] kernel: ACPI: PCI Root Bridge [PCI0] (domain 0000 [bus 00-ff])
[    0.902041] kernel: acpi PNP0A03:00: _OSC: OS supports [ASPM ClockPM Segments MSI HPX-Type3]
[    0.903125] kernel: acpi PNP0A03:00: fail to add MMCONFIG information, can't access extended PCI configuration space under this bridge.
[    0.904524] kernel: PCI host bridge to bus 0000:00
[    0.905000] kernel: pci_bus 0000:00: root bus resource [io  0x0000-0x0cf7 window]
[    0.905807] kernel: pci_bus 0000:00: root bus resource [io  0x0d00-0xffff window]
[    0.905991] kernel: pci_bus 0000:00: root bus resource [mem 0x000a0000-0x000bffff window]
[    0.906865] kernel: pci_bus 0000:00: root bus resource [mem 0xc0000000-0xfebfffff window]
[    0.906994] kernel: pci_bus 0000:00: root bus resource [mem 0x2c0000000-0x33fffffff window]
[    0.907888] kernel: pci_bus 0000:00: root bus resource [bus 00-ff]
[    0.910174] kernel: pci 0000:00: printk: console [ttyS0] enabled
[    0.914474] kernel: ACPI: Core revision 20210730
[    0.915223] kernel: clocksource: hpet: mask: 0xffffffff max_cycles: 0xffffffff, max_idle_ns: 19112604467 ns
[    0.916328] kernel: APIC: Switch to symmetric I/O mode setup
[    0.916831] kernel: kvm-guest: setup PV IPIs
[    0.918444] kernel: ..TIMER: vector=0x30 apic1=0 pin1=2 apic2=-1 pin2=-1
[    0.919081] kernel: clocksource: tsc-early: mask: 0xffffffffffffffff max_cycles: 0x23fa772cf26, max_idle_ns: 440795269835 ns
[    0.920172] kernel: Calibrating delay loop (skipped) preset value.. 4992.00 BogoMIPS (lpj=2496000)
[    0.921166] kernel: pid_max: default: 32768 minimum: 301
[    0.922267] kernel: LSM: Security Framework initializing
[    0.923204] kernel: SELinux:  Initializing.
[    0.923722] kernel: Mount-cache hash table entries: 32768 (order: 6, 262144 bytes, linear)
[    0.925171] kernel: Mountpoint-cache hash table entries: 32768 (order: 6, 262144 bytes, linear)
[    0.927048] kernel: x:00.0: [8086:1237] type 00 class 0x060000
[    0.914402] kernel: pci 0000:00:01.0: [8086:7000] type 00 class 0x060100
[    0.917638] kernel: pci 0000:00:01.1: [8086:7010] type 00 class 0x010180
[    0.920693] kernel: pci 0000:00:01.1: reg 0x20: [io  0xc040-0xc04f]
[    0.921863] kernel: pci 0000:00:01.1: legacy IDE quirk: reg 0x10: [io  0x01f0-0x01f7]
[    0.921990] kernel: pci 0000:00:01.1: legacy IDE quirk: reg 0x14: [io  0x03f6]
[    0.922808] kernel: pci 0000:00:01.1: legacy IDE quirk: reg 0x18: [io  0x0170-0x0177]
[    0.922987] kernel: pci 0000:00:01.1: legacy IDE quirk: reg 0x1c: [io  0x0376]
[    0.928021] kernel: pci 0000:00:01.3: [8086:7113] type 00 class 0x068000
[    0.929180] kernel: pci 0000:00:01.3: quirk: [io  0x0600-0x063f] claimed by PIIX4 ACPI
[    0.929996] kernel: pci 0000:00:01.3: quirk: [io  0x0700-0x070f] claimed by PIIX4 SMB
[    0.934317] kernel: pci 0000:00:02.0: [1234:1111] type 00 class 0x030000
[    0.936503] kernel: pci 0000:00:02.0: reg 0x10: [mem 0xfd0el: kasan: KernelAddressSanitizer initialized
[    0.515730] kernel: ACPI: PM-Timer IO Port: 0x608
[    0.515762] kernel: ACPI: LAPIC_NMI (acpi_id[0xff] dfl dfl lint[0x1])
[    0.515830] kernel: IOAPIC[0]: apic_id 0, version 17, address 0xfec00000, GSI 0-23
[    0.515852] kernel: ACPI: INT_SRC_OVR (bus 0 bus_irq 0 global_irq 2 dfl dfl)
[    0.515869] kernel: ACPI: INT_SRC_OVR (bus 0 bus_irq 5 global_irq 5 high level)
[    0.515884] kernel: ACPI: INT_SRC_OVR (bus 0 bus_irq 9 global_irq 9 high level)
[    0.515899] kernel: ACPI: INT_SRC_OVR (bus 0 bus_irq 10 global_irq 10 high level)
[    0.515915] kernel: ACPI: INT_SRC_OVR (bus 0 bus_irq 11 global_irq 11 high level)
[    0.515941] kernel: ACPI: Using ACPI (MADT) for SMP configuration information
[    0.515952] kernel: ACPI: HPET id: 0x8086a201 base: 0xfed00000
[    0.515971] kernel: TSC deadline timer available
[    0.515979] kernel: smpboot: Allowing 2 CPUs, 0 hotplug CPUs
[    0.516031] kernel: kvm-guest: KVM setup pv remote TLB flusexecutor 2 finishes userspace_cover_open
before receiving handshake request
req.flags ea3
----- executor 2 do_sandbox_none at begining
----- executor 2 do_sandbox_none before fork()
00000-0xfdffffff pref]
[    0.939001] kernel: pci 0000:00:02.0: reg 0x18: [mem 0xfeb90000-0xfeb90fff]
[    0.942998] kernel: pci 0000:00:02.0: reg 0x30: [mem 0xfeb80000-0xfeb8ffff pref]
[    0.947653] kernel: pci 0000:00:03.0: [1af4:1005] type 00 class 0x00ff00
[    0.948851] kernel: pci 0000:00:03.0: reg 0x10: [io  0xc000-0xc01f]
[    0.950988] kernel: pci 0000:00:03.0: reg 0x20: [mem 0xfe200000-0xfe203fff 64bit pref]
[    0.955265] kernel: pci 0000:00:04.0: [1af4:1000] type 00 class 0x020000
[    0.956991] kernel: pci 0000:00:04.0: reg 0x10: [io  0xc020-0xc03f]
[    0.958489] kernel: pci 0000:00:04.0: reg 0x14: [mem 0xfeb91000-0xfeb91fff]
[    0.960988] kernel: pci 0000:00:04.0: reg 0x20: [mem 0xfe204000-0xfe207fff 64bit pref]
[    0.962702] kernel: pci 0000:00:04.0: reg 0x30: [mem 0xfeb00000-0xfeb7ffff pref]
[    0.967548] kernel: pci 0000:00:10.0: [1af4:1110] type 00 class 0x050000
[    0.969003] kernel: pci 0000:00:10.0: reg 0x10: [mem 0xfeb92000-0xfeb920ff]
[    0.971002] kernelh
[    0.516043] kernel: kvm-guest: setup PV sched yield
[    0.516090] kernel: PM: hibernation: Registered nosave memory: [mem 0x00000000-0x00000fff]
[    0.516107] kernel: PM: hibernation: Registered nosave memory: [mem 0x0009f000-0x0009ffff]
[    0.516119] kernel: PM: hibernation: Registered nosave memory: [mem 0x000a0000-0x000effff]
[    0.516131] kernel: PM: hibernation: Registered nosave memory: [mem 0x000f0000-0x000fffff]
[    0.516147] kernel: PM: hibernation: Registered nosave memory: [mem 0xbffdd000-0xbfffffff]
[    0.516159] kernel: PM: hibernation: Registered nosave memory: [mem 0xc0000000-0xfeffbfff]
[    0.516170] kernel: PM: hibernation: Registered nosave memory: [mem 0xfeffc000-0xfeffffff]
[    0.516182] kernel: PM: hibernation: Registered nosave memory: [mem 0xff000000-0xfffbffff]
[    0.516193] kernel: PM: hibernation: Registered nosave memory: [mem 0xfffc0000-0xffffffff]
[    0.516209] kernel: [mem 0xc0000000-0xfeffbfff] available for PCI devices
[    0.516220] kernunlink FIFO failed: No such file or directory
[    0.000000] kernel: Linux version 5.15.0+ (tlyu@IC-RS3-DPC07) (gcc (Ubuntu 9.4.0-1ubuntu1~20.04.1) 9.4.0, GNU ld (GNU Binutils for Ubuntu) 2.34) #8 SMP Fri Jun 3 16:18:40 CEST 2022
[    0.000000] kernel: Command line: root=/dev/sda console=ttyS0 net.ifnames=0 ip=192.168.0.51
[    0.000000] kernel: x86/fpu: Supporting XSAVE feature 0x001: 'x87 floating point registers'
[    0.000000] kernel: x86/fpu: Supporting XSAVE feature 0x002: 'SSE registers'
[    0.000000] kernel: x86/fpu: Supporting XSAVE feature 0x004: 'AVX registers'
[    0.000000] kernel: x86/fpu: Supporting XSAVE feature 0x008: 'MPX bounds registers'
[    0.000000] kernel: x86/fpu: Supporting XSAVE feature 0x010: 'MPX CSR'
[    0.000000] kernel: x86/fpu: Supporting XSAVE feature 0x020: 'AVX-512 opmask'
[    0.000000] kernel: x86/fpu: Supporting XSAVE feature 0x040: 'AVX-512 Hi256'
[    0.000000] kernel: x86/fpu: Supporting XSAVE feature 0x080: 'AVX-512 ZMM_Hi256'
[    0.000000] kernel: x86/fpu: Supporting XSAVE feature 0x86/cpu: User Mode Instruction Prevention (UMIP) activated
[    0.927282] kernel: Last level iTLB entries: 4KB 0, 2MB 0, 4MB 0
[    0.928165] kernel: Last level dTLB entries: 4KB 0, 2MB 0, 4MB 0, 1GB 0
[    0.929176] kernel: Spectre V1 : Mitigation: usercopy/swapgs barriers and __user pointer sanitization
[    0.930173] kernel: Spectre V2 : Mitigation: Enhanced IBRS
[    0.930676] kernel: Spectre V2 : Spectre v2 / SpectreRSB mitigation: Filling RSB on context switch
[    0.931170] kernel: Spectre V2 : mitigation: Enabling conditional Indirect Branch Prediction Barrier
[    0.932169] kernel: Speculative Store Bypass: Mitigation: Speculative Store Bypass disabled via prctl and seccomp
[    0.960412] kernel: Freeing SMP alternatives memory: 40K
[    0.961124] kernel: smpboot: CPU0: 11th Gen Intel(R) Core(TM) i7-11700 @ 2.50GHz (family: 0x6, model: 0xa7, stepping: 0x1)
[    0.961446] kernel: Performance Events: Icelake events, 32-deep LBR, full-width counters, Intel PMU driver.
[    0.9621spawned loop pid 343
: pci 0000:00:10.0: reg 0x18: [mem 0xfe000000-0xfe0fffff 64bit pref]
[    0.977781] kernel: pci 0000:00:11.0: [1af4:1110] type 00 class 0x050000
[    0.978964] kernel: pci 0000:00:11.0: reg 0x10: [mem 0xfeb93000-0xfeb930ff]
[    0.981000] kernel: pci 0000:00:11.0: reg 0x18: [mem 0xfe100000-0xfe1fffff 64bit pref]
[    0.992499] kernel: ACPI: PCI: Interrupt link LNKA configured for IRQ 10
[    0.994531] kernel: ACPI: PCI: Interrupt link LNKB configured for IRQ 10
[    0.996527] kernel: ACPI: PCI: Interrupt link LNKC configured for IRQ 11
[    0.998492] kernel: ACPI: PCI: Interrupt link LNKD configured for IRQ 11
[    0.999608] kernel: ACPI: PCI: Interrupt link LNKS configured for IRQ 9
[    1.002843] kernel: iommu: Default domain type: Translated 
[    1.002985] kernel: iommu: DMA domain TLB invalidation policy: lazy mode 
[    1.004060] kernel: pci 0000:00:02.0: vgaarb: setting as boot VGA device
[    1.004802] kernel: pci 0000:00:02.0: vgaarb: VGA device added: decodes=io+mem,owns=io+el: Booting paravirtualized kernel on KVM
[    0.516232] kernel: clocksource: refined-jiffies: mask: 0xffffffff max_cycles: 0xffffffff, max_idle_ns: 1910969940391419 ns
[    0.534069] kernel: setup_percpu: NR_CPUS:64 nr_cpumask_bits:64 nr_cpu_ids:2 nr_node_ids:1
[    0.534839] kernel: percpu: Embedded 56 pages/cpu s191576 r8192 d29608 u1048576
[    0.534891] kernel: pcpu-alloc: s191576 r8192 d29608 u1048576 alloc=1*2097152
[    0.534912] kernel: pcpu-alloc: [0] 0 1 
[    0.535038] kernel: kvm-guest: setup async PF for cpu 0
[    0.535056] kernel: kvm-guest: stealtime: cpu 0, msr 26521f140
[    0.535075] kernel: Built 1 zonelists, mobility grouping on.  Total pages: 2580189
[    0.535089] kernel: Policy zone: Normal
[    0.535101] kernel: Kernel command line: root=/dev/sda console=ttyS0 net.ifnames=0 ip=192.168.0.52
[    0.540637] kernel: Dentry cache hash table entries: 2097152 (order: 12, 16777216 bytes, linear)
[    0.543434] kernel: Inode-cache hash table entries: 1048576 (order: 170] kernel: ... version:                2
[    0.962551] kernel: ... bit width:              48
[    0.962935] kernel: ... generic registers:      8
[    0.963167] kernel: ... value mask:             0000ffffffffffff
[    0.963754] kernel: ... max period:             00007fffffffffff
[    0.964166] kernel: ... fixed-purpose events:   3
[    0.964608] kernel: ... event mask:             00000007000000ff
[    0.965425] kernel: rcu: Hierarchical SRCU implementation.
[    0.967745] kernel: smp: Bringing up secondary CPUs ...
[    0.968448] kernel: x86: Booting SMP configuration:
[    0.968922] kernel: .... node  #0, CPUs:      #1
[    0.094350] kernel: kvm-clock: cpu 1, msr 169f58041, secondary cpu clock
[    0.094350] kernel: smpboot: CPU 1 Converting physical 0 to logical die 1
[    0.971213] kernel: kvm-guest: setup async PF for cpu 1
[    0.971636] kernel: kvm-guest: stealtime: cpu 1, msr 26531f140
[    0.972465] kernel: smp: Brought up 1 node, 2 CPUs
[    0.972953] kernel: smpboot: M200: 'Protection Keys User registers'
[    0.000000] kernel: x86/fpu: xstate_offset[2]:  576, xstate_sizes[2]:  256
[    0.000000] kernel: x86/fpu: xstate_offset[3]:  832, xstate_sizes[3]:   64
[    0.000000] kernel: x86/fpu: xstate_offset[4]:  896, xstate_sizes[4]:   64
[    0.000000] kernel: x86/fpu: xstate_offset[5]:  960, xstate_sizes[5]:   64
[    0.000000] kernel: x86/fpu: xstate_offset[6]: 1024, xstate_sizes[6]:  512
[    0.000000] kernel: x86/fpu: xstate_offset[7]: 1536, xstate_sizes[7]: 1024
[    0.000000] kernel: x86/fpu: xstate_offset[9]: 2560, xstate_sizes[9]:    8
[    0.000000] kernel: x86/fpu: Enabled xstate features 0x2ff, context size is 2568 bytes, using 'compacted' format.
[    0.000000] kernel: signal: max sigframe size: 3632
[    0.000000] kernel: BIOS-provided physical RAM map:
[    0.000000] kernel: BIOS-e820: [mem 0x0000000000000000-0x000000000009fbff] usable
[    0.000000] kernel: BIOS-e820: [mem 0x000000000009fc00-0x000000000009ffff] reserved
[    0.000000] kmem,locks=none
[    1.004994] kernel: pci 0000:00:02.0: vgaarb: bridge control possible
[    1.005695] kernel: vgaarb: loaded
[    1.006736] kernel: SCSI subsystem initialized
[    1.007106] kernel: libata version 3.00 loaded.
[    1.007378] kernel: ACPI: bus type USB registered
[    1.008172] kernel: usbcore: registered new interface driver usbfs
[    1.008950] kernel: usbcore: registered new interface driver hub
[    1.009066] kernel: usbcore: registered new device driver usb
[    1.009856] kernel: pps_core: LinuxPPS API ver. 1 registered
[    1.009984] kernel: pps_core: Software ver. 5.3.6 - Copyright 2005-2007 Rodolfo Giometti <giometti@linux.it>
[    1.011022] kernel: PTP clock support registered
[    1.012033] kernel: Advanced Linux Sound Architecture Driver Initialized.
[    1.014106] kernel: NetLabel: Initializing
[    1.014558] kernel: NetLabel:  domain hash size = 128
[    1.014983] kernel: NetLabel:  protocols = UNLABELED CIPSOv4 CALIPSO
[    1.015824] kernel: NetLabel:  un1, 8388608 bytes, linear)
[    0.543623] kernel: mem auto-init: stack:off, heap alloc:off, heap free:off
[    0.825475] kernel: Memory: 8818312K/10485228K available (47117K kernel code, 10298K rwdata, 7204K rodata, 2068K init, 2860K bss, 1666660K reserved, 0K cma-reserved)
[    0.825876] kernel: SLUB: HWalign=64, Order=0-3, MinObjects=0, CPUs=2, Nodes=1
[    0.826545] kernel: rcu: Hierarchical RCU implementation.
[    0.826557] kernel: rcu:         RCU event tracing is enabled.
[    0.826566] kernel: rcu:         RCU restricting CPUs from NR_CPUS=64 to nr_cpu_ids=2.
[    0.826582] kernel: rcu: RCU calculated value of scheduler-enlistment delay is 100 jiffies.
[    0.826595] kernel: rcu: Adjusting geometry for rcu_fanout_leaf=16, nr_cpu_ids=2
[    0.842864] kernel: NR_IRQS: 4352, nr_irqs: 440, preallocated irqs: 16
[    0.843537] kernel: random: get_random_bytes called from start_kernel+0x22b/0x456 with crng_init=0
[    0.849145] kernel: Console: colour VGA+ 80x25
[    0.932576] kernelax logical packages: 2
[    0.973173] kernel: smpboot: Total of 2 processors activated (9984.00 BogoMIPS)
[    0.974970] kernel: devtmpfs: initialized
[    0.980637] kernel: clocksource: jiffies: mask: 0xffffffff max_cycles: 0xffffffff, max_idle_ns: 1911260446275000 ns
[    0.981173] kernel: futex hash table entries: 512 (order: 3, 32768 bytes, linear)
[    0.982351] kernel: PM: RTC time: 10:10:35, date: 2023-01-26
[    0.983449] kernel: NET: Registered PF_NETLINK/PF_ROUTE protocol family
[    0.984969] kernel: audit: initializing netlink subsys (disabled)
[    0.985237] kernel: audit: type=2000 audit(1674727836.090:1): state=initialized audit_enabled=0 res=1
[    0.985905] kernel: thermal_sys: Registered thermal governor 'step_wise'
[    0.986169] kernel: thermal_sys: Registered thermal governor 'user_space'
[    0.986943] kernel: cpuidle: using governor menu
[    0.987877] kernel: ACPI: bus type PCI registered
[    0.988569] kernel: PCI: Using configuration type 1 for base access
[ ernel: BIOS-e820: [mem 0x00000000000f0000-0x00000000000fffff] reserved
[    0.000000] kernel: BIOS-e820: [mem 0x0000000000100000-0x00000000bffdcfff] usable
[    0.000000] kernel: BIOS-e820: [mem 0x00000000bffdd000-0x00000000bfffffff] reserved
[    0.000000] kernel: BIOS-e820: [mem 0x00000000feffc000-0x00000000feffffff] reserved
[    0.000000] kernel: BIOS-e820: [mem 0x00000000fffc0000-0x00000000ffffffff] reserved
[    0.000000] kernel: BIOS-e820: [mem 0x0000000100000000-0x00000002bfffffff] usable
[    0.000000] kernel: NX (Execute Disable) protection: active
[    0.000000] kernel: SMBIOS 2.8 present.
[    0.000000] kernel: DMI: QEMU Standard PC (i440FX + PIIX, 1996), BIOS 1.13.0-1ubuntu1.1 04/01/2014
[    0.000000] kernel: Hypervisor detected: KVM
[    0.000000] kernel: kvm-clock: Using msrs 4b564d01 and 4b564d00
[    0.000000] kernel: kvm-clock: cpu 0, msr 261558001, primary cpu clock
[    0.000004] kernel: kvm-clock: using sched offset of 478512967 cycles
[    0.000016] kernel: cloclabeled traffic allowed by default
[    1.016125] kernel: PCI: Using ACPI for IRQ routing
[    1.016559] kernel: PCI: pci_cache_line_size set to 64 bytes
[    1.016736] kernel: e820: reserve RAM buffer [mem 0x0009fc00-0x0009ffff]
[    1.016997] kernel: e820: reserve RAM buffer [mem 0xbffe0000-0xbfffffff]
[    1.017263] kernel: hpet0: at MMIO 0xfed00000, IRQs 2, 8, 0
[    1.017895] kernel: hpet0: 3 comparators, 64-bit 100.000000 MHz counter
[    1.023182] kernel: clocksource: Switched to clocksource kvm-clock
[    1.123965] kernel: VFS: Disk quotas dquot_6.6.0
[    1.200956] kernel: VFS: Dquot-cache hash table entries: 512 (order 0, 4096 bytes)
[    1.202131] kernel: pnp: PnP ACPI init
[    1.203845] kernel: pnp 00:03: [dma 2]
[    1.208927] kernel: pnp: PnP ACPI: found 6 devices
[    1.227593] kernel: clocksource: acpi_pm: mask: 0xffffff max_cycles: 0xffffff, max_idle_ns: 2085701024 ns
[    1.228556] kernel: NET: Registered PF_INET protocol family
[    1.229579] kernel: IP idents hash: printk: console [ttyS0] enabled
[    0.933095] kernel: ACPI: Core revision 20210730
[    0.933858] kernel: clocksource: hpet: mask: 0xffffffff max_cycles: 0xffffffff, max_idle_ns: 19112604467 ns
[    0.934922] kernel: APIC: Switch to symmetric I/O mode setup
[    0.935467] kernel: kvm-guest: setup PV IPIs
[    0.937110] kernel: ..TIMER: vector=0x30 apic1=0 pin1=2 apic2=-1 pin2=-1
[    0.937783] kernel: clocksource: tsc-early: mask: 0xffffffffffffffff max_cycles: 0x23fa772cf26, max_idle_ns: 440795269835 ns
[    0.939006] kernel: Calibrating delay loop (skipped) preset value.. 4992.00 BogoMIPS (lpj=2496000)
[    0.939994] kernel: pid_max: default: 32768 minimum: 301
[    0.939995] kernel: LSM: Security Framework initializing
[    0.939995] kernel: SELinux:  Initializing.
[    0.939995] kernel: Mount-cache hash table entries: 32768 (order: 6, 262144 bytes, linear)
[    0.939995] kernel: Mountpoint-cache hash table entries: 32768 (order: 6, 262144 bytes, linear)
[    0.939995] kernel: x   1.013291] kernel: Kprobes globally optimized
[    1.013798] kernel: HugeTLB registered 2.00 MiB page size, pre-allocated 0 pages
[    1.014311] kernel: cryptomgr_test (26) used greatest stack depth: 30608 bytes left
[    1.017282] kernel: ACPI: Added _OSI(Module Device)
[    1.017783] kernel: ACPI: Added _OSI(Processor Device)
[    1.018168] kernel: ACPI: Added _OSI(3.0 _SCP Extensions)
[    1.018706] kernel: ACPI: Added _OSI(Processor Aggregator Device)
[    1.019176] kernel: ACPI: Added _OSI(Linux-Dell-Video)
[    1.019692] kernel: ACPI: Added _OSI(Linux-Lenovo-NV-HDMI-Audio)
[    1.020180] kernel: ACPI: Added _OSI(Linux-HPI-Hybrid-Graphics)
[    1.042038] kernel: ACPI: 1 ACPI AML tables successfully acquired and loaded
[    1.047719] kernel: ACPI: Interpreter enabled
[    1.048280] kernel: ACPI: PM: (supports S0 S3 S4 S5)
[    1.048761] kernel: ACPI: Using IOAPIC for interrupt routing
[    1.049259] kernel: PCI: Using host bridge windows from ACPI; if necessary, use "pci=nocrs" ksource: kvm-clock: mask: 0xffffffffffffffff max_cycles: 0x1cd42e4dffb, max_idle_ns: 881590591483 ns
[    0.000038] kernel: tsc: Detected 2496.000 MHz processor
[    0.008151] kernel: e820: update [mem 0x00000000-0x00000fff] usable ==> reserved
[    0.008191] kernel: e820: remove [mem 0x000a0000-0x000fffff] usable
[    0.008216] kernel: last_pfn = 0x2c0000 max_arch_pfn = 0x400000000
[    0.008304] kernel: x86/PAT: Configuration [0-7]: WB  WC  UC- UC  WB  WP  UC- WT  
[    0.008322] kernel: last_pfn = 0xbffdd max_arch_pfn = 0x400000000
[    0.017883] kernel: found SMP MP-table at [mem 0x000f5c70-0x000f5c7f]
[    0.017995] kernel: Using GB pages for direct mapping
[    0.019000] kernel: ACPI: Early table checksum verification disabled
[    0.019017] kernel: ACPI: RSDP 0x00000000000F5A40 000014 (v00 BOCHS )
[    0.019052] kernel: ACPI: RSDT 0x00000000BFFE15C9 000030 (v01 BOCHS  BXPCRSDT 00000001 BXPC 00000001)
[    0.019087] kernel: ACPI: FACP 0x00000000BFFE149D 000074 (v01 BOCHS  BXPCFA table entries: 262144 (order: 9, 2097152 bytes, linear)
[    1.233548] kernel: tcp_listen_portaddr_hash hash table entries: 8192 (order: 5, 131072 bytes, linear)
[    1.234684] kernel: TCP established hash table entries: 131072 (order: 8, 1048576 bytes, linear)
[    1.236501] kernel: TCP bind hash table entries: 65536 (order: 8, 1048576 bytes, linear)
[    1.238258] kernel: TCP: Hash tables configured (established 131072 bind 65536)
[    1.239044] kernel: UDP hash table entries: 8192 (order: 6, 262144 bytes, linear)
[    1.240008] kernel: UDP-Lite hash table entries: 8192 (order: 6, 262144 bytes, linear)
[    1.241023] kernel: NET: Registered PF_UNIX/PF_LOCAL protocol family
[    1.242532] kernel: pci_bus 0000:00: resource 4 [io  0x0000-0x0cf7 window]
[    1.243128] kernel: pci_bus 0000:00: resource 5 [io  0x0d00-0xffff window]
[    1.243691] kernel: pci_bus 0000:00: resource 6 [mem 0x000a0000-0x000bffff window]
[    1.244350] kernel: pci_bus 0000:00: resource 7 [mem 0xc0000000-0xfeb86/cpu: User Mode Instruction Prevention (UMIP) activated
[    0.940129] kernel: Last level iTLB entries: 4KB 0, 2MB 0, 4MB 0
[    0.940998] kernel: Last level dTLB entries: 4KB 0, 2MB 0, 4MB 0, 1GB 0
[    0.941602] kernel: Spectre V1 : Mitigation: usercopy/swapgs barriers and __user pointer sanitization
[    0.942007] kernel: Spectre V2 : Mitigation: Enhanced IBRS
[    0.942998] kernel: Spectre V2 : Spectre v2 / SpectreRSB mitigation: Filling RSB on context switch
[    0.943743] kernel: Spectre V2 : mitigation: Enabling conditional Indirect Branch Prediction Barrier
[    0.944003] kernel: Speculative Store Bypass: Mitigation: Speculative Store Bypass disabled via prctl and seccomp
[    0.972768] kernel: Freeing SMP alternatives memory: 40K
[    0.973268] kernel: smpboot: CPU0: 11th Gen Intel(R) Core(TM) i7-11700 @ 2.50GHz (family: 0x6, model: 0xa7, stepping: 0x1)
[    0.974279] kernel: Performance Events: Icelake events, 32-deep LBR, full-width counters, Intel PMU driver.
[    0.9750and report a bug
[    1.051614] kernel: ACPI: Enabled 2 GPEs in block 00 to 0F
[    1.095148] kernel: ACPI: PCI Root Bridge [PCI0] (domain 0000 [bus 00-ff])
[    1.095876] kernel: acpi PNP0A03:00: _OSC: OS supports [ASPM ClockPM Segments MSI HPX-Type3]
[    1.096324] kernel: acpi PNP0A03:00: fail to add MMCONFIG information, can't access extended PCI configuration space under this bridge.
[    1.097593] kernel: PCI host bridge to bus 0000:00
[    1.098040] kernel: pci_bus 0000:00: root bus resource [io  0x0000-0x0cf7 window]
[    1.098175] kernel: pci_bus 0000:00: root bus resource [io  0x0d00-0xffff window]
[    1.098819] kernel: pci_bus 0000:00: root bus resource [mem 0x000a0000-0x000bffff window]
[    1.099176] kernel: pci_bus 0000:00: root bus resource [mem 0xc0000000-0xfebfffff window]
[    1.099903] kernel: pci_bus 0000:00: root bus resource [mem 0x2c0000000-0x33fffffff window]
[    1.100174] kernel: pci_bus 0000:00: root bus resource [bus 00-ff]
[    1.102944] kernel: pci 0000:fffff window]
[    1.244961] kernel: pci_bus 0000:00: resource 8 [mem 0x2c0000000-0x33fffffff window]
[    1.246052] kernel: pci 0000:00:01.0: PIIX3: Enabling Passive Release
[    1.246638] kernel: pci 0000:00:00.0: Limiting direct PCI/PCI transfers
[    1.247230] kernel: pci 0000:00:01.0: Activating ISA DMA hang workarounds
[    1.247890] kernel: pci 0000:00:02.0: Video device with shadowed ROM at [mem 0x000c0000-0x000dffff]
[    1.248927] kernel: PCI: CLS 0 bytes, default 64
[    1.249371] kernel: PCI-DMA: Using software bounce buffering for IO (SWIOTLB)
[    1.249968] kernel: software IO TLB: mapped [mem 0x00000000bbfe0000-0x00000000bffe0000] (64MB)
[    1.251012] kernel: clocksource: tsc: mask: 0xffffffffffffffff max_cycles: 0x23fa772cf26, max_idle_ns: 440795269835 ns
[    1.252035] kernel: clocksource: Switched to clocksource tsc
[    1.257767] kernel: Initialise system trusted keyrings
[    1.258375] kernel: workingset: timestamp_bits=56 max_order=22 bucket_order=0
[    1.282733CP 00000001 BXPC 00000001)
[    0.019125] kernel: ACPI: DSDT 0x00000000BFFE0040 00145D (v01 BOCHS  BXPCDSDT 00000001 BXPC 00000001)
[    0.019155] kernel: ACPI: FACS 0x00000000BFFE0000 000040
[    0.019177] kernel: ACPI: APIC 0x00000000BFFE1511 000080 (v01 BOCHS  BXPCAPIC 00000001 BXPC 00000001)
[    0.019207] kernel: ACPI: HPET 0x00000000BFFE1591 000038 (v01 BOCHS  BXPCHPET 00000001 BXPC 00000001)
[    0.019235] kernel: ACPI: Reserving FACP table memory at [mem 0xbffe149d-0xbffe1510]
[    0.019249] kernel: ACPI: Reserving DSDT table memory at [mem 0xbffe0040-0xbffe149c]
[    0.019262] kernel: ACPI: Reserving FACS table memory at [mem 0xbffe0000-0xbffe003f]
[    0.019275] kernel: ACPI: Reserving APIC table memory at [mem 0xbffe1511-0xbffe1590]
[    0.019288] kernel: ACPI: Reserving HPET table memory at [mem 0xbffe1591-0xbffe15c8]
[    0.020719] kernel: No NUMA configuration found
[    0.020733] kernel: Faking a node at [mem 0x0000000000000000-0x00000002bfffffff]
[    0.020757] kernel:03] kernel: ... version:                2
[    0.975389] kernel: ... bit width:              48
[    0.975821] kernel: ... generic registers:      8
[    0.976000] kernel: ... value mask:             0000ffffffffffff
[    0.976548] kernel: ... max period:             00007fffffffffff
[    0.977000] kernel: ... fixed-purpose events:   3
[    0.977437] kernel: ... event mask:             00000007000000ff
[    0.978255] kernel: rcu: Hierarchical SRCU implementation.
[    0.980569] kernel: smp: Bringing up secondary CPUs ...
[    0.981291] kernel: x86: Booting SMP configuration:
[    0.981734] kernel: .... node  #0, CPUs:      #1
[    0.094592] kernel: kvm-clock: cpu 1, msr 1df158041, secondary cpu clock
[    0.094592] kernel: smpboot: CPU 1 Converting physical 0 to logical die 1
[    0.984035] kernel: kvm-guest: setup async PF for cpu 1
[    0.984477] kernel: kvm-guest: stealtime: cpu 1, msr 26531f140
[    0.985050] kernel: smp: Brought up 1 node, 2 CPUs
[    0.985520] kernel: smpboot: Mmount of binder at /dev/binderfs failed: 19
mkdir(/syzcgroup/unified/syz0) failed: 2
mkdir(/syzcgroup/cpu/syz0) failed: 2
mkdir(/syzcgroup/net/syz0) failed: 2
executor 2 handshake send reply badf00d 10
] kernel: fuse: init (API version 7.34)
[    1.297553] kernel: Key type asymmetric registered
[    1.297577] kernel: cryptomgr_test (55) used greatest stack depth: 30544 bytes left
[    1.298050] kernel: Asymmetric key parser 'x509' registered
[    1.298349] kernel: Block layer SCSI generic (bsg) driver version 0.4 loaded (major 251)
[    1.300081] kernel: io scheduler mq-deadline registered
[    1.300611] kernel: io scheduler kyber registered
[    1.302864] kernel: input: Power Button as /devices/LNXSYSTM:00/LNXPWRBN:00/input/input0
[    1.304165] kernel: ACPI: button: Power Button [PWRF]
[    2.456174] kernel: ACPI: \_SB_.LNKC: Enabled at IRQ 11
[    3.366367] kernel: ACPI: \_SB_.LNKD: Enabled at IRQ 10
[    3.368384] kernel: Serial: 8250/16550 driver, 4 ports, IRQ sharing enabled
[    3.369165] kernel: 00:05: ttyS0 at I/O 0x3f8 (irq = 4, base_baud = 115200) is a 16550A
[    3.372053] kernel: Non-volatile memory driver v1.3
[    3.372576] kernel: Linux agpgart interface v0.103
[    00:00.0: [8086:1237] type 00 class 0x060000
[    1.106340] kernel: pci 0000:00:01.0: [8086:7000] type 00 class 0x060100
[    1.109329] kernel: pci 0000:00:01.1: [8086:7010] type 00 class 0x010180
[    1.112116] kernel: pci 0000:00:01.1: reg 0x20: [io  0xc0c0-0xc0cf]
[    1.113191] kernel: pci 0000:00:01.1: legacy IDE quirk: reg 0x10: [io  0x01f0-0x01f7]
[    1.114013] kernel: pci 0000:00:01.1: legacy IDE quirk: reg 0x14: [io  0x03f6]
[    1.114168] kernel: pci 0000:00:01.1: legacy IDE quirk: reg 0x18: [io  0x0170-0x0177]
[    1.114940] kernel: pci 0000:00:01.1: legacy IDE quirk: reg 0x1c: [io  0x0376]
[    1.118811] kernel: pci 0000:00:01.3: [8086:7113] type 00 class 0x068000
[    1.119605] kernel: pci 0000:00:01.3: quirk: [io  0x0600-0x063f] claimed by PIIX4 ACPI
[    1.120178] kernel: pci 0000:00:01.3: quirk: [io  0x0700-0x070f] claimed by PIIX4 SMB
[    1.123931] kernel: pci 0000:00:02.0: [1234:1111] type 00 class 0x030000
[    1.125182] kernel: pci 0000:00:02.0: reg 0x10: [mem 0xf NODE_DATA(0) allocated [mem 0x2bfffc000-0x2bfffffff]
[    0.021208] kernel: Zone ranges:
[    0.021220] kernel:   DMA      [mem 0x0000000000001000-0x0000000000ffffff]
[    0.021237] kernel:   DMA32    [mem 0x0000000001000000-0x00000000ffffffff]
[    0.021253] kernel:   Normal   [mem 0x0000000100000000-0x00000002bfffffff]
[    0.021268] kernel: Movable zone start for each node
[    0.021275] kernel: Early memory node ranges
[    0.021282] kernel:   node   0: [mem 0x0000000000001000-0x000000000009efff]
[    0.021295] kernel:   node   0: [mem 0x0000000000100000-0x00000000bffdcfff]
[    0.021309] kernel:   node   0: [mem 0x0000000100000000-0x00000002bfffffff]
[    0.021326] kernel: Initmem setup node 0 [mem 0x0000000000001000-0x00000002bfffffff]
[    0.021672] kernel: On node 0, zone DMA: 1 pages in unavailable ranges
[    0.021805] kernel: On node 0, zone DMA: 97 pages in unavailable ranges
[    0.133294] kernel: On node 0, zone Normal: 35 pages in unavailable ranges
[    0.515817] kern3.383352] kernel: loop: module loaded
[    3.384251] kernel: ata_piix 0000:00:01.1: version 2.13
[    3.386355] kernel: scsi host0: ata_piix
[    3.387427] kernel: scsi host1: ata_piix
[    3.388249] kernel: ata1: PATA max MWDMA2 cmd 0x1f0 ctl 0x3f6 bmdma 0xc040 irq 14
[    3.389064] kernel: ata2: PATA max MWDMA2 cmd 0x170 ctl 0x376 bmdma 0xc048 irq 15
[    3.390968] kernel: libphy: Fixed MDIO Bus: probed
[    3.394190] kernel: e100: Intel(R) PRO/100 Network Driver
[    3.394658] kernel: e100: Copyright(c) 1999-2006 Intel Corporation
[    3.395229] kernel: e1000: Intel(R) PRO/1000 Network Driver
