2023/01/25 13:46:49 fuzzer started
2023/01/25 13:46:49 dialing manager at localhost:40269
2023/01/25 13:46:49 connecting to manager...
2023/01/25 13:46:50 syscalls: 51
2023/01/25 13:46:50 code coverage: enabled
2023/01/25 13:46:50 comparison tracing: enabled
2023/01/25 13:46:50 extra coverage: enabled
2023/01/25 13:46:50 setuid sandbox: enabled
2023/01/25 13:46:50 namespace sandbox: /proc/self/ns/user does not exist
2023/01/25 13:46:50 Android sandbox: /sys/fs/selinux/policy can't be opened (open /sys/fs/selinux/policy: invalid argument)
2023/01/25 13:46:50 fault injection: CONFIG_FAULT_INJECTION_DEBUG_FS or CONFIG_FAILSLAB are not enabled
2023/01/25 13:46:50 leak checking: CONFIG_DEBUG_KMEMLEAK is not enabled
2023/01/25 13:46:50 net packet injection: /dev/net/tun does not exist
2023/01/25 13:46:50 net device setup: enabled
2023/01/25 13:46:50 concurrency sanitizer: /sys/kernel/debug/kcsan does not exist
2023/01/25 13:46:50 devlink PCI setup: enabled
2023/01/25 13:46:50 USB emulation: /dev/raw-gadget does not exist
2023/01/25 13:46:50 hci packet injection: /dev/vhci does not exist
2023/01/25 13:46:50 wifi device emulation: /sys/class/mac80211_hwsim/ does not exist
2023/01/25 13:46:50 802.15.4 emulation: /sys/bus/platform/devices/mac802154_hwsim does not exist
2023/01/25 13:46:50 poll: candidates=0 inputs=50 signal=2000
2023/01/25 13:46:50 deserializeInput: hasCrash false hasNet false
2023/01/25 13:46:50 prog length: 3
2023/01/25 13:46:50 deserializeInput: hasCrash false hasNet false
2023/01/25 13:46:50 prog length: 2
2023/01/25 13:46:50 deserializeInput: hasCrash false hasNet false
2023/01/25 13:46:50 prog length: 2
2023/01/25 13:46:50 deserializeInput: hasCrash false hasNet false
2023/01/25 13:46:50 prog length: 2
2023/01/25 13:46:50 deserializeInput: hasCrash false hasNet false
2023/01/25 13:46:50 prog length: 3
2023/01/25 13:46:50 deserializeInput: hasCrash false hasNet false
2023/01/25 13:46:50 prog length: 1
2023/01/25 13:46:50 deserializeInput: hasCrash false hasNet true
2023/01/25 13:46:50 prog length: 6
2023/01/25 13:46:50 prog length: 6
2023/01/25 13:46:50 deserializeInput: hasCrash false hasNet false
2023/01/25 13:46:50 prog length: 6
2023/01/25 13:46:50 deserializeInput: hasCrash false hasNet true
2023/01/25 13:46:50 prog length: 6
2023/01/25 13:46:50 prog length: 20
2023/01/25 13:46:50 deserializeInput: hasCrash false hasNet false
2023/01/25 13:46:50 prog length: 1
2023/01/25 13:46:50 deserializeInput: hasCrash false hasNet false
2023/01/25 13:46:50 prog length: 1
2023/01/25 13:46:50 deserializeInput: hasCrash false hasNet false
2023/01/25 13:46:50 prog length: 4
2023/01/25 13:46:50 deserializeInput: hasCrash false hasNet true
2023/01/25 13:46:50 prog length: 6
2023/01/25 13:46:50 prog length: 4
2023/01/25 13:46:50 deserializeInput: hasCrash false hasNet true
2023/01/25 13:46:50 prog length: 6
2023/01/25 13:46:50 prog length: 19
2023/01/25 13:46:50 deserializeInput: hasCrash false hasNet true
2023/01/25 13:46:50 prog length: 6
2023/01/25 13:46:50 prog length: 20
2023/01/25 13:46:50 deserializeInput: hasCrash false hasNet false
2023/01/25 13:46:50 prog length: 2
2023/01/25 13:46:50 deserializeInput: hasCrash false hasNet true
2023/01/25 13:46:50 prog length: 6
2023/01/25 13:46:50 prog length: 18
2023/01/25 13:46:50 deserializeInput: hasCrash false hasNet true
2023/01/25 13:46:50 prog length: 6
2023/01/25 13:46:50 prog length: 5
2023/01/25 13:46:50 deserializeInput: hasCrash false hasNet true
2023/01/25 13:46:50 prog length: 6
2023/01/25 13:46:50 prog length: 20
2023/01/25 13:46:50 deserializeInput: hasCrash false hasNet true
2023/01/25 13:46:50 prog length: 6
2023/01/25 13:46:50 prog length: 8
2023/01/25 13:46:50 deserializeInput: hasCrash true hasNet false
2023/01/25 13:46:50 prog length: 6
2023/01/25 13:46:50 prog length: 3
2023/01/25 13:46:50 deserializeInput: hasCrash false hasNet true
2023/01/25 13:46:50 prog length: 6
2023/01/25 13:46:50 prog length: 5
2023/01/25 13:46:50 deserializeInput: hasCrash false hasNet false
2023/01/25 13:46:50 prog length: 2
2023/01/25 13:46:50 deserializeInput: hasCrash false hasNet false
2023/01/25 13:46:50 prog length: 3
2023/01/25 13:46:50 deserializeInput: hasCrash false hasNet true
2023/01/25 13:46:50 prog length: 6
2023/01/25 13:46:50 prog length: 4
2023/01/25 13:46:50 deserializeInput: hasCrash false hasNet true
2023/01/25 13:46:50 prog length: 6
2023/01/25 13:46:50 prog length: 3
2023/01/25 13:46:50 deserializeInput: hasCrash false hasNet false
2023/01/25 13:46:50 prog length: 2
2023/01/25 13:46:50 deserializeInput: hasCrash true hasNet false
2023/01/25 13:46:50 prog length: 6
2023/01/25 13:46:50 prog length: 3
2023/01/25 13:46:50 deserializeInput: hasCrash false hasNet false
2023/01/25 13:46:50 prog length: 1
2023/01/25 13:46:50 deserializeInput: hasCrash false hasNet true
2023/01/25 13:46:50 prog length: 6
2023/01/25 13:46:50 prog length: 3
2023/01/25 13:46:50 deserializeInput: hasCrash false hasNet true
2023/01/25 13:46:50 prog length: 6
2023/01/25 13:46:50 prog length: 5
2023/01/25 13:46:50 deserializeInput: hasCrash false hasNet false
2023/01/25 13:46:50 prog length: 3
2023/01/25 13:46:50 deserializeInput: hasCrash false hasNet false
2023/01/25 13:46:50 prog length: 2
2023/01/25 13:46:50 deserializeInput: hasCrash false hasNet false
2023/01/25 13:46:50 prog length: 2
2023/01/25 13:46:50 deserializeInput: hasCrash false hasNet false
2023/01/25 13:46:50 prog length: 1
2023/01/25 13:46:50 deserializeInput: hasCrash false hasNet false
2023/01/25 13:46:50 prog length: 1
2023/01/25 13:46:50 deserializeInput: hasCrash false hasNet true
2023/01/25 13:46:50 prog length: 6
2023/01/25 13:46:50 prog length: 20
2023/01/25 13:46:50 deserializeInput: hasCrash false hasNet false
2023/01/25 13:46:50 prog length: 7
2023/01/25 13:46:50 deserializeInput: hasCrash false hasNet true
2023/01/25 13:46:50 prog length: 6
2023/01/25 13:46:50 prog length: 20
2023/01/25 13:46:50 deserializeInput: hasCrash false hasNet true
2023/01/25 13:46:50 prog length: 6
2023/01/25 13:46:50 prog length: 18
2023/01/25 13:46:50 deserializeInput: hasCrash false hasNet false
2023/01/25 13:46:50 prog length: 3
2023/01/25 13:46:50 deserializeInput: hasCrash false hasNet false
2023/01/25 13:46:50 prog length: 2
2023/01/25 13:46:50 deserializeInput: hasCrash false hasNet false
2023/01/25 13:46:50 prog length: 2
2023/01/25 13:46:50 deserializeInput: hasCrash false hasNet true
2023/01/25 13:46:50 prog length: 6
2023/01/25 13:46:50 prog length: 13
2023/01/25 13:46:50 deserializeInput: hasCrash false hasNet false
2023/01/25 13:46:50 prog length: 3
2023/01/25 13:46:50 deserializeInput: hasCrash false hasNet true
2023/01/25 13:46:50 prog length: 6
2023/01/25 13:46:50 prog length: 18
2023/01/25 13:46:50 deserializeInput: hasCrash false hasNet true
2023/01/25 13:46:50 prog length: 6
2023/01/25 13:46:50 prog length: 20
2023/01/25 13:46:50 deserializeInput: hasCrash false hasNet false
2023/01/25 13:46:50 prog length: 1
2023/01/25 13:46:50 deserializeInput: hasCrash false hasNet false
2023/01/25 13:46:50 prog length: 1
2023/01/25 13:46:50 deserializeInput: hasCrash false hasNet false
2023/01/25 13:46:50 prog length: 2
2023/01/25 13:46:50 fetching corpus: 50, signal 5731/18636/23930 (executing program)
2023/01/25 13:46:50 poll: candidates=0 inputs=47 signal=2000
2023/01/25 13:46:50 deserializeInput: hasCrash false hasNet true
2023/01/25 13:46:50 prog length: 6
2023/01/25 13:46:50 prog length: 5
2023/01/25 13:46:50 deserializeInput: hasCrash false hasNet true
2023/01/25 13:46:50 prog length: 6
2023/01/25 13:46:50 prog length: 4
2023/01/25 13:46:50 deserializeInput: hasCrash false hasNet false
2023/01/25 13:46:50 prog length: 1
2023/01/25 13:46:50 deserializeInput: hasCrash false hasNet true
2023/01/25 13:46:50 prog length: 6
2023/01/25 13:46:50 prog length: 4
2023/01/25 13:46:50 deserializeInput: hasCrash false hasNet false
2023/01/25 13:46:50 prog length: 2
2023/01/25 13:46:50 deserializeInput: hasCrash false hasNet false
2023/01/25 13:46:50 prog length: 1
2023/01/25 13:46:50 deserializeInput: hasCrash false hasNet true
2023/01/25 13:46:50 prog length: 6
2023/01/25 13:46:50 prog length: 20
2023/01/25 13:46:50 deserializeInput: hasCrash false hasNet true
2023/01/25 13:46:50 prog length: 6
2023/01/25 13:46:50 prog length: 20
2023/01/25 13:46:50 deserializeInput: hasCrash false hasNet true
2023/01/25 13:46:50 prog length: 6
2023/01/25 13:46:50 prog length: 20
2023/01/25 13:46:50 deserializeInput: hasCrash false hasNet true
2023/01/25 13:46:50 prog length: 6
2023/01/25 13:46:50 prog length: 14
2023/01/25 13:46:50 deserializeInput: hasCrash false hasNet false
2023/01/25 13:46:50 prog length: 2
2023/01/25 13:46:50 deserializeInput: hasCrash false hasNet true
2023/01/25 13:46:50 prog length: 6
2023/01/25 13:46:50 prog length: 4
2023/01/25 13:46:50 deserializeInput: hasCrash false hasNet false
2023/01/25 13:46:50 prog length: 1
2023/01/25 13:46:50 deserializeInput: hasCrash false hasNet true
2023/01/25 13:46:50 prog length: 6
2023/01/25 13:46:50 prog length: 20
2023/01/25 13:46:50 deserializeInput: hasCrash true hasNet true
2023/01/25 13:46:50 prog length: 12
2023/01/25 13:46:50 prog length: 6
2023/01/25 13:46:50 deserializeInput: hasCrash false hasNet true
2023/01/25 13:46:50 prog length: 6
2023/01/25 13:46:50 prog length: 10
2023/01/25 13:46:50 deserializeInput: hasCrash false hasNet true
2023/01/25 13:46:50 prog length: 6
2023/01/25 13:46:50 prog length: 9
2023/01/25 13:46:50 deserializeInput: hasCrash false hasNet true
2023/01/25 13:46:50 prog length: 6
2023/01/25 13:46:50 prog length: 5
2023/01/25 13:46:50 deserializeInput: hasCrash false hasNet false
2023/01/25 13:46:50 prog length: 4
2023/01/25 13:46:50 deserializeInput: hasCrash false hasNet true
2023/01/25 13:46:50 prog length: 6
2023/01/25 13:46:50 prog length: 13
2023/01/25 13:46:50 deserializeInput: hasCrash false hasNet true
2023/01/25 13:46:50 prog length: 6
2023/01/25 13:46:50 prog length: 4
2023/01/25 13:46:50 deserializeInput: hasCrash false hasNet false
2023/01/25 13:46:50 prog length: 1
2023/01/25 13:46:50 deserializeInput: hasCrash false hasNet false
2023/01/25 13:46:50 prog length: 2
2023/01/25 13:46:50 deserializeInput: hasCrash false hasNet true
2023/01/25 13:46:50 prog length: 6
2023/01/25 13:46:50 prog length: 7
2023/01/25 13:46:50 deserializeInput: hasCrash true hasNet true
2023/01/25 13:46:50 prog length: 6
2023/01/25 13:46:50 prog length: 12
2023/01/25 13:46:50 prog length: 9
2023/01/25 13:46:50 deserializeInput: hasCrash false hasNet false
2023/01/25 13:46:50 prog length: 3
2023/01/25 13:46:50 deserializeInput: hasCrash false hasNet true
2023/01/25 13:46:50 prog length: 6
2023/01/25 13:46:50 prog length: 19
2023/01/25 13:46:50 deserializeInput: hasCrash false hasNet false
2023/01/25 13:46:50 prog length: 2
2023/01/25 13:46:50 deserializeInput: hasCrash false hasNet true
2023/01/25 13:46:50 prog length: 6
2023/01/25 13:46:50 prog length: 16
2023/01/25 13:46:50 deserializeInput: hasCrash false hasNet true
2023/01/25 13:46:50 prog length: 6
2023/01/25 13:46:50 prog length: 20
2023/01/25 13:46:50 deserializeInput: hasCrash false hasNet false
2023/01/25 13:46:50 prog length: 3
2023/01/25 13:46:50 deserializeInput: hasCrash false hasNet true
2023/01/25 13:46:50 prog length: 6
2023/01/25 13:46:50 prog length: 18
2023/01/25 13:46:50 deserializeInput: hasCrash false hasNet true
2023/01/25 13:46:50 prog length: 6
2023/01/25 13:46:50 prog length: 5
2023/01/25 13:46:50 deserializeInput: hasCrash false hasNet false
2023/01/25 13:46:50 prog length: 3
2023/01/25 13:46:50 deserializeInput: hasCrash false hasNet true
2023/01/25 13:46:50 prog length: 6
2023/01/25 13:46:50 prog length: 20
2023/01/25 13:46:50 deserializeInput: hasCrash false hasNet false
2023/01/25 13:46:50 prog length: 1
2023/01/25 13:46:50 deserializeInput: hasCrash false hasNet true
2023/01/25 13:46:50 prog length: 6
2023/01/25 13:46:50 prog length: 20
2023/01/25 13:46:50 deserializeInput: hasCrash false hasNet true
2023/01/25 13:46:50 prog length: 6
2023/01/25 13:46:50 prog length: 7
2023/01/25 13:46:50 deserializeInput: hasCrash false hasNet true
2023/01/25 13:46:50 prog length: 6
2023/01/25 13:46:50 prog length: 14
2023/01/25 13:46:50 deserializeInput: hasCrash false hasNet true
2023/01/25 13:46:50 prog length: 6
2023/01/25 13:46:50 prog length: 7
2023/01/25 13:46:50 deserializeInput: hasCrash false hasNet false
2023/01/25 13:46:50 prog length: 3
2023/01/25 13:46:50 deserializeInput: hasCrash false hasNet true
2023/01/25 13:46:50 prog length: 6
2023/01/25 13:46:50 prog length: 20
2023/01/25 13:46:50 deserializeInput: hasCrash false hasNet true
2023/01/25 13:46:50 prog length: 6
2023/01/25 13:46:50 prog length: 20
2023/01/25 13:46:50 deserializeInput: hasCrash false hasNet false
2023/01/25 13:46:50 prog length: 2
2023/01/25 13:46:50 deserializeInput: hasCrash false hasNet false
2023/01/25 13:46:50 prog length: 2
2023/01/25 13:46:50 deserializeInput: hasCrash false hasNet false
2023/01/25 13:46:50 prog length: 2
2023/01/25 13:46:50 deserializeInput: hasCrash false hasNet false
2023/01/25 13:46:50 prog length: 2
2023/01/25 13:46:50 fetching corpus: 97, signal 6846/25892/31680 (executing program)
2023/01/25 13:46:50 poll: candidates=0 inputs=0 signal=2000
2023/01/25 13:46:50 fetching corpus: 97, signal 6846/25892/32066 (executing program)
2023/01/25 13:46:50 poll: candidates=0 inputs=0 signal=2000
2023/01/25 13:46:50 fetching corpus: 97, signal 6846/25892/32383 (executing program)
2023/01/25 13:46:50 poll: candidates=0 inputs=0 signal=2000
2023/01/25 13:46:50 fetching corpus: 97, signal 6846/25892/32751 (executing program)
2023/01/25 13:46:50 poll: candidates=0 inputs=0 signal=2000
2023/01/25 13:46:50 fetching corpus: 97, signal 6846/25892/33152 (executing program)
2023/01/25 13:46:50 poll: candidates=0 inputs=0 signal=2000
2023/01/25 13:46:50 fetching corpus: 97, signal 6846/25892/33495 (executing program)
2023/01/25 13:46:50 poll: candidates=0 inputs=0 signal=2000
2023/01/25 13:46:50 fetching corpus: 97, signal 6846/25892/33830 (executing program)
2023/01/25 13:46:50 poll: candidates=0 inputs=0 signal=2000
2023/01/25 13:46:50 fetching corpus: 97, signal 6846/25892/34221 (executing program)
2023/01/25 13:46:50 poll: candidates=0 inputs=0 signal=2000
2023/01/25 13:46:50 fetching corpus: 97, signal 6846/25892/34558 (executing program)
2023/01/25 13:46:50 poll: candidates=0 inputs=0 signal=550
2023/01/25 13:46:50 fetching corpus: 97, signal 6846/25892/34653 (executing program)
2023/01/25 13:46:50 poll: candidates=0 inputs=0 signal=0
2023/01/25 13:46:50 fetching corpus: 97, signal 6846/25892/34653 (executing program)
2023/01/25 13:46:50 sync: 3789, recv: 3787, send: 3788, up: 3790, down: 3784, net_up: 3786, net_down: 3785
2023/01/25 13:46:50 starting 1 fuzzer processes
2023/01/25 13:46:50 ----- generateCall 2346 listxattr listxattr
2023/01/25 13:46:50 ----- generateCall 121 chmod chmod
2023/01/25 13:46:50 ----- generateCall 3678 setxattr$user setxattr$user
2023/01/25 13:46:50 ----- generateCall 121 chmod chmod
2023/01/25 13:46:50 ----- generateCall 3678 setxattr$user setxattr$user
2023/01/25 13:46:50 ----- generateCall 3678 setxattr$user setxattr$user
2023/01/25 13:46:50 ----- generateCall 3662 setxattr setxattr
2023/01/25 13:46:50 ----- generateCall 2809 rename rename
2023/01/25 13:46:50 ----- generateCall 121 chmod chmod
2023/01/25 13:46:50 ----- generateCall 3678 setxattr$user setxattr$user
2023/01/25 13:46:50 ----- generateCall 3678 setxattr$user setxattr$user
2023/01/25 13:46:50 ----- generateCall 3678 setxattr$user setxattr$user
2023/01/25 13:46:50 ----- generateCall 3670 setxattr$security_smack_transmute setxattr$security_smack_transmute
2023/01/25 13:46:50 ----- generateCall 3670 setxattr$security_smack_transmute setxattr$security_smack_transmute
2023/01/25 13:46:50 ----- generateCall 3673 setxattr$trusted_overlay_nlink setxattr$trusted_overlay_nlink
2023/01/25 13:46:50 poll: candidates=0 inputs=0 signal=0
2023/01/25 13:46:50 ----- generateCall 3678 setxattr$user setxattr$user
2023/01/25 13:46:50 ----- generateCall 3674 setxattr$trusted_overlay_opaque setxattr$trusted_overlay_opaque
2023/01/25 13:46:50 ----- generateCall 121 chmod chmod
2023/01/25 13:46:50 ----- generateCall 3677 setxattr$trusted_overlay_upper setxattr$trusted_overlay_upper
2023/01/25 13:46:50 ----- generateCall 2458 open open
2023/01/25 13:46:50 map[./file0:true ./file1:true ./file2:true]
2023/01/25 13:46:50 #0: generated
2023/01/25 13:46:50 HasCrashFail: false, .HasNetFail: false
2023/01/25 13:46:50 before return in CmpProgs, HasNetFail: false, HasCrashFail: false
symc3 prog: v0[] = "./file0";
v1[] = "145";
v2[] = "./file0";
v3[] = "./file0";
v4[100];
v5[] = ".^-+";
v6[] = "./file0";
v7[] = "./file0";
v8[100];
v9[] = ":#";
v10[] = "./file0";
v11[100];
v12[] = ":#";
v13[] = "./file0";
v14[] = "system.sockprotoname";
v15[] = "";
v16[] = "./file0";
v17[] = "./file0";
v18[] = "./file0";
v19[] = "./file0";
v20[100];
v21[] = "-&\x06";
v22[] = "./file0";
v23[100];
v24[] = "system.sockprotoname";
v25[] = "./file0";
v26[100];
v27[] = "system.sockprotoname";
v28[] = "./file0";
v29[100];
v30[100];
v31[] = "./file0";
v32[100];
v33[100];
v34[] = "./file1";
v35[100];
v36[] = "{L-, 0x6}";
v37[] = "./file0";
v38[100];
v39[] = "user.test";
v40[] = "./file1";
v41[100];
v42[100];
v43[] = "./file2";
v44[] = "./file1";
v45[100];
v46[] = "{0x0, 0xfb, 0x94, 0x1, 0x2, "d4c9426227d7481f67a6d33fad002432", "d42fc0481c0f4e89420f695f183ce3b6d85b3cc4c085a60d263e8d78d1e20fe0e6a90dbe149a5c88fcd28c71309566cc5dad87abd3c9a24116d9080e5a505e5dc0dc1680c471ce2aa17887e217b8db2f24640c876eb116a78193cd064e4d14d4cf7f15a54b4d14e6db3e1da185e580d14e617835b929aaace5acb3e54dbdd4"}";
v47[] = "./file2";

syscall(SYS_listxattr, v0, v1, 145);
syscall(SYS_chmod, v2, 0);
syscall(SYS_setxattr, v3, v4, v5, 5, 2);
syscall(SYS_chmod, v6, 2);
syscall(SYS_setxattr, v7, v8, v9, 3, 1);
syscall(SYS_setxattr, v10, v11, v12, 3, 2);
syscall(SYS_setxattr, v13, v14, v15, 1, 1);
syscall(SYS_rename, v16, v17);
syscall(SYS_chmod, v18, 32);
syscall(SYS_setxattr, v19, v20, v21, 4, 0);
syscall(SYS_setxattr, v22, v23, v24, 21, 1);
syscall(SYS_setxattr, v25, v26, v27, 21, 0);
syscall(SYS_setxattr, v28, v29, v30, 4, 2);
syscall(SYS_setxattr, v31, v32, v33, 4, 3);
syscall(SYS_setxattr, v34, v35, v36, 22, 0);
syscall(SYS_setxattr, v37, v38, v39, 10, 1);
syscall(SYS_setxattr, v40, v41, v42, 2, 3);
syscall(SYS_chmod, v43, 14);
syscall(SYS_setxattr, v44, v45, v46, 148, 0);
syscall(SYS_open, v47, 40960, 12466491060609184681);

2023/01/25 13:46:50 prog length: 20
2023/01/25 13:46:50 HasCrashFail:false HasNetFail:false
13:46:50 ---executing program 0:
---
---
---
listxattr(&(0x7f0000000000)='./file0\x00', &(0x7f0000000040)=""/145, 0x91)
chmod(&(0x7f0000000100)='./file0\x00', 0x0)
setxattr$user(&(0x7f0000000140)='./file0\x00', &(0x7f0000000180), &(0x7f00000001c0)='.^-+\x00', 0x5, 0x2)
chmod(&(0x7f0000000200)='./file0\x00', 0x2)
setxattr$user(&(0x7f0000000240)='./file0\x00', &(0x7f0000000280), &(0x7f00000002c0)=':#\x00', 0x3, 0x1)
setxattr$user(&(0x7f0000000300)='./file0\x00', &(0x7f0000000340), &(0x7f0000000380)=':#\x00', 0x3, 0x2)
setxattr(&(0x7f00000003c0)='./file0\x00', &(0x7f0000000400)=@known='system.sockprotoname\x00', &(0x7f0000000440)='\x00', 0x1, 0x1)
rename(&(0x7f0000000480)='./file0\x00', &(0x7f00000004c0)='./file0\x00')
chmod(&(0x7f0000000500)='./file0\x00', 0x20)
setxattr$user(&(0x7f0000000540)='./file0\x00', &(0x7f0000000580), &(0x7f00000005c0)='-&\x06\x00', 0x4, 0x0)
setxattr$user(&(0x7f0000000600)='./file0\x00', &(0x7f0000000640), &(0x7f0000000680)='system.sockprotoname\x00', 0x15, 0x1)
setxattr$user(&(0x7f00000006c0)='./file0\x00', &(0x7f0000000700), &(0x7f0000000740)='system.sockprotoname\x00', 0x15, 0x0)
setxattr$security_smack_transmute(&(0x7f0000000780)='./file0\x00', &(0x7f00000007c0), &(0x7f0000000800), 0x4, 0x2)
setxattr$security_smack_transmute(&(0x7f0000000840)='./file0\x00', &(0x7f0000000880), &(0x7f00000008c0), 0x4, 0x3)
setxattr$trusted_overlay_nlink(&(0x7f0000000900)='./file1\x00', &(0x7f0000000940), &(0x7f0000000980)={'L-', 0x6}, 0x16, 0x0)
setxattr$user(&(0x7f00000009c0)='./file0\x00', &(0x7f0000000a00), &(0x7f0000000a40)='user.test\x00', 0xa, 0x1)
setxattr$trusted_overlay_opaque(&(0x7f0000000a80)='./file1\x00', &(0x7f0000000ac0), &(0x7f0000000b00), 0x2, 0x3)
chmod(&(0x7f0000000b40)='./file2\x00', 0xe)
setxattr$trusted_overlay_upper(&(0x7f0000000b80)='./file1\x00', &(0x7f0000000bc0), &(0x7f0000000c00)={0x0, 0xfb, 0x94, 0x1, 0x2, "d4c9426227d7481f67a6d33fad002432", "d42fc0481c0f4e89420f695f183ce3b6d85b3cc4c085a60d263e8d78d1e20fe0e6a90dbe149a5c88fcd28c71309566cc5dad87abd3c9a24116d9080e5a505e5dc0dc1680c471ce2aa17887e217b8db2f24640c876eb116a78193cd064e4d14d4cf7f15a54b4d14e6db3e1da185e580d14e617835b929aaace5acb3e54dbdd4"}, 0x94, 0x0)
open(&(0x7f0000000cc0)='./file2\x00', 0xa000, 0xad01df91bf3173a9)
---

end of program
2023/01/25 13:46:50 -----run executor: [/usr/bin/ssh -F /dev/null -o ConnectionAttempts=100 -o ConnectTimeout=120 -o UserKnownHostsFile=/dev/null -o BatchMode=yes -o IdentitiesOnly=yes -o StrictHostKeyChecking=no -o ConnectTimeout=100 -i /home/tlyu/dfs-fuzzing/disk-images/glusterfs-images/focal.id_rsa -v root@192.168.0.50 /root/syz-executor exec 0 0 glusterfs 3 4 192.168.0.50 0 "3 1 ''" false false false false false]
2023/01/25 13:46:50 -----run executor: [/usr/bin/ssh -F /dev/null -o ConnectionAttempts=100 -o ConnectTimeout=120 -o UserKnownHostsFile=/dev/null -o BatchMode=yes -o IdentitiesOnly=yes -o StrictHostKeyChecking=no -o ConnectTimeout=100 -i /home/tlyu/dfs-fuzzing/disk-images/glusterfs-images/focal.id_rsa -v root@192.168.0.51 /root/syz-executor exec 0 1 glusterfs 3 4 192.168.0.50 0 "3 1 ''" false false false false false]
2023/01/25 13:46:50 -----run executor: [/usr/bin/ssh -F /dev/null -o ConnectionAttempts=100 -o ConnectTimeout=120 -o UserKnownHostsFile=/dev/null -o BatchMode=yes -o IdentitiesOnly=yes -o StrictHostKeyChecking=no -o ConnectTimeout=100 -i /home/tlyu/dfs-fuzzing/disk-images/glusterfs-images/focal.id_rsa -v root@192.168.0.52 /root/syz-executor exec 0 2 glusterfs 3 4 192.168.0.50 0 "3 1 ''" false false false false false]
2023/01/25 13:46:50 -----run executor: [/usr/bin/ssh -F /dev/null -o ConnectionAttempts=100 -o ConnectTimeout=120 -o UserKnownHostsFile=/dev/null -o BatchMode=yes -o IdentitiesOnly=yes -o StrictHostKeyChecking=no -o ConnectTimeout=100 -i /home/tlyu/dfs-fuzzing/disk-images/glusterfs-images/focal.id_rsa -v root@192.168.0.53 /root/syz-executor exec 1 3 glusterfs 3 4 192.168.0.50 0 "3 1 ''" false false false false false]
OpenSSH_8.2p1 Ubuntu-4ubuntu0.5, OpenSSL 1.1.1f  31 Mar 2020
debug1: Reading configuration data /dev/null
OpenSSH_8.2p1 Ubuntu-4ubuntu0.5, OpenSSL 1.1.1f  31 Mar 2020
debug1: Reading configuration data /dev/null
debug1: Connecting to 192.168.0.50 [192.168.0.50] port 22.
OpenSSH_8.2p1 Ubuntu-4ubuntu0.5, OpenSSL 1.1.1f  31 Mar 2020
debug1: Reading configuration data /dev/null
debug1: Connecting to 192.168.0.51 [192.168.0.51] port 22.
debug1: fd 3 clearing O_NONBLOCK
debug1: Connection established.
debug1: identity file /home/tlyu/dfs-fuzzing/disk-images/glusterfs-images/focal.id_rsa type -1
debug1: identity file /home/tlyu/dfs-fuzzing/disk-images/glusterfs-images/focal.id_rsa-cert type -1
debug1: Local version string SSH-2.0-OpenSSH_8.2p1 Ubuntu-4ubuntu0.5
debug1: Connecting to 192.168.0.53 [192.168.0.53] port 22.
OpenSSH_8.2p1 Ubuntu-4ubuntu0.5, OpenSSL 1.1.1f  31 Mar 2020
debug1: Reading configuration data /dev/null
debug1: fd 3 clearing O_NONBLOCK
debug1: Connection established.
debug1: identity file /home/tlyu/dfs-fuzzing/disk-images/glusterfs-images/focal.id_rsa type -1
debug1: identity file /home/tlyu/dfs-fuzzing/disk-images/glusterfs-images/focal.id_rsa-cert type -1
debug1: Local version string SSH-2.0-OpenSSH_8.2p1 Ubuntu-4ubuntu0.5
debug1: fd 3 clearing O_NONBLOCK
debug1: Connection established.
debug1: identity file /home/tlyu/dfs-fuzzing/disk-images/glusterfs-images/focal.id_rsa type -1
debug1: identity file /home/tlyu/dfs-fuzzing/disk-images/glusterfs-images/focal.id_rsa-cert type -1
debug1: Connecting to 192.168.0.52 [192.168.0.52] port 22.
debug1: Local version string SSH-2.0-OpenSSH_8.2p1 Ubuntu-4ubuntu0.5
debug1: fd 3 clearing O_NONBLOCK
debug1: Connection established.
debug1: identity file /home/tlyu/dfs-fuzzing/disk-images/glusterfs-images/focal.id_rsa type -1
debug1: identity file /home/tlyu/dfs-fuzzing/disk-images/glusterfs-images/focal.id_rsa-cert type -1
debug1: Local version string SSH-2.0-OpenSSH_8.2p1 Ubuntu-4ubuntu0.5
debug1: Remote protocol version 2.0, remote software version OpenSSH_8.2p1 Ubuntu-4
debug1: match: OpenSSH_8.2p1 Ubuntu-4 pat OpenSSH* compat 0x04000000
debug1: Authenticating to 192.168.0.53:22 as 'root'
debug1: Remote protocol version 2.0, remote software version OpenSSH_8.2p1 Ubuntu-4
debug1: SSH2_MSG_KEXINIT sent
debug1: match: OpenSSH_8.2p1 Ubuntu-4 pat OpenSSH* compat 0x04000000
debug1: Authenticating to 192.168.0.50:22 as 'root'
debug1: SSH2_MSG_KEXINIT sent
debug1: Remote protocol version 2.0, remote software version OpenSSH_8.2p1 Ubuntu-4
debug1: match: OpenSSH_8.2p1 Ubuntu-4 pat OpenSSH* compat 0x04000000
debug1: Authenticating to 192.168.0.52:22 as 'root'
debug1: SSH2_MSG_KEXINIT sent
debug1: SSH2_MSG_KEXINIT received
debug1: kex: algorithm: curve25519-sha256
debug1: kex: host key algorithm: ecdsa-sha2-nistp256
debug1: kex: server->client cipher: chacha20-poly1305@openssh.com MAC: <implicit> compression: none
debug1: kex: client->server cipher: chacha20-poly1305@openssh.com MAC: <implicit> compression: none
debug1: Remote protocol version 2.0, remote software version OpenSSH_8.2p1 Ubuntu-4
debug1: match: OpenSSH_8.2p1 Ubuntu-4 pat OpenSSH* compat 0x04000000
debug1: Authenticating to 192.168.0.51:22 as 'root'
debug1: SSH2_MSG_KEXINIT sent
debug1: SSH2_MSG_KEXINIT received
debug1: kex: algorithm: curve25519-sha256
debug1: kex: host key algorithm: ecdsa-sha2-nistp256
debug1: kex: server->client cipher: chacha20-poly1305@openssh.com MAC: <implicit> compression: none
debug1: kex: client->server cipher: chacha20-poly1305@openssh.com MAC: <implicit> compression: none
debug1: SSH2_MSG_KEXINIT received
debug1: kex: algorithm: curve25519-sha256
debug1: kex: host key algorithm: ecdsa-sha2-nistp256
debug1: kex: server->client cipher: chacha20-poly1305@openssh.com MAC: <implicit> compression: none
debug1: kex: client->server cipher: chacha20-poly1305@openssh.com MAC: <implicit> compression: none
debug1: expecting SSH2_MSG_KEX_ECDH_REPLY
debug1: expecting SSH2_MSG_KEX_ECDH_REPLY
debug1: expecting SSH2_MSG_KEX_ECDH_REPLY
debug1: Server host key: ecdsa-sha2-nistp256 SHA256:prHFi1G5XXPuzxIh2a5lJaY6ZWltf3+ajD/hEOIDid8
Warning: Permanently added '192.168.0.50' (ECDSA) to the list of known hosts.
debug1: Server host key: ecdsa-sha2-nistp256 SHA256:prHFi1G5XXPuzxIh2a5lJaY6ZWltf3+ajD/hEOIDid8
Warning: Permanently added '192.168.0.53' (ECDSA) to the list of known hosts.
debug1: SSH2_MSG_KEXINIT received
debug1: kex: algorithm: curve25519-sha256
debug1: kex: host key algorithm: ecdsa-sha2-nistp256
debug1: kex: server->client cipher: chacha20-poly1305@openssh.com MAC: <implicit> compression: none
debug1: kex: client->server cipher: chacha20-poly1305@openssh.com MAC: <implicit> compression: none
debug1: rekey out after 134217728 blocks
debug1: SSH2_MSG_NEWKEYS sent
debug1: expecting SSH2_MSG_NEWKEYS
debug1: SSH2_MSG_NEWKEYS received
debug1: rekey in after 134217728 blocks
debug1: Will attempt key: /home/tlyu/dfs-fuzzing/disk-images/glusterfs-images/focal.id_rsa  explicit
debug1: SSH2_MSG_EXT_INFO received
debug1: kex_input_ext_info: server-sig-algs=<ssh-ed25519,sk-ssh-ed25519@openssh.com,ssh-rsa,rsa-sha2-256,rsa-sha2-512,ssh-dss,ecdsa-sha2-nistp256,ecdsa-sha2-nistp384,ecdsa-sha2-nistp521,sk-ecdsa-sha2-nistp256@openssh.com>
debug1: Server host key: ecdsa-sha2-nistp256 SHA256:prHFi1G5XXPuzxIh2a5lJaY6ZWltf3+ajD/hEOIDid8
Warning: Permanently added '192.168.0.52' (ECDSA) to the list of known hosts.
debug1: SSH2_MSG_SERVICE_ACCEPT received
debug1: expecting SSH2_MSG_KEX_ECDH_REPLY
debug1: rekey out after 134217728 blocks
debug1: SSH2_MSG_NEWKEYS sent
debug1: expecting SSH2_MSG_NEWKEYS
debug1: SSH2_MSG_NEWKEYS received
debug1: rekey in after 134217728 blocks
debug1: Will attempt key: /home/tlyu/dfs-fuzzing/disk-images/glusterfs-images/focal.id_rsa  explicit
debug1: SSH2_MSG_EXT_INFO received
debug1: kex_input_ext_info: server-sig-algs=<ssh-ed25519,sk-ssh-ed25519@openssh.com,ssh-rsa,rsa-sha2-256,rsa-sha2-512,ssh-dss,ecdsa-sha2-nistp256,ecdsa-sha2-nistp384,ecdsa-sha2-nistp521,sk-ecdsa-sha2-nistp256@openssh.com>
debug1: SSH2_MSG_SERVICE_ACCEPT received
debug1: rekey out after 134217728 blocks
debug1: SSH2_MSG_NEWKEYS sent
debug1: expecting SSH2_MSG_NEWKEYS
debug1: SSH2_MSG_NEWKEYS received
debug1: rekey in after 134217728 blocks
debug1: Will attempt key: /home/tlyu/dfs-fuzzing/disk-images/glusterfs-images/focal.id_rsa  explicit
debug1: SSH2_MSG_EXT_INFO received
debug1: kex_input_ext_info: server-sig-algs=<ssh-ed25519,sk-ssh-ed25519@openssh.com,ssh-rsa,rsa-sha2-256,rsa-sha2-512,ssh-dss,ecdsa-sha2-nistp256,ecdsa-sha2-nistp384,ecdsa-sha2-nistp521,sk-ecdsa-sha2-nistp256@openssh.com>
debug1: SSH2_MSG_SERVICE_ACCEPT received
debug1: Server host key: ecdsa-sha2-nistp256 SHA256:prHFi1G5XXPuzxIh2a5lJaY6ZWltf3+ajD/hEOIDid8
Warning: Permanently added '192.168.0.51' (ECDSA) to the list of known hosts.
debug1: rekey out after 134217728 blocks
debug1: SSH2_MSG_NEWKEYS sent
debug1: expecting SSH2_MSG_NEWKEYS
debug1: SSH2_MSG_NEWKEYS received
debug1: rekey in after 134217728 blocks
debug1: Will attempt key: /home/tlyu/dfs-fuzzing/disk-images/glusterfs-images/focal.id_rsa  explicit
debug1: SSH2_MSG_EXT_INFO received
debug1: kex_input_ext_info: server-sig-algs=<ssh-ed25519,sk-ssh-ed25519@openssh.com,ssh-rsa,rsa-sha2-256,rsa-sha2-512,ssh-dss,ecdsa-sha2-nistp256,ecdsa-sha2-nistp384,ecdsa-sha2-nistp521,sk-ecdsa-sha2-nistp256@openssh.com>
debug1: SSH2_MSG_SERVICE_ACCEPT received
debug1: Authentications that can continue: publickey,password
debug1: Next authentication method: publickey
debug1: Trying private key: /home/tlyu/dfs-fuzzing/disk-images/glusterfs-images/focal.id_rsa
debug1: Authentications that can continue: publickey,password
debug1: Next authentication method: publickey
debug1: Trying private key: /home/tlyu/dfs-fuzzing/disk-images/glusterfs-images/focal.id_rsa
debug1: Authentications that can continue: publickey,password
debug1: Next authentication method: publickey
debug1: Trying private key: /home/tlyu/dfs-fuzzing/disk-images/glusterfs-images/focal.id_rsa
debug1: Authentications that can continue: publickey,password
debug1: Next authentication method: publickey
debug1: Trying private key: /home/tlyu/dfs-fuzzing/disk-images/glusterfs-images/focal.id_rsa
debug1: Authentication succeeded (publickey).
Authenticated to 192.168.0.50 ([192.168.0.50]:22).
debug1: channel 0: new [client-session]
debug1: Requesting no-more-sessions@openssh.com
debug1: Entering interactive session.
debug1: pledge: network
debug1: Authentication succeeded (publickey).
Authenticated to 192.168.0.53 ([192.168.0.53]:22).
debug1: channel 0: new [client-session]
debug1: Requesting no-more-sessions@openssh.com
debug1: Entering interactive session.
debug1: pledge: network
debug1: Authentication succeeded (publickey).
Authenticated to 192.168.0.52 ([192.168.0.52]:22).
debug1: channel 0: new [client-session]
debug1: Requesting no-more-sessions@openssh.com
debug1: Entering interactive session.
debug1: pledge: network
debug1: Authentication succeeded (publickey).
Authenticated to 192.168.0.51 ([192.168.0.51]:22).
debug1: channel 0: new [client-session]
debug1: Requesting no-more-sessions@openssh.com
debug1: Entering interactive session.
debug1: pledge: network
debug1: client_input_global_request: rtype hostkeys-00@openssh.com want_reply 0
debug1: Remote: /root/.ssh/authorized_keys:1: key options: agent-forwarding port-forwarding pty user-rc x11-forwarding
debug1: client_input_global_request: rtype hostkeys-00@openssh.com want_reply 0
debug1: Remote: /root/.ssh/authorized_keys:1: key options: agent-forwarding port-forwarding pty user-rc x11-forwarding
debug1: client_input_global_request: rtype hostkeys-00@openssh.com want_reply 0
debug1: Remote: /root/.ssh/authorized_keys:1: key options: agent-forwarding port-forwarding pty user-rc x11-forwarding
debug1: client_input_global_request: rtype hostkeys-00@openssh.com want_reply 0
debug1: Remote: /root/.ssh/authorized_keys:1: key options: agent-forwarding port-forwarding pty user-rc x11-forwarding
debug1: Sending command: /root/syz-executor exec 0 0 glusterfs 3 4 192.168.0.50 0 "3 1 ''" false false false false false
debug1: Sending command: /root/syz-executor exec 0 2 glusterfs 3 4 192.168.0.50 0 "3 1 ''" false false false false false
syz_reboot() time executor starts at 1674650811:57183
----- is restarting 0
---- dfs_name glusterfs is_dfs_client 0
debug1: Sending command: /root/syz-executor exec 1 3 glusterfs 3 4 192.168.0.50 0 "3 1 ''" false false false false false
debug1: Sending command: /root/syz-executor exec 0 1 glusterfs 3 4 192.168.0.50 0 "3 1 ''" false false false false false
syz_reboot() time executor starts at 1674650811:61647
----- is restarting 0
---- dfs_name glusterfs is_dfs_client 0
unlink FIFO failed: No such file or directory
[    0.000000] kernel: Linux version 5.15.0+ (tlyu@IC-RS3-DPC07) (gcc (Ubuntu 9.4.0-1ubuntu1~20.04.1) 9.4.0, GNU ld (GNU Binutils for Ubuntu) 2.34) #8 SMP Fri Jun 3 16:18:40 CEST 2022
[    0.000000] kernel: Command line: root=/dev/sda console=ttyS0 net.ifnames=0 ip=192.168.0.52
[    0.000000] kernel: x86/fpu: Supporting XSAVE feature 0x001: 'x87 floating point registers'
[    0.000000] kernel: x86/fpu: Supporting XSAVE feature 0x002: 'SSE registers'
[    0.000000] kernel: x86/fpu: Supporting XSAVE feature 0x004: 'AVX registers'
[    0.000000] kernel: x86/fpu: Supporting XSAVE feature 0x008: 'MPX bounds registers'
[    0.000000] kernel: x86/fpu: Supporting XSAVE feature 0x010: 'MPX CSR'
[    0.000000] kernel: x86/fpu: Supporting XSAVE feature 0x020: 'AVX-512 opmask'
[    0.000000] kernel: x86/fpu: Supporting XSAVE feature 0x040: 'AVX-512 Hi256'
[    0.000000] kernel: x86/fpu: Supporting XSAVE feature 0x080: 'AVX-512 ZMM_Hi256'
[    0.000000] kernel: x86/fpu: Supporting XSAVE feature 0x200: 'Protection Keys User registers'
[    0.000000] kernel: x86/fpu: xstate_offset[2]:  576, xstate_sizes[2]:  256
[    0.000000] kernel: x86/fpu: xstate_offset[3]:  832, xstate_sizes[3]:   64
[    0.000000] kernel: x86/fpu: xstate_offset[4]:  896, xstate_sizes[4]:   64
[    0.000000] kernel: x86/fpu: xstate_offset[5]:  960, xstate_sizes[5]:   64
[    0.000000] kernel: x86/fpu: xstate_offset[6]: 1024, xstate_sizes[6]:  512
[    0.000000] kernel: x86/fpu: xstate_offset[7]: 1536, xstate_sizes[7]: 1024
[    0.000000] kernel: x86/fpu: xstate_offset[9]: 2560, xstate_sizes[9]:    8
[    0.000000] kernel: x86/fpu: Enabled xstate features 0x2ff, context size is 2568 bytes, using 'compacted' format.
[    0.000000] kernel: signal: max sigframe size: 3632
[    0.000000] kernel: BIOS-provided physical RAM map:
[    0.000000] kernel: BIOS-e820: [mem 0x0000000000000000-0x000000000009fbff] usable
[    0.000000] kernel: BIOS-e820: [mem 0x000000000009fc00-0x000000000009ffff] reserved
[    0.000000] kunlink FIFO failed: No such file or directory
[    0.000000] kernel: Linux version 5.15.0+ (tlyu@IC-RS3-DPC07) (gcc (Ubuntu 9.4.0-1ubuntu1~20.04.1) 9.4.0, GNU ld (GNU Binutils for Ubuntu) 2.34) #8 SMP Fri Jun 3 16:18:40 CEST 2022
[    0.000000] kernel: Command line: root=/dev/sda console=ttyS0 net.ifnames=0 ip=192.168.0.50
[    0.000000] kernel: x86/fpu: Supporting XSAVE feature 0x001: 'x87 floating point registers'
[    0.000000] kernel: x86/fpu: Supporting XSAVE feature 0x002: 'SSE registers'
[    0.000000] kernel: x86/fpu: Supporting XSAVE feature 0x004: 'AVX registers'
[    0.000000] kernel: x86/fpu: Supporting XSAVE feature 0x008: 'MPX bounds registers'
[    0.000000] kernel: x86/fpu: Supporting XSAVE feature 0x010: 'MPX CSR'
[    0.000000] kernel: x86/fpu: Supporting XSAVE feature 0x020: 'AVX-512 opmask'
[    0.000000] kernel: x86/fpu: Supporting XSAVE feature 0x040: 'AVX-512 Hi256'
[    0.000000] kernel: x86/fpu: Supporting XSAVE feature 0x080: 'AVX-512 ZMM_Hi256'
[    0.000000] kernel: x86/fpu: Supporting XSAVE feature 0xernel: BIOS-e820: [mem 0x00000000000f0000-0x00000000000fffff] reserved
[    0.000000] kernel: BIOS-e820: [mem 0x0000000000100000-0x00000000bffdcfff] usable
[    0.000000] kernel: BIOS-e820: [mem 0x00000000bffdd000-0x00000000bfffffff] reserved
[    0.000000] kernel: BIOS-e820: [mem 0x00000000feffc000-0x00000000feffffff] reserved
[    0.000000] kernel: BIOS-e820: [mem 0x00000000fffc0000-0x00000000ffffffff] reserved
[    0.000000] kernel: BIOS-e820: [mem 0x0000000100000000-0x00000002bfffffff] usable
[    0.000000] kernel: NX (Execute Disable) protection: active
[    0.000000] kernel: SMBIOS 2.8 present.
[    0.000000] kernel: DMI: QEMU Standard PC (i440FX + PIIX, 1996), BIOS 1.13.0-1ubuntu1.1 04/01/2014
[    0.000000] kernel: Hypervisor detected: KVM
[    0.000000] kernel: kvm-clock: Using msrs 4b564d01 and 4b564d00
[    0.000000] kernel: kvm-clock: cpu 0, msr 139958001, primary cpu clock
[    0.000004] kernel: kvm-clock: using sched offset of 331462651 cycles
[    0.000013] kernel: cloc200: 'Protection Keys User registers'
[    0.000000] kernel: x86/fpu: xstate_offset[2]:  576, xstate_sizes[2]:  256
[    0.000000] kernel: x86/fpu: xstate_offset[3]:  832, xstate_sizes[3]:   64
[    0.000000] kernel: x86/fpu: xstate_offset[4]:  896, xstate_sizes[4]:   64
[    0.000000] kernel: x86/fpu: xstate_offset[5]:  960, xstate_sizes[5]:   64
[    0.000000] kernel: x86/fpu: xstate_offset[6]: 1024, xstate_sizes[6]:  512
[    0.000000] kernel: x86/fpu: xstate_offset[7]: 1536, xstate_sizes[7]: 1024
[    0.000000] kernel: x86/fpu: xstate_offset[9]: 2560, xstate_sizes[9]:    8
[    0.000000] kernel: x86/fpu: Enabled xstate features 0x2ff, context size is 2568 bytes, using 'compacted' format.
[    0.000000] kernel: signal: max sigframe size: 3632
[    0.000000] kernel: BIOS-provided physical RAM map:
[    0.000000] kernel: BIOS-e820: [mem 0x0000000000000000-0x000000000009fbff] usable
[    0.000000] kernel: BIOS-e820: [mem 0x000000000009fc00-0x000000000009ffff] reserved
[    0.000000] kksource: kvm-clock: mask: 0xffffffffffffffff max_cycles: 0x1cd42e4dffb, max_idle_ns: 881590591483 ns
[    0.000029] kernel: tsc: Detected 2496.000 MHz processor
[    0.005872] kernel: e820: update [mem 0x00000000-0x00000fff] usable ==> reserved
[    0.005899] kernel: e820: remove [mem 0x000a0000-0x000fffff] usable
[    0.005916] kernel: last_pfn = 0x2c0000 max_arch_pfn = 0x400000000
[    0.005981] kernel: x86/PAT: Configuration [0-7]: WB  WC  UC- UC  WB  WP  UC- WT  
[    0.005995] kernel: last_pfn = 0xbffdd max_arch_pfn = 0x400000000
[    0.013366] kernel: found SMP MP-table at [mem 0x000f5c70-0x000f5c7f]
[    0.013433] kernel: Using GB pages for direct mapping
[    0.014052] kernel: ACPI: Early table checksum verification disabled
[    0.014065] kernel: ACPI: RSDP 0x00000000000F5A40 000014 (v00 BOCHS )
[    0.014098] kernel: ACPI: RSDT 0x00000000BFFE15C9 000030 (v01 BOCHS  BXPCRSDT 00000001 BXPC 00000001)
[    0.014124] kernel: ACPI: FACP 0x00000000BFFE149D 000074 (v01 BOCHS  BXPCFAernel: BIOS-e820: [mem 0x00000000000f0000-0x00000000000fffff] reserved
[    0.000000] kernel: BIOS-e820: [mem 0x0000000000100000-0x00000000bffdcfff] usable
[    0.000000] kernel: BIOS-e820: [mem 0x00000000bffdd000-0x00000000bfffffff] reserved
[    0.000000] kernel: BIOS-e820: [mem 0x00000000feffc000-0x00000000feffffff] reserved
[    0.000000] kernel: BIOS-e820: [mem 0x00000000fffc0000-0x00000000ffffffff] reserved
[    0.000000] kernel: BIOS-e820: [mem 0x0000000100000000-0x00000002bfffffff] usable
[    0.000000] kernel: NX (Execute Disable) protection: active
[    0.000000] kernel: SMBIOS 2.8 present.
[    0.000000] kernel: DMI: QEMU Standard PC (i440FX + PIIX, 1996), BIOS 1.13.0-1ubuntu1.1 04/01/2014
[    0.000000] kernel: Hypervisor detected: KVM
[    0.000000] kernel: kvm-clock: Using msrs 4b564d01 and 4b564d00
[    0.000000] kernel: kvm-clock: cpu 0, msr 156b58001, primary cpu clock
[    0.000002] kernel: kvm-clock: using sched offset of 344381279 cycles
[    0.000011] kernel: clocCP 00000001 BXPC 00000001)
[    0.014152] kernel: ACPI: DSDT 0x00000000BFFE0040 00145D (v01 BOCHS  BXPCDSDT 00000001 BXPC 00000001)
[    0.014175] kernel: ACPI: FACS 0x00000000BFFE0000 000040
[    0.014191] kernel: ACPI: APIC 0x00000000BFFE1511 000080 (v01 BOCHS  BXPCAPIC 00000001 BXPC 00000001)
[    0.014213] kernel: ACPI: HPET 0x00000000BFFE1591 000038 (v01 BOCHS  BXPCHPET 00000001 BXPC 00000001)
[    0.014233] kernel: ACPI: Reserving FACP table memory at [mem 0xbffe149d-0xbffe1510]
[    0.014244] kernel: ACPI: Reserving DSDT table memory at [mem 0xbffe0040-0xbffe149c]
[    0.014253] kernel: ACPI: Reserving FACS table memory at [mem 0xbffe0000-0xbffe003f]
[    0.014262] kernel: ACPI: Reserving APIC table memory at [mem 0xbffe1511-0xbffe1590]
[    0.014271] kernel: ACPI: Reserving HPET table memory at [mem 0xbffe1591-0xbffe15c8]
[    0.015124] kernel: No NUMA configuration found
[    0.015140] kernel: Faking a node at [mem 0x0000000000000000-0x00000002bfffffff]
[    0.015163] kernel:ksource: kvm-clock: mask: 0xffffffffffffffff max_cycles: 0x1cd42e4dffb, max_idle_ns: 881590591483 ns
[    0.000027] kernel: tsc: Detected 2496.000 MHz processor
[    0.005764] kernel: e820: update [mem 0x00000000-0x00000fff] usable ==> reserved
[    0.005789] kernel: e820: remove [mem 0x000a0000-0x000fffff] usable
[    0.005807] kernel: last_pfn = 0x2c0000 max_arch_pfn = 0x400000000
[    0.005871] kernel: x86/PAT: Configuration [0-7]: WB  WC  UC- UC  WB  WP  UC- WT  
[    0.005885] kernel: last_pfn = 0xbffdd max_arch_pfn = 0x400000000
[    0.013215] kernel: found SMP MP-table at [mem 0x000f5c70-0x000f5c7f]
[    0.013318] kernel: Using GB pages for direct mapping
[    0.013954] kernel: ACPI: Early table checksum verification disabled
[    0.013968] kernel: ACPI: RSDP 0x00000000000F5A40 000014 (v00 BOCHS )
[    0.013995] kernel: ACPI: RSDT 0x00000000BFFE15C9 000030 (v01 BOCHS  BXPCRSDT 00000001 BXPC 00000001)
[    0.014021] kernel: ACPI: FACP 0x00000000BFFE149D 000074 (v01 BOCHS  BXPCFA NODE_DATA(0) allocated [mem 0x2bfffc000-0x2bfffffff]
[    0.015512] kernel: Zone ranges:
[    0.015529] kernel:   DMA      [mem 0x0000000000001000-0x0000000000ffffff]
[    0.015543] kernel:   DMA32    [mem 0x0000000001000000-0x00000000ffffffff]
[    0.015554] kernel:   Normal   [mem 0x0000000100000000-0x00000002bfffffff]
[    0.015565] kernel: Movable zone start for each node
[    0.015570] kernel: Early memory node ranges
[    0.015574] kernel:   node   0: [mem 0x0000000000001000-0x000000000009efff]
[    0.015584] kernel:   node   0: [mem 0x0000000000100000-0x00000000bffdcfff]
[    0.015594] kernel:   node   0: [mem 0x0000000100000000-0x00000002bfffffff]
[    0.015605] kernel: Initmem setup node 0 [mem 0x0000000000001000-0x00000002bfffffff]
[    0.015924] kernel: On node 0, zone DMA: 1 pages in unavailable ranges
[    0.015991] kernel: On node 0, zone DMA: 97 pages in unavailable ranges
[    0.090130] kernel: On node 0, zone Normal: 35 pages in unavailable ranges
[    0.438838] kernCP 00000001 BXPC 00000001)
[    0.014049] kernel: ACPI: DSDT 0x00000000BFFE0040 00145D (v01 BOCHS  BXPCDSDT 00000001 BXPC 00000001)
[    0.014072] kernel: ACPI: FACS 0x00000000BFFE0000 000040
[    0.014089] kernel: ACPI: APIC 0x00000000BFFE1511 000080 (v01 BOCHS  BXPCAPIC 00000001 BXPC 00000001)
[    0.014112] kernel: ACPI: HPET 0x00000000BFFE1591 000038 (v01 BOCHS  BXPCHPET 00000001 BXPC 00000001)
[    0.014132] kernel: ACPI: Reserving FACP table memory at [mem 0xbffe149d-0xbffe1510]
[    0.014143] kernel: ACPI: Reserving DSDT table memory at [mem 0xbffe0040-0xbffe149c]
[    0.014153] kernel: ACPI: Reserving FACS table memory at [mem 0xbffe0000-0xbffe003f]
[    0.014163] kernel: ACPI: Reserving APIC table memory at [mem 0xbffe1511-0xbffe1590]
[    0.014172] kernel: ACPI: Reserving HPET table memory at [mem 0xbffe1591-0xbffe15c8]
[    0.015063] kernel: No NUMA configuration found
[    0.015082] kernel: Faking a node at [mem 0x0000000000000000-0x00000002bfffffff]
[    0.015104] kernel:el: kasan: KernelAddressSanitizer initialized
[    0.439172] kernel: ACPI: PM-Timer IO Port: 0x608
[    0.439194] kernel: ACPI: LAPIC_NMI (acpi_id[0xff] dfl dfl lint[0x1])
[    0.439243] kernel: IOAPIC[0]: apic_id 0, version 17, address 0xfec00000, GSI 0-23
[    0.439259] kernel: ACPI: INT_SRC_OVR (bus 0 bus_irq 0 global_irq 2 dfl dfl)
[    0.439270] kernel: ACPI: INT_SRC_OVR (bus 0 bus_irq 5 global_irq 5 high level)
[    0.439280] kernel: ACPI: INT_SRC_OVR (bus 0 bus_irq 9 global_irq 9 high level)
[    0.439290] kernel: ACPI: INT_SRC_OVR (bus 0 bus_irq 10 global_irq 10 high level)
[    0.439301] kernel: ACPI: INT_SRC_OVR (bus 0 bus_irq 11 global_irq 11 high level)
[    0.439319] kernel: ACPI: Using ACPI (MADT) for SMP configuration information
[    0.439325] kernel: ACPI: HPET id: 0x8086a201 base: 0xfed00000
[    0.439338] kernel: TSC deadline timer available
[    0.439343] kernel: smpboot: Allowing 2 CPUs, 0 hotplug CPUs
[    0.439376] kernel: kvm-guest: KVM setup pv remote TLB flussyz_reboot() time executor starts at 1674650811:67043
----- is restarting 0
---- dfs_name glusterfs is_dfs_client 0
 NODE_DATA(0) allocated [mem 0x2bfffc000-0x2bfffffff]
[    0.015728] kernel: Zone ranges:
[    0.015737] kernel:   DMA      [mem 0x0000000000001000-0x0000000000ffffff]
[    0.015751] kernel:   DMA32    [mem 0x0000000001000000-0x00000000ffffffff]
[    0.015761] kernel:   Normal   [mem 0x0000000100000000-0x00000002bfffffff]
[    0.015772] kernel: Movable zone start for each node
[    0.015777] kernel: Early memory node ranges
[    0.015782] kernel:   node   0: [mem 0x0000000000001000-0x000000000009efff]
[    0.015791] kernel:   node   0: [mem 0x0000000000100000-0x00000000bffdcfff]
[    0.015801] kernel:   node   0: [mem 0x0000000100000000-0x00000002bfffffff]
[    0.015813] kernel: Initmem setup node 0 [mem 0x0000000000001000-0x00000002bfffffff]
[    0.016325] kernel: On node 0, zone DMA: 1 pages in unavailable ranges
[    0.016398] kernel: On node 0, zone DMA: 97 pages in unavailable ranges
[    0.089956] kernel: On node 0, zone Normal: 35 pages in unavailable ranges
[    0.437158] kernh
[    0.439385] kernel: kvm-guest: setup PV sched yield
[    0.439416] kernel: PM: hibernation: Registered nosave memory: [mem 0x00000000-0x00000fff]
[    0.439428] kernel: PM: hibernation: Registered nosave memory: [mem 0x0009f000-0x0009ffff]
[    0.439436] kernel: PM: hibernation: Registered nosave memory: [mem 0x000a0000-0x000effff]
[    0.439444] kernel: PM: hibernation: Registered nosave memory: [mem 0x000f0000-0x000fffff]
[    0.439455] kernel: PM: hibernation: Registered nosave memory: [mem 0xbffdd000-0xbfffffff]
[    0.439463] kernel: PM: hibernation: Registered nosave memory: [mem 0xc0000000-0xfeffbfff]
[    0.439470] kernel: PM: hibernation: Registered nosave memory: [mem 0xfeffc000-0xfeffffff]
[    0.439478] kernel: PM: hibernation: Registered nosave memory: [mem 0xff000000-0xfffbffff]
[    0.439486] kernel: PM: hibernation: Registered nosave memory: [mem 0xfffc0000-0xffffffff]
[    0.439496] kernel: [mem 0xc0000000-0xfeffbfff] available for PCI devices
[    0.439503] kernel: kasan: KernelAddressSanitizer initialized
[    0.437490] kernel: ACPI: PM-Timer IO Port: 0x608
[    0.437512] kernel: ACPI: LAPIC_NMI (acpi_id[0xff] dfl dfl lint[0x1])
[    0.437556] kernel: IOAPIC[0]: apic_id 0, version 17, address 0xfec00000, GSI 0-23
[    0.437571] kernel: ACPI: INT_SRC_OVR (bus 0 bus_irq 0 global_irq 2 dfl dfl)
[    0.437582] kernel: ACPI: INT_SRC_OVR (bus 0 bus_irq 5 global_irq 5 high level)
[    0.437592] kernel: ACPI: INT_SRC_OVR (bus 0 bus_irq 9 global_irq 9 high level)
[    0.437602] kernel: ACPI: INT_SRC_OVR (bus 0 bus_irq 10 global_irq 10 high level)
[    0.437613] kernel: ACPI: INT_SRC_OVR (bus 0 bus_irq 11 global_irq 11 high level)
[    0.437631] kernel: ACPI: Using ACPI (MADT) for SMP configuration information
[    0.437637] kernel: ACPI: HPET id: 0x8086a201 base: 0xfed00000
[    0.437649] kernel: TSC deadline timer available
[    0.437655] kernel: smpboot: Allowing 2 CPUs, 0 hotplug CPUs
[    0.437686] kernel: kvm-guest: KVM setup pv remote TLB flusexecutor 2 finishes userspace_cover_open
before receiving handshake request
el: Booting paravirtualized kernel on KVM
[    0.439522] kernel: clocksource: refined-jiffies: mask: 0xffffffff max_cycles: 0xffffffff, max_idle_ns: 1910969940391419 ns
[    0.453325] kernel: setup_percpu: NR_CPUS:64 nr_cpumask_bits:64 nr_cpu_ids:2 nr_node_ids:1
[    0.453817] kernel: percpu: Embedded 56 pages/cpu s191576 r8192 d29608 u1048576
[    0.453864] kernel: pcpu-alloc: s191576 r8192 d29608 u1048576 alloc=1*2097152
[    0.453886] kernel: pcpu-alloc: [0] 0 1 
[    0.454004] kernel: kvm-guest: setup async PF for cpu 0
[    0.454021] kernel: kvm-guest: stealtime: cpu 0, msr 26521f140
[    0.454038] kernel: Built 1 zonelists, mobility grouping on.  Total pages: 2580189
[    0.454051] kernel: Policy zone: Normal
[    0.454061] kernel: Kernel command line: root=/dev/sda console=ttyS0 net.ifnames=0 ip=192.168.0.52
[    0.458217] kernel: Dentry cache hash table entries: 2097152 (order: 12, 16777216 bytes, linear)
[    0.460475] kernel: Inode-cache hash table entries: 1048576 (order: 1syz_reboot() time executor starts at 1674650811:40684
----- is restarting 0
---- dfs_name glusterfs is_dfs_client 1
before receiving handshake request
[    0.000000] kernel: Linux version 5.15.0+ (tlyu@IC-RS3-DPC07) (gcc (Ubuntu 9.4.0-1ubuntu1~20.04.1) 9.4.0, GNU ld (GNU Binutils for Ubuntu) 2.34) #8 SMP Fri Jun 3 16:18:40 CEST 2022
[    0.000000] kernel: Command line: root=/dev/sda console=ttyS0 net.ifnames=0 ip=192.168.0.53
[    0.000000] kernel: x86/fpu: Supporting XSAVE feature 0x001: 'x87 floating point registers'
[    0.000000] kernel: x86/fpu: Supporting XSAVE feature 0x002: 'SSE registers'
[    0.000000] kernel: x86/fpu: Supporting XSAVE feature 0x004: 'AVX registers'
[    0.000000] kernel: x86/fpu: Supporting XSAVE feature 0x008: 'MPX bounds registers'
[    0.000000] kernel: x86/fpu: Supporting XSAVE feature 0x010: 'MPX CSR'
[    0.000000] kernel: x86/fpu: Supporting XSAVE feature 0x020: 'AVX-512 opmask'
[    0.000000] kernel: x86/fpu: Supporting XSAVE feature 0x040: 'AVX-512 Hi256'
[    0.000000] kernel: x86/fpu: Supporting XSAVE feature 0x080: 'AVX-512 ZMM_Hi256'
[    0.000000] kernel: x86/fpu: Supporting XSAVE feature 0xreq.flags ea3
----- executor 2 do_sandbox_none at begining
----- executor 2 do_sandbox_none before fork()
h
[    0.437695] kernel: kvm-guest: setup PV sched yield
[    0.437726] kernel: PM: hibernation: Registered nosave memory: [mem 0x00000000-0x00000fff]
[    0.437737] kernel: PM: hibernation: Registered nosave memory: [mem 0x0009f000-0x0009ffff]
[    0.437745] kernel: PM: hibernation: Registered nosave memory: [mem 0x000a0000-0x000effff]
[    0.437753] kernel: PM: hibernation: Registered nosave memory: [mem 0x000f0000-0x000fffff]
[    0.437764] kernel: PM: hibernation: Registered nosave memory: [mem 0xbffdd000-0xbfffffff]
[    0.437772] kernel: PM: hibernation: Registered nosave memory: [mem 0xc0000000-0xfeffbfff]
[    0.437779] kernel: PM: hibernation: Registered nosave memory: [mem 0xfeffc000-0xfeffffff]
[    0.437787] kernel: PM: hibernation: Registered nosave memory: [mem 0xff000000-0xfffbffff]
[    0.437795] kernel: PM: hibernation: Registered nosave memory: [mem 0xfffc0000-0xffffffff]
[    0.437804] kernel: [mem 0xc0000000-0xfeffbfff] available for PCI devices
[    0.437812] kern200: 'Protection Keys User registers'
[    0.000000] kernel: x86/fpu: xstate_offset[2]:  576, xstate_sizes[2]:  256
[    0.000000] kernel: x86/fpu: xstate_offset[3]:  832, xstate_sizes[3]:   64
[    0.000000] kernel: x86/fpu: xstate_offset[4]:  896, xstate_sizes[4]:   64
[    0.000000] kernel: x86/fpu: xstate_offset[5]:  960, xstate_sizes[5]:   64
[    0.000000] kernel: x86/fpu: xstate_offset[6]: 1024, xstate_sizes[6]:  512
[    0.000000] kernel: x86/fpu: xstate_offset[7]: 1536, xstate_sizes[7]: 1024
[    0.000000] kernel: x86/fpu: xstate_offset[9]: 2560, xstate_sizes[9]:    8
[    0.000000] kernel: x86/fpu: Enabled xstate features 0x2ff, context size is 2568 bytes, using 'compacted' format.
[    0.000000] kernel: signal: max sigframe size: 3632
[    0.000000] kernel: BIOS-provided physical RAM map:
[    0.000000] kernel: BIOS-e820: [mem 0x0000000000000000-0x000000000009fbff] usable
[    0.000000] kernel: BIOS-e820: [mem 0x000000000009fc00-0x000000000009ffff] reserved
[    0.000000] kspawned loop pid 343
ernel: BIOS-e820: [mem 0x00000000000f0000-0x00000000000fffff] reserved
[    0.000000] kernel: BIOS-e820: [mem 0x0000000000100000-0x00000000bffdffff] usable
[    0.000000] kernel: BIOS-e820: [mem 0x00000000bffe0000-0x00000000bfffffff] reserved
[    0.000000] kernel: BIOS-e820: [mem 0x00000000feffc000-0x00000000feffffff] reserved
[    0.000000] kernel: BIOS-e820: [mem 0x00000000fffc0000-0x00000000ffffffff] reserved
[    0.000000] kernel: BIOS-e820: [mem 0x0000000100000000-0x00000002bfffffff] usable
[    0.000000] kernel: NX (Execute Disable) protection: active
[    0.000000] kernel: SMBIOS 2.8 present.
[    0.000000] kernel: DMI: QEMU Standard PC (i440FX + PIIX, 1996), BIOS 1.13.0-1ubuntu1.1 04/01/2014
[    0.000000] kernel: Hypervisor detected: KVM
[    0.000000] kernel: kvm-clock: Using msrs 4b564d01 and 4b564d00
[    0.000000] kernel: kvm-clock: cpu 0, msr 32758001, primary cpu clock
[    0.000002] kernel: kvm-clock: using sched offset of 335712110 cycles
[    0.000011] kernel: clockel: Booting paravirtualized kernel on KVM
[    0.437820] kernel: clocksource: refined-jiffies: mask: 0xffffffff max_cycles: 0xffffffff, max_idle_ns: 1910969940391419 ns
[    0.450759] kernel: setup_percpu: NR_CPUS:64 nr_cpumask_bits:64 nr_cpu_ids:2 nr_node_ids:1
[    0.451434] kernel: percpu: Embedded 56 pages/cpu s191576 r8192 d29608 u1048576
[    0.451469] kernel: pcpu-alloc: s191576 r8192 d29608 u1048576 alloc=1*2097152
[    0.451483] kernel: pcpu-alloc: [0] 0 1 
[    0.451577] kernel: kvm-guest: setup async PF for cpu 0
[    0.451590] kernel: kvm-guest: stealtime: cpu 0, msr 26521f140
[    0.451603] kernel: Built 1 zonelists, mobility grouping on.  Total pages: 2580189
[    0.451612] kernel: Policy zone: Normal
[    0.451620] kernel: Kernel command line: root=/dev/sda console=ttyS0 net.ifnames=0 ip=192.168.0.50
[    0.456056] kernel: Dentry cache hash table entries: 2097152 (order: 12, 16777216 bytes, linear)
[    0.457856] kernel: Inode-cache hash table entries: 1048576 (order: 11, 8388608 bytes, linear)
[    0.460625] kernel: mem auto-init: stack:off, heap alloc:off, heap free:off
[    0.682898] kernel: Memory: 8818312K/10485228K available (47117K kernel code, 10298K rwdata, 7204K rodata, 2068K init, 2860K bss, 1666660K reserved, 0K cma-reserved)
[    0.683093] kernel: SLUB: HWalign=64, Order=0-3, MinObjects=0, CPUs=2, Nodes=1
[    0.683499] kernel: rcu: Hierarchical RCU implementation.
[    0.683507] kernel: rcu:         RCU event tracing is enabled.
[    0.683518] kernel: rcu:         RCU restricting CPUs from NR_CPUS=64 to nr_cpu_ids=2.
[    0.683526] kernel: rcu: RCU calculated value of scheduler-enlistment delay is 100 jiffies.
[    0.683533] kernel: rcu: Adjusting geometry for rcu_fanout_leaf=16, nr_cpu_ids=2
[    0.691077] kernel: NR_IRQS: 4352, nr_irqs: 440, preallocated irqs: 16
[    0.691441] kernel: random: get_random_bytes called from start_kernel+0x22b/0x456 with crng_init=0
[    0.695824] kernel: Console: colour VGA+ 80x25
[    0.755098] kernel: printk: console [ttyS0] enabled
[    0.755464] kernel: ACPI: Core revision 20210730
[    0.756004] kernel: clocksource: hpet: mask: 0xffffffff max_cycles: 0xffffffff, max_idle_ns: 19112604467 ns
[    0.756784] kernel: APIC: Switch to symmetric I/O mode setup
[    0.757204] kernel: kvm-guest: setup PV IPIs
[    0.758406] kernel: ..TIMER: vector=0x30 apic1=0 pin1=2 apic2=-1 pin2=-1
[    0.758907] kernel: clocksource: tsc-early: mask: 0xffffffffffffffff max_cycles: 0x23fa772cf26, max_idle_ns: 440795269835 ns
[    0.759705] kernel: Calibrating delay loop (skipped) preset value.. 4992.00 BogoMIPS (lpj=2496000)
[    0.760700] kernel: pid_max: default: 32768 minimum: 301
[    0.761705] kernel: LSM: Security Framework initializing
[    0.762077] kernel: SELinux:  Initializing.
[    0.762453] kernel: Mount-cache hash table entries: 32768 (order: 6, 262144 bytes, linear)
[    0.762947] kernel: Mountpoint-cache hash table entries: 32768 (order: 6, 262144 bytes, linear)
[    0.764319] kernel: xsource: kvm-clock: mask: 0xffffffffffffffff max_cycles: 0x1cd42e4dffb, max_idle_ns: 881590591483 ns
[    0.000024] kernel: tsc: Detected 2496.000 MHz processor
[    0.004880] kernel: e820: update [mem 0x00000000-0x00000fff] usable ==> reserved
[    0.004911] kernel: e820: remove [mem 0x000a0000-0x000fffff] usable
[    0.004928] kernel: last_pfn = 0x2c0000 max_arch_pfn = 0x400000000
[    0.004988] kernel: x86/PAT: Configuration [0-7]: WB  WC  UC- UC  WB  WP  UC- WT  
[    0.005000] kernel: last_pfn = 0xbffe0 max_arch_pfn = 0x400000000
[    0.011066] kernel: found SMP MP-table at [mem 0x000f5c80-0x000f5c8f]
[    0.011108] kernel: Using GB pages for direct mapping
[    0.013004] kernel: ACPI: Early table checksum verification disabled
[    0.013015] kernel: ACPI: RSDP 0x00000000000F5A50 000014 (v00 BOCHS )
[    0.013033] kernel: ACPI: RSDT 0x00000000BFFE15C9 000030 (v01 BOCHS  BXPCRSDT 00000001 BXPC 00000001)
[    0.013054] kernel: ACPI: FACP 0x00000000BFFE149D 000074 (v01 BOCHS  BXPCFAC1, 8388608 bytes, linear)
[    0.457969] kernel: mem auto-init: stack:off, heap alloc:off, heap free:off
[    0.679332] kernel: Memory: 8818312K/10485228K available (47117K kernel code, 10298K rwdata, 7204K rodata, 2068K init, 2860K bss, 1666660K reserved, 0K cma-reserved)
[    0.679520] kernel: SLUB: HWalign=64, Order=0-3, MinObjects=0, CPUs=2, Nodes=1
[    0.679878] kernel: rcu: Hierarchical RCU implementation.
[    0.679885] kernel: rcu:         RCU event tracing is enabled.
[    0.679890] kernel: rcu:         RCU restricting CPUs from NR_CPUS=64 to nr_cpu_ids=2.
[    0.679898] kernel: rcu: RCU calculated value of scheduler-enlistment delay is 100 jiffies.
[    0.679905] kernel: rcu: Adjusting geometry for rcu_fanout_leaf=16, nr_cpu_ids=2
[    0.688177] kernel: NR_IRQS: 4352, nr_irqs: 440, preallocated irqs: 16
[    0.688727] kernel: random: get_random_bytes called from start_kernel+0x22b/0x456 with crng_init=0
[    0.693085] kernel: Console: colour VGA+ 80x25
[    0.749369] kernelunlink FIFO failed: No such file or directory
executor 0 finishes userspace_cover_open
before receiving handshake request
[    0.000000] kernel: Linux version 5.15.0+ (tlyu@IC-RS3-DPC07) (gcc (Ubuntu 9.4.0-1ubuntu1~20.04.1) 9.4.0, GNU ld (GNU Binutils for Ubuntu) 2.34) #8 SMP Fri Jun 3 16:18:40 CEST 2022
[    0.000000] kernel: Command line: root=/dev/sda console=ttyS0 net.ifnames=0 ip=192.168.0.51
[    0.000000] kernel: x86/fpu: Supporting XSAVE feature 0x001: 'x87 floating point registers'
[    0.000000] kernel: x86/fpu: Supporting XSAVE feature 0x002: 'SSE registers'
[    0.000000] kernel: x86/fpu: Supporting XSAVE feature 0x004: 'AVX registers'
[    0.000000] kernel: x86/fpu: Supporting XSAVE feature 0x008: 'MPX bounds registers'
[    0.000000] kernel: x86/fpu: Supporting XSAVE feature 0x010: 'MPX CSR'
[    0.000000] kernel: x86/fpu: Supporting XSAVE feature 0x020: 'AVX-512 opmask'
[    0.000000] kernel: x86/fpu: Supporting XSAVE feature 0x040: 'AVX-512 Hi256'
[    0.000000] kernel: x86/fpu: Supporting XSAVE feature 0x080: 'AVX-512 ZMM_Hi256'
[    0.000000] kernel: x86/fpu: Supporting XSAVE feature 0x86/cpu: User Mode Instruction Prevention (UMIP) activated
[    0.764791] kernel: Last level iTLB entries: 4KB 0, 2MB 0, 4MB 0
[    0.765186] kernel: Last level dTLB entries: 4KB 0, 2MB 0, 4MB 0, 1GB 0
[    0.765709] kernel: Spectre V1 : Mitigation: usercopy/swapgs barriers and __user pointer sanitization
[    0.766323] kernel: Spectre V2 : Mitigation: Enhanced IBRS
[    0.766700] kernel: Spectre V2 : Spectre v2 / SpectreRSB mitigation: Filling RSB on context switch
[    0.767250] kernel: Spectre V2 : mitigation: Enabling conditional Indirect Branch Prediction Barrier
[    0.767703] kernel: Speculative Store Bypass: Mitigation: Speculative Store Bypass disabled via prctl and seccomp
[    0.788702] kernel: Freeing SMP alternatives memory: 40K
[    0.789189] kernel: smpboot: CPU0: 11th Gen Intel(R) Core(TM) i7-11700 @ 2.50GHz (family: 0x6, model: 0xa7, stepping: 0x1)
[    0.789697] kernel: Performance Events: Icelake events, 32-deep LBR, full-width counters, Intel PMU driver.
[    0.7902P 00000001 BXPC 00000001)
[    0.013076] kernel: ACPI: DSDT 0x00000000BFFE0040 00145D (v01 BOCHS  BXPCDSDT 00000001 BXPC 00000001)
[    0.013093] kernel: ACPI: FACS 0x00000000BFFE0000 000040
[    0.013107] kernel: ACPI: APIC 0x00000000BFFE1511 000080 (v01 BOCHS  BXPCAPIC 00000001 BXPC 00000001)
[    0.013124] kernel: ACPI: HPET 0x00000000BFFE1591 000038 (v01 BOCHS  BXPCHPET 00000001 BXPC 00000001)
[    0.013140] kernel: ACPI: Reserving FACP table memory at [mem 0xbffe149d-0xbffe1510]
[    0.013149] kernel: ACPI: Reserving DSDT table memory at [mem 0xbffe0040-0xbffe149c]
[    0.013156] kernel: ACPI: Reserving FACS table memory at [mem 0xbffe0000-0xbffe003f]
[    0.013163] kernel: ACPI: Reserving APIC table memory at [mem 0xbffe1511-0xbffe1590]
[    0.013171] kernel: ACPI: Reserving HPET table memory at [mem 0xbffe1591-0xbffe15c8]
[    0.013811] kernel: No NUMA configuration found
[    0.013817] kernel: Faking a node at [mem 0x0000000000000000-0x00000002bfffffff]
[    0.013831] kernel: : printk: console [ttyS0] enabled
[    0.749748] kernel: ACPI: Core revision 20210730
[    0.750273] kernel: clocksource: hpet: mask: 0xffffffff max_cycles: 0xffffffff, max_idle_ns: 19112604467 ns
[    0.751041] kernel: APIC: Switch to symmetric I/O mode setup
[    0.751429] kernel: kvm-guest: setup PV IPIs
[    0.752607] kernel: ..TIMER: vector=0x30 apic1=0 pin1=2 apic2=-1 pin2=-1
[    0.753125] kernel: clocksource: tsc-early: mask: 0xffffffffffffffff max_cycles: 0x23fa772cf26, max_idle_ns: 440795269835 ns
[    0.753956] kernel: Calibrating delay loop (skipped) preset value.. 4992.00 BogoMIPS (lpj=2496000)
[    0.754951] kernel: pid_max: default: 32768 minimum: 301
[    0.755959] kernel: LSM: Security Framework initializing
[    0.756330] kernel: SELinux:  Initializing.
[    0.756695] kernel: Mount-cache hash table entries: 32768 (order: 6, 262144 bytes, linear)
[    0.757187] kernel: Mountpoint-cache hash table entries: 32768 (order: 6, 262144 bytes, linear)
[    0.758568] kernel: x200: 'Protection Keys User registers'
[    0.000000] kernel: x86/fpu: xstate_offset[2]:  576, xstate_sizes[2]:  256
[    0.000000] kernel: x86/fpu: xstate_offset[3]:  832, xstate_sizes[3]:   64
[    0.000000] kernel: x86/fpu: xstate_offset[4]:  896, xstate_sizes[4]:   64
[    0.000000] kernel: x86/fpu: xstate_offset[5]:  960, xstate_sizes[5]:   64
[    0.000000] kernel: x86/fpu: xstate_offset[6]: 1024, xstate_sizes[6]:  512
[    0.000000] kernel: x86/fpu: xstate_offset[7]: 1536, xstate_sizes[7]: 1024
[    0.000000] kernel: x86/fpu: xstate_offset[9]: 2560, xstate_sizes[9]:    8
[    0.000000] kernel: x86/fpu: Enabled xstate features 0x2ff, context size is 2568 bytes, using 'compacted' format.
[    0.000000] kernel: signal: max sigframe size: 3632
[    0.000000] kernel: BIOS-provided physical RAM map:
[    0.000000] kernel: BIOS-e820: [mem 0x0000000000000000-0x000000000009fbff] usable
[    0.000000] kernel: BIOS-e820: [mem 0x000000000009fc00-0x000000000009ffff] reserved
[    0.000000] k88] kernel: ... version:                2
[    0.790557] kernel: ... bit width:              48
[    0.790701] kernel: ... generic registers:      8
[    0.790970] kernel: ... value mask:             0000ffffffffffff
[    0.791330] kernel: ... max period:             00007fffffffffff
[    0.791695] kernel: ... fixed-purpose events:   3
[    0.791983] kernel: ... event mask:             00000007000000ff
[    0.792533] kernel: rcu: Hierarchical SRCU implementation.
[    0.793902] kernel: smp: Bringing up secondary CPUs ...
[    0.794400] kernel: x86: Booting SMP configuration:
[    0.794679] kernel: .... node  #0, CPUs:      #1
[    0.068349] kernel: kvm-clock: cpu 1, msr 139958041, secondary cpu clock
[    0.068349] kernel: smpboot: CPU 1 Converting physical 0 to logical die 1
[    0.797732] kernel: kvm-guest: setup async PF for cpu 1
[    0.798039] kernel: kvm-guest: stealtime: cpu 1, msr 26531f140
[    0.798749] kernel: smp: Brought up 1 node, 2 CPUs
[    0.799049] kernel: smpboot: M86/cpu: User Mode Instruction Prevention (UMIP) activated
[    0.759044] kernel: Last level iTLB entries: 4KB 0, 2MB 0, 4MB 0
[    0.759460] kernel: Last level dTLB entries: 4KB 0, 2MB 0, 4MB 0, 1GB 0
[    0.759959] kernel: Spectre V1 : Mitigation: usercopy/swapgs barriers and __user pointer sanitization
[    0.760590] kernel: Spectre V2 : Mitigation: Enhanced IBRS
[    0.760951] kernel: Spectre V2 : Spectre v2 / SpectreRSB mitigation: Filling RSB on context switch
[    0.761489] kernel: Spectre V2 : mitigation: Enabling conditional Indirect Branch Prediction Barrier
[    0.761954] kernel: Speculative Store Bypass: Mitigation: Speculative Store Bypass disabled via prctl and seccomp
[    0.782767] kernel: Freeing SMP alternatives memory: 40K
[    0.783093] kernel: smpboot: CPU0: 11th Gen Intel(R) Core(TM) i7-11700 @ 2.50GHz (family: 0x6, model: 0xa7, stepping: 0x1)
[    0.783949] kernel: Performance Events: Icelake events, 32-deep LBR, full-width counters, Intel PMU driver.
[    0.7846NODE_DATA(0) allocated [mem 0x2bfffa000-0x2bfffdfff]
[    0.013892] kernel: Zone ranges:
[    0.013896] kernel:   DMA      [mem 0x0000000000001000-0x0000000000ffffff]
[    0.013906] kernel:   DMA32    [mem 0x0000000001000000-0x00000000ffffffff]
[    0.013914] kernel:   Normal   [mem 0x0000000100000000-0x00000002bfffffff]
[    0.013923] kernel: Movable zone start for each node
[    0.013927] kernel: Early memory node ranges
[    0.013931] kernel:   node   0: [mem 0x0000000000001000-0x000000000009efff]
[    0.013938] kernel:   node   0: [mem 0x0000000000100000-0x00000000bffdffff]
[    0.013946] kernel:   node   0: [mem 0x0000000100000000-0x00000002bfffffff]
[    0.013956] kernel: Initmem setup node 0 [mem 0x0000000000001000-0x00000002bfffffff]
[    0.014168] kernel: On node 0, zone DMA: 1 pages in unavailable ranges
[    0.014223] kernel: On node 0, zone DMA: 97 pages in unavailable ranges
[    0.063715] kernel: On node 0, zone Normal: 32 pages in unavailable ranges
[    0.250145] kerneernel: BIOS-e820: [mem 0x00000000000f0000-0x00000000000fffff] reserved
[    0.000000] kernel: BIOS-e820: [mem 0x0000000000100000-0x00000000bffdcfff] usable
[    0.000000] kernel: BIOS-e820: [mem 0x00000000bffdd000-0x00000000bfffffff] reserved
[    0.000000] kernel: BIOS-e820: [mem 0x00000000feffc000-0x00000000feffffff] reserved
[    0.000000] kernel: BIOS-e820: [mem 0x00000000fffc0000-0x00000000ffffffff] reserved
[    0.000000] kernel: BIOS-e820: [mem 0x0000000100000000-0x00000002bfffffff] usable
[    0.000000] kernel: NX (Execute Disable) protection: active
[    0.000000] kernel: SMBIOS 2.8 present.
[    0.000000] kernel: DMI: QEMU Standard PC (i440FX + PIIX, 1996), BIOS 1.13.0-1ubuntu1.1 04/01/2014
[    0.000000] kernel: Hypervisor detected: KVM
[    0.000000] kernel: kvm-clock: Using msrs 4b564d01 and 4b564d00
[    0.000000] kernel: kvm-clock: cpu 0, msr 99f58001, primary cpu clock
[    0.000002] kernel: kvm-clock: using sched offset of 340998009 cycles
[    0.000011] kernel: clockl: kasan: KernelAddressSanitizer initialized
[    0.250493] kernel: ACPI: PM-Timer IO Port: 0x608
[    0.250517] kernel: ACPI: LAPIC_NMI (acpi_id[0xff] dfl dfl lint[0x1])
[    0.250568] kernel: IOAPIC[0]: apic_id 0, version 17, address 0xfec00000, GSI 0-23
[    0.250584] kernel: ACPI: INT_SRC_OVR (bus 0 bus_irq 0 global_irq 2 dfl dfl)
[    0.250597] kernel: ACPI: INT_SRC_OVR (bus 0 bus_irq 5 global_irq 5 high level)
[    0.250608] kernel: ACPI: INT_SRC_OVR (bus 0 bus_irq 9 global_irq 9 high level)
[    0.250619] kernel: ACPI: INT_SRC_OVR (bus 0 bus_irq 10 global_irq 10 high level)
[    0.250630] kernel: ACPI: INT_SRC_OVR (bus 0 bus_irq 11 global_irq 11 high level)
[    0.250649] kernel: ACPI: Using ACPI (MADT) for SMP configuration information
[    0.250656] kernel: ACPI: HPET id: 0x8086a201 base: 0xfed00000
[    0.250670] kernel: TSC deadline timer available
[    0.250677] kernel: smpboot: Allowing 2 CPUs, 0 hotplug CPUs
[    0.250721] kernel: kvm-guest: KVM setup pv remote TLB flushmount of binder at /dev/binderfs failed: 19
mkdir(/syzcgroup/unified/syz0) failed: 2
14] kernel: ... version:                2
[    0.784895] kernel: ... bit width:              48
[    0.784952] kernel: ... generic registers:      8
[    0.785220] kernel: ... value mask:             0000ffffffffffff
[    0.785570] kernel: ... max period:             00007fffffffffff
[    0.785915] kernel: ... fixed-purpose events:   3
[    0.785951] kernel: ... event mask:             00000007000000ff
[    0.786477] kernel: rcu: Hierarchical SRCU implementation.
[    0.788019] kernel: smp: Bringing up secondary CPUs ...
[    0.788530] kernel: x86: Booting SMP configuration:
[    0.788837] kernel: .... node  #0, CPUs:      #1
[    0.065343] kernel: kvm-clock: cpu 1, msr 156b58041, secondary cpu clock
[    0.065343] kernel: smpboot: CPU 1 Converting physical 0 to logical die 1
[    0.790976] kernel: kvm-guest: setup async PF for cpu 1
[    0.791306] kernel: kvm-guest: stealtime: cpu 1, msr 26531f140
[    0.791694] kernel: smp: Brought up 1 node, 2 CPUs
[    0.791957] kernel: smpboot: Mmkdir(/syzcgroup/cpu/syz0) failed: 2
mkdir(/syzcgroup/net/syz0) failed: 2
executor 2 handshake send reply badf00d 10
source: kvm-clock: mask: 0xffffffffffffffff max_cycles: 0x1cd42e4dffb, max_idle_ns: 881590591483 ns
[    0.000026] kernel: tsc: Detected 2496.000 MHz processor
[    0.005834] kernel: e820: update [mem 0x00000000-0x00000fff] usable ==> reserved
[    0.005860] kernel: e820: remove [mem 0x000a0000-0x000fffff] usable
[    0.005879] kernel: last_pfn = 0x2c0000 max_arch_pfn = 0x400000000
[    0.005947] kernel: x86/PAT: Configuration [0-7]: WB  WC  UC- UC  WB  WP  UC- WT  
[    0.005960] kernel: last_pfn = 0xbffdd max_arch_pfn = 0x400000000
[    0.013475] kernel: found SMP MP-table at [mem 0x000f5c70-0x000f5c7f]
[    0.013580] kernel: Using GB pages for direct mapping
[    0.014992] kernel: ACPI: Early table checksum verification disabled
[    0.015030] kernel: ACPI: RSDP 0x00000000000F5A40 000014 (v00 BOCHS )
[    0.015060] kernel: ACPI: RSDT 0x00000000BFFE15C9 000030 (v01 BOCHS  BXPCRSDT 00000001 BXPC 00000001)
[    0.015089] kernel: ACPI: FACP 0x00000000BFFE149D 000074 (v01 BOCHS  BXPCFAC
[    0.250730] kernel: kvm-guest: setup PV sched yield
[    0.250769] kernel: PM: hibernation: Registered nosave memory: [mem 0x00000000-0x00000fff]
[    0.250782] kernel: PM: hibernation: Registered nosave memory: [mem 0x0009f000-0x0009ffff]
[    0.250790] kernel: PM: hibernation: Registered nosave memory: [mem 0x000a0000-0x000effff]
[    0.250798] kernel: PM: hibernation: Registered nosave memory: [mem 0x000f0000-0x000fffff]
[    0.250810] kernel: PM: hibernation: Registered nosave memory: [mem 0xbffe0000-0xbfffffff]
[    0.250818] kernel: PM: hibernation: Registered nosave memory: [mem 0xc0000000-0xfeffbfff]
[    0.250827] kernel: PM: hibernation: Registered nosave memory: [mem 0xfeffc000-0xfeffffff]
[    0.250835] kernel: PM: hibernation: Registered nosave memory: [mem 0xff000000-0xfffbffff]
[    0.250843] kernel: PM: hibernation: Registered nosave memory: [mem 0xfffc0000-0xffffffff]
[    0.250854] kernel: [mem 0xc0000000-0xfeffbfff] available for PCI devices
[    0.250862] kerneax logical packages: 2
[    0.792287] kernel: smpboot: Total of 2 processors activated (9984.00 BogoMIPS)
[    0.793495] kernel: devtmpfs: initialized
[    0.797979] kernel: clocksource: jiffies: mask: 0xffffffff max_cycles: 0xffffffff, max_idle_ns: 1911260446275000 ns
[    0.798760] kernel: futex hash table entries: 512 (order: 3, 32768 bytes, linear)
[    0.799204] kernel: PM: RTC time: 12:46:39, date: 2023-01-25
[    0.799915] kernel: NET: Registered PF_NETLINK/PF_ROUTE protocol family
[    0.800528] kernel: audit: initializing netlink subsys (disabled)
[    0.801008] kernel: audit: type=2000 audit(1674650799.328:1): state=initialized audit_enabled=0 res=1
[    0.801469] kernel: thermal_sys: Registered thermal governor 'step_wise'
[    0.801604] kernel: thermal_sys: Registered thermal governor 'user_space'
[    0.802018] kernel: cpuidle: using governor menu
[    0.802970] kernel: ACPI: bus type PCI registered
[    0.803547] kernel: PCI: Using configuration type 1 for base access
[ P 00000001 BXPC 00000001)
[    0.015117] kernel: ACPI: DSDT 0x00000000BFFE0040 00145D (v01 BOCHS  BXPCDSDT 00000001 BXPC 00000001)
[    0.015140] kernel: ACPI: FACS 0x00000000BFFE0000 000040
[    0.015156] kernel: ACPI: APIC 0x00000000BFFE1511 000080 (v01 BOCHS  BXPCAPIC 00000001 BXPC 00000001)
[    0.015179] kernel: ACPI: HPET 0x00000000BFFE1591 000038 (v01 BOCHS  BXPCHPET 00000001 BXPC 00000001)
[    0.015199] kernel: ACPI: Reserving FACP table memory at [mem 0xbffe149d-0xbffe1510]
[    0.015209] kernel: ACPI: Reserving DSDT table memory at [mem 0xbffe0040-0xbffe149c]
[    0.015218] kernel: ACPI: Reserving FACS table memory at [mem 0xbffe0000-0xbffe003f]
[    0.015228] kernel: ACPI: Reserving APIC table memory at [mem 0xbffe1511-0xbffe1590]
[    0.015237] kernel: ACPI: Reserving HPET table memory at [mem 0xbffe1591-0xbffe15c8]
[    0.016113] kernel: No NUMA configuration found
[    0.016124] kernel: Faking a node at [mem 0x0000000000000000-0x00000002bfffffff]
[    0.016142] kernel: l: Booting paravirtualized kernel on KVM
[    0.250871] kernel: clocksource: refined-jiffies: mask: 0xffffffff max_cycles: 0xffffffff, max_idle_ns: 1910969940391419 ns
[    0.264578] kernel: setup_percpu: NR_CPUS:64 nr_cpumask_bits:64 nr_cpu_ids:2 nr_node_ids:1
[    0.265005] kernel: percpu: Embedded 56 pages/cpu s191576 r8192 d29608 u1048576
[    0.265042] kernel: pcpu-alloc: s191576 r8192 d29608 u1048576 alloc=1*2097152
[    0.265058] kernel: pcpu-alloc: [0] 0 1 
[    0.265150] kernel: kvm-guest: setup async PF for cpu 0
[    0.265161] kernel: kvm-guest: stealtime: cpu 0, msr 26521f140
[    0.265173] kernel: Built 1 zonelists, mobility grouping on.  Total pages: 2580192
[    0.265183] kernel: Policy zone: Normal
[    0.265189] kernel: Kernel command line: root=/dev/sda console=ttyS0 net.ifnames=0 ip=192.168.0.53
[    0.268188] kernel: Dentry cache hash table entries: 2097152 (order: 12, 16777216 bytes, linear)
[    0.270107] kernel: Inode-cache hash table entries: 1048576 (order: 11   0.819699] kernel: Kprobes globally optimized
[    0.820061] kernel: HugeTLB registered 2.00 MiB page size, pre-allocated 0 pages
[    0.820586] kernel: cryptomgr_test (26) used greatest stack depth: 30608 bytes left
[    0.822057] kernel: ACPI: Added _OSI(Module Device)
[    0.822365] kernel: ACPI: Added _OSI(Processor Device)
[    0.823136] kernel: ACPI: Added _OSI(3.0 _SCP Extensions)
[    0.823466] kernel: ACPI: Added _OSI(Processor Aggregator Device)
[    0.823958] kernel: ACPI: Added _OSI(Linux-Dell-Video)
[    0.824303] kernel: ACPI: Added _OSI(Linux-Lenovo-NV-HDMI-Audio)
[    0.824674] kernel: ACPI: Added _OSI(Linux-HPI-Hybrid-Graphics)
[    0.837501] kernel: ACPI: 1 ACPI AML tables successfully acquired and loaded
[    0.841257] kernel: ACPI: Interpreter enabled
[    0.841613] kernel: ACPI: PM: (supports S0 S3 S4 S5)
[    0.841926] kernel: ACPI: Using IOAPIC for interrupt routing
[    0.842012] kernel: PCI: Using host bridge windows from ACPI; if necessary, use "pci=nocrs" , 8388608 bytes, linear)
[    0.270220] kernel: mem auto-init: stack:off, heap alloc:off, heap free:off
[    0.530027] kernel: Memory: 8818316K/10485240K available (47117K kernel code, 10298K rwdata, 7204K rodata, 2068K init, 2860K bss, 1666668K reserved, 0K cma-reserved)
[    0.530229] kernel: SLUB: HWalign=64, Order=0-3, MinObjects=0, CPUs=2, Nodes=1
[    0.532301] kernel: rcu: Hierarchical RCU implementation.
[    0.532321] kernel: rcu:         RCU event tracing is enabled.
[    0.532325] kernel: rcu:         RCU restricting CPUs from NR_CPUS=64 to nr_cpu_ids=2.
[    0.532337] kernel: rcu: RCU calculated value of scheduler-enlistment delay is 100 jiffies.
[    0.532343] kernel: rcu: Adjusting geometry for rcu_fanout_leaf=16, nr_cpu_ids=2
[    0.539152] kernel: NR_IRQS: 4352, nr_irqs: 440, preallocated irqs: 16
[    0.539520] kernel: random: get_random_bytes called from start_kernel+0x22b/0x456 with crng_init=0
[    0.542898] kernel: Console: colour VGA+ 80x25
[    0.607658] kernel:and report a bug
[    0.843533] kernel: ACPI: Enabled 2 GPEs in block 00 to 0F
[    0.869733] kernel: ACPI: PCI Root Bridge [PCI0] (domain 0000 [bus 00-ff])
[    0.869971] kernel: acpi PNP0A03:00: _OSC: OS supports [ASPM ClockPM Segments MSI HPX-Type3]
[    0.870573] kernel: acpi PNP0A03:00: fail to add MMCONFIG information, can't access extended PCI configuration space under this bridge.
[    0.871209] kernel: PCI host bridge to bus 0000:00
[    0.871522] kernel: pci_bus 0000:00: root bus resource [io  0x0000-0x0cf7 window]
[    0.871956] kernel: pci_bus 0000:00: root bus resource [io  0x0d00-0xffff window]
[    0.872427] kernel: pci_bus 0000:00: root bus resource [mem 0x000a0000-0x000bffff window]
[    0.872936] kernel: pci_bus 0000:00: root bus resource [mem 0xc0000000-0xfebfffff window]
[    0.872956] kernel: pci_bus 0000:00: root bus resource [mem 0x2c0000000-0x33fffffff window]
[    0.873477] kernel: pci_bus 0000:00: root bus resource [bus 00-ff]
[    0.875097] kernel: pci 0000:NODE_DATA(0) allocated [mem 0x2bfffa000-0x2bfffdfff]
[    0.016235] kernel: Zone ranges:
[    0.016241] kernel:   DMA      [mem 0x0000000000001000-0x0000000000ffffff]
[    0.016254] kernel:   DMA32    [mem 0x0000000001000000-0x00000000ffffffff]
[    0.016265] kernel:   Normal   [mem 0x0000000100000000-0x00000002bfffffff]
[    0.016276] kernel: Movable zone start for each node
[    0.016281] kernel: Early memory node ranges
[    0.016286] kernel:   node   0: [mem 0x0000000000001000-0x000000000009efff]
[    0.016296] kernel:   node   0: [mem 0x0000000000100000-0x00000000bffdcfff]
[    0.016306] kernel:   node   0: [mem 0x0000000100000000-0x00000002bfffffff]
[    0.016319] kernel: Initmem setup node 0 [mem 0x0000000000001000-0x00000002bfffffff]
[    0.018674] kernel: On node 0, zone DMA: 1 pages in unavailable ranges
[    0.018761] kernel: On node 0, zone DMA: 97 pages in unavailable ranges
[    0.089280] kernel: On node 0, zone Normal: 35 pages in unavailable ranges
[    0.447211] kerne printk: console [ttyS0] enabled
[    0.608127] kernel: ACPI: Core revision 20210730
[    0.608846] kernel: clocksource: hpet: mask: 0xffffffff max_cycles: 0xffffffff, max_idle_ns: 19112604467 ns
[    0.609892] kernel: APIC: Switch to symmetric I/O mode setup
[    0.610440] kernel: kvm-guest: setup PV IPIs
[    0.611888] kernel: ..TIMER: vector=0x30 apic1=0 pin1=2 apic2=-1 pin2=-1
[    0.612616] kernel: clocksource: tsc-early: mask: 0xffffffffffffffff max_cycles: 0x23fa772cf26, max_idle_ns: 440795269835 ns
[    0.613751] kernel: Calibrating delay loop (skipped) preset value.. 4992.00 BogoMIPS (lpj=2496000)
[    0.614745] kernel: pid_max: default: 32768 minimum: 301
[    0.615886] kernel: LSM: Security Framework initializing
[    0.616338] kernel: SELinux:  Initializing.
[    0.616889] kernel: Mount-cache hash table entries: 32768 (order: 6, 262144 bytes, linear)
[    0.618226] kernel: Mountpoint-cache hash table entries: 32768 (order: 6, 262144 bytes, linear)
[    0.620306] kernel: x800:00.0: [8086:1237] type 00 class 0x060000
[    0.877481] kernel: pci 0000:00:01.0: [8086:7000] type 00 class 0x060100
[    0.879414] kernel: pci 0000:00:01.1: [8086:7010] type 00 class 0x010180
[    0.881448] kernel: pci 0000:00:01.1: reg 0x20: [io  0xc0c0-0xc0cf]
[    0.882476] kernel: pci 0000:00:01.1: legacy IDE quirk: reg 0x10: [io  0x01f0-0x01f7]
[    0.882955] kernel: pci 0000:00:01.1: legacy IDE quirk: reg 0x14: [io  0x03f6]
[    0.883395] kernel: pci 0000:00:01.1: legacy IDE quirk: reg 0x18: [io  0x0170-0x0177]
[    0.883913] kernel: pci 0000:00:01.1: legacy IDE quirk: reg 0x1c: [io  0x0376]
[    0.885963] kernel: pci 0000:00:01.3: [8086:7113] type 00 class 0x068000
[    0.886668] kernel: pci 0000:00:01.3: quirk: [io  0x0600-0x063f] claimed by PIIX4 ACPI
[    0.886961] kernel: pci 0000:00:01.3: quirk: [io  0x0700-0x070f] claimed by PIIX4 SMB
[    0.889264] kernel: pci 0000:00:02.0: [1234:1111] type 00 class 0x030000
[    0.890250] kernel: pci 0000:00:02.0: reg 0x10: [mem 0xfl: kasan: KernelAddressSanitizer initialized
[    0.447555] kernel: ACPI: PM-Timer IO Port: 0x608
[    0.447577] kernel: ACPI: LAPIC_NMI (acpi_id[0xff] dfl dfl lint[0x1])
[    0.447624] kernel: IOAPIC[0]: apic_id 0, version 17, address 0xfec00000, GSI 0-23
[    0.447639] kernel: ACPI: INT_SRC_OVR (bus 0 bus_irq 0 global_irq 2 dfl dfl)
[    0.447651] kernel: ACPI: INT_SRC_OVR (bus 0 bus_irq 5 global_irq 5 high level)
[    0.447661] kernel: ACPI: INT_SRC_OVR (bus 0 bus_irq 9 global_irq 9 high level)
[    0.447671] kernel: ACPI: INT_SRC_OVR (bus 0 bus_irq 10 global_irq 10 high level)
[    0.447681] kernel: ACPI: INT_SRC_OVR (bus 0 bus_irq 11 global_irq 11 high level)
[    0.447699] kernel: ACPI: Using ACPI (MADT) for SMP configuration information
[    0.447706] kernel: ACPI: HPET id: 0x8086a201 base: 0xfed00000
[    0.447719] kernel: TSC deadline timer available
[    0.447726] kernel: smpboot: Allowing 2 CPUs, 0 hotplug CPUs
[    0.447768] kernel: kvm-guest: KVM setup pv remote TLB flush6/cpu: User Mode Instruction Prevention (UMIP) activated
[    0.620881] kernel: Last level iTLB entries: 4KB 0, 2MB 0, 4MB 0
[    0.621330] kernel: Last level dTLB entries: 4KB 0, 2MB 0, 4MB 0, 1GB 0
[    0.621759] kernel: Spectre V1 : Mitigation: usercopy/swapgs barriers and __user pointer sanitization
[    0.622759] kernel: Spectre V2 : Mitigation: Enhanced IBRS
[    0.623170] kernel: Spectre V2 : Spectre v2 / SpectreRSB mitigation: Filling RSB on context switch
[    0.623764] kernel: Spectre V2 : mitigation: Enabling conditional Indirect Branch Prediction Barrier
[    0.624749] kernel: Speculative Store Bypass: Mitigation: Speculative Store Bypass disabled via prctl and seccomp
[    0.650738] kernel: Freeing SMP alternatives memory: 40K
[    0.650738] kernel: smpboot: CPU0: 11th Gen Intel(R) Core(TM) i7-11700 @ 2.50GHz (family: 0x6, model: 0xa7, stepping: 0x1)
[    0.650969] kernel: Performance Events: Icelake events, 32-deep LBR, full-width counters, Intel PMU driver.
[    0.65250ax logical packages: 2
[    0.799351] kernel: smpboot: Total of 2 processors activated (9984.00 BogoMIPS)
[    0.800321] kernel: devtmpfs: initialized
[    0.804021] kernel: clocksource: jiffies: mask: 0xffffffff max_cycles: 0xffffffff, max_idle_ns: 1911260446275000 ns
[    0.804705] kernel: futex hash table entries: 512 (order: 3, 32768 bytes, linear)
[    0.805407] kernel: PM: RTC time: 12:46:39, date: 2023-01-25
[    0.806022] kernel: NET: Registered PF_NETLINK/PF_ROUTE protocol family
[    0.806982] kernel: audit: initializing netlink subsys (disabled)
[    0.807407] kernel: audit: type=2000 audit(1674650799.325:1): state=initialized audit_enabled=0 res=1
[    0.808203] kernel: thermal_sys: Registered thermal governor 'step_wise'
[    0.808312] kernel: thermal_sys: Registered thermal governor 'user_space'
[    0.808762] kernel: cpuidle: using governor menu
[    0.809703] kernel: ACPI: bus type PCI registered
[    0.810282] kernel: PCI: Using configuration type 1 for base access
[ d000000-0xfdffffff pref]
[    0.891926] kernel: pci 0000:00:02.0: reg 0x18: [mem 0xfeb90000-0xfeb90fff]
[    0.894754] kernel: pci 0000:00:02.0: reg 0x30: [mem 0xfeb80000-0xfeb8ffff pref]
[    0.896914] kernel: pci 0000:00:03.0: [1af4:1005] type 00 class 0x00ff00
[    0.897403] kernel: pci 0000:00:03.0: reg 0x10: [io  0xc080-0xc09f]
[    0.899422] kernel: pci 0000:00:03.0: reg 0x20: [mem 0xfe200000-0xfe203fff 64bit pref]
[    0.902220] kernel: pci 0000:00:04.0: [1af4:1000] type 00 class 0x020000
[    0.903449] kernel: pci 0000:00:04.0: reg 0x10: [io  0xc0a0-0xc0bf]
[    0.904955] kernel: pci 0000:00:04.0: reg 0x14: [mem 0xfeb91000-0xfeb91fff]
[    0.906955] kernel: pci 0000:00:04.0: reg 0x20: [mem 0xfe204000-0xfe207fff 64bit pref]
[    0.907955] kernel: pci 0000:00:04.0: reg 0x30: [mem 0xfeb00000-0xfeb7ffff pref]
[    0.910551] kernel: pci 0000:00:05.0: [1af4:1001] type 00 class 0x010000
[    0.911633] kernel: pci 0000:00:05.0: reg 0x10: [io  0xc000-0xc07f]
[    0.912594] kernel: pci executor 1 finishes userspace_cover_open
before receiving handshake request

[    0.447777] kernel: kvm-guest: setup PV sched yield
[    0.447812] kernel: PM: hibernation: Registered nosave memory: [mem 0x00000000-0x00000fff]
[    0.447824] kernel: PM: hibernation: Registered nosave memory: [mem 0x0009f000-0x0009ffff]
[    0.447831] kernel: PM: hibernation: Registered nosave memory: [mem 0x000a0000-0x000effff]
[    0.447839] kernel: PM: hibernation: Registered nosave memory: [mem 0x000f0000-0x000fffff]
[    0.447850] kernel: PM: hibernation: Registered nosave memory: [mem 0xbffdd000-0xbfffffff]
[    0.447857] kernel: PM: hibernation: Registered nosave memory: [mem 0xc0000000-0xfeffbfff]
[    0.447865] kernel: PM: hibernation: Registered nosave memory: [mem 0xfeffc000-0xfeffffff]
[    0.447873] kernel: PM: hibernation: Registered nosave memory: [mem 0xff000000-0xfffbffff]
[    0.447880] kernel: PM: hibernation: Registered nosave memory: [mem 0xfffc0000-0xffffffff]
[    0.447890] kernel: [mem 0xc0000000-0xfeffbfff] available for PCI devices
[    0.447898] kernereq.flags ea3
----- executor 1 do_sandbox_none at begining
----- executor 1 do_sandbox_none before fork()
0000:00:05.0: reg 0x14: [mem 0xfeb92000-0xfeb92fff]
[    0.915620] kernel: pci 0000:00:05.0: reg 0x20: [mem 0xfe208000-0xfe20bfff 64bit pref]
[    0.918678] kernel: pci 0000:00:10.0: [1af4:1110] type 00 class 0x050000
[    0.919575] kernel: pci 0000:00:10.0: reg 0x10: [mem 0xfeb93000-0xfeb930ff]
[    0.920962] kernel: pci 0000:00:10.0: reg 0x18: [mem 0xfe000000-0xfe0fffff 64bit pref]
[    0.924892] kernel: pci 0000:00:11.0: [1af4:1110] type 00 class 0x050000
[    0.925540] kernel: pci 0000:00:11.0: reg 0x10: [mem 0xfeb94000-0xfeb940ff]
[    0.926958] kernel: pci 0000:00:11.0: reg 0x18: [mem 0xfe100000-0xfe1fffff 64bit pref]
[    0.932935] kernel: ACPI: PCI: Interrupt link LNKA configured for IRQ 10
[    0.933728] kernel: ACPI: PCI: Interrupt link LNKB configured for IRQ 10
[    0.934704] kernel: ACPI: PCI: Interrupt link LNKC configured for IRQ 11
[    0.935719] kernel: ACPI: PCI: Interrupt link LNKD configured for IRQ 11
[    0.936279] kernel: ACPI: PCI: Interrupt link LNKS configure   0.826357] kernel: Kprobes globally optimized
[    0.826824] kernel: HugeTLB registered 2.00 MiB page size, pre-allocated 0 pages
[    0.827307] kernel: cryptomgr_test (26) used greatest stack depth: 30608 bytes left
[    0.829898] kernel: ACPI: Added _OSI(Module Device)
[    0.830087] kernel: ACPI: Added _OSI(Processor Device)
[    0.830403] kernel: ACPI: Added _OSI(3.0 _SCP Extensions)
[    0.830702] kernel: ACPI: Added _OSI(Processor Aggregator Device)
[    0.831094] kernel: ACPI: Added _OSI(Linux-Dell-Video)
[    0.831433] kernel: ACPI: Added _OSI(Linux-Lenovo-NV-HDMI-Audio)
[    0.831704] kernel: ACPI: Added _OSI(Linux-HPI-Hybrid-Graphics)
[    0.844137] kernel: ACPI: 1 ACPI AML tables successfully acquired and loaded
[    0.848147] kernel: ACPI: Interpreter enabled
[    0.848492] kernel: ACPI: PM: (supports S0 S3 S4 S5)
[    0.848702] kernel: ACPI: Using IOAPIC for interrupt routing
[    0.849129] kernel: PCI: Using host bridge windows from ACPI; if necessary, use "pci=nocrs" d for IRQ 9
[    0.938299] kernel: iommu: Default domain type: Translated 
[    0.938658] kernel: iommu: DMA domain TLB invalidation policy: lazy mode 
[    0.939028] kernel: pci 0000:00:02.0: vgaarb: setting as boot VGA device
[    0.939408] kernel: pci 0000:00:02.0: vgaarb: VGA device added: decodes=io+mem,owns=io+mem,locks=none
[    0.939966] kernel: pci 0000:00:02.0: vgaarb: bridge control possible
[    0.940354] kernel: vgaarb: loaded
[    0.940982] kernel: SCSI subsystem initialized
[    0.941324] kernel: libata version 3.00 loaded.
[    0.941324] kernel: ACPI: bus type USB registered
[    0.941510] kernel: usbcore: registered new interface driver usbfs
[    0.942003] kernel: usbcore: registered new interface driver hub
[    0.942416] kernel: usbcore: registered new device driver usb
[    0.942867] kernel: pps_core: LinuxPPS API ver. 1 registered
[    0.942953] kernel: pps_core: Software ver. 5.3.6 - Copyright 2005-2007 Rodolfo Giometti <giometti@linux.it>
[    0.943595] kernel:spawned loop pid 342
l: Booting paravirtualized kernel on KVM
[    0.447906] kernel: clocksource: refined-jiffies: mask: 0xffffffff max_cycles: 0xffffffff, max_idle_ns: 1910969940391419 ns
[    0.460671] kernel: setup_percpu: NR_CPUS:64 nr_cpumask_bits:64 nr_cpu_ids:2 nr_node_ids:1
[    0.461308] kernel: percpu: Embedded 56 pages/cpu s191576 r8192 d29608 u1048576
[    0.461343] kernel: pcpu-alloc: s191576 r8192 d29608 u1048576 alloc=1*2097152
[    0.461358] kernel: pcpu-alloc: [0] 0 1 
[    0.461449] kernel: kvm-guest: setup async PF for cpu 0
[    0.461460] kernel: kvm-guest: stealtime: cpu 0, msr 26521f140
[    0.461472] kernel: Built 1 zonelists, mobility grouping on.  Total pages: 2580189
[    0.461481] kernel: Policy zone: Normal
[    0.461488] kernel: Kernel command line: root=/dev/sda console=ttyS0 net.ifnames=0 ip=192.168.0.51
[    0.465603] kernel: Dentry cache hash table entries: 2097152 (order: 12, 16777216 bytes, linear)
[    0.467063] kernel: Inode-cache hash table entries: 1048576 (order: 11 PTP clock support registered
[    0.944125] kernel: Advanced Linux Sound Architecture Driver Initialized.
[    0.945185] kernel: NetLabel: Initializing
[    0.945433] kernel: NetLabel:  domain hash size = 128
[    0.945736] kernel: NetLabel:  protocols = UNLABELED CIPSOv4 CALIPSO
[    0.946025] kernel: NetLabel:  unlabeled traffic allowed by default
[    0.946518] kernel: PCI: Using ACPI for IRQ routing
[    0.946518] kernel: PCI: pci_cache_line_size set to 64 bytes
[    0.947006] kernel: e820: reserve RAM buffer [mem 0x0009fc00-0x0009ffff]
[    0.947019] kernel: e820: reserve RAM buffer [mem 0xbffdd000-0xbfffffff]
[    0.947170] kernel: hpet0: at MMIO 0xfed00000, IRQs 2, 8, 0
[    0.947556] kernel: hpet0: 3 comparators, 64-bit 100.000000 MHz counter
[    0.954042] kernel: clocksource: Switched to clocksource kvm-clock
[    1.041971] kernel: VFS: Disk quotas dquot_6.6.0
[    1.042281] kernel: VFS: Dquot-cache hash table entries: 512 (order 0, 4096 bytes)
[    1.042885] kernel: pnp: P, 8388608 bytes, linear)
[    0.467168] kernel: mem auto-init: stack:off, heap alloc:off, heap free:off
[    0.688162] kernel: Memory: 8818304K/10485228K available (47117K kernel code, 10298K rwdata, 7204K rodata, 2068K init, 2860K bss, 1666668K reserved, 0K cma-reserved)
[    0.688358] kernel: SLUB: HWalign=64, Order=0-3, MinObjects=0, CPUs=2, Nodes=1
[    0.688856] kernel: rcu: Hierarchical RCU implementation.
[    0.688863] kernel: rcu:         RCU event tracing is enabled.
[    0.688868] kernel: rcu:         RCU restricting CPUs from NR_CPUS=64 to nr_cpu_ids=2.
[    0.688876] kernel: rcu: RCU calculated value of scheduler-enlistment delay is 100 jiffies.
[    0.688883] kernel: rcu: Adjusting geometry for rcu_fanout_leaf=16, nr_cpu_ids=2
[    0.695807] kernel: NR_IRQS: 4352, nr_irqs: 440, preallocated irqs: 16
[    0.696141] kernel: random: get_random_bytes called from start_kernel+0x22b/0x456 with crng_init=0
[    0.699785] kernel: Console: colour VGA+ 80x25
[    0.761145] kernel:and report a bug
[    0.850604] kernel: ACPI: Enabled 2 GPEs in block 00 to 0F
[    0.876703] kernel: ACPI: PCI Root Bridge [PCI0] (domain 0000 [bus 00-ff])
[    0.877151] kernel: acpi PNP0A03:00: _OSC: OS supports [ASPM ClockPM Segments MSI HPX-Type3]
[    0.877786] kernel: acpi PNP0A03:00: fail to add MMCONFIG information, can't access extended PCI configuration space under this bridge.
[    0.878820] kernel: PCI host bridge to bus 0000:00
[    0.879109] kernel: pci_bus 0000:00: root bus resource [io  0x0000-0x0cf7 window]
[    0.879616] kernel: pci_bus 0000:00: root bus resource [io  0x0d00-0xffff window]
[    0.879709] kernel: pci_bus 0000:00: root bus resource [mem 0x000a0000-0x000bffff window]
[    0.880260] kernel: pci_bus 0000:00: root bus resource [mem 0xc0000000-0xfebfffff window]
[    0.880709] kernel: pci_bus 0000:00: root bus resource [mem 0x2c0000000-0x33fffffff window]
[    0.881434] kernel: pci_bus 0000:00: root bus resource [bus 00-ff]
[    0.882921] kernel: pci 0000:nP ACPI init
[    1.043701] kernel: pnp 00:03: [dma 2]
[    1.045870] kernel: pnp: PnP ACPI: found 6 devices
[    1.057755] kernel: clocksource: acpi_pm: mask: 0xffffff max_cycles: 0xffffff, max_idle_ns: 2085701024 ns
[    1.058395] kernel: NET: Registered PF_INET protocol family
[    1.059071] kernel: IP idents hash table entries: 262144 (order: 9, 2097152 bytes, linear)
[    1.061816] kernel: tcp_listen_portaddr_hash hash table entries: 8192 (order: 5, 131072 bytes, linear)
[    1.062445] kernel: TCP established hash table entries: 131072 (order: 8, 1048576 bytes, linear)
[    1.063903] kernel: TCP bind hash table entries: 65536 (order: 8, 1048576 bytes, linear)
[    1.065034] kernel: TCP: Hash tables configured (established 131072 bind 65536)
[    1.065742] kernel: UDP hash table entries: 8192 (order: 6, 262144 bytes, linear)
[    1.066279] kernel: UDP-Lite hash table entries: 8192 (order: 6, 262144 bytes, linear)
[    1.066985] kernel: NET: Registered PF_UNIX/PF_LOCAL protocol fam00:00.0: [8086:1237] type 00 class 0x060000
[    0.885283] kernel: pci 0000:00:01.0: [8086:7000] type 00 class 0x060100
[    0.887116] kernel: pci 0000:00:01.1: [8086:7010] type 00 class 0x010180
[    0.889022] kernel: pci 0000:00:01.1: reg 0x20: [io  0xc0c0-0xc0cf]
[    0.890056] kernel: pci 0000:00:01.1: legacy IDE quirk: reg 0x10: [io  0x01f0-0x01f7]
[    0.890562] kernel: pci 0000:00:01.1: legacy IDE quirk: reg 0x14: [io  0x03f6]
[    0.890703] kernel: pci 0000:00:01.1: legacy IDE quirk: reg 0x18: [io  0x0170-0x0177]
[    0.891232] kernel: pci 0000:00:01.1: legacy IDE quirk: reg 0x1c: [io  0x0376]
[    0.893922] kernel: pci 0000:00:01.3: [8086:7113] type 00 class 0x068000
[    0.894791] kernel: pci 0000:00:01.3: quirk: [io  0x0600-0x063f] claimed by PIIX4 ACPI
[    0.895477] kernel: pci 0000:00:01.3: quirk: [io  0x0700-0x070f] claimed by PIIX4 SMB
[    0.897475] kernel: pci 0000:00:02.0: [1234:1111] type 00 class 0x030000
[    0.898522] kernel: pci 0000:00:02.0: reg 0x10: [mem 0xf printk: console [ttyS0] enabled
[    0.761609] kernel: ACPI: Core revision 20210730
[    0.762196] kernel: clocksource: hpet: mask: 0xffffffff max_cycles: 0xffffffff, max_idle_ns: 19112604467 ns
[    0.763031] kernel: APIC: Switch to symmetric I/O mode setup
[    0.763457] kernel: kvm-guest: setup PV IPIs
[    0.764768] kernel: ..TIMER: vector=0x30 apic1=0 pin1=2 apic2=-1 pin2=-1
[    0.765319] kernel: clocksource: tsc-early: mask: 0xffffffffffffffff max_cycles: 0x23fa772cf26, max_idle_ns: 440795269835 ns
[    0.766305] kernel: Calibrating delay loop (skipped) preset value.. 4992.00 BogoMIPS (lpj=2496000)
[    0.767300] kernel: pid_max: default: 32768 minimum: 301
[    0.767762] kernel: LSM: Security Framework initializing
[    0.768205] kernel: SELinux:  Initializing.
[    0.768448] kernel: Mount-cache hash table entries: 32768 (order: 6, 262144 bytes, linear)
[    0.769563] kernel: Mountpoint-cache hash table entries: 32768 (order: 6, 262144 bytes, linear)
[    0.770986] kernel: x8ily
[    1.068081] kernel: pci_bus 0000:00: resource 4 [io  0x0000-0x0cf7 window]
[    1.068510] kernel: pci_bus 0000:00: resource 5 [io  0x0d00-0xffff window]
[    1.068929] kernel: pci_bus 0000:00: resource 6 [mem 0x000a0000-0x000bffff window]
[    1.069417] kernel: pci_bus 0000:00: resource 7 [mem 0xc0000000-0xfebfffff window]
[    1.069904] kernel: pci_bus 0000:00: resource 8 [mem 0x2c0000000-0x33fffffff window]
[    1.070787] kernel: pci 0000:00:01.0: PIIX3: Enabling Passive Release
[    1.071290] kernel: pci 0000:00:00.0: Limiting direct PCI/PCI transfers
[    1.071927] kernel: pci 0000:00:01.0: Activating ISA DMA hang workarounds
[    1.072694] kernel: pci 0000:00:02.0: Video device with shadowed ROM at [mem 0x000c0000-0x000dffff]
[    1.073656] kernel: PCI: CLS 0 bytes, default 64
[    1.074133] kernel: PCI-DMA: Using software bounce buffering for IO (SWIOTLB)
[    1.074806] kernel: software IO TLB: mapped [mem 0x00000000bbfdd000-0x00000000bffdd000] (64MB)
[    1.075887] kerned000000-0xfdffffff pref]
[    0.899710] kernel: pci 0000:00:02.0: reg 0x18: [mem 0xfeb90000-0xfeb90fff]
[    0.902989] kernel: pci 0000:00:02.0: reg 0x30: [mem 0xfeb80000-0xfeb8ffff pref]
[    0.906075] kernel: pci 0000:00:03.0: [1af4:1005] type 00 class 0x00ff00
[    0.906937] kernel: pci 0000:00:03.0: reg 0x10: [io  0xc080-0xc09f]
[    0.908907] kernel: pci 0000:00:03.0: reg 0x20: [mem 0xfe200000-0xfe203fff 64bit pref]
[    0.911772] kernel: pci 0000:00:04.0: [1af4:1000] type 00 class 0x020000
[    0.913033] kernel: pci 0000:00:04.0: reg 0x10: [io  0xc0a0-0xc0bf]
[    0.914043] kernel: pci 0000:00:04.0: reg 0x14: [mem 0xfeb91000-0xfeb91fff]
[    0.916179] kernel: pci 0000:00:04.0: reg 0x20: [mem 0xfe204000-0xfe207fff 64bit pref]
[    0.917703] kernel: pci 0000:00:04.0: reg 0x30: [mem 0xfeb00000-0xfeb7ffff pref]
[    0.921158] kernel: pci 0000:00:05.0: [1af4:1001] type 00 class 0x010000
[    0.922503] kernel: pci 0000:00:05.0: reg 0x10: [io  0xc000-0xc07f]
[    0.923310] kernel: pci 6/cpu: User Mode Instruction Prevention (UMIP) activated
[    0.771413] kernel: Last level iTLB entries: 4KB 0, 2MB 0, 4MB 0
[    0.771831] kernel: Last level dTLB entries: 4KB 0, 2MB 0, 4MB 0, 1GB 0
[    0.772311] kernel: Spectre V1 : Mitigation: usercopy/swapgs barriers and __user pointer sanitization
[    0.773306] kernel: Spectre V2 : Mitigation: Enhanced IBRS
[    0.773704] kernel: Spectre V2 : Spectre v2 / SpectreRSB mitigation: Filling RSB on context switch
[    0.774306] kernel: Spectre V2 : mitigation: Enabling conditional Indirect Branch Prediction Barrier
[    0.774852] kernel: Speculative Store Bypass: Mitigation: Speculative Store Bypass disabled via prctl and seccomp
[    0.797748] kernel: Freeing SMP alternatives memory: 40K
[    0.798254] kernel: smpboot: CPU0: 11th Gen Intel(R) Core(TM) i7-11700 @ 2.50GHz (family: 0x6, model: 0xa7, stepping: 0x1)
[    0.798297] kernel: Performance Events: Icelake events, 32-deep LBR, full-width counters, Intel PMU driver.
[    0.799002] kernel: ... version:                2
[    0.652747] kernel: ... bit width:              48
[    0.653064] kernel: ... generic registers:      8
[    0.653387] kernel: ... value mask:             0000ffffffffffff
[    0.653750] kernel: ... max period:             00007fffffffffff
[    0.654147] kernel: ... fixed-purpose events:   3
[    0.654448] kernel: ... event mask:             00000007000000ff
[    0.655050] kernel: rcu: Hierarchical SRCU implementation.
[    0.656723] kernel: smp: Bringing up secondary CPUs ...
[    0.657024] kernel: x86: Booting SMP configuration:
[    0.657322] kernel: .... node  #0, CPUs:      #1
[    0.073306] kernel: kvm-clock: cpu 1, msr 32758041, secondary cpu clock
