2023/03/06 22:15:08 fuzzer started
2023/03/06 22:15:09 dialing manager at localhost:42025
2023/03/06 22:15:09 syscalls: 130
2023/03/06 22:15:09 code coverage: enabled
2023/03/06 22:15:09 comparison tracing: enabled
2023/03/06 22:15:09 extra coverage: enabled
2023/03/06 22:15:09 setuid sandbox: enabled
2023/03/06 22:15:09 namespace sandbox: /proc/self/ns/user does not exist
2023/03/06 22:15:09 Android sandbox: /sys/fs/selinux/policy can't be opened (open /sys/fs/selinux/policy: invalid argument)
2023/03/06 22:15:09 fault injection: CONFIG_FAULT_INJECTION_DEBUG_FS or CONFIG_FAILSLAB are not enabled
2023/03/06 22:15:09 leak checking: CONFIG_DEBUG_KMEMLEAK is not enabled
2023/03/06 22:15:09 net packet injection: /dev/net/tun does not exist
2023/03/06 22:15:09 net device setup: enabled
2023/03/06 22:15:09 concurrency sanitizer: /sys/kernel/debug/kcsan does not exist
2023/03/06 22:15:09 devlink PCI setup: enabled
2023/03/06 22:15:09 USB emulation: /dev/raw-gadget does not exist
2023/03/06 22:15:09 hci packet injection: /dev/vhci does not exist
2023/03/06 22:15:09 wifi device emulation: /sys/class/mac80211_hwsim/ does not exist
2023/03/06 22:15:09 802.15.4 emulation: /sys/bus/platform/devices/mac802154_hwsim does not exist
2023/03/06 22:15:09 deserializeInput: hasCrash true hasNet false
2023/03/06 22:15:09 prog length: 6
2023/03/06 22:15:09 prog length: 6
2023/03/06 22:15:09 prog length: 5
2023/03/06 22:15:09 deserializeInput: hasCrash true hasNet false
2023/03/06 22:15:09 prog length: 6
2023/03/06 22:15:09 prog length: 3
2023/03/06 22:15:09 deserializeInput: hasCrash true hasNet false
2023/03/06 22:15:09 prog length: 6
2023/03/06 22:15:09 prog length: 3
2023/03/06 22:15:09 deserializeInput: hasCrash true hasNet false
2023/03/06 22:15:09 prog length: 6
2023/03/06 22:15:09 prog length: 4
2023/03/06 22:15:09 deserializeInput: hasCrash true hasNet false
2023/03/06 22:15:09 prog length: 6
2023/03/06 22:15:09 prog length: 4
2023/03/06 22:15:09 deserializeInput: hasCrash true hasNet false
2023/03/06 22:15:09 prog length: 6
2023/03/06 22:15:09 prog length: 6
2023/03/06 22:15:09 prog length: 5
2023/03/06 22:15:09 deserializeInput: hasCrash true hasNet false
2023/03/06 22:15:09 prog length: 6
2023/03/06 22:15:09 prog length: 3
2023/03/06 22:15:09 deserializeInput: hasCrash true hasNet false
2023/03/06 22:15:09 prog length: 6
2023/03/06 22:15:09 prog length: 6
2023/03/06 22:15:09 prog length: 5
2023/03/06 22:15:09 deserializeInput: hasCrash true hasNet false
2023/03/06 22:15:09 prog length: 6
2023/03/06 22:15:09 prog length: 3
2023/03/06 22:15:09 deserializeInput: hasCrash true hasNet false
2023/03/06 22:15:09 prog length: 6
2023/03/06 22:15:09 prog length: 3
2023/03/06 22:15:09 deserializeInput: hasCrash false hasNet false
2023/03/06 22:15:09 prog length: 1
2023/03/06 22:15:09 deserializeInput: hasCrash true hasNet false
2023/03/06 22:15:09 prog length: 6
2023/03/06 22:15:09 prog length: 6
2023/03/06 22:15:09 prog length: 7
2023/03/06 22:15:09 deserializeInput: hasCrash true hasNet false
2023/03/06 22:15:09 prog length: 6
2023/03/06 22:15:09 prog length: 3
2023/03/06 22:15:09 deserializeInput: hasCrash true hasNet false
2023/03/06 22:15:09 prog length: 6
2023/03/06 22:15:09 prog length: 6
2023/03/06 22:15:09 prog length: 5
2023/03/06 22:15:09 deserializeInput: hasCrash true hasNet false
2023/03/06 22:15:09 prog length: 6
2023/03/06 22:15:09 prog length: 6
2023/03/06 22:15:09 prog length: 5
2023/03/06 22:15:09 deserializeInput: hasCrash false hasNet false
2023/03/06 22:15:09 prog length: 1
2023/03/06 22:15:09 deserializeInput: hasCrash true hasNet false
2023/03/06 22:15:09 prog length: 6
2023/03/06 22:15:09 prog length: 6
2023/03/06 22:15:09 prog length: 5
2023/03/06 22:15:09 deserializeInput: hasCrash true hasNet false
2023/03/06 22:15:09 prog length: 6
2023/03/06 22:15:09 prog length: 3
2023/03/06 22:15:09 deserializeInput: hasCrash true hasNet false
2023/03/06 22:15:09 prog length: 6
2023/03/06 22:15:09 prog length: 6
2023/03/06 22:15:09 prog length: 5
2023/03/06 22:15:09 deserializeInput: hasCrash true hasNet false
2023/03/06 22:15:09 prog length: 6
2023/03/06 22:15:09 prog length: 3
2023/03/06 22:15:09 deserializeInput: hasCrash true hasNet false
2023/03/06 22:15:09 prog length: 6
2023/03/06 22:15:09 prog length: 6
2023/03/06 22:15:09 prog length: 5
2023/03/06 22:15:09 deserializeInput: hasCrash true hasNet false
2023/03/06 22:15:09 prog length: 6
2023/03/06 22:15:09 prog length: 6
2023/03/06 22:15:09 prog length: 5
2023/03/06 22:15:09 deserializeInput: hasCrash true hasNet false
2023/03/06 22:15:09 prog length: 6
2023/03/06 22:15:09 prog length: 6
2023/03/06 22:15:09 prog length: 6
2023/03/06 22:15:09 deserializeInput: hasCrash true hasNet false
2023/03/06 22:15:09 prog length: 6
2023/03/06 22:15:09 prog length: 6
2023/03/06 22:15:09 prog length: 6
2023/03/06 22:15:09 deserializeInput: hasCrash true hasNet false
2023/03/06 22:15:09 prog length: 6
2023/03/06 22:15:09 prog length: 3
2023/03/06 22:15:09 deserializeInput: hasCrash true hasNet false
2023/03/06 22:15:09 prog length: 6
2023/03/06 22:15:09 prog length: 3
2023/03/06 22:15:09 deserializeInput: hasCrash true hasNet false
2023/03/06 22:15:09 prog length: 6
2023/03/06 22:15:09 prog length: 5
2023/03/06 22:15:09 deserializeInput: hasCrash true hasNet false
2023/03/06 22:15:09 prog length: 6
2023/03/06 22:15:09 prog length: 3
2023/03/06 22:15:09 deserializeInput: hasCrash true hasNet false
2023/03/06 22:15:09 prog length: 6
2023/03/06 22:15:09 prog length: 3
2023/03/06 22:15:09 deserializeInput: hasCrash true hasNet false
2023/03/06 22:15:09 prog length: 6
2023/03/06 22:15:09 prog length: 6
2023/03/06 22:15:09 prog length: 5
2023/03/06 22:15:09 deserializeInput: hasCrash true hasNet false
2023/03/06 22:15:09 prog length: 6
2023/03/06 22:15:09 prog length: 3
2023/03/06 22:15:09 deserializeInput: hasCrash true hasNet false
2023/03/06 22:15:09 prog length: 6
2023/03/06 22:15:09 prog length: 4
2023/03/06 22:15:09 deserializeInput: hasCrash false hasNet false
2023/03/06 22:15:09 prog length: 3
2023/03/06 22:15:09 deserializeInput: hasCrash true hasNet false
2023/03/06 22:15:09 prog length: 6
2023/03/06 22:15:09 prog length: 5
2023/03/06 22:15:09 deserializeInput: hasCrash true hasNet false
2023/03/06 22:15:09 prog length: 6
2023/03/06 22:15:09 prog length: 3
2023/03/06 22:15:09 deserializeInput: hasCrash true hasNet false
2023/03/06 22:15:09 prog length: 6
2023/03/06 22:15:09 prog length: 6
2023/03/06 22:15:09 prog length: 5
2023/03/06 22:15:09 deserializeInput: hasCrash true hasNet false
2023/03/06 22:15:09 prog length: 6
2023/03/06 22:15:09 prog length: 6
2023/03/06 22:15:09 prog length: 6
2023/03/06 22:15:09 prog length: 7
2023/03/06 22:15:09 deserializeInput: hasCrash true hasNet false
2023/03/06 22:15:09 prog length: 6
2023/03/06 22:15:09 prog length: 3
2023/03/06 22:15:09 deserializeInput: hasCrash true hasNet false
2023/03/06 22:15:09 prog length: 6
2023/03/06 22:15:09 prog length: 3
2023/03/06 22:15:09 deserializeInput: hasCrash true hasNet false
2023/03/06 22:15:09 prog length: 6
2023/03/06 22:15:09 prog length: 3
2023/03/06 22:15:09 deserializeInput: hasCrash true hasNet false
2023/03/06 22:15:09 prog length: 6
2023/03/06 22:15:09 prog length: 6
2023/03/06 22:15:09 prog length: 5
2023/03/06 22:15:09 deserializeInput: hasCrash true hasNet false
2023/03/06 22:15:09 prog length: 6
2023/03/06 22:15:09 prog length: 3
2023/03/06 22:15:09 deserializeInput: hasCrash true hasNet false
2023/03/06 22:15:09 prog length: 6
2023/03/06 22:15:09 prog length: 6
2023/03/06 22:15:09 prog length: 5
2023/03/06 22:15:09 deserializeInput: hasCrash true hasNet false
2023/03/06 22:15:09 prog length: 6
2023/03/06 22:15:09 prog length: 6
2023/03/06 22:15:09 prog length: 5
2023/03/06 22:15:09 deserializeInput: hasCrash true hasNet false
2023/03/06 22:15:09 prog length: 6
2023/03/06 22:15:09 prog length: 6
2023/03/06 22:15:09 prog length: 5
2023/03/06 22:15:09 deserializeInput: hasCrash true hasNet false
2023/03/06 22:15:09 prog length: 6
2023/03/06 22:15:09 prog length: 6
2023/03/06 22:15:09 prog length: 7
2023/03/06 22:15:09 deserializeInput: hasCrash true hasNet false
2023/03/06 22:15:09 prog length: 6
2023/03/06 22:15:09 prog length: 3
2023/03/06 22:15:09 deserializeInput: hasCrash true hasNet false
2023/03/06 22:15:09 prog length: 6
2023/03/06 22:15:09 prog length: 6
2023/03/06 22:15:09 prog length: 5
2023/03/06 22:15:09 deserializeInput: hasCrash true hasNet false
2023/03/06 22:15:09 prog length: 6
2023/03/06 22:15:09 prog length: 6
2023/03/06 22:15:09 prog length: 5
2023/03/06 22:15:09 deserializeInput: hasCrash true hasNet false
2023/03/06 22:15:09 prog length: 6
2023/03/06 22:15:09 prog length: 3
2023/03/06 22:15:09 fetching corpus: 50, signal 3686/15562/19848 (executing program)
2023/03/06 22:15:09 deserializeInput: hasCrash true hasNet false
2023/03/06 22:15:09 prog length: 6
2023/03/06 22:15:09 prog length: 6
2023/03/06 22:15:09 prog length: 5
2023/03/06 22:15:09 deserializeInput: hasCrash true hasNet false
2023/03/06 22:15:09 prog length: 6
2023/03/06 22:15:09 prog length: 6
2023/03/06 22:15:09 prog length: 5
2023/03/06 22:15:09 deserializeInput: hasCrash true hasNet false
2023/03/06 22:15:09 prog length: 6
2023/03/06 22:15:09 prog length: 3
2023/03/06 22:15:09 deserializeInput: hasCrash true hasNet false
2023/03/06 22:15:09 prog length: 6
2023/03/06 22:15:09 prog length: 6
2023/03/06 22:15:09 prog length: 5
2023/03/06 22:15:09 fetching corpus: 54, signal 3688/15577/20390 (executing program)
2023/03/06 22:15:09 fetching corpus: 54, signal 3688/15577/20983 (executing program)
2023/03/06 22:15:09 fetching corpus: 54, signal 3688/15577/21550 (executing program)
2023/03/06 22:15:09 fetching corpus: 54, signal 3688/15577/22092 (executing program)
2023/03/06 22:15:09 fetching corpus: 54, signal 3688/15577/22625 (executing program)
2023/03/06 22:15:09 fetching corpus: 54, signal 3688/15577/23188 (executing program)
2023/03/06 22:15:09 fetching corpus: 54, signal 3688/15577/23298 (executing program)
2023/03/06 22:15:09 fetching corpus: 54, signal 3688/15577/23298 (executing program)
2023/03/06 22:15:10 starting 1 fuzzer processes
2023/03/06 22:15:10 ----- generateCall 2750 pwritev pwritev
2023/03/06 22:15:10 ----- generateCall 237 fsetxattr$smack_xattr_label fsetxattr$smack_xattr_label
2023/03/06 22:15:10 ----- generateCall 2753 read read
2023/03/06 22:15:10 ----- generateCall 222 fremovexattr fremovexattr
2023/03/06 22:15:10 ----- generateCall 170 dup dup
2023/03/06 22:15:10 ----- generateCall 198 fcntl$F_GET_FILE_RW_HINT fcntl$F_GET_FILE_RW_HINT
2023/03/06 22:15:10 ----- generateCall 237 fsetxattr$smack_xattr_label fsetxattr$smack_xattr_label
2023/03/06 22:15:10 ----- generateCall 2858 sendfile sendfile
2023/03/06 22:15:10 ----- generateCall 211 fcntl$setown fcntl$setown
2023/03/06 22:15:10 ----- generateCall 241 fsetxattr$trusted_overlay_origin fsetxattr$trusted_overlay_origin
2023/03/06 22:15:10 ----- generateCall 237 fsetxattr$smack_xattr_label fsetxattr$smack_xattr_label
2023/03/06 22:15:10 ----- generateCall 236 fsetxattr$security_smack_transmute fsetxattr$security_smack_transmute
2023/03/06 22:15:10 ----- generateCall 242 fsetxattr$trusted_overlay_redirect fsetxattr$trusted_overlay_redirect
2023/03/06 22:15:10 ----- generateCall 241 fsetxattr$trusted_overlay_origin fsetxattr$trusted_overlay_origin
2023/03/06 22:15:10 map[./file0:true]
2023/03/06 22:15:10 HasCrashFail: false, .HasNetFail: false
2023/03/06 22:15:10 prog length: 20
2023/03/06 22:15:10 HasCrashFail:false HasNetFail:false
22:15:10 ---executing program 0:
---
---
---
r0 = open$dir(&(0x7f0000000000)='./file0\x00', 0xa001, 0x51)
pwritev(r0, &(0x7f00000002c0)=[{&(0x7f0000000040)="40a4", 0x2}, {&(0x7f0000000080)="c57b494552146297c8c5cd001ee091130bd914370d2c5273ffdb45e8fd9efe45a86fd1bade901df865c4a3f8456be7e73929114665f802db278a804c084f69b86440c55dc1bd1836359a99df95d8cdbda4d37d53f562962b9a32f436b0f2f4f8a3569b3abfe7ac62227696e84788de3f602d80b0a48d4872ad0e265553492b860183606d3bb96a39f6c4879dc4a055c37f35f1fc", 0x94}, {&(0x7f0000000140)="e50c6e728328d7968ba0dd78e972dae66ddacc44ab4d320c03ff7b30d11cb1a318e3e68e3bacb7f1fa3354b6c9bcc5236f4cbe5a9123671a10ca0d3105bd7828a39f7eb836d90549744a43d3bebf3c2107c2ef294538542487351a9e216b490c31fbfedff037e2feb6d5b37814aa0465cbb6c19e786914779d228092cb865b3920bad842ff352c985e136cf31293b27a778463df71ee21ad7851167f8ca6a2d50d4b3cb04d1bccd0917667632ef53398e0", 0xb1}, {&(0x7f0000000200)="898c36a4", 0x4}, {&(0x7f0000000240)="7a8e9ad199dd87829b67864141d40007ae6f03ca91bca000f065235ae39e132c6892f6849de3a39894a93566481f63db1412375efe482c62ceb9568b42ff99db26c2d6b99d250155cab56d515bd5133a4de459ba76539a31e93d54c99590409bd116bba7c8fd195e2294e43922be5ad5", 0x70}], 0x5, 0x7d7a, 0x4)
fsetxattr$smack_xattr_label(r0, &(0x7f0000000340)='security.SMACK64MMAP\x00', &(0x7f0000000380)={'*--#'}, 0x5, 0xd7bac5dd1d539e49)
r1 = fcntl$dupfd(r0, 0x0, r0)
read(r1, &(0x7f00000003c0)=""/117, 0x75)
r2 = dup(r1)
fremovexattr(r2, &(0x7f0000000440)=@random={'trusted.', 'security.SMACK64MMAP\x00'})
r3 = dup(r0)
fcntl$F_GET_FILE_RW_HINT(r0, 0x40d, &(0x7f0000000480))
r4 = dup2(r3, r0)
fsetxattr$smack_xattr_label(r4, &(0x7f00000004c0)='security.SMACK64\x00', &(0x7f0000000500)={'trusted.'}, 0x9, 0x2)
sendfile(r3, r2, 0x0, 0xba)
fcntl$getownex(r3, 0x10, &(0x7f0000000540)={0x0, <r5=>0x0})
fcntl$setown(0xffffffffffffffff, 0x8, r5)
fsetxattr$trusted_overlay_origin(r0, &(0x7f0000000580), &(0x7f00000005c0), 0x2, 0x2)
r6 = openat(r2, &(0x7f0000000600)='./file0\x00', 0x2, 0x4)
fsetxattr$smack_xattr_label(r6, &(0x7f0000000640)='security.SMACK64IPOUT\x00', &(0x7f0000000680)={'*--#'}, 0x5, 0x1)
fsetxattr$security_smack_transmute(r1, &(0x7f00000006c0), &(0x7f0000000700), 0x4, 0x3)
fsetxattr$trusted_overlay_redirect(r6, &(0x7f0000000740), &(0x7f0000000780)='./file0\x00', 0x8, 0x3)
fsetxattr$trusted_overlay_origin(0xffffffffffffffff, &(0x7f00000007c0), &(0x7f0000000800), 0x2, 0x1)
---

end of program
2023/03/06 22:15:10 -----run executor: [/usr/bin/ssh -F /dev/null -o ConnectionAttempts=100 -o ConnectTimeout=120 -o UserKnownHostsFile=/dev/null -o BatchMode=yes -o IdentitiesOnly=yes -o StrictHostKeyChecking=no -o ConnectTimeout=100 -i /home/tlyu/dfs-fuzzing/disk-images/orangefs-images/focal.id_rsa root@192.168.0.35 /root/syz-executor exec 0 0 orangefs 3 4 192.168.0.35 0 "3 1" false false false true false]
2023/03/06 22:15:10 -----run executor: [/usr/bin/ssh -F /dev/null -o ConnectionAttempts=100 -o ConnectTimeout=120 -o UserKnownHostsFile=/dev/null -o BatchMode=yes -o IdentitiesOnly=yes -o StrictHostKeyChecking=no -o ConnectTimeout=100 -i /home/tlyu/dfs-fuzzing/disk-images/orangefs-images/focal.id_rsa root@192.168.0.36 /root/syz-executor exec 0 1 orangefs 3 4 192.168.0.35 0 "3 1" false false false true false]
2023/03/06 22:15:10 -----run executor: [/usr/bin/ssh -F /dev/null -o ConnectionAttempts=100 -o ConnectTimeout=120 -o UserKnownHostsFile=/dev/null -o BatchMode=yes -o IdentitiesOnly=yes -o StrictHostKeyChecking=no -o ConnectTimeout=100 -i /home/tlyu/dfs-fuzzing/disk-images/orangefs-images/focal.id_rsa root@192.168.0.37 /root/syz-executor exec 0 2 orangefs 3 4 192.168.0.35 0 "3 1" false false false true false]
2023/03/06 22:15:10 -----run executor: [/usr/bin/ssh -F /dev/null -o ConnectionAttempts=100 -o ConnectTimeout=120 -o UserKnownHostsFile=/dev/null -o BatchMode=yes -o IdentitiesOnly=yes -o StrictHostKeyChecking=no -o ConnectTimeout=100 -i /home/tlyu/dfs-fuzzing/disk-images/orangefs-images/focal.id_rsa root@192.168.0.38 /root/syz-executor exec 1 3 orangefs 3 4 192.168.0.35 0 "3 1" false false false true false]
Warning: Permanently added '192.168.0.35' (ECDSA) to the list of known hosts.
Warning: Permanently added '192.168.0.37' (ECDSA) to the list of known hosts.
Warning: Permanently added '192.168.0.38' (ECDSA) to the list of known hosts.
Warning: Permanently added '192.168.0.36' (ECDSA) to the list of known hosts.
----- is restarting 0
---- dfs_name orangefs is_dfs_client 0
unlink FIFO failed: No such file or directory
executor 0 finishes userspace_cover_open
before receiving handshake request
[    0.000000] kernel: Linux version 5.15.0+ (tlyu@IC-RS3-DPC07) (gcc (Ubuntu 9.4.0-1ubuntu1~20.04.1) 9.4.0, GNU ld (GNU Binutils for Ubuntu) 2.34) #7 SMP Sat Feb 18 10:18:37 CET 2023
[    0.000000] kernel: Command line: root=/dev/sda console=ttyS0 net.ifnames=0 ip=192.168.0.35 quiet
[    0.000000] kernel: x86/fpu: Supporting XSAVE feature 0x001: 'x87 floating point registers'
[    0.000000] kernel: x86/fpu: Supporting XSAVE feature 0x002: 'SSE registers'
[    0.000000] kernel: x86/fpu: Supporting XSAVE feature 0x004: 'AVX registers'
[    0.000000] kernel: x86/fpu: Supporting XSAVE feature 0x020: 'AVX-512 opmask'
[    0.000000] kernel: x86/fpu: Supporting XSAVE feature 0x040: 'AVX-512 Hi256'
[    0.000000] kernel: x86/fpu: Supporting XSAVE feature 0x080: 'AVX-512 ZMM_Hi256'
[    0.000000] kernel: x86/fpu: Supporting XSAVE feature 0x200: 'Protection Keys User registers'
[    0.000000] kernel: x86/fpu: xstate_offset[2]:  576, xstate_sizes[2]:  256
[    0.000000] kernel: x86/fpu: xstate_offset[5]:  832, xstate_sizes[5]:   64
[    0.000000] kernel: x86/fpu: xstate_offset[6]:  896, xstate_sizes[6]:  512
[    0.000000] kernel: x86/fpu: xstate_offset[7]: 1408, xstate_sizes[7]: 1024
[    0.000000] kernel: x86/fpu: xstate_offset[9]: 2432, xstate_sizes[9]:    8
[    0.000000] kernel: x86/fpu: Enabled xstate features 0x2e7, context size is 2440 bytes, using 'compacted' format.
[    0.000000] kernel: signal: max sigframe size: 3632
[    0.000000] kernel: BIOS-provided physical RAM map:
[    0.000000] kernel: BIOS-e820: [mem 0x0000000000000000-0x000000000009fbff] usable
[    0.000000] kernel: BIOS-e820: [mem 0x000000000009fc00-0x000000000009ffff] reserved
[    0.000000] kernel: BIOS-e820: [mem 0x00000000000f0000-0x00000000000fffff] reserved
[    0.000000] kernel: BIOS-e820: [mem 0x0000000000100000-0x00000000bffdffff] usable
[    0.000000] kernel: BIOS-e820: [mem 0x00000000bffe0000-0x00000000bfffffff] reserved
[    0.000000] kernel: BIOS-e820: [mem 0x00000000feffc000-0x00000000[D 01/16/2023 17:42:13] PVFS2 Server version 2.9.7-orangefs-REV-65ab0d2 starting.
[E 01/16/2023 17:43:19] PVFS2 server got signal 15 (server_status_flag: 2080767)
[D 02/18/2023 14:39:31] PVFS2 Server version 2.9.7-orangefs-REV-65ab0d2 starting.
[D 02/18/2023 14:47:30] PVFS2 received server: signal 1
[E 02/18/2023 14:47:30] PVFS2 server got signal 15 (server_status_flag: 2080767)
feffffff] reserved
[    0.000000] kernel: BIOS-e820: [mem 0x00000000fffc0000-0x00000000ffffffff] reserved
[    0.000000] kernel: BIOS-e820: [mem 0x0000000100000000-0x00000002bfffffff] usable
[    0.000000] kernel: NX (Execute Disable) protection: active
[    0.000000] kernel: SMBIOS 2.8 present.
[    0.000000] kernel: DMI: QEMU Standard PC (i440FX + PIIX, 1996), BIOS 1.13.0-1ubuntu1.1 04/01/2014
[    0.000000] kernel: Hypervisor detected: KVM
[    0.000000] kernel: kvm-clock: Using msrs 4b564d01 and 4b564d00
[    0.000000] kernel: kvm-clock: cpu 0, msr 1e7a6e001, primary cpu clock
[    0.000001] kernel: kvm-clock: using sched offset of 454643749 cycles
[    0.000003] kernel: clocksource: kvm-clock: mask: 0xffffffffffffffff max_cycles: 0x1cd42e4dffb, max_idle_ns: 881590591483 ns
[    0.000005] kernel: tsc: Detected 2593.906 MHz processor
[    0.000413] kernel: e820: update [mem 0x00000000-0x00000fff] usable ==> reserved
[    0.000415] kernel: e820: remove [mem 0x000a0000-0x000fffff] usable
[    0.000418] kernel: last_pfn = 0x2c0000 max_arch_pfn = 0x10000000000
[    0.000468] kernel: x86/PAT: Configuration [0-7]: WB  WC  UC- UC  WB  WP  UC- WT  
[    0.000473] kernel: last_pfn = 0xbffe0 max_arch_pfn = 0x10000000000
[    0.004643] kernel: found SMP MP-table at [mem 0x000f5c80-0x000f5c8f]
[    0.004668] kernel: Using GB pages for direct mapping
[    0.004788] kernel: ACPI: Early table checksum verification disabled
[    0.004791] kernel: ACPI: RSDP 0x00000000000F5A50 000014 (v00 BOCHS )
[    0.004798] kernel: ACPI: RSDT 0x00000000BFFE15C9 000030 (v01 BOCHS  BXPCRSDT 00000001 BXPC 00000001)
[    0.004803] kernel: ACPI: FACP 0x00000000BFFE149D 000074 (v01 BOCHS  BXPCFACP 00000001 BXPC 00000001)
[    0.004808] kernel: ACPI: DSDT 0x00000000BFFE0040 00145D (v01 BOCHS  BXPCDSDT 00000001 BXPC 00000001)
[    0.004810] kernel: ACPI: FACS 0x00000000BFFE0000 000040
[    0.004813] kernel: ACPI: APIC 0x00000000BFFE1511 000080 (v01 BOCHS  BXPCAPIC 00000001 BXPC 00000001)
[    0.004----- is restarting 0
---- dfs_name orangefs is_dfs_client 1
before receiving handshake request
[    0.000000] kernel: Linux version 5.15.0+ (tlyu@IC-RS3-DPC07) (gcc (Ubuntu 9.4.0-1ubuntu1~20.04.1) 9.4.0, GNU ld (GNU Binutils for Ubuntu) 2.34) #7 SMP Sat Feb 18 10:18:37 CET 2023
[    0.000000] kernel: Command line: root=/dev/sda console=ttyS0 net.ifnames=0 ip=192.168.0.38 quiet
[    0.000000] kernel: x86/fpu: Supporting XSAVE feature 0x001: 'x87 floating point registers'
[    0.000000] kernel: x86/fpu: Supporting XSAVE feature 0x002: 'SSE registers'
[    0.000000] kernel: x86/fpu: Supporting XSAVE feature 0x004: 'AVX registers'
[    0.000000] kernel: x86/fpu: Supporting XSAVE feature 0x020: 'AVX-512 opmask'
[    0.000000] kernel: x86/fpu: Supporting XSAVE feature 0x040: 'AVX-512 Hi256'
[    0.000000] kernel: x86/fpu: Supporting XSAVE feature 0x080: 'AVX-512 ZMM_Hi256'
[    0.000000] kernel: x86/fpu: Supporting XSAVE feature 0x200: 'Protection Keys User registers'
[    0.000000] kernel: x86/fpu: xstate_offset[2]:  576, xstate_sizes[2]:  256
[    0.000000] kernel: x86/fpu: xstate_----- is restarting 0
---- dfs_name orangefs is_dfs_client 0
unlink FIFO failed: No such file or directory
executor 2 finishes userspace_cover_open
before receiving handshake request
req.flags ea2
[    0.000000] kernel: Linux version 5.15.0+ (tlyu@IC-RS3-DPC07) (gcc (Ubuntu 9.4.0-1ubuntu1~20.04.1) 9.4.0, GNU ld (GNU Binutils for Ubuntu) 2.34) #7 SMP Sat Feb 18 10:18:37 CET 2023
[    0.000000] kernel: Command line: root=/dev/sda console=ttyS0 net.ifnames=0 ip=192.168.0.37 quiet
[    0.000000] kernel: x86/fpu: Supporting XSAVE feature 0x001: 'x87 floating point registers'
[    0.000000] kernel: x86/fpu: Supporting XSAVE feature 0x002: 'SSE registers'
[    0.000000] kernel: x86/fpu: Supporting XSAVE feature 0x004: 'AVX registers'
[    0.000000] kernel: x86/fpu: Supporting XSAVE feature 0x020: 'AVX-512 opmask'
[    0.000000] kernel: x86/fpu: Supporting XSAVE feature 0x040: 'AVX-512 Hi256'
[    0.000000] kernel: x86/fpu: Supporting XSAVE feature 0x080: 'AVX-512 ZMM_Hi256'
[    0.000000] kernel: x86/fpu: Supporting XSAVE feature 0x200: 'Protection Keys User registers'
[    0.000000] kernel: x86/fpu: xstate_offset[2]:  576, xstate_sizes[2]:  256
[    0.000000] kernel: x86/fpu: xstate_offset[5]:  832, xstate_sizes[5]:   64
[    0.000000] kernel: x86/fpu: xstate_offset[6]:  896, xstate_sizes[6]:  512
[    0.000000] kernel: x86/fpu: xstate_offset[7]: 1408, xstate_sizes[7]: 1024
[    0.000000] kernel: x86/fpu: xstate_offset[9]: 2432, xstate_sizes[9]:    8
[    0.000000] kernel: x86/fpu: Enabled xstate features 0x2e7, context size is 2440 bytes, using 'compacted' format.
[    0.000000] kernel: signal: max sigframe size: 3632
[    0.000000] kernel: BIOS-provided physical RAM map:
[    0.000000] kernel: BIOS-e820: [mem 0x0000000000000000-0x000000000009fbff] usable
[    0.000000] kernel: BIOS-e820: [mem 0x000000000009fc00-0x000000000009ffff] reserved
[    0.000000] kernel: BIOS-e820: [mem 0x00000000000f0000-0x00000000000fffff] reserved
[    0.000000] kernel: BIOS-e820: [mem 0x0000000000100000-0x00000000bffdffff] usable
[    0.000000] kernel: BIOS-e820: [mem 0x00000000bffe0000-0x00000000bfffffff] reserved
[    0.000000] kernel: BIOS-e820: [mem 0x00000000feffc000-0x00000000[D 01/16/2023 17:42:13] PVFS2 Server version 2.9.7-orangefs-REV-65ab0d2 starting.
[E 01/16/2023 17:43:19] PVFS2 server got signal 15 (server_status_flag: 2080767)
[D 02/18/2023 14:39:31] PVFS2 Server version 2.9.7-orangefs-REV-65ab0d2 starting.
[D 02/18/2023 14:47:30] PVFS2 received server: signal 1
[E 02/18/2023 14:47:30] PVFS2 server got signal 15 (server_status_flag: 2080767)
req.flags ea2
[D 01/16/2023 17:42:13] PVFS2 Server version 2.9.7-orangefs-REV-65ab0d2 starting.
[E 01/16/2023 17:43:19] PVFS2 server got signal 15 (server_status_flag: 2080767)
[D 02/18/2023 14:39:31] PVFS2 Server version 2.9.7-orangefs-REV-65ab0d2 starting.
[D 02/18/2023 14:47:30] PVFS2 received server: signal 1
[E 02/18/2023 14:47:30] PVFS2 server got signal 15 (server_status_flag: 2080767)
offset[5]:  832, xstate_sizes[5]:   64
[    0.000000] kernel: x86/fpu: xstate_offset[6]:  896, xstate_sizes[6]:  512
[    0.000000] kernel: x86/fpu: xstate_offset[7]: 1408, xstate_sizes[7]: 1024
[    0.000000] kernel: x86/fpu: xstate_offset[9]: 2432, xstate_sizes[9]:    8
[    0.000000] kernel: x86/fpu: Enabled xstate features 0x2e7, context size is 2440 bytes, using 'compacted' format.
[    0.000000] kernel: signal: max sigframe size: 3632
[    0.000000] kernel: BIOS-provided physical RAM map:
[    0.000000] kernel: BIOS-e820: [mem 0x0000000000000000-0x000000000009fbff] usable
[    0.000000] kernel: BIOS-e820: [mem 0x000000000009fc00-0x000000000009ffff] reserved
[    0.000000] kernel: BIOS-e820: [mem 0x00000000000f0000-0x00000000000fffff] reserved
[    0.000000] kernel: BIOS-e820: [mem 0x0000000000100000-0x00000000bffdffff] usable
[    0.000000] kernel: BIOS-e820: [mem 0x00000000bffe0000-0x00000000bfffffff] reserved
[    0.000000] kernel: BIOS-e820: [mem 0x00000000feffc000-0x00000000feffffff] reserved
[    0.000000] kernel: BIOS-e820: [mem 0x00000000fffc0000-0x00000000ffffffff] reserved
[    0.000000] kernel: BIOS-e820: [mem 0x0000000100000000-0x00000002bfffffff] usable
[    0.000000] kernel: NX (Execute Disable) protection: active
[    0.000000] kernel: SMBIOS 2.8 present.
[    0.000000] kernel: DMI: QEMU Standard PC (i440FX + PIIX, 1996), BIOS 1.13.0-1ubuntu1.1 04/01/2014
[    0.000000] kernel: Hypervisor detected: KVM
[    0.000000] kernel: kvm-clock: Using msrs 4b564d01 and 4b564d00
[    0.000000] kernel: kvm-clock: cpu 0, msr bae6e001, primary cpu clock
[    0.000001] kernel: kvm-clock: using sched offset of 331870087 cycles
[    0.000003] kernel: clocksource: kvm-clock: mask: 0xffffffffffffffff max_cycles: 0x1cd42e4dffb, max_idle_ns: 881590591483 ns
[    0.000005] kernel: tsc: Detected 2593.906 MHz processor
[    0.000444] kernel: e820: update [mem 0x00000000-0x00000fff] usable ==> reserved
[    0.000446] kernel: e820: remove [mem 0x000a0000-0x000fffff] usa815] kernel: ACPI: HPET 0x00000000BFFE1591 000038 (v01 BOCHS  BXPCHPET 00000001 BXPC 00000001)
[    0.004816] kernel: ACPI: Reserving FACP table memory at [mem 0xbffe149d-0xbffe1510]
[    0.004817] kernel: ACPI: Reserving DSDT table memory at [mem 0xbffe0040-0xbffe149c]
[    0.004818] kernel: ACPI: Reserving FACS table memory at [mem 0xbffe0000-0xbffe003f]
[    0.004819] kernel: ACPI: Reserving APIC table memory at [mem 0xbffe1511-0xbffe1590]
[    0.004819] kernel: ACPI: Reserving HPET table memory at [mem 0xbffe1591-0xbffe15c8]
[    0.005065] kernel: No NUMA configuration found
[    0.005066] kernel: Faking a node at [mem 0x0000000000000000-0x00000002bfffffff]
[    0.005068] kernel: NODE_DATA(0) allocated [mem 0x2bfffc000-0x2bfffffff]
[    0.005792] kernel: Zone ranges:
[    0.005793] kernel:   DMA      [mem 0x0000000000001000-0x0000000000ffffff]
[    0.005795] kernel:   DMA32    [mem 0x0000000001000000-0x00000000ffffffff]
[    0.005796] kernel:   Normal   [mem 0x0000000100000000-0x0feffffff] reserved
[    0.000000] kernel: BIOS-e820: [mem 0x00000000fffc0000-0x00000000ffffffff] reserved
[    0.000000] kernel: BIOS-e820: [mem 0x0000000100000000-0x00000002bfffffff] usable
[    0.000000] kernel: NX (Execute Disable) protection: active
[    0.000000] kernel: SMBIOS 2.8 present.
[    0.000000] kernel: DMI: QEMU Standard PC (i440FX + PIIX, 1996), BIOS 1.13.0-1ubuntu1.1 04/01/2014
[    0.000000] kernel: Hypervisor detected: KVM
[    0.000000] kernel: kvm-clock: Using msrs 4b564d01 and 4b564d00
[    0.000000] kernel: kvm-clock: cpu 0, msr 12046e001, primary cpu clock
[    0.000001] kernel: kvm-clock: using sched offset of 408857206 cycles
[    0.000003] kernel: clocksource: kvm-clock: mask: 0xffffffffffffffff max_cycles: 0x1cd42e4dffb, max_idle_ns: 881590591483 ns
[    0.000005] kernel: tsc: Detected 2593.906 MHz processor
[    0.000426] kernel: e820: update [mem 0x00000000-0x00000fff] usable ==> reserved
[    0.000428] kernel: e820: remove [mem 0x000a0000-0x000fffff] usble
[    0.000449] kernel: last_pfn = 0x2c0000 max_arch_pfn = 0x10000000000
[    0.000495] kernel: x86/PAT: Configuration [0-7]: WB  WC  UC- UC  WB  WP  UC- WT  
[    0.000500] kernel: last_pfn = 0xbffe0 max_arch_pfn = 0x10000000000
[    0.004734] kernel: found SMP MP-table at [mem 0x000f5c80-0x000f5c8f]
[    0.004755] kernel: Using GB pages for direct mapping
[    0.005388] kernel: ACPI: Early table checksum verification disabled
[    0.005392] kernel: ACPI: RSDP 0x00000000000F5A50 000014 (v00 BOCHS )
[    0.005399] kernel: ACPI: RSDT 0x00000000BFFE15C9 000030 (v01 BOCHS  BXPCRSDT 00000001 BXPC 00000001)
[    0.005404] kernel: ACPI: FACP 0x00000000BFFE149D 000074 (v01 BOCHS  BXPCFACP 00000001 BXPC 00000001)
[    0.005408] kernel: ACPI: DSDT 0x00000000BFFE0040 00145D (v01 BOCHS  BXPCDSDT 00000001 BXPC 00000001)
[    0.005411] kernel: ACPI: FACS 0x00000000BFFE0000 000040
[    0.005413] kernel: ACPI: APIC 0x00000000BFFE1511 000080 (v01 BOCHS  BXPCAPIC 00000001 BXPC 00000001)
[    0.005415] kernel: ACPI: HPET 0x00000000BFFE1591 000038 (v01 BOCHS  BXPCHPET 00000001 BXPC 00000001)
[    0.005417] kernel: ACPI: Reserving FACP table memory at [mem 0xbffe149d-0xbffe1510]
[    0.005418] kernel: ACPI: Reserving DSDT table memory at [mem 0xbffe0040-0xbffe149c]
[    0.005419] kernel: ACPI: Reserving FACS table memory at [mem 0xbffe0000-0xbffe003f]
[    0.005419] kernel: ACPI: Reserving APIC table memory at [mem 0xbffe1511-0xbffe1590]
[    0.005420] kernel: ACPI: Reserving HPET table memory at [mem 0xbffe1591-0xbffe15c8]
[    0.005669] kernel: No NUMA configuration found
[    0.005669] kernel: Faking a node at [mem 0x0000000000000000-0x00000002bfffffff]
[    0.005672] kernel: NODE_DATA(0) allocated [mem 0x2bfffa000-0x2bfffdfff]
[    0.005716] kernel: Zone ranges:
[    0.005717] kernel:   DMA      [mem 0x0000000000001000-0x0000000000ffffff]
[    0.005718] kernel:   DMA32    [mem 0x0000000001000000-0x00000000ffffffff]
[    0.005719] kernel:   Normal   [mem 0x0000000100000000-0x000000002bfffffff]
[    0.005797] kernel: Movable zone start for each node
[    0.005797] kernel: Early memory node ranges
[    0.005798] kernel:   node   0: [mem 0x0000000000001000-0x000000000009efff]
[    0.005799] kernel:   node   0: [mem 0x0000000000100000-0x00000000bffdffff]
[    0.005800] kernel:   node   0: [mem 0x0000000100000000-0x00000002bfffffff]
[    0.005801] kernel: Initmem setup node 0 [mem 0x0000000000001000-0x00000002bfffffff]
[    0.006384] kernel: On node 0, zone DMA: 1 pages in unavailable ranges
[    0.006394] kernel: On node 0, zone DMA: 97 pages in unavailable ranges
[    0.069710] kernel: On node 0, zone Normal: 32 pages in unavailable ranges
[    0.580009] kernel: kasan: KernelAddressSanitizer initialized
[    0.580335] kernel: ACPI: PM-Timer IO Port: 0x608
[    0.580342] kernel: ACPI: LAPIC_NMI (acpi_id[0xff] dfl dfl lint[0x1])
[    0.580378] kernel: IOAPIC[0]: apic_id 0, version 17, address 0xfec00000, GSI 0-23
[    0.580381] kernel: ACPI: INT_SRC_OVR (bus 0 b000002bfffffff]
[    0.005720] kernel: Movable zone start for each node
[    0.005721] kernel: Early memory node ranges
[    0.005721] kernel:   node   0: [mem 0x0000000000001000-0x000000000009efff]
[    0.005722] kernel:   node   0: [mem 0x0000000000100000-0x00000000bffdffff]
[    0.005723] kernel:   node   0: [mem 0x0000000100000000-0x00000002bfffffff]
[    0.005725] kernel: Initmem setup node 0 [mem 0x0000000000001000-0x00000002bfffffff]
[    0.006245] kernel: On node 0, zone DMA: 1 pages in unavailable ranges
[    0.006256] kernel: On node 0, zone DMA: 97 pages in unavailable ranges
[    0.062180] kernel: On node 0, zone Normal: 32 pages in unavailable ranges
[    0.631904] kernel: kasan: KernelAddressSanitizer initialized
[    0.632256] kernel: ACPI: PM-Timer IO Port: 0x608
[    0.632265] kernel: ACPI: LAPIC_NMI (acpi_id[0xff] dfl dfl lint[0x1])
[    0.632307] kernel: IOAPIC[0]: apic_id 0, version 17, address 0xfec00000, GSI 0-23
[    0.632310] kernel: ACPI: INT_SRC_OVR (bus 0 bus_irq 0 global_irq 2 dfl dfl)
[    0.632313] kernel: ACPI: INT_SRC_OVR (bus 0 bus_irq 5 global_irq 5 high level)
[    0.632314] kernel: ACPI: INT_SRC_OVR (bus 0 bus_irq 9 global_irq 9 high level)
[    0.632315] kernel: ACPI: INT_SRC_OVR (bus 0 bus_irq 10 global_irq 10 high level)
[    0.632316] kernel: ACPI: INT_SRC_OVR (bus 0 bus_irq 11 global_irq 11 high level)
[    0.632319] kernel: ACPI: Using ACPI (MADT) for SMP configuration information
[    0.632321] kernel: ACPI: HPET id: 0x8086a201 base: 0xfed00000
[    0.632325] kernel: TSC deadline timer available
[    0.632326] kernel: smpboot: Allowing 2 CPUs, 0 hotplug CPUs
[    0.632352] kernel: kvm-guest: KVM setup pv remote TLB flush
[    0.632357] kernel: kvm-guest: setup PV sched yield
[    0.632367] kernel: PM: hibernation: Registered nosave memory: [mem 0x00000000-0x00000fff]
[    0.632368] kernel: PM: hibernation: Registered nosave memory: [mem 0x0009f000-0x0009ffff]
[    0.632369] kernel: PM: hibernation: Registered nosave memor----- is restarting 0
---- dfs_name orangefs is_dfs_client 0
unlink FIFO failed: No such file or directory
y: [mem 0x000a0000-0x000effff]
[    0.632370] kernel: PM: hibernation: Registered nosave memory: [mem 0x000f0000-0x000fffff]
[    0.632371] kernel: PM: hibernation: Registered nosave memory: [mem 0xbffe0000-0xbfffffff]
[    0.632372] kernel: PM: hibernation: Registered nosave memory: [mem 0xc0000000-0xfeffbfff]
[    0.632373] kernel: PM: hibernation: Registered nosave memory: [mem 0xfeffc000-0xfeffffff]
[    0.632373] kernel: PM: hibernation: Registered nosave memory: [mem 0xff000000-0xfffbffff]
[    0.632374] kernel: PM: hibernation: Registered nosave memory: [mem 0xfffc0000-0xffffffff]
[    0.632376] kernel: [mem 0xc0000000-0xfeffbfff] available for PCI devices
[    0.632377] kernel: Booting paravirtualized kernel on KVM
[    0.632380] kernel: clocksource: refined-jiffies: mask: 0xffffffff max_cycles: 0xffffffff, max_idle_ns: 1910969940391419 ns
[    0.636540] kernel: setup_percpu: NR_CPUS:64 nr_cpumask_bits:64 nr_cpu_ids:2 nr_node_ids:1
[    0.637228] kernel: percpu: Embedded 56 pages/cpu s191576 r8192 d29608 u1048576
[    0.637234] kernel: pcpu-alloc: s191576 r8192 d29608 u1048576 alloc=1*2097152
[    0.637237] kernel: pcpu-alloc: [0] 0 1 
[    0.637264] kernel: kvm-guest: setup async PF for cpu 0
[    0.637269] kernel: kvm-guest: stealtime: cpu 0, msr 26561f140
[    0.637275] kernel: Built 1 zonelists, mobility grouping on.  Total pages: 2580192
[    0.637276] kernel: Policy zone: Normal
[    0.637279] kernel: Kernel command line: root=/dev/sda console=ttyS0 net.ifnames=0 ip=192.168.0.37 quiet
[    0.642885] kernel: Dentry cache hash table entries: 2097152 (order: 12, 16777216 bytes, linear)
[    0.645639] kernel: Inode-cache hash table entries: 1048576 (order: 11, 8388608 bytes, linear)
[    0.645705] kernel: mem auto-init: stack:off, heap alloc:off, heap free:off
[    0.864696] kernel: Memory: 8872644K/10485240K available (14348K kernel code, 2403K rwdata, 3568K rodata, 1384K init, 1732K bss, 1612396K reserved, 0K cma-reserved)
[    0.864798] kernel: SLUB: executor 1 finishes userspace_cover_open
before receiving handshake request
req.flags ea2
[    0.000000] kernel: Linux version 5.15.0+ (tlyu@IC-RS3-DPC07) (gcc (Ubuntu 9.4.0-1ubuntu1~20.04.1) 9.4.0, GNU ld (GNU Binutils for Ubuntu) 2.34) #7 SMP Sat Feb 18 10:18:37 CET 2023
[    0.000000] kernel: Command line: root=/dev/sda console=ttyS0 net.ifnames=0 ip=192.168.0.36 quiet
[    0.000000] kernel: x86/fpu: Supporting XSAVE feature 0x001: 'x87 floating point registers'
[    0.000000] kernel: x86/fpu: Supporting XSAVE feature 0x002: 'SSE registers'
[    0.000000] kernel: x86/fpu: Supporting XSAVE feature 0x004: 'AVX registers'
[    0.000000] kernel: x86/fpu: Supporting XSAVE feature 0x020: 'AVX-512 opmask'
[    0.000000] kernel: x86/fpu: Supporting XSAVE feature 0x040: 'AVX-512 Hi256'
[    0.000000] kernel: x86/fpu: Supporting XSAVE feature 0x080: 'AVX-512 ZMM_Hi256'
[    0.000000] kernel: x86/fpu: Supporting XSAVE feature 0x200: 'Protection Keys User registers'
[    0.000000] kernel: x86/fpu: xstate_offset[2]:  576, xstate_sizes[2]:  256
[    0.000000] kernel: x86/fpu: xstate_[D 01/16/2023 17:42:13] PVFS2 Server version 2.9.7-orangefs-REV-65ab0d2 starting.
[E 01/16/2023 17:43:19] PVFS2 server got signal 15 (server_status_flag: 2080767)
[D 02/18/2023 14:39:31] PVFS2 Server version 2.9.7-orangefs-REV-65ab0d2 starting.
[D 02/18/2023 14:47:30] PVFS2 received server: signal 1
[E 02/18/2023 14:47:30] PVFS2 server got signal 15 (server_status_flag: 2080767)
HWalign=64, Order=0-3, MinObjects=0, CPUs=2, Nodes=1
[    0.865496] kernel: rcu: Hierarchical RCU implementation.
[    0.865499] kernel: rcu:         RCU event tracing is enabled.
[    0.865500] kernel: rcu:         RCU restricting CPUs from NR_CPUS=64 to nr_cpu_ids=2.
[    0.865503] kernel: rcu: RCU calculated value of scheduler-enlistment delay is 100 jiffies.
[    0.865505] kernel: rcu: Adjusting geometry for rcu_fanout_leaf=16, nr_cpu_ids=2
[    0.868294] kernel: NR_IRQS: 4352, nr_irqs: 440, preallocated irqs: 16
[    0.868522] kernel: random: get_random_bytes called from start_kernel+0x4b1/0x67a with crng_init=0
[    0.873498] kernel: Console: colour VGA+ 80x25
[    0.873583] kernel: printk: console [ttyS0] enabled
[    0.873613] kernel: ACPI: Core revision 20210730
[    0.873788] kernel: clocksource: hpet: mask: 0xffffffff max_cycles: 0xffffffff, max_idle_ns: 19112604467 ns
[    0.874032] kernel: APIC: Switch to symmetric I/O mode setup
[    0.874037] kernel: kvm-guest: setup PVoffset[5]:  832, xstate_sizes[5]:   64
[    0.000000] kernel: x86/fpu: xstate_offset[6]:  896, xstate_sizes[6]:  512
[    0.000000] kernel: x86/fpu: xstate_offset[7]: 1408, xstate_sizes[7]: 1024
[    0.000000] kernel: x86/fpu: xstate_offset[9]: 2432, xstate_sizes[9]:    8
[    0.000000] kernel: x86/fpu: Enabled xstate features 0x2e7, context size is 2440 bytes, using 'compacted' format.
[    0.000000] kernel: signal: max sigframe size: 3632
[    0.000000] kernel: BIOS-provided physical RAM map:
[    0.000000] kernel: BIOS-e820: [mem 0x0000000000000000-0x000000000009fbff] usable
[    0.000000] kernel: BIOS-e820: [mem 0x000000000009fc00-0x000000000009ffff] reserved
[    0.000000] kernel: BIOS-e820: [mem 0x00000000000f0000-0x00000000000fffff] reserved
[    0.000000] kernel: BIOS-e820: [mem 0x0000000000100000-0x00000000bffdffff] usable
[    0.000000] kernel: BIOS-e820: [mem 0x00000000bffe0000-0x00000000bfffffff] reserved
[    0.000000] kernel: BIOS-e820: [mem 0x00000000feffc000-0x00000000 IPIs
[    0.874985] kernel: ..TIMER: vector=0x30 apic1=0 pin1=2 apic2=-1 pin2=-1
[    0.875007] kernel: clocksource: tsc-early: mask: 0xffffffffffffffff max_cycles: 0x2563bf907c6, max_idle_ns: 440795319401 ns
[    0.875017] kernel: Calibrating delay loop (skipped) preset value.. 5187.81 BogoMIPS (lpj=2593906)
[    0.875020] kernel: pid_max: default: 32768 minimum: 301
[    0.875058] kernel: LSM: Security Framework initializing
[    0.875072] kernel: SELinux:  Initializing.
[    0.875161] kernel: Mount-cache hash table entries: 32768 (order: 6, 262144 bytes, linear)
[    0.875696] kernel: Mountpoint-cache hash table entries: 32768 (order: 6, 262144 bytes, linear)
[    0.876308] kernel: x86/cpu: User Mode Instruction Prevention (UMIP) activated
[    0.876401] kernel: Last level iTLB entries: 4KB 0, 2MB 0, 4MB 0
[    0.876402] kernel: Last level dTLB entries: 4KB 0, 2MB 0, 4MB 0, 1GB 0
[    0.876413] kernel: Spectre V1 : Mitigation: usercopy/swapgs barriers and __user pointer sanitizatifeffffff] reserved
[    0.000000] kernel: BIOS-e820: [mem 0x00000000fffc0000-0x00000000ffffffff] reserved
[    0.000000] kernel: BIOS-e820: [mem 0x0000000100000000-0x00000002bfffffff] usable
[    0.000000] kernel: NX (Execute Disable) protection: active
[    0.000000] kernel: SMBIOS 2.8 present.
[    0.000000] kernel: DMI: QEMU Standard PC (i440FX + PIIX, 1996), BIOS 1.13.0-1ubuntu1.1 04/01/2014
[    0.000000] kernel: Hypervisor detected: KVM
[    0.000000] kernel: kvm-clock: Using msrs 4b564d01 and 4b564d00
[    0.000000] kernel: kvm-clock: cpu 0, msr 5846e001, primary cpu clock
[    0.000001] kernel: kvm-clock: using sched offset of 332104409 cycles
[    0.000003] kernel: clocksource: kvm-clock: mask: 0xffffffffffffffff max_cycles: 0x1cd42e4dffb, max_idle_ns: 881590591483 ns
[    0.000005] kernel: tsc: Detected 2593.906 MHz processor
[    0.000414] kernel: e820: update [mem 0x00000000-0x00000fff] usable ==> reserved
[    0.000416] kernel: e820: remove [mem 0x000a0000-0x000fffff] usaus_irq 0 global_irq 2 dfl dfl)
[    0.580383] kernel: ACPI: INT_SRC_OVR (bus 0 bus_irq 5 global_irq 5 high level)
[    0.580384] kernel: ACPI: INT_SRC_OVR (bus 0 bus_irq 9 global_irq 9 high level)
[    0.580385] kernel: ACPI: INT_SRC_OVR (bus 0 bus_irq 10 global_irq 10 high level)
[    0.580386] kernel: ACPI: INT_SRC_OVR (bus 0 bus_irq 11 global_irq 11 high level)
[    0.580389] kernel: ACPI: Using ACPI (MADT) for SMP configuration information
[    0.580390] kernel: ACPI: HPET id: 0x8086a201 base: 0xfed00000
[    0.580393] kernel: TSC deadline timer available
[    0.580394] kernel: smpboot: Allowing 2 CPUs, 0 hotplug CPUs
[    0.580415] kernel: kvm-guest: KVM setup pv remote TLB flush
[    0.580419] kernel: kvm-guest: setup PV sched yield
[    0.580426] kernel: PM: hibernation: Registered nosave memory: [mem 0x00000000-0x00000fff]
[    0.580427] kernel: PM: hibernation: Registered nosave memory: [mem 0x0009f000-0x0009ffff]
[    0.580428] kernel: PM: hibernation: Registered nosave memoon
[    0.876418] kernel: Spectre V2 : Mitigation: Enhanced IBRS
[    0.876419] kernel: Spectre V2 : Spectre v2 / SpectreRSB mitigation: Filling RSB on context switch
[    0.876421] kernel: Spectre V2 : mitigation: Enabling conditional Indirect Branch Prediction Barrier
[    0.876423] kernel: Speculative Store Bypass: Mitigation: Speculative Store Bypass disabled via prctl and seccomp
[    0.876424] kernel: TAA: Mitigation: TSX disabled
[    0.883388] kernel: Freeing SMP alternatives memory: 40K
[    0.883591] kernel: smpboot: CPU0: Intel(R) Xeon(R) Gold 6348 CPU @ 2.60GHz (family: 0x6, model: 0x6a, stepping: 0x6)
[    0.883731] kernel: Performance Events: Icelake events, 32-deep LBR, full-width counters, Intel PMU driver.
[    0.884078] kernel: ... version:                2
[    0.884080] kernel: ... bit width:              48
[    0.884081] kernel: ... generic registers:      8
[    0.884082] kernel: ... value mask:             0000ffffffffffff
[    0.884083] kernel: ... max period:ry: [mem 0x000a0000-0x000effff]
[    0.580429] kernel: PM: hibernation: Registered nosave memory: [mem 0x000f0000-0x000fffff]
[    0.580429] kernel: PM: hibernation: Registered nosave memory: [mem 0xbffe0000-0xbfffffff]
[    0.580430] kernel: PM: hibernation: Registered nosave memory: [mem 0xc0000000-0xfeffbfff]
[    0.580431] kernel: PM: hibernation: Registered nosave memory: [mem 0xfeffc000-0xfeffffff]
[    0.580431] kernel: PM: hibernation: Registered nosave memory: [mem 0xff000000-0xfffbffff]
[    0.580432] kernel: PM: hibernation: Registered nosave memory: [mem 0xfffc0000-0xffffffff]
[    0.580434] kernel: [mem 0xc0000000-0xfeffbfff] available for PCI devices
[    0.580435] kernel: Booting paravirtualized kernel on KVM
[    0.580437] kernel: clocksource: refined-jiffies: mask: 0xffffffff max_cycles: 0xffffffff, max_idle_ns: 1910969940391419 ns
[    0.584364] kernel: setup_percpu: NR_CPUS:64 nr_cpumask_bits:64 nr_cpu_ids:2 nr_node_ids:1
[    0.585088] kernel: percpu: Embedded 56 p             00007fffffffffff
[    0.884084] kernel: ... fixed-purpose events:   3
[    0.884085] kernel: ... event mask:             00000007000000ff
[    0.885124] kernel: rcu: Hierarchical SRCU implementation.
[    0.885508] kernel: smp: Bringing up secondary CPUs ...
[    0.885639] kernel: x86: Booting SMP configuration:
[    0.885640] kernel: .... node  #0, CPUs:      #1
[    0.006527] kernel: kvm-clock: cpu 1, msr bae6e041, secondary cpu clock
[    0.006527] kernel: smpboot: CPU 1 Converting physical 0 to logical die 1
[    0.893666] kernel: kvm-guest: setup async PF for cpu 1
[    0.893666] kernel: kvm-guest: stealtime: cpu 1, msr 26571f140
[    0.893666] kernel: smp: Brought up 1 node, 2 CPUs
[    0.893666] kernel: smpboot: Max logical packages: 2
[    0.893666] kernel: smpboot: Total of 2 processors activated (10375.62 BogoMIPS)
[    0.894739] kernel: devtmpfs: initialized
[    0.895373] kernel: clocksource: jiffies: mask: 0xffffffff max_cycles: 0xffffffff, max_idle_ns: 1911260446275000 ns
[    0.895373] kernel: futex hash table entries: 512 (order: 3, 32768 bytes, linear)
[    0.895373] kernel: PM: RTC time: 21:14:57, date: 2023-03-06
[    0.896123] kernel: NET: Registered PF_NETLINK/PF_ROUTE protocol family
[    0.896342] kernel: audit: initializing netlink subsys (disabled)
[    0.896389] kernel: thermal_sys: Registered thermal governor 'step_wise'
[    0.896389] kernel: thermal_sys: Registered thermal governor 'user_space'
[    0.896389] kernel: audit: type=2000 audit(1678137297.605:1): state=initialized audit_enabled=0 res=1
[    0.896389] kernel: cpuidle: using governor menu
[    0.896389] kernel: ACPI: bus type PCI registered
[    0.897086] kernel: PCI: Using configuration type 1 for base access
[    0.902724] kernel: Kprobes globally optimized
[    0.903086] kernel: HugeTLB registered 2.00 MiB page size, pre-allocated 0 pages
[    0.903086] kernel: cryptomgr_test (26) used greatest stack depth: 31400 bytes left
[    0.904089] kernel: ACPI: Added _OSI(Module Device)
[    0.904089] kernel: ACPI: Added _OSI(Processor Device)
[    0.904089] kernel: ACPI: Added _OSI(3.0 _SCP Extensions)
[    0.904089] kernel: ACPI: Added _OSI(Processor Aggregator Device)
[    0.904089] kernel: ACPI: Added _OSI(Linux-Dell-Video)
[    0.904089] kernel: ACPI: Added _OSI(Linux-Lenovo-NV-HDMI-Audio)
[    0.904089] kernel: ACPI: Added _OSI(Linux-HPI-Hybrid-Graphics)
[    0.910024] kernel: ACPI: 1 ACPI AML tables successfully acquired and loaded
[    0.914536] kernel: ACPI: Interpreter enabled
[    0.914570] kernel: ACPI: PM: (supports S0 S3 S4 S5)
[    0.914572] kernel: ACPI: Using IOAPIC for interrupt routing
[    0.914606] kernel: PCI: Using host bridge windows from ACPI; if necessary, use "pci=nocrs" and report a bug
[    0.914967] kernel: ACPI: Enabled 2 GPEs in block 00 to 0F
[    0.925062] kernel: ACPI: PCI Root Bridge [PCI0] (domain 0000 [bus 00-ff])
[    0.925079] kernel: acpi PNP0A03:00: _OSC: OS supports [ASPM ClockPM Segments MSI HPX-Type3]
[ able
[    0.000431] kernel: last_pfn = 0x2c0000 max_arch_pfn = 0x10000000000
[    0.000478] kernel: x86/PAT: Configuration [0-7]: WB  WC  UC- UC  WB  WP  UC- WT  
[    0.000483] kernel: last_pfn = 0xbffe0 max_arch_pfn = 0x10000000000
[    0.004653] kernel: found SMP MP-table at [mem 0x000f5c80-0x000f5c8f]
[    0.004677] kernel: Using GB pages for direct mapping
[    0.004801] kernel: ACPI: Early table checksum verification disabled
[    0.004805] kernel: ACPI: RSDP 0x00000000000F5A50 000014 (v00 BOCHS )
[    0.004813] kernel: ACPI: RSDT 0x00000000BFFE15C9 000030 (v01 BOCHS  BXPCRSDT 00000001 BXPC 00000001)
[    0.004818] kernel: ACPI: FACP 0x00000000BFFE149D 000074 (v01 BOCHS  BXPCFACP 00000001 BXPC 00000001)
[    0.004823] kernel: ACPI: DSDT 0x00000000BFFE0040 00145D (v01 BOCHS  BXPCDSDT 00000001 BXPC 00000001)
[    0.004826] kernel: ACPI: FACS 0x00000000BFFE0000 000040
[    0.004828] kernel: ACPI: APIC 0x00000000BFFE1511 000080 (v01 BOCHS  BXPCAPIC 00000001 BXPC 00000001)
[    0.004   0.925125] kernel: acpi PNP0A03:00: fail to add MMCONFIG information, can't access extended PCI configuration space under this bridge.
[    0.925237] kernel: PCI host bridge to bus 0000:00
[    0.925240] kernel: pci_bus 0000:00: root bus resource [io  0x0000-0x0cf7 window]
[    0.925243] kernel: pci_bus 0000:00: root bus resource [io  0x0d00-0xffff window]
[    0.925245] kernel: pci_bus 0000:00: root bus resource [mem 0x000a0000-0x000bffff window]
[    0.925247] kernel: pci_bus 0000:00: root bus resource [mem 0xc0000000-0xfebfffff window]
[    0.925249] kernel: pci_bus 0000:00: root bus resource [mem 0x2c0000000-0x33fffffff window]
[    0.925251] kernel: pci_bus 0000:00: root bus resource [bus 00-ff]
[    0.925726] kernel: pci 0000:00:00.0: [8086:1237] type 00 class 0x060000
[    0.926623] kernel: pci 0000:00:01.0: [8086:7000] type 00 class 0x060100
[    0.927421] kernel: pci 0000:00:01.1: [8086:7010] type 00 class 0x010180
[    0.929719] kernel: pci 0000:00:01.1: reg 0x20: [io  0xc040-0xc04f]
[    0.931273] kernel: pci 0000:00:01.1: legacy IDE quirk: reg 0x10: [io  0x01f0-0x01f7]
[    0.931278] kernel: pci 0000:00:01.1: legacy IDE quirk: reg 0x14: [io  0x03f6]
[    0.931279] kernel: pci 0000:00:01.1: legacy IDE quirk: reg 0x18: [io  0x0170-0x0177]
[    0.931280] kernel: pci 0000:00:01.1: legacy IDE quirk: reg 0x1c: [io  0x0376]
[    0.932195] kernel: pci 0000:00:01.3: [8086:7113] type 00 class 0x068000
[    0.932471] kernel: pci 0000:00:01.3: quirk: [io  0x0600-0x063f] claimed by PIIX4 ACPI
[    0.932477] kernel: pci 0000:00:01.3: quirk: [io  0x0700-0x070f] claimed by PIIX4 SMB
[    0.933269] kernel: pci 0000:00:02.0: [1234:1111] type 00 class 0x030000
[    0.934432] kernel: pci 0000:00:02.0: reg 0x10: [mem 0xfd000000-0xfdffffff pref]
[    0.935774] kernel: pci 0000:00:02.0: reg 0x18: [mem 0xfeb90000-0xfeb90fff]
[    0.939559] kernel: pci 0000:00:02.0: reg 0x30: [mem 0xfeb80000-0xfeb8ffff pref]
[    0.941394] kernel: pci 0000:00:03.0: [1af4:1005] type 00 class ble
[    0.000419] kernel: last_pfn = 0x2c0000 max_arch_pfn = 0x10000000000
[    0.000472] kernel: x86/PAT: Configuration [0-7]: WB  WC  UC- UC  WB  WP  UC- WT  
[    0.000478] kernel: last_pfn = 0xbffe0 max_arch_pfn = 0x10000000000
[    0.004646] kernel: found SMP MP-table at [mem 0x000f5c80-0x000f5c8f]
[    0.004674] kernel: Using GB pages for direct mapping
[    0.005480] kernel: ACPI: Early table checksum verification disabled
[    0.005486] kernel: ACPI: RSDP 0x00000000000F5A50 000014 (v00 BOCHS )
[    0.005493] kernel: ACPI: RSDT 0x00000000BFFE15C9 000030 (v01 BOCHS  BXPCRSDT 00000001 BXPC 00000001)
[    0.005499] kernel: ACPI: FACP 0x00000000BFFE149D 000074 (v01 BOCHS  BXPCFACP 00000001 BXPC 00000001)
[    0.005504] kernel: ACPI: DSDT 0x00000000BFFE0040 00145D (v01 BOCHS  BXPCDSDT 00000001 BXPC 00000001)
[    0.005507] kernel: ACPI: FACS 0x00000000BFFE0000 000040
[    0.005509] kernel: ACPI: APIC 0x00000000BFFE1511 000080 (v01 BOCHS  BXPCAPIC 00000001 BXPC 00000001)
[    0.00550x00ff00
[    0.942015] kernel: pci 0000:00:03.0: reg 0x10: [io  0xc000-0xc01f]
[    0.945023] kernel: pci 0000:00:03.0: reg 0x20: [mem 0xfe200000-0xfe203fff 64bit pref]
[    0.946716] kernel: pci 0000:00:04.0: [1af4:1000] type 00 class 0x020000
[    0.947405] kernel: pci 0000:00:04.0: reg 0x10: [io  0xc020-0xc03f]
[    0.948015] kernel: pci 0000:00:04.0: reg 0x14: [mem 0xfeb91000-0xfeb91fff]
[    0.950655] kernel: pci 0000:00:04.0: reg 0x20: [mem 0xfe204000-0xfe207fff 64bit pref]
[    0.952000] kernel: pci 0000:00:04.0: reg 0x30: [mem 0xfeb00000-0xfeb7ffff pref]
[    0.954355] kernel: pci 0000:00:10.0: [1af4:1110] type 00 class 0x050000
[    0.955563] kernel: pci 0000:00:10.0: reg 0x10: [mem 0xfeb92000-0xfeb920ff]
[    0.957553] kernel: pci 0000:00:10.0: reg 0x18: [mem 0xfe000000-0xfe0fffff 64bit pref]
[    0.962064] kernel: pci 0000:00:11.0: [1af4:1110] type 00 class 0x050000
[    0.962792] kernel: pci 0000:00:11.0: reg 0x10: [mem 0xfeb93000-0xfeb930ff]
[    0.963925] kernel: pci 0012] kernel: ACPI: HPET 0x00000000BFFE1591 000038 (v01 BOCHS  BXPCHPET 00000001 BXPC 00000001)
[    0.005513] kernel: ACPI: Reserving FACP table memory at [mem 0xbffe149d-0xbffe1510]
[    0.005515] kernel: ACPI: Reserving DSDT table memory at [mem 0xbffe0040-0xbffe149c]
[    0.005515] kernel: ACPI: Reserving FACS table memory at [mem 0xbffe0000-0xbffe003f]
[    0.005516] kernel: ACPI: Reserving APIC table memory at [mem 0xbffe1511-0xbffe1590]
[    0.005516] kernel: ACPI: Reserving HPET table memory at [mem 0xbffe1591-0xbffe15c8]
[    0.005829] kernel: No NUMA configuration found
[    0.005829] kernel: Faking a node at [mem 0x0000000000000000-0x00000002bfffffff]
[    0.005832] kernel: NODE_DATA(0) allocated [mem 0x2bfffa000-0x2bfffdfff]
[    0.005901] kernel: Zone ranges:
[    0.005901] kernel:   DMA      [mem 0x0000000000001000-0x0000000000ffffff]
[    0.005903] kernel:   DMA32    [mem 0x0000000001000000-0x00000000ffffffff]
[    0.005904] kernel:   Normal   [mem 0x0000000100000000-0x00ages/cpu s191576 r8192 d29608 u1048576
[    0.585092] kernel: pcpu-alloc: s191576 r8192 d29608 u1048576 alloc=1*2097152
[    0.585095] kernel: pcpu-alloc: [0] 0 1 
[    0.585118] kernel: kvm-guest: setup async PF for cpu 0
[    0.585123] kernel: kvm-guest: stealtime: cpu 0, msr 26561f140
[    0.585127] kernel: Built 1 zonelists, mobility grouping on.  Total pages: 2580192
[    0.585128] kernel: Policy zone: Normal
[    0.585129] kernel: Kernel command line: root=/dev/sda console=ttyS0 net.ifnames=0 ip=192.168.0.35 quiet
[    0.590305] kernel: Dentry cache hash table entries: 2097152 (order: 12, 16777216 bytes, linear)
[    0.592923] kernel: Inode-cache hash table entries: 1048576 (order: 11, 8388608 bytes, linear)
[    0.592977] kernel: mem auto-init: stack:off, heap alloc:off, heap free:off
[    0.809826] kernel: Memory: 8872656K/10485240K available (14348K kernel code, 2403K rwdata, 3568K rodata, 1384K init, 1732K bss, 1612384K reserved, 0K cma-reserved)
[    0.809915] kernel: SLUB:00:00:11.0: reg 0x18: [mem 0xfe208000-0xfe2083ff 64bit pref]
[    0.966197] kernel: pci 0000:00:12.0: [1af4:1110] type 00 class 0x050000
[    0.967015] kernel: pci 0000:00:12.0: reg 0x10: [mem 0xfeb94000-0xfeb940ff]
[    0.969018] kernel: pci 0000:00:12.0: reg 0x18: [mem 0xfe100000-0xfe1fffff 64bit pref]
[    0.973690] kernel: ACPI: PCI: Interrupt link LNKA configured for IRQ 10
[    0.974040] kernel: ACPI: PCI: Interrupt link LNKB configured for IRQ 10
[    0.974347] kernel: ACPI: PCI: Interrupt link LNKC configured for IRQ 11
[    0.974677] kernel: ACPI: PCI: Interrupt link LNKD configured for IRQ 11
[    0.974810] kernel: ACPI: PCI: Interrupt link LNKS configured for IRQ 9
[    0.975480] kernel: iommu: Default domain type: Translated 
[    0.975481] kernel: iommu: DMA domain TLB invalidation policy: lazy mode 
[    0.975593] kernel: pci 0000:00:02.0: vgaarb: setting as boot VGA device
[    0.975609] kernel: pci 0000:00:02.0: vgaarb: VGA device added: decodes=io+mem,owns=io+mem,lock HWalign=64, Order=0-3, MinObjects=0, CPUs=2, Nodes=1
[    0.810600] kernel: rcu: Hierarchical RCU implementation.
[    0.810602] kernel: rcu:         RCU event tracing is enabled.
[    0.810603] kernel: rcu:         RCU restricting CPUs from NR_CPUS=64 to nr_cpu_ids=2.
[    0.810605] kernel: rcu: RCU calculated value of scheduler-enlistment delay is 100 jiffies.
[    0.810606] kernel: rcu: Adjusting geometry for rcu_fanout_leaf=16, nr_cpu_ids=2
[    0.813343] kernel: NR_IRQS: 4352, nr_irqs: 440, preallocated irqs: 16
[    0.813560] kernel: random: get_random_bytes called from start_kernel+0x4b1/0x67a with crng_init=0
[    0.817519] kernel: Console: colour VGA+ 80x25
[    0.817560] kernel: printk: console [ttyS0] enabled
[    0.817579] kernel: ACPI: Core revision 20210730
[    0.817724] kernel: clocksource: hpet: mask: 0xffffffff max_cycles: 0xffffffff, max_idle_ns: 19112604467 ns
[    0.817830] kernel: APIC: Switch to symmetric I/O mode setup
[    0.817834] kernel: kvm-guest: setup P000002bfffffff]
[    0.005905] kernel: Movable zone start for each node
[    0.005906] kernel: Early memory node ranges
[    0.005906] kernel:   node   0: [mem 0x0000000000001000-0x000000000009efff]
[    0.005907] kernel:   node   0: [mem 0x0000000000100000-0x00000000bffdffff]
[    0.005908] kernel:   node   0: [mem 0x0000000100000000-0x00000002bfffffff]
[    0.005910] kernel: Initmem setup node 0 [mem 0x0000000000001000-0x00000002bfffffff]
[    0.006518] kernel: On node 0, zone DMA: 1 pages in unavailable ranges
[    0.006529] kernel: On node 0, zone DMA: 97 pages in unavailable ranges
[    0.073427] kernel: On node 0, zone Normal: 32 pages in unavailable ranges
[    0.592364] kernel: kasan: KernelAddressSanitizer initialized
[    0.592711] kernel: ACPI: PM-Timer IO Port: 0x608
[    0.592718] kernel: ACPI: LAPIC_NMI (acpi_id[0xff] dfl dfl lint[0x1])
[    0.592754] kernel: IOAPIC[0]: apic_id 0, version 17, address 0xfec00000, GSI 0-23
[    0.592757] kernel: ACPI: INT_SRC_OVR (bus 0 bus=none
[    0.975612] kernel: pci 0000:00:02.0: vgaarb: bridge control possible
[    0.975613] kernel: vgaarb: loaded
[    0.975825] kernel: SCSI subsystem initialized
[    0.976074] kernel: libata version 3.00 loaded.
[    0.976134] kernel: ACPI: bus type USB registered
[    0.976184] kernel: usbcore: registered new interface driver usbfs
[    0.976206] kernel: usbcore: registered new interface driver hub
[    0.976221] kernel: usbcore: registered new device driver usb
[    0.976265] kernel: pps_core: LinuxPPS API ver. 1 registered
[    0.976266] kernel: pps_core: Software ver. 5.3.6 - Copyright 2005-2007 Rodolfo Giometti <giometti@linux.it>
[    0.976277] kernel: PTP clock support registered
[    0.976331] kernel: Advanced Linux Sound Architecture Driver Initialized.
[    0.977116] kernel: NetLabel: Initializing
[    0.977117] kernel: NetLabel:  domain hash size = 128
[    0.977118] kernel: NetLabel:  protocols = UNLABELED CIPSOv4 CALIPSO
[    0.977153] kernel: NetLabel:  unlabeled V IPIs
[    0.818718] kernel: ..TIMER: vector=0x30 apic1=0 pin1=2 apic2=-1 pin2=-1
[    0.818739] kernel: clocksource: tsc-early: mask: 0xffffffffffffffff max_cycles: 0x2563bf907c6, max_idle_ns: 440795319401 ns
[    0.818746] kernel: Calibrating delay loop (skipped) preset value.. 5187.81 BogoMIPS (lpj=2593906)
[    0.818749] kernel: pid_max: default: 32768 minimum: 301
[    0.819745] kernel: LSM: Security Framework initializing
[    0.819759] kernel: SELinux:  Initializing.
[    0.819851] kernel: Mount-cache hash table entries: 32768 (order: 6, 262144 bytes, linear)
[    0.820541] kernel: Mountpoint-cache hash table entries: 32768 (order: 6, 262144 bytes, linear)
[    0.820983] kernel: x86/cpu: User Mode Instruction Prevention (UMIP) activated
[    0.821069] kernel: Last level iTLB entries: 4KB 0, 2MB 0, 4MB 0
[    0.821070] kernel: Last level dTLB entries: 4KB 0, 2MB 0, 4MB 0, 1GB 0
[    0.821079] kernel: Spectre V1 : Mitigation: usercopy/swapgs barriers and __user pointer sanitizattraffic allowed by default
[    0.977192] kernel: PCI: Using ACPI for IRQ routing
[    0.977192] kernel: PCI: pci_cache_line_size set to 64 bytes
[    0.977192] kernel: e820: reserve RAM buffer [mem 0x0009fc00-0x0009ffff]
[    0.977192] kernel: e820: reserve RAM buffer [mem 0xbffe0000-0xbfffffff]
[    0.977217] kernel: hpet0: at MMIO 0xfed00000, IRQs 2, 8, 0
[    0.977220] kernel: hpet0: 3 comparators, 64-bit 100.000000 MHz counter
[    0.980160] kernel: clocksource: Switched to clocksource kvm-clock
[    1.031543] kernel: VFS: Disk quotas dquot_6.6.0
[    1.031563] kernel: VFS: Dquot-cache hash table entries: 512 (order 0, 4096 bytes)
[    1.031680] kernel: pnp: PnP ACPI init
[    1.031991] kernel: pnp 00:03: [dma 2]
[    1.037488] kernel: pnp: PnP ACPI: found 6 devices
[    1.045948] kernel: clocksource: acpi_pm: mask: 0xffffff max_cycles: 0xffffff, max_idle_ns: 2085701024 ns
[    1.046007] kernel: NET: Registered PF_INET protocol family
[    1.046700] kernel: IP idents hash table eion
[    0.821083] kernel: Spectre V2 : Mitigation: Enhanced IBRS
[    0.821084] kernel: Spectre V2 : Spectre v2 / SpectreRSB mitigation: Filling RSB on context switch
[    0.821086] kernel: Spectre V2 : mitigation: Enabling conditional Indirect Branch Prediction Barrier
[    0.821087] kernel: Speculative Store Bypass: Mitigation: Speculative Store Bypass disabled via prctl and seccomp
[    0.821088] kernel: TAA: Mitigation: TSX disabled
[    0.828000] kernel: Freeing SMP alternatives memory: 40K
[    0.828193] kernel: smpboot: CPU0: Intel(R) Xeon(R) Gold 6348 CPU @ 2.60GHz (family: 0x6, model: 0x6a, stepping: 0x6)
[    0.828341] kernel: Performance Events: Icelake events, 32-deep LBR, full-width counters, Intel PMU driver.
[    0.828801] kernel: ... version:                2
[    0.828802] kernel: ... bit width:              48
[    0.828804] kernel: ... generic registers:      8
[    0.828804] kernel: ... value mask:             0000ffffffffffff
[    0.828805] kernel: ... max period:             00007fffffffffff
[    0.828806] kernel: ... fixed-purpose events:   3
[    0.828806] kernel: ... event mask:             00000007000000ff
[    0.828982] kernel: rcu: Hierarchical SRCU implementation.
[    0.829338] kernel: smp: Bringing up secondary CPUs ...
[    0.829458] kernel: x86: Booting SMP configuration:
[    0.829458] kernel: .... node  #0, CPUs:      #1
[    0.005215] kernel: kvm-clock: cpu 1, msr 1e7a6e041, secondary cpu clock
[    0.005215] kernel: smpboot: CPU 1 Converting physical 0 to logical die 1
[    0.836815] kernel: kvm-guest: setup async PF for cpu 1
[    0.836815] kernel: kvm-guest: stealtime: cpu 1, msr 26571f140
[    0.837800] kernel: smp: Brought up 1 node, 2 CPUs
[    0.837807] kernel: smpboot: Max logical packages: 2
[    0.837808] kernel: smpboot: Total of 2 processors activated (10375.62 BogoMIPS)
[    0.838321] kernel: devtmpfs: initialized
[    0.839354] kernel: clocksource: jiffies: mask: 0xffffffff max_cycles: 0xffffffff, max_idle_ns: 191ntries: 262144 (order: 9, 2097152 bytes, linear)
[    1.048379] kernel: tcp_listen_portaddr_hash hash table entries: 8192 (order: 5, 131072 bytes, linear)
[    1.048426] kernel: TCP established hash table entries: 131072 (order: 8, 1048576 bytes, linear)
[    1.049134] kernel: TCP bind hash table entries: 65536 (order: 8, 1048576 bytes, linear)
[    1.049248] kernel: TCP: Hash tables configured (established 131072 bind 65536)
[    1.049803] kernel: UDP hash table entries: 8192 (order: 6, 262144 bytes, linear)
[    1.049823] kernel: UDP-Lite hash table entries: 8192 (order: 6, 262144 bytes, linear)
[    1.049936] kernel: NET: Registered PF_UNIX/PF_LOCAL protocol family
[    1.072911] kernel: pci_bus 0000:00: resource 4 [io  0x0000-0x0cf7 window]
[    1.072918] kernel: pci_bus 0000:00: resource 5 [io  0x0d00-0xffff window]
[    1.072919] kernel: pci_bus 0000:00: resource 6 [mem 0x000a0000-0x000bffff window]
[    1.072921] kernel: pci_bus 0000:00: resource 7 [mem 0xc0000000-0xfebfffff wi1260446275000 ns
[    0.839354] kernel: futex hash table entries: 512 (order: 3, 32768 bytes, linear)
[    0.839354] kernel: PM: RTC time: 21:14:57, date: 2023-03-06
[    0.840834] kernel: NET: Registered PF_NETLINK/PF_ROUTE protocol family
[    0.841038] kernel: audit: initializing netlink subsys (disabled)
[    0.841080] kernel: thermal_sys: Registered thermal governor 'step_wise'
[    0.841080] kernel: thermal_sys: Registered thermal governor 'user_space'
[    0.841080] kernel: audit: type=2000 audit(1678137297.618:1): state=initialized audit_enabled=0 res=1
[    0.841080] kernel: cpuidle: using governor menu
[    0.841080] kernel: ACPI: bus type PCI registered
[    0.841080] kernel: PCI: Using configuration type 1 for base access
[    0.847807] kernel: Kprobes globally optimized
[    0.848806] kernel: HugeTLB registered 2.00 MiB page size, pre-allocated 0 pages
[    0.848806] kernel: cryptomgr_test (26) used greatest stack depth: 31400 bytes left
[    0.849814] kernel: ACPI: Addeds_irq 0 global_irq 2 dfl dfl)
[    0.592758] kernel: ACPI: INT_SRC_OVR (bus 0 bus_irq 5 global_irq 5 high level)
[    0.592760] kernel: ACPI: INT_SRC_OVR (bus 0 bus_irq 9 global_irq 9 high level)
[    0.592761] kernel: ACPI: INT_SRC_OVR (bus 0 bus_irq 10 global_irq 10 high level)
[    0.592762] kernel: ACPI: INT_SRC_OVR (bus 0 bus_irq 11 global_irq 11 high level)
[    0.592765] kernel: ACPI: Using ACPI (MADT) for SMP configuration information
[    0.592766] kernel: ACPI: HPET id: 0x8086a201 base: 0xfed00000
[    0.592769] kernel: TSC deadline timer available
[    0.592770] kernel: smpboot: Allowing 2 CPUs, 0 hotplug CPUs
[    0.592790] kernel: kvm-guest: KVM setup pv remote TLB flush
[    0.592795] kernel: kvm-guest: setup PV sched yield
[    0.592802] kernel: PM: hibernation: Registered nosave memory: [mem 0x00000000-0x00000fff]
[    0.592804] kernel: PM: hibernation: Registered nosave memory: [mem 0x0009f000-0x0009ffff]
[    0.592805] kernel: PM: hibernation: Registered nosave memory: [mem 0x000a0000-0x000effff]
[    0.592805] kernel: PM: hibernation: Registered nosave memory: [mem 0x000f0000-0x000fffff]
[    0.592806] kernel: PM: hibernation: Registered nosave memory: [mem 0xbffe0000-0xbfffffff]
[    0.592807] kernel: PM: hibernation: Registered nosave memory: [mem 0xc0000000-0xfeffbfff]
[    0.592807] kernel: PM: hibernation: Registered nosave memory: [mem 0xfeffc000-0xfeffffff]
[    0.592808] kernel: PM: hibernation: Registered nosave memory: [mem 0xff000000-0xfffbffff]
[    0.592808] kernel: PM: hibernation: Registered nosave memory: [mem 0xfffc0000-0xffffffff]
[    0.592810] kernel: [mem 0xc0000000-0xfeffbfff] available for PCI devices
[    0.592811] kernel: Booting paravirtualized kernel on KVM
[    0.592813] kernel: clocksource: refined-jiffies: mask: 0xffffffff max_cycles: 0xffffffff, max_idle_ns: 1910969940391419 ns
[    0.596941] kernel: setup_percpu: NR_CPUS:64 nr_cpumask_bits:64 nr_cpu_ids:2 nr_node_ids:1
[    0.597679] kernel: percpu: Embedded 56 pages/cpu s191576 r8192 d29608 u1048576
[    0.597684] kernel: pcpu-alloc: s191576 r8192 d29608 u1048576 alloc=1*2097152
[    0.597687] kernel: pcpu-alloc: [0] 0 1 
[    0.597710] kernel: kvm-guest: setup async PF for cpu 0
[    0.597716] kernel: kvm-guest: stealtime: cpu 0, msr 26561f140
[    0.597720] kernel: Built 1 zonelists, mobility grouping on.  Total pages: 2580192
[    0.597721] kernel: Policy zone: Normal
[    0.597722] kernel: Kernel command line: root=/dev/sda console=ttyS0 net.ifnames=0 ip=192.168.0.36 quiet
[    0.603220] kernel: Dentry cache hash table entries: 2097152 (order: 12, 16777216 bytes, linear)
[    0.605904] kernel: Inode-cache hash table entries: 1048576 (order: 11, 8388608 bytes, linear)
[    0.605958] kernel: mem auto-init: stack:off, heap alloc:off, heap free:off
[    0.835530] kernel: Memory: 8872644K/10485240K available (14348K kernel code, 2403K rwdata, 3568K rodata, 1384K init, 1732K bss, 1612396K reserved, 0K cma-reserved)
[    0.835618] kernel: SLUB: ndow]
[    1.072922] kernel: pci_bus 0000:00: resource 8 [mem 0x2c0000000-0x33fffffff window]
[    1.073054] kernel: pci 0000:00:01.0: PIIX3: Enabling Passive Release
[    1.073063] kernel: pci 0000:00:00.0: Limiting direct PCI/PCI transfers
[    1.073072] kernel: pci 0000:00:01.0: Activating ISA DMA hang workarounds
[    1.073107] kernel: pci 0000:00:02.0: Video device with shadowed ROM at [mem 0x000c0000-0x000dffff]
[    1.073142] kernel: PCI: CLS 0 bytes, default 64
[    1.073162] kernel: PCI-DMA: Using software bounce buffering for IO (SWIOTLB)
[    1.073163] kernel: software IO TLB: mapped [mem 0x00000000bbfe0000-0x00000000bffe0000] (64MB)
[    1.073379] kernel: RAPL PMU: API unit is 2^-32 Joules, 0 fixed counters, 10737418240 ms ovfl timer
[    1.073394] kernel: clocksource: tsc: mask: 0xffffffffffffffff max_cycles: 0x2563bf907c6, max_idle_ns: 440795319401 ns
[    1.073450] kernel: clocksource: Switched to clocksource tsc
[    1.075630] kernel: Initialise system trusted keyringsHWalign=64, Order=0-3, MinObjects=0, CPUs=2, Nodes=1
[    0.836328] kernel: rcu: Hierarchical RCU implementation.
[    0.836330] kernel: rcu:         RCU event tracing is enabled.
[    0.836331] kernel: rcu:         RCU restricting CPUs from NR_CPUS=64 to nr_cpu_ids=2.
[    0.836333] kernel: rcu: RCU calculated value of scheduler-enlistment delay is 100 jiffies.
[    0.836334] kernel: rcu: Adjusting geometry for rcu_fanout_leaf=16, nr_cpu_ids=2
[    0.839015] kernel: NR_IRQS: 4352, nr_irqs: 440, preallocated irqs: 16
[    0.839224] kernel: random: get_random_bytes called from start_kernel+0x4b1/0x67a with crng_init=0
[    0.843131] kernel: Console: colour VGA+ 80x25
[    0.843177] kernel: printk: console [ttyS0] enabled
[    0.843195] kernel: ACPI: Core revision 20210730
[    0.843339] kernel: clocksource: hpet: mask: 0xffffffff max_cycles: 0xffffffff, max_idle_ns: 19112604467 ns
[    0.843470] kernel: APIC: Switch to symmetric I/O mode setup
[    0.843473] kernel: kvm-guest: setup PV
[    1.075722] kernel: workingset: timestamp_bits=56 max_order=22 bucket_order=0
[    1.091205] kernel: fuse: init (API version 7.34)
[    1.091507] kernel: orangefs_debugfs_init: called with debug mask: :none: :0:
[    1.091590] kernel: orangefs_init: module version upstream loaded
[    1.109558] kernel: Key type asymmetric registered
[    1.109562] kernel: Asymmetric key parser 'x509' registered
[    1.109644] kernel: Block layer SCSI generic (bsg) driver version 0.4 loaded (major 250)
[    1.109646] kernel: io scheduler mq-deadline registered
[    1.109648] kernel: io scheduler kyber registered
[    1.110054] kernel: input: Power Button as /devices/LNXSYSTM:00/LNXPWRBN:00/input/input0
[    1.110189] kernel: ACPI: button: Power Button [PWRF]
[    1.559122] kernel: ACPI: \_SB_.LNKC: Enabled at IRQ 11
[    1.880127] kernel: ACPI: \_SB_.LNKD: Enabled at IRQ 10
[    1.881316] kernel: Serial: 8250/16550 driver, 4 ports, IRQ sharing enabled
[    1.881433] kernel: 00:05: ttyS0 at I/O 0x3f831] kernel: ACPI: HPET 0x00000000BFFE1591 000038 (v01 BOCHS  BXPCHPET 00000001 BXPC 00000001)
[    0.004833] kernel: ACPI: Reserving FACP table memory at [mem 0xbffe149d-0xbffe1510]
[    0.004834] kernel: ACPI: Reserving DSDT table memory at [mem 0xbffe0040-0xbffe149c]
[    0.004835] kernel: ACPI: Reserving FACS table memory at [mem 0xbffe0000-0xbffe003f]
[    0.004835] kernel: ACPI: Reserving APIC table memory at [mem 0xbffe1511-0xbffe1590]
[    0.004836] kernel: ACPI: Reserving HPET table memory at [mem 0xbffe1591-0xbffe15c8]
[    0.005087] kernel: No NUMA configuration found
[    0.005088] kernel: Faking a node at [mem 0x0000000000000000-0x00000002bfffffff]
[    0.005090] kernel: NODE_DATA(0) allocated [mem 0x2bfffc000-0x2bfffffff]
[    0.005838] kernel: Zone ranges:
[    0.005839] kernel:   DMA      [mem 0x0000000000001000-0x0000000000ffffff]
[    0.005841] kernel:   DMA32    [mem 0x0000000001000000-0x00000000ffffffff]
[    0.005842] kernel:   Normal   [mem 0x0000000100000000-0x0 _OSI(Module Device)
[    0.849814] kernel: ACPI: Added _OSI(Processor Device)
[    0.849814] kernel: ACPI: Added _OSI(3.0 _SCP Extensions)
[    0.849814] kernel: ACPI: Added _OSI(Processor Aggregator Device)
[    0.849814] kernel: ACPI: Added _OSI(Linux-Dell-Video)
[    0.849814] kernel: ACPI: Added _OSI(Linux-Lenovo-NV-HDMI-Audio)
[    0.849814] kernel: ACPI: Added _OSI(Linux-HPI-Hybrid-Graphics)
[    0.855854] kernel: ACPI: 1 ACPI AML tables successfully acquired and loaded
[    0.859215] kernel: ACPI: Interpreter enabled
[    0.859247] kernel: ACPI: PM: (supports S0 S3 S4 S5)
[    0.859249] kernel: ACPI: Using IOAPIC for interrupt routing
[    0.859286] kernel: PCI: Using host bridge windows from ACPI; if necessary, use "pci=nocrs" and report a bug
[    0.859656] kernel: ACPI: Enabled 2 GPEs in block 00 to 0F
[    0.870024] kernel: ACPI: PCI Root Bridge [PCI0] (domain 0000 [bus 00-ff])
[    0.870035] kernel: acpi PNP0A03:00: _OSC: OS supports [ASPM ClockPM Segments MSI HPX-Type3]
 IPIs
[    0.844339] kernel: ..TIMER: vector=0x30 apic1=0 pin1=2 apic2=-1 pin2=-1
[    0.844359] kernel: clocksource: tsc-early: mask: 0xffffffffffffffff max_cycles: 0x2563bf907c6, max_idle_ns: 440795319401 ns
[    0.844367] kernel: Calibrating delay loop (skipped) preset value.. 5187.81 BogoMIPS (lpj=2593906)
[    0.844369] kernel: pid_max: default: 32768 minimum: 301
[    0.845363] kernel: LSM: Security Framework initializing
[    0.845383] kernel: SELinux:  Initializing.
[    0.845478] kernel: Mount-cache hash table entries: 32768 (order: 6, 262144 bytes, linear)
[    0.846085] kernel: Mountpoint-cache hash table entries: 32768 (order: 6, 262144 bytes, linear)
[    0.846539] kernel: x86/cpu: User Mode Instruction Prevention (UMIP) activated
[    0.846627] kernel: Last level iTLB entries: 4KB 0, 2MB 0, 4MB 0
[    0.846628] kernel: Last level dTLB entries: 4KB 0, 2MB 0, 4MB 0, 1GB 0
[    0.846638] kernel: Spectre V1 : Mitigation: usercopy/swapgs barriers and __user pointer sanitizati8 (irq = 4, base_baud = 115200) is a 16550A
[    1.882163] kernel: Non-volatile memory driver v1.3
[    1.882213] kernel: Linux agpgart interface v0.103
[    1.885971] kernel: loop: module loaded
[    1.886169] kernel: ata_piix 0000:00:01.1: version 2.13
[    1.896962] kernel: scsi host0: ata_piix
[    1.897261] kernel: scsi host1: ata_piix
[    1.897337] kernel: ata1: PATA max MWDMA2 cmd 0x1f0 ctl 0x3f6 bmdma 0xc040 irq 14
[    1.897339] kernel: ata2: PATA max MWDMA2 cmd 0x170 ctl 0x376 bmdma 0xc048 irq 15
[    1.897616] kernel: libphy: Fixed MDIO Bus: probed
[    1.901636] kernel: e100: Intel(R) PRO/100 Network Driver
[    1.901639] kernel: e100: Copyright(c) 1999-2006 Intel Corporation
[    1.901649] kernel: e1000: Intel(R) PRO/1000 Network Driver
[    1.901650] kernel: e1000: Copyright (c) 1999-2006 Intel Corporation.
[    1.901671] kernel: e1000e: Intel(R) PRO/1000 Network Driver
[    1.901672] kernel: e1000e: Copyright(c) 1999 - 2015 Intel Corporation.
[    1.901692] kernel: sky[    0.870079] kernel: acpi PNP0A03:00: fail to add MMCONFIG information, can't access extended PCI configuration space under this bridge.
[    0.870208] kernel: PCI host bridge to bus 0000:00
[    0.870211] kernel: pci_bus 0000:00: root bus resource [io  0x0000-0x0cf7 window]
[    0.870214] kernel: pci_bus 0000:00: root bus resource [io  0x0d00-0xffff window]
[    0.870216] kernel: pci_bus 0000:00: root bus resource [mem 0x000a0000-0x000bffff window]
[    0.870218] kernel: pci_bus 0000:00: root bus resource [mem 0xc0000000-0xfebfffff window]
[    0.870220] kernel: pci_bus 0000:00: root bus resource [mem 0x2c0000000-0x33fffffff window]
[    0.870222] kernel: pci_bus 0000:00: root bus resource [bus 00-ff]
[    0.870745] kernel: pci 0000:00:00.0: [8086:1237] type 00 class 0x060000
[    0.871630] kernel: pci 0000:00:01.0: [8086:7000] type 00 class 0x060100
[    0.872342] kernel: pci 0000:00:01.1: [8086:7010] type 00 class 0x010180
[    0.874418] kernel: pci 0000:00:01.1: reg 0x20: [io  0on
[    0.846642] kernel: Spectre V2 : Mitigation: Enhanced IBRS
[    0.846643] kernel: Spectre V2 : Spectre v2 / SpectreRSB mitigation: Filling RSB on context switch
[    0.846645] kernel: Spectre V2 : mitigation: Enabling conditional Indirect Branch Prediction Barrier
[    0.846646] kernel: Speculative Store Bypass: Mitigation: Speculative Store Bypass disabled via prctl and seccomp
[    0.846647] kernel: TAA: Mitigation: TSX disabled
[    0.852591] kernel: Freeing SMP alternatives memory: 40K
[    0.852731] kernel: smpboot: CPU0: Intel(R) Xeon(R) Gold 6348 CPU @ 2.60GHz (family: 0x6, model: 0x6a, stepping: 0x6)
[    0.852865] kernel: Performance Events: Icelake events, 32-deep LBR, full-width counters, Intel PMU driver.
[    0.852967] kernel: ... version:                2
[    0.852968] kernel: ... bit width:              48
[    0.852969] kernel: ... generic registers:      8
[    0.852969] kernel: ... value mask:             0000ffffffffffff
[    0.852970] kernel: ... max period:2: driver version 1.30
[    1.901883] kernel: ehci_hcd: USB 2.0 'Enhanced' Host Controller (EHCI) Driver
[    1.901884] kernel: ehci-pci: EHCI PCI platform driver
[    1.901898] kernel: ohci_hcd: USB 1.1 'Open' Host Controller (OHCI) Driver
[    1.901903] kernel: ohci-pci: OHCI PCI platform driver
[    1.901913] kernel: uhci_hcd: USB Universal Host Controller Interface driver
[    1.902036] kernel: usbcore: registered new interface driver usblp
[    1.902051] kernel: usbcore: registered new interface driver usb-storage
[    1.902101] kernel: i8042: PNP: PS/2 Controller [PNP0303:KBD,PNP0f13:MOU] at 0x60,0x64 irq 1,12
[    1.911493] kernel: serio: i8042 KBD port at 0x60,0x64 irq 1
[    1.911503] kernel: serio: i8042 AUX port at 0x60,0x64 irq 12
[    1.912038] kernel: input: AT Translated Set 2 keyboard as /devices/platform/i8042/serio0/input/input1
[    1.912268] kernel: rtc_cmos 00:00: RTC can wake from S4
[    1.913037] kernel: rtc_cmos 00:00: registered as rtc0
[    1.913070] kernel:             00007fffffffffff
[    0.852971] kernel: ... fixed-purpose events:   3
[    0.852972] kernel: ... event mask:             00000007000000ff
[    0.853087] kernel: rcu: Hierarchical SRCU implementation.
[    0.853362] kernel: smp: Bringing up secondary CPUs ...
[    0.853362] kernel: x86: Booting SMP configuration:
[    0.853362] kernel: .... node  #0, CPUs:      #1
[    0.005169] kernel: kvm-clock: cpu 1, msr 5846e041, secondary cpu clock
[    0.005169] kernel: smpboot: CPU 1 Converting physical 0 to logical die 1
[    0.866204] kernel: kvm-guest: setup async PF for cpu 1
[    0.866204] kernel: kvm-guest: stealtime: cpu 1, msr 26571f140
[    0.866204] kernel: smp: Brought up 1 node, 2 CPUs
[    0.866204] kernel: smpboot: Max logical packages: 2
[    0.866204] kernel: smpboot: Total of 2 processors activated (10375.62 BogoMIPS)
[    0.866755] kernel: devtmpfs: initialized
[    0.867374] kernel: clocksource: jiffies: mask: 0xffffffff max_cycles: 0xffffffff, max_idle_ns: 19112 rtc_cmos 00:00: alarms up to one day, y3k, 114 bytes nvram, hpet irqs
[    1.914111] kernel: device-mapper: ioctl: 4.45.0-ioctl (2021-03-22) initialised: dm-devel@redhat.com
[    1.914117] kernel: intel_pstate: CPU model not supported
[    1.914199] kernel: hid: raw HID events driver (C) Jiri Kosina
[    1.914728] kernel: usbcore: registered new interface driver usbhid
[    1.914730] kernel: usbhid: USB HID core driver
[    1.915036] kernel: netem: version 1.3
[    1.917048] kernel: Initializing XFRM netlink socket
[    1.917297] kernel: NET: Registered PF_INET6 protocol family
[    1.919167] kernel: Segment Routing with IPv6
[    1.919182] kernel: In-situ OAM (IOAM) with IPv6
[    1.919274] kernel: sit: IPv6, IPv4 and MPLS over IPv4 tunneling driver
[    1.920973] kernel: NET: Registered PF_PACKET protocol family
[    1.921024] kernel: 9pnet: Installing 9P2000 support
[    1.921058] kernel: Key type dns_resolver registered
[    1.921070] kernel: Key type ceph registered
[    1.92122xc040-0xc04f]
[    0.875195] kernel: pci 0000:00:01.1: legacy IDE quirk: reg 0x10: [io  0x01f0-0x01f7]
[    0.875198] kernel: pci 0000:00:01.1: legacy IDE quirk: reg 0x14: [io  0x03f6]
[    0.875198] kernel: pci 0000:00:01.1: legacy IDE quirk: reg 0x18: [io  0x0170-0x0177]
[    0.875199] kernel: pci 0000:00:01.1: legacy IDE quirk: reg 0x1c: [io  0x0376]
[    0.876048] kernel: pci 0000:00:01.3: [8086:7113] type 00 class 0x068000
[    0.876313] kernel: pci 0000:00:01.3: quirk: [io  0x0600-0x063f] claimed by PIIX4 ACPI
[    0.876319] kernel: pci 0000:00:01.3: quirk: [io  0x0700-0x070f] claimed by PIIX4 SMB
[    0.877132] kernel: pci 0000:00:02.0: [1234:1111] type 00 class 0x030000
[    0.878230] kernel: pci 0000:00:02.0: reg 0x10: [mem 0xfd000000-0xfdffffff pref]
[    0.879747] kernel: pci 0000:00:02.0: reg 0x18: [mem 0xfeb90000-0xfeb90fff]
[    0.883254] kernel: pci 0000:00:02.0: reg 0x30: [mem 0xfeb80000-0xfeb8ffff pref]
[    0.884182] kernel: pci 0000:00:03.0: [1af4:1005] type 00 clas60446275000 ns
[    0.867378] kernel: futex hash table entries: 512 (order: 3, 32768 bytes, linear)
[    0.868130] kernel: PM: RTC time: 21:14:57, date: 2023-03-06
[    0.868344] kernel: NET: Registered PF_NETLINK/PF_ROUTE protocol family
[    0.868527] kernel: audit: initializing netlink subsys (disabled)
[    0.868589] kernel: thermal_sys: Registered thermal governor 'step_wise'
[    0.868590] kernel: thermal_sys: Registered thermal governor 'user_space'
[    0.868623] kernel: audit: type=2000 audit(1678137297.692:1): state=initialized audit_enabled=0 res=1
[    0.868625] kernel: cpuidle: using governor menu
[    0.868625] kernel: ACPI: bus type PCI registered
[    0.868625] kernel: PCI: Using configuration type 1 for base access
[    0.875058] kernel: Kprobes globally optimized
[    0.875421] kernel: HugeTLB registered 2.00 MiB page size, pre-allocated 0 pages
[    0.875422] kernel: cryptomgr_test (26) used greatest stack depth: 31400 bytes left
[    0.876489] kernel: ACPI: Added _s 0x00ff00
[    0.884750] kernel: pci 0000:00:03.0: reg 0x10: [io  0xc000-0xc01f]
[    0.886746] kernel: pci 0000:00:03.0: reg 0x20: [mem 0xfe200000-0xfe203fff 64bit pref]
[    0.888462] kernel: pci 0000:00:04.0: [1af4:1000] type 00 class 0x020000
[    0.889184] kernel: pci 0000:00:04.0: reg 0x10: [io  0xc020-0xc03f]
[    0.889745] kernel: pci 0000:00:04.0: reg 0x14: [mem 0xfeb91000-0xfeb91fff]
[    0.892745] kernel: pci 0000:00:04.0: reg 0x20: [mem 0xfe204000-0xfe207fff 64bit pref]
[    0.893745] kernel: pci 0000:00:04.0: reg 0x30: [mem 0xfeb00000-0xfeb7ffff pref]
[    0.895537] kernel: pci 0000:00:10.0: [1af4:1110] type 00 class 0x050000
[    0.896266] kernel: pci 0000:00:10.0: reg 0x10: [mem 0xfeb92000-0xfeb920ff]
[    0.898251] kernel: pci 0000:00:10.0: reg 0x18: [mem 0xfe000000-0xfe0fffff 64bit pref]
[    0.902599] kernel: pci 0000:00:11.0: [1af4:1110] type 00 class 0x050000
[    0.903157] kernel: pci 0000:00:11.0: reg 0x10: [mem 0xfeb93000-0xfeb930ff]
[    0.904724] kernel: pci 9] kernel: libceph: loaded (mon/osd proto 15/24)
[    1.921447] kernel: IPI shorthand broadcast: enabled
[    1.921472] kernel: sched_clock: Marking stable (1915867767, 5527887)->(2092516544, -171120890)
[    1.921729] kernel: registered taskstats version 1
[    1.921731] kernel: Loading compiled-in X.509 certificates
[    1.922625] kernel: PM:   Magic number: 15:826:246
[    1.922689] kernel: printk: console [netcon0] enabled
[    1.922690] kernel: netconsole: network logging started
[    2.076805] kernel: ata1.01: NODEV after polling detection
[    2.076951] kernel: ata2.01: NODEV after polling detection
[    2.077266] kernel: ata1.00: ATA-7: QEMU HARDDISK, 2.5+, max UDMA/100
[    2.077269] kernel: ata1.00: 88078336 sectors, multi 16: LBA48 
[    2.077384] kernel: ata2.00: ATAPI: QEMU DVD-ROM, 2.5+, max UDMA/100
[    2.078102] kernel: scsi 0:0:0:0: Direct-Access     ATA      QEMU HARDDISK    2.5+ PQ: 0 ANSI: 5
[    2.078381] kernel: sd 0:0:0:0: Attached scsi generic sg0 type 0
[    OSI(Module Device)
[    0.876489] kernel: ACPI: Added _OSI(Processor Device)
[    0.876489] kernel: ACPI: Added _OSI(3.0 _SCP Extensions)
[    0.876489] kernel: ACPI: Added _OSI(Processor Aggregator Device)
[    0.876489] kernel: ACPI: Added _OSI(Linux-Dell-Video)
[    0.876489] kernel: ACPI: Added _OSI(Linux-Lenovo-NV-HDMI-Audio)
[    0.876489] kernel: ACPI: Added _OSI(Linux-HPI-Hybrid-Graphics)
[    0.882604] kernel: ACPI: 1 ACPI AML tables successfully acquired and loaded
[    0.886574] kernel: ACPI: Interpreter enabled
[    0.886606] kernel: ACPI: PM: (supports S0 S3 S4 S5)
[    0.886608] kernel: ACPI: Using IOAPIC for interrupt routing
[    0.886642] kernel: PCI: Using host bridge windows from ACPI; if necessary, use "pci=nocrs" and report a bug
[    0.886989] kernel: ACPI: Enabled 2 GPEs in block 00 to 0F
[    0.897003] kernel: ACPI: PCI Root Bridge [PCI0] (domain 0000 [bus 00-ff])
[    0.897015] kernel: acpi PNP0A03:00: _OSC: OS supports [ASPM ClockPM Segments MSI HPX-Type3]
[ 0000:00:11.0: reg 0x18: [mem 0xfe208000-0xfe2083ff 64bit pref]
[    0.906850] kernel: pci 0000:00:12.0: [1af4:1110] type 00 class 0x050000
[    0.908749] kernel: pci 0000:00:12.0: reg 0x10: [mem 0xfeb94000-0xfeb940ff]
[    0.910089] kernel: pci 0000:00:12.0: reg 0x18: [mem 0xfe100000-0xfe1fffff 64bit pref]
[    0.914485] kernel: ACPI: PCI: Interrupt link LNKA configured for IRQ 10
[    0.914817] kernel: ACPI: PCI: Interrupt link LNKB configured for IRQ 10
[    0.915134] kernel: ACPI: PCI: Interrupt link LNKC configured for IRQ 11
[    0.915442] kernel: ACPI: PCI: Interrupt link LNKD configured for IRQ 11
[    0.915563] kernel: ACPI: PCI: Interrupt link LNKS configured for IRQ 9
[    0.916146] kernel: iommu: Default domain type: Translated 
[    0.916147] kernel: iommu: DMA domain TLB invalidation policy: lazy mode 
[    0.916177] kernel: pci 0000:00:02.0: vgaarb: setting as boot VGA device
[    0.916177] kernel: pci 0000:00:02.0: vgaarb: VGA device added: decodes=io+mem,owns=io+mem,lo2.078875] kernel: scsi 1:0:0:0: CD-ROM            QEMU     QEMU DVD-ROM     2.5+ PQ: 0 ANSI: 5
[    2.079028] kernel: sd 0:0:0:0: [sda] 88078336 512-byte logical blocks: (45.1 GB/42.0 GiB)
[    2.079089] kernel: sd 0:0:0:0: [sda] Write Protect is off
[    2.079093] kernel: sd 0:0:0:0: [sda] Mode Sense: 00 3a 00 00
[    2.079226] kernel: sd 0:0:0:0: [sda] Write cache: enabled, read cache: enabled, doesn't support DPO or FUA
[    2.081151] kernel: sd 0:0:0:0: [sda] Attached SCSI disk
[    2.100699] kernel: sr 1:0:0:0: [sr0] scsi3-mmc drive: 4x/4x cd/rw xa/form2 tray
[    2.100708] kernel: cdrom: Uniform CD-ROM driver Revision: 3.20
[    2.117857] kernel: sr 1:0:0:0: Attached scsi CD-ROM sr0
[    2.118066] kernel: sr 1:0:0:0: Attached scsi generic sg1 type 5
[    2.539309] kernel: input: ImExPS/2 Generic Explorer Mouse as /devices/platform/i8042/serio1/input/input3
[    2.556048] kernel: IP-Config: Guessing netmask 255.255.255.0
[    2.556052] kernel: IP-Config: Complete:
[    2.556053]    0.897060] kernel: acpi PNP0A03:00: fail to add MMCONFIG information, can't access extended PCI configuration space under this bridge.
[    0.897167] kernel: PCI host bridge to bus 0000:00
[    0.897169] kernel: pci_bus 0000:00: root bus resource [io  0x0000-0x0cf7 window]
[    0.897172] kernel: pci_bus 0000:00: root bus resource [io  0x0d00-0xffff window]
[    0.897174] kernel: pci_bus 0000:00: root bus resource [mem 0x000a0000-0x000bffff window]
[    0.897175] kernel: pci_bus 0000:00: root bus resource [mem 0xc0000000-0xfebfffff window]
[    0.897177] kernel: pci_bus 0000:00: root bus resource [mem 0x2c0000000-0x33fffffff window]
[    0.897180] kernel: pci_bus 0000:00: root bus resource [bus 00-ff]
[    0.897701] kernel: pci 0000:00:00.0: [8086:1237] type 00 class 0x060000
[    0.898685] kernel: pci 0000:00:01.0: [8086:7000] type 00 class 0x060100
[    0.899412] kernel: pci 0000:00:01.1: [8086:7010] type 00 class 0x010180
[    0.901599] kernel: pci 0000:00:01.1: reg 0x20: [io  0xccks=none
[    0.916177] kernel: pci 0000:00:02.0: vgaarb: bridge control possible
[    0.916177] kernel: vgaarb: loaded
[    0.916177] kernel: SCSI subsystem initialized
[    0.916780] kernel: libata version 3.00 loaded.
[    0.916876] kernel: ACPI: bus type USB registered
[    0.916917] kernel: usbcore: registered new interface driver usbfs
[    0.916936] kernel: usbcore: registered new interface driver hub
[    0.916949] kernel: usbcore: registered new device driver usb
[    0.916989] kernel: pps_core: LinuxPPS API ver. 1 registered
[    0.916990] kernel: pps_core: Software ver. 5.3.6 - Copyright 2005-2007 Rodolfo Giometti <giometti@linux.it>
[    0.917000] kernel: PTP clock support registered
[    0.917048] kernel: Advanced Linux Sound Architecture Driver Initialized.
[    0.917091] kernel: NetLabel: Initializing
[    0.917092] kernel: NetLabel:  domain hash size = 128
[    0.917093] kernel: NetLabel:  protocols = UNLABELED CIPSOv4 CALIPSO
[    0.917124] kernel: NetLabel:  unlabelekernel:      device=eth0, hwaddr=e6:c8:ff:09:76:25, ipaddr=192.168.0.37, mask=255.255.255.0, gw=255.255.255.255
[    2.556056] kernel:      host=192.168.0.37, domain=, nis-domain=(none)
[    2.556058] kernel:      bootserver=255.255.255.255, rootserver=255.255.255.255, rootpath=
[    2.556178] kernel: cfg80211: Loading compiled-in X.509 certificates for regulatory database
[    2.556418] kernel: kworker/u4:0 (69) used greatest stack depth: 30480 bytes left
[    2.556858] kernel: cfg80211: Loaded X.509 cert 'sforshee: 00b28ddf47aef9cea7'
[    2.556871] kernel: ALSA device list:
[    2.556872] kernel:   No soundcards found.
[    2.557185] kernel: md: Waiting for all devices to be available before autodetect
[    2.557186] kernel: md: If you don't use raid, use raid=noautodetect
[    2.557187] kernel: md: Autodetecting RAID arrays.
[    2.557188] kernel: md: autorun ...
[    2.557190] kernel: md: ... autorun DONE.
[    2.557742] kernel: platform regulatory.0: Direct firmware load for reg040-0xc04f]
[    0.902378] kernel: pci 0000:00:01.1: legacy IDE quirk: reg 0x10: [io  0x01f0-0x01f7]
[    0.902380] kernel: pci 0000:00:01.1: legacy IDE quirk: reg 0x14: [io  0x03f6]
[    0.902381] kernel: pci 0000:00:01.1: legacy IDE quirk: reg 0x18: [io  0x0170-0x0177]
[    0.902382] kernel: pci 0000:00:01.1: legacy IDE quirk: reg 0x1c: [io  0x0376]
[    0.903214] kernel: pci 0000:00:01.3: [8086:7113] type 00 class 0x068000
[    0.903521] kernel: pci 0000:00:01.3: quirk: [io  0x0600-0x063f] claimed by PIIX4 ACPI
[    0.903527] kernel: pci 0000:00:01.3: quirk: [io  0x0700-0x070f] claimed by PIIX4 SMB
[    0.904295] kernel: pci 0000:00:02.0: [1234:1111] type 00 class 0x030000
[    0.904942] kernel: pci 0000:00:02.0: reg 0x10: [mem 0xfd000000-0xfdffffff pref]
[    0.909132] kernel: pci 0000:00:02.0: reg 0x18: [mem 0xfeb90000-0xfeb90fff]
[    0.912370] kernel: pci 0000:00:02.0: reg 0x30: [mem 0xfeb80000-0xfeb8ffff pref]
[    0.913286] kernel: pci 0000:00:03.0: [1af4:1005] type 00 class ulatory.db failed with error -2
[    2.557747] kernel: cfg80211: failed to load regulatory.db
[    2.565381] kernel: EXT4-fs (sda): mounted filesystem with ordered data mode. Opts: (null). Quota mode: none.
[    2.565407] kernel: VFS: Mounted root (ext4 filesystem) readonly on device 8:0.
[    2.566280] kernel: devtmpfs: mounted
[    2.566763] kernel: Freeing unused kernel image (initmem) memory: 1384K
[    2.568156] kernel: Write protecting the kernel read-only data: 20480k
[    2.568924] kernel: Freeing unused kernel image (text/rodata gap) memory: 2032K
[    2.569229] kernel: Freeing unused kernel image (rodata/data gap) memory: 528K
[    2.569239] kernel: Run /sbin/init as init process
[    2.569240] kernel:   with arguments:
[    2.569241] kernel:     /sbin/init
[    2.569241] kernel:   with environment:
[    2.569241] kernel:     HOME=/
[    2.569242] kernel:     TERM=linux
[    2.642226] kernel: random: fast init done
[    2.874376] systemd[1]: systemd 245.4-4ubuntu3 running in0x00ff00
[    0.913671] kernel: pci 0000:00:03.0: reg 0x10: [io  0xc000-0xc01f]
[    0.915826] kernel: pci 0000:00:03.0: reg 0x20: [mem 0xfe200000-0xfe203fff 64bit pref]
[    0.917467] kernel: pci 0000:00:04.0: [1af4:1000] type 00 class 0x020000
[    0.918365] kernel: pci 0000:00:04.0: reg 0x10: [io  0xc020-0xc03f]
[    0.919364] kernel: pci 0000:00:04.0: reg 0x14: [mem 0xfeb91000-0xfeb91fff]
[    0.923367] kernel: pci 0000:00:04.0: reg 0x20: [mem 0xfe204000-0xfe207fff 64bit pref]
[    0.924156] kernel: pci 0000:00:04.0: reg 0x30: [mem 0xfeb00000-0xfeb7ffff pref]
[    0.925292] kernel: pci 0000:00:10.0: [1af4:1110] type 00 class 0x050000
[    0.925772] kernel: pci 0000:00:10.0: reg 0x10: [mem 0xfeb92000-0xfeb920ff]
[    0.927081] kernel: pci 0000:00:10.0: reg 0x18: [mem 0xfe000000-0xfe0fffff 64bit pref]
[    0.929509] kernel: pci 0000:00:11.0: [1af4:1110] type 00 class 0x050000
[    0.930051] kernel: pci 0000:00:11.0: reg 0x10: [mem 0xfeb93000-0xfeb930ff]
[    0.931198] kernel: pci 00 system mode. (+PAM +AUDIT +SELINUX +IMA +APPARMOR +SMACK +SYSVINIT +UTMP +LIBCRYPTSETUP +GCRYPT +GNUTLS +ACL +XZ +LZ4 +SECCOMP +BLKID +ELFUTILS +KMOD +IDN2 -IDN +PCRE2 default-hierarchy=hybrid)
[    2.874439] systemd[1]: Detected virtualization kvm.
[    2.874444] systemd[1]: Detected architecture x86-64.
[    2.884987] systemd[1]: Set hostname to <dfs-fuzzing>.
[    2.958363] kernel: IPv6: ADDRCONF(NETDEV_CHANGE): eth0: link becomes ready
[    2.999034] kernel: systemd-gpt-aut (83) used greatest stack depth: 29120 bytes left
[    3.129519] systemd[1]: /lib/systemd/system/dbus.socket:5: ListenStream= references a path below legacy directory /var/run/, updating /var/run/dbus/system_bus_socket  /run/dbus/system_bus_socket; please update the unit file accordingly.
[    3.167985] systemd[1]: system-modprobe.slice: unit configures an IP firewall, but the local system does not support BPF/cgroup firewalling.
[    3.167992] systemd[1]: (This warning is only shown for the first unit using00:00:11.0: reg 0x18: [mem 0xfe208000-0xfe2083ff 64bit pref]
[    0.933686] kernel: pci 0000:00:12.0: [1af4:1110] type 00 class 0x050000
[    0.934368] kernel: pci 0000:00:12.0: reg 0x10: [mem 0xfeb94000-0xfeb940ff]
[    0.935748] kernel: pci 0000:00:12.0: reg 0x18: [mem 0xfe100000-0xfe1fffff 64bit pref]
[    0.941032] kernel: ACPI: PCI: Interrupt link LNKA configured for IRQ 10
[    0.941423] kernel: ACPI: PCI: Interrupt link LNKB configured for IRQ 10
[    0.941740] kernel: ACPI: PCI: Interrupt link LNKC configured for IRQ 11
[    0.942068] kernel: ACPI: PCI: Interrupt link LNKD configured for IRQ 11
[    0.942192] kernel: ACPI: PCI: Interrupt link LNKS configured for IRQ 9
[    0.942802] kernel: iommu: Default domain type: Translated 
[    0.942804] kernel: iommu: DMA domain TLB invalidation policy: lazy mode 
[    0.942833] kernel: pci 0000:00:02.0: vgaarb: setting as boot VGA device
[    0.942833] kernel: pci 0000:00:02.0: vgaarb: VGA device added: decodes=io+mem,owns=io+mem,lock IP firewalling.)
[    3.168228] systemd[1]: Created slice system-modprobe.slice.
[    3.168342] systemd[1]: Created slice system-serial\x2dgetty.slice.
[    3.168449] systemd[1]: Created slice User and Session Slice.
[    3.168515] systemd[1]: Started Dispatch Password Requests to Console Directory Watch.
[    3.168558] systemd[1]: Started Forward Password Requests to Wall Directory Watch.
[    3.168770] systemd[1]: Set up automount Arbitrary Executable File Formats File System Automount Point.
[    3.168790] systemd[1]: Reached target Local Encrypted Volumes.
[    3.168802] systemd[1]: Reached target Paths.
[    3.168809] systemd[1]: Reached target Remote File Systems.
[    3.168814] systemd[1]: Reached target Slices.
[    3.168823] systemd[1]: Reached target Swap.
[    3.168892] systemd[1]: Listening on Device-mapper event daemon FIFOs.
[    3.169008] systemd[1]: Listening on Syslog Socket.
[    3.169071] systemd[1]: Listening on initctl Compatibility Named Pipe.
[    3.169235] syss=none
[    0.942833] kernel: pci 0000:00:02.0: vgaarb: bridge control possible
[    0.942833] kernel: vgaarb: loaded
[    0.942833] kernel: SCSI subsystem initialized
[    0.942833] kernel: libata version 3.00 loaded.
[    0.942833] kernel: ACPI: bus type USB registered
[    0.942833] kernel: usbcore: registered new interface driver usbfs
[    0.942833] kernel: usbcore: registered new interface driver hub
[    0.942833] kernel: usbcore: registered new device driver usb
[    0.944419] kernel: pps_core: LinuxPPS API ver. 1 registered
[    0.944423] kernel: pps_core: Software ver. 5.3.6 - Copyright 2005-2007 Rodolfo Giometti <giometti@linux.it>
[    0.944437] kernel: PTP clock support registered
[    0.944497] kernel: Advanced Linux Sound Architecture Driver Initialized.
[    0.944844] kernel: NetLabel: Initializing
[    0.944845] kernel: NetLabel:  domain hash size = 128
[    0.944846] kernel: NetLabel:  protocols = UNLABELED CIPSOv4 CALIPSO
[    0.944878] kernel: NetLabel:  unlabeled d traffic allowed by default
[    0.917147] kernel: PCI: Using ACPI for IRQ routing
[    0.917147] kernel: PCI: pci_cache_line_size set to 64 bytes
[    0.917824] kernel: e820: reserve RAM buffer [mem 0x0009fc00-0x0009ffff]
[    0.917829] kernel: e820: reserve RAM buffer [mem 0xbffe0000-0xbfffffff]
[    0.917875] kernel: hpet0: at MMIO 0xfed00000, IRQs 2, 8, 0
[    0.917878] kernel: hpet0: 3 comparators, 64-bit 100.000000 MHz counter
[    0.921777] kernel: clocksource: Switched to clocksource kvm-clock
[    0.962267] kernel: VFS: Disk quotas dquot_6.6.0
[    0.962295] kernel: VFS: Dquot-cache hash table entries: 512 (order 0, 4096 bytes)
[    0.962399] kernel: pnp: PnP ACPI init
[    0.962665] kernel: pnp 00:03: [dma 2]
[    0.963657] kernel: pnp: PnP ACPI: found 6 devices
[    0.998397] kernel: clocksource: acpi_pm: mask: 0xffffff max_cycles: 0xffffff, max_idle_ns: 2085701024 ns
[    0.998450] kernel: NET: Registered PF_INET protocol family
[    0.999200] kernel: IP idents hash tabletraffic allowed by default
[    0.944916] kernel: PCI: Using ACPI for IRQ routing
[    0.944916] kernel: PCI: pci_cache_line_size set to 64 bytes
[    0.944916] kernel: e820: reserve RAM buffer [mem 0x0009fc00-0x0009ffff]
[    0.944916] kernel: e820: reserve RAM buffer [mem 0xbffe0000-0xbfffffff]
[    0.944916] kernel: hpet0: at MMIO 0xfed00000, IRQs 2, 8, 0
[    0.944916] kernel: hpet0: 3 comparators, 64-bit 100.000000 MHz counter
[    0.949440] kernel: clocksource: Switched to clocksource kvm-clock
[    0.988055] kernel: VFS: Disk quotas dquot_6.6.0
[    0.988072] kernel: VFS: Dquot-cache hash table entries: 512 (order 0, 4096 bytes)
[    0.988169] kernel: pnp: PnP ACPI init
[    0.988456] kernel: pnp 00:03: [dma 2]
[    0.989470] kernel: pnp: PnP ACPI: found 6 devices
[    1.017479] kernel: clocksource: acpi_pm: mask: 0xffffff max_cycles: 0xffffff, max_idle_ns: 2085701024 ns
[    1.017534] kernel: NET: Registered PF_INET protocol family
[    1.018243] kernel: IP idents hash table etemd[1]: Listening on Journal Audit Socket.
[    3.169321] systemd[1]: Listening on Journal Socket (/dev/log).
[    3.169423] systemd[1]: Listening on Journal Socket.
[    3.169525] systemd[1]: Listening on udev Control Socket.
[    3.169588] systemd[1]: Listening on udev Kernel Socket.
[    3.170496] systemd[1]: Mounting Huge Pages File System...
[    3.171953] systemd[1]: Mounting POSIX Message Queue File System...
[    3.173235] systemd[1]: Mounting /proc/sys/fs/binfmt_misc...
[    3.173918] systemd[1]: Mounting /sys/kernel/config...
[    3.174573] systemd[1]: Mounting /sys/kernel/debug...
[    3.186126] systemd[1]: Mounting Kernel Trace File System...
[    3.187008] systemd[1]: Starting Journal Service...
[    3.187764] systemd[1]: Starting Set the console keyboard layout...
[    3.187793] systemd[1]: Condition check resulted in Create list of static device nodes for the current kernel being skipped.
[    3.187826] systemd[1]: Condition check resulted in Load Kernel Module drm being skipped.
[    3.198182] systemd[1]: Starting Load Kernel Modules...
[    3.199651] systemd[1]: Starting Remount Root and Kernel File Systems...
[    3.200972] systemd[1]: Starting udev Coldplug all Devices...
[    3.206117] systemd[1]: Mounted Huge Pages File System.
[    3.206311] systemd[1]: Mounted POSIX Message Queue File System.
[    3.206486] systemd[1]: Mounted /proc/sys/fs/binfmt_misc.
[    3.206691] systemd[1]: Mounted /sys/kernel/config.
[    3.206861] systemd[1]: Mounted /sys/kernel/debug.
[    3.207031] systemd[1]: Mounted Kernel Trace File System.
[    3.214734] systemd[1]: Condition check resulted in Set Up Additional Binary Formats being skipped.
[    3.294982] systemd[1]: Finished Load Kernel Modules.
[    3.296190] systemd[1]: Mounting FUSE Control File System...
[    3.296979] systemd[1]: Starting Apply Kernel Variables...
[    3.300560] systemd[1]: Mounted FUSE Control File System.
