2023/03/07 05:51:16 fuzzer started
2023/03/07 05:51:17 dialing manager at localhost:42025
2023/03/07 05:51:17 syscalls: 130
2023/03/07 05:51:17 code coverage: enabled
2023/03/07 05:51:17 comparison tracing: enabled
2023/03/07 05:51:17 extra coverage: enabled
2023/03/07 05:51:17 setuid sandbox: enabled
2023/03/07 05:51:17 namespace sandbox: /proc/self/ns/user does not exist
2023/03/07 05:51:17 Android sandbox: /sys/fs/selinux/policy can't be opened (open /sys/fs/selinux/policy: invalid argument)
2023/03/07 05:51:17 fault injection: CONFIG_FAULT_INJECTION_DEBUG_FS or CONFIG_FAILSLAB are not enabled
2023/03/07 05:51:17 leak checking: CONFIG_DEBUG_KMEMLEAK is not enabled
2023/03/07 05:51:17 net packet injection: /dev/net/tun does not exist
2023/03/07 05:51:17 net device setup: enabled
2023/03/07 05:51:17 concurrency sanitizer: /sys/kernel/debug/kcsan does not exist
2023/03/07 05:51:17 devlink PCI setup: enabled
2023/03/07 05:51:17 USB emulation: /dev/raw-gadget does not exist
2023/03/07 05:51:17 hci packet injection: /dev/vhci does not exist
2023/03/07 05:51:17 wifi device emulation: /sys/class/mac80211_hwsim/ does not exist
2023/03/07 05:51:17 802.15.4 emulation: /sys/bus/platform/devices/mac802154_hwsim does not exist
2023/03/07 05:51:17 deserializeInput: hasCrash true hasNet false
2023/03/07 05:51:17 prog length: 6
2023/03/07 05:51:17 prog length: 3
2023/03/07 05:51:17 deserializeInput: hasCrash true hasNet false
2023/03/07 05:51:17 prog length: 6
2023/03/07 05:51:17 prog length: 3
2023/03/07 05:51:17 deserializeInput: hasCrash true hasNet false
2023/03/07 05:51:17 prog length: 6
2023/03/07 05:51:17 prog length: 3
2023/03/07 05:51:17 deserializeInput: hasCrash true hasNet false
2023/03/07 05:51:17 prog length: 6
2023/03/07 05:51:17 prog length: 6
2023/03/07 05:51:17 prog length: 5
2023/03/07 05:51:17 deserializeInput: hasCrash true hasNet false
2023/03/07 05:51:17 prog length: 6
2023/03/07 05:51:17 prog length: 6
2023/03/07 05:51:17 prog length: 5
2023/03/07 05:51:17 deserializeInput: hasCrash true hasNet false
2023/03/07 05:51:17 prog length: 6
2023/03/07 05:51:17 prog length: 4
2023/03/07 05:51:17 deserializeInput: hasCrash true hasNet false
2023/03/07 05:51:17 prog length: 6
2023/03/07 05:51:17 prog length: 3
2023/03/07 05:51:17 deserializeInput: hasCrash true hasNet false
2023/03/07 05:51:17 prog length: 6
2023/03/07 05:51:17 prog length: 6
2023/03/07 05:51:17 prog length: 5
2023/03/07 05:51:17 deserializeInput: hasCrash true hasNet false
2023/03/07 05:51:17 prog length: 6
2023/03/07 05:51:17 prog length: 4
2023/03/07 05:51:17 deserializeInput: hasCrash true hasNet false
2023/03/07 05:51:17 prog length: 6
2023/03/07 05:51:17 prog length: 6
2023/03/07 05:51:17 prog length: 5
2023/03/07 05:51:17 deserializeInput: hasCrash true hasNet false
2023/03/07 05:51:17 prog length: 6
2023/03/07 05:51:17 prog length: 3
2023/03/07 05:51:17 deserializeInput: hasCrash true hasNet false
2023/03/07 05:51:17 prog length: 6
2023/03/07 05:51:17 prog length: 6
2023/03/07 05:51:17 prog length: 5
2023/03/07 05:51:17 deserializeInput: hasCrash false hasNet false
2023/03/07 05:51:17 prog length: 3
2023/03/07 05:51:17 deserializeInput: hasCrash true hasNet false
2023/03/07 05:51:17 prog length: 6
2023/03/07 05:51:17 prog length: 5
2023/03/07 05:51:17 deserializeInput: hasCrash true hasNet false
2023/03/07 05:51:17 prog length: 6
2023/03/07 05:51:17 prog length: 6
2023/03/07 05:51:17 prog length: 5
2023/03/07 05:51:17 deserializeInput: hasCrash true hasNet false
2023/03/07 05:51:17 prog length: 6
2023/03/07 05:51:17 prog length: 3
2023/03/07 05:51:17 deserializeInput: hasCrash true hasNet false
2023/03/07 05:51:17 prog length: 6
2023/03/07 05:51:17 prog length: 6
2023/03/07 05:51:17 prog length: 5
2023/03/07 05:51:17 deserializeInput: hasCrash true hasNet false
2023/03/07 05:51:17 prog length: 6
2023/03/07 05:51:17 prog length: 3
2023/03/07 05:51:17 deserializeInput: hasCrash false hasNet false
2023/03/07 05:51:17 prog length: 1
2023/03/07 05:51:17 deserializeInput: hasCrash true hasNet false
2023/03/07 05:51:17 prog length: 6
2023/03/07 05:51:17 prog length: 6
2023/03/07 05:51:17 prog length: 5
2023/03/07 05:51:17 deserializeInput: hasCrash true hasNet false
2023/03/07 05:51:17 prog length: 6
2023/03/07 05:51:17 prog length: 3
2023/03/07 05:51:17 deserializeInput: hasCrash true hasNet false
2023/03/07 05:51:17 prog length: 6
2023/03/07 05:51:17 prog length: 3
2023/03/07 05:51:17 deserializeInput: hasCrash true hasNet false
2023/03/07 05:51:17 prog length: 6
2023/03/07 05:51:17 prog length: 3
2023/03/07 05:51:17 deserializeInput: hasCrash true hasNet false
2023/03/07 05:51:17 prog length: 6
2023/03/07 05:51:17 prog length: 3
2023/03/07 05:51:17 deserializeInput: hasCrash true hasNet false
2023/03/07 05:51:17 prog length: 6
2023/03/07 05:51:17 prog length: 3
2023/03/07 05:51:17 deserializeInput: hasCrash true hasNet false
2023/03/07 05:51:17 prog length: 6
2023/03/07 05:51:17 prog length: 6
2023/03/07 05:51:17 prog length: 5
2023/03/07 05:51:17 deserializeInput: hasCrash true hasNet false
2023/03/07 05:51:17 prog length: 6
2023/03/07 05:51:17 prog length: 6
2023/03/07 05:51:17 prog length: 5
2023/03/07 05:51:17 deserializeInput: hasCrash true hasNet false
2023/03/07 05:51:17 prog length: 6
2023/03/07 05:51:17 prog length: 3
2023/03/07 05:51:17 deserializeInput: hasCrash true hasNet false
2023/03/07 05:51:17 prog length: 6
2023/03/07 05:51:17 prog length: 6
2023/03/07 05:51:17 prog length: 5
2023/03/07 05:51:17 deserializeInput: hasCrash true hasNet false
2023/03/07 05:51:17 prog length: 6
2023/03/07 05:51:17 prog length: 6
2023/03/07 05:51:17 prog length: 5
2023/03/07 05:51:17 deserializeInput: hasCrash true hasNet false
2023/03/07 05:51:17 prog length: 6
2023/03/07 05:51:17 prog length: 6
2023/03/07 05:51:17 prog length: 6
2023/03/07 05:51:17 deserializeInput: hasCrash true hasNet false
2023/03/07 05:51:17 prog length: 6
2023/03/07 05:51:17 prog length: 3
2023/03/07 05:51:17 deserializeInput: hasCrash true hasNet false
2023/03/07 05:51:17 prog length: 6
2023/03/07 05:51:17 prog length: 3
2023/03/07 05:51:17 deserializeInput: hasCrash true hasNet false
2023/03/07 05:51:17 prog length: 6
2023/03/07 05:51:17 prog length: 3
2023/03/07 05:51:17 deserializeInput: hasCrash true hasNet false
2023/03/07 05:51:17 prog length: 6
2023/03/07 05:51:17 prog length: 4
2023/03/07 05:51:17 deserializeInput: hasCrash true hasNet false
2023/03/07 05:51:17 prog length: 6
2023/03/07 05:51:17 prog length: 6
2023/03/07 05:51:17 prog length: 5
2023/03/07 05:51:17 deserializeInput: hasCrash true hasNet false
2023/03/07 05:51:17 prog length: 6
2023/03/07 05:51:17 prog length: 6
2023/03/07 05:51:17 prog length: 5
2023/03/07 05:51:17 deserializeInput: hasCrash true hasNet false
2023/03/07 05:51:17 prog length: 6
2023/03/07 05:51:17 prog length: 3
2023/03/07 05:51:17 deserializeInput: hasCrash true hasNet false
2023/03/07 05:51:17 prog length: 6
2023/03/07 05:51:17 prog length: 3
2023/03/07 05:51:17 deserializeInput: hasCrash true hasNet false
2023/03/07 05:51:17 prog length: 6
2023/03/07 05:51:17 prog length: 6
2023/03/07 05:51:17 prog length: 7
2023/03/07 05:51:17 deserializeInput: hasCrash true hasNet false
2023/03/07 05:51:17 prog length: 6
2023/03/07 05:51:17 prog length: 3
2023/03/07 05:51:17 deserializeInput: hasCrash true hasNet false
2023/03/07 05:51:17 prog length: 6
2023/03/07 05:51:17 prog length: 3
2023/03/07 05:51:17 deserializeInput: hasCrash true hasNet false
2023/03/07 05:51:17 prog length: 6
2023/03/07 05:51:17 prog length: 6
2023/03/07 05:51:17 prog length: 5
2023/03/07 05:51:17 deserializeInput: hasCrash true hasNet false
2023/03/07 05:51:17 prog length: 6
2023/03/07 05:51:17 prog length: 6
2023/03/07 05:51:17 prog length: 6
2023/03/07 05:51:17 deserializeInput: hasCrash true hasNet false
2023/03/07 05:51:17 prog length: 6
2023/03/07 05:51:17 prog length: 3
2023/03/07 05:51:17 deserializeInput: hasCrash true hasNet false
2023/03/07 05:51:17 prog length: 6
2023/03/07 05:51:17 prog length: 6
2023/03/07 05:51:17 prog length: 5
2023/03/07 05:51:17 deserializeInput: hasCrash true hasNet false
2023/03/07 05:51:17 prog length: 6
2023/03/07 05:51:17 prog length: 5
2023/03/07 05:51:17 deserializeInput: hasCrash true hasNet false
2023/03/07 05:51:17 prog length: 6
2023/03/07 05:51:17 prog length: 6
2023/03/07 05:51:17 prog length: 6
2023/03/07 05:51:17 prog length: 7
2023/03/07 05:51:17 deserializeInput: hasCrash true hasNet false
2023/03/07 05:51:17 prog length: 6
2023/03/07 05:51:17 prog length: 3
2023/03/07 05:51:17 deserializeInput: hasCrash true hasNet false
2023/03/07 05:51:17 prog length: 6
2023/03/07 05:51:17 prog length: 4
2023/03/07 05:51:17 fetching corpus: 50, signal 3663/14844/19365 (executing program)
2023/03/07 05:51:17 deserializeInput: hasCrash true hasNet false
2023/03/07 05:51:17 prog length: 6
2023/03/07 05:51:17 prog length: 6
2023/03/07 05:51:17 prog length: 5
2023/03/07 05:51:17 deserializeInput: hasCrash true hasNet false
2023/03/07 05:51:17 prog length: 6
2023/03/07 05:51:17 prog length: 6
2023/03/07 05:51:17 prog length: 7
2023/03/07 05:51:17 deserializeInput: hasCrash true hasNet false
2023/03/07 05:51:17 prog length: 6
2023/03/07 05:51:17 prog length: 3
2023/03/07 05:51:17 deserializeInput: hasCrash true hasNet false
2023/03/07 05:51:17 prog length: 6
2023/03/07 05:51:17 prog length: 6
2023/03/07 05:51:17 prog length: 6
2023/03/07 05:51:17 prog length: 7
2023/03/07 05:51:17 deserializeInput: hasCrash true hasNet false
2023/03/07 05:51:17 prog length: 6
2023/03/07 05:51:17 prog length: 6
2023/03/07 05:51:17 prog length: 5
2023/03/07 05:51:17 deserializeInput: hasCrash true hasNet false
2023/03/07 05:51:17 prog length: 6
2023/03/07 05:51:17 prog length: 6
2023/03/07 05:51:17 prog length: 6
2023/03/07 05:51:17 deserializeInput: hasCrash true hasNet false
2023/03/07 05:51:17 prog length: 6
2023/03/07 05:51:17 prog length: 3
2023/03/07 05:51:17 deserializeInput: hasCrash true hasNet false
2023/03/07 05:51:17 prog length: 6
2023/03/07 05:51:17 prog length: 6
2023/03/07 05:51:17 prog length: 6
2023/03/07 05:51:17 deserializeInput: hasCrash true hasNet false
2023/03/07 05:51:17 prog length: 6
2023/03/07 05:51:17 prog length: 6
2023/03/07 05:51:17 prog length: 5
2023/03/07 05:51:17 deserializeInput: hasCrash true hasNet false
2023/03/07 05:51:17 prog length: 6
2023/03/07 05:51:17 prog length: 6
2023/03/07 05:51:17 prog length: 5
2023/03/07 05:51:17 deserializeInput: hasCrash true hasNet false
2023/03/07 05:51:17 prog length: 6
2023/03/07 05:51:17 prog length: 6
2023/03/07 05:51:17 prog length: 5
2023/03/07 05:51:17 deserializeInput: hasCrash true hasNet false
2023/03/07 05:51:17 prog length: 6
2023/03/07 05:51:17 prog length: 3
2023/03/07 05:51:17 deserializeInput: hasCrash true hasNet false
2023/03/07 05:51:17 prog length: 6
2023/03/07 05:51:17 prog length: 3
2023/03/07 05:51:17 deserializeInput: hasCrash true hasNet false
2023/03/07 05:51:17 prog length: 6
2023/03/07 05:51:17 prog length: 3
2023/03/07 05:51:17 deserializeInput: hasCrash true hasNet false
2023/03/07 05:51:17 prog length: 6
2023/03/07 05:51:17 prog length: 6
2023/03/07 05:51:17 prog length: 5
2023/03/07 05:51:17 deserializeInput: hasCrash true hasNet false
2023/03/07 05:51:17 prog length: 6
2023/03/07 05:51:17 prog length: 6
2023/03/07 05:51:17 prog length: 5
2023/03/07 05:51:17 deserializeInput: hasCrash true hasNet false
2023/03/07 05:51:17 prog length: 6
2023/03/07 05:51:17 prog length: 3
2023/03/07 05:51:17 deserializeInput: hasCrash true hasNet false
2023/03/07 05:51:17 prog length: 6
2023/03/07 05:51:17 prog length: 3
2023/03/07 05:51:17 deserializeInput: hasCrash true hasNet false
2023/03/07 05:51:17 prog length: 6
2023/03/07 05:51:17 prog length: 6
2023/03/07 05:51:17 prog length: 5
2023/03/07 05:51:17 deserializeInput: hasCrash true hasNet false
2023/03/07 05:51:17 prog length: 6
2023/03/07 05:51:17 prog length: 6
2023/03/07 05:51:17 prog length: 5
2023/03/07 05:51:17 deserializeInput: hasCrash true hasNet false
2023/03/07 05:51:17 prog length: 6
2023/03/07 05:51:17 prog length: 6
2023/03/07 05:51:17 prog length: 5
2023/03/07 05:51:17 fetching corpus: 71, signal 3689/16380/21580 (executing program)
2023/03/07 05:51:17 fetching corpus: 71, signal 3689/16380/22300 (executing program)
2023/03/07 05:51:17 fetching corpus: 71, signal 3689/16380/23042 (executing program)
2023/03/07 05:51:17 fetching corpus: 71, signal 3689/16380/23824 (executing program)
2023/03/07 05:51:17 fetching corpus: 71, signal 3689/16380/24581 (executing program)
2023/03/07 05:51:17 fetching corpus: 71, signal 3689/16380/25377 (executing program)
2023/03/07 05:51:17 fetching corpus: 71, signal 3689/16380/26136 (executing program)
2023/03/07 05:51:17 fetching corpus: 71, signal 3689/16380/26634 (executing program)
2023/03/07 05:51:17 fetching corpus: 71, signal 3689/16380/26634 (executing program)
2023/03/07 05:51:18 starting 1 fuzzer processes
2023/03/07 05:51:18 ----- generateCall 242 fsetxattr$trusted_overlay_redirect fsetxattr$trusted_overlay_redirect
2023/03/07 05:51:18 ----- generateCall 4128 write$binfmt_elf32 write$binfmt_elf32
2023/03/07 05:51:18 ----- generateCall 2363 lsetxattr$trusted_overlay_upper lsetxattr$trusted_overlay_upper
2023/03/07 05:51:18 ----- generateCall 2373 mkdir mkdir
2023/03/07 05:51:18 ----- generateCall 121 chmod chmod
2023/03/07 05:51:18 ----- generateCall 2350 lseek lseek
2023/03/07 05:51:18 ----- generateCall 2724 preadv preadv
2023/03/07 05:51:18 ----- generateCall 2347 llistxattr llistxattr
2023/03/07 05:51:18 ----- generateCall 4200 writev writev
2023/03/07 05:51:18 ----- generateCall 3675 setxattr$trusted_overlay_origin setxattr$trusted_overlay_origin
2023/03/07 05:51:18 ----- generateCall 2361 lsetxattr$trusted_overlay_origin lsetxattr$trusted_overlay_origin
2023/03/07 05:51:18 ----- generateCall 2364 lsetxattr$user lsetxattr$user
2023/03/07 05:51:18 ----- generateCall 235 fsetxattr$security_selinux fsetxattr$security_selinux
2023/03/07 05:51:18 ----- generateCall 2458 open open
2023/03/07 05:51:18 ----- generateCall 2357 lsetxattr$smack_xattr_label lsetxattr$smack_xattr_label
2023/03/07 05:51:18 ----- generateCall 2344 linkat linkat
2023/03/07 05:51:18 ----- generateCall 2352 lsetxattr$security_capability lsetxattr$security_capability
2023/03/07 05:51:18 map[./file0:true ./file0/file0:true ./file0/file1:true ./file1:true]
2023/03/07 05:51:18 HasCrashFail: false, .HasNetFail: false
2023/03/07 05:51:18 prog length: 20
2023/03/07 05:51:18 HasCrashFail:false HasNetFail:false
05:51:18 ---executing program 0:
---
---
---
fsetxattr$trusted_overlay_redirect(0xffffffffffffffff, &(0x7f0000000000), &(0x7f0000000040)='./file0\x00', 0x8, 0x2)
write$binfmt_elf32(0xffffffffffffffff, &(0x7f0000000080)={{0x7f, 0x45, 0x4c, 0x46, 0xde, 0x1, 0x1, 0x2, 0x5, 0x2, 0x6, 0x6, 0x19f, 0x38, 0x8b, 0xf1f, 0x4, 0x20, 0x2, 0x9f28, 0x0, 0x96}, [{0x60000000, 0x7, 0xff, 0x9, 0xf1d7, 0x7fff, 0x9, 0x4}], "e47002ff712baf9898a27561d853cade2785b5e1568c973d4fc8787a2190e403302d5752dfe239df6287834972def67aa19b21284af71979d634b22d7a9a3a1eee6f1da9459d2956a755451bfee89b61789e6707fc0f1192f539", ['\x00', '\x00', '\x00', '\x00', '\x00', '\x00', '\x00', '\x00', '\x00']}, 0x9b2)
lsetxattr$trusted_overlay_upper(&(0x7f0000000a40)='./file0/file0\x00', &(0x7f0000000a80), &(0x7f0000000ac0)={0x0, 0xfb, 0x108, 0x2, 0x8, "5270feb0932f918d69a4dca0e8c6196d", "54929a80048ffa935340af7fd91afc9f0b9bdcffedcda5c9c2cc957b176c6a17864777b3658a4574170e5ab0a2edba1c7b28f4b6892d77e9f00c0c423580487531bc5d92a4e08c2f03a5dec6144bec8fef7f252997791c2d048797f4ed0dc1d3debce69ee3d279cf01e6c76919efc605cb11863d7341c61d35fa6b401fcae45f1ccb795f518651e410dcf00f90efd4900a5bef2239dcd4db218df4166b67acd8a11b6d70fdcb582a68c838ed532a0537d08c61cc71d3a7c5e288ca41218093b140f13ba3ad4d4e273b07e53c34d0fcaa00800a921cf39a135a7344317e92b038baabf7ebe5ab1a1d239d9225b1726146dde39b"}, 0x108, 0x1)
mkdir(&(0x7f0000000c00)='./file0/file0\x00', 0xe1)
chmod(&(0x7f0000000c40)='./file0/file0\x00', 0x0)
r0 = fcntl$dupfd(0xffffffffffffffff, 0x406, 0xffffffffffffffff)
lseek(r0, 0x4, 0x0)
r1 = dup(r0)
preadv(r1, &(0x7f0000000d80)=[{&(0x7f0000000c80)=""/219, 0xdb}], 0x1, 0x5, 0x9)
llistxattr(&(0x7f0000000dc0)='./file0\x00', &(0x7f0000000e00)=""/211, 0xd3)
writev(r1, &(0x7f0000001f00)=[{&(0x7f0000000f00)="4fe80eed9d0d9097e6d44d27ae53adadb725156edb200820e4fca503507230491e9c1e8c9837de6413fa228d5835591f5daa2d2d144deff87e2ee5a489f4042a345e306ad66c0a7c8824e1cdb561c376220200ead71a73dc3bda6da8791ff624e3358dba6014a8f206e557e19a8571f196400c25613ea21f78febfd3aa5a9e0d23c6892705bf7373803251a93bbdaba023953cead84e3ec48d54fd8524156e235058c07e7fbd61136f218014989d3690dc25b07b81e42efd7c12a2a347a31e769520d3b34e53d002f82d1e24d42eaab67ad61fe392394cd11ccd14a6d13cabefd5606b6be78d5418d51cd0fbafe3041530becdf80a8e2b3f4127a492983e47817fe30f003ed80db8e8bac9870601fc4f575b83eaec8bda3661a9a0e2a2c6c017c43d6d8d2140ab4e95fb0affb4f360eb6699c413432265564d04072ecf8db6a1948f668ac0b82e7b2782d4c36a9d3ff0ba23dd56946ee527a98dab79c2a36f844900bfe788baedecab3cc13511930ebd29af4713f7d3566e103be0c321ba505551b30c8585b3c4f40389dab0e33a4a739d2e21794a3f9c484ea2c046bfa7245878c5b1a95ad61a96eef61c35737840745b20e5224bf19009d951aa4a56b91eca421d17eb1f2f327c25b71a88e07c731b2195a1de456b476b1653a1635653c15bef348217cf78e566ef3f6aa6cb82ae0d35b24407a4b0055c1f1280bb05c525efa7bdd0957dc26d148b3d19029611ecccf4ba94fac845c1294418559f7168f428f2671d0908439e85882a6254a199cf213935193d68ec7b6412f989b10576b42008ca75c0b119beb15af7d72c085519451dfb4d3a077e0d9504ff0afda6bd568fd9c8107a642505ccfbf7b459cd6f5026aa5f6f9a0891dbd1e9514011a742dd2c59483bdf4bd6386a6932c938f97bd9adff7ee120d374ab4323e92d63a4e7647ed1ce98f8e554bb256c307075a8831d465b79af88c4cdb255705c9e9654699c23aae8db4537f3e396ef303345d0c7abb40a4e427929c14eab7be58bc4e27f8997e1aabda79eb8dec79d68fcdc2101f4e4f02b1e5b650d3c72bbedc58fbc3aa6fe65f630c3c406c4747ea02618593b5602155739517aacbfea272ee160a6b58781edc76de34e9948ba56633d2ace1c1f6eff124ab0435415bb529cd033914c88a481a4a001cabd055080e2f538950a8ce4ded5c27f4edc58ffd8ff8a706b50d798292dfb8c121536f64fcd8611ffa20daeeb5db3fd053e5b66759cd9561f8e87156418ec91dab3df70ccf350f405072d43c61d5b7f01b12d866e716199c5af1d6e3c6608a1d801f0d3c5f8ac9801e4d81ea2ae242d66cb7b65b217a93218170866471a613843b1ba5e923192b02a6326c6d2f1fbd2198d62f4d2cff45500201dfc6717d3c72ceeb6523455956eff2df227c5032407e63a002d6a5daebc84455a6ca9a1d5793180a32b68d8233907fcae011f4b187bb4540f9dc629ea7cd27706981f2c435881ac29e5a141b6c2dd1ad0a8178ea5b34e95045e0df7c6937e8f780ea38129192828bb05fbbd429cb63f59be57c5ac45b1d01a2462019efafebbf933a2af6a4042bcf1e43df1022081571ccb52be28c4d1d33e7b0ea56df87af3cbff160867bb40a4c4e491d7f07bf0efafc04b7e55547d5518f16956a5556bb928350e3bde0c98bf62877e459d6aefdef53b6a8aa01020e697f4d2d0f553555874b1e7b22989526c97775c677177a2693eb3c6b6b46ac91e83a3afd24339f2088f800e0ed047a951f7cc279c08edd0dacd1d7a4837a63cd831da3b62b9395563acc3f55efb095ca25f6d5ddad35640a28cb5e6592a9946e4d61488076e78a2a41f58e9fa904f6f98ebfecef96fba447d2b10e762a56d1acf57a4ca2d06994167b2b153d535446c2d5ca2c60ad4e79472746839c1dc8f26659b76f2c04cfed65c3ebfb58889714b764598c58919f73654bd0e8adc01e4ec01a618131f52a9d508d90a92c0a1765d198e95de4bcf3b159962ca1161b8ab0f565f1680610b81c778943165eb7f201182a699d45f8e3a60f79e070bd1bb2de9f1bf3a8608b508bbc6771f686516b22557dce6c259e1f4f563065f0f9aaf2ec8aed20d1336be9105297ea3cbb2478f1ea88f509700c74941204c559d6a8dd2f8d6d7663d8835ce9dee490a8383ea10a82cabf7d2e8faba1e2d824e711a8c62d5d8071284070cec6e4909d4cf48916d4b014268461ab799dbc96af249e5cda9ddd28dbecec24e6fdb617a9328ba29d25bd1218cf9609b05c7338e78b477dd1c7e6d5ac60075c7592defdf1e0a0e3b0d0fca90044e16f954fb845d5d0ace043ec65b130bc2b006eb6f3cecdd3bcd34829115e7485acae130c3a6b1f1983873f00b62789b8da5df4ecb8da7054c3b7ae1d3cb5b5ad4c3fdc1c12137ebf7113131f02ba7099a73598cf5592a41b67611fde9dad6fd2c8929375fd791c9dd902ae78663d2eb8b2f525be8c0621c677656f0d28c9264e404b1ae80b5e9c9212107c5e5369af8a63c56320269565a917b7725925a5e55abdaf324ac922ab39424930af63f217ec7c73b501292df6a009aa3dfce6c4f6379f67eaf55acfccf8a84b25b8ccea4f23b8a53a9a16b4a79001a2d76fbd59fb45ad6af1f49a97ef5dc606166aa8cab5cefb299f16973f684d6b08139bededab8a1d3cc07fbbaa4c57734a882f1e6de180bbd8e9cf81bdc47589b1e74d7b15ae105316b4a699b4dd33fe03a4f51e9b9b17561632297765705c6ce7de01d67043fa5628c73c03ff6e0c728caa1466f414e1a20c2d41dffe0ec7380827da736c46c92b46b8fe1b268b51db75afdff8ff3e91c7e32ff3f39e1248a7f06880114f9b1375b6a67f44a8b747d2021664631a313c5ef86782714e74eb5a14118488bcf6f583476b62aa171612b4da860175195e45e61e3aeeb24b19319abd7b862d325e3d8a9bc30b319f1ee05b0c96b8da1796399388784d8d44fc881d214d0041b1e3bf202d395caedc1e7e48eec254dd33bdc3c90a54c0d93b30278c671099356847d44ea6cb81fecc1689e63125611c6f15fbfaec03a50048e730e09a2f383344e2532c2566a66630d262d2545fb46647028a353a146ace32f758e69b295217275b21111662a5626ee0c7ca3eafb4d782e05b46cbbba639f5d00ef0236da6cd77390641475bd587b5debbb78bf49d8bb42861c999fdaccce8fa382523aec12e6d84db4feaef6a5f12a7a5dfe6f11ea7ab0865616a935f59b4fd7b0f801f531a18b77d7c3b1479a5e00de60e7d33244f0956ae2b1c16b0f55e227d73c4a923aed4fc16e889843867cee8f2343935d1c34bfb1122a04a4f1163559655ba09cf720055e674ae60739c19e71e98898f9079e14c4784835d6ff204852635bb37e7fab29e7b730b551df384648260bd16748b4d44b457f3b7f4aff56c2034242e1c361296a553e5d16e64dd318f8c0642ec128278aaf866cf8d5b0dd0e405a9b40d1e518cbff5373eaef2bd90bd6efcf5d22cccf6565ab02d09e4daac5bcfedca9da2730cfd98074b6740765d535978428c04bf07e4df3b16dd935c3b586d9ec96fb329c47b888e4097619a2cf84bda28bd5cb984eaf1720466cfdf6f048dade8d79efb955e8e38a6974eb7c17ff7a9a486473efa6989997cf477b4b735fe3647b68095d271e4e41a21e780a00df323a4a222dd76b40a088d87c68a1780f2acb947216e5f60c7d92f9ef7c8bb37986c1e6ce9b34cb4eedc30e1c201054132aa1e185d60e6cf9eeff60777082749f0cbbcbd0149087499adea07691cb5ff4fdc4343b6e97adf402b0ef983ced5c73cdadd0833dc4c3a2dcc235ea361554eb0c90684ae0631a8d821c36e69698c19c2d7fe8140cc2555ba49f817ea32d51d247f962b3a64a144fd26322bc60b54828cf54ee6fcb87ef7d99bac5bb027b73ded88a075d0f702340a35d18d1e65cf1daccd533fa6b5b409b59ce90eda58f30383753c3fe4b7ea95f1542776c5a09739433d62b05a7f46dc2a49ded09d2ec6b1936550720d80353bb0d57f04aa46706ec1e2c3d37aa907ac0be280e71ae1b8d52191e4c30fa7b8b69ef962ecaa7e2fe767e3cb60e229c3c0db6b288953f533bac7b7cf3885a120b8eff355e6c1cff713be75ce5d11a41f11dbb5a0eb55a985ab0ea9ef5b91fd6fe10e1de651c6420efa2875be168fa20aad8f9a7a205ce9553b71369a5f1889b2c0e89e4fcf789a8fedd840697075ea4dc63c3581c562ee9fc1c50abff933df47a8510f67fb9c4ec545da4af421688f290948b51ae211322b98a6bb118509936dc2edaafa1128e1b733443074c2f84991faaac9c33c9aff59c4b760ca61912365b930e44bdbbc6b065200794768fcdb0e45562e6e1c4161fc67171ddb0533577cded375a12f56ea722029e5e1652105650476c7b30250e59eddfd8b52770d3f14802a4c79e27137da04af4a4f418c8482aa38a35022bc0972bd9550bb5a5c778851f971f2773115653b647c4e1667700aba526cf7cd9b8905f55a062c5ef2e42603f5f5e7986bf5a778deb34c123908b169e98ba5acdbedc2f196e1ccef74ef12c276af3961e91820ed979fa38402554ea19d297001d08ddbb297e658b6e16ca9ecb6223d08cd9a28908d71c7b1424c53d1564b06c108423e05121d8eab0ae35e792447aeaea0f6f9586383b3455155dd9b8f10f9ad728e30780c5ac512c939f27a2c6e382ca617092cacb5f20b2db679100338fc260e91782ad1969481ddae200b6b985a341795f4795c6604c7cda25f466a8fc151570e286fa8da6bb25c33397f4a4854c1781ff33bab50baf93cc138da1d035b443b743b5d79eb8a33f9772a840e601a25c34342c5eaf81115d99353b29bd8529f9607c70890b4ee4b969cbbcb8fc161a2040bf7c7d81dd9a6f7fa9031e686dcf28a24dad90ac3765bb9e1cf50535c68401afbd53ae56242bf0948afee2d9f288d572cd2f8a566c82925330e2ea4f30041c1c7919a2856437a6b007e8592571d92a24335374a7cdd59bea22d51ef3c9cdd03173c667ad0341e4d1580de139e680b97f6227a9f0de2cbdf1416b629ded07247f26c08b865db3afd16f02eafae23ab1b45e8de375cbf35ea655eda2f6b249864c3d74275c5c80d00f6a768b0867a6b76433eab246deb0e6b2b753cf16490fa430e416c901dad640bfe2de4391d84efc0c1e4ba9c65b24c2c927a79be68df17bf41d63bd6c144871ef7bc70b26c8c5b97bfba69d3b60d446d467237384cf7a98a1827f0ee822a1f50fba1229342d3b287a2e9e5432a94e6d61c7aba8e60795e2a64398a235a0502e04c9c07f3b37f24599da96a8ba0ccaf3691aaa96020166992bc683764f37d2fa93fed508b9cb0abdac7bceb9054b5366e8104747b79ff899859cc03ea969f0652600c06ed94e968bad618d35837bfa8fd5fd8078d4d005113b8e3ca0a3281f5211dc5b3efa9d0b0f023b4f3ff112cbc97a6f3a640eca6f13543d6764fff1e01723e36a515263c2ceaa2d8f96ff460c2f05f6fdbb06f251b627faba23ee7b34c6438c7044dfb12137873864db7552066adfe784a42713a2af6c9fe81709e70d002a5b28da2ba8eeda9277ca7d27b4312253f0328090ca093f19c3906dfd88ddaf6bc9cecb6f9ae4ea7a287d0db4a4476429a6afb7ae8144bd28ade85360e23d1a81ee697cdd9b4b4d255c1b365ad9dfe7a0ad09a781dd94267ac639462acb696428a544671b2bfbc7169b4f8fc533f03cc54fb7d21ed3eb4b7c29f950979fbad30fec2eb0b586c89ae6322d", 0x1000}], 0x1)
setxattr$trusted_overlay_origin(&(0x7f0000001f40)='./file0/file1\x00', &(0x7f0000001f80), &(0x7f0000001fc0), 0x2, 0x2)
lsetxattr$trusted_overlay_origin(&(0x7f0000002000)='./file0\x00', &(0x7f0000002040), &(0x7f0000002080), 0x2, 0x3)
lsetxattr$user(&(0x7f00000020c0)='./file1\x00', &(0x7f0000002100), &(0x7f0000002140)='\x00', 0x1, 0x0)
r2 = dup(r1)
fsetxattr$security_selinux(r2, &(0x7f0000002180), &(0x7f00000021c0)='system_u:object_r:xserver_misc_device_t:s0\x00', 0x2b, 0x0)
r3 = open(&(0x7f0000002200)='./file1\x00', 0x2400, 0x0)
lsetxattr$smack_xattr_label(&(0x7f0000002240)='./file1\x00', &(0x7f0000002280)='security.SMACK64\x00', &(0x7f00000022c0)={'user.test\x00'}, 0xb, 0x3)
linkat(r2, &(0x7f0000002300)='./file1\x00', r3, &(0x7f0000002340)='./file0/file0\x00', 0x1400)
lsetxattr$security_capability(&(0x7f0000002380)='./file1\x00', &(0x7f00000023c0), &(0x7f0000002400)=@v2={0x2000000, [{0x6f43}, {0x9, 0xfb7}]}, 0x14, 0x0)
---

end of program
2023/03/07 05:51:18 -----run executor: [/usr/bin/ssh -F /dev/null -o ConnectionAttempts=100 -o ConnectTimeout=120 -o UserKnownHostsFile=/dev/null -o BatchMode=yes -o IdentitiesOnly=yes -o StrictHostKeyChecking=no -o ConnectTimeout=100 -i /home/tlyu/dfs-fuzzing/disk-images/orangefs-images/focal.id_rsa root@192.168.0.35 /root/syz-executor exec 0 0 orangefs 3 4 192.168.0.35 0 "3 1" false false false true false]
2023/03/07 05:51:18 -----run executor: [/usr/bin/ssh -F /dev/null -o ConnectionAttempts=100 -o ConnectTimeout=120 -o UserKnownHostsFile=/dev/null -o BatchMode=yes -o IdentitiesOnly=yes -o StrictHostKeyChecking=no -o ConnectTimeout=100 -i /home/tlyu/dfs-fuzzing/disk-images/orangefs-images/focal.id_rsa root@192.168.0.36 /root/syz-executor exec 0 1 orangefs 3 4 192.168.0.35 0 "3 1" false false false true false]
2023/03/07 05:51:18 -----run executor: [/usr/bin/ssh -F /dev/null -o ConnectionAttempts=100 -o ConnectTimeout=120 -o UserKnownHostsFile=/dev/null -o BatchMode=yes -o IdentitiesOnly=yes -o StrictHostKeyChecking=no -o ConnectTimeout=100 -i /home/tlyu/dfs-fuzzing/disk-images/orangefs-images/focal.id_rsa root@192.168.0.37 /root/syz-executor exec 0 2 orangefs 3 4 192.168.0.35 0 "3 1" false false false true false]
2023/03/07 05:51:18 -----run executor: [/usr/bin/ssh -F /dev/null -o ConnectionAttempts=100 -o ConnectTimeout=120 -o UserKnownHostsFile=/dev/null -o BatchMode=yes -o IdentitiesOnly=yes -o StrictHostKeyChecking=no -o ConnectTimeout=100 -i /home/tlyu/dfs-fuzzing/disk-images/orangefs-images/focal.id_rsa root@192.168.0.38 /root/syz-executor exec 1 3 orangefs 3 4 192.168.0.35 0 "3 1" false false false true false]
Warning: Permanently added '192.168.0.35' (ECDSA) to the list of known hosts.
Warning: Permanently added '192.168.0.37' (ECDSA) to the list of known hosts.
Warning: Permanently added '192.168.0.36' (ECDSA) to the list of known hosts.
Warning: Permanently added '192.168.0.38' (ECDSA) to the list of known hosts.
----- is restarting 0
---- dfs_name orangefs is_dfs_client 0
unlink FIFO failed: No such file or directory
executor 2 finishes userspace_cover_open
before receiving handshake request
req.flags ea2
[    0.000000] kernel: Linux version 5.15.0+ (tlyu@IC-RS3-DPC07) (gcc (Ubuntu 9.4.0-1ubuntu1~20.04.1) 9.4.0, GNU ld (GNU Binutils for Ubuntu) 2.34) #7 SMP Sat Feb 18 10:18:37 CET 2023
[    0.000000] kernel: Command line: root=/dev/sda console=ttyS0 net.ifnames=0 ip=192.168.0.37 quiet
[    0.000000] kernel: x86/fpu: Supporting XSAVE feature 0x001: 'x87 floating point registers'
[    0.000000] kernel: x86/fpu: Supporting XSAVE feature 0x002: 'SSE registers'
[    0.000000] kernel: x86/fpu: Supporting XSAVE feature 0x004: 'AVX registers'
[    0.000000] kernel: x86/fpu: Supporting XSAVE feature 0x020: 'AVX-512 opmask'
[    0.000000] kernel: x86/fpu: Supporting XSAVE feature 0x040: 'AVX-512 Hi256'
[    0.000000] kernel: x86/fpu: Supporting XSAVE feature 0x080: 'AVX-512 ZMM_Hi256'
[    0.000000] kernel: x86/fpu: Supporting XSAVE feature 0x200: 'Protection Keys User registers'
[    0.000000] kernel: x86/fpu: xstate_offset[2]:  576, xstate_sizes[2]:  256
[    0.000000] kernel: x86/fpu: xstate_offset[5]:  832, xstate_sizes[5]:   64
[    0.000000] kernel: x86/fpu: xstate_offset[6]:  896, xstate_sizes[6]:  512
[    0.000000] kernel: x86/fpu: xstate_offset[7]: 1408, xstate_sizes[7]: 1024
[    0.000000] kernel: x86/fpu: xstate_offset[9]: 2432, xstate_sizes[9]:    8
[    0.000000] kernel: x86/fpu: Enabled xstate features 0x2e7, context size is 2440 bytes, using 'compacted' format.
[    0.000000] kernel: signal: max sigframe size: 3632
[    0.000000] kernel: BIOS-provided physical RAM map:
[    0.000000] kernel: BIOS-e820: [mem 0x0000000000000000-0x000000000009fbff] usable
[    0.000000] kernel: BIOS-e820: [mem 0x000000000009fc00-0x000000000009ffff] reserved
[    0.000000] kernel: BIOS-e820: [mem 0x00000000000f0000-0x00000000000fffff] reserved
[    0.000000] kernel: BIOS-e820: [mem 0x0000000000100000-0x00000000bffdffff] usable
[    0.000000] kernel: BIOS-e820: [mem 0x00000000bffe0000-0x00000000bfffffff] reserved
[    0.000000] kernel: BIOS-e820: [mem 0x00000000feffc000-0x00000000----- is restarting 0
---- dfs_name orangefs is_dfs_client 0
unlink FIFO failed: No such file or directory
executor 1 finishes userspace_cover_open
before receiving handshake request
req.flags ea2
[    0.000000] kernel: Linux version 5.15.0+ (tlyu@IC-RS3-DPC07) (gcc (Ubuntu 9.4.0-1ubuntu1~20.04.1) 9.4.0, GNU ld (GNU Binutils for Ubuntu) 2.34) #7 SMP Sat Feb 18 10:18:37 CET 2023
[    0.000000] kernel: Command line: root=/dev/sda console=ttyS0 net.ifnames=0 ip=192.168.0.36 quiet
[    0.000000] kernel: x86/fpu: Supporting XSAVE feature 0x001: 'x87 floating point registers'
[    0.000000] kernel: x86/fpu: Supporting XSAVE feature 0x002: 'SSE registers'
[    0.000000] kernel: x86/fpu: Supporting XSAVE feature 0x004: 'AVX registers'
[    0.000000] kernel: x86/fpu: Supporting XSAVE feature 0x020: 'AVX-512 opmask'
[    0.000000] kernel: x86/fpu: Supporting XSAVE feature 0x040: 'AVX-512 Hi256'
[    0.000000] kernel: x86/fpu: Supporting XSAVE feature 0x080: 'AVX-512 ZMM_Hi256'
[    0.000000] kernel: x86/fpu: Supporting XSAVE feature 0x200: 'Protection Keys User registers'
[    0.000000] kernel: x86/fpu: xstate_offset[2]:  576, xstate_sizes[2]:  256
[    0.000000] kernel: x86/fpu: xstate_[D 01/16/2023 17:42:13] PVFS2 Server version 2.9.7-orangefs-REV-65ab0d2 starting.
[E 01/16/2023 17:43:19] PVFS2 server got signal 15 (server_status_flag: 2080767)
[D 02/18/2023 14:39:31] PVFS2 Server version 2.9.7-orangefs-REV-65ab0d2 starting.
[D 02/18/2023 14:47:30] PVFS2 received server: signal 1
[E 02/18/2023 14:47:30] PVFS2 server got signal 15 (server_status_flag: 2080767)
offset[5]:  832, xstate_sizes[5]:   64
[    0.000000] kernel: x86/fpu: xstate_offset[6]:  896, xstate_sizes[6]:  512
[    0.000000] kernel: x86/fpu: xstate_offset[7]: 1408, xstate_sizes[7]: 1024
[    0.000000] kernel: x86/fpu: xstate_offset[9]: 2432, xstate_sizes[9]:    8
[    0.000000] kernel: x86/fpu: Enabled xstate features 0x2e7, context size is 2440 bytes, using 'compacted' format.
[    0.000000] kernel: signal: max sigframe size: 3632
[    0.000000] kernel: BIOS-provided physical RAM map:
[    0.000000] kernel: BIOS-e820: [mem 0x0000000000000000-0x000000000009fbff] usable
[    0.000000] kernel: BIOS-e820: [mem 0x000000000009fc00-0x000000000009ffff] reserved
[    0.000000] kernel: BIOS-e820: [mem 0x00000000000f0000-0x00000000000fffff] reserved
[    0.000000] kernel: BIOS-e820: [mem 0x0000000000100000-0x00000000bffdffff] usable
[    0.000000] kernel: BIOS-e820: [mem 0x00000000bffe0000-0x00000000bfffffff] reserved
[    0.000000] kernel: BIOS-e820: [mem 0x00000000feffc000-0x00000000feffffff] reserved
[    0.000000] kernel: BIOS-e820: [mem 0x00000000fffc0000-0x00000000ffffffff] reserved
[    0.000000] kernel: BIOS-e820: [mem 0x0000000100000000-0x00000002bfffffff] usable
[    0.000000] kernel: NX (Execute Disable) protection: active
[    0.000000] kernel: SMBIOS 2.8 present.
[    0.000000] kernel: DMI: QEMU Standard PC (i440FX + PIIX, 1996), BIOS 1.13.0-1ubuntu1.1 04/01/2014
[    0.000000] kernel: Hypervisor detected: KVM
[    0.000000] kernel: kvm-clock: Using msrs 4b564d01 and 4b564d00
[    0.000000] kernel: kvm-clock: cpu 0, msr 1e446e001, primary cpu clock
[    0.000001] kernel: kvm-clock: using sched offset of 549650406 cycles
[    0.000003] kernel: clocksource: kvm-clock: mask: 0xffffffffffffffff max_cycles: 0x1cd42e4dffb, max_idle_ns: 881590591483 ns
[    0.000005] kernel: tsc: Detected 2593.906 MHz processor
[    0.000418] kernel: e820: update [mem 0x00000000-0x00000fff] usable ==> reserved
[    0.000420] kernel: e820: remove [mem 0x000a0000-0x000fffff] usfeffffff] reserved
[    0.000000] kernel: BIOS-e820: [mem 0x00000000fffc0000-0x00000000ffffffff] reserved
[    0.000000] kernel: BIOS-e820: [mem 0x0000000100000000-0x00000002bfffffff] usable
[    0.000000] kernel: NX (Execute Disable) protection: active
[    0.000000] kernel: SMBIOS 2.8 present.
[    0.000000] kernel: DMI: QEMU Standard PC (i440FX + PIIX, 1996), BIOS 1.13.0-1ubuntu1.1 04/01/2014
[    0.000000] kernel: Hypervisor detected: KVM
[    0.000000] kernel: kvm-clock: Using msrs 4b564d01 and 4b564d00
[    0.000000] kernel: kvm-clock: cpu 0, msr 7d86e001, primary cpu clock
[    0.000001] kernel: kvm-clock: using sched offset of 420113058 cycles
[    0.000003] kernel: clocksource: kvm-clock: mask: 0xffffffffffffffff max_cycles: 0x1cd42e4dffb, max_idle_ns: 881590591483 ns
[    0.000005] kernel: tsc: Detected 2593.906 MHz processor
[    0.000537] kernel: e820: update [mem 0x00000000-0x00000fff] usable ==> reserved
[    0.000540] kernel: e820: remove [mem 0x000a0000-0x000fffff] usa[D 01/16/2023 17:42:13] PVFS2 Server version 2.9.7-orangefs-REV-65ab0d2 starting.
[E 01/16/2023 17:43:19] PVFS2 server got signal 15 (server_status_flag: 2080767)
[D 02/18/2023 14:39:31] PVFS2 Server version 2.9.7-orangefs-REV-65ab0d2 starting.
[D 02/18/2023 14:47:30] PVFS2 received server: signal 1
[E 02/18/2023 14:47:30] PVFS2 server got signal 15 (server_status_flag: 2080767)
ble
[    0.000543] kernel: last_pfn = 0x2c0000 max_arch_pfn = 0x10000000000
[    0.000594] kernel: x86/PAT: Configuration [0-7]: WB  WC  UC- UC  WB  WP  UC- WT  
[    0.000600] kernel: last_pfn = 0xbffe0 max_arch_pfn = 0x10000000000
[    0.005093] kernel: found SMP MP-table at [mem 0x000f5c80-0x000f5c8f]
[    0.005135] kernel: Using GB pages for direct mapping
[    0.006104] kernel: ACPI: Early table checksum verification disabled
[    0.006139] kernel: ACPI: RSDP 0x00000000000F5A50 000014 (v00 BOCHS )
[    0.006149] kernel: ACPI: RSDT 0x00000000BFFE15C9 000030 (v01 BOCHS  BXPCRSDT 00000001 BXPC 00000001)
[    0.006155] kernel: ACPI: FACP 0x00000000BFFE149D 000074 (v01 BOCHS  BXPCFACP 00000001 BXPC 00000001)
[    0.006160] kernel: ACPI: DSDT 0x00000000BFFE0040 00145D (v01 BOCHS  BXPCDSDT 00000001 BXPC 00000001)
[    0.006162] kernel: ACPI: FACS 0x00000000BFFE0000 000040
[    0.006164] kernel: ACPI: APIC 0x00000000BFFE1511 000080 (v01 BOCHS  BXPCAPIC 00000001 BXPC 00000001)
[    0.006167] kernel: ACPI: HPET 0x00000000BFFE1591 000038 (v01 BOCHS  BXPCHPET 00000001 BXPC 00000001)
[    0.006168] kernel: ACPI: Reserving FACP table memory at [mem 0xbffe149d-0xbffe1510]
[    0.006170] kernel: ACPI: Reserving DSDT table memory at [mem 0xbffe0040-0xbffe149c]
[    0.006170] kernel: ACPI: Reserving FACS table memory at [mem 0xbffe0000-0xbffe003f]
[    0.006171] kernel: ACPI: Reserving APIC table memory at [mem 0xbffe1511-0xbffe1590]
[    0.006172] kernel: ACPI: Reserving HPET table memory at [mem 0xbffe1591-0xbffe15c8]
[    0.006492] kernel: No NUMA configuration found
[    0.006493] kernel: Faking a node at [mem 0x0000000000000000-0x00000002bfffffff]
[    0.006496] kernel: NODE_DATA(0) allocated [mem 0x2bfffa000-0x2bfffdfff]
[    0.006586] kernel: Zone ranges:
[    0.006587] kernel:   DMA      [mem 0x0000000000001000-0x0000000000ffffff]
[    0.006589] kernel:   DMA32    [mem 0x0000000001000000-0x00000000ffffffff]
[    0.006590] kernel:   Normal   [mem 0x0000000100000000-0x00000002bfffffff]
[    0.006591] kernel: Movable zone start for each node
[    0.006592] kernel: Early memory node ranges
[    0.006592] kernel:   node   0: [mem 0x0000000000001000-0x000000000009efff]
[    0.006593] kernel:   node   0: [mem 0x0000000000100000-0x00000000bffdffff]
[    0.006594] kernel:   node   0: [mem 0x0000000100000000-0x00000002bfffffff]
[    0.006595] kernel: Initmem setup node 0 [mem 0x0000000000001000-0x00000002bfffffff]
[    0.007325] kernel: On node 0, zone DMA: 1 pages in unavailable ranges
[    0.007338] kernel: On node 0, zone DMA: 97 pages in unavailable ranges
[    0.108286] kernel: On node 0, zone Normal: 32 pages in unavailable ranges
[    0.615122] kernel: kasan: KernelAddressSanitizer initialized
[    0.615477] kernel: ACPI: PM-Timer IO Port: 0x608
[    0.615486] kernel: ACPI: LAPIC_NMI (acpi_id[0xff] dfl dfl lint[0x1])
[    0.615528] kernel: IOAPIC[0]: apic_id 0, version 17, address 0xfec00000, GSI 0-23
[    0.615531] kernel: ACPI: INT_SRC_OVR (bus 0 bus_irq 0 global_irq 2 dfl dfl)
[    0.615533] kernel: ACPI: INT_SRC_OVR (bus 0 bus_irq 5 global_irq 5 high level)
[    0.615535] kernel: ACPI: INT_SRC_OVR (bus 0 bus_irq 9 global_irq 9 high level)
[    0.615536] kernel: ACPI: INT_SRC_OVR (bus 0 bus_irq 10 global_irq 10 high level)
[    0.615537] kernel: ACPI: INT_SRC_OVR (bus 0 bus_irq 11 global_irq 11 high level)
[    0.615540] kernel: ACPI: Using ACPI (MADT) for SMP configuration information
[    0.615541] kernel: ACPI: HPET id: 0x8086a201 base: 0xfed00000
[    0.615545] kernel: TSC deadline timer available
[    0.615546] kernel: smpboot: Allowing 2 CPUs, 0 hotplug CPUs
[    0.615571] kernel: kvm-guest: KVM setup pv remote TLB flush
[    0.615576] kernel: kvm-guest: setup PV sched yield
[    0.615584] kernel: PM: hibernation: Registered nosave memory: [mem 0x00000000-0x00000fff]
[    0.615586] kernel: PM: hibernation: Registered nosave memory: [mem 0x0009f000-0x0009ffff]
[    0.615587] kernel: PM: hibernation: Registered nosave memory: [mem 0x000a0000-0x000effff]
[    0.615588] kernel: PM: hibernation: Registered nosave memory: [mem 0x000f0000-0x000fffff]
[    0.615589] kernel: PM: hibernation: Registered nosave memory: [mem 0xbffe0000-0xbfffffff]
[    0.615590] kernel: PM: hibernation: Registered nosave memory: [mem 0xc0000000-0xfeffbfff]
[    0.615590] kernel: PM: hibernation: Registered nosave memory: [mem 0xfeffc000-0xfeffffff]
[    0.615591] kernel: PM: hibernation: Registered nosave memory: [mem 0xff000000-0xfffbffff]
[    0.615591] kernel: PM: hibernation: Registered nosave memory: [mem 0xfffc0000-0xffffffff]
[    0.615593] kernel: [mem 0xc0000000-0xfeffbfff] available for PCI devices
[    0.615594] kernel: Booting paravirtualized kernel on KVM
[    0.615597] kernel: clocksource: refined-jiffies: mask: 0xffffffff max_cycles: 0xffffffff, max_idle_ns: 1910969940391419 ns
[    0.619854] kernel: setup_percpu: NR_CPUS:64 nr_cpumask_bits:64 nr_cpu_ids:2 nr_node_ids:1
[    0.620674] kernel: percpu: Embedded 56 pages/cpu s191576 r8192 d29608 u1048576
[    0.620681] kernel: pcpu-alloc: s191576 r8192 d29608 u1048576 alloc=1*2097152
[    0.620684] kernel: pcpu-alloc: [0] 0 1 
[    0.620710] kernel: kvm-guest: setup async PF for cpu 0
[    0.620716] kernel: kvm-guest: stealtime: cpu 0, msr 26561f140
[    0.620720] kernel: Built 1 zonelists, mobility grouping on.  Total pages: 2580192
[    0.620722] kernel: Policy zone: Normal
[    0.620724] kernel: Kernel command line: root=/dev/sda console=ttyS0 net.ifnames=0 ip=192.168.0.37 quiet
[    0.626545] kernel: Dentry cache hash table entries: 2097152 (order: 12, 16777216 bytes, linear)
[    0.629303] kernel: Inode-cache hash table entries: 1048576 (order: 11, 8388608 bytes, linear)
[    0.629362] kernel: mem auto-init: stack:off, heap alloc:off, heap free:off
[    0.839727] kernel: Memory: 8872644K/10485240K available (14348K kernel code, 2403K rwdata, 3568K rodata, 1384K init, 1732K bss, 1612396K reserved, 0K cma-reserved)
[    0.839824] kernel: SLUB: HWalign=64, Order=0-3, MinObjects=0, CPUs=2, Nodes=1
[    0.840393] kernel: rcu: Hierarchical RCU implementation.
[    0.840395] kernel: rcu:         RCU event tracing is enabled.
[    0.840396] kernel: rcu:         RCU restricting CPUs from NR_CPUS=64 to nr_cpu_ids=2.
[    0.840399] kernel: rcu: RCU calculated value of scheduler-enlistment delay is 100 jiffies.
[    0.840400] kernel: rcu: Adjusting geometry for rcu_fanout_leaf=16, nr_cpu_ids=2
[    0.843140] kernel: NR_IRQS: 4352, nr_irqs: 440, preallocated irqs: 16
[    0.843362] kernel: random: get_random_bytes called from start_kernel+0x4b1/0x67a with crng_init=0
[    0.847239] kernel: Console: colour VGA+ 80x25
[    0.847284] kernel: printk: console [ttyS0] enabled
[    0.847302] kernel: ACPI: Core revision 20210730
[    0.847454] kernel: clocksource: hpet: mask: 0xffffffff max_cycles: 0xffffffff, max_idle_ns: 19112604467 ns
[    0.847564] kernel: APIC: Switch to symmetric I/O mode setup
[    0.847568] kernel: kvm-guest: setup PV IPIs
[    0.848425] kernel: ..TIMER: vector=0x30 apic1=0 pin1=2 apic2=-1 pin2=-1
[    0.848445] kernel: clocksource: tsc-early: mask: 0xffffffffffffffff max_cycles: 0x2563bf907c6, max_idle_ns: 440795319401 ns
[    0.848454] kernel: Calibrating delay loop (skipped) preset value.. 5187.81 BogoMIPS (lpj=2593906)
[    0.848456] kernel: pid_max: default: 32768 minimum: 301
[    0.848490] kernel: LSM: Security Framework initializing
[    0.848504] kernel: SELinux:  Initializing.
[    0.849524] kernel: Mount-cache hash table entries: 32768 (order: 6, 262144 bytes, linear)
[    0.849999] kernel: Mountpoint-cache hash table entries: 32768 (order: 6, 262144 bytes, linear)
[    0.850436] kernel: x86/cpu: User Mode Instruction Prevention (UMIP) activated
[    0.850523] kernel: Last level iTLB entries: 4KB 0, 2MB 0, 4MB 0
[    0.850524] kernel: Last level dTLB entries: 4KB 0, 2MB 0, 4MB 0, 1GB 0
[    0.850535] kernel: Spectre V1 : Mitigation: usercopy/swapgs barriers and __user pointer sanitization
[    0.850539] kernel: Spectre V2 : Mitigation: Enhanced IBRS
[    0.850540] kernel: Spectre V2 : Spectre v2 / SpectreRSB mitigation: Filling RSB on context switch
[    0.850542] kernel: Spectre V2 : mitigation: Enabling conditional Indirect Branch Prediction Barrier
[    0.850543] kernel: Speculative Store Bypass: Mitigation: Speculative Store Bypass disabled via prctl and seccomp
[    0.850544] kernel: TAA: Mitigation: TSX disabled
[    0.855448] kernel: Freeing SMP alternatives memory: 40K
[    0.855448] kernel: smpboot: CPU0: Intel(R) Xeon(R) Gold 6348 CPU @ 2.60GHz (family: 0x6, model: 0x6a, stepping: 0x6)
[    0.855448] kernel: Performance Events: Icelake events, 32-deep LBR, full-width counters, Intel PMU driver.
[    0.855448] kernel: ... version:                2
[    0.855448] kernel: ... bit width:              48
[    0.855448] kernel: ... generic registers:      8
[    0.855448] kernel: ... value mask:             0000ffffffffffff
[    0.855448] kernel: ... max period:             00007fffffffffff
[    0.855448] kernel: ... fixed-purpose events:   3
[    0.855448] kernel: ... event mask:             00000007000000ff
[    0.855448] kernel: rcu: Hierarchical SRCU implementation.
[    0.855448] kernel: smp: Bringing up secondary CPUs ...
[    0.855448] kernel: x86: Booting SMP configuration:
[    0.855448] kernel: .... node  #0, CPUs:      #1
[    0.005119] kernel: kvm-clock: cpu 1, msr 7d86e041, secondary cpu clock
[    0.005119] kernel: smpboot: CPU 1 Converting physical 0 to logical die 1
[    0.869515] kernel: kvm-guest: setup async PF for cpu 1
[    0.869515] kernel: kvm-guest: stealtime: cpu 1, msr 26571f140
[    0.869515] kernel: smp: Brought up 1 node, 2 CPUs
[    0.869515] kernel: smpboot: Max logical packages: 2
[    0.869515] kernel: smpboot: Total of 2 processors activated (10375.62 BogoMIPS)
[    0.870038] kernel: devtmpfs: initialized
[    0.878650] kernel: clocksource: jiffies: mask: 0xffffffff max_cycles: 0xffffffff, max_idle_ns: 19112----- is restarting 0
---- dfs_name orangefs is_dfs_client 0
unlink FIFO failed: No such file or directory
executor 0 finishes userspace_cover_open
before receiving handshake request
[    0.000000] kernel: Linux version 5.15.0+ (tlyu@IC-RS3-DPC07) (gcc (Ubuntu 9.4.0-1ubuntu1~20.04.1) 9.4.0, GNU ld (GNU Binutils for Ubuntu) 2.34) #7 SMP Sat Feb 18 10:18:37 CET 2023
[    0.000000] kernel: Command line: root=/dev/sda console=ttyS0 net.ifnames=0 ip=192.168.0.35 quiet
[    0.000000] kernel: x86/fpu: Supporting XSAVE feature 0x001: 'x87 floating point registers'
[    0.000000] kernel: x86/fpu: Supporting XSAVE feature 0x002: 'SSE registers'
[    0.000000] kernel: x86/fpu: Supporting XSAVE feature 0x004: 'AVX registers'
[    0.000000] kernel: x86/fpu: Supporting XSAVE feature 0x020: 'AVX-512 opmask'
[    0.000000] kernel: x86/fpu: Supporting XSAVE feature 0x040: 'AVX-512 Hi256'
[    0.000000] kernel: x86/fpu: Supporting XSAVE feature 0x080: 'AVX-512 ZMM_Hi256'
[    0.000000] kernel: x86/fpu: Supporting XSAVE feature 0x200: 'Protection Keys User registers'
[    0.000000] kernel: x86/fpu: xstate_offset[2]:  576, xstate_sizes[2]:  256
[    0.000000] kernel: x86/fpu: xstate_60446275000 ns
[    0.878658] kernel: futex hash table entries: 512 (order: 3, 32768 bytes, linear)
[    0.879694] kernel: PM: RTC time: 04:51:05, date: 2023-03-07
[    0.879902] kernel: NET: Registered PF_NETLINK/PF_ROUTE protocol family
[    0.880378] kernel: audit: initializing netlink subsys (disabled)
[    0.882487] kernel: audit: type=2000 audit(1678164665.320:1): state=initialized audit_enabled=0 res=1
[    0.883885] kernel: thermal_sys: Registered thermal governor 'step_wise'
[    0.883888] kernel: thermal_sys: Registered thermal governor 'user_space'
[    0.883955] kernel: cpuidle: using governor menu
[    0.883955] kernel: ACPI: bus type PCI registered
[    0.883955] kernel: PCI: Using configuration type 1 for base access
[    0.893073] kernel: Kprobes globally optimized
[    0.894533] kernel: HugeTLB registered 2.00 MiB page size, pre-allocated 0 pages
[    0.894533] kernel: cryptomgr_test (26) used greatest stack depth: 31400 bytes left
[    0.895695] kernel: ACPI: Added _offset[5]:  832, xstate_sizes[5]:   64
[    0.000000] kernel: x86/fpu: xstate_offset[6]:  896, xstate_sizes[6]:  512
[    0.000000] kernel: x86/fpu: xstate_offset[7]: 1408, xstate_sizes[7]: 1024
[    0.000000] kernel: x86/fpu: xstate_offset[9]: 2432, xstate_sizes[9]:    8
[    0.000000] kernel: x86/fpu: Enabled xstate features 0x2e7, context size is 2440 bytes, using 'compacted' format.
[    0.000000] kernel: signal: max sigframe size: 3632
[    0.000000] kernel: BIOS-provided physical RAM map:
[    0.000000] kernel: BIOS-e820: [mem 0x0000000000000000-0x000000000009fbff] usable
[    0.000000] kernel: BIOS-e820: [mem 0x000000000009fc00-0x000000000009ffff] reserved
[    0.000000] kernel: BIOS-e820: [mem 0x00000000000f0000-0x00000000000fffff] reserved
[    0.000000] kernel: BIOS-e820: [mem 0x0000000000100000-0x00000000bffdffff] usable
[    0.000000] kernel: BIOS-e820: [mem 0x00000000bffe0000-0x00000000bfffffff] reserved
[    0.000000] kernel: BIOS-e820: [mem 0x00000000feffc000-0x00000000[D 01/16/2023 17:42:13] PVFS2 Server version 2.9.7-orangefs-REV-65ab0d2 starting.
[E 01/16/2023 17:43:19] PVFS2 server got signal 15 (server_status_flag: 2080767)
[D 02/18/2023 14:39:31] PVFS2 Server version 2.9.7-orangefs-REV-65ab0d2 starting.
[D 02/18/2023 14:47:30] PVFS2 received server: signal 1
[E 02/18/2023 14:47:30] PVFS2 server got signal 15 (server_status_flag: 2080767)
feffffff] reserved
[    0.000000] kernel: BIOS-e820: [mem 0x00000000fffc0000-0x00000000ffffffff] reserved
[    0.000000] kernel: BIOS-e820: [mem 0x0000000100000000-0x00000002bfffffff] usable
[    0.000000] kernel: NX (Execute Disable) protection: active
[    0.000000] kernel: SMBIOS 2.8 present.
[    0.000000] kernel: DMI: QEMU Standard PC (i440FX + PIIX, 1996), BIOS 1.13.0-1ubuntu1.1 04/01/2014
[    0.000000] kernel: Hypervisor detected: KVM
[    0.000000] kernel: kvm-clock: Using msrs 4b564d01 and 4b564d00
[    0.000000] kernel: kvm-clock: cpu 0, msr 1ede6e001, primary cpu clock
[    0.000001] kernel: kvm-clock: using sched offset of 338746693 cycles
[    0.000003] kernel: clocksource: kvm-clock: mask: 0xffffffffffffffff max_cycles: 0x1cd42e4dffb, max_idle_ns: 881590591483 ns
[    0.000005] kernel: tsc: Detected 2593.906 MHz processor
[    0.000428] kernel: e820: update [mem 0x00000000-0x00000fff] usable ==> reserved
[    0.000430] kernel: e820: remove [mem 0x000a0000-0x000fffff] usOSI(Module Device)
[    0.895695] kernel: ACPI: Added _OSI(Processor Device)
[    0.895695] kernel: ACPI: Added _OSI(3.0 _SCP Extensions)
[    0.895695] kernel: ACPI: Added _OSI(Processor Aggregator Device)
[    0.895695] kernel: ACPI: Added _OSI(Linux-Dell-Video)
[    0.895695] kernel: ACPI: Added _OSI(Linux-Lenovo-NV-HDMI-Audio)
[    0.895695] kernel: ACPI: Added _OSI(Linux-HPI-Hybrid-Graphics)
[    0.904838] kernel: ACPI: 1 ACPI AML tables successfully acquired and loaded
[    0.908811] kernel: ACPI: Interpreter enabled
[    0.908847] kernel: ACPI: PM: (supports S0 S3 S4 S5)
[    0.908868] kernel: ACPI: Using IOAPIC for interrupt routing
[    0.908907] kernel: PCI: Using host bridge windows from ACPI; if necessary, use "pci=nocrs" and report a bug
[    0.909588] kernel: ACPI: Enabled 2 GPEs in block 00 to 0F
[    0.923612] kernel: ACPI: PCI Root Bridge [PCI0] (domain 0000 [bus 00-ff])
[    0.923624] kernel: acpi PNP0A03:00: _OSC: OS supports [ASPM ClockPM Segments MSI HPX-Type3]
[    0.923671] kernel: acpi PNP0A03:00: fail to add MMCONFIG information, can't access extended PCI configuration space under this bridge.
[    0.923780] kernel: PCI host bridge to bus 0000:00
[    0.923783] kernel: pci_bus 0000:00: root bus resource [io  0x0000-0x0cf7 window]
[    0.923785] kernel: pci_bus 0000:00: root bus resource [io  0x0d00-0xffff window]
[    0.923787] kernel: pci_bus 0000:00: root bus resource [mem 0x000a0000-0x000bffff window]
[    0.923789] kernel: pci_bus 0000:00: root bus resource [mem 0xc0000000-0xfebfffff window]
[    0.923791] kernel: pci_bus 0000:00: root bus resource [mem 0x2c0000000-0x33fffffff window]
[    0.923793] kernel: pci_bus 0000:00: root bus resource [bus 00-ff]
[    0.924434] kernel: pci 0000:00:00.0: [8086:1237] type 00 class 0x060000
[    0.925365] kernel: pci 0000:00:01.0: [8086:7000] type 00 class 0x060100
[    0.926118] kernel: pci 0000:00:01.1: [8086:7010] type 00 class 0x010180
[    0.928078] kernel: pci 0000:00:01.1: reg 0x20: [io  0xcable
[    0.000433] kernel: last_pfn = 0x2c0000 max_arch_pfn = 0x10000000000
[    0.000484] kernel: x86/PAT: Configuration [0-7]: WB  WC  UC- UC  WB  WP  UC- WT  
[    0.000490] kernel: last_pfn = 0xbffe0 max_arch_pfn = 0x10000000000
[    0.004836] kernel: found SMP MP-table at [mem 0x000f5c80-0x000f5c8f]
[    0.004859] kernel: Using GB pages for direct mapping
[    0.004976] kernel: ACPI: Early table checksum verification disabled
[    0.004979] kernel: ACPI: RSDP 0x00000000000F5A50 000014 (v00 BOCHS )
[    0.004988] kernel: ACPI: RSDT 0x00000000BFFE15C9 000030 (v01 BOCHS  BXPCRSDT 00000001 BXPC 00000001)
[    0.004993] kernel: ACPI: FACP 0x00000000BFFE149D 000074 (v01 BOCHS  BXPCFACP 00000001 BXPC 00000001)
[    0.004997] kernel: ACPI: DSDT 0x00000000BFFE0040 00145D (v01 BOCHS  BXPCDSDT 00000001 BXPC 00000001)
[    0.005000] kernel: ACPI: FACS 0x00000000BFFE0000 000040
[    0.005002] kernel: ACPI: APIC 0x00000000BFFE1511 000080 (v01 BOCHS  BXPCAPIC 00000001 BXPC 00000001)
[    0.005040-0xc04f]
[    0.928881] kernel: pci 0000:00:01.1: legacy IDE quirk: reg 0x10: [io  0x01f0-0x01f7]
[    0.928883] kernel: pci 0000:00:01.1: legacy IDE quirk: reg 0x14: [io  0x03f6]
[    0.928884] kernel: pci 0000:00:01.1: legacy IDE quirk: reg 0x18: [io  0x0170-0x0177]
[    0.928885] kernel: pci 0000:00:01.1: legacy IDE quirk: reg 0x1c: [io  0x0376]
[    0.929725] kernel: pci 0000:00:01.3: [8086:7113] type 00 class 0x068000
[    0.929991] kernel: pci 0000:00:01.3: quirk: [io  0x0600-0x063f] claimed by PIIX4 ACPI
[    0.929997] kernel: pci 0000:00:01.3: quirk: [io  0x0700-0x070f] claimed by PIIX4 SMB
[    0.930775] kernel: pci 0000:00:02.0: [1234:1111] type 00 class 0x030000
[    0.932013] kernel: pci 0000:00:02.0: reg 0x10: [mem 0xfd000000-0xfdffffff pref]
[    0.934453] kernel: pci 0000:00:02.0: reg 0x18: [mem 0xfeb90000-0xfeb90fff]
[    0.937126] kernel: pci 0000:00:02.0: reg 0x30: [mem 0xfeb80000-0xfeb8ffff pref]
[    0.938120] kernel: pci 0000:00:03.0: [1af4:1005] type 00 class 0x00ff00
[    0.938764] kernel: pci 0000:00:03.0: reg 0x10: [io  0xc000-0xc01f]
[    0.941354] kernel: pci 0000:00:03.0: reg 0x20: [mem 0xfe200000-0xfe203fff 64bit pref]
[    0.943080] kernel: pci 0000:00:04.0: [1af4:1000] type 00 class 0x020000
[    0.944889] kernel: pci 0000:00:04.0: reg 0x10: [io  0xc020-0xc03f]
[    0.945452] kernel: pci 0000:00:04.0: reg 0x14: [mem 0xfeb91000-0xfeb91fff]
[    0.947452] kernel: pci 0000:00:04.0: reg 0x20: [mem 0xfe204000-0xfe207fff 64bit pref]
[    0.948173] kernel: pci 0000:00:04.0: reg 0x30: [mem 0xfeb00000-0xfeb7ffff pref]
[    0.949302] kernel: pci 0000:00:10.0: [1af4:1110] type 00 class 0x050000
[    0.949762] kernel: pci 0000:00:10.0: reg 0x10: [mem 0xfeb92000-0xfeb920ff]
[    0.950923] kernel: pci 0000:00:10.0: reg 0x18: [mem 0xfe000000-0xfe0fffff 64bit pref]
[    0.954689] kernel: pci 0000:00:11.0: [1af4:1110] type 00 class 0x050000
[    0.955296] kernel: pci 0000:00:11.0: reg 0x10: [mem 0xfeb93000-0xfeb930ff]
[    0.956427] kernel: pci 0000:00:11.0: reg 0x18: [mem 0xfe208000-0xfe2083ff 64bit pref]
[    0.958308] kernel: pci 0000:00:12.0: [1af4:1110] type 00 class 0x050000
[    0.958752] kernel: pci 0000:00:12.0: reg 0x10: [mem 0xfeb94000-0xfeb940ff]
[    0.959855] kernel: pci 0000:00:12.0: reg 0x18: [mem 0xfe100000-0xfe1fffff 64bit pref]
[    0.964200] kernel: ACPI: PCI: Interrupt link LNKA configured for IRQ 10
[    0.964585] kernel: ACPI: PCI: Interrupt link LNKB configured for IRQ 10
[    0.964924] kernel: ACPI: PCI: Interrupt link LNKC configured for IRQ 11
[    0.965622] kernel: ACPI: PCI: Interrupt link LNKD configured for IRQ 11
[    0.965778] kernel: ACPI: PCI: Interrupt link LNKS configured for IRQ 9
[    0.966411] kernel: iommu: Default domain type: Translated 
[    0.966412] kernel: iommu: DMA domain TLB invalidation policy: lazy mode 
[    0.966468] kernel: pci 0000:00:02.0: vgaarb: setting as boot VGA device
[    0.966470] kernel: pci 0000:00:02.0: vgaarb: VGA device added: decodes=io+mem,owns=io+mem,locks=none
[    0.966473] kernel: pci 0000:00:02.0: vgaarb: bridge control possible
[    0.966474] kernel: vgaarb: loaded
[    0.966674] kernel: SCSI subsystem initialized
[    0.966721] kernel: libata version 3.00 loaded.
[    0.966721] kernel: ACPI: bus type USB registered
[    0.966721] kernel: usbcore: registered new interface driver usbfs
[    0.966721] kernel: usbcore: registered new interface driver hub
[    0.966721] kernel: usbcore: registered new device driver usb
[    0.966721] kernel: pps_core: LinuxPPS API ver. 1 registered
[    0.966721] kernel: pps_core: Software ver. 5.3.6 - Copyright 2005-2007 Rodolfo Giometti <giometti@linux.it>
[    0.966721] kernel: PTP clock support registered
[    0.967545] kernel: Advanced Linux Sound Architecture Driver Initialized.
[    0.967841] kernel: NetLabel: Initializing
[    0.967842] kernel: NetLabel:  domain hash size = 128
[    0.967842] kernel: NetLabel:  protocols = UNLABELED CIPSOv4 CALIPSO
[    0.967874] kernel: NetLabel:  unlabeled traffic allowed by default
[    0.967907] kernel: PCI: Using ACPI for IRQ routing
[    0.967907] kernel: PCI: pci_cache_line_size set to 64 bytes
[    0.967907] kernel: e820: reserve RAM buffer [mem 0x0009fc00-0x0009ffff]
[    0.967907] kernel: e820: reserve RAM buffer [mem 0xbffe0000-0xbfffffff]
[    0.967907] kernel: hpet0: at MMIO 0xfed00000, IRQs 2, 8, 0
[    0.967907] kernel: hpet0: 3 comparators, 64-bit 100.000000 MHz counter
[    0.970549] kernel: clocksource: Switched to clocksource kvm-clock
[    1.002085] kernel: VFS: Disk quotas dquot_6.6.0
[    1.002106] kernel: VFS: Dquot-cache hash table entries: 512 (order 0, 4096 bytes)
[    1.002214] kernel: pnp: PnP ACPI init
[    1.002516] kernel: pnp 00:03: [dma 2]
[    1.003552] kernel: pnp: PnP ACPI: found 6 devices
[    1.016784] kernel: clocksource: acpi_pm: mask: 0xffffff max_cycles: 0xffffff, max_idle_ns: 2085701024 ns
[    1.016844] kernel: NET: Registered PF_INET protocol family
[    1.017474] kernel: IP idents hash table e005] kernel: ACPI: HPET 0x00000000BFFE1591 000038 (v01 BOCHS  BXPCHPET 00000001 BXPC 00000001)
[    0.005006] kernel: ACPI: Reserving FACP table memory at [mem 0xbffe149d-0xbffe1510]
[    0.005007] kernel: ACPI: Reserving DSDT table memory at [mem 0xbffe0040-0xbffe149c]
[    0.005008] kernel: ACPI: Reserving FACS table memory at [mem 0xbffe0000-0xbffe003f]
[    0.005009] kernel: ACPI: Reserving APIC table memory at [mem 0xbffe1511-0xbffe1590]
[    0.005009] kernel: ACPI: Reserving HPET table memory at [mem 0xbffe1591-0xbffe15c8]
[    0.005261] kernel: No NUMA configuration found
[    0.005261] kernel: Faking a node at [mem 0x0000000000000000-0x00000002bfffffff]
[    0.005264] kernel: NODE_DATA(0) allocated [mem 0x2bfffc000-0x2bfffffff]
[    0.006024] kernel: Zone ranges:
[    0.006026] kernel:   DMA      [mem 0x0000000000001000-0x0000000000ffffff]
[    0.006028] kernel:   DMA32    [mem 0x0000000001000000-0x00000000ffffffff]
[    0.006029] kernel:   Normal   [mem 0x0000000100000000-0x00000002bfffffff]
[    0.006030] kernel: Movable zone start for each node
[    0.006030] kernel: Early memory node ranges
[    0.006031] kernel:   node   0: [mem 0x0000000000001000-0x000000000009efff]
[    0.006032] kernel:   node   0: [mem 0x0000000000100000-0x00000000bffdffff]
[    0.006033] kernel:   node   0: [mem 0x0000000100000000-0x00000002bfffffff]
[    0.006034] kernel: Initmem setup node 0 [mem 0x0000000000001000-0x00000002bfffffff]
[    0.006632] kernel: On node 0, zone DMA: 1 pages in unavailable ranges
[    0.006644] kernel: On node 0, zone DMA: 97 pages in unavailable ranges
[    0.064481] kernel: On node 0, zone Normal: 32 pages in unavailable ranges
[    0.567665] kernel: kasan: KernelAddressSanitizer initialized
[    0.568008] kernel: ACPI: PM-Timer IO Port: 0x608
[    0.568016] kernel: ACPI: LAPIC_NMI (acpi_id[0xff] dfl dfl lint[0x1])
[    0.568054] kernel: IOAPIC[0]: apic_id 0, version 17, address 0xfec00000, GSI 0-23
[    0.568057] kernel: ACPI: INT_SRC_OVR (bus 0 bus_irq 0 global_irq 2 dfl dfl)
[    0.568059] kernel: ACPI: INT_SRC_OVR (bus 0 bus_irq 5 global_irq 5 high level)
[    0.568060] kernel: ACPI: INT_SRC_OVR (bus 0 bus_irq 9 global_irq 9 high level)
[    0.568061] kernel: ACPI: INT_SRC_OVR (bus 0 bus_irq 10 global_irq 10 high level)
[    0.568062] kernel: ACPI: INT_SRC_OVR (bus 0 bus_irq 11 global_irq 11 high level)
[    0.568065] kernel: ACPI: Using ACPI (MADT) for SMP configuration information
[    0.568066] kernel: ACPI: HPET id: 0x8086a201 base: 0xfed00000
[    0.568070] kernel: TSC deadline timer available
[    0.568071] kernel: smpboot: Allowing 2 CPUs, 0 hotplug CPUs
[    0.568095] kernel: kvm-guest: KVM setup pv remote TLB flush
[    0.568099] kernel: kvm-guest: setup PV sched yield
[    0.568106] kernel: PM: hibernation: Registered nosave memory: [mem 0x00000000-0x00000fff]
[    0.568108] kernel: PM: hibernation: Registered nosave memory: [mem 0x0009f000-0x0009ffff]
[    0.568109] kernel: PM: hibernation: Registered nosave memory: [mem 0x000a0000-0x000effff]
[    0.568110] kernel: PM: hibernation: Registered nosave memory: [mem 0x000f0000-0x000fffff]
[    0.568111] kernel: PM: hibernation: Registered nosave memory: [mem 0xbffe0000-0xbfffffff]
[    0.568112] kernel: PM: hibernation: Registered nosave memory: [mem 0xc0000000-0xfeffbfff]
[    0.568113] kernel: PM: hibernation: Registered nosave memory: [mem 0xfeffc000-0xfeffffff]
[    0.568114] kernel: PM: hibernation: Registered nosave memory: [mem 0xff000000-0xfffbffff]
[    0.568114] kernel: PM: hibernation: Registered nosave memory: [mem 0xfffc0000-0xffffffff]
[    0.568116] kernel: [mem 0xc0000000-0xfeffbfff] available for PCI devices
[    0.568117] kernel: Booting paravirtualized kernel on KVM
[    0.568119] kernel: clocksource: refined-jiffies: mask: 0xffffffff max_cycles: 0xffffffff, max_idle_ns: 1910969940391419 ns
[    0.572154] kernel: setup_percpu: NR_CPUS:64 nr_cpumask_bits:64 nr_cpu_ids:2 nr_node_ids:1
[    0.572992] kernel: percpu: Embedded 56 pages/cpu s191576 r8192 d29608 u1048576
[    0.572998] kernel: pcpu-alloc: s191576 r8192 d29608 u1048576 alloc=1*2097152
[    0.573002] kernel: pcpu-alloc: [0] 0 1 
[    0.573027] kernel: kvm-guest: setup async PF for cpu 0
[    0.573033] kernel: kvm-guest: stealtime: cpu 0, msr 26561f140
[    0.573038] kernel: Built 1 zonelists, mobility grouping on.  Total pages: 2580192
[    0.573039] kernel: Policy zone: Normal
[    0.573041] kernel: Kernel command line: root=/dev/sda console=ttyS0 net.ifnames=0 ip=192.168.0.35 quiet
[    0.579673] kernel: Dentry cache hash table entries: 2097152 (order: 12, 16777216 bytes, linear)
[    0.582920] kernel: Inode-cache hash table entries: 1048576 (order: 11, 8388608 bytes, linear)
[    0.582979] kernel: mem auto-init: stack:off, heap alloc:off, heap free:off
[    0.829768] kernel: Memory: 8872656K/10485240K available (14348K kernel code, 2403K rwdata, 3568K rodata, 1384K init, 1732K bss, 1612384K reserved, 0K cma-reserved)
[    0.829857] kernel: SLUB:ntries: 262144 (order: 9, 2097152 bytes, linear)
[    1.019162] kernel: tcp_listen_portaddr_hash hash table entries: 8192 (order: 5, 131072 bytes, linear)
[    1.019623] kernel: TCP established hash table entries: 131072 (order: 8, 1048576 bytes, linear)
[    1.019753] kernel: TCP bind hash table entries: 65536 (order: 8, 1048576 bytes, linear)
[    1.020219] kernel: TCP: Hash tables configured (established 131072 bind 65536)
[    1.020282] kernel: UDP hash table entries: 8192 (order: 6, 262144 bytes, linear)
[    1.020314] kernel: UDP-Lite hash table entries: 8192 (order: 6, 262144 bytes, linear)
[    1.020443] kernel: NET: Registered PF_UNIX/PF_LOCAL protocol family
[    1.020779] kernel: pci_bus 0000:00: resource 4 [io  0x0000-0x0cf7 window]
[    1.020782] kernel: pci_bus 0000:00: resource 5 [io  0x0d00-0xffff window]
[    1.020784] kernel: pci_bus 0000:00: resource 6 [mem 0x000a0000-0x000bffff window]
[    1.020785] kernel: pci_bus 0000:00: resource 7 [mem 0xc0000000-0xfebfffff wi HWalign=64, Order=0-3, MinObjects=0, CPUs=2, Nodes=1
[    0.830566] kernel: rcu: Hierarchical RCU implementation.
[    0.830568] kernel: rcu:         RCU event tracing is enabled.
[    0.830568] kernel: rcu:         RCU restricting CPUs from NR_CPUS=64 to nr_cpu_ids=2.
[    0.830572] kernel: rcu: RCU calculated value of scheduler-enlistment delay is 100 jiffies.
[    0.830573] kernel: rcu: Adjusting geometry for rcu_fanout_leaf=16, nr_cpu_ids=2
[    0.833252] kernel: NR_IRQS: 4352, nr_irqs: 440, preallocated irqs: 16
[    0.833464] kernel: random: get_random_bytes called from start_kernel+0x4b1/0x67a with crng_init=0
[    0.838405] kernel: Console: colour VGA+ 80x25
[    0.838457] kernel: printk: console [ttyS0] enabled
[    0.838483] kernel: ACPI: Core revision 20210730
[    0.838637] kernel: clocksource: hpet: mask: 0xffffffff max_cycles: 0xffffffff, max_idle_ns: 19112604467 ns
[    0.838771] kernel: APIC: Switch to symmetric I/O mode setup
[    0.838774] kernel: kvm-guest: setup Pndow]
[    1.020786] kernel: pci_bus 0000:00: resource 8 [mem 0x2c0000000-0x33fffffff window]
[    1.020896] kernel: pci 0000:00:01.0: PIIX3: Enabling Passive Release
[    1.020905] kernel: pci 0000:00:00.0: Limiting direct PCI/PCI transfers
[    1.020913] kernel: pci 0000:00:01.0: Activating ISA DMA hang workarounds
[    1.020949] kernel: pci 0000:00:02.0: Video device with shadowed ROM at [mem 0x000c0000-0x000dffff]
[    1.020983] kernel: PCI: CLS 0 bytes, default 64
[    1.020995] kernel: PCI-DMA: Using software bounce buffering for IO (SWIOTLB)
[    1.020996] kernel: software IO TLB: mapped [mem 0x00000000bbfe0000-0x00000000bffe0000] (64MB)
[    1.021178] kernel: RAPL PMU: API unit is 2^-32 Joules, 0 fixed counters, 10737418240 ms ovfl timer
[    1.021192] kernel: clocksource: tsc: mask: 0xffffffffffffffff max_cycles: 0x2563bf907c6, max_idle_ns: 440795319401 ns
[    1.021357] kernel: clocksource: Switched to clocksource tsc
[    1.023198] kernel: Initialise system trusted keyringsV IPIs
[    0.839688] kernel: ..TIMER: vector=0x30 apic1=0 pin1=2 apic2=-1 pin2=-1
[    0.839723] kernel: clocksource: tsc-early: mask: 0xffffffffffffffff max_cycles: 0x2563bf907c6, max_idle_ns: 440795319401 ns
[    0.839730] kernel: Calibrating delay loop (skipped) preset value.. 5187.81 BogoMIPS (lpj=2593906)
[    0.839733] kernel: pid_max: default: 32768 minimum: 301
[    0.839768] kernel: LSM: Security Framework initializing
[    0.839783] kernel: SELinux:  Initializing.
[    0.839879] kernel: Mount-cache hash table entries: 32768 (order: 6, 262144 bytes, linear)
[    0.840463] kernel: Mountpoint-cache hash table entries: 32768 (order: 6, 262144 bytes, linear)
[    0.840918] kernel: x86/cpu: User Mode Instruction Prevention (UMIP) activated
[    0.841003] kernel: Last level iTLB entries: 4KB 0, 2MB 0, 4MB 0
[    0.841004] kernel: Last level dTLB entries: 4KB 0, 2MB 0, 4MB 0, 1GB 0
[    0.841014] kernel: Spectre V1 : Mitigation: usercopy/swapgs barriers and __user pointer sanitizat
[    1.023294] kernel: workingset: timestamp_bits=56 max_order=22 bucket_order=0
[    1.028328] kernel: fuse: init (API version 7.34)
[    1.028615] kernel: orangefs_debugfs_init: called with debug mask: :none: :0:
[    1.028683] kernel: orangefs_init: module version upstream loaded
[    1.037765] kernel: Key type asymmetric registered
[    1.037768] kernel: Asymmetric key parser 'x509' registered
[    1.037836] kernel: Block layer SCSI generic (bsg) driver version 0.4 loaded (major 250)
[    1.037837] kernel: io scheduler mq-deadline registered
[    1.037839] kernel: io scheduler kyber registered
[    1.038205] kernel: input: Power Button as /devices/LNXSYSTM:00/LNXPWRBN:00/input/input0
[    1.038297] kernel: ACPI: button: Power Button [PWRF]
[    1.343049] kernel: ACPI: \_SB_.LNKC: Enabled at IRQ 11
[    1.647479] kernel: ACPI: \_SB_.LNKD: Enabled at IRQ 10
[    1.648763] kernel: Serial: 8250/16550 driver, 4 ports, IRQ sharing enabled
[    1.648875] kernel: 00:05: ttyS0 at I/O 0x3fion
[    0.841018] kernel: Spectre V2 : Mitigation: Enhanced IBRS
[    0.841019] kernel: Spectre V2 : Spectre v2 / SpectreRSB mitigation: Filling RSB on context switch
[    0.841021] kernel: Spectre V2 : mitigation: Enabling conditional Indirect Branch Prediction Barrier
[    0.841022] kernel: Speculative Store Bypass: Mitigation: Speculative Store Bypass disabled via prctl and seccomp
[    0.841023] kernel: TAA: Mitigation: TSX disabled
[    0.846805] kernel: Freeing SMP alternatives memory: 40K
[    0.846949] kernel: smpboot: CPU0: Intel(R) Xeon(R) Gold 6348 CPU @ 2.60GHz (family: 0x6, model: 0x6a, stepping: 0x6)
[    0.847080] kernel: Performance Events: Icelake events, 32-deep LBR, full-width counters, Intel PMU driver.
[    0.847786] kernel: ... version:                2
[    0.847787] kernel: ... bit width:              48
[    0.847788] kernel: ... generic registers:      8
[    0.847788] kernel: ... value mask:             0000ffffffffffff
[    0.847790] kernel: ... max period----- is restarting 0
---- dfs_name orangefs is_dfs_client 1
before receiving handshake request
8 (irq = 4, base_baud = 115200) is a 16550A
[    1.649577] kernel: Non-volatile memory driver v1.3
[    1.649628] kernel: Linux agpgart interface v0.103
[    1.653300] kernel: loop: module loaded
[    1.653505] kernel: ata_piix 0000:00:01.1: version 2.13
[    1.666477] kernel: scsi host0: ata_piix
[    1.666777] kernel: scsi host1: ata_piix
[    1.666852] kernel: ata1: PATA max MWDMA2 cmd 0x1f0 ctl 0x3f6 bmdma 0xc040 irq 14
[    1.666854] kernel: ata2: PATA max MWDMA2 cmd 0x170 ctl 0x376 bmdma 0xc048 irq 15
[    1.667132] kernel: libphy: Fixed MDIO Bus: probed
[    1.671989] kernel: e100: Intel(R) PRO/100 Network Driver
[    1.671992] kernel: e100: Copyright(c) 1999-2006 Intel Corporation
[    1.672003] kernel: e1000: Intel(R) PRO/1000 Network Driver
[    1.672004] kernel: e1000: Copyright (c) 1999-2006 Intel Corporation.
[    1.672025] kernel: e1000e: Intel(R) PRO/1000 Network Driver
[    1.672026] kernel: e1000e: Copyright(c) 1999 - 2015 Intel Corporation.
[    1.672045] kernel: sky[    0.000000] kernel: Linux version 5.15.0+ (tlyu@IC-RS3-DPC07) (gcc (Ubuntu 9.4.0-1ubuntu1~20.04.1) 9.4.0, GNU ld (GNU Binutils for Ubuntu) 2.34) #7 SMP Sat Feb 18 10:18:37 CET 2023
[    0.000000] kernel: Command line: root=/dev/sda console=ttyS0 net.ifnames=0 ip=192.168.0.38 quiet
[    0.000000] kernel: x86/fpu: Supporting XSAVE feature 0x001: 'x87 floating point registers'
[    0.000000] kernel: x86/fpu: Supporting XSAVE feature 0x002: 'SSE registers'
[    0.000000] kernel: x86/fpu: Supporting XSAVE feature 0x004: 'AVX registers'
[    0.000000] kernel: x86/fpu: Supporting XSAVE feature 0x020: 'AVX-512 opmask'
[    0.000000] kernel: x86/fpu: Supporting XSAVE feature 0x040: 'AVX-512 Hi256'
[    0.000000] kernel: x86/fpu: Supporting XSAVE feature 0x080: 'AVX-512 ZMM_Hi256'
[    0.000000] kernel: x86/fpu: Supporting XSAVE feature 0x200: 'Protection Keys User registers'
[    0.000000] kernel: x86/fpu: xstate_offset[2]:  576, xstate_sizes[2]:  256
[    0.000000] kernel: x86/fpu: xstate_:             00007fffffffffff
[    0.847790] kernel: ... fixed-purpose events:   3
[    0.847791] kernel: ... event mask:             00000007000000ff
[    0.847969] kernel: rcu: Hierarchical SRCU implementation.
[    0.848344] kernel: smp: Bringing up secondary CPUs ...
[    0.848481] kernel: x86: Booting SMP configuration:
[    0.848482] kernel: .... node  #0, CPUs:      #1
[    0.006293] kernel: kvm-clock: cpu 1, msr 1ede6e041, secondary cpu clock
[    0.006293] kernel: smpboot: CPU 1 Converting physical 0 to logical die 1
[    0.849754] kernel: kvm-guest: setup async PF for cpu 1
[    0.849759] kernel: kvm-guest: stealtime: cpu 1, msr 26571f140
[    0.850766] kernel: smp: Brought up 1 node, 2 CPUs
[    0.850770] kernel: smpboot: Max logical packages: 2
[    0.850772] kernel: smpboot: Total of 2 processors activated (10375.62 BogoMIPS)
[    0.851281] kernel: devtmpfs: initialized
[    0.853282] kernel: clocksource: jiffies: mask: 0xffffffff max_cycles: 0xffffffff, max_idle_ns: 1912: driver version 1.30
[    1.673238] kernel: ehci_hcd: USB 2.0 'Enhanced' Host Controller (EHCI) Driver
[    1.673240] kernel: ehci-pci: EHCI PCI platform driver
[    1.673266] kernel: ohci_hcd: USB 1.1 'Open' Host Controller (OHCI) Driver
[    1.673273] kernel: ohci-pci: OHCI PCI platform driver
[    1.673283] kernel: uhci_hcd: USB Universal Host Controller Interface driver
[    1.673394] kernel: usbcore: registered new interface driver usblp
[    1.673408] kernel: usbcore: registered new interface driver usb-storage
[    1.673461] kernel: i8042: PNP: PS/2 Controller [PNP0303:KBD,PNP0f13:MOU] at 0x60,0x64 irq 1,12
[    1.687325] kernel: serio: i8042 KBD port at 0x60,0x64 irq 1
[    1.687337] kernel: serio: i8042 AUX port at 0x60,0x64 irq 12
[    1.687847] kernel: input: AT Translated Set 2 keyboard as /devices/platform/i8042/serio0/input/input1
[    1.688103] kernel: rtc_cmos 00:00: RTC can wake from S4
[    1.689266] kernel: rtc_cmos 00:00: registered as rtc0
[    1.689326] kernel:1260446275000 ns
[    0.853282] kernel: futex hash table entries: 512 (order: 3, 32768 bytes, linear)
[    0.853282] kernel: PM: RTC time: 04:51:05, date: 2023-03-07
[    0.853758] kernel: NET: Registered PF_NETLINK/PF_ROUTE protocol family
[    0.853925] kernel: audit: initializing netlink subsys (disabled)
[    0.854750] kernel: audit: type=2000 audit(1678164665.196:1): state=initialized audit_enabled=0 res=1
[    0.854970] kernel: thermal_sys: Registered thermal governor 'step_wise'
[    0.854971] kernel: thermal_sys: Registered thermal governor 'user_space'
[    0.855759] kernel: cpuidle: using governor menu
[    0.855911] kernel: ACPI: bus type PCI registered
[    0.856111] kernel: PCI: Using configuration type 1 for base access
[    0.863116] kernel: Kprobes globally optimized
[    0.863871] kernel: HugeTLB registered 2.00 MiB page size, pre-allocated 0 pages
[    0.863877] kernel: cryptomgr_test (26) used greatest stack depth: 31400 bytes left
[    0.865937] kernel: ACPI: Addedreq.flags ea2
[D 01/16/2023 17:42:13] PVFS2 Server version 2.9.7-orangefs-REV-65ab0d2 starting.
[E 01/16/2023 17:43:19] PVFS2 server got signal 15 (server_status_flag: 2080767)
[D 02/18/2023 14:39:31] PVFS2 Server version 2.9.7-orangefs-REV-65ab0d2 starting.
[D 02/18/2023 14:47:30] PVFS2 received server: signal 1
[E 02/18/2023 14:47:30] PVFS2 server got signal 15 (server_status_flag: 2080767)
offset[5]:  832, xstate_sizes[5]:   64
[    0.000000] kernel: x86/fpu: xstate_offset[6]:  896, xstate_sizes[6]:  512
[    0.000000] kernel: x86/fpu: xstate_offset[7]: 1408, xstate_sizes[7]: 1024
[    0.000000] kernel: x86/fpu: xstate_offset[9]: 2432, xstate_sizes[9]:    8
[    0.000000] kernel: x86/fpu: Enabled xstate features 0x2e7, context size is 2440 bytes, using 'compacted' format.
[    0.000000] kernel: signal: max sigframe size: 3632
[    0.000000] kernel: BIOS-provided physical RAM map:
[    0.000000] kernel: BIOS-e820: [mem 0x0000000000000000-0x000000000009fbff] usable
[    0.000000] kernel: BIOS-e820: [mem 0x000000000009fc00-0x000000000009ffff] reserved
[    0.000000] kernel: BIOS-e820: [mem 0x00000000000f0000-0x00000000000fffff] reserved
[    0.000000] kernel: BIOS-e820: [mem 0x0000000000100000-0x00000000bffdffff] usable
[    0.000000] kernel: BIOS-e820: [mem 0x00000000bffe0000-0x00000000bfffffff] reserved
[    0.000000] kernel: BIOS-e820: [mem 0x00000000feffc000-0x00000000 rtc_cmos 00:00: alarms up to one day, y3k, 114 bytes nvram, hpet irqs
[    1.689841] kernel: device-mapper: ioctl: 4.45.0-ioctl (2021-03-22) initialised: dm-devel@redhat.com
[    1.689846] kernel: intel_pstate: CPU model not supported
[    1.689960] kernel: hid: raw HID events driver (C) Jiri Kosina
[    1.690202] kernel: usbcore: registered new interface driver usbhid
[    1.690203] kernel: usbhid: USB HID core driver
[    1.690744] kernel: netem: version 1.3
[    1.693565] kernel: Initializing XFRM netlink socket
[    1.693866] kernel: NET: Registered PF_INET6 protocol family
[    1.696552] kernel: Segment Routing with IPv6
[    1.696568] kernel: In-situ OAM (IOAM) with IPv6
[    1.696725] kernel: sit: IPv6, IPv4 and MPLS over IPv4 tunneling driver
[    1.697792] kernel: NET: Registered PF_PACKET protocol family
[    1.697839] kernel: 9pnet: Installing 9P2000 support
[    1.697887] kernel: Key type dns_resolver registered
[    1.697900] kernel: Key type ceph registered
[    1.71083 _OSI(Module Device)
[    0.865937] kernel: ACPI: Added _OSI(Processor Device)
[    0.865937] kernel: ACPI: Added _OSI(3.0 _SCP Extensions)
[    0.865937] kernel: ACPI: Added _OSI(Processor Aggregator Device)
[    0.865937] kernel: ACPI: Added _OSI(Linux-Dell-Video)
[    0.865937] kernel: ACPI: Added _OSI(Linux-Lenovo-NV-HDMI-Audio)
[    0.865937] kernel: ACPI: Added _OSI(Linux-HPI-Hybrid-Graphics)
[    0.871880] kernel: ACPI: 1 ACPI AML tables successfully acquired and loaded
[    0.877284] kernel: ACPI: Interpreter enabled
[    0.877318] kernel: ACPI: PM: (supports S0 S3 S4 S5)
[    0.877320] kernel: ACPI: Using IOAPIC for interrupt routing
[    0.877357] kernel: PCI: Using host bridge windows from ACPI; if necessary, use "pci=nocrs" and report a bug
[    0.877726] kernel: ACPI: Enabled 2 GPEs in block 00 to 0F
[    0.888693] kernel: ACPI: PCI Root Bridge [PCI0] (domain 0000 [bus 00-ff])
[    0.888704] kernel: acpi PNP0A03:00: _OSC: OS supports [ASPM ClockPM Segments MSI HPX-Type3]
feffffff] reserved
[    0.000000] kernel: BIOS-e820: [mem 0x00000000fffc0000-0x00000000ffffffff] reserved
[    0.000000] kernel: BIOS-e820: [mem 0x0000000100000000-0x00000002bfffffff] usable
[    0.000000] kernel: NX (Execute Disable) protection: active
[    0.000000] kernel: SMBIOS 2.8 present.
[    0.000000] kernel: DMI: QEMU Standard PC (i440FX + PIIX, 1996), BIOS 1.13.0-1ubuntu1.1 04/01/2014
[    0.000000] kernel: Hypervisor detected: KVM
[    0.000000] kernel: kvm-clock: Using msrs 4b564d01 and 4b564d00
[    0.000000] kernel: kvm-clock: cpu 0, msr 14206e001, primary cpu clock
[    0.000001] kernel: kvm-clock: using sched offset of 360852429 cycles
[    0.000003] kernel: clocksource: kvm-clock: mask: 0xffffffffffffffff max_cycles: 0x1cd42e4dffb, max_idle_ns: 881590591483 ns
[    0.000005] kernel: tsc: Detected 2593.906 MHz processor
[    0.000428] kernel: e820: update [mem 0x00000000-0x00000fff] usable ==> reserved
[    0.000430] kernel: e820: remove [mem 0x000a0000-0x000fffff] us7] kernel: libceph: loaded (mon/osd proto 15/24)
[    1.711123] kernel: IPI shorthand broadcast: enabled
[    1.711155] kernel: sched_clock: Marking stable (1706910688, 4119975)->(1834891097, -123860434)
[    1.711423] kernel: registered taskstats version 1
[    1.711425] kernel: Loading compiled-in X.509 certificates
[    1.712368] kernel: PM:   Magic number: 15:267:868
[    1.712415] kernel: printk: console [netcon0] enabled
[    1.712416] kernel: netconsole: network logging started
[    1.823830] kernel: ata1.01: NODEV after polling detection
[    1.824031] kernel: ata1.00: ATA-7: QEMU HARDDISK, 2.5+, max UDMA/100
[    1.824033] kernel: ata1.00: 88078336 sectors, multi 16: LBA48 
[    1.824485] kernel: scsi 0:0:0:0: Direct-Access     ATA      QEMU HARDDISK    2.5+ PQ: 0 ANSI: 5
[    1.824723] kernel: sd 0:0:0:0: Attached scsi generic sg0 type 0
[    1.824788] kernel: sd 0:0:0:0: [sda] 88078336 512-byte logical blocks: (45.1 GB/42.0 GiB)
[    1.824797] kernel: sd 0:0:0:0: [sda] Writ[    0.888752] kernel: acpi PNP0A03:00: fail to add MMCONFIG information, can't access extended PCI configuration space under this bridge.
[    0.888860] kernel: PCI host bridge to bus 0000:00
[    0.888863] kernel: pci_bus 0000:00: root bus resource [io  0x0000-0x0cf7 window]
[    0.888865] kernel: pci_bus 0000:00: root bus resource [io  0x0d00-0xffff window]
[    0.888868] kernel: pci_bus 0000:00: root bus resource [mem 0x000a0000-0x000bffff window]
[    0.888869] kernel: pci_bus 0000:00: root bus resource [mem 0xc0000000-0xfebfffff window]
[    0.888871] kernel: pci_bus 0000:00: root bus resource [mem 0x2c0000000-0x33fffffff window]
[    0.888873] kernel: pci_bus 0000:00: root bus resource [bus 00-ff]
[    0.889385] kernel: pci 0000:00:00.0: [8086:1237] type 00 class 0x060000
[    0.890303] kernel: pci 0000:00:01.0: [8086:7000] type 00 class 0x060100
[    0.891040] kernel: pci 0000:00:01.1: [8086:7010] type 00 class 0x010180
[    0.892730] kernel: pci 0000:00:01.1: reg 0x20: [io  0e Protect is off
[    1.824799] kernel: sd 0:0:0:0: [sda] Mode Sense: 00 3a 00 00
[    1.824808] kernel: sd 0:0:0:0: [sda] Write cache: enabled, read cache: enabled, doesn't support DPO or FUA
[    1.825783] kernel: sd 0:0:0:0: [sda] Attached SCSI disk
[    1.831706] kernel: ata2.01: NODEV after polling detection
[    1.831920] kernel: ata2.00: ATAPI: QEMU DVD-ROM, 2.5+, max UDMA/100
[    1.832673] kernel: scsi 1:0:0:0: CD-ROM            QEMU     QEMU DVD-ROM     2.5+ PQ: 0 ANSI: 5
[    1.854934] kernel: sr 1:0:0:0: [sr0] scsi3-mmc drive: 4x/4x cd/rw xa/form2 tray
[    1.854943] kernel: cdrom: Uniform CD-ROM driver Revision: 3.20
[    1.872348] kernel: sr 1:0:0:0: Attached scsi CD-ROM sr0
[    1.872879] kernel: sr 1:0:0:0: Attached scsi generic sg1 type 5
[    2.316362] kernel: input: ImExPS/2 Generic Explorer Mouse as /devices/platform/i8042/serio1/input/input3
[    2.333489] kernel: IP-Config: Guessing netmask 255.255.255.0
[    2.333493] kernel: IP-Config: Complete:
[    2.333495] able
[    0.000433] kernel: last_pfn = 0x2c0000 max_arch_pfn = 0x10000000000
[    0.000483] kernel: x86/PAT: Configuration [0-7]: WB  WC  UC- UC  WB  WP  UC- WT  
[    0.000489] kernel: last_pfn = 0xbffe0 max_arch_pfn = 0x10000000000
[    0.004775] kernel: found SMP MP-table at [mem 0x000f5c80-0x000f5c8f]
[    0.004799] kernel: Using GB pages for direct mapping
[    0.004915] kernel: ACPI: Early table checksum verification disabled
[    0.004919] kernel: ACPI: RSDP 0x00000000000F5A50 000014 (v00 BOCHS )
[    0.004927] kernel: ACPI: RSDT 0x00000000BFFE15C9 000030 (v01 BOCHS  BXPCRSDT 00000001 BXPC 00000001)
[    0.004932] kernel: ACPI: FACP 0x00000000BFFE149D 000074 (v01 BOCHS  BXPCFACP 00000001 BXPC 00000001)
[    0.004938] kernel: ACPI: DSDT 0x00000000BFFE0040 00145D (v01 BOCHS  BXPCDSDT 00000001 BXPC 00000001)
[    0.004940] kernel: ACPI: FACS 0x00000000BFFE0000 000040
[    0.004942] kernel: ACPI: APIC 0x00000000BFFE1511 000080 (v01 BOCHS  BXPCAPIC 00000001 BXPC 00000001)
[    0.004xc040-0xc04f]
[    0.893900] kernel: pci 0000:00:01.1: legacy IDE quirk: reg 0x10: [io  0x01f0-0x01f7]
[    0.893903] kernel: pci 0000:00:01.1: legacy IDE quirk: reg 0x14: [io  0x03f6]
[    0.893904] kernel: pci 0000:00:01.1: legacy IDE quirk: reg 0x18: [io  0x0170-0x0177]
[    0.893905] kernel: pci 0000:00:01.1: legacy IDE quirk: reg 0x1c: [io  0x0376]
[    0.894885] kernel: pci 0000:00:01.3: [8086:7113] type 00 class 0x068000
[    0.896009] kernel: pci 0000:00:01.3: quirk: [io  0x0600-0x063f] claimed by PIIX4 ACPI
[    0.896016] kernel: pci 0000:00:01.3: quirk: [io  0x0700-0x070f] claimed by PIIX4 SMB
[    0.896837] kernel: pci 0000:00:02.0: [1234:1111] type 00 class 0x030000
[    0.897730] kernel: pci 0000:00:02.0: reg 0x10: [mem 0xfd000000-0xfdffffff pref]
[    0.899111] kernel: pci 0000:00:02.0: reg 0x18: [mem 0xfeb90000-0xfeb90fff]
[    0.902229] kernel: pci 0000:00:02.0: reg 0x30: [mem 0xfeb80000-0xfeb8ffff pref]
[    0.903179] kernel: pci 0000:00:03.0: [1af4:1005] type 00 claskernel:      device=eth0, hwaddr=e6:c8:ff:09:76:25, ipaddr=192.168.0.37, mask=255.255.255.0, gw=255.255.255.255
[    2.333498] kernel:      host=192.168.0.37, domain=, nis-domain=(none)
[    2.333499] kernel:      bootserver=255.255.255.255, rootserver=255.255.255.255, rootpath=
[    2.333622] kernel: cfg80211: Loading compiled-in X.509 certificates for regulatory database
[    2.334668] kernel: kworker/u4:0 (69) used greatest stack depth: 30480 bytes left
[    2.335259] kernel: cfg80211: Loaded X.509 cert 'sforshee: 00b28ddf47aef9cea7'
[    2.335824] kernel: platform regulatory.0: Direct firmware load for regulatory.db failed with error -2
[    2.335830] kernel: cfg80211: failed to load regulatory.db
[    2.335861] kernel: ALSA device list:
[    2.335865] kernel:   No soundcards found.
[    2.336103] kernel: md: Waiting for all devices to be available before autodetect
[    2.336104] kernel: md: If you don't use raid, use raid=noautodetect
[    2.336105] kernel: md: Autodetecting RAIs 0x00ff00
[    0.903734] kernel: pci 0000:00:03.0: reg 0x10: [io  0xc000-0xc01f]
[    0.905729] kernel: pci 0000:00:03.0: reg 0x20: [mem 0xfe200000-0xfe203fff 64bit pref]
[    0.907281] kernel: pci 0000:00:04.0: [1af4:1000] type 00 class 0x020000
[    0.907729] kernel: pci 0000:00:04.0: reg 0x10: [io  0xc020-0xc03f]
[    0.908729] kernel: pci 0000:00:04.0: reg 0x14: [mem 0xfeb91000-0xfeb91fff]
[    0.911731] kernel: pci 0000:00:04.0: reg 0x20: [mem 0xfe204000-0xfe207fff 64bit pref]
[    0.913153] kernel: pci 0000:00:04.0: reg 0x30: [mem 0xfeb00000-0xfeb7ffff pref]
[    0.914260] kernel: pci 0000:00:10.0: [1af4:1110] type 00 class 0x050000
[    0.915029] kernel: pci 0000:00:10.0: reg 0x10: [mem 0xfeb92000-0xfeb920ff]
[    0.916424] kernel: pci 0000:00:10.0: reg 0x18: [mem 0xfe000000-0xfe0fffff 64bit pref]
[    0.919264] kernel: pci 0000:00:11.0: [1af4:1110] type 00 class 0x050000
[    0.919729] kernel: pci 0000:00:11.0: reg 0x10: [mem 0xfeb93000-0xfeb930ff]
[    0.920730] kernel: pci 944] kernel: ACPI: HPET 0x00000000BFFE1591 000038 (v01 BOCHS  BXPCHPET 00000001 BXPC 00000001)
[    0.004946] kernel: ACPI: Reserving FACP table memory at [mem 0xbffe149d-0xbffe1510]
[    0.004947] kernel: ACPI: Reserving DSDT table memory at [mem 0xbffe0040-0xbffe149c]
[    0.004948] kernel: ACPI: Reserving FACS table memory at [mem 0xbffe0000-0xbffe003f]
[    0.004948] kernel: ACPI: Reserving APIC table memory at [mem 0xbffe1511-0xbffe1590]
[    0.004949] kernel: ACPI: Reserving HPET table memory at [mem 0xbffe1591-0xbffe15c8]
[    0.005198] kernel: No NUMA configuration found
[    0.005199] kernel: Faking a node at [mem 0x0000000000000000-0x00000002bfffffff]
[    0.005201] kernel: NODE_DATA(0) allocated [mem 0x2bfffc000-0x2bfffffff]
[    0.005892] kernel: Zone ranges:
[    0.005894] kernel:   DMA      [mem 0x0000000000001000-0x0000000000ffffff]
[    0.005896] kernel:   DMA32    [mem 0x0000000001000000-0x00000000ffffffff]
[    0.005897] kernel:   Normal   [mem 0x0000000100000000-0x0D arrays.
[    2.336106] kernel: md: autorun ...
[    2.336107] kernel: md: ... autorun DONE.
[    2.341070] kernel: EXT4-fs (sda): mounted filesystem with ordered data mode. Opts: (null). Quota mode: none.
[    2.341100] kernel: VFS: Mounted root (ext4 filesystem) readonly on device 8:0.
[    2.341725] kernel: devtmpfs: mounted
[    2.347362] kernel: Freeing unused kernel image (initmem) memory: 1384K
[    2.349485] kernel: Write protecting the kernel read-only data: 20480k
[    2.349977] kernel: Freeing unused kernel image (text/rodata gap) memory: 2032K
[    2.350134] kernel: Freeing unused kernel image (rodata/data gap) memory: 528K
[    2.350144] kernel: Run /sbin/init as init process
[    2.350145] kernel:   with arguments:
[    2.350146] kernel:     /sbin/init
[    2.350146] kernel:   with environment:
[    2.350146] kernel:     HOME=/
[    2.350147] kernel:     TERM=linux
[    2.404480] kernel: random: fast init done
[    2.546225] systemd[1]: systemd 245.4-4ubuntu3 running inable
[    0.000423] kernel: last_pfn = 0x2c0000 max_arch_pfn = 0x10000000000
[    0.000469] kernel: x86/PAT: Configuration [0-7]: WB  WC  UC- UC  WB  WP  UC- WT  
[    0.000475] kernel: last_pfn = 0xbffe0 max_arch_pfn = 0x10000000000
[    0.004726] kernel: found SMP MP-table at [mem 0x000f5c80-0x000f5c8f]
[    0.004745] kernel: Using GB pages for direct mapping
[    0.004863] kernel: ACPI: Early table checksum verification disabled
[    0.004866] kernel: ACPI: RSDP 0x00000000000F5A50 000014 (v00 BOCHS )
[    0.004874] kernel: ACPI: RSDT 0x00000000BFFE15C9 000030 (v01 BOCHS  BXPCRSDT 00000001 BXPC 00000001)
[    0.004880] kernel: ACPI: FACP 0x00000000BFFE149D 000074 (v01 BOCHS  BXPCFACP 00000001 BXPC 00000001)
[    0.004884] kernel: ACPI: DSDT 0x00000000BFFE0040 00145D (v01 BOCHS  BXPCDSDT 00000001 BXPC 00000001)
[    0.004887] kernel: ACPI: FACS 0x00000000BFFE0000 000040
[    0.004889] kernel: ACPI: APIC 0x00000000BFFE1511 000080 (v01 BOCHS  BXPCAPIC 00000001 BXPC 00000001)
[    0.004891] kernel: ACPI: HPET 0x00000000BFFE1591 000038 (v01 BOCHS  BXPCHPET 00000001 BXPC 00000001)
[    0.004893] kernel: ACPI: Reserving FACP table memory at [mem 0xbffe149d-0xbffe1510]
[    0.004894] kernel: ACPI: Reserving DSDT table memory at [mem 0xbffe0040-0xbffe149c]
[    0.004894] kernel: ACPI: Reserving FACS table memory at [mem 0xbffe0000-0xbffe003f]
[    0.004895] kernel: ACPI: Reserving APIC table memory at [mem 0xbffe1511-0xbffe1590]
[    0.004895] kernel: ACPI: Reserving HPET table memory at [mem 0xbffe1591-0xbffe15c8]
[    0.005146] kernel: No NUMA configuration found
[    0.005146] kernel: Faking a node at [mem 0x0000000000000000-0x00000002bfffffff]
[    0.005148] kernel: NODE_DATA(0) allocated [mem 0x2bfffc000-0x2bfffffff]
[    0.005754] kernel: Zone ranges:
[    0.005756] kernel:   DMA      [mem 0x0000000000001000-0x0000000000ffffff]
[    0.005758] kernel:   DMA32    [mem 0x0000000001000000-0x00000000ffffffff]
[    0.005759] kernel:   Normal   [mem 0x0000000100000000-0x00000002bfffffff]
[    0.005760] kernel: Movable zone start for each node
[    0.005761] kernel: Early memory node ranges
[    0.005761] kernel:   node   0: [mem 0x0000000000001000-0x000000000009efff]
[    0.005762] kernel:   node   0: [mem 0x0000000000100000-0x00000000bffdffff]
[    0.005763] kernel:   node   0: [mem 0x0000000100000000-0x00000002bfffffff]
[    0.005765] kernel: Initmem setup node 0 [mem 0x0000000000001000-0x00000002bfffffff]
[    0.006249] kernel: On node 0, zone DMA: 1 pages in unavailable ranges
[    0.006259] kernel: On node 0, zone DMA: 97 pages in unavailable ranges
[    0.083353] kernel: On node 0, zone Normal: 32 pages in unavailable ranges
[    0.674113] kernel: kasan: KernelAddressSanitizer initialized
[    0.674440] kernel: ACPI: PM-Timer IO Port: 0x608
[    0.674447] kernel: ACPI: LAPIC_NMI (acpi_id[0xff] dfl dfl lint[0x1])
[    0.674479] kernel: IOAPIC[0]: apic_id 0, version 17, address 0xfec00000, GSI 0-23
[    0.674482] kernel: ACPI: INT_SRC_OVR (bus 0 bus_irq 0 global_irq 2 dfl dfl)
[    0.674484] kernel: ACPI: INT_SRC_OVR (bus 0 bus_irq 5 global_irq 5 high level)
[    0.674485] kernel: ACPI: INT_SRC_OVR (bus 0 bus_irq 9 global_irq 9 high level)
[    0.674486] kernel: ACPI: INT_SRC_OVR (bus 0 bus_irq 10 global_irq 10 high level)
[    0.674487] kernel: ACPI: INT_SRC_OVR (bus 0 bus_irq 11 global_irq 11 high level)
[    0.674490] kernel: ACPI: Using ACPI (MADT) for SMP configuration information
[    0.674491] kernel: ACPI: HPET id: 0x8086a201 base: 0xfed00000
[    0.674494] kernel: TSC deadline timer available
[    0.674495] kernel: smpboot: Allowing 2 CPUs, 0 hotplug CPUs
[    0.674515] kernel: kvm-guest: KVM setup pv remote TLB flush
[    0.674519] kernel: kvm-guest: setup PV sched yield
[    0.674525] kernel: PM: hibernation: Registered nosave memory: [mem 0x00000000-0x00000fff]
[    0.674527] kernel: PM: hibernation: Registered nosave memory: [mem 0x0009f000-0x0009ffff]
[    0.674527] kernel: PM: hibernation: Registered nosave memory: [mem 0x000a0000-0x000effff]
[    0.674528] kernel: PM: hibernation: Registered nosave memory: [mem 0x000f0000-0x000fffff]
[    0.674529] kernel: PM: hibernation: Registered nosave memory: [mem 0xbffe0000-0xbfffffff]
[    0.674529] kernel: PM: hibernation: Registered nosave memory: [mem 0xc0000000-0xfeffbfff]
[    0.674530] kernel: PM: hibernation: Registered nosave memory: [mem 0xfeffc000-0xfeffffff]
[    0.674530] kernel: PM: hibernation: Registered nosave memory: [mem 0xff000000-0xfffbffff]
[    0.674531] kernel: PM: hibernation: Registered nosave memory: [mem 0xfffc0000-0xffffffff]
[    0.674532] kernel: [mem 0xc0000000-0xfeffbfff] available for PCI devices
[    0.674533] kernel: Booting paravirtualized kernel on KVM
[    0.674535] kernel: clocksource: refined-jiffies: mask: 0xffffffff max_cycles: 0xffffffff, max_idle_ns: 1910969940391419 ns
[    0.678411] kernel: setup_percpu: NR_CPUS:64 nr_cpumask_bits:64 nr_cpu_ids:2 nr_node_ids:1
[    0.679141] kernel: percpu: Embedded 56 pages/cpu s191576 r8192 d29608 u1048576
[    0.679146] kernel: pcpu-alloc: s191576 r8192 d29608 u1048576 alloc=1*2097152
[    0.679148] kernel: pcpu-alloc: [0] 0 1 
[    0.679171] kernel: kvm-guest: setup async PF for cpu 0
[    0.679176] kernel: kvm-guest: stealtime: cpu 0, msr 26561f140
[    0.679180] kernel: Built 1 zonelists, mobility grouping on.  Total pages: 2580192
[    0.679181] kernel: Policy zone: Normal
[    0.679182] kernel: Kernel command line: root=/dev/sda console=ttyS0 net.ifnames=0 ip=192.168.0.36 quiet
[    0.684085] kernel: Dentry cache hash table entries: 2097152 (order: 12, 16777216 bytes, linear)
[    0.686541] kernel: Inode-cache hash table entries: 1048576 (order: 11, 8388608 bytes, linear)
[    0.686594] kernel: mem auto-init: stack:off, heap alloc:off, heap free:off
[    0.870664] kernel: Memory: 8872652K/10485240K available (14348K kernel code, 2403K rwdata, 3568K rodata, 1384K init, 1732K bss, 1612388K reserved, 0K cma-reserved)
[    0.870749] kernel: SLUB: HWalign=64, Order=0-3, MinObjects=0, CPUs=2, Nodes=1
[    0.871264] kernel: rcu: Hierarchical RCU implementation.
[    0.871266] kernel: rcu:         RCU event tracing is enabled.
[    0.871266] kernel: rcu:         RCU restricting CPUs from NR_CPUS=64 to nr_cpu_ids=2.
[    0.871269] kernel: rcu: RCU calculated value of scheduler-enlistment delay is 100 jiffies.
[    0.871270] kernel: rcu: Adjusting geometry for rcu_fanout_leaf=16, nr_cpu_ids=2
[    0.874076] kernel: NR_IRQS: 4352, nr_irqs: 440, preallocated irqs: 16
[    0.874280] kernel: random: get_random_bytes called from start_kernel+0x4b1/0x67a with crng_init=0
[    0.878286] kernel: Console: colour VGA+ 80x25
[    0.878324] kernel: printk: console [ttyS0] enabled
[    0.878342] kernel: ACPI: Core revision 20210730
[    0.878477] kernel: clocksource: hpet: mask: 0xffffffff max_cycles: 0xffffffff, max_idle_ns: 19112604467 ns
[    0.878555] kernel: APIC: Switch to symmetric I/O mode setup
[    0.878558] kernel: kvm-guest: setup PV IPIs
[    0.879409] kernel: ..TIMER: vector=0x30 apic1=0 pin1=2 apic2=-1 pin2=-1
[    0.879428] kernel: clocksource: tsc-early: mask: 0xffffffffffffffff max_cycles: 0x2563bf907c6, max_idle_ns: 440795319401 ns
[    0.879433] kernel: Calibrating delay loop (skipped) preset value.. 5187.81 BogoMIPS (lpj=2593906)
[    0.879436] kernel: pid_max: default: 32768 minimum: 301
[    0.879479] kernel: LSM: Security Framework initializing
[    0.879491] kernel: SELinux:  Initializing.
[    0.880453] kernel: Mount-cache hash table entries: 32768 (order: 6, 262144 bytes, linear)
[    0.880891] kernel: Mountpoint-cache hash table entries: 32768 (order: 6, 262144 bytes, linear)
[    0.881273] kernel: x86/cpu: User Mode Instruction Prevention (UMIP) activated
[    0.881351] kernel: Last level iTLB entries: 4KB 0, 2MB 0, 4MB 0
[    0.881352] kernel: Last level dTLB entries: 4KB 0, 2MB 0, 4MB 0, 1GB 0
[    0.881360] kernel: Spectre V1 : Mitigation: usercopy/swapgs barriers and __user pointer sanitization
[    0.881364] kernel: Spectre V2 : Mitigation: Enhanced IBRS
[    0.881365] kernel: Spectre V2 : Spectre v2 / SpectreRSB mitigation: Filling RSB on context switch
[    0.881366] kernel: Spectre V2 : mitigation: Enabling conditional Indirect Branch Prediction Barrier
[    0.881368] kernel: Speculative Store Bypass: Mitigation: Speculative Store Bypass disabled via prctl and seccomp
[    0.881369] kernel: TAA: Mitigation: TSX disabled
[    0.886715] kernel: Freeing SMP alternatives memory: 40K
[    0.886846] kernel: smpboot: CPU0: Intel(R) Xeon(R) Gold 6348 CPU @ 2.60GHz (family: 0x6, model: 0x6a, stepping: 0x6)
[    0.886964] kernel: Performance Events: Icelake events, 32-deep LBR, full-width counters, Intel PMU driver.
[    0.887057] kernel: ... version:                2
[    0.887058] kernel: ... bit width:              48
[    0.887059] kernel: ... generic registers:      8
[    0.887059] kernel: ... value mask:             0000ffffffffffff
[    0.887060] kernel: ... max period:             00007fffffffffff
[    0.887061] kernel: ... fixed-purpose events:   3
[    0.887061] kernel: ... event mask:             00000007000000ff
[    0.887160] kernel: rcu: Hierarchical SRCU implementation.
[    0.887430] kernel: smp: Bringing up secondary CPUs ...
[    0.887430] kernel: x86: Booting SMP configuration:
[    0.887430] kernel: .... node  #0, CPUs:      #1
[    0.005180] kernel: kvm-clock: cpu 1, msr 1e446e041, secondary cpu clock
[    0.005180] kernel: smpboot: CPU 1 Converting physical 0 to logical die 1
[    0.888464] kernel: kvm-guest: setup async PF for cpu 1
[    0.888464] kernel: kvm-guest: stealtime: cpu 1, msr 26571f140
[    0.888488] kernel: smp: Brought up 1 node, 2 CPUs
[    0.888490] kernel: smpboot: Max logical packages: 2
[    0.888491] kernel: smpboot: Total of 2 processors activated (10375.62 BogoMIPS)
[    0.889437] kernel: devtmpfs: initialized
[    0.891545] kernel: clocksource: jiffies: mask: 0xffffffff max_cycles: 0xffffffff, max_idle_ns: 1911260446275000 ns
[    0.891550] kernel: futex hash table entries: 512 (order: 3, 32768 bytes, linear)
[    0.891712] kernel: PM: RTC time: 04:51:05, date: 2023-03-07
[    0.891888] kernel: NET: Registered PF_NETLINK/PF_ROUTE protocol family
[    0.892061] kernel: audit: initializing netlink subsys (disabled)
[    0.892091] kernel: audit: type=2000 audit(1678164665.500:1): state=initialized audit_enabled=0 res=1
[    0.892091] kernel: thermal_sys: Registered thermal governor 'step_wise'
[    0.892091] kernel: thermal_sys: Registered thermal governor 'user_space'
[    0.892091] kernel: cpuidle: using governor menu
[    0.892454] kernel: ACPI: bus type PCI registered
[    0.892587] kernel: PCI: Using configuration type 1 for base access
[    0.898489] kernel: Kprobes globally optimized
[    0.899488] kernel: HugeTLB registered 2.00 MiB page size, pre-allocated 0 pages
[    0.899489] kernel: cryptomgr_test (26) used greatest stack depth: 31400 bytes left
[    0.900497] kernel: ACPI: Added _OSI(Module Device)
[    0.900497] kernel: ACPI: Added _OSI(Processor Device)
[    0.900497] kernel: ACPI: Added _OSI(3.0 _SCP Extensions)
[    0.900497] kernel: ACPI: Added _OSI(Processor Aggregator Device)
[    0.900497] kernel: ACPI: Added _OSI(Linux-Dell-Video)
[    0.900497] kernel: ACPI: Added _OSI(Linux-Lenovo-NV-HDMI-Audio)
[    0.900497] kernel: ACPI: Added _OSI(Linux-HPI-Hybrid-Graphics)
[    0.907329] kernel: ACPI: 1 ACPI AML tables successfully acquired and loaded
[    0.911750] kernel: ACPI: Interpreter enabled
[    0.911781] kernel: ACPI: PM: (supports S0 S3 S4 S5)
[    0.911782] kernel: ACPI: Using IOAPIC for interrupt routing
[    0.911812] kernel: PCI: Using host bridge windows from ACPI; if necessary, use "pci=nocrs" and report a bug
[    0.912177] kernel: ACPI: Enabled 2 GPEs in block 00 to 0F
[    0.923736] kernel: ACPI: PCI Root Bridge [PCI0] (domain 0000 [bus 00-ff])
[    0.923746] kernel: acpi PNP0A03:00: _OSC: OS supports [ASPM ClockPM Segments MSI HPX-Type3]
[    0.923791] kernel: acpi PNP0A03:00: fail to add MMCONFIG information, can't access extended PCI configuration space under this bridge.
[    0.923894] kernel: PCI host bridge to bus 0000:00
[    0.923896] kernel: pci_bus 0000:00: root bus resource [io  0x0000-0x0cf7 window]
[    0.923898] kernel: pci_bus 0000:00: root bus resource [io  0x0d00-0xffff window]
[    0.923900] kernel: pci_bus 0000:00: root bus resource [mem 0x000a0000-0x000bffff window]
[    0.923902] kernel: pci_bus 0000:00: root bus resource [mem 0xc0000000-0xfebfffff window]
[    0.923904] kernel: pci_bus 0000:00: root bus resource [mem 0x2c0000000-0x33fffffff window]
[    0.923906] kernel: pci_bus 0000:00: root bus resource [bus 00-ff]
[    0.924403] kernel: pci 0000:00:00.0: [8086:1237] type 00 class 0x060000
[    0.925301] kernel: pci 0000:00:01.0: [8086:7000] type 00 class 0x060100
[    0.926039] kernel: pci 0000:00:01.1: [8086:7010] type 00 class 0x010180
[    0.928078] kernel: pci 0000:00:01.1: reg 0x20: [io  0xc040-0xc04f]
[    0.928865] kernel: pci 0000:00:01.1: legacy IDE quirk: reg 0x10: [io  0x01f0-0x01f7]
[    0.928867] kernel: pci 0000:00:01.1: legacy IDE quirk: reg 0x14: [io  0x03f6]
[    0.928868] kernel: pci 0000:00:01.1: legacy IDE quirk: reg 0x18: [io  0x0170-0x0177]
[    0.928869] kernel: pci 0000:00:01.1: legacy IDE quirk: reg 0x1c: [io  0x0376]
[    0.929731] kernel: pci 0000:00:01.3: [8086:7113] type 00 class 0x068000
