2023/03/09 05:50:53 fuzzer started
2023/03/09 05:50:53 dialing manager at localhost:42025
2023/03/09 05:50:54 syscalls: 130
2023/03/09 05:50:54 code coverage: enabled
2023/03/09 05:50:54 comparison tracing: enabled
2023/03/09 05:50:54 extra coverage: enabled
2023/03/09 05:50:54 setuid sandbox: enabled
2023/03/09 05:50:54 namespace sandbox: /proc/self/ns/user does not exist
2023/03/09 05:50:54 Android sandbox: /sys/fs/selinux/policy can't be opened (open /sys/fs/selinux/policy: invalid argument)
2023/03/09 05:50:54 fault injection: CONFIG_FAULT_INJECTION_DEBUG_FS or CONFIG_FAILSLAB are not enabled
2023/03/09 05:50:54 leak checking: CONFIG_DEBUG_KMEMLEAK is not enabled
2023/03/09 05:50:54 net packet injection: /dev/net/tun does not exist
2023/03/09 05:50:54 net device setup: enabled
2023/03/09 05:50:54 concurrency sanitizer: /sys/kernel/debug/kcsan does not exist
2023/03/09 05:50:54 devlink PCI setup: enabled
2023/03/09 05:50:54 USB emulation: /dev/raw-gadget does not exist
2023/03/09 05:50:54 hci packet injection: /dev/vhci does not exist
2023/03/09 05:50:54 wifi device emulation: /sys/class/mac80211_hwsim/ does not exist
2023/03/09 05:50:54 802.15.4 emulation: /sys/bus/platform/devices/mac802154_hwsim does not exist
2023/03/09 05:50:54 deserializeInput: hasCrash false hasNet false
2023/03/09 05:50:54 prog length: 3
2023/03/09 05:50:54 deserializeInput: hasCrash true hasNet false
2023/03/09 05:50:54 prog length: 6
2023/03/09 05:50:54 prog length: 3
2023/03/09 05:50:54 deserializeInput: hasCrash true hasNet false
2023/03/09 05:50:54 prog length: 6
2023/03/09 05:50:54 prog length: 3
2023/03/09 05:50:54 deserializeInput: hasCrash true hasNet false
2023/03/09 05:50:54 prog length: 6
2023/03/09 05:50:54 prog length: 6
2023/03/09 05:50:54 prog length: 6
2023/03/09 05:50:54 deserializeInput: hasCrash true hasNet false
2023/03/09 05:50:54 prog length: 6
2023/03/09 05:50:54 prog length: 6
2023/03/09 05:50:54 prog length: 6
2023/03/09 05:50:54 prog length: 7
2023/03/09 05:50:54 deserializeInput: hasCrash true hasNet false
2023/03/09 05:50:54 prog length: 6
2023/03/09 05:50:54 prog length: 3
2023/03/09 05:50:54 deserializeInput: hasCrash true hasNet false
2023/03/09 05:50:54 prog length: 6
2023/03/09 05:50:54 prog length: 6
2023/03/09 05:50:54 deserializeInput: hasCrash true hasNet false
2023/03/09 05:50:54 prog length: 6
2023/03/09 05:50:54 prog length: 3
2023/03/09 05:50:54 deserializeInput: hasCrash true hasNet false
2023/03/09 05:50:54 prog length: 6
2023/03/09 05:50:54 prog length: 3
2023/03/09 05:50:54 deserializeInput: hasCrash true hasNet false
2023/03/09 05:50:54 prog length: 6
2023/03/09 05:50:54 prog length: 3
2023/03/09 05:50:54 deserializeInput: hasCrash false hasNet false
2023/03/09 05:50:54 prog length: 2
2023/03/09 05:50:54 deserializeInput: hasCrash true hasNet false
2023/03/09 05:50:54 prog length: 6
2023/03/09 05:50:54 prog length: 3
2023/03/09 05:50:54 deserializeInput: hasCrash true hasNet false
2023/03/09 05:50:54 prog length: 6
2023/03/09 05:50:54 prog length: 6
2023/03/09 05:50:54 prog length: 6
2023/03/09 05:50:54 deserializeInput: hasCrash true hasNet false
2023/03/09 05:50:54 prog length: 6
2023/03/09 05:50:54 prog length: 6
2023/03/09 05:50:54 prog length: 5
2023/03/09 05:50:54 deserializeInput: hasCrash true hasNet false
2023/03/09 05:50:54 prog length: 6
2023/03/09 05:50:54 prog length: 3
2023/03/09 05:50:54 deserializeInput: hasCrash true hasNet false
2023/03/09 05:50:54 prog length: 6
2023/03/09 05:50:54 prog length: 6
2023/03/09 05:50:54 prog length: 5
2023/03/09 05:50:54 deserializeInput: hasCrash true hasNet false
2023/03/09 05:50:54 prog length: 6
2023/03/09 05:50:54 prog length: 6
2023/03/09 05:50:54 prog length: 5
2023/03/09 05:50:54 deserializeInput: hasCrash true hasNet false
2023/03/09 05:50:54 prog length: 6
2023/03/09 05:50:54 prog length: 6
2023/03/09 05:50:54 prog length: 6
2023/03/09 05:50:54 deserializeInput: hasCrash true hasNet false
2023/03/09 05:50:54 prog length: 6
2023/03/09 05:50:54 prog length: 6
2023/03/09 05:50:54 prog length: 5
2023/03/09 05:50:54 deserializeInput: hasCrash true hasNet false
2023/03/09 05:50:54 prog length: 6
2023/03/09 05:50:54 prog length: 3
2023/03/09 05:50:54 deserializeInput: hasCrash true hasNet false
2023/03/09 05:50:54 prog length: 6
2023/03/09 05:50:54 prog length: 6
2023/03/09 05:50:54 prog length: 5
2023/03/09 05:50:54 deserializeInput: hasCrash true hasNet false
2023/03/09 05:50:54 prog length: 6
2023/03/09 05:50:54 prog length: 4
2023/03/09 05:50:54 deserializeInput: hasCrash true hasNet false
2023/03/09 05:50:54 prog length: 6
2023/03/09 05:50:54 prog length: 6
2023/03/09 05:50:54 prog length: 5
2023/03/09 05:50:54 deserializeInput: hasCrash true hasNet false
2023/03/09 05:50:54 prog length: 6
2023/03/09 05:50:54 prog length: 3
2023/03/09 05:50:54 deserializeInput: hasCrash true hasNet false
2023/03/09 05:50:54 prog length: 6
2023/03/09 05:50:54 prog length: 6
2023/03/09 05:50:54 prog length: 6
2023/03/09 05:50:54 prog length: 7
2023/03/09 05:50:54 deserializeInput: hasCrash true hasNet false
2023/03/09 05:50:54 prog length: 6
2023/03/09 05:50:54 prog length: 3
2023/03/09 05:50:54 deserializeInput: hasCrash true hasNet false
2023/03/09 05:50:54 prog length: 6
2023/03/09 05:50:54 prog length: 6
2023/03/09 05:50:54 prog length: 5
2023/03/09 05:50:54 deserializeInput: hasCrash true hasNet false
2023/03/09 05:50:54 prog length: 6
2023/03/09 05:50:54 prog length: 6
2023/03/09 05:50:54 prog length: 6
2023/03/09 05:50:54 deserializeInput: hasCrash true hasNet false
2023/03/09 05:50:54 prog length: 6
2023/03/09 05:50:54 prog length: 3
2023/03/09 05:50:54 deserializeInput: hasCrash true hasNet false
2023/03/09 05:50:54 prog length: 6
2023/03/09 05:50:54 prog length: 3
2023/03/09 05:50:54 deserializeInput: hasCrash true hasNet false
2023/03/09 05:50:54 prog length: 6
2023/03/09 05:50:54 prog length: 6
2023/03/09 05:50:54 prog length: 5
2023/03/09 05:50:54 deserializeInput: hasCrash true hasNet false
2023/03/09 05:50:54 prog length: 6
2023/03/09 05:50:54 prog length: 6
2023/03/09 05:50:54 prog length: 10
2023/03/09 05:50:54 deserializeInput: hasCrash true hasNet false
2023/03/09 05:50:54 prog length: 6
2023/03/09 05:50:54 prog length: 4
2023/03/09 05:50:54 deserializeInput: hasCrash true hasNet false
2023/03/09 05:50:54 prog length: 6
2023/03/09 05:50:54 prog length: 6
2023/03/09 05:50:54 prog length: 5
2023/03/09 05:50:54 deserializeInput: hasCrash true hasNet false
2023/03/09 05:50:54 prog length: 6
2023/03/09 05:50:54 prog length: 6
2023/03/09 05:50:54 prog length: 5
2023/03/09 05:50:54 deserializeInput: hasCrash true hasNet false
2023/03/09 05:50:54 prog length: 6
2023/03/09 05:50:54 prog length: 6
2023/03/09 05:50:54 prog length: 5
2023/03/09 05:50:54 deserializeInput: hasCrash true hasNet false
2023/03/09 05:50:54 prog length: 6
2023/03/09 05:50:54 prog length: 3
2023/03/09 05:50:54 deserializeInput: hasCrash true hasNet false
2023/03/09 05:50:54 prog length: 6
2023/03/09 05:50:54 prog length: 3
2023/03/09 05:50:54 deserializeInput: hasCrash true hasNet false
2023/03/09 05:50:54 prog length: 6
2023/03/09 05:50:54 prog length: 3
2023/03/09 05:50:54 deserializeInput: hasCrash true hasNet false
2023/03/09 05:50:54 prog length: 6
2023/03/09 05:50:54 prog length: 6
2023/03/09 05:50:54 prog length: 5
2023/03/09 05:50:54 deserializeInput: hasCrash true hasNet false
2023/03/09 05:50:54 prog length: 6
2023/03/09 05:50:54 prog length: 3
2023/03/09 05:50:54 deserializeInput: hasCrash true hasNet false
2023/03/09 05:50:54 prog length: 6
2023/03/09 05:50:54 prog length: 3
2023/03/09 05:50:54 deserializeInput: hasCrash true hasNet false
2023/03/09 05:50:54 prog length: 6
2023/03/09 05:50:54 prog length: 6
2023/03/09 05:50:54 prog length: 5
2023/03/09 05:50:54 deserializeInput: hasCrash true hasNet false
2023/03/09 05:50:54 prog length: 6
2023/03/09 05:50:54 prog length: 3
2023/03/09 05:50:54 deserializeInput: hasCrash false hasNet false
2023/03/09 05:50:54 prog length: 1
2023/03/09 05:50:54 deserializeInput: hasCrash true hasNet false
2023/03/09 05:50:54 prog length: 6
2023/03/09 05:50:54 prog length: 3
2023/03/09 05:50:54 deserializeInput: hasCrash true hasNet false
2023/03/09 05:50:54 prog length: 6
2023/03/09 05:50:54 prog length: 3
2023/03/09 05:50:54 deserializeInput: hasCrash true hasNet false
2023/03/09 05:50:54 prog length: 6
2023/03/09 05:50:54 prog length: 3
2023/03/09 05:50:54 deserializeInput: hasCrash true hasNet false
2023/03/09 05:50:54 prog length: 6
2023/03/09 05:50:54 prog length: 3
2023/03/09 05:50:54 deserializeInput: hasCrash true hasNet false
2023/03/09 05:50:54 prog length: 6
2023/03/09 05:50:54 prog length: 3
2023/03/09 05:50:54 fetching corpus: 50, signal 3795/15891/20933 (executing program)
2023/03/09 05:50:54 deserializeInput: hasCrash true hasNet false
2023/03/09 05:50:54 prog length: 6
2023/03/09 05:50:54 prog length: 3
2023/03/09 05:50:54 deserializeInput: hasCrash true hasNet false
2023/03/09 05:50:54 prog length: 6
2023/03/09 05:50:54 prog length: 3
2023/03/09 05:50:54 deserializeInput: hasCrash true hasNet false
2023/03/09 05:50:54 prog length: 6
2023/03/09 05:50:54 prog length: 6
2023/03/09 05:50:54 prog length: 5
2023/03/09 05:50:54 deserializeInput: hasCrash true hasNet false
2023/03/09 05:50:54 prog length: 6
2023/03/09 05:50:54 prog length: 5
2023/03/09 05:50:54 deserializeInput: hasCrash true hasNet false
2023/03/09 05:50:54 prog length: 6
2023/03/09 05:50:54 prog length: 6
2023/03/09 05:50:54 prog length: 6
2023/03/09 05:50:54 prog length: 7
2023/03/09 05:50:54 deserializeInput: hasCrash true hasNet false
2023/03/09 05:50:54 prog length: 6
2023/03/09 05:50:54 prog length: 6
2023/03/09 05:50:54 prog length: 5
2023/03/09 05:50:54 deserializeInput: hasCrash true hasNet false
2023/03/09 05:50:54 prog length: 6
2023/03/09 05:50:54 prog length: 3
2023/03/09 05:50:54 deserializeInput: hasCrash true hasNet false
2023/03/09 05:50:54 prog length: 6
2023/03/09 05:50:54 prog length: 3
2023/03/09 05:50:54 deserializeInput: hasCrash true hasNet false
2023/03/09 05:50:54 prog length: 6
2023/03/09 05:50:54 prog length: 3
2023/03/09 05:50:54 deserializeInput: hasCrash true hasNet false
2023/03/09 05:50:54 prog length: 6
2023/03/09 05:50:54 prog length: 6
2023/03/09 05:50:54 prog length: 5
2023/03/09 05:50:54 deserializeInput: hasCrash true hasNet false
2023/03/09 05:50:54 prog length: 6
2023/03/09 05:50:54 prog length: 3
2023/03/09 05:50:54 deserializeInput: hasCrash true hasNet false
2023/03/09 05:50:54 prog length: 6
2023/03/09 05:50:54 prog length: 6
2023/03/09 05:50:54 prog length: 5
2023/03/09 05:50:54 deserializeInput: hasCrash true hasNet false
2023/03/09 05:50:54 prog length: 6
2023/03/09 05:50:54 prog length: 3
2023/03/09 05:50:54 deserializeInput: hasCrash true hasNet false
2023/03/09 05:50:54 prog length: 6
2023/03/09 05:50:54 prog length: 3
2023/03/09 05:50:54 deserializeInput: hasCrash true hasNet false
2023/03/09 05:50:54 prog length: 6
2023/03/09 05:50:54 prog length: 3
2023/03/09 05:50:54 deserializeInput: hasCrash true hasNet false
2023/03/09 05:50:54 prog length: 6
2023/03/09 05:50:54 prog length: 3
2023/03/09 05:50:54 deserializeInput: hasCrash true hasNet false
2023/03/09 05:50:54 prog length: 6
2023/03/09 05:50:54 prog length: 6
2023/03/09 05:50:54 prog length: 5
2023/03/09 05:50:54 deserializeInput: hasCrash true hasNet false
2023/03/09 05:50:54 prog length: 6
2023/03/09 05:50:54 prog length: 4
2023/03/09 05:50:54 deserializeInput: hasCrash true hasNet false
2023/03/09 05:50:54 prog length: 6
2023/03/09 05:50:54 prog length: 3
2023/03/09 05:50:54 deserializeInput: hasCrash true hasNet false
2023/03/09 05:50:54 prog length: 6
2023/03/09 05:50:54 prog length: 6
2023/03/09 05:50:54 prog length: 5
2023/03/09 05:50:54 deserializeInput: hasCrash false hasNet false
2023/03/09 05:50:54 prog length: 1
2023/03/09 05:50:54 deserializeInput: hasCrash true hasNet false
2023/03/09 05:50:54 prog length: 6
2023/03/09 05:50:54 prog length: 3
2023/03/09 05:50:54 deserializeInput: hasCrash true hasNet false
2023/03/09 05:50:54 prog length: 6
2023/03/09 05:50:54 prog length: 3
2023/03/09 05:50:54 deserializeInput: hasCrash true hasNet false
2023/03/09 05:50:54 prog length: 6
2023/03/09 05:50:54 prog length: 6
2023/03/09 05:50:54 prog length: 8
2023/03/09 05:50:54 deserializeInput: hasCrash true hasNet false
2023/03/09 05:50:54 prog length: 6
2023/03/09 05:50:54 prog length: 3
2023/03/09 05:50:54 deserializeInput: hasCrash true hasNet false
2023/03/09 05:50:54 prog length: 6
2023/03/09 05:50:54 prog length: 3
2023/03/09 05:50:54 deserializeInput: hasCrash true hasNet false
2023/03/09 05:50:54 prog length: 6
2023/03/09 05:50:54 prog length: 6
2023/03/09 05:50:54 prog length: 6
2023/03/09 05:50:54 prog length: 7
2023/03/09 05:50:54 deserializeInput: hasCrash true hasNet false
2023/03/09 05:50:54 prog length: 6
2023/03/09 05:50:54 prog length: 6
2023/03/09 05:50:54 prog length: 8
2023/03/09 05:50:54 deserializeInput: hasCrash true hasNet false
2023/03/09 05:50:54 prog length: 6
2023/03/09 05:50:54 prog length: 6
2023/03/09 05:50:54 prog length: 5
2023/03/09 05:50:54 deserializeInput: hasCrash true hasNet false
2023/03/09 05:50:54 prog length: 6
2023/03/09 05:50:54 prog length: 6
2023/03/09 05:50:54 prog length: 5
2023/03/09 05:50:54 deserializeInput: hasCrash true hasNet false
2023/03/09 05:50:54 prog length: 6
2023/03/09 05:50:54 prog length: 6
2023/03/09 05:50:54 prog length: 6
2023/03/09 05:50:54 prog length: 7
2023/03/09 05:50:54 deserializeInput: hasCrash true hasNet false
2023/03/09 05:50:54 prog length: 6
2023/03/09 05:50:54 prog length: 3
2023/03/09 05:50:54 deserializeInput: hasCrash true hasNet false
2023/03/09 05:50:54 prog length: 6
2023/03/09 05:50:54 prog length: 6
2023/03/09 05:50:54 prog length: 5
2023/03/09 05:50:54 deserializeInput: hasCrash true hasNet false
2023/03/09 05:50:54 prog length: 6
2023/03/09 05:50:54 prog length: 3
2023/03/09 05:50:54 deserializeInput: hasCrash true hasNet false
2023/03/09 05:50:54 prog length: 6
2023/03/09 05:50:54 prog length: 8
2023/03/09 05:50:54 deserializeInput: hasCrash true hasNet false
2023/03/09 05:50:54 prog length: 6
2023/03/09 05:50:54 prog length: 3
2023/03/09 05:50:54 deserializeInput: hasCrash true hasNet false
2023/03/09 05:50:54 prog length: 6
2023/03/09 05:50:54 prog length: 6
2023/03/09 05:50:54 prog length: 5
2023/03/09 05:50:54 deserializeInput: hasCrash true hasNet false
2023/03/09 05:50:54 prog length: 6
2023/03/09 05:50:54 prog length: 6
2023/03/09 05:50:54 prog length: 5
2023/03/09 05:50:54 deserializeInput: hasCrash true hasNet false
2023/03/09 05:50:54 prog length: 6
2023/03/09 05:50:54 prog length: 6
2023/03/09 05:50:54 prog length: 5
2023/03/09 05:50:54 deserializeInput: hasCrash true hasNet false
2023/03/09 05:50:54 prog length: 6
2023/03/09 05:50:54 prog length: 6
2023/03/09 05:50:54 prog length: 5
2023/03/09 05:50:54 deserializeInput: hasCrash true hasNet false
2023/03/09 05:50:54 prog length: 6
2023/03/09 05:50:54 prog length: 6
2023/03/09 05:50:54 prog length: 6
2023/03/09 05:50:54 prog length: 7
2023/03/09 05:50:54 deserializeInput: hasCrash true hasNet false
2023/03/09 05:50:54 prog length: 6
2023/03/09 05:50:54 prog length: 3
2023/03/09 05:50:54 deserializeInput: hasCrash true hasNet false
2023/03/09 05:50:54 prog length: 6
2023/03/09 05:50:54 prog length: 3
2023/03/09 05:50:54 deserializeInput: hasCrash true hasNet false
2023/03/09 05:50:54 prog length: 6
2023/03/09 05:50:54 prog length: 3
2023/03/09 05:50:54 deserializeInput: hasCrash true hasNet false
2023/03/09 05:50:54 prog length: 6
2023/03/09 05:50:54 prog length: 3
2023/03/09 05:50:54 deserializeInput: hasCrash true hasNet false
2023/03/09 05:50:54 prog length: 6
2023/03/09 05:50:54 prog length: 3
2023/03/09 05:50:54 deserializeInput: hasCrash false hasNet false
2023/03/09 05:50:54 prog length: 1
2023/03/09 05:50:54 deserializeInput: hasCrash true hasNet false
2023/03/09 05:50:54 prog length: 6
2023/03/09 05:50:54 prog length: 3
2023/03/09 05:50:54 deserializeInput: hasCrash true hasNet false
2023/03/09 05:50:54 prog length: 6
2023/03/09 05:50:54 prog length: 4
2023/03/09 05:50:54 deserializeInput: hasCrash true hasNet false
2023/03/09 05:50:54 prog length: 6
2023/03/09 05:50:54 prog length: 6
2023/03/09 05:50:54 prog length: 5
2023/03/09 05:50:54 fetching corpus: 100, signal 3831/17022/23271 (executing program)
2023/03/09 05:50:54 deserializeInput: hasCrash true hasNet false
2023/03/09 05:50:54 prog length: 6
2023/03/09 05:50:54 prog length: 6
2023/03/09 05:50:54 prog length: 6
2023/03/09 05:50:54 deserializeInput: hasCrash true hasNet false
2023/03/09 05:50:54 prog length: 6
2023/03/09 05:50:54 prog length: 6
2023/03/09 05:50:54 prog length: 5
2023/03/09 05:50:54 deserializeInput: hasCrash true hasNet false
2023/03/09 05:50:54 prog length: 6
2023/03/09 05:50:54 prog length: 3
2023/03/09 05:50:54 deserializeInput: hasCrash true hasNet false
2023/03/09 05:50:54 prog length: 6
2023/03/09 05:50:54 prog length: 3
2023/03/09 05:50:54 deserializeInput: hasCrash true hasNet false
2023/03/09 05:50:54 prog length: 6
2023/03/09 05:50:54 prog length: 3
2023/03/09 05:50:54 deserializeInput: hasCrash true hasNet false
2023/03/09 05:50:54 prog length: 6
2023/03/09 05:50:54 prog length: 3
2023/03/09 05:50:54 deserializeInput: hasCrash true hasNet false
2023/03/09 05:50:54 prog length: 6
2023/03/09 05:50:54 prog length: 3
2023/03/09 05:50:54 deserializeInput: hasCrash true hasNet false
2023/03/09 05:50:54 prog length: 6
2023/03/09 05:50:54 prog length: 6
2023/03/09 05:50:54 prog length: 5
2023/03/09 05:50:54 deserializeInput: hasCrash true hasNet false
2023/03/09 05:50:54 prog length: 6
2023/03/09 05:50:54 prog length: 6
2023/03/09 05:50:54 prog length: 8
2023/03/09 05:50:54 deserializeInput: hasCrash true hasNet false
2023/03/09 05:50:54 prog length: 6
2023/03/09 05:50:54 prog length: 6
2023/03/09 05:50:54 prog length: 5
2023/03/09 05:50:54 deserializeInput: hasCrash true hasNet false
2023/03/09 05:50:54 prog length: 6
2023/03/09 05:50:54 prog length: 4
2023/03/09 05:50:54 deserializeInput: hasCrash true hasNet false
2023/03/09 05:50:54 prog length: 6
2023/03/09 05:50:54 prog length: 3
2023/03/09 05:50:54 deserializeInput: hasCrash true hasNet false
2023/03/09 05:50:54 prog length: 6
2023/03/09 05:50:54 prog length: 3
2023/03/09 05:50:54 deserializeInput: hasCrash true hasNet false
2023/03/09 05:50:54 prog length: 6
2023/03/09 05:50:54 prog length: 3
2023/03/09 05:50:54 deserializeInput: hasCrash true hasNet false
2023/03/09 05:50:54 prog length: 6
2023/03/09 05:50:54 prog length: 3
2023/03/09 05:50:54 deserializeInput: hasCrash true hasNet false
2023/03/09 05:50:54 prog length: 6
2023/03/09 05:50:54 prog length: 6
2023/03/09 05:50:54 prog length: 5
2023/03/09 05:50:54 deserializeInput: hasCrash true hasNet false
2023/03/09 05:50:54 prog length: 6
2023/03/09 05:50:54 prog length: 3
2023/03/09 05:50:54 deserializeInput: hasCrash true hasNet false
2023/03/09 05:50:54 prog length: 6
2023/03/09 05:50:54 prog length: 3
2023/03/09 05:50:54 deserializeInput: hasCrash true hasNet false
2023/03/09 05:50:54 prog length: 6
2023/03/09 05:50:54 prog length: 3
2023/03/09 05:50:54 deserializeInput: hasCrash true hasNet false
2023/03/09 05:50:54 prog length: 6
2023/03/09 05:50:54 prog length: 6
2023/03/09 05:50:54 prog length: 5
2023/03/09 05:50:54 deserializeInput: hasCrash true hasNet false
2023/03/09 05:50:54 prog length: 6
2023/03/09 05:50:54 prog length: 6
2023/03/09 05:50:54 prog length: 5
2023/03/09 05:50:54 deserializeInput: hasCrash true hasNet false
2023/03/09 05:50:54 prog length: 6
2023/03/09 05:50:54 prog length: 8
2023/03/09 05:50:54 deserializeInput: hasCrash true hasNet false
2023/03/09 05:50:54 prog length: 6
2023/03/09 05:50:54 prog length: 6
2023/03/09 05:50:54 prog length: 6
2023/03/09 05:50:54 prog length: 7
2023/03/09 05:50:54 deserializeInput: hasCrash true hasNet false
2023/03/09 05:50:54 prog length: 6
2023/03/09 05:50:54 prog length: 6
2023/03/09 05:50:54 prog length: 5
2023/03/09 05:50:54 deserializeInput: hasCrash true hasNet false
2023/03/09 05:50:54 prog length: 6
2023/03/09 05:50:54 prog length: 6
2023/03/09 05:50:54 prog length: 5
2023/03/09 05:50:54 deserializeInput: hasCrash true hasNet false
2023/03/09 05:50:54 prog length: 6
2023/03/09 05:50:54 prog length: 6
2023/03/09 05:50:54 prog length: 6
2023/03/09 05:50:54 deserializeInput: hasCrash true hasNet false
2023/03/09 05:50:54 prog length: 6
2023/03/09 05:50:54 prog length: 3
2023/03/09 05:50:54 deserializeInput: hasCrash true hasNet false
2023/03/09 05:50:54 prog length: 6
2023/03/09 05:50:54 prog length: 6
2023/03/09 05:50:54 prog length: 5
2023/03/09 05:50:54 deserializeInput: hasCrash true hasNet false
2023/03/09 05:50:54 prog length: 6
2023/03/09 05:50:54 prog length: 6
2023/03/09 05:50:54 prog length: 5
2023/03/09 05:50:54 deserializeInput: hasCrash true hasNet false
2023/03/09 05:50:54 prog length: 6
2023/03/09 05:50:54 prog length: 6
2023/03/09 05:50:54 prog length: 5
2023/03/09 05:50:54 deserializeInput: hasCrash true hasNet false
2023/03/09 05:50:54 prog length: 6
2023/03/09 05:50:54 prog length: 3
2023/03/09 05:50:54 deserializeInput: hasCrash true hasNet false
2023/03/09 05:50:54 prog length: 6
2023/03/09 05:50:54 prog length: 3
2023/03/09 05:50:54 deserializeInput: hasCrash true hasNet false
2023/03/09 05:50:54 prog length: 6
2023/03/09 05:50:54 prog length: 6
2023/03/09 05:50:54 prog length: 7
2023/03/09 05:50:54 deserializeInput: hasCrash true hasNet false
2023/03/09 05:50:54 prog length: 6
2023/03/09 05:50:54 prog length: 3
2023/03/09 05:50:54 deserializeInput: hasCrash true hasNet false
2023/03/09 05:50:54 prog length: 6
2023/03/09 05:50:54 prog length: 6
2023/03/09 05:50:54 prog length: 6
2023/03/09 05:50:54 deserializeInput: hasCrash true hasNet false
2023/03/09 05:50:54 prog length: 6
2023/03/09 05:50:54 prog length: 3
2023/03/09 05:50:54 deserializeInput: hasCrash true hasNet false
2023/03/09 05:50:54 prog length: 6
2023/03/09 05:50:54 prog length: 6
2023/03/09 05:50:54 prog length: 5
2023/03/09 05:50:54 deserializeInput: hasCrash true hasNet false
2023/03/09 05:50:54 prog length: 6
2023/03/09 05:50:54 prog length: 6
2023/03/09 05:50:54 prog length: 5
2023/03/09 05:50:54 deserializeInput: hasCrash true hasNet false
2023/03/09 05:50:54 prog length: 6
2023/03/09 05:50:54 prog length: 3
2023/03/09 05:50:54 deserializeInput: hasCrash true hasNet false
2023/03/09 05:50:54 prog length: 6
2023/03/09 05:50:54 prog length: 3
2023/03/09 05:50:54 deserializeInput: hasCrash true hasNet false
2023/03/09 05:50:54 prog length: 6
2023/03/09 05:50:54 prog length: 3
2023/03/09 05:50:54 deserializeInput: hasCrash true hasNet false
2023/03/09 05:50:54 prog length: 6
2023/03/09 05:50:54 prog length: 3
2023/03/09 05:50:54 deserializeInput: hasCrash true hasNet false
2023/03/09 05:50:54 prog length: 6
2023/03/09 05:50:54 prog length: 6
2023/03/09 05:50:54 prog length: 6
2023/03/09 05:50:54 deserializeInput: hasCrash true hasNet false
2023/03/09 05:50:54 prog length: 6
2023/03/09 05:50:54 prog length: 3
2023/03/09 05:50:54 deserializeInput: hasCrash true hasNet false
2023/03/09 05:50:54 prog length: 6
2023/03/09 05:50:54 prog length: 3
2023/03/09 05:50:54 deserializeInput: hasCrash true hasNet false
2023/03/09 05:50:54 prog length: 6
2023/03/09 05:50:54 prog length: 3
2023/03/09 05:50:54 deserializeInput: hasCrash true hasNet false
2023/03/09 05:50:54 prog length: 6
2023/03/09 05:50:54 prog length: 6
2023/03/09 05:50:54 prog length: 5
2023/03/09 05:50:54 deserializeInput: hasCrash true hasNet false
2023/03/09 05:50:54 prog length: 6
2023/03/09 05:50:54 prog length: 3
2023/03/09 05:50:54 deserializeInput: hasCrash true hasNet false
2023/03/09 05:50:54 prog length: 6
2023/03/09 05:50:54 prog length: 3
2023/03/09 05:50:54 deserializeInput: hasCrash true hasNet false
2023/03/09 05:50:54 prog length: 6
2023/03/09 05:50:54 prog length: 6
2023/03/09 05:50:54 prog length: 5
2023/03/09 05:50:54 fetching corpus: 150, signal 3831/17798/25211 (executing program)
2023/03/09 05:50:55 deserializeInput: hasCrash true hasNet false
2023/03/09 05:50:55 prog length: 6
2023/03/09 05:50:55 prog length: 3
2023/03/09 05:50:55 deserializeInput: hasCrash true hasNet false
2023/03/09 05:50:55 prog length: 6
2023/03/09 05:50:55 prog length: 3
2023/03/09 05:50:55 deserializeInput: hasCrash true hasNet false
2023/03/09 05:50:55 prog length: 6
2023/03/09 05:50:55 prog length: 6
2023/03/09 05:50:55 prog length: 5
2023/03/09 05:50:55 deserializeInput: hasCrash true hasNet false
2023/03/09 05:50:55 prog length: 6
2023/03/09 05:50:55 prog length: 6
2023/03/09 05:50:55 prog length: 5
2023/03/09 05:50:55 deserializeInput: hasCrash true hasNet false
2023/03/09 05:50:55 prog length: 6
2023/03/09 05:50:55 prog length: 6
2023/03/09 05:50:55 prog length: 5
2023/03/09 05:50:55 deserializeInput: hasCrash true hasNet false
2023/03/09 05:50:55 prog length: 6
2023/03/09 05:50:55 prog length: 6
2023/03/09 05:50:55 prog length: 5
2023/03/09 05:50:55 deserializeInput: hasCrash true hasNet false
2023/03/09 05:50:55 prog length: 6
2023/03/09 05:50:55 prog length: 4
2023/03/09 05:50:55 deserializeInput: hasCrash true hasNet false
2023/03/09 05:50:55 prog length: 6
2023/03/09 05:50:55 prog length: 6
2023/03/09 05:50:55 deserializeInput: hasCrash true hasNet false
2023/03/09 05:50:55 prog length: 6
2023/03/09 05:50:55 prog length: 6
2023/03/09 05:50:55 prog length: 5
2023/03/09 05:50:55 deserializeInput: hasCrash true hasNet false
2023/03/09 05:50:55 prog length: 6
2023/03/09 05:50:55 prog length: 3
2023/03/09 05:50:55 deserializeInput: hasCrash true hasNet false
2023/03/09 05:50:55 prog length: 6
2023/03/09 05:50:55 prog length: 6
2023/03/09 05:50:55 prog length: 5
2023/03/09 05:50:55 deserializeInput: hasCrash true hasNet false
2023/03/09 05:50:55 prog length: 6
2023/03/09 05:50:55 prog length: 6
2023/03/09 05:50:55 prog length: 5
2023/03/09 05:50:55 deserializeInput: hasCrash true hasNet false
2023/03/09 05:50:55 prog length: 6
2023/03/09 05:50:55 prog length: 3
2023/03/09 05:50:55 deserializeInput: hasCrash true hasNet false
2023/03/09 05:50:55 prog length: 6
2023/03/09 05:50:55 prog length: 3
2023/03/09 05:50:55 deserializeInput: hasCrash true hasNet false
2023/03/09 05:50:55 prog length: 6
2023/03/09 05:50:55 prog length: 6
2023/03/09 05:50:55 prog length: 5
2023/03/09 05:50:55 deserializeInput: hasCrash true hasNet false
2023/03/09 05:50:55 prog length: 6
2023/03/09 05:50:55 prog length: 3
2023/03/09 05:50:55 deserializeInput: hasCrash true hasNet false
2023/03/09 05:50:55 prog length: 6
2023/03/09 05:50:55 prog length: 5
2023/03/09 05:50:55 deserializeInput: hasCrash true hasNet false
2023/03/09 05:50:55 prog length: 6
2023/03/09 05:50:55 prog length: 3
2023/03/09 05:50:55 deserializeInput: hasCrash true hasNet false
2023/03/09 05:50:55 prog length: 6
2023/03/09 05:50:55 prog length: 4
2023/03/09 05:50:55 deserializeInput: hasCrash true hasNet false
2023/03/09 05:50:55 prog length: 6
2023/03/09 05:50:55 prog length: 4
2023/03/09 05:50:55 deserializeInput: hasCrash false hasNet false
2023/03/09 05:50:55 prog length: 1
2023/03/09 05:50:55 deserializeInput: hasCrash true hasNet false
2023/03/09 05:50:55 prog length: 6
2023/03/09 05:50:55 prog length: 6
2023/03/09 05:50:55 prog length: 5
2023/03/09 05:50:55 deserializeInput: hasCrash true hasNet false
2023/03/09 05:50:55 prog length: 6
2023/03/09 05:50:55 prog length: 3
2023/03/09 05:50:55 deserializeInput: hasCrash true hasNet false
2023/03/09 05:50:55 prog length: 6
2023/03/09 05:50:55 prog length: 3
2023/03/09 05:50:55 deserializeInput: hasCrash true hasNet false
2023/03/09 05:50:55 prog length: 6
2023/03/09 05:50:55 prog length: 6
2023/03/09 05:50:55 prog length: 5
2023/03/09 05:50:55 deserializeInput: hasCrash true hasNet false
2023/03/09 05:50:55 prog length: 6
2023/03/09 05:50:55 prog length: 6
2023/03/09 05:50:55 prog length: 6
2023/03/09 05:50:55 prog length: 7
2023/03/09 05:50:55 deserializeInput: hasCrash true hasNet false
2023/03/09 05:50:55 prog length: 6
2023/03/09 05:50:55 prog length: 6
2023/03/09 05:50:55 prog length: 5
2023/03/09 05:50:55 deserializeInput: hasCrash true hasNet false
2023/03/09 05:50:55 prog length: 6
2023/03/09 05:50:55 prog length: 3
2023/03/09 05:50:55 deserializeInput: hasCrash false hasNet false
2023/03/09 05:50:55 prog length: 3
2023/03/09 05:50:55 deserializeInput: hasCrash true hasNet false
2023/03/09 05:50:55 prog length: 6
2023/03/09 05:50:55 prog length: 4
2023/03/09 05:50:55 deserializeInput: hasCrash true hasNet false
2023/03/09 05:50:55 prog length: 6
2023/03/09 05:50:55 prog length: 6
2023/03/09 05:50:55 prog length: 5
2023/03/09 05:50:55 deserializeInput: hasCrash true hasNet false
2023/03/09 05:50:55 prog length: 6
2023/03/09 05:50:55 prog length: 4
2023/03/09 05:50:55 deserializeInput: hasCrash true hasNet false
2023/03/09 05:50:55 prog length: 6
2023/03/09 05:50:55 prog length: 6
2023/03/09 05:50:55 prog length: 15
2023/03/09 05:50:55 deserializeInput: hasCrash true hasNet false
2023/03/09 05:50:55 prog length: 6
2023/03/09 05:50:55 prog length: 6
2023/03/09 05:50:55 prog length: 5
2023/03/09 05:50:55 deserializeInput: hasCrash true hasNet false
2023/03/09 05:50:55 prog length: 6
2023/03/09 05:50:55 prog length: 6
2023/03/09 05:50:55 prog length: 5
2023/03/09 05:50:55 deserializeInput: hasCrash true hasNet false
2023/03/09 05:50:55 prog length: 6
2023/03/09 05:50:55 prog length: 3
2023/03/09 05:50:55 deserializeInput: hasCrash true hasNet false
2023/03/09 05:50:55 prog length: 6
2023/03/09 05:50:55 prog length: 6
2023/03/09 05:50:55 prog length: 5
2023/03/09 05:50:55 deserializeInput: hasCrash true hasNet false
2023/03/09 05:50:55 prog length: 6
2023/03/09 05:50:55 prog length: 3
2023/03/09 05:50:55 deserializeInput: hasCrash true hasNet false
2023/03/09 05:50:55 prog length: 6
2023/03/09 05:50:55 prog length: 6
2023/03/09 05:50:55 prog length: 5
2023/03/09 05:50:55 deserializeInput: hasCrash true hasNet false
2023/03/09 05:50:55 prog length: 6
2023/03/09 05:50:55 prog length: 3
2023/03/09 05:50:55 deserializeInput: hasCrash true hasNet false
2023/03/09 05:50:55 prog length: 6
2023/03/09 05:50:55 prog length: 4
2023/03/09 05:50:55 deserializeInput: hasCrash false hasNet false
2023/03/09 05:50:55 prog length: 6
2023/03/09 05:50:55 deserializeInput: hasCrash true hasNet false
2023/03/09 05:50:55 prog length: 6
2023/03/09 05:50:55 prog length: 6
2023/03/09 05:50:55 prog length: 6
2023/03/09 05:50:55 prog length: 7
2023/03/09 05:50:55 deserializeInput: hasCrash true hasNet false
2023/03/09 05:50:55 prog length: 6
2023/03/09 05:50:55 prog length: 6
2023/03/09 05:50:55 prog length: 5
2023/03/09 05:50:55 deserializeInput: hasCrash true hasNet false
2023/03/09 05:50:55 prog length: 6
2023/03/09 05:50:55 prog length: 6
2023/03/09 05:50:55 prog length: 5
2023/03/09 05:50:55 fetching corpus: 195, signal 4690/19226/28267 (executing program)
2023/03/09 05:50:55 fetching corpus: 195, signal 4690/19226/29335 (executing program)
2023/03/09 05:50:55 fetching corpus: 195, signal 4690/19226/30424 (executing program)
2023/03/09 05:50:55 fetching corpus: 195, signal 4690/19226/31478 (executing program)
2023/03/09 05:50:55 fetching corpus: 195, signal 4690/19226/32580 (executing program)
2023/03/09 05:50:55 fetching corpus: 195, signal 4690/19226/33677 (executing program)
2023/03/09 05:50:55 fetching corpus: 195, signal 4690/19226/34731 (executing program)
2023/03/09 05:50:55 fetching corpus: 195, signal 4690/19226/35817 (executing program)
2023/03/09 05:50:55 fetching corpus: 195, signal 4690/19226/36902 (executing program)
2023/03/09 05:50:55 fetching corpus: 195, signal 4690/19226/37980 (executing program)
2023/03/09 05:50:55 fetching corpus: 195, signal 4690/19226/39041 (executing program)
2023/03/09 05:50:55 fetching corpus: 195, signal 4690/19226/39732 (executing program)
2023/03/09 05:50:55 fetching corpus: 195, signal 4690/19226/39732 (executing program)
2023/03/09 05:50:55 starting 1 fuzzer processes
2023/03/09 05:50:55 ----- generateCall 209 fcntl$setflags fcntl$setflags
2023/03/09 05:50:55 ----- generateCall 4200 writev writev
2023/03/09 05:50:55 ----- generateCall 194 fchmod fchmod
2023/03/09 05:50:55 ----- generateCall 258 getdents getdents
2023/03/09 05:50:55 ----- generateCall 2810 renameat renameat
2023/03/09 05:50:55 ----- generateCall 198 fcntl$F_GET_FILE_RW_HINT fcntl$F_GET_FILE_RW_HINT
2023/03/09 05:50:55 ----- generateCall 4128 write$binfmt_elf32 write$binfmt_elf32
2023/03/09 05:50:55 ----- generateCall 242 fsetxattr$trusted_overlay_redirect fsetxattr$trusted_overlay_redirect
2023/03/09 05:50:55 ----- generateCall 217 fgetxattr fgetxattr
2023/03/09 05:50:55 ----- generateCall 198 fcntl$F_GET_FILE_RW_HINT fcntl$F_GET_FILE_RW_HINT
2023/03/09 05:50:55 ----- generateCall 198 fcntl$F_GET_FILE_RW_HINT fcntl$F_GET_FILE_RW_HINT
2023/03/09 05:50:55 ----- generateCall 204 fcntl$getflags fcntl$getflags
2023/03/09 05:50:55 ----- generateCall 198 fcntl$F_GET_FILE_RW_HINT fcntl$F_GET_FILE_RW_HINT
2023/03/09 05:50:55 map[./file0:true]
2023/03/09 05:50:55 HasCrashFail: false, .HasNetFail: false
2023/03/09 05:50:55 prog length: 20
2023/03/09 05:50:55 HasCrashFail:false HasNetFail:false
05:50:55 ---executing program 0:
---
---
---
fcntl$setflags(0xffffffffffffffff, 0x2, 0x1)
r0 = dup(0xffffffffffffffff)
writev(r0, &(0x7f00000002c0)=[{&(0x7f0000000000)="6ca66023942c2fb78b3d186ae28234191e89e7587737130f7f53dab8ce6628f81b6483008e4f08a112ba1ea1c70b352ba41879bb3af09a48e9557e6b586a6f03dcb343e7625768ce173bf8e3985096202a644907b9935ec0a3523aafa706525d24f897f7257dd423f12302c9bb87fb25d3cc4a7bcd46b5af03e7f39e517c", 0x7e}, {&(0x7f0000000080)="fc96f4f12638e3ba5d33acab235e25a9a4b9de5b69665e8c45ae78f625156d10009b4cc4101a9854984367e0b6e2ebdfd4c1f160ebe2f539783b4152b1e9ce3f6c1f6a46cb849d2b3eaff2d590aa292a20b2ebb6224036edf97986f5627e6cb5700a9325386a8939b715ebccefc5d4f53a58a9f33f4d959758050887ad8657d9dd9c00bcfaa6264283d74a704fe953a48d1c1b97071b8bc8707def8ac6b1b4296d2fe6e71990be032f54cc128fd4cedad73e69d805c5ecc23c89a25a7c3b50c9c06526e22ff2cf340b639a0c76f06134fa6f6f08e9bd04a8a9ae975d", 0xdc}, {&(0x7f0000000180)="947e120b8eca7edac7a0ef6cdfbb1c55aef1f0fb2e3dffe6fa83bcc0db108980e97e538ab2f1045b8ae4f82ec90fc74ecab1da35e6e1f6dbbbd96e36c5521b5754197c8dcc5d2292a96da795b6295ff83f32058cd669ec156fac79e369737f09d64045709aff7657f6f65c99ea3ddb515c0897867e2afa9f", 0x78}, {&(0x7f0000000200)="2e5b4c383c260722f14d6ae81fa1a3707dc91eb77a7d15e9528e949bb860f98dae31f8a57848f411ce2488fe1dc63a72507683956fd3212b7d0b40a5421116a5672d1e47989be150fb37701f46a3c5bc7cf56664973ab0772176dd3ec5e31737f725a3dccd7358cdc1e5ea3bbc34c3ffd308d23079924d3f10e1e830e565bc70d9f4e3f55d08951e039c37a14842c114911a925a7f027cd68942a2d9fd2da158bdd208b437b931f27f4a37de11a0192483cb103c2e", 0xb5}], 0x4)
fchmod(0xffffffffffffffff, 0x112)
r1 = dup(r0)
getdents(r1, &(0x7f0000000300)=""/54, 0x36)
r2 = openat(0xffffffffffffff9c, &(0x7f0000000340)='./file0\x00', 0x28000, 0x1)
r3 = dup(0xffffffffffffffff)
renameat(r2, &(0x7f0000000380)='./file0\x00', r3, &(0x7f00000003c0)='./file0\x00')
fcntl$F_GET_FILE_RW_HINT(r1, 0x40d, &(0x7f0000000400))
r4 = dup2(r0, r1)
write$binfmt_elf32(r4, &(0x7f0000000440)={{0x7f, 0x45, 0x4c, 0x46, 0x8, 0x20, 0x4, 0x1f, 0x5, 0x2, 0x6, 0x9, 0x5d, 0x38, 0x138, 0x1, 0x40, 0x20, 0x7, 0xffff, 0x0, 0x7}, [{0x70000000, 0x9, 0x81, 0xfffffffd, 0xb74, 0x1, 0x2, 0x1f}], "b60bb7c369b8bfb09f57cb4684ec3163bda3d260dd2d826d6a4da6d68e0ff79bcb840f23a14d2abb7eff076005eefe891dbd6d1c6ff915a35dc78a9a479e717da2264b5359b8c64c1a48e7d408c3cea9af009f06e566d450fd0bb85d3576e1d2586809918760f4325044f3e583d129ac6e04bbac395d36185ebdddd34e692828e36aa492c98e6b8d97b36d11c6fc5d6db3dc7e4771e20de5d29103d6cbfa80a538174ebe9d9cca87cae2e41dbac6927a", ['\x00', '\x00', '\x00', '\x00', '\x00', '\x00', '\x00', '\x00', '\x00', '\x00']}, 0xb08)
fsetxattr$trusted_overlay_redirect(r0, &(0x7f0000000f80), &(0x7f0000000fc0)='./file0\x00', 0x8, 0x1)
fgetxattr(0xffffffffffffffff, &(0x7f0000001000)=@random={'trusted.', ')+%+],[{\x00'}, &(0x7f0000001040)=""/171, 0xab)
r5 = fcntl$dupfd(r1, 0x406, 0xffffffffffffffff)
fcntl$F_GET_FILE_RW_HINT(r5, 0x40d, &(0x7f0000001100))
r6 = dup2(r4, 0xffffffffffffffff)
fcntl$F_GET_FILE_RW_HINT(r6, 0x40d, &(0x7f0000001140))
fcntl$getflags(r6, 0x408)
fcntl$F_GET_FILE_RW_HINT(r3, 0x40d, &(0x7f0000001180))
---

end of program
2023/03/09 05:50:55 -----run executor: [/usr/bin/ssh -F /dev/null -o ConnectionAttempts=100 -o ConnectTimeout=120 -o UserKnownHostsFile=/dev/null -o BatchMode=yes -o IdentitiesOnly=yes -o StrictHostKeyChecking=no -o ConnectTimeout=100 -i /home/tlyu/dfs-fuzzing/disk-images/orangefs-images/focal.id_rsa root@192.168.0.35 /root/syz-executor exec 0 0 orangefs 3 4 192.168.0.35 0 "3 1" false false false true false]
2023/03/09 05:50:55 -----run executor: [/usr/bin/ssh -F /dev/null -o ConnectionAttempts=100 -o ConnectTimeout=120 -o UserKnownHostsFile=/dev/null -o BatchMode=yes -o IdentitiesOnly=yes -o StrictHostKeyChecking=no -o ConnectTimeout=100 -i /home/tlyu/dfs-fuzzing/disk-images/orangefs-images/focal.id_rsa root@192.168.0.36 /root/syz-executor exec 0 1 orangefs 3 4 192.168.0.35 0 "3 1" false false false true false]
2023/03/09 05:50:55 -----run executor: [/usr/bin/ssh -F /dev/null -o ConnectionAttempts=100 -o ConnectTimeout=120 -o UserKnownHostsFile=/dev/null -o BatchMode=yes -o IdentitiesOnly=yes -o StrictHostKeyChecking=no -o ConnectTimeout=100 -i /home/tlyu/dfs-fuzzing/disk-images/orangefs-images/focal.id_rsa root@192.168.0.37 /root/syz-executor exec 0 2 orangefs 3 4 192.168.0.35 0 "3 1" false false false true false]
2023/03/09 05:50:56 -----run executor: [/usr/bin/ssh -F /dev/null -o ConnectionAttempts=100 -o ConnectTimeout=120 -o UserKnownHostsFile=/dev/null -o BatchMode=yes -o IdentitiesOnly=yes -o StrictHostKeyChecking=no -o ConnectTimeout=100 -i /home/tlyu/dfs-fuzzing/disk-images/orangefs-images/focal.id_rsa root@192.168.0.38 /root/syz-executor exec 1 3 orangefs 3 4 192.168.0.35 0 "3 1" false false false true false]
Warning: Permanently added '192.168.0.36' (ECDSA) to the list of known hosts.
Warning: Permanently added '192.168.0.35' (ECDSA) to the list of known hosts.
Warning: Permanently added '192.168.0.37' (ECDSA) to the list of known hosts.
Warning: Permanently added '192.168.0.38' (ECDSA) to the list of known hosts.
----- is restarting 0
---- dfs_name orangefs is_dfs_client 0
unlink FIFO failed: No such file or directory
[    0.000000] kernel: Linux version 5.15.0+ (tlyu@IC-RS3-DPC07) (gcc (Ubuntu 9.4.0-1ubuntu1~20.04.1) 9.4.0, GNU ld (GNU Binutils for Ubuntu) 2.34) #7 SMP Sat Feb 18 10:18:37 CET 2023
[    0.000000] kernel: Command line: root=/dev/sda console=ttyS0 net.ifnames=0 ip=192.168.0.37 quiet
[    0.000000] kernel: x86/fpu: Supporting XSAVE feature 0x001: 'x87 floating point registers'
[    0.000000] kernel: x86/fpu: Supporting XSAVE feature 0x002: 'SSE registers'
[    0.000000] kernel: x86/fpu: Supporting XSAVE feature 0x004: 'AVX registers'
[    0.000000] kernel: x86/fpu: Supporting XSAVE feature 0x020: 'AVX-512 opmask'
[    0.000000] kernel: x86/fpu: Supporting XSAVE feature 0x040: 'AVX-512 Hi256'
[    0.000000] kernel: x86/fpu: Supporting XSAVE feature 0x080: 'AVX-512 ZMM_Hi256'
[    0.000000] kernel: x86/fpu: Supporting XSAVE feature 0x200: 'Protection Keys User registers'
[    0.000000] kernel: x86/fpu: xstate_offset[2]:  576, xstate_sizes[2]:  256
[    0.000000] kernel: x86/fpu: xstate_executor 2 finishes userspace_cover_open
before receiving handshake request
req.flags ea2
offset[5]:  832, xstate_sizes[5]:   64
[    0.000000] kernel: x86/fpu: xstate_offset[6]:  896, xstate_sizes[6]:  512
[    0.000000] kernel: x86/fpu: xstate_offset[7]: 1408, xstate_sizes[7]: 1024
[    0.000000] kernel: x86/fpu: xstate_offset[9]: 2432, xstate_sizes[9]:    8
[    0.000000] kernel: x86/fpu: Enabled xstate features 0x2e7, context size is 2440 bytes, using 'compacted' format.
[    0.000000] kernel: signal: max sigframe size: 3632
[    0.000000] kernel: BIOS-provided physical RAM map:
[    0.000000] kernel: BIOS-e820: [mem 0x0000000000000000-0x000000000009fbff] usable
[    0.000000] kernel: BIOS-e820: [mem 0x000000000009fc00-0x000000000009ffff] reserved
[    0.000000] kernel: BIOS-e820: [mem 0x00000000000f0000-0x00000000000fffff] reserved
[    0.000000] kernel: BIOS-e820: [mem 0x0000000000100000-0x00000000bffdffff] usable
[    0.000000] kernel: BIOS-e820: [mem 0x00000000bffe0000-0x00000000bfffffff] reserved
[    0.000000] kernel: BIOS-e820: [mem 0x00000000feffc000-0x00000000[D 01/16/2023 17:42:13] PVFS2 Server version 2.9.7-orangefs-REV-65ab0d2 starting.
[E 01/16/2023 17:43:19] PVFS2 server got signal 15 (server_status_flag: 2080767)
[D 02/18/2023 14:39:31] PVFS2 Server version 2.9.7-orangefs-REV-65ab0d2 starting.
[D 02/18/2023 14:47:30] PVFS2 received server: signal 1
[E 02/18/2023 14:47:30] PVFS2 server got signal 15 (server_status_flag: 2080767)
feffffff] reserved
[    0.000000] kernel: BIOS-e820: [mem 0x00000000fffc0000-0x00000000ffffffff] reserved
[    0.000000] kernel: BIOS-e820: [mem 0x0000000100000000-0x00000002bfffffff] usable
[    0.000000] kernel: NX (Execute Disable) protection: active
[    0.000000] kernel: SMBIOS 2.8 present.
[    0.000000] kernel: DMI: QEMU Standard PC (i440FX + PIIX, 1996), BIOS 1.13.0-1ubuntu1.1 04/01/2014
[    0.000000] kernel: Hypervisor detected: KVM
[    0.000000] kernel: kvm-clock: Using msrs 4b564d01 and 4b564d00
[    0.000000] kernel: kvm-clock: cpu 0, msr 12be6e001, primary cpu clock
[    0.000002] kernel: kvm-clock: using sched offset of 690611278 cycles
[    0.000003] kernel: clocksource: kvm-clock: mask: 0xffffffffffffffff max_cycles: 0x1cd42e4dffb, max_idle_ns: 881590591483 ns
[    0.000006] kernel: tsc: Detected 2593.906 MHz processor
[    0.000487] kernel: e820: update [mem 0x00000000-0x00000fff] usable ==> reserved
[    0.000490] kernel: e820: remove [mem 0x000a0000-0x000fffff] usable
[    0.000493] kernel: last_pfn = 0x2c0000 max_arch_pfn = 0x10000000000
[    0.000548] kernel: x86/PAT: Configuration [0-7]: WB  WC  UC- UC  WB  WP  UC- WT  
[    0.000553] kernel: last_pfn = 0xbffe0 max_arch_pfn = 0x10000000000
[    0.007041] kernel: found SMP MP-table at [mem 0x000f5c80-0x000f5c8f]
[    0.007075] kernel: Using GB pages for direct mapping
[    0.007194] kernel: ACPI: Early table checksum verification disabled
[    0.007198] kernel: ACPI: RSDP 0x00000000000F5A50 000014 (v00 BOCHS )
[    0.007210] kernel: ACPI: RSDT 0x00000000BFFE15C9 000030 (v01 BOCHS  BXPCRSDT 00000001 BXPC 00000001)
[    0.007216] kernel: ACPI: FACP 0x00000000BFFE149D 000074 (v01 BOCHS  BXPCFACP 00000001 BXPC 00000001)
[    0.007220] kernel: ACPI: DSDT 0x00000000BFFE0040 00145D (v01 BOCHS  BXPCDSDT 00000001 BXPC 00000001)
[    0.007223] kernel: ACPI: FACS 0x00000000BFFE0000 000040
[    0.007225] kernel: ACPI: APIC 0x00000000BFFE1511 000080 (v01 BOCHS  BXPCAPIC 00000001 BXPC 00000001)
[    0.007227] kernel: ACPI: HPET 0x00000000BFFE1591 000038 (v01 BOCHS  BXPCHPET 00000001 BXPC 00000001)
[    0.007229] kernel: ACPI: Reserving FACP table memory at [mem 0xbffe149d-0xbffe1510]
[    0.007230] kernel: ACPI: Reserving DSDT table memory at [mem 0xbffe0040-0xbffe149c]
[    0.007231] kernel: ACPI: Reserving FACS table memory at [mem 0xbffe0000-0xbffe003f]
[    0.007232] kernel: ACPI: Reserving APIC table memory at [mem 0xbffe1511-0xbffe1590]
[    0.007233] kernel: ACPI: Reserving HPET table memory at [mem 0xbffe1591-0xbffe15c8]
[    0.007576] kernel: No NUMA configuration found
[    0.007577] kernel: Faking a node at [mem 0x0000000000000000-0x00000002bfffffff]
[    0.007580] kernel: NODE_DATA(0) allocated [mem 0x2bfffc000-0x2bfffffff]
[    0.008959] kernel: Zone ranges:
[    0.008961] kernel:   DMA      [mem 0x0000000000001000-0x0000000000ffffff]
[    0.008963] kernel:   DMA32    [mem 0x0000000001000000-0x00000000ffffffff]
[    0.008965] kernel:   Normal   [mem 0x0000000100000000-0x00000002bfffffff]
[    0.008966] kernel: Movable zone start for each node
[    0.008966] kernel: Early memory node ranges
[    0.008967] kernel:   node   0: [mem 0x0000000000001000-0x000000000009efff]
[    0.008968] kernel:   node   0: [mem 0x0000000000100000-0x00000000bffdffff]
[    0.008969] kernel:   node   0: [mem 0x0000000100000000-0x00000002bfffffff]
[    0.008970] kernel: Initmem setup node 0 [mem 0x0000000000001000-0x00000002bfffffff]
[    0.012891] kernel: On node 0, zone DMA: 1 pages in unavailable ranges
[    0.012927] kernel: On node 0, zone DMA: 97 pages in unavailable ranges
[    0.130273] kernel: On node 0, zone Normal: 32 pages in unavailable ranges
[    0.991786] kernel: kasan: KernelAddressSanitizer initialized
[    0.992583] kernel: ACPI: PM-Timer IO Port: 0x608
[    0.992616] kernel: ACPI: LAPIC_NMI (acpi_id[0xff] dfl dfl lint[0x1])
[    0.992690] kernel: IOAPIC[0]: apic_id 0, version 17, address 0xfec00000, GSI 0-23
[    0.992693] kernel: ACPI: INT_SRC_OVR (bus 0 bus_irq 0 global_irq 2 dfl dfl)
[    0.992695] kernel: ACPI: INT_SRC_OVR (bus 0 bus_irq 5 global_irq 5 high level)
[    0.992697] kernel: ACPI: INT_SRC_OVR (bus 0 bus_irq 9 global_irq 9 high level)
[    0.992698] kernel: ACPI: INT_SRC_OVR (bus 0 bus_irq 10 global_irq 10 high level)
[    0.992699] kernel: ACPI: INT_SRC_OVR (bus 0 bus_irq 11 global_irq 11 high level)
[    0.992702] kernel: ACPI: Using ACPI (MADT) for SMP configuration information
[    0.992703] kernel: ACPI: HPET id: 0x8086a201 base: 0xfed00000
[    0.992707] kernel: TSC deadline timer available
[    0.992708] kernel: smpboot: Allowing 2 CPUs, 0 hotplug CPUs
[    0.992756] kernel: kvm-guest: KVM setup pv remote TLB flush
[    0.992761] kernel: kvm-guest: setup PV sched yield
[    0.992769] kernel: PM: hibernation: Registered nosave memory: [mem 0x00000000-0x00000fff]
[    0.992771] kernel: PM: hibernation: Registered nosave memory: [mem 0x0009f000-0x0009ffff]
[    0.992772] kernel: PM: hibernation: Registered nosave memory: [mem 0x000a0000-0x000effff]
[    0.992772] kernel: PM: hibernation: Registered nosave memory: [mem 0x000f0000-0x000fffff]
[    0.992773] kernel: PM: hibernation: Registered nosave memory: [mem 0xbffe0000-0xbfffffff]
[    0.992774] kernel: PM: hibernation: Registered nosave memory: [mem 0xc0000000-0xfeffbfff]
[    0.992774] kernel: PM: hibernation: Registered nosave memory: [mem 0xfeffc000-0xfeffffff]
[    0.992775] kernel: PM: hibernation: Registered nosave memory: [mem 0xff000000-0xfffbffff]
[    0.992776] kernel: PM: hibernation: Registered nosave memory: [mem 0xfffc0000-0xffffffff]
[    0.992778] kernel: [mem 0xc0000000-0xfeffbfff] available for PCI devices
[    0.992779] kernel: Booting paravirtualized kernel on KVM
[    0.992782] kernel: clocksource: refined-jiffies: mask: 0xffffffff max_cycles: 0xffffffff, max_idle_ns: 1910969940391419 ns
[    1.000106] kernel: setup_percpu: NR_CPUS:64 nr_cpumask_bits:64 nr_cpu_ids:2 nr_node_ids:1
[    1.001685] kernel: percpu: Embedded 56 pages/cpu s191576 r8192 d29608 u1048576
[    1.001692] kernel: pcpu-alloc: s191576 r8192 d29608 u1048576 alloc=1*2097152
[    1.001695] kernel: pcpu-alloc: [0] 0 1 
[    1.001749] kernel: kvm-guest: setup async PF for cpu 0
[    1.001755] kernel: kvm-guest: stealtime: cpu 0, msr 26561f140
[    1.001760] kernel: Built 1 zonelists, mobility grouping on.  Total pages: 2580192
[    1.001761] kernel: Policy zone: Normal
[    1.001764] kernel: Kernel command line: root=/dev/sda console=ttyS0 net.ifnames=0 ip=192.168.0.37 quiet
[    1.014143] kernel: Dentry cache hash table entries: 2097152 (order: 12, 16777216 bytes, linear)
[    1.020355] kernel: Inode-cache hash table entries: 1048576 (order: 11, 8388608 bytes, linear)
[    1.020546] kernel: mem auto-init: stack:off, heap alloc:off, heap free:off
[    1.311113] kernel: Memory: 8872656K/10485240K available (14348K kernel code, 2403K rwdata, 3568K rodata, 1384K init, 1732K bss, 1612384K reserved, 0K cma-reserved)
[    1.311205] kernel: SLUB: HWalign=64, Order=0-3, MinObjects=0, CPUs=2, Nodes=1
[    1.311832] kernel: rcu: Hierarchical RCU implementation.
[    1.311833] kernel: rcu:         RCU event tracing is enabled.
[    1.311834] kernel: rcu:         RCU restricting CPUs from NR_CPUS=64 to nr_cpu_ids=2.
[    1.311837] kernel: rcu: RCU calculated value of scheduler-enlistment delay is 100 jiffies.
[    1.311838] kernel: rcu: Adjusting geometry for rcu_fanout_leaf=16, nr_cpu_ids=2
[    1.315551] kernel: NR_IRQS: 4352, nr_irqs: 440, preallocated irqs: 16
[    1.315773] kernel: random: get_random_bytes called from start_kernel+0x4b1/0x67a with crng_init=0
[    1.319907] kernel: Console: colour VGA+ 80x25
[    1.319989] kernel: printk: console [ttyS0] enabled
[    1.320008] kernel: ACPI: Core revision 20210730
[    1.320162] kernel: clocksource: hpet: mask: 0xffffffff max_cycles: 0xffffffff, max_idle_ns: 19112604467 ns
[    1.320421] kernel: APIC: Switch to symmetric I/O mode setup
[    1.320424] kernel: kvm-guest: setup P----- is restarting 0
---- dfs_name orangefs is_dfs_client 0
unlink FIFO failed: No such file or directory
[    0.000000] kernel: Linux version 5.15.0+ (tlyu@IC-RS3-DPC07) (gcc (Ubuntu 9.4.0-1ubuntu1~20.04.1) 9.4.0, GNU ld (GNU Binutils for Ubuntu) 2.34) #7 SMP Sat Feb 18 10:18:37 CET 2023
[    0.000000] kernel: Command line: root=/dev/sda console=ttyS0 net.ifnames=0 ip=192.168.0.35 quiet
[    0.000000] kernel: x86/fpu: Supporting XSAVE feature 0x001: 'x87 floating point registers'
[    0.000000] kernel: x86/fpu: Supporting XSAVE feature 0x002: 'SSE registers'
[    0.000000] kernel: x86/fpu: Supporting XSAVE feature 0x004: 'AVX registers'
[    0.000000] kernel: x86/fpu: Supporting XSAVE feature 0x020: 'AVX-512 opmask'
[    0.000000] kernel: x86/fpu: Supporting XSAVE feature 0x040: 'AVX-512 Hi256'
[    0.000000] kernel: x86/fpu: Supporting XSAVE feature 0x080: 'AVX-512 ZMM_Hi256'
[    0.000000] kernel: x86/fpu: Supporting XSAVE feature 0x200: 'Protection Keys User registers'
[    0.000000] kernel: x86/fpu: xstate_offset[2]:  576, xstate_sizes[2]:  256
[    0.000000] kernel: x86/fpu: xstate_V IPIs
[    1.321334] kernel: ..TIMER: vector=0x30 apic1=0 pin1=2 apic2=-1 pin2=-1
[    1.321354] kernel: clocksource: tsc-early: mask: 0xffffffffffffffff max_cycles: 0x2563bf907c6, max_idle_ns: 440795319401 ns
[    1.321362] kernel: Calibrating delay loop (skipped) preset value.. 5187.81 BogoMIPS (lpj=2593906)
[    1.321365] kernel: pid_max: default: 32768 minimum: 301
[    1.321400] kernel: LSM: Security Framework initializing
[    1.321414] kernel: SELinux:  Initializing.
[    1.321497] kernel: Mount-cache hash table entries: 32768 (order: 6, 262144 bytes, linear)
[    1.322024] kernel: Mountpoint-cache hash table entries: 32768 (order: 6, 262144 bytes, linear)
[    1.322557] kernel: x86/cpu: User Mode Instruction Prevention (UMIP) activated
[    1.322644] kernel: Last level iTLB entries: 4KB 0, 2MB 0, 4MB 0
[    1.322645] kernel: Last level dTLB entries: 4KB 0, 2MB 0, 4MB 0, 1GB 0
[    1.322655] kernel: Spectre V1 : Mitigation: usercopy/swapgs barriers and __user pointer sanitizatoffset[5]:  832, xstate_sizes[5]:   64
[    0.000000] kernel: x86/fpu: xstate_offset[6]:  896, xstate_sizes[6]:  512
[    0.000000] kernel: x86/fpu: xstate_offset[7]: 1408, xstate_sizes[7]: 1024
[    0.000000] kernel: x86/fpu: xstate_offset[9]: 2432, xstate_sizes[9]:    8
[    0.000000] kernel: x86/fpu: Enabled xstate features 0x2e7, context size is 2440 bytes, using 'compacted' format.
[    0.000000] kernel: signal: max sigframe size: 3632
[    0.000000] kernel: BIOS-provided physical RAM map:
[    0.000000] kernel: BIOS-e820: [mem 0x0000000000000000-0x000000000009fbff] usable
[    0.000000] kernel: BIOS-e820: [mem 0x000000000009fc00-0x000000000009ffff] reserved
[    0.000000] kernel: BIOS-e820: [mem 0x00000000000f0000-0x00000000000fffff] reserved
[    0.000000] kernel: BIOS-e820: [mem 0x0000000000100000-0x00000000bffdffff] usable
[    0.000000] kernel: BIOS-e820: [mem 0x00000000bffe0000-0x00000000bfffffff] reserved
[    0.000000] kernel: BIOS-e820: [mem 0x00000000feffc000-0x00000000ion
[    1.322659] kernel: Spectre V2 : Mitigation: Enhanced IBRS
[    1.322660] kernel: Spectre V2 : Spectre v2 / SpectreRSB mitigation: Filling RSB on context switch
[    1.322661] kernel: Spectre V2 : mitigation: Enabling conditional Indirect Branch Prediction Barrier
[    1.322663] kernel: Speculative Store Bypass: Mitigation: Speculative Store Bypass disabled via prctl and seccomp
[    1.322664] kernel: TAA: Mitigation: TSX disabled
[    1.328593] kernel: Freeing SMP alternatives memory: 40K
[    1.328765] kernel: smpboot: CPU0: Intel(R) Xeon(R) Gold 6348 CPU @ 2.60GHz (family: 0x6, model: 0x6a, stepping: 0x6)
[    1.328889] kernel: Performance Events: Icelake events, 32-deep LBR, full-width counters, Intel PMU driver.
[    1.328981] kernel: ... version:                2
[    1.328983] kernel: ... bit width:              48
[    1.328983] kernel: ... generic registers:      8
[    1.328984] kernel: ... value mask:             0000ffffffffffff
[    1.328985] kernel: ... max period[D 01/16/2023 17:42:13] PVFS2 Server version 2.9.7-orangefs-REV-65ab0d2 starting.
[E 01/16/2023 17:43:19] PVFS2 server got signal 15 (server_status_flag: 2080767)
[D 02/18/2023 14:39:31] PVFS2 Server version 2.9.7-orangefs-REV-65ab0d2 starting.
[D 02/18/2023 14:47:30] PVFS2 received server: signal 1
[E 02/18/2023 14:47:30] PVFS2 server got signal 15 (server_status_flag: 2080767)
feffffff] reserved
[    0.000000] kernel: BIOS-e820: [mem 0x00000000fffc0000-0x00000000ffffffff] reserved
[    0.000000] kernel: BIOS-e820: [mem 0x0000000100000000-0x00000002bfffffff] usable
[    0.000000] kernel: NX (Execute Disable) protection: active
[    0.000000] kernel: SMBIOS 2.8 present.
[    0.000000] kernel: DMI: QEMU Standard PC (i440FX + PIIX, 1996), BIOS 1.13.0-1ubuntu1.1 04/01/2014
[    0.000000] kernel: Hypervisor detected: KVM
[    0.000000] kernel: kvm-clock: Using msrs 4b564d01 and 4b564d00
[    0.000000] kernel: kvm-clock: cpu 0, msr 25da6e001, primary cpu clock
[    0.000001] kernel: kvm-clock: using sched offset of 476251000 cycles
[    0.000003] kernel: clocksource: kvm-clock: mask: 0xffffffffffffffff max_cycles: 0x1cd42e4dffb, max_idle_ns: 881590591483 ns
[    0.000005] kernel: tsc: Detected 2593.906 MHz processor
[    0.000425] kernel: e820: update [mem 0x00000000-0x00000fff] usable ==> reserved
[    0.000427] kernel: e820: remove [mem 0x000a0000-0x000fffff] us:             00007fffffffffff
[    1.328986] kernel: ... fixed-purpose events:   3
[    1.328987] kernel: ... event mask:             00000007000000ff
[    1.329417] kernel: rcu: Hierarchical SRCU implementation.
[    1.329773] kernel: smp: Bringing up secondary CPUs ...
[    1.329889] kernel: x86: Booting SMP configuration:
[    1.329890] kernel: .... node  #0, CPUs:      #1
[    0.005617] kernel: kvm-clock: cpu 1, msr 12be6e041, secondary cpu clock
[    0.005617] kernel: smpboot: CPU 1 Converting physical 0 to logical die 1
[    1.344401] kernel: kvm-guest: setup async PF for cpu 1
[    1.344401] kernel: kvm-guest: stealtime: cpu 1, msr 26571f140
[    1.344411] kernel: smp: Brought up 1 node, 2 CPUs
[    1.344414] kernel: smpboot: Max logical packages: 2
[    1.344415] kernel: smpboot: Total of 2 processors activated (10375.62 BogoMIPS)
[    1.345081] kernel: devtmpfs: initialized
[    1.347402] kernel: clocksource: jiffies: mask: 0xffffffff max_cycles: 0xffffffff, max_idle_ns: 1911260446275000 ns
[    1.347408] kernel: futex hash table entries: 512 (order: 3, 32768 bytes, linear)
[    1.347596] kernel: PM: RTC time: 04:50:42, date: 2023-03-09
[    1.347777] kernel: NET: Registered PF_NETLINK/PF_ROUTE protocol family
[    1.347966] kernel: audit: initializing netlink subsys (disabled)
[    1.348593] kernel: thermal_sys: Registered thermal governor 'step_wise'
[    1.348594] kernel: thermal_sys: Registered thermal governor 'user_space'
[    1.348628] kernel: audit: type=2000 audit(1678337442.871:1): state=initialized audit_enabled=0 res=1
[    1.348631] kernel: cpuidle: using governor menu
[    1.348631] kernel: ACPI: bus type PCI registered
[    1.348698] kernel: PCI: Using configuration type 1 for base access
[    1.355775] kernel: Kprobes globally optimized
[    1.356426] kernel: HugeTLB registered 2.00 MiB page size, pre-allocated 0 pages
[    1.356426] kernel: cryptomgr_test (26) used greatest stack depth: 31400 bytes left
[    1.357439] kernel: ACPI: Addedexecutor 0 finishes userspace_cover_open
before receiving handshake request
able
[    0.000430] kernel: last_pfn = 0x2c0000 max_arch_pfn = 0x10000000000
[    0.000477] kernel: x86/PAT: Configuration [0-7]: WB  WC  UC- UC  WB  WP  UC- WT  
[    0.000483] kernel: last_pfn = 0xbffe0 max_arch_pfn = 0x10000000000
[    0.004767] kernel: found SMP MP-table at [mem 0x000f5c80-0x000f5c8f]
[    0.004788] kernel: Using GB pages for direct mapping
[    0.004900] kernel: ACPI: Early table checksum verification disabled
[    0.004903] kernel: ACPI: RSDP 0x00000000000F5A50 000014 (v00 BOCHS )
[    0.004911] kernel: ACPI: RSDT 0x00000000BFFE15C9 000030 (v01 BOCHS  BXPCRSDT 00000001 BXPC 00000001)
[    0.004917] kernel: ACPI: FACP 0x00000000BFFE149D 000074 (v01 BOCHS  BXPCFACP 00000001 BXPC 00000001)
[    0.004922] kernel: ACPI: DSDT 0x00000000BFFE0040 00145D (v01 BOCHS  BXPCDSDT 00000001 BXPC 00000001)
[    0.004924] kernel: ACPI: FACS 0x00000000BFFE0000 000040
[    0.004926] kernel: ACPI: APIC 0x00000000BFFE1511 000080 (v01 BOCHS  BXPCAPIC 00000001 BXPC 00000001)
[    0.004 _OSI(Module Device)
[    1.357439] kernel: ACPI: Added _OSI(Processor Device)
[    1.357439] kernel: ACPI: Added _OSI(3.0 _SCP Extensions)
[    1.357439] kernel: ACPI: Added _OSI(Processor Aggregator Device)
[    1.357439] kernel: ACPI: Added _OSI(Linux-Dell-Video)
[    1.357439] kernel: ACPI: Added _OSI(Linux-Lenovo-NV-HDMI-Audio)
[    1.357439] kernel: ACPI: Added _OSI(Linux-HPI-Hybrid-Graphics)
[    1.364330] kernel: ACPI: 1 ACPI AML tables successfully acquired and loaded
[    1.367046] kernel: ACPI: Interpreter enabled
[    1.367079] kernel: ACPI: PM: (supports S0 S3 S4 S5)
[    1.367081] kernel: ACPI: Using IOAPIC for interrupt routing
[    1.367112] kernel: PCI: Using host bridge windows from ACPI; if necessary, use "pci=nocrs" and report a bug
[    1.367475] kernel: ACPI: Enabled 2 GPEs in block 00 to 0F
[    1.378150] kernel: ACPI: PCI Root Bridge [PCI0] (domain 0000 [bus 00-ff])
[    1.378163] kernel: acpi PNP0A03:00: _OSC: OS supports [ASPM ClockPM Segments MSI HPX-Type3]
928] kernel: ACPI: HPET 0x00000000BFFE1591 000038 (v01 BOCHS  BXPCHPET 00000001 BXPC 00000001)
[    0.004930] kernel: ACPI: Reserving FACP table memory at [mem 0xbffe149d-0xbffe1510]
[    0.004931] kernel: ACPI: Reserving DSDT table memory at [mem 0xbffe0040-0xbffe149c]
[    0.004932] kernel: ACPI: Reserving FACS table memory at [mem 0xbffe0000-0xbffe003f]
[    0.004932] kernel: ACPI: Reserving APIC table memory at [mem 0xbffe1511-0xbffe1590]
[    0.004933] kernel: ACPI: Reserving HPET table memory at [mem 0xbffe1591-0xbffe15c8]
[    0.005180] kernel: No NUMA configuration found
[    0.005181] kernel: Faking a node at [mem 0x0000000000000000-0x00000002bfffffff]
[    0.005183] kernel: NODE_DATA(0) allocated [mem 0x2bfffc000-0x2bfffffff]
[    0.005860] kernel: Zone ranges:
[    0.005861] kernel:   DMA      [mem 0x0000000000001000-0x0000000000ffffff]
[    0.005863] kernel:   DMA32    [mem 0x0000000001000000-0x00000000ffffffff]
[    0.005865] kernel:   Normal   [mem 0x0000000100000000-0x00000002bfffffff]
[    0.005866] kernel: Movable zone start for each node
[    0.005866] kernel: Early memory node ranges
[    0.005867] kernel:   node   0: [mem 0x0000000000001000-0x000000000009efff]
[    0.005868] kernel:   node   0: [mem 0x0000000000100000-0x00000000bffdffff]
[    0.005869] kernel:   node   0: [mem 0x0000000100000000-0x00000002bfffffff]
[    0.005870] kernel: Initmem setup node 0 [mem 0x0000000000001000-0x00000002bfffffff]
[    0.008647] kernel: On node 0, zone DMA: 1 pages in unavailable ranges
[    0.008658] kernel: On node 0, zone DMA: 97 pages in unavailable ranges
[    0.070057] kernel: On node 0, zone Normal: 32 pages in unavailable ranges
[    0.583422] kernel: kasan: KernelAddressSanitizer initialized
[    0.583759] kernel: ACPI: PM-Timer IO Port: 0x608
[    0.583767] kernel: ACPI: LAPIC_NMI (acpi_id[0xff] dfl dfl lint[0x1])
[    0.583807] kernel: IOAPIC[0]: apic_id 0, version 17, address 0xfec00000, GSI 0-23
[    0.583809] kernel: ACPI: INT_SRC_OVR (bus 0 b[    1.378209] kernel: acpi PNP0A03:00: fail to add MMCONFIG information, can't access extended PCI configuration space under this bridge.
[    1.378322] kernel: PCI host bridge to bus 0000:00
[    1.378325] kernel: pci_bus 0000:00: root bus resource [io  0x0000-0x0cf7 window]
[    1.378328] kernel: pci_bus 0000:00: root bus resource [io  0x0d00-0xffff window]
[    1.378330] kernel: pci_bus 0000:00: root bus resource [mem 0x000a0000-0x000bffff window]
[    1.378332] kernel: pci_bus 0000:00: root bus resource [mem 0xc0000000-0xfebfffff window]
[    1.378334] kernel: pci_bus 0000:00: root bus resource [mem 0x2c0000000-0x33fffffff window]
[    1.378336] kernel: pci_bus 0000:00: root bus resource [bus 00-ff]
[    1.378824] kernel: pci 0000:00:00.0: [8086:1237] type 00 class 0x060000
[    1.379776] kernel: pci 0000:00:01.0: [8086:7000] type 00 class 0x060100
[    1.380579] kernel: pci 0000:00:01.1: [8086:7010] type 00 class 0x010180
[    1.383133] kernel: pci 0000:00:01.1: reg 0x20: [io  0us_irq 0 global_irq 2 dfl dfl)
[    0.583811] kernel: ACPI: INT_SRC_OVR (bus 0 bus_irq 5 global_irq 5 high level)
[    0.583813] kernel: ACPI: INT_SRC_OVR (bus 0 bus_irq 9 global_irq 9 high level)
[    0.583814] kernel: ACPI: INT_SRC_OVR (bus 0 bus_irq 10 global_irq 10 high level)
[    0.583815] kernel: ACPI: INT_SRC_OVR (bus 0 bus_irq 11 global_irq 11 high level)
[    0.583817] kernel: ACPI: Using ACPI (MADT) for SMP configuration information
[    0.583819] kernel: ACPI: HPET id: 0x8086a201 base: 0xfed00000
[    0.583822] kernel: TSC deadline timer available
[    0.583823] kernel: smpboot: Allowing 2 CPUs, 0 hotplug CPUs
[    0.583845] kernel: kvm-guest: KVM setup pv remote TLB flush
[    0.583849] kernel: kvm-guest: setup PV sched yield
[    0.583856] kernel: PM: hibernation: Registered nosave memory: [mem 0x00000000-0x00000fff]
[    0.583858] kernel: PM: hibernation: Registered nosave memory: [mem 0x0009f000-0x0009ffff]
[    0.583859] kernel: PM: hibernation: Registered nosave memory: [mem 0x000a0000-0x000effff]
[    0.583859] kernel: PM: hibernation: Registered nosave memory: [mem 0x000f0000-0x000fffff]
[    0.583860] kernel: PM: hibernation: Registered nosave memory: [mem 0xbffe0000-0xbfffffff]
[    0.583861] kernel: PM: hibernation: Registered nosave memory: [mem 0xc0000000-0xfeffbfff]
[    0.583862] kernel: PM: hibernation: Registered nosave memory: [mem 0xfeffc000-0xfeffffff]
[    0.583862] kernel: PM: hibernation: Registered nosave memory: [mem 0xff000000-0xfffbffff]
[    0.583863] kernel: PM: hibernation: Registered nosave memory: [mem 0xfffc0000-0xffffffff]
[    0.583865] kernel: [mem 0xc0000000-0xfeffbfff] available for PCI devices
[    0.583866] kernel: Booting paravirtualized kernel on KVM
[    0.583868] kernel: clocksource: refined-jiffies: mask: 0xffffffff max_cycles: 0xffffffff, max_idle_ns: 1910969940391419 ns
[    0.587843] kernel: setup_percpu: NR_CPUS:64 nr_cpumask_bits:64 nr_cpu_ids:2 nr_node_ids:1
[    0.588628] kernel: percpu: Embedded 56 pages/cpu s191576 r8192 d29608 u1048576
[    0.588634] kernel: pcpu-alloc: s191576 r8192 d29608 u1048576 alloc=1*2097152
[    0.588636] kernel: pcpu-alloc: [0] 0 1 
[    0.588661] kernel: kvm-guest: setup async PF for cpu 0
[    0.588667] kernel: kvm-guest: stealtime: cpu 0, msr 26561f140
[    0.588671] kernel: Built 1 zonelists, mobility grouping on.  Total pages: 2580192
[    0.588672] kernel: Policy zone: Normal
[    0.588674] kernel: Kernel command line: root=/dev/sda console=ttyS0 net.ifnames=0 ip=192.168.0.35 quiet
[    0.594881] kernel: Dentry cache hash table entries: 2097152 (order: 12, 16777216 bytes, linear)
[    0.598077] kernel: Inode-cache hash table entries: 1048576 (order: 11, 8388608 bytes, linear)
[    0.598133] kernel: mem auto-init: stack:off, heap alloc:off, heap free:off
[    0.848802] kernel: Memory: 8872652K/10485240K available (14348K kernel code, 2403K rwdata, 3568K rodata, 1384K init, 1732K bss, 1612388K reserved, 0K cma-reserved)
[    0.848887] kernel: SLUB:xc040-0xc04f]
[    1.384137] kernel: pci 0000:00:01.1: legacy IDE quirk: reg 0x10: [io  0x01f0-0x01f7]
[    1.384141] kernel: pci 0000:00:01.1: legacy IDE quirk: reg 0x14: [io  0x03f6]
[    1.384142] kernel: pci 0000:00:01.1: legacy IDE quirk: reg 0x18: [io  0x0170-0x0177]
[    1.384143] kernel: pci 0000:00:01.1: legacy IDE quirk: reg 0x1c: [io  0x0376]
[    1.385560] kernel: pci 0000:00:01.3: [8086:7113] type 00 class 0x068000
[    1.385850] kernel: pci 0000:00:01.3: quirk: [io  0x0600-0x063f] claimed by PIIX4 ACPI
[    1.385857] kernel: pci 0000:00:01.3: quirk: [io  0x0700-0x070f] claimed by PIIX4 SMB
[    1.386702] kernel: pci 0000:00:02.0: [1234:1111] type 00 class 0x030000
[    1.387803] kernel: pci 0000:00:02.0: reg 0x10: [mem 0xfd000000-0xfdffffff pref]
[    1.389364] kernel: pci 0000:00:02.0: reg 0x18: [mem 0xfeb90000-0xfeb90fff]
[    1.392900] kernel: pci 0000:00:02.0: reg 0x30: [mem 0xfeb80000-0xfeb8ffff pref]
[    1.393859] kernel: pci 0000:00:03.0: [1af4:1005] type 00 clas HWalign=64, Order=0-3, MinObjects=0, CPUs=2, Nodes=1
[    0.849573] kernel: rcu: Hierarchical RCU implementation.
[    0.849574] kernel: rcu:         RCU event tracing is enabled.
[    0.849575] kernel: rcu:         RCU restricting CPUs from NR_CPUS=64 to nr_cpu_ids=2.
[    0.849578] kernel: rcu: RCU calculated value of scheduler-enlistment delay is 100 jiffies.
[    0.849579] kernel: rcu: Adjusting geometry for rcu_fanout_leaf=16, nr_cpu_ids=2
[    0.852237] kernel: NR_IRQS: 4352, nr_irqs: 440, preallocated irqs: 16
[    0.852450] kernel: random: get_random_bytes called from start_kernel+0x4b1/0x67a with crng_init=0
[    0.856380] kernel: Console: colour VGA+ 80x25
[    0.856428] kernel: printk: console [ttyS0] enabled
[    0.856447] kernel: ACPI: Core revision 20210730
[    0.856588] kernel: clocksource: hpet: mask: 0xffffffff max_cycles: 0xffffffff, max_idle_ns: 19112604467 ns
[    0.856718] kernel: APIC: Switch to symmetric I/O mode setup
[    0.856721] kernel: kvm-guest: setup Ps 0x00ff00
[    1.394651] kernel: pci 0000:00:03.0: reg 0x10: [io  0xc000-0xc01f]
[    1.396779] kernel: pci 0000:00:03.0: reg 0x20: [mem 0xfe200000-0xfe203fff 64bit pref]
[    1.398542] kernel: pci 0000:00:04.0: [1af4:1000] type 00 class 0x020000
[    1.399362] kernel: pci 0000:00:04.0: reg 0x10: [io  0xc020-0xc03f]
[    1.400361] kernel: pci 0000:00:04.0: reg 0x14: [mem 0xfeb91000-0xfeb91fff]
[    1.403315] kernel: pci 0000:00:04.0: reg 0x20: [mem 0xfe204000-0xfe207fff 64bit pref]
[    1.403798] kernel: pci 0000:00:04.0: reg 0x30: [mem 0xfeb00000-0xfeb7ffff pref]
[    1.404969] kernel: pci 0000:00:10.0: [1af4:1110] type 00 class 0x050000
[    1.405821] kernel: pci 0000:00:10.0: reg 0x10: [mem 0xfeb92000-0xfeb920ff]
[    1.407147] kernel: pci 0000:00:10.0: reg 0x18: [mem 0xfe000000-0xfe0fffff 64bit pref]
[    1.410143] kernel: pci 0000:00:11.0: [1af4:1110] type 00 class 0x050000
[    1.410653] kernel: pci 0000:00:11.0: reg 0x10: [mem 0xfeb93000-0xfeb930ff]
[    1.412199] kernel: pci V IPIs
[    0.857587] kernel: ..TIMER: vector=0x30 apic1=0 pin1=2 apic2=-1 pin2=-1
[    0.857607] kernel: clocksource: tsc-early: mask: 0xffffffffffffffff max_cycles: 0x2563bf907c6, max_idle_ns: 440795319401 ns
[    0.857614] kernel: Calibrating delay loop (skipped) preset value.. 5187.81 BogoMIPS (lpj=2593906)
[    0.857616] kernel: pid_max: default: 32768 minimum: 301
[    0.858612] kernel: LSM: Security Framework initializing
[    0.858626] kernel: SELinux:  Initializing.
[    0.858717] kernel: Mount-cache hash table entries: 32768 (order: 6, 262144 bytes, linear)
[    0.859298] kernel: Mountpoint-cache hash table entries: 32768 (order: 6, 262144 bytes, linear)
[    0.859747] kernel: x86/cpu: User Mode Instruction Prevention (UMIP) activated
[    0.859832] kernel: Last level iTLB entries: 4KB 0, 2MB 0, 4MB 0
[    0.859833] kernel: Last level dTLB entries: 4KB 0, 2MB 0, 4MB 0, 1GB 0
[    0.859844] kernel: Spectre V1 : Mitigation: usercopy/swapgs barriers and __user pointer sanitizat0000:00:11.0: reg 0x18: [mem 0xfe208000-0xfe2083ff 64bit pref]
[    1.414514] kernel: pci 0000:00:12.0: [1af4:1110] type 00 class 0x050000
[    1.415363] kernel: pci 0000:00:12.0: reg 0x10: [mem 0xfeb94000-0xfeb940ff]
[    1.416763] kernel: pci 0000:00:12.0: reg 0x18: [mem 0xfe100000-0xfe1fffff 64bit pref]
[    1.421343] kernel: ACPI: PCI: Interrupt link LNKA configured for IRQ 10
[    1.421720] kernel: ACPI: PCI: Interrupt link LNKB configured for IRQ 10
[    1.422039] kernel: ACPI: PCI: Interrupt link LNKC configured for IRQ 11
[    1.422396] kernel: ACPI: PCI: Interrupt link LNKD configured for IRQ 11
[    1.422526] kernel: ACPI: PCI: Interrupt link LNKS configured for IRQ 9
[    1.423174] kernel: iommu: Default domain type: Translated 
[    1.423175] kernel: iommu: DMA domain TLB invalidation policy: lazy mode 
[    1.423293] kernel: pci 0000:00:02.0: vgaarb: setting as boot VGA device
[    1.423295] kernel: pci 0000:00:02.0: vgaarb: VGA device added: decodes=io+mem,owns=io+mem,loion
[    0.859848] kernel: Spectre V2 : Mitigation: Enhanced IBRS
[    0.859849] kernel: Spectre V2 : Spectre v2 / SpectreRSB mitigation: Filling RSB on context switch
[    0.859851] kernel: Spectre V2 : mitigation: Enabling conditional Indirect Branch Prediction Barrier
[    0.859852] kernel: Speculative Store Bypass: Mitigation: Speculative Store Bypass disabled via prctl and seccomp
[    0.859853] kernel: TAA: Mitigation: TSX disabled
[    0.865871] kernel: Freeing SMP alternatives memory: 40K
[    0.866031] kernel: smpboot: CPU0: Intel(R) Xeon(R) Gold 6348 CPU @ 2.60GHz (family: 0x6, model: 0x6a, stepping: 0x6)
[    0.866167] kernel: Performance Events: Icelake events, 32-deep LBR, full-width counters, Intel PMU driver.
[    0.866671] kernel: ... version:                2
[    0.866673] kernel: ... bit width:              48
[    0.866674] kernel: ... generic registers:      8
[    0.866675] kernel: ... value mask:             0000ffffffffffff
[    0.866676] kernel: ... max periodcks=none
[    1.423297] kernel: pci 0000:00:02.0: vgaarb: bridge control possible
[    1.423298] kernel: vgaarb: loaded
[    1.423520] kernel: SCSI subsystem initialized
[    1.424410] kernel: libata version 3.00 loaded.
[    1.424505] kernel: ACPI: bus type USB registered
[    1.424553] kernel: usbcore: registered new interface driver usbfs
[    1.424575] kernel: usbcore: registered new interface driver hub
[    1.424591] kernel: usbcore: registered new device driver usb
[    1.424638] kernel: pps_core: LinuxPPS API ver. 1 registered
[    1.424639] kernel: pps_core: Software ver. 5.3.6 - Copyright 2005-2007 Rodolfo Giometti <giometti@linux.it>
[    1.424651] kernel: PTP clock support registered
[    1.424726] kernel: Advanced Linux Sound Architecture Driver Initialized.
[    1.424752] kernel: NetLabel: Initializing
[    1.424752] kernel: NetLabel:  domain hash size = 128
[    1.424753] kernel: NetLabel:  protocols = UNLABELED CIPSOv4 CALIPSO
[    1.424788] kernel: NetLabel:  unlabele:             00007fffffffffff
[    0.866676] kernel: ... fixed-purpose events:   3
[    0.866677] kernel: ... event mask:             00000007000000ff
[    0.866856] kernel: rcu: Hierarchical SRCU implementation.
[    0.867228] kernel: smp: Bringing up secondary CPUs ...
[    0.867366] kernel: x86: Booting SMP configuration:
[    0.867366] kernel: .... node  #0, CPUs:      #1
[    0.005192] kernel: kvm-clock: cpu 1, msr 25da6e041, secondary cpu clock
[    0.005192] kernel: smpboot: CPU 1 Converting physical 0 to logical die 1
[    0.868690] kernel: kvm-guest: setup async PF for cpu 1
[    0.868699] kernel: kvm-guest: stealtime: cpu 1, msr 26571f140
[    0.868711] kernel: smp: Brought up 1 node, 2 CPUs
[    0.868711] kernel: smpboot: Max logical packages: 2
[    0.868711] kernel: smpboot: Total of 2 processors activated (10375.62 BogoMIPS)
[    0.869189] kernel: devtmpfs: initialized
[    0.870792] kernel: clocksource: jiffies: mask: 0xffffffff max_cycles: 0xffffffff, max_idle_ns: 191----- is restarting 0
---- dfs_name orangefs is_dfs_client 0
unlink FIFO failed: No such file or directory
[    0.000000] kernel: Linux version 5.15.0+ (tlyu@IC-RS3-DPC07) (gcc (Ubuntu 9.4.0-1ubuntu1~20.04.1) 9.4.0, GNU ld (GNU Binutils for Ubuntu) 2.34) #7 SMP Sat Feb 18 10:18:37 CET 2023
[    0.000000] kernel: Command line: root=/dev/sda console=ttyS0 net.ifnames=0 ip=192.168.0.36 quiet
[    0.000000] kernel: x86/fpu: Supporting XSAVE feature 0x001: 'x87 floating point registers'
[    0.000000] kernel: x86/fpu: Supporting XSAVE feature 0x002: 'SSE registers'
[    0.000000] kernel: x86/fpu: Supporting XSAVE feature 0x004: 'AVX registers'
[    0.000000] kernel: x86/fpu: Supporting XSAVE feature 0x020: 'AVX-512 opmask'
[    0.000000] kernel: x86/fpu: Supporting XSAVE feature 0x040: 'AVX-512 Hi256'
[    0.000000] kernel: x86/fpu: Supporting XSAVE feature 0x080: 'AVX-512 ZMM_Hi256'
[    0.000000] kernel: x86/fpu: Supporting XSAVE feature 0x200: 'Protection Keys User registers'
[    0.000000] kernel: x86/fpu: xstate_offset[2]:  576, xstate_sizes[2]:  256
[    0.000000] kernel: x86/fpu: xstate_d traffic allowed by default
[    1.424815] kernel: PCI: Using ACPI for IRQ routing
[    1.424815] kernel: PCI: pci_cache_line_size set to 64 bytes
[    1.425457] kernel: e820: reserve RAM buffer [mem 0x0009fc00-0x0009ffff]
[    1.425463] kernel: e820: reserve RAM buffer [mem 0xbffe0000-0xbfffffff]
[    1.425526] kernel: hpet0: at MMIO 0xfed00000, IRQs 2, 8, 0
[    1.425530] kernel: hpet0: 3 comparators, 64-bit 100.000000 MHz counter
[    1.429384] kernel: clocksource: Switched to clocksource kvm-clock
[    1.460760] kernel: VFS: Disk quotas dquot_6.6.0
[    1.460798] kernel: VFS: Dquot-cache hash table entries: 512 (order 0, 4096 bytes)
[    1.460933] kernel: pnp: PnP ACPI init
[    1.461238] kernel: pnp 00:03: [dma 2]
[    1.462243] kernel: pnp: PnP ACPI: found 6 devices
[    1.477189] kernel: clocksource: acpi_pm: mask: 0xffffff max_cycles: 0xffffff, max_idle_ns: 2085701024 ns
[    1.477256] kernel: NET: Registered PF_INET protocol family
[    1.478213] kernel: IP idents hash table1260446275000 ns
[    0.870800] kernel: futex hash table entries: 512 (order: 3, 32768 bytes, linear)
[    0.871009] kernel: PM: RTC time: 04:50:42, date: 2023-03-09
[    0.871232] kernel: NET: Registered PF_NETLINK/PF_ROUTE protocol family
[    0.871418] kernel: audit: initializing netlink subsys (disabled)
[    0.871721] kernel: thermal_sys: Registered thermal governor 'step_wise'
[    0.871722] kernel: thermal_sys: Registered thermal governor 'user_space'
[    0.871756] kernel: audit: type=2000 audit(1678337442.165:1): state=initialized audit_enabled=0 res=1
[    0.871758] kernel: cpuidle: using governor menu
[    0.871772] kernel: ACPI: bus type PCI registered
[    0.871963] kernel: PCI: Using configuration type 1 for base access
[    0.879819] kernel: Kprobes globally optimized
[    0.880723] kernel: HugeTLB registered 2.00 MiB page size, pre-allocated 0 pages
[    0.880723] kernel: cryptomgr_test (26) used greatest stack depth: 31400 bytes left
[    0.881681] kernel: ACPI: Added[D 01/16/2023 17:42:13] PVFS2 Server version 2.9.7-orangefs-REV-65ab0d2 starting.
[E 01/16/2023 17:43:19] PVFS2 server got signal 15 (server_status_flag: 2080767)
[D 02/18/2023 14:39:31] PVFS2 Server version 2.9.7-orangefs-REV-65ab0d2 starting.
[D 02/18/2023 14:47:30] PVFS2 received server: signal 1
[E 02/18/2023 14:47:30] PVFS2 server got signal 15 (server_status_flag: 2080767)
offset[5]:  832, xstate_sizes[5]:   64
[    0.000000] kernel: x86/fpu: xstate_offset[6]:  896, xstate_sizes[6]:  512
[    0.000000] kernel: x86/fpu: xstate_offset[7]: 1408, xstate_sizes[7]: 1024
[    0.000000] kernel: x86/fpu: xstate_offset[9]: 2432, xstate_sizes[9]:    8
[    0.000000] kernel: x86/fpu: Enabled xstate features 0x2e7, context size is 2440 bytes, using 'compacted' format.
[    0.000000] kernel: signal: max sigframe size: 3632
[    0.000000] kernel: BIOS-provided physical RAM map:
[    0.000000] kernel: BIOS-e820: [mem 0x0000000000000000-0x000000000009fbff] usable
[    0.000000] kernel: BIOS-e820: [mem 0x000000000009fc00-0x000000000009ffff] reserved
[    0.000000] kernel: BIOS-e820: [mem 0x00000000000f0000-0x00000000000fffff] reserved
[    0.000000] kernel: BIOS-e820: [mem 0x0000000000100000-0x00000000bffdffff] usable
[    0.000000] kernel: BIOS-e820: [mem 0x00000000bffe0000-0x00000000bfffffff] reserved
[    0.000000] kernel: BIOS-e820: [mem 0x00000000feffc000-0x00000000 entries: 262144 (order: 9, 2097152 bytes, linear)
[    1.492572] kernel: tcp_listen_portaddr_hash hash table entries: 8192 (order: 5, 131072 bytes, linear)
[    1.493311] kernel: TCP established hash table entries: 131072 (order: 8, 1048576 bytes, linear)
[    1.493516] kernel: TCP bind hash table entries: 65536 (order: 8, 1048576 bytes, linear)
[    1.494251] kernel: TCP: Hash tables configured (established 131072 bind 65536)
[    1.494334] kernel: UDP hash table entries: 8192 (order: 6, 262144 bytes, linear)
[    1.494398] kernel: UDP-Lite hash table entries: 8192 (order: 6, 262144 bytes, linear)
[    1.494536] kernel: NET: Registered PF_UNIX/PF_LOCAL protocol family
[    1.494904] kernel: pci_bus 0000:00: resource 4 [io  0x0000-0x0cf7 window]
[    1.494907] kernel: pci_bus 0000:00: resource 5 [io  0x0d00-0xffff window]
[    1.494908] kernel: pci_bus 0000:00: resource 6 [mem 0x000a0000-0x000bffff window]
[    1.494910] kernel: pci_bus 0000:00: resource 7 [mem 0xc0000000-0xfebfffff  _OSI(Module Device)
[    0.881681] kernel: ACPI: Added _OSI(Processor Device)
[    0.881681] kernel: ACPI: Added _OSI(3.0 _SCP Extensions)
[    0.881681] kernel: ACPI: Added _OSI(Processor Aggregator Device)
[    0.881681] kernel: ACPI: Added _OSI(Linux-Dell-Video)
[    0.881681] kernel: ACPI: Added _OSI(Linux-Lenovo-NV-HDMI-Audio)
[    0.881684] kernel: ACPI: Added _OSI(Linux-HPI-Hybrid-Graphics)
[    0.887763] kernel: ACPI: 1 ACPI AML tables successfully acquired and loaded
[    0.891133] kernel: ACPI: Interpreter enabled
[    0.891167] kernel: ACPI: PM: (supports S0 S3 S4 S5)
[    0.891169] kernel: ACPI: Using IOAPIC for interrupt routing
[    0.891211] kernel: PCI: Using host bridge windows from ACPI; if necessary, use "pci=nocrs" and report a bug
[    0.891599] kernel: ACPI: Enabled 2 GPEs in block 00 to 0F
[    0.903436] kernel: ACPI: PCI Root Bridge [PCI0] (domain 0000 [bus 00-ff])
[    0.903451] kernel: acpi PNP0A03:00: _OSC: OS supports [ASPM ClockPM Segments MSI HPX-Type3]
executor 1 finishes userspace_cover_open
before receiving handshake request
req.flags ea2
feffffff] reserved
[    0.000000] kernel: BIOS-e820: [mem 0x00000000fffc0000-0x00000000ffffffff] reserved
[    0.000000] kernel: BIOS-e820: [mem 0x0000000100000000-0x00000002bfffffff] usable
[    0.000000] kernel: NX (Execute Disable) protection: active
[    0.000000] kernel: SMBIOS 2.8 present.
[    0.000000] kernel: DMI: QEMU Standard PC (i440FX + PIIX, 1996), BIOS 1.13.0-1ubuntu1.1 04/01/2014
[    0.000000] kernel: Hypervisor detected: KVM
[    0.000000] kernel: kvm-clock: Using msrs 4b564d01 and 4b564d00
[    0.000000] kernel: kvm-clock: cpu 0, msr 10c46e001, primary cpu clock
[    0.000001] kernel: kvm-clock: using sched offset of 555535605 cycles
[    0.000002] kernel: clocksource: kvm-clock: mask: 0xffffffffffffffff max_cycles: 0x1cd42e4dffb, max_idle_ns: 881590591483 ns
[    0.000004] kernel: tsc: Detected 2593.906 MHz processor
[    0.000439] kernel: e820: update [mem 0x00000000-0x00000fff] usable ==> reserved
[    0.000442] kernel: e820: remove [mem 0x000a0000-0x000fffff] us[    0.903500] kernel: acpi PNP0A03:00: fail to add MMCONFIG information, can't access extended PCI configuration space under this bridge.
[    0.903630] kernel: PCI host bridge to bus 0000:00
[    0.903633] kernel: pci_bus 0000:00: root bus resource [io  0x0000-0x0cf7 window]
[    0.903636] kernel: pci_bus 0000:00: root bus resource [io  0x0d00-0xffff window]
[    0.903638] kernel: pci_bus 0000:00: root bus resource [mem 0x000a0000-0x000bffff window]
[    0.903640] kernel: pci_bus 0000:00: root bus resource [mem 0xc0000000-0xfebfffff window]
[    0.903642] kernel: pci_bus 0000:00: root bus resource [mem 0x2c0000000-0x33fffffff window]
[    0.903644] kernel: pci_bus 0000:00: root bus resource [bus 00-ff]
[    0.904130] kernel: pci 0000:00:00.0: [8086:1237] type 00 class 0x060000
[    0.905243] kernel: pci 0000:00:01.0: [8086:7000] type 00 class 0x060100
[    0.906091] kernel: pci 0000:00:01.1: [8086:7010] type 00 class 0x010180
[    0.908217] kernel: pci 0000:00:01.1: reg 0x20: [io  0able
[    0.000445] kernel: last_pfn = 0x2c0000 max_arch_pfn = 0x10000000000
[    0.000493] kernel: x86/PAT: Configuration [0-7]: WB  WC  UC- UC  WB  WP  UC- WT  
[    0.000498] kernel: last_pfn = 0xbffe0 max_arch_pfn = 0x10000000000
[    0.020767] kernel: found SMP MP-table at [mem 0x000f5c80-0x000f5c8f]
[    0.020798] kernel: Using GB pages for direct mapping
[    0.020906] kernel: ACPI: Early table checksum verification disabled
[    0.020909] kernel: ACPI: RSDP 0x00000000000F5A50 000014 (v00 BOCHS )
[    0.020919] kernel: ACPI: RSDT 0x00000000BFFE15C9 000030 (v01 BOCHS  BXPCRSDT 00000001 BXPC 00000001)
[    0.020924] kernel: ACPI: FACP 0x00000000BFFE149D 000074 (v01 BOCHS  BXPCFACP 00000001 BXPC 00000001)
[    0.020929] kernel: ACPI: DSDT 0x00000000BFFE0040 00145D (v01 BOCHS  BXPCDSDT 00000001 BXPC 00000001)
[    0.020931] kernel: ACPI: FACS 0x00000000BFFE0000 000040
[    0.020934] kernel: ACPI: APIC 0x00000000BFFE1511 000080 (v01 BOCHS  BXPCAPIC 00000001 BXPC 00000001)
[    0.020xc040-0xc04f]
[    0.909076] kernel: pci 0000:00:01.1: legacy IDE quirk: reg 0x10: [io  0x01f0-0x01f7]
[    0.909079] kernel: pci 0000:00:01.1: legacy IDE quirk: reg 0x14: [io  0x03f6]
[    0.909081] kernel: pci 0000:00:01.1: legacy IDE quirk: reg 0x18: [io  0x0170-0x0177]
[    0.909082] kernel: pci 0000:00:01.1: legacy IDE quirk: reg 0x1c: [io  0x0376]
[    0.909986] kernel: pci 0000:00:01.3: [8086:7113] type 00 class 0x068000
[    0.910258] kernel: pci 0000:00:01.3: quirk: [io  0x0600-0x063f] claimed by PIIX4 ACPI
[    0.910265] kernel: pci 0000:00:01.3: quirk: [io  0x0700-0x070f] claimed by PIIX4 SMB
[    0.911084] kernel: pci 0000:00:02.0: [1234:1111] type 00 class 0x030000
[    0.912192] kernel: pci 0000:00:02.0: reg 0x10: [mem 0xfd000000-0xfdffffff pref]
[    0.914104] kernel: pci 0000:00:02.0: reg 0x18: [mem 0xfeb90000-0xfeb90fff]
[    0.920084] kernel: pci 0000:00:02.0: reg 0x30: [mem 0xfeb80000-0xfeb8ffff pref]
[    0.921068] kernel: pci 0000:00:03.0: [1af4:1005] type 00 clas936] kernel: ACPI: HPET 0x00000000BFFE1591 000038 (v01 BOCHS  BXPCHPET 00000001 BXPC 00000001)
[    0.020937] kernel: ACPI: Reserving FACP table memory at [mem 0xbffe149d-0xbffe1510]
[    0.020939] kernel: ACPI: Reserving DSDT table memory at [mem 0xbffe0040-0xbffe149c]
[    0.020939] kernel: ACPI: Reserving FACS table memory at [mem 0xbffe0000-0xbffe003f]
[    0.020940] kernel: ACPI: Reserving APIC table memory at [mem 0xbffe1511-0xbffe1590]
[    0.020940] kernel: ACPI: Reserving HPET table memory at [mem 0xbffe1591-0xbffe15c8]
[    0.021203] kernel: No NUMA configuration found
[    0.021204] kernel: Faking a node at [mem 0x0000000000000000-0x00000002bfffffff]
[    0.021206] kernel: NODE_DATA(0) allocated [mem 0x2bfffc000-0x2bfffffff]
[    0.021934] kernel: Zone ranges:
[    0.021935] kernel:   DMA      [mem 0x0000000000001000-0x0000000000ffffff]
[    0.021937] kernel:   DMA32    [mem 0x0000000001000000-0x00000000ffffffff]
[    0.021938] kernel:   Normal   [mem 0x0000000100000000-0x0s 0x00ff00
[    0.921613] kernel: pci 0000:00:03.0: reg 0x10: [io  0xc000-0xc01f]
[    0.923928] kernel: pci 0000:00:03.0: reg 0x20: [mem 0xfe200000-0xfe203fff 64bit pref]
[    0.925748] kernel: pci 0000:00:04.0: [1af4:1000] type 00 class 0x020000
[    0.926602] kernel: pci 0000:00:04.0: reg 0x10: [io  0xc020-0xc03f]
[    0.927399] kernel: pci 0000:00:04.0: reg 0x14: [mem 0xfeb91000-0xfeb91fff]
[    0.932617] kernel: pci 0000:00:04.0: reg 0x20: [mem 0xfe204000-0xfe207fff 64bit pref]
[    0.934647] kernel: pci 0000:00:04.0: reg 0x30: [mem 0xfeb00000-0xfeb7ffff pref]
[    0.944754] kernel: pci 0000:00:10.0: [1af4:1110] type 00 class 0x050000
[    0.946618] kernel: pci 0000:00:10.0: reg 0x10: [mem 0xfeb92000-0xfeb920ff]
[    0.950034] kernel: pci 0000:00:10.0: reg 0x18: [mem 0xfe000000-0xfe0fffff 64bit pref]
[    0.952865] kernel: pci 0000:00:11.0: [1af4:1110] type 00 class 0x050000
[    0.953427] kernel: pci 0000:00:11.0: reg 0x10: [mem 0xfeb93000-0xfeb930ff]
[    0.954377] kernel: pci 0000002bfffffff]
[    0.021939] kernel: Movable zone start for each node
[    0.021940] kernel: Early memory node ranges
[    0.021940] kernel:   node   0: [mem 0x0000000000001000-0x000000000009efff]
[    0.021942] kernel:   node   0: [mem 0x0000000000100000-0x00000000bffdffff]
[    0.021943] kernel:   node   0: [mem 0x0000000100000000-0x00000002bfffffff]
[    0.021944] kernel: Initmem setup node 0 [mem 0x0000000000001000-0x00000002bfffffff]
[    0.022541] kernel: On node 0, zone DMA: 1 pages in unavailable ranges
[    0.022552] kernel: On node 0, zone DMA: 97 pages in unavailable ranges
[    0.148157] kernel: On node 0, zone Normal: 32 pages in unavailable ranges
[    1.260193] kernel: kasan: KernelAddressSanitizer initialized
[    1.260537] kernel: ACPI: PM-Timer IO Port: 0x608
[    1.260545] kernel: ACPI: LAPIC_NMI (acpi_id[0xff] dfl dfl lint[0x1])
[    1.260582] kernel: IOAPIC[0]: apic_id 0, version 17, address 0xfec00000, GSI 0-23
[    1.260584] kernel: ACPI: INT_SRC_OVR (bus 0 b0000:00:11.0: reg 0x18: [mem 0xfe208000-0xfe2083ff 64bit pref]
[    0.956931] kernel: pci 0000:00:12.0: [1af4:1110] type 00 class 0x050000
[    0.957614] kernel: pci 0000:00:12.0: reg 0x10: [mem 0xfeb94000-0xfeb940ff]
[    0.959399] kernel: pci 0000:00:12.0: reg 0x18: [mem 0xfe100000-0xfe1fffff 64bit pref]
[    0.963482] kernel: ACPI: PCI: Interrupt link LNKA configured for IRQ 10
[    0.963869] kernel: ACPI: PCI: Interrupt link LNKB configured for IRQ 10
[    0.964188] kernel: ACPI: PCI: Interrupt link LNKC configured for IRQ 11
[    0.964507] kernel: ACPI: PCI: Interrupt link LNKD configured for IRQ 11
[    0.964636] kernel: ACPI: PCI: Interrupt link LNKS configured for IRQ 9
[    0.965300] kernel: iommu: Default domain type: Translated 
[    0.965301] kernel: iommu: DMA domain TLB invalidation policy: lazy mode 
[    0.965441] kernel: pci 0000:00:02.0: vgaarb: setting as boot VGA device
[    0.965443] kernel: pci 0000:00:02.0: vgaarb: VGA device added: decodes=io+mem,owns=io+mem,lous_irq 0 global_irq 2 dfl dfl)
[    1.260587] kernel: ACPI: INT_SRC_OVR (bus 0 bus_irq 5 global_irq 5 high level)
[    1.260588] kernel: ACPI: INT_SRC_OVR (bus 0 bus_irq 9 global_irq 9 high level)
[    1.260589] kernel: ACPI: INT_SRC_OVR (bus 0 bus_irq 10 global_irq 10 high level)
[    1.260590] kernel: ACPI: INT_SRC_OVR (bus 0 bus_irq 11 global_irq 11 high level)
[    1.260593] kernel: ACPI: Using ACPI (MADT) for SMP configuration information
[    1.260594] kernel: ACPI: HPET id: 0x8086a201 base: 0xfed00000
[    1.260598] kernel: TSC deadline timer available
[    1.260599] kernel: smpboot: Allowing 2 CPUs, 0 hotplug CPUs
[    1.260623] kernel: kvm-guest: KVM setup pv remote TLB flush
[    1.260627] kernel: kvm-guest: setup PV sched yield
[    1.260634] kernel: PM: hibernation: Registered nosave memory: [mem 0x00000000-0x00000fff]
[    1.260636] kernel: PM: hibernation: Registered nosave memory: [mem 0x0009f000-0x0009ffff]
[    1.260637] kernel: PM: hibernation: Registered nosave memocks=none
[    0.965446] kernel: pci 0000:00:02.0: vgaarb: bridge control possible
[    0.965447] kernel: vgaarb: loaded
[    0.965680] kernel: SCSI subsystem initialized
[    0.966693] kernel: libata version 3.00 loaded.
[    0.966812] kernel: ACPI: bus type USB registered
[    0.966873] kernel: usbcore: registered new interface driver usbfs
[    0.966896] kernel: usbcore: registered new interface driver hub
[    0.966917] kernel: usbcore: registered new device driver usb
[    0.966971] kernel: pps_core: LinuxPPS API ver. 1 registered
[    0.966972] kernel: pps_core: Software ver. 5.3.6 - Copyright 2005-2007 Rodolfo Giometti <giometti@linux.it>
[    0.966986] kernel: PTP clock support registered
[    0.967928] kernel: Advanced Linux Sound Architecture Driver Initialized.
[    0.968969] kernel: NetLabel: Initializing
[    0.968971] kernel: NetLabel:  domain hash size = 128
[    0.968972] kernel: NetLabel:  protocols = UNLABELED CIPSOv4 CALIPSO
[    0.969013] kernel: NetLabel:  unlabelery: [mem 0x000a0000-0x000effff]
[    1.260637] kernel: PM: hibernation: Registered nosave memory: [mem 0x000f0000-0x000fffff]
[    1.260638] kernel: PM: hibernation: Registered nosave memory: [mem 0xbffe0000-0xbfffffff]
[    1.260639] kernel: PM: hibernation: Registered nosave memory: [mem 0xc0000000-0xfeffbfff]
[    1.260640] kernel: PM: hibernation: Registered nosave memory: [mem 0xfeffc000-0xfeffffff]
[    1.260640] kernel: PM: hibernation: Registered nosave memory: [mem 0xff000000-0xfffbffff]
[    1.260641] kernel: PM: hibernation: Registered nosave memory: [mem 0xfffc0000-0xffffffff]
[    1.260643] kernel: [mem 0xc0000000-0xfeffbfff] available for PCI devices
[    1.260644] kernel: Booting paravirtualized kernel on KVM
[    1.260647] kernel: clocksource: refined-jiffies: mask: 0xffffffff max_cycles: 0xffffffff, max_idle_ns: 1910969940391419 ns
[    1.264666] kernel: setup_percpu: NR_CPUS:64 nr_cpumask_bits:64 nr_cpu_ids:2 nr_node_ids:1
[    1.265503] kernel: percpu: Embedded 56 pwindow]
[    1.494911] kernel: pci_bus 0000:00: resource 8 [mem 0x2c0000000-0x33fffffff window]
[    1.495020] kernel: pci 0000:00:01.0: PIIX3: Enabling Passive Release
[    1.495030] kernel: pci 0000:00:00.0: Limiting direct PCI/PCI transfers
[    1.495038] kernel: pci 0000:00:01.0: Activating ISA DMA hang workarounds
[    1.495075] kernel: pci 0000:00:02.0: Video device with shadowed ROM at [mem 0x000c0000-0x000dffff]
[    1.495110] kernel: PCI: CLS 0 bytes, default 64
[    1.495124] kernel: PCI-DMA: Using software bounce buffering for IO (SWIOTLB)
[    1.495125] kernel: software IO TLB: mapped [mem 0x00000000bbfe0000-0x00000000bffe0000] (64MB)
[    1.495309] kernel: RAPL PMU: API unit is 2^-32 Joules, 0 fixed counters, 10737418240 ms ovfl timer
[    1.495325] kernel: clocksource: tsc: mask: 0xffffffffffffffff max_cycles: 0x2563bf907c6, max_idle_ns: 440795319401 ns
[    1.495393] kernel: clocksource: Switched to clocksource tsc
[    1.497904] kernel: Initialise system trusted keyrind traffic allowed by default
[    0.969647] kernel: PCI: Using ACPI for IRQ routing
[    0.969652] kernel: PCI: pci_cache_line_size set to 64 bytes
[    0.969790] kernel: e820: reserve RAM buffer [mem 0x0009fc00-0x0009ffff]
[    0.969798] kernel: e820: reserve RAM buffer [mem 0xbffe0000-0xbfffffff]
[    0.969886] kernel: hpet0: at MMIO 0xfed00000, IRQs 2, 8, 0
[    0.969890] kernel: hpet0: 3 comparators, 64-bit 100.000000 MHz counter
[    0.972737] kernel: clocksource: Switched to clocksource kvm-clock
[    1.044486] kernel: VFS: Disk quotas dquot_6.6.0
[    1.044535] kernel: VFS: Dquot-cache hash table entries: 512 (order 0, 4096 bytes)
[    1.044707] kernel: pnp: PnP ACPI init
[    1.045055] kernel: pnp 00:03: [dma 2]
[    1.046095] kernel: pnp: PnP ACPI: found 6 devices
[    1.154096] kernel: clocksource: acpi_pm: mask: 0xffffff max_cycles: 0xffffff, max_idle_ns: 2085701024 ns
[    1.154256] kernel: NET: Registered PF_INET protocol family
[    1.157132] kernel: IP idents hash tableages/cpu s191576 r8192 d29608 u1048576
[    1.265517] kernel: pcpu-alloc: s191576 r8192 d29608 u1048576 alloc=1*2097152
[    1.265520] kernel: pcpu-alloc: [0] 0 1 
[    1.265546] kernel: kvm-guest: setup async PF for cpu 0
[    1.265552] kernel: kvm-guest: stealtime: cpu 0, msr 26561f140
[    1.265556] kernel: Built 1 zonelists, mobility grouping on.  Total pages: 2580192
[    1.265557] kernel: Policy zone: Normal
[    1.265559] kernel: Kernel command line: root=/dev/sda console=ttyS0 net.ifnames=0 ip=192.168.0.36 quiet
[    1.279903] kernel: Dentry cache hash table entries: 2097152 (order: 12, 16777216 bytes, linear)
[    1.283366] kernel: Inode-cache hash table entries: 1048576 (order: 11, 8388608 bytes, linear)
[    1.283431] kernel: mem auto-init: stack:off, heap alloc:off, heap free:off
[    1.777328] kernel: Memory: 8872656K/10485240K available (14348K kernel code, 2403K rwdata, 3568K rodata, 1384K init, 1732K bss, 1612384K reserved, 0K cma-reserved)
[    1.777421] kernel: SLUB: entries: 262144 (order: 9, 2097152 bytes, linear)
[    1.169729] kernel: tcp_listen_portaddr_hash hash table entries: 8192 (order: 5, 131072 bytes, linear)
[    1.171670] kernel: TCP established hash table entries: 131072 (order: 8, 1048576 bytes, linear)
[    1.172128] kernel: TCP bind hash table entries: 65536 (order: 8, 1048576 bytes, linear)
[    1.174225] kernel: TCP: Hash tables configured (established 131072 bind 65536)
[    1.174428] kernel: UDP hash table entries: 8192 (order: 6, 262144 bytes, linear)
[    1.174566] kernel: UDP-Lite hash table entries: 8192 (order: 6, 262144 bytes, linear)
[    1.175307] kernel: NET: Registered PF_UNIX/PF_LOCAL protocol family
[    1.182948] kernel: pci_bus 0000:00: resource 4 [io  0x0000-0x0cf7 window]
[    1.182955] kernel: pci_bus 0000:00: resource 5 [io  0x0d00-0xffff window]
[    1.182957] kernel: pci_bus 0000:00: resource 6 [mem 0x000a0000-0x000bffff window]
[    1.182958] kernel: pci_bus 0000:00: resource 7 [mem 0xc0000000-0xfebfffff window]
[    1.182960] kernel: pci_bus 0000:00: resource 8 [mem 0x2c0000000-0x33fffffff window]
[    1.183209] kernel: pci 0000:00:01.0: PIIX3: Enabling Passive Release
[    1.183244] kernel: pci 0000:00:00.0: Limiting direct PCI/PCI transfers
[    1.183256] kernel: pci 0000:00:01.0: Activating ISA DMA hang workarounds
[    1.183317] kernel: pci 0000:00:02.0: Video device with shadowed ROM at [mem 0x000c0000-0x000dffff]
[    1.183695] kernel: PCI: CLS 0 bytes, default 64
[    1.184148] kernel: PCI-DMA: Using software bounce buffering for IO (SWIOTLB)
[    1.184150] kernel: software IO TLB: mapped [mem 0x00000000bbfe0000-0x00000000bffe0000] (64MB)
[    1.184318] kernel: RAPL PMU: API unit is 2^-32 Joules, 0 fixed counters, 10737418240 ms ovfl timer
[    1.184358] kernel: clocksource: tsc: mask: 0xffffffffffffffff max_cycles: 0x2563bf907c6, max_idle_ns: 440795319401 ns
[    1.191704] kernel: clocksource: Switched to clocksource tsc
[    1.210383] kernel: Initialise system trusted keyrings
[    1.220541] kernel: workingset: timestamp_bits=56 max_order=22 bucket_order=0
[    1.248690] kernel: fuse: init (API version 7.34)
[    1.250086] kernel: orangefs_debugfs_init: called with debug mask: :none: :0:
[    1.250854] kernel: orangefs_init: module version upstream loaded
[    1.319312] kernel: Key type asymmetric registered
[    1.319318] kernel: Asymmetric key parser 'x509' registered
[    1.319594] kernel: Block layer SCSI generic (bsg) driver version 0.4 loaded (major 250)
[    1.319597] kernel: io scheduler mq-deadline registered
[    1.319600] kernel: io scheduler kyber registered
[    1.320417] kernel: input: Power Button as /devices/LNXSYSTM:00/LNXPWRBN:00/input/input0
[    1.322319] kernel: ACPI: button: Power Button [PWRF]
[    1.817957] kernel: ACPI: \_SB_.LNKC: Enabled at IRQ 11
[    2.190796] kernel: ACPI: \_SB_.LNKD: Enabled at IRQ 10
[    2.192122] kernel: Serial: 8250/16550 driver, 4 ports, IRQ sharing enabled
[    2.192268] kernel: 00:05: ttyS0 at I/O 0xgs
[    1.498234] kernel: workingset: timestamp_bits=56 max_order=22 bucket_order=0
[    1.503709] kernel: fuse: init (API version 7.34)
[    1.504000] kernel: orangefs_debugfs_init: called with debug mask: :none: :0:
[    1.504073] kernel: orangefs_init: module version upstream loaded
[    1.528614] kernel: Key type asymmetric registered
[    1.528617] kernel: Asymmetric key parser 'x509' registered
[    1.528685] kernel: Block layer SCSI generic (bsg) driver version 0.4 loaded (major 250)
[    1.528687] kernel: io scheduler mq-deadline registered
[    1.528688] kernel: io scheduler kyber registered
[    1.529068] kernel: input: Power Button as /devices/LNXSYSTM:00/LNXPWRBN:00/input/input0
[    1.529159] kernel: ACPI: button: Power Button [PWRF]
[    1.836117] kernel: ACPI: \_SB_.LNKC: Enabled at IRQ 11
[    2.146884] kernel: ACPI: \_SB_.LNKD: Enabled at IRQ 10
[    2.148209] kernel: Serial: 8250/16550 driver, 4 ports, IRQ sharing enabled
[    2.148333] kernel: 00:05: ttyS0 at I/O 0x3f8 (irq = 4, base_baud = 115200) is a 16550A
[    2.193089] kernel: Non-volatile memory driver v1.3
[    2.193148] kernel: Linux agpgart interface v0.103
[    2.197109] kernel: loop: module loaded
[    2.197309] kernel: ata_piix 0000:00:01.1: version 2.13
[    2.211812] kernel: scsi host0: ata_piix
[    2.212123] kernel: scsi host1: ata_piix
[    2.212199] kernel: ata1: PATA max MWDMA2 cmd 0x1f0 ctl 0x3f6 bmdma 0xc040 irq 14
[    2.212201] kernel: ata2: PATA max MWDMA2 cmd 0x170 ctl 0x376 bmdma 0xc048 irq 15
[    2.212491] kernel: libphy: Fixed MDIO Bus: probed
[    2.216650] kernel: e100: Intel(R) PRO/100 Network Driver
[    2.216653] kernel: e100: Copyright(c) 1999-2006 Intel Corporation
[    2.216663] kernel: e1000: Intel(R) PRO/1000 Network Driver
[    2.216665] kernel: e1000: Copyright (c) 1999-2006 Intel Corporation.
[    2.216686] kernel: e1000e: Intel(R) PRO/1000 Network Driver
[    2.216687] kernel: e1000e: Copyright(c) 1999 - 2015 Intel Corporation.
[    2.216706] kernel: s3f8 (irq = 4, base_baud = 115200) is a 16550A
[    2.149125] kernel: Non-volatile memory driver v1.3
[    2.149180] kernel: Linux agpgart interface v0.103
[    2.153119] kernel: loop: module loaded
[    2.153335] kernel: ata_piix 0000:00:01.1: version 2.13
[    2.163149] kernel: scsi host0: ata_piix
[    2.163849] kernel: scsi host1: ata_piix
[    2.163925] kernel: ata1: PATA max MWDMA2 cmd 0x1f0 ctl 0x3f6 bmdma 0xc040 irq 14
[    2.163927] kernel: ata2: PATA max MWDMA2 cmd 0x170 ctl 0x376 bmdma 0xc048 irq 15
[    2.164218] kernel: libphy: Fixed MDIO Bus: probed
[    2.169756] kernel: e100: Intel(R) PRO/100 Network Driver
[    2.169760] kernel: e100: Copyright(c) 1999-2006 Intel Corporation
[    2.169771] kernel: e1000: Intel(R) PRO/1000 Network Driver
[    2.169772] kernel: e1000: Copyright (c) 1999-2006 Intel Corporation.
[    2.169795] kernel: e1000e: Intel(R) PRO/1000 Network Driver
[    2.169797] kernel: e1000e: Copyright(c) 1999 - 2015 Intel Corporation.
[    2.169814] kernel: sky2: driver version 1.30
[    2.217098] kernel: ehci_hcd: USB 2.0 'Enhanced' Host Controller (EHCI) Driver
[    2.217100] kernel: ehci-pci: EHCI PCI platform driver
[    2.217113] kernel: ohci_hcd: USB 1.1 'Open' Host Controller (OHCI) Driver
[    2.217120] kernel: ohci-pci: OHCI PCI platform driver
[    2.217130] kernel: uhci_hcd: USB Universal Host Controller Interface driver
[    2.217250] kernel: usbcore: registered new interface driver usblp
[    2.217265] kernel: usbcore: registered new interface driver usb-storage
[    2.217319] kernel: i8042: PNP: PS/2 Controller [PNP0303:KBD,PNP0f13:MOU] at 0x60,0x64 irq 1,12
[    2.217876] kernel: serio: i8042 KBD port at 0x60,0x64 irq 1
[    2.217883] kernel: serio: i8042 AUX port at 0x60,0x64 irq 12
[    2.218281] kernel: input: AT Translated Set 2 keyboard as /devices/platform/i8042/serio0/input/input1
[    2.218498] kernel: rtc_cmos 00:00: RTC can wake from S4
[    2.223767] kernel: rtc_cmos 00:00: registered as rtc0
[    2.223804] kerneky2: driver version 1.30
[    2.170031] kernel: ehci_hcd: USB 2.0 'Enhanced' Host Controller (EHCI) Driver
