2023/03/09 11:57:24 fuzzer started
2023/03/09 11:57:25 dialing manager at localhost:42025
2023/03/09 11:57:25 syscalls: 130
2023/03/09 11:57:25 code coverage: enabled
2023/03/09 11:57:25 comparison tracing: enabled
2023/03/09 11:57:25 extra coverage: enabled
2023/03/09 11:57:25 setuid sandbox: enabled
2023/03/09 11:57:25 namespace sandbox: /proc/self/ns/user does not exist
2023/03/09 11:57:25 Android sandbox: /sys/fs/selinux/policy can't be opened (open /sys/fs/selinux/policy: invalid argument)
2023/03/09 11:57:25 fault injection: CONFIG_FAULT_INJECTION_DEBUG_FS or CONFIG_FAILSLAB are not enabled
2023/03/09 11:57:25 leak checking: CONFIG_DEBUG_KMEMLEAK is not enabled
2023/03/09 11:57:25 net packet injection: /dev/net/tun does not exist
2023/03/09 11:57:25 net device setup: enabled
2023/03/09 11:57:25 concurrency sanitizer: /sys/kernel/debug/kcsan does not exist
2023/03/09 11:57:25 devlink PCI setup: enabled
2023/03/09 11:57:25 USB emulation: /dev/raw-gadget does not exist
2023/03/09 11:57:25 hci packet injection: /dev/vhci does not exist
2023/03/09 11:57:25 wifi device emulation: /sys/class/mac80211_hwsim/ does not exist
2023/03/09 11:57:25 802.15.4 emulation: /sys/bus/platform/devices/mac802154_hwsim does not exist
2023/03/09 11:57:25 deserializeInput: hasCrash true hasNet false
2023/03/09 11:57:25 prog length: 6
2023/03/09 11:57:25 prog length: 6
2023/03/09 11:57:25 prog length: 5
2023/03/09 11:57:25 deserializeInput: hasCrash true hasNet false
2023/03/09 11:57:25 prog length: 6
2023/03/09 11:57:25 prog length: 6
2023/03/09 11:57:25 prog length: 5
2023/03/09 11:57:25 deserializeInput: hasCrash true hasNet false
2023/03/09 11:57:25 prog length: 6
2023/03/09 11:57:25 prog length: 3
2023/03/09 11:57:25 deserializeInput: hasCrash true hasNet false
2023/03/09 11:57:25 prog length: 6
2023/03/09 11:57:25 prog length: 3
2023/03/09 11:57:25 deserializeInput: hasCrash true hasNet false
2023/03/09 11:57:25 prog length: 6
2023/03/09 11:57:25 prog length: 6
2023/03/09 11:57:25 prog length: 6
2023/03/09 11:57:25 prog length: 7
2023/03/09 11:57:25 deserializeInput: hasCrash true hasNet false
2023/03/09 11:57:25 prog length: 6
2023/03/09 11:57:25 prog length: 3
2023/03/09 11:57:25 deserializeInput: hasCrash false hasNet false
2023/03/09 11:57:25 prog length: 1
2023/03/09 11:57:25 deserializeInput: hasCrash true hasNet false
2023/03/09 11:57:25 prog length: 6
2023/03/09 11:57:25 prog length: 17
2023/03/09 11:57:25 deserializeInput: hasCrash true hasNet false
2023/03/09 11:57:25 prog length: 6
2023/03/09 11:57:25 prog length: 3
2023/03/09 11:57:25 deserializeInput: hasCrash true hasNet false
2023/03/09 11:57:25 prog length: 6
2023/03/09 11:57:25 prog length: 3
2023/03/09 11:57:25 deserializeInput: hasCrash true hasNet false
2023/03/09 11:57:25 prog length: 6
2023/03/09 11:57:25 prog length: 3
2023/03/09 11:57:25 deserializeInput: hasCrash true hasNet false
2023/03/09 11:57:25 prog length: 6
2023/03/09 11:57:25 prog length: 3
2023/03/09 11:57:25 deserializeInput: hasCrash true hasNet false
2023/03/09 11:57:25 prog length: 6
2023/03/09 11:57:25 prog length: 6
2023/03/09 11:57:25 prog length: 5
2023/03/09 11:57:25 deserializeInput: hasCrash true hasNet false
2023/03/09 11:57:25 prog length: 6
2023/03/09 11:57:25 prog length: 3
2023/03/09 11:57:25 deserializeInput: hasCrash true hasNet false
2023/03/09 11:57:25 prog length: 6
2023/03/09 11:57:25 prog length: 3
2023/03/09 11:57:25 deserializeInput: hasCrash true hasNet false
2023/03/09 11:57:25 prog length: 6
2023/03/09 11:57:25 prog length: 3
2023/03/09 11:57:25 deserializeInput: hasCrash true hasNet false
2023/03/09 11:57:25 prog length: 6
2023/03/09 11:57:25 prog length: 3
2023/03/09 11:57:25 deserializeInput: hasCrash true hasNet false
2023/03/09 11:57:25 prog length: 6
2023/03/09 11:57:25 prog length: 3
2023/03/09 11:57:25 deserializeInput: hasCrash true hasNet false
2023/03/09 11:57:25 prog length: 6
2023/03/09 11:57:25 prog length: 6
2023/03/09 11:57:25 prog length: 5
2023/03/09 11:57:25 deserializeInput: hasCrash true hasNet false
2023/03/09 11:57:25 prog length: 6
2023/03/09 11:57:25 prog length: 6
2023/03/09 11:57:25 prog length: 5
2023/03/09 11:57:25 deserializeInput: hasCrash true hasNet false
2023/03/09 11:57:25 prog length: 6
2023/03/09 11:57:25 prog length: 3
2023/03/09 11:57:25 deserializeInput: hasCrash true hasNet false
2023/03/09 11:57:25 prog length: 6
2023/03/09 11:57:25 prog length: 3
2023/03/09 11:57:25 deserializeInput: hasCrash false hasNet false
2023/03/09 11:57:25 prog length: 1
2023/03/09 11:57:25 deserializeInput: hasCrash true hasNet false
2023/03/09 11:57:25 prog length: 6
2023/03/09 11:57:25 prog length: 3
2023/03/09 11:57:25 deserializeInput: hasCrash true hasNet false
2023/03/09 11:57:25 prog length: 6
2023/03/09 11:57:25 prog length: 6
2023/03/09 11:57:25 prog length: 5
2023/03/09 11:57:25 deserializeInput: hasCrash true hasNet false
2023/03/09 11:57:25 prog length: 6
2023/03/09 11:57:25 prog length: 6
2023/03/09 11:57:25 prog length: 5
2023/03/09 11:57:25 deserializeInput: hasCrash true hasNet false
2023/03/09 11:57:25 prog length: 6
2023/03/09 11:57:25 prog length: 6
2023/03/09 11:57:25 prog length: 5
2023/03/09 11:57:25 deserializeInput: hasCrash true hasNet false
2023/03/09 11:57:25 prog length: 6
2023/03/09 11:57:25 prog length: 6
2023/03/09 11:57:25 prog length: 5
2023/03/09 11:57:25 deserializeInput: hasCrash true hasNet false
2023/03/09 11:57:25 prog length: 6
2023/03/09 11:57:25 prog length: 6
2023/03/09 11:57:25 prog length: 15
2023/03/09 11:57:25 deserializeInput: hasCrash true hasNet false
2023/03/09 11:57:25 prog length: 6
2023/03/09 11:57:25 prog length: 3
2023/03/09 11:57:25 deserializeInput: hasCrash true hasNet false
2023/03/09 11:57:25 prog length: 6
2023/03/09 11:57:25 prog length: 6
2023/03/09 11:57:25 prog length: 6
2023/03/09 11:57:25 deserializeInput: hasCrash true hasNet false
2023/03/09 11:57:25 prog length: 6
2023/03/09 11:57:25 prog length: 6
2023/03/09 11:57:25 prog length: 6
2023/03/09 11:57:25 prog length: 7
2023/03/09 11:57:25 deserializeInput: hasCrash true hasNet false
2023/03/09 11:57:25 prog length: 6
2023/03/09 11:57:25 prog length: 6
2023/03/09 11:57:25 prog length: 5
2023/03/09 11:57:25 deserializeInput: hasCrash true hasNet false
2023/03/09 11:57:25 prog length: 6
2023/03/09 11:57:25 prog length: 3
2023/03/09 11:57:25 deserializeInput: hasCrash false hasNet false
2023/03/09 11:57:25 prog length: 3
2023/03/09 11:57:25 deserializeInput: hasCrash true hasNet false
2023/03/09 11:57:25 prog length: 6
2023/03/09 11:57:25 prog length: 3
2023/03/09 11:57:25 deserializeInput: hasCrash true hasNet false
2023/03/09 11:57:25 prog length: 6
2023/03/09 11:57:25 prog length: 4
2023/03/09 11:57:25 deserializeInput: hasCrash true hasNet false
2023/03/09 11:57:25 prog length: 6
2023/03/09 11:57:25 prog length: 3
2023/03/09 11:57:25 deserializeInput: hasCrash true hasNet false
2023/03/09 11:57:25 prog length: 6
2023/03/09 11:57:25 prog length: 6
2023/03/09 11:57:25 prog length: 5
2023/03/09 11:57:25 deserializeInput: hasCrash true hasNet false
2023/03/09 11:57:25 prog length: 6
2023/03/09 11:57:25 prog length: 3
2023/03/09 11:57:25 deserializeInput: hasCrash true hasNet false
2023/03/09 11:57:25 prog length: 6
2023/03/09 11:57:25 prog length: 17
2023/03/09 11:57:25 deserializeInput: hasCrash true hasNet false
2023/03/09 11:57:25 prog length: 6
2023/03/09 11:57:25 prog length: 3
2023/03/09 11:57:25 deserializeInput: hasCrash true hasNet false
2023/03/09 11:57:25 prog length: 6
2023/03/09 11:57:25 prog length: 3
2023/03/09 11:57:25 deserializeInput: hasCrash true hasNet false
2023/03/09 11:57:25 prog length: 6
2023/03/09 11:57:25 prog length: 6
2023/03/09 11:57:25 prog length: 5
2023/03/09 11:57:25 deserializeInput: hasCrash true hasNet false
2023/03/09 11:57:25 prog length: 6
2023/03/09 11:57:25 prog length: 6
2023/03/09 11:57:25 prog length: 5
2023/03/09 11:57:25 deserializeInput: hasCrash true hasNet false
2023/03/09 11:57:25 prog length: 6
2023/03/09 11:57:25 prog length: 3
2023/03/09 11:57:25 deserializeInput: hasCrash true hasNet false
2023/03/09 11:57:25 prog length: 6
2023/03/09 11:57:25 prog length: 4
2023/03/09 11:57:25 deserializeInput: hasCrash true hasNet false
2023/03/09 11:57:25 prog length: 6
2023/03/09 11:57:25 prog length: 3
2023/03/09 11:57:25 deserializeInput: hasCrash true hasNet false
2023/03/09 11:57:25 prog length: 6
2023/03/09 11:57:25 prog length: 6
2023/03/09 11:57:25 prog length: 5
2023/03/09 11:57:25 deserializeInput: hasCrash true hasNet false
2023/03/09 11:57:25 prog length: 6
2023/03/09 11:57:25 prog length: 3
2023/03/09 11:57:25 fetching corpus: 50, signal 4450/15808/21490 (executing program)
2023/03/09 11:57:25 deserializeInput: hasCrash true hasNet false
2023/03/09 11:57:25 prog length: 6
2023/03/09 11:57:25 prog length: 3
2023/03/09 11:57:25 deserializeInput: hasCrash true hasNet false
2023/03/09 11:57:25 prog length: 6
2023/03/09 11:57:25 prog length: 4
2023/03/09 11:57:25 deserializeInput: hasCrash false hasNet false
2023/03/09 11:57:25 prog length: 3
2023/03/09 11:57:25 deserializeInput: hasCrash true hasNet false
2023/03/09 11:57:25 prog length: 6
2023/03/09 11:57:25 prog length: 3
2023/03/09 11:57:25 deserializeInput: hasCrash true hasNet false
2023/03/09 11:57:25 prog length: 6
2023/03/09 11:57:25 prog length: 3
2023/03/09 11:57:25 deserializeInput: hasCrash true hasNet false
2023/03/09 11:57:25 prog length: 6
2023/03/09 11:57:25 prog length: 6
2023/03/09 11:57:25 prog length: 5
2023/03/09 11:57:25 deserializeInput: hasCrash true hasNet false
2023/03/09 11:57:25 prog length: 6
2023/03/09 11:57:25 prog length: 6
2023/03/09 11:57:25 prog length: 5
2023/03/09 11:57:25 deserializeInput: hasCrash true hasNet false
2023/03/09 11:57:25 prog length: 6
2023/03/09 11:57:25 prog length: 3
2023/03/09 11:57:25 deserializeInput: hasCrash true hasNet false
2023/03/09 11:57:25 prog length: 6
2023/03/09 11:57:25 prog length: 3
2023/03/09 11:57:25 deserializeInput: hasCrash true hasNet false
2023/03/09 11:57:25 prog length: 6
2023/03/09 11:57:25 prog length: 6
2023/03/09 11:57:25 prog length: 5
2023/03/09 11:57:25 deserializeInput: hasCrash true hasNet false
2023/03/09 11:57:25 prog length: 6
2023/03/09 11:57:25 prog length: 6
2023/03/09 11:57:25 prog length: 5
2023/03/09 11:57:25 deserializeInput: hasCrash true hasNet false
2023/03/09 11:57:25 prog length: 6
2023/03/09 11:57:25 prog length: 6
2023/03/09 11:57:25 prog length: 10
2023/03/09 11:57:25 deserializeInput: hasCrash true hasNet false
2023/03/09 11:57:25 prog length: 6
2023/03/09 11:57:25 prog length: 3
2023/03/09 11:57:25 deserializeInput: hasCrash true hasNet false
2023/03/09 11:57:25 prog length: 6
2023/03/09 11:57:25 prog length: 3
2023/03/09 11:57:25 deserializeInput: hasCrash true hasNet false
2023/03/09 11:57:25 prog length: 6
2023/03/09 11:57:25 prog length: 3
2023/03/09 11:57:25 deserializeInput: hasCrash true hasNet false
2023/03/09 11:57:25 prog length: 6
2023/03/09 11:57:25 prog length: 3
2023/03/09 11:57:25 deserializeInput: hasCrash true hasNet false
2023/03/09 11:57:25 prog length: 6
2023/03/09 11:57:25 prog length: 6
2023/03/09 11:57:25 prog length: 6
2023/03/09 11:57:25 prog length: 7
2023/03/09 11:57:25 deserializeInput: hasCrash true hasNet false
2023/03/09 11:57:25 prog length: 6
2023/03/09 11:57:25 prog length: 6
2023/03/09 11:57:25 prog length: 5
2023/03/09 11:57:25 deserializeInput: hasCrash true hasNet false
2023/03/09 11:57:25 prog length: 6
2023/03/09 11:57:25 prog length: 3
2023/03/09 11:57:25 deserializeInput: hasCrash true hasNet false
2023/03/09 11:57:25 prog length: 6
2023/03/09 11:57:25 prog length: 17
2023/03/09 11:57:25 deserializeInput: hasCrash true hasNet false
2023/03/09 11:57:25 prog length: 6
2023/03/09 11:57:25 prog length: 6
2023/03/09 11:57:25 prog length: 5
2023/03/09 11:57:25 deserializeInput: hasCrash true hasNet false
2023/03/09 11:57:25 prog length: 6
2023/03/09 11:57:25 prog length: 6
2023/03/09 11:57:25 prog length: 5
2023/03/09 11:57:25 deserializeInput: hasCrash true hasNet false
2023/03/09 11:57:25 prog length: 6
2023/03/09 11:57:25 prog length: 3
2023/03/09 11:57:25 deserializeInput: hasCrash true hasNet false
2023/03/09 11:57:25 prog length: 6
2023/03/09 11:57:25 prog length: 3
2023/03/09 11:57:25 deserializeInput: hasCrash true hasNet false
2023/03/09 11:57:25 prog length: 6
2023/03/09 11:57:25 prog length: 3
2023/03/09 11:57:25 deserializeInput: hasCrash false hasNet false
2023/03/09 11:57:25 prog length: 1
2023/03/09 11:57:25 deserializeInput: hasCrash true hasNet false
2023/03/09 11:57:25 prog length: 6
2023/03/09 11:57:25 prog length: 6
2023/03/09 11:57:25 prog length: 6
2023/03/09 11:57:25 deserializeInput: hasCrash true hasNet false
2023/03/09 11:57:25 prog length: 6
2023/03/09 11:57:25 prog length: 6
2023/03/09 11:57:25 prog length: 5
2023/03/09 11:57:25 deserializeInput: hasCrash true hasNet false
2023/03/09 11:57:25 prog length: 6
2023/03/09 11:57:25 prog length: 6
2023/03/09 11:57:25 prog length: 5
2023/03/09 11:57:25 deserializeInput: hasCrash true hasNet false
2023/03/09 11:57:25 prog length: 6
2023/03/09 11:57:25 prog length: 8
2023/03/09 11:57:25 deserializeInput: hasCrash true hasNet false
2023/03/09 11:57:25 prog length: 6
2023/03/09 11:57:25 prog length: 6
2023/03/09 11:57:25 prog length: 5
2023/03/09 11:57:25 deserializeInput: hasCrash true hasNet false
2023/03/09 11:57:25 prog length: 6
2023/03/09 11:57:25 prog length: 6
2023/03/09 11:57:25 prog length: 5
2023/03/09 11:57:25 deserializeInput: hasCrash true hasNet false
2023/03/09 11:57:25 prog length: 6
2023/03/09 11:57:25 prog length: 6
2023/03/09 11:57:25 prog length: 6
2023/03/09 11:57:25 prog length: 7
2023/03/09 11:57:25 deserializeInput: hasCrash true hasNet false
2023/03/09 11:57:25 prog length: 6
2023/03/09 11:57:25 prog length: 3
2023/03/09 11:57:25 deserializeInput: hasCrash true hasNet false
2023/03/09 11:57:25 prog length: 6
2023/03/09 11:57:25 prog length: 3
2023/03/09 11:57:25 deserializeInput: hasCrash true hasNet false
2023/03/09 11:57:25 prog length: 6
2023/03/09 11:57:25 prog length: 3
2023/03/09 11:57:25 deserializeInput: hasCrash true hasNet false
2023/03/09 11:57:25 prog length: 6
2023/03/09 11:57:25 prog length: 3
2023/03/09 11:57:25 deserializeInput: hasCrash true hasNet false
2023/03/09 11:57:25 prog length: 6
2023/03/09 11:57:25 prog length: 6
2023/03/09 11:57:25 prog length: 5
2023/03/09 11:57:25 deserializeInput: hasCrash true hasNet false
2023/03/09 11:57:25 prog length: 6
2023/03/09 11:57:25 prog length: 6
2023/03/09 11:57:25 prog length: 5
2023/03/09 11:57:25 deserializeInput: hasCrash false hasNet false
2023/03/09 11:57:25 prog length: 3
2023/03/09 11:57:25 deserializeInput: hasCrash true hasNet false
2023/03/09 11:57:25 prog length: 6
2023/03/09 11:57:25 prog length: 5
2023/03/09 11:57:25 deserializeInput: hasCrash true hasNet false
2023/03/09 11:57:25 prog length: 6
2023/03/09 11:57:25 prog length: 3
2023/03/09 11:57:25 deserializeInput: hasCrash true hasNet false
2023/03/09 11:57:25 prog length: 6
2023/03/09 11:57:25 prog length: 3
2023/03/09 11:57:25 deserializeInput: hasCrash true hasNet false
2023/03/09 11:57:25 prog length: 6
2023/03/09 11:57:25 prog length: 6
2023/03/09 11:57:25 prog length: 5
2023/03/09 11:57:25 deserializeInput: hasCrash true hasNet false
2023/03/09 11:57:25 prog length: 6
2023/03/09 11:57:25 prog length: 17
2023/03/09 11:57:25 deserializeInput: hasCrash true hasNet false
2023/03/09 11:57:25 prog length: 6
2023/03/09 11:57:25 prog length: 6
2023/03/09 11:57:25 prog length: 5
2023/03/09 11:57:25 deserializeInput: hasCrash true hasNet false
2023/03/09 11:57:25 prog length: 6
2023/03/09 11:57:25 prog length: 6
2023/03/09 11:57:25 prog length: 5
2023/03/09 11:57:25 deserializeInput: hasCrash true hasNet false
2023/03/09 11:57:25 prog length: 6
2023/03/09 11:57:25 prog length: 6
2023/03/09 11:57:25 prog length: 5
2023/03/09 11:57:25 deserializeInput: hasCrash true hasNet false
2023/03/09 11:57:25 prog length: 6
2023/03/09 11:57:25 prog length: 4
2023/03/09 11:57:25 deserializeInput: hasCrash true hasNet false
2023/03/09 11:57:25 prog length: 6
2023/03/09 11:57:25 prog length: 6
2023/03/09 11:57:25 prog length: 6
2023/03/09 11:57:25 prog length: 7
2023/03/09 11:57:25 fetching corpus: 100, signal 4603/16970/23941 (executing program)
2023/03/09 11:57:25 deserializeInput: hasCrash false hasNet false
2023/03/09 11:57:25 prog length: 3
2023/03/09 11:57:25 deserializeInput: hasCrash true hasNet false
2023/03/09 11:57:25 prog length: 6
2023/03/09 11:57:25 prog length: 3
2023/03/09 11:57:25 deserializeInput: hasCrash true hasNet false
2023/03/09 11:57:25 prog length: 6
2023/03/09 11:57:25 prog length: 6
2023/03/09 11:57:25 prog length: 5
2023/03/09 11:57:25 deserializeInput: hasCrash true hasNet false
2023/03/09 11:57:25 prog length: 6
2023/03/09 11:57:25 prog length: 6
2023/03/09 11:57:25 prog length: 5
2023/03/09 11:57:25 deserializeInput: hasCrash true hasNet false
2023/03/09 11:57:25 prog length: 6
2023/03/09 11:57:25 prog length: 3
2023/03/09 11:57:25 deserializeInput: hasCrash true hasNet false
2023/03/09 11:57:25 prog length: 6
2023/03/09 11:57:25 prog length: 6
2023/03/09 11:57:25 prog length: 5
2023/03/09 11:57:25 deserializeInput: hasCrash true hasNet false
2023/03/09 11:57:25 prog length: 6
2023/03/09 11:57:25 prog length: 3
2023/03/09 11:57:25 deserializeInput: hasCrash true hasNet false
2023/03/09 11:57:25 prog length: 6
2023/03/09 11:57:25 prog length: 3
2023/03/09 11:57:25 deserializeInput: hasCrash true hasNet false
2023/03/09 11:57:25 prog length: 6
2023/03/09 11:57:25 prog length: 6
2023/03/09 11:57:25 prog length: 6
2023/03/09 11:57:25 deserializeInput: hasCrash true hasNet false
2023/03/09 11:57:25 prog length: 6
2023/03/09 11:57:25 prog length: 6
2023/03/09 11:57:25 prog length: 5
2023/03/09 11:57:25 deserializeInput: hasCrash true hasNet false
2023/03/09 11:57:25 prog length: 6
2023/03/09 11:57:25 prog length: 3
2023/03/09 11:57:25 deserializeInput: hasCrash true hasNet false
2023/03/09 11:57:25 prog length: 6
2023/03/09 11:57:25 prog length: 6
2023/03/09 11:57:25 prog length: 5
2023/03/09 11:57:25 deserializeInput: hasCrash true hasNet false
2023/03/09 11:57:25 prog length: 6
2023/03/09 11:57:25 prog length: 3
2023/03/09 11:57:25 deserializeInput: hasCrash true hasNet false
2023/03/09 11:57:25 prog length: 6
2023/03/09 11:57:25 prog length: 5
2023/03/09 11:57:25 deserializeInput: hasCrash true hasNet false
2023/03/09 11:57:25 prog length: 6
2023/03/09 11:57:25 prog length: 4
2023/03/09 11:57:25 deserializeInput: hasCrash true hasNet false
2023/03/09 11:57:25 prog length: 6
2023/03/09 11:57:25 prog length: 6
2023/03/09 11:57:25 prog length: 5
2023/03/09 11:57:25 deserializeInput: hasCrash true hasNet false
2023/03/09 11:57:25 prog length: 6
2023/03/09 11:57:25 prog length: 3
2023/03/09 11:57:25 deserializeInput: hasCrash true hasNet false
2023/03/09 11:57:25 prog length: 6
2023/03/09 11:57:25 prog length: 6
2023/03/09 11:57:25 prog length: 6
2023/03/09 11:57:25 deserializeInput: hasCrash true hasNet false
2023/03/09 11:57:25 prog length: 6
2023/03/09 11:57:25 prog length: 3
2023/03/09 11:57:25 deserializeInput: hasCrash true hasNet false
2023/03/09 11:57:25 prog length: 6
2023/03/09 11:57:25 prog length: 3
2023/03/09 11:57:25 deserializeInput: hasCrash true hasNet false
2023/03/09 11:57:25 prog length: 6
2023/03/09 11:57:25 prog length: 3
2023/03/09 11:57:25 deserializeInput: hasCrash true hasNet false
2023/03/09 11:57:25 prog length: 6
2023/03/09 11:57:25 prog length: 3
2023/03/09 11:57:25 deserializeInput: hasCrash true hasNet false
2023/03/09 11:57:25 prog length: 6
2023/03/09 11:57:25 prog length: 6
2023/03/09 11:57:25 prog length: 5
2023/03/09 11:57:25 deserializeInput: hasCrash true hasNet false
2023/03/09 11:57:25 prog length: 6
2023/03/09 11:57:25 prog length: 3
2023/03/09 11:57:25 deserializeInput: hasCrash true hasNet false
2023/03/09 11:57:25 prog length: 6
2023/03/09 11:57:25 prog length: 6
2023/03/09 11:57:25 prog length: 5
2023/03/09 11:57:25 deserializeInput: hasCrash true hasNet false
2023/03/09 11:57:25 prog length: 6
2023/03/09 11:57:25 prog length: 3
2023/03/09 11:57:25 deserializeInput: hasCrash true hasNet false
2023/03/09 11:57:25 prog length: 6
2023/03/09 11:57:25 prog length: 3
2023/03/09 11:57:25 deserializeInput: hasCrash true hasNet false
2023/03/09 11:57:25 prog length: 6
2023/03/09 11:57:25 prog length: 6
2023/03/09 11:57:25 prog length: 6
2023/03/09 11:57:25 prog length: 7
2023/03/09 11:57:25 deserializeInput: hasCrash true hasNet false
2023/03/09 11:57:25 prog length: 6
2023/03/09 11:57:25 prog length: 3
2023/03/09 11:57:25 deserializeInput: hasCrash true hasNet false
2023/03/09 11:57:25 prog length: 6
2023/03/09 11:57:25 prog length: 3
2023/03/09 11:57:25 deserializeInput: hasCrash true hasNet false
2023/03/09 11:57:25 prog length: 6
2023/03/09 11:57:25 prog length: 3
2023/03/09 11:57:25 deserializeInput: hasCrash true hasNet false
2023/03/09 11:57:25 prog length: 6
2023/03/09 11:57:25 prog length: 3
2023/03/09 11:57:25 deserializeInput: hasCrash true hasNet false
2023/03/09 11:57:25 prog length: 6
2023/03/09 11:57:25 prog length: 6
2023/03/09 11:57:25 prog length: 5
2023/03/09 11:57:25 deserializeInput: hasCrash true hasNet false
2023/03/09 11:57:25 prog length: 6
2023/03/09 11:57:25 prog length: 3
2023/03/09 11:57:25 deserializeInput: hasCrash true hasNet false
2023/03/09 11:57:25 prog length: 6
2023/03/09 11:57:25 prog length: 6
2023/03/09 11:57:25 prog length: 8
2023/03/09 11:57:25 deserializeInput: hasCrash true hasNet false
2023/03/09 11:57:25 prog length: 6
2023/03/09 11:57:25 prog length: 6
2023/03/09 11:57:25 prog length: 5
2023/03/09 11:57:25 deserializeInput: hasCrash true hasNet false
2023/03/09 11:57:25 prog length: 6
2023/03/09 11:57:25 prog length: 6
2023/03/09 11:57:25 prog length: 5
2023/03/09 11:57:25 deserializeInput: hasCrash true hasNet false
2023/03/09 11:57:25 prog length: 6
2023/03/09 11:57:25 prog length: 6
2023/03/09 11:57:25 deserializeInput: hasCrash true hasNet false
2023/03/09 11:57:25 prog length: 6
2023/03/09 11:57:25 prog length: 3
2023/03/09 11:57:25 deserializeInput: hasCrash true hasNet false
2023/03/09 11:57:25 prog length: 6
2023/03/09 11:57:25 prog length: 3
2023/03/09 11:57:25 deserializeInput: hasCrash true hasNet false
2023/03/09 11:57:25 prog length: 6
2023/03/09 11:57:25 prog length: 3
2023/03/09 11:57:25 deserializeInput: hasCrash true hasNet false
2023/03/09 11:57:25 prog length: 6
2023/03/09 11:57:25 prog length: 6
2023/03/09 11:57:25 prog length: 7
2023/03/09 11:57:25 deserializeInput: hasCrash true hasNet false
2023/03/09 11:57:25 prog length: 6
2023/03/09 11:57:25 prog length: 3
2023/03/09 11:57:25 deserializeInput: hasCrash true hasNet false
2023/03/09 11:57:25 prog length: 6
2023/03/09 11:57:25 prog length: 6
2023/03/09 11:57:25 prog length: 6
2023/03/09 11:57:25 deserializeInput: hasCrash true hasNet false
2023/03/09 11:57:25 prog length: 6
2023/03/09 11:57:25 prog length: 17
2023/03/09 11:57:25 deserializeInput: hasCrash true hasNet false
2023/03/09 11:57:25 prog length: 6
2023/03/09 11:57:25 prog length: 3
2023/03/09 11:57:25 deserializeInput: hasCrash true hasNet false
2023/03/09 11:57:25 prog length: 6
2023/03/09 11:57:25 prog length: 6
2023/03/09 11:57:25 prog length: 5
2023/03/09 11:57:25 deserializeInput: hasCrash true hasNet false
2023/03/09 11:57:26 prog length: 6
2023/03/09 11:57:26 prog length: 4
2023/03/09 11:57:26 deserializeInput: hasCrash true hasNet false
2023/03/09 11:57:26 prog length: 6
2023/03/09 11:57:26 prog length: 3
2023/03/09 11:57:26 deserializeInput: hasCrash true hasNet false
2023/03/09 11:57:26 prog length: 6
2023/03/09 11:57:26 prog length: 6
2023/03/09 11:57:26 prog length: 5
2023/03/09 11:57:26 fetching corpus: 150, signal 4684/17836/25975 (executing program)
2023/03/09 11:57:26 deserializeInput: hasCrash true hasNet false
2023/03/09 11:57:26 prog length: 6
2023/03/09 11:57:26 prog length: 6
2023/03/09 11:57:26 prog length: 5
2023/03/09 11:57:26 deserializeInput: hasCrash true hasNet false
2023/03/09 11:57:26 prog length: 6
2023/03/09 11:57:26 prog length: 3
2023/03/09 11:57:26 deserializeInput: hasCrash true hasNet false
2023/03/09 11:57:26 prog length: 6
2023/03/09 11:57:26 prog length: 6
2023/03/09 11:57:26 prog length: 5
2023/03/09 11:57:26 deserializeInput: hasCrash false hasNet false
2023/03/09 11:57:26 prog length: 15
2023/03/09 11:57:26 deserializeInput: hasCrash true hasNet false
2023/03/09 11:57:26 prog length: 6
2023/03/09 11:57:26 prog length: 3
2023/03/09 11:57:26 deserializeInput: hasCrash true hasNet false
2023/03/09 11:57:26 prog length: 6
2023/03/09 11:57:26 prog length: 4
2023/03/09 11:57:26 deserializeInput: hasCrash true hasNet false
2023/03/09 11:57:26 prog length: 6
2023/03/09 11:57:26 prog length: 3
2023/03/09 11:57:26 deserializeInput: hasCrash true hasNet false
2023/03/09 11:57:26 prog length: 6
2023/03/09 11:57:26 prog length: 3
2023/03/09 11:57:26 deserializeInput: hasCrash true hasNet false
2023/03/09 11:57:26 prog length: 6
2023/03/09 11:57:26 prog length: 4
2023/03/09 11:57:26 deserializeInput: hasCrash true hasNet false
2023/03/09 11:57:26 prog length: 6
2023/03/09 11:57:26 prog length: 6
2023/03/09 11:57:26 prog length: 6
2023/03/09 11:57:26 prog length: 7
2023/03/09 11:57:26 deserializeInput: hasCrash true hasNet false
2023/03/09 11:57:26 prog length: 6
2023/03/09 11:57:26 prog length: 6
2023/03/09 11:57:26 prog length: 5
2023/03/09 11:57:26 deserializeInput: hasCrash true hasNet false
2023/03/09 11:57:26 prog length: 6
2023/03/09 11:57:26 prog length: 3
2023/03/09 11:57:26 deserializeInput: hasCrash true hasNet false
2023/03/09 11:57:26 prog length: 6
2023/03/09 11:57:26 prog length: 8
2023/03/09 11:57:26 deserializeInput: hasCrash true hasNet false
2023/03/09 11:57:26 prog length: 6
2023/03/09 11:57:26 prog length: 6
2023/03/09 11:57:26 prog length: 5
2023/03/09 11:57:26 deserializeInput: hasCrash true hasNet false
2023/03/09 11:57:26 prog length: 6
2023/03/09 11:57:26 prog length: 3
2023/03/09 11:57:26 deserializeInput: hasCrash true hasNet false
2023/03/09 11:57:26 prog length: 6
2023/03/09 11:57:26 prog length: 6
2023/03/09 11:57:26 prog length: 8
2023/03/09 11:57:26 deserializeInput: hasCrash true hasNet false
2023/03/09 11:57:26 prog length: 6
2023/03/09 11:57:26 prog length: 3
2023/03/09 11:57:26 deserializeInput: hasCrash false hasNet false
2023/03/09 11:57:26 prog length: 2
2023/03/09 11:57:26 deserializeInput: hasCrash true hasNet false
2023/03/09 11:57:26 prog length: 6
2023/03/09 11:57:26 prog length: 3
2023/03/09 11:57:26 deserializeInput: hasCrash true hasNet false
2023/03/09 11:57:26 prog length: 6
2023/03/09 11:57:26 prog length: 6
2023/03/09 11:57:26 prog length: 5
2023/03/09 11:57:26 deserializeInput: hasCrash true hasNet false
2023/03/09 11:57:26 prog length: 6
2023/03/09 11:57:26 prog length: 6
2023/03/09 11:57:26 prog length: 5
2023/03/09 11:57:26 deserializeInput: hasCrash true hasNet false
2023/03/09 11:57:26 prog length: 6
2023/03/09 11:57:26 prog length: 3
2023/03/09 11:57:26 deserializeInput: hasCrash true hasNet false
2023/03/09 11:57:26 prog length: 6
2023/03/09 11:57:26 prog length: 6
2023/03/09 11:57:26 prog length: 6
2023/03/09 11:57:26 deserializeInput: hasCrash true hasNet false
2023/03/09 11:57:26 prog length: 6
2023/03/09 11:57:26 prog length: 6
2023/03/09 11:57:26 prog length: 5
2023/03/09 11:57:26 deserializeInput: hasCrash true hasNet false
2023/03/09 11:57:26 prog length: 6
2023/03/09 11:57:26 prog length: 3
2023/03/09 11:57:26 deserializeInput: hasCrash true hasNet false
2023/03/09 11:57:26 prog length: 6
2023/03/09 11:57:26 prog length: 6
2023/03/09 11:57:26 prog length: 5
2023/03/09 11:57:26 deserializeInput: hasCrash true hasNet false
2023/03/09 11:57:26 prog length: 6
2023/03/09 11:57:26 prog length: 6
2023/03/09 11:57:26 prog length: 5
2023/03/09 11:57:26 deserializeInput: hasCrash true hasNet false
2023/03/09 11:57:26 prog length: 6
2023/03/09 11:57:26 prog length: 4
2023/03/09 11:57:26 deserializeInput: hasCrash false hasNet false
2023/03/09 11:57:26 prog length: 1
2023/03/09 11:57:26 deserializeInput: hasCrash true hasNet false
2023/03/09 11:57:26 prog length: 6
2023/03/09 11:57:26 prog length: 3
2023/03/09 11:57:26 deserializeInput: hasCrash true hasNet false
2023/03/09 11:57:26 prog length: 6
2023/03/09 11:57:26 prog length: 4
2023/03/09 11:57:26 deserializeInput: hasCrash true hasNet false
2023/03/09 11:57:26 prog length: 6
2023/03/09 11:57:26 prog length: 6
2023/03/09 11:57:26 prog length: 5
2023/03/09 11:57:26 deserializeInput: hasCrash true hasNet false
2023/03/09 11:57:26 prog length: 6
2023/03/09 11:57:26 prog length: 3
2023/03/09 11:57:26 deserializeInput: hasCrash true hasNet false
2023/03/09 11:57:26 prog length: 6
2023/03/09 11:57:26 prog length: 6
2023/03/09 11:57:26 prog length: 5
2023/03/09 11:57:26 deserializeInput: hasCrash true hasNet false
2023/03/09 11:57:26 prog length: 6
2023/03/09 11:57:26 prog length: 3
2023/03/09 11:57:26 deserializeInput: hasCrash false hasNet false
2023/03/09 11:57:26 prog length: 1
2023/03/09 11:57:26 deserializeInput: hasCrash true hasNet false
2023/03/09 11:57:26 prog length: 6
2023/03/09 11:57:26 prog length: 3
2023/03/09 11:57:26 deserializeInput: hasCrash true hasNet false
2023/03/09 11:57:26 prog length: 6
2023/03/09 11:57:26 prog length: 3
2023/03/09 11:57:26 deserializeInput: hasCrash true hasNet false
2023/03/09 11:57:26 prog length: 6
2023/03/09 11:57:26 prog length: 6
2023/03/09 11:57:26 prog length: 5
2023/03/09 11:57:26 deserializeInput: hasCrash true hasNet false
2023/03/09 11:57:26 prog length: 6
2023/03/09 11:57:26 prog length: 3
2023/03/09 11:57:26 deserializeInput: hasCrash true hasNet false
2023/03/09 11:57:26 prog length: 6
2023/03/09 11:57:26 prog length: 6
2023/03/09 11:57:26 prog length: 5
2023/03/09 11:57:26 deserializeInput: hasCrash true hasNet false
2023/03/09 11:57:26 prog length: 6
2023/03/09 11:57:26 prog length: 3
2023/03/09 11:57:26 deserializeInput: hasCrash true hasNet false
2023/03/09 11:57:26 prog length: 6
2023/03/09 11:57:26 prog length: 3
2023/03/09 11:57:26 deserializeInput: hasCrash true hasNet false
2023/03/09 11:57:26 prog length: 6
2023/03/09 11:57:26 prog length: 3
2023/03/09 11:57:26 deserializeInput: hasCrash true hasNet false
2023/03/09 11:57:26 prog length: 6
2023/03/09 11:57:26 prog length: 3
2023/03/09 11:57:26 deserializeInput: hasCrash true hasNet false
2023/03/09 11:57:26 prog length: 6
2023/03/09 11:57:26 prog length: 6
2023/03/09 11:57:26 prog length: 5
2023/03/09 11:57:26 deserializeInput: hasCrash true hasNet false
2023/03/09 11:57:26 prog length: 6
2023/03/09 11:57:26 prog length: 6
2023/03/09 11:57:26 prog length: 6
2023/03/09 11:57:26 deserializeInput: hasCrash true hasNet false
2023/03/09 11:57:26 prog length: 6
2023/03/09 11:57:26 prog length: 6
2023/03/09 11:57:26 prog length: 5
2023/03/09 11:57:26 deserializeInput: hasCrash true hasNet false
2023/03/09 11:57:26 prog length: 6
2023/03/09 11:57:26 prog length: 6
2023/03/09 11:57:26 prog length: 5
2023/03/09 11:57:26 deserializeInput: hasCrash true hasNet false
2023/03/09 11:57:26 prog length: 6
2023/03/09 11:57:26 prog length: 6
2023/03/09 11:57:26 prog length: 5
2023/03/09 11:57:26 fetching corpus: 200, signal 4690/19193/28343 (executing program)
2023/03/09 11:57:26 deserializeInput: hasCrash true hasNet false
2023/03/09 11:57:26 prog length: 6
2023/03/09 11:57:26 prog length: 3
2023/03/09 11:57:26 deserializeInput: hasCrash true hasNet false
2023/03/09 11:57:26 prog length: 6
2023/03/09 11:57:26 prog length: 17
2023/03/09 11:57:26 deserializeInput: hasCrash false hasNet false
2023/03/09 11:57:26 prog length: 1
2023/03/09 11:57:26 deserializeInput: hasCrash true hasNet false
2023/03/09 11:57:26 prog length: 6
2023/03/09 11:57:26 prog length: 4
2023/03/09 11:57:26 deserializeInput: hasCrash true hasNet false
2023/03/09 11:57:26 prog length: 6
2023/03/09 11:57:26 prog length: 3
2023/03/09 11:57:26 deserializeInput: hasCrash true hasNet false
2023/03/09 11:57:26 prog length: 6
2023/03/09 11:57:26 prog length: 6
2023/03/09 11:57:26 prog length: 6
2023/03/09 11:57:26 prog length: 7
2023/03/09 11:57:26 deserializeInput: hasCrash true hasNet false
2023/03/09 11:57:26 prog length: 6
2023/03/09 11:57:26 prog length: 3
2023/03/09 11:57:26 deserializeInput: hasCrash true hasNet false
2023/03/09 11:57:26 prog length: 6
2023/03/09 11:57:26 prog length: 6
2023/03/09 11:57:26 prog length: 6
2023/03/09 11:57:26 prog length: 7
2023/03/09 11:57:26 deserializeInput: hasCrash true hasNet false
2023/03/09 11:57:26 prog length: 6
2023/03/09 11:57:26 prog length: 6
2023/03/09 11:57:26 prog length: 6
2023/03/09 11:57:26 prog length: 7
2023/03/09 11:57:26 deserializeInput: hasCrash true hasNet false
2023/03/09 11:57:26 prog length: 6
2023/03/09 11:57:26 prog length: 6
2023/03/09 11:57:26 prog length: 5
2023/03/09 11:57:26 deserializeInput: hasCrash true hasNet false
2023/03/09 11:57:26 prog length: 6
2023/03/09 11:57:26 prog length: 6
2023/03/09 11:57:26 prog length: 5
2023/03/09 11:57:26 deserializeInput: hasCrash true hasNet false
2023/03/09 11:57:26 prog length: 6
2023/03/09 11:57:26 prog length: 3
2023/03/09 11:57:26 deserializeInput: hasCrash true hasNet false
2023/03/09 11:57:26 prog length: 6
2023/03/09 11:57:26 prog length: 3
2023/03/09 11:57:26 deserializeInput: hasCrash true hasNet false
2023/03/09 11:57:26 prog length: 6
2023/03/09 11:57:26 prog length: 6
2023/03/09 11:57:26 prog length: 5
2023/03/09 11:57:26 deserializeInput: hasCrash true hasNet false
2023/03/09 11:57:26 prog length: 6
2023/03/09 11:57:26 prog length: 6
2023/03/09 11:57:26 prog length: 5
2023/03/09 11:57:26 deserializeInput: hasCrash true hasNet false
2023/03/09 11:57:26 prog length: 6
2023/03/09 11:57:26 prog length: 3
2023/03/09 11:57:26 deserializeInput: hasCrash true hasNet false
2023/03/09 11:57:26 prog length: 6
2023/03/09 11:57:26 prog length: 3
2023/03/09 11:57:26 deserializeInput: hasCrash true hasNet false
2023/03/09 11:57:26 prog length: 6
2023/03/09 11:57:26 prog length: 3
2023/03/09 11:57:26 deserializeInput: hasCrash true hasNet false
2023/03/09 11:57:26 prog length: 6
2023/03/09 11:57:26 prog length: 3
2023/03/09 11:57:26 deserializeInput: hasCrash true hasNet false
2023/03/09 11:57:26 prog length: 6
2023/03/09 11:57:26 prog length: 3
2023/03/09 11:57:26 deserializeInput: hasCrash true hasNet false
2023/03/09 11:57:26 prog length: 6
2023/03/09 11:57:26 prog length: 6
2023/03/09 11:57:26 prog length: 5
2023/03/09 11:57:26 deserializeInput: hasCrash true hasNet false
2023/03/09 11:57:26 prog length: 6
2023/03/09 11:57:26 prog length: 3
2023/03/09 11:57:26 fetching corpus: 222, signal 4690/19451/29642 (executing program)
2023/03/09 11:57:26 fetching corpus: 222, signal 4690/19451/30732 (executing program)
2023/03/09 11:57:26 fetching corpus: 222, signal 4690/19451/31860 (executing program)
2023/03/09 11:57:26 fetching corpus: 222, signal 4690/19451/32968 (executing program)
2023/03/09 11:57:26 fetching corpus: 222, signal 4690/19451/34080 (executing program)
2023/03/09 11:57:26 fetching corpus: 222, signal 4690/19451/35178 (executing program)
2023/03/09 11:57:26 fetching corpus: 222, signal 4690/19451/36295 (executing program)
2023/03/09 11:57:26 fetching corpus: 222, signal 4690/19451/37379 (executing program)
2023/03/09 11:57:26 fetching corpus: 222, signal 4690/19451/38503 (executing program)
2023/03/09 11:57:26 fetching corpus: 222, signal 4690/19451/39595 (executing program)
2023/03/09 11:57:26 fetching corpus: 222, signal 4690/19451/40671 (executing program)
2023/03/09 11:57:26 fetching corpus: 222, signal 4690/19451/40803 (executing program)
2023/03/09 11:57:26 fetching corpus: 222, signal 4690/19451/40803 (executing program)
2023/03/09 11:57:27 starting 1 fuzzer processes
2023/03/09 11:57:27 ----- generateCall 248 fstat fstat
2023/03/09 11:57:27 ----- generateCall 248 fstat fstat
2023/03/09 11:57:27 ----- generateCall 541 ioctl ioctl
2023/03/09 11:57:27 ----- generateCall 541 ioctl ioctl
2023/03/09 11:57:27 ----- generateCall 541 ioctl ioctl
2023/03/09 11:57:27 ----- generateCall 215 fcntl$setstatus fcntl$setstatus
2023/03/09 11:57:27 ----- generateCall 234 fsetxattr$security_ima fsetxattr$security_ima
2023/03/09 11:57:27 ----- generateCall 2462 openat openat
2023/03/09 11:57:27 ----- generateCall 211 fcntl$setown fcntl$setown
2023/03/09 11:57:27 ----- generateCall 2724 preadv preadv
2023/03/09 11:57:27 ----- generateCall 541 ioctl ioctl
2023/03/09 11:57:27 ----- generateCall 3985 write write
2023/03/09 11:57:27 ----- generateCall 2462 openat openat
2023/03/09 11:57:27 ----- generateCall 237 fsetxattr$smack_xattr_label fsetxattr$smack_xattr_label
2023/03/09 11:57:27 ----- generateCall 203 fcntl$dupfd fcntl$dupfd
2023/03/09 11:57:27 map[./file0:true ./file1:true]
2023/03/09 11:57:27 HasCrashFail: false, .HasNetFail: false
2023/03/09 11:57:27 prog length: 20
2023/03/09 11:57:27 HasCrashFail:false HasNetFail:false
11:57:27 ---executing program 0:
---
---
---
fstat(0xffffffffffffffff, &(0x7f0000000000))
fstat(0xffffffffffffffff, &(0x7f0000000080))
ioctl(0xffffffffffffffff, 0x9, &(0x7f0000000100)="e2fc6c76c5f35cce84607432ac334d1b28")
ioctl(0xffffffffffffffff, 0x8, &(0x7f0000000140)="c2e5b4cace1ffcaf7ccc22a5f6fd09cb7ffdff8d823f4da8ee9b820b2c43d9c778c5f6af56da992462986d842cc8a996265134321e56da44004144d531a4c8caa7c31e7ee38207aac3fe98642e9038da49f9a93965c8238b14bf4af99e0a034b213d88d782be19783b1f6384dcd8487e4ffebcf3b441")
ioctl(0xffffffffffffffff, 0x2, &(0x7f00000001c0)="dd19092fbeb9ae2cdba24cd8117bd68311dc20e454458e4b45f62d43c126e3a606546906af8abd1e3b2b2cdc37b837c93f0370c14993a609246a50dd4f33500ad4563bd639dd9bcd698d89dcf9a86fab7857a9847a36c1240e93ce2e7dd55dc212532b1e68075ae2f4e32c2fc0823c6259be115ce63ecb832269865a3d243dc7758fec05e6460e072b3d9ad01565d1922fd4d5f272776457ec5e631f998d7866c696f06ebb1d1561f1b1abb3f9fa91a24a2a0e98a782bb0f43c3ac33d67f367e36b795a9d88b7357074bce15f7be")
fcntl$setstatus(0xffffffffffffffff, 0x4, 0x2000)
r0 = fcntl$dupfd(0xffffffffffffffff, 0x406, 0xffffffffffffffff)
fsetxattr$security_ima(r0, &(0x7f00000002c0), &(0x7f0000000300)=@v1={0x2, "1c2c9ba487a2ada32207"}, 0xb, 0x1)
r1 = openat(0xffffffffffffffff, &(0x7f0000000340)='./file0\x00', 0x8000, 0x0)
fcntl$setown(r1, 0x8, 0xffffffffffffffff)
preadv(0xffffffffffffffff, &(0x7f0000001540)=[{&(0x7f0000000380)=""/152, 0x98}, {&(0x7f0000000440)=""/7, 0x7}, {&(0x7f0000000480)=""/4096, 0x1000}, {&(0x7f0000001480)=""/55, 0x37}, {&(0x7f00000014c0)=""/70, 0x46}], 0x5, 0xfffffff9, 0x5)
r2 = fcntl$dupfd(r0, 0x406, r1)
ioctl(r2, 0x1f, &(0x7f00000015c0)="5e590f40defe6fda67665cbc3acf8ce20cd2a09e31755ced5965dc438762fa166ab8f39589e3efdf0533bfb42c45a970aedd1fb4a892eef0e8184eb65cc7abdb95cbdada17bdb6ad3f23ae600394a71f6fc085ff18ae6e0cd92fee5d5eec5cd89b8f86e1")
r3 = openat(r0, &(0x7f0000001640)='./file1\x00', 0x129001, 0x4)
write(r3, &(0x7f0000001680)="7e6cee866329277146e459f4baa5986f83e845515fbafb62e7ade566dc11cadc4ce37b97750c0d27c5658e5db18fa07867a46ebb72d68be480e0be31c1bc1741ee40633573d173be19d415f2057ad2ea042cf15403894861ceeaa013d409b7676c1d0c657ed2106758ce9d81dca5447577e4b36a40f932389e9ef8d9249c6051e9d0323748045f63a9e5aef99785a188e917074419d512a30ff3bff0936289479464b12d67748d49d0601dcd7ad39c4d3d083e52e05955765e2c0c24b20d26e1858b45803858dd2e063525be", 0xcc)
openat(r0, &(0x7f0000001780)='./file0\x00', 0x2000, 0x18)
r4 = open(&(0x7f00000017c0)='./file0\x00', 0x100, 0x143)
fsetxattr$smack_xattr_label(r4, &(0x7f0000001800)='security.SMACK64IPOUT\x00', &(0x7f0000001840)={'-%,*+@%'}, 0x8, 0x1)
r5 = dup2(r0, r2)
fcntl$dupfd(r1, 0x406, r5)
---

end of program
2023/03/09 11:57:27 -----run executor: [/usr/bin/ssh -F /dev/null -o ConnectionAttempts=100 -o ConnectTimeout=120 -o UserKnownHostsFile=/dev/null -o BatchMode=yes -o IdentitiesOnly=yes -o StrictHostKeyChecking=no -o ConnectTimeout=100 -i /home/tlyu/dfs-fuzzing/disk-images/orangefs-images/focal.id_rsa root@192.168.0.35 /root/syz-executor exec 0 0 orangefs 3 4 192.168.0.35 0 "3 1" false false false true false]
2023/03/09 11:57:27 -----run executor: [/usr/bin/ssh -F /dev/null -o ConnectionAttempts=100 -o ConnectTimeout=120 -o UserKnownHostsFile=/dev/null -o BatchMode=yes -o IdentitiesOnly=yes -o StrictHostKeyChecking=no -o ConnectTimeout=100 -i /home/tlyu/dfs-fuzzing/disk-images/orangefs-images/focal.id_rsa root@192.168.0.36 /root/syz-executor exec 0 1 orangefs 3 4 192.168.0.35 0 "3 1" false false false true false]
2023/03/09 11:57:27 -----run executor: [/usr/bin/ssh -F /dev/null -o ConnectionAttempts=100 -o ConnectTimeout=120 -o UserKnownHostsFile=/dev/null -o BatchMode=yes -o IdentitiesOnly=yes -o StrictHostKeyChecking=no -o ConnectTimeout=100 -i /home/tlyu/dfs-fuzzing/disk-images/orangefs-images/focal.id_rsa root@192.168.0.37 /root/syz-executor exec 0 2 orangefs 3 4 192.168.0.35 0 "3 1" false false false true false]
2023/03/09 11:57:27 -----run executor: [/usr/bin/ssh -F /dev/null -o ConnectionAttempts=100 -o ConnectTimeout=120 -o UserKnownHostsFile=/dev/null -o BatchMode=yes -o IdentitiesOnly=yes -o StrictHostKeyChecking=no -o ConnectTimeout=100 -i /home/tlyu/dfs-fuzzing/disk-images/orangefs-images/focal.id_rsa root@192.168.0.38 /root/syz-executor exec 1 3 orangefs 3 4 192.168.0.35 0 "3 1" false false false true false]
Warning: Permanently added '192.168.0.35' (ECDSA) to the list of known hosts.
Warning: Permanently added '192.168.0.37' (ECDSA) to the list of known hosts.
Warning: Permanently added '192.168.0.36' (ECDSA) to the list of known hosts.
Warning: Permanently added '192.168.0.38' (ECDSA) to the list of known hosts.
----- is restarting 0
---- dfs_name orangefs is_dfs_client 0
unlink FIFO failed: No such file or directory
executor 0 finishes userspace_cover_open
before receiving handshake request
[    0.000000] kernel: Linux version 5.15.0+ (tlyu@IC-RS3-DPC07) (gcc (Ubuntu 9.4.0-1ubuntu1~20.04.1) 9.4.0, GNU ld (GNU Binutils for Ubuntu) 2.34) #7 SMP Sat Feb 18 10:18:37 CET 2023
[    0.000000] kernel: Command line: root=/dev/sda console=ttyS0 net.ifnames=0 ip=192.168.0.35 quiet
[    0.000000] kernel: x86/fpu: Supporting XSAVE feature 0x001: 'x87 floating point registers'
[    0.000000] kernel: x86/fpu: Supporting XSAVE feature 0x002: 'SSE registers'
[    0.000000] kernel: x86/fpu: Supporting XSAVE feature 0x004: 'AVX registers'
[    0.000000] kernel: x86/fpu: Supporting XSAVE feature 0x020: 'AVX-512 opmask'
[    0.000000] kernel: x86/fpu: Supporting XSAVE feature 0x040: 'AVX-512 Hi256'
[    0.000000] kernel: x86/fpu: Supporting XSAVE feature 0x080: 'AVX-512 ZMM_Hi256'
[    0.000000] kernel: x86/fpu: Supporting XSAVE feature 0x200: 'Protection Keys User registers'
[    0.000000] kernel: x86/fpu: xstate_offset[2]:  576, xstate_sizes[2]:  256
[    0.000000] kernel: x86/fpu: xstate_offset[5]:  832, xstate_sizes[5]:   64
[    0.000000] kernel: x86/fpu: xstate_offset[6]:  896, xstate_sizes[6]:  512
[    0.000000] kernel: x86/fpu: xstate_offset[7]: 1408, xstate_sizes[7]: 1024
[    0.000000] kernel: x86/fpu: xstate_offset[9]: 2432, xstate_sizes[9]:    8
[    0.000000] kernel: x86/fpu: Enabled xstate features 0x2e7, context size is 2440 bytes, using 'compacted' format.
[    0.000000] kernel: signal: max sigframe size: 3632
[    0.000000] kernel: BIOS-provided physical RAM map:
[    0.000000] kernel: BIOS-e820: [mem 0x0000000000000000-0x000000000009fbff] usable
[    0.000000] kernel: BIOS-e820: [mem 0x000000000009fc00-0x000000000009ffff] reserved
[    0.000000] kernel: BIOS-e820: [mem 0x00000000000f0000-0x00000000000fffff] reserved
[    0.000000] kernel: BIOS-e820: [mem 0x0000000000100000-0x00000000bffdffff] usable
[    0.000000] kernel: BIOS-e820: [mem 0x00000000bffe0000-0x00000000bfffffff] reserved
[    0.000000] kernel: BIOS-e820: [mem 0x00000000feffc000-0x00000000[D 01/16/2023 17:42:13] PVFS2 Server version 2.9.7-orangefs-REV-65ab0d2 starting.
[E 01/16/2023 17:43:19] PVFS2 server got signal 15 (server_status_flag: 2080767)
[D 02/18/2023 14:39:31] PVFS2 Server version 2.9.7-orangefs-REV-65ab0d2 starting.
[D 02/18/2023 14:47:30] PVFS2 received server: signal 1
[E 02/18/2023 14:47:30] PVFS2 server got signal 15 (server_status_flag: 2080767)
feffffff] reserved
[    0.000000] kernel: BIOS-e820: [mem 0x00000000fffc0000-0x00000000ffffffff] reserved
[    0.000000] kernel: BIOS-e820: [mem 0x0000000100000000-0x00000002bfffffff] usable
[    0.000000] kernel: NX (Execute Disable) protection: active
[    0.000000] kernel: SMBIOS 2.8 present.
[    0.000000] kernel: DMI: QEMU Standard PC (i440FX + PIIX, 1996), BIOS 1.13.0-1ubuntu1.1 04/01/2014
[    0.000000] kernel: Hypervisor detected: KVM
[    0.000000] kernel: kvm-clock: Using msrs 4b564d01 and 4b564d00
[    0.000000] kernel: kvm-clock: cpu 0, msr bb06e001, primary cpu clock
[    0.000001] kernel: kvm-clock: using sched offset of 545859925 cycles
[    0.000003] kernel: clocksource: kvm-clock: mask: 0xffffffffffffffff max_cycles: 0x1cd42e4dffb, max_idle_ns: 881590591483 ns
[    0.000005] kernel: tsc: Detected 2593.906 MHz processor
[    0.019133] kernel: e820: update [mem 0x00000000-0x00000fff] usable ==> reserved
[    0.019140] kernel: e820: remove [mem 0x000a0000-0x000fffff] usable
[    0.019145] kernel: last_pfn = 0x2c0000 max_arch_pfn = 0x10000000000
[    0.019201] kernel: x86/PAT: Configuration [0-7]: WB  WC  UC- UC  WB  WP  UC- WT  
[    0.019206] kernel: last_pfn = 0xbffe0 max_arch_pfn = 0x10000000000
[    0.023401] kernel: found SMP MP-table at [mem 0x000f5c80-0x000f5c8f]
[    0.023433] kernel: Using GB pages for direct mapping
[    0.024262] kernel: ACPI: Early table checksum verification disabled
[    0.024268] kernel: ACPI: RSDP 0x00000000000F5A50 000014 (v00 BOCHS )
[    0.024277] kernel: ACPI: RSDT 0x00000000BFFE15C9 000030 (v01 BOCHS  BXPCRSDT 00000001 BXPC 00000001)
[    0.024283] kernel: ACPI: FACP 0x00000000BFFE149D 000074 (v01 BOCHS  BXPCFACP 00000001 BXPC 00000001)
[    0.024288] kernel: ACPI: DSDT 0x00000000BFFE0040 00145D (v01 BOCHS  BXPCDSDT 00000001 BXPC 00000001)
[    0.024291] kernel: ACPI: FACS 0x00000000BFFE0000 000040
[    0.024294] kernel: ACPI: APIC 0x00000000BFFE1511 000080 (v01 BOCHS  BXPCAPIC 00000001 BXPC 00000001)
[    0.024296] kernel: ACPI: HPET 0x00000000BFFE1591 000038 (v01 BOCHS  BXPCHPET 00000001 BXPC 00000001)
[    0.024298] kernel: ACPI: Reserving FACP table memory at [mem 0xbffe149d-0xbffe1510]
[    0.024300] kernel: ACPI: Reserving DSDT table memory at [mem 0xbffe0040-0xbffe149c]
[    0.024301] kernel: ACPI: Reserving FACS table memory at [mem 0xbffe0000-0xbffe003f]
[    0.024302] kernel: ACPI: Reserving APIC table memory at [mem 0xbffe1511-0xbffe1590]
[    0.024303] kernel: ACPI: Reserving HPET table memory at [mem 0xbffe1591-0xbffe15c8]
[    0.024571] kernel: No NUMA configuration found
[    0.024572] kernel: Faking a node at [mem 0x0000000000000000-0x00000002bfffffff]
[    0.024575] kernel: NODE_DATA(0) allocated [mem 0x2bfffa000-0x2bfffdfff]
[    0.024634] kernel: Zone ranges:
[    0.024635] kernel:   DMA      [mem 0x0000000000001000-0x0000000000ffffff]
[    0.024637] kernel:   DMA32    [mem 0x0000000001000000-0x00000000ffffffff]
[    0.024638] kernel:   Normal   [mem 0x0000000100000000-0x00000002bfffffff]
[    0.024639] kernel: Movable zone start for each node
[    0.024640] kernel: Early memory node ranges
[    0.024640] kernel:   node   0: [mem 0x0000000000001000-0x000000000009efff]
[    0.024641] kernel:   node   0: [mem 0x0000000000100000-0x00000000bffdffff]
[    0.024642] kernel:   node   0: [mem 0x0000000100000000-0x00000002bfffffff]
[    0.024644] kernel: Initmem setup node 0 [mem 0x0000000000001000-0x00000002bfffffff]
[    0.025832] kernel: On node 0, zone DMA: 1 pages in unavailable ranges
[    0.025845] kernel: On node 0, zone DMA: 97 pages in unavailable ranges
[    0.181987] kernel: On node 0, zone Normal: 32 pages in unavailable ranges
[    0.841395] kernel: kasan: KernelAddressSanitizer initialized
[    0.841733] kernel: ACPI: PM-Timer IO Port: 0x608
[    0.841740] kernel: ACPI: LAPIC_NMI (acpi_id[0xff] dfl dfl lint[0x1])
[    0.841777] kernel: IOAPIC[0]: apic_id 0, version 17, address 0xfec00000, GSI 0-23
[    0.841779] kernel: ACPI: INT_SRC_OVR (bus 0 bus_irq 0 global_irq 2 dfl dfl)
[    0.841781] kernel: ACPI: INT_SRC_OVR (bus 0 bus_irq 5 global_irq 5 high level)
[    0.841782] kernel: ACPI: INT_SRC_OVR (bus 0 bus_irq 9 global_irq 9 high level)
[    0.841783] kernel: ACPI: INT_SRC_OVR (bus 0 bus_irq 10 global_irq 10 high level)
[    0.841784] kernel: ACPI: INT_SRC_OVR (bus 0 bus_irq 11 global_irq 11 high level)
[    0.841787] kernel: ACPI: Using ACPI (MADT) for SMP configuration information
[    0.841788] kernel: ACPI: HPET id: 0x8086a201 base: 0xfed00000
[    0.841791] kernel: TSC deadline timer available
[    0.841792] kernel: smpboot: Allowing 2 CPUs, 0 hotplug CPUs
[    0.841813] kernel: kvm-guest: KVM setup pv remote TLB flush
[    0.841817] kernel: kvm-guest: setup PV sched yield
[    0.841824] kernel: PM: hibernation: Registered nosave memory: [mem 0x00000000-0x00000fff]
[    0.841826] kernel: PM: hibernation: Registered nosave memory: [mem 0x0009f000-0x0009ffff]
[    0.841827] kernel: PM: hibernation: Registered nosave memory: [mem 0x000a0000-0x000effff]
[    0.841827] kernel: PM: hibernation: Registered nosave memory: [mem 0x000f0000-0x000fffff]
[    0.841828] kernel: PM: hibernation: Registered nosave memory: [mem 0xbffe0000-0xbfffffff]
[    0.841829] kernel: PM: hibernation: Registered nosave memory: [mem 0xc0000000-0xfeffbfff]
[    0.841829] kernel: PM: hibernation: Registered nosave memory: [mem 0xfeffc000-0xfeffffff]
[    0.841830] kernel: PM: hibernation: Registered nosave memory: [mem 0xff000000-0xfffbffff]
[    0.841830] kernel: PM: hibernation: Registered nosave memory: [mem 0xfffc0000-0xffffffff]
[    0.841832] kernel: [mem 0xc0000000-0xfeffbfff] available for PCI devices
[    0.841833] kernel: Booting paravirtualized kernel on KVM
[    0.841836] kernel: clocksource: refined-jiffies: mask: 0xffffffff max_cycles: 0xffffffff, max_idle_ns: 1910969940391419 ns
[    0.845763] kernel: setup_percpu: NR_CPUS:64 nr_cpumask_bits:64 nr_cpu_ids:2 nr_node_ids:1
[    0.846480] kernel: percpu: Embedded 56 pages/cpu s191576 r8192 d29608 u1048576
[    0.846485] kernel: pcpu-alloc: s191576 r8192 d29608 u1048576 alloc=1*2097152
[    0.846487] kernel: pcpu-alloc: [0] 0 1 
[    0.846510] kernel: kvm-guest: setup async PF for cpu 0
[    0.846516] kernel: kvm-guest: stealtime: cpu 0, msr 26561f140
[    0.846520] kernel: Built 1 zonelists, mobility grouping on.  Total pages: 2580192
[    0.846521] kernel: Policy zone: Normal
[    0.846522] kernel: Kernel command line: root=/dev/sda console=ttyS0 net.ifnames=0 ip=192.168.0.35 quiet
[    0.851844] kernel: Dentry cache hash table entries: 2097152 (order: 12, 16777216 bytes, linear)
[    0.854319] kernel: Inode-cache hash table entries: 1048576 (order: 11, 8388608 bytes, linear)
[    0.854371] kernel: mem auto-init: stack:off, heap alloc:off, heap free:off
[    1.065483] kernel: Memory: 8872644K/10485240K available (14348K kernel code, 2403K rwdata, 3568K rodata, 1384K init, 1732K bss, 1612396K reserved, 0K cma-reserved)
[    1.065570] kernel: SLUB: HWalign=64, Order=0-3, MinObjects=0, CPUs=2, Nodes=1
[    1.066202] kernel: rcu: Hierarchical RCU implementation.
[    1.066204] kernel: rcu:         RCU event tracing is enabled.
[    1.066205] kernel: rcu:         RCU restricting CPUs from NR_CPUS=64 to nr_cpu_ids=2.
[    1.066207] kernel: rcu: RCU calculated value of scheduler-enlistment delay is 100 jiffies.
[    1.066208] kernel: rcu: Adjusting geometry for rcu_fanout_leaf=16, nr_cpu_ids=2
[    1.068923] kernel: NR_IRQS: 4352, nr_irqs: 440, preallocated irqs: 16
[    1.069128] kernel: random: get_random_bytes called from start_kernel+0x4b1/0x67a with crng_init=0
[    1.073068] kernel: Console: colour VGA+ 80x25
[    1.073106] kernel: printk: console [ttyS0] enabled
[    1.073126] kernel: ACPI: Core revision 20210730
[    1.073268] kernel: clocksource: hpet: mask: 0xffffffff max_cycles: 0xffffffff, max_idle_ns: 19112604467 ns
[    1.073352] kernel: APIC: Switch to symmetric I/O mode setup
[    1.073355] kernel: kvm-guest: setup PV IPIs
[    1.074231] kernel: ..TIMER: vector=0x30 apic1=0 pin1=2 apic2=-1 pin2=-1
[    1.074251] kernel: clocksource: tsc-early: mask: 0xffffffffffffffff max_cycles: 0x2563bf907c6, max_idle_ns: 440795319401 ns
[    1.074258] kernel: Calibrating delay loop (skipped) preset value.. 5187.81 BogoMIPS (lpj=2593906)
[    1.074260] kernel: pid_max: default: 32768 minimum: 301
[    1.074293] kernel: LSM: Security Framework initializing
[    1.074307] kernel: SELinux:  Initializing.
[    1.075299] kernel: Mount-cache hash table entries: 32768 (order: 6, 262144 bytes, linear)
[    1.075902] kernel: Mountpoint-cache hash table entries: 32768 (order: 6, 262144 bytes, linear)
[    1.076347] kernel: x86/cpu: User Mode Instruction Prevention (UMIP) activated
[    1.076433] kernel: Last level iTLB entries: 4KB 0, 2MB 0, 4MB 0
[    1.076434] kernel: Last level dTLB entries: 4KB 0, 2MB 0, 4MB 0, 1GB 0
[    1.076444] kernel: Spectre V1 : Mitigation: usercopy/swapgs barriers and __user pointer sanitization
[    1.076448] kernel: Spectre V2 : Mitigation: Enhanced IBRS
[    1.076450] kernel: Spectre V2 : Spectre v2 / SpectreRSB mitigation: Filling RSB on context switch
[    1.076451] kernel: Spectre V2 : mitigation: Enabling conditional Indirect Branch Prediction Barrier
[    1.076452] kernel: Speculative Store Bypass: Mitigation: Speculative Store Bypass disabled via prctl and seccomp
[    1.076454] kernel: TAA: Mitigation: TSX disabled
[    1.082411] kernel: Freeing SMP alternatives memory: 40K
[    1.082562] kernel: smpboot: CPU0: Intel(R) Xeon(R) Gold 6348 CPU @ 2.60GHz (family: 0x6, model: 0x6a, stepping: 0x6)
[    1.082693] kernel: Performance Events: Icelake events, 32-deep LBR, full-width counters, Intel PMU driver.
[    1.082796] kernel: ... version:                2
[    1.082797] kernel: ... bit width:              48
[    1.082798] kernel: ... generic registers:      8
[    1.082798] kernel: ... value mask:             0000ffffffffffff
[    1.082799] kernel: ... max period:             00007fffffffffff
[    1.082800] kernel: ... fixed-purpose events:   3
[    1.082801] kernel: ... event mask:             00000007000000ff
[    1.082901] kernel: rcu: Hierarchical SRCU implementation.
[    1.083240] kernel: smp: Bringing up secondary CPUs ...
[    1.083253] kernel: x86: Booting SMP configuration:
[    1.083253] kernel: .... node  #0, CPUs:      #1
[    0.005159] kernel: kvm-clock: cpu 1, msr bb06e041, secondary cpu clock
[    0.005159] kernel: smpboot: CPU 1 Converting physical 0 to logical die 1
[    1.108275] kernel: kvm-guest: setup async PF for cpu 1
[    1.108280] kernel: kvm-guest: stealtime: cpu 1, msr 26571f140
[    1.108302] kernel: smp: Brought up 1 node, 2 CPUs
[    1.108304] kernel: smpboot: Max logical packages: 2
[    1.108305] kernel: smpboot: Total of 2 processors activated (10375.62 BogoMIPS)
[    1.108784] kernel: devtmpfs: initialized
[    1.109356] kernel: clocksource: jiffies: mask: 0xffffffff max_cycles: 0xffffffff, max_idle_ns: 1911260446275000 ns
[    1.109360] kernel: futex hash table entries: 512 (order: 3, 32768 bytes, linear)
[    1.109521] kernel: PM: RTC time: 10:57:13, date: 2023-03-09
[    1.110347] kernel: NET: Registered PF_NETLINK/PF_ROUTE protocol family
[    1.110543] kernel: audit: initializing netlink subsys (disabled)
[    1.110574] kernel: thermal_sys: Registered thermal governor 'step_wise'
[    1.110574] kernel: thermal_sys: Registered thermal governor 'user_space'
[    1.110574] kernel: audit: type=2000 audit(1678359433.640:1): state=initialized audit_enabled=0 res=1
[    1.110574] kernel: cpuidle: using governor menu
[    1.110574] kernel: ACPI: bus type PCI registered
[    1.110574] kernel: PCI: Using configuration type 1 for base access
[    1.117642] kernel: Kprobes globally optimized
[    1.118320] kernel: HugeTLB registered 2.00 MiB page size, pre-allocated 0 pages
[    1.118320] kernel: cryptomgr_test (26) used greatest stack depth: 31400 bytes left
[    1.119324] kernel: ACPI: Added _OSI(Module Device)
[    1.119324] kernel: ACPI: Added _OSI(Processor Device)
[    1.119324] kernel: ACPI: Added _OSI(3.0 _SCP Extensions)
[    1.119324] kernel: ACPI: Added _OSI(Processor Aggregator Device)
[    1.119324] kernel: ACPI: Added _OSI(Linux-Dell-Video)
[    1.119324] kernel: ACPI: Added _OSI(Linux-Lenovo-NV-HDMI-Audio)
[    1.119324] kernel: ACPI: Added _OSI(Linux-HPI-Hybrid-Graphics)
[    1.125120] kernel: ACPI: 1 ACPI AML tables successfully acquired and loaded
[    1.127758] kernel: ACPI: Interpreter enabled
[    1.127788] kernel: ACPI: PM: (supports S0 S3 S4 S5)
[    1.127789] kernel: ACPI: Using IOAPIC for interrupt routing
[    1.127816] kernel: PCI: Using host bridge windows from ACPI; if necessary, use "pci=nocrs" and report a bug
[    1.128184] kernel: ACPI: Enabled 2 GPEs in block 00 to 0F
[    1.138462] kernel: ACPI: PCI Root Bridge [PCI0] (domain 0000 [bus 00-ff])
[    1.138473] kernel: acpi PNP0A03:00: _OSC: OS supports [ASPM ClockPM Segments MSI HPX-Type3]
[    1.138516] kernel: acpi PNP0A03:00: fail to add MMCONFIG information, can't access extended PCI configuration space under this bridge.
[    1.138620] kernel: PCI host bridge to bus 0000:00
[    1.138623] kernel: pci_bus 0000:00: root bus resource [io  0x0000-0x0cf7 window]
[    1.138625] kernel: pci_bus 0000:00: root bus resource [io  0x0d00-0xffff window]
[    1.138627] kernel: pci_bus 0000:00: root bus resource [mem 0x000a0000-0x000bffff window]
[    1.138629] kernel: pci_bus 0000:00: root bus resource [mem 0xc0000000-0xfebfffff window]
[    1.138631] kernel: pci_bus 0000:00: root bus resource [mem 0x2c0000000-0x33fffffff window]
[    1.138633] kernel: pci_bus 0000:00: root bus resource [bus 00-ff]
[    1.139126] kernel: pci 0000:00:00.0: [8086:1237] type 00 class 0x060000
[    1.140003] kernel: pci 0000:00:01.0: [8086:7000] type 00 class 0x060100
[    1.140733] kernel: pci 0000:00:01.1: [8086:7010] type 00 class 0x010180
[    1.142923] kernel: pci 0000:00:01.1: reg 0x20: [io  0xc040-0xc04f]
[    1.143702] kernel: pci 0000:00:01.1: legacy IDE quirk: reg 0x10: [io  0x01f0-0x01f7]
[    1.143705] kernel: pci 0000:00:01.1: legacy IDE quirk: reg 0x14: [io  0x03f6]
[    1.143706] kernel: pci 0000:00:01.1: legacy IDE quirk: reg 0x18: [io  0x0170-0x0177]
[    1.143707] kernel: pci 0000:00:01.1: legacy IDE quirk: reg 0x1c: [io  0x0376]
[    1.144555] kernel: pci 0000:00:01.3: [8086:7113] type 00 class 0x068000
[    1.144817] kernel: pci 0000:00:01.3: quirk: [io  0x0600-0x063f] claimed by PIIX4 ACPI
[    1.144836] kernel: pci 0000:00:01.3: quirk: [io  0x0700-0x070f] claimed by PIIX4 SMB
[    1.145578] kernel: pci 0000:00:02.0: [1234:1111] type 00 class 0x030000
[    1.146671] kernel: pci 0000:00:02.0: reg 0x10: [mem 0xfd000000-0xfdffffff pref]
[    1.147969] kernel: pci 0000:00:02.0: reg 0x18: [mem 0xfeb90000-0xfeb90fff]
[    1.151258] kernel: pci 0000:00:02.0: reg 0x30: [mem 0xfeb80000-0xfeb8ffff pref]
[    1.152154] kernel: pci 0000:00:03.0: [1af4:1005] type 00 class ----- is restarting 0
---- dfs_name orangefs is_dfs_client 0
unlink FIFO failed: No such file or directory
executor 1 finishes userspace_cover_open
before receiving handshake request
req.flags ea2
[    0.000000] kernel: Linux version 5.15.0+ (tlyu@IC-RS3-DPC07) (gcc (Ubuntu 9.4.0-1ubuntu1~20.04.1) 9.4.0, GNU ld (GNU Binutils for Ubuntu) 2.34) #7 SMP Sat Feb 18 10:18:37 CET 2023
[    0.000000] kernel: Command line: root=/dev/sda console=ttyS0 net.ifnames=0 ip=192.168.0.36 quiet
[    0.000000] kernel: x86/fpu: Supporting XSAVE feature 0x001: 'x87 floating point registers'
[    0.000000] kernel: x86/fpu: Supporting XSAVE feature 0x002: 'SSE registers'
[    0.000000] kernel: x86/fpu: Supporting XSAVE feature 0x004: 'AVX registers'
[    0.000000] kernel: x86/fpu: Supporting XSAVE feature 0x020: 'AVX-512 opmask'
[    0.000000] kernel: x86/fpu: Supporting XSAVE feature 0x040: 'AVX-512 Hi256'
[    0.000000] kernel: x86/fpu: Supporting XSAVE feature 0x080: 'AVX-512 ZMM_Hi256'
[    0.000000] kernel: x86/fpu: Supporting XSAVE feature 0x200: 'Protection Keys User registers'
[    0.000000] kernel: x86/fpu: xstate_offset[2]:  576, xstate_sizes[2]:  256
[    0.000000] kernel: x86/fpu: xstate_0x00ff00
[    1.152714] kernel: pci 0000:00:03.0: reg 0x10: [io  0xc000-0xc01f]
[    1.155707] kernel: pci 0000:00:03.0: reg 0x20: [mem 0xfe200000-0xfe203fff 64bit pref]
[    1.157560] kernel: pci 0000:00:04.0: [1af4:1000] type 00 class 0x020000
[    1.158945] kernel: pci 0000:00:04.0: reg 0x10: [io  0xc020-0xc03f]
[    1.159795] kernel: pci 0000:00:04.0: reg 0x14: [mem 0xfeb91000-0xfeb91fff]
[    1.162953] kernel: pci 0000:00:04.0: reg 0x20: [mem 0xfe204000-0xfe207fff 64bit pref]
[    1.164900] kernel: pci 0000:00:04.0: reg 0x30: [mem 0xfeb00000-0xfeb7ffff pref]
[    1.167492] kernel: pci 0000:00:10.0: [1af4:1110] type 00 class 0x050000
[    1.169257] kernel: pci 0000:00:10.0: reg 0x10: [mem 0xfeb92000-0xfeb920ff]
[    1.171281] kernel: pci 0000:00:10.0: reg 0x18: [mem 0xfe000000-0xfe0fffff 64bit pref]
[    1.176523] kernel: pci 0000:00:11.0: [1af4:1110] type 00 class 0x050000
[    1.177257] kernel: pci 0000:00:11.0: reg 0x10: [mem 0xfeb93000-0xfeb930ff]
[    1.179257] kernel: pci 00[D 01/16/2023 17:42:13] PVFS2 Server version 2.9.7-orangefs-REV-65ab0d2 starting.
[E 01/16/2023 17:43:19] PVFS2 server got signal 15 (server_status_flag: 2080767)
[D 02/18/2023 14:39:31] PVFS2 Server version 2.9.7-orangefs-REV-65ab0d2 starting.
[D 02/18/2023 14:47:30] PVFS2 received server: signal 1
[E 02/18/2023 14:47:30] PVFS2 server got signal 15 (server_status_flag: 2080767)
offset[5]:  832, xstate_sizes[5]:   64
[    0.000000] kernel: x86/fpu: xstate_offset[6]:  896, xstate_sizes[6]:  512
[    0.000000] kernel: x86/fpu: xstate_offset[7]: 1408, xstate_sizes[7]: 1024
[    0.000000] kernel: x86/fpu: xstate_offset[9]: 2432, xstate_sizes[9]:    8
[    0.000000] kernel: x86/fpu: Enabled xstate features 0x2e7, context size is 2440 bytes, using 'compacted' format.
[    0.000000] kernel: signal: max sigframe size: 3632
[    0.000000] kernel: BIOS-provided physical RAM map:
[    0.000000] kernel: BIOS-e820: [mem 0x0000000000000000-0x000000000009fbff] usable
[    0.000000] kernel: BIOS-e820: [mem 0x000000000009fc00-0x000000000009ffff] reserved
[    0.000000] kernel: BIOS-e820: [mem 0x00000000000f0000-0x00000000000fffff] reserved
[    0.000000] kernel: BIOS-e820: [mem 0x0000000000100000-0x00000000bffdffff] usable
[    0.000000] kernel: BIOS-e820: [mem 0x00000000bffe0000-0x00000000bfffffff] reserved
[    0.000000] kernel: BIOS-e820: [mem 0x00000000feffc000-0x0000000000:00:11.0: reg 0x18: [mem 0xfe208000-0xfe2083ff 64bit pref]
[    1.183027] kernel: pci 0000:00:12.0: [1af4:1110] type 00 class 0x050000
[    1.183885] kernel: pci 0000:00:12.0: reg 0x10: [mem 0xfeb94000-0xfeb940ff]
[    1.185925] kernel: pci 0000:00:12.0: reg 0x18: [mem 0xfe100000-0xfe1fffff 64bit pref]
[    1.193972] kernel: ACPI: PCI: Interrupt link LNKA configured for IRQ 10
[    1.194688] kernel: ACPI: PCI: Interrupt link LNKB configured for IRQ 10
[    1.195343] kernel: ACPI: PCI: Interrupt link LNKC configured for IRQ 11
[    1.195947] kernel: ACPI: PCI: Interrupt link LNKD configured for IRQ 11
[    1.196151] kernel: ACPI: PCI: Interrupt link LNKS configured for IRQ 9
[    1.197341] kernel: iommu: Default domain type: Translated 
[    1.197343] kernel: iommu: DMA domain TLB invalidation policy: lazy mode 
[    1.197692] kernel: pci 0000:00:02.0: vgaarb: setting as boot VGA device
[    1.197694] kernel: pci 0000:00:02.0: vgaarb: VGA device added: decodes=io+mem,owns=io+mem,lockfeffffff] reserved
[    0.000000] kernel: BIOS-e820: [mem 0x00000000fffc0000-0x00000000ffffffff] reserved
[    0.000000] kernel: BIOS-e820: [mem 0x0000000100000000-0x00000002bfffffff] usable
[    0.000000] kernel: NX (Execute Disable) protection: active
[    0.000000] kernel: SMBIOS 2.8 present.
[    0.000000] kernel: DMI: QEMU Standard PC (i440FX + PIIX, 1996), BIOS 1.13.0-1ubuntu1.1 04/01/2014
[    0.000000] kernel: Hypervisor detected: KVM
[    0.000000] kernel: kvm-clock: Using msrs 4b564d01 and 4b564d00
[    0.000000] kernel: kvm-clock: cpu 0, msr 2b126e001, primary cpu clock
[    0.000001] kernel: kvm-clock: using sched offset of 375713529 cycles
[    0.000002] kernel: clocksource: kvm-clock: mask: 0xffffffffffffffff max_cycles: 0x1cd42e4dffb, max_idle_ns: 881590591483 ns
[    0.000004] kernel: tsc: Detected 2593.906 MHz processor
[    0.000432] kernel: e820: update [mem 0x00000000-0x00000fff] usable ==> reserved
[    0.000434] kernel: e820: remove [mem 0x000a0000-0x000fffff] usable
[    0.000437] kernel: last_pfn = 0x2c0000 max_arch_pfn = 0x10000000000
[    0.000484] kernel: x86/PAT: Configuration [0-7]: WB  WC  UC- UC  WB  WP  UC- WT  
[    0.000490] kernel: last_pfn = 0xbffe0 max_arch_pfn = 0x10000000000
[    0.004753] kernel: found SMP MP-table at [mem 0x000f5c80-0x000f5c8f]
[    0.004777] kernel: Using GB pages for direct mapping
[    0.004900] kernel: ACPI: Early table checksum verification disabled
[    0.004904] kernel: ACPI: RSDP 0x00000000000F5A50 000014 (v00 BOCHS )
[    0.004912] kernel: ACPI: RSDT 0x00000000BFFE15C9 000030 (v01 BOCHS  BXPCRSDT 00000001 BXPC 00000001)
[    0.004918] kernel: ACPI: FACP 0x00000000BFFE149D 000074 (v01 BOCHS  BXPCFACP 00000001 BXPC 00000001)
[    0.004923] kernel: ACPI: DSDT 0x00000000BFFE0040 00145D (v01 BOCHS  BXPCDSDT 00000001 BXPC 00000001)
[    0.004926] kernel: ACPI: FACS 0x00000000BFFE0000 000040
[    0.004928] kernel: ACPI: APIC 0x00000000BFFE1511 000080 (v01 BOCHS  BXPCAPIC 00000001 BXPC 00000001)
[    0.004s=none
[    1.197697] kernel: pci 0000:00:02.0: vgaarb: bridge control possible
[    1.197698] kernel: vgaarb: loaded
[    1.198083] kernel: SCSI subsystem initialized
[    1.198340] kernel: libata version 3.00 loaded.
[    1.198474] kernel: ACPI: bus type USB registered
[    1.198542] kernel: usbcore: registered new interface driver usbfs
[    1.198563] kernel: usbcore: registered new interface driver hub
[    1.198601] kernel: usbcore: registered new device driver usb
[    1.198846] kernel: pps_core: LinuxPPS API ver. 1 registered
[    1.198847] kernel: pps_core: Software ver. 5.3.6 - Copyright 2005-2007 Rodolfo Giometti <giometti@linux.it>
[    1.198859] kernel: PTP clock support registered
[    1.199395] kernel: Advanced Linux Sound Architecture Driver Initialized.
[    1.200089] kernel: NetLabel: Initializing
[    1.200090] kernel: NetLabel:  domain hash size = 128
[    1.200115] kernel: NetLabel:  protocols = UNLABELED CIPSOv4 CALIPSO
[    1.200149] kernel: NetLabel:  unlabeled 931] kernel: ACPI: HPET 0x00000000BFFE1591 000038 (v01 BOCHS  BXPCHPET 00000001 BXPC 00000001)
[    0.004932] kernel: ACPI: Reserving FACP table memory at [mem 0xbffe149d-0xbffe1510]
[    0.004934] kernel: ACPI: Reserving DSDT table memory at [mem 0xbffe0040-0xbffe149c]
[    0.004934] kernel: ACPI: Reserving FACS table memory at [mem 0xbffe0000-0xbffe003f]
[    0.004935] kernel: ACPI: Reserving APIC table memory at [mem 0xbffe1511-0xbffe1590]
[    0.004935] kernel: ACPI: Reserving HPET table memory at [mem 0xbffe1591-0xbffe15c8]
[    0.005188] kernel: No NUMA configuration found
[    0.005189] kernel: Faking a node at [mem 0x0000000000000000-0x00000002bfffffff]
[    0.005191] kernel: NODE_DATA(0) allocated [mem 0x2bfffc000-0x2bfffffff]
[    0.006006] kernel: Zone ranges:
[    0.006008] kernel:   DMA      [mem 0x0000000000001000-0x0000000000ffffff]
[    0.006010] kernel:   DMA32    [mem 0x0000000001000000-0x00000000ffffffff]
[    0.006011] kernel:   Normal   [mem 0x0000000100000000-0x0traffic allowed by default
[    1.200268] kernel: PCI: Using ACPI for IRQ routing
[    1.200270] kernel: PCI: pci_cache_line_size set to 64 bytes
[    1.200456] kernel: e820: reserve RAM buffer [mem 0x0009fc00-0x0009ffff]
[    1.200461] kernel: e820: reserve RAM buffer [mem 0xbffe0000-0xbfffffff]
[    1.200595] kernel: hpet0: at MMIO 0xfed00000, IRQs 2, 8, 0
[    1.200598] kernel: hpet0: 3 comparators, 64-bit 100.000000 MHz counter
[    1.204325] kernel: clocksource: Switched to clocksource kvm-clock
[    1.263449] kernel: VFS: Disk quotas dquot_6.6.0
[    1.263467] kernel: VFS: Dquot-cache hash table entries: 512 (order 0, 4096 bytes)
[    1.263647] kernel: pnp: PnP ACPI init
[    1.264366] kernel: pnp 00:03: [dma 2]
[    1.266657] kernel: pnp: PnP ACPI: found 6 devices
[    1.279429] kernel: clocksource: acpi_pm: mask: 0xffffff max_cycles: 0xffffff, max_idle_ns: 2085701024 ns
[    1.279514] kernel: NET: Registered PF_INET protocol family
[    1.280808] kernel: IP idents hash table e0000002bfffffff]
[    0.006012] kernel: Movable zone start for each node
[    0.006013] kernel: Early memory node ranges
[    0.006013] kernel:   node   0: [mem 0x0000000000001000-0x000000000009efff]
[    0.006015] kernel:   node   0: [mem 0x0000000000100000-0x00000000bffdffff]
[    0.006016] kernel:   node   0: [mem 0x0000000100000000-0x00000002bfffffff]
[    0.006017] kernel: Initmem setup node 0 [mem 0x0000000000001000-0x00000002bfffffff]
[    0.006672] kernel: On node 0, zone DMA: 1 pages in unavailable ranges
[    0.006683] kernel: On node 0, zone DMA: 97 pages in unavailable ranges
[    0.072447] kernel: On node 0, zone Normal: 32 pages in unavailable ranges
[    0.580555] kernel: kasan: KernelAddressSanitizer initialized
[    0.580891] kernel: ACPI: PM-Timer IO Port: 0x608
[    0.580898] kernel: ACPI: LAPIC_NMI (acpi_id[0xff] dfl dfl lint[0x1])
[    0.580935] kernel: IOAPIC[0]: apic_id 0, version 17, address 0xfec00000, GSI 0-23
[    0.580937] kernel: ACPI: INT_SRC_OVR (bus 0 bus_irq 0 global_irq 2 dfl dfl)
[    0.580939] kernel: ACPI: INT_SRC_OVR (bus 0 bus_irq 5 global_irq 5 high level)
[    0.580940] kernel: ACPI: INT_SRC_OVR (bus 0 bus_irq 9 global_irq 9 high level)
[    0.580941] kernel: ACPI: INT_SRC_OVR (bus 0 bus_irq 10 global_irq 10 high level)
[    0.580942] kernel: ACPI: INT_SRC_OVR (bus 0 bus_irq 11 global_irq 11 high level)
[    0.580944] kernel: ACPI: Using ACPI (MADT) for SMP configuration information
[    0.580945] kernel: ACPI: HPET id: 0x8086a201 base: 0xfed00000
[    0.580948] kernel: TSC deadline timer available
[    0.580950] kernel: smpboot: Allowing 2 CPUs, 0 hotplug CPUs
[    0.580972] kernel: kvm-guest: KVM setup pv remote TLB flush
[    0.580976] kernel: kvm-guest: setup PV sched yield
[    0.580984] kernel: PM: hibernation: Registered nosave memory: [mem 0x00000000-0x00000fff]
[    0.580985] kernel: PM: hibernation: Registered nosave memory: [mem 0x0009f000-0x0009ffff]
[    0.580986] kernel: PM: hibernation: Registered nosave memontries: 262144 (order: 9, 2097152 bytes, linear)
[    1.293415] kernel: tcp_listen_portaddr_hash hash table entries: 8192 (order: 5, 131072 bytes, linear)
[    1.294462] kernel: TCP established hash table entries: 131072 (order: 8, 1048576 bytes, linear)
[    1.294665] kernel: TCP bind hash table entries: 65536 (order: 8, 1048576 bytes, linear)
[    1.295740] kernel: TCP: Hash tables configured (established 131072 bind 65536)
[    1.295890] kernel: UDP hash table entries: 8192 (order: 6, 262144 bytes, linear)
[    1.295956] kernel: UDP-Lite hash table entries: 8192 (order: 6, 262144 bytes, linear)
[    1.296116] kernel: NET: Registered PF_UNIX/PF_LOCAL protocol family
[    1.299327] kernel: pci_bus 0000:00: resource 4 [io  0x0000-0x0cf7 window]
[    1.299331] kernel: pci_bus 0000:00: resource 5 [io  0x0d00-0xffff window]
[    1.299332] kernel: pci_bus 0000:00: resource 6 [mem 0x000a0000-0x000bffff window]
[    1.299333] kernel: pci_bus 0000:00: resource 7 [mem 0xc0000000-0xfebfffff wiry: [mem 0x000a0000-0x000effff]
[    0.580987] kernel: PM: hibernation: Registered nosave memory: [mem 0x000f0000-0x000fffff]
[    0.580988] kernel: PM: hibernation: Registered nosave memory: [mem 0xbffe0000-0xbfffffff]
[    0.580989] kernel: PM: hibernation: Registered nosave memory: [mem 0xc0000000-0xfeffbfff]
[    0.580989] kernel: PM: hibernation: Registered nosave memory: [mem 0xfeffc000-0xfeffffff]
[    0.580990] kernel: PM: hibernation: Registered nosave memory: [mem 0xff000000-0xfffbffff]
[    0.580990] kernel: PM: hibernation: Registered nosave memory: [mem 0xfffc0000-0xffffffff]
[    0.580992] kernel: [mem 0xc0000000-0xfeffbfff] available for PCI devices
[    0.580993] kernel: Booting paravirtualized kernel on KVM
[    0.580995] kernel: clocksource: refined-jiffies: mask: 0xffffffff max_cycles: 0xffffffff, max_idle_ns: 1910969940391419 ns
[    0.584910] kernel: setup_percpu: NR_CPUS:64 nr_cpumask_bits:64 nr_cpu_ids:2 nr_node_ids:1
[    0.585678] kernel: percpu: Embedded 56 pndow]
[    1.299334] kernel: pci_bus 0000:00: resource 8 [mem 0x2c0000000-0x33fffffff window]
[    1.299556] kernel: pci 0000:00:01.0: PIIX3: Enabling Passive Release
[    1.299588] kernel: pci 0000:00:00.0: Limiting direct PCI/PCI transfers
[    1.299597] kernel: pci 0000:00:01.0: Activating ISA DMA hang workarounds
[    1.299632] kernel: pci 0000:00:02.0: Video device with shadowed ROM at [mem 0x000c0000-0x000dffff]
[    1.299689] kernel: PCI: CLS 0 bytes, default 64
[    1.300066] kernel: PCI-DMA: Using software bounce buffering for IO (SWIOTLB)
[    1.300067] kernel: software IO TLB: mapped [mem 0x00000000bbfe0000-0x00000000bffe0000] (64MB)
[    1.300600] kernel: RAPL PMU: API unit is 2^-32 Joules, 0 fixed counters, 10737418240 ms ovfl timer
[    1.300637] kernel: clocksource: tsc: mask: 0xffffffffffffffff max_cycles: 0x2563bf907c6, max_idle_ns: 440795319401 ns
[    1.300706] kernel: clocksource: Switched to clocksource tsc
[    1.304787] kernel: Initialise system trusted keyringsages/cpu s191576 r8192 d29608 u1048576
[    0.585683] kernel: pcpu-alloc: s191576 r8192 d29608 u1048576 alloc=1*2097152
[    0.585686] kernel: pcpu-alloc: [0] 0 1 
[    0.585710] kernel: kvm-guest: setup async PF for cpu 0
[    0.585716] kernel: kvm-guest: stealtime: cpu 0, msr 26381f140
[    0.585721] kernel: Built 1 zonelists, mobility grouping on.  Total pages: 2580192
[    0.585722] kernel: Policy zone: Normal
[    0.585724] kernel: Kernel command line: root=/dev/sda console=ttyS0 net.ifnames=0 ip=192.168.0.36 quiet
[    0.592172] kernel: Dentry cache hash table entries: 2097152 (order: 12, 16777216 bytes, linear)
[    0.595438] kernel: Inode-cache hash table entries: 1048576 (order: 11, 8388608 bytes, linear)
[    0.595497] kernel: mem auto-init: stack:off, heap alloc:off, heap free:off
[    0.963026] kernel: Memory: 8872652K/10485240K available (14348K kernel code, 2403K rwdata, 3568K rodata, 1384K init, 1732K bss, 1612388K reserved, 0K cma-reserved)
[    0.963117] kernel: SLUB:
[    1.307512] kernel: workingset: timestamp_bits=56 max_order=22 bucket_order=0
[    1.314956] kernel: fuse: init (API version 7.34)
[    1.315358] kernel: orangefs_debugfs_init: called with debug mask: :none: :0:
[    1.315450] kernel: orangefs_init: module version upstream loaded
[    1.338756] kernel: Key type asymmetric registered
[    1.338759] kernel: Asymmetric key parser 'x509' registered
[    1.338895] kernel: Block layer SCSI generic (bsg) driver version 0.4 loaded (major 250)
[    1.338897] kernel: io scheduler mq-deadline registered
[    1.338898] kernel: io scheduler kyber registered
[    1.339523] kernel: input: Power Button as /devices/LNXSYSTM:00/LNXPWRBN:00/input/input0
[    1.339666] kernel: ACPI: button: Power Button [PWRF]
[    1.787824] kernel: ACPI: \_SB_.LNKC: Enabled at IRQ 11
[    2.085402] kernel: ACPI: \_SB_.LNKD: Enabled at IRQ 10
[    2.086577] kernel: Serial: 8250/16550 driver, 4 ports, IRQ sharing enabled
[    2.086694] kernel: 00:05: ttyS0 at I/O 0x3f----- is restarting 0
---- dfs_name orangefs is_dfs_client 0
 HWalign=64, Order=0-3, MinObjects=0, CPUs=2, Nodes=1
[    0.963840] kernel: rcu: Hierarchical RCU implementation.
[    0.963841] kernel: rcu:         RCU event tracing is enabled.
[    0.963842] kernel: rcu:         RCU restricting CPUs from NR_CPUS=64 to nr_cpu_ids=2.
[    0.963844] kernel: rcu: RCU calculated value of scheduler-enlistment delay is 100 jiffies.
[    0.963846] kernel: rcu: Adjusting geometry for rcu_fanout_leaf=16, nr_cpu_ids=2
[    0.969240] kernel: NR_IRQS: 4352, nr_irqs: 440, preallocated irqs: 16
[    0.969448] kernel: random: get_random_bytes called from start_kernel+0x4b1/0x67a with crng_init=0
[    0.973365] kernel: Console: colour VGA+ 80x25
[    0.973410] kernel: printk: console [ttyS0] enabled
[    0.973431] kernel: ACPI: Core revision 20210730
[    0.973574] kernel: clocksource: hpet: mask: 0xffffffff max_cycles: 0xffffffff, max_idle_ns: 19112604467 ns
[    0.973661] kernel: APIC: Switch to symmetric I/O mode setup
[    0.973665] kernel: kvm-guest: setup P8 (irq = 4, base_baud = 115200) is a 16550A
[    2.087457] kernel: Non-volatile memory driver v1.3
[    2.087507] kernel: Linux agpgart interface v0.103
[    2.091511] kernel: loop: module loaded
[    2.091716] kernel: ata_piix 0000:00:01.1: version 2.13
[    2.108165] kernel: scsi host0: ata_piix
[    2.108489] kernel: scsi host1: ata_piix
[    2.108568] kernel: ata1: PATA max MWDMA2 cmd 0x1f0 ctl 0x3f6 bmdma 0xc040 irq 14
[    2.108570] kernel: ata2: PATA max MWDMA2 cmd 0x170 ctl 0x376 bmdma 0xc048 irq 15
[    2.108859] kernel: libphy: Fixed MDIO Bus: probed
[    2.113567] kernel: e100: Intel(R) PRO/100 Network Driver
[    2.113570] kernel: e100: Copyright(c) 1999-2006 Intel Corporation
[    2.113580] kernel: e1000: Intel(R) PRO/1000 Network Driver
[    2.113581] kernel: e1000: Copyright (c) 1999-2006 Intel Corporation.
[    2.113602] kernel: e1000e: Intel(R) PRO/1000 Network Driver
[    2.113602] kernel: e1000e: Copyright(c) 1999 - 2015 Intel Corporation.
[    2.113622] kernel: skyV IPIs
[    0.974532] kernel: ..TIMER: vector=0x30 apic1=0 pin1=2 apic2=-1 pin2=-1
[    0.974552] kernel: clocksource: tsc-early: mask: 0xffffffffffffffff max_cycles: 0x2563bf907c6, max_idle_ns: 440795319401 ns
[    0.974559] kernel: Calibrating delay loop (skipped) preset value.. 5187.81 BogoMIPS (lpj=2593906)
[    0.974561] kernel: pid_max: default: 32768 minimum: 301
[    0.974596] kernel: LSM: Security Framework initializing
[    0.974611] kernel: SELinux:  Initializing.
[    0.975606] kernel: Mount-cache hash table entries: 32768 (order: 6, 262144 bytes, linear)
[    0.976131] kernel: Mountpoint-cache hash table entries: 32768 (order: 6, 262144 bytes, linear)
[    0.976536] kernel: x86/cpu: User Mode Instruction Prevention (UMIP) activated
[    0.976555] kernel: Last level iTLB entries: 4KB 0, 2MB 0, 4MB 0
[    0.976555] kernel: Last level dTLB entries: 4KB 0, 2MB 0, 4MB 0, 1GB 0
[    0.976555] kernel: Spectre V1 : Mitigation: usercopy/swapgs barriers and __user pointer sanitizat2: driver version 1.30
[    2.113848] kernel: ehci_hcd: USB 2.0 'Enhanced' Host Controller (EHCI) Driver
[    2.113849] kernel: ehci-pci: EHCI PCI platform driver
[    2.113861] kernel: ohci_hcd: USB 1.1 'Open' Host Controller (OHCI) Driver
[    2.113867] kernel: ohci-pci: OHCI PCI platform driver
[    2.113876] kernel: uhci_hcd: USB Universal Host Controller Interface driver
[    2.113987] kernel: usbcore: registered new interface driver usblp
[    2.114001] kernel: usbcore: registered new interface driver usb-storage
[    2.114049] kernel: i8042: PNP: PS/2 Controller [PNP0303:KBD,PNP0f13:MOU] at 0x60,0x64 irq 1,12
[    2.114596] kernel: serio: i8042 KBD port at 0x60,0x64 irq 1
[    2.114601] kernel: serio: i8042 AUX port at 0x60,0x64 irq 12
[    2.114985] kernel: input: AT Translated Set 2 keyboard as /devices/platform/i8042/serio0/input/input1
[    2.115228] kernel: rtc_cmos 00:00: RTC can wake from S4
[    2.116375] kernel: rtc_cmos 00:00: registered as rtc0
[    2.116449] kernel:unlink FIFO failed: No such file or directory
ion
[    0.976555] kernel: Spectre V2 : Mitigation: Enhanced IBRS
[    0.976555] kernel: Spectre V2 : Spectre v2 / SpectreRSB mitigation: Filling RSB on context switch
[    0.976555] kernel: Spectre V2 : mitigation: Enabling conditional Indirect Branch Prediction Barrier
[    0.976555] kernel: Speculative Store Bypass: Mitigation: Speculative Store Bypass disabled via prctl and seccomp
[    0.976555] kernel: TAA: Mitigation: TSX disabled
[    0.982417] kernel: Freeing SMP alternatives memory: 40K
[    0.982555] kernel: smpboot: CPU0: Intel(R) Xeon(R) Gold 6348 CPU @ 2.60GHz (family: 0x6, model: 0x6a, stepping: 0x6)
[    0.982555] kernel: Performance Events: Icelake events, 32-deep LBR, full-width counters, Intel PMU driver.
[    0.982555] kernel: ... version:                2
[    0.982555] kernel: ... bit width:              48
[    0.982555] kernel: ... generic registers:      8
[    0.982555] kernel: ... value mask:             0000ffffffffffff
[    0.982555] kernel: ... max period[    0.000000] kernel: Linux version 5.15.0+ (tlyu@IC-RS3-DPC07) (gcc (Ubuntu 9.4.0-1ubuntu1~20.04.1) 9.4.0, GNU ld (GNU Binutils for Ubuntu) 2.34) #7 SMP Sat Feb 18 10:18:37 CET 2023
[    0.000000] kernel: Command line: root=/dev/sda console=ttyS0 net.ifnames=0 ip=192.168.0.37 quiet
[    0.000000] kernel: x86/fpu: Supporting XSAVE feature 0x001: 'x87 floating point registers'
[    0.000000] kernel: x86/fpu: Supporting XSAVE feature 0x002: 'SSE registers'
[    0.000000] kernel: x86/fpu: Supporting XSAVE feature 0x004: 'AVX registers'
[    0.000000] kernel: x86/fpu: Supporting XSAVE feature 0x020: 'AVX-512 opmask'
[    0.000000] kernel: x86/fpu: Supporting XSAVE feature 0x040: 'AVX-512 Hi256'
[    0.000000] kernel: x86/fpu: Supporting XSAVE feature 0x080: 'AVX-512 ZMM_Hi256'
[    0.000000] kernel: x86/fpu: Supporting XSAVE feature 0x200: 'Protection Keys User registers'
[    0.000000] kernel: x86/fpu: xstate_offset[2]:  576, xstate_sizes[2]:  256
[    0.000000] kernel: x86/fpu: xstate_ rtc_cmos 00:00: alarms up to one day, y3k, 114 bytes nvram, hpet irqs
[    2.116875] kernel: device-mapper: ioctl: 4.45.0-ioctl (2021-03-22) initialised: dm-devel@redhat.com
[    2.116879] kernel: intel_pstate: CPU model not supported
[    2.116940] kernel: hid: raw HID events driver (C) Jiri Kosina
[    2.117185] kernel: usbcore: registered new interface driver usbhid
[    2.117186] kernel: usbhid: USB HID core driver
[    2.117525] kernel: netem: version 1.3
[    2.119796] kernel: Initializing XFRM netlink socket
[    2.120031] kernel: NET: Registered PF_INET6 protocol family
[    2.152062] kernel: hpet: Lost 1 RTC interrupts
[    2.152337] kernel: Segment Routing with IPv6
[    2.152352] kernel: In-situ OAM (IOAM) with IPv6
[    2.152428] kernel: sit: IPv6, IPv4 and MPLS over IPv4 tunneling driver
[    2.152658] kernel: NET: Registered PF_PACKET protocol family
[    2.152700] kernel: 9pnet: Installing 9P2000 support
[    2.152727] kernel: Key type dns_resolver registered
[    2.15:             00007fffffffffff
[    0.982555] kernel: ... fixed-purpose events:   3
[    0.982555] kernel: ... event mask:             00000007000000ff
[    0.982555] kernel: rcu: Hierarchical SRCU implementation.
[    0.982555] kernel: smp: Bringing up secondary CPUs ...
[    0.982555] kernel: x86: Booting SMP configuration:
[    0.982555] kernel: .... node  #0, CPUs:      #1
[    0.005140] kernel: kvm-clock: cpu 1, msr 2b126e041, secondary cpu clock
[    0.005140] kernel: smpboot: CPU 1 Converting physical 0 to logical die 1
[    1.012590] kernel: kvm-guest: setup async PF for cpu 1
[    1.012597] kernel: kvm-guest: stealtime: cpu 1, msr 26391f140
[    1.013591] kernel: smp: Brought up 1 node, 2 CPUs
[    1.013596] kernel: smpboot: Max logical packages: 2
[    1.013597] kernel: smpboot: Total of 2 processors activated (10375.62 BogoMIPS)
[    1.014611] kernel: devtmpfs: initialized
[    1.015677] kernel: clocksource: jiffies: mask: 0xffffffff max_cycles: 0xffffffff, max_idle_ns: 191offset[5]:  832, xstate_sizes[5]:   64
[    0.000000] kernel: x86/fpu: xstate_offset[6]:  896, xstate_sizes[6]:  512
[    0.000000] kernel: x86/fpu: xstate_offset[7]: 1408, xstate_sizes[7]: 1024
[    0.000000] kernel: x86/fpu: xstate_offset[9]: 2432, xstate_sizes[9]:    8
[    0.000000] kernel: x86/fpu: Enabled xstate features 0x2e7, context size is 2440 bytes, using 'compacted' format.
[    0.000000] kernel: signal: max sigframe size: 3632
[    0.000000] kernel: BIOS-provided physical RAM map:
[    0.000000] kernel: BIOS-e820: [mem 0x0000000000000000-0x000000000009fbff] usable
[    0.000000] kernel: BIOS-e820: [mem 0x000000000009fc00-0x000000000009ffff] reserved
[    0.000000] kernel: BIOS-e820: [mem 0x00000000000f0000-0x00000000000fffff] reserved
[    0.000000] kernel: BIOS-e820: [mem 0x0000000000100000-0x00000000bffdffff] usable
[    0.000000] kernel: BIOS-e820: [mem 0x00000000bffe0000-0x00000000bfffffff] reserved
[    0.000000] kernel: BIOS-e820: [mem 0x00000000feffc000-0x000000002748] kernel: Key type ceph registered
[    2.152927] kernel: libceph: loaded (mon/osd proto 15/24)
[    2.153148] kernel: IPI shorthand broadcast: enabled
[    2.153169] kernel: sched_clock: Marking stable (2148943755, 4159735)->(2251013617, -97910127)
[    2.153407] kernel: registered taskstats version 1
[    2.153408] kernel: Loading compiled-in X.509 certificates
[    2.155828] kernel: PM:   Magic number: 15:159:982
[    2.155873] kernel: printk: console [netcon0] enabled
[    2.155874] kernel: netconsole: network logging started
[    2.264793] kernel: ata1.01: NODEV after polling detection
[    2.264992] kernel: ata2.01: NODEV after polling detection
[    2.265181] kernel: ata1.00: ATA-7: QEMU HARDDISK, 2.5+, max UDMA/100
[    2.265183] kernel: ata1.00: 88078336 sectors, multi 16: LBA48 
[    2.265345] kernel: ata2.00: ATAPI: QEMU DVD-ROM, 2.5+, max UDMA/100
[    2.265921] kernel: scsi 0:0:0:0: Direct-Access     ATA      QEMU HARDDISK    2.5+ PQ: 0 ANSI: 5
[    2.266151] kernel: 1260446275000 ns
[    1.015682] kernel: futex hash table entries: 512 (order: 3, 32768 bytes, linear)
[    1.015845] kernel: PM: RTC time: 10:57:13, date: 2023-03-09
[    1.016015] kernel: NET: Registered PF_NETLINK/PF_ROUTE protocol family
[    1.016186] kernel: audit: initializing netlink subsys (disabled)
[    1.016215] kernel: thermal_sys: Registered thermal governor 'step_wise'
[    1.016215] kernel: thermal_sys: Registered thermal governor 'user_space'
[    1.016564] kernel: audit: type=2000 audit(1678359433.462:1): state=initialized audit_enabled=0 res=1
[    1.016567] kernel: cpuidle: using governor menu
[    1.016670] kernel: ACPI: bus type PCI registered
[    1.016828] kernel: PCI: Using configuration type 1 for base access
[    1.022976] kernel: Kprobes globally optimized
[    1.023640] kernel: HugeTLB registered 2.00 MiB page size, pre-allocated 0 pages
[    1.023640] kernel: cryptomgr_test (26) used greatest stack depth: 31400 bytes left
[    1.024639] kernel: ACPI: Addedscsi 0:0:0:0: Attached scsi generic sg0 type 0
[    2.266327] kernel: sd 0:0:0:0: [sda] 88078336 512-byte logical blocks: (45.1 GB/42.0 GiB)
[    2.266334] kernel: sd 0:0:0:0: [sda] Write Protect is off
[    2.266337] kernel: sd 0:0:0:0: [sda] Mode Sense: 00 3a 00 00
[    2.266347] kernel: sd 0:0:0:0: [sda] Write cache: enabled, read cache: enabled, doesn't support DPO or FUA
[    2.267086] kernel: scsi 1:0:0:0: CD-ROM            QEMU     QEMU DVD-ROM     2.5+ PQ: 0 ANSI: 5
[    2.268370] kernel: sd 0:0:0:0: [sda] Attached SCSI disk
[    2.284669] kernel: sr 1:0:0:0: [sr0] scsi3-mmc drive: 4x/4x cd/rw xa/form2 tray
[    2.284677] kernel: cdrom: Uniform CD-ROM driver Revision: 3.20
[    2.301105] kernel: sr 1:0:0:0: Attached scsi CD-ROM sr0
[    2.301288] kernel: sr 1:0:0:0: Attached scsi generic sg1 type 5
[    2.777587] kernel: input: ImExPS/2 Generic Explorer Mouse as /devices/platform/i8042/serio1/input/input3
[    2.793292] kernel: IP-Config: Guessing netmask 255.255.255.0
[    2. _OSI(Module Device)
[    1.024639] kernel: ACPI: Added _OSI(Processor Device)
[    1.024639] kernel: ACPI: Added _OSI(3.0 _SCP Extensions)
[    1.024639] kernel: ACPI: Added _OSI(Processor Aggregator Device)
[    1.024639] kernel: ACPI: Added _OSI(Linux-Dell-Video)
[    1.024639] kernel: ACPI: Added _OSI(Linux-Lenovo-NV-HDMI-Audio)
[    1.024639] kernel: ACPI: Added _OSI(Linux-HPI-Hybrid-Graphics)
[    1.032946] kernel: ACPI: 1 ACPI AML tables successfully acquired and loaded
[    1.035597] kernel: ACPI: Interpreter enabled
[    1.035627] kernel: ACPI: PM: (supports S0 S3 S4 S5)
[    1.035628] kernel: ACPI: Using IOAPIC for interrupt routing
[    1.035660] kernel: PCI: Using host bridge windows from ACPI; if necessary, use "pci=nocrs" and report a bug
[    1.036131] kernel: ACPI: Enabled 2 GPEs in block 00 to 0F
[    1.048268] kernel: ACPI: PCI Root Bridge [PCI0] (domain 0000 [bus 00-ff])
[    1.048279] kernel: acpi PNP0A03:00: _OSC: OS supports [ASPM ClockPM Segments MSI HPX-Type3]
793295] kernel: IP-Config: Complete:
[    2.793296] kernel:      device=eth0, hwaddr=e6:c8:ff:09:76:23, ipaddr=192.168.0.35, mask=255.255.255.0, gw=255.255.255.255
[    2.793298] kernel:      host=192.168.0.35, domain=, nis-domain=(none)
[    2.793300] kernel:      bootserver=255.255.255.255, rootserver=255.255.255.255, rootpath=
[    2.793400] kernel: cfg80211: Loading compiled-in X.509 certificates for regulatory database
[    2.793640] kernel: kworker/u4:3 (69) used greatest stack depth: 30480 bytes left
[    2.794064] kernel: cfg80211: Loaded X.509 cert 'sforshee: 00b28ddf47aef9cea7'
[    2.794074] kernel: ALSA device list:
[    2.794075] kernel:   No soundcards found.
[    2.794315] kernel: md: Waiting for all devices to be available before autodetect
[    2.794316] kernel: md: If you don't use raid, use raid=noautodetect
[    2.794317] kernel: md: Autodetecting RAID arrays.
[    2.794319] kernel: md: autorun ...
[    2.794320] kernel: md: ... autorun DONE.
[    2.795464] kernel:[    1.048322] kernel: acpi PNP0A03:00: fail to add MMCONFIG information, can't access extended PCI configuration space under this bridge.
[    1.048427] kernel: PCI host bridge to bus 0000:00
[    1.048430] kernel: pci_bus 0000:00: root bus resource [io  0x0000-0x0cf7 window]
[    1.048432] kernel: pci_bus 0000:00: root bus resource [io  0x0d00-0xffff window]
[    1.048434] kernel: pci_bus 0000:00: root bus resource [mem 0x000a0000-0x000bffff window]
[    1.048436] kernel: pci_bus 0000:00: root bus resource [mem 0xc0000000-0xfebfffff window]
[    1.048438] kernel: pci_bus 0000:00: root bus resource [mem 0x2c0000000-0x33fffffff window]
[    1.048440] kernel: pci_bus 0000:00: root bus resource [bus 00-ff]
[    1.048998] kernel: pci 0000:00:00.0: [8086:1237] type 00 class 0x060000
[    1.051044] kernel: pci 0000:00:01.0: [8086:7000] type 00 class 0x060100
[    1.051925] kernel: pci 0000:00:01.1: [8086:7010] type 00 class 0x010180
[    1.054054] kernel: pci 0000:00:01.1: reg 0x20: [io  0 platform regulatory.0: Direct firmware load for regulatory.db failed with error -2
[    2.795469] kernel: cfg80211: failed to load regulatory.db
[    2.800062] kernel: EXT4-fs (sda): mounted filesystem with ordered data mode. Opts: (null). Quota mode: none.
[    2.800085] kernel: VFS: Mounted root (ext4 filesystem) readonly on device 8:0.
[    2.800847] kernel: devtmpfs: mounted
[    2.801336] kernel: Freeing unused kernel image (initmem) memory: 1384K
[    2.803309] kernel: Write protecting the kernel read-only data: 20480k
[    2.803832] kernel: Freeing unused kernel image (text/rodata gap) memory: 2032K
[    2.804184] kernel: Freeing unused kernel image (rodata/data gap) memory: 528K
[    2.804193] kernel: Run /sbin/init as init process
[    2.804194] kernel:   with arguments:
[    2.804195] kernel:     /sbin/init
[    2.804195] kernel:   with environment:
[    2.804196] kernel:     HOME=/
[    2.804196] kernel:     TERM=linux
[    2.881454] kernel: random: fast init done
[    3.0feffffff] reserved
[    0.000000] kernel: BIOS-e820: [mem 0x00000000fffc0000-0x00000000ffffffff] reserved
[    0.000000] kernel: BIOS-e820: [mem 0x0000000100000000-0x00000002bfffffff] usable
[    0.000000] kernel: NX (Execute Disable) protection: active
[    0.000000] kernel: SMBIOS 2.8 present.
[    0.000000] kernel: DMI: QEMU Standard PC (i440FX + PIIX, 1996), BIOS 1.13.0-1ubuntu1.1 04/01/2014
[    0.000000] kernel: Hypervisor detected: KVM
[    0.000000] kernel: kvm-clock: Using msrs 4b564d01 and 4b564d00
[    0.000000] kernel: kvm-clock: cpu 0, msr 2a66e001, primary cpu clock
[    0.000001] kernel: kvm-clock: using sched offset of 443913015 cycles
[    0.000003] kernel: clocksource: kvm-clock: mask: 0xffffffffffffffff max_cycles: 0x1cd42e4dffb, max_idle_ns: 881590591483 ns
[    0.000005] kernel: tsc: Detected 2593.906 MHz processor
[    0.000425] kernel: e820: update [mem 0x00000000-0x00000fff] usable ==> reserved
[    0.000427] kernel: e820: remove [mem 0x000a0000-0x000fffff] usaxc040-0xc04f]
[    1.055068] kernel: pci 0000:00:01.1: legacy IDE quirk: reg 0x10: [io  0x01f0-0x01f7]
[    1.055072] kernel: pci 0000:00:01.1: legacy IDE quirk: reg 0x14: [io  0x03f6]
[    1.055073] kernel: pci 0000:00:01.1: legacy IDE quirk: reg 0x18: [io  0x0170-0x0177]
[    1.055074] kernel: pci 0000:00:01.1: legacy IDE quirk: reg 0x1c: [io  0x0376]
[    1.055995] kernel: pci 0000:00:01.3: [8086:7113] type 00 class 0x068000
[    1.056273] kernel: pci 0000:00:01.3: quirk: [io  0x0600-0x063f] claimed by PIIX4 ACPI
[    1.056280] kernel: pci 0000:00:01.3: quirk: [io  0x0700-0x070f] claimed by PIIX4 SMB
[    1.057117] kernel: pci 0000:00:02.0: [1234:1111] type 00 class 0x030000
[    1.058072] kernel: pci 0000:00:02.0: reg 0x10: [mem 0xfd000000-0xfdffffff pref]
[    1.060096] kernel: pci 0000:00:02.0: reg 0x18: [mem 0xfeb90000-0xfeb90fff]
[    1.063911] kernel: pci 0000:00:02.0: reg 0x30: [mem 0xfeb80000-0xfeb8ffff pref]
[    1.064799] kernel: pci 0000:00:03.0: [1af4:1005] type 00 clas----- is restarting 0
---- dfs_name orangefs is_dfs_client 1
before receiving handshake request
[    0.000000] kernel: Linux version 5.15.0+ (tlyu@IC-RS3-DPC07) (gcc (Ubuntu 9.4.0-1ubuntu1~20.04.1) 9.4.0, GNU ld (GNU Binutils for Ubuntu) 2.34) #7 SMP Sat Feb 18 10:18:37 CET 2023
[    0.000000] kernel: Command line: root=/dev/sda console=ttyS0 net.ifnames=0 ip=192.168.0.38 quiet
[    0.000000] kernel: x86/fpu: Supporting XSAVE feature 0x001: 'x87 floating point registers'
[    0.000000] kernel: x86/fpu: Supporting XSAVE feature 0x002: 'SSE registers'
[    0.000000] kernel: x86/fpu: Supporting XSAVE feature 0x004: 'AVX registers'
[    0.000000] kernel: x86/fpu: Supporting XSAVE feature 0x020: 'AVX-512 opmask'
[    0.000000] kernel: x86/fpu: Supporting XSAVE feature 0x040: 'AVX-512 Hi256'
[    0.000000] kernel: x86/fpu: Supporting XSAVE feature 0x080: 'AVX-512 ZMM_Hi256'
[    0.000000] kernel: x86/fpu: Supporting XSAVE feature 0x200: 'Protection Keys User registers'
[    0.000000] kernel: x86/fpu: xstate_offset[2]:  576, xstate_sizes[2]:  256
[    0.000000] kernel: x86/fpu: xstate_req.flags ea2
32602] systemd[1]: systemd 245.4-4ubuntu3 running in system mode. (+PAM +AUDIT +SELINUX +IMA +APPARMOR +SMACK +SYSVINIT +UTMP +LIBCRYPTSETUP +GCRYPT +GNUTLS +ACL +XZ +LZ4 +SECCOMP +BLKID +ELFUTILS +KMOD +IDN2 -IDN +PCRE2 default-hierarchy=hybrid)
[    3.032713] systemd[1]: Detected virtualization kvm.
[    3.032719] systemd[1]: Detected architecture x86-64.
[    3.045477] systemd[1]: Set hostname to <dfs-fuzzing>.
[    3.121148] kernel: systemd-fstab-g (81) used greatest stack depth: 29200 bytes left
[    3.127193] kernel: systemd-getty-g (82) used greatest stack depth: 29120 bytes left
[    3.152275] kernel: IPv6: ADDRCONF(NETDEV_CHANGE): eth0: link becomes ready
[    3.276997] systemd[1]: /lib/systemd/system/dbus.socket:5: ListenStream= references a path below legacy directory /var/run/, updating /var/run/dbus/system_bus_socket  /run/dbus/system_bus_socket; please update the unit file accordingly.
[    3.314979] systemd[1]: system-modprobe.slice: unit configures an IP firewall, b[D 01/16/2023 17:42:13] PVFS2 Server version 2.9.7-orangefs-REV-65ab0d2 starting.
[E 01/16/2023 17:43:19] PVFS2 server got signal 15 (server_status_flag: 2080767)
[D 02/18/2023 14:39:31] PVFS2 Server version 2.9.7-orangefs-REV-65ab0d2 starting.
[D 02/18/2023 14:47:30] PVFS2 received server: signal 1
[E 02/18/2023 14:47:30] PVFS2 server got signal 15 (server_status_flag: 2080767)
ble
[    0.000430] kernel: last_pfn = 0x2c0000 max_arch_pfn = 0x10000000000
[    0.000479] kernel: x86/PAT: Configuration [0-7]: WB  WC  UC- UC  WB  WP  UC- WT  
[    0.000485] kernel: last_pfn = 0xbffe0 max_arch_pfn = 0x10000000000
[    0.004651] kernel: found SMP MP-table at [mem 0x000f5c80-0x000f5c8f]
[    0.004676] kernel: Using GB pages for direct mapping
[    0.005443] kernel: ACPI: Early table checksum verification disabled
[    0.005449] kernel: ACPI: RSDP 0x00000000000F5A50 000014 (v00 BOCHS )
[    0.005456] kernel: ACPI: RSDT 0x00000000BFFE15C9 000030 (v01 BOCHS  BXPCRSDT 00000001 BXPC 00000001)
[    0.005462] kernel: ACPI: FACP 0x00000000BFFE149D 000074 (v01 BOCHS  BXPCFACP 00000001 BXPC 00000001)
[    0.005467] kernel: ACPI: DSDT 0x00000000BFFE0040 00145D (v01 BOCHS  BXPCDSDT 00000001 BXPC 00000001)
[    0.005470] kernel: ACPI: FACS 0x00000000BFFE0000 000040
[    0.005472] kernel: ACPI: APIC 0x00000000BFFE1511 000080 (v01 BOCHS  BXPCAPIC 00000001 BXPC 00000001)
[    0.0054s 0x00ff00
[    1.065460] kernel: pci 0000:00:03.0: reg 0x10: [io  0xc000-0xc01f]
[    1.067839] kernel: pci 0000:00:03.0: reg 0x20: [mem 0xfe200000-0xfe203fff 64bit pref]
[    1.069350] kernel: pci 0000:00:04.0: [1af4:1000] type 00 class 0x020000
[    1.069928] kernel: pci 0000:00:04.0: reg 0x10: [io  0xc020-0xc03f]
[    1.070558] kernel: pci 0000:00:04.0: reg 0x14: [mem 0xfeb91000-0xfeb91fff]
[    1.072558] kernel: pci 0000:00:04.0: reg 0x20: [mem 0xfe204000-0xfe207fff 64bit pref]
[    1.073558] kernel: pci 0000:00:04.0: reg 0x30: [mem 0xfeb00000-0xfeb7ffff pref]
[    1.074598] kernel: pci 0000:00:10.0: [1af4:1110] type 00 class 0x050000
[    1.076108] kernel: pci 0000:00:10.0: reg 0x10: [mem 0xfeb92000-0xfeb920ff]
[    1.077562] kernel: pci 0000:00:10.0: reg 0x18: [mem 0xfe000000-0xfe0fffff 64bit pref]
[    1.081340] kernel: pci 0000:00:11.0: [1af4:1110] type 00 class 0x050000
[    1.081805] kernel: pci 0000:00:11.0: reg 0x10: [mem 0xfeb93000-0xfeb930ff]
[    1.082558] kernel: pci ut the local system does not support BPF/cgroup firewalling.
[    3.314986] systemd[1]: (This warning is only shown for the first unit using IP firewalling.)
[    3.315416] systemd[1]: Created slice system-modprobe.slice.
[    3.315650] systemd[1]: Created slice system-serial\x2dgetty.slice.
[    3.315765] systemd[1]: Created slice User and Session Slice.
[    3.315862] systemd[1]: Started Dispatch Password Requests to Console Directory Watch.
[    3.315950] systemd[1]: Started Forward Password Requests to Wall Directory Watch.
[    3.316302] systemd[1]: Set up automount Arbitrary Executable File Formats File System Automount Point.
[    3.316331] systemd[1]: Reached target Local Encrypted Volumes.
[    3.316425] systemd[1]: Reached target Paths.
[    3.316439] systemd[1]: Reached target Remote File Systems.
[    3.316464] systemd[1]: Reached target Slices.
[    3.316473] systemd[1]: Reached target Swap.
[    3.316597] systemd[1]: Listening on Device-mapper event daemon FIFOs.
[    3.74] kernel: ACPI: HPET 0x00000000BFFE1591 000038 (v01 BOCHS  BXPCHPET 00000001 BXPC 00000001)
[    0.005476] kernel: ACPI: Reserving FACP table memory at [mem 0xbffe149d-0xbffe1510]
[    0.005477] kernel: ACPI: Reserving DSDT table memory at [mem 0xbffe0040-0xbffe149c]
[    0.005478] kernel: ACPI: Reserving FACS table memory at [mem 0xbffe0000-0xbffe003f]
[    0.005478] kernel: ACPI: Reserving APIC table memory at [mem 0xbffe1511-0xbffe1590]
[    0.005479] kernel: ACPI: Reserving HPET table memory at [mem 0xbffe1591-0xbffe15c8]
[    0.005737] kernel: No NUMA configuration found
[    0.005738] kernel: Faking a node at [mem 0x0000000000000000-0x00000002bfffffff]
[    0.005740] kernel: NODE_DATA(0) allocated [mem 0x2bfffa000-0x2bfffdfff]
[    0.005792] kernel: Zone ranges:
