2023/03/09 18:20:24 fuzzer started
2023/03/09 18:20:24 dialing manager at localhost:42025
2023/03/09 18:20:24 syscalls: 130
2023/03/09 18:20:24 code coverage: enabled
2023/03/09 18:20:24 comparison tracing: enabled
2023/03/09 18:20:24 extra coverage: enabled
2023/03/09 18:20:24 setuid sandbox: enabled
2023/03/09 18:20:24 namespace sandbox: /proc/self/ns/user does not exist
2023/03/09 18:20:24 Android sandbox: /sys/fs/selinux/policy can't be opened (open /sys/fs/selinux/policy: invalid argument)
2023/03/09 18:20:24 fault injection: CONFIG_FAULT_INJECTION_DEBUG_FS or CONFIG_FAILSLAB are not enabled
2023/03/09 18:20:24 leak checking: CONFIG_DEBUG_KMEMLEAK is not enabled
2023/03/09 18:20:24 net packet injection: /dev/net/tun does not exist
2023/03/09 18:20:24 net device setup: enabled
2023/03/09 18:20:24 concurrency sanitizer: /sys/kernel/debug/kcsan does not exist
2023/03/09 18:20:24 devlink PCI setup: enabled
2023/03/09 18:20:24 USB emulation: /dev/raw-gadget does not exist
2023/03/09 18:20:24 hci packet injection: /dev/vhci does not exist
2023/03/09 18:20:24 wifi device emulation: /sys/class/mac80211_hwsim/ does not exist
2023/03/09 18:20:24 802.15.4 emulation: /sys/bus/platform/devices/mac802154_hwsim does not exist
2023/03/09 18:20:25 deserializeInput: hasCrash true hasNet false
2023/03/09 18:20:25 prog length: 6
2023/03/09 18:20:25 prog length: 3
2023/03/09 18:20:25 deserializeInput: hasCrash true hasNet false
2023/03/09 18:20:25 prog length: 6
2023/03/09 18:20:25 prog length: 6
2023/03/09 18:20:25 prog length: 5
2023/03/09 18:20:25 deserializeInput: hasCrash true hasNet false
2023/03/09 18:20:25 prog length: 6
2023/03/09 18:20:25 prog length: 3
2023/03/09 18:20:25 deserializeInput: hasCrash true hasNet false
2023/03/09 18:20:25 prog length: 6
2023/03/09 18:20:25 prog length: 3
2023/03/09 18:20:25 deserializeInput: hasCrash true hasNet false
2023/03/09 18:20:25 prog length: 6
2023/03/09 18:20:25 prog length: 3
2023/03/09 18:20:25 deserializeInput: hasCrash true hasNet false
2023/03/09 18:20:25 prog length: 6
2023/03/09 18:20:25 prog length: 3
2023/03/09 18:20:25 deserializeInput: hasCrash true hasNet false
2023/03/09 18:20:25 prog length: 6
2023/03/09 18:20:25 prog length: 6
2023/03/09 18:20:25 prog length: 5
2023/03/09 18:20:25 deserializeInput: hasCrash true hasNet false
2023/03/09 18:20:25 prog length: 6
2023/03/09 18:20:25 prog length: 3
2023/03/09 18:20:25 deserializeInput: hasCrash true hasNet false
2023/03/09 18:20:25 prog length: 6
2023/03/09 18:20:25 prog length: 6
2023/03/09 18:20:25 prog length: 5
2023/03/09 18:20:25 deserializeInput: hasCrash true hasNet false
2023/03/09 18:20:25 prog length: 6
2023/03/09 18:20:25 prog length: 6
2023/03/09 18:20:25 prog length: 5
2023/03/09 18:20:25 deserializeInput: hasCrash true hasNet false
2023/03/09 18:20:25 prog length: 6
2023/03/09 18:20:25 prog length: 6
2023/03/09 18:20:25 prog length: 5
2023/03/09 18:20:25 deserializeInput: hasCrash true hasNet false
2023/03/09 18:20:25 prog length: 6
2023/03/09 18:20:25 prog length: 6
2023/03/09 18:20:25 prog length: 5
2023/03/09 18:20:25 deserializeInput: hasCrash true hasNet false
2023/03/09 18:20:25 prog length: 6
2023/03/09 18:20:25 prog length: 6
2023/03/09 18:20:25 prog length: 7
2023/03/09 18:20:25 deserializeInput: hasCrash true hasNet false
2023/03/09 18:20:25 prog length: 6
2023/03/09 18:20:25 prog length: 4
2023/03/09 18:20:25 deserializeInput: hasCrash true hasNet false
2023/03/09 18:20:25 prog length: 6
2023/03/09 18:20:25 prog length: 3
2023/03/09 18:20:25 deserializeInput: hasCrash true hasNet false
2023/03/09 18:20:25 prog length: 6
2023/03/09 18:20:25 prog length: 3
2023/03/09 18:20:25 deserializeInput: hasCrash true hasNet false
2023/03/09 18:20:25 prog length: 6
2023/03/09 18:20:25 prog length: 6
2023/03/09 18:20:25 prog length: 5
2023/03/09 18:20:25 deserializeInput: hasCrash true hasNet false
2023/03/09 18:20:25 prog length: 6
2023/03/09 18:20:25 prog length: 3
2023/03/09 18:20:25 deserializeInput: hasCrash true hasNet false
2023/03/09 18:20:25 prog length: 6
2023/03/09 18:20:25 prog length: 3
2023/03/09 18:20:25 deserializeInput: hasCrash true hasNet false
2023/03/09 18:20:25 prog length: 6
2023/03/09 18:20:25 prog length: 3
2023/03/09 18:20:25 deserializeInput: hasCrash true hasNet false
2023/03/09 18:20:25 prog length: 6
2023/03/09 18:20:25 prog length: 3
2023/03/09 18:20:25 deserializeInput: hasCrash true hasNet false
2023/03/09 18:20:25 prog length: 6
2023/03/09 18:20:25 prog length: 3
2023/03/09 18:20:25 deserializeInput: hasCrash true hasNet false
2023/03/09 18:20:25 prog length: 6
2023/03/09 18:20:25 prog length: 6
2023/03/09 18:20:25 prog length: 5
2023/03/09 18:20:25 deserializeInput: hasCrash true hasNet false
2023/03/09 18:20:25 prog length: 6
2023/03/09 18:20:25 prog length: 3
2023/03/09 18:20:25 deserializeInput: hasCrash true hasNet false
2023/03/09 18:20:25 prog length: 6
2023/03/09 18:20:25 prog length: 6
2023/03/09 18:20:25 prog length: 6
2023/03/09 18:20:25 prog length: 7
2023/03/09 18:20:25 deserializeInput: hasCrash true hasNet false
2023/03/09 18:20:25 prog length: 6
2023/03/09 18:20:25 prog length: 6
2023/03/09 18:20:25 prog length: 5
2023/03/09 18:20:25 deserializeInput: hasCrash true hasNet false
2023/03/09 18:20:25 prog length: 6
2023/03/09 18:20:25 prog length: 6
2023/03/09 18:20:25 prog length: 5
2023/03/09 18:20:25 deserializeInput: hasCrash true hasNet false
2023/03/09 18:20:25 prog length: 6
2023/03/09 18:20:25 prog length: 6
2023/03/09 18:20:25 prog length: 5
2023/03/09 18:20:25 deserializeInput: hasCrash true hasNet false
2023/03/09 18:20:25 prog length: 6
2023/03/09 18:20:25 prog length: 6
2023/03/09 18:20:25 prog length: 6
2023/03/09 18:20:25 prog length: 7
2023/03/09 18:20:25 deserializeInput: hasCrash true hasNet false
2023/03/09 18:20:25 prog length: 6
2023/03/09 18:20:25 prog length: 6
2023/03/09 18:20:25 prog length: 5
2023/03/09 18:20:25 deserializeInput: hasCrash true hasNet false
2023/03/09 18:20:25 prog length: 6
2023/03/09 18:20:25 prog length: 6
2023/03/09 18:20:25 prog length: 5
2023/03/09 18:20:25 deserializeInput: hasCrash true hasNet false
2023/03/09 18:20:25 prog length: 6
2023/03/09 18:20:25 prog length: 6
2023/03/09 18:20:25 prog length: 6
2023/03/09 18:20:25 deserializeInput: hasCrash true hasNet false
2023/03/09 18:20:25 prog length: 6
2023/03/09 18:20:25 prog length: 3
2023/03/09 18:20:25 deserializeInput: hasCrash true hasNet false
2023/03/09 18:20:25 prog length: 6
2023/03/09 18:20:25 prog length: 3
2023/03/09 18:20:25 deserializeInput: hasCrash true hasNet false
2023/03/09 18:20:25 prog length: 6
2023/03/09 18:20:25 prog length: 6
2023/03/09 18:20:25 prog length: 6
2023/03/09 18:20:25 prog length: 7
2023/03/09 18:20:25 deserializeInput: hasCrash true hasNet false
2023/03/09 18:20:25 prog length: 6
2023/03/09 18:20:25 prog length: 4
2023/03/09 18:20:25 deserializeInput: hasCrash true hasNet false
2023/03/09 18:20:25 prog length: 6
2023/03/09 18:20:25 prog length: 17
2023/03/09 18:20:25 deserializeInput: hasCrash true hasNet false
2023/03/09 18:20:25 prog length: 6
2023/03/09 18:20:25 prog length: 4
2023/03/09 18:20:25 deserializeInput: hasCrash true hasNet false
2023/03/09 18:20:25 prog length: 6
2023/03/09 18:20:25 prog length: 3
2023/03/09 18:20:25 deserializeInput: hasCrash true hasNet false
2023/03/09 18:20:25 prog length: 6
2023/03/09 18:20:25 prog length: 3
2023/03/09 18:20:25 deserializeInput: hasCrash true hasNet false
2023/03/09 18:20:25 prog length: 6
2023/03/09 18:20:25 prog length: 6
2023/03/09 18:20:25 prog length: 5
2023/03/09 18:20:25 deserializeInput: hasCrash true hasNet false
2023/03/09 18:20:25 prog length: 6
2023/03/09 18:20:25 prog length: 17
2023/03/09 18:20:25 deserializeInput: hasCrash true hasNet false
2023/03/09 18:20:25 prog length: 6
2023/03/09 18:20:25 prog length: 6
2023/03/09 18:20:25 prog length: 5
2023/03/09 18:20:25 deserializeInput: hasCrash true hasNet false
2023/03/09 18:20:25 prog length: 6
2023/03/09 18:20:25 prog length: 6
2023/03/09 18:20:25 prog length: 5
2023/03/09 18:20:25 deserializeInput: hasCrash false hasNet false
2023/03/09 18:20:25 prog length: 1
2023/03/09 18:20:25 deserializeInput: hasCrash true hasNet false
2023/03/09 18:20:25 prog length: 6
2023/03/09 18:20:25 prog length: 4
2023/03/09 18:20:25 deserializeInput: hasCrash true hasNet false
2023/03/09 18:20:25 prog length: 6
2023/03/09 18:20:25 prog length: 3
2023/03/09 18:20:25 deserializeInput: hasCrash true hasNet false
2023/03/09 18:20:25 prog length: 6
2023/03/09 18:20:25 prog length: 3
2023/03/09 18:20:25 deserializeInput: hasCrash true hasNet false
2023/03/09 18:20:25 prog length: 6
2023/03/09 18:20:25 prog length: 6
2023/03/09 18:20:25 prog length: 5
2023/03/09 18:20:25 deserializeInput: hasCrash true hasNet false
2023/03/09 18:20:25 prog length: 6
2023/03/09 18:20:25 prog length: 6
2023/03/09 18:20:25 prog length: 5
2023/03/09 18:20:25 fetching corpus: 50, signal 2725/11804/16000 (executing program)
2023/03/09 18:20:25 deserializeInput: hasCrash true hasNet false
2023/03/09 18:20:25 prog length: 6
2023/03/09 18:20:25 prog length: 3
2023/03/09 18:20:25 deserializeInput: hasCrash true hasNet false
2023/03/09 18:20:25 prog length: 6
2023/03/09 18:20:25 prog length: 3
2023/03/09 18:20:25 deserializeInput: hasCrash true hasNet false
2023/03/09 18:20:25 prog length: 6
2023/03/09 18:20:25 prog length: 6
2023/03/09 18:20:25 prog length: 5
2023/03/09 18:20:25 deserializeInput: hasCrash true hasNet false
2023/03/09 18:20:25 prog length: 6
2023/03/09 18:20:25 prog length: 3
2023/03/09 18:20:25 deserializeInput: hasCrash true hasNet false
2023/03/09 18:20:25 prog length: 6
2023/03/09 18:20:25 prog length: 6
2023/03/09 18:20:25 prog length: 5
2023/03/09 18:20:25 deserializeInput: hasCrash false hasNet false
2023/03/09 18:20:25 prog length: 1
2023/03/09 18:20:25 deserializeInput: hasCrash true hasNet false
2023/03/09 18:20:25 prog length: 6
2023/03/09 18:20:25 prog length: 6
2023/03/09 18:20:25 prog length: 6
2023/03/09 18:20:25 deserializeInput: hasCrash true hasNet false
2023/03/09 18:20:25 prog length: 6
2023/03/09 18:20:25 prog length: 4
2023/03/09 18:20:25 deserializeInput: hasCrash true hasNet false
2023/03/09 18:20:25 prog length: 6
2023/03/09 18:20:25 prog length: 3
2023/03/09 18:20:25 deserializeInput: hasCrash true hasNet false
2023/03/09 18:20:25 prog length: 6
2023/03/09 18:20:25 prog length: 6
2023/03/09 18:20:25 prog length: 5
2023/03/09 18:20:25 deserializeInput: hasCrash true hasNet false
2023/03/09 18:20:25 prog length: 6
2023/03/09 18:20:25 prog length: 3
2023/03/09 18:20:25 deserializeInput: hasCrash true hasNet false
2023/03/09 18:20:25 prog length: 6
2023/03/09 18:20:25 prog length: 3
2023/03/09 18:20:25 deserializeInput: hasCrash true hasNet false
2023/03/09 18:20:25 prog length: 6
2023/03/09 18:20:25 prog length: 3
2023/03/09 18:20:25 deserializeInput: hasCrash true hasNet false
2023/03/09 18:20:25 prog length: 6
2023/03/09 18:20:25 prog length: 3
2023/03/09 18:20:25 deserializeInput: hasCrash true hasNet false
2023/03/09 18:20:25 prog length: 6
2023/03/09 18:20:25 prog length: 6
2023/03/09 18:20:25 prog length: 6
2023/03/09 18:20:25 prog length: 7
2023/03/09 18:20:25 deserializeInput: hasCrash true hasNet false
2023/03/09 18:20:25 prog length: 6
2023/03/09 18:20:25 prog length: 6
2023/03/09 18:20:25 prog length: 5
2023/03/09 18:20:25 deserializeInput: hasCrash false hasNet false
2023/03/09 18:20:25 prog length: 3
2023/03/09 18:20:25 deserializeInput: hasCrash true hasNet false
2023/03/09 18:20:25 prog length: 6
2023/03/09 18:20:25 prog length: 3
2023/03/09 18:20:25 deserializeInput: hasCrash true hasNet false
2023/03/09 18:20:25 prog length: 6
2023/03/09 18:20:25 prog length: 6
2023/03/09 18:20:25 prog length: 8
2023/03/09 18:20:25 deserializeInput: hasCrash true hasNet false
2023/03/09 18:20:25 prog length: 6
2023/03/09 18:20:25 prog length: 3
2023/03/09 18:20:25 deserializeInput: hasCrash true hasNet false
2023/03/09 18:20:25 prog length: 6
2023/03/09 18:20:25 prog length: 6
2023/03/09 18:20:25 prog length: 5
2023/03/09 18:20:25 deserializeInput: hasCrash true hasNet false
2023/03/09 18:20:25 prog length: 6
2023/03/09 18:20:25 prog length: 3
2023/03/09 18:20:25 deserializeInput: hasCrash true hasNet false
2023/03/09 18:20:25 prog length: 6
2023/03/09 18:20:25 prog length: 3
2023/03/09 18:20:25 deserializeInput: hasCrash true hasNet false
2023/03/09 18:20:25 prog length: 6
2023/03/09 18:20:25 prog length: 3
2023/03/09 18:20:25 deserializeInput: hasCrash true hasNet false
2023/03/09 18:20:25 prog length: 6
2023/03/09 18:20:25 prog length: 6
2023/03/09 18:20:25 prog length: 5
2023/03/09 18:20:25 deserializeInput: hasCrash true hasNet false
2023/03/09 18:20:25 prog length: 6
2023/03/09 18:20:25 prog length: 6
2023/03/09 18:20:25 prog length: 5
2023/03/09 18:20:25 deserializeInput: hasCrash true hasNet false
2023/03/09 18:20:25 prog length: 6
2023/03/09 18:20:25 prog length: 3
2023/03/09 18:20:25 deserializeInput: hasCrash true hasNet false
2023/03/09 18:20:25 prog length: 6
2023/03/09 18:20:25 prog length: 6
2023/03/09 18:20:25 prog length: 5
2023/03/09 18:20:25 deserializeInput: hasCrash true hasNet false
2023/03/09 18:20:25 prog length: 6
2023/03/09 18:20:25 prog length: 6
2023/03/09 18:20:25 prog length: 5
2023/03/09 18:20:25 deserializeInput: hasCrash true hasNet false
2023/03/09 18:20:25 prog length: 6
2023/03/09 18:20:25 prog length: 6
2023/03/09 18:20:25 prog length: 5
2023/03/09 18:20:25 deserializeInput: hasCrash false hasNet false
2023/03/09 18:20:25 prog length: 15
2023/03/09 18:20:25 deserializeInput: hasCrash true hasNet false
2023/03/09 18:20:25 prog length: 6
2023/03/09 18:20:25 prog length: 6
2023/03/09 18:20:25 prog length: 5
2023/03/09 18:20:25 deserializeInput: hasCrash true hasNet false
2023/03/09 18:20:25 prog length: 6
2023/03/09 18:20:25 prog length: 3
2023/03/09 18:20:25 deserializeInput: hasCrash true hasNet false
2023/03/09 18:20:25 prog length: 6
2023/03/09 18:20:25 prog length: 3
2023/03/09 18:20:25 deserializeInput: hasCrash true hasNet false
2023/03/09 18:20:25 prog length: 6
2023/03/09 18:20:25 prog length: 3
2023/03/09 18:20:25 deserializeInput: hasCrash true hasNet false
2023/03/09 18:20:25 prog length: 6
2023/03/09 18:20:25 prog length: 6
2023/03/09 18:20:25 prog length: 5
2023/03/09 18:20:25 deserializeInput: hasCrash true hasNet false
2023/03/09 18:20:25 prog length: 6
2023/03/09 18:20:25 prog length: 3
2023/03/09 18:20:25 deserializeInput: hasCrash true hasNet false
2023/03/09 18:20:25 prog length: 6
2023/03/09 18:20:25 prog length: 6
2023/03/09 18:20:25 prog length: 5
2023/03/09 18:20:25 deserializeInput: hasCrash true hasNet false
2023/03/09 18:20:25 prog length: 6
2023/03/09 18:20:25 prog length: 3
2023/03/09 18:20:25 deserializeInput: hasCrash true hasNet false
2023/03/09 18:20:25 prog length: 6
2023/03/09 18:20:25 prog length: 3
2023/03/09 18:20:25 deserializeInput: hasCrash true hasNet false
2023/03/09 18:20:25 prog length: 6
2023/03/09 18:20:25 prog length: 3
2023/03/09 18:20:25 deserializeInput: hasCrash true hasNet false
2023/03/09 18:20:25 prog length: 6
2023/03/09 18:20:25 prog length: 6
2023/03/09 18:20:25 prog length: 5
2023/03/09 18:20:25 deserializeInput: hasCrash true hasNet false
2023/03/09 18:20:25 prog length: 6
2023/03/09 18:20:25 prog length: 3
2023/03/09 18:20:25 deserializeInput: hasCrash true hasNet false
2023/03/09 18:20:25 prog length: 6
2023/03/09 18:20:25 prog length: 6
2023/03/09 18:20:25 prog length: 5
2023/03/09 18:20:25 deserializeInput: hasCrash true hasNet false
2023/03/09 18:20:25 prog length: 6
2023/03/09 18:20:25 prog length: 6
2023/03/09 18:20:25 prog length: 5
2023/03/09 18:20:25 deserializeInput: hasCrash true hasNet false
2023/03/09 18:20:25 prog length: 6
2023/03/09 18:20:25 prog length: 3
2023/03/09 18:20:25 deserializeInput: hasCrash true hasNet false
2023/03/09 18:20:25 prog length: 6
2023/03/09 18:20:25 prog length: 3
2023/03/09 18:20:25 deserializeInput: hasCrash true hasNet false
2023/03/09 18:20:25 prog length: 6
2023/03/09 18:20:25 prog length: 3
2023/03/09 18:20:25 deserializeInput: hasCrash true hasNet false
2023/03/09 18:20:25 prog length: 6
2023/03/09 18:20:25 prog length: 4
2023/03/09 18:20:25 deserializeInput: hasCrash false hasNet false
2023/03/09 18:20:25 prog length: 2
2023/03/09 18:20:25 fetching corpus: 100, signal 3385/13271/19395 (executing program)
2023/03/09 18:20:25 deserializeInput: hasCrash true hasNet false
2023/03/09 18:20:25 prog length: 6
2023/03/09 18:20:25 prog length: 3
2023/03/09 18:20:25 deserializeInput: hasCrash true hasNet false
2023/03/09 18:20:25 prog length: 6
2023/03/09 18:20:25 prog length: 6
2023/03/09 18:20:25 prog length: 5
2023/03/09 18:20:25 deserializeInput: hasCrash true hasNet false
2023/03/09 18:20:25 prog length: 6
2023/03/09 18:20:25 prog length: 6
2023/03/09 18:20:25 prog length: 5
2023/03/09 18:20:25 deserializeInput: hasCrash true hasNet false
2023/03/09 18:20:25 prog length: 6
2023/03/09 18:20:25 prog length: 3
2023/03/09 18:20:25 deserializeInput: hasCrash true hasNet false
2023/03/09 18:20:25 prog length: 6
2023/03/09 18:20:25 prog length: 6
2023/03/09 18:20:25 prog length: 6
2023/03/09 18:20:25 prog length: 7
2023/03/09 18:20:25 deserializeInput: hasCrash true hasNet false
2023/03/09 18:20:25 prog length: 6
2023/03/09 18:20:25 prog length: 6
2023/03/09 18:20:25 prog length: 5
2023/03/09 18:20:25 deserializeInput: hasCrash true hasNet false
2023/03/09 18:20:25 prog length: 6
2023/03/09 18:20:25 prog length: 3
2023/03/09 18:20:25 deserializeInput: hasCrash true hasNet false
2023/03/09 18:20:25 prog length: 6
2023/03/09 18:20:25 prog length: 3
2023/03/09 18:20:25 deserializeInput: hasCrash true hasNet false
2023/03/09 18:20:25 prog length: 6
2023/03/09 18:20:25 prog length: 3
2023/03/09 18:20:25 deserializeInput: hasCrash true hasNet false
2023/03/09 18:20:25 prog length: 6
2023/03/09 18:20:25 prog length: 6
2023/03/09 18:20:25 prog length: 10
2023/03/09 18:20:25 deserializeInput: hasCrash true hasNet false
2023/03/09 18:20:25 prog length: 6
2023/03/09 18:20:25 prog length: 4
2023/03/09 18:20:25 deserializeInput: hasCrash true hasNet false
2023/03/09 18:20:25 prog length: 6
2023/03/09 18:20:25 prog length: 6
2023/03/09 18:20:25 prog length: 5
2023/03/09 18:20:25 deserializeInput: hasCrash true hasNet false
2023/03/09 18:20:25 prog length: 6
2023/03/09 18:20:25 prog length: 6
2023/03/09 18:20:25 prog length: 8
2023/03/09 18:20:25 deserializeInput: hasCrash true hasNet false
2023/03/09 18:20:25 prog length: 6
2023/03/09 18:20:25 prog length: 6
2023/03/09 18:20:25 prog length: 6
2023/03/09 18:20:25 prog length: 7
2023/03/09 18:20:25 deserializeInput: hasCrash true hasNet false
2023/03/09 18:20:25 prog length: 6
2023/03/09 18:20:25 prog length: 3
2023/03/09 18:20:25 deserializeInput: hasCrash true hasNet false
2023/03/09 18:20:25 prog length: 6
2023/03/09 18:20:25 prog length: 3
2023/03/09 18:20:25 deserializeInput: hasCrash true hasNet false
2023/03/09 18:20:25 prog length: 6
2023/03/09 18:20:25 prog length: 17
2023/03/09 18:20:25 deserializeInput: hasCrash false hasNet false
2023/03/09 18:20:25 prog length: 1
2023/03/09 18:20:25 deserializeInput: hasCrash true hasNet false
2023/03/09 18:20:25 prog length: 6
2023/03/09 18:20:25 prog length: 3
2023/03/09 18:20:25 deserializeInput: hasCrash true hasNet false
2023/03/09 18:20:25 prog length: 6
2023/03/09 18:20:25 prog length: 3
2023/03/09 18:20:25 deserializeInput: hasCrash true hasNet false
2023/03/09 18:20:25 prog length: 6
2023/03/09 18:20:25 prog length: 3
2023/03/09 18:20:25 deserializeInput: hasCrash true hasNet false
2023/03/09 18:20:25 prog length: 6
2023/03/09 18:20:25 prog length: 3
2023/03/09 18:20:25 deserializeInput: hasCrash true hasNet false
2023/03/09 18:20:25 prog length: 6
2023/03/09 18:20:25 prog length: 6
2023/03/09 18:20:25 prog length: 5
2023/03/09 18:20:25 deserializeInput: hasCrash true hasNet false
2023/03/09 18:20:25 prog length: 6
2023/03/09 18:20:25 prog length: 6
2023/03/09 18:20:25 prog length: 6
2023/03/09 18:20:25 deserializeInput: hasCrash true hasNet false
2023/03/09 18:20:25 prog length: 6
2023/03/09 18:20:25 prog length: 3
2023/03/09 18:20:25 deserializeInput: hasCrash true hasNet false
2023/03/09 18:20:25 prog length: 6
2023/03/09 18:20:25 prog length: 3
2023/03/09 18:20:25 deserializeInput: hasCrash true hasNet false
2023/03/09 18:20:25 prog length: 6
2023/03/09 18:20:25 prog length: 3
2023/03/09 18:20:25 deserializeInput: hasCrash true hasNet false
2023/03/09 18:20:25 prog length: 6
2023/03/09 18:20:25 prog length: 8
2023/03/09 18:20:25 deserializeInput: hasCrash false hasNet false
2023/03/09 18:20:25 prog length: 1
2023/03/09 18:20:25 deserializeInput: hasCrash true hasNet false
2023/03/09 18:20:25 prog length: 6
2023/03/09 18:20:25 prog length: 4
2023/03/09 18:20:25 deserializeInput: hasCrash true hasNet false
2023/03/09 18:20:25 prog length: 6
2023/03/09 18:20:25 prog length: 6
2023/03/09 18:20:25 prog length: 6
2023/03/09 18:20:25 deserializeInput: hasCrash true hasNet false
2023/03/09 18:20:25 prog length: 6
2023/03/09 18:20:25 prog length: 3
2023/03/09 18:20:25 deserializeInput: hasCrash true hasNet false
2023/03/09 18:20:25 prog length: 6
2023/03/09 18:20:25 prog length: 6
2023/03/09 18:20:25 prog length: 5
2023/03/09 18:20:25 deserializeInput: hasCrash true hasNet false
2023/03/09 18:20:25 prog length: 6
2023/03/09 18:20:25 prog length: 3
2023/03/09 18:20:25 deserializeInput: hasCrash true hasNet false
2023/03/09 18:20:25 prog length: 6
2023/03/09 18:20:25 prog length: 6
2023/03/09 18:20:25 prog length: 15
2023/03/09 18:20:25 deserializeInput: hasCrash true hasNet false
2023/03/09 18:20:25 prog length: 6
2023/03/09 18:20:25 prog length: 3
2023/03/09 18:20:25 deserializeInput: hasCrash true hasNet false
2023/03/09 18:20:25 prog length: 6
2023/03/09 18:20:25 prog length: 3
2023/03/09 18:20:25 deserializeInput: hasCrash true hasNet false
2023/03/09 18:20:25 prog length: 6
2023/03/09 18:20:25 prog length: 6
2023/03/09 18:20:25 prog length: 5
2023/03/09 18:20:25 deserializeInput: hasCrash true hasNet false
2023/03/09 18:20:25 prog length: 6
2023/03/09 18:20:25 prog length: 6
2023/03/09 18:20:25 prog length: 5
2023/03/09 18:20:25 deserializeInput: hasCrash true hasNet false
2023/03/09 18:20:25 prog length: 6
2023/03/09 18:20:25 prog length: 3
2023/03/09 18:20:25 deserializeInput: hasCrash true hasNet false
2023/03/09 18:20:25 prog length: 6
2023/03/09 18:20:25 prog length: 5
2023/03/09 18:20:25 deserializeInput: hasCrash true hasNet false
2023/03/09 18:20:25 prog length: 6
2023/03/09 18:20:25 prog length: 6
2023/03/09 18:20:25 prog length: 5
2023/03/09 18:20:25 deserializeInput: hasCrash true hasNet false
2023/03/09 18:20:25 prog length: 6
2023/03/09 18:20:25 prog length: 3
2023/03/09 18:20:25 deserializeInput: hasCrash true hasNet false
2023/03/09 18:20:25 prog length: 6
2023/03/09 18:20:25 prog length: 6
2023/03/09 18:20:25 prog length: 5
2023/03/09 18:20:25 deserializeInput: hasCrash true hasNet false
2023/03/09 18:20:25 prog length: 6
2023/03/09 18:20:25 prog length: 3
2023/03/09 18:20:25 deserializeInput: hasCrash true hasNet false
2023/03/09 18:20:25 prog length: 6
2023/03/09 18:20:25 prog length: 6
2023/03/09 18:20:25 prog length: 6
2023/03/09 18:20:25 prog length: 7
2023/03/09 18:20:25 deserializeInput: hasCrash true hasNet false
2023/03/09 18:20:25 prog length: 6
2023/03/09 18:20:25 prog length: 3
2023/03/09 18:20:25 deserializeInput: hasCrash true hasNet false
2023/03/09 18:20:25 prog length: 6
2023/03/09 18:20:25 prog length: 3
2023/03/09 18:20:25 deserializeInput: hasCrash true hasNet false
2023/03/09 18:20:25 prog length: 6
2023/03/09 18:20:25 prog length: 3
2023/03/09 18:20:25 deserializeInput: hasCrash true hasNet false
2023/03/09 18:20:25 prog length: 6
2023/03/09 18:20:25 prog length: 6
2023/03/09 18:20:25 prog length: 5
2023/03/09 18:20:25 fetching corpus: 150, signal 4665/17710/25948 (executing program)
2023/03/09 18:20:25 deserializeInput: hasCrash true hasNet false
2023/03/09 18:20:25 prog length: 6
2023/03/09 18:20:25 prog length: 17
2023/03/09 18:20:25 deserializeInput: hasCrash true hasNet false
2023/03/09 18:20:25 prog length: 6
2023/03/09 18:20:25 prog length: 3
2023/03/09 18:20:25 deserializeInput: hasCrash true hasNet false
2023/03/09 18:20:25 prog length: 6
2023/03/09 18:20:25 prog length: 6
2023/03/09 18:20:25 prog length: 6
2023/03/09 18:20:25 deserializeInput: hasCrash true hasNet false
2023/03/09 18:20:25 prog length: 6
2023/03/09 18:20:25 prog length: 3
2023/03/09 18:20:25 deserializeInput: hasCrash false hasNet false
2023/03/09 18:20:25 prog length: 1
2023/03/09 18:20:25 deserializeInput: hasCrash true hasNet false
2023/03/09 18:20:25 prog length: 6
2023/03/09 18:20:25 prog length: 8
2023/03/09 18:20:25 deserializeInput: hasCrash true hasNet false
2023/03/09 18:20:25 prog length: 6
2023/03/09 18:20:25 prog length: 3
2023/03/09 18:20:25 deserializeInput: hasCrash true hasNet false
2023/03/09 18:20:25 prog length: 6
2023/03/09 18:20:25 prog length: 3
2023/03/09 18:20:25 deserializeInput: hasCrash true hasNet false
2023/03/09 18:20:25 prog length: 6
2023/03/09 18:20:25 prog length: 6
2023/03/09 18:20:25 prog length: 6
2023/03/09 18:20:25 prog length: 7
2023/03/09 18:20:25 deserializeInput: hasCrash true hasNet false
2023/03/09 18:20:25 prog length: 6
2023/03/09 18:20:25 prog length: 6
2023/03/09 18:20:25 prog length: 6
2023/03/09 18:20:25 deserializeInput: hasCrash true hasNet false
2023/03/09 18:20:25 prog length: 6
2023/03/09 18:20:25 prog length: 3
2023/03/09 18:20:25 deserializeInput: hasCrash true hasNet false
2023/03/09 18:20:25 prog length: 6
2023/03/09 18:20:25 prog length: 17
2023/03/09 18:20:26 deserializeInput: hasCrash true hasNet false
2023/03/09 18:20:26 prog length: 6
2023/03/09 18:20:26 prog length: 3
2023/03/09 18:20:26 deserializeInput: hasCrash true hasNet false
2023/03/09 18:20:26 prog length: 6
2023/03/09 18:20:26 prog length: 6
2023/03/09 18:20:26 prog length: 5
2023/03/09 18:20:26 deserializeInput: hasCrash true hasNet false
2023/03/09 18:20:26 prog length: 6
2023/03/09 18:20:26 prog length: 3
2023/03/09 18:20:26 deserializeInput: hasCrash true hasNet false
2023/03/09 18:20:26 prog length: 6
2023/03/09 18:20:26 prog length: 6
2023/03/09 18:20:26 prog length: 5
2023/03/09 18:20:26 deserializeInput: hasCrash true hasNet false
2023/03/09 18:20:26 prog length: 6
2023/03/09 18:20:26 prog length: 3
2023/03/09 18:20:26 deserializeInput: hasCrash true hasNet false
2023/03/09 18:20:26 prog length: 6
2023/03/09 18:20:26 prog length: 17
2023/03/09 18:20:26 deserializeInput: hasCrash true hasNet false
2023/03/09 18:20:26 prog length: 6
2023/03/09 18:20:26 prog length: 6
2023/03/09 18:20:26 prog length: 5
2023/03/09 18:20:26 deserializeInput: hasCrash true hasNet false
2023/03/09 18:20:26 prog length: 6
2023/03/09 18:20:26 prog length: 6
2023/03/09 18:20:26 prog length: 5
2023/03/09 18:20:26 deserializeInput: hasCrash true hasNet false
2023/03/09 18:20:26 prog length: 6
2023/03/09 18:20:26 prog length: 6
2023/03/09 18:20:26 prog length: 5
2023/03/09 18:20:26 deserializeInput: hasCrash true hasNet false
2023/03/09 18:20:26 prog length: 6
2023/03/09 18:20:26 prog length: 4
2023/03/09 18:20:26 deserializeInput: hasCrash true hasNet false
2023/03/09 18:20:26 prog length: 6
2023/03/09 18:20:26 prog length: 3
2023/03/09 18:20:26 deserializeInput: hasCrash true hasNet false
2023/03/09 18:20:26 prog length: 6
2023/03/09 18:20:26 prog length: 3
2023/03/09 18:20:26 deserializeInput: hasCrash true hasNet false
2023/03/09 18:20:26 prog length: 6
2023/03/09 18:20:26 prog length: 3
2023/03/09 18:20:26 deserializeInput: hasCrash true hasNet false
2023/03/09 18:20:26 prog length: 6
2023/03/09 18:20:26 prog length: 6
2023/03/09 18:20:26 prog length: 5
2023/03/09 18:20:26 deserializeInput: hasCrash true hasNet false
2023/03/09 18:20:26 prog length: 6
2023/03/09 18:20:26 prog length: 6
2023/03/09 18:20:26 prog length: 5
2023/03/09 18:20:26 deserializeInput: hasCrash true hasNet false
2023/03/09 18:20:26 prog length: 6
2023/03/09 18:20:26 prog length: 3
2023/03/09 18:20:26 deserializeInput: hasCrash true hasNet false
2023/03/09 18:20:26 prog length: 6
2023/03/09 18:20:26 prog length: 3
2023/03/09 18:20:26 deserializeInput: hasCrash true hasNet false
2023/03/09 18:20:26 prog length: 6
2023/03/09 18:20:26 prog length: 6
2023/03/09 18:20:26 prog length: 6
2023/03/09 18:20:26 prog length: 7
2023/03/09 18:20:26 deserializeInput: hasCrash true hasNet false
2023/03/09 18:20:26 prog length: 6
2023/03/09 18:20:26 prog length: 3
2023/03/09 18:20:26 deserializeInput: hasCrash true hasNet false
2023/03/09 18:20:26 prog length: 6
2023/03/09 18:20:26 prog length: 3
2023/03/09 18:20:26 deserializeInput: hasCrash true hasNet false
2023/03/09 18:20:26 prog length: 6
2023/03/09 18:20:26 prog length: 3
2023/03/09 18:20:26 deserializeInput: hasCrash true hasNet false
2023/03/09 18:20:26 prog length: 6
2023/03/09 18:20:26 prog length: 3
2023/03/09 18:20:26 deserializeInput: hasCrash false hasNet false
2023/03/09 18:20:26 prog length: 3
2023/03/09 18:20:26 deserializeInput: hasCrash true hasNet false
2023/03/09 18:20:26 prog length: 6
2023/03/09 18:20:26 prog length: 3
2023/03/09 18:20:26 deserializeInput: hasCrash true hasNet false
2023/03/09 18:20:26 prog length: 6
2023/03/09 18:20:26 prog length: 6
2023/03/09 18:20:26 prog length: 5
2023/03/09 18:20:26 deserializeInput: hasCrash true hasNet false
2023/03/09 18:20:26 prog length: 6
2023/03/09 18:20:26 prog length: 3
2023/03/09 18:20:26 deserializeInput: hasCrash true hasNet false
2023/03/09 18:20:26 prog length: 6
2023/03/09 18:20:26 prog length: 6
2023/03/09 18:20:26 prog length: 5
2023/03/09 18:20:26 deserializeInput: hasCrash true hasNet false
2023/03/09 18:20:26 prog length: 6
2023/03/09 18:20:26 prog length: 3
2023/03/09 18:20:26 deserializeInput: hasCrash true hasNet false
2023/03/09 18:20:26 prog length: 6
2023/03/09 18:20:26 prog length: 6
2023/03/09 18:20:26 prog length: 5
2023/03/09 18:20:26 deserializeInput: hasCrash true hasNet false
2023/03/09 18:20:26 prog length: 6
2023/03/09 18:20:26 prog length: 3
2023/03/09 18:20:26 deserializeInput: hasCrash true hasNet false
2023/03/09 18:20:26 prog length: 6
2023/03/09 18:20:26 prog length: 6
2023/03/09 18:20:26 prog length: 5
2023/03/09 18:20:26 deserializeInput: hasCrash true hasNet false
2023/03/09 18:20:26 prog length: 6
2023/03/09 18:20:26 prog length: 5
2023/03/09 18:20:26 deserializeInput: hasCrash true hasNet false
2023/03/09 18:20:26 prog length: 6
2023/03/09 18:20:26 prog length: 3
2023/03/09 18:20:26 deserializeInput: hasCrash true hasNet false
2023/03/09 18:20:26 prog length: 6
2023/03/09 18:20:26 prog length: 3
2023/03/09 18:20:26 deserializeInput: hasCrash true hasNet false
2023/03/09 18:20:26 prog length: 6
2023/03/09 18:20:26 prog length: 6
2023/03/09 18:20:26 prog length: 5
2023/03/09 18:20:26 deserializeInput: hasCrash true hasNet false
2023/03/09 18:20:26 prog length: 6
2023/03/09 18:20:26 prog length: 6
2023/03/09 18:20:26 prog length: 5
2023/03/09 18:20:26 deserializeInput: hasCrash true hasNet false
2023/03/09 18:20:26 prog length: 6
2023/03/09 18:20:26 prog length: 3
2023/03/09 18:20:26 deserializeInput: hasCrash true hasNet false
2023/03/09 18:20:26 prog length: 6
2023/03/09 18:20:26 prog length: 3
2023/03/09 18:20:26 fetching corpus: 200, signal 4684/19157/28354 (executing program)
2023/03/09 18:20:26 deserializeInput: hasCrash true hasNet false
2023/03/09 18:20:26 prog length: 6
2023/03/09 18:20:26 prog length: 5
2023/03/09 18:20:26 deserializeInput: hasCrash true hasNet false
2023/03/09 18:20:26 prog length: 6
2023/03/09 18:20:26 prog length: 3
2023/03/09 18:20:26 deserializeInput: hasCrash true hasNet false
2023/03/09 18:20:26 prog length: 6
2023/03/09 18:20:26 prog length: 6
2023/03/09 18:20:26 prog length: 5
2023/03/09 18:20:26 deserializeInput: hasCrash true hasNet false
2023/03/09 18:20:26 prog length: 6
2023/03/09 18:20:26 prog length: 8
2023/03/09 18:20:26 deserializeInput: hasCrash true hasNet false
2023/03/09 18:20:26 prog length: 6
2023/03/09 18:20:26 prog length: 3
2023/03/09 18:20:26 deserializeInput: hasCrash true hasNet false
2023/03/09 18:20:26 prog length: 6
2023/03/09 18:20:26 prog length: 3
2023/03/09 18:20:26 deserializeInput: hasCrash true hasNet false
2023/03/09 18:20:26 prog length: 6
2023/03/09 18:20:26 prog length: 6
2023/03/09 18:20:26 prog length: 5
2023/03/09 18:20:26 deserializeInput: hasCrash true hasNet false
2023/03/09 18:20:26 prog length: 6
2023/03/09 18:20:26 prog length: 6
2023/03/09 18:20:26 prog length: 5
2023/03/09 18:20:26 deserializeInput: hasCrash true hasNet false
2023/03/09 18:20:26 prog length: 6
2023/03/09 18:20:26 prog length: 3
2023/03/09 18:20:26 deserializeInput: hasCrash true hasNet false
2023/03/09 18:20:26 prog length: 6
2023/03/09 18:20:26 prog length: 3
2023/03/09 18:20:26 deserializeInput: hasCrash true hasNet false
2023/03/09 18:20:26 prog length: 6
2023/03/09 18:20:26 prog length: 3
2023/03/09 18:20:26 deserializeInput: hasCrash true hasNet false
2023/03/09 18:20:26 prog length: 6
2023/03/09 18:20:26 prog length: 6
2023/03/09 18:20:26 prog length: 5
2023/03/09 18:20:26 deserializeInput: hasCrash false hasNet false
2023/03/09 18:20:26 prog length: 1
2023/03/09 18:20:26 deserializeInput: hasCrash true hasNet false
2023/03/09 18:20:26 prog length: 6
2023/03/09 18:20:26 prog length: 6
2023/03/09 18:20:26 prog length: 6
2023/03/09 18:20:26 deserializeInput: hasCrash true hasNet false
2023/03/09 18:20:26 prog length: 6
2023/03/09 18:20:26 prog length: 3
2023/03/09 18:20:26 deserializeInput: hasCrash true hasNet false
2023/03/09 18:20:26 prog length: 6
2023/03/09 18:20:26 prog length: 6
2023/03/09 18:20:26 prog length: 5
2023/03/09 18:20:26 deserializeInput: hasCrash true hasNet false
2023/03/09 18:20:26 prog length: 6
2023/03/09 18:20:26 prog length: 6
2023/03/09 18:20:26 prog length: 5
2023/03/09 18:20:26 deserializeInput: hasCrash true hasNet false
2023/03/09 18:20:26 prog length: 6
2023/03/09 18:20:26 prog length: 4
2023/03/09 18:20:26 deserializeInput: hasCrash true hasNet false
2023/03/09 18:20:26 prog length: 6
2023/03/09 18:20:26 prog length: 8
2023/03/09 18:20:26 deserializeInput: hasCrash true hasNet false
2023/03/09 18:20:26 prog length: 6
2023/03/09 18:20:26 prog length: 3
2023/03/09 18:20:26 deserializeInput: hasCrash true hasNet false
2023/03/09 18:20:26 prog length: 6
2023/03/09 18:20:26 prog length: 3
2023/03/09 18:20:26 deserializeInput: hasCrash true hasNet false
2023/03/09 18:20:26 prog length: 6
2023/03/09 18:20:26 prog length: 6
2023/03/09 18:20:26 prog length: 5
2023/03/09 18:20:26 deserializeInput: hasCrash true hasNet false
2023/03/09 18:20:26 prog length: 6
2023/03/09 18:20:26 prog length: 3
2023/03/09 18:20:26 deserializeInput: hasCrash true hasNet false
2023/03/09 18:20:26 prog length: 6
2023/03/09 18:20:26 prog length: 3
2023/03/09 18:20:26 deserializeInput: hasCrash true hasNet false
2023/03/09 18:20:26 prog length: 6
2023/03/09 18:20:26 prog length: 6
2023/03/09 18:20:26 prog length: 5
2023/03/09 18:20:26 deserializeInput: hasCrash true hasNet false
2023/03/09 18:20:26 prog length: 6
2023/03/09 18:20:26 prog length: 4
2023/03/09 18:20:26 fetching corpus: 226, signal 4690/19605/29880 (executing program)
2023/03/09 18:20:26 fetching corpus: 226, signal 4690/19605/30955 (executing program)
2023/03/09 18:20:26 fetching corpus: 226, signal 4690/19605/32117 (executing program)
2023/03/09 18:20:26 fetching corpus: 226, signal 4690/19605/33225 (executing program)
2023/03/09 18:20:26 fetching corpus: 226, signal 4690/19605/34372 (executing program)
2023/03/09 18:20:26 fetching corpus: 226, signal 4690/19605/35500 (executing program)
2023/03/09 18:20:26 fetching corpus: 226, signal 4690/19605/36623 (executing program)
2023/03/09 18:20:26 fetching corpus: 226, signal 4690/19605/37715 (executing program)
2023/03/09 18:20:26 fetching corpus: 226, signal 4690/19605/38872 (executing program)
2023/03/09 18:20:26 fetching corpus: 226, signal 4690/19605/39961 (executing program)
2023/03/09 18:20:26 fetching corpus: 226, signal 4690/19605/41111 (executing program)
2023/03/09 18:20:26 fetching corpus: 226, signal 4690/19605/41703 (executing program)
2023/03/09 18:20:26 fetching corpus: 226, signal 4690/19605/41703 (executing program)
2023/03/09 18:20:26 starting 1 fuzzer processes
2023/03/09 18:20:26 ----- generateCall 234 fsetxattr$security_ima fsetxattr$security_ima
2023/03/09 18:20:26 ----- generateCall 2462 openat openat
2023/03/09 18:20:26 ----- generateCall 3761 stat stat
2023/03/09 18:20:26 ----- generateCall 2346 listxattr listxattr
2023/03/09 18:20:26 ----- generateCall 3673 setxattr$trusted_overlay_nlink setxattr$trusted_overlay_nlink
2023/03/09 18:20:26 ----- generateCall 248 fstat fstat
2023/03/09 18:20:26 ----- generateCall 3761 stat stat
2023/03/09 18:20:26 ----- generateCall 3761 stat stat
2023/03/09 18:20:26 ----- generateCall 541 ioctl ioctl
2023/03/09 18:20:26 ----- generateCall 3765 symlinkat symlinkat
2023/03/09 18:20:26 ----- generateCall 3761 stat stat
2023/03/09 18:20:26 ----- generateCall 2352 lsetxattr$security_capability lsetxattr$security_capability
2023/03/09 18:20:26 ----- generateCall 3761 stat stat
2023/03/09 18:20:26 ----- generateCall 2462 openat openat
2023/03/09 18:20:26 ----- generateCall 203 fcntl$dupfd fcntl$dupfd
2023/03/09 18:20:26 ----- generateCall 3761 stat stat
2023/03/09 18:20:26 map[./file0:true ./file0/file0:true ./file1:true]
2023/03/09 18:20:26 HasCrashFail: false, .HasNetFail: false
2023/03/09 18:20:26 prog length: 20
2023/03/09 18:20:26 HasCrashFail:false HasNetFail:false
18:20:26 ---executing program 0:
---
---
---
r0 = open(&(0x7f0000000000)='./file0\x00', 0xa00, 0xa1)
fsetxattr$security_ima(r0, &(0x7f0000000040), &(0x7f0000000080)=@v1={0x2, "7dcc57a9565647a58566"}, 0xb, 0x0)
r1 = openat(0xffffffffffffff9c, &(0x7f00000000c0)='./file0\x00', 0x53000, 0x0)
stat(&(0x7f0000000100)='./file0\x00', &(0x7f0000000140))
listxattr(&(0x7f00000001c0)='./file0\x00', &(0x7f0000000200), 0x0)
setxattr$trusted_overlay_nlink(&(0x7f0000000240)='./file0\x00', &(0x7f0000000280), &(0x7f00000002c0)={'L-', 0x6}, 0x16, 0x3)
fstat(r1, &(0x7f0000000300))
stat(&(0x7f0000000380)='./file0/file0\x00', &(0x7f00000003c0))
stat(&(0x7f0000000440)='./file0\x00', &(0x7f0000000480))
r2 = open$dir(&(0x7f0000000500)='./file0/file0\x00', 0x480, 0x2)
ioctl(r2, 0xfff, &(0x7f0000000540)="fb30ecb56b63d399b7588b9f6be9a3507217cd78509e9e611934f4cc3e6c063667f96e8d4fc0980ad7a57f427a729c3450530232a89a59b9a0e26b72c51ee1794d3616d37f83753417508565474956204736c4412a89db2f0bb21b5b9d7b0caf09eba587b991f643e0a7187df4f4cff11732c3aab2d2a9640923cf1b986c883b700d4426c8cb9ea7d58c6dc7d079582352add195b816b35b43fe76581b050bccb317de05ecb36673becb18f825616f4536378897fe3fcb835991bdf1b4ac80fc9bef4a3df4e1acb1613884baa4038a0ed77f6b1b868c56d70480bdefa72fefe6647a9082")
symlinkat(&(0x7f0000000640)='./file0\x00', r2, &(0x7f0000000680)='./file0\x00')
stat(&(0x7f00000006c0)='./file0\x00', &(0x7f0000000700))
lsetxattr$security_capability(&(0x7f0000000780)='./file0/file0\x00', &(0x7f00000007c0), &(0x7f0000000800)=@v1={0x1000000, [{0x3, 0x5}]}, 0xc, 0x6)
stat(&(0x7f0000000840)='./file0/file0\x00', &(0x7f0000000880))
openat(0xffffffffffffff9c, &(0x7f0000000900)='./file0\x00', 0x101000, 0x40)
r3 = fcntl$dupfd(0xffffffffffffffff, 0x0, r0)
r4 = open$dir(&(0x7f0000000940)='./file1\x00', 0x100, 0x8)
fcntl$dupfd(r3, 0x406, r4)
stat(&(0x7f0000000980)='./file0/file0\x00', &(0x7f00000009c0))
---

end of program
2023/03/09 18:20:26 -----run executor: [/usr/bin/ssh -F /dev/null -o ConnectionAttempts=100 -o ConnectTimeout=120 -o UserKnownHostsFile=/dev/null -o BatchMode=yes -o IdentitiesOnly=yes -o StrictHostKeyChecking=no -o ConnectTimeout=100 -i /home/tlyu/dfs-fuzzing/disk-images/orangefs-images/focal.id_rsa root@192.168.0.35 /root/syz-executor exec 0 0 orangefs 3 4 192.168.0.35 0 "3 1" false false false true false]
2023/03/09 18:20:26 -----run executor: [/usr/bin/ssh -F /dev/null -o ConnectionAttempts=100 -o ConnectTimeout=120 -o UserKnownHostsFile=/dev/null -o BatchMode=yes -o IdentitiesOnly=yes -o StrictHostKeyChecking=no -o ConnectTimeout=100 -i /home/tlyu/dfs-fuzzing/disk-images/orangefs-images/focal.id_rsa root@192.168.0.36 /root/syz-executor exec 0 1 orangefs 3 4 192.168.0.35 0 "3 1" false false false true false]
2023/03/09 18:20:26 -----run executor: [/usr/bin/ssh -F /dev/null -o ConnectionAttempts=100 -o ConnectTimeout=120 -o UserKnownHostsFile=/dev/null -o BatchMode=yes -o IdentitiesOnly=yes -o StrictHostKeyChecking=no -o ConnectTimeout=100 -i /home/tlyu/dfs-fuzzing/disk-images/orangefs-images/focal.id_rsa root@192.168.0.37 /root/syz-executor exec 0 2 orangefs 3 4 192.168.0.35 0 "3 1" false false false true false]
2023/03/09 18:20:26 -----run executor: [/usr/bin/ssh -F /dev/null -o ConnectionAttempts=100 -o ConnectTimeout=120 -o UserKnownHostsFile=/dev/null -o BatchMode=yes -o IdentitiesOnly=yes -o StrictHostKeyChecking=no -o ConnectTimeout=100 -i /home/tlyu/dfs-fuzzing/disk-images/orangefs-images/focal.id_rsa root@192.168.0.38 /root/syz-executor exec 1 3 orangefs 3 4 192.168.0.35 0 "3 1" false false false true false]
Warning: Permanently added '192.168.0.35' (ECDSA) to the list of known hosts.
Warning: Permanently added '192.168.0.37' (ECDSA) to the list of known hosts.
Warning: Permanently added '192.168.0.38' (ECDSA) to the list of known hosts.
Warning: Permanently added '192.168.0.36' (ECDSA) to the list of known hosts.
----- is restarting 0
---- dfs_name orangefs is_dfs_client 0
unlink FIFO failed: No such file or directory
executor 0 finishes userspace_cover_open
before receiving handshake request
[    0.000000] kernel: Linux version 5.15.0+ (tlyu@IC-RS3-DPC07) (gcc (Ubuntu 9.4.0-1ubuntu1~20.04.1) 9.4.0, GNU ld (GNU Binutils for Ubuntu) 2.34) #7 SMP Sat Feb 18 10:18:37 CET 2023
[    0.000000] kernel: Command line: root=/dev/sda console=ttyS0 net.ifnames=0 ip=192.168.0.35 quiet
[    0.000000] kernel: x86/fpu: Supporting XSAVE feature 0x001: 'x87 floating point registers'
[    0.000000] kernel: x86/fpu: Supporting XSAVE feature 0x002: 'SSE registers'
[    0.000000] kernel: x86/fpu: Supporting XSAVE feature 0x004: 'AVX registers'
[    0.000000] kernel: x86/fpu: Supporting XSAVE feature 0x020: 'AVX-512 opmask'
[    0.000000] kernel: x86/fpu: Supporting XSAVE feature 0x040: 'AVX-512 Hi256'
[    0.000000] kernel: x86/fpu: Supporting XSAVE feature 0x080: 'AVX-512 ZMM_Hi256'
[    0.000000] kernel: x86/fpu: Supporting XSAVE feature 0x200: 'Protection Keys User registers'
[    0.000000] kernel: x86/fpu: xstate_offset[2]:  576, xstate_sizes[2]:  256
[    0.000000] kernel: x86/fpu: xstate_[D 01/16/2023 17:42:13] PVFS2 Server version 2.9.7-orangefs-REV-65ab0d2 starting.
[E 01/16/2023 17:43:19] PVFS2 server got signal 15 (server_status_flag: 2080767)
[D 02/18/2023 14:39:31] PVFS2 Server version 2.9.7-orangefs-REV-65ab0d2 starting.
[D 02/18/2023 14:47:30] PVFS2 received server: signal 1
[E 02/18/2023 14:47:30] PVFS2 server got signal 15 (server_status_flag: 2080767)
offset[5]:  832, xstate_sizes[5]:   64
[    0.000000] kernel: x86/fpu: xstate_offset[6]:  896, xstate_sizes[6]:  512
[    0.000000] kernel: x86/fpu: xstate_offset[7]: 1408, xstate_sizes[7]: 1024
[    0.000000] kernel: x86/fpu: xstate_offset[9]: 2432, xstate_sizes[9]:    8
[    0.000000] kernel: x86/fpu: Enabled xstate features 0x2e7, context size is 2440 bytes, using 'compacted' format.
[    0.000000] kernel: signal: max sigframe size: 3632
[    0.000000] kernel: BIOS-provided physical RAM map:
[    0.000000] kernel: BIOS-e820: [mem 0x0000000000000000-0x000000000009fbff] usable
[    0.000000] kernel: BIOS-e820: [mem 0x000000000009fc00-0x000000000009ffff] reserved
[    0.000000] kernel: BIOS-e820: [mem 0x00000000000f0000-0x00000000000fffff] reserved
[    0.000000] kernel: BIOS-e820: [mem 0x0000000000100000-0x00000000bffdffff] usable
[    0.000000] kernel: BIOS-e820: [mem 0x00000000bffe0000-0x00000000bfffffff] reserved
[    0.000000] kernel: BIOS-e820: [mem 0x00000000feffc000-0x00000000feffffff] reserved
[    0.000000] kernel: BIOS-e820: [mem 0x00000000fffc0000-0x00000000ffffffff] reserved
[    0.000000] kernel: BIOS-e820: [mem 0x0000000100000000-0x00000002bfffffff] usable
[    0.000000] kernel: NX (Execute Disable) protection: active
[    0.000000] kernel: SMBIOS 2.8 present.
[    0.000000] kernel: DMI: QEMU Standard PC (i440FX + PIIX, 1996), BIOS 1.13.0-1ubuntu1.1 04/01/2014
[    0.000000] kernel: Hypervisor detected: KVM
[    0.000000] kernel: kvm-clock: Using msrs 4b564d01 and 4b564d00
[    0.000000] kernel: kvm-clock: cpu 0, msr 1d66e001, primary cpu clock
[    0.000004] kernel: kvm-clock: using sched offset of 598699090 cycles
[    0.000006] kernel: clocksource: kvm-clock: mask: 0xffffffffffffffff max_cycles: 0x1cd42e4dffb, max_idle_ns: 881590591483 ns
[    0.000008] kernel: tsc: Detected 2593.906 MHz processor
[    0.000459] kernel: e820: update [mem 0x00000000-0x00000fff] usable ==> reserved
[    0.000462] kernel: e820: remove [mem 0x000a0000-0x000fffff] usable
[    0.000467] kernel: last_pfn = 0x2c0000 max_arch_pfn = 0x10000000000
[    0.000516] kernel: x86/PAT: Configuration [0-7]: WB  WC  UC- UC  WB  WP  UC- WT  
[    0.000522] kernel: last_pfn = 0xbffe0 max_arch_pfn = 0x10000000000
[    0.021217] kernel: found SMP MP-table at [mem 0x000f5c80-0x000f5c8f]
[    0.021253] kernel: Using GB pages for direct mapping
[    0.021924] kernel: ACPI: Early table checksum verification disabled
[    0.021930] kernel: ACPI: RSDP 0x00000000000F5A50 000014 (v00 BOCHS )
[    0.021941] kernel: ACPI: RSDT 0x00000000BFFE15C9 000030 (v01 BOCHS  BXPCRSDT 00000001 BXPC 00000001)
[    0.021947] kernel: ACPI: FACP 0x00000000BFFE149D 000074 (v01 BOCHS  BXPCFACP 00000001 BXPC 00000001)
[    0.021953] kernel: ACPI: DSDT 0x00000000BFFE0040 00145D (v01 BOCHS  BXPCDSDT 00000001 BXPC 00000001)
[    0.021956] kernel: ACPI: FACS 0x00000000BFFE0000 000040
[    0.021958] kernel: ACPI: APIC 0x00000000BFFE1511 000080 (v01 BOCHS  BXPCAPIC 00000001 BXPC 00000001)
[    0.021960] kernel: ACPI: HPET 0x00000000BFFE1591 000038 (v01 BOCHS  BXPCHPET 00000001 BXPC 00000001)
[    0.021962] kernel: ACPI: Reserving FACP table memory at [mem 0xbffe149d-0xbffe1510]
[    0.021964] kernel: ACPI: Reserving DSDT table memory at [mem 0xbffe0040-0xbffe149c]
[    0.021964] kernel: ACPI: Reserving FACS table memory at [mem 0xbffe0000-0xbffe003f]
[    0.021965] kernel: ACPI: Reserving APIC table memory at [mem 0xbffe1511-0xbffe1590]
[    0.021966] kernel: ACPI: Reserving HPET table memory at [mem 0xbffe1591-0xbffe15c8]
[    0.022668] kernel: No NUMA configuration found
[    0.022670] kernel: Faking a node at [mem 0x0000000000000000-0x00000002bfffffff]
[    0.022672] kernel: NODE_DATA(0) allocated [mem 0x2bfffa000-0x2bfffdfff]
[    0.022743] kernel: Zone ranges:
[    0.022743] kernel:   DMA      [mem 0x0000000000001000-0x0000000000ffffff]
[    0.022745] kernel:   DMA32    [mem 0x0000000001000000-0x00000000ffffffff]
[    0.022746] kernel:   Normal   [mem 0x0000000100000000-0x00000002bfffffff]
[    0.022747] kernel: Movable zone start for each node
[    0.022748] kernel: Early memory node ranges
[    0.022749] kernel:   node   0: [mem 0x0000000000001000-0x000000000009efff]
[    0.022750] kernel:   node   0: [mem 0x0000000000100000-0x00000000bffdffff]
[    0.022751] kernel:   node   0: [mem 0x0000000100000000-0x00000002bfffffff]
[    0.022752] kernel: Initmem setup node 0 [mem 0x0000000000001000-0x00000002bfffffff]
[    0.028342] kernel: On node 0, zone DMA: 1 pages in unavailable ranges
[    0.028361] kernel: On node 0, zone DMA: 97 pages in unavailable ranges
[    0.194258] kernel: On node 0, zone Normal: 32 pages in unavailable ranges
[    0.796224] kernel: kasan: KernelAddressSanitizer initialized
[    0.796566] kernel: ACPI: PM-Timer IO Port: 0x608
[    0.796574] kernel: ACPI: LAPIC_NMI (acpi_id[0xff] dfl dfl lint[0x1])
[    0.796611] kernel: IOAPIC[0]: apic_id 0, version 17, address 0xfec00000, GSI 0-23
[    0.796613] kernel: ACPI: INT_SRC_OVR (bus 0 bus_irq 0 global_irq 2 dfl dfl)
[    0.796615] kernel: ACPI: INT_SRC_OVR (bus 0 bus_irq 5 global_irq 5 high level)
[    0.796616] kernel: ACPI: INT_SRC_OVR (bus 0 bus_irq 9 global_irq 9 high level)
[    0.796617] kernel: ACPI: INT_SRC_OVR (bus 0 bus_irq 10 global_irq 10 high level)
[    0.796619] kernel: ACPI: INT_SRC_OVR (bus 0 bus_irq 11 global_irq 11 high level)
[    0.796621] kernel: ACPI: Using ACPI (MADT) for SMP configuration information
[    0.796622] kernel: ACPI: HPET id: 0x8086a201 base: 0xfed00000
[    0.796626] kernel: TSC deadline timer available
[    0.796627] kernel: smpboot: Allowing 2 CPUs, 0 hotplug CPUs
[    0.796650] kernel: kvm-guest: KVM setup pv remote TLB flush
[    0.796654] kernel: kvm-guest: setup PV sched yield
[    0.796663] kernel: PM: hibernation: Registered nosave memory: [mem 0x00000000-0x00000fff]
[    0.796664] kernel: PM: hibernation: Registered nosave memory: [mem 0x0009f000-0x0009ffff]
[    0.796665] kernel: PM: hibernation: Registered nosave memory: [mem 0x000a0000-0x000effff]
[    0.796665] kernel: PM: hibernation: Registered nosave memory: [mem 0x000f0000-0x000fffff]
[    0.796666] kernel: PM: hibernation: Registered nosave memory: [mem 0xbffe0000-0xbfffffff]
[    0.796667] kernel: PM: hibernation: Registered nosave memory: [mem 0xc0000000-0xfeffbfff]
[    0.796667] kernel: PM: hibernation: Registered nosave memory: [mem 0xfeffc000-0xfeffffff]
[    0.796668] kernel: PM: hibernation: Registered nosave memory: [mem 0xff000000-0xfffbffff]
[    0.796668] kernel: PM: hibernation: Registered nosave memory: [mem 0xfffc0000-0xffffffff]
[    0.796670] kernel: [mem 0xc0000000-0xfeffbfff] available for PCI devices
[    0.796671] kernel: Booting paravirtualized kernel on KVM
[    0.796673] kernel: clocksource: refined-jiffies: mask: 0xffffffff max_cycles: 0xffffffff, max_idle_ns: 1910969940391419 ns
[    0.800554] kernel: setup_percpu: NR_CPUS:64 nr_cpumask_bits:64 nr_cpu_ids:2 nr_node_ids:1
[    0.801317] kernel: percpu: Embedded 56 pages/cpu s191576 r8192 d29608 u1048576
[    0.801323] kernel: pcpu-alloc: s191576 r8192 d29608 u1048576 alloc=1*2097152
[    0.801326] kernel: pcpu-alloc: [0] 0 1 
[    0.801350] kernel: kvm-guest: setup async PF for cpu 0
[    0.801355] kernel: kvm-guest: stealtime: cpu 0, msr 26561f140
[    0.801360] kernel: Built 1 zonelists, mobility grouping on.  Total pages: 2580192
[    0.801361] kernel: Policy zone: Normal
[    0.801363] kernel: Kernel command line: root=/dev/sda console=ttyS0 net.ifnames=0 ip=192.168.0.35 quiet
[    0.807021] kernel: Dentry cache hash table entries: 2097152 (order: 12, 16777216 bytes, linear)
[    0.809859] kernel: Inode-cache hash table entries: 1048576 (order: 11, 8388608 bytes, linear)
[    0.809918] kernel: mem auto-init: stack:off, heap alloc:off, heap free:off
[    1.016917] kernel: Memory: 8872644K/10485240K available (14348K kernel code, 2403K rwdata, 3568K rodata, 1384K init, 1732K bss, 1612396K reserved, 0K cma-reserved)
[    1.017007] kernel: SLUB: HWalign=64, Order=0-3, MinObjects=0, CPUs=2, Nodes=1
[    1.017650] kernel: rcu: Hierarchical RCU implementation.
[    1.017651] kernel: rcu:         RCU event tracing is enabled.
[    1.017652] kernel: rcu:         RCU restricting CPUs from NR_CPUS=64 to nr_cpu_ids=2.
[    1.017654] kernel: rcu: RCU calculated value of scheduler-enlistment delay is 100 jiffies.
[    1.017655] kernel: rcu: Adjusting geometry for rcu_fanout_leaf=16, nr_cpu_ids=2
[    1.020330] kernel: NR_IRQS: 4352, nr_irqs: 440, preallocated irqs: 16
[    1.020541] kernel: random: get_random_bytes called from start_kernel+0x4b1/0x67a with crng_init=0
[    1.024472] kernel: Console: colour VGA+ 80x25
[    1.024513] kernel: printk: console [ttyS0] enabled
[    1.024530] kernel: ACPI: Core revision 20210730
[    1.024672] kernel: clocksource: hpet: mask: 0xffffffff max_cycles: 0xffffffff, max_idle_ns: 19112604467 ns
[    1.024757] kernel: APIC: Switch to symmetric I/O mode setup
[    1.024760] kernel: kvm-guest: setup PV IPIs
[    1.025618] kernel: ..TIMER: vector=0x30 apic1=0 pin1=2 apic2=-1 pin2=-1
[    1.025638] kernel: clocksource: tsc-early: mask: 0xffffffffffffffff max_cycles: 0x2563bf907c6, max_idle_ns: 440795319401 ns
[    1.025646] kernel: Calibrating delay loop (skipped) preset value.. 5187.81 BogoMIPS (lpj=2593906)
[    1.025649] kernel: pid_max: default: 32768 minimum: 301
[    1.025680] kernel: LSM: Security Framework initializing
[    1.025693] kernel: SELinux:  Initializing.
[    1.026662] kernel: Mount-cache hash table entries: 32768 (order: 6, 262144 bytes, linear)
[    1.027153] kernel: Mountpoint-cache hash table entries: 32768 (order: 6, 262144 bytes, linear)
[    1.027580] kernel: x86/cpu: User Mode Instruction Prevention (UMIP) activated
[    1.027679] kernel: Last level iTLB entries: 4KB 0, 2MB 0, 4MB 0
[    1.027680] kernel: Last level dTLB entries: 4KB 0, 2MB 0, 4MB 0, 1GB 0
[    1.027690] kernel: Spectre V1 : Mitigation: usercopy/swapgs barriers and __user pointer sanitization
[    1.027694] kernel: Spectre V2 : Mitigation: Enhanced IBRS
[    1.027695] kernel: Spectre V2 : Spectre v2 / SpectreRSB mitigation: Filling RSB on context switch
[    1.027696] kernel: Spectre V2 : mitigation: Enabling conditional Indirect Branch Prediction Barrier
[    1.027697] kernel: Speculative Store Bypass: Mitigation: Speculative Store Bypass disabled via prctl and seccomp
[    1.027698] kernel: TAA: Mitigation: TSX disabled
[    1.033692] kernel: Freeing SMP alternatives memory: 40K
[    1.033838] kernel: smpboot: CPU0: Intel(R) Xeon(R) Gold 6348 CPU @ 2.60GHz (family: 0x6, model: 0x6a, stepping: 0x6)
[    1.033959] kernel: Performance Events: Icelake events, 32-deep LBR, full-width counters, Intel PMU driver.
[    1.034053] kernel: ... version:                2
[    1.034054] kernel: ... bit width:              48
[    1.034055] kernel: ... generic registers:      8
[    1.034056] kernel: ... value mask:             0000ffffffffffff
[    1.034057] kernel: ... max period:             00007fffffffffff
[    1.034057] kernel: ... fixed-purpose events:   3
[    1.034058] kernel: ... event mask:             00000007000000ff
[    1.034159] kernel: rcu: Hierarchical SRCU implementation.
[    1.034501] kernel: smp: Bringing up secondary CPUs ...
[    1.034612] kernel: x86: Booting SMP configuration:
[    1.034613] kernel: .... node  #0, CPUs:      #1
[    0.005131] kernel: kvm-clock: cpu 1, msr 1d66e041, secondary cpu clock
[    0.005131] kernel: smpboot: CPU 1 Converting physical 0 to logical die 1
[    1.035664] kernel: kvm-guest: setup async PF for cpu 1
[    1.035673] kernel: kvm-guest: stealtime: cpu 1, msr 26571f140
[    1.037219] kernel: smp: Brought up 1 node, 2 CPUs
[    1.037227] kernel: smpboot: Max logical packages: 2
[    1.037228] kernel: smpboot: Total of 2 processors activated (10375.62 BogoMIPS)
[    1.037751] kernel: devtmpfs: initialized
[    1.037982] kernel: clocksource: jiffies: mask: 0xffffffff max_cycles: 0xffffffff, max_idle_ns: 1911260446275000 ns
[    1.037982] kernel: futex hash table entries: 512 (order: 3, 32768 bytes, linear)
[    1.037982] kernel: PM: RTC time: 17:20:13, date: 2023-03-09
[    1.039765] kernel: NET: Registered PF_NETLINK/PF_ROUTE protocol family
[    1.039986] kernel: audit: initializing netlink subsys (disabled)
[    1.040655] kernel: audit: type=2000 audit(1678382413.619:1): state=initialized audit_enabled=0 res=1
[    1.040925] kernel: thermal_sys: Registered thermal governor 'step_wise'
[    1.040926] kernel: thermal_sys: Registered thermal governor 'user_space'
[    1.040980] kernel: cpuidle: using governor menu
[    1.040980] kernel: ACPI: bus type PCI registered
[    1.040980] kernel: PCI: Using configuration type 1 for base access
[    1.047338] kernel: Kprobes globally optimized
[    1.053687] kernel: HugeTLB registered 2.00 MiB page size, pre-allocated 0 pages
[    1.059675] kernel: cryptomgr_test (26) used greatest stack depth: 31400 bytes left
[    1.062724] kernel: ACPI: Added _OSI(Module Device)
[    1.062724] kernel: ACPI: Added _OSI(Processor Device)
[    1.062724] kernel: ACPI: Added _OSI(3.0 _SCP Extensions)
[    1.062724] kernel: ACPI: Added _OSI(Processor Aggregator Device)
[    1.062724] kernel: ACPI: Added _OSI(Linux-Dell-Video)
[    1.062724] kernel: ACPI: Added _OSI(Linux-Lenovo-NV-HDMI-Audio)
[    1.062724] kernel: ACPI: Added _OSI(Linux-HPI-Hybrid-Graphics)
[    1.068515] kernel: ACPI: 1 ACPI AML tables successfully acquired and loaded
[    1.071399] kernel: ACPI: Interpreter enabled
[    1.071429] kernel: ACPI: PM: (supports S0 S3 S4 S5)
[    1.071431] kernel: ACPI: Using IOAPIC for interrupt routing
[    1.071461] kernel: PCI: Using host bridge windows from ACPI; if necessary, use "pci=nocrs" and report a bug
[    1.071837] kernel: ACPI: Enabled 2 GPEs in block 00 to 0F
[    1.082910] kernel: ACPI: PCI Root Bridge [PCI0] (domain 0000 [bus 00-ff])
[    1.082921] kernel: acpi PNP0A03:00: _OSC: OS supports [ASPM ClockPM Segments MSI HPX-Type3]
[ ----- is restarting 0
---- dfs_name orangefs is_dfs_client 1
before receiving handshake request
   1.082965] kernel: acpi PNP0A03:00: fail to add MMCONFIG information, can't access extended PCI configuration space under this bridge.
[    1.083065] kernel: PCI host bridge to bus 0000:00
[    1.083068] kernel: pci_bus 0000:00: root bus resource [io  0x0000-0x0cf7 window]
[    1.083070] kernel: pci_bus 0000:00: root bus resource [io  0x0d00-0xffff window]
[    1.083072] kernel: pci_bus 0000:00: root bus resource [mem 0x000a0000-0x000bffff window]
[    1.083074] kernel: pci_bus 0000:00: root bus resource [mem 0xc0000000-0xfebfffff window]
[    1.083075] kernel: pci_bus 0000:00: root bus resource [mem 0x2c0000000-0x33fffffff window]
[    1.083077] kernel: pci_bus 0000:00: root bus resource [bus 00-ff]
[    1.083565] kernel: pci 0000:00:00.0: [8086:1237] type 00 class 0x060000
[    1.087819] kernel: pci 0000:00:01.0: [8086:7000] type 00 class 0x060100
[    1.089841] kernel: pci 0000:00:01.1: [8086:7010] type 00 class 0x010180
[    1.093645] kernel: pci 0000:00:01.1: reg 0x20: [io  0xc[    0.000000] kernel: Linux version 5.15.0+ (tlyu@IC-RS3-DPC07) (gcc (Ubuntu 9.4.0-1ubuntu1~20.04.1) 9.4.0, GNU ld (GNU Binutils for Ubuntu) 2.34) #7 SMP Sat Feb 18 10:18:37 CET 2023
[    0.000000] kernel: Command line: root=/dev/sda console=ttyS0 net.ifnames=0 ip=192.168.0.38 quiet
[    0.000000] kernel: x86/fpu: Supporting XSAVE feature 0x001: 'x87 floating point registers'
[    0.000000] kernel: x86/fpu: Supporting XSAVE feature 0x002: 'SSE registers'
[    0.000000] kernel: x86/fpu: Supporting XSAVE feature 0x004: 'AVX registers'
[    0.000000] kernel: x86/fpu: Supporting XSAVE feature 0x020: 'AVX-512 opmask'
[    0.000000] kernel: x86/fpu: Supporting XSAVE feature 0x040: 'AVX-512 Hi256'
[    0.000000] kernel: x86/fpu: Supporting XSAVE feature 0x080: 'AVX-512 ZMM_Hi256'
[    0.000000] kernel: x86/fpu: Supporting XSAVE feature 0x200: 'Protection Keys User registers'
[    0.000000] kernel: x86/fpu: xstate_offset[2]:  576, xstate_sizes[2]:  256
[    0.000000] kernel: x86/fpu: xstate_offset[5]:  832, xstate_sizes[5]:   64
[    0.000000] kernel: x86/fpu: xstate_offset[6]:  896, xstate_sizes[6]:  512
[    0.000000] kernel: x86/fpu: xstate_offset[7]: 1408, xstate_sizes[7]: 1024
[    0.000000] kernel: x86/fpu: xstate_offset[9]: 2432, xstate_sizes[9]:    8
[    0.000000] kernel: x86/fpu: Enabled xstate features 0x2e7, context size is 2440 bytes, using 'compacted' format.
[    0.000000] kernel: signal: max sigframe size: 3632
[    0.000000] kernel: BIOS-provided physical RAM map:
[    0.000000] kernel: BIOS-e820: [mem 0x0000000000000000-0x000000000009fbff] usable
[    0.000000] kernel: BIOS-e820: [mem 0x000000000009fc00-0x000000000009ffff] reserved
[    0.000000] kernel: BIOS-e820: [mem 0x00000000000f0000-0x00000000000fffff] reserved
[    0.000000] kernel: BIOS-e820: [mem 0x0000000000100000-0x00000000bffdffff] usable
[    0.000000] kernel: BIOS-e820: [mem 0x00000000bffe0000-0x00000000bfffffff] reserved
[    0.000000] kernel: BIOS-e820: [mem 0x00000000feffc000-0x00000000feffffff] reserved
[    0.000000] kernel: BIOS-e820: [mem 0x00000000fffc0000-0x00000000ffffffff] reserved
[    0.000000] kernel: BIOS-e820: [mem 0x0000000100000000-0x00000002bfffffff] usable
[    0.000000] kernel: NX (Execute Disable) protection: active
[    0.000000] kernel: SMBIOS 2.8 present.
[    0.000000] kernel: DMI: QEMU Standard PC (i440FX + PIIX, 1996), BIOS 1.13.0-1ubuntu1.1 04/01/2014
[    0.000000] kernel: Hypervisor detected: KVM
[    0.000000] kernel: kvm-clock: Using msrs 4b564d01 and 4b564d00
[    0.000000] kernel: kvm-clock: cpu 0, msr 18246e001, primary cpu clock
[    0.000001] kernel: kvm-clock: using sched offset of 959585645 cycles
[    0.000003] kernel: clocksource: kvm-clock: mask: 0xffffffffffffffff max_cycles: 0x1cd42e4dffb, max_idle_ns: 881590591483 ns
[    0.000005] kernel: tsc: Detected 2593.906 MHz processor
[    0.000425] kernel: e820: update [mem 0x00000000-0x00000fff] usable ==> reserved
[    0.000427] kernel: e820: remove [mem 0x000a0000-0x000fffff] usable
[    0.000430] kernel: last_pfn = 0x2c0000 max_arch_pfn = 0x10000000000
[    0.000477] kernel: x86/PAT: Configuration [0-7]: WB  WC  UC- UC  WB  WP  UC- WT  
[    0.000483] kernel: last_pfn = 0xbffe0 max_arch_pfn = 0x10000000000
[    0.004676] kernel: found SMP MP-table at [mem 0x000f5c80-0x000f5c8f]
[    0.004700] kernel: Using GB pages for direct mapping
[    0.004822] kernel: ACPI: Early table checksum verification disabled
[    0.004826] kernel: ACPI: RSDP 0x00000000000F5A50 000014 (v00 BOCHS )
[    0.004834] kernel: ACPI: RSDT 0x00000000BFFE15C9 000030 (v01 BOCHS  BXPCRSDT 00000001 BXPC 00000001)
[    0.004839] kernel: ACPI: FACP 0x00000000BFFE149D 000074 (v01 BOCHS  BXPCFACP 00000001 BXPC 00000001)
[    0.004843] kernel: ACPI: DSDT 0x00000000BFFE0040 00145D (v01 BOCHS  BXPCDSDT 00000001 BXPC 00000001)
[    0.004846] kernel: ACPI: FACS 0x00000000BFFE0000 000040
[    0.004848] kernel: ACPI: APIC 0x00000000BFFE1511 000080 (v01 BOCHS  BXPCAPIC 00000001 BXPC 00000001)
[    0.004850] kernel: ACPI: HPET 0x00000000BFFE1591 000038 (v01 BOCHS  BXPCHPET 00000001 BXPC 00000001)
[    0.004852] kernel: ACPI: Reserving FACP table memory at [mem 0xbffe149d-0xbffe1510]
[    0.004853] kernel: ACPI: Reserving DSDT table memory at [mem 0xbffe0040-0xbffe149c]
[    0.004854] kernel: ACPI: Reserving FACS table memory at [mem 0xbffe0000-0xbffe003f]
[    0.004854] kernel: ACPI: Reserving APIC table memory at [mem 0xbffe1511-0xbffe1590]
[    0.004855] kernel: ACPI: Reserving HPET table memory at [mem 0xbffe1591-0xbffe15c8]
[    0.005111] kernel: No NUMA configuration found
[    0.005112] kernel: Faking a node at [mem 0x0000000000000000-0x00000002bfffffff]
[    0.005114] kernel: NODE_DATA(0) allocated [mem 0x2bfffc000-0x2bfffffff]
[    0.005798] kernel: Zone ranges:
[    0.005799] kernel:   DMA      [mem 0x0000000000001000-0x0000000000ffffff]
[    0.005801] kernel:   DMA32    [mem 0x0000000001000000-0x00000000ffffffff]
[    0.005802] kernel:   Normal   [mem 0x0000000100000000-0x0req.flags ea2
0000002bfffffff]
[    0.005804] kernel: Movable zone start for each node
[    0.005804] kernel: Early memory node ranges
[    0.005805] kernel:   node   0: [mem 0x0000000000001000-0x000000000009efff]
[    0.005806] kernel:   node   0: [mem 0x0000000000100000-0x00000000bffdffff]
[    0.005807] kernel:   node   0: [mem 0x0000000100000000-0x00000002bfffffff]
[    0.005809] kernel: Initmem setup node 0 [mem 0x0000000000001000-0x00000002bfffffff]
[    0.006318] kernel: On node 0, zone DMA: 1 pages in unavailable ranges
[    0.006329] kernel: On node 0, zone DMA: 97 pages in unavailable ranges
[    0.082295] kernel: On node 0, zone Normal: 32 pages in unavailable ranges
[    0.571805] kernel: kasan: KernelAddressSanitizer initialized
[    0.572141] kernel: ACPI: PM-Timer IO Port: 0x608
[    0.572149] kernel: ACPI: LAPIC_NMI (acpi_id[0xff] dfl dfl lint[0x1])
[    0.572183] kernel: IOAPIC[0]: apic_id 0, version 17, address 0xfec00000, GSI 0-23
[    0.572186] kernel: ACPI: INT_SRC_OVR (bus 0 bus_irq 0 global_irq 2 dfl dfl)
[    0.572187] kernel: ACPI: INT_SRC_OVR (bus 0 bus_irq 5 global_irq 5 high level)
[    0.572189] kernel: ACPI: INT_SRC_OVR (bus 0 bus_irq 9 global_irq 9 high level)
[    0.572190] kernel: ACPI: INT_SRC_OVR (bus 0 bus_irq 10 global_irq 10 high level)
[    0.572191] kernel: ACPI: INT_SRC_OVR (bus 0 bus_irq 11 global_irq 11 high level)
[    0.572193] kernel: ACPI: Using ACPI (MADT) for SMP configuration information
[    0.572194] kernel: ACPI: HPET id: 0x8086a201 base: 0xfed00000
[    0.572198] kernel: TSC deadline timer available
[    0.572199] kernel: smpboot: Allowing 2 CPUs, 0 hotplug CPUs
[    0.572219] kernel: kvm-guest: KVM setup pv remote TLB flush
[    0.572223] kernel: kvm-guest: setup PV sched yield
[    0.572230] kernel: PM: hibernation: Registered nosave memory: [mem 0x00000000-0x00000fff]
[    0.572232] kernel: PM: hibernation: Registered nosave memory: [mem 0x0009f000-0x0009ffff]
[    0.572233] kernel: PM: hibernation: Registered nosave memory: [mem 0x000a0000-0x000effff]
[    0.572233] kernel: PM: hibernation: Registered nosave memory: [mem 0x000f0000-0x000fffff]
[    0.572234] kernel: PM: hibernation: Registered nosave memory: [mem 0xbffe0000-0xbfffffff]
[    0.572234] kernel: PM: hibernation: Registered nosave memory: [mem 0xc0000000-0xfeffbfff]
[    0.572235] kernel: PM: hibernation: Registered nosave memory: [mem 0xfeffc000-0xfeffffff]
[    0.572236] kernel: PM: hibernation: Registered nosave memory: [mem 0xff000000-0xfffbffff]
[    0.572236] kernel: PM: hibernation: Registered nosave memory: [mem 0xfffc0000-0xffffffff]
[    0.572238] kernel: [mem 0xc0000000-0xfeffbfff] available for PCI devices
[    0.572238] kernel: Booting paravirtualized kernel on KVM
[    0.572241] kernel: clocksource: refined-jiffies: mask: 0xffffffff max_cycles: 0xffffffff, max_idle_ns: 1910969940391419 ns
[    0.576153] kernel: setup_percpu: NR_CPUS:64 nr_cpumask_bits:64 nr_cpu_ids:2 nr_node_ids:1
[    0.576816] kernel: percpu: Embedded 56 p[D 01/16/2023 17:42:13] PVFS2 Server version 2.9.7-orangefs-REV-65ab0d2 starting.
[E 01/16/2023 17:43:19] PVFS2 server got signal 15 (server_status_flag: 2080767)
[D 02/18/2023 14:39:31] PVFS2 Server version 2.9.7-orangefs-REV-65ab0d2 starting.
[D 02/18/2023 14:47:30] PVFS2 received server: signal 1
[E 02/18/2023 14:47:30] PVFS2 server got signal 15 (server_status_flag: 2080767)
040-0xc04f]
[    1.094649] kernel: pci 0000:00:01.1: legacy IDE quirk: reg 0x10: [io  0x01f0-0x01f7]
[    1.094652] kernel: pci 0000:00:01.1: legacy IDE quirk: reg 0x14: [io  0x03f6]
[    1.094785] kernel: pci 0000:00:01.1: legacy IDE quirk: reg 0x18: [io  0x0170-0x0177]
[    1.094786] kernel: pci 0000:00:01.1: legacy IDE quirk: reg 0x1c: [io  0x0376]
[    1.095753] kernel: pci 0000:00:01.3: [8086:7113] type 00 class 0x068000
[    1.096145] kernel: pci 0000:00:01.3: quirk: [io  0x0600-0x063f] claimed by PIIX4 ACPI
[    1.096151] kernel: pci 0000:00:01.3: quirk: [io  0x0700-0x070f] claimed by PIIX4 SMB
[    1.097110] kernel: pci 0000:00:02.0: [1234:1111] type 00 class 0x030000
[    1.098460] kernel: pci 0000:00:02.0: reg 0x10: [mem 0xfd000000-0xfdffffff pref]
[    1.100412] kernel: pci 0000:00:02.0: reg 0x18: [mem 0xfeb90000-0xfeb90fff]
[    1.104142] kernel: pci 0000:00:02.0: reg 0x30: [mem 0xfeb80000-0xfeb8ffff pref]
[    1.105108] kernel: pci 0000:00:03.0: [1af4:1005] type 00 class 0x00ff00
[    1.105975] kernel: pci 0000:00:03.0: reg 0x10: [io  0xc000-0xc01f]
[    1.107946] kernel: pci 0000:00:03.0: reg 0x20: [mem 0xfe200000-0xfe203fff 64bit pref]
[    1.109476] kernel: pci 0000:00:04.0: [1af4:1000] type 00 class 0x020000
[    1.110198] kernel: pci 0000:00:04.0: reg 0x10: [io  0xc020-0xc03f]
[    1.111212] kernel: pci 0000:00:04.0: reg 0x14: [mem 0xfeb91000-0xfeb91fff]
[    1.114259] kernel: pci 0000:00:04.0: reg 0x20: [mem 0xfe204000-0xfe207fff 64bit pref]
[    1.115079] kernel: pci 0000:00:04.0: reg 0x30: [mem 0xfeb00000-0xfeb7ffff pref]
[    1.116382] kernel: pci 0000:00:10.0: [1af4:1110] type 00 class 0x050000
[    1.117009] kernel: pci 0000:00:10.0: reg 0x10: [mem 0xfeb92000-0xfeb920ff]
[    1.118509] kernel: pci 0000:00:10.0: reg 0x18: [mem 0xfe000000-0xfe0fffff 64bit pref]
[    1.121071] kernel: pci 0000:00:11.0: [1af4:1110] type 00 class 0x050000
[    1.121650] kernel: pci 0000:00:11.0: reg 0x10: [mem 0xfeb93000-0xfeb930ff]
[    1.122644] kernel: pci 00ages/cpu s191576 r8192 d29608 u1048576
[    0.576821] kernel: pcpu-alloc: s191576 r8192 d29608 u1048576 alloc=1*2097152
[    0.576824] kernel: pcpu-alloc: [0] 0 1 
[    0.576847] kernel: kvm-guest: setup async PF for cpu 0
[    0.576853] kernel: kvm-guest: stealtime: cpu 0, msr 26561f140
[    0.576857] kernel: Built 1 zonelists, mobility grouping on.  Total pages: 2580192
[    0.576858] kernel: Policy zone: Normal
[    0.576860] kernel: Kernel command line: root=/dev/sda console=ttyS0 net.ifnames=0 ip=192.168.0.38 quiet
[    0.582235] kernel: Dentry cache hash table entries: 2097152 (order: 12, 16777216 bytes, linear)
[    0.584983] kernel: Inode-cache hash table entries: 1048576 (order: 11, 8388608 bytes, linear)
[    0.585036] kernel: mem auto-init: stack:off, heap alloc:off, heap free:off
[    0.776446] kernel: Memory: 8872652K/10485240K available (14348K kernel code, 2403K rwdata, 3568K rodata, 1384K init, 1732K bss, 1612388K reserved, 0K cma-reserved)
[    0.776530] kernel: SLUB:00:00:11.0: reg 0x18: [mem 0xfe208000-0xfe2083ff 64bit pref]
[    1.125243] kernel: pci 0000:00:12.0: [1af4:1110] type 00 class 0x050000
[    1.126033] kernel: pci 0000:00:12.0: reg 0x10: [mem 0xfeb94000-0xfeb940ff]
[    1.127289] kernel: pci 0000:00:12.0: reg 0x18: [mem 0xfe100000-0xfe1fffff 64bit pref]
[    1.130869] kernel: ACPI: PCI: Interrupt link LNKA configured for IRQ 10
[    1.131229] kernel: ACPI: PCI: Interrupt link LNKB configured for IRQ 10
[    1.131564] kernel: ACPI: PCI: Interrupt link LNKC configured for IRQ 11
[    1.131884] kernel: ACPI: PCI: Interrupt link LNKD configured for IRQ 11
[    1.132008] kernel: ACPI: PCI: Interrupt link LNKS configured for IRQ 9
[    1.132646] kernel: iommu: Default domain type: Translated 
[    1.132647] kernel: iommu: DMA domain TLB invalidation policy: lazy mode 
[    1.132748] kernel: pci 0000:00:02.0: vgaarb: setting as boot VGA device
[    1.132750] kernel: pci 0000:00:02.0: vgaarb: VGA device added: decodes=io+mem,owns=io+mem,lock HWalign=64, Order=0-3, MinObjects=0, CPUs=2, Nodes=1
[    0.777063] kernel: rcu: Hierarchical RCU implementation.
[    0.777064] kernel: rcu:         RCU event tracing is enabled.
[    0.777065] kernel: rcu:         RCU restricting CPUs from NR_CPUS=64 to nr_cpu_ids=2.
[    0.777067] kernel: rcu: RCU calculated value of scheduler-enlistment delay is 100 jiffies.
[    0.777068] kernel: rcu: Adjusting geometry for rcu_fanout_leaf=16, nr_cpu_ids=2
[    0.779721] kernel: NR_IRQS: 4352, nr_irqs: 440, preallocated irqs: 16
[    0.779922] kernel: random: get_random_bytes called from start_kernel+0x4b1/0x67a with crng_init=0
[    0.783789] kernel: Console: colour VGA+ 80x25
[    0.783827] kernel: printk: console [ttyS0] enabled
[    0.783842] kernel: ACPI: Core revision 20210730
[    0.783975] kernel: clocksource: hpet: mask: 0xffffffff max_cycles: 0xffffffff, max_idle_ns: 19112604467 ns
[    0.784082] kernel: APIC: Switch to symmetric I/O mode setup
[    0.784084] kernel: kvm-guest: setup PV IPIs
[    0.784949] kernel: ..TIMER: vector=0x30 apic1=0 pin1=2 apic2=-1 pin2=-1
[    0.784969] kernel: clocksource: tsc-early: mask: 0xffffffffffffffff max_cycles: 0x2563bf907c6, max_idle_ns: 440795319401 ns
[    0.784975] kernel: Calibrating delay loop (skipped) preset value.. 5187.81 BogoMIPS (lpj=2593906)
[    0.784977] kernel: pid_max: default: 32768 minimum: 301
[    0.785008] kernel: LSM: Security Framework initializing
[    0.785021] kernel: SELinux:  Initializing.
[    0.786038] kernel: Mount-cache hash table entries: 32768 (order: 6, 262144 bytes, linear)
[    0.786502] kernel: Mountpoint-cache hash table entries: 32768 (order: 6, 262144 bytes, linear)
[    0.786894] kernel: x86/cpu: User Mode Instruction Prevention (UMIP) activated
[    0.787000] kernel: Last level iTLB entries: 4KB 0, 2MB 0, 4MB 0
[    0.787001] kernel: Last level dTLB entries: 4KB 0, 2MB 0, 4MB 0, 1GB 0
[    0.787010] kernel: Spectre V1 : Mitigation: usercopy/swapgs barriers and __user pointer sanitization
[    0.787014] kernel: Spectre V2 : Mitigation: Enhanced IBRS
[    0.787014] kernel: Spectre V2 : Spectre v2 / SpectreRSB mitigation: Filling RSB on context switch
[    0.787016] kernel: Spectre V2 : mitigation: Enabling conditional Indirect Branch Prediction Barrier
[    0.787017] kernel: Speculative Store Bypass: Mitigation: Speculative Store Bypass disabled via prctl and seccomp
[    0.787018] kernel: TAA: Mitigation: TSX disabled
[    0.792467] kernel: Freeing SMP alternatives memory: 40K
[    0.792590] kernel: smpboot: CPU0: Intel(R) Xeon(R) Gold 6348 CPU @ 2.60GHz (family: 0x6, model: 0x6a, stepping: 0x6)
[    0.792702] kernel: Performance Events: Icelake events, 32-deep LBR, full-width counters, Intel PMU driver.
[    0.792793] kernel: ... version:                2
[    0.792794] kernel: ... bit width:              48
[    0.792795] kernel: ... generic registers:      8
[    0.792795] kernel: ... value mask:             0000ffffffffffff
[    0.792796] kernel: ... max periods=none
[    1.132752] kernel: pci 0000:00:02.0: vgaarb: bridge control possible
[    1.132753] kernel: vgaarb: loaded
[    1.132948] kernel: SCSI subsystem initialized
[    1.133706] kernel: libata version 3.00 loaded.
[    1.134695] kernel: ACPI: bus type USB registered
[    1.134746] kernel: usbcore: registered new interface driver usbfs
[    1.134767] kernel: usbcore: registered new interface driver hub
[    1.134785] kernel: usbcore: registered new device driver usb
[    1.134831] kernel: pps_core: LinuxPPS API ver. 1 registered
[    1.134832] kernel: pps_core: Software ver. 5.3.6 - Copyright 2005-2007 Rodolfo Giometti <giometti@linux.it>
[    1.134842] kernel: PTP clock support registered
[    1.134912] kernel: Advanced Linux Sound Architecture Driver Initialized.
[    1.135021] kernel: NetLabel: Initializing
[    1.135022] kernel: NetLabel:  domain hash size = 128
[    1.135023] kernel: NetLabel:  protocols = UNLABELED CIPSOv4 CALIPSO
[    1.135055] kernel: NetLabel:  unlabeled traffic allowed by default
[    1.135089] kernel: PCI: Using ACPI for IRQ routing
[    1.135089] kernel: PCI: pci_cache_line_size set to 64 bytes
[    1.136608] kernel: e820: reserve RAM buffer [mem 0x0009fc00-0x0009ffff]
[    1.136619] kernel: e820: reserve RAM buffer [mem 0xbffe0000-0xbfffffff]
[    1.136711] kernel: hpet0: at MMIO 0xfed00000, IRQs 2, 8, 0
[    1.136716] kernel: hpet0: 3 comparators, 64-bit 100.000000 MHz counter
[    1.141806] kernel: clocksource: Switched to clocksource kvm-clock
[    1.391857] kernel: VFS: Disk quotas dquot_6.6.0
[    1.392249] kernel: VFS: Dquot-cache hash table entries: 512 (order 0, 4096 bytes)
[    1.394178] kernel: pnp: PnP ACPI init
[    1.397523] kernel: pnp 00:03: [dma 2]
[    1.407706] kernel: pnp: PnP ACPI: found 6 devices
[    1.443588] kernel: clocksource: acpi_pm: mask: 0xffffff max_cycles: 0xffffff, max_idle_ns: 2085701024 ns
[    1.444426] kernel: NET: Registered PF_INET protocol family
[    1.449501] kernel: IP idents hash table entries: 262144 (order: 9, 2097152 bytes, linear)
[    1.485742] kernel: tcp_listen_portaddr_hash hash table entries: 8192 (order: 5, 131072 bytes, linear)
[    1.488446] kernel: TCP established hash table entries: 131072 (order: 8, 1048576 bytes, linear)
[    1.489487] kernel: TCP bind hash table entries: 65536 (order: 8, 1048576 bytes, linear)
[    1.494558] kernel: TCP: Hash tables configured (established 131072 bind 65536)
[    1.495842] kernel: UDP hash table entries: 8192 (order: 6, 262144 bytes, linear)
[    1.496681] kernel: UDP-Lite hash table entries: 8192 (order: 6, 262144 bytes, linear)
[    1.498199] kernel: NET: Registered PF_UNIX/PF_LOCAL protocol family
[    1.509065] kernel: pci_bus 0000:00: resource 4 [io  0x0000-0x0cf7 window]
[    1.509072] kernel: pci_bus 0000:00: resource 5 [io  0x0d00-0xffff window]
[    1.509073] kernel: pci_bus 0000:00: resource 6 [mem 0x000a0000-0x000bffff window]
[    1.509075] kernel: pci_bus 0000:00: resource 7 [mem 0xc0000000-0xfebfffff window]
[    1.509076] kernel: pci_bus 0000:00: resource 8 [mem 0x2c0000000-0x33fffffff window]
[    1.509684] kernel: pci 0000:00:01.0: PIIX3: Enabling Passive Release
[    1.509696] kernel: pci 0000:00:00.0: Limiting direct PCI/PCI transfers
[    1.509706] kernel: pci 0000:00:01.0: Activating ISA DMA hang workarounds
[    1.509744] kernel: pci 0000:00:02.0: Video device with shadowed ROM at [mem 0x000c0000-0x000dffff]
[    1.509782] kernel: PCI: CLS 0 bytes, default 64
[    1.511278] kernel: PCI-DMA: Using software bounce buffering for IO (SWIOTLB)
[    1.511281] kernel: software IO TLB: mapped [mem 0x00000000bbfe0000-0x00000000bffe0000] (64MB)
[    1.512029] kernel: RAPL PMU: API unit is 2^-32 Joules, 0 fixed counters, 10737418240 ms ovfl timer
[    1.512052] kernel: clocksource: tsc: mask: 0xffffffffffffffff max_cycles: 0x2563bf907c6, max_idle_ns: 440795319401 ns
[    1.512511] kernel: clocksource: Switched to clocksource tsc
[    1.527608] kernel: Initialise system trusted keyrings
[    1.536624] kernel: workingset: timestamp_bits=56 max_order=22 bucket_order=0
[    1.569519] kernel: fuse: init (API version 7.34)
[    1.571245] kernel: orangefs_debugfs_init: called with debug mask: :none: :0:
[    1.571501] kernel: orangefs_init: module version upstream loaded
[    1.629498] kernel: Key type asymmetric registered
[    1.629503] kernel: Asymmetric key parser 'x509' registered
[    1.630232] kernel: Block layer SCSI generic (bsg) driver version 0.4 loaded (major 250)
[    1.630256] kernel: io scheduler mq-deadline registered
[    1.630257] kernel: io scheduler kyber registered
[    1.632215] kernel: input: Power Button as /devices/LNXSYSTM:00/LNXPWRBN:00/input/input0
[    1.632900] kernel: ACPI: button: Power Button [PWRF]
[    2.682119] kernel: ACPI: \_SB_.LNKC: Enabled at IRQ 11
[    3.056211] kernel: ACPI: \_SB_.LNKD: Enabled at IRQ 10
[    3.058110] kernel: Serial: 8250/16550 driver, 4 ports, IRQ sharing enabled
[    3.058227] kernel: 00:05: ttyS0 at I/O 0x3f:             00007fffffffffff
[    0.792797] kernel: ... fixed-purpose events:   3
[    0.792797] kernel: ... event mask:             00000007000000ff
[    0.792890] kernel: rcu: Hierarchical SRCU implementation.
[    0.792971] kernel: smp: Bringing up secondary CPUs ...
[    0.792971] kernel: x86: Booting SMP configuration:
[    0.792971] kernel: .... node  #0, CPUs:      #1
[    0.005079] kernel: kvm-clock: cpu 1, msr 18246e041, secondary cpu clock
[    0.005079] kernel: smpboot: CPU 1 Converting physical 0 to logical die 1
[    0.793994] kernel: kvm-guest: setup async PF for cpu 1
[    0.794002] kernel: kvm-guest: stealtime: cpu 1, msr 26571f140
[    0.794011] kernel: smp: Brought up 1 node, 2 CPUs
[    0.794011] kernel: smpboot: Max logical packages: 2
[    0.794011] kernel: smpboot: Total of 2 processors activated (10375.62 BogoMIPS)
[    0.794400] kernel: devtmpfs: initialized
[    0.795085] kernel: clocksource: jiffies: mask: 0xffffffff max_cycles: 0xffffffff, max_idle_ns: 1918 (irq = 4, base_baud = 115200) is a 16550A
[    3.064525] kernel: Non-volatile memory driver v1.3
[    3.064620] kernel: Linux agpgart interface v0.103
[    3.070375] kernel: loop: module loaded
[    3.070553] kernel: ata_piix 0000:00:01.1: version 2.13
[    3.072082] kernel: scsi host0: ata_piix
[    3.072986] kernel: scsi host1: ata_piix
[    3.073076] kernel: ata1: PATA max MWDMA2 cmd 0x1f0 ctl 0x3f6 bmdma 0xc040 irq 14
[    3.073077] kernel: ata2: PATA max MWDMA2 cmd 0x170 ctl 0x376 bmdma 0xc048 irq 15
[    3.073513] kernel: libphy: Fixed MDIO Bus: probed
[    3.079261] kernel: e100: Intel(R) PRO/100 Network Driver
[    3.079263] kernel: e100: Copyright(c) 1999-2006 Intel Corporation
[    3.079273] kernel: e1000: Intel(R) PRO/1000 Network Driver
[    3.079274] kernel: e1000: Copyright (c) 1999-2006 Intel Corporation.
[    3.079293] kernel: e1000e: Intel(R) PRO/1000 Network Driver
[    3.079293] kernel: e1000e: Copyright(c) 1999 - 2015 Intel Corporation.
[    3.079312] kernel: sky1260446275000 ns
[    0.795089] kernel: futex hash table entries: 512 (order: 3, 32768 bytes, linear)
[    0.795245] kernel: PM: RTC time: 17:20:13, date: 2023-03-09
[    0.795406] kernel: NET: Registered PF_NETLINK/PF_ROUTE protocol family
[    0.795571] kernel: audit: initializing netlink subsys (disabled)
[    0.795596] kernel: thermal_sys: Registered thermal governor 'step_wise'
[    0.795596] kernel: thermal_sys: Registered thermal governor 'user_space'
[    0.795596] kernel: audit: type=2000 audit(1678382413.734:1): state=initialized audit_enabled=0 res=1
[    0.795596] kernel: cpuidle: using governor menu
[    0.796041] kernel: ACPI: bus type PCI registered
[    0.796175] kernel: PCI: Using configuration type 1 for base access
[    0.801971] kernel: Kprobes globally optimized
[    0.805046] kernel: HugeTLB registered 2.00 MiB page size, pre-allocated 0 pages
[    0.805046] kernel: cryptomgr_test (26) used greatest stack depth: 31400 bytes left
[    0.808318] kernel: ACPI: Added _OSI(Module Device)
[    0.808321] kernel: ACPI: Added _OSI(Processor Device)
[    0.808322] kernel: ACPI: Added _OSI(3.0 _SCP Extensions)
[    0.808323] kernel: ACPI: Added _OSI(Processor Aggregator Device)
[    0.808325] kernel: ACPI: Added _OSI(Linux-Dell-Video)
[    0.808328] kernel: ACPI: Added _OSI(Linux-Lenovo-NV-HDMI-Audio)
[    0.808329] kernel: ACPI: Added _OSI(Linux-HPI-Hybrid-Graphics)
[    0.822968] kernel: ACPI: 1 ACPI AML tables successfully acquired and loaded
[    0.829238] kernel: ACPI: Interpreter enabled
[    0.829364] kernel: ACPI: PM: (supports S0 S3 S4 S5)
[    0.829366] kernel: ACPI: Using IOAPIC for interrupt routing
[    0.829399] kernel: PCI: Using host bridge windows from ACPI; if necessary, use "pci=nocrs" and report a bug
[    0.829757] kernel: ACPI: Enabled 2 GPEs in block 00 to 0F
[    0.845939] kernel: ACPI: PCI Root Bridge [PCI0] (domain 0000 [bus 00-ff])
[    0.845953] kernel: acpi PNP0A03:00: _OSC: OS supports [ASPM ClockPM Segments MSI HPX-Type3]
2: driver version 1.30
[    3.079541] kernel: ehci_hcd: USB 2.0 'Enhanced' Host Controller (EHCI) Driver
[    3.079544] kernel: ehci-pci: EHCI PCI platform driver
[    3.079566] kernel: ohci_hcd: USB 1.1 'Open' Host Controller (OHCI) Driver
[    3.079574] kernel: ohci-pci: OHCI PCI platform driver
[    3.079584] kernel: uhci_hcd: USB Universal Host Controller Interface driver
[    3.079691] kernel: usbcore: registered new interface driver usblp
[    3.079705] kernel: usbcore: registered new interface driver usb-storage
[    3.079748] kernel: i8042: PNP: PS/2 Controller [PNP0303:KBD,PNP0f13:MOU] at 0x60,0x64 irq 1,12
[    3.081059] kernel: serio: i8042 KBD port at 0x60,0x64 irq 1
[    3.081066] kernel: serio: i8042 AUX port at 0x60,0x64 irq 12
[    3.081558] kernel: input: AT Translated Set 2 keyboard as /devices/platform/i8042/serio0/input/input1
[    3.081968] kernel: rtc_cmos 00:00: RTC can wake from S4
[    3.082904] kernel: rtc_cmos 00:00: registered as rtc0
[    3.082961] kernel: rtc_cmos 00:00: alarms up to one day, y3k, 114 bytes nvram, hpet irqs
[    3.083363] kernel: device-mapper: ioctl: 4.45.0-ioctl (2021-03-22) initialised: dm-devel@redhat.com
[    3.083367] kernel: intel_pstate: CPU model not supported
[    3.083479] kernel: hid: raw HID events driver (C) Jiri Kosina
[    3.083717] kernel: usbcore: registered new interface driver usbhid
[    3.083717] kernel: usbhid: USB HID core driver
[    3.083933] kernel: netem: version 1.3
[    3.085587] kernel: Initializing XFRM netlink socket
[    3.085829] kernel: NET: Registered PF_INET6 protocol family
[    3.088182] kernel: Segment Routing with IPv6
[    3.088195] kernel: In-situ OAM (IOAM) with IPv6
[    3.088264] kernel: sit: IPv6, IPv4 and MPLS over IPv4 tunneling driver
[    3.088478] kernel: NET: Registered PF_PACKET protocol family
[    3.088519] kernel: 9pnet: Installing 9P2000 support
[    3.088544] kernel: Key type dns_resolver registered
[    3.088554] kernel: Key type ceph registered
[    3.08868[    0.846003] kernel: acpi PNP0A03:00: fail to add MMCONFIG information, can't access extended PCI configuration space under this bridge.
[    0.846189] kernel: PCI host bridge to bus 0000:00
[    0.846191] kernel: pci_bus 0000:00: root bus resource [io  0x0000-0x0cf7 window]
[    0.846194] kernel: pci_bus 0000:00: root bus resource [io  0x0d00-0xffff window]
[    0.846196] kernel: pci_bus 0000:00: root bus resource [mem 0x000a0000-0x000bffff window]
[    0.846198] kernel: pci_bus 0000:00: root bus resource [mem 0xc0000000-0xfebfffff window]
[    0.846200] kernel: pci_bus 0000:00: root bus resource [mem 0x2c0000000-0x33fffffff window]
[    0.846202] kernel: pci_bus 0000:00: root bus resource [bus 00-ff]
[    0.847209] kernel: pci 0000:00:00.0: [8086:1237] type 00 class 0x060000
[    0.848623] kernel: pci 0000:00:01.0: [8086:7000] type 00 class 0x060100
[    0.849838] kernel: pci 0000:00:01.1: [8086:7010] type 00 class 0x010180
[    0.852976] kernel: pci 0000:00:01.1: reg 0x20: [io  09] kernel: libceph: loaded (mon/osd proto 15/24)
[    3.088892] kernel: IPI shorthand broadcast: enabled
[    3.088912] kernel: sched_clock: Marking stable (3084714924, 4131755)->(3226550754, -137704075)
[    3.089422] kernel: registered taskstats version 1
[    3.089424] kernel: Loading compiled-in X.509 certificates
[    3.092597] kernel: PM:   Magic number: 15:730:339
[    3.092639] kernel: printk: console [netcon0] enabled
[    3.092647] kernel: netconsole: network logging started
[    3.225181] kernel: ata1.01: NODEV after polling detection
[    3.225378] kernel: ata2.01: NODEV after polling detection
[    3.225578] kernel: ata1.00: ATA-7: QEMU HARDDISK, 2.5+, max UDMA/100
[    3.225580] kernel: ata1.00: 88078336 sectors, multi 16: LBA48 
[    3.225744] kernel: ata2.00: ATAPI: QEMU DVD-ROM, 2.5+, max UDMA/100
[    3.226304] kernel: scsi 0:0:0:0: Direct-Access     ATA      QEMU HARDDISK    2.5+ PQ: 0 ANSI: 5
[    3.226532] kernel: sd 0:0:0:0: Attached scsi generic sg0 type 0
[    xc040-0xc04f]
[    0.854306] kernel: pci 0000:00:01.1: legacy IDE quirk: reg 0x10: [io  0x01f0-0x01f7]
[    0.854309] kernel: pci 0000:00:01.1: legacy IDE quirk: reg 0x14: [io  0x03f6]
[    0.854310] kernel: pci 0000:00:01.1: legacy IDE quirk: reg 0x18: [io  0x0170-0x0177]
[    0.854311] kernel: pci 0000:00:01.1: legacy IDE quirk: reg 0x1c: [io  0x0376]
[    0.856046] kernel: pci 0000:00:01.3: [8086:7113] type 00 class 0x068000
[    0.856448] kernel: pci 0000:00:01.3: quirk: [io  0x0600-0x063f] claimed by PIIX4 ACPI
[    0.856474] kernel: pci 0000:00:01.3: quirk: [io  0x0700-0x070f] claimed by PIIX4 SMB
[    0.858358] kernel: pci 0000:00:02.0: [1234:1111] type 00 class 0x030000
[    0.859796] kernel: pci 0000:00:02.0: reg 0x10: [mem 0xfd000000-0xfdffffff pref]
[    0.861702] kernel: pci 0000:00:02.0: reg 0x18: [mem 0xfeb90000-0xfeb90fff]
[    0.865466] kernel: pci 0000:00:02.0: reg 0x30: [mem 0xfeb80000-0xfeb8ffff pref]
[    0.867172] kernel: pci 0000:00:03.0: [1af4:1005] type 00 clas3.226596] kernel: sd 0:0:0:0: [sda] 88078336 512-byte logical blocks: (45.1 GB/42.0 GiB)
[    3.226664] kernel: sd 0:0:0:0: [sda] Write Protect is off
[    3.226667] kernel: sd 0:0:0:0: [sda] Mode Sense: 00 3a 00 00
[    3.226708] kernel: sd 0:0:0:0: [sda] Write cache: enabled, read cache: enabled, doesn't support DPO or FUA
[    3.226932] kernel: scsi 1:0:0:0: CD-ROM            QEMU     QEMU DVD-ROM     2.5+ PQ: 0 ANSI: 5
[    3.228562] kernel: sd 0:0:0:0: [sda] Attached SCSI disk
[    3.247730] kernel: sr 1:0:0:0: [sr0] scsi3-mmc drive: 4x/4x cd/rw xa/form2 tray
[    3.247736] kernel: cdrom: Uniform CD-ROM driver Revision: 3.20
[    3.265488] kernel: sr 1:0:0:0: Attached scsi CD-ROM sr0
[    3.265681] kernel: sr 1:0:0:0: Attached scsi generic sg1 type 5
[    3.706688] kernel: input: ImExPS/2 Generic Explorer Mouse as /devices/platform/i8042/serio1/input/input3
[    3.719677] kernel: IP-Config: Guessing netmask 255.255.255.0
[    3.719681] kernel: IP-Config: Complete:
[    3.719682] kernel:      device=eth0, hwaddr=e6:c8:ff:09:76:23, ipaddr=192.168.0.35, mask=255.255.255.0, gw=255.255.255.255
[    3.719685] kernel:      host=192.168.0.35, domain=, nis-domain=(none)
[    3.719687] kernel:      bootserver=255.255.255.255, rootserver=255.255.255.255, rootpath=
[    3.719797] kernel: cfg80211: Loading compiled-in X.509 certificates for regulatory database
[    3.720045] kernel: kworker/u4:1 (69) used greatest stack depth: 30480 bytes left
[    3.720590] kernel: cfg80211: Loaded X.509 cert 'sforshee: 00b28ddf47aef9cea7'
[    3.720602] kernel: ALSA device list:
[    3.720603] kernel:   No soundcards found.
[    3.720916] kernel: md: Waiting for all devices to be available before autodetect
[    3.720918] kernel: md: If you don't use raid, use raid=noautodetect
[    3.720919] kernel: md: Autodetecting RAID arrays.
[    3.720920] kernel: md: autorun ...
[    3.720921] kernel: md: ... autorun DONE.
[    3.721272] kernel: platform regulatory.0: Direct firmware load for regulatory.db failed with error -2
[    3.721278] kernel: cfg80211: failed to load regulatory.db
[    3.726604] kernel: EXT4-fs (sda): mounted filesystem with ordered data mode. Opts: (null). Quota mode: none.
[    3.726628] kernel: VFS: Mounted root (ext4 filesystem) readonly on device 8:0.
[    3.727270] kernel: devtmpfs: mounted
[    3.727690] kernel: Freeing unused kernel image (initmem) memory: 1384K
[    3.731682] kernel: Write protecting the kernel read-only data: 20480k
[    3.732391] kernel: Freeing unused kernel image (text/rodata gap) memory: 2032K
[    3.732578] kernel: Freeing unused kernel image (rodata/data gap) memory: 528K
[    3.732588] kernel: Run /sbin/init as init process
[    3.732589] kernel:   with arguments:
[    3.732590] kernel:     /sbin/init
[    3.732590] kernel:   with environment:
[    3.732591] kernel:     HOME=/
[    3.732591] kernel:     TERM=linux
[    3.867757] kernel: random: fast init done
[    3.936680] systemd[1]: systemd 245.4-4ubuntu3 running in system mode. (+PAM +AUDIT +SELINUX +IMA +APPARMOR +SMACK +SYSVINIT +UTMP +LIBCRYPTSETUP +GCRYPT +GNUTLS +ACL +XZ +LZ4 +SECCOMP +BLKID +ELFUTILS +KMOD +IDN2 -IDN +PCRE2 default-hierarchy=hybrid)
[    3.936738] systemd[1]: Detected virtualization kvm.
[    3.936742] systemd[1]: Detected architecture x86-64.
[    3.943290] systemd[1]: Set hostname to <dfs-fuzzing>.
[    4.036062] kernel: systemd-system- (87) used greatest stack depth: 29848 bytes left
[    4.036558] kernel: systemd-run-gen (86) used greatest stack depth: 29808 bytes left
[    4.070747] kernel: systemd-sysv-ge (88) used greatest stack depth: 28840 bytes left
[    4.139919] kernel: IPv6: ADDRCONF(NETDEV_CHANGE): eth0: link becomes ready
[    4.173404] systemd[1]: /lib/systemd/system/dbus.socket:5: ListenStream= references a path below legacy directory /var/run/, updating /var/run/dbus/system_bus_socket  /run/dbus/system_bus_socket; please update the unit file accordingly.
[    4.194806] systemd[1]: system-modprobe.slice: unit configures an IP firewall, but the local system does not support BPF/cgroup firewalling.
[    4.194813] systemd[1]: (This warning is only shown for the first unit using IP firewalling.)
[    4.195055] systemd[1]: Created slice system-modprobe.slice.
[    4.195178] systemd[1]: Created slice system-serial\x2dgetty.slice.
[    4.195252] systemd[1]: Created slice User and Session Slice.
[    4.195998] systemd[1]: Started Dispatch Password Requests to Console Directory Watch.
[    4.196048] systemd[1]: Started Forward Password Requests to Wall Directory Watch.
[    4.196299] systemd[1]: Set up automount Arbitrary Executable File Formats File System Automount Point.
[    4.196328] systemd[1]: Reached target Local Encrypted Volumes.
[    4.196348] systemd[1]: Reached target Paths.
[    4.196358] systemd[1]: Reached target Remote File Systems.
[    4.196367] systemd[1]: Reached target Slices.
[    4.196380] systemd[1]: Reached target Swap.
[    4.196465] systemd[1]: Listening on Device-mapper event daemon FIFOs.
[    4.196587] systemd[1]: Listening on Syslog Socket.
[    4.196715] systemd[1]: Listening on initctl Compatibility Named Pipe.
[    4.196904] systemd[1]: Listening on Journal Audit Socket.
[    4.196995] systemd[1]: Listening on Journal Socket (/dev/log).
[    4.197102] systemd[1]: Listening on Journal Socket.
[    4.197210] systemd[1]: Listening on udev Control Socket.
[    4.197279] systemd[1]: Listening on udev Kernel Socket.
[    4.216143] systemd[1]: Mounting Huge Pages File System...
[    4.217097] systemd[1]: Mounting POSIX Message Queue File System...
[    4.217868] systemd[1]: Mounting /proc/sys/fs/binfmt_misc...
[    4.219232] systemd[1]: Mounting /sys/kernel/config...
[    4.219933] systemd[1]: Mounting /sys/kernel/debug...
[    4.220742] systemd[1]: Mounting Kernel Trace File System...
[    4.221518] systemd[1]: Starting Journal Service...
[    4.222313] systemd[1]: Starting Set the console keyboard layout...
[    4.222344] systemd[1]: Condition check resulted in Create list of static device nodes for the current kernel being skipped.
[    4.222382] systemd[1]: Condition check resulted in Load Kernel Module drm being skipped.
[    4.257765] systemd[1]: Starting Load Kernel Modules...
[    4.259022] systemd[1]: Starting Remount Root and Kernel File Systems...
[    4.259773] systemd[1]: Starting udev Coldplug all Devices...
[    4.411082] systemd[1]: Finished Load Kernel Modules.
[    4.412119] systemd[1]: Mounting FUSE Control File System...
[    4.413343] systemd[1]: Starting Apply Kernel Variables...
[    4.418993] systemd[1]: Mounted Huge Pages File System.
[    4.419191] systemd[1]: Mounted POSIX Message Queue File System.
[    4.419343] systemd[1]: Mounted /sys/kernel/config.
[    4.419491] systemd[1]: Mounted /sys/kernel/debug.
[    4.420117] systemd[1]: Mounted Kernel Trace File System.
[    4.445919] systemd[1]: Mounted /proc/sys/fs/binfmt_misc.
[    4.446148] systemd[1]: Mounted FUSE Control File System.
[    4.54----- is restarting 0
---- dfs_name orangefs is_dfs_client 0
unlink FIFO failed: No such file or directory
executor 2 finishes userspace_cover_open
before receiving handshake request
req.flags ea2
[    0.000000] kernel: Linux version 5.15.0+ (tlyu@IC-RS3-DPC07) (gcc (Ubuntu 9.4.0-1ubuntu1~20.04.1) 9.4.0, GNU ld (GNU Binutils for Ubuntu) 2.34) #7 SMP Sat Feb 18 10:18:37 CET 2023
[    0.000000] kernel: Command line: root=/dev/sda console=ttyS0 net.ifnames=0 ip=192.168.0.37 quiet
[    0.000000] kernel: x86/fpu: Supporting XSAVE feature 0x001: 'x87 floating point registers'
[    0.000000] kernel: x86/fpu: Supporting XSAVE feature 0x002: 'SSE registers'
[    0.000000] kernel: x86/fpu: Supporting XSAVE feature 0x004: 'AVX registers'
[    0.000000] kernel: x86/fpu: Supporting XSAVE feature 0x020: 'AVX-512 opmask'
[    0.000000] kernel: x86/fpu: Supporting XSAVE feature 0x040: 'AVX-512 Hi256'
[    0.000000] kernel: x86/fpu: Supporting XSAVE feature 0x080: 'AVX-512 ZMM_Hi256'
[    0.000000] kernel: x86/fpu: Supporting XSAVE feature 0x200: 'Protection Keys User registers'
[    0.000000] kernel: x86/fpu: xstate_offset[2]:  576, xstate_sizes[2]:  256
[    0.000000] kernel: x86/fpu: xstate_s 0x00ff00
[    0.867976] kernel: pci 0000:00:03.0: reg 0x10: [io  0xc000-0xc01f]
[    0.871875] kernel: pci 0000:00:03.0: reg 0x20: [mem 0xfe200000-0xfe203fff 64bit pref]
[    0.874010] kernel: pci 0000:00:04.0: [1af4:1000] type 00 class 0x020000
[    0.874883] kernel: pci 0000:00:04.0: reg 0x10: [io  0xc020-0xc03f]
[    0.875385] kernel: pci 0000:00:04.0: reg 0x14: [mem 0xfeb91000-0xfeb91fff]
[    0.877715] kernel: pci 0000:00:04.0: reg 0x20: [mem 0xfe204000-0xfe207fff 64bit pref]
[    0.878636] kernel: pci 0000:00:04.0: reg 0x30: [mem 0xfeb00000-0xfeb7ffff pref]
[    0.879802] kernel: pci 0000:00:10.0: [1af4:1110] type 00 class 0x050000
[    0.880382] kernel: pci 0000:00:10.0: reg 0x10: [mem 0xfeb92000-0xfeb920ff]
[    0.881728] kernel: pci 0000:00:10.0: reg 0x18: [mem 0xfe000000-0xfe0fffff 64bit pref]
[    0.884808] kernel: pci 0000:00:11.0: [1af4:1110] type 00 class 0x050000
[    0.885244] kernel: pci 0000:00:11.0: reg 0x10: [mem 0xfeb93000-0xfeb930ff]
[    0.886231] kernel: pci 0683] kernel: EXT4-fs (sda): re-mounted. Opts: (null). Quota mode: none.
[    4.600189] systemd[1]: Condition check resulted in Set Up Additional Binary Formats being skipped.
[    4.601131] systemd[1]: Finished Remount Root and Kernel File Systems.
[    4.601533] systemd[1]: Finished udev Coldplug all Devices.
[    4.613350] systemd[1]: Condition check resulted in Rebuild Hardware Database being skipped.
[    4.613393] systemd[1]: Condition check resulted in Platform Persistent Storage Archival being skipped.
[    4.616191] systemd[1]: Starting Load/Save Random Seed...
[    4.616994] systemd[1]: Starting Create System Users...
[    4.620475] systemd[1]: Finished Apply Kernel Variables.
[    4.684500] kernel: random: crng init done
[    4.825941] systemd[1]: Finished Set the console keyboard layout.
[    4.870401] kernel: systemd-sysuser (112) used greatest stack depth: 28768 bytes left
[    4.871435] systemd[1]: Finished Load/Save Random Seed.
[    4.872399] systemd[1]: Finished Creaoffset[5]:  832, xstate_sizes[5]:   64
[    0.000000] kernel: x86/fpu: xstate_offset[6]:  896, xstate_sizes[6]:  512
[    0.000000] kernel: x86/fpu: xstate_offset[7]: 1408, xstate_sizes[7]: 1024
[    0.000000] kernel: x86/fpu: xstate_offset[9]: 2432, xstate_sizes[9]:    8
[    0.000000] kernel: x86/fpu: Enabled xstate features 0x2e7, context size is 2440 bytes, using 'compacted' format.
[    0.000000] kernel: signal: max sigframe size: 3632
[    0.000000] kernel: BIOS-provided physical RAM map:
[    0.000000] kernel: BIOS-e820: [mem 0x0000000000000000-0x000000000009fbff] usable
[    0.000000] kernel: BIOS-e820: [mem 0x000000000009fc00-0x000000000009ffff] reserved
[    0.000000] kernel: BIOS-e820: [mem 0x00000000000f0000-0x00000000000fffff] reserved
[    0.000000] kernel: BIOS-e820: [mem 0x0000000000100000-0x00000000bffdffff] usable
[    0.000000] kernel: BIOS-e820: [mem 0x00000000bffe0000-0x00000000bfffffff] reserved
[    0.000000] kernel: BIOS-e820: [mem 0x00000000feffc000-0x00000000[D 01/16/2023 17:42:13] PVFS2 Server version 2.9.7-orangefs-REV-65ab0d2 starting.
[E 01/16/2023 17:43:19] PVFS2 server got signal 15 (server_status_flag: 2080767)
[D 02/18/2023 14:39:31] PVFS2 Server version 2.9.7-orangefs-REV-65ab0d2 starting.
[D 02/18/2023 14:47:30] PVFS2 received server: signal 1
[E 02/18/2023 14:47:30] PVFS2 server got signal 15 (server_status_flag: 2080767)
0000:00:11.0: reg 0x18: [mem 0xfe208000-0xfe2083ff 64bit pref]
[    0.889095] kernel: pci 0000:00:12.0: [1af4:1110] type 00 class 0x050000
[    0.889976] kernel: pci 0000:00:12.0: reg 0x10: [mem 0xfeb94000-0xfeb940ff]
[    0.891321] kernel: pci 0000:00:12.0: reg 0x18: [mem 0xfe100000-0xfe1fffff 64bit pref]
[    0.896055] kernel: ACPI: PCI: Interrupt link LNKA configured for IRQ 10
[    0.896433] kernel: ACPI: PCI: Interrupt link LNKB configured for IRQ 10
[    0.896741] kernel: ACPI: PCI: Interrupt link LNKC configured for IRQ 11
[    0.897782] kernel: ACPI: PCI: Interrupt link LNKD configured for IRQ 11
[    0.898020] kernel: ACPI: PCI: Interrupt link LNKS configured for IRQ 9
[    0.898650] kernel: iommu: Default domain type: Translated 
[    0.898652] kernel: iommu: DMA domain TLB invalidation policy: lazy mode 
[    0.898768] kernel: pci 0000:00:02.0: vgaarb: setting as boot VGA device
[    0.898770] kernel: pci 0000:00:02.0: vgaarb: VGA device added: decodes=io+mem,owns=io+mem,lofeffffff] reserved
