
Ubuntu 20.04 LTS dfs-fuzzing ttyS0

2023/03/12 03:46:46 fuzzer started
2023/03/12 03:46:46 dialing manager at localhost:42025
2023/03/12 03:46:47 syscalls: 130
2023/03/12 03:46:47 code coverage: enabled
2023/03/12 03:46:47 comparison tracing: enabled
2023/03/12 03:46:47 extra coverage: enabled
2023/03/12 03:46:47 setuid sandbox: enabled
2023/03/12 03:46:47 namespace sandbox: /proc/self/ns/user does not exist
2023/03/12 03:46:47 Android sandbox: /sys/fs/selinux/policy can't be opened (open /sys/fs/selinux/policy: invalid argument)
2023/03/12 03:46:47 fault injection: CONFIG_FAULT_INJECTION_DEBUG_FS or CONFIG_FAILSLAB are not enabled
2023/03/12 03:46:47 leak checking: CONFIG_DEBUG_KMEMLEAK is not enabled
2023/03/12 03:46:47 net packet injection: /dev/net/tun does not exist
2023/03/12 03:46:47 net device setup: enabled
2023/03/12 03:46:47 concurrency sanitizer: /sys/kernel/debug/kcsan does not exist
2023/03/12 03:46:47 devlink PCI setup: enabled
2023/03/12 03:46:47 USB emulation: /dev/raw-gadget does not exist
2023/03/12 03:46:47 hci packet injection: /dev/vhci does not exist
2023/03/12 03:46:47 wifi device emulation: /sys/class/mac80211_hwsim/ does not exist
2023/03/12 03:46:47 802.15.4 emulation: /sys/bus/platform/devices/mac802154_hwsim does not exist
2023/03/12 03:46:47 deserializeInput: hasCrash true hasNet false
2023/03/12 03:46:47 prog length: 6
2023/03/12 03:46:47 prog length: 3
2023/03/12 03:46:47 deserializeInput: hasCrash true hasNet false
2023/03/12 03:46:47 prog length: 6
2023/03/12 03:46:47 prog length: 6
2023/03/12 03:46:47 prog length: 5
2023/03/12 03:46:47 deserializeInput: hasCrash true hasNet false
2023/03/12 03:46:47 prog length: 6
2023/03/12 03:46:47 prog length: 6
2023/03/12 03:46:47 prog length: 5
2023/03/12 03:46:47 deserializeInput: hasCrash true hasNet false
2023/03/12 03:46:47 prog length: 6
2023/03/12 03:46:47 prog length: 3
2023/03/12 03:46:47 deserializeInput: hasCrash true hasNet false
2023/03/12 03:46:47 prog length: 6
2023/03/12 03:46:47 prog length: 3
2023/03/12 03:46:47 deserializeInput: hasCrash false hasNet false
2023/03/12 03:46:47 prog length: 3
2023/03/12 03:46:47 deserializeInput: hasCrash true hasNet false
2023/03/12 03:46:47 prog length: 6
2023/03/12 03:46:47 prog length: 6
2023/03/12 03:46:47 prog length: 5
2023/03/12 03:46:47 deserializeInput: hasCrash true hasNet false
2023/03/12 03:46:47 prog length: 6
2023/03/12 03:46:47 prog length: 6
2023/03/12 03:46:47 prog length: 5
2023/03/12 03:46:47 deserializeInput: hasCrash true hasNet false
2023/03/12 03:46:47 prog length: 6
2023/03/12 03:46:47 prog length: 3
2023/03/12 03:46:47 deserializeInput: hasCrash true hasNet false
2023/03/12 03:46:47 prog length: 6
2023/03/12 03:46:47 prog length: 6
2023/03/12 03:46:47 prog length: 5
2023/03/12 03:46:47 deserializeInput: hasCrash true hasNet false
2023/03/12 03:46:47 prog length: 6
2023/03/12 03:46:47 prog length: 3
2023/03/12 03:46:47 deserializeInput: hasCrash true hasNet false
2023/03/12 03:46:47 prog length: 6
2023/03/12 03:46:47 prog length: 19
2023/03/12 03:46:47 deserializeInput: hasCrash true hasNet false
2023/03/12 03:46:47 prog length: 6
2023/03/12 03:46:47 prog length: 4
2023/03/12 03:46:47 deserializeInput: hasCrash true hasNet false
2023/03/12 03:46:47 prog length: 6
2023/03/12 03:46:47 prog length: 3
2023/03/12 03:46:47 deserializeInput: hasCrash true hasNet false
2023/03/12 03:46:47 prog length: 6
2023/03/12 03:46:47 prog length: 3
2023/03/12 03:46:47 deserializeInput: hasCrash true hasNet false
2023/03/12 03:46:47 prog length: 6
2023/03/12 03:46:47 prog length: 6
2023/03/12 03:46:47 prog length: 5
2023/03/12 03:46:47 deserializeInput: hasCrash true hasNet false
2023/03/12 03:46:47 prog length: 6
2023/03/12 03:46:47 prog length: 3
2023/03/12 03:46:47 deserializeInput: hasCrash true hasNet false
2023/03/12 03:46:47 prog length: 6
2023/03/12 03:46:47 prog length: 6
2023/03/12 03:46:47 prog length: 5
2023/03/12 03:46:47 deserializeInput: hasCrash true hasNet false
2023/03/12 03:46:47 prog length: 6
2023/03/12 03:46:47 prog length: 6
2023/03/12 03:46:47 prog length: 6
2023/03/12 03:46:47 prog length: 7
2023/03/12 03:46:47 deserializeInput: hasCrash true hasNet false
2023/03/12 03:46:47 prog length: 6
2023/03/12 03:46:47 prog length: 17
2023/03/12 03:46:47 deserializeInput: hasCrash true hasNet false
2023/03/12 03:46:47 prog length: 6
2023/03/12 03:46:47 prog length: 5
2023/03/12 03:46:47 deserializeInput: hasCrash true hasNet false
2023/03/12 03:46:47 prog length: 6
2023/03/12 03:46:47 prog length: 3
2023/03/12 03:46:47 deserializeInput: hasCrash true hasNet false
2023/03/12 03:46:47 prog length: 6
2023/03/12 03:46:47 prog length: 6
2023/03/12 03:46:47 prog length: 5
2023/03/12 03:46:47 deserializeInput: hasCrash true hasNet false
2023/03/12 03:46:47 prog length: 6
2023/03/12 03:46:47 prog length: 6
2023/03/12 03:46:47 prog length: 5
2023/03/12 03:46:47 deserializeInput: hasCrash true hasNet false
2023/03/12 03:46:47 prog length: 6
2023/03/12 03:46:47 prog length: 3
2023/03/12 03:46:47 deserializeInput: hasCrash true hasNet false
2023/03/12 03:46:47 prog length: 6
2023/03/12 03:46:47 prog length: 3
2023/03/12 03:46:47 deserializeInput: hasCrash true hasNet false
2023/03/12 03:46:47 prog length: 6
2023/03/12 03:46:47 prog length: 3
2023/03/12 03:46:47 deserializeInput: hasCrash false hasNet false
2023/03/12 03:46:47 prog length: 1
2023/03/12 03:46:47 deserializeInput: hasCrash true hasNet false
2023/03/12 03:46:47 prog length: 6
2023/03/12 03:46:47 prog length: 3
2023/03/12 03:46:47 deserializeInput: hasCrash true hasNet false
2023/03/12 03:46:47 prog length: 6
2023/03/12 03:46:47 prog length: 11
2023/03/12 03:46:47 deserializeInput: hasCrash true hasNet false
2023/03/12 03:46:47 prog length: 6
2023/03/12 03:46:47 prog length: 3
2023/03/12 03:46:47 deserializeInput: hasCrash true hasNet false
2023/03/12 03:46:47 prog length: 6
2023/03/12 03:46:47 prog length: 3
2023/03/12 03:46:47 deserializeInput: hasCrash true hasNet false
2023/03/12 03:46:47 prog length: 6
2023/03/12 03:46:47 prog length: 3
2023/03/12 03:46:47 deserializeInput: hasCrash true hasNet false
2023/03/12 03:46:47 prog length: 6
2023/03/12 03:46:47 prog length: 6
2023/03/12 03:46:47 prog length: 6
2023/03/12 03:46:47 prog length: 7
2023/03/12 03:46:47 deserializeInput: hasCrash true hasNet false
2023/03/12 03:46:47 prog length: 6
2023/03/12 03:46:47 prog length: 3
2023/03/12 03:46:47 deserializeInput: hasCrash true hasNet false
2023/03/12 03:46:47 prog length: 6
2023/03/12 03:46:47 prog length: 3
2023/03/12 03:46:47 deserializeInput: hasCrash true hasNet false
2023/03/12 03:46:47 prog length: 6
2023/03/12 03:46:47 prog length: 6
2023/03/12 03:46:47 prog length: 5
2023/03/12 03:46:47 deserializeInput: hasCrash true hasNet false
2023/03/12 03:46:47 prog length: 6
2023/03/12 03:46:47 prog length: 9
2023/03/12 03:46:47 deserializeInput: hasCrash true hasNet false
2023/03/12 03:46:47 prog length: 6
2023/03/12 03:46:47 prog length: 6
2023/03/12 03:46:47 prog length: 5
2023/03/12 03:46:47 deserializeInput: hasCrash true hasNet false
2023/03/12 03:46:47 prog length: 6
2023/03/12 03:46:47 prog length: 6
2023/03/12 03:46:47 prog length: 5
2023/03/12 03:46:47 deserializeInput: hasCrash true hasNet false
2023/03/12 03:46:47 prog length: 6
2023/03/12 03:46:47 prog length: 6
2023/03/12 03:46:47 prog length: 6
2023/03/12 03:46:47 deserializeInput: hasCrash true hasNet false
2023/03/12 03:46:47 prog length: 6
2023/03/12 03:46:47 prog length: 3
2023/03/12 03:46:47 deserializeInput: hasCrash false hasNet false
2023/03/12 03:46:47 prog length: 3
2023/03/12 03:46:47 deserializeInput: hasCrash true hasNet false
2023/03/12 03:46:47 prog length: 6
2023/03/12 03:46:47 prog length: 3
2023/03/12 03:46:47 deserializeInput: hasCrash true hasNet false
2023/03/12 03:46:47 prog length: 6
2023/03/12 03:46:47 prog length: 6
2023/03/12 03:46:47 prog length: 5
2023/03/12 03:46:47 deserializeInput: hasCrash true hasNet false
2023/03/12 03:46:47 prog length: 6
2023/03/12 03:46:47 prog length: 4
2023/03/12 03:46:47 deserializeInput: hasCrash true hasNet false
2023/03/12 03:46:47 prog length: 6
2023/03/12 03:46:47 prog length: 3
2023/03/12 03:46:47 deserializeInput: hasCrash true hasNet false
2023/03/12 03:46:47 prog length: 6
2023/03/12 03:46:47 prog length: 17
2023/03/12 03:46:47 deserializeInput: hasCrash true hasNet false
2023/03/12 03:46:47 prog length: 6
2023/03/12 03:46:47 prog length: 6
2023/03/12 03:46:47 prog length: 5
2023/03/12 03:46:47 deserializeInput: hasCrash true hasNet false
2023/03/12 03:46:47 prog length: 6
2023/03/12 03:46:47 prog length: 3
2023/03/12 03:46:47 fetching corpus: 50, signal 3345/12144/17013 (executing program)
2023/03/12 03:46:47 deserializeInput: hasCrash true hasNet false
2023/03/12 03:46:47 prog length: 6
2023/03/12 03:46:47 prog length: 3
2023/03/12 03:46:47 deserializeInput: hasCrash true hasNet false
2023/03/12 03:46:47 prog length: 6
2023/03/12 03:46:47 prog length: 4
2023/03/12 03:46:47 deserializeInput: hasCrash true hasNet false
2023/03/12 03:46:47 prog length: 6
2023/03/12 03:46:47 prog length: 6
2023/03/12 03:46:47 prog length: 6
2023/03/12 03:46:47 prog length: 7
2023/03/12 03:46:47 deserializeInput: hasCrash true hasNet false
2023/03/12 03:46:47 prog length: 6
2023/03/12 03:46:47 prog length: 6
2023/03/12 03:46:47 prog length: 5
2023/03/12 03:46:47 deserializeInput: hasCrash true hasNet false
2023/03/12 03:46:47 prog length: 6
2023/03/12 03:46:47 prog length: 6
2023/03/12 03:46:47 prog length: 5
2023/03/12 03:46:47 deserializeInput: hasCrash true hasNet false
2023/03/12 03:46:47 prog length: 6
2023/03/12 03:46:47 prog length: 3
2023/03/12 03:46:47 deserializeInput: hasCrash true hasNet false
2023/03/12 03:46:47 prog length: 6
2023/03/12 03:46:47 prog length: 3
2023/03/12 03:46:47 deserializeInput: hasCrash true hasNet false
2023/03/12 03:46:47 prog length: 6
2023/03/12 03:46:47 prog length: 4
2023/03/12 03:46:47 deserializeInput: hasCrash true hasNet false
2023/03/12 03:46:47 prog length: 6
2023/03/12 03:46:47 prog length: 6
2023/03/12 03:46:47 prog length: 5
2023/03/12 03:46:47 deserializeInput: hasCrash true hasNet false
2023/03/12 03:46:47 prog length: 6
2023/03/12 03:46:47 prog length: 3
2023/03/12 03:46:47 deserializeInput: hasCrash true hasNet false
2023/03/12 03:46:47 prog length: 6
2023/03/12 03:46:47 prog length: 3
2023/03/12 03:46:47 deserializeInput: hasCrash true hasNet false
2023/03/12 03:46:47 prog length: 6
2023/03/12 03:46:47 prog length: 4
2023/03/12 03:46:47 deserializeInput: hasCrash true hasNet false
2023/03/12 03:46:47 prog length: 6
2023/03/12 03:46:47 prog length: 6
2023/03/12 03:46:47 prog length: 5
2023/03/12 03:46:47 deserializeInput: hasCrash true hasNet false
2023/03/12 03:46:47 prog length: 6
2023/03/12 03:46:47 prog length: 3
2023/03/12 03:46:47 deserializeInput: hasCrash true hasNet false
2023/03/12 03:46:47 prog length: 6
2023/03/12 03:46:47 prog length: 3
2023/03/12 03:46:47 deserializeInput: hasCrash true hasNet false
2023/03/12 03:46:47 prog length: 6
2023/03/12 03:46:47 prog length: 6
2023/03/12 03:46:47 prog length: 5
2023/03/12 03:46:47 deserializeInput: hasCrash true hasNet false
2023/03/12 03:46:47 prog length: 6
2023/03/12 03:46:47 prog length: 3
2023/03/12 03:46:47 deserializeInput: hasCrash false hasNet false
2023/03/12 03:46:47 prog length: 1
2023/03/12 03:46:47 deserializeInput: hasCrash true hasNet false
2023/03/12 03:46:47 prog length: 6
2023/03/12 03:46:47 prog length: 17
2023/03/12 03:46:47 deserializeInput: hasCrash true hasNet false
2023/03/12 03:46:47 prog length: 6
2023/03/12 03:46:47 prog length: 3
2023/03/12 03:46:47 deserializeInput: hasCrash true hasNet false
2023/03/12 03:46:47 prog length: 6
2023/03/12 03:46:47 prog length: 6
2023/03/12 03:46:47 prog length: 5
2023/03/12 03:46:47 deserializeInput: hasCrash true hasNet false
2023/03/12 03:46:47 prog length: 6
2023/03/12 03:46:47 prog length: 3
2023/03/12 03:46:47 deserializeInput: hasCrash true hasNet false
2023/03/12 03:46:47 prog length: 6
2023/03/12 03:46:47 prog length: 6
2023/03/12 03:46:47 prog length: 5
2023/03/12 03:46:47 deserializeInput: hasCrash true hasNet false
2023/03/12 03:46:47 prog length: 6
2023/03/12 03:46:47 prog length: 6
2023/03/12 03:46:47 prog length: 5
2023/03/12 03:46:47 deserializeInput: hasCrash true hasNet false
2023/03/12 03:46:47 prog length: 6
2023/03/12 03:46:47 prog length: 6
2023/03/12 03:46:47 prog length: 5
2023/03/12 03:46:47 deserializeInput: hasCrash true hasNet false
2023/03/12 03:46:47 prog length: 6
2023/03/12 03:46:47 prog length: 3
2023/03/12 03:46:47 deserializeInput: hasCrash true hasNet false
2023/03/12 03:46:47 prog length: 6
2023/03/12 03:46:47 prog length: 3
2023/03/12 03:46:47 deserializeInput: hasCrash true hasNet false
2023/03/12 03:46:47 prog length: 6
2023/03/12 03:46:47 prog length: 3
2023/03/12 03:46:47 deserializeInput: hasCrash true hasNet false
2023/03/12 03:46:47 prog length: 6
2023/03/12 03:46:47 prog length: 3
2023/03/12 03:46:47 deserializeInput: hasCrash true hasNet false
2023/03/12 03:46:47 prog length: 6
2023/03/12 03:46:47 prog length: 3
2023/03/12 03:46:47 deserializeInput: hasCrash true hasNet false
2023/03/12 03:46:47 prog length: 6
2023/03/12 03:46:47 prog length: 3
2023/03/12 03:46:47 deserializeInput: hasCrash true hasNet false
2023/03/12 03:46:47 prog length: 6
2023/03/12 03:46:47 prog length: 3
2023/03/12 03:46:47 deserializeInput: hasCrash true hasNet false
2023/03/12 03:46:47 prog length: 6
2023/03/12 03:46:47 prog length: 5
2023/03/12 03:46:47 deserializeInput: hasCrash true hasNet false
2023/03/12 03:46:47 prog length: 6
2023/03/12 03:46:47 prog length: 5
2023/03/12 03:46:47 deserializeInput: hasCrash true hasNet false
2023/03/12 03:46:47 prog length: 6
2023/03/12 03:46:47 prog length: 4
2023/03/12 03:46:47 deserializeInput: hasCrash true hasNet false
2023/03/12 03:46:47 prog length: 6
2023/03/12 03:46:47 prog length: 3
2023/03/12 03:46:47 deserializeInput: hasCrash false hasNet false
2023/03/12 03:46:47 prog length: 3
2023/03/12 03:46:47 deserializeInput: hasCrash true hasNet false
2023/03/12 03:46:47 prog length: 6
2023/03/12 03:46:47 prog length: 6
2023/03/12 03:46:47 prog length: 5
2023/03/12 03:46:47 deserializeInput: hasCrash true hasNet false
2023/03/12 03:46:47 prog length: 6
2023/03/12 03:46:47 prog length: 17
2023/03/12 03:46:47 deserializeInput: hasCrash true hasNet false
2023/03/12 03:46:47 prog length: 6
2023/03/12 03:46:47 prog length: 6
2023/03/12 03:46:47 prog length: 6
2023/03/12 03:46:47 prog length: 7
2023/03/12 03:46:47 deserializeInput: hasCrash true hasNet false
2023/03/12 03:46:47 prog length: 6
2023/03/12 03:46:47 prog length: 6
2023/03/12 03:46:47 prog length: 5
2023/03/12 03:46:47 deserializeInput: hasCrash true hasNet false
2023/03/12 03:46:47 prog length: 6
2023/03/12 03:46:47 prog length: 9
2023/03/12 03:46:47 deserializeInput: hasCrash true hasNet false
2023/03/12 03:46:47 prog length: 6
2023/03/12 03:46:47 prog length: 3
2023/03/12 03:46:47 deserializeInput: hasCrash true hasNet false
2023/03/12 03:46:47 prog length: 6
2023/03/12 03:46:47 prog length: 6
2023/03/12 03:46:47 prog length: 5
2023/03/12 03:46:47 deserializeInput: hasCrash true hasNet false
2023/03/12 03:46:47 prog length: 6
2023/03/12 03:46:47 prog length: 8
2023/03/12 03:46:47 deserializeInput: hasCrash true hasNet false
2023/03/12 03:46:47 prog length: 6
2023/03/12 03:46:47 prog length: 3
2023/03/12 03:46:47 deserializeInput: hasCrash true hasNet false
2023/03/12 03:46:47 prog length: 6
2023/03/12 03:46:47 prog length: 3
2023/03/12 03:46:47 deserializeInput: hasCrash true hasNet false
2023/03/12 03:46:47 prog length: 6
2023/03/12 03:46:47 prog length: 3
2023/03/12 03:46:47 deserializeInput: hasCrash true hasNet false
2023/03/12 03:46:47 prog length: 6
2023/03/12 03:46:47 prog length: 3
2023/03/12 03:46:47 deserializeInput: hasCrash true hasNet false
2023/03/12 03:46:47 prog length: 6
2023/03/12 03:46:47 prog length: 6
2023/03/12 03:46:47 prog length: 5
2023/03/12 03:46:47 fetching corpus: 100, signal 3424/13472/19825 (executing program)
2023/03/12 03:46:47 deserializeInput: hasCrash true hasNet false
2023/03/12 03:46:47 prog length: 6
2023/03/12 03:46:47 prog length: 3
2023/03/12 03:46:47 deserializeInput: hasCrash true hasNet false
2023/03/12 03:46:47 prog length: 6
2023/03/12 03:46:47 prog length: 6
2023/03/12 03:46:47 prog length: 5
2023/03/12 03:46:47 deserializeInput: hasCrash true hasNet false
2023/03/12 03:46:47 prog length: 6
2023/03/12 03:46:47 prog length: 6
2023/03/12 03:46:47 prog length: 5
2023/03/12 03:46:47 deserializeInput: hasCrash true hasNet false
2023/03/12 03:46:47 prog length: 6
2023/03/12 03:46:47 prog length: 6
2023/03/12 03:46:47 prog length: 6
2023/03/12 03:46:47 deserializeInput: hasCrash true hasNet false
2023/03/12 03:46:47 prog length: 6
2023/03/12 03:46:47 prog length: 3
2023/03/12 03:46:47 deserializeInput: hasCrash true hasNet false
2023/03/12 03:46:47 prog length: 6
2023/03/12 03:46:47 prog length: 3
2023/03/12 03:46:47 deserializeInput: hasCrash true hasNet false
2023/03/12 03:46:47 prog length: 6
2023/03/12 03:46:47 prog length: 3
2023/03/12 03:46:47 deserializeInput: hasCrash true hasNet false
2023/03/12 03:46:47 prog length: 6
2023/03/12 03:46:47 prog length: 3
2023/03/12 03:46:47 deserializeInput: hasCrash true hasNet false
2023/03/12 03:46:47 prog length: 6
2023/03/12 03:46:47 prog length: 3
2023/03/12 03:46:47 deserializeInput: hasCrash true hasNet false
2023/03/12 03:46:47 prog length: 6
2023/03/12 03:46:47 prog length: 3
2023/03/12 03:46:47 deserializeInput: hasCrash true hasNet false
2023/03/12 03:46:47 prog length: 6
2023/03/12 03:46:47 prog length: 6
2023/03/12 03:46:47 prog length: 6
2023/03/12 03:46:47 deserializeInput: hasCrash false hasNet false
2023/03/12 03:46:47 prog length: 1
2023/03/12 03:46:47 deserializeInput: hasCrash true hasNet false
2023/03/12 03:46:47 prog length: 6
2023/03/12 03:46:47 prog length: 3
2023/03/12 03:46:47 deserializeInput: hasCrash true hasNet false
2023/03/12 03:46:47 prog length: 6
2023/03/12 03:46:47 prog length: 6
2023/03/12 03:46:47 prog length: 5
2023/03/12 03:46:47 deserializeInput: hasCrash true hasNet false
2023/03/12 03:46:47 prog length: 6
2023/03/12 03:46:47 prog length: 6
2023/03/12 03:46:47 prog length: 17
2023/03/12 03:46:47 deserializeInput: hasCrash true hasNet false
2023/03/12 03:46:47 prog length: 6
2023/03/12 03:46:47 prog length: 3
2023/03/12 03:46:47 deserializeInput: hasCrash true hasNet false
2023/03/12 03:46:47 prog length: 6
2023/03/12 03:46:47 prog length: 6
2023/03/12 03:46:47 prog length: 6
2023/03/12 03:46:47 prog length: 7
2023/03/12 03:46:47 deserializeInput: hasCrash true hasNet false
2023/03/12 03:46:47 prog length: 6
2023/03/12 03:46:47 prog length: 6
2023/03/12 03:46:47 prog length: 5
2023/03/12 03:46:47 deserializeInput: hasCrash true hasNet false
2023/03/12 03:46:47 prog length: 6
2023/03/12 03:46:47 prog length: 6
2023/03/12 03:46:47 prog length: 5
2023/03/12 03:46:47 deserializeInput: hasCrash true hasNet false
2023/03/12 03:46:47 prog length: 6
2023/03/12 03:46:47 prog length: 3
2023/03/12 03:46:47 deserializeInput: hasCrash true hasNet false
2023/03/12 03:46:47 prog length: 6
2023/03/12 03:46:47 prog length: 6
2023/03/12 03:46:47 prog length: 5
2023/03/12 03:46:47 deserializeInput: hasCrash true hasNet false
2023/03/12 03:46:47 prog length: 6
2023/03/12 03:46:47 prog length: 6
2023/03/12 03:46:47 prog length: 5
2023/03/12 03:46:47 deserializeInput: hasCrash true hasNet false
2023/03/12 03:46:47 prog length: 6
2023/03/12 03:46:47 prog length: 3
2023/03/12 03:46:47 deserializeInput: hasCrash true hasNet false
2023/03/12 03:46:47 prog length: 6
2023/03/12 03:46:47 prog length: 3
2023/03/12 03:46:47 deserializeInput: hasCrash true hasNet false
2023/03/12 03:46:47 prog length: 6
2023/03/12 03:46:47 prog length: 6
2023/03/12 03:46:47 prog length: 5
2023/03/12 03:46:47 deserializeInput: hasCrash true hasNet false
2023/03/12 03:46:47 prog length: 6
2023/03/12 03:46:47 prog length: 6
2023/03/12 03:46:47 prog length: 5
2023/03/12 03:46:47 deserializeInput: hasCrash true hasNet false
2023/03/12 03:46:47 prog length: 6
2023/03/12 03:46:47 prog length: 3
2023/03/12 03:46:47 deserializeInput: hasCrash true hasNet false
2023/03/12 03:46:47 prog length: 6
2023/03/12 03:46:47 prog length: 6
2023/03/12 03:46:47 prog length: 6
2023/03/12 03:46:47 prog length: 7
2023/03/12 03:46:47 deserializeInput: hasCrash true hasNet false
2023/03/12 03:46:47 prog length: 6
2023/03/12 03:46:47 prog length: 4
2023/03/12 03:46:48 deserializeInput: hasCrash false hasNet false
2023/03/12 03:46:48 prog length: 5
2023/03/12 03:46:48 deserializeInput: hasCrash true hasNet false
2023/03/12 03:46:48 prog length: 6
2023/03/12 03:46:48 prog length: 3
2023/03/12 03:46:48 deserializeInput: hasCrash true hasNet false
2023/03/12 03:46:48 prog length: 6
2023/03/12 03:46:48 prog length: 3
2023/03/12 03:46:48 deserializeInput: hasCrash true hasNet false
2023/03/12 03:46:48 prog length: 6
2023/03/12 03:46:48 prog length: 3
2023/03/12 03:46:48 deserializeInput: hasCrash true hasNet false
2023/03/12 03:46:48 prog length: 6
2023/03/12 03:46:48 prog length: 3
2023/03/12 03:46:48 deserializeInput: hasCrash true hasNet false
2023/03/12 03:46:48 prog length: 6
2023/03/12 03:46:48 prog length: 3
2023/03/12 03:46:48 deserializeInput: hasCrash true hasNet false
2023/03/12 03:46:48 prog length: 6
2023/03/12 03:46:48 prog length: 3
2023/03/12 03:46:48 deserializeInput: hasCrash true hasNet false
2023/03/12 03:46:48 prog length: 6
2023/03/12 03:46:48 prog length: 6
2023/03/12 03:46:48 prog length: 5
2023/03/12 03:46:48 deserializeInput: hasCrash true hasNet false
2023/03/12 03:46:48 prog length: 6
2023/03/12 03:46:48 prog length: 3
2023/03/12 03:46:48 deserializeInput: hasCrash true hasNet false
2023/03/12 03:46:48 prog length: 6
2023/03/12 03:46:48 prog length: 3
2023/03/12 03:46:48 deserializeInput: hasCrash true hasNet false
2023/03/12 03:46:48 prog length: 6
2023/03/12 03:46:48 prog length: 3
2023/03/12 03:46:48 deserializeInput: hasCrash true hasNet false
2023/03/12 03:46:48 prog length: 6
2023/03/12 03:46:48 prog length: 6
2023/03/12 03:46:48 prog length: 5
2023/03/12 03:46:48 deserializeInput: hasCrash true hasNet false
2023/03/12 03:46:48 prog length: 6
2023/03/12 03:46:48 prog length: 6
2023/03/12 03:46:48 prog length: 5
2023/03/12 03:46:48 deserializeInput: hasCrash true hasNet false
2023/03/12 03:46:48 prog length: 6
2023/03/12 03:46:48 prog length: 4
2023/03/12 03:46:48 deserializeInput: hasCrash true hasNet false
2023/03/12 03:46:48 prog length: 6
2023/03/12 03:46:48 prog length: 6
2023/03/12 03:46:48 prog length: 5
2023/03/12 03:46:48 deserializeInput: hasCrash true hasNet false
2023/03/12 03:46:48 prog length: 6
2023/03/12 03:46:48 prog length: 6
2023/03/12 03:46:48 prog length: 5
2023/03/12 03:46:48 deserializeInput: hasCrash true hasNet false
2023/03/12 03:46:48 prog length: 6
2023/03/12 03:46:48 prog length: 6
2023/03/12 03:46:48 prog length: 6
2023/03/12 03:46:48 deserializeInput: hasCrash true hasNet false
2023/03/12 03:46:48 prog length: 6
2023/03/12 03:46:48 prog length: 3
2023/03/12 03:46:48 deserializeInput: hasCrash true hasNet false
2023/03/12 03:46:48 prog length: 6
2023/03/12 03:46:48 prog length: 6
2023/03/12 03:46:48 prog length: 5
2023/03/12 03:46:48 deserializeInput: hasCrash true hasNet false
2023/03/12 03:46:48 prog length: 6
2023/03/12 03:46:48 prog length: 6
2023/03/12 03:46:48 prog length: 6
2023/03/12 03:46:48 prog length: 7
2023/03/12 03:46:48 deserializeInput: hasCrash true hasNet false
2023/03/12 03:46:48 prog length: 6
2023/03/12 03:46:48 prog length: 6
2023/03/12 03:46:48 prog length: 5
2023/03/12 03:46:48 fetching corpus: 150, signal 4347/17720/26022 (executing program)
2023/03/12 03:46:48 deserializeInput: hasCrash true hasNet false
2023/03/12 03:46:48 prog length: 6
2023/03/12 03:46:48 prog length: 9
2023/03/12 03:46:48 deserializeInput: hasCrash true hasNet false
2023/03/12 03:46:48 prog length: 6
2023/03/12 03:46:48 prog length: 6
2023/03/12 03:46:48 prog length: 5
2023/03/12 03:46:48 deserializeInput: hasCrash true hasNet false
2023/03/12 03:46:48 prog length: 6
2023/03/12 03:46:48 prog length: 4
2023/03/12 03:46:48 deserializeInput: hasCrash true hasNet false
2023/03/12 03:46:48 prog length: 6
2023/03/12 03:46:48 prog length: 3
2023/03/12 03:46:48 deserializeInput: hasCrash true hasNet false
2023/03/12 03:46:48 prog length: 6
2023/03/12 03:46:48 prog length: 6
2023/03/12 03:46:48 prog length: 5
2023/03/12 03:46:48 deserializeInput: hasCrash true hasNet false
2023/03/12 03:46:48 prog length: 6
2023/03/12 03:46:48 prog length: 3
2023/03/12 03:46:48 deserializeInput: hasCrash true hasNet false
2023/03/12 03:46:48 prog length: 6
2023/03/12 03:46:48 prog length: 17
2023/03/12 03:46:48 deserializeInput: hasCrash true hasNet false
2023/03/12 03:46:48 prog length: 6
2023/03/12 03:46:48 prog length: 6
2023/03/12 03:46:48 prog length: 8
2023/03/12 03:46:48 deserializeInput: hasCrash true hasNet false
2023/03/12 03:46:48 prog length: 6
2023/03/12 03:46:48 prog length: 3
2023/03/12 03:46:48 deserializeInput: hasCrash true hasNet false
2023/03/12 03:46:48 prog length: 6
2023/03/12 03:46:48 prog length: 6
2023/03/12 03:46:48 prog length: 5
2023/03/12 03:46:48 deserializeInput: hasCrash true hasNet false
2023/03/12 03:46:48 prog length: 6
2023/03/12 03:46:48 prog length: 3
2023/03/12 03:46:48 deserializeInput: hasCrash true hasNet false
2023/03/12 03:46:48 prog length: 6
2023/03/12 03:46:48 prog length: 6
2023/03/12 03:46:48 prog length: 5
2023/03/12 03:46:48 deserializeInput: hasCrash true hasNet false
2023/03/12 03:46:48 prog length: 6
2023/03/12 03:46:48 prog length: 6
2023/03/12 03:46:48 prog length: 5
2023/03/12 03:46:48 deserializeInput: hasCrash true hasNet false
2023/03/12 03:46:48 prog length: 6
2023/03/12 03:46:48 prog length: 3
2023/03/12 03:46:48 deserializeInput: hasCrash true hasNet false
2023/03/12 03:46:48 prog length: 6
2023/03/12 03:46:48 prog length: 11
2023/03/12 03:46:48 deserializeInput: hasCrash true hasNet false
2023/03/12 03:46:48 prog length: 6
2023/03/12 03:46:48 prog length: 3
2023/03/12 03:46:48 deserializeInput: hasCrash true hasNet false
2023/03/12 03:46:48 prog length: 6
2023/03/12 03:46:48 prog length: 3
2023/03/12 03:46:48 deserializeInput: hasCrash true hasNet false
2023/03/12 03:46:48 prog length: 6
2023/03/12 03:46:48 prog length: 3
2023/03/12 03:46:48 deserializeInput: hasCrash true hasNet false
2023/03/12 03:46:48 prog length: 6
2023/03/12 03:46:48 prog length: 6
2023/03/12 03:46:48 prog length: 5
2023/03/12 03:46:48 deserializeInput: hasCrash true hasNet false
2023/03/12 03:46:48 prog length: 6
2023/03/12 03:46:48 prog length: 3
2023/03/12 03:46:48 deserializeInput: hasCrash true hasNet false
2023/03/12 03:46:48 prog length: 6
2023/03/12 03:46:48 prog length: 6
2023/03/12 03:46:48 prog length: 5
2023/03/12 03:46:48 deserializeInput: hasCrash false hasNet false
2023/03/12 03:46:48 prog length: 2
2023/03/12 03:46:48 deserializeInput: hasCrash true hasNet false
2023/03/12 03:46:48 prog length: 6
2023/03/12 03:46:48 prog length: 3
2023/03/12 03:46:48 deserializeInput: hasCrash true hasNet false
2023/03/12 03:46:48 prog length: 6
2023/03/12 03:46:48 prog length: 6
2023/03/12 03:46:48 prog length: 5
2023/03/12 03:46:48 deserializeInput: hasCrash true hasNet false
2023/03/12 03:46:48 prog length: 6
2023/03/12 03:46:48 prog length: 3
2023/03/12 03:46:48 deserializeInput: hasCrash true hasNet false
2023/03/12 03:46:48 prog length: 6
2023/03/12 03:46:48 prog length: 3
2023/03/12 03:46:48 deserializeInput: hasCrash true hasNet false
2023/03/12 03:46:48 prog length: 6
2023/03/12 03:46:48 prog length: 3
2023/03/12 03:46:48 deserializeInput: hasCrash true hasNet false
2023/03/12 03:46:48 prog length: 6
2023/03/12 03:46:48 prog length: 3
2023/03/12 03:46:48 deserializeInput: hasCrash true hasNet false
2023/03/12 03:46:48 prog length: 6
2023/03/12 03:46:48 prog length: 3
2023/03/12 03:46:48 deserializeInput: hasCrash true hasNet false
2023/03/12 03:46:48 prog length: 6
2023/03/12 03:46:48 prog length: 3
2023/03/12 03:46:48 deserializeInput: hasCrash true hasNet false
2023/03/12 03:46:48 prog length: 6
2023/03/12 03:46:48 prog length: 6
2023/03/12 03:46:48 prog length: 5
2023/03/12 03:46:48 deserializeInput: hasCrash true hasNet false
2023/03/12 03:46:48 prog length: 6
2023/03/12 03:46:48 prog length: 19
2023/03/12 03:46:48 deserializeInput: hasCrash true hasNet false
2023/03/12 03:46:48 prog length: 6
2023/03/12 03:46:48 prog length: 6
2023/03/12 03:46:48 prog length: 5
2023/03/12 03:46:48 deserializeInput: hasCrash true hasNet false
2023/03/12 03:46:48 prog length: 6
2023/03/12 03:46:48 prog length: 3
2023/03/12 03:46:48 deserializeInput: hasCrash true hasNet false
2023/03/12 03:46:48 prog length: 6
2023/03/12 03:46:48 prog length: 3
2023/03/12 03:46:48 deserializeInput: hasCrash true hasNet false
2023/03/12 03:46:48 prog length: 6
2023/03/12 03:46:48 prog length: 3
2023/03/12 03:46:48 deserializeInput: hasCrash true hasNet false
2023/03/12 03:46:48 prog length: 6
2023/03/12 03:46:48 prog length: 3
2023/03/12 03:46:48 deserializeInput: hasCrash true hasNet false
2023/03/12 03:46:48 prog length: 6
2023/03/12 03:46:48 prog length: 6
2023/03/12 03:46:48 prog length: 6
2023/03/12 03:46:48 prog length: 7
2023/03/12 03:46:48 deserializeInput: hasCrash true hasNet false
2023/03/12 03:46:48 prog length: 6
2023/03/12 03:46:48 prog length: 3
2023/03/12 03:46:48 deserializeInput: hasCrash true hasNet false
2023/03/12 03:46:48 prog length: 6
2023/03/12 03:46:48 prog length: 4
2023/03/12 03:46:48 deserializeInput: hasCrash true hasNet false
2023/03/12 03:46:48 prog length: 6
2023/03/12 03:46:48 prog length: 17
2023/03/12 03:46:48 deserializeInput: hasCrash true hasNet false
2023/03/12 03:46:48 prog length: 6
2023/03/12 03:46:48 prog length: 8
2023/03/12 03:46:48 deserializeInput: hasCrash true hasNet false
2023/03/12 03:46:48 prog length: 6
2023/03/12 03:46:48 prog length: 3
2023/03/12 03:46:48 deserializeInput: hasCrash true hasNet false
2023/03/12 03:46:48 prog length: 6
2023/03/12 03:46:48 prog length: 3
2023/03/12 03:46:48 deserializeInput: hasCrash true hasNet false
2023/03/12 03:46:48 prog length: 6
2023/03/12 03:46:48 prog length: 6
2023/03/12 03:46:48 prog length: 5
2023/03/12 03:46:48 deserializeInput: hasCrash true hasNet false
2023/03/12 03:46:48 prog length: 6
2023/03/12 03:46:48 prog length: 6
2023/03/12 03:46:48 prog length: 5
2023/03/12 03:46:48 deserializeInput: hasCrash true hasNet false
2023/03/12 03:46:48 prog length: 6
2023/03/12 03:46:48 prog length: 6
2023/03/12 03:46:48 prog length: 5
2023/03/12 03:46:48 deserializeInput: hasCrash true hasNet false
2023/03/12 03:46:48 prog length: 6
2023/03/12 03:46:48 prog length: 3
2023/03/12 03:46:48 deserializeInput: hasCrash true hasNet false
2023/03/12 03:46:48 prog length: 6
2023/03/12 03:46:48 prog length: 3
2023/03/12 03:46:48 deserializeInput: hasCrash true hasNet false
2023/03/12 03:46:48 prog length: 6
2023/03/12 03:46:48 prog length: 3
2023/03/12 03:46:48 fetching corpus: 200, signal 4347/18380/27947 (executing program)
2023/03/12 03:46:48 deserializeInput: hasCrash true hasNet false
2023/03/12 03:46:48 prog length: 6
2023/03/12 03:46:48 prog length: 3
2023/03/12 03:46:48 deserializeInput: hasCrash false hasNet false
2023/03/12 03:46:48 prog length: 15
2023/03/12 03:46:48 deserializeInput: hasCrash true hasNet false
2023/03/12 03:46:48 prog length: 6
2023/03/12 03:46:48 prog length: 3
2023/03/12 03:46:48 deserializeInput: hasCrash true hasNet false
2023/03/12 03:46:48 prog length: 6
2023/03/12 03:46:48 prog length: 3
2023/03/12 03:46:48 deserializeInput: hasCrash true hasNet false
2023/03/12 03:46:48 prog length: 6
2023/03/12 03:46:48 prog length: 6
2023/03/12 03:46:48 prog length: 5
2023/03/12 03:46:48 deserializeInput: hasCrash true hasNet false
2023/03/12 03:46:48 prog length: 6
2023/03/12 03:46:48 prog length: 3
2023/03/12 03:46:48 deserializeInput: hasCrash true hasNet false
2023/03/12 03:46:48 prog length: 6
2023/03/12 03:46:48 prog length: 6
2023/03/12 03:46:48 prog length: 6
2023/03/12 03:46:48 prog length: 7
2023/03/12 03:46:48 deserializeInput: hasCrash true hasNet false
2023/03/12 03:46:48 prog length: 6
2023/03/12 03:46:48 prog length: 3
2023/03/12 03:46:48 deserializeInput: hasCrash true hasNet false
2023/03/12 03:46:48 prog length: 6
2023/03/12 03:46:48 prog length: 3
2023/03/12 03:46:48 deserializeInput: hasCrash true hasNet false
2023/03/12 03:46:48 prog length: 6
2023/03/12 03:46:48 prog length: 6
2023/03/12 03:46:48 prog length: 5
2023/03/12 03:46:48 deserializeInput: hasCrash true hasNet false
2023/03/12 03:46:48 prog length: 6
2023/03/12 03:46:48 prog length: 4
2023/03/12 03:46:48 deserializeInput: hasCrash true hasNet false
2023/03/12 03:46:48 prog length: 6
2023/03/12 03:46:48 prog length: 3
2023/03/12 03:46:48 deserializeInput: hasCrash true hasNet false
2023/03/12 03:46:48 prog length: 6
2023/03/12 03:46:48 prog length: 3
2023/03/12 03:46:48 deserializeInput: hasCrash true hasNet false
2023/03/12 03:46:48 prog length: 6
2023/03/12 03:46:48 prog length: 6
2023/03/12 03:46:48 prog length: 7
2023/03/12 03:46:48 deserializeInput: hasCrash true hasNet false
2023/03/12 03:46:48 prog length: 6
2023/03/12 03:46:48 prog length: 3
2023/03/12 03:46:48 deserializeInput: hasCrash true hasNet false
2023/03/12 03:46:48 prog length: 6
2023/03/12 03:46:48 prog length: 3
2023/03/12 03:46:48 deserializeInput: hasCrash true hasNet false
2023/03/12 03:46:48 prog length: 6
2023/03/12 03:46:48 prog length: 3
2023/03/12 03:46:48 deserializeInput: hasCrash true hasNet false
2023/03/12 03:46:48 prog length: 6
2023/03/12 03:46:48 prog length: 6
2023/03/12 03:46:48 prog length: 5
2023/03/12 03:46:48 deserializeInput: hasCrash true hasNet false
2023/03/12 03:46:48 prog length: 6
2023/03/12 03:46:48 prog length: 6
2023/03/12 03:46:48 prog length: 6
2023/03/12 03:46:48 deserializeInput: hasCrash true hasNet false
2023/03/12 03:46:48 prog length: 6
2023/03/12 03:46:48 prog length: 3
2023/03/12 03:46:48 deserializeInput: hasCrash false hasNet false
2023/03/12 03:46:48 prog length: 1
2023/03/12 03:46:48 deserializeInput: hasCrash true hasNet false
2023/03/12 03:46:48 prog length: 6
2023/03/12 03:46:48 prog length: 3
2023/03/12 03:46:48 deserializeInput: hasCrash true hasNet false
2023/03/12 03:46:48 prog length: 6
2023/03/12 03:46:48 prog length: 6
2023/03/12 03:46:48 prog length: 6
2023/03/12 03:46:48 prog length: 7
2023/03/12 03:46:48 deserializeInput: hasCrash true hasNet false
2023/03/12 03:46:48 prog length: 6
2023/03/12 03:46:48 prog length: 6
2023/03/12 03:46:48 prog length: 5
2023/03/12 03:46:48 deserializeInput: hasCrash true hasNet false
2023/03/12 03:46:48 prog length: 6
2023/03/12 03:46:48 prog length: 6
2023/03/12 03:46:48 prog length: 5
2023/03/12 03:46:48 deserializeInput: hasCrash true hasNet false
2023/03/12 03:46:48 prog length: 6
2023/03/12 03:46:48 prog length: 6
2023/03/12 03:46:48 prog length: 5
2023/03/12 03:46:48 deserializeInput: hasCrash true hasNet false
2023/03/12 03:46:48 prog length: 6
2023/03/12 03:46:48 prog length: 6
2023/03/12 03:46:48 prog length: 5
2023/03/12 03:46:48 deserializeInput: hasCrash true hasNet false
2023/03/12 03:46:48 prog length: 6
2023/03/12 03:46:48 prog length: 6
2023/03/12 03:46:48 prog length: 5
2023/03/12 03:46:48 deserializeInput: hasCrash true hasNet false
2023/03/12 03:46:48 prog length: 6
2023/03/12 03:46:48 prog length: 3
2023/03/12 03:46:48 deserializeInput: hasCrash true hasNet false
2023/03/12 03:46:48 prog length: 6
2023/03/12 03:46:48 prog length: 6
2023/03/12 03:46:48 prog length: 6
2023/03/12 03:46:48 prog length: 7
2023/03/12 03:46:48 deserializeInput: hasCrash true hasNet false
2023/03/12 03:46:48 prog length: 6
2023/03/12 03:46:48 prog length: 3
2023/03/12 03:46:48 deserializeInput: hasCrash true hasNet false
2023/03/12 03:46:48 prog length: 6
2023/03/12 03:46:48 prog length: 3
2023/03/12 03:46:48 deserializeInput: hasCrash true hasNet false
2023/03/12 03:46:48 prog length: 6
2023/03/12 03:46:48 prog length: 8
2023/03/12 03:46:48 deserializeInput: hasCrash true hasNet false
2023/03/12 03:46:48 prog length: 6
2023/03/12 03:46:48 prog length: 3
2023/03/12 03:46:48 deserializeInput: hasCrash true hasNet false
2023/03/12 03:46:48 prog length: 6
2023/03/12 03:46:48 prog length: 3
2023/03/12 03:46:48 deserializeInput: hasCrash true hasNet false
2023/03/12 03:46:48 prog length: 6
2023/03/12 03:46:48 prog length: 4
2023/03/12 03:46:48 deserializeInput: hasCrash true hasNet false
2023/03/12 03:46:48 prog length: 6
2023/03/12 03:46:48 prog length: 6
2023/03/12 03:46:48 prog length: 5
2023/03/12 03:46:48 deserializeInput: hasCrash true hasNet false
2023/03/12 03:46:48 prog length: 6
2023/03/12 03:46:48 prog length: 6
2023/03/12 03:46:48 prog length: 6
2023/03/12 03:46:48 prog length: 7
2023/03/12 03:46:48 deserializeInput: hasCrash true hasNet false
2023/03/12 03:46:48 prog length: 6
2023/03/12 03:46:48 prog length: 9
2023/03/12 03:46:48 deserializeInput: hasCrash true hasNet false
2023/03/12 03:46:48 prog length: 6
2023/03/12 03:46:48 prog length: 6
2023/03/12 03:46:48 prog length: 5
2023/03/12 03:46:48 deserializeInput: hasCrash true hasNet false
2023/03/12 03:46:48 prog length: 6
2023/03/12 03:46:48 prog length: 6
2023/03/12 03:46:48 prog length: 6
2023/03/12 03:46:48 deserializeInput: hasCrash true hasNet false
2023/03/12 03:46:48 prog length: 6
2023/03/12 03:46:48 prog length: 3
2023/03/12 03:46:48 deserializeInput: hasCrash true hasNet false
2023/03/12 03:46:48 prog length: 6
2023/03/12 03:46:48 prog length: 6
2023/03/12 03:46:48 prog length: 6
2023/03/12 03:46:48 deserializeInput: hasCrash true hasNet false
2023/03/12 03:46:48 prog length: 6
2023/03/12 03:46:48 prog length: 3
2023/03/12 03:46:48 deserializeInput: hasCrash true hasNet false
2023/03/12 03:46:48 prog length: 6
2023/03/12 03:46:48 prog length: 4
2023/03/12 03:46:48 deserializeInput: hasCrash true hasNet false
2023/03/12 03:46:48 prog length: 6
2023/03/12 03:46:48 prog length: 6
2023/03/12 03:46:48 prog length: 5
2023/03/12 03:46:48 deserializeInput: hasCrash true hasNet false
2023/03/12 03:46:48 prog length: 6
2023/03/12 03:46:48 prog length: 3
2023/03/12 03:46:48 deserializeInput: hasCrash true hasNet false
2023/03/12 03:46:48 prog length: 6
2023/03/12 03:46:48 prog length: 4
2023/03/12 03:46:48 deserializeInput: hasCrash true hasNet false
2023/03/12 03:46:48 prog length: 6
2023/03/12 03:46:48 prog length: 3
2023/03/12 03:46:48 deserializeInput: hasCrash true hasNet false
2023/03/12 03:46:48 prog length: 6
2023/03/12 03:46:48 prog length: 3
2023/03/12 03:46:48 fetching corpus: 250, signal 4528/19708/30529 (executing program)
2023/03/12 03:46:48 deserializeInput: hasCrash false hasNet false
2023/03/12 03:46:48 prog length: 3
2023/03/12 03:46:48 deserializeInput: hasCrash true hasNet false
2023/03/12 03:46:48 prog length: 6
2023/03/12 03:46:48 prog length: 3
2023/03/12 03:46:48 deserializeInput: hasCrash true hasNet false
2023/03/12 03:46:48 prog length: 6
2023/03/12 03:46:48 prog length: 4
2023/03/12 03:46:48 deserializeInput: hasCrash true hasNet false
2023/03/12 03:46:48 prog length: 6
2023/03/12 03:46:48 prog length: 6
2023/03/12 03:46:48 prog length: 5
2023/03/12 03:46:48 deserializeInput: hasCrash true hasNet false
2023/03/12 03:46:48 prog length: 6
2023/03/12 03:46:48 prog length: 6
2023/03/12 03:46:48 prog length: 5
2023/03/12 03:46:48 deserializeInput: hasCrash true hasNet false
2023/03/12 03:46:48 prog length: 6
2023/03/12 03:46:48 prog length: 3
2023/03/12 03:46:48 deserializeInput: hasCrash true hasNet false
2023/03/12 03:46:48 prog length: 6
2023/03/12 03:46:48 prog length: 3
2023/03/12 03:46:48 deserializeInput: hasCrash true hasNet false
2023/03/12 03:46:48 prog length: 6
2023/03/12 03:46:48 prog length: 3
2023/03/12 03:46:48 deserializeInput: hasCrash true hasNet false
2023/03/12 03:46:48 prog length: 6
2023/03/12 03:46:48 prog length: 6
2023/03/12 03:46:48 prog length: 6
2023/03/12 03:46:48 prog length: 7
2023/03/12 03:46:48 deserializeInput: hasCrash true hasNet false
2023/03/12 03:46:48 prog length: 6
2023/03/12 03:46:48 prog length: 6
2023/03/12 03:46:48 prog length: 5
2023/03/12 03:46:48 deserializeInput: hasCrash true hasNet false
2023/03/12 03:46:48 prog length: 6
2023/03/12 03:46:48 prog length: 6
2023/03/12 03:46:48 prog length: 5
2023/03/12 03:46:48 deserializeInput: hasCrash true hasNet false
2023/03/12 03:46:48 prog length: 6
2023/03/12 03:46:48 prog length: 6
2023/03/12 03:46:48 prog length: 5
2023/03/12 03:46:48 deserializeInput: hasCrash true hasNet false
2023/03/12 03:46:48 prog length: 6
2023/03/12 03:46:48 prog length: 6
2023/03/12 03:46:48 prog length: 5
2023/03/12 03:46:48 deserializeInput: hasCrash true hasNet false
2023/03/12 03:46:48 prog length: 6
2023/03/12 03:46:48 prog length: 3
2023/03/12 03:46:48 deserializeInput: hasCrash true hasNet false
2023/03/12 03:46:48 prog length: 6
2023/03/12 03:46:48 prog length: 6
2023/03/12 03:46:48 prog length: 5
2023/03/12 03:46:48 deserializeInput: hasCrash true hasNet false
2023/03/12 03:46:48 prog length: 6
2023/03/12 03:46:48 prog length: 3
2023/03/12 03:46:48 deserializeInput: hasCrash true hasNet false
2023/03/12 03:46:48 prog length: 6
2023/03/12 03:46:48 prog length: 6
2023/03/12 03:46:48 prog length: 15
2023/03/12 03:46:48 deserializeInput: hasCrash true hasNet false
2023/03/12 03:46:48 prog length: 6
2023/03/12 03:46:48 prog length: 3
2023/03/12 03:46:48 deserializeInput: hasCrash true hasNet false
2023/03/12 03:46:48 prog length: 6
2023/03/12 03:46:48 prog length: 6
2023/03/12 03:46:48 prog length: 5
2023/03/12 03:46:48 deserializeInput: hasCrash true hasNet false
2023/03/12 03:46:48 prog length: 6
2023/03/12 03:46:48 prog length: 3
2023/03/12 03:46:48 deserializeInput: hasCrash true hasNet false
2023/03/12 03:46:48 prog length: 6
2023/03/12 03:46:48 prog length: 3
2023/03/12 03:46:48 deserializeInput: hasCrash true hasNet false
2023/03/12 03:46:48 prog length: 6
2023/03/12 03:46:48 prog length: 17
2023/03/12 03:46:48 deserializeInput: hasCrash true hasNet false
2023/03/12 03:46:48 prog length: 6
2023/03/12 03:46:48 prog length: 3
2023/03/12 03:46:48 deserializeInput: hasCrash true hasNet false
2023/03/12 03:46:48 prog length: 6
2023/03/12 03:46:48 prog length: 6
2023/03/12 03:46:48 prog length: 6
2023/03/12 03:46:48 prog length: 7
2023/03/12 03:46:48 deserializeInput: hasCrash true hasNet false
2023/03/12 03:46:48 prog length: 6
2023/03/12 03:46:48 prog length: 6
2023/03/12 03:46:48 prog length: 6
2023/03/12 03:46:48 prog length: 7
2023/03/12 03:46:48 deserializeInput: hasCrash true hasNet false
2023/03/12 03:46:48 prog length: 6
2023/03/12 03:46:48 prog length: 6
2023/03/12 03:46:48 prog length: 6
2023/03/12 03:46:48 deserializeInput: hasCrash true hasNet false
2023/03/12 03:46:48 prog length: 6
2023/03/12 03:46:48 prog length: 6
2023/03/12 03:46:48 prog length: 5
2023/03/12 03:46:48 deserializeInput: hasCrash true hasNet false
2023/03/12 03:46:48 prog length: 6
2023/03/12 03:46:48 prog length: 6
2023/03/12 03:46:48 prog length: 5
2023/03/12 03:46:48 deserializeInput: hasCrash true hasNet false
2023/03/12 03:46:48 prog length: 6
2023/03/12 03:46:48 prog length: 7
2023/03/12 03:46:48 deserializeInput: hasCrash true hasNet false
2023/03/12 03:46:48 prog length: 6
2023/03/12 03:46:48 prog length: 3
2023/03/12 03:46:48 deserializeInput: hasCrash true hasNet false
2023/03/12 03:46:48 prog length: 6
2023/03/12 03:46:48 prog length: 11
2023/03/12 03:46:48 deserializeInput: hasCrash true hasNet false
2023/03/12 03:46:48 prog length: 6
2023/03/12 03:46:48 prog length: 6
2023/03/12 03:46:48 prog length: 5
2023/03/12 03:46:48 deserializeInput: hasCrash true hasNet false
2023/03/12 03:46:48 prog length: 6
2023/03/12 03:46:48 prog length: 17
2023/03/12 03:46:48 deserializeInput: hasCrash true hasNet false
2023/03/12 03:46:48 prog length: 6
2023/03/12 03:46:48 prog length: 8
2023/03/12 03:46:48 deserializeInput: hasCrash true hasNet false
2023/03/12 03:46:48 prog length: 6
2023/03/12 03:46:48 prog length: 3
2023/03/12 03:46:48 deserializeInput: hasCrash true hasNet false
2023/03/12 03:46:48 prog length: 6
2023/03/12 03:46:48 prog length: 3
2023/03/12 03:46:48 deserializeInput: hasCrash true hasNet false
2023/03/12 03:46:48 prog length: 6
2023/03/12 03:46:48 prog length: 6
2023/03/12 03:46:48 prog length: 5
2023/03/12 03:46:48 deserializeInput: hasCrash true hasNet false
2023/03/12 03:46:48 prog length: 6
2023/03/12 03:46:48 prog length: 3
2023/03/12 03:46:48 deserializeInput: hasCrash true hasNet false
2023/03/12 03:46:48 prog length: 6
2023/03/12 03:46:48 prog length: 6
2023/03/12 03:46:48 prog length: 5
2023/03/12 03:46:48 deserializeInput: hasCrash true hasNet false
2023/03/12 03:46:48 prog length: 6
2023/03/12 03:46:48 prog length: 4
2023/03/12 03:46:48 deserializeInput: hasCrash true hasNet false
2023/03/12 03:46:48 prog length: 6
2023/03/12 03:46:48 prog length: 6
2023/03/12 03:46:48 prog length: 5
2023/03/12 03:46:48 deserializeInput: hasCrash true hasNet false
2023/03/12 03:46:48 prog length: 6
2023/03/12 03:46:48 prog length: 3
2023/03/12 03:46:48 deserializeInput: hasCrash true hasNet false
2023/03/12 03:46:48 prog length: 6
2023/03/12 03:46:48 prog length: 3
2023/03/12 03:46:48 deserializeInput: hasCrash true hasNet false
2023/03/12 03:46:48 prog length: 6
2023/03/12 03:46:48 prog length: 6
2023/03/12 03:46:48 prog length: 5
2023/03/12 03:46:48 deserializeInput: hasCrash true hasNet false
2023/03/12 03:46:48 prog length: 6
2023/03/12 03:46:48 prog length: 4
2023/03/12 03:46:48 deserializeInput: hasCrash true hasNet false
2023/03/12 03:46:48 prog length: 6
2023/03/12 03:46:48 prog length: 6
2023/03/12 03:46:48 prog length: 8
2023/03/12 03:46:48 deserializeInput: hasCrash true hasNet false
2023/03/12 03:46:48 prog length: 6
2023/03/12 03:46:48 prog length: 3
2023/03/12 03:46:48 deserializeInput: hasCrash true hasNet false
2023/03/12 03:46:48 prog length: 6
2023/03/12 03:46:48 prog length: 6
2023/03/12 03:46:48 prog length: 5
2023/03/12 03:46:48 deserializeInput: hasCrash true hasNet false
2023/03/12 03:46:48 prog length: 6
2023/03/12 03:46:48 prog length: 6
2023/03/12 03:46:48 prog length: 5
2023/03/12 03:46:48 deserializeInput: hasCrash true hasNet false
2023/03/12 03:46:48 prog length: 6
2023/03/12 03:46:48 prog length: 3
2023/03/12 03:46:48 fetching corpus: 300, signal 4615/20582/32512 (executing program)
2023/03/12 03:46:49 deserializeInput: hasCrash true hasNet false
2023/03/12 03:46:49 prog length: 6
2023/03/12 03:46:49 prog length: 3
2023/03/12 03:46:49 deserializeInput: hasCrash true hasNet false
2023/03/12 03:46:49 prog length: 6
2023/03/12 03:46:49 prog length: 6
2023/03/12 03:46:49 prog length: 5
2023/03/12 03:46:49 deserializeInput: hasCrash true hasNet false
2023/03/12 03:46:49 prog length: 6
2023/03/12 03:46:49 prog length: 3
2023/03/12 03:46:49 deserializeInput: hasCrash true hasNet false
2023/03/12 03:46:49 prog length: 6
2023/03/12 03:46:49 prog length: 3
2023/03/12 03:46:49 deserializeInput: hasCrash true hasNet false
2023/03/12 03:46:49 prog length: 6
2023/03/12 03:46:49 prog length: 6
2023/03/12 03:46:49 prog length: 5
2023/03/12 03:46:49 deserializeInput: hasCrash true hasNet false
2023/03/12 03:46:49 prog length: 6
2023/03/12 03:46:49 prog length: 3
2023/03/12 03:46:49 deserializeInput: hasCrash true hasNet false
2023/03/12 03:46:49 prog length: 6
2023/03/12 03:46:49 prog length: 6
2023/03/12 03:46:49 prog length: 5
2023/03/12 03:46:49 deserializeInput: hasCrash true hasNet false
2023/03/12 03:46:49 prog length: 6
2023/03/12 03:46:49 prog length: 9
2023/03/12 03:46:49 deserializeInput: hasCrash true hasNet false
2023/03/12 03:46:49 prog length: 6
2023/03/12 03:46:49 prog length: 6
2023/03/12 03:46:49 prog length: 5
2023/03/12 03:46:49 deserializeInput: hasCrash true hasNet false
2023/03/12 03:46:49 prog length: 6
2023/03/12 03:46:49 prog length: 3
2023/03/12 03:46:49 deserializeInput: hasCrash true hasNet false
2023/03/12 03:46:49 prog length: 6
2023/03/12 03:46:49 prog length: 3
2023/03/12 03:46:49 deserializeInput: hasCrash true hasNet false
2023/03/12 03:46:49 prog length: 6
2023/03/12 03:46:49 prog length: 3
2023/03/12 03:46:49 deserializeInput: hasCrash true hasNet false
2023/03/12 03:46:49 prog length: 6
2023/03/12 03:46:49 prog length: 6
2023/03/12 03:46:49 prog length: 5
2023/03/12 03:46:49 deserializeInput: hasCrash true hasNet false
2023/03/12 03:46:49 prog length: 6
2023/03/12 03:46:49 prog length: 3
2023/03/12 03:46:49 deserializeInput: hasCrash true hasNet false
2023/03/12 03:46:49 prog length: 6
2023/03/12 03:46:49 prog length: 6
2023/03/12 03:46:49 prog length: 6
2023/03/12 03:46:49 deserializeInput: hasCrash true hasNet false
2023/03/12 03:46:49 prog length: 6
2023/03/12 03:46:49 prog length: 3
2023/03/12 03:46:49 deserializeInput: hasCrash true hasNet false
2023/03/12 03:46:49 prog length: 6
2023/03/12 03:46:49 prog length: 3
2023/03/12 03:46:49 deserializeInput: hasCrash true hasNet false
2023/03/12 03:46:49 prog length: 6
2023/03/12 03:46:49 prog length: 6
2023/03/12 03:46:49 prog length: 5
2023/03/12 03:46:49 deserializeInput: hasCrash true hasNet false
2023/03/12 03:46:49 prog length: 6
2023/03/12 03:46:49 prog length: 6
2023/03/12 03:46:49 prog length: 6
2023/03/12 03:46:49 deserializeInput: hasCrash true hasNet false
2023/03/12 03:46:49 prog length: 6
2023/03/12 03:46:49 prog length: 3
2023/03/12 03:46:49 deserializeInput: hasCrash true hasNet false
2023/03/12 03:46:49 prog length: 6
2023/03/12 03:46:49 prog length: 3
2023/03/12 03:46:49 deserializeInput: hasCrash true hasNet false
2023/03/12 03:46:49 prog length: 6
2023/03/12 03:46:49 prog length: 3
2023/03/12 03:46:49 deserializeInput: hasCrash true hasNet false
2023/03/12 03:46:49 prog length: 6
2023/03/12 03:46:49 prog length: 6
2023/03/12 03:46:49 prog length: 5
2023/03/12 03:46:49 deserializeInput: hasCrash true hasNet false
2023/03/12 03:46:49 prog length: 6
2023/03/12 03:46:49 prog length: 6
2023/03/12 03:46:49 prog length: 5
2023/03/12 03:46:49 deserializeInput: hasCrash true hasNet false
2023/03/12 03:46:49 prog length: 6
2023/03/12 03:46:49 prog length: 4
2023/03/12 03:46:49 deserializeInput: hasCrash true hasNet false
2023/03/12 03:46:49 prog length: 6
2023/03/12 03:46:49 prog length: 6
2023/03/12 03:46:49 prog length: 6
2023/03/12 03:46:49 deserializeInput: hasCrash true hasNet false
2023/03/12 03:46:49 prog length: 6
2023/03/12 03:46:49 prog length: 4
2023/03/12 03:46:49 deserializeInput: hasCrash true hasNet false
2023/03/12 03:46:49 prog length: 6
2023/03/12 03:46:49 prog length: 6
2023/03/12 03:46:49 prog length: 5
2023/03/12 03:46:49 deserializeInput: hasCrash true hasNet false
2023/03/12 03:46:49 prog length: 6
2023/03/12 03:46:49 prog length: 3
2023/03/12 03:46:49 deserializeInput: hasCrash true hasNet false
2023/03/12 03:46:49 prog length: 6
2023/03/12 03:46:49 prog length: 6
2023/03/12 03:46:49 prog length: 5
2023/03/12 03:46:49 deserializeInput: hasCrash true hasNet false
2023/03/12 03:46:49 prog length: 6
2023/03/12 03:46:49 prog length: 6
2023/03/12 03:46:49 prog length: 5
2023/03/12 03:46:49 deserializeInput: hasCrash true hasNet false
2023/03/12 03:46:49 prog length: 6
2023/03/12 03:46:49 prog length: 6
2023/03/12 03:46:49 prog length: 5
2023/03/12 03:46:49 deserializeInput: hasCrash true hasNet false
2023/03/12 03:46:49 prog length: 6
2023/03/12 03:46:49 prog length: 6
2023/03/12 03:46:49 prog length: 5
2023/03/12 03:46:49 deserializeInput: hasCrash true hasNet false
2023/03/12 03:46:49 prog length: 6
2023/03/12 03:46:49 prog length: 6
2023/03/12 03:46:49 prog length: 5
2023/03/12 03:46:49 deserializeInput: hasCrash true hasNet false
2023/03/12 03:46:49 prog length: 6
2023/03/12 03:46:49 prog length: 8
2023/03/12 03:46:49 deserializeInput: hasCrash true hasNet false
2023/03/12 03:46:49 prog length: 6
2023/03/12 03:46:49 prog length: 6
2023/03/12 03:46:49 prog length: 5
2023/03/12 03:46:49 deserializeInput: hasCrash true hasNet false
2023/03/12 03:46:49 prog length: 6
2023/03/12 03:46:49 prog length: 3
2023/03/12 03:46:49 deserializeInput: hasCrash true hasNet false
2023/03/12 03:46:49 prog length: 6
2023/03/12 03:46:49 prog length: 6
2023/03/12 03:46:49 prog length: 6
2023/03/12 03:46:49 prog length: 7
2023/03/12 03:46:49 deserializeInput: hasCrash true hasNet false
2023/03/12 03:46:49 prog length: 6
2023/03/12 03:46:49 prog length: 3
2023/03/12 03:46:49 deserializeInput: hasCrash true hasNet false
2023/03/12 03:46:49 prog length: 6
2023/03/12 03:46:49 prog length: 6
2023/03/12 03:46:49 prog length: 5
2023/03/12 03:46:49 deserializeInput: hasCrash true hasNet false
2023/03/12 03:46:49 prog length: 6
2023/03/12 03:46:49 prog length: 3
2023/03/12 03:46:49 deserializeInput: hasCrash true hasNet false
2023/03/12 03:46:49 prog length: 6
2023/03/12 03:46:49 prog length: 6
2023/03/12 03:46:49 prog length: 5
2023/03/12 03:46:49 deserializeInput: hasCrash false hasNet false
2023/03/12 03:46:49 prog length: 1
2023/03/12 03:46:49 deserializeInput: hasCrash true hasNet false
2023/03/12 03:46:49 prog length: 6
2023/03/12 03:46:49 prog length: 19
2023/03/12 03:46:49 deserializeInput: hasCrash true hasNet false
2023/03/12 03:46:49 prog length: 6
2023/03/12 03:46:49 prog length: 3
2023/03/12 03:46:49 deserializeInput: hasCrash true hasNet false
2023/03/12 03:46:49 prog length: 6
2023/03/12 03:46:49 prog length: 6
2023/03/12 03:46:49 prog length: 5
2023/03/12 03:46:49 deserializeInput: hasCrash true hasNet false
2023/03/12 03:46:49 prog length: 6
2023/03/12 03:46:49 prog length: 6
2023/03/12 03:46:49 prog length: 5
2023/03/12 03:46:49 deserializeInput: hasCrash true hasNet false
2023/03/12 03:46:49 prog length: 6
2023/03/12 03:46:49 prog length: 3
2023/03/12 03:46:49 deserializeInput: hasCrash true hasNet false
2023/03/12 03:46:49 prog length: 6
2023/03/12 03:46:49 prog length: 3
2023/03/12 03:46:49 deserializeInput: hasCrash true hasNet false
2023/03/12 03:46:49 prog length: 6
2023/03/12 03:46:49 prog length: 6
2023/03/12 03:46:49 prog length: 5
2023/03/12 03:46:49 fetching corpus: 350, signal 4692/21906/34821 (executing program)
2023/03/12 03:46:49 deserializeInput: hasCrash true hasNet false
2023/03/12 03:46:49 prog length: 6
2023/03/12 03:46:49 prog length: 4
2023/03/12 03:46:49 deserializeInput: hasCrash false hasNet false
2023/03/12 03:46:49 prog length: 1
2023/03/12 03:46:49 deserializeInput: hasCrash true hasNet false
2023/03/12 03:46:49 prog length: 6
2023/03/12 03:46:49 prog length: 3
2023/03/12 03:46:49 deserializeInput: hasCrash true hasNet false
2023/03/12 03:46:49 prog length: 6
2023/03/12 03:46:49 prog length: 3
2023/03/12 03:46:49 deserializeInput: hasCrash true hasNet false
2023/03/12 03:46:49 prog length: 6
2023/03/12 03:46:49 prog length: 6
2023/03/12 03:46:49 prog length: 5
2023/03/12 03:46:49 deserializeInput: hasCrash true hasNet false
2023/03/12 03:46:49 prog length: 6
2023/03/12 03:46:49 prog length: 3
2023/03/12 03:46:49 deserializeInput: hasCrash true hasNet false
2023/03/12 03:46:49 prog length: 6
2023/03/12 03:46:49 prog length: 6
2023/03/12 03:46:49 prog length: 5
2023/03/12 03:46:49 deserializeInput: hasCrash true hasNet false
2023/03/12 03:46:49 prog length: 6
2023/03/12 03:46:49 prog length: 6
2023/03/12 03:46:49 prog length: 5
2023/03/12 03:46:49 deserializeInput: hasCrash true hasNet false
2023/03/12 03:46:49 prog length: 6
2023/03/12 03:46:49 prog length: 3
2023/03/12 03:46:49 deserializeInput: hasCrash true hasNet false
2023/03/12 03:46:49 prog length: 6
2023/03/12 03:46:49 prog length: 3
2023/03/12 03:46:49 deserializeInput: hasCrash true hasNet false
2023/03/12 03:46:49 prog length: 6
2023/03/12 03:46:49 prog length: 6
2023/03/12 03:46:49 prog length: 6
2023/03/12 03:46:49 prog length: 7
2023/03/12 03:46:49 deserializeInput: hasCrash true hasNet false
2023/03/12 03:46:49 prog length: 6
2023/03/12 03:46:49 prog length: 6
2023/03/12 03:46:49 prog length: 5
2023/03/12 03:46:49 deserializeInput: hasCrash true hasNet false
2023/03/12 03:46:49 prog length: 6
2023/03/12 03:46:49 prog length: 6
2023/03/12 03:46:49 prog length: 5
2023/03/12 03:46:49 deserializeInput: hasCrash true hasNet false
2023/03/12 03:46:49 prog length: 6
2023/03/12 03:46:49 prog length: 6
2023/03/12 03:46:49 prog length: 5
2023/03/12 03:46:49 deserializeInput: hasCrash true hasNet false
2023/03/12 03:46:49 prog length: 6
2023/03/12 03:46:49 prog length: 3
2023/03/12 03:46:49 deserializeInput: hasCrash true hasNet false
2023/03/12 03:46:49 prog length: 6
2023/03/12 03:46:49 prog length: 6
2023/03/12 03:46:49 prog length: 6
2023/03/12 03:46:49 prog length: 7
2023/03/12 03:46:49 deserializeInput: hasCrash true hasNet false
2023/03/12 03:46:49 prog length: 6
2023/03/12 03:46:49 prog length: 4
2023/03/12 03:46:49 deserializeInput: hasCrash true hasNet false
2023/03/12 03:46:49 prog length: 6
2023/03/12 03:46:49 prog length: 6
2023/03/12 03:46:49 prog length: 10
2023/03/12 03:46:49 deserializeInput: hasCrash true hasNet false
2023/03/12 03:46:49 prog length: 6
2023/03/12 03:46:49 prog length: 6
2023/03/12 03:46:49 prog length: 5
2023/03/12 03:46:49 deserializeInput: hasCrash true hasNet false
2023/03/12 03:46:49 prog length: 6
2023/03/12 03:46:49 prog length: 5
2023/03/12 03:46:49 deserializeInput: hasCrash true hasNet false
2023/03/12 03:46:49 prog length: 6
2023/03/12 03:46:49 prog length: 3
2023/03/12 03:46:49 fetching corpus: 371, signal 4692/22091/36137 (executing program)
2023/03/12 03:46:49 fetching corpus: 371, signal 4692/22091/37308 (executing program)
2023/03/12 03:46:49 fetching corpus: 371, signal 4692/22091/38458 (executing program)
2023/03/12 03:46:49 fetching corpus: 371, signal 4692/22091/39646 (executing program)
2023/03/12 03:46:49 fetching corpus: 371, signal 4692/22091/40844 (executing program)
2023/03/12 03:46:49 fetching corpus: 371, signal 4692/22091/41991 (executing program)
2023/03/12 03:46:49 fetching corpus: 371, signal 4692/22091/43153 (executing program)
2023/03/12 03:46:49 fetching corpus: 371, signal 4692/22091/44331 (executing program)
2023/03/12 03:46:49 fetching corpus: 371, signal 4692/22091/45539 (executing program)
2023/03/12 03:46:49 fetching corpus: 371, signal 4692/22091/46717 (executing program)
2023/03/12 03:46:49 fetching corpus: 371, signal 4692/22091/47886 (executing program)
2023/03/12 03:46:49 fetching corpus: 371, signal 4692/22091/49079 (executing program)
2023/03/12 03:46:49 fetching corpus: 371, signal 4692/22091/49551 (executing program)
2023/03/12 03:46:49 fetching corpus: 371, signal 4692/22091/49551 (executing program)
2023/03/12 03:46:50 starting 1 fuzzer processes
2023/03/12 03:46:50 ----- generateCall 3985 write write
2023/03/12 03:46:50 ----- generateCall 4128 write$binfmt_elf32 write$binfmt_elf32
2023/03/12 03:46:50 ----- generateCall 209 fcntl$setflags fcntl$setflags
2023/03/12 03:46:50 ----- generateCall 2753 read read
2023/03/12 03:46:50 ----- generateCall 243 fsetxattr$trusted_overlay_upper fsetxattr$trusted_overlay_upper
2023/03/12 03:46:50 ----- generateCall 244 fsetxattr$user fsetxattr$user
2023/03/12 03:46:50 ----- generateCall 201 fcntl$F_SET_RW_HINT fcntl$F_SET_RW_HINT
2023/03/12 03:46:50 ----- generateCall 220 flock flock
2023/03/12 03:46:50 ----- generateCall 220 flock flock
2023/03/12 03:46:50 ----- generateCall 2782 readv readv
2023/03/12 03:46:50 ----- generateCall 198 fcntl$F_GET_FILE_RW_HINT fcntl$F_GET_FILE_RW_HINT
2023/03/12 03:46:50 ----- generateCall 198 fcntl$F_GET_FILE_RW_HINT fcntl$F_GET_FILE_RW_HINT
2023/03/12 03:46:50 ----- generateCall 202 fcntl$addseals fcntl$addseals
2023/03/12 03:46:50 ----- generateCall 2458 open open
2023/03/12 03:46:50 ----- generateCall 2724 preadv preadv
2023/03/12 03:46:50 map[./file0:true]
2023/03/12 03:46:50 HasCrashFail: false, .HasNetFail: false
2023/03/12 03:46:50 prog length: 20
2023/03/12 03:46:50 HasCrashFail:false HasNetFail:false
03:46:50 ---executing program 0:
---
---
---
write(0xffffffffffffffff, &(0x7f0000000000)="f571e6964c0b638f01acb7c0d96482c06a7b65a98e891af14e34a330afa67e57a676be89a34aa40946a21d4682849e705dae603c1c10b52ccc1c5a8dd4b48b43c65c0557ae4147f90a5183dbab9c125331e7fcae7af9f97ec468042ace6f90e23e704a53a9163394c7605427bbc78f104ec56dcf7aa992f7f4a052fb00f257edcc6384fcc465b0c30f9ef1bcef19e179bb3c243c4d749d93afb091fa297983d58c35e7fc75a3bfbe0a2e670ccd4f10b005f0ca14df02cb79714a77dd44b7cd53afa8f2e2a7e09f1f829572b15bcfb7191621307cc8cd479c41775ec97678a52758c4527f10080f0262d31170d9103ce47f6b7b3bab4b90", 0xf7)
write$binfmt_elf32(0xffffffffffffffff, &(0x7f0000000100)={{0x7f, 0x45, 0x4c, 0x46, 0x7f, 0x2, 0xc4, 0x6, 0x6, 0x2, 0x6, 0x4, 0x3b4, 0x38, 0x3d6, 0xfffffffb, 0x64e9, 0x20, 0x1, 0x5, 0x9, 0x400}, [{0x6474e551, 0xfff, 0x7, 0x24, 0x4, 0x401, 0x5, 0x7}, {0x5, 0x10000, 0x5, 0x4, 0x21, 0x8001, 0x7, 0x80000000}], "90c56d0c1e066cc39f9de90de8bddaf884ef7d975ca06735d329df8b412625828b486f89dde643c927cc5c61af23c3328954459c18af1b3902f859706091ff675e2a07caeed69308243e264a34ea05c008597380ec0f3947044b27aa1dff9a529f01fab59e56d8af92de7ac2887c63ced536a6366d510c197ba3a454386a3f1dc568eafa732156a61c22b42e94a187b108022a94650a81ecd72786798086a8d698afc4af607968eeb8b14f0ffa8188e26229fd256d295c8bb192d31c63ada715df53d0948f108fe7b8793757891971ff1834bf0be1347fcfb9e19c656b3b8849394c5b368f3ff7", ['\x00', '\x00', '\x00', '\x00', '\x00']}, 0x65f)
fcntl$setflags(0xffffffffffffffff, 0x2, 0x0)
read(0xffffffffffffffff, &(0x7f0000000780)=""/112, 0x70)
r0 = dup2(0xffffffffffffffff, 0xffffffffffffffff)
fsetxattr$trusted_overlay_upper(r0, &(0x7f0000000800), &(0x7f0000000840)={0x0, 0xfb, 0x5d, 0x4, 0x7, "abaa44266cee2da2a2a3881d381bc5d4", "62e1cbb3a74e2490c2117332612345435f7d926b585e3f46cd0ef341b0f95953804dc362c8f021b4c909f3f533271527c3909d152911182a2a759771e5ca7c45b282f20680a27585"}, 0x5d, 0x2)
r1 = dup2(r0, r0)
fsetxattr$user(r1, &(0x7f00000008c0), &(0x7f0000000900)=']/]*$!.(\x00', 0x9, 0x1)
fcntl$F_SET_RW_HINT(r1, 0x40c, &(0x7f0000000940))
flock(r1, 0xa)
r2 = fcntl$dupfd(r1, 0x406, r1)
flock(r2, 0x1)
readv(r1, &(0x7f0000000c00)=[{&(0x7f0000000980)=""/175, 0xaf}, {&(0x7f0000000a40)=""/138, 0x8a}, {&(0x7f0000000b00)=""/220, 0xdc}], 0x3)
fcntl$F_GET_FILE_RW_HINT(r1, 0x40d, &(0x7f0000000c40))
r3 = fcntl$dupfd(r1, 0x0, 0xffffffffffffffff)
fcntl$F_GET_FILE_RW_HINT(r3, 0x40d, &(0x7f0000000c80))
fcntl$addseals(r1, 0x409, 0xa)
r4 = open(&(0x7f0000000cc0)='./file0\x00', 0x40000, 0x100)
r5 = dup2(r4, r4)
preadv(r5, &(0x7f0000000ec0)=[{&(0x7f0000000d00)=""/135, 0x87}, {&(0x7f0000000dc0)=""/217, 0xd9}], 0x2, 0x7, 0xffff)
---

end of program
2023/03/12 03:46:50 -----run executor: [/usr/bin/ssh -F /dev/null -o ConnectionAttempts=100 -o ConnectTimeout=120 -o UserKnownHostsFile=/dev/null -o BatchMode=yes -o IdentitiesOnly=yes -o StrictHostKeyChecking=no -o ConnectTimeout=100 -i /home/tlyu/dfs-fuzzing/disk-images/orangefs-images/focal.id_rsa root@192.168.0.35 /root/syz-executor exec 0 0 orangefs 3 4 192.168.0.35 0 "3 1" false false false true false]
2023/03/12 03:46:50 -----run executor: [/usr/bin/ssh -F /dev/null -o ConnectionAttempts=100 -o ConnectTimeout=120 -o UserKnownHostsFile=/dev/null -o BatchMode=yes -o IdentitiesOnly=yes -o StrictHostKeyChecking=no -o ConnectTimeout=100 -i /home/tlyu/dfs-fuzzing/disk-images/orangefs-images/focal.id_rsa root@192.168.0.36 /root/syz-executor exec 0 1 orangefs 3 4 192.168.0.35 0 "3 1" false false false true false]
2023/03/12 03:46:50 -----run executor: [/usr/bin/ssh -F /dev/null -o ConnectionAttempts=100 -o ConnectTimeout=120 -o UserKnownHostsFile=/dev/null -o BatchMode=yes -o IdentitiesOnly=yes -o StrictHostKeyChecking=no -o ConnectTimeout=100 -i /home/tlyu/dfs-fuzzing/disk-images/orangefs-images/focal.id_rsa root@192.168.0.37 /root/syz-executor exec 0 2 orangefs 3 4 192.168.0.35 0 "3 1" false false false true false]
2023/03/12 03:46:50 -----run executor: [/usr/bin/ssh -F /dev/null -o ConnectionAttempts=100 -o ConnectTimeout=120 -o UserKnownHostsFile=/dev/null -o BatchMode=yes -o IdentitiesOnly=yes -o StrictHostKeyChecking=no -o ConnectTimeout=100 -i /home/tlyu/dfs-fuzzing/disk-images/orangefs-images/focal.id_rsa root@192.168.0.38 /root/syz-executor exec 1 3 orangefs 3 4 192.168.0.35 0 "3 1" false false false true false]
Warning: Permanently added '192.168.0.35' (ECDSA) to the list of known hosts.
Warning: Permanently added '192.168.0.36' (ECDSA) to the list of known hosts.
Warning: Permanently added '192.168.0.37' (ECDSA) to the list of known hosts.
Warning: Permanently added '192.168.0.38' (ECDSA) to the list of known hosts.
----- is restarting 0
---- dfs_name orangefs is_dfs_client 0
unlink FIFO failed: No such file or directory
executor 0 finishes userspace_cover_open
before receiving handshake request
[    0.000000] kernel: Linux version 5.15.0+ (tlyu@IC-RS3-DPC07) (gcc (Ubuntu 9.4.0-1ubuntu1~20.04.1) 9.4.0, GNU ld (GNU Binutils for Ubuntu) 2.34) #7 SMP Sat Feb 18 10:18:37 CET 2023
[    0.000000] kernel: Command line: root=/dev/sda console=ttyS0 net.ifnames=0 ip=192.168.0.35 quiet
[    0.000000] kernel: x86/fpu: Supporting XSAVE feature 0x001: 'x87 floating point registers'
[    0.000000] kernel: x86/fpu: Supporting XSAVE feature 0x002: 'SSE registers'
[    0.000000] kernel: x86/fpu: Supporting XSAVE feature 0x004: 'AVX registers'
[    0.000000] kernel: x86/fpu: Supporting XSAVE feature 0x020: 'AVX-512 opmask'
[    0.000000] kernel: x86/fpu: Supporting XSAVE feature 0x040: 'AVX-512 Hi256'
[    0.000000] kernel: x86/fpu: Supporting XSAVE feature 0x080: 'AVX-512 ZMM_Hi256'
[    0.000000] kernel: x86/fpu: Supporting XSAVE feature 0x200: 'Protection Keys User registers'
[    0.000000] kernel: x86/fpu: xstate_offset[2]:  576, xstate_sizes[2]:  256
[    0.000000] kernel: x86/fpu: xstate_[D 01/16/2023 17:42:13] PVFS2 Server version 2.9.7-orangefs-REV-65ab0d2 starting.
[E 01/16/2023 17:43:19] PVFS2 server got signal 15 (server_status_flag: 2080767)
[D 02/18/2023 14:39:31] PVFS2 Server version 2.9.7-orangefs-REV-65ab0d2 starting.
[D 02/18/2023 14:47:30] PVFS2 received server: signal 1
[E 02/18/2023 14:47:30] PVFS2 server got signal 15 (server_status_flag: 2080767)
offset[5]:  832, xstate_sizes[5]:   64
[    0.000000] kernel: x86/fpu: xstate_offset[6]:  896, xstate_sizes[6]:  512
[    0.000000] kernel: x86/fpu: xstate_offset[7]: 1408, xstate_sizes[7]: 1024
[    0.000000] kernel: x86/fpu: xstate_offset[9]: 2432, xstate_sizes[9]:    8
[    0.000000] kernel: x86/fpu: Enabled xstate features 0x2e7, context size is 2440 bytes, using 'compacted' format.
[    0.000000] kernel: signal: max sigframe size: 3632
[    0.000000] kernel: BIOS-provided physical RAM map:
[    0.000000] kernel: BIOS-e820: [mem 0x0000000000000000-0x000000000009fbff] usable
[    0.000000] kernel: BIOS-e820: [mem 0x000000000009fc00-0x000000000009ffff] reserved
[    0.000000] kernel: BIOS-e820: [mem 0x00000000000f0000-0x00000000000fffff] reserved
[    0.000000] kernel: BIOS-e820: [mem 0x0000000000100000-0x00000000bffdffff] usable
[    0.000000] kernel: BIOS-e820: [mem 0x00000000bffe0000-0x00000000bfffffff] reserved
[    0.000000] kernel: BIOS-e820: [mem 0x00000000feffc000-0x00000000feffffff] reserved
[    0.000000] kernel: BIOS-e820: [mem 0x00000000fffc0000-0x00000000ffffffff] reserved
[    0.000000] kernel: BIOS-e820: [mem 0x0000000100000000-0x00000002bfffffff] usable
[    0.000000] kernel: NX (Execute Disable) protection: active
[    0.000000] kernel: SMBIOS 2.8 present.
[    0.000000] kernel: DMI: QEMU Standard PC (i440FX + PIIX, 1996), BIOS 1.13.0-1ubuntu1.1 04/01/2014
[    0.000000] kernel: Hypervisor detected: KVM
[    0.000000] kernel: kvm-clock: Using msrs 4b564d01 and 4b564d00
[    0.000000] kernel: kvm-clock: cpu 0, msr 170e6e001, primary cpu clock
[    0.000001] kernel: kvm-clock: using sched offset of 571621290 cycles
[    0.000004] kernel: clocksource: kvm-clock: mask: 0xffffffffffffffff max_cycles: 0x1cd42e4dffb, max_idle_ns: 881590591483 ns
[    0.000007] kernel: tsc: Detected 2593.906 MHz processor
[    0.000429] kernel: e820: update [mem 0x00000000-0x00000fff] usable ==> reserved
[    0.000431] kernel: e820: remove [mem 0x000a0000-0x000fffff] usable
[    0.000434] kernel: last_pfn = 0x2c0000 max_arch_pfn = 0x10000000000
[    0.000485] kernel: x86/PAT: Configuration [0-7]: WB  WC  UC- UC  WB  WP  UC- WT  
[    0.000491] kernel: last_pfn = 0xbffe0 max_arch_pfn = 0x10000000000
[    0.009779] kernel: found SMP MP-table at [mem 0x000f5c80-0x000f5c8f]
[    0.009809] kernel: Using GB pages for direct mapping
[    0.009932] kernel: ACPI: Early table checksum verification disabled
[    0.009937] kernel: ACPI: RSDP 0x00000000000F5A50 000014 (v00 BOCHS )
[    0.009948] kernel: ACPI: RSDT 0x00000000BFFE15C9 000030 (v01 BOCHS  BXPCRSDT 00000001 BXPC 00000001)
[    0.009953] kernel: ACPI: FACP 0x00000000BFFE149D 000074 (v01 BOCHS  BXPCFACP 00000001 BXPC 00000001)
[    0.009958] kernel: ACPI: DSDT 0x00000000BFFE0040 00145D (v01 BOCHS  BXPCDSDT 00000001 BXPC 00000001)
[    0.009961] kernel: ACPI: FACS 0x00000000BFFE0000 000040
[    0.009963] kernel: ACPI: APIC 0x00000000BFFE1511 000080 (v01 BOCHS  BXPCAPIC 00000001 BXPC 00000001)
[    0.009966] kernel: ACPI: HPET 0x00000000BFFE1591 000038 (v01 BOCHS  BXPCHPET 00000001 BXPC 00000001)
[    0.009968] kernel: ACPI: Reserving FACP table memory at [mem 0xbffe149d-0xbffe1510]
[    0.009969] kernel: ACPI: Reserving DSDT table memory at [mem 0xbffe0040-0xbffe149c]
[    0.009970] kernel: ACPI: Reserving FACS table memory at [mem 0xbffe0000-0xbffe003f]
[    0.009970] kernel: ACPI: Reserving APIC table memory at [mem 0xbffe1511-0xbffe1590]
[    0.009971] kernel: ACPI: Reserving HPET table memory at [mem 0xbffe1591-0xbffe15c8]
[    0.010248] kernel: No NUMA configuration found
[    0.010248] kernel: Faking a node at [mem 0x0000000000000000-0x00000002bfffffff]
[    0.010251] kernel: NODE_DATA(0) allocated [mem 0x2bfffc000-0x2bfffffff]
[    0.012282] kernel: Zone ranges:
[    0.012285] kernel:   DMA      [mem 0x0000000000001000-0x0000000000ffffff]
[    0.012288] kernel:   DMA32    [mem 0x0000000001000000-0x00000000ffffffff]
[    0.012289] kernel:   Normal   [mem 0x0000000100000000-0x00000002bfffffff]
[    0.012290] kernel: Movable zone start for each node
[    0.012291] kernel: Early memory node ranges
[    0.012291] kernel:   node   0: [mem 0x0000000000001000-0x000000000009efff]
[    0.012293] kernel:   node   0: [mem 0x0000000000100000-0x00000000bffdffff]
[    0.012294] kernel:   node   0: [mem 0x0000000100000000-0x00000002bfffffff]
[    0.012295] kernel: Initmem setup node 0 [mem 0x0000000000001000-0x00000002bfffffff]
[    0.013832] kernel: On node 0, zone DMA: 1 pages in unavailable ranges
[    0.013847] kernel: On node 0, zone DMA: 97 pages in unavailable ranges
[    0.107841] kernel: On node 0, zone Normal: 32 pages in unavailable ranges
[    0.579081] kernel: kasan: KernelAddressSanitizer initialized
[    0.579433] kernel: ACPI: PM-Timer IO Port: 0x608
[    0.579442] kernel: ACPI: LAPIC_NMI (acpi_id[0xff] dfl dfl lint[0x1])
[    0.579476] kernel: IOAPIC[0]: apic_id 0, version 17, address 0xfec00000, GSI 0-23
[    0.579479] kernel: ACPI: INT_SRC_OVR (bus 0 bus_irq 0 global_irq 2 dfl dfl)
[    0.579481] kernel: ACPI: INT_SRC_OVR (bus 0 bus_irq 5 global_irq 5 high level)
[    0.579483] kernel: ACPI: INT_SRC_OVR (bus 0 bus_irq 9 global_irq 9 high level)
[    0.579484] kernel: ACPI: INT_SRC_OVR (bus 0 bus_irq 10 global_irq 10 high level)
[    0.579485] kernel: ACPI: INT_SRC_OVR (bus 0 bus_irq 11 global_irq 11 high level)
[    0.579488] kernel: ACPI: Using ACPI (MADT) for SMP configuration information
[    0.579489] kernel: ACPI: HPET id: 0x8086a201 base: 0xfed00000
[    0.579493] kernel: TSC deadline timer available
[    0.579494] kernel: smpboot: Allowing 2 CPUs, 0 hotplug CPUs
[    0.579517] kernel: kvm-guest: KVM setup pv remote TLB flush
[    0.579521] kernel: kvm-guest: setup PV sched yield
[    0.579530] kernel: PM: hibernation: Registered nosave memory: [mem 0x00000000-0x00000fff]
[    0.579532] kernel: PM: hibernation: Registered nosave memory: [mem 0x0009f000-0x0009ffff]
[    0.579533] kernel: PM: hibernation: Registered nosave memory: [mem 0x000a0000-0x000effff]
[    0.579533] kernel: PM: hibernation: Registered nosave memory: [mem 0x000f0000-0x000fffff]
[    0.579534] kernel: PM: hibernation: Registered nosave memory: [mem 0xbffe0000-0xbfffffff]
[    0.579535] kernel: PM: hibernation: Registered nosave memory: [mem 0xc0000000-0xfeffbfff]
[    0.579536] kernel: PM: hibernation: Registered nosave memory: [mem 0xfeffc000-0xfeffffff]
[    0.579536] kernel: PM: hibernation: Registered nosave memory: [mem 0xff000000-0xfffbffff]
[    0.579537] kernel: PM: hibernation: Registered nosave memory: [mem 0xfffc0000-0xffffffff]
[    0.579539] kernel: [mem 0xc0000000-0xfeffbfff] available for PCI devices
[    0.579540] kernel: Booting paravirtualized kernel on KVM
[    0.579542] kernel: clocksource: refined-jiffies: mask: 0xffffffff max_cycles: 0xffffffff, max_idle_ns: 1910969940391419 ns
[    0.583720] kernel: setup_percpu: NR_CPUS:64 nr_cpumask_bits:64 nr_cpu_ids:2 nr_node_ids:1
[    0.584407] kernel: percpu: Embedded 56 p----- is restarting 0
---- dfs_name orangefs is_dfs_client 0
unlink FIFO failed: No such file or directory
executor 2 finishes userspace_cover_open
before receiving handshake request
req.flags ea2
[    0.000000] kernel: Linux version 5.15.0+ (tlyu@IC-RS3-DPC07) (gcc (Ubuntu 9.4.0-1ubuntu1~20.04.1) 9.4.0, GNU ld (GNU Binutils for Ubuntu) 2.34) #7 SMP Sat Feb 18 10:18:37 CET 2023
[    0.000000] kernel: Command line: root=/dev/sda console=ttyS0 net.ifnames=0 ip=192.168.0.37 quiet
[    0.000000] kernel: x86/fpu: Supporting XSAVE feature 0x001: 'x87 floating point registers'
[    0.000000] kernel: x86/fpu: Supporting XSAVE feature 0x002: 'SSE registers'
[    0.000000] kernel: x86/fpu: Supporting XSAVE feature 0x004: 'AVX registers'
[    0.000000] kernel: x86/fpu: Supporting XSAVE feature 0x020: 'AVX-512 opmask'
[    0.000000] kernel: x86/fpu: Supporting XSAVE feature 0x040: 'AVX-512 Hi256'
[    0.000000] kernel: x86/fpu: Supporting XSAVE feature 0x080: 'AVX-512 ZMM_Hi256'
[    0.000000] kernel: x86/fpu: Supporting XSAVE feature 0x200: 'Protection Keys User registers'
[    0.000000] kernel: x86/fpu: xstate_offset[2]:  576, xstate_sizes[2]:  256
[    0.000000] kernel: x86/fpu: xstate_[D 01/16/2023 17:42:13] PVFS2 Server version 2.9.7-orangefs-REV-65ab0d2 starting.
[E 01/16/2023 17:43:19] PVFS2 server got signal 15 (server_status_flag: 2080767)
[D 02/18/2023 14:39:31] PVFS2 Server version 2.9.7-orangefs-REV-65ab0d2 starting.
[D 02/18/2023 14:47:30] PVFS2 received server: signal 1
[E 02/18/2023 14:47:30] PVFS2 server got signal 15 (server_status_flag: 2080767)
ages/cpu s191576 r8192 d29608 u1048576
[    0.584413] kernel: pcpu-alloc: s191576 r8192 d29608 u1048576 alloc=1*2097152
[    0.584415] kernel: pcpu-alloc: [0] 0 1 
[    0.584440] kernel: kvm-guest: setup async PF for cpu 0
[    0.584446] kernel: kvm-guest: stealtime: cpu 0, msr 26561f140
[    0.584450] kernel: Built 1 zonelists, mobility grouping on.  Total pages: 2580192
[    0.584451] kernel: Policy zone: Normal
[    0.584453] kernel: Kernel command line: root=/dev/sda console=ttyS0 net.ifnames=0 ip=192.168.0.35 quiet
[    0.589523] kernel: Dentry cache hash table entries: 2097152 (order: 12, 16777216 bytes, linear)
[    0.592059] kernel: Inode-cache hash table entries: 1048576 (order: 11, 8388608 bytes, linear)
[    0.592116] kernel: mem auto-init: stack:off, heap alloc:off, heap free:off
[    0.812129] kernel: Memory: 8872652K/10485240K available (14348K kernel code, 2403K rwdata, 3568K rodata, 1384K init, 1732K bss, 1612388K reserved, 0K cma-reserved)
[    0.812222] kernel: SLUB: HWalign=64, Order=0-3, MinObjects=0, CPUs=2, Nodes=1
[    0.812788] kernel: rcu: Hierarchical RCU implementation.
[    0.812789] kernel: rcu:         RCU event tracing is enabled.
[    0.812791] kernel: rcu:         RCU restricting CPUs from NR_CPUS=64 to nr_cpu_ids=2.
[    0.812793] kernel: rcu: RCU calculated value of scheduler-enlistment delay is 100 jiffies.
[    0.812795] kernel: rcu: Adjusting geometry for rcu_fanout_leaf=16, nr_cpu_ids=2
[    0.815602] kernel: NR_IRQS: 4352, nr_irqs: 440, preallocated irqs: 16
[    0.815821] kernel: random: get_random_bytes called from start_kernel+0x4b1/0x67a with crng_init=0
[    0.819799] kernel: Console: colour VGA+ 80x25
[    0.819844] kernel: printk: console [ttyS0] enabled
[    0.819864] kernel: ACPI: Core revision 20210730
[    0.820009] kernel: clocksource: hpet: mask: 0xffffffff max_cycles: 0xffffffff, max_idle_ns: 19112604467 ns
[    0.820111] kernel: APIC: Switch to symmetric I/O mode setup
[    0.820115] kernel: kvm-guest: setup PV IPIs
[    0.820977] kernel: ..TIMER: vector=0x30 apic1=0 pin1=2 apic2=-1 pin2=-1
[    0.820998] kernel: clocksource: tsc-early: mask: 0xffffffffffffffff max_cycles: 0x2563bf907c6, max_idle_ns: 440795319401 ns
[    0.821007] kernel: Calibrating delay loop (skipped) preset value.. 5187.81 BogoMIPS (lpj=2593906)
[    0.821009] kernel: pid_max: default: 32768 minimum: 301
[    0.821044] kernel: LSM: Security Framework initializing
[    0.821058] kernel: SELinux:  Initializing.
[    0.822077] kernel: Mount-cache hash table entries: 32768 (order: 6, 262144 bytes, linear)
[    0.822536] kernel: Mountpoint-cache hash table entries: 32768 (order: 6, 262144 bytes, linear)
[    0.822956] kernel: x86/cpu: User Mode Instruction Prevention (UMIP) activated
[    0.823064] kernel: Last level iTLB entries: 4KB 0, 2MB 0, 4MB 0
[    0.823066] kernel: Last level dTLB entries: 4KB 0, 2MB 0, 4MB 0, 1GB 0
[    0.823075] kernel: Spectre V1 : Mitigation: usercopy/swapgs barriers and __user pointer sanitization
[    0.823080] kernel: Spectre V2 : Mitigation: Enhanced IBRS
[    0.823081] kernel: Spectre V2 : Spectre v2 / SpectreRSB mitigation: Filling RSB on context switch
[    0.823083] kernel: Spectre V2 : mitigation: Enabling conditional Indirect Branch Prediction Barrier
[    0.823085] kernel: Speculative Store Bypass: Mitigation: Speculative Store Bypass disabled via prctl and seccomp
[    0.823086] kernel: TAA: Mitigation: TSX disabled
[    0.829165] kernel: Freeing SMP alternatives memory: 40K
[    0.829301] kernel: smpboot: CPU0: Intel(R) Xeon(R) Gold 6348 CPU @ 2.60GHz (family: 0x6, model: 0x6a, stepping: 0x6)
[    0.829422] kernel: Performance Events: Icelake events, 32-deep LBR, full-width counters, Intel PMU driver.
[    0.829518] kernel: ... version:                2
[    0.829519] kernel: ... bit width:              48
[    0.829520] kernel: ... generic registers:      8
[    0.829521] kernel: ... value mask:             0000ffffffffffff
[    0.829522] kernel: ... max period----- is restarting 0
---- dfs_name orangefs is_dfs_client 0
:             00007fffffffffff
[    0.829523] kernel: ... fixed-purpose events:   3
[    0.829523] kernel: ... event mask:             00000007000000ff
[    0.829622] kernel: rcu: Hierarchical SRCU implementation.
[    0.829962] kernel: smp: Bringing up secondary CPUs ...
[    0.830000] kernel: x86: Booting SMP configuration:
[    0.830000] kernel: .... node  #0, CPUs:      #1
[    0.005212] kernel: kvm-clock: cpu 1, msr 170e6e041, secondary cpu clock
[    0.005212] kernel: smpboot: CPU 1 Converting physical 0 to logical die 1
[    0.831039] kernel: kvm-guest: setup async PF for cpu 1
[    0.831046] kernel: kvm-guest: stealtime: cpu 1, msr 26571f140
[    0.831056] kernel: smp: Brought up 1 node, 2 CPUs
[    0.831056] kernel: smpboot: Max logical packages: 2
[    0.831056] kernel: smpboot: Total of 2 processors activated (10375.62 BogoMIPS)
[    0.832080] kernel: devtmpfs: initialized
[    0.839167] kernel: clocksource: jiffies: mask: 0xffffffff max_cycles: 0xffffffff, max_idle_ns: 191unlink FIFO failed: No such file or directory
[D 01/16/2023 17:42:13] PVFS2 Server version 2.9.7-orangefs-REV-65ab0d2 starting.
[E 01/16/2023 17:43:19] PVFS2 server got signal 15 (server_status_flag: 2080767)
[D 02/18/2023 14:39:31] PVFS2 Server version 2.9.7-orangefs-REV-65ab0d2 starting.
[D 02/18/2023 14:47:30] PVFS2 received server: signal 1
[E 02/18/2023 14:47:30] PVFS2 server got signal 15 (server_status_flag: 2080767)
[    0.000000] kernel: Linux version 5.15.0+ (tlyu@IC-RS3-DPC07) (gcc (Ubuntu 9.4.0-1ubuntu1~20.04.1) 9.4.0, GNU ld (GNU Binutils for Ubuntu) 2.34) #7 SMP Sat Feb 18 10:18:37 CET 2023
[    0.000000] kernel: Command line: root=/dev/sda console=ttyS0 net.ifnames=0 ip=192.168.0.36 quiet
[    0.000000] kernel: x86/fpu: Supporting XSAVE feature 0x001: 'x87 floating point registers'
[    0.000000] kernel: x86/fpu: Supporting XSAVE feature 0x002: 'SSE registers'
[    0.000000] kernel: x86/fpu: Supporting XSAVE feature 0x004: 'AVX registers'
[    0.000000] kernel: x86/fpu: Supporting XSAVE feature 0x020: 'AVX-512 opmask'
[    0.000000] kernel: x86/fpu: Supporting XSAVE feature 0x040: 'AVX-512 Hi256'
[    0.000000] kernel: x86/fpu: Supporting XSAVE feature 0x080: 'AVX-512 ZMM_Hi256'
[    0.000000] kernel: x86/fpu: Supporting XSAVE feature 0x200: 'Protection Keys User registers'
[    0.000000] kernel: x86/fpu: xstate_offset[2]:  576, xstate_sizes[2]:  256
[    0.000000] kernel: x86/fpu: xstate_1260446275000 ns
[    0.839174] kernel: futex hash table entries: 512 (order: 3, 32768 bytes, linear)
[    0.839602] kernel: PM: RTC time: 02:46:35, date: 2023-03-12
[    0.840135] kernel: NET: Registered PF_NETLINK/PF_ROUTE protocol family
[    0.840532] kernel: audit: initializing netlink subsys (disabled)
[    0.840578] kernel: audit: type=2000 audit(1678589195.538:1): state=initialized audit_enabled=0 res=1
[    0.841217] kernel: thermal_sys: Registered thermal governor 'step_wise'
[    0.841218] kernel: thermal_sys: Registered thermal governor 'user_space'
[    0.841404] kernel: cpuidle: using governor menu
[    0.841404] kernel: ACPI: bus type PCI registered
[    0.842034] kernel: PCI: Using configuration type 1 for base access
[    0.852501] kernel: Kprobes globally optimized
[    0.858132] kernel: HugeTLB registered 2.00 MiB page size, pre-allocated 0 pages
[    0.858216] kernel: cryptomgr_test (26) used greatest stack depth: 31400 bytes left
[    0.859085] kernel: ACPI: Addedoffset[5]:  832, xstate_sizes[5]:   64
[    0.000000] kernel: x86/fpu: xstate_offset[6]:  896, xstate_sizes[6]:  512
[    0.000000] kernel: x86/fpu: xstate_offset[7]: 1408, xstate_sizes[7]: 1024
[    0.000000] kernel: x86/fpu: xstate_offset[9]: 2432, xstate_sizes[9]:    8
[    0.000000] kernel: x86/fpu: Enabled xstate features 0x2e7, context size is 2440 bytes, using 'compacted' format.
[    0.000000] kernel: signal: max sigframe size: 3632
[    0.000000] kernel: BIOS-provided physical RAM map:
[    0.000000] kernel: BIOS-e820: [mem 0x0000000000000000-0x000000000009fbff] usable
[    0.000000] kernel: BIOS-e820: [mem 0x000000000009fc00-0x000000000009ffff] reserved
[    0.000000] kernel: BIOS-e820: [mem 0x00000000000f0000-0x00000000000fffff] reserved
[    0.000000] kernel: BIOS-e820: [mem 0x0000000000100000-0x00000000bffdffff] usable
[    0.000000] kernel: BIOS-e820: [mem 0x00000000bffe0000-0x00000000bfffffff] reserved
[    0.000000] kernel: BIOS-e820: [mem 0x00000000feffc000-0x00000000 _OSI(Module Device)
[    0.859085] kernel: ACPI: Added _OSI(Processor Device)
[    0.859085] kernel: ACPI: Added _OSI(3.0 _SCP Extensions)
[    0.859085] kernel: ACPI: Added _OSI(Processor Aggregator Device)
[    0.859085] kernel: ACPI: Added _OSI(Linux-Dell-Video)
[    0.859085] kernel: ACPI: Added _OSI(Linux-Lenovo-NV-HDMI-Audio)
[    0.859085] kernel: ACPI: Added _OSI(Linux-HPI-Hybrid-Graphics)
[    0.865125] kernel: ACPI: 1 ACPI AML tables successfully acquired and loaded
[    0.867298] kernel: ACPI: Interpreter enabled
[    0.867330] kernel: ACPI: PM: (supports S0 S3 S4 S5)
[    0.867332] kernel: ACPI: Using IOAPIC for interrupt routing
[    0.867363] kernel: PCI: Using host bridge windows from ACPI; if necessary, use "pci=nocrs" and report a bug
[    0.867719] kernel: ACPI: Enabled 2 GPEs in block 00 to 0F
[    0.877944] kernel: ACPI: PCI Root Bridge [PCI0] (domain 0000 [bus 00-ff])
[    0.877956] kernel: acpi PNP0A03:00: _OSC: OS supports [ASPM ClockPM Segments MSI HPX-Type3]
[    0.878004] kernel: acpi PNP0A03:00: fail to add MMCONFIG information, can't access extended PCI configuration space under this bridge.
[    0.878113] kernel: PCI host bridge to bus 0000:00
[    0.878116] kernel: pci_bus 0000:00: root bus resource [io  0x0000-0x0cf7 window]
[    0.878119] kernel: pci_bus 0000:00: root bus resource [io  0x0d00-0xffff window]
[    0.878121] kernel: pci_bus 0000:00: root bus resource [mem 0x000a0000-0x000bffff window]
[    0.878123] kernel: pci_bus 0000:00: root bus resource [mem 0xc0000000-0xfebfffff window]
[    0.878125] kernel: pci_bus 0000:00: root bus resource [mem 0x2c0000000-0x33fffffff window]
[    0.878127] kernel: pci_bus 0000:00: root bus resource [bus 00-ff]
[    0.878615] kernel: pci 0000:00:00.0: [8086:1237] type 00 class 0x060000
[    0.879524] kernel: pci 0000:00:01.0: [8086:7000] type 00 class 0x060100
[    0.880771] kernel: pci 0000:00:01.1: [8086:7010] type 00 class 0x010180
[    0.882853] kernel: pci 0000:00:01.1: reg 0x20: [io  0executor 1 finishes userspace_cover_open
before receiving handshake request
req.flags ea2
offset[5]:  832, xstate_sizes[5]:   64
[    0.000000] kernel: x86/fpu: xstate_offset[6]:  896, xstate_sizes[6]:  512
[    0.000000] kernel: x86/fpu: xstate_offset[7]: 1408, xstate_sizes[7]: 1024
[    0.000000] kernel: x86/fpu: xstate_offset[9]: 2432, xstate_sizes[9]:    8
[    0.000000] kernel: x86/fpu: Enabled xstate features 0x2e7, context size is 2440 bytes, using 'compacted' format.
[    0.000000] kernel: signal: max sigframe size: 3632
[    0.000000] kernel: BIOS-provided physical RAM map:
[    0.000000] kernel: BIOS-e820: [mem 0x0000000000000000-0x000000000009fbff] usable
[    0.000000] kernel: BIOS-e820: [mem 0x000000000009fc00-0x000000000009ffff] reserved
[    0.000000] kernel: BIOS-e820: [mem 0x00000000000f0000-0x00000000000fffff] reserved
[    0.000000] kernel: BIOS-e820: [mem 0x0000000000100000-0x00000000bffdffff] usable
[    0.000000] kernel: BIOS-e820: [mem 0x00000000bffe0000-0x00000000bfffffff] reserved
[    0.000000] kernel: BIOS-e820: [mem 0x00000000feffc000-0x00000000xc040-0xc04f]
[    0.883676] kernel: pci 0000:00:01.1: legacy IDE quirk: reg 0x10: [io  0x01f0-0x01f7]
[    0.883678] kernel: pci 0000:00:01.1: legacy IDE quirk: reg 0x14: [io  0x03f6]
[    0.883679] kernel: pci 0000:00:01.1: legacy IDE quirk: reg 0x18: [io  0x0170-0x0177]
[    0.883680] kernel: pci 0000:00:01.1: legacy IDE quirk: reg 0x1c: [io  0x0376]
[    0.884536] kernel: pci 0000:00:01.3: [8086:7113] type 00 class 0x068000
[    0.884806] kernel: pci 0000:00:01.3: quirk: [io  0x0600-0x063f] claimed by PIIX4 ACPI
[    0.884812] kernel: pci 0000:00:01.3: quirk: [io  0x0700-0x070f] claimed by PIIX4 SMB
[    0.885574] kernel: pci 0000:00:02.0: [1234:1111] type 00 class 0x030000
[    0.886376] kernel: pci 0000:00:02.0: reg 0x10: [mem 0xfd000000-0xfdffffff pref]
[    0.887791] kernel: pci 0000:00:02.0: reg 0x18: [mem 0xfeb90000-0xfeb90fff]
[    0.891398] kernel: pci 0000:00:02.0: reg 0x30: [mem 0xfeb80000-0xfeb8ffff pref]
[    0.892356] kernel: pci 0000:00:03.0: [1af4:1005] type 00 class 0x00ff00
[    0.892951] kernel: pci 0000:00:03.0: reg 0x10: [io  0xc000-0xc01f]
[    0.895005] kernel: pci 0000:00:03.0: reg 0x20: [mem 0xfe200000-0xfe203fff 64bit pref]
[    0.896912] kernel: pci 0000:00:04.0: [1af4:1000] type 00 class 0x020000
[    0.897614] kernel: pci 0000:00:04.0: reg 0x10: [io  0xc020-0xc03f]
[    0.899005] kernel: pci 0000:00:04.0: reg 0x14: [mem 0xfeb91000-0xfeb91fff]
[    0.901004] kernel: pci 0000:00:04.0: reg 0x20: [mem 0xfe204000-0xfe207fff 64bit pref]
[    0.901797] kernel: pci 0000:00:04.0: reg 0x30: [mem 0xfeb00000-0xfeb7ffff pref]
[    0.903782] kernel: pci 0000:00:10.0: [1af4:1110] type 00 class 0x050000
[    0.904341] kernel: pci 0000:00:10.0: reg 0x10: [mem 0xfeb92000-0xfeb920ff]
[    0.905709] kernel: pci 0000:00:10.0: reg 0x18: [mem 0xfe000000-0xfe0fffff 64bit pref]
[    0.908607] kernel: pci 0000:00:11.0: [1af4:1110] type 00 class 0x050000
[    0.909004] kernel: pci 0000:00:11.0: reg 0x10: [mem 0xfeb93000-0xfeb930ff]
[    0.910005] kernel: pci feffffff] reserved
[    0.000000] kernel: BIOS-e820: [mem 0x00000000fffc0000-0x00000000ffffffff] reserved
[    0.000000] kernel: BIOS-e820: [mem 0x0000000100000000-0x00000002bfffffff] usable
[    0.000000] kernel: NX (Execute Disable) protection: active
[    0.000000] kernel: SMBIOS 2.8 present.
[    0.000000] kernel: DMI: QEMU Standard PC (i440FX + PIIX, 1996), BIOS 1.13.0-1ubuntu1.1 04/01/2014
[    0.000000] kernel: Hypervisor detected: KVM
[    0.000000] kernel: kvm-clock: Using msrs 4b564d01 and 4b564d00
[    0.000000] kernel: kvm-clock: cpu 0, msr 29d26e001, primary cpu clock
[    0.000001] kernel: kvm-clock: using sched offset of 506474462 cycles
[    0.000003] kernel: clocksource: kvm-clock: mask: 0xffffffffffffffff max_cycles: 0x1cd42e4dffb, max_idle_ns: 881590591483 ns
[    0.000005] kernel: tsc: Detected 2593.906 MHz processor
[    0.000428] kernel: e820: update [mem 0x00000000-0x00000fff] usable ==> reserved
[    0.000429] kernel: e820: remove [mem 0x000a0000-0x000fffff] usfeffffff] reserved
[    0.000000] kernel: BIOS-e820: [mem 0x00000000fffc0000-0x00000000ffffffff] reserved
[    0.000000] kernel: BIOS-e820: [mem 0x0000000100000000-0x00000002bfffffff] usable
[    0.000000] kernel: NX (Execute Disable) protection: active
[    0.000000] kernel: SMBIOS 2.8 present.
[    0.000000] kernel: DMI: QEMU Standard PC (i440FX + PIIX, 1996), BIOS 1.13.0-1ubuntu1.1 04/01/2014
[    0.000000] kernel: Hypervisor detected: KVM
[    0.000000] kernel: kvm-clock: Using msrs 4b564d01 and 4b564d00
[    0.000000] kernel: kvm-clock: cpu 0, msr 1db86e001, primary cpu clock
[    0.000001] kernel: kvm-clock: using sched offset of 495551254 cycles
[    0.000003] kernel: clocksource: kvm-clock: mask: 0xffffffffffffffff max_cycles: 0x1cd42e4dffb, max_idle_ns: 881590591483 ns
[    0.000005] kernel: tsc: Detected 2593.906 MHz processor
[    0.000408] kernel: e820: update [mem 0x00000000-0x00000fff] usable ==> reserved
[    0.000411] kernel: e820: remove [mem 0x000a0000-0x000fffff] us0000:00:11.0: reg 0x18: [mem 0xfe208000-0xfe2083ff 64bit pref]
[    0.912518] kernel: pci 0000:00:12.0: [1af4:1110] type 00 class 0x050000
[    0.913373] kernel: pci 0000:00:12.0: reg 0x10: [mem 0xfeb94000-0xfeb940ff]
[    0.914677] kernel: pci 0000:00:12.0: reg 0x18: [mem 0xfe100000-0xfe1fffff 64bit pref]
[    0.919663] kernel: ACPI: PCI: Interrupt link LNKA configured for IRQ 10
[    0.920025] kernel: ACPI: PCI: Interrupt link LNKB configured for IRQ 10
[    0.920338] kernel: ACPI: PCI: Interrupt link LNKC configured for IRQ 11
[    0.920647] kernel: ACPI: PCI: Interrupt link LNKD configured for IRQ 11
[    0.920771] kernel: ACPI: PCI: Interrupt link LNKS configured for IRQ 9
[    0.921435] kernel: iommu: Default domain type: Translated 
[    0.921436] kernel: iommu: DMA domain TLB invalidation policy: lazy mode 
[    0.921544] kernel: pci 0000:00:02.0: vgaarb: setting as boot VGA device
[    0.921547] kernel: pci 0000:00:02.0: vgaarb: VGA device added: decodes=io+mem,owns=io+mem,loable
[    0.000432] kernel: last_pfn = 0x2c0000 max_arch_pfn = 0x10000000000
[    0.000480] kernel: x86/PAT: Configuration [0-7]: WB  WC  UC- UC  WB  WP  UC- WT  
[    0.000486] kernel: last_pfn = 0xbffe0 max_arch_pfn = 0x10000000000
[    0.035034] kernel: found SMP MP-table at [mem 0x000f5c80-0x000f5c8f]
[    0.035070] kernel: Using GB pages for direct mapping
[    0.035203] kernel: ACPI: Early table checksum verification disabled
[    0.035207] kernel: ACPI: RSDP 0x00000000000F5A50 000014 (v00 BOCHS )
[    0.035221] kernel: ACPI: RSDT 0x00000000BFFE15C9 000030 (v01 BOCHS  BXPCRSDT 00000001 BXPC 00000001)
[    0.035227] kernel: ACPI: FACP 0x00000000BFFE149D 000074 (v01 BOCHS  BXPCFACP 00000001 BXPC 00000001)
[    0.035232] kernel: ACPI: DSDT 0x00000000BFFE0040 00145D (v01 BOCHS  BXPCDSDT 00000001 BXPC 00000001)
[    0.035235] kernel: ACPI: FACS 0x00000000BFFE0000 000040
[    0.035237] kernel: ACPI: APIC 0x00000000BFFE1511 000080 (v01 BOCHS  BXPCAPIC 00000001 BXPC 00000001)
[    0.035cks=none
[    0.921549] kernel: pci 0000:00:02.0: vgaarb: bridge control possible
[    0.921550] kernel: vgaarb: loaded
[    0.921755] kernel: SCSI subsystem initialized
[    0.922048] kernel: libata version 3.00 loaded.
[    0.922140] kernel: ACPI: bus type USB registered
[    0.922187] kernel: usbcore: registered new interface driver usbfs
[    0.922208] kernel: usbcore: registered new interface driver hub
[    0.922224] kernel: usbcore: registered new device driver usb
[    0.922270] kernel: pps_core: LinuxPPS API ver. 1 registered
[    0.922271] kernel: pps_core: Software ver. 5.3.6 - Copyright 2005-2007 Rodolfo Giometti <giometti@linux.it>
[    0.922283] kernel: PTP clock support registered
[    0.922345] kernel: Advanced Linux Sound Architecture Driver Initialized.
[    0.922400] kernel: NetLabel: Initializing
[    0.922401] kernel: NetLabel:  domain hash size = 128
[    0.922402] kernel: NetLabel:  protocols = UNLABELED CIPSOv4 CALIPSO
[    0.922436] kernel: NetLabel:  unlabeleable
[    0.000414] kernel: last_pfn = 0x2c0000 max_arch_pfn = 0x10000000000
[    0.000460] kernel: x86/PAT: Configuration [0-7]: WB  WC  UC- UC  WB  WP  UC- WT  
[    0.000465] kernel: last_pfn = 0xbffe0 max_arch_pfn = 0x10000000000
[    0.004759] kernel: found SMP MP-table at [mem 0x000f5c80-0x000f5c8f]
[    0.004783] kernel: Using GB pages for direct mapping
[    0.004961] kernel: ACPI: Early table checksum verification disabled
[    0.004964] kernel: ACPI: RSDP 0x00000000000F5A50 000014 (v00 BOCHS )
[    0.004974] kernel: ACPI: RSDT 0x00000000BFFE15C9 000030 (v01 BOCHS  BXPCRSDT 00000001 BXPC 00000001)
[    0.004980] kernel: ACPI: FACP 0x00000000BFFE149D 000074 (v01 BOCHS  BXPCFACP 00000001 BXPC 00000001)
[    0.004985] kernel: ACPI: DSDT 0x00000000BFFE0040 00145D (v01 BOCHS  BXPCDSDT 00000001 BXPC 00000001)
[    0.004988] kernel: ACPI: FACS 0x00000000BFFE0000 000040
[    0.004990] kernel: ACPI: APIC 0x00000000BFFE1511 000080 (v01 BOCHS  BXPCAPIC 00000001 BXPC 00000001)
[    0.004240] kernel: ACPI: HPET 0x00000000BFFE1591 000038 (v01 BOCHS  BXPCHPET 00000001 BXPC 00000001)
[    0.035241] kernel: ACPI: Reserving FACP table memory at [mem 0xbffe149d-0xbffe1510]
[    0.035243] kernel: ACPI: Reserving DSDT table memory at [mem 0xbffe0040-0xbffe149c]
[    0.035243] kernel: ACPI: Reserving FACS table memory at [mem 0xbffe0000-0xbffe003f]
[    0.035244] kernel: ACPI: Reserving APIC table memory at [mem 0xbffe1511-0xbffe1590]
[    0.035245] kernel: ACPI: Reserving HPET table memory at [mem 0xbffe1591-0xbffe15c8]
[    0.045289] kernel: No NUMA configuration found
[    0.045294] kernel: Faking a node at [mem 0x0000000000000000-0x00000002bfffffff]
[    0.045300] kernel: NODE_DATA(0) allocated [mem 0x2bfffc000-0x2bfffffff]
[    0.046165] kernel: Zone ranges:
[    0.046167] kernel:   DMA      [mem 0x0000000000001000-0x0000000000ffffff]
[    0.046170] kernel:   DMA32    [mem 0x0000000001000000-0x00000000ffffffff]
[    0.046171] kernel:   Normal   [mem 0x0000000100000000-0x0d traffic allowed by default
[    0.922463] kernel: PCI: Using ACPI for IRQ routing
[    0.922463] kernel: PCI: pci_cache_line_size set to 64 bytes
[    0.923115] kernel: e820: reserve RAM buffer [mem 0x0009fc00-0x0009ffff]
[    0.923122] kernel: e820: reserve RAM buffer [mem 0xbffe0000-0xbfffffff]
[    0.923190] kernel: hpet0: at MMIO 0xfed00000, IRQs 2, 8, 0
[    0.923194] kernel: hpet0: 3 comparators, 64-bit 100.000000 MHz counter
[    0.927044] kernel: clocksource: Switched to clocksource kvm-clock
[    0.970020] kernel: VFS: Disk quotas dquot_6.6.0
[    0.970060] kernel: VFS: Dquot-cache hash table entries: 512 (order 0, 4096 bytes)
[    0.970236] kernel: pnp: PnP ACPI init
[    0.970558] kernel: pnp 00:03: [dma 2]
[    0.971680] kernel: pnp: PnP ACPI: found 6 devices
[    0.981773] kernel: clocksource: acpi_pm: mask: 0xffffff max_cycles: 0xffffff, max_idle_ns: 2085701024 ns
[    0.981849] kernel: NET: Registered PF_INET protocol family
[    0.982936] kernel: IP idents hash table0000002bfffffff]
[    0.046172] kernel: Movable zone start for each node
[    0.046173] kernel: Early memory node ranges
[    0.046173] kernel:   node   0: [mem 0x0000000000001000-0x000000000009efff]
[    0.046174] kernel:   node   0: [mem 0x0000000000100000-0x00000000bffdffff]
[    0.046175] kernel:   node   0: [mem 0x0000000100000000-0x00000002bfffffff]
[    0.046176] kernel: Initmem setup node 0 [mem 0x0000000000001000-0x00000002bfffffff]
[    0.046819] kernel: On node 0, zone DMA: 1 pages in unavailable ranges
[    0.046830] kernel: On node 0, zone DMA: 97 pages in unavailable ranges
[    0.192915] kernel: On node 0, zone Normal: 32 pages in unavailable ranges
[    0.737734] kernel: kasan: KernelAddressSanitizer initialized
[    0.738078] kernel: ACPI: PM-Timer IO Port: 0x608
[    0.738086] kernel: ACPI: LAPIC_NMI (acpi_id[0xff] dfl dfl lint[0x1])
[    0.738126] kernel: IOAPIC[0]: apic_id 0, version 17, address 0xfec00000, GSI 0-23
[    0.738128] kernel: ACPI: INT_SRC_OVR (bus 0 bus_irq 0 global_irq 2 dfl dfl)
[    0.738130] kernel: ACPI: INT_SRC_OVR (bus 0 bus_irq 5 global_irq 5 high level)
[    0.738131] kernel: ACPI: INT_SRC_OVR (bus 0 bus_irq 9 global_irq 9 high level)
[    0.738132] kernel: ACPI: INT_SRC_OVR (bus 0 bus_irq 10 global_irq 10 high level)
[    0.738133] kernel: ACPI: INT_SRC_OVR (bus 0 bus_irq 11 global_irq 11 high level)
[    0.738136] kernel: ACPI: Using ACPI (MADT) for SMP configuration information
[    0.738137] kernel: ACPI: HPET id: 0x8086a201 base: 0xfed00000
[    0.738140] kernel: TSC deadline timer available
[    0.738141] kernel: smpboot: Allowing 2 CPUs, 0 hotplug CPUs
[    0.738161] kernel: kvm-guest: KVM setup pv remote TLB flush
[    0.738165] kernel: kvm-guest: setup PV sched yield
[    0.738172] kernel: PM: hibernation: Registered nosave memory: [mem 0x00000000-0x00000fff]
[    0.738174] kernel: PM: hibernation: Registered nosave memory: [mem 0x0009f000-0x0009ffff]
[    0.738175] kernel: PM: hibernation: Registered nosave memory: [mem 0x000a0000-0x000effff]
[    0.738175] kernel: PM: hibernation: Registered nosave memory: [mem 0x000f0000-0x000fffff]
[    0.738176] kernel: PM: hibernation: Registered nosave memory: [mem 0xbffe0000-0xbfffffff]
[    0.738177] kernel: PM: hibernation: Registered nosave memory: [mem 0xc0000000-0xfeffbfff]
[    0.738177] kernel: PM: hibernation: Registered nosave memory: [mem 0xfeffc000-0xfeffffff]
[    0.738178] kernel: PM: hibernation: Registered nosave memory: [mem 0xff000000-0xfffbffff]
[    0.738178] kernel: PM: hibernation: Registered nosave memory: [mem 0xfffc0000-0xffffffff]
[    0.738180] kernel: [mem 0xc0000000-0xfeffbfff] available for PCI devices
[    0.738181] kernel: Booting paravirtualized kernel on KVM
[    0.738183] kernel: clocksource: refined-jiffies: mask: 0xffffffff max_cycles: 0xffffffff, max_idle_ns: 1910969940391419 ns
[    0.742255] kernel: setup_percpu: NR_CPUS:64 nr_cpumask_bits:64 nr_cpu_ids:2 nr_node_ids:1
[    0.742926] kernel: percpu: Embedded 56 p992] kernel: ACPI: HPET 0x00000000BFFE1591 000038 (v01 BOCHS  BXPCHPET 00000001 BXPC 00000001)
[    0.004994] kernel: ACPI: Reserving FACP table memory at [mem 0xbffe149d-0xbffe1510]
[    0.004995] kernel: ACPI: Reserving DSDT table memory at [mem 0xbffe0040-0xbffe149c]
[    0.004996] kernel: ACPI: Reserving FACS table memory at [mem 0xbffe0000-0xbffe003f]
[    0.004996] kernel: ACPI: Reserving APIC table memory at [mem 0xbffe1511-0xbffe1590]
[    0.004997] kernel: ACPI: Reserving HPET table memory at [mem 0xbffe1591-0xbffe15c8]
[    0.005253] kernel: No NUMA configuration found
[    0.005254] kernel: Faking a node at [mem 0x0000000000000000-0x00000002bfffffff]
[    0.005256] kernel: NODE_DATA(0) allocated [mem 0x2bfffc000-0x2bfffffff]
[    0.005902] kernel: Zone ranges:
[    0.005904] kernel:   DMA      [mem 0x0000000000001000-0x0000000000ffffff]
[    0.005906] kernel:   DMA32    [mem 0x0000000001000000-0x00000000ffffffff]
