2023/03/12 09:00:54 fuzzer started
2023/03/12 09:00:54 dialing manager at localhost:42025
2023/03/12 09:00:55 syscalls: 130
2023/03/12 09:00:55 code coverage: enabled
2023/03/12 09:00:55 comparison tracing: enabled
2023/03/12 09:00:55 extra coverage: enabled
2023/03/12 09:00:55 setuid sandbox: enabled
2023/03/12 09:00:55 namespace sandbox: /proc/self/ns/user does not exist
2023/03/12 09:00:55 Android sandbox: /sys/fs/selinux/policy can't be opened (open /sys/fs/selinux/policy: invalid argument)
2023/03/12 09:00:55 fault injection: CONFIG_FAULT_INJECTION_DEBUG_FS or CONFIG_FAILSLAB are not enabled
2023/03/12 09:00:55 leak checking: CONFIG_DEBUG_KMEMLEAK is not enabled
2023/03/12 09:00:55 net packet injection: /dev/net/tun does not exist
2023/03/12 09:00:55 net device setup: enabled
2023/03/12 09:00:55 concurrency sanitizer: /sys/kernel/debug/kcsan does not exist
2023/03/12 09:00:55 devlink PCI setup: enabled
2023/03/12 09:00:55 USB emulation: /dev/raw-gadget does not exist
2023/03/12 09:00:55 hci packet injection: /dev/vhci does not exist
2023/03/12 09:00:55 wifi device emulation: /sys/class/mac80211_hwsim/ does not exist
2023/03/12 09:00:55 802.15.4 emulation: /sys/bus/platform/devices/mac802154_hwsim does not exist
2023/03/12 09:00:55 deserializeInput: hasCrash true hasNet false
2023/03/12 09:00:55 prog length: 6
2023/03/12 09:00:55 prog length: 6
2023/03/12 09:00:55 prog length: 5
2023/03/12 09:00:55 deserializeInput: hasCrash true hasNet false
2023/03/12 09:00:55 prog length: 6
2023/03/12 09:00:55 prog length: 17
2023/03/12 09:00:55 deserializeInput: hasCrash false hasNet false
2023/03/12 09:00:55 prog length: 3
2023/03/12 09:00:55 deserializeInput: hasCrash true hasNet false
2023/03/12 09:00:55 prog length: 6
2023/03/12 09:00:55 prog length: 5
2023/03/12 09:00:55 deserializeInput: hasCrash true hasNet false
2023/03/12 09:00:55 prog length: 6
2023/03/12 09:00:55 prog length: 4
2023/03/12 09:00:55 deserializeInput: hasCrash true hasNet false
2023/03/12 09:00:55 prog length: 6
2023/03/12 09:00:55 prog length: 3
2023/03/12 09:00:55 deserializeInput: hasCrash true hasNet false
2023/03/12 09:00:55 prog length: 6
2023/03/12 09:00:55 prog length: 3
2023/03/12 09:00:55 deserializeInput: hasCrash true hasNet false
2023/03/12 09:00:55 prog length: 6
2023/03/12 09:00:55 prog length: 6
2023/03/12 09:00:55 prog length: 5
2023/03/12 09:00:55 deserializeInput: hasCrash true hasNet false
2023/03/12 09:00:55 prog length: 6
2023/03/12 09:00:55 prog length: 6
2023/03/12 09:00:55 prog length: 5
2023/03/12 09:00:55 deserializeInput: hasCrash true hasNet false
2023/03/12 09:00:55 prog length: 6
2023/03/12 09:00:55 prog length: 6
2023/03/12 09:00:55 prog length: 5
2023/03/12 09:00:55 deserializeInput: hasCrash true hasNet false
2023/03/12 09:00:55 prog length: 6
2023/03/12 09:00:55 prog length: 3
2023/03/12 09:00:55 deserializeInput: hasCrash false hasNet false
2023/03/12 09:00:55 prog length: 1
2023/03/12 09:00:55 deserializeInput: hasCrash true hasNet false
2023/03/12 09:00:55 prog length: 6
2023/03/12 09:00:55 prog length: 6
2023/03/12 09:00:55 prog length: 5
2023/03/12 09:00:55 deserializeInput: hasCrash true hasNet false
2023/03/12 09:00:55 prog length: 6
2023/03/12 09:00:55 prog length: 3
2023/03/12 09:00:55 deserializeInput: hasCrash true hasNet false
2023/03/12 09:00:55 prog length: 6
2023/03/12 09:00:55 prog length: 17
2023/03/12 09:00:55 deserializeInput: hasCrash true hasNet false
2023/03/12 09:00:55 prog length: 6
2023/03/12 09:00:55 prog length: 6
2023/03/12 09:00:55 prog length: 5
2023/03/12 09:00:55 deserializeInput: hasCrash true hasNet false
2023/03/12 09:00:55 prog length: 6
2023/03/12 09:00:55 prog length: 3
2023/03/12 09:00:55 deserializeInput: hasCrash true hasNet false
2023/03/12 09:00:55 prog length: 6
2023/03/12 09:00:55 prog length: 3
2023/03/12 09:00:55 deserializeInput: hasCrash true hasNet false
2023/03/12 09:00:55 prog length: 6
2023/03/12 09:00:55 prog length: 3
2023/03/12 09:00:55 deserializeInput: hasCrash true hasNet false
2023/03/12 09:00:55 prog length: 6
2023/03/12 09:00:55 prog length: 3
2023/03/12 09:00:55 deserializeInput: hasCrash true hasNet false
2023/03/12 09:00:55 prog length: 6
2023/03/12 09:00:55 prog length: 3
2023/03/12 09:00:55 deserializeInput: hasCrash true hasNet false
2023/03/12 09:00:55 prog length: 6
2023/03/12 09:00:55 prog length: 4
2023/03/12 09:00:55 deserializeInput: hasCrash true hasNet false
2023/03/12 09:00:55 prog length: 6
2023/03/12 09:00:55 prog length: 11
2023/03/12 09:00:55 deserializeInput: hasCrash true hasNet false
2023/03/12 09:00:55 prog length: 6
2023/03/12 09:00:55 prog length: 3
2023/03/12 09:00:55 deserializeInput: hasCrash true hasNet false
2023/03/12 09:00:55 prog length: 6
2023/03/12 09:00:55 prog length: 3
2023/03/12 09:00:55 deserializeInput: hasCrash true hasNet false
2023/03/12 09:00:55 prog length: 6
2023/03/12 09:00:55 prog length: 3
2023/03/12 09:00:55 deserializeInput: hasCrash true hasNet false
2023/03/12 09:00:55 prog length: 6
2023/03/12 09:00:55 prog length: 3
2023/03/12 09:00:55 deserializeInput: hasCrash true hasNet false
2023/03/12 09:00:55 prog length: 6
2023/03/12 09:00:55 prog length: 11
2023/03/12 09:00:55 deserializeInput: hasCrash true hasNet false
2023/03/12 09:00:55 prog length: 6
2023/03/12 09:00:55 prog length: 3
2023/03/12 09:00:55 deserializeInput: hasCrash true hasNet false
2023/03/12 09:00:55 prog length: 6
2023/03/12 09:00:55 prog length: 6
2023/03/12 09:00:55 prog length: 6
2023/03/12 09:00:55 prog length: 7
2023/03/12 09:00:55 deserializeInput: hasCrash true hasNet false
2023/03/12 09:00:55 prog length: 6
2023/03/12 09:00:55 prog length: 3
2023/03/12 09:00:55 deserializeInput: hasCrash true hasNet false
2023/03/12 09:00:55 prog length: 6
2023/03/12 09:00:55 prog length: 3
2023/03/12 09:00:55 deserializeInput: hasCrash true hasNet false
2023/03/12 09:00:55 prog length: 6
2023/03/12 09:00:55 prog length: 3
2023/03/12 09:00:55 deserializeInput: hasCrash true hasNet false
2023/03/12 09:00:55 prog length: 6
2023/03/12 09:00:55 prog length: 3
2023/03/12 09:00:55 deserializeInput: hasCrash true hasNet false
2023/03/12 09:00:55 prog length: 6
2023/03/12 09:00:55 prog length: 6
2023/03/12 09:00:55 prog length: 5
2023/03/12 09:00:55 deserializeInput: hasCrash true hasNet false
2023/03/12 09:00:55 prog length: 6
2023/03/12 09:00:55 prog length: 3
2023/03/12 09:00:55 deserializeInput: hasCrash true hasNet false
2023/03/12 09:00:55 prog length: 6
2023/03/12 09:00:55 prog length: 3
2023/03/12 09:00:55 deserializeInput: hasCrash true hasNet false
2023/03/12 09:00:55 prog length: 6
2023/03/12 09:00:55 prog length: 6
2023/03/12 09:00:55 prog length: 5
2023/03/12 09:00:55 deserializeInput: hasCrash true hasNet false
2023/03/12 09:00:55 prog length: 6
2023/03/12 09:00:55 prog length: 6
2023/03/12 09:00:55 prog length: 5
2023/03/12 09:00:55 deserializeInput: hasCrash true hasNet false
2023/03/12 09:00:55 prog length: 6
2023/03/12 09:00:55 prog length: 6
2023/03/12 09:00:55 prog length: 5
2023/03/12 09:00:55 deserializeInput: hasCrash false hasNet false
2023/03/12 09:00:55 prog length: 1
2023/03/12 09:00:55 deserializeInput: hasCrash true hasNet false
2023/03/12 09:00:55 prog length: 6
2023/03/12 09:00:55 prog length: 6
2023/03/12 09:00:55 prog length: 5
2023/03/12 09:00:55 deserializeInput: hasCrash true hasNet false
2023/03/12 09:00:55 prog length: 6
2023/03/12 09:00:55 prog length: 3
2023/03/12 09:00:55 deserializeInput: hasCrash true hasNet false
2023/03/12 09:00:55 prog length: 6
2023/03/12 09:00:55 prog length: 3
2023/03/12 09:00:55 deserializeInput: hasCrash true hasNet false
2023/03/12 09:00:55 prog length: 6
2023/03/12 09:00:55 prog length: 4
2023/03/12 09:00:55 deserializeInput: hasCrash true hasNet false
2023/03/12 09:00:55 prog length: 6
2023/03/12 09:00:55 prog length: 4
2023/03/12 09:00:55 deserializeInput: hasCrash true hasNet false
2023/03/12 09:00:55 prog length: 6
2023/03/12 09:00:55 prog length: 6
2023/03/12 09:00:55 prog length: 5
2023/03/12 09:00:55 deserializeInput: hasCrash true hasNet false
2023/03/12 09:00:55 prog length: 6
2023/03/12 09:00:55 prog length: 6
2023/03/12 09:00:55 prog length: 6
2023/03/12 09:00:55 deserializeInput: hasCrash true hasNet false
2023/03/12 09:00:55 prog length: 6
2023/03/12 09:00:55 prog length: 9
2023/03/12 09:00:55 deserializeInput: hasCrash true hasNet false
2023/03/12 09:00:55 prog length: 6
2023/03/12 09:00:55 prog length: 11
2023/03/12 09:00:55 fetching corpus: 50, signal 2505/11646/15734 (executing program)
2023/03/12 09:00:55 deserializeInput: hasCrash true hasNet false
2023/03/12 09:00:55 prog length: 6
2023/03/12 09:00:55 prog length: 3
2023/03/12 09:00:55 deserializeInput: hasCrash true hasNet false
2023/03/12 09:00:55 prog length: 6
2023/03/12 09:00:55 prog length: 3
2023/03/12 09:00:55 deserializeInput: hasCrash true hasNet false
2023/03/12 09:00:55 prog length: 6
2023/03/12 09:00:55 prog length: 3
2023/03/12 09:00:55 deserializeInput: hasCrash true hasNet false
2023/03/12 09:00:55 prog length: 6
2023/03/12 09:00:55 prog length: 3
2023/03/12 09:00:55 deserializeInput: hasCrash true hasNet false
2023/03/12 09:00:55 prog length: 6
2023/03/12 09:00:55 prog length: 6
2023/03/12 09:00:55 prog length: 6
2023/03/12 09:00:55 deserializeInput: hasCrash true hasNet false
2023/03/12 09:00:55 prog length: 6
2023/03/12 09:00:55 prog length: 3
2023/03/12 09:00:55 deserializeInput: hasCrash true hasNet false
2023/03/12 09:00:55 prog length: 6
2023/03/12 09:00:55 prog length: 3
2023/03/12 09:00:55 deserializeInput: hasCrash true hasNet false
2023/03/12 09:00:55 prog length: 6
2023/03/12 09:00:55 prog length: 3
2023/03/12 09:00:55 deserializeInput: hasCrash true hasNet false
2023/03/12 09:00:55 prog length: 6
2023/03/12 09:00:55 prog length: 6
2023/03/12 09:00:55 prog length: 5
2023/03/12 09:00:55 deserializeInput: hasCrash true hasNet false
2023/03/12 09:00:55 prog length: 6
2023/03/12 09:00:55 prog length: 3
2023/03/12 09:00:55 deserializeInput: hasCrash true hasNet false
2023/03/12 09:00:55 prog length: 6
2023/03/12 09:00:55 prog length: 4
2023/03/12 09:00:55 deserializeInput: hasCrash true hasNet false
2023/03/12 09:00:55 prog length: 6
2023/03/12 09:00:55 prog length: 6
2023/03/12 09:00:55 prog length: 9
2023/03/12 09:00:55 deserializeInput: hasCrash true hasNet false
2023/03/12 09:00:55 prog length: 6
2023/03/12 09:00:55 prog length: 3
2023/03/12 09:00:55 deserializeInput: hasCrash true hasNet false
2023/03/12 09:00:55 prog length: 6
2023/03/12 09:00:55 prog length: 3
2023/03/12 09:00:55 deserializeInput: hasCrash true hasNet false
2023/03/12 09:00:55 prog length: 6
2023/03/12 09:00:55 prog length: 3
2023/03/12 09:00:55 deserializeInput: hasCrash true hasNet false
2023/03/12 09:00:55 prog length: 6
2023/03/12 09:00:55 prog length: 6
2023/03/12 09:00:55 prog length: 5
2023/03/12 09:00:55 deserializeInput: hasCrash true hasNet false
2023/03/12 09:00:55 prog length: 6
2023/03/12 09:00:55 prog length: 6
2023/03/12 09:00:55 prog length: 6
2023/03/12 09:00:55 prog length: 7
2023/03/12 09:00:55 deserializeInput: hasCrash true hasNet false
2023/03/12 09:00:55 prog length: 6
2023/03/12 09:00:55 prog length: 5
2023/03/12 09:00:55 deserializeInput: hasCrash true hasNet false
2023/03/12 09:00:55 prog length: 6
2023/03/12 09:00:55 prog length: 3
2023/03/12 09:00:55 deserializeInput: hasCrash true hasNet false
2023/03/12 09:00:55 prog length: 6
2023/03/12 09:00:55 prog length: 6
2023/03/12 09:00:55 prog length: 5
2023/03/12 09:00:55 deserializeInput: hasCrash false hasNet false
2023/03/12 09:00:55 prog length: 15
2023/03/12 09:00:55 deserializeInput: hasCrash true hasNet false
2023/03/12 09:00:55 prog length: 6
2023/03/12 09:00:55 prog length: 6
2023/03/12 09:00:55 prog length: 5
2023/03/12 09:00:55 deserializeInput: hasCrash true hasNet false
2023/03/12 09:00:55 prog length: 6
2023/03/12 09:00:55 prog length: 4
2023/03/12 09:00:55 deserializeInput: hasCrash true hasNet false
2023/03/12 09:00:55 prog length: 6
2023/03/12 09:00:55 prog length: 3
2023/03/12 09:00:55 deserializeInput: hasCrash true hasNet false
2023/03/12 09:00:55 prog length: 6
2023/03/12 09:00:55 prog length: 3
2023/03/12 09:00:55 deserializeInput: hasCrash true hasNet false
2023/03/12 09:00:55 prog length: 6
2023/03/12 09:00:55 prog length: 6
2023/03/12 09:00:55 prog length: 5
2023/03/12 09:00:55 deserializeInput: hasCrash true hasNet false
2023/03/12 09:00:55 prog length: 6
2023/03/12 09:00:55 prog length: 6
2023/03/12 09:00:55 prog length: 5
2023/03/12 09:00:55 deserializeInput: hasCrash true hasNet false
2023/03/12 09:00:55 prog length: 6
2023/03/12 09:00:55 prog length: 3
2023/03/12 09:00:55 deserializeInput: hasCrash true hasNet false
2023/03/12 09:00:55 prog length: 6
2023/03/12 09:00:55 prog length: 3
2023/03/12 09:00:55 deserializeInput: hasCrash true hasNet false
2023/03/12 09:00:55 prog length: 6
2023/03/12 09:00:55 prog length: 6
2023/03/12 09:00:55 prog length: 5
2023/03/12 09:00:55 deserializeInput: hasCrash true hasNet false
2023/03/12 09:00:55 prog length: 6
2023/03/12 09:00:55 prog length: 6
2023/03/12 09:00:55 prog length: 5
2023/03/12 09:00:55 deserializeInput: hasCrash true hasNet false
2023/03/12 09:00:55 prog length: 6
2023/03/12 09:00:55 prog length: 3
2023/03/12 09:00:55 deserializeInput: hasCrash true hasNet false
2023/03/12 09:00:55 prog length: 6
2023/03/12 09:00:55 prog length: 6
2023/03/12 09:00:55 prog length: 6
2023/03/12 09:00:55 prog length: 7
2023/03/12 09:00:55 deserializeInput: hasCrash true hasNet false
2023/03/12 09:00:55 prog length: 6
2023/03/12 09:00:55 prog length: 19
2023/03/12 09:00:55 deserializeInput: hasCrash true hasNet false
2023/03/12 09:00:55 prog length: 6
2023/03/12 09:00:55 prog length: 6
2023/03/12 09:00:55 prog length: 5
2023/03/12 09:00:55 deserializeInput: hasCrash true hasNet false
2023/03/12 09:00:55 prog length: 6
2023/03/12 09:00:55 prog length: 3
2023/03/12 09:00:55 deserializeInput: hasCrash true hasNet false
2023/03/12 09:00:55 prog length: 6
2023/03/12 09:00:55 prog length: 6
2023/03/12 09:00:55 prog length: 5
2023/03/12 09:00:55 deserializeInput: hasCrash true hasNet false
2023/03/12 09:00:55 prog length: 6
2023/03/12 09:00:55 prog length: 6
2023/03/12 09:00:55 prog length: 5
2023/03/12 09:00:55 deserializeInput: hasCrash true hasNet false
2023/03/12 09:00:55 prog length: 6
2023/03/12 09:00:55 prog length: 3
2023/03/12 09:00:55 deserializeInput: hasCrash false hasNet false
2023/03/12 09:00:55 prog length: 1
2023/03/12 09:00:55 deserializeInput: hasCrash true hasNet false
2023/03/12 09:00:55 prog length: 6
2023/03/12 09:00:55 prog length: 6
2023/03/12 09:00:55 prog length: 5
2023/03/12 09:00:55 deserializeInput: hasCrash true hasNet false
2023/03/12 09:00:55 prog length: 6
2023/03/12 09:00:55 prog length: 3
2023/03/12 09:00:55 deserializeInput: hasCrash true hasNet false
2023/03/12 09:00:55 prog length: 6
2023/03/12 09:00:55 prog length: 6
2023/03/12 09:00:55 prog length: 5
2023/03/12 09:00:55 deserializeInput: hasCrash true hasNet false
2023/03/12 09:00:55 prog length: 6
2023/03/12 09:00:55 prog length: 6
2023/03/12 09:00:55 prog length: 5
2023/03/12 09:00:55 deserializeInput: hasCrash true hasNet false
2023/03/12 09:00:55 prog length: 6
2023/03/12 09:00:55 prog length: 6
2023/03/12 09:00:55 prog length: 6
2023/03/12 09:00:55 deserializeInput: hasCrash true hasNet false
2023/03/12 09:00:55 prog length: 6
2023/03/12 09:00:55 prog length: 3
2023/03/12 09:00:55 deserializeInput: hasCrash true hasNet false
2023/03/12 09:00:55 prog length: 6
2023/03/12 09:00:55 prog length: 6
2023/03/12 09:00:55 prog length: 5
2023/03/12 09:00:55 deserializeInput: hasCrash true hasNet false
2023/03/12 09:00:55 prog length: 6
2023/03/12 09:00:55 prog length: 3
2023/03/12 09:00:55 deserializeInput: hasCrash true hasNet false
2023/03/12 09:00:55 prog length: 6
2023/03/12 09:00:55 prog length: 6
2023/03/12 09:00:55 prog length: 5
2023/03/12 09:00:55 deserializeInput: hasCrash true hasNet false
2023/03/12 09:00:55 prog length: 6
2023/03/12 09:00:55 prog length: 3
2023/03/12 09:00:55 fetching corpus: 100, signal 3572/16307/22678 (executing program)
2023/03/12 09:00:55 deserializeInput: hasCrash true hasNet false
2023/03/12 09:00:55 prog length: 6
2023/03/12 09:00:55 prog length: 6
2023/03/12 09:00:55 prog length: 6
2023/03/12 09:00:55 deserializeInput: hasCrash true hasNet false
2023/03/12 09:00:55 prog length: 6
2023/03/12 09:00:55 prog length: 3
2023/03/12 09:00:55 deserializeInput: hasCrash true hasNet false
2023/03/12 09:00:55 prog length: 6
2023/03/12 09:00:55 prog length: 9
2023/03/12 09:00:55 deserializeInput: hasCrash true hasNet false
2023/03/12 09:00:55 prog length: 6
2023/03/12 09:00:55 prog length: 3
2023/03/12 09:00:55 deserializeInput: hasCrash true hasNet false
2023/03/12 09:00:55 prog length: 6
2023/03/12 09:00:55 prog length: 3
2023/03/12 09:00:55 deserializeInput: hasCrash true hasNet false
2023/03/12 09:00:55 prog length: 6
2023/03/12 09:00:55 prog length: 3
2023/03/12 09:00:55 deserializeInput: hasCrash true hasNet false
2023/03/12 09:00:55 prog length: 6
2023/03/12 09:00:55 prog length: 6
2023/03/12 09:00:55 prog length: 5
2023/03/12 09:00:55 deserializeInput: hasCrash true hasNet false
2023/03/12 09:00:55 prog length: 6
2023/03/12 09:00:55 prog length: 6
2023/03/12 09:00:55 prog length: 5
2023/03/12 09:00:55 deserializeInput: hasCrash true hasNet false
2023/03/12 09:00:55 prog length: 6
2023/03/12 09:00:55 prog length: 17
2023/03/12 09:00:55 deserializeInput: hasCrash true hasNet false
2023/03/12 09:00:55 prog length: 6
2023/03/12 09:00:55 prog length: 6
2023/03/12 09:00:55 prog length: 5
2023/03/12 09:00:55 deserializeInput: hasCrash true hasNet false
2023/03/12 09:00:55 prog length: 6
2023/03/12 09:00:55 prog length: 6
2023/03/12 09:00:55 prog length: 6
2023/03/12 09:00:55 prog length: 7
2023/03/12 09:00:55 deserializeInput: hasCrash true hasNet false
2023/03/12 09:00:55 prog length: 6
2023/03/12 09:00:55 prog length: 6
2023/03/12 09:00:55 prog length: 7
2023/03/12 09:00:55 deserializeInput: hasCrash true hasNet false
2023/03/12 09:00:55 prog length: 6
2023/03/12 09:00:55 prog length: 6
2023/03/12 09:00:55 prog length: 5
2023/03/12 09:00:55 deserializeInput: hasCrash true hasNet false
2023/03/12 09:00:55 prog length: 6
2023/03/12 09:00:55 prog length: 6
2023/03/12 09:00:55 prog length: 5
2023/03/12 09:00:55 deserializeInput: hasCrash true hasNet false
2023/03/12 09:00:55 prog length: 6
2023/03/12 09:00:55 prog length: 6
2023/03/12 09:00:55 prog length: 5
2023/03/12 09:00:55 deserializeInput: hasCrash true hasNet false
2023/03/12 09:00:55 prog length: 6
2023/03/12 09:00:55 prog length: 3
2023/03/12 09:00:55 deserializeInput: hasCrash true hasNet false
2023/03/12 09:00:55 prog length: 6
2023/03/12 09:00:55 prog length: 3
2023/03/12 09:00:55 deserializeInput: hasCrash true hasNet false
2023/03/12 09:00:55 prog length: 6
2023/03/12 09:00:55 prog length: 3
2023/03/12 09:00:55 deserializeInput: hasCrash true hasNet false
2023/03/12 09:00:55 prog length: 6
2023/03/12 09:00:55 prog length: 6
2023/03/12 09:00:55 prog length: 5
2023/03/12 09:00:55 deserializeInput: hasCrash true hasNet false
2023/03/12 09:00:55 prog length: 6
2023/03/12 09:00:55 prog length: 4
2023/03/12 09:00:55 deserializeInput: hasCrash true hasNet false
2023/03/12 09:00:55 prog length: 6
2023/03/12 09:00:55 prog length: 6
2023/03/12 09:00:55 prog length: 5
2023/03/12 09:00:55 deserializeInput: hasCrash true hasNet false
2023/03/12 09:00:55 prog length: 6
2023/03/12 09:00:55 prog length: 6
2023/03/12 09:00:55 prog length: 5
2023/03/12 09:00:55 deserializeInput: hasCrash false hasNet false
2023/03/12 09:00:55 prog length: 1
2023/03/12 09:00:55 deserializeInput: hasCrash true hasNet false
2023/03/12 09:00:55 prog length: 6
2023/03/12 09:00:55 prog length: 3
2023/03/12 09:00:55 deserializeInput: hasCrash true hasNet false
2023/03/12 09:00:55 prog length: 6
2023/03/12 09:00:55 prog length: 8
2023/03/12 09:00:55 deserializeInput: hasCrash true hasNet false
2023/03/12 09:00:55 prog length: 6
2023/03/12 09:00:55 prog length: 6
2023/03/12 09:00:55 prog length: 6
2023/03/12 09:00:55 prog length: 7
2023/03/12 09:00:55 deserializeInput: hasCrash true hasNet false
2023/03/12 09:00:55 prog length: 6
2023/03/12 09:00:55 prog length: 6
2023/03/12 09:00:55 prog length: 5
2023/03/12 09:00:55 deserializeInput: hasCrash true hasNet false
2023/03/12 09:00:55 prog length: 6
2023/03/12 09:00:55 prog length: 3
2023/03/12 09:00:55 deserializeInput: hasCrash true hasNet false
2023/03/12 09:00:55 prog length: 6
2023/03/12 09:00:55 prog length: 6
2023/03/12 09:00:55 prog length: 6
2023/03/12 09:00:55 prog length: 7
2023/03/12 09:00:55 deserializeInput: hasCrash true hasNet false
2023/03/12 09:00:55 prog length: 6
2023/03/12 09:00:55 prog length: 3
2023/03/12 09:00:55 deserializeInput: hasCrash true hasNet false
2023/03/12 09:00:55 prog length: 6
2023/03/12 09:00:55 prog length: 4
2023/03/12 09:00:55 deserializeInput: hasCrash true hasNet false
2023/03/12 09:00:55 prog length: 6
2023/03/12 09:00:55 prog length: 6
2023/03/12 09:00:55 prog length: 6
2023/03/12 09:00:55 deserializeInput: hasCrash true hasNet false
2023/03/12 09:00:55 prog length: 6
2023/03/12 09:00:55 prog length: 3
2023/03/12 09:00:55 deserializeInput: hasCrash true hasNet false
2023/03/12 09:00:55 prog length: 6
2023/03/12 09:00:55 prog length: 3
2023/03/12 09:00:55 deserializeInput: hasCrash true hasNet false
2023/03/12 09:00:55 prog length: 6
2023/03/12 09:00:55 prog length: 3
2023/03/12 09:00:55 deserializeInput: hasCrash true hasNet false
2023/03/12 09:00:55 prog length: 6
2023/03/12 09:00:55 prog length: 6
2023/03/12 09:00:55 prog length: 5
2023/03/12 09:00:55 deserializeInput: hasCrash true hasNet false
2023/03/12 09:00:55 prog length: 6
2023/03/12 09:00:55 prog length: 6
2023/03/12 09:00:55 prog length: 6
2023/03/12 09:00:55 deserializeInput: hasCrash true hasNet false
2023/03/12 09:00:55 prog length: 6
2023/03/12 09:00:55 prog length: 3
2023/03/12 09:00:55 deserializeInput: hasCrash true hasNet false
2023/03/12 09:00:55 prog length: 6
2023/03/12 09:00:55 prog length: 3
2023/03/12 09:00:55 deserializeInput: hasCrash true hasNet false
2023/03/12 09:00:55 prog length: 6
2023/03/12 09:00:55 prog length: 3
2023/03/12 09:00:55 deserializeInput: hasCrash true hasNet false
2023/03/12 09:00:55 prog length: 6
2023/03/12 09:00:55 prog length: 4
2023/03/12 09:00:55 deserializeInput: hasCrash true hasNet false
2023/03/12 09:00:55 prog length: 6
2023/03/12 09:00:55 prog length: 4
2023/03/12 09:00:55 deserializeInput: hasCrash true hasNet false
2023/03/12 09:00:55 prog length: 6
2023/03/12 09:00:55 prog length: 6
2023/03/12 09:00:55 prog length: 5
2023/03/12 09:00:55 deserializeInput: hasCrash true hasNet false
2023/03/12 09:00:55 prog length: 6
2023/03/12 09:00:55 prog length: 6
2023/03/12 09:00:55 prog length: 5
2023/03/12 09:00:55 deserializeInput: hasCrash true hasNet false
2023/03/12 09:00:55 prog length: 6
2023/03/12 09:00:55 prog length: 6
2023/03/12 09:00:55 prog length: 5
2023/03/12 09:00:55 deserializeInput: hasCrash true hasNet false
2023/03/12 09:00:55 prog length: 6
2023/03/12 09:00:55 prog length: 6
2023/03/12 09:00:55 prog length: 5
2023/03/12 09:00:55 deserializeInput: hasCrash true hasNet false
2023/03/12 09:00:55 prog length: 6
2023/03/12 09:00:55 prog length: 17
2023/03/12 09:00:55 deserializeInput: hasCrash true hasNet false
2023/03/12 09:00:55 prog length: 6
2023/03/12 09:00:55 prog length: 3
2023/03/12 09:00:55 deserializeInput: hasCrash true hasNet false
2023/03/12 09:00:55 prog length: 6
2023/03/12 09:00:55 prog length: 8
2023/03/12 09:00:55 deserializeInput: hasCrash true hasNet false
2023/03/12 09:00:55 prog length: 6
2023/03/12 09:00:55 prog length: 6
2023/03/12 09:00:55 prog length: 5
2023/03/12 09:00:55 fetching corpus: 150, signal 3599/17116/24877 (executing program)
2023/03/12 09:00:55 deserializeInput: hasCrash true hasNet false
2023/03/12 09:00:55 prog length: 6
2023/03/12 09:00:55 prog length: 6
2023/03/12 09:00:55 prog length: 5
2023/03/12 09:00:55 deserializeInput: hasCrash true hasNet false
2023/03/12 09:00:55 prog length: 6
2023/03/12 09:00:55 prog length: 3
2023/03/12 09:00:55 deserializeInput: hasCrash true hasNet false
2023/03/12 09:00:55 prog length: 6
2023/03/12 09:00:55 prog length: 9
2023/03/12 09:00:55 deserializeInput: hasCrash true hasNet false
2023/03/12 09:00:55 prog length: 6
2023/03/12 09:00:55 prog length: 3
2023/03/12 09:00:55 deserializeInput: hasCrash true hasNet false
2023/03/12 09:00:55 prog length: 6
2023/03/12 09:00:55 prog length: 6
2023/03/12 09:00:55 prog length: 10
2023/03/12 09:00:55 deserializeInput: hasCrash true hasNet false
2023/03/12 09:00:55 prog length: 6
2023/03/12 09:00:55 prog length: 5
2023/03/12 09:00:55 deserializeInput: hasCrash true hasNet false
2023/03/12 09:00:55 prog length: 6
2023/03/12 09:00:55 prog length: 6
2023/03/12 09:00:55 prog length: 6
2023/03/12 09:00:55 prog length: 7
2023/03/12 09:00:55 deserializeInput: hasCrash true hasNet false
2023/03/12 09:00:55 prog length: 6
2023/03/12 09:00:55 prog length: 9
2023/03/12 09:00:55 deserializeInput: hasCrash true hasNet false
2023/03/12 09:00:55 prog length: 6
2023/03/12 09:00:55 prog length: 6
2023/03/12 09:00:55 prog length: 6
2023/03/12 09:00:55 prog length: 7
2023/03/12 09:00:55 deserializeInput: hasCrash true hasNet false
2023/03/12 09:00:55 prog length: 6
2023/03/12 09:00:55 prog length: 3
2023/03/12 09:00:55 deserializeInput: hasCrash true hasNet false
2023/03/12 09:00:55 prog length: 6
2023/03/12 09:00:55 prog length: 6
2023/03/12 09:00:55 prog length: 5
2023/03/12 09:00:55 deserializeInput: hasCrash true hasNet false
2023/03/12 09:00:55 prog length: 6
2023/03/12 09:00:55 prog length: 3
2023/03/12 09:00:55 deserializeInput: hasCrash true hasNet false
2023/03/12 09:00:55 prog length: 6
2023/03/12 09:00:55 prog length: 3
2023/03/12 09:00:55 deserializeInput: hasCrash true hasNet false
2023/03/12 09:00:55 prog length: 6
2023/03/12 09:00:55 prog length: 3
2023/03/12 09:00:55 deserializeInput: hasCrash true hasNet false
2023/03/12 09:00:55 prog length: 6
2023/03/12 09:00:55 prog length: 3
2023/03/12 09:00:55 deserializeInput: hasCrash true hasNet false
2023/03/12 09:00:55 prog length: 6
2023/03/12 09:00:55 prog length: 3
2023/03/12 09:00:55 deserializeInput: hasCrash true hasNet false
2023/03/12 09:00:55 prog length: 6
2023/03/12 09:00:55 prog length: 6
2023/03/12 09:00:55 prog length: 8
2023/03/12 09:00:55 deserializeInput: hasCrash true hasNet false
2023/03/12 09:00:55 prog length: 6
2023/03/12 09:00:55 prog length: 3
2023/03/12 09:00:55 deserializeInput: hasCrash true hasNet false
2023/03/12 09:00:55 prog length: 6
2023/03/12 09:00:55 prog length: 6
2023/03/12 09:00:55 prog length: 5
2023/03/12 09:00:55 deserializeInput: hasCrash true hasNet false
2023/03/12 09:00:55 prog length: 6
2023/03/12 09:00:55 prog length: 6
2023/03/12 09:00:55 prog length: 5
2023/03/12 09:00:55 deserializeInput: hasCrash true hasNet false
2023/03/12 09:00:55 prog length: 6
2023/03/12 09:00:55 prog length: 3
2023/03/12 09:00:55 deserializeInput: hasCrash true hasNet false
2023/03/12 09:00:55 prog length: 6
2023/03/12 09:00:55 prog length: 3
2023/03/12 09:00:55 deserializeInput: hasCrash true hasNet false
2023/03/12 09:00:55 prog length: 6
2023/03/12 09:00:55 prog length: 3
2023/03/12 09:00:55 deserializeInput: hasCrash true hasNet false
2023/03/12 09:00:55 prog length: 6
2023/03/12 09:00:55 prog length: 6
2023/03/12 09:00:55 prog length: 5
2023/03/12 09:00:55 deserializeInput: hasCrash true hasNet false
2023/03/12 09:00:55 prog length: 6
2023/03/12 09:00:55 prog length: 4
2023/03/12 09:00:55 deserializeInput: hasCrash true hasNet false
2023/03/12 09:00:55 prog length: 6
2023/03/12 09:00:55 prog length: 6
2023/03/12 09:00:55 prog length: 6
2023/03/12 09:00:55 prog length: 7
2023/03/12 09:00:55 deserializeInput: hasCrash true hasNet false
2023/03/12 09:00:55 prog length: 6
2023/03/12 09:00:55 prog length: 6
2023/03/12 09:00:55 prog length: 5
2023/03/12 09:00:55 deserializeInput: hasCrash true hasNet false
2023/03/12 09:00:55 prog length: 6
2023/03/12 09:00:55 prog length: 3
2023/03/12 09:00:55 deserializeInput: hasCrash true hasNet false
2023/03/12 09:00:55 prog length: 6
2023/03/12 09:00:55 prog length: 6
2023/03/12 09:00:55 prog length: 5
2023/03/12 09:00:55 deserializeInput: hasCrash true hasNet false
2023/03/12 09:00:55 prog length: 6
2023/03/12 09:00:55 prog length: 3
2023/03/12 09:00:55 deserializeInput: hasCrash true hasNet false
2023/03/12 09:00:55 prog length: 6
2023/03/12 09:00:55 prog length: 3
2023/03/12 09:00:55 deserializeInput: hasCrash true hasNet false
2023/03/12 09:00:55 prog length: 6
2023/03/12 09:00:55 prog length: 6
2023/03/12 09:00:55 prog length: 5
2023/03/12 09:00:55 deserializeInput: hasCrash true hasNet false
2023/03/12 09:00:55 prog length: 6
2023/03/12 09:00:55 prog length: 3
2023/03/12 09:00:55 deserializeInput: hasCrash true hasNet false
2023/03/12 09:00:55 prog length: 6
2023/03/12 09:00:55 prog length: 6
2023/03/12 09:00:55 prog length: 5
2023/03/12 09:00:55 deserializeInput: hasCrash true hasNet false
2023/03/12 09:00:55 prog length: 6
2023/03/12 09:00:55 prog length: 7
2023/03/12 09:00:55 deserializeInput: hasCrash true hasNet false
2023/03/12 09:00:55 prog length: 6
2023/03/12 09:00:55 prog length: 3
2023/03/12 09:00:55 deserializeInput: hasCrash true hasNet false
2023/03/12 09:00:55 prog length: 6
2023/03/12 09:00:55 prog length: 6
2023/03/12 09:00:55 prog length: 5
2023/03/12 09:00:55 deserializeInput: hasCrash true hasNet false
2023/03/12 09:00:55 prog length: 6
2023/03/12 09:00:55 prog length: 6
2023/03/12 09:00:55 prog length: 5
2023/03/12 09:00:55 deserializeInput: hasCrash true hasNet false
2023/03/12 09:00:55 prog length: 6
2023/03/12 09:00:55 prog length: 3
2023/03/12 09:00:55 deserializeInput: hasCrash true hasNet false
2023/03/12 09:00:55 prog length: 6
2023/03/12 09:00:55 prog length: 6
2023/03/12 09:00:55 prog length: 6
2023/03/12 09:00:55 deserializeInput: hasCrash true hasNet false
2023/03/12 09:00:55 prog length: 6
2023/03/12 09:00:55 prog length: 6
2023/03/12 09:00:55 prog length: 6
2023/03/12 09:00:55 deserializeInput: hasCrash false hasNet false
2023/03/12 09:00:55 prog length: 1
2023/03/12 09:00:55 deserializeInput: hasCrash true hasNet false
2023/03/12 09:00:55 prog length: 6
2023/03/12 09:00:55 prog length: 3
2023/03/12 09:00:55 deserializeInput: hasCrash true hasNet false
2023/03/12 09:00:55 prog length: 6
2023/03/12 09:00:55 prog length: 6
2023/03/12 09:00:55 prog length: 5
2023/03/12 09:00:55 deserializeInput: hasCrash true hasNet false
2023/03/12 09:00:55 prog length: 6
2023/03/12 09:00:55 prog length: 6
2023/03/12 09:00:55 prog length: 5
2023/03/12 09:00:55 deserializeInput: hasCrash true hasNet false
2023/03/12 09:00:55 prog length: 6
2023/03/12 09:00:55 prog length: 17
2023/03/12 09:00:55 deserializeInput: hasCrash true hasNet false
2023/03/12 09:00:55 prog length: 6
2023/03/12 09:00:55 prog length: 3
2023/03/12 09:00:55 deserializeInput: hasCrash true hasNet false
2023/03/12 09:00:55 prog length: 6
2023/03/12 09:00:55 prog length: 6
2023/03/12 09:00:55 prog length: 5
2023/03/12 09:00:55 deserializeInput: hasCrash true hasNet false
2023/03/12 09:00:55 prog length: 6
2023/03/12 09:00:55 prog length: 3
2023/03/12 09:00:55 deserializeInput: hasCrash true hasNet false
2023/03/12 09:00:55 prog length: 6
2023/03/12 09:00:55 prog length: 3
2023/03/12 09:00:55 fetching corpus: 200, signal 3801/18201/27361 (executing program)
2023/03/12 09:00:56 deserializeInput: hasCrash true hasNet false
2023/03/12 09:00:56 prog length: 6
2023/03/12 09:00:56 prog length: 6
2023/03/12 09:00:56 prog length: 5
2023/03/12 09:00:56 deserializeInput: hasCrash true hasNet false
2023/03/12 09:00:56 prog length: 6
2023/03/12 09:00:56 prog length: 6
2023/03/12 09:00:56 prog length: 5
2023/03/12 09:00:56 deserializeInput: hasCrash true hasNet false
2023/03/12 09:00:56 prog length: 6
2023/03/12 09:00:56 prog length: 6
2023/03/12 09:00:56 prog length: 5
2023/03/12 09:00:56 deserializeInput: hasCrash true hasNet false
2023/03/12 09:00:56 prog length: 6
2023/03/12 09:00:56 prog length: 3
2023/03/12 09:00:56 deserializeInput: hasCrash true hasNet false
2023/03/12 09:00:56 prog length: 6
2023/03/12 09:00:56 prog length: 9
2023/03/12 09:00:56 deserializeInput: hasCrash true hasNet false
2023/03/12 09:00:56 prog length: 6
2023/03/12 09:00:56 prog length: 7
2023/03/12 09:00:56 deserializeInput: hasCrash true hasNet false
2023/03/12 09:00:56 prog length: 6
2023/03/12 09:00:56 prog length: 8
2023/03/12 09:00:56 deserializeInput: hasCrash true hasNet false
2023/03/12 09:00:56 prog length: 6
2023/03/12 09:00:56 prog length: 6
2023/03/12 09:00:56 prog length: 5
2023/03/12 09:00:56 deserializeInput: hasCrash false hasNet false
2023/03/12 09:00:56 prog length: 3
2023/03/12 09:00:56 deserializeInput: hasCrash true hasNet false
2023/03/12 09:00:56 prog length: 6
2023/03/12 09:00:56 prog length: 6
2023/03/12 09:00:56 prog length: 5
2023/03/12 09:00:56 deserializeInput: hasCrash true hasNet false
2023/03/12 09:00:56 prog length: 6
2023/03/12 09:00:56 prog length: 3
2023/03/12 09:00:56 deserializeInput: hasCrash false hasNet false
2023/03/12 09:00:56 prog length: 1
2023/03/12 09:00:56 deserializeInput: hasCrash true hasNet false
2023/03/12 09:00:56 prog length: 6
2023/03/12 09:00:56 prog length: 3
2023/03/12 09:00:56 deserializeInput: hasCrash true hasNet false
2023/03/12 09:00:56 prog length: 6
2023/03/12 09:00:56 prog length: 3
2023/03/12 09:00:56 deserializeInput: hasCrash true hasNet false
2023/03/12 09:00:56 prog length: 6
2023/03/12 09:00:56 prog length: 3
2023/03/12 09:00:56 deserializeInput: hasCrash false hasNet false
2023/03/12 09:00:56 prog length: 5
2023/03/12 09:00:56 deserializeInput: hasCrash true hasNet false
2023/03/12 09:00:56 prog length: 6
2023/03/12 09:00:56 prog length: 3
2023/03/12 09:00:56 deserializeInput: hasCrash false hasNet false
2023/03/12 09:00:56 prog length: 3
2023/03/12 09:00:56 deserializeInput: hasCrash true hasNet false
2023/03/12 09:00:56 prog length: 6
2023/03/12 09:00:56 prog length: 3
2023/03/12 09:00:56 deserializeInput: hasCrash true hasNet false
2023/03/12 09:00:56 prog length: 6
2023/03/12 09:00:56 prog length: 7
2023/03/12 09:00:56 deserializeInput: hasCrash true hasNet false
2023/03/12 09:00:56 prog length: 6
2023/03/12 09:00:56 prog length: 3
2023/03/12 09:00:56 deserializeInput: hasCrash true hasNet false
2023/03/12 09:00:56 prog length: 6
2023/03/12 09:00:56 prog length: 3
2023/03/12 09:00:56 deserializeInput: hasCrash true hasNet false
2023/03/12 09:00:56 prog length: 6
2023/03/12 09:00:56 prog length: 6
2023/03/12 09:00:56 prog length: 6
2023/03/12 09:00:56 prog length: 7
2023/03/12 09:00:56 deserializeInput: hasCrash true hasNet false
2023/03/12 09:00:56 prog length: 6
2023/03/12 09:00:56 prog length: 6
2023/03/12 09:00:56 prog length: 5
2023/03/12 09:00:56 deserializeInput: hasCrash true hasNet false
2023/03/12 09:00:56 prog length: 6
2023/03/12 09:00:56 prog length: 6
2023/03/12 09:00:56 prog length: 5
2023/03/12 09:00:56 deserializeInput: hasCrash true hasNet false
2023/03/12 09:00:56 prog length: 6
2023/03/12 09:00:56 prog length: 3
2023/03/12 09:00:56 deserializeInput: hasCrash true hasNet false
2023/03/12 09:00:56 prog length: 6
2023/03/12 09:00:56 prog length: 3
2023/03/12 09:00:56 deserializeInput: hasCrash true hasNet false
2023/03/12 09:00:56 prog length: 6
2023/03/12 09:00:56 prog length: 3
2023/03/12 09:00:56 deserializeInput: hasCrash true hasNet false
2023/03/12 09:00:56 prog length: 6
2023/03/12 09:00:56 prog length: 3
2023/03/12 09:00:56 deserializeInput: hasCrash true hasNet false
2023/03/12 09:00:56 prog length: 6
2023/03/12 09:00:56 prog length: 6
2023/03/12 09:00:56 prog length: 5
2023/03/12 09:00:56 deserializeInput: hasCrash true hasNet false
2023/03/12 09:00:56 prog length: 6
2023/03/12 09:00:56 prog length: 3
2023/03/12 09:00:56 deserializeInput: hasCrash true hasNet false
2023/03/12 09:00:56 prog length: 6
2023/03/12 09:00:56 prog length: 3
2023/03/12 09:00:56 deserializeInput: hasCrash true hasNet false
2023/03/12 09:00:56 prog length: 6
2023/03/12 09:00:56 prog length: 6
2023/03/12 09:00:56 prog length: 5
2023/03/12 09:00:56 deserializeInput: hasCrash true hasNet false
2023/03/12 09:00:56 prog length: 6
2023/03/12 09:00:56 prog length: 6
2023/03/12 09:00:56 prog length: 5
2023/03/12 09:00:56 deserializeInput: hasCrash true hasNet false
2023/03/12 09:00:56 prog length: 6
2023/03/12 09:00:56 prog length: 6
2023/03/12 09:00:56 prog length: 5
2023/03/12 09:00:56 deserializeInput: hasCrash true hasNet false
2023/03/12 09:00:56 prog length: 6
2023/03/12 09:00:56 prog length: 3
2023/03/12 09:00:56 deserializeInput: hasCrash true hasNet false
2023/03/12 09:00:56 prog length: 6
2023/03/12 09:00:56 prog length: 3
2023/03/12 09:00:56 deserializeInput: hasCrash true hasNet false
2023/03/12 09:00:56 prog length: 6
2023/03/12 09:00:56 prog length: 6
2023/03/12 09:00:56 prog length: 5
2023/03/12 09:00:56 deserializeInput: hasCrash true hasNet false
2023/03/12 09:00:56 prog length: 6
2023/03/12 09:00:56 prog length: 6
2023/03/12 09:00:56 prog length: 5
2023/03/12 09:00:56 deserializeInput: hasCrash true hasNet false
2023/03/12 09:00:56 prog length: 6
2023/03/12 09:00:56 prog length: 3
2023/03/12 09:00:56 deserializeInput: hasCrash true hasNet false
2023/03/12 09:00:56 prog length: 6
2023/03/12 09:00:56 prog length: 6
2023/03/12 09:00:56 prog length: 5
2023/03/12 09:00:56 deserializeInput: hasCrash true hasNet false
2023/03/12 09:00:56 prog length: 6
2023/03/12 09:00:56 prog length: 3
2023/03/12 09:00:56 deserializeInput: hasCrash true hasNet false
2023/03/12 09:00:56 prog length: 6
2023/03/12 09:00:56 prog length: 6
2023/03/12 09:00:56 prog length: 5
2023/03/12 09:00:56 deserializeInput: hasCrash true hasNet false
2023/03/12 09:00:56 prog length: 6
2023/03/12 09:00:56 prog length: 3
2023/03/12 09:00:56 deserializeInput: hasCrash true hasNet false
2023/03/12 09:00:56 prog length: 6
2023/03/12 09:00:56 prog length: 6
2023/03/12 09:00:56 prog length: 5
2023/03/12 09:00:56 deserializeInput: hasCrash true hasNet false
2023/03/12 09:00:56 prog length: 6
2023/03/12 09:00:56 prog length: 6
2023/03/12 09:00:56 prog length: 5
2023/03/12 09:00:56 deserializeInput: hasCrash true hasNet false
2023/03/12 09:00:56 prog length: 6
2023/03/12 09:00:56 prog length: 4
2023/03/12 09:00:56 deserializeInput: hasCrash true hasNet false
2023/03/12 09:00:56 prog length: 6
2023/03/12 09:00:56 prog length: 6
2023/03/12 09:00:56 prog length: 5
2023/03/12 09:00:56 deserializeInput: hasCrash true hasNet false
2023/03/12 09:00:56 prog length: 6
2023/03/12 09:00:56 prog length: 19
2023/03/12 09:00:56 deserializeInput: hasCrash true hasNet false
2023/03/12 09:00:56 prog length: 6
2023/03/12 09:00:56 prog length: 3
2023/03/12 09:00:56 fetching corpus: 250, signal 3848/19196/29539 (executing program)
2023/03/12 09:00:56 deserializeInput: hasCrash true hasNet false
2023/03/12 09:00:56 prog length: 6
2023/03/12 09:00:56 prog length: 3
2023/03/12 09:00:56 deserializeInput: hasCrash false hasNet false
2023/03/12 09:00:56 prog length: 1
2023/03/12 09:00:56 deserializeInput: hasCrash true hasNet false
2023/03/12 09:00:56 prog length: 6
2023/03/12 09:00:56 prog length: 6
2023/03/12 09:00:56 prog length: 5
2023/03/12 09:00:56 deserializeInput: hasCrash false hasNet false
2023/03/12 09:00:56 prog length: 2
2023/03/12 09:00:56 deserializeInput: hasCrash true hasNet false
2023/03/12 09:00:56 prog length: 6
2023/03/12 09:00:56 prog length: 3
2023/03/12 09:00:56 deserializeInput: hasCrash true hasNet false
2023/03/12 09:00:56 prog length: 6
2023/03/12 09:00:56 prog length: 6
2023/03/12 09:00:56 prog length: 5
2023/03/12 09:00:56 deserializeInput: hasCrash true hasNet false
2023/03/12 09:00:56 prog length: 6
2023/03/12 09:00:56 prog length: 6
2023/03/12 09:00:56 prog length: 5
2023/03/12 09:00:56 deserializeInput: hasCrash true hasNet false
2023/03/12 09:00:56 prog length: 6
2023/03/12 09:00:56 prog length: 6
2023/03/12 09:00:56 prog length: 5
2023/03/12 09:00:56 deserializeInput: hasCrash true hasNet false
2023/03/12 09:00:56 prog length: 6
2023/03/12 09:00:56 prog length: 3
2023/03/12 09:00:56 deserializeInput: hasCrash true hasNet false
2023/03/12 09:00:56 prog length: 6
2023/03/12 09:00:56 prog length: 3
2023/03/12 09:00:56 deserializeInput: hasCrash true hasNet false
2023/03/12 09:00:56 prog length: 6
2023/03/12 09:00:56 prog length: 6
2023/03/12 09:00:56 prog length: 6
2023/03/12 09:00:56 deserializeInput: hasCrash true hasNet false
2023/03/12 09:00:56 prog length: 6
2023/03/12 09:00:56 prog length: 6
2023/03/12 09:00:56 prog length: 15
2023/03/12 09:00:56 deserializeInput: hasCrash true hasNet false
2023/03/12 09:00:56 prog length: 6
2023/03/12 09:00:56 prog length: 4
2023/03/12 09:00:56 deserializeInput: hasCrash true hasNet false
2023/03/12 09:00:56 prog length: 6
2023/03/12 09:00:56 prog length: 6
2023/03/12 09:00:56 prog length: 5
2023/03/12 09:00:56 deserializeInput: hasCrash true hasNet false
2023/03/12 09:00:56 prog length: 6
2023/03/12 09:00:56 prog length: 19
2023/03/12 09:00:56 deserializeInput: hasCrash true hasNet false
2023/03/12 09:00:56 prog length: 6
2023/03/12 09:00:56 prog length: 6
2023/03/12 09:00:56 prog length: 5
2023/03/12 09:00:56 deserializeInput: hasCrash true hasNet false
2023/03/12 09:00:56 prog length: 6
2023/03/12 09:00:56 prog length: 3
2023/03/12 09:00:56 deserializeInput: hasCrash true hasNet false
2023/03/12 09:00:56 prog length: 6
2023/03/12 09:00:56 prog length: 4
2023/03/12 09:00:56 deserializeInput: hasCrash true hasNet false
2023/03/12 09:00:56 prog length: 6
2023/03/12 09:00:56 prog length: 3
2023/03/12 09:00:56 deserializeInput: hasCrash true hasNet false
2023/03/12 09:00:56 prog length: 6
2023/03/12 09:00:56 prog length: 6
2023/03/12 09:00:56 prog length: 5
2023/03/12 09:00:56 deserializeInput: hasCrash true hasNet false
2023/03/12 09:00:56 prog length: 6
2023/03/12 09:00:56 prog length: 3
2023/03/12 09:00:56 deserializeInput: hasCrash true hasNet false
2023/03/12 09:00:56 prog length: 6
2023/03/12 09:00:56 prog length: 6
2023/03/12 09:00:56 prog length: 5
2023/03/12 09:00:56 deserializeInput: hasCrash true hasNet false
2023/03/12 09:00:56 prog length: 6
2023/03/12 09:00:56 prog length: 3
2023/03/12 09:00:56 deserializeInput: hasCrash true hasNet false
2023/03/12 09:00:56 prog length: 6
2023/03/12 09:00:56 prog length: 6
2023/03/12 09:00:56 prog length: 5
2023/03/12 09:00:56 deserializeInput: hasCrash true hasNet false
2023/03/12 09:00:56 prog length: 6
2023/03/12 09:00:56 prog length: 3
2023/03/12 09:00:56 deserializeInput: hasCrash true hasNet false
2023/03/12 09:00:56 prog length: 6
2023/03/12 09:00:56 prog length: 6
2023/03/12 09:00:56 prog length: 5
2023/03/12 09:00:56 deserializeInput: hasCrash true hasNet false
2023/03/12 09:00:56 prog length: 6
2023/03/12 09:00:56 prog length: 3
2023/03/12 09:00:56 deserializeInput: hasCrash true hasNet false
2023/03/12 09:00:56 prog length: 6
2023/03/12 09:00:56 prog length: 3
2023/03/12 09:00:56 deserializeInput: hasCrash true hasNet false
2023/03/12 09:00:56 prog length: 6
2023/03/12 09:00:56 prog length: 6
2023/03/12 09:00:56 prog length: 6
2023/03/12 09:00:56 prog length: 7
2023/03/12 09:00:56 deserializeInput: hasCrash true hasNet false
2023/03/12 09:00:56 prog length: 6
2023/03/12 09:00:56 prog length: 3
2023/03/12 09:00:56 deserializeInput: hasCrash true hasNet false
2023/03/12 09:00:56 prog length: 6
2023/03/12 09:00:56 prog length: 6
2023/03/12 09:00:56 prog length: 6
2023/03/12 09:00:56 prog length: 7
2023/03/12 09:00:56 deserializeInput: hasCrash true hasNet false
2023/03/12 09:00:56 prog length: 6
2023/03/12 09:00:56 prog length: 3
2023/03/12 09:00:56 deserializeInput: hasCrash true hasNet false
2023/03/12 09:00:56 prog length: 6
2023/03/12 09:00:56 prog length: 3
2023/03/12 09:00:56 deserializeInput: hasCrash true hasNet false
2023/03/12 09:00:56 prog length: 6
2023/03/12 09:00:56 prog length: 6
2023/03/12 09:00:56 prog length: 6
2023/03/12 09:00:56 deserializeInput: hasCrash true hasNet false
2023/03/12 09:00:56 prog length: 6
2023/03/12 09:00:56 prog length: 4
2023/03/12 09:00:56 deserializeInput: hasCrash true hasNet false
2023/03/12 09:00:56 prog length: 6
2023/03/12 09:00:56 prog length: 6
2023/03/12 09:00:56 prog length: 5
2023/03/12 09:00:56 deserializeInput: hasCrash true hasNet false
2023/03/12 09:00:56 prog length: 6
2023/03/12 09:00:56 prog length: 3
2023/03/12 09:00:56 deserializeInput: hasCrash true hasNet false
2023/03/12 09:00:56 prog length: 6
2023/03/12 09:00:56 prog length: 3
2023/03/12 09:00:56 deserializeInput: hasCrash true hasNet false
2023/03/12 09:00:56 prog length: 6
2023/03/12 09:00:56 prog length: 6
2023/03/12 09:00:56 prog length: 6
2023/03/12 09:00:56 prog length: 7
2023/03/12 09:00:56 deserializeInput: hasCrash true hasNet false
2023/03/12 09:00:56 prog length: 6
2023/03/12 09:00:56 prog length: 3
2023/03/12 09:00:56 deserializeInput: hasCrash true hasNet false
2023/03/12 09:00:56 prog length: 6
2023/03/12 09:00:56 prog length: 3
2023/03/12 09:00:56 deserializeInput: hasCrash true hasNet false
2023/03/12 09:00:56 prog length: 6
2023/03/12 09:00:56 prog length: 3
2023/03/12 09:00:56 deserializeInput: hasCrash true hasNet false
2023/03/12 09:00:56 prog length: 6
2023/03/12 09:00:56 prog length: 3
2023/03/12 09:00:56 deserializeInput: hasCrash true hasNet false
2023/03/12 09:00:56 prog length: 6
2023/03/12 09:00:56 prog length: 3
2023/03/12 09:00:56 deserializeInput: hasCrash true hasNet false
2023/03/12 09:00:56 prog length: 6
2023/03/12 09:00:56 prog length: 8
2023/03/12 09:00:56 deserializeInput: hasCrash true hasNet false
2023/03/12 09:00:56 prog length: 6
2023/03/12 09:00:56 prog length: 3
2023/03/12 09:00:56 deserializeInput: hasCrash true hasNet false
2023/03/12 09:00:56 prog length: 6
2023/03/12 09:00:56 prog length: 6
2023/03/12 09:00:56 prog length: 6
2023/03/12 09:00:56 prog length: 7
2023/03/12 09:00:56 deserializeInput: hasCrash true hasNet false
2023/03/12 09:00:56 prog length: 6
2023/03/12 09:00:56 prog length: 3
2023/03/12 09:00:56 deserializeInput: hasCrash true hasNet false
2023/03/12 09:00:56 prog length: 6
2023/03/12 09:00:56 prog length: 3
2023/03/12 09:00:56 deserializeInput: hasCrash true hasNet false
2023/03/12 09:00:56 prog length: 6
2023/03/12 09:00:56 prog length: 6
2023/03/12 09:00:56 prog length: 5
2023/03/12 09:00:56 fetching corpus: 300, signal 4681/20284/32349 (executing program)
2023/03/12 09:00:56 deserializeInput: hasCrash true hasNet false
2023/03/12 09:00:56 prog length: 6
2023/03/12 09:00:56 prog length: 3
2023/03/12 09:00:56 deserializeInput: hasCrash true hasNet false
2023/03/12 09:00:56 prog length: 6
2023/03/12 09:00:56 prog length: 3
2023/03/12 09:00:56 deserializeInput: hasCrash true hasNet false
2023/03/12 09:00:56 prog length: 6
2023/03/12 09:00:56 prog length: 3
2023/03/12 09:00:56 deserializeInput: hasCrash true hasNet false
2023/03/12 09:00:56 prog length: 6
2023/03/12 09:00:56 prog length: 6
2023/03/12 09:00:56 prog length: 5
2023/03/12 09:00:56 deserializeInput: hasCrash true hasNet false
2023/03/12 09:00:56 prog length: 6
2023/03/12 09:00:56 prog length: 3
2023/03/12 09:00:56 deserializeInput: hasCrash true hasNet false
2023/03/12 09:00:56 prog length: 6
2023/03/12 09:00:56 prog length: 17
2023/03/12 09:00:56 deserializeInput: hasCrash true hasNet false
2023/03/12 09:00:56 prog length: 6
2023/03/12 09:00:56 prog length: 8
2023/03/12 09:00:56 deserializeInput: hasCrash true hasNet false
2023/03/12 09:00:56 prog length: 6
2023/03/12 09:00:56 prog length: 3
2023/03/12 09:00:56 deserializeInput: hasCrash true hasNet false
2023/03/12 09:00:56 prog length: 6
2023/03/12 09:00:56 prog length: 6
2023/03/12 09:00:56 prog length: 5
2023/03/12 09:00:56 deserializeInput: hasCrash true hasNet false
2023/03/12 09:00:56 prog length: 6
2023/03/12 09:00:56 prog length: 6
2023/03/12 09:00:56 prog length: 5
2023/03/12 09:00:56 deserializeInput: hasCrash true hasNet false
2023/03/12 09:00:56 prog length: 6
2023/03/12 09:00:56 prog length: 6
2023/03/12 09:00:56 prog length: 5
2023/03/12 09:00:56 deserializeInput: hasCrash true hasNet false
2023/03/12 09:00:56 prog length: 6
2023/03/12 09:00:56 prog length: 3
2023/03/12 09:00:56 deserializeInput: hasCrash true hasNet false
2023/03/12 09:00:56 prog length: 6
2023/03/12 09:00:56 prog length: 3
2023/03/12 09:00:56 deserializeInput: hasCrash true hasNet false
2023/03/12 09:00:56 prog length: 6
2023/03/12 09:00:56 prog length: 6
2023/03/12 09:00:56 prog length: 5
2023/03/12 09:00:56 deserializeInput: hasCrash true hasNet false
2023/03/12 09:00:56 prog length: 6
2023/03/12 09:00:56 prog length: 6
2023/03/12 09:00:56 prog length: 5
2023/03/12 09:00:56 deserializeInput: hasCrash true hasNet false
2023/03/12 09:00:56 prog length: 6
2023/03/12 09:00:56 prog length: 3
2023/03/12 09:00:56 deserializeInput: hasCrash true hasNet false
2023/03/12 09:00:56 prog length: 6
2023/03/12 09:00:56 prog length: 6
2023/03/12 09:00:56 prog length: 5
2023/03/12 09:00:56 deserializeInput: hasCrash true hasNet false
2023/03/12 09:00:56 prog length: 6
2023/03/12 09:00:56 prog length: 3
2023/03/12 09:00:56 deserializeInput: hasCrash true hasNet false
2023/03/12 09:00:56 prog length: 6
2023/03/12 09:00:56 prog length: 3
2023/03/12 09:00:56 deserializeInput: hasCrash true hasNet false
2023/03/12 09:00:56 prog length: 6
2023/03/12 09:00:56 prog length: 3
2023/03/12 09:00:56 deserializeInput: hasCrash true hasNet false
2023/03/12 09:00:56 prog length: 6
2023/03/12 09:00:56 prog length: 17
2023/03/12 09:00:56 deserializeInput: hasCrash true hasNet false
2023/03/12 09:00:56 prog length: 6
2023/03/12 09:00:56 prog length: 5
2023/03/12 09:00:56 deserializeInput: hasCrash true hasNet false
2023/03/12 09:00:56 prog length: 6
2023/03/12 09:00:56 prog length: 6
2023/03/12 09:00:56 prog length: 5
2023/03/12 09:00:56 deserializeInput: hasCrash true hasNet false
2023/03/12 09:00:56 prog length: 6
2023/03/12 09:00:56 prog length: 6
2023/03/12 09:00:56 prog length: 5
2023/03/12 09:00:56 deserializeInput: hasCrash true hasNet false
2023/03/12 09:00:56 prog length: 6
2023/03/12 09:00:56 prog length: 5
2023/03/12 09:00:56 deserializeInput: hasCrash true hasNet false
2023/03/12 09:00:56 prog length: 6
2023/03/12 09:00:56 prog length: 6
2023/03/12 09:00:56 prog length: 5
2023/03/12 09:00:56 deserializeInput: hasCrash true hasNet false
2023/03/12 09:00:56 prog length: 6
2023/03/12 09:00:56 prog length: 6
2023/03/12 09:00:56 prog length: 5
2023/03/12 09:00:56 deserializeInput: hasCrash true hasNet false
2023/03/12 09:00:56 prog length: 6
2023/03/12 09:00:56 prog length: 3
2023/03/12 09:00:56 deserializeInput: hasCrash true hasNet false
2023/03/12 09:00:56 prog length: 6
2023/03/12 09:00:56 prog length: 3
2023/03/12 09:00:56 deserializeInput: hasCrash true hasNet false
2023/03/12 09:00:56 prog length: 6
2023/03/12 09:00:56 prog length: 6
2023/03/12 09:00:56 prog length: 17
2023/03/12 09:00:56 deserializeInput: hasCrash true hasNet false
2023/03/12 09:00:56 prog length: 6
2023/03/12 09:00:56 prog length: 3
2023/03/12 09:00:56 deserializeInput: hasCrash true hasNet false
2023/03/12 09:00:56 prog length: 6
2023/03/12 09:00:56 prog length: 4
2023/03/12 09:00:56 deserializeInput: hasCrash true hasNet false
2023/03/12 09:00:56 prog length: 6
2023/03/12 09:00:56 prog length: 6
2023/03/12 09:00:56 prog length: 6
2023/03/12 09:00:56 prog length: 7
2023/03/12 09:00:56 deserializeInput: hasCrash true hasNet false
2023/03/12 09:00:56 prog length: 6
2023/03/12 09:00:56 prog length: 6
2023/03/12 09:00:56 prog length: 5
2023/03/12 09:00:56 deserializeInput: hasCrash true hasNet false
2023/03/12 09:00:56 prog length: 6
2023/03/12 09:00:56 prog length: 3
2023/03/12 09:00:56 deserializeInput: hasCrash true hasNet false
2023/03/12 09:00:56 prog length: 6
2023/03/12 09:00:56 prog length: 6
2023/03/12 09:00:56 prog length: 5
2023/03/12 09:00:56 deserializeInput: hasCrash true hasNet false
2023/03/12 09:00:56 prog length: 6
2023/03/12 09:00:56 prog length: 3
2023/03/12 09:00:56 deserializeInput: hasCrash true hasNet false
2023/03/12 09:00:56 prog length: 6
2023/03/12 09:00:56 prog length: 6
2023/03/12 09:00:56 prog length: 5
2023/03/12 09:00:56 deserializeInput: hasCrash true hasNet false
2023/03/12 09:00:56 prog length: 6
2023/03/12 09:00:56 prog length: 6
2023/03/12 09:00:56 prog length: 5
2023/03/12 09:00:56 deserializeInput: hasCrash true hasNet false
2023/03/12 09:00:56 prog length: 6
2023/03/12 09:00:56 prog length: 3
2023/03/12 09:00:56 deserializeInput: hasCrash true hasNet false
2023/03/12 09:00:56 prog length: 6
2023/03/12 09:00:56 prog length: 6
2023/03/12 09:00:56 prog length: 8
2023/03/12 09:00:56 deserializeInput: hasCrash true hasNet false
2023/03/12 09:00:56 prog length: 6
2023/03/12 09:00:56 prog length: 6
2023/03/12 09:00:56 prog length: 5
2023/03/12 09:00:56 deserializeInput: hasCrash true hasNet false
2023/03/12 09:00:56 prog length: 6
2023/03/12 09:00:56 prog length: 6
2023/03/12 09:00:56 prog length: 6
2023/03/12 09:00:56 deserializeInput: hasCrash true hasNet false
2023/03/12 09:00:56 prog length: 6
2023/03/12 09:00:56 prog length: 6
2023/03/12 09:00:56 prog length: 6
2023/03/12 09:00:56 prog length: 7
2023/03/12 09:00:56 deserializeInput: hasCrash true hasNet false
2023/03/12 09:00:56 prog length: 6
2023/03/12 09:00:56 prog length: 3
2023/03/12 09:00:56 deserializeInput: hasCrash true hasNet false
2023/03/12 09:00:56 prog length: 6
2023/03/12 09:00:56 prog length: 4
2023/03/12 09:00:56 deserializeInput: hasCrash true hasNet false
2023/03/12 09:00:56 prog length: 6
2023/03/12 09:00:56 prog length: 3
2023/03/12 09:00:56 deserializeInput: hasCrash true hasNet false
2023/03/12 09:00:56 prog length: 6
2023/03/12 09:00:56 prog length: 3
2023/03/12 09:00:56 deserializeInput: hasCrash true hasNet false
2023/03/12 09:00:56 prog length: 6
2023/03/12 09:00:56 prog length: 3
2023/03/12 09:00:56 deserializeInput: hasCrash true hasNet false
2023/03/12 09:00:56 prog length: 6
2023/03/12 09:00:56 prog length: 4
2023/03/12 09:00:56 fetching corpus: 350, signal 4685/21832/34799 (executing program)
2023/03/12 09:00:56 deserializeInput: hasCrash false hasNet false
2023/03/12 09:00:56 prog length: 1
2023/03/12 09:00:56 deserializeInput: hasCrash true hasNet false
2023/03/12 09:00:56 prog length: 6
2023/03/12 09:00:56 prog length: 6
2023/03/12 09:00:56 prog length: 5
2023/03/12 09:00:56 deserializeInput: hasCrash true hasNet false
2023/03/12 09:00:56 prog length: 6
2023/03/12 09:00:56 prog length: 6
2023/03/12 09:00:56 prog length: 5
2023/03/12 09:00:56 deserializeInput: hasCrash true hasNet false
2023/03/12 09:00:56 prog length: 6
2023/03/12 09:00:56 prog length: 3
2023/03/12 09:00:56 deserializeInput: hasCrash true hasNet false
2023/03/12 09:00:56 prog length: 6
2023/03/12 09:00:56 prog length: 6
2023/03/12 09:00:56 prog length: 5
2023/03/12 09:00:56 deserializeInput: hasCrash true hasNet false
2023/03/12 09:00:56 prog length: 6
2023/03/12 09:00:56 prog length: 4
2023/03/12 09:00:56 deserializeInput: hasCrash true hasNet false
2023/03/12 09:00:56 prog length: 6
2023/03/12 09:00:56 prog length: 3
2023/03/12 09:00:56 deserializeInput: hasCrash true hasNet false
2023/03/12 09:00:56 prog length: 6
2023/03/12 09:00:56 prog length: 6
2023/03/12 09:00:56 prog length: 5
2023/03/12 09:00:56 deserializeInput: hasCrash true hasNet false
2023/03/12 09:00:56 prog length: 6
2023/03/12 09:00:56 prog length: 4
2023/03/12 09:00:56 deserializeInput: hasCrash true hasNet false
2023/03/12 09:00:56 prog length: 6
2023/03/12 09:00:56 prog length: 3
2023/03/12 09:00:56 deserializeInput: hasCrash true hasNet false
2023/03/12 09:00:56 prog length: 6
2023/03/12 09:00:56 prog length: 3
2023/03/12 09:00:56 deserializeInput: hasCrash true hasNet false
2023/03/12 09:00:56 prog length: 6
2023/03/12 09:00:56 prog length: 6
2023/03/12 09:00:56 prog length: 5
2023/03/12 09:00:56 deserializeInput: hasCrash true hasNet false
2023/03/12 09:00:56 prog length: 6
2023/03/12 09:00:56 prog length: 3
2023/03/12 09:00:56 deserializeInput: hasCrash true hasNet false
2023/03/12 09:00:56 prog length: 6
2023/03/12 09:00:56 prog length: 4
2023/03/12 09:00:56 deserializeInput: hasCrash true hasNet false
2023/03/12 09:00:56 prog length: 6
2023/03/12 09:00:56 prog length: 3
2023/03/12 09:00:56 deserializeInput: hasCrash true hasNet false
2023/03/12 09:00:56 prog length: 6
2023/03/12 09:00:56 prog length: 3
2023/03/12 09:00:56 deserializeInput: hasCrash true hasNet false
2023/03/12 09:00:56 prog length: 6
2023/03/12 09:00:56 prog length: 3
2023/03/12 09:00:56 deserializeInput: hasCrash true hasNet false
2023/03/12 09:00:56 prog length: 6
2023/03/12 09:00:56 prog length: 3
2023/03/12 09:00:56 deserializeInput: hasCrash true hasNet false
2023/03/12 09:00:56 prog length: 6
2023/03/12 09:00:56 prog length: 6
2023/03/12 09:00:56 prog length: 5
2023/03/12 09:00:56 deserializeInput: hasCrash true hasNet false
2023/03/12 09:00:56 prog length: 6
2023/03/12 09:00:56 prog length: 3
2023/03/12 09:00:56 deserializeInput: hasCrash true hasNet false
2023/03/12 09:00:56 prog length: 6
2023/03/12 09:00:56 prog length: 3
2023/03/12 09:00:56 deserializeInput: hasCrash true hasNet false
2023/03/12 09:00:56 prog length: 6
2023/03/12 09:00:56 prog length: 3
2023/03/12 09:00:56 deserializeInput: hasCrash true hasNet false
2023/03/12 09:00:56 prog length: 6
2023/03/12 09:00:56 prog length: 3
2023/03/12 09:00:56 deserializeInput: hasCrash true hasNet false
2023/03/12 09:00:56 prog length: 6
2023/03/12 09:00:56 prog length: 6
2023/03/12 09:00:56 prog length: 5
2023/03/12 09:00:56 deserializeInput: hasCrash true hasNet false
2023/03/12 09:00:56 prog length: 6
2023/03/12 09:00:56 prog length: 3
2023/03/12 09:00:56 deserializeInput: hasCrash true hasNet false
2023/03/12 09:00:56 prog length: 6
2023/03/12 09:00:56 prog length: 6
2023/03/12 09:00:56 prog length: 5
2023/03/12 09:00:56 deserializeInput: hasCrash true hasNet false
2023/03/12 09:00:56 prog length: 6
2023/03/12 09:00:56 prog length: 3
2023/03/12 09:00:56 deserializeInput: hasCrash true hasNet false
2023/03/12 09:00:56 prog length: 6
2023/03/12 09:00:56 prog length: 3
2023/03/12 09:00:56 deserializeInput: hasCrash true hasNet false
2023/03/12 09:00:56 prog length: 6
2023/03/12 09:00:56 prog length: 6
2023/03/12 09:00:56 prog length: 5
2023/03/12 09:00:56 deserializeInput: hasCrash true hasNet false
2023/03/12 09:00:56 prog length: 6
2023/03/12 09:00:56 prog length: 3
2023/03/12 09:00:56 deserializeInput: hasCrash true hasNet false
2023/03/12 09:00:56 prog length: 6
2023/03/12 09:00:56 prog length: 3
2023/03/12 09:00:56 deserializeInput: hasCrash true hasNet false
2023/03/12 09:00:56 prog length: 6
2023/03/12 09:00:56 prog length: 6
2023/03/12 09:00:56 prog length: 6
2023/03/12 09:00:56 prog length: 7
2023/03/12 09:00:56 deserializeInput: hasCrash false hasNet false
2023/03/12 09:00:56 prog length: 3
2023/03/12 09:00:56 deserializeInput: hasCrash true hasNet false
2023/03/12 09:00:56 prog length: 6
2023/03/12 09:00:56 prog length: 3
2023/03/12 09:00:56 deserializeInput: hasCrash true hasNet false
2023/03/12 09:00:56 prog length: 6
2023/03/12 09:00:56 prog length: 6
2023/03/12 09:00:56 prog length: 6
2023/03/12 09:00:56 prog length: 7
2023/03/12 09:00:56 deserializeInput: hasCrash true hasNet false
2023/03/12 09:00:56 prog length: 6
2023/03/12 09:00:56 prog length: 3
2023/03/12 09:00:56 deserializeInput: hasCrash true hasNet false
2023/03/12 09:00:56 prog length: 6
2023/03/12 09:00:56 prog length: 3
2023/03/12 09:00:56 deserializeInput: hasCrash true hasNet false
2023/03/12 09:00:56 prog length: 6
2023/03/12 09:00:56 prog length: 6
2023/03/12 09:00:56 prog length: 5
2023/03/12 09:00:56 deserializeInput: hasCrash true hasNet false
2023/03/12 09:00:56 prog length: 6
2023/03/12 09:00:56 prog length: 3
2023/03/12 09:00:56 deserializeInput: hasCrash true hasNet false
2023/03/12 09:00:56 prog length: 6
2023/03/12 09:00:56 prog length: 3
2023/03/12 09:00:56 deserializeInput: hasCrash true hasNet false
2023/03/12 09:00:56 prog length: 6
2023/03/12 09:00:56 prog length: 17
2023/03/12 09:00:56 fetching corpus: 391, signal 4692/22266/36319 (executing program)
2023/03/12 09:00:56 fetching corpus: 391, signal 4692/22266/37499 (executing program)
2023/03/12 09:00:56 fetching corpus: 391, signal 4692/22266/38620 (executing program)
2023/03/12 09:00:56 fetching corpus: 391, signal 4692/22266/39796 (executing program)
2023/03/12 09:00:56 fetching corpus: 391, signal 4692/22266/40999 (executing program)
2023/03/12 09:00:56 fetching corpus: 391, signal 4692/22266/42157 (executing program)
2023/03/12 09:00:56 fetching corpus: 391, signal 4692/22266/43330 (executing program)
2023/03/12 09:00:56 fetching corpus: 391, signal 4692/22266/44492 (executing program)
2023/03/12 09:00:56 fetching corpus: 391, signal 4692/22266/45694 (executing program)
2023/03/12 09:00:56 fetching corpus: 391, signal 4692/22266/46891 (executing program)
2023/03/12 09:00:56 fetching corpus: 391, signal 4692/22266/48078 (executing program)
2023/03/12 09:00:56 fetching corpus: 391, signal 4692/22266/49281 (executing program)
2023/03/12 09:00:56 fetching corpus: 391, signal 4692/22266/50020 (executing program)
2023/03/12 09:00:56 fetching corpus: 391, signal 4692/22266/50020 (executing program)
2023/03/12 09:00:57 starting 1 fuzzer processes
2023/03/12 09:00:57 ----- generateCall 2347 llistxattr llistxattr
2023/03/12 09:00:57 ----- generateCall 3676 setxattr$trusted_overlay_redirect setxattr$trusted_overlay_redirect
2023/03/12 09:00:57 ----- generateCall 2341 lchown lchown
2023/03/12 09:00:57 ----- generateCall 2781 readlinkat readlinkat
2023/03/12 09:00:57 ----- generateCall 2459 open$dir open$dir
2023/03/12 09:00:57 ----- generateCall 248 fstat fstat
2023/03/12 09:00:57 ----- generateCall 3761 stat stat
2023/03/12 09:00:57 ----- generateCall 3667 setxattr$security_evm setxattr$security_evm
2023/03/12 09:00:57 ----- generateCall 3967 truncate truncate
2023/03/12 09:00:57 ----- generateCall 3765 symlinkat symlinkat
2023/03/12 09:00:57 ----- generateCall 3765 symlinkat symlinkat
2023/03/12 09:00:57 ----- generateCall 2355 lsetxattr$security_selinux lsetxattr$security_selinux
2023/03/12 09:00:57 ----- generateCall 3761 stat stat
2023/03/12 09:00:57 ----- generateCall 516 getxattr getxattr
2023/03/12 09:00:57 ----- generateCall 516 getxattr getxattr
2023/03/12 09:00:57 ----- generateCall 3667 setxattr$security_evm setxattr$security_evm
2023/03/12 09:00:57 ----- generateCall 516 getxattr getxattr
2023/03/12 09:00:57 ----- generateCall 3675 setxattr$trusted_overlay_origin setxattr$trusted_overlay_origin
2023/03/12 09:00:57 ----- generateCall 3667 setxattr$security_evm setxattr$security_evm
2023/03/12 09:00:57 map[./file0:true ./file1:true ./file2:true]
2023/03/12 09:00:57 HasCrashFail: false, .HasNetFail: false
2023/03/12 09:00:57 prog length: 20
2023/03/12 09:00:57 HasCrashFail:false HasNetFail:false
09:00:57 ---executing program 0:
---
---
---
llistxattr(&(0x7f0000000000)='./file0\x00', &(0x7f0000000040)=""/226, 0xe2)
setxattr$trusted_overlay_redirect(&(0x7f0000000140)='./file0\x00', &(0x7f0000000180), &(0x7f00000001c0)='./file1\x00', 0x8, 0x2)
stat(&(0x7f0000000240)='./file0\x00', &(0x7f0000000280)={0x0, 0x0, 0x0, 0x0, <r0=>0x0})
lchown(&(0x7f0000000200)='./file1\x00', r0, 0xffffffffffffffff)
readlinkat(0xffffffffffffffff, &(0x7f0000000300)='./file0\x00', &(0x7f0000000340)=""/148, 0x94)
r1 = open$dir(&(0x7f0000000400)='./file0\x00', 0x111402, 0x48)
fstat(r1, &(0x7f0000000440))
stat(&(0x7f00000004c0)='./file1\x00', &(0x7f0000000500))
setxattr$security_evm(&(0x7f0000000580)='./file1\x00', &(0x7f00000005c0), &(0x7f0000000600)=@md5={0x1, "270aaa0140ed67aa024eabfdf74654f4"}, 0x11, 0x3)
truncate(&(0x7f0000000640)='./file0\x00', 0x81)
symlinkat(&(0x7f0000000680)='./file0\x00', r1, &(0x7f00000006c0)='./file0\x00')
symlinkat(&(0x7f0000000700)='./file0\x00', r1, &(0x7f0000000740)='./file1\x00')
lsetxattr$security_selinux(&(0x7f0000000780)='./file0\x00', &(0x7f00000007c0), &(0x7f0000000800)='system_u:object_r:netlabel_mgmt_exec_t:s0\x00', 0x2a, 0x3)
stat(&(0x7f0000000840)='./file1\x00', &(0x7f0000000880))
getxattr(&(0x7f0000000900)='./file0\x00', &(0x7f0000000940)=@known='trusted.syz\x00', &(0x7f0000000980)=""/40, 0x28)
getxattr(&(0x7f00000009c0)='./file2\x00', &(0x7f0000000a00)=@known='trusted.overlay.impure\x00', &(0x7f0000000a40)=""/40, 0x28)
setxattr$security_evm(&(0x7f0000000a80)='./file1\x00', &(0x7f0000000ac0), &(0x7f0000000b00)=@v2={0x3, 0x3, 0x7, 0x3, 0xa6, "6b7ce8731ddb14c86a338c27a69e27f000d3f298cac6b96ce7bebeced99ebf3b1207965d809c755bea18af1e8b2aa82a7926d451e9e4f622d1e27d1eeeaf78f1d86b2feff15f1f6b322019c5dbd53ec77e96b44140e998cfd69415b23b1e5227887bdb0a428f247d2a13387c9e8657c04c8c265bdc0a0c13c8bcda4d4ec56fe76e6b07a3da7eb397b32833fa7e2af889cb0eb6786ef095b7bd6bb559a810633ab87cd4cd5023"}, 0xaf, 0x1)
getxattr(&(0x7f0000000bc0)='./file1\x00', &(0x7f0000000c00)=@known='trusted.overlay.upper\x00', &(0x7f0000000c40)=""/4096, 0x1000)
setxattr$trusted_overlay_origin(&(0x7f0000001c40)='./file1\x00', &(0x7f0000001c80), &(0x7f0000001cc0), 0x2, 0x2)
setxattr$security_evm(&(0x7f0000001d00)='./file2\x00', &(0x7f0000001d40), &(0x7f0000001d80)=@v1={0x2, "41e81f3fe25fd1df"}, 0x9, 0x3)
---

end of program
2023/03/12 09:00:57 -----run executor: [/usr/bin/ssh -F /dev/null -o ConnectionAttempts=100 -o ConnectTimeout=120 -o UserKnownHostsFile=/dev/null -o BatchMode=yes -o IdentitiesOnly=yes -o StrictHostKeyChecking=no -o ConnectTimeout=100 -i /home/tlyu/dfs-fuzzing/disk-images/orangefs-images/focal.id_rsa root@192.168.0.35 /root/syz-executor exec 0 0 orangefs 3 4 192.168.0.35 0 "3 1" false false false true false]
2023/03/12 09:00:57 -----run executor: [/usr/bin/ssh -F /dev/null -o ConnectionAttempts=100 -o ConnectTimeout=120 -o UserKnownHostsFile=/dev/null -o BatchMode=yes -o IdentitiesOnly=yes -o StrictHostKeyChecking=no -o ConnectTimeout=100 -i /home/tlyu/dfs-fuzzing/disk-images/orangefs-images/focal.id_rsa root@192.168.0.36 /root/syz-executor exec 0 1 orangefs 3 4 192.168.0.35 0 "3 1" false false false true false]
2023/03/12 09:00:57 -----run executor: [/usr/bin/ssh -F /dev/null -o ConnectionAttempts=100 -o ConnectTimeout=120 -o UserKnownHostsFile=/dev/null -o BatchMode=yes -o IdentitiesOnly=yes -o StrictHostKeyChecking=no -o ConnectTimeout=100 -i /home/tlyu/dfs-fuzzing/disk-images/orangefs-images/focal.id_rsa root@192.168.0.37 /root/syz-executor exec 0 2 orangefs 3 4 192.168.0.35 0 "3 1" false false false true false]
2023/03/12 09:00:57 -----run executor: [/usr/bin/ssh -F /dev/null -o ConnectionAttempts=100 -o ConnectTimeout=120 -o UserKnownHostsFile=/dev/null -o BatchMode=yes -o IdentitiesOnly=yes -o StrictHostKeyChecking=no -o ConnectTimeout=100 -i /home/tlyu/dfs-fuzzing/disk-images/orangefs-images/focal.id_rsa root@192.168.0.38 /root/syz-executor exec 1 3 orangefs 3 4 192.168.0.35 0 "3 1" false false false true false]
Warning: Permanently added '192.168.0.38' (ECDSA) to the list of known hosts.
Warning: Permanently added '192.168.0.35' (ECDSA) to the list of known hosts.
Warning: Permanently added '192.168.0.36' (ECDSA) to the list of known hosts.
Warning: Permanently added '192.168.0.37' (ECDSA) to the list of known hosts.
----- is restarting 0
---- dfs_name orangefs is_dfs_client 0
unlink FIFO failed: No such file or directory
[    0.000000] kernel: Linux version 5.15.0+ (tlyu@IC-RS3-DPC07) (gcc (Ubuntu 9.4.0-1ubuntu1~20.04.1) 9.4.0, GNU ld (GNU Binutils for Ubuntu) 2.34) #7 SMP Sat Feb 18 10:18:37 CET 2023
[    0.000000] kernel: Command line: root=/dev/sda console=ttyS0 net.ifnames=0 ip=192.168.0.36 quiet
[    0.000000] kernel: x86/fpu: Supporting XSAVE feature 0x001: 'x87 floating point registers'
[    0.000000] kernel: x86/fpu: Supporting XSAVE feature 0x002: 'SSE registers'
[    0.000000] kernel: x86/fpu: Supporting XSAVE feature 0x004: 'AVX registers'
[    0.000000] kernel: x86/fpu: Supporting XSAVE feature 0x020: 'AVX-512 opmask'
[    0.000000] kernel: x86/fpu: Supporting XSAVE feature 0x040: 'AVX-512 Hi256'
[    0.000000] kernel: x86/fpu: Supporting XSAVE feature 0x080: 'AVX-512 ZMM_Hi256'
[    0.000000] kernel: x86/fpu: Supporting XSAVE feature 0x200: 'Protection Keys User registers'
[    0.000000] kernel: x86/fpu: xstate_offset[2]:  576, xstate_sizes[2]:  256
[    0.000000] kernel: x86/fpu: xstate_[D 01/16/2023 17:42:13] PVFS2 Server version 2.9.7-orangefs-REV-65ab0d2 starting.
[E 01/16/2023 17:43:19] PVFS2 server got signal 15 (server_status_flag: 2080767)
[D 02/18/2023 14:39:31] PVFS2 Server version 2.9.7-orangefs-REV-65ab0d2 starting.
[D 02/18/2023 14:47:30] PVFS2 received server: signal 1
[E 02/18/2023 14:47:30] PVFS2 server got signal 15 (server_status_flag: 2080767)
offset[5]:  832, xstate_sizes[5]:   64
[    0.000000] kernel: x86/fpu: xstate_offset[6]:  896, xstate_sizes[6]:  512
[    0.000000] kernel: x86/fpu: xstate_offset[7]: 1408, xstate_sizes[7]: 1024
[    0.000000] kernel: x86/fpu: xstate_offset[9]: 2432, xstate_sizes[9]:    8
[    0.000000] kernel: x86/fpu: Enabled xstate features 0x2e7, context size is 2440 bytes, using 'compacted' format.
[    0.000000] kernel: signal: max sigframe size: 3632
[    0.000000] kernel: BIOS-provided physical RAM map:
[    0.000000] kernel: BIOS-e820: [mem 0x0000000000000000-0x000000000009fbff] usable
[    0.000000] kernel: BIOS-e820: [mem 0x000000000009fc00-0x000000000009ffff] reserved
[    0.000000] kernel: BIOS-e820: [mem 0x00000000000f0000-0x00000000000fffff] reserved
[    0.000000] kernel: BIOS-e820: [mem 0x0000000000100000-0x00000000bffdffff] usable
[    0.000000] kernel: BIOS-e820: [mem 0x00000000bffe0000-0x00000000bfffffff] reserved
[    0.000000] kernel: BIOS-e820: [mem 0x00000000feffc000-0x00000000executor 1 finishes userspace_cover_open
before receiving handshake request
req.flags ea2
feffffff] reserved
[    0.000000] kernel: BIOS-e820: [mem 0x00000000fffc0000-0x00000000ffffffff] reserved
[    0.000000] kernel: BIOS-e820: [mem 0x0000000100000000-0x00000002bfffffff] usable
[    0.000000] kernel: NX (Execute Disable) protection: active
[    0.000000] kernel: SMBIOS 2.8 present.
[    0.000000] kernel: DMI: QEMU Standard PC (i440FX + PIIX, 1996), BIOS 1.13.0-1ubuntu1.1 04/01/2014
[    0.000000] kernel: Hypervisor detected: KVM
[    0.000000] kernel: kvm-clock: Using msrs 4b564d01 and 4b564d00
[    0.000000] kernel: kvm-clock: cpu 0, msr 81a6e001, primary cpu clock
[    0.000001] kernel: kvm-clock: using sched offset of 347560397 cycles
[    0.000002] kernel: clocksource: kvm-clock: mask: 0xffffffffffffffff max_cycles: 0x1cd42e4dffb, max_idle_ns: 881590591483 ns
[    0.000005] kernel: tsc: Detected 2593.906 MHz processor
[    0.000421] kernel: e820: update [mem 0x00000000-0x00000fff] usable ==> reserved
[    0.000423] kernel: e820: remove [mem 0x000a0000-0x000fffff] usable
[    0.000426] kernel: last_pfn = 0x2c0000 max_arch_pfn = 0x10000000000
[    0.000476] kernel: x86/PAT: Configuration [0-7]: WB  WC  UC- UC  WB  WP  UC- WT  
[    0.000482] kernel: last_pfn = 0xbffe0 max_arch_pfn = 0x10000000000
[    0.004649] kernel: found SMP MP-table at [mem 0x000f5c80-0x000f5c8f]
[    0.004674] kernel: Using GB pages for direct mapping
[    0.005501] kernel: ACPI: Early table checksum verification disabled
[    0.005507] kernel: ACPI: RSDP 0x00000000000F5A50 000014 (v00 BOCHS )
[    0.005515] kernel: ACPI: RSDT 0x00000000BFFE15C9 000030 (v01 BOCHS  BXPCRSDT 00000001 BXPC 00000001)
[    0.005521] kernel: ACPI: FACP 0x00000000BFFE149D 000074 (v01 BOCHS  BXPCFACP 00000001 BXPC 00000001)
[    0.005527] kernel: ACPI: DSDT 0x00000000BFFE0040 00145D (v01 BOCHS  BXPCDSDT 00000001 BXPC 00000001)
[    0.005529] kernel: ACPI: FACS 0x00000000BFFE0000 000040
[    0.005532] kernel: ACPI: APIC 0x00000000BFFE1511 000080 (v01 BOCHS  BXPCAPIC 00000001 BXPC 00000001)
[    0.0055----- is restarting 0
---- dfs_name orangefs is_dfs_client 1
before receiving handshake request
[    0.000000] kernel: Linux version 5.15.0+ (tlyu@IC-RS3-DPC07) (gcc (Ubuntu 9.4.0-1ubuntu1~20.04.1) 9.4.0, GNU ld (GNU Binutils for Ubuntu) 2.34) #7 SMP Sat Feb 18 10:18:37 CET 2023
[    0.000000] kernel: Command line: root=/dev/sda console=ttyS0 net.ifnames=0 ip=192.168.0.38 quiet
[    0.000000] kernel: x86/fpu: Supporting XSAVE feature 0x001: 'x87 floating point registers'
[    0.000000] kernel: x86/fpu: Supporting XSAVE feature 0x002: 'SSE registers'
[    0.000000] kernel: x86/fpu: Supporting XSAVE feature 0x004: 'AVX registers'
[    0.000000] kernel: x86/fpu: Supporting XSAVE feature 0x020: 'AVX-512 opmask'
[    0.000000] kernel: x86/fpu: Supporting XSAVE feature 0x040: 'AVX-512 Hi256'
[    0.000000] kernel: x86/fpu: Supporting XSAVE feature 0x080: 'AVX-512 ZMM_Hi256'
[    0.000000] kernel: x86/fpu: Supporting XSAVE feature 0x200: 'Protection Keys User registers'
[    0.000000] kernel: x86/fpu: xstate_offset[2]:  576, xstate_sizes[2]:  256
[    0.000000] kernel: x86/fpu: xstate_34] kernel: ACPI: HPET 0x00000000BFFE1591 000038 (v01 BOCHS  BXPCHPET 00000001 BXPC 00000001)
[    0.005537] kernel: ACPI: Reserving FACP table memory at [mem 0xbffe149d-0xbffe1510]
[    0.005538] kernel: ACPI: Reserving DSDT table memory at [mem 0xbffe0040-0xbffe149c]
[    0.005539] kernel: ACPI: Reserving FACS table memory at [mem 0xbffe0000-0xbffe003f]
[    0.005540] kernel: ACPI: Reserving APIC table memory at [mem 0xbffe1511-0xbffe1590]
[    0.005540] kernel: ACPI: Reserving HPET table memory at [mem 0xbffe1591-0xbffe15c8]
[    0.005810] kernel: No NUMA configuration found
[    0.005811] kernel: Faking a node at [mem 0x0000000000000000-0x00000002bfffffff]
[    0.005814] kernel: NODE_DATA(0) allocated [mem 0x2bfffa000-0x2bfffdfff]
[    0.005881] kernel: Zone ranges:
[    0.005882] kernel:   DMA      [mem 0x0000000000001000-0x0000000000ffffff]
[    0.005883] kernel:   DMA32    [mem 0x0000000001000000-0x00000000ffffffff]
[    0.005884] kernel:   Normal   [mem 0x0000000100000000-0x00req.flags ea2
[D 01/16/2023 17:42:13] PVFS2 Server version 2.9.7-orangefs-REV-65ab0d2 starting.
[E 01/16/2023 17:43:19] PVFS2 server got signal 15 (server_status_flag: 2080767)
[D 02/18/2023 14:39:31] PVFS2 Server version 2.9.7-orangefs-REV-65ab0d2 starting.
[D 02/18/2023 14:47:30] PVFS2 received server: signal 1
[E 02/18/2023 14:47:30] PVFS2 server got signal 15 (server_status_flag: 2080767)
offset[5]:  832, xstate_sizes[5]:   64
[    0.000000] kernel: x86/fpu: xstate_offset[6]:  896, xstate_sizes[6]:  512
[    0.000000] kernel: x86/fpu: xstate_offset[7]: 1408, xstate_sizes[7]: 1024
[    0.000000] kernel: x86/fpu: xstate_offset[9]: 2432, xstate_sizes[9]:    8
[    0.000000] kernel: x86/fpu: Enabled xstate features 0x2e7, context size is 2440 bytes, using 'compacted' format.
[    0.000000] kernel: signal: max sigframe size: 3632
[    0.000000] kernel: BIOS-provided physical RAM map:
[    0.000000] kernel: BIOS-e820: [mem 0x0000000000000000-0x000000000009fbff] usable
[    0.000000] kernel: BIOS-e820: [mem 0x000000000009fc00-0x000000000009ffff] reserved
[    0.000000] kernel: BIOS-e820: [mem 0x00000000000f0000-0x00000000000fffff] reserved
[    0.000000] kernel: BIOS-e820: [mem 0x0000000000100000-0x00000000bffdffff] usable
[    0.000000] kernel: BIOS-e820: [mem 0x00000000bffe0000-0x00000000bfffffff] reserved
[    0.000000] kernel: BIOS-e820: [mem 0x00000000feffc000-0x00000000000002bfffffff]
[    0.005886] kernel: Movable zone start for each node
[    0.005886] kernel: Early memory node ranges
[    0.005887] kernel:   node   0: [mem 0x0000000000001000-0x000000000009efff]
[    0.005888] kernel:   node   0: [mem 0x0000000000100000-0x00000000bffdffff]
[    0.005889] kernel:   node   0: [mem 0x0000000100000000-0x00000002bfffffff]
[    0.005890] kernel: Initmem setup node 0 [mem 0x0000000000001000-0x00000002bfffffff]
[    0.006499] kernel: On node 0, zone DMA: 1 pages in unavailable ranges
[    0.006509] kernel: On node 0, zone DMA: 97 pages in unavailable ranges
[    0.072300] kernel: On node 0, zone Normal: 32 pages in unavailable ranges
[    0.584866] kernel: kasan: KernelAddressSanitizer initialized
[    0.585191] kernel: ACPI: PM-Timer IO Port: 0x608
[    0.585198] kernel: ACPI: LAPIC_NMI (acpi_id[0xff] dfl dfl lint[0x1])
[    0.585237] kernel: IOAPIC[0]: apic_id 0, version 17, address 0xfec00000, GSI 0-23
[    0.585240] kernel: ACPI: INT_SRC_OVR (bus 0 bufeffffff] reserved
[    0.000000] kernel: BIOS-e820: [mem 0x00000000fffc0000-0x00000000ffffffff] reserved
[    0.000000] kernel: BIOS-e820: [mem 0x0000000100000000-0x00000002bfffffff] usable
[    0.000000] kernel: NX (Execute Disable) protection: active
[    0.000000] kernel: SMBIOS 2.8 present.
[    0.000000] kernel: DMI: QEMU Standard PC (i440FX + PIIX, 1996), BIOS 1.13.0-1ubuntu1.1 04/01/2014
[    0.000000] kernel: Hypervisor detected: KVM
[    0.000000] kernel: kvm-clock: Using msrs 4b564d01 and 4b564d00
[    0.000000] kernel: kvm-clock: cpu 0, msr 29926e001, primary cpu clock
[    0.000001] kernel: kvm-clock: using sched offset of 366393597 cycles
[    0.000003] kernel: clocksource: kvm-clock: mask: 0xffffffffffffffff max_cycles: 0x1cd42e4dffb, max_idle_ns: 881590591483 ns
[    0.000005] kernel: tsc: Detected 2593.906 MHz processor
[    0.000438] kernel: e820: update [mem 0x00000000-0x00000fff] usable ==> reserved
[    0.000440] kernel: e820: remove [mem 0x000a0000-0x000fffff] uss_irq 0 global_irq 2 dfl dfl)
[    0.585242] kernel: ACPI: INT_SRC_OVR (bus 0 bus_irq 5 global_irq 5 high level)
[    0.585243] kernel: ACPI: INT_SRC_OVR (bus 0 bus_irq 9 global_irq 9 high level)
[    0.585244] kernel: ACPI: INT_SRC_OVR (bus 0 bus_irq 10 global_irq 10 high level)
[    0.585245] kernel: ACPI: INT_SRC_OVR (bus 0 bus_irq 11 global_irq 11 high level)
[    0.585248] kernel: ACPI: Using ACPI (MADT) for SMP configuration information
[    0.585249] kernel: ACPI: HPET id: 0x8086a201 base: 0xfed00000
[    0.585252] kernel: TSC deadline timer available
[    0.585253] kernel: smpboot: Allowing 2 CPUs, 0 hotplug CPUs
[    0.585275] kernel: kvm-guest: KVM setup pv remote TLB flush
[    0.585279] kernel: kvm-guest: setup PV sched yield
[    0.585285] kernel: PM: hibernation: Registered nosave memory: [mem 0x00000000-0x00000fff]
[    0.585287] kernel: PM: hibernation: Registered nosave memory: [mem 0x0009f000-0x0009ffff]
[    0.585288] kernel: PM: hibernation: Registered nosave memory: [mem 0x000a0000-0x000effff]
[    0.585288] kernel: PM: hibernation: Registered nosave memory: [mem 0x000f0000-0x000fffff]
[    0.585289] kernel: PM: hibernation: Registered nosave memory: [mem 0xbffe0000-0xbfffffff]
[    0.585290] kernel: PM: hibernation: Registered nosave memory: [mem 0xc0000000-0xfeffbfff]
[    0.585291] kernel: PM: hibernation: Registered nosave memory: [mem 0xfeffc000-0xfeffffff]
[    0.585291] kernel: PM: hibernation: Registered nosave memory: [mem 0xff000000-0xfffbffff]
[    0.585292] kernel: PM: hibernation: Registered nosave memory: [mem 0xfffc0000-0xffffffff]
[    0.585293] kernel: [mem 0xc0000000-0xfeffbfff] available for PCI devices
[    0.585294] kernel: Booting paravirtualized kernel on KVM
[    0.585297] kernel: clocksource: refined-jiffies: mask: 0xffffffff max_cycles: 0xffffffff, max_idle_ns: 1910969940391419 ns
[    0.589176] kernel: setup_percpu: NR_CPUS:64 nr_cpumask_bits:64 nr_cpu_ids:2 nr_node_ids:1
[    0.589952] kernel: percpu: Embedded 56 paable
[    0.000443] kernel: last_pfn = 0x2c0000 max_arch_pfn = 0x10000000000
[    0.000497] kernel: x86/PAT: Configuration [0-7]: WB  WC  UC- UC  WB  WP  UC- WT  
[    0.000503] kernel: last_pfn = 0xbffe0 max_arch_pfn = 0x10000000000
[    0.004671] kernel: found SMP MP-table at [mem 0x000f5c80-0x000f5c8f]
[    0.004696] kernel: Using GB pages for direct mapping
[    0.004813] kernel: ACPI: Early table checksum verification disabled
[    0.004817] kernel: ACPI: RSDP 0x00000000000F5A50 000014 (v00 BOCHS )
[    0.004825] kernel: ACPI: RSDT 0x00000000BFFE15C9 000030 (v01 BOCHS  BXPCRSDT 00000001 BXPC 00000001)
[    0.004831] kernel: ACPI: FACP 0x00000000BFFE149D 000074 (v01 BOCHS  BXPCFACP 00000001 BXPC 00000001)
[    0.004836] kernel: ACPI: DSDT 0x00000000BFFE0040 00145D (v01 BOCHS  BXPCDSDT 00000001 BXPC 00000001)
[    0.004839] kernel: ACPI: FACS 0x00000000BFFE0000 000040
[    0.004841] kernel: ACPI: APIC 0x00000000BFFE1511 000080 (v01 BOCHS  BXPCAPIC 00000001 BXPC 00000001)
[    0.004ges/cpu s191576 r8192 d29608 u1048576
[    0.589957] kernel: pcpu-alloc: s191576 r8192 d29608 u1048576 alloc=1*2097152
[    0.589960] kernel: pcpu-alloc: [0] 0 1 
[    0.589984] kernel: kvm-guest: setup async PF for cpu 0
[    0.589990] kernel: kvm-guest: stealtime: cpu 0, msr 26561f140
[    0.589994] kernel: Built 1 zonelists, mobility grouping on.  Total pages: 2580192
[    0.589995] kernel: Policy zone: Normal
[    0.589996] kernel: Kernel command line: root=/dev/sda console=ttyS0 net.ifnames=0 ip=192.168.0.36 quiet
[    0.596310] kernel: Dentry cache hash table entries: 2097152 (order: 12, 16777216 bytes, linear)
[    0.599068] kernel: Inode-cache hash table entries: 1048576 (order: 11, 8388608 bytes, linear)
[    0.599121] kernel: mem auto-init: stack:off, heap alloc:off, heap free:off
[    0.853046] kernel: Memory: 8872644K/10485240K available (14348K kernel code, 2403K rwdata, 3568K rodata, 1384K init, 1732K bss, 1612396K reserved, 0K cma-reserved)
[    0.853133] kernel: SLUB: 843] kernel: ACPI: HPET 0x00000000BFFE1591 000038 (v01 BOCHS  BXPCHPET 00000001 BXPC 00000001)
[    0.004845] kernel: ACPI: Reserving FACP table memory at [mem 0xbffe149d-0xbffe1510]
[    0.004846] kernel: ACPI: Reserving DSDT table memory at [mem 0xbffe0040-0xbffe149c]
[    0.004847] kernel: ACPI: Reserving FACS table memory at [mem 0xbffe0000-0xbffe003f]
[    0.004847] kernel: ACPI: Reserving APIC table memory at [mem 0xbffe1511-0xbffe1590]
[    0.004848] kernel: ACPI: Reserving HPET table memory at [mem 0xbffe1591-0xbffe15c8]
[    0.005106] kernel: No NUMA configuration found
[    0.005107] kernel: Faking a node at [mem 0x0000000000000000-0x00000002bfffffff]
[    0.005109] kernel: NODE_DATA(0) allocated [mem 0x2bfffc000-0x2bfffffff]
[    0.005961] kernel: Zone ranges:
[    0.005962] kernel:   DMA      [mem 0x0000000000001000-0x0000000000ffffff]
[    0.005964] kernel:   DMA32    [mem 0x0000000001000000-0x00000000ffffffff]
[    0.005965] kernel:   Normal   [mem 0x0000000100000000-0x0HWalign=64, Order=0-3, MinObjects=0, CPUs=2, Nodes=1
[    0.853820] kernel: rcu: Hierarchical RCU implementation.
[    0.853821] kernel: rcu:         RCU event tracing is enabled.
[    0.853822] kernel: rcu:         RCU restricting CPUs from NR_CPUS=64 to nr_cpu_ids=2.
[    0.853825] kernel: rcu: RCU calculated value of scheduler-enlistment delay is 100 jiffies.
[    0.853826] kernel: rcu: Adjusting geometry for rcu_fanout_leaf=16, nr_cpu_ids=2
[    0.856513] kernel: NR_IRQS: 4352, nr_irqs: 440, preallocated irqs: 16
[    0.856720] kernel: random: get_random_bytes called from start_kernel+0x4b1/0x67a with crng_init=0
[    0.860582] kernel: Console: colour VGA+ 80x25
[    0.860627] kernel: printk: console [ttyS0] enabled
[    0.860644] kernel: ACPI: Core revision 20210730
[    0.860786] kernel: clocksource: hpet: mask: 0xffffffff max_cycles: 0xffffffff, max_idle_ns: 19112604467 ns
[    0.860908] kernel: APIC: Switch to symmetric I/O mode setup
[    0.860911] kernel: kvm-guest: setup PV0000002bfffffff]
[    0.005966] kernel: Movable zone start for each node
[    0.005967] kernel: Early memory node ranges
[    0.005967] kernel:   node   0: [mem 0x0000000000001000-0x000000000009efff]
[    0.005969] kernel:   node   0: [mem 0x0000000000100000-0x00000000bffdffff]
[    0.005970] kernel:   node   0: [mem 0x0000000100000000-0x00000002bfffffff]
[    0.005971] kernel: Initmem setup node 0 [mem 0x0000000000001000-0x00000002bfffffff]
[    0.006602] kernel: On node 0, zone DMA: 1 pages in unavailable ranges
[    0.006613] kernel: On node 0, zone DMA: 97 pages in unavailable ranges
[    0.071231] kernel: On node 0, zone Normal: 32 pages in unavailable ranges
[    0.598552] kernel: kasan: KernelAddressSanitizer initialized
[    0.598904] kernel: ACPI: PM-Timer IO Port: 0x608
[    0.598914] kernel: ACPI: LAPIC_NMI (acpi_id[0xff] dfl dfl lint[0x1])
[    0.598950] kernel: IOAPIC[0]: apic_id 0, version 17, address 0xfec00000, GSI 0-23
[    0.598953] kernel: ACPI: INT_SRC_OVR (bus 0 b IPIs
[    0.861818] kernel: ..TIMER: vector=0x30 apic1=0 pin1=2 apic2=-1 pin2=-1
[    0.861838] kernel: clocksource: tsc-early: mask: 0xffffffffffffffff max_cycles: 0x2563bf907c6, max_idle_ns: 440795319401 ns
[    0.861844] kernel: Calibrating delay loop (skipped) preset value.. 5187.81 BogoMIPS (lpj=2593906)
[    0.862841] kernel: pid_max: default: 32768 minimum: 301
[    0.862875] kernel: LSM: Security Framework initializing
[    0.862888] kernel: SELinux:  Initializing.
[    0.862979] kernel: Mount-cache hash table entries: 32768 (order: 6, 262144 bytes, linear)
[    0.863515] kernel: Mountpoint-cache hash table entries: 32768 (order: 6, 262144 bytes, linear)
[    0.863945] kernel: x86/cpu: User Mode Instruction Prevention (UMIP) activated
[    0.864027] kernel: Last level iTLB entries: 4KB 0, 2MB 0, 4MB 0
[    0.864028] kernel: Last level dTLB entries: 4KB 0, 2MB 0, 4MB 0, 1GB 0
[    0.864037] kernel: Spectre V1 : Mitigation: usercopy/swapgs barriers and __user pointer sanitizatius_irq 0 global_irq 2 dfl dfl)
[    0.598956] kernel: ACPI: INT_SRC_OVR (bus 0 bus_irq 5 global_irq 5 high level)
[    0.598957] kernel: ACPI: INT_SRC_OVR (bus 0 bus_irq 9 global_irq 9 high level)
[    0.598958] kernel: ACPI: INT_SRC_OVR (bus 0 bus_irq 10 global_irq 10 high level)
[    0.598960] kernel: ACPI: INT_SRC_OVR (bus 0 bus_irq 11 global_irq 11 high level)
[    0.598962] kernel: ACPI: Using ACPI (MADT) for SMP configuration information
[    0.598963] kernel: ACPI: HPET id: 0x8086a201 base: 0xfed00000
[    0.598968] kernel: TSC deadline timer available
[    0.598969] kernel: smpboot: Allowing 2 CPUs, 0 hotplug CPUs
[    0.598993] kernel: kvm-guest: KVM setup pv remote TLB flush
[    0.598997] kernel: kvm-guest: setup PV sched yield
[    0.599006] kernel: PM: hibernation: Registered nosave memory: [mem 0x00000000-0x00000fff]
[    0.599008] kernel: PM: hibernation: Registered nosave memory: [mem 0x0009f000-0x0009ffff]
[    0.599008] kernel: PM: hibernation: Registered nosave memoon
[    0.864041] kernel: Spectre V2 : Mitigation: Enhanced IBRS
[    0.864041] kernel: Spectre V2 : Spectre v2 / SpectreRSB mitigation: Filling RSB on context switch
[    0.864043] kernel: Spectre V2 : mitigation: Enabling conditional Indirect Branch Prediction Barrier
[    0.864044] kernel: Speculative Store Bypass: Mitigation: Speculative Store Bypass disabled via prctl and seccomp
[    0.864045] kernel: TAA: Mitigation: TSX disabled
[    0.869806] kernel: Freeing SMP alternatives memory: 40K
[    0.869960] kernel: smpboot: CPU0: Intel(R) Xeon(R) Gold 6348 CPU @ 2.60GHz (family: 0x6, model: 0x6a, stepping: 0x6)
[    0.870088] kernel: Performance Events: Icelake events, 32-deep LBR, full-width counters, Intel PMU driver.
[    0.870899] kernel: ... version:                2
[    0.870901] kernel: ... bit width:              48
[    0.870902] kernel: ... generic registers:      8
[    0.870902] kernel: ... value mask:             0000ffffffffffff
[    0.870903] kernel: ... max period:ry: [mem 0x000a0000-0x000effff]
[    0.599009] kernel: PM: hibernation: Registered nosave memory: [mem 0x000f0000-0x000fffff]
[    0.599010] kernel: PM: hibernation: Registered nosave memory: [mem 0xbffe0000-0xbfffffff]
[    0.599011] kernel: PM: hibernation: Registered nosave memory: [mem 0xc0000000-0xfeffbfff]
[    0.599012] kernel: PM: hibernation: Registered nosave memory: [mem 0xfeffc000-0xfeffffff]
[    0.599012] kernel: PM: hibernation: Registered nosave memory: [mem 0xff000000-0xfffbffff]
[    0.599013] kernel: PM: hibernation: Registered nosave memory: [mem 0xfffc0000-0xffffffff]
[    0.599015] kernel: [mem 0xc0000000-0xfeffbfff] available for PCI devices
[    0.599016] kernel: Booting paravirtualized kernel on KVM
[    0.599019] kernel: clocksource: refined-jiffies: mask: 0xffffffff max_cycles: 0xffffffff, max_idle_ns: 1910969940391419 ns
[    0.603196] kernel: setup_percpu: NR_CPUS:64 nr_cpumask_bits:64 nr_cpu_ids:2 nr_node_ids:1
[    0.603938] kernel: percpu: Embedded 56 p             00007fffffffffff
[    0.870904] kernel: ... fixed-purpose events:   3
[    0.870905] kernel: ... event mask:             00000007000000ff
[    0.871081] kernel: rcu: Hierarchical SRCU implementation.
[    0.871444] kernel: smp: Bringing up secondary CPUs ...
[    0.871579] kernel: x86: Booting SMP configuration:
[    0.871580] kernel: .... node  #0, CPUs:      #1
[    0.005150] kernel: kvm-clock: cpu 1, msr 81a6e041, secondary cpu clock
[    0.005150] kernel: smpboot: CPU 1 Converting physical 0 to logical die 1
[    0.879909] kernel: kvm-guest: setup async PF for cpu 1
[    0.879909] kernel: kvm-guest: stealtime: cpu 1, msr 26571f140
[    0.879909] kernel: smp: Brought up 1 node, 2 CPUs
[    0.879909] kernel: smpboot: Max logical packages: 2
[    0.879909] kernel: smpboot: Total of 2 processors activated (10375.62 BogoMIPS)
[    0.880551] kernel: devtmpfs: initialized
[    0.881089] kernel: clocksource: jiffies: mask: 0xffffffff max_cycles: 0xffffffff, max_idle_ns: 19112ages/cpu s191576 r8192 d29608 u1048576
[    0.603944] kernel: pcpu-alloc: s191576 r8192 d29608 u1048576 alloc=1*2097152
[    0.603948] kernel: pcpu-alloc: [0] 0 1 
[    0.603974] kernel: kvm-guest: setup async PF for cpu 0
[    0.603979] kernel: kvm-guest: stealtime: cpu 0, msr 26381f140
[    0.603984] kernel: Built 1 zonelists, mobility grouping on.  Total pages: 2580192
[    0.603985] kernel: Policy zone: Normal
[    0.603988] kernel: Kernel command line: root=/dev/sda console=ttyS0 net.ifnames=0 ip=192.168.0.38 quiet
[    0.609577] kernel: Dentry cache hash table entries: 2097152 (order: 12, 16777216 bytes, linear)
[    0.612566] kernel: Inode-cache hash table entries: 1048576 (order: 11, 8388608 bytes, linear)
[    0.612628] kernel: mem auto-init: stack:off, heap alloc:off, heap free:off
[    0.896560] kernel: Memory: 8872652K/10485240K available (14348K kernel code, 2403K rwdata, 3568K rodata, 1384K init, 1732K bss, 1612388K reserved, 0K cma-reserved)
[    0.896653] kernel: SLUB:60446275000 ns
[    0.881089] kernel: futex hash table entries: 512 (order: 3, 32768 bytes, linear)
[    0.881115] kernel: PM: RTC time: 08:00:43, date: 2023-03-12
[    0.881909] kernel: NET: Registered PF_NETLINK/PF_ROUTE protocol family
[    0.882092] kernel: audit: initializing netlink subsys (disabled)
[    0.883064] kernel: thermal_sys: Registered thermal governor 'step_wise'
[    0.883065] kernel: thermal_sys: Registered thermal governor 'user_space'
[    0.883095] kernel: audit: type=2000 audit(1678608043.182:1): state=initialized audit_enabled=0 res=1
[    0.883097] kernel: cpuidle: using governor menu
[    0.883097] kernel: ACPI: bus type PCI registered
[    0.883097] kernel: PCI: Using configuration type 1 for base access
[    0.889527] kernel: Kprobes globally optimized
[    0.890951] kernel: HugeTLB registered 2.00 MiB page size, pre-allocated 0 pages
[    0.891155] kernel: cryptomgr_test (26) used greatest stack depth: 31400 bytes left
[    0.897007] kernel: ACPI: Added _OSI(Module Device)
[    0.897007] kernel: ACPI: Added _OSI(Processor Device)
[    0.897007] kernel: ACPI: Added _OSI(3.0 _SCP Extensions)
[    0.897007] kernel: ACPI: Added _OSI(Processor Aggregator Device)
[    0.897007] kernel: ACPI: Added _OSI(Linux-Dell-Video)
[    0.897007] kernel: ACPI: Added _OSI(Linux-Lenovo-NV-HDMI-Audio)
[    0.897007] kernel: ACPI: Added _OSI(Linux-HPI-Hybrid-Graphics)
[    0.905855] kernel: ACPI: 1 ACPI AML tables successfully acquired and loaded
[    0.912759] kernel: ACPI: Interpreter enabled
[    0.912789] kernel: ACPI: PM: (supports S0 S3 S4 S5)
[    0.912790] kernel: ACPI: Using IOAPIC for interrupt routing
[    0.912819] kernel: PCI: Using host bridge windows from ACPI; if necessary, use "pci=nocrs" and report a bug
[    0.913172] kernel: ACPI: Enabled 2 GPEs in block 00 to 0F
[    0.923119] kernel: ACPI: PCI Root Bridge [PCI0] (domain 0000 [bus 00-ff])
[    0.923129] kernel: acpi PNP0A03:00: _OSC: OS supports [ASPM ClockPM Segments MSI HPX-Type3]
[  HWalign=64, Order=0-3, MinObjects=0, CPUs=2, Nodes=1
[    0.897201] kernel: rcu: Hierarchical RCU implementation.
[    0.897203] kernel: rcu:         RCU event tracing is enabled.
[    0.897204] kernel: rcu:         RCU restricting CPUs from NR_CPUS=64 to nr_cpu_ids=2.
[    0.897207] kernel: rcu: RCU calculated value of scheduler-enlistment delay is 100 jiffies.
[    0.897208] kernel: rcu: Adjusting geometry for rcu_fanout_leaf=16, nr_cpu_ids=2
[    0.899878] kernel: NR_IRQS: 4352, nr_irqs: 440, preallocated irqs: 16
[    0.900075] kernel: random: get_random_bytes called from start_kernel+0x4b1/0x67a with crng_init=0
[    0.905499] kernel: Console: colour VGA+ 80x25
[    0.905577] kernel: printk: console [ttyS0] enabled
[    0.905598] kernel: ACPI: Core revision 20210730
[    0.905749] kernel: clocksource: hpet: mask: 0xffffffff max_cycles: 0xffffffff, max_idle_ns: 19112604467 ns
[    0.905969] kernel: APIC: Switch to symmetric I/O mode setup
[    0.905972] kernel: kvm-guest: setup P   0.923172] kernel: acpi PNP0A03:00: fail to add MMCONFIG information, can't access extended PCI configuration space under this bridge.
[    0.923272] kernel: PCI host bridge to bus 0000:00
[    0.923274] kernel: pci_bus 0000:00: root bus resource [io  0x0000-0x0cf7 window]
[    0.923276] kernel: pci_bus 0000:00: root bus resource [io  0x0d00-0xffff window]
[    0.923278] kernel: pci_bus 0000:00: root bus resource [mem 0x000a0000-0x000bffff window]
[    0.923280] kernel: pci_bus 0000:00: root bus resource [mem 0xc0000000-0xfebfffff window]
[    0.923282] kernel: pci_bus 0000:00: root bus resource [mem 0x2c0000000-0x33fffffff window]
[    0.923284] kernel: pci_bus 0000:00: root bus resource [bus 00-ff]
[    0.923774] kernel: pci 0000:00:00.0: [8086:1237] type 00 class 0x060000
[    0.924660] kernel: pci 0000:00:01.0: [8086:7000] type 00 class 0x060100
[    0.925378] kernel: pci 0000:00:01.1: [8086:7010] type 00 class 0x010180
[    0.927586] kernel: pci 0000:00:01.1: reg 0x20: [io  0xcV IPIs
[    0.906810] kernel: ..TIMER: vector=0x30 apic1=0 pin1=2 apic2=-1 pin2=-1
[    0.906831] kernel: clocksource: tsc-early: mask: 0xffffffffffffffff max_cycles: 0x2563bf907c6, max_idle_ns: 440795319401 ns
[    0.906857] kernel: Calibrating delay loop (skipped) preset value.. 5187.81 BogoMIPS (lpj=2593906)
[    0.906859] kernel: pid_max: default: 32768 minimum: 301
[    0.906893] kernel: LSM: Security Framework initializing
[    0.906908] kernel: SELinux:  Initializing.
[    0.906982] kernel: Mount-cache hash table entries: 32768 (order: 6, 262144 bytes, linear)
[    0.907423] kernel: Mountpoint-cache hash table entries: 32768 (order: 6, 262144 bytes, linear)
[    0.907827] kernel: x86/cpu: User Mode Instruction Prevention (UMIP) activated
[    0.908917] kernel: Last level iTLB entries: 4KB 0, 2MB 0, 4MB 0
[    0.908918] kernel: Last level dTLB entries: 4KB 0, 2MB 0, 4MB 0, 1GB 0
[    0.908929] kernel: Spectre V1 : Mitigation: usercopy/swapgs barriers and __user pointer sanitizat040-0xc04f]
[    0.928332] kernel: pci 0000:00:01.1: legacy IDE quirk: reg 0x10: [io  0x01f0-0x01f7]
[    0.928335] kernel: pci 0000:00:01.1: legacy IDE quirk: reg 0x14: [io  0x03f6]
[    0.928336] kernel: pci 0000:00:01.1: legacy IDE quirk: reg 0x18: [io  0x0170-0x0177]
[    0.928337] kernel: pci 0000:00:01.1: legacy IDE quirk: reg 0x1c: [io  0x0376]
[    0.929201] kernel: pci 0000:00:01.3: [8086:7113] type 00 class 0x068000
[    0.929494] kernel: pci 0000:00:01.3: quirk: [io  0x0600-0x063f] claimed by PIIX4 ACPI
[    0.929500] kernel: pci 0000:00:01.3: quirk: [io  0x0700-0x070f] claimed by PIIX4 SMB
[    0.930269] kernel: pci 0000:00:02.0: [1234:1111] type 00 class 0x030000
[    0.931344] kernel: pci 0000:00:02.0: reg 0x10: [mem 0xfd000000-0xfdffffff pref]
[    0.933806] kernel: pci 0000:00:02.0: reg 0x18: [mem 0xfeb90000-0xfeb90fff]
[    0.936597] kernel: pci 0000:00:02.0: reg 0x30: [mem 0xfeb80000-0xfeb8ffff pref]
[    0.937467] kernel: pci 0000:00:03.0: [1af4:1005] type 00 class ion
[    0.908933] kernel: Spectre V2 : Mitigation: Enhanced IBRS
[    0.908934] kernel: Spectre V2 : Spectre v2 / SpectreRSB mitigation: Filling RSB on context switch
[    0.908936] kernel: Spectre V2 : mitigation: Enabling conditional Indirect Branch Prediction Barrier
[    0.908937] kernel: Speculative Store Bypass: Mitigation: Speculative Store Bypass disabled via prctl and seccomp
[    0.908938] kernel: TAA: Mitigation: TSX disabled
[    0.914895] kernel: Freeing SMP alternatives memory: 40K
[    0.915055] kernel: smpboot: CPU0: Intel(R) Xeon(R) Gold 6348 CPU @ 2.60GHz (family: 0x6, model: 0x6a, stepping: 0x6)
[    0.915171] kernel: Performance Events: Icelake events, 32-deep LBR, full-width counters, Intel PMU driver.
[    0.915258] kernel: ... version:                2
[    0.915260] kernel: ... bit width:              48
[    0.915260] kernel: ... generic registers:      8
[    0.915261] kernel: ... value mask:             0000ffffffffffff
[    0.915262] kernel: ... max period0x00ff00
[    0.937843] kernel: pci 0000:00:03.0: reg 0x10: [io  0xc000-0xc01f]
[    0.940258] kernel: pci 0000:00:03.0: reg 0x20: [mem 0xfe200000-0xfe203fff 64bit pref]
[    0.941875] kernel: pci 0000:00:04.0: [1af4:1000] type 00 class 0x020000
[    0.942844] kernel: pci 0000:00:04.0: reg 0x10: [io  0xc020-0xc03f]
[    0.943843] kernel: pci 0000:00:04.0: reg 0x14: [mem 0xfeb91000-0xfeb91fff]
[    0.946843] kernel: pci 0000:00:04.0: reg 0x20: [mem 0xfe204000-0xfe207fff 64bit pref]
[    0.947843] kernel: pci 0000:00:04.0: reg 0x30: [mem 0xfeb00000-0xfeb7ffff pref]
[    0.948910] kernel: pci 0000:00:10.0: [1af4:1110] type 00 class 0x050000
[    0.950846] kernel: pci 0000:00:10.0: reg 0x10: [mem 0xfeb92000-0xfeb920ff]
[    0.952185] kernel: pci 0000:00:10.0: reg 0x18: [mem 0xfe000000-0xfe0fffff 64bit pref]
[    0.955025] kernel: pci 0000:00:11.0: [1af4:1110] type 00 class 0x050000
[    0.955637] kernel: pci 0000:00:11.0: reg 0x10: [mem 0xfeb93000-0xfeb930ff]
[    0.956664] kernel: pci 00:             00007fffffffffff
[    0.915263] kernel: ... fixed-purpose events:   3
[    0.915264] kernel: ... event mask:             00000007000000ff
[    0.915833] kernel: rcu: Hierarchical SRCU implementation.
[    0.916176] kernel: smp: Bringing up secondary CPUs ...
[    0.916292] kernel: x86: Booting SMP configuration:
[    0.916293] kernel: .... node  #0, CPUs:      #1
[    0.006790] kernel: kvm-clock: cpu 1, msr 29926e041, secondary cpu clock
[    0.006790] kernel: smpboot: CPU 1 Converting physical 0 to logical die 1
[    0.933861] kernel: kvm-guest: setup async PF for cpu 1
[    0.933871] kernel: kvm-guest: stealtime: cpu 1, msr 26391f140
[    0.934884] kernel: smp: Brought up 1 node, 2 CPUs
[    0.934889] kernel: smpboot: Max logical packages: 2
[    0.934891] kernel: smpboot: Total of 2 processors activated (10375.62 BogoMIPS)
[    0.935938] kernel: devtmpfs: initialized
[    0.936970] kernel: clocksource: jiffies: mask: 0xffffffff max_cycles: 0xffffffff, max_idle_ns: 19100:00:11.0: reg 0x18: [mem 0xfe208000-0xfe2083ff 64bit pref]
[    0.959351] kernel: pci 0000:00:12.0: [1af4:1110] type 00 class 0x050000
[    0.960844] kernel: pci 0000:00:12.0: reg 0x10: [mem 0xfeb94000-0xfeb940ff]
[    0.961843] kernel: pci 0000:00:12.0: reg 0x18: [mem 0xfe100000-0xfe1fffff 64bit pref]
[    0.966565] kernel: ACPI: PCI: Interrupt link LNKA configured for IRQ 10
[    0.966909] kernel: ACPI: PCI: Interrupt link LNKB configured for IRQ 10
[    0.967226] kernel: ACPI: PCI: Interrupt link LNKC configured for IRQ 11
[    0.967545] kernel: ACPI: PCI: Interrupt link LNKD configured for IRQ 11
[    0.967672] kernel: ACPI: PCI: Interrupt link LNKS configured for IRQ 9
[    0.968284] kernel: iommu: Default domain type: Translated 
