2023/03/11 13:22:38 fuzzer started
2023/03/11 13:22:39 dialing manager at localhost:42025
2023/03/11 13:22:39 syscalls: 130
2023/03/11 13:22:39 code coverage: enabled
2023/03/11 13:22:39 comparison tracing: enabled
2023/03/11 13:22:39 extra coverage: enabled
2023/03/11 13:22:39 setuid sandbox: enabled
2023/03/11 13:22:39 namespace sandbox: /proc/self/ns/user does not exist
2023/03/11 13:22:39 Android sandbox: /sys/fs/selinux/policy can't be opened (open /sys/fs/selinux/policy: invalid argument)
2023/03/11 13:22:39 fault injection: CONFIG_FAULT_INJECTION_DEBUG_FS or CONFIG_FAILSLAB are not enabled
2023/03/11 13:22:39 leak checking: CONFIG_DEBUG_KMEMLEAK is not enabled
2023/03/11 13:22:39 net packet injection: /dev/net/tun does not exist
2023/03/11 13:22:39 net device setup: enabled
2023/03/11 13:22:39 concurrency sanitizer: /sys/kernel/debug/kcsan does not exist
2023/03/11 13:22:39 devlink PCI setup: enabled
2023/03/11 13:22:39 USB emulation: /dev/raw-gadget does not exist
2023/03/11 13:22:39 hci packet injection: /dev/vhci does not exist
2023/03/11 13:22:39 wifi device emulation: /sys/class/mac80211_hwsim/ does not exist
2023/03/11 13:22:39 802.15.4 emulation: /sys/bus/platform/devices/mac802154_hwsim does not exist
2023/03/11 13:22:39 deserializeInput: hasCrash true hasNet false
2023/03/11 13:22:39 prog length: 6
2023/03/11 13:22:39 prog length: 3
2023/03/11 13:22:39 deserializeInput: hasCrash true hasNet false
2023/03/11 13:22:39 prog length: 6
2023/03/11 13:22:39 prog length: 6
2023/03/11 13:22:39 prog length: 6
2023/03/11 13:22:39 prog length: 7
2023/03/11 13:22:39 deserializeInput: hasCrash true hasNet false
2023/03/11 13:22:39 prog length: 6
2023/03/11 13:22:39 prog length: 3
2023/03/11 13:22:39 deserializeInput: hasCrash true hasNet false
2023/03/11 13:22:39 prog length: 6
2023/03/11 13:22:39 prog length: 3
2023/03/11 13:22:39 deserializeInput: hasCrash true hasNet false
2023/03/11 13:22:39 prog length: 6
2023/03/11 13:22:39 prog length: 6
2023/03/11 13:22:39 prog length: 5
2023/03/11 13:22:39 deserializeInput: hasCrash true hasNet false
2023/03/11 13:22:39 prog length: 6
2023/03/11 13:22:39 prog length: 6
2023/03/11 13:22:39 prog length: 5
2023/03/11 13:22:39 deserializeInput: hasCrash true hasNet false
2023/03/11 13:22:39 prog length: 6
2023/03/11 13:22:39 prog length: 6
2023/03/11 13:22:39 prog length: 6
2023/03/11 13:22:39 prog length: 7
2023/03/11 13:22:39 deserializeInput: hasCrash true hasNet false
2023/03/11 13:22:39 prog length: 6
2023/03/11 13:22:39 prog length: 6
2023/03/11 13:22:39 prog length: 6
2023/03/11 13:22:39 prog length: 7
2023/03/11 13:22:39 deserializeInput: hasCrash true hasNet false
2023/03/11 13:22:39 prog length: 6
2023/03/11 13:22:39 prog length: 6
2023/03/11 13:22:39 prog length: 5
2023/03/11 13:22:39 deserializeInput: hasCrash true hasNet false
2023/03/11 13:22:39 prog length: 6
2023/03/11 13:22:39 prog length: 6
2023/03/11 13:22:39 prog length: 5
2023/03/11 13:22:39 deserializeInput: hasCrash true hasNet false
2023/03/11 13:22:39 prog length: 6
2023/03/11 13:22:39 prog length: 3
2023/03/11 13:22:39 deserializeInput: hasCrash true hasNet false
2023/03/11 13:22:39 prog length: 6
2023/03/11 13:22:39 prog length: 3
2023/03/11 13:22:39 deserializeInput: hasCrash true hasNet false
2023/03/11 13:22:39 prog length: 6
2023/03/11 13:22:39 prog length: 3
2023/03/11 13:22:39 deserializeInput: hasCrash true hasNet false
2023/03/11 13:22:39 prog length: 6
2023/03/11 13:22:39 prog length: 6
2023/03/11 13:22:39 prog length: 5
2023/03/11 13:22:39 deserializeInput: hasCrash true hasNet false
2023/03/11 13:22:39 prog length: 6
2023/03/11 13:22:39 prog length: 9
2023/03/11 13:22:39 deserializeInput: hasCrash true hasNet false
2023/03/11 13:22:39 prog length: 6
2023/03/11 13:22:39 prog length: 5
2023/03/11 13:22:39 deserializeInput: hasCrash true hasNet false
2023/03/11 13:22:39 prog length: 6
2023/03/11 13:22:39 prog length: 3
2023/03/11 13:22:39 deserializeInput: hasCrash false hasNet false
2023/03/11 13:22:39 prog length: 3
2023/03/11 13:22:39 deserializeInput: hasCrash true hasNet false
2023/03/11 13:22:39 prog length: 6
2023/03/11 13:22:39 prog length: 3
2023/03/11 13:22:39 deserializeInput: hasCrash true hasNet false
2023/03/11 13:22:39 prog length: 6
2023/03/11 13:22:39 prog length: 3
2023/03/11 13:22:39 deserializeInput: hasCrash true hasNet false
2023/03/11 13:22:39 prog length: 6
2023/03/11 13:22:39 prog length: 3
2023/03/11 13:22:39 deserializeInput: hasCrash true hasNet false
2023/03/11 13:22:39 prog length: 6
2023/03/11 13:22:39 prog length: 6
2023/03/11 13:22:39 prog length: 5
2023/03/11 13:22:39 deserializeInput: hasCrash true hasNet false
2023/03/11 13:22:39 prog length: 6
2023/03/11 13:22:39 prog length: 17
2023/03/11 13:22:39 deserializeInput: hasCrash false hasNet false
2023/03/11 13:22:39 prog length: 1
2023/03/11 13:22:39 deserializeInput: hasCrash true hasNet false
2023/03/11 13:22:39 prog length: 6
2023/03/11 13:22:39 prog length: 3
2023/03/11 13:22:39 deserializeInput: hasCrash true hasNet false
2023/03/11 13:22:39 prog length: 6
2023/03/11 13:22:39 prog length: 6
2023/03/11 13:22:39 prog length: 5
2023/03/11 13:22:39 deserializeInput: hasCrash true hasNet false
2023/03/11 13:22:39 prog length: 6
2023/03/11 13:22:39 prog length: 3
2023/03/11 13:22:39 deserializeInput: hasCrash true hasNet false
2023/03/11 13:22:39 prog length: 6
2023/03/11 13:22:39 prog length: 4
2023/03/11 13:22:39 deserializeInput: hasCrash true hasNet false
2023/03/11 13:22:39 prog length: 6
2023/03/11 13:22:39 prog length: 3
2023/03/11 13:22:39 deserializeInput: hasCrash true hasNet false
2023/03/11 13:22:39 prog length: 6
2023/03/11 13:22:39 prog length: 3
2023/03/11 13:22:39 deserializeInput: hasCrash true hasNet false
2023/03/11 13:22:39 prog length: 6
2023/03/11 13:22:39 prog length: 6
2023/03/11 13:22:39 prog length: 5
2023/03/11 13:22:39 deserializeInput: hasCrash true hasNet false
2023/03/11 13:22:39 prog length: 6
2023/03/11 13:22:39 prog length: 6
2023/03/11 13:22:39 prog length: 5
2023/03/11 13:22:39 deserializeInput: hasCrash true hasNet false
2023/03/11 13:22:39 prog length: 6
2023/03/11 13:22:39 prog length: 6
2023/03/11 13:22:39 prog length: 5
2023/03/11 13:22:39 deserializeInput: hasCrash true hasNet false
2023/03/11 13:22:39 prog length: 6
2023/03/11 13:22:39 prog length: 3
2023/03/11 13:22:39 deserializeInput: hasCrash true hasNet false
2023/03/11 13:22:39 prog length: 6
2023/03/11 13:22:39 prog length: 6
2023/03/11 13:22:39 prog length: 5
2023/03/11 13:22:39 deserializeInput: hasCrash true hasNet false
2023/03/11 13:22:39 prog length: 6
2023/03/11 13:22:39 prog length: 3
2023/03/11 13:22:39 deserializeInput: hasCrash true hasNet false
2023/03/11 13:22:39 prog length: 6
2023/03/11 13:22:39 prog length: 3
2023/03/11 13:22:39 deserializeInput: hasCrash true hasNet false
2023/03/11 13:22:39 prog length: 6
2023/03/11 13:22:39 prog length: 3
2023/03/11 13:22:39 deserializeInput: hasCrash true hasNet false
2023/03/11 13:22:39 prog length: 6
2023/03/11 13:22:39 prog length: 3
2023/03/11 13:22:39 deserializeInput: hasCrash true hasNet false
2023/03/11 13:22:39 prog length: 6
2023/03/11 13:22:39 prog length: 6
2023/03/11 13:22:39 prog length: 5
2023/03/11 13:22:39 deserializeInput: hasCrash true hasNet false
2023/03/11 13:22:39 prog length: 6
2023/03/11 13:22:39 prog length: 3
2023/03/11 13:22:39 deserializeInput: hasCrash true hasNet false
2023/03/11 13:22:39 prog length: 6
2023/03/11 13:22:39 prog length: 3
2023/03/11 13:22:39 deserializeInput: hasCrash true hasNet false
2023/03/11 13:22:39 prog length: 6
2023/03/11 13:22:39 prog length: 6
2023/03/11 13:22:39 prog length: 5
2023/03/11 13:22:39 deserializeInput: hasCrash true hasNet false
2023/03/11 13:22:39 prog length: 6
2023/03/11 13:22:39 prog length: 6
2023/03/11 13:22:39 prog length: 6
2023/03/11 13:22:39 deserializeInput: hasCrash true hasNet false
2023/03/11 13:22:39 prog length: 6
2023/03/11 13:22:39 prog length: 8
2023/03/11 13:22:39 deserializeInput: hasCrash true hasNet false
2023/03/11 13:22:39 prog length: 6
2023/03/11 13:22:39 prog length: 6
2023/03/11 13:22:39 prog length: 5
2023/03/11 13:22:39 deserializeInput: hasCrash true hasNet false
2023/03/11 13:22:39 prog length: 6
2023/03/11 13:22:39 prog length: 3
2023/03/11 13:22:39 deserializeInput: hasCrash true hasNet false
2023/03/11 13:22:39 prog length: 6
2023/03/11 13:22:39 prog length: 6
2023/03/11 13:22:39 prog length: 5
2023/03/11 13:22:39 deserializeInput: hasCrash true hasNet false
2023/03/11 13:22:39 prog length: 6
2023/03/11 13:22:39 prog length: 3
2023/03/11 13:22:39 deserializeInput: hasCrash true hasNet false
2023/03/11 13:22:39 prog length: 6
2023/03/11 13:22:39 prog length: 6
2023/03/11 13:22:39 prog length: 5
2023/03/11 13:22:39 fetching corpus: 50, signal 2633/12079/16281 (executing program)
2023/03/11 13:22:39 deserializeInput: hasCrash true hasNet false
2023/03/11 13:22:39 prog length: 6
2023/03/11 13:22:39 prog length: 3
2023/03/11 13:22:39 deserializeInput: hasCrash true hasNet false
2023/03/11 13:22:39 prog length: 6
2023/03/11 13:22:39 prog length: 6
2023/03/11 13:22:39 prog length: 5
2023/03/11 13:22:39 deserializeInput: hasCrash true hasNet false
2023/03/11 13:22:39 prog length: 6
2023/03/11 13:22:39 prog length: 6
2023/03/11 13:22:39 prog length: 6
2023/03/11 13:22:39 deserializeInput: hasCrash true hasNet false
2023/03/11 13:22:39 prog length: 6
2023/03/11 13:22:39 prog length: 3
2023/03/11 13:22:39 deserializeInput: hasCrash true hasNet false
2023/03/11 13:22:39 prog length: 6
2023/03/11 13:22:39 prog length: 6
2023/03/11 13:22:39 prog length: 6
2023/03/11 13:22:39 prog length: 7
2023/03/11 13:22:39 deserializeInput: hasCrash true hasNet false
2023/03/11 13:22:39 prog length: 6
2023/03/11 13:22:39 prog length: 6
2023/03/11 13:22:39 prog length: 5
2023/03/11 13:22:39 deserializeInput: hasCrash true hasNet false
2023/03/11 13:22:39 prog length: 6
2023/03/11 13:22:39 prog length: 3
2023/03/11 13:22:39 deserializeInput: hasCrash true hasNet false
2023/03/11 13:22:39 prog length: 6
2023/03/11 13:22:39 prog length: 7
2023/03/11 13:22:39 deserializeInput: hasCrash true hasNet false
2023/03/11 13:22:39 prog length: 6
2023/03/11 13:22:39 prog length: 6
2023/03/11 13:22:39 prog length: 5
2023/03/11 13:22:39 deserializeInput: hasCrash true hasNet false
2023/03/11 13:22:39 prog length: 6
2023/03/11 13:22:39 prog length: 3
2023/03/11 13:22:39 deserializeInput: hasCrash true hasNet false
2023/03/11 13:22:39 prog length: 6
2023/03/11 13:22:39 prog length: 3
2023/03/11 13:22:39 deserializeInput: hasCrash true hasNet false
2023/03/11 13:22:39 prog length: 6
2023/03/11 13:22:39 prog length: 6
2023/03/11 13:22:39 prog length: 6
2023/03/11 13:22:39 deserializeInput: hasCrash true hasNet false
2023/03/11 13:22:39 prog length: 6
2023/03/11 13:22:39 prog length: 3
2023/03/11 13:22:39 deserializeInput: hasCrash true hasNet false
2023/03/11 13:22:39 prog length: 6
2023/03/11 13:22:39 prog length: 6
2023/03/11 13:22:39 prog length: 6
2023/03/11 13:22:39 prog length: 7
2023/03/11 13:22:39 deserializeInput: hasCrash false hasNet false
2023/03/11 13:22:39 prog length: 3
2023/03/11 13:22:39 deserializeInput: hasCrash true hasNet false
2023/03/11 13:22:39 prog length: 6
2023/03/11 13:22:39 prog length: 3
2023/03/11 13:22:39 deserializeInput: hasCrash true hasNet false
2023/03/11 13:22:39 prog length: 6
2023/03/11 13:22:39 prog length: 6
2023/03/11 13:22:39 prog length: 5
2023/03/11 13:22:39 deserializeInput: hasCrash true hasNet false
2023/03/11 13:22:39 prog length: 6
2023/03/11 13:22:39 prog length: 3
2023/03/11 13:22:39 deserializeInput: hasCrash true hasNet false
2023/03/11 13:22:39 prog length: 6
2023/03/11 13:22:39 prog length: 3
2023/03/11 13:22:39 deserializeInput: hasCrash true hasNet false
2023/03/11 13:22:39 prog length: 6
2023/03/11 13:22:39 prog length: 3
2023/03/11 13:22:39 deserializeInput: hasCrash true hasNet false
2023/03/11 13:22:39 prog length: 6
2023/03/11 13:22:39 prog length: 3
2023/03/11 13:22:39 deserializeInput: hasCrash true hasNet false
2023/03/11 13:22:39 prog length: 6
2023/03/11 13:22:39 prog length: 4
2023/03/11 13:22:39 deserializeInput: hasCrash true hasNet false
2023/03/11 13:22:39 prog length: 6
2023/03/11 13:22:39 prog length: 8
2023/03/11 13:22:39 deserializeInput: hasCrash true hasNet false
2023/03/11 13:22:39 prog length: 6
2023/03/11 13:22:39 prog length: 3
2023/03/11 13:22:39 deserializeInput: hasCrash true hasNet false
2023/03/11 13:22:39 prog length: 6
2023/03/11 13:22:39 prog length: 6
2023/03/11 13:22:39 prog length: 5
2023/03/11 13:22:39 deserializeInput: hasCrash true hasNet false
2023/03/11 13:22:39 prog length: 6
2023/03/11 13:22:39 prog length: 3
2023/03/11 13:22:39 deserializeInput: hasCrash true hasNet false
2023/03/11 13:22:39 prog length: 6
2023/03/11 13:22:39 prog length: 3
2023/03/11 13:22:39 deserializeInput: hasCrash true hasNet false
2023/03/11 13:22:39 prog length: 6
2023/03/11 13:22:39 prog length: 4
2023/03/11 13:22:39 deserializeInput: hasCrash true hasNet false
2023/03/11 13:22:39 prog length: 6
2023/03/11 13:22:39 prog length: 3
2023/03/11 13:22:39 deserializeInput: hasCrash true hasNet false
2023/03/11 13:22:39 prog length: 6
2023/03/11 13:22:39 prog length: 3
2023/03/11 13:22:39 deserializeInput: hasCrash true hasNet false
2023/03/11 13:22:39 prog length: 6
2023/03/11 13:22:39 prog length: 6
2023/03/11 13:22:39 prog length: 6
2023/03/11 13:22:39 deserializeInput: hasCrash true hasNet false
2023/03/11 13:22:39 prog length: 6
2023/03/11 13:22:39 prog length: 6
2023/03/11 13:22:39 prog length: 5
2023/03/11 13:22:39 deserializeInput: hasCrash true hasNet false
2023/03/11 13:22:39 prog length: 6
2023/03/11 13:22:39 prog length: 3
2023/03/11 13:22:39 deserializeInput: hasCrash true hasNet false
2023/03/11 13:22:39 prog length: 6
2023/03/11 13:22:39 prog length: 6
2023/03/11 13:22:39 prog length: 5
2023/03/11 13:22:39 deserializeInput: hasCrash true hasNet false
2023/03/11 13:22:39 prog length: 6
2023/03/11 13:22:39 prog length: 6
2023/03/11 13:22:39 prog length: 5
2023/03/11 13:22:39 deserializeInput: hasCrash true hasNet false
2023/03/11 13:22:39 prog length: 6
2023/03/11 13:22:39 prog length: 3
2023/03/11 13:22:39 deserializeInput: hasCrash true hasNet false
2023/03/11 13:22:39 prog length: 6
2023/03/11 13:22:39 prog length: 6
2023/03/11 13:22:39 prog length: 5
2023/03/11 13:22:39 deserializeInput: hasCrash true hasNet false
2023/03/11 13:22:39 prog length: 6
2023/03/11 13:22:39 prog length: 9
2023/03/11 13:22:39 deserializeInput: hasCrash true hasNet false
2023/03/11 13:22:39 prog length: 6
2023/03/11 13:22:39 prog length: 3
2023/03/11 13:22:39 deserializeInput: hasCrash true hasNet false
2023/03/11 13:22:39 prog length: 6
2023/03/11 13:22:39 prog length: 3
2023/03/11 13:22:39 deserializeInput: hasCrash true hasNet false
2023/03/11 13:22:39 prog length: 6
2023/03/11 13:22:39 prog length: 3
2023/03/11 13:22:39 deserializeInput: hasCrash true hasNet false
2023/03/11 13:22:39 prog length: 6
2023/03/11 13:22:39 prog length: 3
2023/03/11 13:22:39 deserializeInput: hasCrash true hasNet false
2023/03/11 13:22:39 prog length: 6
2023/03/11 13:22:39 prog length: 3
2023/03/11 13:22:39 deserializeInput: hasCrash true hasNet false
2023/03/11 13:22:39 prog length: 6
2023/03/11 13:22:39 prog length: 4
2023/03/11 13:22:39 deserializeInput: hasCrash true hasNet false
2023/03/11 13:22:39 prog length: 6
2023/03/11 13:22:39 prog length: 19
2023/03/11 13:22:39 deserializeInput: hasCrash true hasNet false
2023/03/11 13:22:39 prog length: 6
2023/03/11 13:22:39 prog length: 6
2023/03/11 13:22:39 prog length: 5
2023/03/11 13:22:39 deserializeInput: hasCrash true hasNet false
2023/03/11 13:22:39 prog length: 6
2023/03/11 13:22:39 prog length: 6
2023/03/11 13:22:39 prog length: 5
2023/03/11 13:22:39 deserializeInput: hasCrash true hasNet false
2023/03/11 13:22:39 prog length: 6
2023/03/11 13:22:39 prog length: 3
2023/03/11 13:22:39 deserializeInput: hasCrash true hasNet false
2023/03/11 13:22:39 prog length: 6
2023/03/11 13:22:39 prog length: 6
2023/03/11 13:22:39 prog length: 5
2023/03/11 13:22:39 deserializeInput: hasCrash true hasNet false
2023/03/11 13:22:39 prog length: 6
2023/03/11 13:22:39 prog length: 3
2023/03/11 13:22:39 fetching corpus: 100, signal 3600/16100/22515 (executing program)
2023/03/11 13:22:39 deserializeInput: hasCrash false hasNet false
2023/03/11 13:22:39 prog length: 1
2023/03/11 13:22:39 deserializeInput: hasCrash true hasNet false
2023/03/11 13:22:39 prog length: 6
2023/03/11 13:22:39 prog length: 3
2023/03/11 13:22:39 deserializeInput: hasCrash true hasNet false
2023/03/11 13:22:39 prog length: 6
2023/03/11 13:22:39 prog length: 3
2023/03/11 13:22:39 deserializeInput: hasCrash true hasNet false
2023/03/11 13:22:39 prog length: 6
2023/03/11 13:22:39 prog length: 6
2023/03/11 13:22:39 prog length: 5
2023/03/11 13:22:39 deserializeInput: hasCrash true hasNet false
2023/03/11 13:22:39 prog length: 6
2023/03/11 13:22:39 prog length: 3
2023/03/11 13:22:39 deserializeInput: hasCrash true hasNet false
2023/03/11 13:22:39 prog length: 6
2023/03/11 13:22:39 prog length: 3
2023/03/11 13:22:39 deserializeInput: hasCrash true hasNet false
2023/03/11 13:22:39 prog length: 6
2023/03/11 13:22:39 prog length: 3
2023/03/11 13:22:39 deserializeInput: hasCrash true hasNet false
2023/03/11 13:22:39 prog length: 6
2023/03/11 13:22:39 prog length: 6
2023/03/11 13:22:39 prog length: 6
2023/03/11 13:22:39 prog length: 7
2023/03/11 13:22:39 deserializeInput: hasCrash true hasNet false
2023/03/11 13:22:39 prog length: 6
2023/03/11 13:22:39 prog length: 6
2023/03/11 13:22:39 prog length: 5
2023/03/11 13:22:39 deserializeInput: hasCrash true hasNet false
2023/03/11 13:22:39 prog length: 6
2023/03/11 13:22:39 prog length: 3
2023/03/11 13:22:39 deserializeInput: hasCrash true hasNet false
2023/03/11 13:22:39 prog length: 6
2023/03/11 13:22:39 prog length: 3
2023/03/11 13:22:39 deserializeInput: hasCrash true hasNet false
2023/03/11 13:22:39 prog length: 6
2023/03/11 13:22:39 prog length: 6
2023/03/11 13:22:39 prog length: 5
2023/03/11 13:22:39 deserializeInput: hasCrash true hasNet false
2023/03/11 13:22:39 prog length: 6
2023/03/11 13:22:39 prog length: 3
2023/03/11 13:22:39 deserializeInput: hasCrash true hasNet false
2023/03/11 13:22:39 prog length: 6
2023/03/11 13:22:39 prog length: 3
2023/03/11 13:22:39 deserializeInput: hasCrash true hasNet false
2023/03/11 13:22:39 prog length: 6
2023/03/11 13:22:39 prog length: 3
2023/03/11 13:22:39 deserializeInput: hasCrash true hasNet false
2023/03/11 13:22:39 prog length: 6
2023/03/11 13:22:39 prog length: 4
2023/03/11 13:22:39 deserializeInput: hasCrash true hasNet false
2023/03/11 13:22:39 prog length: 6
2023/03/11 13:22:39 prog length: 3
2023/03/11 13:22:39 deserializeInput: hasCrash true hasNet false
2023/03/11 13:22:39 prog length: 6
2023/03/11 13:22:39 prog length: 3
2023/03/11 13:22:39 deserializeInput: hasCrash true hasNet false
2023/03/11 13:22:39 prog length: 6
2023/03/11 13:22:39 prog length: 3
2023/03/11 13:22:39 deserializeInput: hasCrash true hasNet false
2023/03/11 13:22:39 prog length: 6
2023/03/11 13:22:39 prog length: 6
2023/03/11 13:22:39 prog length: 5
2023/03/11 13:22:39 deserializeInput: hasCrash false hasNet false
2023/03/11 13:22:39 prog length: 5
2023/03/11 13:22:39 deserializeInput: hasCrash false hasNet false
2023/03/11 13:22:39 prog length: 2
2023/03/11 13:22:39 deserializeInput: hasCrash true hasNet false
2023/03/11 13:22:39 prog length: 6
2023/03/11 13:22:39 prog length: 6
2023/03/11 13:22:39 prog length: 5
2023/03/11 13:22:39 deserializeInput: hasCrash true hasNet false
2023/03/11 13:22:39 prog length: 6
2023/03/11 13:22:39 prog length: 6
2023/03/11 13:22:39 prog length: 5
2023/03/11 13:22:39 deserializeInput: hasCrash true hasNet false
2023/03/11 13:22:39 prog length: 6
2023/03/11 13:22:39 prog length: 6
2023/03/11 13:22:39 prog length: 6
2023/03/11 13:22:39 prog length: 7
2023/03/11 13:22:39 deserializeInput: hasCrash true hasNet false
2023/03/11 13:22:39 prog length: 6
2023/03/11 13:22:39 prog length: 4
2023/03/11 13:22:39 deserializeInput: hasCrash true hasNet false
2023/03/11 13:22:39 prog length: 6
2023/03/11 13:22:39 prog length: 3
2023/03/11 13:22:39 deserializeInput: hasCrash true hasNet false
2023/03/11 13:22:39 prog length: 6
2023/03/11 13:22:39 prog length: 6
2023/03/11 13:22:39 prog length: 5
2023/03/11 13:22:39 deserializeInput: hasCrash true hasNet false
2023/03/11 13:22:39 prog length: 6
2023/03/11 13:22:39 prog length: 3
2023/03/11 13:22:39 deserializeInput: hasCrash true hasNet false
2023/03/11 13:22:39 prog length: 6
2023/03/11 13:22:39 prog length: 6
2023/03/11 13:22:39 prog length: 5
2023/03/11 13:22:39 deserializeInput: hasCrash true hasNet false
2023/03/11 13:22:39 prog length: 6
2023/03/11 13:22:39 prog length: 6
2023/03/11 13:22:39 prog length: 5
2023/03/11 13:22:39 deserializeInput: hasCrash true hasNet false
2023/03/11 13:22:39 prog length: 6
2023/03/11 13:22:39 prog length: 3
2023/03/11 13:22:39 deserializeInput: hasCrash true hasNet false
2023/03/11 13:22:39 prog length: 6
2023/03/11 13:22:39 prog length: 6
2023/03/11 13:22:39 prog length: 5
2023/03/11 13:22:39 deserializeInput: hasCrash true hasNet false
2023/03/11 13:22:39 prog length: 6
2023/03/11 13:22:39 prog length: 3
2023/03/11 13:22:39 deserializeInput: hasCrash true hasNet false
2023/03/11 13:22:39 prog length: 6
2023/03/11 13:22:39 prog length: 6
2023/03/11 13:22:39 prog length: 5
2023/03/11 13:22:39 deserializeInput: hasCrash true hasNet false
2023/03/11 13:22:39 prog length: 6
2023/03/11 13:22:39 prog length: 5
2023/03/11 13:22:39 deserializeInput: hasCrash true hasNet false
2023/03/11 13:22:39 prog length: 6
2023/03/11 13:22:39 prog length: 6
2023/03/11 13:22:39 prog length: 5
2023/03/11 13:22:39 deserializeInput: hasCrash true hasNet false
2023/03/11 13:22:39 prog length: 6
2023/03/11 13:22:39 prog length: 6
2023/03/11 13:22:39 prog length: 6
2023/03/11 13:22:39 prog length: 7
2023/03/11 13:22:39 deserializeInput: hasCrash true hasNet false
2023/03/11 13:22:39 prog length: 6
2023/03/11 13:22:39 prog length: 6
2023/03/11 13:22:39 prog length: 5
2023/03/11 13:22:39 deserializeInput: hasCrash true hasNet false
2023/03/11 13:22:39 prog length: 6
2023/03/11 13:22:39 prog length: 3
2023/03/11 13:22:39 deserializeInput: hasCrash true hasNet false
2023/03/11 13:22:39 prog length: 6
2023/03/11 13:22:39 prog length: 6
2023/03/11 13:22:39 prog length: 6
2023/03/11 13:22:39 deserializeInput: hasCrash true hasNet false
2023/03/11 13:22:39 prog length: 6
2023/03/11 13:22:39 prog length: 6
2023/03/11 13:22:39 prog length: 5
2023/03/11 13:22:39 deserializeInput: hasCrash true hasNet false
2023/03/11 13:22:39 prog length: 6
2023/03/11 13:22:39 prog length: 4
2023/03/11 13:22:39 deserializeInput: hasCrash true hasNet false
2023/03/11 13:22:39 prog length: 6
2023/03/11 13:22:39 prog length: 3
2023/03/11 13:22:39 deserializeInput: hasCrash true hasNet false
2023/03/11 13:22:39 prog length: 6
2023/03/11 13:22:39 prog length: 6
2023/03/11 13:22:39 prog length: 5
2023/03/11 13:22:39 deserializeInput: hasCrash true hasNet false
2023/03/11 13:22:39 prog length: 6
2023/03/11 13:22:39 prog length: 3
2023/03/11 13:22:39 deserializeInput: hasCrash true hasNet false
2023/03/11 13:22:39 prog length: 6
2023/03/11 13:22:39 prog length: 3
2023/03/11 13:22:39 deserializeInput: hasCrash true hasNet false
2023/03/11 13:22:39 prog length: 6
2023/03/11 13:22:39 prog length: 3
2023/03/11 13:22:39 deserializeInput: hasCrash true hasNet false
2023/03/11 13:22:39 prog length: 6
2023/03/11 13:22:39 prog length: 6
2023/03/11 13:22:39 prog length: 6
2023/03/11 13:22:39 prog length: 7
2023/03/11 13:22:39 deserializeInput: hasCrash true hasNet false
2023/03/11 13:22:39 prog length: 6
2023/03/11 13:22:39 prog length: 3
2023/03/11 13:22:39 fetching corpus: 150, signal 3659/17048/24814 (executing program)
2023/03/11 13:22:40 deserializeInput: hasCrash true hasNet false
2023/03/11 13:22:40 prog length: 6
2023/03/11 13:22:40 prog length: 6
2023/03/11 13:22:40 prog length: 5
2023/03/11 13:22:40 deserializeInput: hasCrash true hasNet false
2023/03/11 13:22:40 prog length: 6
2023/03/11 13:22:40 prog length: 3
2023/03/11 13:22:40 deserializeInput: hasCrash true hasNet false
2023/03/11 13:22:40 prog length: 6
2023/03/11 13:22:40 prog length: 3
2023/03/11 13:22:40 deserializeInput: hasCrash false hasNet false
2023/03/11 13:22:40 prog length: 3
2023/03/11 13:22:40 deserializeInput: hasCrash true hasNet false
2023/03/11 13:22:40 prog length: 6
2023/03/11 13:22:40 prog length: 3
2023/03/11 13:22:40 deserializeInput: hasCrash true hasNet false
2023/03/11 13:22:40 prog length: 6
2023/03/11 13:22:40 prog length: 6
2023/03/11 13:22:40 prog length: 5
2023/03/11 13:22:40 deserializeInput: hasCrash true hasNet false
2023/03/11 13:22:40 prog length: 6
2023/03/11 13:22:40 prog length: 6
2023/03/11 13:22:40 prog length: 5
2023/03/11 13:22:40 deserializeInput: hasCrash true hasNet false
2023/03/11 13:22:40 prog length: 6
2023/03/11 13:22:40 prog length: 3
2023/03/11 13:22:40 deserializeInput: hasCrash false hasNet false
2023/03/11 13:22:40 prog length: 1
2023/03/11 13:22:40 deserializeInput: hasCrash true hasNet false
2023/03/11 13:22:40 prog length: 6
2023/03/11 13:22:40 prog length: 3
2023/03/11 13:22:40 deserializeInput: hasCrash true hasNet false
2023/03/11 13:22:40 prog length: 6
2023/03/11 13:22:40 prog length: 6
2023/03/11 13:22:40 prog length: 5
2023/03/11 13:22:40 deserializeInput: hasCrash true hasNet false
2023/03/11 13:22:40 prog length: 6
2023/03/11 13:22:40 prog length: 3
2023/03/11 13:22:40 deserializeInput: hasCrash true hasNet false
2023/03/11 13:22:40 prog length: 6
2023/03/11 13:22:40 prog length: 3
2023/03/11 13:22:40 deserializeInput: hasCrash true hasNet false
2023/03/11 13:22:40 prog length: 6
2023/03/11 13:22:40 prog length: 17
2023/03/11 13:22:40 deserializeInput: hasCrash true hasNet false
2023/03/11 13:22:40 prog length: 6
2023/03/11 13:22:40 prog length: 3
2023/03/11 13:22:40 deserializeInput: hasCrash true hasNet false
2023/03/11 13:22:40 prog length: 6
2023/03/11 13:22:40 prog length: 6
2023/03/11 13:22:40 prog length: 6
2023/03/11 13:22:40 prog length: 7
2023/03/11 13:22:40 deserializeInput: hasCrash true hasNet false
2023/03/11 13:22:40 prog length: 6
2023/03/11 13:22:40 prog length: 3
2023/03/11 13:22:40 deserializeInput: hasCrash true hasNet false
2023/03/11 13:22:40 prog length: 6
2023/03/11 13:22:40 prog length: 6
2023/03/11 13:22:40 prog length: 5
2023/03/11 13:22:40 deserializeInput: hasCrash true hasNet false
2023/03/11 13:22:40 prog length: 6
2023/03/11 13:22:40 prog length: 6
2023/03/11 13:22:40 prog length: 5
2023/03/11 13:22:40 deserializeInput: hasCrash true hasNet false
2023/03/11 13:22:40 prog length: 6
2023/03/11 13:22:40 prog length: 3
2023/03/11 13:22:40 deserializeInput: hasCrash true hasNet false
2023/03/11 13:22:40 prog length: 6
2023/03/11 13:22:40 prog length: 9
2023/03/11 13:22:40 deserializeInput: hasCrash true hasNet false
2023/03/11 13:22:40 prog length: 6
2023/03/11 13:22:40 prog length: 17
2023/03/11 13:22:40 deserializeInput: hasCrash true hasNet false
2023/03/11 13:22:40 prog length: 6
2023/03/11 13:22:40 prog length: 8
2023/03/11 13:22:40 deserializeInput: hasCrash true hasNet false
2023/03/11 13:22:40 prog length: 6
2023/03/11 13:22:40 prog length: 3
2023/03/11 13:22:40 deserializeInput: hasCrash true hasNet false
2023/03/11 13:22:40 prog length: 6
2023/03/11 13:22:40 prog length: 6
2023/03/11 13:22:40 prog length: 7
2023/03/11 13:22:40 deserializeInput: hasCrash true hasNet false
2023/03/11 13:22:40 prog length: 6
2023/03/11 13:22:40 prog length: 6
2023/03/11 13:22:40 prog length: 5
2023/03/11 13:22:40 deserializeInput: hasCrash true hasNet false
2023/03/11 13:22:40 prog length: 6
2023/03/11 13:22:40 prog length: 3
2023/03/11 13:22:40 deserializeInput: hasCrash false hasNet false
2023/03/11 13:22:40 prog length: 1
2023/03/11 13:22:40 deserializeInput: hasCrash true hasNet false
2023/03/11 13:22:40 prog length: 6
2023/03/11 13:22:40 prog length: 3
2023/03/11 13:22:40 deserializeInput: hasCrash true hasNet false
2023/03/11 13:22:40 prog length: 6
2023/03/11 13:22:40 prog length: 3
2023/03/11 13:22:40 deserializeInput: hasCrash true hasNet false
2023/03/11 13:22:40 prog length: 6
2023/03/11 13:22:40 prog length: 4
2023/03/11 13:22:40 deserializeInput: hasCrash true hasNet false
2023/03/11 13:22:40 prog length: 6
2023/03/11 13:22:40 prog length: 6
2023/03/11 13:22:40 prog length: 5
2023/03/11 13:22:40 deserializeInput: hasCrash true hasNet false
2023/03/11 13:22:40 prog length: 6
2023/03/11 13:22:40 prog length: 6
2023/03/11 13:22:40 prog length: 5
2023/03/11 13:22:40 deserializeInput: hasCrash true hasNet false
2023/03/11 13:22:40 prog length: 6
2023/03/11 13:22:40 prog length: 3
2023/03/11 13:22:40 deserializeInput: hasCrash true hasNet false
2023/03/11 13:22:40 prog length: 6
2023/03/11 13:22:40 prog length: 6
2023/03/11 13:22:40 prog length: 17
2023/03/11 13:22:40 deserializeInput: hasCrash true hasNet false
2023/03/11 13:22:40 prog length: 6
2023/03/11 13:22:40 prog length: 6
2023/03/11 13:22:40 prog length: 5
2023/03/11 13:22:40 deserializeInput: hasCrash true hasNet false
2023/03/11 13:22:40 prog length: 6
2023/03/11 13:22:40 prog length: 6
2023/03/11 13:22:40 prog length: 6
2023/03/11 13:22:40 deserializeInput: hasCrash true hasNet false
2023/03/11 13:22:40 prog length: 6
2023/03/11 13:22:40 prog length: 4
2023/03/11 13:22:40 deserializeInput: hasCrash true hasNet false
2023/03/11 13:22:40 prog length: 6
2023/03/11 13:22:40 prog length: 6
2023/03/11 13:22:40 prog length: 5
2023/03/11 13:22:40 deserializeInput: hasCrash true hasNet false
2023/03/11 13:22:40 prog length: 6
2023/03/11 13:22:40 prog length: 6
2023/03/11 13:22:40 prog length: 5
2023/03/11 13:22:40 deserializeInput: hasCrash false hasNet false
2023/03/11 13:22:40 prog length: 15
2023/03/11 13:22:40 deserializeInput: hasCrash true hasNet false
2023/03/11 13:22:40 prog length: 6
2023/03/11 13:22:40 prog length: 6
2023/03/11 13:22:40 prog length: 6
2023/03/11 13:22:40 prog length: 7
2023/03/11 13:22:40 deserializeInput: hasCrash true hasNet false
2023/03/11 13:22:40 prog length: 6
2023/03/11 13:22:40 prog length: 6
2023/03/11 13:22:40 prog length: 5
2023/03/11 13:22:40 deserializeInput: hasCrash true hasNet false
2023/03/11 13:22:40 prog length: 6
2023/03/11 13:22:40 prog length: 3
2023/03/11 13:22:40 deserializeInput: hasCrash true hasNet false
2023/03/11 13:22:40 prog length: 6
2023/03/11 13:22:40 prog length: 6
2023/03/11 13:22:40 prog length: 5
2023/03/11 13:22:40 deserializeInput: hasCrash true hasNet false
2023/03/11 13:22:40 prog length: 6
2023/03/11 13:22:40 prog length: 3
2023/03/11 13:22:40 deserializeInput: hasCrash true hasNet false
2023/03/11 13:22:40 prog length: 6
2023/03/11 13:22:40 prog length: 6
2023/03/11 13:22:40 prog length: 5
2023/03/11 13:22:40 deserializeInput: hasCrash true hasNet false
2023/03/11 13:22:40 prog length: 6
2023/03/11 13:22:40 prog length: 6
2023/03/11 13:22:40 prog length: 6
2023/03/11 13:22:40 prog length: 7
2023/03/11 13:22:40 deserializeInput: hasCrash true hasNet false
2023/03/11 13:22:40 prog length: 6
2023/03/11 13:22:40 prog length: 3
2023/03/11 13:22:40 deserializeInput: hasCrash true hasNet false
2023/03/11 13:22:40 prog length: 6
2023/03/11 13:22:40 prog length: 3
2023/03/11 13:22:40 fetching corpus: 200, signal 4588/19380/28924 (executing program)
2023/03/11 13:22:40 deserializeInput: hasCrash true hasNet false
2023/03/11 13:22:40 prog length: 6
2023/03/11 13:22:40 prog length: 3
2023/03/11 13:22:40 deserializeInput: hasCrash true hasNet false
2023/03/11 13:22:40 prog length: 6
2023/03/11 13:22:40 prog length: 3
2023/03/11 13:22:40 deserializeInput: hasCrash true hasNet false
2023/03/11 13:22:40 prog length: 6
2023/03/11 13:22:40 prog length: 3
2023/03/11 13:22:40 deserializeInput: hasCrash true hasNet false
2023/03/11 13:22:40 prog length: 6
2023/03/11 13:22:40 prog length: 6
2023/03/11 13:22:40 prog length: 5
2023/03/11 13:22:40 deserializeInput: hasCrash true hasNet false
2023/03/11 13:22:40 prog length: 6
2023/03/11 13:22:40 prog length: 6
2023/03/11 13:22:40 prog length: 5
2023/03/11 13:22:40 deserializeInput: hasCrash true hasNet false
2023/03/11 13:22:40 prog length: 6
2023/03/11 13:22:40 prog length: 3
2023/03/11 13:22:40 deserializeInput: hasCrash true hasNet false
2023/03/11 13:22:40 prog length: 6
2023/03/11 13:22:40 prog length: 6
2023/03/11 13:22:40 prog length: 5
2023/03/11 13:22:40 deserializeInput: hasCrash true hasNet false
2023/03/11 13:22:40 prog length: 6
2023/03/11 13:22:40 prog length: 3
2023/03/11 13:22:40 deserializeInput: hasCrash true hasNet false
2023/03/11 13:22:40 prog length: 6
2023/03/11 13:22:40 prog length: 8
2023/03/11 13:22:40 deserializeInput: hasCrash true hasNet false
2023/03/11 13:22:40 prog length: 6
2023/03/11 13:22:40 prog length: 19
2023/03/11 13:22:40 deserializeInput: hasCrash true hasNet false
2023/03/11 13:22:40 prog length: 6
2023/03/11 13:22:40 prog length: 6
2023/03/11 13:22:40 prog length: 5
2023/03/11 13:22:40 deserializeInput: hasCrash false hasNet false
2023/03/11 13:22:40 prog length: 3
2023/03/11 13:22:40 deserializeInput: hasCrash true hasNet false
2023/03/11 13:22:40 prog length: 6
2023/03/11 13:22:40 prog length: 3
2023/03/11 13:22:40 deserializeInput: hasCrash true hasNet false
2023/03/11 13:22:40 prog length: 6
2023/03/11 13:22:40 prog length: 6
2023/03/11 13:22:40 prog length: 5
2023/03/11 13:22:40 deserializeInput: hasCrash true hasNet false
2023/03/11 13:22:40 prog length: 6
2023/03/11 13:22:40 prog length: 3
2023/03/11 13:22:40 deserializeInput: hasCrash true hasNet false
2023/03/11 13:22:40 prog length: 6
2023/03/11 13:22:40 prog length: 6
2023/03/11 13:22:40 prog length: 5
2023/03/11 13:22:40 deserializeInput: hasCrash true hasNet false
2023/03/11 13:22:40 prog length: 6
2023/03/11 13:22:40 prog length: 6
2023/03/11 13:22:40 prog length: 6
2023/03/11 13:22:40 prog length: 7
2023/03/11 13:22:40 deserializeInput: hasCrash true hasNet false
2023/03/11 13:22:40 prog length: 6
2023/03/11 13:22:40 prog length: 4
2023/03/11 13:22:40 deserializeInput: hasCrash false hasNet false
2023/03/11 13:22:40 prog length: 1
2023/03/11 13:22:40 deserializeInput: hasCrash true hasNet false
2023/03/11 13:22:40 prog length: 6
2023/03/11 13:22:40 prog length: 4
2023/03/11 13:22:40 deserializeInput: hasCrash true hasNet false
2023/03/11 13:22:40 prog length: 6
2023/03/11 13:22:40 prog length: 11
2023/03/11 13:22:40 deserializeInput: hasCrash true hasNet false
2023/03/11 13:22:40 prog length: 6
2023/03/11 13:22:40 prog length: 3
2023/03/11 13:22:40 deserializeInput: hasCrash true hasNet false
2023/03/11 13:22:40 prog length: 6
2023/03/11 13:22:40 prog length: 11
2023/03/11 13:22:40 deserializeInput: hasCrash true hasNet false
2023/03/11 13:22:40 prog length: 6
2023/03/11 13:22:40 prog length: 8
2023/03/11 13:22:40 deserializeInput: hasCrash true hasNet false
2023/03/11 13:22:40 prog length: 6
2023/03/11 13:22:40 prog length: 3
2023/03/11 13:22:40 deserializeInput: hasCrash true hasNet false
2023/03/11 13:22:40 prog length: 6
2023/03/11 13:22:40 prog length: 3
2023/03/11 13:22:40 deserializeInput: hasCrash true hasNet false
2023/03/11 13:22:40 prog length: 6
2023/03/11 13:22:40 prog length: 9
2023/03/11 13:22:40 deserializeInput: hasCrash true hasNet false
2023/03/11 13:22:40 prog length: 6
2023/03/11 13:22:40 prog length: 4
2023/03/11 13:22:40 deserializeInput: hasCrash true hasNet false
2023/03/11 13:22:40 prog length: 6
2023/03/11 13:22:40 prog length: 6
2023/03/11 13:22:40 prog length: 10
2023/03/11 13:22:40 deserializeInput: hasCrash true hasNet false
2023/03/11 13:22:40 prog length: 6
2023/03/11 13:22:40 prog length: 6
2023/03/11 13:22:40 prog length: 6
2023/03/11 13:22:40 deserializeInput: hasCrash true hasNet false
2023/03/11 13:22:40 prog length: 6
2023/03/11 13:22:40 prog length: 3
2023/03/11 13:22:40 deserializeInput: hasCrash true hasNet false
2023/03/11 13:22:40 prog length: 6
2023/03/11 13:22:40 prog length: 6
2023/03/11 13:22:40 prog length: 5
2023/03/11 13:22:40 deserializeInput: hasCrash true hasNet false
2023/03/11 13:22:40 prog length: 6
2023/03/11 13:22:40 prog length: 6
2023/03/11 13:22:40 prog length: 5
2023/03/11 13:22:40 deserializeInput: hasCrash true hasNet false
2023/03/11 13:22:40 prog length: 6
2023/03/11 13:22:40 prog length: 3
2023/03/11 13:22:40 deserializeInput: hasCrash true hasNet false
2023/03/11 13:22:40 prog length: 6
2023/03/11 13:22:40 prog length: 6
2023/03/11 13:22:40 prog length: 6
2023/03/11 13:22:40 prog length: 7
2023/03/11 13:22:40 deserializeInput: hasCrash true hasNet false
2023/03/11 13:22:40 prog length: 6
2023/03/11 13:22:40 prog length: 3
2023/03/11 13:22:40 deserializeInput: hasCrash true hasNet false
2023/03/11 13:22:40 prog length: 6
2023/03/11 13:22:40 prog length: 3
2023/03/11 13:22:40 deserializeInput: hasCrash false hasNet false
2023/03/11 13:22:40 prog length: 1
2023/03/11 13:22:40 deserializeInput: hasCrash true hasNet false
2023/03/11 13:22:40 prog length: 6
2023/03/11 13:22:40 prog length: 6
2023/03/11 13:22:40 prog length: 6
2023/03/11 13:22:40 prog length: 7
2023/03/11 13:22:40 deserializeInput: hasCrash true hasNet false
2023/03/11 13:22:40 prog length: 6
2023/03/11 13:22:40 prog length: 3
2023/03/11 13:22:40 deserializeInput: hasCrash true hasNet false
2023/03/11 13:22:40 prog length: 6
2023/03/11 13:22:40 prog length: 17
2023/03/11 13:22:40 deserializeInput: hasCrash true hasNet false
2023/03/11 13:22:40 prog length: 6
2023/03/11 13:22:40 prog length: 3
2023/03/11 13:22:40 deserializeInput: hasCrash true hasNet false
2023/03/11 13:22:40 prog length: 6
2023/03/11 13:22:40 prog length: 3
2023/03/11 13:22:40 deserializeInput: hasCrash true hasNet false
2023/03/11 13:22:40 prog length: 6
2023/03/11 13:22:40 prog length: 3
2023/03/11 13:22:40 deserializeInput: hasCrash true hasNet false
2023/03/11 13:22:40 prog length: 6
2023/03/11 13:22:40 prog length: 6
2023/03/11 13:22:40 prog length: 6
2023/03/11 13:22:40 prog length: 7
2023/03/11 13:22:40 deserializeInput: hasCrash true hasNet false
2023/03/11 13:22:40 prog length: 6
2023/03/11 13:22:40 prog length: 4
2023/03/11 13:22:40 deserializeInput: hasCrash true hasNet false
2023/03/11 13:22:40 prog length: 6
2023/03/11 13:22:40 prog length: 3
2023/03/11 13:22:40 deserializeInput: hasCrash true hasNet false
2023/03/11 13:22:40 prog length: 6
2023/03/11 13:22:40 prog length: 19
2023/03/11 13:22:40 deserializeInput: hasCrash true hasNet false
2023/03/11 13:22:40 prog length: 6
2023/03/11 13:22:40 prog length: 3
2023/03/11 13:22:40 deserializeInput: hasCrash true hasNet false
2023/03/11 13:22:40 prog length: 6
2023/03/11 13:22:40 prog length: 3
2023/03/11 13:22:40 fetching corpus: 250, signal 4613/20313/30996 (executing program)
2023/03/11 13:22:40 deserializeInput: hasCrash true hasNet false
2023/03/11 13:22:40 prog length: 6
2023/03/11 13:22:40 prog length: 3
2023/03/11 13:22:40 deserializeInput: hasCrash true hasNet false
2023/03/11 13:22:40 prog length: 6
2023/03/11 13:22:40 prog length: 3
2023/03/11 13:22:40 deserializeInput: hasCrash true hasNet false
2023/03/11 13:22:40 prog length: 6
2023/03/11 13:22:40 prog length: 3
2023/03/11 13:22:40 deserializeInput: hasCrash true hasNet false
2023/03/11 13:22:40 prog length: 6
2023/03/11 13:22:40 prog length: 3
2023/03/11 13:22:40 deserializeInput: hasCrash true hasNet false
2023/03/11 13:22:40 prog length: 6
2023/03/11 13:22:40 prog length: 3
2023/03/11 13:22:40 deserializeInput: hasCrash true hasNet false
2023/03/11 13:22:40 prog length: 6
2023/03/11 13:22:40 prog length: 3
2023/03/11 13:22:40 deserializeInput: hasCrash true hasNet false
2023/03/11 13:22:40 prog length: 6
2023/03/11 13:22:40 prog length: 6
2023/03/11 13:22:40 prog length: 5
2023/03/11 13:22:40 deserializeInput: hasCrash true hasNet false
2023/03/11 13:22:40 prog length: 6
2023/03/11 13:22:40 prog length: 3
2023/03/11 13:22:40 deserializeInput: hasCrash true hasNet false
2023/03/11 13:22:40 prog length: 6
2023/03/11 13:22:40 prog length: 6
2023/03/11 13:22:40 prog length: 5
2023/03/11 13:22:40 deserializeInput: hasCrash true hasNet false
2023/03/11 13:22:40 prog length: 6
2023/03/11 13:22:40 prog length: 3
2023/03/11 13:22:40 deserializeInput: hasCrash true hasNet false
2023/03/11 13:22:40 prog length: 6
2023/03/11 13:22:40 prog length: 6
2023/03/11 13:22:40 prog length: 8
2023/03/11 13:22:40 deserializeInput: hasCrash true hasNet false
2023/03/11 13:22:40 prog length: 6
2023/03/11 13:22:40 prog length: 6
2023/03/11 13:22:40 prog length: 5
2023/03/11 13:22:40 deserializeInput: hasCrash true hasNet false
2023/03/11 13:22:40 prog length: 6
2023/03/11 13:22:40 prog length: 3
2023/03/11 13:22:40 deserializeInput: hasCrash true hasNet false
2023/03/11 13:22:40 prog length: 6
2023/03/11 13:22:40 prog length: 6
2023/03/11 13:22:40 prog length: 5
2023/03/11 13:22:40 deserializeInput: hasCrash true hasNet false
2023/03/11 13:22:40 prog length: 6
2023/03/11 13:22:40 prog length: 6
2023/03/11 13:22:40 prog length: 5
2023/03/11 13:22:40 deserializeInput: hasCrash true hasNet false
2023/03/11 13:22:40 prog length: 6
2023/03/11 13:22:40 prog length: 6
2023/03/11 13:22:40 prog length: 5
2023/03/11 13:22:40 deserializeInput: hasCrash true hasNet false
2023/03/11 13:22:40 prog length: 6
2023/03/11 13:22:40 prog length: 17
2023/03/11 13:22:40 deserializeInput: hasCrash true hasNet false
2023/03/11 13:22:40 prog length: 6
2023/03/11 13:22:40 prog length: 3
2023/03/11 13:22:40 deserializeInput: hasCrash true hasNet false
2023/03/11 13:22:40 prog length: 6
2023/03/11 13:22:40 prog length: 3
2023/03/11 13:22:40 deserializeInput: hasCrash true hasNet false
2023/03/11 13:22:40 prog length: 6
2023/03/11 13:22:40 prog length: 17
2023/03/11 13:22:40 deserializeInput: hasCrash true hasNet false
2023/03/11 13:22:40 prog length: 6
2023/03/11 13:22:40 prog length: 3
2023/03/11 13:22:40 deserializeInput: hasCrash true hasNet false
2023/03/11 13:22:40 prog length: 6
2023/03/11 13:22:40 prog length: 17
2023/03/11 13:22:40 deserializeInput: hasCrash true hasNet false
2023/03/11 13:22:40 prog length: 6
2023/03/11 13:22:40 prog length: 3
2023/03/11 13:22:40 deserializeInput: hasCrash true hasNet false
2023/03/11 13:22:40 prog length: 6
2023/03/11 13:22:40 prog length: 6
2023/03/11 13:22:40 prog length: 5
2023/03/11 13:22:40 deserializeInput: hasCrash true hasNet false
2023/03/11 13:22:40 prog length: 6
2023/03/11 13:22:40 prog length: 3
2023/03/11 13:22:40 deserializeInput: hasCrash true hasNet false
2023/03/11 13:22:40 prog length: 6
2023/03/11 13:22:40 prog length: 3
2023/03/11 13:22:40 deserializeInput: hasCrash true hasNet false
2023/03/11 13:22:40 prog length: 6
2023/03/11 13:22:40 prog length: 3
2023/03/11 13:22:40 deserializeInput: hasCrash true hasNet false
2023/03/11 13:22:40 prog length: 6
2023/03/11 13:22:40 prog length: 6
2023/03/11 13:22:40 prog length: 5
2023/03/11 13:22:40 deserializeInput: hasCrash true hasNet false
2023/03/11 13:22:40 prog length: 6
2023/03/11 13:22:40 prog length: 3
2023/03/11 13:22:40 deserializeInput: hasCrash true hasNet false
2023/03/11 13:22:40 prog length: 6
2023/03/11 13:22:40 prog length: 4
2023/03/11 13:22:40 deserializeInput: hasCrash true hasNet false
2023/03/11 13:22:40 prog length: 6
2023/03/11 13:22:40 prog length: 6
2023/03/11 13:22:40 prog length: 5
2023/03/11 13:22:40 deserializeInput: hasCrash true hasNet false
2023/03/11 13:22:40 prog length: 6
2023/03/11 13:22:40 prog length: 3
2023/03/11 13:22:40 deserializeInput: hasCrash true hasNet false
2023/03/11 13:22:40 prog length: 6
2023/03/11 13:22:40 prog length: 3
2023/03/11 13:22:40 deserializeInput: hasCrash true hasNet false
2023/03/11 13:22:40 prog length: 6
2023/03/11 13:22:40 prog length: 4
2023/03/11 13:22:40 deserializeInput: hasCrash true hasNet false
2023/03/11 13:22:40 prog length: 6
2023/03/11 13:22:40 prog length: 3
2023/03/11 13:22:40 deserializeInput: hasCrash true hasNet false
2023/03/11 13:22:40 prog length: 6
2023/03/11 13:22:40 prog length: 6
2023/03/11 13:22:40 prog length: 5
2023/03/11 13:22:40 deserializeInput: hasCrash true hasNet false
2023/03/11 13:22:40 prog length: 6
2023/03/11 13:22:40 prog length: 3
2023/03/11 13:22:40 deserializeInput: hasCrash true hasNet false
2023/03/11 13:22:40 prog length: 6
2023/03/11 13:22:40 prog length: 3
2023/03/11 13:22:40 deserializeInput: hasCrash true hasNet false
2023/03/11 13:22:40 prog length: 6
2023/03/11 13:22:40 prog length: 6
2023/03/11 13:22:40 prog length: 5
2023/03/11 13:22:40 deserializeInput: hasCrash true hasNet false
2023/03/11 13:22:40 prog length: 6
2023/03/11 13:22:40 prog length: 3
2023/03/11 13:22:40 deserializeInput: hasCrash true hasNet false
2023/03/11 13:22:40 prog length: 6
2023/03/11 13:22:40 prog length: 6
2023/03/11 13:22:40 prog length: 5
2023/03/11 13:22:40 deserializeInput: hasCrash true hasNet false
2023/03/11 13:22:40 prog length: 6
2023/03/11 13:22:40 prog length: 3
2023/03/11 13:22:40 deserializeInput: hasCrash true hasNet false
2023/03/11 13:22:40 prog length: 6
2023/03/11 13:22:40 prog length: 3
2023/03/11 13:22:40 deserializeInput: hasCrash true hasNet false
2023/03/11 13:22:40 prog length: 6
2023/03/11 13:22:40 prog length: 3
2023/03/11 13:22:40 deserializeInput: hasCrash true hasNet false
2023/03/11 13:22:40 prog length: 6
2023/03/11 13:22:40 prog length: 3
2023/03/11 13:22:40 deserializeInput: hasCrash true hasNet false
2023/03/11 13:22:40 prog length: 6
2023/03/11 13:22:40 prog length: 4
2023/03/11 13:22:40 deserializeInput: hasCrash true hasNet false
2023/03/11 13:22:40 prog length: 6
2023/03/11 13:22:40 prog length: 17
2023/03/11 13:22:40 deserializeInput: hasCrash true hasNet false
2023/03/11 13:22:40 prog length: 6
2023/03/11 13:22:40 prog length: 6
2023/03/11 13:22:40 prog length: 5
2023/03/11 13:22:40 deserializeInput: hasCrash true hasNet false
2023/03/11 13:22:40 prog length: 6
2023/03/11 13:22:40 prog length: 6
2023/03/11 13:22:40 prog length: 5
2023/03/11 13:22:40 deserializeInput: hasCrash true hasNet false
2023/03/11 13:22:40 prog length: 6
2023/03/11 13:22:40 prog length: 3
2023/03/11 13:22:40 fetching corpus: 300, signal 4614/21001/32811 (executing program)
2023/03/11 13:22:40 deserializeInput: hasCrash false hasNet false
2023/03/11 13:22:40 prog length: 3
2023/03/11 13:22:40 deserializeInput: hasCrash true hasNet false
2023/03/11 13:22:40 prog length: 6
2023/03/11 13:22:40 prog length: 3
2023/03/11 13:22:40 deserializeInput: hasCrash true hasNet false
2023/03/11 13:22:40 prog length: 6
2023/03/11 13:22:40 prog length: 3
2023/03/11 13:22:40 deserializeInput: hasCrash true hasNet false
2023/03/11 13:22:40 prog length: 6
2023/03/11 13:22:40 prog length: 6
2023/03/11 13:22:40 prog length: 5
2023/03/11 13:22:40 deserializeInput: hasCrash true hasNet false
2023/03/11 13:22:40 prog length: 6
2023/03/11 13:22:40 prog length: 3
2023/03/11 13:22:40 deserializeInput: hasCrash false hasNet false
2023/03/11 13:22:40 prog length: 1
2023/03/11 13:22:40 deserializeInput: hasCrash true hasNet false
2023/03/11 13:22:40 prog length: 6
2023/03/11 13:22:40 prog length: 6
2023/03/11 13:22:40 prog length: 5
2023/03/11 13:22:40 deserializeInput: hasCrash true hasNet false
2023/03/11 13:22:40 prog length: 6
2023/03/11 13:22:40 prog length: 6
2023/03/11 13:22:40 prog length: 5
2023/03/11 13:22:40 deserializeInput: hasCrash true hasNet false
2023/03/11 13:22:40 prog length: 6
2023/03/11 13:22:40 prog length: 6
2023/03/11 13:22:40 prog length: 5
2023/03/11 13:22:40 deserializeInput: hasCrash true hasNet false
2023/03/11 13:22:40 prog length: 6
2023/03/11 13:22:40 prog length: 6
2023/03/11 13:22:40 prog length: 5
2023/03/11 13:22:40 deserializeInput: hasCrash true hasNet false
2023/03/11 13:22:40 prog length: 6
2023/03/11 13:22:40 prog length: 3
2023/03/11 13:22:40 deserializeInput: hasCrash true hasNet false
2023/03/11 13:22:40 prog length: 6
2023/03/11 13:22:40 prog length: 3
2023/03/11 13:22:40 deserializeInput: hasCrash true hasNet false
2023/03/11 13:22:40 prog length: 6
2023/03/11 13:22:40 prog length: 6
2023/03/11 13:22:40 prog length: 5
2023/03/11 13:22:40 deserializeInput: hasCrash true hasNet false
2023/03/11 13:22:40 prog length: 6
2023/03/11 13:22:40 prog length: 4
2023/03/11 13:22:40 deserializeInput: hasCrash true hasNet false
2023/03/11 13:22:40 prog length: 6
2023/03/11 13:22:40 prog length: 3
2023/03/11 13:22:40 deserializeInput: hasCrash true hasNet false
2023/03/11 13:22:40 prog length: 6
2023/03/11 13:22:40 prog length: 3
2023/03/11 13:22:40 deserializeInput: hasCrash true hasNet false
2023/03/11 13:22:40 prog length: 6
2023/03/11 13:22:40 prog length: 6
2023/03/11 13:22:40 prog length: 5
2023/03/11 13:22:40 deserializeInput: hasCrash true hasNet false
2023/03/11 13:22:40 prog length: 6
2023/03/11 13:22:40 prog length: 6
2023/03/11 13:22:40 prog length: 5
2023/03/11 13:22:40 deserializeInput: hasCrash true hasNet false
2023/03/11 13:22:40 prog length: 6
2023/03/11 13:22:40 prog length: 6
2023/03/11 13:22:40 prog length: 5
2023/03/11 13:22:40 deserializeInput: hasCrash true hasNet false
2023/03/11 13:22:40 prog length: 6
2023/03/11 13:22:40 prog length: 11
2023/03/11 13:22:40 deserializeInput: hasCrash true hasNet false
2023/03/11 13:22:40 prog length: 6
2023/03/11 13:22:40 prog length: 6
2023/03/11 13:22:40 prog length: 5
2023/03/11 13:22:40 deserializeInput: hasCrash true hasNet false
2023/03/11 13:22:40 prog length: 6
2023/03/11 13:22:40 prog length: 3
2023/03/11 13:22:40 deserializeInput: hasCrash true hasNet false
2023/03/11 13:22:40 prog length: 6
2023/03/11 13:22:40 prog length: 6
2023/03/11 13:22:40 prog length: 6
2023/03/11 13:22:40 deserializeInput: hasCrash true hasNet false
2023/03/11 13:22:40 prog length: 6
2023/03/11 13:22:40 prog length: 6
2023/03/11 13:22:40 prog length: 5
2023/03/11 13:22:40 deserializeInput: hasCrash true hasNet false
2023/03/11 13:22:40 prog length: 6
2023/03/11 13:22:40 prog length: 6
2023/03/11 13:22:40 prog length: 5
2023/03/11 13:22:40 deserializeInput: hasCrash true hasNet false
2023/03/11 13:22:40 prog length: 6
2023/03/11 13:22:40 prog length: 6
2023/03/11 13:22:40 prog length: 6
2023/03/11 13:22:40 deserializeInput: hasCrash true hasNet false
2023/03/11 13:22:40 prog length: 6
2023/03/11 13:22:40 prog length: 4
2023/03/11 13:22:40 deserializeInput: hasCrash false hasNet false
2023/03/11 13:22:40 prog length: 1
2023/03/11 13:22:40 deserializeInput: hasCrash true hasNet false
2023/03/11 13:22:40 prog length: 6
2023/03/11 13:22:40 prog length: 3
2023/03/11 13:22:40 deserializeInput: hasCrash true hasNet false
2023/03/11 13:22:40 prog length: 6
2023/03/11 13:22:40 prog length: 3
2023/03/11 13:22:40 deserializeInput: hasCrash true hasNet false
2023/03/11 13:22:40 prog length: 6
2023/03/11 13:22:40 prog length: 9
2023/03/11 13:22:40 deserializeInput: hasCrash true hasNet false
2023/03/11 13:22:40 prog length: 6
2023/03/11 13:22:40 prog length: 6
2023/03/11 13:22:40 prog length: 5
2023/03/11 13:22:40 deserializeInput: hasCrash true hasNet false
2023/03/11 13:22:40 prog length: 6
2023/03/11 13:22:40 prog length: 3
2023/03/11 13:22:40 deserializeInput: hasCrash true hasNet false
2023/03/11 13:22:40 prog length: 6
2023/03/11 13:22:40 prog length: 3
2023/03/11 13:22:40 deserializeInput: hasCrash true hasNet false
2023/03/11 13:22:40 prog length: 6
2023/03/11 13:22:40 prog length: 6
2023/03/11 13:22:40 prog length: 5
2023/03/11 13:22:40 deserializeInput: hasCrash true hasNet false
2023/03/11 13:22:40 prog length: 6
2023/03/11 13:22:40 prog length: 6
2023/03/11 13:22:40 prog length: 5
2023/03/11 13:22:40 deserializeInput: hasCrash true hasNet false
2023/03/11 13:22:40 prog length: 6
2023/03/11 13:22:40 prog length: 6
2023/03/11 13:22:40 prog length: 15
2023/03/11 13:22:40 deserializeInput: hasCrash true hasNet false
2023/03/11 13:22:40 prog length: 6
2023/03/11 13:22:40 prog length: 6
2023/03/11 13:22:40 prog length: 5
2023/03/11 13:22:40 deserializeInput: hasCrash true hasNet false
2023/03/11 13:22:40 prog length: 6
2023/03/11 13:22:40 prog length: 6
2023/03/11 13:22:40 prog length: 8
2023/03/11 13:22:40 deserializeInput: hasCrash true hasNet false
2023/03/11 13:22:40 prog length: 6
2023/03/11 13:22:40 prog length: 3
2023/03/11 13:22:40 deserializeInput: hasCrash true hasNet false
2023/03/11 13:22:40 prog length: 6
2023/03/11 13:22:40 prog length: 6
2023/03/11 13:22:40 prog length: 5
2023/03/11 13:22:40 fetching corpus: 341, signal 4692/21398/34407 (executing program)
2023/03/11 13:22:40 fetching corpus: 341, signal 4692/21398/35576 (executing program)
2023/03/11 13:22:40 fetching corpus: 341, signal 4692/21398/36780 (executing program)
2023/03/11 13:22:40 fetching corpus: 341, signal 4692/21398/37936 (executing program)
2023/03/11 13:22:40 fetching corpus: 341, signal 4692/21398/39081 (executing program)
2023/03/11 13:22:40 fetching corpus: 341, signal 4692/21398/40279 (executing program)
2023/03/11 13:22:40 fetching corpus: 341, signal 4692/21398/41453 (executing program)
2023/03/11 13:22:40 fetching corpus: 341, signal 4692/21398/42634 (executing program)
2023/03/11 13:22:40 fetching corpus: 341, signal 4692/21398/43802 (executing program)
2023/03/11 13:22:40 fetching corpus: 341, signal 4692/21398/44956 (executing program)
2023/03/11 13:22:40 fetching corpus: 341, signal 4692/21398/46100 (executing program)
2023/03/11 13:22:40 fetching corpus: 341, signal 4692/21398/47225 (executing program)
2023/03/11 13:22:40 fetching corpus: 341, signal 4692/21398/47822 (executing program)
2023/03/11 13:22:40 fetching corpus: 341, signal 4692/21398/47822 (executing program)
2023/03/11 13:22:41 starting 1 fuzzer processes
2023/03/11 13:22:41 ----- generateCall 199 fcntl$F_GET_RW_HINT fcntl$F_GET_RW_HINT
2023/03/11 13:22:41 ----- generateCall 541 ioctl ioctl
2023/03/11 13:22:41 ----- generateCall 220 flock flock
2023/03/11 13:22:41 ----- generateCall 2782 readv readv
2023/03/11 13:22:41 ----- generateCall 248 fstat fstat
2023/03/11 13:22:41 ----- generateCall 233 fsetxattr$security_evm fsetxattr$security_evm
2023/03/11 13:22:41 ----- generateCall 220 flock flock
2023/03/11 13:22:41 ----- generateCall 2458 open open
2023/03/11 13:22:41 ----- generateCall 2782 readv readv
2023/03/11 13:22:41 ----- generateCall 171 dup2 dup2
2023/03/11 13:22:41 ----- generateCall 239 fsetxattr$trusted_overlay_nlink fsetxattr$trusted_overlay_nlink
2023/03/11 13:22:41 ----- generateCall 242 fsetxattr$trusted_overlay_redirect fsetxattr$trusted_overlay_redirect
2023/03/11 13:22:41 ----- generateCall 216 fdatasync fdatasync
2023/03/11 13:22:41 ----- generateCall 241 fsetxattr$trusted_overlay_origin fsetxattr$trusted_overlay_origin
2023/03/11 13:22:41 ----- generateCall 248 fstat fstat
2023/03/11 13:22:41 ----- generateCall 239 fsetxattr$trusted_overlay_nlink fsetxattr$trusted_overlay_nlink
2023/03/11 13:22:41 ----- generateCall 2458 open open
2023/03/11 13:22:41 ----- generateCall 239 fsetxattr$trusted_overlay_nlink fsetxattr$trusted_overlay_nlink
2023/03/11 13:22:41 ----- generateCall 205 fcntl$getown fcntl$getown
2023/03/11 13:22:41 map[./file0:true]
2023/03/11 13:22:41 HasCrashFail: false, .HasNetFail: false
2023/03/11 13:22:41 prog length: 20
2023/03/11 13:22:41 HasCrashFail:false HasNetFail:false
13:22:41 ---executing program 0:
---
---
---
fcntl$F_GET_RW_HINT(0xffffffffffffffff, 0x40b, &(0x7f0000000000))
ioctl(0xffffffffffffffff, 0x1b1, &(0x7f0000000040)="f1d4a7ad091515d67ffddd38d7020529e8c2a634f6ca7ce3")
flock(0xffffffffffffffff, 0xe)
readv(0xffffffffffffffff, &(0x7f0000000200)=[{&(0x7f0000000080)=""/41, 0x29}, {&(0x7f00000000c0)=""/1, 0x1}, {&(0x7f0000000100)=""/69, 0x45}, {&(0x7f0000000180)=""/107, 0x6b}], 0x4)
fstat(0xffffffffffffffff, &(0x7f0000000240))
fsetxattr$security_evm(0xffffffffffffffff, &(0x7f00000002c0), &(0x7f0000000300)=@v1={0x2, "caf23c786d"}, 0x6, 0x1)
r0 = openat(0xffffffffffffff9c, &(0x7f0000000340)='./file0\x00', 0x0, 0x0)
flock(r0, 0x4)
r1 = open(&(0x7f0000000380)='./file0\x00', 0x20001, 0x0)
readv(r0, &(0x7f0000001600)=[{&(0x7f00000003c0)=""/162, 0xa2}, {&(0x7f0000000480)=""/4096, 0x1000}, {&(0x7f0000001480)=""/51, 0x33}, {&(0x7f00000014c0)=""/144, 0x90}, {&(0x7f0000001580)=""/69, 0x45}], 0x5)
r2 = dup2(r0, r1)
fsetxattr$trusted_overlay_nlink(r0, &(0x7f0000001680), &(0x7f00000016c0)={'U+', 0x3}, 0x16, 0x1)
fsetxattr$trusted_overlay_redirect(r2, &(0x7f0000001700), &(0x7f0000001740)='./file0\x00', 0x8, 0x0)
fdatasync(r2)
fsetxattr$trusted_overlay_origin(0xffffffffffffffff, &(0x7f0000001780), &(0x7f00000017c0), 0x2, 0x1)
fstat(r2, &(0x7f0000001800))
fsetxattr$trusted_overlay_nlink(r0, &(0x7f0000001880), &(0x7f00000018c0)={'U-', 0x2}, 0x16, 0x2)
r3 = open(&(0x7f0000001900)='./file0\x00', 0x109001, 0x124)
fsetxattr$trusted_overlay_nlink(r2, &(0x7f0000001940), &(0x7f0000001980)={'U-', 0x48d3}, 0x16, 0x0)
fcntl$getown(r3, 0x9)
---

end of program
2023/03/11 13:22:41 -----run executor: [/usr/bin/ssh -F /dev/null -o ConnectionAttempts=100 -o ConnectTimeout=120 -o UserKnownHostsFile=/dev/null -o BatchMode=yes -o IdentitiesOnly=yes -o StrictHostKeyChecking=no -o ConnectTimeout=100 -i /home/tlyu/dfs-fuzzing/disk-images/orangefs-images/focal.id_rsa root@192.168.0.35 /root/syz-executor exec 0 0 orangefs 3 4 192.168.0.35 0 "3 1" false false false true false]
2023/03/11 13:22:41 -----run executor: [/usr/bin/ssh -F /dev/null -o ConnectionAttempts=100 -o ConnectTimeout=120 -o UserKnownHostsFile=/dev/null -o BatchMode=yes -o IdentitiesOnly=yes -o StrictHostKeyChecking=no -o ConnectTimeout=100 -i /home/tlyu/dfs-fuzzing/disk-images/orangefs-images/focal.id_rsa root@192.168.0.36 /root/syz-executor exec 0 1 orangefs 3 4 192.168.0.35 0 "3 1" false false false true false]
2023/03/11 13:22:41 -----run executor: [/usr/bin/ssh -F /dev/null -o ConnectionAttempts=100 -o ConnectTimeout=120 -o UserKnownHostsFile=/dev/null -o BatchMode=yes -o IdentitiesOnly=yes -o StrictHostKeyChecking=no -o ConnectTimeout=100 -i /home/tlyu/dfs-fuzzing/disk-images/orangefs-images/focal.id_rsa root@192.168.0.37 /root/syz-executor exec 0 2 orangefs 3 4 192.168.0.35 0 "3 1" false false false true false]
2023/03/11 13:22:41 -----run executor: [/usr/bin/ssh -F /dev/null -o ConnectionAttempts=100 -o ConnectTimeout=120 -o UserKnownHostsFile=/dev/null -o BatchMode=yes -o IdentitiesOnly=yes -o StrictHostKeyChecking=no -o ConnectTimeout=100 -i /home/tlyu/dfs-fuzzing/disk-images/orangefs-images/focal.id_rsa root@192.168.0.38 /root/syz-executor exec 1 3 orangefs 3 4 192.168.0.35 0 "3 1" false false false true false]
Warning: Permanently added '192.168.0.35' (ECDSA) to the list of known hosts.
Warning: Permanently added '192.168.0.36' (ECDSA) to the list of known hosts.
Warning: Permanently added '192.168.0.38' (ECDSA) to the list of known hosts.
Warning: Permanently added '192.168.0.37' (ECDSA) to the list of known hosts.
----- is restarting 0
---- dfs_name orangefs is_dfs_client 0
unlink FIFO failed: No such file or directory
[    0.000000] kernel: Linux version 5.15.0+ (tlyu@IC-RS3-DPC07) (gcc (Ubuntu 9.4.0-1ubuntu1~20.04.1) 9.4.0, GNU ld (GNU Binutils for Ubuntu) 2.34) #7 SMP Sat Feb 18 10:18:37 CET 2023
[    0.000000] kernel: Command line: root=/dev/sda console=ttyS0 net.ifnames=0 ip=192.168.0.36 quiet
[    0.000000] kernel: x86/fpu: Supporting XSAVE feature 0x001: 'x87 floating point registers'
[    0.000000] kernel: x86/fpu: Supporting XSAVE feature 0x002: 'SSE registers'
[    0.000000] kernel: x86/fpu: Supporting XSAVE feature 0x004: 'AVX registers'
[    0.000000] kernel: x86/fpu: Supporting XSAVE feature 0x020: 'AVX-512 opmask'
[    0.000000] kernel: x86/fpu: Supporting XSAVE feature 0x040: 'AVX-512 Hi256'
[    0.000000] kernel: x86/fpu: Supporting XSAVE feature 0x080: 'AVX-512 ZMM_Hi256'
[    0.000000] kernel: x86/fpu: Supporting XSAVE feature 0x200: 'Protection Keys User registers'
[    0.000000] kernel: x86/fpu: xstate_offset[2]:  576, xstate_sizes[2]:  256
[    0.000000] kernel: x86/fpu: xstate_[D 01/16/2023 17:42:13] PVFS2 Server version 2.9.7-orangefs-REV-65ab0d2 starting.
[E 01/16/2023 17:43:19] PVFS2 server got signal 15 (server_status_flag: 2080767)
[D 02/18/2023 14:39:31] PVFS2 Server version 2.9.7-orangefs-REV-65ab0d2 starting.
[D 02/18/2023 14:47:30] PVFS2 received server: signal 1
[E 02/18/2023 14:47:30] PVFS2 server got signal 15 (server_status_flag: 2080767)
offset[5]:  832, xstate_sizes[5]:   64
[    0.000000] kernel: x86/fpu: xstate_offset[6]:  896, xstate_sizes[6]:  512
[    0.000000] kernel: x86/fpu: xstate_offset[7]: 1408, xstate_sizes[7]: 1024
[    0.000000] kernel: x86/fpu: xstate_offset[9]: 2432, xstate_sizes[9]:    8
[    0.000000] kernel: x86/fpu: Enabled xstate features 0x2e7, context size is 2440 bytes, using 'compacted' format.
[    0.000000] kernel: signal: max sigframe size: 3632
[    0.000000] kernel: BIOS-provided physical RAM map:
[    0.000000] kernel: BIOS-e820: [mem 0x0000000000000000-0x000000000009fbff] usable
[    0.000000] kernel: BIOS-e820: [mem 0x000000000009fc00-0x000000000009ffff] reserved
[    0.000000] kernel: BIOS-e820: [mem 0x00000000000f0000-0x00000000000fffff] reserved
[    0.000000] kernel: BIOS-e820: [mem 0x0000000000100000-0x00000000bffdffff] usable
[    0.000000] kernel: BIOS-e820: [mem 0x00000000bffe0000-0x00000000bfffffff] reserved
[    0.000000] kernel: BIOS-e820: [mem 0x00000000feffc000-0x00000000executor 1 finishes userspace_cover_open
before receiving handshake request
req.flags ea2
feffffff] reserved
[    0.000000] kernel: BIOS-e820: [mem 0x00000000fffc0000-0x00000000ffffffff] reserved
[    0.000000] kernel: BIOS-e820: [mem 0x0000000100000000-0x00000002bfffffff] usable
[    0.000000] kernel: NX (Execute Disable) protection: active
[    0.000000] kernel: SMBIOS 2.8 present.
[    0.000000] kernel: DMI: QEMU Standard PC (i440FX + PIIX, 1996), BIOS 1.13.0-1ubuntu1.1 04/01/2014
[    0.000000] kernel: Hypervisor detected: KVM
[    0.000000] kernel: kvm-clock: Using msrs 4b564d01 and 4b564d00
[    0.000000] kernel: kvm-clock: cpu 0, msr 201e6e001, primary cpu clock
[    0.000001] kernel: kvm-clock: using sched offset of 551522111 cycles
[    0.000002] kernel: clocksource: kvm-clock: mask: 0xffffffffffffffff max_cycles: 0x1cd42e4dffb, max_idle_ns: 881590591483 ns
[    0.000005] kernel: tsc: Detected 2593.906 MHz processor
[    0.000431] kernel: e820: update [mem 0x00000000-0x00000fff] usable ==> reserved
[    0.000433] kernel: e820: remove [mem 0x000a0000-0x000fffff] usable
[    0.000437] kernel: last_pfn = 0x2c0000 max_arch_pfn = 0x10000000000
[    0.000489] kernel: x86/PAT: Configuration [0-7]: WB  WC  UC- UC  WB  WP  UC- WT  
[    0.000494] kernel: last_pfn = 0xbffe0 max_arch_pfn = 0x10000000000
[    0.004869] kernel: found SMP MP-table at [mem 0x000f5c80-0x000f5c8f]
[    0.004894] kernel: Using GB pages for direct mapping
[    0.005016] kernel: ACPI: Early table checksum verification disabled
[    0.005019] kernel: ACPI: RSDP 0x00000000000F5A50 000014 (v00 BOCHS )
[    0.005027] kernel: ACPI: RSDT 0x00000000BFFE15C9 000030 (v01 BOCHS  BXPCRSDT 00000001 BXPC 00000001)
[    0.005033] kernel: ACPI: FACP 0x00000000BFFE149D 000074 (v01 BOCHS  BXPCFACP 00000001 BXPC 00000001)
[    0.005038] kernel: ACPI: DSDT 0x00000000BFFE0040 00145D (v01 BOCHS  BXPCDSDT 00000001 BXPC 00000001)
[    0.005041] kernel: ACPI: FACS 0x00000000BFFE0000 000040
[    0.005043] kernel: ACPI: APIC 0x00000000BFFE1511 000080 (v01 BOCHS  BXPCAPIC 00000001 BXPC 00000001)
[    0.005045] kernel: ACPI: HPET 0x00000000BFFE1591 000038 (v01 BOCHS  BXPCHPET 00000001 BXPC 00000001)
[    0.005047] kernel: ACPI: Reserving FACP table memory at [mem 0xbffe149d-0xbffe1510]
[    0.005048] kernel: ACPI: Reserving DSDT table memory at [mem 0xbffe0040-0xbffe149c]
[    0.005049] kernel: ACPI: Reserving FACS table memory at [mem 0xbffe0000-0xbffe003f]
[    0.005049] kernel: ACPI: Reserving APIC table memory at [mem 0xbffe1511-0xbffe1590]
[    0.005050] kernel: ACPI: Reserving HPET table memory at [mem 0xbffe1591-0xbffe15c8]
[    0.005308] kernel: No NUMA configuration found
[    0.005308] kernel: Faking a node at [mem 0x0000000000000000-0x00000002bfffffff]
[    0.005311] kernel: NODE_DATA(0) allocated [mem 0x2bfffc000-0x2bfffffff]
[    0.006020] kernel: Zone ranges:
[    0.006022] kernel:   DMA      [mem 0x0000000000001000-0x0000000000ffffff]
[    0.006024] kernel:   DMA32    [mem 0x0000000001000000-0x00000000ffffffff]
[    0.006025] kernel:   Normal   [mem 0x0000000100000000-0x00000002bfffffff]
[    0.006026] kernel: Movable zone start for each node
[    0.006027] kernel: Early memory node ranges
[    0.006027] kernel:   node   0: [mem 0x0000000000001000-0x000000000009efff]
[    0.006029] kernel:   node   0: [mem 0x0000000000100000-0x00000000bffdffff]
[    0.006029] kernel:   node   0: [mem 0x0000000100000000-0x00000002bfffffff]
[    0.006031] kernel: Initmem setup node 0 [mem 0x0000000000001000-0x00000002bfffffff]
[    0.006595] kernel: On node 0, zone DMA: 1 pages in unavailable ranges
[    0.006606] kernel: On node 0, zone DMA: 97 pages in unavailable ranges
[    0.066701] kernel: On node 0, zone Normal: 32 pages in unavailable ranges
[    0.680703] kernel: kasan: KernelAddressSanitizer initialized
[    0.681043] kernel: ACPI: PM-Timer IO Port: 0x608
[    0.681052] kernel: ACPI: LAPIC_NMI (acpi_id[0xff] dfl dfl lint[0x1])
[    0.681086] kernel: IOAPIC[0]: apic_id 0, version 17, address 0xfec00000, GSI 0-23
[    0.681089] kernel: ACPI: INT_SRC_OVR (bus 0 bus_irq 0 global_irq 2 dfl dfl)
[    0.681091] kernel: ACPI: INT_SRC_OVR (bus 0 bus_irq 5 global_irq 5 high level)
[    0.681093] kernel: ACPI: INT_SRC_OVR (bus 0 bus_irq 9 global_irq 9 high level)
[    0.681094] kernel: ACPI: INT_SRC_OVR (bus 0 bus_irq 10 global_irq 10 high level)
[    0.681095] kernel: ACPI: INT_SRC_OVR (bus 0 bus_irq 11 global_irq 11 high level)
[    0.681098] kernel: ACPI: Using ACPI (MADT) for SMP configuration information
[    0.681099] kernel: ACPI: HPET id: 0x8086a201 base: 0xfed00000
[    0.681103] kernel: TSC deadline timer available
[    0.681104] kernel: smpboot: Allowing 2 CPUs, 0 hotplug CPUs
[    0.681128] kernel: kvm-guest: KVM setup pv remote TLB flush
[    0.681132] kernel: kvm-guest: setup PV sched yield
[    0.681140] kernel: PM: hibernation: Registered nosave memory: [mem 0x00000000-0x00000fff]
[    0.681142] kernel: PM: hibernation: Registered nosave memory: [mem 0x0009f000-0x0009ffff]
[    0.681142] kernel: PM: hibernation: Registered nosave memory: [mem 0x000a0000-0x000effff]
[    0.681143] kernel: PM: hibernation: Registered nosave memory: [mem 0x000f0000-0x000fffff]
[    0.681144] kernel: PM: hibernation: Registered nosave memory: [mem 0xbffe0000-0xbfffffff]
[    0.681145] kernel: PM: hibernation: Registered nosave memory: [mem 0xc0000000-0xfeffbfff]
[    0.681145] kernel: PM: hibernation: Registered nosave memory: [mem 0xfeffc000-0xfeffffff]
[    0.681146] kernel: PM: hibernation: Registered nosave memory: [mem 0xff000000-0xfffbffff]
[    0.681146] kernel: PM: hibernation: Registered nosave memory: [mem 0xfffc0000-0xffffffff]
[    0.681148] kernel: [mem 0xc0000000-0xfeffbfff] available for PCI devices
[    0.681149] kernel: Booting paravirtualized kernel on KVM
[    0.681152] kernel: clocksource: refined-jiffies: mask: 0xffffffff max_cycles: 0xffffffff, max_idle_ns: 1910969940391419 ns
[    0.685356] kernel: setup_percpu: NR_CPUS:64 nr_cpumask_bits:64 nr_cpu_ids:2 nr_node_ids:1
[    0.686122] kernel: percpu: Embedded 56 pages/cpu s191576 r8192 d29608 u1048576
[    0.686129] kernel: pcpu-alloc: s191576 r8192 d29608 u1048576 alloc=1*2097152
[    0.686132] kernel: pcpu-alloc: [0] 0 1 
[    0.686156] kernel: kvm-guest: setup async PF for cpu 0
[    0.686162] kernel: kvm-guest: stealtime: cpu 0, msr 26561f140
[    0.686166] kernel: Built 1 zonelists, mobility grouping on.  Total pages: 2580192
[    0.686168] kernel: Policy zone: Normal
[    0.686170] kernel: Kernel command line: root=/dev/sda console=ttyS0 net.ifnames=0 ip=192.168.0.36 quiet
[    0.691224] kernel: Dentry cache hash table entries: 2097152 (order: 12, 16777216 bytes, linear)
[    0.693704] kernel: Inode-cache hash table entries: 1048576 (order: 11, 8388608 bytes, linear)
[    0.693762] kernel: mem auto-init: stack:off, heap alloc:off, heap free:off
[    0.909171] kernel: Memory: 8872652K/10485240K available (14348K kernel code, 2403K rwdata, 3568K rodata, 1384K init, 1732K bss, 1612388K reserved, 0K cma-reserved)
[    0.909261] kernel: SLUB: HWalign=64, Order=0-3, MinObjects=0, CPUs=2, Nodes=1
[    0.909934] kernel: rcu: Hierarchical RCU implementation.
[    0.909935] kernel: rcu:         RCU event tracing is enabled.
[    0.909937] kernel: rcu:         RCU restricting CPUs from NR_CPUS=64 to nr_cpu_ids=2.
[    0.909939] kernel: rcu: RCU calculated value of scheduler-enlistment delay is 100 jiffies.
[    0.909941] kernel: rcu: Adjusting geometry for rcu_fanout_leaf=16, nr_cpu_ids=2
[    0.912610] kernel: NR_IRQS: 4352, nr_irqs: 440, preallocated irqs: 16
[    0.912822] kernel: random: get_random_bytes called from start_kernel+0x4b1/0x67a with crng_init=0
[    0.916703] kernel: Console: colour VGA+ 80x25
[    0.916747] kernel: printk: console [ttyS0] enabled
[    0.916766] kernel: ACPI: Core revision 20210730
[    0.916919] kernel: clocksource: hpet: mask: 0xffffffff max_cycles: 0xffffffff, max_idle_ns: 19112604467 ns
[    0.917022] kernel: APIC: Switch to symmetric I/O mode setup
[    0.917026] kernel: kvm-guest: setup PV IPIs
[    0.917884] kernel: ..TIMER: vector=0x30 apic1=0 pin1=2 apic2=-1 pin2=-1
[    0.917905] kernel: clocksource: tsc-early: mask: 0xffffffffffffffff max_cycles: 0x2563bf907c6, max_idle_ns: 440795319401 ns
[    0.917913] kernel: Calibrating delay loop (skipped) preset value.. 5187.81 BogoMIPS (lpj=2593906)
[    0.917916] kernel: pid_max: default: 32768 minimum: 301
[    0.917949] kernel: LSM: Security Framework initializing
[    0.917964] kernel: SELinux:  Initializing.
[    0.918967] kernel: Mount-cache hash table entries: 32768 (order: 6, 262144 bytes, linear)
[    0.919507] kernel: Mountpoint-cache hash table entries: 32768 (order: 6, 262144 bytes, linear)
[    0.919961] kernel: x86/cpu: User Mode Instruction Prevention (UMIP) activated
[    0.920048] kernel: Last level iTLB entries: 4KB 0, 2MB 0, 4MB 0
[    0.920050] kernel: Last level dTLB entries: 4KB 0, 2MB 0, 4MB 0, 1GB 0
[    0.920061] kernel: Spectre V1 : Mitigation: usercopy/swapgs barriers and __user pointer sanitization
[    0.920066] kernel: Spectre V2 : Mitigation: Enhanced IBRS
[    0.920067] kernel: Spectre V2 : Spectre v2 / SpectreRSB mitigation: Filling RSB on context switch
[    0.920068] kernel: Spectre V2 : mitigation: Enabling conditional Indirect Branch Prediction Barrier
[    0.920070] kernel: Speculative Store Bypass: Mitigation: Speculative Store Bypass disabled via prctl and seccomp
[    0.920071] kernel: TAA: Mitigation: TSX disabled
[    0.926242] kernel: Freeing SMP alternatives memory: 40K
[    0.926416] kernel: smpboot: CPU0: Intel(R) Xeon(R) Gold 6348 CPU @ 2.60GHz (family: 0x6, model: 0x6a, stepping: 0x6)
[    0.926557] kernel: Performance Events: Icelake events, 32-deep LBR, full-width counters, Intel PMU driver.
[    0.926971] kernel: ... version:                2
[    0.926973] kernel: ... bit width:              48
[    0.926974] kernel: ... generic registers:      8
[    0.926974] kernel: ... value mask:             0000ffffffffffff
[    0.926976] kernel: ... max period:             00007fffffffffff
[    0.926976] kernel: ... fixed-purpose events:   3
[    0.926977] kernel: ... event mask:             00000007000000ff
[    0.927150] kernel: rcu: Hierarchical SRCU implementation.
[    0.927515] kernel: smp: Bringing up secondary CPUs ...
[    0.927635] kernel: x86: Booting SMP configuration:
[    0.927636] kernel: .... node  #0, CPUs:      #1
[    0.005118] kernel: kvm-clock: cpu 1, msr 201e6e041, secondary cpu clock
[    0.005118] kernel: smpboot: CPU 1 Converting physical 0 to logical die 1
[    0.936949] kernel: kvm-guest: setup async PF for cpu 1
[    0.936957] kernel: kvm-guest: stealtime: cpu 1, msr 26571f140
[    0.948911] kernel: smp: Brought up 1 node, 2 CPUs
[    0.948918] kernel: smpboot: Max logical packages: 2
[    0.948919] kernel: smpboot: Total of 2 processors activated (10375.62 BogoMIPS)
[    0.950508] kernel: devtmpfs: initialized
[    0.952040] kernel: clocksource: jiffies: mask: 0xffffffff max_cycles: 0xffffffff, max_idle_ns: 1911260446275000 ns
[    0.952045] kernel: futex hash table entries: 512 (order: 3, 32768 bytes, linear)
[    0.952226] kernel: PM: RTC time: 12:22:28, date: 2023-03-11
[    0.952400] kernel: NET: Registered PF_NETLINK/PF_ROUTE protocol family
[    0.952576] kernel: audit: initializing netlink subsys (disabled)
[    0.953139] kernel: thermal_sys: Registered thermal governor 'step_wise'
[    0.953140] kernel: thermal_sys: Registered thermal governor 'user_space'
[    0.953174] kernel: audit: type=2000 audit(1678537348.404:1): state=initialized audit_enabled=0 res=1
[    0.953177] kernel: cpuidle: using governor menu
[    0.953177] kernel: ACPI: bus type PCI registered
[    0.953177] kernel: PCI: Using configuration type 1 for base access
[    0.961174] kernel: Kprobes globally optimized
[    0.961996] kernel: HugeTLB registered 2.00 MiB page size, pre-allocated 0 pages
[    0.962948] kernel: cryptomgr_test (26) used greatest stack depth: 31400 bytes left
[    0.963986] kernel: ACPI: Added----- is restarting 0
---- dfs_name orangefs is_dfs_client 0
unlink FIFO failed: No such file or directory
executor 0 finishes userspace_cover_open
before receiving handshake request
[    0.000000] kernel: Linux version 5.15.0+ (tlyu@IC-RS3-DPC07) (gcc (Ubuntu 9.4.0-1ubuntu1~20.04.1) 9.4.0, GNU ld (GNU Binutils for Ubuntu) 2.34) #7 SMP Sat Feb 18 10:18:37 CET 2023
[    0.000000] kernel: Command line: root=/dev/sda console=ttyS0 net.ifnames=0 ip=192.168.0.35 quiet
[    0.000000] kernel: x86/fpu: Supporting XSAVE feature 0x001: 'x87 floating point registers'
[    0.000000] kernel: x86/fpu: Supporting XSAVE feature 0x002: 'SSE registers'
[    0.000000] kernel: x86/fpu: Supporting XSAVE feature 0x004: 'AVX registers'
[    0.000000] kernel: x86/fpu: Supporting XSAVE feature 0x020: 'AVX-512 opmask'
[    0.000000] kernel: x86/fpu: Supporting XSAVE feature 0x040: 'AVX-512 Hi256'
[    0.000000] kernel: x86/fpu: Supporting XSAVE feature 0x080: 'AVX-512 ZMM_Hi256'
[    0.000000] kernel: x86/fpu: Supporting XSAVE feature 0x200: 'Protection Keys User registers'
[    0.000000] kernel: x86/fpu: xstate_offset[2]:  576, xstate_sizes[2]:  256
[    0.000000] kernel: x86/fpu: xstate_offset[5]:  832, xstate_sizes[5]:   64
[    0.000000] kernel: x86/fpu: xstate_offset[6]:  896, xstate_sizes[6]:  512
[    0.000000] kernel: x86/fpu: xstate_offset[7]: 1408, xstate_sizes[7]: 1024
[    0.000000] kernel: x86/fpu: xstate_offset[9]: 2432, xstate_sizes[9]:    8
[    0.000000] kernel: x86/fpu: Enabled xstate features 0x2e7, context size is 2440 bytes, using 'compacted' format.
[    0.000000] kernel: signal: max sigframe size: 3632
[    0.000000] kernel: BIOS-provided physical RAM map:
[    0.000000] kernel: BIOS-e820: [mem 0x0000000000000000-0x000000000009fbff] usable
[    0.000000] kernel: BIOS-e820: [mem 0x000000000009fc00-0x000000000009ffff] reserved
[    0.000000] kernel: BIOS-e820: [mem 0x00000000000f0000-0x00000000000fffff] reserved
[    0.000000] kernel: BIOS-e820: [mem 0x0000000000100000-0x00000000bffdffff] usable
[    0.000000] kernel: BIOS-e820: [mem 0x00000000bffe0000-0x00000000bfffffff] reserved
[    0.000000] kernel: BIOS-e820: [mem 0x00000000feffc000-0x00000000feffffff] reserved
[    0.000000] kernel: BIOS-e820: [mem 0x00000000fffc0000-0x00000000ffffffff] reserved
[    0.000000] kernel: BIOS-e820: [mem 0x0000000100000000-0x00000002bfffffff] usable
[    0.000000] kernel: NX (Execute Disable) protection: active
[    0.000000] kernel: SMBIOS 2.8 present.
[    0.000000] kernel: DMI: QEMU Standard PC (i440FX + PIIX, 1996), BIOS 1.13.0-1ubuntu1.1 04/01/2014
[    0.000000] kernel: Hypervisor detected: KVM
[    0.000000] kernel: kvm-clock: Using msrs 4b564d01 and 4b564d00
[    0.000000] kernel: kvm-clock: cpu 0, msr 286e6e001, primary cpu clock
[    0.000001] kernel: kvm-clock: using sched offset of 569278958 cycles
[    0.000003] kernel: clocksource: kvm-clock: mask: 0xffffffffffffffff max_cycles: 0x1cd42e4dffb, max_idle_ns: 881590591483 ns
[    0.000005] kernel: tsc: Detected 2593.906 MHz processor
[    0.000418] kernel: e820: update [mem 0x00000000-0x00000fff] usable ==> reserved
[    0.000420] kernel: e820: remove [mem 0x000a0000-0x000fffff] usable
[    0.000423] kernel: last_pfn = 0x2c0000 max_arch_pfn = 0x10000000000
[    0.000471] kernel: x86/PAT: Configuration [0-7]: WB  WC  UC- UC  WB  WP  UC- WT  
[    0.000476] kernel: last_pfn = 0xbffe0 max_arch_pfn = 0x10000000000
[    0.032712] kernel: found SMP MP-table at [mem 0x000f5c80-0x000f5c8f]
[    0.032745] kernel: Using GB pages for direct mapping
[    0.032856] kernel: ACPI: Early table checksum verification disabled
[    0.032860] kernel: ACPI: RSDP 0x00000000000F5A50 000014 (v00 BOCHS )
[    0.032871] kernel: ACPI: RSDT 0x00000000BFFE15C9 000030 (v01 BOCHS  BXPCRSDT 00000001 BXPC 00000001)
[    0.032876] kernel: ACPI: FACP 0x00000000BFFE149D 000074 (v01 BOCHS  BXPCFACP 00000001 BXPC 00000001)
[    0.032881] kernel: ACPI: DSDT 0x00000000BFFE0040 00145D (v01 BOCHS  BXPCDSDT 00000001 BXPC 00000001)
[    0.032884] kernel: ACPI: FACS 0x00000000BFFE0000 000040
[    0.032886] kernel: ACPI: APIC 0x00000000BFFE1511 000080 (v01 BOCHS  BXPCAPIC 00000001 BXPC 00000001)
[    0.032[D 01/16/2023 17:42:13] PVFS2 Server version 2.9.7-orangefs-REV-65ab0d2 starting.
[E 01/16/2023 17:43:19] PVFS2 server got signal 15 (server_status_flag: 2080767)
[D 02/18/2023 14:39:31] PVFS2 Server version 2.9.7-orangefs-REV-65ab0d2 starting.
[D 02/18/2023 14:47:30] PVFS2 received server: signal 1
[E 02/18/2023 14:47:30] PVFS2 server got signal 15 (server_status_flag: 2080767)
888] kernel: ACPI: HPET 0x00000000BFFE1591 000038 (v01 BOCHS  BXPCHPET 00000001 BXPC 00000001)
[    0.032890] kernel: ACPI: Reserving FACP table memory at [mem 0xbffe149d-0xbffe1510]
[    0.032891] kernel: ACPI: Reserving DSDT table memory at [mem 0xbffe0040-0xbffe149c]
[    0.032892] kernel: ACPI: Reserving FACS table memory at [mem 0xbffe0000-0xbffe003f]
[    0.032893] kernel: ACPI: Reserving APIC table memory at [mem 0xbffe1511-0xbffe1590]
[    0.032894] kernel: ACPI: Reserving HPET table memory at [mem 0xbffe1591-0xbffe15c8]
[    0.033150] kernel: No NUMA configuration found
[    0.033151] kernel: Faking a node at [mem 0x0000000000000000-0x00000002bfffffff]
[    0.033153] kernel: NODE_DATA(0) allocated [mem 0x2bfffc000-0x2bfffffff]
[    0.033852] kernel: Zone ranges:
[    0.033853] kernel:   DMA      [mem 0x0000000000001000-0x0000000000ffffff]
[    0.033855] kernel:   DMA32    [mem 0x0000000001000000-0x00000000ffffffff]
[    0.033856] kernel:   Normal   [mem 0x0000000100000000-0x00000002bfffffff]
[    0.033857] kernel: Movable zone start for each node
[    0.033858] kernel: Early memory node ranges
[    0.033858] kernel:   node   0: [mem 0x0000000000001000-0x000000000009efff]
[    0.033859] kernel:   node   0: [mem 0x0000000000100000-0x00000000bffdffff]
[    0.033860] kernel:   node   0: [mem 0x0000000100000000-0x00000002bfffffff]
[    0.033861] kernel: Initmem setup node 0 [mem 0x0000000000001000-0x00000002bfffffff]
[    0.034415] kernel: On node 0, zone DMA: 1 pages in unavailable ranges
[    0.034426] kernel: On node 0, zone DMA: 97 pages in unavailable ranges
[    0.159199] kernel: On node 0, zone Normal: 32 pages in unavailable ranges
[    0.999246] kernel: kasan: KernelAddressSanitizer initialized
[    0.999571] kernel: ACPI: PM-Timer IO Port: 0x608
[    0.999578] kernel: ACPI: LAPIC_NMI (acpi_id[0xff] dfl dfl lint[0x1])
[    0.999614] kernel: IOAPIC[0]: apic_id 0, version 17, address 0xfec00000, GSI 0-23
[    0.999616] kernel: ACPI: INT_SRC_OVR (bus 0 b _OSI(Module Device)
[    0.963986] kernel: ACPI: Added _OSI(Processor Device)
[    0.963986] kernel: ACPI: Added _OSI(3.0 _SCP Extensions)
[    0.963986] kernel: ACPI: Added _OSI(Processor Aggregator Device)
[    0.963986] kernel: ACPI: Added _OSI(Linux-Dell-Video)
[    0.963986] kernel: ACPI: Added _OSI(Linux-Lenovo-NV-HDMI-Audio)
[    0.963986] kernel: ACPI: Added _OSI(Linux-HPI-Hybrid-Graphics)
[    0.970049] kernel: ACPI: 1 ACPI AML tables successfully acquired and loaded
[    0.972419] kernel: ACPI: Interpreter enabled
[    0.972450] kernel: ACPI: PM: (supports S0 S3 S4 S5)
[    0.972452] kernel: ACPI: Using IOAPIC for interrupt routing
[    0.972486] kernel: PCI: Using host bridge windows from ACPI; if necessary, use "pci=nocrs" and report a bug
[    0.972842] kernel: ACPI: Enabled 2 GPEs in block 00 to 0F
[    0.983131] kernel: ACPI: PCI Root Bridge [PCI0] (domain 0000 [bus 00-ff])
[    0.983144] kernel: acpi PNP0A03:00: _OSC: OS supports [ASPM ClockPM Segments MSI HPX-Type3]
us_irq 0 global_irq 2 dfl dfl)
[    0.999618] kernel: ACPI: INT_SRC_OVR (bus 0 bus_irq 5 global_irq 5 high level)
[    0.999619] kernel: ACPI: INT_SRC_OVR (bus 0 bus_irq 9 global_irq 9 high level)
[    0.999620] kernel: ACPI: INT_SRC_OVR (bus 0 bus_irq 10 global_irq 10 high level)
[    0.999621] kernel: ACPI: INT_SRC_OVR (bus 0 bus_irq 11 global_irq 11 high level)
[    0.999624] kernel: ACPI: Using ACPI (MADT) for SMP configuration information
[    0.999625] kernel: ACPI: HPET id: 0x8086a201 base: 0xfed00000
[    0.999627] kernel: TSC deadline timer available
[    0.999629] kernel: smpboot: Allowing 2 CPUs, 0 hotplug CPUs
[    0.999647] kernel: kvm-guest: KVM setup pv remote TLB flush
[    0.999651] kernel: kvm-guest: setup PV sched yield
[    0.999659] kernel: PM: hibernation: Registered nosave memory: [mem 0x00000000-0x00000fff]
[    0.999660] kernel: PM: hibernation: Registered nosave memory: [mem 0x0009f000-0x0009ffff]
[    0.999661] kernel: PM: hibernation: Registered nosave memo[    0.983190] kernel: acpi PNP0A03:00: fail to add MMCONFIG information, can't access extended PCI configuration space under this bridge.
[    0.983297] kernel: PCI host bridge to bus 0000:00
[    0.983300] kernel: pci_bus 0000:00: root bus resource [io  0x0000-0x0cf7 window]
[    0.983303] kernel: pci_bus 0000:00: root bus resource [io  0x0d00-0xffff window]
[    0.983305] kernel: pci_bus 0000:00: root bus resource [mem 0x000a0000-0x000bffff window]
[    0.983307] kernel: pci_bus 0000:00: root bus resource [mem 0xc0000000-0xfebfffff window]
[    0.983308] kernel: pci_bus 0000:00: root bus resource [mem 0x2c0000000-0x33fffffff window]
[    0.983311] kernel: pci_bus 0000:00: root bus resource [bus 00-ff]
[    0.983799] kernel: pci 0000:00:00.0: [8086:1237] type 00 class 0x060000
[    0.984694] kernel: pci 0000:00:01.0: [8086:7000] type 00 class 0x060100
[    0.985404] kernel: pci 0000:00:01.1: [8086:7010] type 00 class 0x010180
[    0.987558] kernel: pci 0000:00:01.1: reg 0x20: [io  0xc040-0xc04f]
[    0.989110] kernel: pci 0000:00:01.1: legacy IDE quirk: reg 0x10: [io  0x01f0-0x01f7]
[    0.989115] kernel: pci 0000:00:01.1: legacy IDE quirk: reg 0x14: [io  0x03f6]
[    0.989116] kernel: pci 0000:00:01.1: legacy IDE quirk: reg 0x18: [io  0x0170-0x0177]
[    0.989117] kernel: pci 0000:00:01.1: legacy IDE quirk: reg 0x1c: [io  0x0376]
[    0.990032] kernel: pci 0000:00:01.3: [8086:7113] type 00 class 0x068000
[    0.990309] kernel: pci 0000:00:01.3: quirk: [io  0x0600-0x063f] claimed by PIIX4 ACPI
[    0.990316] kernel: pci 0000:00:01.3: quirk: [io  0x0700-0x070f] claimed by PIIX4 SMB
[    0.991095] kernel: pci 0000:00:02.0: [1234:1111] type 00 class 0x030000
[    0.992412] kernel: pci 0000:00:02.0: reg 0x10: [mem 0xfd000000-0xfdffffff pref]
[    0.993913] kernel: pci 0000:00:02.0: reg 0x18: [mem 0xfeb90000-0xfeb90fff]
[    0.997916] kernel: pci 0000:00:02.0: reg 0x30: [mem 0xfeb80000-0xfeb8ffff pref]
[    0.999304] kernel: pci 0000:00:03.0: [1af4:1005] type 00 clasry: [mem 0x000a0000-0x000effff]
[    0.999662] kernel: PM: hibernation: Registered nosave memory: [mem 0x000f0000-0x000fffff]
[    0.999662] kernel: PM: hibernation: Registered nosave memory: [mem 0xbffe0000-0xbfffffff]
[    0.999663] kernel: PM: hibernation: Registered nosave memory: [mem 0xc0000000-0xfeffbfff]
[    0.999664] kernel: PM: hibernation: Registered nosave memory: [mem 0xfeffc000-0xfeffffff]
[    0.999664] kernel: PM: hibernation: Registered nosave memory: [mem 0xff000000-0xfffbffff]
[    0.999665] kernel: PM: hibernation: Registered nosave memory: [mem 0xfffc0000-0xffffffff]
[    0.999666] kernel: [mem 0xc0000000-0xfeffbfff] available for PCI devices
[    0.999667] kernel: Booting paravirtualized kernel on KVM
[    0.999669] kernel: clocksource: refined-jiffies: mask: 0xffffffff max_cycles: 0xffffffff, max_idle_ns: 1910969940391419 ns
[    1.003602] kernel: setup_percpu: NR_CPUS:64 nr_cpumask_bits:64 nr_cpu_ids:2 nr_node_ids:1
[    1.004223] kernel: percpu: Embedded 56 ps 0x00ff00
[    1.000370] kernel: pci 0000:00:03.0: reg 0x10: [io  0xc000-0xc01f]
[    1.003427] kernel: pci 0000:00:03.0: reg 0x20: [mem 0xfe200000-0xfe203fff 64bit pref]
[    1.006634] kernel: pci 0000:00:04.0: [1af4:1000] type 00 class 0x020000
[    1.007534] kernel: pci 0000:00:04.0: reg 0x10: [io  0xc020-0xc03f]
[    1.008508] kernel: pci 0000:00:04.0: reg 0x14: [mem 0xfeb91000-0xfeb91fff]
[    1.011502] kernel: pci 0000:00:04.0: reg 0x20: [mem 0xfe204000-0xfe207fff 64bit pref]
[    1.012731] kernel: pci 0000:00:04.0: reg 0x30: [mem 0xfeb00000-0xfeb7ffff pref]
[    1.015453] kernel: pci 0000:00:10.0: [1af4:1110] type 00 class 0x050000
[    1.016285] kernel: pci 0000:00:10.0: reg 0x10: [mem 0xfeb92000-0xfeb920ff]
[    1.017916] kernel: pci 0000:00:10.0: reg 0x18: [mem 0xfe000000-0xfe0fffff 64bit pref]
[    1.020387] kernel: pci 0000:00:11.0: [1af4:1110] type 00 class 0x050000
[    1.020912] kernel: pci 0000:00:11.0: reg 0x10: [mem 0xfeb93000-0xfeb930ff]
[    1.021882] kernel: pci 0000:00:11.0: reg 0x18: [mem 0xfe208000-0xfe2083ff 64bit pref]
[    1.024556] kernel: pci 0000:00:12.0: [1af4:1110] type 00 class 0x050000
[    1.025260] kernel: pci 0000:00:12.0: reg 0x10: [mem 0xfeb94000-0xfeb940ff]
[    1.026651] kernel: pci 0000:00:12.0: reg 0x18: [mem 0xfe100000-0xfe1fffff 64bit pref]
[    1.031270] kernel: ACPI: PCI: Interrupt link LNKA configured for IRQ 10
[    1.031667] kernel: ACPI: PCI: Interrupt link LNKB configured for IRQ 10
[    1.032138] kernel: ACPI: PCI: Interrupt link LNKC configured for IRQ 11
[    1.032475] kernel: ACPI: PCI: Interrupt link LNKD configured for IRQ 11
[    1.032606] kernel: ACPI: PCI: Interrupt link LNKS configured for IRQ 9
[    1.033247] kernel: iommu: Default domain type: Translated 
[    1.033248] kernel: iommu: DMA domain TLB invalidation policy: lazy mode 
[    1.033386] kernel: pci 0000:00:02.0: vgaarb: setting as boot VGA device
[    1.033389] kernel: pci 0000:00:02.0: vgaarb: VGA device added: decodes=io+mem,owns=io+mem,locks=none
[    1.033392] kernel: pci 0000:00:02.0: vgaarb: bridge control possible
[    1.033393] kernel: vgaarb: loaded
[    1.033596] kernel: SCSI subsystem initialized
[    1.033964] kernel: libata version 3.00 loaded.
[    1.034058] kernel: ACPI: bus type USB registered
[    1.034106] kernel: usbcore: registered new interface driver usbfs
[    1.034127] kernel: usbcore: registered new interface driver hub
[    1.034144] kernel: usbcore: registered new device driver usb
[    1.034197] kernel: pps_core: LinuxPPS API ver. 1 registered
[    1.034198] kernel: pps_core: Software ver. 5.3.6 - Copyright 2005-2007 Rodolfo Giometti <giometti@linux.it>
[    1.034209] kernel: PTP clock support registered
[    1.034279] kernel: Advanced Linux Sound Architecture Driver Initialized.
[    1.034302] kernel: NetLabel: Initializing
[    1.034303] kernel: NetLabel:  domain hash size = 128
[    1.034304] kernel: NetLabel:  protocols = UNLABELED CIPSOv4 CALIPSO
[    1.034338] kernel: NetLabel:  unlabele----- is restarting 0
---- dfs_name orangefs is_dfs_client 1
before receiving handshake request
ages/cpu s191576 r8192 d29608 u1048576
[    1.004227] kernel: pcpu-alloc: s191576 r8192 d29608 u1048576 alloc=1*2097152
[    1.004230] kernel: pcpu-alloc: [0] 0 1 
[    1.004251] kernel: kvm-guest: setup async PF for cpu 0
[    1.004256] kernel: kvm-guest: stealtime: cpu 0, msr 26381f140
[    1.004259] kernel: Built 1 zonelists, mobility grouping on.  Total pages: 2580192
[    1.004260] kernel: Policy zone: Normal
[    1.004261] kernel: Kernel command line: root=/dev/sda console=ttyS0 net.ifnames=0 ip=192.168.0.35 quiet
[    1.009092] kernel: Dentry cache hash table entries: 2097152 (order: 12, 16777216 bytes, linear)
[    1.011495] kernel: Inode-cache hash table entries: 1048576 (order: 11, 8388608 bytes, linear)
[    1.011546] kernel: mem auto-init: stack:off, heap alloc:off, heap free:off
[    1.274052] kernel: Memory: 8872652K/10485240K available (14348K kernel code, 2403K rwdata, 3568K rodata, 1384K init, 1732K bss, 1612388K reserved, 0K cma-reserved)
[    1.274149] kernel: SLUB: HWalign=64, Order=0-3, MinObjects=0, CPUs=2, Nodes=1
[    1.274763] kernel: rcu: Hierarchical RCU implementation.
[    1.274765] kernel: rcu:         RCU event tracing is enabled.
[    1.274766] kernel: rcu:         RCU restricting CPUs from NR_CPUS=64 to nr_cpu_ids=2.
[    1.274769] kernel: rcu: RCU calculated value of scheduler-enlistment delay is 100 jiffies.
[    1.274771] kernel: rcu: Adjusting geometry for rcu_fanout_leaf=16, nr_cpu_ids=2
[    1.277423] kernel: NR_IRQS: 4352, nr_irqs: 440, preallocated irqs: 16
[    1.277630] kernel: random: get_random_bytes called from start_kernel+0x4b1/0x67a with crng_init=0
[    1.284077] kernel: Console: colour VGA+ 80x25
[    1.284123] kernel: printk: console [ttyS0] enabled
[    1.284153] kernel: ACPI: Core revision 20210730
[    1.284313] kernel: clocksource: hpet: mask: 0xffffffff max_cycles: 0xffffffff, max_idle_ns: 19112604467 ns
[    1.284406] kernel: APIC: Switch to symmetric I/O mode setup
[    1.284409] kernel: kvm-guest: setup P[    0.000000] kernel: Linux version 5.15.0+ (tlyu@IC-RS3-DPC07) (gcc (Ubuntu 9.4.0-1ubuntu1~20.04.1) 9.4.0, GNU ld (GNU Binutils for Ubuntu) 2.34) #7 SMP Sat Feb 18 10:18:37 CET 2023
[    0.000000] kernel: Command line: root=/dev/sda console=ttyS0 net.ifnames=0 ip=192.168.0.38 quiet
[    0.000000] kernel: x86/fpu: Supporting XSAVE feature 0x001: 'x87 floating point registers'
[    0.000000] kernel: x86/fpu: Supporting XSAVE feature 0x002: 'SSE registers'
[    0.000000] kernel: x86/fpu: Supporting XSAVE feature 0x004: 'AVX registers'
[    0.000000] kernel: x86/fpu: Supporting XSAVE feature 0x020: 'AVX-512 opmask'
[    0.000000] kernel: x86/fpu: Supporting XSAVE feature 0x040: 'AVX-512 Hi256'
[    0.000000] kernel: x86/fpu: Supporting XSAVE feature 0x080: 'AVX-512 ZMM_Hi256'
[    0.000000] kernel: x86/fpu: Supporting XSAVE feature 0x200: 'Protection Keys User registers'
[    0.000000] kernel: x86/fpu: xstate_offset[2]:  576, xstate_sizes[2]:  256
[    0.000000] kernel: x86/fpu: xstate_V IPIs
[    1.285301] kernel: ..TIMER: vector=0x30 apic1=0 pin1=2 apic2=-1 pin2=-1
[    1.285323] kernel: clocksource: tsc-early: mask: 0xffffffffffffffff max_cycles: 0x2563bf907c6, max_idle_ns: 440795319401 ns
[    1.285332] kernel: Calibrating delay loop (skipped) preset value.. 5187.81 BogoMIPS (lpj=2593906)
[    1.285334] kernel: pid_max: default: 32768 minimum: 301
[    1.285373] kernel: LSM: Security Framework initializing
[    1.285390] kernel: SELinux:  Initializing.
[    1.286408] kernel: Mount-cache hash table entries: 32768 (order: 6, 262144 bytes, linear)
[    1.286914] kernel: Mountpoint-cache hash table entries: 32768 (order: 6, 262144 bytes, linear)
[    1.287385] kernel: x86/cpu: User Mode Instruction Prevention (UMIP) activated
[    1.287476] kernel: Last level iTLB entries: 4KB 0, 2MB 0, 4MB 0
[    1.287477] kernel: Last level dTLB entries: 4KB 0, 2MB 0, 4MB 0, 1GB 0
[    1.287488] kernel: Spectre V1 : Mitigation: usercopy/swapgs barriers and __user pointer sanitizatd traffic allowed by default
[    1.034963] kernel: PCI: Using ACPI for IRQ routing
[    1.034963] kernel: PCI: pci_cache_line_size set to 64 bytes
[    1.035079] kernel: e820: reserve RAM buffer [mem 0x0009fc00-0x0009ffff]
[    1.035086] kernel: e820: reserve RAM buffer [mem 0xbffe0000-0xbfffffff]
[    1.035154] kernel: hpet0: at MMIO 0xfed00000, IRQs 2, 8, 0
[    1.035158] kernel: hpet0: 3 comparators, 64-bit 100.000000 MHz counter
[    1.039998] kernel: clocksource: Switched to clocksource kvm-clock
[    1.069623] kernel: VFS: Disk quotas dquot_6.6.0
[    1.069660] kernel: VFS: Dquot-cache hash table entries: 512 (order 0, 4096 bytes)
[    1.069796] kernel: pnp: PnP ACPI init
[    1.070125] kernel: pnp 00:03: [dma 2]
[    1.071134] kernel: pnp: PnP ACPI: found 6 devices
[    1.086032] kernel: clocksource: acpi_pm: mask: 0xffffff max_cycles: 0xffffff, max_idle_ns: 2085701024 ns
[    1.086100] kernel: NET: Registered PF_INET protocol family
[    1.086999] kernel: IP idents hash table entries: 262144 (order: 9, 2097152 bytes, linear)
[    1.096869] kernel: tcp_listen_portaddr_hash hash table entries: 8192 (order: 5, 131072 bytes, linear)
[    1.097439] kernel: TCP established hash table entries: 131072 (order: 8, 1048576 bytes, linear)
[    1.097649] kernel: TCP bind hash table entries: 65536 (order: 8, 1048576 bytes, linear)
[    1.098253] kernel: TCP: Hash tables configured (established 131072 bind 65536)
[    1.098357] kernel: UDP hash table entries: 8192 (order: 6, 262144 bytes, linear)
[    1.098400] kernel: UDP-Lite hash table entries: 8192 (order: 6, 262144 bytes, linear)
[    1.098524] kernel: NET: Registered PF_UNIX/PF_LOCAL protocol family
[    1.100551] kernel: pci_bus 0000:00: resource 4 [io  0x0000-0x0cf7 window]
[    1.100555] kernel: pci_bus 0000:00: resource 5 [io  0x0d00-0xffff window]
[    1.100556] kernel: pci_bus 0000:00: resource 6 [mem 0x000a0000-0x000bffff window]
[    1.100557] kernel: pci_bus 0000:00: resource 7 [mem 0xc0000000-0xfebfffff ion
[    1.287492] kernel: Spectre V2 : Mitigation: Enhanced IBRS
[    1.287493] kernel: Spectre V2 : Spectre v2 / SpectreRSB mitigation: Filling RSB on context switch
[    1.287495] kernel: Spectre V2 : mitigation: Enabling conditional Indirect Branch Prediction Barrier
[    1.287497] kernel: Speculative Store Bypass: Mitigation: Speculative Store Bypass disabled via prctl and seccomp
[    1.287498] kernel: TAA: Mitigation: TSX disabled
[    1.293834] kernel: Freeing SMP alternatives memory: 40K
[    1.293993] kernel: smpboot: CPU0: Intel(R) Xeon(R) Gold 6348 CPU @ 2.60GHz (family: 0x6, model: 0x6a, stepping: 0x6)
[    1.294125] kernel: Performance Events: Icelake events, 32-deep LBR, full-width counters, Intel PMU driver.
[    1.294218] kernel: ... version:                2
[    1.294220] kernel: ... bit width:              48
[    1.294220] kernel: ... generic registers:      8
[    1.294221] kernel: ... value mask:             0000ffffffffffff
[    1.294222] kernel: ... max periodoffset[5]:  832, xstate_sizes[5]:   64
[    0.000000] kernel: x86/fpu: xstate_offset[6]:  896, xstate_sizes[6]:  512
[    0.000000] kernel: x86/fpu: xstate_offset[7]: 1408, xstate_sizes[7]: 1024
[    0.000000] kernel: x86/fpu: xstate_offset[9]: 2432, xstate_sizes[9]:    8
[    0.000000] kernel: x86/fpu: Enabled xstate features 0x2e7, context size is 2440 bytes, using 'compacted' format.
[    0.000000] kernel: signal: max sigframe size: 3632
[    0.000000] kernel: BIOS-provided physical RAM map:
[    0.000000] kernel: BIOS-e820: [mem 0x0000000000000000-0x000000000009fbff] usable
[    0.000000] kernel: BIOS-e820: [mem 0x000000000009fc00-0x000000000009ffff] reserved
[    0.000000] kernel: BIOS-e820: [mem 0x00000000000f0000-0x00000000000fffff] reserved
[    0.000000] kernel: BIOS-e820: [mem 0x0000000000100000-0x00000000bffdffff] usable
[    0.000000] kernel: BIOS-e820: [mem 0x00000000bffe0000-0x00000000bfffffff] reserved
[    0.000000] kernel: BIOS-e820: [mem 0x00000000feffc000-0x00000000window]
[    1.100558] kernel: pci_bus 0000:00: resource 8 [mem 0x2c0000000-0x33fffffff window]
[    1.100666] kernel: pci 0000:00:01.0: PIIX3: Enabling Passive Release
[    1.100675] kernel: pci 0000:00:00.0: Limiting direct PCI/PCI transfers
[    1.100684] kernel: pci 0000:00:01.0: Activating ISA DMA hang workarounds
[    1.100720] kernel: pci 0000:00:02.0: Video device with shadowed ROM at [mem 0x000c0000-0x000dffff]
[    1.100754] kernel: PCI: CLS 0 bytes, default 64
[    1.100769] kernel: PCI-DMA: Using software bounce buffering for IO (SWIOTLB)
[    1.100771] kernel: software IO TLB: mapped [mem 0x00000000bbfe0000-0x00000000bffe0000] (64MB)
[    1.100976] kernel: RAPL PMU: API unit is 2^-32 Joules, 0 fixed counters, 10737418240 ms ovfl timer
[    1.100991] kernel: clocksource: tsc: mask: 0xffffffffffffffff max_cycles: 0x2563bf907c6, max_idle_ns: 440795319401 ns
[    1.101254] kernel: clocksource: Switched to clocksource tsc
[    1.103997] kernel: Initialise system trusted keyrin:             00007fffffffffff
[    1.294223] kernel: ... fixed-purpose events:   3
[    1.294224] kernel: ... event mask:             00000007000000ff
[    1.294326] kernel: rcu: Hierarchical SRCU implementation.
[    1.294326] kernel: smp: Bringing up secondary CPUs ...
[    1.294326] kernel: x86: Booting SMP configuration:
[    1.294326] kernel: .... node  #0, CPUs:      #1
[    0.007730] kernel: kvm-clock: cpu 1, msr 286e6e041, secondary cpu clock
[    0.007730] kernel: smpboot: CPU 1 Converting physical 0 to logical die 1
[    1.295353] kernel: kvm-guest: setup async PF for cpu 1
[    1.295358] kernel: kvm-guest: stealtime: cpu 1, msr 26391f140
[    1.295382] kernel: smp: Brought up 1 node, 2 CPUs
[    1.295386] kernel: smpboot: Max logical packages: 2
[    1.295387] kernel: smpboot: Total of 2 processors activated (10375.62 BogoMIPS)
[    1.296475] kernel: devtmpfs: initialized
[    1.299509] kernel: clocksource: jiffies: mask: 0xffffffff max_cycles: 0xffffffff, max_idle_ns: 191gs
[    1.104632] kernel: workingset: timestamp_bits=56 max_order=22 bucket_order=0
[    1.110399] kernel: fuse: init (API version 7.34)
[    1.110683] kernel: orangefs_debugfs_init: called with debug mask: :none: :0:
[    1.110753] kernel: orangefs_init: module version upstream loaded
[    1.120037] kernel: Key type asymmetric registered
[    1.120041] kernel: Asymmetric key parser 'x509' registered
[    1.120124] kernel: Block layer SCSI generic (bsg) driver version 0.4 loaded (major 250)
[    1.120126] kernel: io scheduler mq-deadline registered
[    1.120128] kernel: io scheduler kyber registered
[    1.120502] kernel: input: Power Button as /devices/LNXSYSTM:00/LNXPWRBN:00/input/input0
[    1.120591] kernel: ACPI: button: Power Button [PWRF]
[    1.524296] kernel: ACPI: \_SB_.LNKC: Enabled at IRQ 11
[    2.162142] kernel: ACPI: \_SB_.LNKD: Enabled at IRQ 10
[    2.198348] kernel: Serial: 8250/16550 driver, 4 ports, IRQ sharing enabled
[    2.198468] kernel: 00:05: ttyS0 at I/O 0x1260446275000 ns
[    1.299515] kernel: futex hash table entries: 512 (order: 3, 32768 bytes, linear)
[    1.299697] kernel: PM: RTC time: 12:22:27, date: 2023-03-11
[    1.299864] kernel: NET: Registered PF_NETLINK/PF_ROUTE protocol family
[    1.300363] kernel: audit: initializing netlink subsys (disabled)
[    1.301162] kernel: audit: type=2000 audit(1678537348.759:1): state=initialized audit_enabled=0 res=1
[    1.301450] kernel: thermal_sys: Registered thermal governor 'step_wise'
[    1.301451] kernel: thermal_sys: Registered thermal governor 'user_space'
[    1.301843] kernel: cpuidle: using governor menu
[    1.301843] kernel: ACPI: bus type PCI registered
[    1.301843] kernel: PCI: Using configuration type 1 for base access
[    1.308297] kernel: Kprobes globally optimized
[    1.320450] kernel: HugeTLB registered 2.00 MiB page size, pre-allocated 0 pages
[    1.320450] kernel: cryptomgr_test (26) used greatest stack depth: 31400 bytes left
[    1.330402] kernel: ACPI: Added3f8 (irq = 4, base_baud = 115200) is a 16550A
[    2.199263] kernel: Non-volatile memory driver v1.3
