2023/03/08 07:11:50 fuzzer started
2023/03/08 07:11:50 dialing manager at localhost:42025
2023/03/08 07:11:50 syscalls: 130
2023/03/08 07:11:50 code coverage: enabled
2023/03/08 07:11:50 comparison tracing: enabled
2023/03/08 07:11:50 extra coverage: enabled
2023/03/08 07:11:50 setuid sandbox: enabled
2023/03/08 07:11:50 namespace sandbox: /proc/self/ns/user does not exist
2023/03/08 07:11:50 Android sandbox: /sys/fs/selinux/policy can't be opened (open /sys/fs/selinux/policy: invalid argument)
2023/03/08 07:11:50 fault injection: CONFIG_FAULT_INJECTION_DEBUG_FS or CONFIG_FAILSLAB are not enabled
2023/03/08 07:11:50 leak checking: CONFIG_DEBUG_KMEMLEAK is not enabled
2023/03/08 07:11:50 net packet injection: /dev/net/tun does not exist
2023/03/08 07:11:50 net device setup: enabled
2023/03/08 07:11:50 concurrency sanitizer: /sys/kernel/debug/kcsan does not exist
2023/03/08 07:11:50 devlink PCI setup: enabled
2023/03/08 07:11:50 USB emulation: /dev/raw-gadget does not exist
2023/03/08 07:11:50 hci packet injection: /dev/vhci does not exist
2023/03/08 07:11:50 wifi device emulation: /sys/class/mac80211_hwsim/ does not exist
2023/03/08 07:11:50 802.15.4 emulation: /sys/bus/platform/devices/mac802154_hwsim does not exist
2023/03/08 07:11:50 deserializeInput: hasCrash true hasNet false
2023/03/08 07:11:50 prog length: 6
2023/03/08 07:11:50 prog length: 6
2023/03/08 07:11:50 prog length: 5
2023/03/08 07:11:50 deserializeInput: hasCrash true hasNet false
2023/03/08 07:11:50 prog length: 6
2023/03/08 07:11:50 prog length: 3
2023/03/08 07:11:50 deserializeInput: hasCrash true hasNet false
2023/03/08 07:11:50 prog length: 6
2023/03/08 07:11:50 prog length: 3
2023/03/08 07:11:50 deserializeInput: hasCrash true hasNet false
2023/03/08 07:11:50 prog length: 6
2023/03/08 07:11:50 prog length: 6
2023/03/08 07:11:50 prog length: 5
2023/03/08 07:11:50 deserializeInput: hasCrash true hasNet false
2023/03/08 07:11:50 prog length: 6
2023/03/08 07:11:50 prog length: 6
2023/03/08 07:11:50 prog length: 5
2023/03/08 07:11:50 deserializeInput: hasCrash true hasNet false
2023/03/08 07:11:50 prog length: 6
2023/03/08 07:11:50 prog length: 6
2023/03/08 07:11:50 prog length: 6
2023/03/08 07:11:50 deserializeInput: hasCrash true hasNet false
2023/03/08 07:11:50 prog length: 6
2023/03/08 07:11:50 prog length: 3
2023/03/08 07:11:50 deserializeInput: hasCrash true hasNet false
2023/03/08 07:11:50 prog length: 6
2023/03/08 07:11:50 prog length: 8
2023/03/08 07:11:50 deserializeInput: hasCrash true hasNet false
2023/03/08 07:11:50 prog length: 6
2023/03/08 07:11:50 prog length: 3
2023/03/08 07:11:50 deserializeInput: hasCrash true hasNet false
2023/03/08 07:11:50 prog length: 6
2023/03/08 07:11:50 prog length: 3
2023/03/08 07:11:50 deserializeInput: hasCrash true hasNet false
2023/03/08 07:11:50 prog length: 6
2023/03/08 07:11:50 prog length: 6
2023/03/08 07:11:50 prog length: 5
2023/03/08 07:11:50 deserializeInput: hasCrash true hasNet false
2023/03/08 07:11:50 prog length: 6
2023/03/08 07:11:50 prog length: 4
2023/03/08 07:11:50 deserializeInput: hasCrash true hasNet false
2023/03/08 07:11:50 prog length: 6
2023/03/08 07:11:50 prog length: 6
2023/03/08 07:11:50 prog length: 5
2023/03/08 07:11:50 deserializeInput: hasCrash true hasNet false
2023/03/08 07:11:50 prog length: 6
2023/03/08 07:11:50 prog length: 3
2023/03/08 07:11:50 deserializeInput: hasCrash true hasNet false
2023/03/08 07:11:50 prog length: 6
2023/03/08 07:11:50 prog length: 3
2023/03/08 07:11:50 deserializeInput: hasCrash true hasNet false
2023/03/08 07:11:50 prog length: 6
2023/03/08 07:11:50 prog length: 3
2023/03/08 07:11:50 deserializeInput: hasCrash true hasNet false
2023/03/08 07:11:50 prog length: 6
2023/03/08 07:11:50 prog length: 6
2023/03/08 07:11:50 prog length: 5
2023/03/08 07:11:50 deserializeInput: hasCrash true hasNet false
2023/03/08 07:11:50 prog length: 6
2023/03/08 07:11:50 prog length: 6
2023/03/08 07:11:50 prog length: 5
2023/03/08 07:11:50 deserializeInput: hasCrash false hasNet false
2023/03/08 07:11:50 prog length: 3
2023/03/08 07:11:50 deserializeInput: hasCrash true hasNet false
2023/03/08 07:11:50 prog length: 6
2023/03/08 07:11:50 prog length: 3
2023/03/08 07:11:50 deserializeInput: hasCrash true hasNet false
2023/03/08 07:11:50 prog length: 6
2023/03/08 07:11:50 prog length: 3
2023/03/08 07:11:50 deserializeInput: hasCrash true hasNet false
2023/03/08 07:11:50 prog length: 6
2023/03/08 07:11:50 prog length: 6
2023/03/08 07:11:50 prog length: 6
2023/03/08 07:11:50 deserializeInput: hasCrash true hasNet false
2023/03/08 07:11:50 prog length: 6
2023/03/08 07:11:50 prog length: 3
2023/03/08 07:11:50 deserializeInput: hasCrash true hasNet false
2023/03/08 07:11:50 prog length: 6
2023/03/08 07:11:50 prog length: 6
2023/03/08 07:11:50 prog length: 5
2023/03/08 07:11:50 deserializeInput: hasCrash true hasNet false
2023/03/08 07:11:50 prog length: 6
2023/03/08 07:11:50 prog length: 3
2023/03/08 07:11:50 deserializeInput: hasCrash true hasNet false
2023/03/08 07:11:50 prog length: 6
2023/03/08 07:11:50 prog length: 3
2023/03/08 07:11:50 deserializeInput: hasCrash true hasNet false
2023/03/08 07:11:50 prog length: 6
2023/03/08 07:11:50 prog length: 3
2023/03/08 07:11:50 deserializeInput: hasCrash false hasNet false
2023/03/08 07:11:50 prog length: 3
2023/03/08 07:11:50 deserializeInput: hasCrash true hasNet false
2023/03/08 07:11:50 prog length: 6
2023/03/08 07:11:50 prog length: 6
2023/03/08 07:11:50 prog length: 5
2023/03/08 07:11:50 deserializeInput: hasCrash true hasNet false
2023/03/08 07:11:50 prog length: 6
2023/03/08 07:11:50 prog length: 6
2023/03/08 07:11:50 prog length: 5
2023/03/08 07:11:50 deserializeInput: hasCrash true hasNet false
2023/03/08 07:11:50 prog length: 6
2023/03/08 07:11:50 prog length: 3
2023/03/08 07:11:50 deserializeInput: hasCrash true hasNet false
2023/03/08 07:11:50 prog length: 6
2023/03/08 07:11:50 prog length: 3
2023/03/08 07:11:50 deserializeInput: hasCrash true hasNet false
2023/03/08 07:11:50 prog length: 6
2023/03/08 07:11:50 prog length: 4
2023/03/08 07:11:50 deserializeInput: hasCrash true hasNet false
2023/03/08 07:11:50 prog length: 6
2023/03/08 07:11:50 prog length: 6
2023/03/08 07:11:50 prog length: 5
2023/03/08 07:11:50 deserializeInput: hasCrash true hasNet false
2023/03/08 07:11:50 prog length: 6
2023/03/08 07:11:50 prog length: 3
2023/03/08 07:11:50 deserializeInput: hasCrash true hasNet false
2023/03/08 07:11:50 prog length: 6
2023/03/08 07:11:50 prog length: 6
2023/03/08 07:11:50 prog length: 5
2023/03/08 07:11:50 deserializeInput: hasCrash true hasNet false
2023/03/08 07:11:50 prog length: 6
2023/03/08 07:11:50 prog length: 3
2023/03/08 07:11:50 deserializeInput: hasCrash true hasNet false
2023/03/08 07:11:50 prog length: 6
2023/03/08 07:11:50 prog length: 6
2023/03/08 07:11:50 prog length: 5
2023/03/08 07:11:50 deserializeInput: hasCrash false hasNet false
2023/03/08 07:11:50 prog length: 1
2023/03/08 07:11:50 deserializeInput: hasCrash true hasNet false
2023/03/08 07:11:50 prog length: 6
2023/03/08 07:11:50 prog length: 6
2023/03/08 07:11:50 prog length: 5
2023/03/08 07:11:50 deserializeInput: hasCrash true hasNet false
2023/03/08 07:11:50 prog length: 6
2023/03/08 07:11:50 prog length: 6
2023/03/08 07:11:50 prog length: 6
2023/03/08 07:11:50 deserializeInput: hasCrash true hasNet false
2023/03/08 07:11:50 prog length: 6
2023/03/08 07:11:50 prog length: 6
2023/03/08 07:11:50 prog length: 5
2023/03/08 07:11:50 deserializeInput: hasCrash false hasNet false
2023/03/08 07:11:50 prog length: 3
2023/03/08 07:11:50 deserializeInput: hasCrash true hasNet false
2023/03/08 07:11:50 prog length: 6
2023/03/08 07:11:50 prog length: 3
2023/03/08 07:11:50 deserializeInput: hasCrash true hasNet false
2023/03/08 07:11:50 prog length: 6
2023/03/08 07:11:50 prog length: 6
2023/03/08 07:11:50 prog length: 5
2023/03/08 07:11:50 deserializeInput: hasCrash true hasNet false
2023/03/08 07:11:50 prog length: 6
2023/03/08 07:11:50 prog length: 3
2023/03/08 07:11:50 deserializeInput: hasCrash true hasNet false
2023/03/08 07:11:50 prog length: 6
2023/03/08 07:11:50 prog length: 3
2023/03/08 07:11:50 deserializeInput: hasCrash true hasNet false
2023/03/08 07:11:50 prog length: 6
2023/03/08 07:11:50 prog length: 6
2023/03/08 07:11:50 prog length: 5
2023/03/08 07:11:50 deserializeInput: hasCrash true hasNet false
2023/03/08 07:11:50 prog length: 6
2023/03/08 07:11:50 prog length: 3
2023/03/08 07:11:50 deserializeInput: hasCrash true hasNet false
2023/03/08 07:11:50 prog length: 6
2023/03/08 07:11:50 prog length: 6
2023/03/08 07:11:50 prog length: 5
2023/03/08 07:11:50 fetching corpus: 50, signal 3797/14713/19641 (executing program)
2023/03/08 07:11:51 deserializeInput: hasCrash true hasNet false
2023/03/08 07:11:51 prog length: 6
2023/03/08 07:11:51 prog length: 3
2023/03/08 07:11:51 deserializeInput: hasCrash true hasNet false
2023/03/08 07:11:51 prog length: 6
2023/03/08 07:11:51 prog length: 3
2023/03/08 07:11:51 deserializeInput: hasCrash true hasNet false
2023/03/08 07:11:51 prog length: 6
2023/03/08 07:11:51 prog length: 3
2023/03/08 07:11:51 deserializeInput: hasCrash true hasNet false
2023/03/08 07:11:51 prog length: 6
2023/03/08 07:11:51 prog length: 3
2023/03/08 07:11:51 deserializeInput: hasCrash true hasNet false
2023/03/08 07:11:51 prog length: 6
2023/03/08 07:11:51 prog length: 6
2023/03/08 07:11:51 prog length: 6
2023/03/08 07:11:51 deserializeInput: hasCrash true hasNet false
2023/03/08 07:11:51 prog length: 6
2023/03/08 07:11:51 prog length: 3
2023/03/08 07:11:51 deserializeInput: hasCrash true hasNet false
2023/03/08 07:11:51 prog length: 6
2023/03/08 07:11:51 prog length: 6
2023/03/08 07:11:51 prog length: 6
2023/03/08 07:11:51 prog length: 7
2023/03/08 07:11:51 deserializeInput: hasCrash true hasNet false
2023/03/08 07:11:51 prog length: 6
2023/03/08 07:11:51 prog length: 3
2023/03/08 07:11:51 deserializeInput: hasCrash true hasNet false
2023/03/08 07:11:51 prog length: 6
2023/03/08 07:11:51 prog length: 6
2023/03/08 07:11:51 prog length: 5
2023/03/08 07:11:51 deserializeInput: hasCrash true hasNet false
2023/03/08 07:11:51 prog length: 6
2023/03/08 07:11:51 prog length: 6
2023/03/08 07:11:51 prog length: 6
2023/03/08 07:11:51 prog length: 7
2023/03/08 07:11:51 deserializeInput: hasCrash true hasNet false
2023/03/08 07:11:51 prog length: 6
2023/03/08 07:11:51 prog length: 6
2023/03/08 07:11:51 prog length: 5
2023/03/08 07:11:51 deserializeInput: hasCrash true hasNet false
2023/03/08 07:11:51 prog length: 6
2023/03/08 07:11:51 prog length: 3
2023/03/08 07:11:51 deserializeInput: hasCrash true hasNet false
2023/03/08 07:11:51 prog length: 6
2023/03/08 07:11:51 prog length: 3
2023/03/08 07:11:51 deserializeInput: hasCrash true hasNet false
2023/03/08 07:11:51 prog length: 6
2023/03/08 07:11:51 prog length: 3
2023/03/08 07:11:51 deserializeInput: hasCrash true hasNet false
2023/03/08 07:11:51 prog length: 6
2023/03/08 07:11:51 prog length: 6
2023/03/08 07:11:51 prog length: 5
2023/03/08 07:11:51 deserializeInput: hasCrash true hasNet false
2023/03/08 07:11:51 prog length: 6
2023/03/08 07:11:51 prog length: 3
2023/03/08 07:11:51 deserializeInput: hasCrash true hasNet false
2023/03/08 07:11:51 prog length: 6
2023/03/08 07:11:51 prog length: 6
2023/03/08 07:11:51 prog length: 5
2023/03/08 07:11:51 deserializeInput: hasCrash true hasNet false
2023/03/08 07:11:51 prog length: 6
2023/03/08 07:11:51 prog length: 6
2023/03/08 07:11:51 prog length: 5
2023/03/08 07:11:51 deserializeInput: hasCrash true hasNet false
2023/03/08 07:11:51 prog length: 6
2023/03/08 07:11:51 prog length: 3
2023/03/08 07:11:51 deserializeInput: hasCrash true hasNet false
2023/03/08 07:11:51 prog length: 6
2023/03/08 07:11:51 prog length: 3
2023/03/08 07:11:51 deserializeInput: hasCrash true hasNet false
2023/03/08 07:11:51 prog length: 6
2023/03/08 07:11:51 prog length: 4
2023/03/08 07:11:51 deserializeInput: hasCrash true hasNet false
2023/03/08 07:11:51 prog length: 6
2023/03/08 07:11:51 prog length: 3
2023/03/08 07:11:51 deserializeInput: hasCrash true hasNet false
2023/03/08 07:11:51 prog length: 6
2023/03/08 07:11:51 prog length: 3
2023/03/08 07:11:51 deserializeInput: hasCrash true hasNet false
2023/03/08 07:11:51 prog length: 6
2023/03/08 07:11:51 prog length: 6
2023/03/08 07:11:51 prog length: 5
2023/03/08 07:11:51 deserializeInput: hasCrash true hasNet false
2023/03/08 07:11:51 prog length: 6
2023/03/08 07:11:51 prog length: 6
2023/03/08 07:11:51 prog length: 5
2023/03/08 07:11:51 deserializeInput: hasCrash true hasNet false
2023/03/08 07:11:51 prog length: 6
2023/03/08 07:11:51 prog length: 3
2023/03/08 07:11:51 deserializeInput: hasCrash true hasNet false
2023/03/08 07:11:51 prog length: 6
2023/03/08 07:11:51 prog length: 3
2023/03/08 07:11:51 deserializeInput: hasCrash true hasNet false
2023/03/08 07:11:51 prog length: 6
2023/03/08 07:11:51 prog length: 3
2023/03/08 07:11:51 deserializeInput: hasCrash true hasNet false
2023/03/08 07:11:51 prog length: 6
2023/03/08 07:11:51 prog length: 6
2023/03/08 07:11:51 prog length: 5
2023/03/08 07:11:51 deserializeInput: hasCrash true hasNet false
2023/03/08 07:11:51 prog length: 6
2023/03/08 07:11:51 prog length: 3
2023/03/08 07:11:51 deserializeInput: hasCrash true hasNet false
2023/03/08 07:11:51 prog length: 6
2023/03/08 07:11:51 prog length: 3
2023/03/08 07:11:51 deserializeInput: hasCrash true hasNet false
2023/03/08 07:11:51 prog length: 6
2023/03/08 07:11:51 prog length: 3
2023/03/08 07:11:51 deserializeInput: hasCrash true hasNet false
2023/03/08 07:11:51 prog length: 6
2023/03/08 07:11:51 prog length: 3
2023/03/08 07:11:51 deserializeInput: hasCrash true hasNet false
2023/03/08 07:11:51 prog length: 6
2023/03/08 07:11:51 prog length: 6
2023/03/08 07:11:51 prog length: 5
2023/03/08 07:11:51 deserializeInput: hasCrash true hasNet false
2023/03/08 07:11:51 prog length: 6
2023/03/08 07:11:51 prog length: 6
2023/03/08 07:11:51 prog length: 5
2023/03/08 07:11:51 deserializeInput: hasCrash true hasNet false
2023/03/08 07:11:51 prog length: 6
2023/03/08 07:11:51 prog length: 6
2023/03/08 07:11:51 prog length: 5
2023/03/08 07:11:51 deserializeInput: hasCrash true hasNet false
2023/03/08 07:11:51 prog length: 6
2023/03/08 07:11:51 prog length: 6
2023/03/08 07:11:51 prog length: 5
2023/03/08 07:11:51 deserializeInput: hasCrash true hasNet false
2023/03/08 07:11:51 prog length: 6
2023/03/08 07:11:51 prog length: 4
2023/03/08 07:11:51 deserializeInput: hasCrash true hasNet false
2023/03/08 07:11:51 prog length: 6
2023/03/08 07:11:51 prog length: 3
2023/03/08 07:11:51 deserializeInput: hasCrash true hasNet false
2023/03/08 07:11:51 prog length: 6
2023/03/08 07:11:51 prog length: 6
2023/03/08 07:11:51 prog length: 6
2023/03/08 07:11:51 deserializeInput: hasCrash true hasNet false
2023/03/08 07:11:51 prog length: 6
2023/03/08 07:11:51 prog length: 6
2023/03/08 07:11:51 prog length: 7
2023/03/08 07:11:51 deserializeInput: hasCrash true hasNet false
2023/03/08 07:11:51 prog length: 6
2023/03/08 07:11:51 prog length: 3
2023/03/08 07:11:51 deserializeInput: hasCrash true hasNet false
2023/03/08 07:11:51 prog length: 6
2023/03/08 07:11:51 prog length: 3
2023/03/08 07:11:51 deserializeInput: hasCrash true hasNet false
2023/03/08 07:11:51 prog length: 6
2023/03/08 07:11:51 prog length: 3
2023/03/08 07:11:51 deserializeInput: hasCrash false hasNet true
2023/03/08 07:11:51 prog length: 6
2023/03/08 07:11:51 prog length: 6
2023/03/08 07:11:51 prog length: 7
2023/03/08 07:11:51 deserializeInput: hasCrash true hasNet false
2023/03/08 07:11:51 prog length: 6
2023/03/08 07:11:51 prog length: 6
2023/03/08 07:11:51 prog length: 5
2023/03/08 07:11:51 deserializeInput: hasCrash true hasNet false
2023/03/08 07:11:51 prog length: 6
2023/03/08 07:11:51 prog length: 3
2023/03/08 07:11:51 deserializeInput: hasCrash true hasNet false
2023/03/08 07:11:51 prog length: 6
2023/03/08 07:11:51 prog length: 3
2023/03/08 07:11:51 deserializeInput: hasCrash true hasNet false
2023/03/08 07:11:51 prog length: 6
2023/03/08 07:11:51 prog length: 6
2023/03/08 07:11:51 prog length: 6
2023/03/08 07:11:51 prog length: 7
2023/03/08 07:11:51 deserializeInput: hasCrash true hasNet false
2023/03/08 07:11:51 prog length: 6
2023/03/08 07:11:51 prog length: 3
2023/03/08 07:11:51 fetching corpus: 100, signal 3838/15991/21978 (executing program)
2023/03/08 07:11:51 deserializeInput: hasCrash true hasNet false
2023/03/08 07:11:51 prog length: 6
2023/03/08 07:11:51 prog length: 3
2023/03/08 07:11:51 deserializeInput: hasCrash true hasNet false
2023/03/08 07:11:51 prog length: 6
2023/03/08 07:11:51 prog length: 6
2023/03/08 07:11:51 prog length: 5
2023/03/08 07:11:51 deserializeInput: hasCrash true hasNet false
2023/03/08 07:11:51 prog length: 6
2023/03/08 07:11:51 prog length: 6
2023/03/08 07:11:51 prog length: 6
2023/03/08 07:11:51 deserializeInput: hasCrash true hasNet false
2023/03/08 07:11:51 prog length: 6
2023/03/08 07:11:51 prog length: 5
2023/03/08 07:11:51 deserializeInput: hasCrash true hasNet false
2023/03/08 07:11:51 prog length: 6
2023/03/08 07:11:51 prog length: 3
2023/03/08 07:11:51 deserializeInput: hasCrash true hasNet false
2023/03/08 07:11:51 prog length: 6
2023/03/08 07:11:51 prog length: 6
2023/03/08 07:11:51 prog length: 5
2023/03/08 07:11:51 deserializeInput: hasCrash true hasNet false
2023/03/08 07:11:51 prog length: 6
2023/03/08 07:11:51 prog length: 3
2023/03/08 07:11:51 deserializeInput: hasCrash true hasNet false
2023/03/08 07:11:51 prog length: 6
2023/03/08 07:11:51 prog length: 6
2023/03/08 07:11:51 prog length: 5
2023/03/08 07:11:51 deserializeInput: hasCrash true hasNet false
2023/03/08 07:11:51 prog length: 6
2023/03/08 07:11:51 prog length: 6
2023/03/08 07:11:51 prog length: 5
2023/03/08 07:11:51 deserializeInput: hasCrash true hasNet false
2023/03/08 07:11:51 prog length: 6
2023/03/08 07:11:51 prog length: 4
2023/03/08 07:11:51 deserializeInput: hasCrash true hasNet false
2023/03/08 07:11:51 prog length: 6
2023/03/08 07:11:51 prog length: 6
2023/03/08 07:11:51 prog length: 5
2023/03/08 07:11:51 deserializeInput: hasCrash true hasNet false
2023/03/08 07:11:51 prog length: 6
2023/03/08 07:11:51 prog length: 8
2023/03/08 07:11:51 deserializeInput: hasCrash true hasNet false
2023/03/08 07:11:51 prog length: 6
2023/03/08 07:11:51 prog length: 6
2023/03/08 07:11:51 prog length: 5
2023/03/08 07:11:51 deserializeInput: hasCrash true hasNet false
2023/03/08 07:11:51 prog length: 6
2023/03/08 07:11:51 prog length: 4
2023/03/08 07:11:51 deserializeInput: hasCrash true hasNet false
2023/03/08 07:11:51 prog length: 6
2023/03/08 07:11:51 prog length: 6
2023/03/08 07:11:51 prog length: 5
2023/03/08 07:11:51 deserializeInput: hasCrash true hasNet false
2023/03/08 07:11:51 prog length: 6
2023/03/08 07:11:51 prog length: 6
2023/03/08 07:11:51 prog length: 6
2023/03/08 07:11:51 deserializeInput: hasCrash true hasNet false
2023/03/08 07:11:51 prog length: 6
2023/03/08 07:11:51 prog length: 6
2023/03/08 07:11:51 prog length: 5
2023/03/08 07:11:51 deserializeInput: hasCrash true hasNet false
2023/03/08 07:11:51 prog length: 6
2023/03/08 07:11:51 prog length: 5
2023/03/08 07:11:51 deserializeInput: hasCrash true hasNet false
2023/03/08 07:11:51 prog length: 6
2023/03/08 07:11:51 prog length: 3
2023/03/08 07:11:51 deserializeInput: hasCrash true hasNet false
2023/03/08 07:11:51 prog length: 6
2023/03/08 07:11:51 prog length: 6
2023/03/08 07:11:51 prog length: 10
2023/03/08 07:11:51 deserializeInput: hasCrash true hasNet false
2023/03/08 07:11:51 prog length: 6
2023/03/08 07:11:51 prog length: 3
2023/03/08 07:11:51 deserializeInput: hasCrash false hasNet false
2023/03/08 07:11:51 prog length: 1
2023/03/08 07:11:51 deserializeInput: hasCrash true hasNet false
2023/03/08 07:11:51 prog length: 6
2023/03/08 07:11:51 prog length: 3
2023/03/08 07:11:51 deserializeInput: hasCrash true hasNet false
2023/03/08 07:11:51 prog length: 6
2023/03/08 07:11:51 prog length: 3
2023/03/08 07:11:51 deserializeInput: hasCrash true hasNet false
2023/03/08 07:11:51 prog length: 6
2023/03/08 07:11:51 prog length: 4
2023/03/08 07:11:51 deserializeInput: hasCrash true hasNet false
2023/03/08 07:11:51 prog length: 6
2023/03/08 07:11:51 prog length: 6
2023/03/08 07:11:51 prog length: 5
2023/03/08 07:11:51 deserializeInput: hasCrash true hasNet false
2023/03/08 07:11:51 prog length: 6
2023/03/08 07:11:51 prog length: 3
2023/03/08 07:11:51 deserializeInput: hasCrash true hasNet false
2023/03/08 07:11:51 prog length: 6
2023/03/08 07:11:51 prog length: 6
2023/03/08 07:11:51 prog length: 5
2023/03/08 07:11:51 deserializeInput: hasCrash true hasNet false
2023/03/08 07:11:51 prog length: 6
2023/03/08 07:11:51 prog length: 3
2023/03/08 07:11:51 deserializeInput: hasCrash true hasNet false
2023/03/08 07:11:51 prog length: 6
2023/03/08 07:11:51 prog length: 6
2023/03/08 07:11:51 prog length: 5
2023/03/08 07:11:51 deserializeInput: hasCrash true hasNet false
2023/03/08 07:11:51 prog length: 6
2023/03/08 07:11:51 prog length: 3
2023/03/08 07:11:51 deserializeInput: hasCrash true hasNet false
2023/03/08 07:11:51 prog length: 6
2023/03/08 07:11:51 prog length: 6
2023/03/08 07:11:51 prog length: 5
2023/03/08 07:11:51 deserializeInput: hasCrash true hasNet false
2023/03/08 07:11:51 prog length: 6
2023/03/08 07:11:51 prog length: 6
2023/03/08 07:11:51 prog length: 5
2023/03/08 07:11:51 deserializeInput: hasCrash true hasNet false
2023/03/08 07:11:51 prog length: 6
2023/03/08 07:11:51 prog length: 3
2023/03/08 07:11:51 deserializeInput: hasCrash true hasNet false
2023/03/08 07:11:51 prog length: 6
2023/03/08 07:11:51 prog length: 4
2023/03/08 07:11:51 deserializeInput: hasCrash true hasNet false
2023/03/08 07:11:51 prog length: 6
2023/03/08 07:11:51 prog length: 4
2023/03/08 07:11:51 deserializeInput: hasCrash true hasNet false
2023/03/08 07:11:51 prog length: 6
2023/03/08 07:11:51 prog length: 3
2023/03/08 07:11:51 deserializeInput: hasCrash true hasNet false
2023/03/08 07:11:51 prog length: 6
2023/03/08 07:11:51 prog length: 4
2023/03/08 07:11:51 deserializeInput: hasCrash true hasNet false
2023/03/08 07:11:51 prog length: 6
2023/03/08 07:11:51 prog length: 3
2023/03/08 07:11:51 deserializeInput: hasCrash true hasNet false
2023/03/08 07:11:51 prog length: 6
2023/03/08 07:11:51 prog length: 3
2023/03/08 07:11:51 deserializeInput: hasCrash true hasNet false
2023/03/08 07:11:51 prog length: 6
2023/03/08 07:11:51 prog length: 6
2023/03/08 07:11:51 prog length: 5
2023/03/08 07:11:51 deserializeInput: hasCrash false hasNet false
2023/03/08 07:11:51 prog length: 2
2023/03/08 07:11:51 deserializeInput: hasCrash false hasNet false
2023/03/08 07:11:51 prog length: 6
2023/03/08 07:11:51 deserializeInput: hasCrash true hasNet false
2023/03/08 07:11:51 prog length: 6
2023/03/08 07:11:51 prog length: 3
2023/03/08 07:11:51 deserializeInput: hasCrash true hasNet false
2023/03/08 07:11:51 prog length: 6
2023/03/08 07:11:51 prog length: 6
2023/03/08 07:11:51 prog length: 5
2023/03/08 07:11:51 deserializeInput: hasCrash true hasNet false
2023/03/08 07:11:51 prog length: 6
2023/03/08 07:11:51 prog length: 6
2023/03/08 07:11:51 prog length: 6
2023/03/08 07:11:51 deserializeInput: hasCrash true hasNet false
2023/03/08 07:11:51 prog length: 6
2023/03/08 07:11:51 prog length: 6
2023/03/08 07:11:51 prog length: 5
2023/03/08 07:11:51 deserializeInput: hasCrash true hasNet false
2023/03/08 07:11:51 prog length: 6
2023/03/08 07:11:51 prog length: 3
2023/03/08 07:11:51 fetching corpus: 148, signal 3866/17616/24504 (executing program)
2023/03/08 07:11:51 fetching corpus: 148, signal 3866/17616/25526 (executing program)
2023/03/08 07:11:51 fetching corpus: 148, signal 3866/17616/26534 (executing program)
2023/03/08 07:11:51 fetching corpus: 148, signal 3866/17616/27587 (executing program)
2023/03/08 07:11:51 fetching corpus: 148, signal 3866/17616/28612 (executing program)
2023/03/08 07:11:51 fetching corpus: 148, signal 3866/17616/29605 (executing program)
2023/03/08 07:11:51 fetching corpus: 148, signal 3866/17616/30596 (executing program)
2023/03/08 07:11:51 fetching corpus: 148, signal 3866/17616/31603 (executing program)
2023/03/08 07:11:51 fetching corpus: 148, signal 3866/17616/32610 (executing program)
2023/03/08 07:11:51 fetching corpus: 148, signal 3866/17616/33434 (executing program)
2023/03/08 07:11:51 fetching corpus: 148, signal 3866/17616/33434 (executing program)
2023/03/08 07:11:52 starting 1 fuzzer processes
2023/03/08 07:11:52 ----- generateCall 2781 readlinkat readlinkat
2023/03/08 07:11:52 ----- generateCall 3666 setxattr$security_capability setxattr$security_capability
2023/03/08 07:11:52 ----- generateCall 131 close close
2023/03/08 07:11:52 ----- generateCall 2358 lsetxattr$system_posix_acl lsetxattr$system_posix_acl
2023/03/08 07:11:52 ----- generateCall 3676 setxattr$trusted_overlay_redirect setxattr$trusted_overlay_redirect
2023/03/08 07:11:52 ----- generateCall 2458 open open
2023/03/08 07:11:52 ----- generateCall 2780 readlink readlink
2023/03/08 07:11:52 ----- generateCall 2781 readlinkat readlinkat
2023/03/08 07:11:52 ----- generateCall 3668 setxattr$security_ima setxattr$security_ima
2023/03/08 07:11:52 ----- generateCall 121 chmod chmod
2023/03/08 07:11:52 ----- generateCall 3672 setxattr$system_posix_acl setxattr$system_posix_acl
2023/03/08 07:11:52 ----- generateCall 3666 setxattr$security_capability setxattr$security_capability
2023/03/08 07:11:52 map[./file0:true ./file1:true ./file2:true]
2023/03/08 07:11:52 HasCrashFail: false, .HasNetFail: false
2023/03/08 07:11:52 prog length: 20
2023/03/08 07:11:52 HasCrashFail:false HasNetFail:false
07:11:52 ---executing program 0:
---
---
---
readlinkat(0xffffffffffffffff, &(0x7f0000000000)='./file0\x00', &(0x7f0000000040)=""/8, 0x8)
setxattr$security_capability(&(0x7f0000000080)='./file0\x00', &(0x7f00000000c0), &(0x7f0000000100)=@v1={0x1000000, [{0x0, 0x6}]}, 0xc, 0x2)
close(0xffffffffffffffff)
fstat(0xffffffffffffffff, &(0x7f00000001c0)={0x0, 0x0, 0x0, 0x0, <r0=>0x0, <r1=>0x0})
lsetxattr$system_posix_acl(&(0x7f0000000140)='./file0\x00', &(0x7f0000000180)='system.posix_acl_default\x00', &(0x7f0000000240)={{}, {}, [{0x2, 0x5, 0xee01}], {0x4, 0x2}, [{0x8, 0x4}, {0x8, 0x1, 0xffffffffffffffff}, {0x8, 0x7, r1}], {0x10, 0x5}, {0x20, 0x4}}, 0x44, 0x1)
setxattr$trusted_overlay_redirect(&(0x7f00000002c0)='./file0\x00', &(0x7f0000000300), &(0x7f0000000340)='./file0\x00', 0x8, 0x0)
r2 = open(&(0x7f0000000380)='./file0\x00', 0x139000, 0x84)
readlink(&(0x7f00000003c0)='./file1\x00', &(0x7f0000000400)=""/158, 0x9e)
r3 = fcntl$dupfd(r2, 0x406, r2)
readlinkat(r3, &(0x7f00000004c0)='./file0\x00', &(0x7f0000000500)=""/39, 0x27)
setxattr$security_ima(&(0x7f0000000540)='./file2\x00', &(0x7f0000000580), &(0x7f00000005c0)=@md5={0x1, "6617f38696a8c432fcc2aa2816d34ed7"}, 0x11, 0x2)
chmod(&(0x7f0000000600)='./file0\x00', 0xd)
fstat(r2, &(0x7f00000006c0)={0x0, 0x0, 0x0, 0x0, <r4=>0x0})
fstat(r3, &(0x7f0000000740)={0x0, 0x0, 0x0, 0x0, <r5=>0x0})
fstat(r3, &(0x7f00000007c0)={0x0, 0x0, 0x0, 0x0, <r6=>0x0})
stat(&(0x7f0000000840)='./file2\x00', &(0x7f0000000880)={0x0, 0x0, 0x0, 0x0, <r7=>0x0})
fstat(r3, &(0x7f0000000900)={0x0, 0x0, 0x0, 0x0, 0x0, <r8=>0x0})
setxattr$system_posix_acl(&(0x7f0000000640)='./file1\x00', &(0x7f0000000680)='system.posix_acl_default\x00', &(0x7f0000000980)={{}, {}, [{0x2, 0x1, r0}, {0x2, 0x1, r0}, {0x2, 0x4, r4}, {0x2, 0x2, r0}, {0x2, 0x2, r0}, {0x2, 0x2, r5}, {0x2, 0x4, r6}, {0x2, 0x2, r7}, {0x2, 0x6, r0}, {0x2, 0x1, r0}], {0x4, 0x2}, [{0x8, 0x6, r1}, {0x8, 0x2, r8}, {0x8, 0x2, r1}], {0x10, 0x3}, {0x20, 0x6fd096cbaefb1d60}}, 0x8c, 0x3)
stat(&(0x7f0000000ac0)='./file2\x00', &(0x7f0000000b00)={0x0, 0x0, 0x0, 0x0, <r9=>0x0})
setxattr$security_capability(&(0x7f0000000a40)='./file2\x00', &(0x7f0000000a80), &(0x7f0000000b80)=@v3={0x3000000, [{0x0, 0x9}, {0x9, 0xfff}], r9}, 0x18, 0x3)
---

end of program
2023/03/08 07:11:52 -----run executor: [/usr/bin/ssh -F /dev/null -o ConnectionAttempts=100 -o ConnectTimeout=120 -o UserKnownHostsFile=/dev/null -o BatchMode=yes -o IdentitiesOnly=yes -o StrictHostKeyChecking=no -o ConnectTimeout=100 -i /home/tlyu/dfs-fuzzing/disk-images/orangefs-images/focal.id_rsa root@192.168.0.35 /root/syz-executor exec 0 0 orangefs 3 4 192.168.0.35 0 "3 1" false false false true false]
2023/03/08 07:11:52 -----run executor: [/usr/bin/ssh -F /dev/null -o ConnectionAttempts=100 -o ConnectTimeout=120 -o UserKnownHostsFile=/dev/null -o BatchMode=yes -o IdentitiesOnly=yes -o StrictHostKeyChecking=no -o ConnectTimeout=100 -i /home/tlyu/dfs-fuzzing/disk-images/orangefs-images/focal.id_rsa root@192.168.0.36 /root/syz-executor exec 0 1 orangefs 3 4 192.168.0.35 0 "3 1" false false false true false]
2023/03/08 07:11:52 -----run executor: [/usr/bin/ssh -F /dev/null -o ConnectionAttempts=100 -o ConnectTimeout=120 -o UserKnownHostsFile=/dev/null -o BatchMode=yes -o IdentitiesOnly=yes -o StrictHostKeyChecking=no -o ConnectTimeout=100 -i /home/tlyu/dfs-fuzzing/disk-images/orangefs-images/focal.id_rsa root@192.168.0.37 /root/syz-executor exec 0 2 orangefs 3 4 192.168.0.35 0 "3 1" false false false true false]
2023/03/08 07:11:52 -----run executor: [/usr/bin/ssh -F /dev/null -o ConnectionAttempts=100 -o ConnectTimeout=120 -o UserKnownHostsFile=/dev/null -o BatchMode=yes -o IdentitiesOnly=yes -o StrictHostKeyChecking=no -o ConnectTimeout=100 -i /home/tlyu/dfs-fuzzing/disk-images/orangefs-images/focal.id_rsa root@192.168.0.38 /root/syz-executor exec 1 3 orangefs 3 4 192.168.0.35 0 "3 1" false false false true false]
Warning: Permanently added '192.168.0.35' (ECDSA) to the list of known hosts.
Warning: Permanently added '192.168.0.36' (ECDSA) to the list of known hosts.
Warning: Permanently added '192.168.0.38' (ECDSA) to the list of known hosts.
Warning: Permanently added '192.168.0.37' (ECDSA) to the list of known hosts.
----- is restarting 0
---- dfs_name orangefs is_dfs_client 0
unlink FIFO failed: No such file or directory
executor 1 finishes userspace_cover_open
before receiving handshake request
req.flags ea2
[    0.000000] kernel: Linux version 5.15.0+ (tlyu@IC-RS3-DPC07) (gcc (Ubuntu 9.4.0-1ubuntu1~20.04.1) 9.4.0, GNU ld (GNU Binutils for Ubuntu) 2.34) #7 SMP Sat Feb 18 10:18:37 CET 2023
[    0.000000] kernel: Command line: root=/dev/sda console=ttyS0 net.ifnames=0 ip=192.168.0.36 quiet
[    0.000000] kernel: x86/fpu: Supporting XSAVE feature 0x001: 'x87 floating point registers'
[    0.000000] kernel: x86/fpu: Supporting XSAVE feature 0x002: 'SSE registers'
[    0.000000] kernel: x86/fpu: Supporting XSAVE feature 0x004: 'AVX registers'
[    0.000000] kernel: x86/fpu: Supporting XSAVE feature 0x020: 'AVX-512 opmask'
[    0.000000] kernel: x86/fpu: Supporting XSAVE feature 0x040: 'AVX-512 Hi256'
[    0.000000] kernel: x86/fpu: Supporting XSAVE feature 0x080: 'AVX-512 ZMM_Hi256'
[    0.000000] kernel: x86/fpu: Supporting XSAVE feature 0x200: 'Protection Keys User registers'
[    0.000000] kernel: x86/fpu: xstate_offset[2]:  576, xstate_sizes[2]:  256
[    0.000000] kernel: x86/fpu: xstate_[D 01/16/2023 17:42:13] PVFS2 Server version 2.9.7-orangefs-REV-65ab0d2 starting.
[E 01/16/2023 17:43:19] PVFS2 server got signal 15 (server_status_flag: 2080767)
[D 02/18/2023 14:39:31] PVFS2 Server version 2.9.7-orangefs-REV-65ab0d2 starting.
[D 02/18/2023 14:47:30] PVFS2 received server: signal 1
[E 02/18/2023 14:47:30] PVFS2 server got signal 15 (server_status_flag: 2080767)
offset[5]:  832, xstate_sizes[5]:   64
[    0.000000] kernel: x86/fpu: xstate_offset[6]:  896, xstate_sizes[6]:  512
[    0.000000] kernel: x86/fpu: xstate_offset[7]: 1408, xstate_sizes[7]: 1024
[    0.000000] kernel: x86/fpu: xstate_offset[9]: 2432, xstate_sizes[9]:    8
[    0.000000] kernel: x86/fpu: Enabled xstate features 0x2e7, context size is 2440 bytes, using 'compacted' format.
[    0.000000] kernel: signal: max sigframe size: 3632
[    0.000000] kernel: BIOS-provided physical RAM map:
[    0.000000] kernel: BIOS-e820: [mem 0x0000000000000000-0x000000000009fbff] usable
[    0.000000] kernel: BIOS-e820: [mem 0x000000000009fc00-0x000000000009ffff] reserved
[    0.000000] kernel: BIOS-e820: [mem 0x00000000000f0000-0x00000000000fffff] reserved
[    0.000000] kernel: BIOS-e820: [mem 0x0000000000100000-0x00000000bffdffff] usable
[    0.000000] kernel: BIOS-e820: [mem 0x00000000bffe0000-0x00000000bfffffff] reserved
[    0.000000] kernel: BIOS-e820: [mem 0x00000000feffc000-0x00000000feffffff] reserved
[    0.000000] kernel: BIOS-e820: [mem 0x00000000fffc0000-0x00000000ffffffff] reserved
[    0.000000] kernel: BIOS-e820: [mem 0x0000000100000000-0x00000002bfffffff] usable
[    0.000000] kernel: NX (Execute Disable) protection: active
[    0.000000] kernel: SMBIOS 2.8 present.
[    0.000000] kernel: DMI: QEMU Standard PC (i440FX + PIIX, 1996), BIOS 1.13.0-1ubuntu1.1 04/01/2014
[    0.000000] kernel: Hypervisor detected: KVM
[    0.000000] kernel: kvm-clock: Using msrs 4b564d01 and 4b564d00
[    0.000000] kernel: kvm-clock: cpu 0, msr 2b46e001, primary cpu clock
[    0.000001] kernel: kvm-clock: using sched offset of 470166404 cycles
[    0.000003] kernel: clocksource: kvm-clock: mask: 0xffffffffffffffff max_cycles: 0x1cd42e4dffb, max_idle_ns: 881590591483 ns
[    0.000005] kernel: tsc: Detected 2593.906 MHz processor
[    0.000416] kernel: e820: update [mem 0x00000000-0x00000fff] usable ==> reserved
[    0.000418] kernel: e820: remove [mem 0x000a0000-0x000fffff] usable
[    0.000421] kernel: last_pfn = 0x2c0000 max_arch_pfn = 0x10000000000
[    0.000467] kernel: x86/PAT: Configuration [0-7]: WB  WC  UC- UC  WB  WP  UC- WT  
[    0.000473] kernel: last_pfn = 0xbffe0 max_arch_pfn = 0x10000000000
[    0.004638] kernel: found SMP MP-table at [mem 0x000f5c80-0x000f5c8f]
[    0.004659] kernel: Using GB pages for direct mapping
[    0.005358] kernel: ACPI: Early table checksum verification disabled
[    0.005363] kernel: ACPI: RSDP 0x00000000000F5A50 000014 (v00 BOCHS )
[    0.005370] kernel: ACPI: RSDT 0x00000000BFFE15C9 000030 (v01 BOCHS  BXPCRSDT 00000001 BXPC 00000001)
[    0.005375] kernel: ACPI: FACP 0x00000000BFFE149D 000074 (v01 BOCHS  BXPCFACP 00000001 BXPC 00000001)
[    0.005380] kernel: ACPI: DSDT 0x00000000BFFE0040 00145D (v01 BOCHS  BXPCDSDT 00000001 BXPC 00000001)
[    0.005383] kernel: ACPI: FACS 0x00000000BFFE0000 000040
[    0.005385] kernel: ACPI: APIC 0x00000000BFFE1511 000080 (v01 BOCHS  BXPCAPIC 00000001 BXPC 00000001)
[    0.005387] kernel: ACPI: HPET 0x00000000BFFE1591 000038 (v01 BOCHS  BXPCHPET 00000001 BXPC 00000001)
[    0.005389] kernel: ACPI: Reserving FACP table memory at [mem 0xbffe149d-0xbffe1510]
[    0.005391] kernel: ACPI: Reserving DSDT table memory at [mem 0xbffe0040-0xbffe149c]
[    0.005391] kernel: ACPI: Reserving FACS table memory at [mem 0xbffe0000-0xbffe003f]
[    0.005392] kernel: ACPI: Reserving APIC table memory at [mem 0xbffe1511-0xbffe1590]
[    0.005392] kernel: ACPI: Reserving HPET table memory at [mem 0xbffe1591-0xbffe15c8]
[    0.005644] kernel: No NUMA configuration found
[    0.005644] kernel: Faking a node at [mem 0x0000000000000000-0x00000002bfffffff]
[    0.005647] kernel: NODE_DATA(0) allocated [mem 0x2bfffa000-0x2bfffdfff]
[    0.005694] kernel: Zone ranges:
[    0.005695] kernel:   DMA      [mem 0x0000000000001000-0x0000000000ffffff]
[    0.005696] kernel:   DMA32    [mem 0x0000000001000000-0x00000000ffffffff]
[    0.005698] kernel:   Normal   [mem 0x0000000100000000-0x00000002bfffffff]
[    0.005699] kernel: Movable zone start for each node
[    0.005699] kernel: Early memory node ranges
[    0.005700] kernel:   node   0: [mem 0x0000000000001000-0x000000000009efff]
[    0.005701] kernel:   node   0: [mem 0x0000000000100000-0x00000000bffdffff]
[    0.005701] kernel:   node   0: [mem 0x0000000100000000-0x00000002bfffffff]
[    0.005703] kernel: Initmem setup node 0 [mem 0x0000000000001000-0x00000002bfffffff]
[    0.006272] kernel: On node 0, zone DMA: 1 pages in unavailable ranges
[    0.006282] kernel: On node 0, zone DMA: 97 pages in unavailable ranges
[    0.060495] kernel: On node 0, zone Normal: 32 pages in unavailable ranges
[    0.539198] kernel: kasan: KernelAddressSanitizer initialized
[    0.539546] kernel: ACPI: PM-Timer IO Port: 0x608
[    0.539555] kernel: ACPI: LAPIC_NMI (acpi_id[0xff] dfl dfl lint[0x1])
[    0.539594] kernel: IOAPIC[0]: apic_id 0, version 17, address 0xfec00000, GSI 0-23
[    0.539597] kernel: ACPI: INT_SRC_OVR (bus 0 bus_irq 0 global_irq 2 dfl dfl)
[    0.539599] kernel: ACPI: INT_SRC_OVR (bus 0 bus_irq 5 global_irq 5 high level)
[    0.539600] kernel: ACPI: INT_SRC_OVR (bus 0 bus_irq 9 global_irq 9 high level)
[    0.539601] kernel: ACPI: INT_SRC_OVR (bus 0 bus_irq 10 global_irq 10 high level)
[    0.539603] kernel: ACPI: INT_SRC_OVR (bus 0 bus_irq 11 global_irq 11 high level)
[    0.539605] kernel: ACPI: Using ACPI (MADT) for SMP configuration information
[    0.539606] kernel: ACPI: HPET id: 0x8086a201 base: 0xfed00000
[    0.539610] kernel: TSC deadline timer available
[    0.539611] kernel: smpboot: Allowing 2 CPUs, 0 hotplug CPUs
[    0.539635] kernel: kvm-guest: KVM setup pv remote TLB flush
[    0.539639] kernel: kvm-guest: setup PV sched yield
[    0.539646] kernel: PM: hibernation: Registered nosave memory: [mem 0x00000000-0x00000fff]
[    0.539648] kernel: PM: hibernation: Registered nosave memory: [mem 0x0009f000-0x0009ffff]
[    0.539648] kernel: PM: hibernation: Registered nosave memory: [mem 0x000a0000-0x000effff]
[    0.539649] kernel: PM: hibernation: Registered nosave memory: [mem 0x000f0000-0x000fffff]
[    0.539650] kernel: PM: hibernation: Registered nosave memory: [mem 0xbffe0000-0xbfffffff]
[    0.539651] kernel: PM: hibernation: Registered nosave memory: [mem 0xc0000000-0xfeffbfff]
[    0.539652] kernel: PM: hibernation: Registered nosave memory: [mem 0xfeffc000-0xfeffffff]
[    0.539652] kernel: PM: hibernation: Registered nosave memory: [mem 0xff000000-0xfffbffff]
[    0.539653] kernel: PM: hibernation: Registered nosave memory: [mem 0xfffc0000-0xffffffff]
[    0.539654] kernel: [mem 0xc0000000-0xfeffbfff] available for PCI devices
[    0.539655] kernel: Booting paravirtualized kernel on KVM
[    0.539657] kernel: clocksource: refined-jiffies: mask: 0xffffffff max_cycles: 0xffffffff, max_idle_ns: 1910969940391419 ns
[    0.543650] kernel: setup_percpu: NR_CPUS:64 nr_cpumask_bits:64 nr_cpu_ids:2 nr_node_ids:1
[    0.544444] kernel: percpu: Embedded 56 pages/cpu s191576 r8192 d29608 u1048576
[    0.544449] kernel: pcpu-alloc: s191576 r8192 d29608 u1048576 alloc=1*2097152
[    0.544451] kernel: pcpu-alloc: [0] 0 1 
[    0.544475] kernel: kvm-guest: setup async PF for cpu 0
[    0.544481] kernel: kvm-guest: stealtime: cpu 0, msr 26561f140
[    0.544486] kernel: Built 1 zonelists, mobility grouping on.  Total pages: 2580192
[    0.544487] kernel: Policy zone: Normal
[    0.544488] kernel: Kernel command line: root=/dev/sda console=ttyS0 net.ifnames=0 ip=192.168.0.36 quiet
[    0.550337] kernel: Dentry cache hash table entries: 2097152 (order: 12, 16777216 bytes, linear)
[    0.553523] kernel: Inode-cache hash table entries: 1048576 (order: 11, 8388608 bytes, linear)
[    0.553583] kernel: mem auto-init: stack:off, heap alloc:off, heap free:off
[    0.804242] kernel: Memory: 8872644K/10485240K available (14348K kernel code, 2403K rwdata, 3568K rodata, 1384K init, 1732K bss, 1612396K reserved, 0K cma-reserved)
[    0.804329] kernel: SLUB: HWalign=64, Order=0-3, MinObjects=0, CPUs=2, Nodes=1
[    0.804953] kernel: rcu: Hierarchical RCU implementation.
[    0.804954] kernel: rcu:         RCU event tracing is enabled.
[    0.804955] kernel: rcu:         RCU restricting CPUs from NR_CPUS=64 to nr_cpu_ids=2.
[    0.804958] kernel: rcu: RCU calculated value of scheduler-enlistment delay is 100 jiffies.
[    0.804959] kernel: rcu: Adjusting geometry for rcu_fanout_leaf=16, nr_cpu_ids=2
[    0.807650] kernel: NR_IRQS: 4352, nr_irqs: 440, preallocated irqs: 16
[    0.807864] kernel: random: get_random_bytes called from start_kernel+0x4b1/0x67a with crng_init=0
[    0.811828] kernel: Console: colour VGA+ 80x25
[    0.811867] kernel: printk: console [ttyS0] enabled
[    0.811885] kernel: ACPI: Core revision 20210730
[    0.812023] kernel: clocksource: hpet: mask: 0xffffffff max_cycles: 0xffffffff, max_idle_ns: 19112604467 ns
[    0.812106] kernel: APIC: Switch to symmetric I/O mode setup
[    0.812109] kernel: kvm-guest: setup PV IPIs
[    0.812997] kernel: ..TIMER: vector=0x30 apic1=0 pin1=2 apic2=-1 pin2=-1
[    0.813017] kernel: clocksource: tsc-early: mask: 0xffffffffffffffff max_cycles: 0x2563bf907c6, max_idle_ns: 440795319401 ns
[    0.813023] kernel: Calibrating delay loop (skipped) preset value.. 5187.81 BogoMIPS (lpj=2593906)
[    0.813025] kernel: pid_max: default: 32768 minimum: 301
[    0.813058] kernel: LSM: Security Framework initializing
[    0.813071] kernel: SELinux:  Initializing.
[    0.814088] kernel: Mount-cache hash table entries: 32768 (order: 6, 262144 bytes, linear)
[    0.814665] kernel: Mountpoint-cache hash table entries: 32768 (order: 6, 262144 bytes, linear)
[    0.815105] kernel: x86/cpu: User Mode Instruction Prevention (UMIP) activated
[    0.815189] kernel: Last level iTLB entries: 4KB 0, 2MB 0, 4MB 0
[    0.815191] kernel: Last level dTLB entries: 4KB 0, 2MB 0, 4MB 0, 1GB 0
[    0.815200] kernel: Spectre V1 : Mitigation: usercopy/swapgs barriers and __user pointer sanitization
[    0.815204] kernel: Spectre V2 : Mitigation: Enhanced IBRS
[    0.815205] kernel: Spectre V2 : Spectre v2 / SpectreRSB mitigation: Filling RSB on context switch
[    0.815206] kernel: Spectre V2 : mitigation: Enabling conditional Indirect Branch Prediction Barrier
[    0.815207] kernel: Speculative Store Bypass: Mitigation: Speculative Store Bypass disabled via prctl and seccomp
[    0.815208] kernel: TAA: Mitigation: TSX disabled
[    0.820937] kernel: Freeing SMP alternatives memory: 40K
[    0.821089] kernel: smpboot: CPU0: Intel(R) Xeon(R) Gold 6348 CPU @ 2.60GHz (family: 0x6, model: 0x6a, stepping: 0x6)
[    0.821221] kernel: Performance Events: Icelake events, 32-deep LBR, full-width counters, Intel PMU driver.
[    0.822076] kernel: ... version:                2
[    0.822078] kernel: ... bit width:              48
[    0.822079] kernel: ... generic registers:      8
[    0.822079] kernel: ... value mask:             0000ffffffffffff
[    0.822080] kernel: ... max period:             00007fffffffffff
[    0.822081] kernel: ... fixed-purpose events:   3
[    0.822082] kernel: ... event mask:             00000007000000ff
[    0.822230] kernel: rcu: Hierarchical SRCU implementation.
[    0.822592] kernel: smp: Bringing up secondary CPUs ...
[    0.822714] kernel: x86: Booting SMP configuration:
[    0.822715] kernel: .... node  #0, CPUs:      #1
[    0.005188] kernel: kvm-clock: cpu 1, msr 2b46e041, secondary cpu clock
[    0.005188] kernel: smpboot: CPU 1 Converting physical 0 to logical die 1
[    0.835095] kernel: kvm-guest: setup async PF for cpu 1
[    0.835095] kernel: kvm-guest: stealtime: cpu 1, msr 26571f140
[    0.835219] kernel: smp: Brought up 1 node, 2 CPUs
[    0.835222] kernel: smpboot: Max logical packages: 2
[    0.835223] kernel: smpboot: Total of 2 processors activated (10375.62 BogoMIPS)
[    0.836085] kernel: devtmpfs: initialized
[    0.836357] kernel: clocksource: jiffies: mask: 0xffffffff max_cycles: 0xffffffff, max_idle_ns: 1911260446275000 ns
[    0.836357] kernel: futex hash table entries: 512 (order: 3, 32768 bytes, linear)
[    0.836357] kernel: PM: RTC time: 06:11:38, date: 2023-03-08
[    0.837112] kernel: NET: Registered PF_NETLINK/PF_ROUTE protocol family
[    0.837304] kernel: audit: initializing netlink subsys (disabled)
[    0.837335] kernel: thermal_sys: Registered thermal governor 'step_wise'
[    0.837335] kernel: thermal_sys: Registered thermal governor 'user_space'
[    0.837335] kernel: audit: type=2000 audit(1678255898.993:1): state=initialized audit_enabled=0 res=1
[    0.837335] kernel: cpuidle: using governor menu
[    0.837335] kernel: ACPI: bus type PCI registered
[    0.837335] kernel: PCI: Using configuration type 1 for base access
[    0.843712] kernel: Kprobes globally optimized
[    0.844077] kernel: HugeTLB registered 2.00 MiB page size, pre-allocated 0 pages
[    0.844081] kernel: cryptomgr_test (26) used greatest stack depth: 31400 bytes left
[    0.845149] kernel: ACPI: Added _----- is restarting 0
---- dfs_name orangefs is_dfs_client 0
unlink FIFO failed: No such file or directory
executor 2 finishes userspace_cover_open
before receiving handshake request
req.flags ea2
[    0.000000] kernel: Linux version 5.15.0+ (tlyu@IC-RS3-DPC07) (gcc (Ubuntu 9.4.0-1ubuntu1~20.04.1) 9.4.0, GNU ld (GNU Binutils for Ubuntu) 2.34) #7 SMP Sat Feb 18 10:18:37 CET 2023
[    0.000000] kernel: Command line: root=/dev/sda console=ttyS0 net.ifnames=0 ip=192.168.0.37 quiet
[    0.000000] kernel: x86/fpu: Supporting XSAVE feature 0x001: 'x87 floating point registers'
[    0.000000] kernel: x86/fpu: Supporting XSAVE feature 0x002: 'SSE registers'
[    0.000000] kernel: x86/fpu: Supporting XSAVE feature 0x004: 'AVX registers'
[    0.000000] kernel: x86/fpu: Supporting XSAVE feature 0x020: 'AVX-512 opmask'
[    0.000000] kernel: x86/fpu: Supporting XSAVE feature 0x040: 'AVX-512 Hi256'
[    0.000000] kernel: x86/fpu: Supporting XSAVE feature 0x080: 'AVX-512 ZMM_Hi256'
[    0.000000] kernel: x86/fpu: Supporting XSAVE feature 0x200: 'Protection Keys User registers'
[    0.000000] kernel: x86/fpu: xstate_offset[2]:  576, xstate_sizes[2]:  256
[    0.000000] kernel: x86/fpu: xstate_OSI(Module Device)
[    0.845149] kernel: ACPI: Added _OSI(Processor Device)
[    0.845149] kernel: ACPI: Added _OSI(3.0 _SCP Extensions)
[    0.845149] kernel: ACPI: Added _OSI(Processor Aggregator Device)
[    0.845149] kernel: ACPI: Added _OSI(Linux-Dell-Video)
[    0.845149] kernel: ACPI: Added _OSI(Linux-Lenovo-NV-HDMI-Audio)
[    0.845149] kernel: ACPI: Added _OSI(Linux-HPI-Hybrid-Graphics)
[    0.851415] kernel: ACPI: 1 ACPI AML tables successfully acquired and loaded
[    0.855292] kernel: ACPI: Interpreter enabled
[    0.855323] kernel: ACPI: PM: (supports S0 S3 S4 S5)
[    0.855324] kernel: ACPI: Using IOAPIC for interrupt routing
[    0.855356] kernel: PCI: Using host bridge windows from ACPI; if necessary, use "pci=nocrs" and report a bug
[    0.855702] kernel: ACPI: Enabled 2 GPEs in block 00 to 0F
[    0.866266] kernel: ACPI: PCI Root Bridge [PCI0] (domain 0000 [bus 00-ff])
[    0.866277] kernel: acpi PNP0A03:00: _OSC: OS supports [ASPM ClockPM Segments MSI HPX-Type3]
[ ----- is restarting 0
---- dfs_name orangefs is_dfs_client 0
unlink FIFO failed: No such file or directory
executor 0 finishes userspace_cover_open
before receiving handshake request
[    0.000000] kernel: Linux version 5.15.0+ (tlyu@IC-RS3-DPC07) (gcc (Ubuntu 9.4.0-1ubuntu1~20.04.1) 9.4.0, GNU ld (GNU Binutils for Ubuntu) 2.34) #7 SMP Sat Feb 18 10:18:37 CET 2023
[    0.000000] kernel: Command line: root=/dev/sda console=ttyS0 net.ifnames=0 ip=192.168.0.35 quiet
[    0.000000] kernel: x86/fpu: Supporting XSAVE feature 0x001: 'x87 floating point registers'
[    0.000000] kernel: x86/fpu: Supporting XSAVE feature 0x002: 'SSE registers'
[    0.000000] kernel: x86/fpu: Supporting XSAVE feature 0x004: 'AVX registers'
[    0.000000] kernel: x86/fpu: Supporting XSAVE feature 0x020: 'AVX-512 opmask'
[    0.000000] kernel: x86/fpu: Supporting XSAVE feature 0x040: 'AVX-512 Hi256'
[    0.000000] kernel: x86/fpu: Supporting XSAVE feature 0x080: 'AVX-512 ZMM_Hi256'
[    0.000000] kernel: x86/fpu: Supporting XSAVE feature 0x200: 'Protection Keys User registers'
[    0.000000] kernel: x86/fpu: xstate_offset[2]:  576, xstate_sizes[2]:  256
[    0.000000] kernel: x86/fpu: xstate_   0.866320] kernel: acpi PNP0A03:00: fail to add MMCONFIG information, can't access extended PCI configuration space under this bridge.
[    0.866426] kernel: PCI host bridge to bus 0000:00
[    0.866429] kernel: pci_bus 0000:00: root bus resource [io  0x0000-0x0cf7 window]
[    0.866431] kernel: pci_bus 0000:00: root bus resource [io  0x0d00-0xffff window]
[    0.866433] kernel: pci_bus 0000:00: root bus resource [mem 0x000a0000-0x000bffff window]
[    0.866435] kernel: pci_bus 0000:00: root bus resource [mem 0xc0000000-0xfebfffff window]
[    0.866437] kernel: pci_bus 0000:00: root bus resource [mem 0x2c0000000-0x33fffffff window]
[    0.866439] kernel: pci_bus 0000:00: root bus resource [bus 00-ff]
[    0.866939] kernel: pci 0000:00:00.0: [8086:1237] type 00 class 0x060000
[    0.867832] kernel: pci 0000:00:01.0: [8086:7000] type 00 class 0x060100
[    0.868536] kernel: pci 0000:00:01.1: [8086:7010] type 00 class 0x010180
[    0.870694] kernel: pci 0000:00:01.1: reg 0x20: [io  0xc040-0xc04f]
[    0.871457] kernel: pci 0000:00:01.1: legacy IDE quirk: reg 0x10: [io  0x01f0-0x01f7]
[    0.871460] kernel: pci 0000:00:01.1: legacy IDE quirk: reg 0x14: [io  0x03f6]
[    0.871461] kernel: pci 0000:00:01.1: legacy IDE quirk: reg 0x18: [io  0x0170-0x0177]
[    0.871462] kernel: pci 0000:00:01.1: legacy IDE quirk: reg 0x1c: [io  0x0376]
[    0.872301] kernel: pci 0000:00:01.3: [8086:7113] type 00 class 0x068000
[    0.872575] kernel: pci 0000:00:01.3: quirk: [io  0x0600-0x063f] claimed by PIIX4 ACPI
[    0.872581] kernel: pci 0000:00:01.3: quirk: [io  0x0700-0x070f] claimed by PIIX4 SMB
[    0.873325] kernel: pci 0000:00:02.0: [1234:1111] type 00 class 0x030000
[    0.874595] kernel: pci 0000:00:02.0: reg 0x10: [mem 0xfd000000-0xfdffffff pref]
[    0.876024] kernel: pci 0000:00:02.0: reg 0x18: [mem 0xfeb90000-0xfeb90fff]
[    0.878892] kernel: pci 0000:00:02.0: reg 0x30: [mem 0xfeb80000-0xfeb8ffff pref]
[    0.879788] kernel: pci 0000:00:03.0: [1af4:1005] type 00 class offset[5]:  832, xstate_sizes[5]:   64
[    0.000000] kernel: x86/fpu: xstate_offset[6]:  896, xstate_sizes[6]:  512
[    0.000000] kernel: x86/fpu: xstate_offset[7]: 1408, xstate_sizes[7]: 1024
[    0.000000] kernel: x86/fpu: xstate_offset[9]: 2432, xstate_sizes[9]:    8
[    0.000000] kernel: x86/fpu: Enabled xstate features 0x2e7, context size is 2440 bytes, using 'compacted' format.
[    0.000000] kernel: signal: max sigframe size: 3632
[    0.000000] kernel: BIOS-provided physical RAM map:
[    0.000000] kernel: BIOS-e820: [mem 0x0000000000000000-0x000000000009fbff] usable
[    0.000000] kernel: BIOS-e820: [mem 0x000000000009fc00-0x000000000009ffff] reserved
[    0.000000] kernel: BIOS-e820: [mem 0x00000000000f0000-0x00000000000fffff] reserved
[    0.000000] kernel: BIOS-e820: [mem 0x0000000000100000-0x00000000bffdffff] usable
[    0.000000] kernel: BIOS-e820: [mem 0x00000000bffe0000-0x00000000bfffffff] reserved
[    0.000000] kernel: BIOS-e820: [mem 0x00000000feffc000-0x00000000[D 01/16/2023 17:42:13] PVFS2 Server version 2.9.7-orangefs-REV-65ab0d2 starting.
[E 01/16/2023 17:43:19] PVFS2 server got signal 15 (server_status_flag: 2080767)
[D 02/18/2023 14:39:31] PVFS2 Server version 2.9.7-orangefs-REV-65ab0d2 starting.
[D 02/18/2023 14:47:30] PVFS2 received server: signal 1
[E 02/18/2023 14:47:30] PVFS2 server got signal 15 (server_status_flag: 2080767)
0x00ff00
[    0.880460] kernel: pci 0000:00:03.0: reg 0x10: [io  0xc000-0xc01f]
[    0.883023] kernel: pci 0000:00:03.0: reg 0x20: [mem 0xfe200000-0xfe203fff 64bit pref]
[    0.885406] kernel: pci 0000:00:04.0: [1af4:1000] type 00 class 0x020000
[    0.886023] kernel: pci 0000:00:04.0: reg 0x10: [io  0xc020-0xc03f]
[    0.886908] kernel: pci 0000:00:04.0: reg 0x14: [mem 0xfeb91000-0xfeb91fff]
[    0.888798] kernel: pci 0000:00:04.0: reg 0x20: [mem 0xfe204000-0xfe207fff 64bit pref]
[    0.889476] kernel: pci 0000:00:04.0: reg 0x30: [mem 0xfeb00000-0xfeb7ffff pref]
[    0.890580] kernel: pci 0000:00:10.0: [1af4:1110] type 00 class 0x050000
[    0.891396] kernel: pci 0000:00:10.0: reg 0x10: [mem 0xfeb92000-0xfeb920ff]
[    0.893023] kernel: pci 0000:00:10.0: reg 0x18: [mem 0xfe000000-0xfe0fffff 64bit pref]
[    0.895848] kernel: pci 0000:00:11.0: [1af4:1110] type 00 class 0x050000
[    0.896274] kernel: pci 0000:00:11.0: reg 0x10: [mem 0xfeb93000-0xfeb930ff]
[    0.897253] kernel: pci 0000:00:11.0: reg 0x18: [mem 0xfe208000-0xfe2083ff 64bit pref]
[    0.899327] kernel: pci 0000:00:12.0: [1af4:1110] type 00 class 0x050000
[    0.900023] kernel: pci 0000:00:12.0: reg 0x10: [mem 0xfeb94000-0xfeb940ff]
[    0.901327] kernel: pci 0000:00:12.0: reg 0x18: [mem 0xfe100000-0xfe1fffff 64bit pref]
[    0.905959] kernel: ACPI: PCI: Interrupt link LNKA configured for IRQ 10
[    0.906301] kernel: ACPI: PCI: Interrupt link LNKB configured for IRQ 10
[    0.906636] kernel: ACPI: PCI: Interrupt link LNKC configured for IRQ 11
[    0.906948] kernel: ACPI: PCI: Interrupt link LNKD configured for IRQ 11
[    0.907073] kernel: ACPI: PCI: Interrupt link LNKS configured for IRQ 9
[    0.907675] kernel: iommu: Default domain type: Translated 
[    0.907676] kernel: iommu: DMA domain TLB invalidation policy: lazy mode 
[    0.907767] kernel: pci 0000:00:02.0: vgaarb: setting as boot VGA device
[    0.907769] kernel: pci 0000:00:02.0: vgaarb: VGA device added: decodes=io+mem,owns=io+mem,lockfeffffff] reserved
[    0.000000] kernel: BIOS-e820: [mem 0x00000000fffc0000-0x00000000ffffffff] reserved
[    0.000000] kernel: BIOS-e820: [mem 0x0000000100000000-0x00000002bfffffff] usable
[    0.000000] kernel: NX (Execute Disable) protection: active
[    0.000000] kernel: SMBIOS 2.8 present.
[    0.000000] kernel: DMI: QEMU Standard PC (i440FX + PIIX, 1996), BIOS 1.13.0-1ubuntu1.1 04/01/2014
[    0.000000] kernel: Hypervisor detected: KVM
[    0.000000] kernel: kvm-clock: Using msrs 4b564d01 and 4b564d00
[    0.000000] kernel: kvm-clock: cpu 0, msr b226e001, primary cpu clock
[    0.000001] kernel: kvm-clock: using sched offset of 470734298 cycles
[    0.000002] kernel: clocksource: kvm-clock: mask: 0xffffffffffffffff max_cycles: 0x1cd42e4dffb, max_idle_ns: 881590591483 ns
[    0.000004] kernel: tsc: Detected 2593.906 MHz processor
[    0.000418] kernel: e820: update [mem 0x00000000-0x00000fff] usable ==> reserved
[    0.000420] kernel: e820: remove [mem 0x000a0000-0x000fffff] usas=none
[    0.907771] kernel: pci 0000:00:02.0: vgaarb: bridge control possible
[    0.907773] kernel: vgaarb: loaded
[    0.907954] kernel: SCSI subsystem initialized
[    0.908066] kernel: libata version 3.00 loaded.
[    0.908118] kernel: ACPI: bus type USB registered
[    0.908155] kernel: usbcore: registered new interface driver usbfs
[    0.908174] kernel: usbcore: registered new interface driver hub
[    0.908186] kernel: usbcore: registered new device driver usb
[    0.908223] kernel: pps_core: LinuxPPS API ver. 1 registered
[    0.908224] kernel: pps_core: Software ver. 5.3.6 - Copyright 2005-2007 Rodolfo Giometti <giometti@linux.it>
[    0.908234] kernel: PTP clock support registered
[    0.908276] kernel: Advanced Linux Sound Architecture Driver Initialized.
[    0.908359] kernel: NetLabel: Initializing
[    0.908360] kernel: NetLabel:  domain hash size = 128
[    0.908361] kernel: NetLabel:  protocols = UNLABELED CIPSOv4 CALIPSO
[    0.908392] kernel: NetLabel:  unlabeled ble
[    0.000423] kernel: last_pfn = 0x2c0000 max_arch_pfn = 0x10000000000
[    0.000471] kernel: x86/PAT: Configuration [0-7]: WB  WC  UC- UC  WB  WP  UC- WT  
[    0.000477] kernel: last_pfn = 0xbffe0 max_arch_pfn = 0x10000000000
[    0.004639] kernel: found SMP MP-table at [mem 0x000f5c80-0x000f5c8f]
[    0.004661] kernel: Using GB pages for direct mapping
[    0.005355] kernel: ACPI: Early table checksum verification disabled
[    0.005361] kernel: ACPI: RSDP 0x00000000000F5A50 000014 (v00 BOCHS )
[    0.005368] kernel: ACPI: RSDT 0x00000000BFFE15C9 000030 (v01 BOCHS  BXPCRSDT 00000001 BXPC 00000001)
[    0.005373] kernel: ACPI: FACP 0x00000000BFFE149D 000074 (v01 BOCHS  BXPCFACP 00000001 BXPC 00000001)
[    0.005378] kernel: ACPI: DSDT 0x00000000BFFE0040 00145D (v01 BOCHS  BXPCDSDT 00000001 BXPC 00000001)
[    0.005380] kernel: ACPI: FACS 0x00000000BFFE0000 000040
[    0.005382] kernel: ACPI: APIC 0x00000000BFFE1511 000080 (v01 BOCHS  BXPCAPIC 00000001 BXPC 00000001)
[    0.0053traffic allowed by default
[    0.908415] kernel: PCI: Using ACPI for IRQ routing
[    0.908415] kernel: PCI: pci_cache_line_size set to 64 bytes
[    0.908415] kernel: e820: reserve RAM buffer [mem 0x0009fc00-0x0009ffff]
[    0.908415] kernel: e820: reserve RAM buffer [mem 0xbffe0000-0xbfffffff]
[    0.908415] kernel: hpet0: at MMIO 0xfed00000, IRQs 2, 8, 0
[    0.908415] kernel: hpet0: 3 comparators, 64-bit 100.000000 MHz counter
[    0.912045] kernel: clocksource: Switched to clocksource kvm-clock
[    0.942304] kernel: VFS: Disk quotas dquot_6.6.0
[    0.942322] kernel: VFS: Dquot-cache hash table entries: 512 (order 0, 4096 bytes)
[    0.942429] kernel: pnp: PnP ACPI init
[    0.942710] kernel: pnp 00:03: [dma 2]
[    0.943697] kernel: pnp: PnP ACPI: found 6 devices
[    0.957626] kernel: clocksource: acpi_pm: mask: 0xffffff max_cycles: 0xffffff, max_idle_ns: 2085701024 ns
[    0.957695] kernel: NET: Registered PF_INET protocol family
[    0.958455] kernel: IP idents hash table e85] kernel: ACPI: HPET 0x00000000BFFE1591 000038 (v01 BOCHS  BXPCHPET 00000001 BXPC 00000001)
[    0.005386] kernel: ACPI: Reserving FACP table memory at [mem 0xbffe149d-0xbffe1510]
[    0.005387] kernel: ACPI: Reserving DSDT table memory at [mem 0xbffe0040-0xbffe149c]
[    0.005388] kernel: ACPI: Reserving FACS table memory at [mem 0xbffe0000-0xbffe003f]
[    0.005389] kernel: ACPI: Reserving APIC table memory at [mem 0xbffe1511-0xbffe1590]
[    0.005389] kernel: ACPI: Reserving HPET table memory at [mem 0xbffe1591-0xbffe15c8]
[    0.005649] kernel: No NUMA configuration found
[    0.005649] kernel: Faking a node at [mem 0x0000000000000000-0x00000002bfffffff]
[    0.005652] kernel: NODE_DATA(0) allocated [mem 0x2bfffa000-0x2bfffdfff]
[    0.005706] kernel: Zone ranges:
[    0.005707] kernel:   DMA      [mem 0x0000000000001000-0x0000000000ffffff]
[    0.005708] kernel:   DMA32    [mem 0x0000000001000000-0x00000000ffffffff]
[    0.005709] kernel:   Normal   [mem 0x0000000100000000-0x00ntries: 262144 (order: 9, 2097152 bytes, linear)
[    0.970667] kernel: tcp_listen_portaddr_hash hash table entries: 8192 (order: 5, 131072 bytes, linear)
[    0.971258] kernel: TCP established hash table entries: 131072 (order: 8, 1048576 bytes, linear)
[    0.971421] kernel: TCP bind hash table entries: 65536 (order: 8, 1048576 bytes, linear)
[    0.972001] kernel: TCP: Hash tables configured (established 131072 bind 65536)
[    0.972073] kernel: UDP hash table entries: 8192 (order: 6, 262144 bytes, linear)
[    0.972111] kernel: UDP-Lite hash table entries: 8192 (order: 6, 262144 bytes, linear)
[    0.972222] kernel: NET: Registered PF_UNIX/PF_LOCAL protocol family
[    0.972540] kernel: pci_bus 0000:00: resource 4 [io  0x0000-0x0cf7 window]
[    0.972543] kernel: pci_bus 0000:00: resource 5 [io  0x0d00-0xffff window]
[    0.972544] kernel: pci_bus 0000:00: resource 6 [mem 0x000a0000-0x000bffff window]
[    0.972545] kernel: pci_bus 0000:00: resource 7 [mem 0xc0000000-0xfebfffff wi000002bfffffff]
[    0.005710] kernel: Movable zone start for each node
[    0.005711] kernel: Early memory node ranges
[    0.005711] kernel:   node   0: [mem 0x0000000000001000-0x000000000009efff]
[    0.005712] kernel:   node   0: [mem 0x0000000000100000-0x00000000bffdffff]
[    0.005713] kernel:   node   0: [mem 0x0000000100000000-0x00000002bfffffff]
[    0.005715] kernel: Initmem setup node 0 [mem 0x0000000000001000-0x00000002bfffffff]
[    0.006281] kernel: On node 0, zone DMA: 1 pages in unavailable ranges
[    0.006293] kernel: On node 0, zone DMA: 97 pages in unavailable ranges
[    0.059217] kernel: On node 0, zone Normal: 32 pages in unavailable ranges
[    0.643879] kernel: kasan: KernelAddressSanitizer initialized
[    0.644255] kernel: ACPI: PM-Timer IO Port: 0x608
[    0.644266] kernel: ACPI: LAPIC_NMI (acpi_id[0xff] dfl dfl lint[0x1])
[    0.644312] kernel: IOAPIC[0]: apic_id 0, version 17, address 0xfec00000, GSI 0-23
[    0.644315] kernel: ACPI: INT_SRC_OVR (bus 0 bundow]
[    0.972547] kernel: pci_bus 0000:00: resource 8 [mem 0x2c0000000-0x33fffffff window]
[    0.972650] kernel: pci 0000:00:01.0: PIIX3: Enabling Passive Release
[    0.972658] kernel: pci 0000:00:00.0: Limiting direct PCI/PCI transfers
[    0.972667] kernel: pci 0000:00:01.0: Activating ISA DMA hang workarounds
[    0.972701] kernel: pci 0000:00:02.0: Video device with shadowed ROM at [mem 0x000c0000-0x000dffff]
[    0.972733] kernel: PCI: CLS 0 bytes, default 64
[    0.972746] kernel: PCI-DMA: Using software bounce buffering for IO (SWIOTLB)
[    0.972747] kernel: software IO TLB: mapped [mem 0x00000000bbfe0000-0x00000000bffe0000] (64MB)
[    0.972925] kernel: RAPL PMU: API unit is 2^-32 Joules, 0 fixed counters, 10737418240 ms ovfl timer
[    0.972937] kernel: clocksource: tsc: mask: 0xffffffffffffffff max_cycles: 0x2563bf907c6, max_idle_ns: 440795319401 ns
[    0.972981] kernel: clocksource: Switched to clocksource tsc
[    0.975233] kernel: Initialise system trusted keyringss_irq 0 global_irq 2 dfl dfl)
[    0.644318] kernel: ACPI: INT_SRC_OVR (bus 0 bus_irq 5 global_irq 5 high level)
[    0.644320] kernel: ACPI: INT_SRC_OVR (bus 0 bus_irq 9 global_irq 9 high level)
[    0.644321] kernel: ACPI: INT_SRC_OVR (bus 0 bus_irq 10 global_irq 10 high level)
[    0.644322] kernel: ACPI: INT_SRC_OVR (bus 0 bus_irq 11 global_irq 11 high level)
[    0.644325] kernel: ACPI: Using ACPI (MADT) for SMP configuration information
[    0.644326] kernel: ACPI: HPET id: 0x8086a201 base: 0xfed00000
[    0.644331] kernel: TSC deadline timer available
[    0.644333] kernel: smpboot: Allowing 2 CPUs, 0 hotplug CPUs
[    0.644363] kernel: kvm-guest: KVM setup pv remote TLB flush
[    0.644368] kernel: kvm-guest: setup PV sched yield
[    0.644379] kernel: PM: hibernation: Registered nosave memory: [mem 0x00000000-0x00000fff]
[    0.644381] kernel: PM: hibernation: Registered nosave memory: [mem 0x0009f000-0x0009ffff]
[    0.644381] kernel: PM: hibernation: Registered nosave memor
[    0.977298] kernel: workingset: timestamp_bits=56 max_order=22 bucket_order=0
[    0.982182] kernel: fuse: init (API version 7.34)
[    0.982451] kernel: orangefs_debugfs_init: called with debug mask: :none: :0:
[    0.982517] kernel: orangefs_init: module version upstream loaded
[    1.003472] kernel: Key type asymmetric registered
[    1.003475] kernel: Asymmetric key parser 'x509' registered
[    1.003542] kernel: Block layer SCSI generic (bsg) driver version 0.4 loaded (major 250)
[    1.003543] kernel: io scheduler mq-deadline registered
[    1.003544] kernel: io scheduler kyber registered
[    1.003908] kernel: input: Power Button as /devices/LNXSYSTM:00/LNXPWRBN:00/input/input0
[    1.003993] kernel: ACPI: button: Power Button [PWRF]
[    1.306156] kernel: ACPI: \_SB_.LNKC: Enabled at IRQ 11
[    1.608946] kernel: ACPI: \_SB_.LNKD: Enabled at IRQ 10
[    1.610146] kernel: Serial: 8250/16550 driver, 4 ports, IRQ sharing enabled
[    1.610260] kernel: 00:05: ttyS0 at I/O 0x3fy: [mem 0x000a0000-0x000effff]
[    0.644382] kernel: PM: hibernation: Registered nosave memory: [mem 0x000f0000-0x000fffff]
[    0.644383] kernel: PM: hibernation: Registered nosave memory: [mem 0xbffe0000-0xbfffffff]
[    0.644384] kernel: PM: hibernation: Registered nosave memory: [mem 0xc0000000-0xfeffbfff]
[    0.644385] kernel: PM: hibernation: Registered nosave memory: [mem 0xfeffc000-0xfeffffff]
[    0.644385] kernel: PM: hibernation: Registered nosave memory: [mem 0xff000000-0xfffbffff]
[    0.644386] kernel: PM: hibernation: Registered nosave memory: [mem 0xfffc0000-0xffffffff]
[    0.644389] kernel: [mem 0xc0000000-0xfeffbfff] available for PCI devices
[    0.644390] kernel: Booting paravirtualized kernel on KVM
[    0.644394] kernel: clocksource: refined-jiffies: mask: 0xffffffff max_cycles: 0xffffffff, max_idle_ns: 1910969940391419 ns
[    0.648594] kernel: setup_percpu: NR_CPUS:64 nr_cpumask_bits:64 nr_cpu_ids:2 nr_node_ids:1
[    0.649659] kernel: percpu: Embedded 56 pages/cpu s191576 r8192 d29608 u1048576
[    0.649668] kernel: pcpu-alloc: s191576 r8192 d29608 u1048576 alloc=1*2097152
[    0.649672] kernel: pcpu-alloc: [0] 0 1 
[    0.649703] kernel: kvm-guest: setup async PF for cpu 0
[    0.649710] kernel: kvm-guest: stealtime: cpu 0, msr 26561f140
[    0.649716] kernel: Built 1 zonelists, mobility grouping on.  Total pages: 2580192
[    0.649717] kernel: Policy zone: Normal
[    0.649720] kernel: Kernel command line: root=/dev/sda console=ttyS0 net.ifnames=0 ip=192.168.0.37 quiet
[    0.657080] kernel: Dentry cache hash table entries: 2097152 (order: 12, 16777216 bytes, linear)
[    0.660435] kernel: Inode-cache hash table entries: 1048576 (order: 11, 8388608 bytes, linear)
[    0.660501] kernel: mem auto-init: stack:off, heap alloc:off, heap free:off
[    0.984324] kernel: Memory: 8872644K/10485240K available (14348K kernel code, 2403K rwdata, 3568K rodata, 1384K init, 1732K bss, 1612396K reserved, 0K cma-reserved)
[    0.984422] kernel: SLUB: 8 (irq = 4, base_baud = 115200) is a 16550A
[    1.611083] kernel: Non-volatile memory driver v1.3
[    1.611137] kernel: Linux agpgart interface v0.103
[    1.615206] kernel: loop: module loaded
[    1.615410] kernel: ata_piix 0000:00:01.1: version 2.13
[    1.626213] kernel: scsi host0: ata_piix
[    1.627855] kernel: scsi host1: ata_piix
[    1.627958] kernel: ata1: PATA max MWDMA2 cmd 0x1f0 ctl 0x3f6 bmdma 0xc040 irq 14
[    1.627960] kernel: ata2: PATA max MWDMA2 cmd 0x170 ctl 0x376 bmdma 0xc048 irq 15
[    1.629446] kernel: libphy: Fixed MDIO Bus: probed
[    1.637192] kernel: e100: Intel(R) PRO/100 Network Driver
[    1.637194] kernel: e100: Copyright(c) 1999-2006 Intel Corporation
[    1.637205] kernel: e1000: Intel(R) PRO/1000 Network Driver
[    1.637206] kernel: e1000: Copyright (c) 1999-2006 Intel Corporation.
[    1.637276] kernel: e1000e: Intel(R) PRO/1000 Network Driver
[    1.637277] kernel: e1000e: Copyright(c) 1999 - 2015 Intel Corporation.
[    1.638617] kernel: skyHWalign=64, Order=0-3, MinObjects=0, CPUs=2, Nodes=1
[    0.985020] kernel: rcu: Hierarchical RCU implementation.
[    0.985022] kernel: rcu:         RCU event tracing is enabled.
[    0.985023] kernel: rcu:         RCU restricting CPUs from NR_CPUS=64 to nr_cpu_ids=2.
[    0.985026] kernel: rcu: RCU calculated value of scheduler-enlistment delay is 100 jiffies.
[    0.985027] kernel: rcu: Adjusting geometry for rcu_fanout_leaf=16, nr_cpu_ids=2
[    0.987791] kernel: NR_IRQS: 4352, nr_irqs: 440, preallocated irqs: 16
[    0.988009] kernel: random: get_random_bytes called from start_kernel+0x4b1/0x67a with crng_init=0
[    0.992068] kernel: Console: colour VGA+ 80x25
[    0.992124] kernel: printk: console [ttyS0] enabled
[    0.992143] kernel: ACPI: Core revision 20210730
[    0.992303] kernel: clocksource: hpet: mask: 0xffffffff max_cycles: 0xffffffff, max_idle_ns: 19112604467 ns
[    0.992405] kernel: APIC: Switch to symmetric I/O mode setup
[    0.992408] kernel: kvm-guest: setup PV2: driver version 1.30
[    1.639279] kernel: ehci_hcd: USB 2.0 'Enhanced' Host Controller (EHCI) Driver
[    1.639281] kernel: ehci-pci: EHCI PCI platform driver
[    1.639301] kernel: ohci_hcd: USB 1.1 'Open' Host Controller (OHCI) Driver
[    1.639308] kernel: ohci-pci: OHCI PCI platform driver
[    1.639318] kernel: uhci_hcd: USB Universal Host Controller Interface driver
[    1.639441] kernel: usbcore: registered new interface driver usblp
[    1.639458] kernel: usbcore: registered new interface driver usb-storage
[    1.639508] kernel: i8042: PNP: PS/2 Controller [PNP0303:KBD,PNP0f13:MOU] at 0x60,0x64 irq 1,12
[    1.640653] kernel: serio: i8042 KBD port at 0x60,0x64 irq 1
[    1.640661] kernel: serio: i8042 AUX port at 0x60,0x64 irq 12
[    1.641706] kernel: input: AT Translated Set 2 keyboard as /devices/platform/i8042/serio0/input/input1
[    1.655648] kernel: rtc_cmos 00:00: RTC can wake from S4
[    1.656415] kernel: rtc_cmos 00:00: registered as rtc0
[    1.656448] kernel: rtc_cmos 00:00: alarms up to one day, y3k, 114 bytes nvram, hpet irqs
[    1.656756] kernel: device-mapper: ioctl: 4.45.0-ioctl (2021-03-22) initialised: dm-devel@redhat.com
[    1.656761] kernel: intel_pstate: CPU model not supported
[    1.656820] kernel: hid: raw HID events driver (C) Jiri Kosina
[    1.657091] kernel: usbcore: registered new interface driver usbhid
[    1.657092] kernel: usbhid: USB HID core driver
[    1.657549] kernel: netem: version 1.3
[    1.660139] kernel: Initializing XFRM netlink socket
[    1.660387] kernel: NET: Registered PF_INET6 protocol family
[    1.662509] kernel: Segment Routing with IPv6
[    1.662523] kernel: In-situ OAM (IOAM) with IPv6
[    1.662601] kernel: sit: IPv6, IPv4 and MPLS over IPv4 tunneling driver
[    1.662828] kernel: NET: Registered PF_PACKET protocol family
[    1.662868] kernel: 9pnet: Installing 9P2000 support
[    1.662895] kernel: Key type dns_resolver registered
[    1.662909] kernel: Key type ceph registered
[    1.66324offset[5]:  832, xstate_sizes[5]:   64
[    0.000000] kernel: x86/fpu: xstate_offset[6]:  896, xstate_sizes[6]:  512
[    0.000000] kernel: x86/fpu: xstate_offset[7]: 1408, xstate_sizes[7]: 1024
[    0.000000] kernel: x86/fpu: xstate_offset[9]: 2432, xstate_sizes[9]:    8
[    0.000000] kernel: x86/fpu: Enabled xstate features 0x2e7, context size is 2440 bytes, using 'compacted' format.
[    0.000000] kernel: signal: max sigframe size: 3632
[    0.000000] kernel: BIOS-provided physical RAM map:
[    0.000000] kernel: BIOS-e820: [mem 0x0000000000000000-0x000000000009fbff] usable
[    0.000000] kernel: BIOS-e820: [mem 0x000000000009fc00-0x000000000009ffff] reserved
[    0.000000] kernel: BIOS-e820: [mem 0x00000000000f0000-0x00000000000fffff] reserved
[    0.000000] kernel: BIOS-e820: [mem 0x0000000000100000-0x00000000bffdffff] usable
[    0.000000] kernel: BIOS-e820: [mem 0x00000000bffe0000-0x00000000bfffffff] reserved
[    0.000000] kernel: BIOS-e820: [mem 0x00000000feffc000-0x00000000feffffff] reserved
[    0.000000] kernel: BIOS-e820: [mem 0x00000000fffc0000-0x00000000ffffffff] reserved
[    0.000000] kernel: BIOS-e820: [mem 0x0000000100000000-0x00000002bfffffff] usable
[    0.000000] kernel: NX (Execute Disable) protection: active
[    0.000000] kernel: SMBIOS 2.8 present.
[    0.000000] kernel: DMI: QEMU Standard PC (i440FX + PIIX, 1996), BIOS 1.13.0-1ubuntu1.1 04/01/2014
[    0.000000] kernel: Hypervisor detected: KVM
[    0.000000] kernel: kvm-clock: Using msrs 4b564d01 and 4b564d00
[    0.000000] kernel: kvm-clock: cpu 0, msr ae06e001, primary cpu clock
[    0.000001] kernel: kvm-clock: using sched offset of 730835149 cycles
[    0.000004] kernel: clocksource: kvm-clock: mask: 0xffffffffffffffff max_cycles: 0x1cd42e4dffb, max_idle_ns: 881590591483 ns
[    0.000006] kernel: tsc: Detected 2593.906 MHz processor
[    0.000613] kernel: e820: update [mem 0x00000000-0x00000fff] usable ==> reserved
[    0.000616] kernel: e820: remove [mem 0x000a0000-0x000fffff] usable
[    0.000619] kernel: last_pfn = 0x2c0000 max_arch_pfn = 0x10000000000
[    0.000670] kernel: x86/PAT: Configuration [0-7]: WB  WC  UC- UC  WB  WP  UC- WT  
[    0.000675] kernel: last_pfn = 0xbffe0 max_arch_pfn = 0x10000000000
[    0.022627] kernel: found SMP MP-table at [mem 0x000f5c80-0x000f5c8f]
[    0.022662] kernel: Using GB pages for direct mapping
[    0.025798] kernel: ACPI: Early table checksum verification disabled
[    0.025805] kernel: ACPI: RSDP 0x00000000000F5A50 000014 (v00 BOCHS )
[    0.025815] kernel: ACPI: RSDT 0x00000000BFFE15C9 000030 (v01 BOCHS  BXPCRSDT 00000001 BXPC 00000001)
[    0.025821] kernel: ACPI: FACP 0x00000000BFFE149D 000074 (v01 BOCHS  BXPCFACP 00000001 BXPC 00000001)
[    0.025827] kernel: ACPI: DSDT 0x00000000BFFE0040 00145D (v01 BOCHS  BXPCDSDT 00000001 BXPC 00000001)
[    0.025830] kernel: ACPI: FACS 0x00000000BFFE0000 000040
[    0.025832] kernel: ACPI: APIC 0x00000000BFFE1511 000080 (v01 BOCHS  BXPCAPIC 00000001 BXPC 00000001)
[    0.0258[D 01/16/2023 17:42:13] PVFS2 Server version 2.9.7-orangefs-REV-65ab0d2 starting.
[E 01/16/2023 17:43:19] PVFS2 server got signal 15 (server_status_flag: 2080767)
[D 02/18/2023 14:39:31] PVFS2 Server version 2.9.7-orangefs-REV-65ab0d2 starting.
[D 02/18/2023 14:47:30] PVFS2 received server: signal 1
[E 02/18/2023 14:47:30] PVFS2 server got signal 15 (server_status_flag: 2080767)
34] kernel: ACPI: HPET 0x00000000BFFE1591 000038 (v01 BOCHS  BXPCHPET 00000001 BXPC 00000001)
[    0.025836] kernel: ACPI: Reserving FACP table memory at [mem 0xbffe149d-0xbffe1510]
[    0.025837] kernel: ACPI: Reserving DSDT table memory at [mem 0xbffe0040-0xbffe149c]
[    0.025838] kernel: ACPI: Reserving FACS table memory at [mem 0xbffe0000-0xbffe003f]
[    0.025839] kernel: ACPI: Reserving APIC table memory at [mem 0xbffe1511-0xbffe1590]
[    0.025839] kernel: ACPI: Reserving HPET table memory at [mem 0xbffe1591-0xbffe15c8]
[    0.026118] kernel: No NUMA configuration found
[    0.026118] kernel: Faking a node at [mem 0x0000000000000000-0x00000002bfffffff]
[    0.026121] kernel: NODE_DATA(0) allocated [mem 0x2bfffa000-0x2bfffdfff]
[    0.026183] kernel: Zone ranges:
[    0.026185] kernel:   DMA      [mem 0x0000000000001000-0x0000000000ffffff]
[    0.026186] kernel:   DMA32    [mem 0x0000000001000000-0x00000000ffffffff]
[    0.026187] kernel:   Normal   [mem 0x0000000100000000-0x008] kernel: libceph: loaded (mon/osd proto 15/24)
[    1.663535] kernel: IPI shorthand broadcast: enabled
[    1.663577] kernel: sched_clock: Marking stable (1659295926, 4188473)->(1776880966, -113396567)
[    1.663846] kernel: registered taskstats version 1
[    1.663848] kernel: Loading compiled-in X.509 certificates
[    1.665101] kernel: PM:   Magic number: 15:830:164
[    1.665146] kernel: printk: console [netcon0] enabled
[    1.665148] kernel: netconsole: network logging started
[    1.780332] kernel: ata1.01: NODEV after polling detection
[    1.780543] kernel: ata1.00: ATA-7: QEMU HARDDISK, 2.5+, max UDMA/100
[    1.780544] kernel: ata1.00: 88078336 sectors, multi 16: LBA48 
[    1.780965] kernel: scsi 0:0:0:0: Direct-Access     ATA      QEMU HARDDISK    2.5+ PQ: 0 ANSI: 5
[    1.781211] kernel: sd 0:0:0:0: Attached scsi generic sg0 type 0
[    1.781292] kernel: sd 0:0:0:0: [sda] 88078336 512-byte logical blocks: (45.1 GB/42.0 GiB)
[    1.781302] kernel: sd 0:0:0:0: [sda] Writ IPIs
[    0.993287] kernel: ..TIMER: vector=0x30 apic1=0 pin1=2 apic2=-1 pin2=-1
[    0.993309] kernel: clocksource: tsc-early: mask: 0xffffffffffffffff max_cycles: 0x2563bf907c6, max_idle_ns: 440795319401 ns
[    0.993318] kernel: Calibrating delay loop (skipped) preset value.. 5187.81 BogoMIPS (lpj=2593906)
[    0.993320] kernel: pid_max: default: 32768 minimum: 301
[    0.993358] kernel: LSM: Security Framework initializing
[    0.993373] kernel: SELinux:  Initializing.
[    0.994383] kernel: Mount-cache hash table entries: 32768 (order: 6, 262144 bytes, linear)
[    0.994880] kernel: Mountpoint-cache hash table entries: 32768 (order: 6, 262144 bytes, linear)
[    0.995326] kernel: x86/cpu: User Mode Instruction Prevention (UMIP) activated
[    0.995415] kernel: Last level iTLB entries: 4KB 0, 2MB 0, 4MB 0
[    0.995416] kernel: Last level dTLB entries: 4KB 0, 2MB 0, 4MB 0, 1GB 0
[    0.995427] kernel: Spectre V1 : Mitigation: usercopy/swapgs barriers and __user pointer sanitization
[    0.995431] kernel: Spectre V2 : Mitigation: Enhanced IBRS
[    0.995432] kernel: Spectre V2 : Spectre v2 / SpectreRSB mitigation: Filling RSB on context switch
[    0.995434] kernel: Spectre V2 : mitigation: Enabling conditional Indirect Branch Prediction Barrier
[    0.995435] kernel: Speculative Store Bypass: Mitigation: Speculative Store Bypass disabled via prctl and seccomp
[    0.995437] kernel: TAA: Mitigation: TSX disabled
[    0.998833] kernel: Freeing SMP alternatives memory: 40K
[    0.999035] kernel: smpboot: CPU0: Intel(R) Xeon(R) Gold 6348 CPU @ 2.60GHz (family: 0x6, model: 0x6a, stepping: 0x6)
[    0.999176] kernel: Performance Events: Icelake events, 32-deep LBR, full-width counters, Intel PMU driver.
[    0.999278] kernel: ... version:                2
[    0.999280] kernel: ... bit width:              48
[    0.999281] kernel: ... generic registers:      8
[    0.999282] kernel: ... value mask:             0000ffffffffffff
[    0.999283] kernel: ... max period:000002bfffffff]
[    0.026188] kernel: Movable zone start for each node
[    0.026189] kernel: Early memory node ranges
[    0.026189] kernel:   node   0: [mem 0x0000000000001000-0x000000000009efff]
[    0.026190] kernel:   node   0: [mem 0x0000000000100000-0x00000000bffdffff]
[    0.026191] kernel:   node   0: [mem 0x0000000100000000-0x00000002bfffffff]
[    0.026193] kernel: Initmem setup node 0 [mem 0x0000000000001000-0x00000002bfffffff]
[    0.026873] kernel: On node 0, zone DMA: 1 pages in unavailable ranges
[    0.026884] kernel: On node 0, zone DMA: 97 pages in unavailable ranges
[    0.217390] kernel: On node 0, zone Normal: 32 pages in unavailable ranges
[    1.415939] kernel: kasan: KernelAddressSanitizer initialized
[    1.416287] kernel: ACPI: PM-Timer IO Port: 0x608
[    1.416297] kernel: ACPI: LAPIC_NMI (acpi_id[0xff] dfl dfl lint[0x1])
[    1.416335] kernel: IOAPIC[0]: apic_id 0, version 17, address 0xfec00000, GSI 0-23
[    1.416338] kernel: ACPI: INT_SRC_OVR (bus 0 bue Protect is off
[    1.781305] kernel: sd 0:0:0:0: [sda] Mode Sense: 00 3a 00 00
[    1.781313] kernel: sd 0:0:0:0: [sda] Write cache: enabled, read cache: enabled, doesn't support DPO or FUA
[    1.782378] kernel: sd 0:0:0:0: [sda] Attached SCSI disk
[    1.788299] kernel: ata2.01: NODEV after polling detection
[    1.788509] kernel: ata2.00: ATAPI: QEMU DVD-ROM, 2.5+, max UDMA/100
[    1.789882] kernel: scsi 1:0:0:0: CD-ROM            QEMU     QEMU DVD-ROM     2.5+ PQ: 0 ANSI: 5
[    1.812368] kernel: sr 1:0:0:0: [sr0] scsi3-mmc drive: 4x/4x cd/rw xa/form2 tray
[    1.812376] kernel: cdrom: Uniform CD-ROM driver Revision: 3.20
[    1.829102] kernel: sr 1:0:0:0: Attached scsi CD-ROM sr0
[    1.829502] kernel: sr 1:0:0:0: Attached scsi generic sg1 type 5
[    2.285277] kernel: input: ImExPS/2 Generic Explorer Mouse as /devices/platform/i8042/serio1/input/input3
[    2.314039] kernel: IP-Config: Guessing netmask 255.255.255.0
[    2.314042] kernel: IP-Config: Complete:
[    2.314043] kernel:      device=eth0, hwaddr=e6:c8:ff:09:76:24, ipaddr=192.168.0.36, mask=255.255.255.0, gw=255.255.255.255
[    2.314046] kernel:      host=192.168.0.36, domain=, nis-domain=(none)
[    2.314047] kernel:      bootserver=255.255.255.255, rootserver=255.255.255.255, rootpath=
[    2.314141] kernel: cfg80211: Loading compiled-in X.509 certificates for regulatory database
[    2.314335] kernel: kworker/u4:0 (69) used greatest stack depth: 30480 bytes left
[    2.314721] kernel: cfg80211: Loaded X.509 cert 'sforshee: 00b28ddf47aef9cea7'
[    2.314730] kernel: ALSA device list:
[    2.314731] kernel:   No soundcards found.
[    2.314943] kernel: md: Waiting for all devices to be available before autodetect
[    2.314944] kernel: md: If you don't use raid, use raid=noautodetect
[    2.314945] kernel: md: Autodetecting RAID arrays.
[    2.314946] kernel: md: autorun ...
[    2.314947] kernel: md: ... autorun DONE.
[    2.315303] kernel: platform regulatory.0: Direct firmware load for regulatory.db failed with error -2
[    2.315307] kernel: cfg80211: failed to load regulatory.db
[    2.319915] kernel: EXT4-fs (sda): mounted filesystem with ordered data mode. Opts: (null). Quota mode: none.
[    2.319940] kernel: VFS: Mounted root (ext4 filesystem) readonly on device 8:0.
[    2.335660] kernel: devtmpfs: mounted
[    2.335994] kernel: Freeing unused kernel image (initmem) memory: 1384K
[    2.345045] kernel: Write protecting the kernel read-only data: 20480k
[    2.345546] kernel: Freeing unused kernel image (text/rodata gap) memory: 2032K
[    2.360639] kernel: Freeing unused kernel image (rodata/data gap) memory: 528K
[    2.360663] kernel: Run /sbin/init as init process
[    2.360664] kernel:   with arguments:
[    2.360664] kernel:     /sbin/init
[    2.360665] kernel:   with environment:
[    2.360666] kernel:     HOME=/
[    2.360666] kernel:     TERM=linux
[    2.487068] kernel: random: fast init done
[    2.592746] systemd[1]: systemd 245.4-4ubuntu3 running ins_irq 0 global_irq 2 dfl dfl)
[    1.416341] kernel: ACPI: INT_SRC_OVR (bus 0 bus_irq 5 global_irq 5 high level)
[    1.416342] kernel: ACPI: INT_SRC_OVR (bus 0 bus_irq 9 global_irq 9 high level)
[    1.416343] kernel: ACPI: INT_SRC_OVR (bus 0 bus_irq 10 global_irq 10 high level)
[    1.416345] kernel: ACPI: INT_SRC_OVR (bus 0 bus_irq 11 global_irq 11 high level)
[    1.416348] kernel: ACPI: Using ACPI (MADT) for SMP configuration information
[    1.416349] kernel: ACPI: HPET id: 0x8086a201 base: 0xfed00000
[    1.416354] kernel: TSC deadline timer available
[    1.416355] kernel: smpboot: Allowing 2 CPUs, 0 hotplug CPUs
[    1.416382] kernel: kvm-guest: KVM setup pv remote TLB flush
[    1.416386] kernel: kvm-guest: setup PV sched yield
[    1.416396] kernel: PM: hibernation: Registered nosave memory: [mem 0x00000000-0x00000fff]
[    1.416398] kernel: PM: hibernation: Registered nosave memory: [mem 0x0009f000-0x0009ffff]
[    1.416399] kernel: PM: hibernation: Registered nosave memory: [mem 0x000a0000-0x000effff]
[    1.416399] kernel: PM: hibernation: Registered nosave memory: [mem 0x000f0000-0x000fffff]
[    1.416400] kernel: PM: hibernation: Registered nosave memory: [mem 0xbffe0000-0xbfffffff]
[    1.416401] kernel: PM: hibernation: Registered nosave memory: [mem 0xc0000000-0xfeffbfff]
[    1.416401] kernel: PM: hibernation: Registered nosave memory: [mem 0xfeffc000-0xfeffffff]
[    1.416402] kernel: PM: hibernation: Registered nosave memory: [mem 0xff000000-0xfffbffff]
[    1.416402] kernel: PM: hibernation: Registered nosave memory: [mem 0xfffc0000-0xffffffff]
[    1.416404] kernel: [mem 0xc0000000-0xfeffbfff] available for PCI devices
[    1.416405] kernel: Booting paravirtualized kernel on KVM
[    1.416409] kernel: clocksource: refined-jiffies: mask: 0xffffffff max_cycles: 0xffffffff, max_idle_ns: 1910969940391419 ns
[    1.420585] kernel: setup_percpu: NR_CPUS:64 nr_cpumask_bits:64 nr_cpu_ids:2 nr_node_ids:1
[    1.421261] kernel: percpu: Embedded 56 pa             00007fffffffffff
[    0.999284] kernel: ... fixed-purpose events:   3
[    0.999285] kernel: ... event mask:             00000007000000ff
[    0.999385] kernel: rcu: Hierarchical SRCU implementation.
[    0.999768] kernel: smp: Bringing up secondary CPUs ...
[    0.999896] kernel: x86: Booting SMP configuration:
[    0.999897] kernel: .... node  #0, CPUs:      #1
[    0.005336] kernel: kvm-clock: cpu 1, msr b226e041, secondary cpu clock
[    0.005336] kernel: smpboot: CPU 1 Converting physical 0 to logical die 1
[    1.033338] kernel: kvm-guest: setup async PF for cpu 1
[    1.033343] kernel: kvm-guest: stealtime: cpu 1, msr 26571f140
[    1.033384] kernel: smp: Brought up 1 node, 2 CPUs
[    1.033387] kernel: smpboot: Max logical packages: 2
[    1.033388] kernel: smpboot: Total of 2 processors activated (10375.62 BogoMIPS)
[    1.034421] kernel: devtmpfs: initialized
[    1.035341] kernel: clocksource: jiffies: mask: 0xffffffff max_cycles: 0xffffffff, max_idle_ns: 19112 system mode. (+PAM +AUDIT +SELINUX +IMA +APPARMOR +SMACK +SYSVINIT +UTMP +LIBCRYPTSETUP +GCRYPT +GNUTLS +ACL +XZ +LZ4 +SECCOMP +BLKID +ELFUTILS +KMOD +IDN2 -IDN +PCRE2 default-hierarchy=hybrid)
[    2.592808] systemd[1]: Detected virtualization kvm.
[    2.592813] systemd[1]: Detected architecture x86-64.
[    2.603012] systemd[1]: Set hostname to <dfs-fuzzing>.
[    2.680897] kernel: systemd-debug-g (80) used greatest stack depth: 29808 bytes left
[    2.698706] kernel: systemd-gpt-aut (83) used greatest stack depth: 29544 bytes left
[    2.702667] kernel: IPv6: ADDRCONF(NETDEV_CHANGE): eth0: link becomes ready
[    2.735697] kernel: systemd-sysv-ge (88) used greatest stack depth: 29184 bytes left
[    2.881006] systemd[1]: /lib/systemd/system/dbus.socket:5: ListenStream= references a path below legacy directory /var/run/, updating /var/run/dbus/system_bus_socket  /run/dbus/system_bus_socket; please update the unit file accordingly.
[    2.899130] systemd[1]: system-modprobe.slicges/cpu s191576 r8192 d29608 u1048576
[    1.421267] kernel: pcpu-alloc: s191576 r8192 d29608 u1048576 alloc=1*2097152
[    1.421269] kernel: pcpu-alloc: [0] 0 1 
[    1.421296] kernel: kvm-guest: setup async PF for cpu 0
[    1.421303] kernel: kvm-guest: stealtime: cpu 0, msr 26561f140
[    1.421308] kernel: Built 1 zonelists, mobility grouping on.  Total pages: 2580192
[    1.421309] kernel: Policy zone: Normal
[    1.421311] kernel: Kernel command line: root=/dev/sda console=ttyS0 net.ifnames=0 ip=192.168.0.35 quiet
[    1.426975] kernel: Dentry cache hash table entries: 2097152 (order: 12, 16777216 bytes, linear)
[    1.429764] kernel: Inode-cache hash table entries: 1048576 (order: 11, 8388608 bytes, linear)
[    1.429823] kernel: mem auto-init: stack:off, heap alloc:off, heap free:off
[    1.909984] kernel: Memory: 8872644K/10485240K available (14348K kernel code, 2403K rwdata, 3568K rodata, 1384K init, 1732K bss, 1612396K reserved, 0K cma-reserved)
[    1.910078] kernel: SLUB: ----- is restarting 0
---- dfs_name orangefs is_dfs_client 1
before receiving handshake request
[    0.000000] kernel: Linux version 5.15.0+ (tlyu@IC-RS3-DPC07) (gcc (Ubuntu 9.4.0-1ubuntu1~20.04.1) 9.4.0, GNU ld (GNU Binutils for Ubuntu) 2.34) #7 SMP Sat Feb 18 10:18:37 CET 2023
[    0.000000] kernel: Command line: root=/dev/sda console=ttyS0 net.ifnames=0 ip=192.168.0.38 quiet
[    0.000000] kernel: x86/fpu: Supporting XSAVE feature 0x001: 'x87 floating point registers'
[    0.000000] kernel: x86/fpu: Supporting XSAVE feature 0x002: 'SSE registers'
[    0.000000] kernel: x86/fpu: Supporting XSAVE feature 0x004: 'AVX registers'
[    0.000000] kernel: x86/fpu: Supporting XSAVE feature 0x020: 'AVX-512 opmask'
[    0.000000] kernel: x86/fpu: Supporting XSAVE feature 0x040: 'AVX-512 Hi256'
[    0.000000] kernel: x86/fpu: Supporting XSAVE feature 0x080: 'AVX-512 ZMM_Hi256'
[    0.000000] kernel: x86/fpu: Supporting XSAVE feature 0x200: 'Protection Keys User registers'
[    0.000000] kernel: x86/fpu: xstate_offset[2]:  576, xstate_sizes[2]:  256
[    0.000000] kernel: x86/fpu: xstate_[D 01/16/2023 17:42:13] PVFS2 Server version 2.9.7-orangefs-REV-65ab0d2 starting.
[E 01/16/2023 17:43:19] PVFS2 server got signal 15 (server_status_flag: 2080767)
[D 02/18/2023 14:39:31] PVFS2 Server version 2.9.7-orangefs-REV-65ab0d2 starting.
[D 02/18/2023 14:47:30] PVFS2 received server: signal 1
[E 02/18/2023 14:47:30] PVFS2 server got signal 15 (server_status_flag: 2080767)
req.flags ea2
60446275000 ns
[    1.035519] kernel: futex hash table entries: 512 (order: 3, 32768 bytes, linear)
[    1.035717] kernel: PM: RTC time: 06:11:38, date: 2023-03-08
[    1.036378] kernel: NET: Registered PF_NETLINK/PF_ROUTE protocol family
[    1.036719] kernel: audit: initializing netlink subsys (disabled)
[    1.036771] kernel: audit: type=2000 audit(1678255899.234:1): state=initialized audit_enabled=0 res=1
[    1.036771] kernel: thermal_sys: Registered thermal governor 'step_wise'
[    1.036771] kernel: thermal_sys: Registered thermal governor 'user_space'
[    1.037345] kernel: cpuidle: using governor menu
[    1.037432] kernel: ACPI: bus type PCI registered
[    1.037719] kernel: PCI: Using configuration type 1 for base access
[    1.045917] kernel: Kprobes globally optimized
[    1.048404] kernel: HugeTLB registered 2.00 MiB page size, pre-allocated 0 pages
[    1.048404] kernel: cryptomgr_test (26) used greatest stack depth: 31400 bytes left
[    1.058411] kernel: ACPI: Added _offset[5]:  832, xstate_sizes[5]:   64
[    0.000000] kernel: x86/fpu: xstate_offset[6]:  896, xstate_sizes[6]:  512
[    0.000000] kernel: x86/fpu: xstate_offset[7]: 1408, xstate_sizes[7]: 1024
[    0.000000] kernel: x86/fpu: xstate_offset[9]: 2432, xstate_sizes[9]:    8
[    0.000000] kernel: x86/fpu: Enabled xstate features 0x2e7, context size is 2440 bytes, using 'compacted' format.
[    0.000000] kernel: signal: max sigframe size: 3632
[    0.000000] kernel: BIOS-provided physical RAM map:
[    0.000000] kernel: BIOS-e820: [mem 0x0000000000000000-0x000000000009fbff] usable
[    0.000000] kernel: BIOS-e820: [mem 0x000000000009fc00-0x000000000009ffff] reserved
[    0.000000] kernel: BIOS-e820: [mem 0x00000000000f0000-0x00000000000fffff] reserved
[    0.000000] kernel: BIOS-e820: [mem 0x0000000000100000-0x00000000bffdffff] usable
[    0.000000] kernel: BIOS-e820: [mem 0x00000000bffe0000-0x00000000bfffffff] reserved
[    0.000000] kernel: BIOS-e820: [mem 0x00000000feffc000-0x00000000HWalign=64, Order=0-3, MinObjects=0, CPUs=2, Nodes=1
[    1.913385] kernel: rcu: Hierarchical RCU implementation.
[    1.913388] kernel: rcu:         RCU event tracing is enabled.
[    1.913389] kernel: rcu:         RCU restricting CPUs from NR_CPUS=64 to nr_cpu_ids=2.
[    1.913392] kernel: rcu: RCU calculated value of scheduler-enlistment delay is 100 jiffies.
[    1.913394] kernel: rcu: Adjusting geometry for rcu_fanout_leaf=16, nr_cpu_ids=2
[    1.916967] kernel: NR_IRQS: 4352, nr_irqs: 440, preallocated irqs: 16
[    1.918215] kernel: random: get_random_bytes called from start_kernel+0x4b1/0x67a with crng_init=0
[    1.932191] kernel: Console: colour VGA+ 80x25
[    1.932237] kernel: printk: console [ttyS0] enabled
[    1.932278] kernel: ACPI: Core revision 20210730
[    1.932433] kernel: clocksource: hpet: mask: 0xffffffff max_cycles: 0xffffffff, max_idle_ns: 19112604467 ns
[    1.938267] kernel: APIC: Switch to symmetric I/O mode setup
[    1.938273] kernel: kvm-guest: setup PVe: unit configures an IP firewall, but the local system does not support BPF/cgroup firewalling.
[    2.899136] systemd[1]: (This warning is only shown for the first unit using IP firewalling.)
[    2.899383] systemd[1]: Created slice system-modprobe.slice.
[    2.899503] systemd[1]: Created slice system-serial\x2dgetty.slice.
[    2.899575] systemd[1]: Created slice User and Session Slice.
[    2.899637] systemd[1]: Started Dispatch Password Requests to Console Directory Watch.
[    2.899681] systemd[1]: Started Forward Password Requests to Wall Directory Watch.
[    2.899897] systemd[1]: Set up automount Arbitrary Executable File Formats File System Automount Point.
[    2.899920] systemd[1]: Reached target Local Encrypted Volumes.
[    2.899934] systemd[1]: Reached target Paths.
[    2.899941] systemd[1]: Reached target Remote File Systems.
[    2.899946] systemd[1]: Reached target Slices.
[    2.899954] systemd[1]: Reached target Swap.
[    2.900038] systemd[1]: Listening on Devicfeffffff] reserved
[    0.000000] kernel: BIOS-e820: [mem 0x00000000fffc0000-0x00000000ffffffff] reserved
[    0.000000] kernel: BIOS-e820: [mem 0x0000000100000000-0x00000002bfffffff] usable
[    0.000000] kernel: NX (Execute Disable) protection: active
[    0.000000] kernel: SMBIOS 2.8 present.
[    0.000000] kernel: DMI: QEMU Standard PC (i440FX + PIIX, 1996), BIOS 1.13.0-1ubuntu1.1 04/01/2014
[    0.000000] kernel: Hypervisor detected: KVM
[    0.000000] kernel: kvm-clock: Using msrs 4b564d01 and 4b564d00
[    0.000000] kernel: kvm-clock: cpu 0, msr 2c26e001, primary cpu clock
[    0.000001] kernel: kvm-clock: using sched offset of 492077907 cycles
[    0.000003] kernel: clocksource: kvm-clock: mask: 0xffffffffffffffff max_cycles: 0x1cd42e4dffb, max_idle_ns: 881590591483 ns
[    0.000005] kernel: tsc: Detected 2593.906 MHz processor
[    0.000425] kernel: e820: update [mem 0x00000000-0x00000fff] usable ==> reserved
[    0.000427] kernel: e820: remove [mem 0x000a0000-0x000fffff] usae-mapper event daemon FIFOs.
[    2.900163] systemd[1]: Listening on Syslog Socket.
[    2.900792] systemd[1]: Listening on initctl Compatibility Named Pipe.
[    2.900991] systemd[1]: Listening on Journal Audit Socket.
[    2.901097] systemd[1]: Listening on Journal Socket (/dev/log).
[    2.901207] systemd[1]: Listening on Journal Socket.
[    2.901318] systemd[1]: Listening on udev Control Socket.
[    2.901386] systemd[1]: Listening on udev Kernel Socket.
[    2.902175] systemd[1]: Mounting Huge Pages File System...
[    2.902965] systemd[1]: Mounting POSIX Message Queue File System...
[    2.903721] systemd[1]: Mounting /proc/sys/fs/binfmt_misc...
[    2.905116] systemd[1]: Mounting /sys/kernel/config...
[    2.905822] systemd[1]: Mounting /sys/kernel/debug...
[    2.906768] systemd[1]: Mounting Kernel Trace File System...
[    2.907681] systemd[1]: Starting Journal Service...
[    2.908525] systemd[1]: Starting Set the console keyboard layout...
[    2.908556] systemd[1]: Condit IPIs
[    1.939387] kernel: ..TIMER: vector=0x30 apic1=0 pin1=2 apic2=-1 pin2=-1
[    1.939413] kernel: clocksource: tsc-early: mask: 0xffffffffffffffff max_cycles: 0x2563bf907c6, max_idle_ns: 440795319401 ns
[    1.939423] kernel: Calibrating delay loop (skipped) preset value.. 5187.81 BogoMIPS (lpj=2593906)
[    1.939426] kernel: pid_max: default: 32768 minimum: 301
[    1.939472] kernel: LSM: Security Framework initializing
[    1.939489] kernel: SELinux:  Initializing.
[    1.940501] kernel: Mount-cache hash table entries: 32768 (order: 6, 262144 bytes, linear)
[    1.941019] kernel: Mountpoint-cache hash table entries: 32768 (order: 6, 262144 bytes, linear)
[    1.941635] kernel: x86/cpu: User Mode Instruction Prevention (UMIP) activated
[    1.941722] kernel: Last level iTLB entries: 4KB 0, 2MB 0, 4MB 0
[    1.941724] kernel: Last level dTLB entries: 4KB 0, 2MB 0, 4MB 0, 1GB 0
[    1.941734] kernel: Spectre V1 : Mitigation: usercopy/swapgs barriers and __user pointer sanitizatiOSI(Module Device)
[    1.058411] kernel: ACPI: Added _OSI(Processor Device)
[    1.058411] kernel: ACPI: Added _OSI(3.0 _SCP Extensions)
[    1.058411] kernel: ACPI: Added _OSI(Processor Aggregator Device)
[    1.058411] kernel: ACPI: Added _OSI(Linux-Dell-Video)
[    1.058411] kernel: ACPI: Added _OSI(Linux-Lenovo-NV-HDMI-Audio)
[    1.058411] kernel: ACPI: Added _OSI(Linux-HPI-Hybrid-Graphics)
[    1.063845] kernel: ACPI: 1 ACPI AML tables successfully acquired and loaded
[    1.066796] kernel: ACPI: Interpreter enabled
[    1.066829] kernel: ACPI: PM: (supports S0 S3 S4 S5)
[    1.066830] kernel: ACPI: Using IOAPIC for interrupt routing
[    1.066864] kernel: PCI: Using host bridge windows from ACPI; if necessary, use "pci=nocrs" and report a bug
[    1.067242] kernel: ACPI: Enabled 2 GPEs in block 00 to 0F
[    1.077506] kernel: ACPI: PCI Root Bridge [PCI0] (domain 0000 [bus 00-ff])
[    1.077519] kernel: acpi PNP0A03:00: _OSC: OS supports [ASPM ClockPM Segments MSI HPX-Type3]
[ ble
[    0.000430] kernel: last_pfn = 0x2c0000 max_arch_pfn = 0x10000000000
[    0.000477] kernel: x86/PAT: Configuration [0-7]: WB  WC  UC- UC  WB  WP  UC- WT  
[    0.000482] kernel: last_pfn = 0xbffe0 max_arch_pfn = 0x10000000000
[    0.004736] kernel: found SMP MP-table at [mem 0x000f5c80-0x000f5c8f]
[    0.004758] kernel: Using GB pages for direct mapping
[    0.005447] kernel: ACPI: Early table checksum verification disabled
[    0.005453] kernel: ACPI: RSDP 0x00000000000F5A50 000014 (v00 BOCHS )
[    0.005461] kernel: ACPI: RSDT 0x00000000BFFE15C9 000030 (v01 BOCHS  BXPCRSDT 00000001 BXPC 00000001)
[    0.005466] kernel: ACPI: FACP 0x00000000BFFE149D 000074 (v01 BOCHS  BXPCFACP 00000001 BXPC 00000001)
[    0.005471] kernel: ACPI: DSDT 0x00000000BFFE0040 00145D (v01 BOCHS  BXPCDSDT 00000001 BXPC 00000001)
[    0.005474] kernel: ACPI: FACS 0x00000000BFFE0000 000040
[    0.005476] kernel: ACPI: APIC 0x00000000BFFE1511 000080 (v01 BOCHS  BXPCAPIC 00000001 BXPC 00000001)
[    0.0054on
[    1.941739] kernel: Spectre V2 : Mitigation: Enhanced IBRS
[    1.941740] kernel: Spectre V2 : Spectre v2 / SpectreRSB mitigation: Filling RSB on context switch
[    1.941742] kernel: Spectre V2 : mitigation: Enabling conditional Indirect Branch Prediction Barrier
[    1.941743] kernel: Speculative Store Bypass: Mitigation: Speculative Store Bypass disabled via prctl and seccomp
[    1.941745] kernel: TAA: Mitigation: TSX disabled
[    1.949929] kernel: Freeing SMP alternatives memory: 40K
[    1.950121] kernel: smpboot: CPU0: Intel(R) Xeon(R) Gold 6348 CPU @ 2.60GHz (family: 0x6, model: 0x6a, stepping: 0x6)
[    1.950266] kernel: Performance Events: Icelake events, 32-deep LBR, full-width counters, Intel PMU driver.
[    1.950482] kernel: ... version:                2
[    1.950484] kernel: ... bit width:              48
[    1.950485] kernel: ... generic registers:      8
[    1.950486] kernel: ... value mask:             0000ffffffffffff
[    1.950488] kernel: ... max period:ion check resulted in Create list of static device nodes for the current kernel being skipped.
[    2.908598] systemd[1]: Condition check resulted in Load Kernel Module drm being skipped.
[    2.910582] systemd[1]: Starting Load Kernel Modules...
[    2.911290] systemd[1]: Starting Remount Root and Kernel File Systems...
[    2.912529] systemd[1]: Starting udev Coldplug all Devices...
[    2.971761] systemd[1]: Mounted Huge Pages File System.
[    2.973290] systemd[1]: Mounted POSIX Message Queue File System.
[    2.973480] systemd[1]: Mounted /sys/kernel/debug.
[    2.974471] systemd[1]: Mounted /sys/kernel/config.
[    2.974681] systemd[1]: Mounted /proc/sys/fs/binfmt_misc.
[    2.976523] systemd[1]: Condition check resulted in Set Up Additional Binary Formats being skipped.
[    2.976963] systemd[1]: Mounted Kernel Trace File System.
[    3.026333] kernel: EXT4-fs (sda): re-mounted. Opts: (null). Quota mode: none.
[    3.027775] systemd[1]: Finished Load Kernel Modules.
[    3.028855] systemd[1]: Mounting FUSE Control File System...
[    3.030057] systemd[1]: Starting Apply Kernel Variables...
[    3.030984] systemd[1]: Finished Remount Root and Kernel File Systems.
[    3.044916] systemd[1]: Condition check resulted in Rebuild Hardware Database being skipped.
[    3.044978] systemd[1]: Condition check resulted in Platform Persistent Storage Archival being skipped.
[    3.053211] systemd[1]: Starting Load/Save Random Seed...
[    3.053995] systemd[1]: Starting Create System Users...
[    3.054785] systemd[1]: Mounted FUSE Control File System.
[    3.063263] systemd[1]: Finished Apply Kernel Variables.
[    3.120685] systemd[1]: Finished Create System Users.
[    3.123777] systemd[1]: Starting Create Static Device Nodes in /dev...
[    3.155459] systemd[1]: Finished Create Static Device Nodes in /dev.
[    3.157544] systemd[1]: Starting udev Kernel Device Manager...
[    3.167932] systemd[1]: Finished Set the console keyboard layout.
[    3.168232] systemd[1]: R78] kernel: ACPI: HPET 0x00000000BFFE1591 000038 (v01 BOCHS  BXPCHPET 00000001 BXPC 00000001)
[    0.005480] kernel: ACPI: Reserving FACP table memory at [mem 0xbffe149d-0xbffe1510]
[    0.005482] kernel: ACPI: Reserving DSDT table memory at [mem 0xbffe0040-0xbffe149c]
[    0.005483] kernel: ACPI: Reserving FACS table memory at [mem 0xbffe0000-0xbffe003f]
[    0.005483] kernel: ACPI: Reserving APIC table memory at [mem 0xbffe1511-0xbffe1590]
[    0.005484] kernel: ACPI: Reserving HPET table memory at [mem 0xbffe1591-0xbffe15c8]
[    0.005736] kernel: No NUMA configuration found
[    0.005737] kernel: Faking a node at [mem 0x0000000000000000-0x00000002bfffffff]
[    0.005740] kernel: NODE_DATA(0) allocated [mem 0x2bfffa000-0x2bfffdfff]
[    0.005790] kernel: Zone ranges:
[    0.005790] kernel:   DMA      [mem 0x0000000000001000-0x0000000000ffffff]
[    0.005792] kernel:   DMA32    [mem 0x0000000001000000-0x00000000ffffffff]
[    0.005793] kernel:   Normal   [mem 0x0000000100000000-0x00             00007fffffffffff
[    1.950489] kernel: ... fixed-purpose events:   3
