2023/03/08 17:23:03 fuzzer started
2023/03/08 17:23:04 dialing manager at localhost:42025
2023/03/08 17:23:04 syscalls: 130
2023/03/08 17:23:04 code coverage: enabled
2023/03/08 17:23:04 comparison tracing: enabled
2023/03/08 17:23:04 extra coverage: enabled
2023/03/08 17:23:04 setuid sandbox: enabled
2023/03/08 17:23:04 namespace sandbox: /proc/self/ns/user does not exist
2023/03/08 17:23:04 Android sandbox: /sys/fs/selinux/policy can't be opened (open /sys/fs/selinux/policy: invalid argument)
2023/03/08 17:23:04 fault injection: CONFIG_FAULT_INJECTION_DEBUG_FS or CONFIG_FAILSLAB are not enabled
2023/03/08 17:23:04 leak checking: CONFIG_DEBUG_KMEMLEAK is not enabled
2023/03/08 17:23:04 net packet injection: /dev/net/tun does not exist
2023/03/08 17:23:04 net device setup: enabled
2023/03/08 17:23:04 concurrency sanitizer: /sys/kernel/debug/kcsan does not exist
2023/03/08 17:23:04 devlink PCI setup: enabled
2023/03/08 17:23:04 USB emulation: /dev/raw-gadget does not exist
2023/03/08 17:23:04 hci packet injection: /dev/vhci does not exist
2023/03/08 17:23:04 wifi device emulation: /sys/class/mac80211_hwsim/ does not exist
2023/03/08 17:23:04 802.15.4 emulation: /sys/bus/platform/devices/mac802154_hwsim does not exist
2023/03/08 17:23:04 deserializeInput: hasCrash true hasNet false
2023/03/08 17:23:04 prog length: 6
2023/03/08 17:23:04 prog length: 6
2023/03/08 17:23:04 prog length: 6
2023/03/08 17:23:04 prog length: 7
2023/03/08 17:23:04 deserializeInput: hasCrash true hasNet false
2023/03/08 17:23:04 prog length: 6
2023/03/08 17:23:04 prog length: 6
2023/03/08 17:23:04 prog length: 6
2023/03/08 17:23:04 deserializeInput: hasCrash true hasNet false
2023/03/08 17:23:04 prog length: 6
2023/03/08 17:23:04 prog length: 6
2023/03/08 17:23:04 prog length: 6
2023/03/08 17:23:04 prog length: 7
2023/03/08 17:23:04 deserializeInput: hasCrash true hasNet false
2023/03/08 17:23:04 prog length: 6
2023/03/08 17:23:04 prog length: 6
2023/03/08 17:23:04 prog length: 5
2023/03/08 17:23:04 deserializeInput: hasCrash true hasNet false
2023/03/08 17:23:04 prog length: 6
2023/03/08 17:23:04 prog length: 3
2023/03/08 17:23:04 deserializeInput: hasCrash true hasNet false
2023/03/08 17:23:04 prog length: 6
2023/03/08 17:23:04 prog length: 6
2023/03/08 17:23:04 prog length: 5
2023/03/08 17:23:04 deserializeInput: hasCrash true hasNet false
2023/03/08 17:23:04 prog length: 6
2023/03/08 17:23:04 prog length: 6
2023/03/08 17:23:04 prog length: 5
2023/03/08 17:23:04 deserializeInput: hasCrash true hasNet false
2023/03/08 17:23:04 prog length: 6
2023/03/08 17:23:04 prog length: 6
2023/03/08 17:23:04 prog length: 5
2023/03/08 17:23:04 deserializeInput: hasCrash true hasNet false
2023/03/08 17:23:04 prog length: 6
2023/03/08 17:23:04 prog length: 3
2023/03/08 17:23:04 deserializeInput: hasCrash true hasNet false
2023/03/08 17:23:04 prog length: 6
2023/03/08 17:23:04 prog length: 3
2023/03/08 17:23:04 deserializeInput: hasCrash false hasNet false
2023/03/08 17:23:04 prog length: 1
2023/03/08 17:23:04 deserializeInput: hasCrash true hasNet false
2023/03/08 17:23:04 prog length: 6
2023/03/08 17:23:04 prog length: 6
2023/03/08 17:23:04 prog length: 5
2023/03/08 17:23:04 deserializeInput: hasCrash true hasNet false
2023/03/08 17:23:04 prog length: 6
2023/03/08 17:23:04 prog length: 6
2023/03/08 17:23:04 prog length: 5
2023/03/08 17:23:04 deserializeInput: hasCrash true hasNet false
2023/03/08 17:23:04 prog length: 6
2023/03/08 17:23:04 prog length: 3
2023/03/08 17:23:04 deserializeInput: hasCrash false hasNet false
2023/03/08 17:23:04 prog length: 6
2023/03/08 17:23:04 deserializeInput: hasCrash true hasNet false
2023/03/08 17:23:04 prog length: 6
2023/03/08 17:23:04 prog length: 6
2023/03/08 17:23:04 prog length: 5
2023/03/08 17:23:04 deserializeInput: hasCrash true hasNet false
2023/03/08 17:23:04 prog length: 6
2023/03/08 17:23:04 prog length: 6
2023/03/08 17:23:04 prog length: 5
2023/03/08 17:23:04 deserializeInput: hasCrash true hasNet false
2023/03/08 17:23:04 prog length: 6
2023/03/08 17:23:04 prog length: 6
2023/03/08 17:23:04 prog length: 6
2023/03/08 17:23:04 deserializeInput: hasCrash true hasNet false
2023/03/08 17:23:04 prog length: 6
2023/03/08 17:23:04 prog length: 3
2023/03/08 17:23:04 deserializeInput: hasCrash true hasNet false
2023/03/08 17:23:04 prog length: 6
2023/03/08 17:23:04 prog length: 4
2023/03/08 17:23:04 deserializeInput: hasCrash true hasNet false
2023/03/08 17:23:04 prog length: 6
2023/03/08 17:23:04 prog length: 3
2023/03/08 17:23:04 deserializeInput: hasCrash true hasNet false
2023/03/08 17:23:04 prog length: 6
2023/03/08 17:23:04 prog length: 6
2023/03/08 17:23:04 prog length: 5
2023/03/08 17:23:04 deserializeInput: hasCrash true hasNet false
2023/03/08 17:23:04 prog length: 6
2023/03/08 17:23:04 prog length: 3
2023/03/08 17:23:04 deserializeInput: hasCrash true hasNet false
2023/03/08 17:23:04 prog length: 6
2023/03/08 17:23:04 prog length: 5
2023/03/08 17:23:04 deserializeInput: hasCrash true hasNet false
2023/03/08 17:23:04 prog length: 6
2023/03/08 17:23:04 prog length: 6
2023/03/08 17:23:04 prog length: 5
2023/03/08 17:23:04 deserializeInput: hasCrash true hasNet false
2023/03/08 17:23:04 prog length: 6
2023/03/08 17:23:04 prog length: 3
2023/03/08 17:23:04 deserializeInput: hasCrash true hasNet false
2023/03/08 17:23:04 prog length: 6
2023/03/08 17:23:04 prog length: 3
2023/03/08 17:23:04 deserializeInput: hasCrash true hasNet false
2023/03/08 17:23:04 prog length: 6
2023/03/08 17:23:04 prog length: 3
2023/03/08 17:23:04 deserializeInput: hasCrash true hasNet false
2023/03/08 17:23:04 prog length: 6
2023/03/08 17:23:04 prog length: 6
2023/03/08 17:23:04 prog length: 5
2023/03/08 17:23:04 deserializeInput: hasCrash true hasNet false
2023/03/08 17:23:04 prog length: 6
2023/03/08 17:23:04 prog length: 6
2023/03/08 17:23:04 prog length: 5
2023/03/08 17:23:04 deserializeInput: hasCrash true hasNet false
2023/03/08 17:23:04 prog length: 6
2023/03/08 17:23:04 prog length: 3
2023/03/08 17:23:04 deserializeInput: hasCrash true hasNet false
2023/03/08 17:23:04 prog length: 6
2023/03/08 17:23:04 prog length: 6
2023/03/08 17:23:04 prog length: 5
2023/03/08 17:23:04 deserializeInput: hasCrash true hasNet false
2023/03/08 17:23:04 prog length: 6
2023/03/08 17:23:04 prog length: 3
2023/03/08 17:23:04 deserializeInput: hasCrash true hasNet false
2023/03/08 17:23:04 prog length: 6
2023/03/08 17:23:04 prog length: 3
2023/03/08 17:23:04 deserializeInput: hasCrash true hasNet false
2023/03/08 17:23:04 prog length: 6
2023/03/08 17:23:04 prog length: 6
2023/03/08 17:23:04 prog length: 5
2023/03/08 17:23:04 deserializeInput: hasCrash true hasNet false
2023/03/08 17:23:04 prog length: 6
2023/03/08 17:23:04 prog length: 3
2023/03/08 17:23:04 deserializeInput: hasCrash true hasNet false
2023/03/08 17:23:04 prog length: 6
2023/03/08 17:23:04 prog length: 6
2023/03/08 17:23:04 prog length: 5
2023/03/08 17:23:04 deserializeInput: hasCrash true hasNet false
2023/03/08 17:23:04 prog length: 6
2023/03/08 17:23:04 prog length: 6
2023/03/08 17:23:04 prog length: 5
2023/03/08 17:23:04 deserializeInput: hasCrash true hasNet false
2023/03/08 17:23:04 prog length: 6
2023/03/08 17:23:04 prog length: 6
2023/03/08 17:23:04 prog length: 5
2023/03/08 17:23:04 deserializeInput: hasCrash false hasNet false
2023/03/08 17:23:04 prog length: 2
2023/03/08 17:23:04 deserializeInput: hasCrash true hasNet false
2023/03/08 17:23:04 prog length: 6
2023/03/08 17:23:04 prog length: 6
2023/03/08 17:23:04 prog length: 5
2023/03/08 17:23:04 deserializeInput: hasCrash true hasNet false
2023/03/08 17:23:04 prog length: 6
2023/03/08 17:23:04 prog length: 4
2023/03/08 17:23:04 deserializeInput: hasCrash true hasNet false
2023/03/08 17:23:04 prog length: 6
2023/03/08 17:23:04 prog length: 3
2023/03/08 17:23:04 deserializeInput: hasCrash false hasNet true
2023/03/08 17:23:04 prog length: 6
2023/03/08 17:23:04 prog length: 6
2023/03/08 17:23:04 prog length: 7
2023/03/08 17:23:04 deserializeInput: hasCrash true hasNet false
2023/03/08 17:23:04 prog length: 6
2023/03/08 17:23:04 prog length: 6
2023/03/08 17:23:04 prog length: 5
2023/03/08 17:23:04 deserializeInput: hasCrash true hasNet false
2023/03/08 17:23:04 prog length: 6
2023/03/08 17:23:04 prog length: 3
2023/03/08 17:23:04 deserializeInput: hasCrash true hasNet false
2023/03/08 17:23:04 prog length: 6
2023/03/08 17:23:04 prog length: 6
2023/03/08 17:23:04 prog length: 5
2023/03/08 17:23:04 deserializeInput: hasCrash true hasNet false
2023/03/08 17:23:04 prog length: 6
2023/03/08 17:23:04 prog length: 6
2023/03/08 17:23:04 prog length: 6
2023/03/08 17:23:04 deserializeInput: hasCrash true hasNet false
2023/03/08 17:23:04 prog length: 6
2023/03/08 17:23:04 prog length: 3
2023/03/08 17:23:04 deserializeInput: hasCrash true hasNet false
2023/03/08 17:23:04 prog length: 6
2023/03/08 17:23:04 prog length: 6
2023/03/08 17:23:04 prog length: 10
2023/03/08 17:23:04 fetching corpus: 50, signal 3810/16345/21301 (executing program)
2023/03/08 17:23:04 deserializeInput: hasCrash true hasNet false
2023/03/08 17:23:04 prog length: 6
2023/03/08 17:23:04 prog length: 4
2023/03/08 17:23:04 deserializeInput: hasCrash true hasNet false
2023/03/08 17:23:04 prog length: 6
2023/03/08 17:23:04 prog length: 3
2023/03/08 17:23:04 deserializeInput: hasCrash true hasNet false
2023/03/08 17:23:04 prog length: 6
2023/03/08 17:23:04 prog length: 4
2023/03/08 17:23:04 deserializeInput: hasCrash false hasNet false
2023/03/08 17:23:04 prog length: 3
2023/03/08 17:23:04 deserializeInput: hasCrash true hasNet false
2023/03/08 17:23:04 prog length: 6
2023/03/08 17:23:04 prog length: 3
2023/03/08 17:23:04 deserializeInput: hasCrash true hasNet false
2023/03/08 17:23:04 prog length: 6
2023/03/08 17:23:04 prog length: 3
2023/03/08 17:23:04 deserializeInput: hasCrash true hasNet false
2023/03/08 17:23:04 prog length: 6
2023/03/08 17:23:04 prog length: 3
2023/03/08 17:23:04 deserializeInput: hasCrash true hasNet false
2023/03/08 17:23:04 prog length: 6
2023/03/08 17:23:04 prog length: 3
2023/03/08 17:23:04 deserializeInput: hasCrash true hasNet false
2023/03/08 17:23:04 prog length: 6
2023/03/08 17:23:04 prog length: 3
2023/03/08 17:23:04 deserializeInput: hasCrash true hasNet false
2023/03/08 17:23:04 prog length: 6
2023/03/08 17:23:04 prog length: 6
2023/03/08 17:23:04 prog length: 5
2023/03/08 17:23:04 deserializeInput: hasCrash true hasNet false
2023/03/08 17:23:04 prog length: 6
2023/03/08 17:23:04 prog length: 3
2023/03/08 17:23:04 deserializeInput: hasCrash true hasNet false
2023/03/08 17:23:04 prog length: 6
2023/03/08 17:23:04 prog length: 6
2023/03/08 17:23:04 prog length: 5
2023/03/08 17:23:04 deserializeInput: hasCrash true hasNet false
2023/03/08 17:23:04 prog length: 6
2023/03/08 17:23:04 prog length: 6
2023/03/08 17:23:04 prog length: 5
2023/03/08 17:23:04 deserializeInput: hasCrash true hasNet false
2023/03/08 17:23:04 prog length: 6
2023/03/08 17:23:04 prog length: 3
2023/03/08 17:23:04 deserializeInput: hasCrash true hasNet false
2023/03/08 17:23:04 prog length: 6
2023/03/08 17:23:04 prog length: 3
2023/03/08 17:23:04 deserializeInput: hasCrash false hasNet false
2023/03/08 17:23:04 prog length: 1
2023/03/08 17:23:04 deserializeInput: hasCrash true hasNet false
2023/03/08 17:23:04 prog length: 6
2023/03/08 17:23:04 prog length: 6
2023/03/08 17:23:04 prog length: 5
2023/03/08 17:23:04 deserializeInput: hasCrash true hasNet false
2023/03/08 17:23:04 prog length: 6
2023/03/08 17:23:04 prog length: 3
2023/03/08 17:23:04 deserializeInput: hasCrash true hasNet false
2023/03/08 17:23:04 prog length: 6
2023/03/08 17:23:04 prog length: 6
2023/03/08 17:23:04 prog length: 5
2023/03/08 17:23:04 deserializeInput: hasCrash true hasNet false
2023/03/08 17:23:04 prog length: 6
2023/03/08 17:23:04 prog length: 3
2023/03/08 17:23:04 deserializeInput: hasCrash true hasNet false
2023/03/08 17:23:04 prog length: 6
2023/03/08 17:23:04 prog length: 3
2023/03/08 17:23:04 deserializeInput: hasCrash true hasNet false
2023/03/08 17:23:04 prog length: 6
2023/03/08 17:23:04 prog length: 3
2023/03/08 17:23:04 deserializeInput: hasCrash true hasNet false
2023/03/08 17:23:04 prog length: 6
2023/03/08 17:23:04 prog length: 6
2023/03/08 17:23:04 prog length: 5
2023/03/08 17:23:04 deserializeInput: hasCrash true hasNet false
2023/03/08 17:23:04 prog length: 6
2023/03/08 17:23:04 prog length: 6
2023/03/08 17:23:04 prog length: 5
2023/03/08 17:23:04 deserializeInput: hasCrash true hasNet false
2023/03/08 17:23:04 prog length: 6
2023/03/08 17:23:04 prog length: 3
2023/03/08 17:23:04 deserializeInput: hasCrash true hasNet false
2023/03/08 17:23:04 prog length: 6
2023/03/08 17:23:04 prog length: 3
2023/03/08 17:23:04 deserializeInput: hasCrash true hasNet false
2023/03/08 17:23:04 prog length: 6
2023/03/08 17:23:04 prog length: 6
2023/03/08 17:23:04 prog length: 6
2023/03/08 17:23:04 prog length: 7
2023/03/08 17:23:04 deserializeInput: hasCrash true hasNet false
2023/03/08 17:23:04 prog length: 6
2023/03/08 17:23:04 prog length: 3
2023/03/08 17:23:04 deserializeInput: hasCrash true hasNet false
2023/03/08 17:23:04 prog length: 6
2023/03/08 17:23:04 prog length: 4
2023/03/08 17:23:04 deserializeInput: hasCrash true hasNet false
2023/03/08 17:23:04 prog length: 6
2023/03/08 17:23:04 prog length: 4
2023/03/08 17:23:04 deserializeInput: hasCrash true hasNet false
2023/03/08 17:23:04 prog length: 6
2023/03/08 17:23:04 prog length: 4
2023/03/08 17:23:04 deserializeInput: hasCrash true hasNet false
2023/03/08 17:23:04 prog length: 6
2023/03/08 17:23:04 prog length: 6
2023/03/08 17:23:04 prog length: 5
2023/03/08 17:23:04 deserializeInput: hasCrash true hasNet false
2023/03/08 17:23:04 prog length: 6
2023/03/08 17:23:04 prog length: 3
2023/03/08 17:23:04 deserializeInput: hasCrash true hasNet false
2023/03/08 17:23:04 prog length: 6
2023/03/08 17:23:04 prog length: 6
2023/03/08 17:23:04 prog length: 5
2023/03/08 17:23:04 deserializeInput: hasCrash true hasNet false
2023/03/08 17:23:04 prog length: 6
2023/03/08 17:23:04 prog length: 3
2023/03/08 17:23:04 deserializeInput: hasCrash true hasNet false
2023/03/08 17:23:04 prog length: 6
2023/03/08 17:23:04 prog length: 5
2023/03/08 17:23:04 deserializeInput: hasCrash true hasNet false
2023/03/08 17:23:04 prog length: 6
2023/03/08 17:23:04 prog length: 3
2023/03/08 17:23:04 deserializeInput: hasCrash true hasNet false
2023/03/08 17:23:04 prog length: 6
2023/03/08 17:23:04 prog length: 3
2023/03/08 17:23:04 deserializeInput: hasCrash true hasNet false
2023/03/08 17:23:04 prog length: 6
2023/03/08 17:23:04 prog length: 6
2023/03/08 17:23:04 prog length: 5
2023/03/08 17:23:04 deserializeInput: hasCrash true hasNet false
2023/03/08 17:23:04 prog length: 6
2023/03/08 17:23:04 prog length: 6
2023/03/08 17:23:04 prog length: 5
2023/03/08 17:23:04 deserializeInput: hasCrash true hasNet false
2023/03/08 17:23:04 prog length: 6
2023/03/08 17:23:04 prog length: 6
2023/03/08 17:23:04 prog length: 6
2023/03/08 17:23:04 deserializeInput: hasCrash true hasNet false
2023/03/08 17:23:04 prog length: 6
2023/03/08 17:23:04 prog length: 3
2023/03/08 17:23:04 deserializeInput: hasCrash true hasNet false
2023/03/08 17:23:04 prog length: 6
2023/03/08 17:23:04 prog length: 3
2023/03/08 17:23:04 deserializeInput: hasCrash true hasNet false
2023/03/08 17:23:04 prog length: 6
2023/03/08 17:23:04 prog length: 4
2023/03/08 17:23:04 deserializeInput: hasCrash true hasNet false
2023/03/08 17:23:04 prog length: 6
2023/03/08 17:23:04 prog length: 3
2023/03/08 17:23:04 deserializeInput: hasCrash true hasNet false
2023/03/08 17:23:04 prog length: 6
2023/03/08 17:23:04 prog length: 4
2023/03/08 17:23:04 deserializeInput: hasCrash true hasNet false
2023/03/08 17:23:04 prog length: 6
2023/03/08 17:23:04 prog length: 6
2023/03/08 17:23:04 prog length: 5
2023/03/08 17:23:04 deserializeInput: hasCrash true hasNet false
2023/03/08 17:23:04 prog length: 6
2023/03/08 17:23:04 prog length: 3
2023/03/08 17:23:04 deserializeInput: hasCrash true hasNet false
2023/03/08 17:23:04 prog length: 6
2023/03/08 17:23:04 prog length: 6
2023/03/08 17:23:04 prog length: 5
2023/03/08 17:23:04 deserializeInput: hasCrash true hasNet false
2023/03/08 17:23:04 prog length: 6
2023/03/08 17:23:04 prog length: 3
2023/03/08 17:23:04 fetching corpus: 100, signal 3866/17156/23299 (executing program)
2023/03/08 17:23:04 deserializeInput: hasCrash true hasNet false
2023/03/08 17:23:04 prog length: 6
2023/03/08 17:23:04 prog length: 3
2023/03/08 17:23:04 deserializeInput: hasCrash true hasNet false
2023/03/08 17:23:04 prog length: 6
2023/03/08 17:23:04 prog length: 3
2023/03/08 17:23:04 deserializeInput: hasCrash true hasNet false
2023/03/08 17:23:04 prog length: 6
2023/03/08 17:23:04 prog length: 3
2023/03/08 17:23:04 deserializeInput: hasCrash true hasNet false
2023/03/08 17:23:04 prog length: 6
2023/03/08 17:23:04 prog length: 6
2023/03/08 17:23:04 prog length: 5
2023/03/08 17:23:04 deserializeInput: hasCrash true hasNet false
2023/03/08 17:23:04 prog length: 6
2023/03/08 17:23:04 prog length: 6
2023/03/08 17:23:04 prog length: 5
2023/03/08 17:23:04 deserializeInput: hasCrash true hasNet false
2023/03/08 17:23:04 prog length: 6
2023/03/08 17:23:04 prog length: 6
2023/03/08 17:23:04 prog length: 6
2023/03/08 17:23:04 deserializeInput: hasCrash true hasNet false
2023/03/08 17:23:04 prog length: 6
2023/03/08 17:23:04 prog length: 8
2023/03/08 17:23:04 deserializeInput: hasCrash true hasNet false
2023/03/08 17:23:04 prog length: 6
2023/03/08 17:23:04 prog length: 6
2023/03/08 17:23:04 prog length: 6
2023/03/08 17:23:04 prog length: 7
2023/03/08 17:23:04 deserializeInput: hasCrash true hasNet false
2023/03/08 17:23:04 prog length: 6
2023/03/08 17:23:04 prog length: 3
2023/03/08 17:23:04 deserializeInput: hasCrash true hasNet false
2023/03/08 17:23:04 prog length: 6
2023/03/08 17:23:04 prog length: 3
2023/03/08 17:23:04 deserializeInput: hasCrash true hasNet false
2023/03/08 17:23:04 prog length: 6
2023/03/08 17:23:04 prog length: 6
2023/03/08 17:23:04 prog length: 5
2023/03/08 17:23:04 deserializeInput: hasCrash true hasNet false
2023/03/08 17:23:04 prog length: 6
2023/03/08 17:23:04 prog length: 3
2023/03/08 17:23:04 deserializeInput: hasCrash true hasNet false
2023/03/08 17:23:04 prog length: 6
2023/03/08 17:23:04 prog length: 3
2023/03/08 17:23:04 deserializeInput: hasCrash true hasNet false
2023/03/08 17:23:04 prog length: 6
2023/03/08 17:23:04 prog length: 6
2023/03/08 17:23:04 prog length: 5
2023/03/08 17:23:04 deserializeInput: hasCrash true hasNet false
2023/03/08 17:23:04 prog length: 6
2023/03/08 17:23:04 prog length: 3
2023/03/08 17:23:04 deserializeInput: hasCrash true hasNet false
2023/03/08 17:23:04 prog length: 6
2023/03/08 17:23:04 prog length: 3
2023/03/08 17:23:04 deserializeInput: hasCrash true hasNet false
2023/03/08 17:23:04 prog length: 6
2023/03/08 17:23:04 prog length: 3
2023/03/08 17:23:04 deserializeInput: hasCrash true hasNet false
2023/03/08 17:23:04 prog length: 6
2023/03/08 17:23:04 prog length: 3
2023/03/08 17:23:04 deserializeInput: hasCrash true hasNet false
2023/03/08 17:23:04 prog length: 6
2023/03/08 17:23:04 prog length: 6
2023/03/08 17:23:04 prog length: 6
2023/03/08 17:23:04 prog length: 7
2023/03/08 17:23:04 deserializeInput: hasCrash true hasNet false
2023/03/08 17:23:04 prog length: 6
2023/03/08 17:23:04 prog length: 6
2023/03/08 17:23:04 prog length: 5
2023/03/08 17:23:04 deserializeInput: hasCrash true hasNet false
2023/03/08 17:23:04 prog length: 6
2023/03/08 17:23:04 prog length: 3
2023/03/08 17:23:04 deserializeInput: hasCrash true hasNet false
2023/03/08 17:23:04 prog length: 6
2023/03/08 17:23:04 prog length: 6
2023/03/08 17:23:04 prog length: 5
2023/03/08 17:23:04 deserializeInput: hasCrash true hasNet false
2023/03/08 17:23:04 prog length: 6
2023/03/08 17:23:04 prog length: 3
2023/03/08 17:23:04 deserializeInput: hasCrash true hasNet false
2023/03/08 17:23:04 prog length: 6
2023/03/08 17:23:04 prog length: 3
2023/03/08 17:23:04 deserializeInput: hasCrash true hasNet false
2023/03/08 17:23:04 prog length: 6
2023/03/08 17:23:04 prog length: 4
2023/03/08 17:23:04 deserializeInput: hasCrash true hasNet false
2023/03/08 17:23:04 prog length: 6
2023/03/08 17:23:04 prog length: 6
2023/03/08 17:23:04 prog length: 5
2023/03/08 17:23:04 deserializeInput: hasCrash true hasNet false
2023/03/08 17:23:04 prog length: 6
2023/03/08 17:23:04 prog length: 3
2023/03/08 17:23:04 deserializeInput: hasCrash true hasNet false
2023/03/08 17:23:04 prog length: 6
2023/03/08 17:23:04 prog length: 6
2023/03/08 17:23:04 prog length: 5
2023/03/08 17:23:04 deserializeInput: hasCrash true hasNet false
2023/03/08 17:23:04 prog length: 6
2023/03/08 17:23:04 prog length: 6
2023/03/08 17:23:04 prog length: 5
2023/03/08 17:23:04 deserializeInput: hasCrash true hasNet false
2023/03/08 17:23:04 prog length: 6
2023/03/08 17:23:04 prog length: 6
2023/03/08 17:23:04 prog length: 5
2023/03/08 17:23:04 deserializeInput: hasCrash true hasNet false
2023/03/08 17:23:04 prog length: 6
2023/03/08 17:23:04 prog length: 6
2023/03/08 17:23:04 prog length: 7
2023/03/08 17:23:04 deserializeInput: hasCrash true hasNet false
2023/03/08 17:23:04 prog length: 6
2023/03/08 17:23:04 prog length: 3
2023/03/08 17:23:04 deserializeInput: hasCrash true hasNet false
2023/03/08 17:23:04 prog length: 6
2023/03/08 17:23:04 prog length: 3
2023/03/08 17:23:04 deserializeInput: hasCrash true hasNet false
2023/03/08 17:23:04 prog length: 6
2023/03/08 17:23:04 prog length: 3
2023/03/08 17:23:04 deserializeInput: hasCrash true hasNet false
2023/03/08 17:23:04 prog length: 6
2023/03/08 17:23:04 prog length: 3
2023/03/08 17:23:04 deserializeInput: hasCrash true hasNet false
2023/03/08 17:23:04 prog length: 6
2023/03/08 17:23:04 prog length: 3
2023/03/08 17:23:04 deserializeInput: hasCrash true hasNet false
2023/03/08 17:23:04 prog length: 6
2023/03/08 17:23:04 prog length: 3
2023/03/08 17:23:04 deserializeInput: hasCrash true hasNet false
2023/03/08 17:23:04 prog length: 6
2023/03/08 17:23:04 prog length: 8
2023/03/08 17:23:04 deserializeInput: hasCrash true hasNet false
2023/03/08 17:23:04 prog length: 6
2023/03/08 17:23:04 prog length: 6
2023/03/08 17:23:04 prog length: 5
2023/03/08 17:23:04 deserializeInput: hasCrash true hasNet false
2023/03/08 17:23:04 prog length: 6
2023/03/08 17:23:04 prog length: 6
2023/03/08 17:23:04 prog length: 6
2023/03/08 17:23:04 prog length: 7
2023/03/08 17:23:04 deserializeInput: hasCrash true hasNet false
2023/03/08 17:23:04 prog length: 6
2023/03/08 17:23:04 prog length: 6
2023/03/08 17:23:04 prog length: 6
2023/03/08 17:23:04 deserializeInput: hasCrash true hasNet false
2023/03/08 17:23:04 prog length: 6
2023/03/08 17:23:04 prog length: 3
2023/03/08 17:23:04 deserializeInput: hasCrash true hasNet false
2023/03/08 17:23:04 prog length: 6
2023/03/08 17:23:04 prog length: 3
2023/03/08 17:23:04 deserializeInput: hasCrash true hasNet false
2023/03/08 17:23:04 prog length: 6
2023/03/08 17:23:04 prog length: 6
2023/03/08 17:23:04 prog length: 6
2023/03/08 17:23:04 deserializeInput: hasCrash true hasNet false
2023/03/08 17:23:04 prog length: 6
2023/03/08 17:23:04 prog length: 6
2023/03/08 17:23:04 prog length: 5
2023/03/08 17:23:04 deserializeInput: hasCrash true hasNet false
2023/03/08 17:23:04 prog length: 6
2023/03/08 17:23:04 prog length: 3
2023/03/08 17:23:04 deserializeInput: hasCrash false hasNet false
2023/03/08 17:23:04 prog length: 3
2023/03/08 17:23:04 deserializeInput: hasCrash true hasNet false
2023/03/08 17:23:04 prog length: 6
2023/03/08 17:23:04 prog length: 6
2023/03/08 17:23:04 prog length: 6
2023/03/08 17:23:04 deserializeInput: hasCrash true hasNet false
2023/03/08 17:23:04 prog length: 6
2023/03/08 17:23:04 prog length: 6
2023/03/08 17:23:04 prog length: 5
2023/03/08 17:23:04 deserializeInput: hasCrash true hasNet false
2023/03/08 17:23:04 prog length: 6
2023/03/08 17:23:04 prog length: 6
2023/03/08 17:23:04 prog length: 5
2023/03/08 17:23:04 fetching corpus: 150, signal 3866/17733/24901 (executing program)
2023/03/08 17:23:04 deserializeInput: hasCrash true hasNet false
2023/03/08 17:23:04 prog length: 6
2023/03/08 17:23:04 prog length: 3
2023/03/08 17:23:04 deserializeInput: hasCrash true hasNet false
2023/03/08 17:23:04 prog length: 6
2023/03/08 17:23:04 prog length: 4
2023/03/08 17:23:04 deserializeInput: hasCrash true hasNet false
2023/03/08 17:23:04 prog length: 6
2023/03/08 17:23:04 prog length: 6
2023/03/08 17:23:04 prog length: 5
2023/03/08 17:23:04 deserializeInput: hasCrash true hasNet false
2023/03/08 17:23:04 prog length: 6
2023/03/08 17:23:04 prog length: 3
2023/03/08 17:23:04 deserializeInput: hasCrash true hasNet false
2023/03/08 17:23:04 prog length: 6
2023/03/08 17:23:04 prog length: 3
2023/03/08 17:23:04 deserializeInput: hasCrash true hasNet false
2023/03/08 17:23:04 prog length: 6
2023/03/08 17:23:04 prog length: 6
2023/03/08 17:23:04 prog length: 5
2023/03/08 17:23:04 deserializeInput: hasCrash true hasNet false
2023/03/08 17:23:04 prog length: 6
2023/03/08 17:23:04 prog length: 6
2023/03/08 17:23:04 prog length: 5
2023/03/08 17:23:04 deserializeInput: hasCrash true hasNet false
2023/03/08 17:23:04 prog length: 6
2023/03/08 17:23:04 prog length: 6
2023/03/08 17:23:04 prog length: 5
2023/03/08 17:23:04 deserializeInput: hasCrash true hasNet false
2023/03/08 17:23:04 prog length: 6
2023/03/08 17:23:04 prog length: 3
2023/03/08 17:23:04 deserializeInput: hasCrash true hasNet false
2023/03/08 17:23:04 prog length: 6
2023/03/08 17:23:04 prog length: 3
2023/03/08 17:23:04 deserializeInput: hasCrash true hasNet false
2023/03/08 17:23:04 prog length: 6
2023/03/08 17:23:04 prog length: 6
2023/03/08 17:23:04 prog length: 5
2023/03/08 17:23:04 deserializeInput: hasCrash true hasNet false
2023/03/08 17:23:04 prog length: 6
2023/03/08 17:23:04 prog length: 6
2023/03/08 17:23:04 prog length: 5
2023/03/08 17:23:04 deserializeInput: hasCrash true hasNet false
2023/03/08 17:23:04 prog length: 6
2023/03/08 17:23:04 prog length: 6
2023/03/08 17:23:04 prog length: 5
2023/03/08 17:23:04 deserializeInput: hasCrash true hasNet false
2023/03/08 17:23:04 prog length: 6
2023/03/08 17:23:04 prog length: 3
2023/03/08 17:23:04 deserializeInput: hasCrash true hasNet false
2023/03/08 17:23:04 prog length: 6
2023/03/08 17:23:04 prog length: 3
2023/03/08 17:23:04 deserializeInput: hasCrash true hasNet false
2023/03/08 17:23:04 prog length: 6
2023/03/08 17:23:04 prog length: 6
2023/03/08 17:23:04 prog length: 5
2023/03/08 17:23:04 deserializeInput: hasCrash true hasNet false
2023/03/08 17:23:04 prog length: 6
2023/03/08 17:23:04 prog length: 3
2023/03/08 17:23:04 fetching corpus: 167, signal 3866/17989/26224 (executing program)
2023/03/08 17:23:04 fetching corpus: 167, signal 3866/17989/27325 (executing program)
2023/03/08 17:23:04 fetching corpus: 167, signal 3866/17989/28423 (executing program)
2023/03/08 17:23:04 fetching corpus: 167, signal 3866/17989/29531 (executing program)
2023/03/08 17:23:04 fetching corpus: 167, signal 3866/17989/30631 (executing program)
2023/03/08 17:23:04 fetching corpus: 167, signal 3866/17989/31732 (executing program)
2023/03/08 17:23:04 fetching corpus: 167, signal 3866/17989/32790 (executing program)
2023/03/08 17:23:04 fetching corpus: 167, signal 3866/17989/33888 (executing program)
2023/03/08 17:23:04 fetching corpus: 167, signal 3866/17989/34951 (executing program)
2023/03/08 17:23:04 fetching corpus: 167, signal 3866/17989/36035 (executing program)
2023/03/08 17:23:04 fetching corpus: 167, signal 3866/17989/36084 (executing program)
2023/03/08 17:23:04 fetching corpus: 167, signal 3866/17989/36084 (executing program)
2023/03/08 17:23:05 starting 1 fuzzer processes
2023/03/08 17:23:05 ----- generateCall 3662 setxattr setxattr
2023/03/08 17:23:05 ----- generateCall 2349 lremovexattr lremovexattr
2023/03/08 17:23:05 ----- generateCall 2358 lsetxattr$system_posix_acl lsetxattr$system_posix_acl
2023/03/08 17:23:05 ----- generateCall 2809 rename rename
2023/03/08 17:23:05 ----- generateCall 3677 setxattr$trusted_overlay_upper setxattr$trusted_overlay_upper
2023/03/08 17:23:05 ----- generateCall 2351 lsetxattr lsetxattr
2023/03/08 17:23:05 ----- generateCall 2344 linkat linkat
2023/03/08 17:23:05 ----- generateCall 2347 llistxattr llistxattr
2023/03/08 17:23:05 ----- generateCall 121 chmod chmod
2023/03/08 17:23:05 ----- generateCall 3673 setxattr$trusted_overlay_nlink setxattr$trusted_overlay_nlink
2023/03/08 17:23:05 ----- generateCall 2346 listxattr listxattr
2023/03/08 17:23:05 ----- generateCall 238 fsetxattr$system_posix_acl fsetxattr$system_posix_acl
2023/03/08 17:23:05 ----- generateCall 3765 symlinkat symlinkat
2023/03/08 17:23:05 ----- generateCall 205 fcntl$getown fcntl$getown
2023/03/08 17:23:05 map[./file0:true ./file0/../file0:true ./file0/file0:true ./file1:true]
2023/03/08 17:23:05 HasCrashFail: false, .HasNetFail: false
2023/03/08 17:23:05 prog length: 20
2023/03/08 17:23:05 HasCrashFail:false HasNetFail:false
17:23:05 ---executing program 0:
---
---
---
setxattr(&(0x7f0000000000)='./file0\x00', &(0x7f0000000040)=@random={'trusted.', '\xe6\xed][{\x00'}, &(0x7f0000000080)='\x00', 0x1, 0x2)
lremovexattr(&(0x7f00000000c0)='./file0\x00', &(0x7f0000000100)=@known='system.sockprotoname\x00')
fstat(0xffffffffffffffff, &(0x7f00000001c0)={0x0, 0x0, 0x0, 0x0, <r0=>0x0})
stat(&(0x7f0000000240)='./file0/../file0\x00', &(0x7f0000000280)={0x0, 0x0, 0x0, 0x0, <r1=>0x0})
stat(&(0x7f0000000300)='./file0\x00', &(0x7f0000000340)={0x0, 0x0, 0x0, 0x0, <r2=>0x0})
fstat(0xffffffffffffffff, &(0x7f00000003c0)={0x0, 0x0, 0x0, 0x0, 0x0, <r3=>0x0})
lsetxattr$system_posix_acl(&(0x7f0000000140)='./file0\x00', &(0x7f0000000180)='system.posix_acl_default\x00', &(0x7f0000000440)={{}, {0x1, 0x4}, [{0x2, 0x5, r0}, {0x2, 0x6, 0xee01}, {0x2, 0x2, 0xee00}, {0x2, 0x4, 0xee01}, {0x2, 0x3, r1}, {0x2, 0x1, 0xee00}, {0x2, 0x4, 0xee00}, {0x2, 0x1, r2}], {0x4, 0x4}, [{0x8, 0x4, r3}, {0x8, 0x3, 0xee00}, {0x8, 0x2}], {}, {0x20, 0x3}}, 0x7c, 0x2)
rename(&(0x7f00000004c0)='./file0/../file0\x00', &(0x7f0000000500)='./file1\x00')
setxattr$trusted_overlay_upper(&(0x7f0000000540)='./file1\x00', &(0x7f0000000580), &(0x7f00000005c0)={0x0, 0xfb, 0x10f, 0x1, 0x8, "4b0d7e3383bd8b092987d626882862ce", "64fe6da94baa7df37e62389b32a78661dc2d17753894ae5b95b66ba8a10b983f354f014b6d6f3deff72de3c8de8b77f859187ef2360faf43ae522fefa65a3af374393d299414723c0f8c00e3434ee616f4406c5aeab0ef5c61e9c2831d927133769f9264be4857030f535c27ab17265949c10477792d6d48eac30b9e46937590c332b2517f1f30cfc57addfda55e350d7af187e66266743d7108e3ae3944356e8937cd6db7f5fe938bf76a4b401e9a5c068c2e0d38d3fd1811570db010a9cde847ce87a7c28fd18c84c851b2241bbad77212ab6d61b7769efb75dde2e62b5a6e3ea01927a6674e8526c6ba999b07cd150f319e5b240e6b263e78"}, 0x10f, 0x2)
lsetxattr(&(0x7f0000000700)='./file0\x00', &(0x7f0000000740)=@random={'security.', '\x00'}, &(0x7f0000000780)='\x00', 0x1, 0x2)
linkat(0xffffffffffffff9c, &(0x7f00000007c0)='./file0\x00', 0xffffffffffffff9c, &(0x7f0000000800)='./file1\x00', 0x1000)
llistxattr(&(0x7f0000000840)='./file0/file0\x00', &(0x7f0000000880)=""/211, 0xd3)
chmod(&(0x7f0000000980)='./file1\x00', 0x81)
setxattr$trusted_overlay_nlink(&(0x7f00000009c0)='./file1\x00', &(0x7f0000000a00), &(0x7f0000000a40)={'U+', 0xffffffff00000000}, 0x16, 0x0)
listxattr(&(0x7f0000000a80)='./file1\x00', &(0x7f0000000ac0)=""/2, 0x2)
r4 = open(&(0x7f0000000b00)='./file0/../file0\x00', 0x5e003, 0x40)
fsetxattr$system_posix_acl(r4, &(0x7f0000000b40)='system.posix_acl_default\x00', &(0x7f0000000b80)={{}, {}, [{0x2, 0x6, r2}], {0x4, 0x2}, [], {0x10, 0x2}, {0x20, 0x7}}, 0x2c, 0x2)
symlinkat(&(0x7f0000000bc0)='./file0\x00', r4, &(0x7f0000000c00)='./file0/file0\x00')
r5 = dup2(0xffffffffffffffff, r4)
fcntl$getown(r5, 0x9)
---

end of program
2023/03/08 17:23:05 -----run executor: [/usr/bin/ssh -F /dev/null -o ConnectionAttempts=100 -o ConnectTimeout=120 -o UserKnownHostsFile=/dev/null -o BatchMode=yes -o IdentitiesOnly=yes -o StrictHostKeyChecking=no -o ConnectTimeout=100 -i /home/tlyu/dfs-fuzzing/disk-images/orangefs-images/focal.id_rsa root@192.168.0.35 /root/syz-executor exec 0 0 orangefs 3 4 192.168.0.35 0 "3 1" false false false true false]
2023/03/08 17:23:05 -----run executor: [/usr/bin/ssh -F /dev/null -o ConnectionAttempts=100 -o ConnectTimeout=120 -o UserKnownHostsFile=/dev/null -o BatchMode=yes -o IdentitiesOnly=yes -o StrictHostKeyChecking=no -o ConnectTimeout=100 -i /home/tlyu/dfs-fuzzing/disk-images/orangefs-images/focal.id_rsa root@192.168.0.36 /root/syz-executor exec 0 1 orangefs 3 4 192.168.0.35 0 "3 1" false false false true false]
2023/03/08 17:23:05 -----run executor: [/usr/bin/ssh -F /dev/null -o ConnectionAttempts=100 -o ConnectTimeout=120 -o UserKnownHostsFile=/dev/null -o BatchMode=yes -o IdentitiesOnly=yes -o StrictHostKeyChecking=no -o ConnectTimeout=100 -i /home/tlyu/dfs-fuzzing/disk-images/orangefs-images/focal.id_rsa root@192.168.0.37 /root/syz-executor exec 0 2 orangefs 3 4 192.168.0.35 0 "3 1" false false false true false]
2023/03/08 17:23:05 -----run executor: [/usr/bin/ssh -F /dev/null -o ConnectionAttempts=100 -o ConnectTimeout=120 -o UserKnownHostsFile=/dev/null -o BatchMode=yes -o IdentitiesOnly=yes -o StrictHostKeyChecking=no -o ConnectTimeout=100 -i /home/tlyu/dfs-fuzzing/disk-images/orangefs-images/focal.id_rsa root@192.168.0.38 /root/syz-executor exec 1 3 orangefs 3 4 192.168.0.35 0 "3 1" false false false true false]
Warning: Permanently added '192.168.0.35' (ECDSA) to the list of known hosts.
Warning: Permanently added '192.168.0.36' (ECDSA) to the list of known hosts.
Warning: Permanently added '192.168.0.37' (ECDSA) to the list of known hosts.
Warning: Permanently added '192.168.0.38' (ECDSA) to the list of known hosts.
----- is restarting 0
---- dfs_name orangefs is_dfs_client 0
unlink FIFO failed: No such file or directory
[    0.000000] kernel: Linux version 5.15.0+ (tlyu@IC-RS3-DPC07) (gcc (Ubuntu 9.4.0-1ubuntu1~20.04.1) 9.4.0, GNU ld (GNU Binutils for Ubuntu) 2.34) #7 SMP Sat Feb 18 10:18:37 CET 2023
[    0.000000] kernel: Command line: root=/dev/sda console=ttyS0 net.ifnames=0 ip=192.168.0.36 quiet
[    0.000000] kernel: x86/fpu: Supporting XSAVE feature 0x001: 'x87 floating point registers'
[    0.000000] kernel: x86/fpu: Supporting XSAVE feature 0x002: 'SSE registers'
[    0.000000] kernel: x86/fpu: Supporting XSAVE feature 0x004: 'AVX registers'
[    0.000000] kernel: x86/fpu: Supporting XSAVE feature 0x020: 'AVX-512 opmask'
[    0.000000] kernel: x86/fpu: Supporting XSAVE feature 0x040: 'AVX-512 Hi256'
[    0.000000] kernel: x86/fpu: Supporting XSAVE feature 0x080: 'AVX-512 ZMM_Hi256'
[    0.000000] kernel: x86/fpu: Supporting XSAVE feature 0x200: 'Protection Keys User registers'
[    0.000000] kernel: x86/fpu: xstate_offset[2]:  576, xstate_sizes[2]:  256
[    0.000000] kernel: x86/fpu: xstate_executor 1 finishes userspace_cover_open
before receiving handshake request
req.flags ea2
offset[5]:  832, xstate_sizes[5]:   64
[    0.000000] kernel: x86/fpu: xstate_offset[6]:  896, xstate_sizes[6]:  512
[    0.000000] kernel: x86/fpu: xstate_offset[7]: 1408, xstate_sizes[7]: 1024
[    0.000000] kernel: x86/fpu: xstate_offset[9]: 2432, xstate_sizes[9]:    8
[    0.000000] kernel: x86/fpu: Enabled xstate features 0x2e7, context size is 2440 bytes, using 'compacted' format.
[    0.000000] kernel: signal: max sigframe size: 3632
[    0.000000] kernel: BIOS-provided physical RAM map:
[    0.000000] kernel: BIOS-e820: [mem 0x0000000000000000-0x000000000009fbff] usable
[    0.000000] kernel: BIOS-e820: [mem 0x000000000009fc00-0x000000000009ffff] reserved
[    0.000000] kernel: BIOS-e820: [mem 0x00000000000f0000-0x00000000000fffff] reserved
[    0.000000] kernel: BIOS-e820: [mem 0x0000000000100000-0x00000000bffdffff] usable
[    0.000000] kernel: BIOS-e820: [mem 0x00000000bffe0000-0x00000000bfffffff] reserved
[    0.000000] kernel: BIOS-e820: [mem 0x00000000feffc000-0x00000000feffffff] reserved
[    0.000000] kernel: BIOS-e820: [mem 0x00000000fffc0000-0x00000000ffffffff] reserved
[    0.000000] kernel: BIOS-e820: [mem 0x0000000100000000-0x00000002bfffffff] usable
[    0.000000] kernel: NX (Execute Disable) protection: active
[    0.000000] kernel: SMBIOS 2.8 present.
[    0.000000] kernel: DMI: QEMU Standard PC (i440FX + PIIX, 1996), BIOS 1.13.0-1ubuntu1.1 04/01/2014
[    0.000000] kernel: Hypervisor detected: KVM
[    0.000000] kernel: kvm-clock: Using msrs 4b564d01 and 4b564d00
[    0.000000] kernel: kvm-clock: cpu 0, msr 10806e001, primary cpu clock
[    0.000001] kernel: kvm-clock: using sched offset of 461280130 cycles
[    0.000003] kernel: clocksource: kvm-clock: mask: 0xffffffffffffffff max_cycles: 0x1cd42e4dffb, max_idle_ns: 881590591483 ns
[    0.000005] kernel: tsc: Detected 2593.906 MHz processor
[    0.000429] kernel: e820: update [mem 0x00000000-0x00000fff] usable ==> reserved
[    0.000431] kernel: e820: remove [mem 0x000a0000-0x000fffff] us[D 01/16/2023 17:42:13] PVFS2 Server version 2.9.7-orangefs-REV-65ab0d2 starting.
[E 01/16/2023 17:43:19] PVFS2 server got signal 15 (server_status_flag: 2080767)
[D 02/18/2023 14:39:31] PVFS2 Server version 2.9.7-orangefs-REV-65ab0d2 starting.
[D 02/18/2023 14:47:30] PVFS2 received server: signal 1
[E 02/18/2023 14:47:30] PVFS2 server got signal 15 (server_status_flag: 2080767)
able
[    0.000434] kernel: last_pfn = 0x2c0000 max_arch_pfn = 0x10000000000
[    0.000481] kernel: x86/PAT: Configuration [0-7]: WB  WC  UC- UC  WB  WP  UC- WT  
[    0.000486] kernel: last_pfn = 0xbffe0 max_arch_pfn = 0x10000000000
[    0.004707] kernel: found SMP MP-table at [mem 0x000f5c80-0x000f5c8f]
[    0.004728] kernel: Using GB pages for direct mapping
[    0.004846] kernel: ACPI: Early table checksum verification disabled
[    0.004849] kernel: ACPI: RSDP 0x00000000000F5A50 000014 (v00 BOCHS )
[    0.004856] kernel: ACPI: RSDT 0x00000000BFFE15C9 000030 (v01 BOCHS  BXPCRSDT 00000001 BXPC 00000001)
[    0.004861] kernel: ACPI: FACP 0x00000000BFFE149D 000074 (v01 BOCHS  BXPCFACP 00000001 BXPC 00000001)
[    0.004865] kernel: ACPI: DSDT 0x00000000BFFE0040 00145D (v01 BOCHS  BXPCDSDT 00000001 BXPC 00000001)
[    0.004867] kernel: ACPI: FACS 0x00000000BFFE0000 000040
[    0.004869] kernel: ACPI: APIC 0x00000000BFFE1511 000080 (v01 BOCHS  BXPCAPIC 00000001 BXPC 00000001)
[    0.004871] kernel: ACPI: HPET 0x00000000BFFE1591 000038 (v01 BOCHS  BXPCHPET 00000001 BXPC 00000001)
[    0.004873] kernel: ACPI: Reserving FACP table memory at [mem 0xbffe149d-0xbffe1510]
[    0.004874] kernel: ACPI: Reserving DSDT table memory at [mem 0xbffe0040-0xbffe149c]
[    0.004875] kernel: ACPI: Reserving FACS table memory at [mem 0xbffe0000-0xbffe003f]
[    0.004875] kernel: ACPI: Reserving APIC table memory at [mem 0xbffe1511-0xbffe1590]
[    0.004876] kernel: ACPI: Reserving HPET table memory at [mem 0xbffe1591-0xbffe15c8]
[    0.005118] kernel: No NUMA configuration found
[    0.005119] kernel: Faking a node at [mem 0x0000000000000000-0x00000002bfffffff]
[    0.005121] kernel: NODE_DATA(0) allocated [mem 0x2bfffc000-0x2bfffffff]
[    0.005688] kernel: Zone ranges:
[    0.005689] kernel:   DMA      [mem 0x0000000000001000-0x0000000000ffffff]
[    0.005691] kernel:   DMA32    [mem 0x0000000001000000-0x00000000ffffffff]
[    0.005692] kernel:   Normal   [mem 0x0000000100000000-0x00000002bfffffff]
[    0.005693] kernel: Movable zone start for each node
[    0.005693] kernel: Early memory node ranges
[    0.005694] kernel:   node   0: [mem 0x0000000000001000-0x000000000009efff]
[    0.005695] kernel:   node   0: [mem 0x0000000000100000-0x00000000bffdffff]
[    0.005696] kernel:   node   0: [mem 0x0000000100000000-0x00000002bfffffff]
[    0.005697] kernel: Initmem setup node 0 [mem 0x0000000000001000-0x00000002bfffffff]
[    0.006142] kernel: On node 0, zone DMA: 1 pages in unavailable ranges
[    0.006153] kernel: On node 0, zone DMA: 97 pages in unavailable ranges
[    0.057289] kernel: On node 0, zone Normal: 32 pages in unavailable ranges
[    0.517882] kernel: kasan: KernelAddressSanitizer initialized
[    0.518223] kernel: ACPI: PM-Timer IO Port: 0x608
[    0.518231] kernel: ACPI: LAPIC_NMI (acpi_id[0xff] dfl dfl lint[0x1])
[    0.518271] kernel: IOAPIC[0]: apic_id 0, version 17, address 0xfec00000, GSI 0-23
[    0.518274] kernel: ACPI: INT_SRC_OVR (bus 0 bus_irq 0 global_irq 2 dfl dfl)
[    0.518276] kernel: ACPI: INT_SRC_OVR (bus 0 bus_irq 5 global_irq 5 high level)
[    0.518277] kernel: ACPI: INT_SRC_OVR (bus 0 bus_irq 9 global_irq 9 high level)
[    0.518278] kernel: ACPI: INT_SRC_OVR (bus 0 bus_irq 10 global_irq 10 high level)
[    0.518280] kernel: ACPI: INT_SRC_OVR (bus 0 bus_irq 11 global_irq 11 high level)
[    0.518282] kernel: ACPI: Using ACPI (MADT) for SMP configuration information
[    0.518283] kernel: ACPI: HPET id: 0x8086a201 base: 0xfed00000
[    0.518287] kernel: TSC deadline timer available
[    0.518288] kernel: smpboot: Allowing 2 CPUs, 0 hotplug CPUs
[    0.518307] kernel: kvm-guest: KVM setup pv remote TLB flush
[    0.518311] kernel: kvm-guest: setup PV sched yield
[    0.518318] kernel: PM: hibernation: Registered nosave memory: [mem 0x00000000-0x00000fff]
[    0.518319] kernel: PM: hibernation: Registered nosave memory: [mem 0x0009f000-0x0009ffff]
[    0.518320] kernel: PM: hibernation: Registered nosave memory: [mem 0x000a0000-0x000effff]
[    0.518321] kernel: PM: hibernation: Registered nosave memory: [mem 0x000f0000-0x000fffff]
[    0.518322] kernel: PM: hibernation: Registered nosave memory: [mem 0xbffe0000-0xbfffffff]
[    0.518322] kernel: PM: hibernation: Registered nosave memory: [mem 0xc0000000-0xfeffbfff]
[    0.518323] kernel: PM: hibernation: Registered nosave memory: [mem 0xfeffc000-0xfeffffff]
[    0.518324] kernel: PM: hibernation: Registered nosave memory: [mem 0xff000000-0xfffbffff]
[    0.518324] kernel: PM: hibernation: Registered nosave memory: [mem 0xfffc0000-0xffffffff]
[    0.518326] kernel: [mem 0xc0000000-0xfeffbfff] available for PCI devices
[    0.518327] kernel: Booting paravirtualized kernel on KVM
[    0.518329] kernel: clocksource: refined-jiffies: mask: 0xffffffff max_cycles: 0xffffffff, max_idle_ns: 1910969940391419 ns
[    0.522244] kernel: setup_percpu: NR_CPUS:64 nr_cpumask_bits:64 nr_cpu_ids:2 nr_node_ids:1
[    0.523084] kernel: percpu: Embedded 56 p----- is restarting 0
---- dfs_name orangefs is_dfs_client 0
unlink FIFO failed: No such file or directory
executor 0 finishes userspace_cover_open
before receiving handshake request
[    0.000000] kernel: Linux version 5.15.0+ (tlyu@IC-RS3-DPC07) (gcc (Ubuntu 9.4.0-1ubuntu1~20.04.1) 9.4.0, GNU ld (GNU Binutils for Ubuntu) 2.34) #7 SMP Sat Feb 18 10:18:37 CET 2023
[    0.000000] kernel: Command line: root=/dev/sda console=ttyS0 net.ifnames=0 ip=192.168.0.35 quiet
[    0.000000] kernel: x86/fpu: Supporting XSAVE feature 0x001: 'x87 floating point registers'
[    0.000000] kernel: x86/fpu: Supporting XSAVE feature 0x002: 'SSE registers'
[    0.000000] kernel: x86/fpu: Supporting XSAVE feature 0x004: 'AVX registers'
[    0.000000] kernel: x86/fpu: Supporting XSAVE feature 0x020: 'AVX-512 opmask'
[    0.000000] kernel: x86/fpu: Supporting XSAVE feature 0x040: 'AVX-512 Hi256'
[    0.000000] kernel: x86/fpu: Supporting XSAVE feature 0x080: 'AVX-512 ZMM_Hi256'
[    0.000000] kernel: x86/fpu: Supporting XSAVE feature 0x200: 'Protection Keys User registers'
[    0.000000] kernel: x86/fpu: xstate_offset[2]:  576, xstate_sizes[2]:  256
[    0.000000] kernel: x86/fpu: xstate_ages/cpu s191576 r8192 d29608 u1048576
[    0.523090] kernel: pcpu-alloc: s191576 r8192 d29608 u1048576 alloc=1*2097152
[    0.523094] kernel: pcpu-alloc: [0] 0 1 
[    0.523118] kernel: kvm-guest: setup async PF for cpu 0
[    0.523124] kernel: kvm-guest: stealtime: cpu 0, msr 26561f140
[    0.523127] kernel: Built 1 zonelists, mobility grouping on.  Total pages: 2580192
[    0.523129] kernel: Policy zone: Normal
[    0.523131] kernel: Kernel command line: root=/dev/sda console=ttyS0 net.ifnames=0 ip=192.168.0.36 quiet
[    0.528537] kernel: Dentry cache hash table entries: 2097152 (order: 12, 16777216 bytes, linear)
[    0.531215] kernel: Inode-cache hash table entries: 1048576 (order: 11, 8388608 bytes, linear)
[    0.531271] kernel: mem auto-init: stack:off, heap alloc:off, heap free:off
[    0.728610] kernel: Memory: 8872652K/10485240K available (14348K kernel code, 2403K rwdata, 3568K rodata, 1384K init, 1732K bss, 1612388K reserved, 0K cma-reserved)
[    0.728701] kernel: SLUB:offset[5]:  832, xstate_sizes[5]:   64
[    0.000000] kernel: x86/fpu: xstate_offset[6]:  896, xstate_sizes[6]:  512
[    0.000000] kernel: x86/fpu: xstate_offset[7]: 1408, xstate_sizes[7]: 1024
[    0.000000] kernel: x86/fpu: xstate_offset[9]: 2432, xstate_sizes[9]:    8
[    0.000000] kernel: x86/fpu: Enabled xstate features 0x2e7, context size is 2440 bytes, using 'compacted' format.
[    0.000000] kernel: signal: max sigframe size: 3632
[    0.000000] kernel: BIOS-provided physical RAM map:
[    0.000000] kernel: BIOS-e820: [mem 0x0000000000000000-0x000000000009fbff] usable
[    0.000000] kernel: BIOS-e820: [mem 0x000000000009fc00-0x000000000009ffff] reserved
[    0.000000] kernel: BIOS-e820: [mem 0x00000000000f0000-0x00000000000fffff] reserved
[    0.000000] kernel: BIOS-e820: [mem 0x0000000000100000-0x00000000bffdffff] usable
[    0.000000] kernel: BIOS-e820: [mem 0x00000000bffe0000-0x00000000bfffffff] reserved
[    0.000000] kernel: BIOS-e820: [mem 0x00000000feffc000-0x00000000[D 01/16/2023 17:42:13] PVFS2 Server version 2.9.7-orangefs-REV-65ab0d2 starting.
[E 01/16/2023 17:43:19] PVFS2 server got signal 15 (server_status_flag: 2080767)
[D 02/18/2023 14:39:31] PVFS2 Server version 2.9.7-orangefs-REV-65ab0d2 starting.
[D 02/18/2023 14:47:30] PVFS2 received server: signal 1
[E 02/18/2023 14:47:30] PVFS2 server got signal 15 (server_status_flag: 2080767)
feffffff] reserved
[    0.000000] kernel: BIOS-e820: [mem 0x00000000fffc0000-0x00000000ffffffff] reserved
[    0.000000] kernel: BIOS-e820: [mem 0x0000000100000000-0x00000002bfffffff] usable
[    0.000000] kernel: NX (Execute Disable) protection: active
[    0.000000] kernel: SMBIOS 2.8 present.
[    0.000000] kernel: DMI: QEMU Standard PC (i440FX + PIIX, 1996), BIOS 1.13.0-1ubuntu1.1 04/01/2014
[    0.000000] kernel: Hypervisor detected: KVM
[    0.000000] kernel: kvm-clock: Using msrs 4b564d01 and 4b564d00
[    0.000000] kernel: kvm-clock: cpu 0, msr a306e001, primary cpu clock
[    0.000001] kernel: kvm-clock: using sched offset of 398042614 cycles
[    0.000002] kernel: clocksource: kvm-clock: mask: 0xffffffffffffffff max_cycles: 0x1cd42e4dffb, max_idle_ns: 881590591483 ns
[    0.000004] kernel: tsc: Detected 2593.906 MHz processor
[    0.000418] kernel: e820: update [mem 0x00000000-0x00000fff] usable ==> reserved
[    0.000420] kernel: e820: remove [mem 0x000a0000-0x000fffff] usa HWalign=64, Order=0-3, MinObjects=0, CPUs=2, Nodes=1
[    0.729242] kernel: rcu: Hierarchical RCU implementation.
[    0.729243] kernel: rcu:         RCU event tracing is enabled.
[    0.729244] kernel: rcu:         RCU restricting CPUs from NR_CPUS=64 to nr_cpu_ids=2.
[    0.729245] kernel: rcu: RCU calculated value of scheduler-enlistment delay is 100 jiffies.
[    0.729247] kernel: rcu: Adjusting geometry for rcu_fanout_leaf=16, nr_cpu_ids=2
[    0.732108] kernel: NR_IRQS: 4352, nr_irqs: 440, preallocated irqs: 16
[    0.732317] kernel: random: get_random_bytes called from start_kernel+0x4b1/0x67a with crng_init=0
[    0.736302] kernel: Console: colour VGA+ 80x25
[    0.736342] kernel: printk: console [ttyS0] enabled
[    0.736359] kernel: ACPI: Core revision 20210730
[    0.736496] kernel: clocksource: hpet: mask: 0xffffffff max_cycles: 0xffffffff, max_idle_ns: 19112604467 ns
[    0.736594] kernel: APIC: Switch to symmetric I/O mode setup
[    0.736597] kernel: kvm-guest: setup PV IPIs
[    0.737472] kernel: ..TIMER: vector=0x30 apic1=0 pin1=2 apic2=-1 pin2=-1
[    0.737493] kernel: clocksource: tsc-early: mask: 0xffffffffffffffff max_cycles: 0x2563bf907c6, max_idle_ns: 440795319401 ns
[    0.737498] kernel: Calibrating delay loop (skipped) preset value.. 5187.81 BogoMIPS (lpj=2593906)
[    0.737500] kernel: pid_max: default: 32768 minimum: 301
[    0.737532] kernel: LSM: Security Framework initializing
[    0.737545] kernel: SELinux:  Initializing.
[    0.738566] kernel: Mount-cache hash table entries: 32768 (order: 6, 262144 bytes, linear)
[    0.738970] kernel: Mountpoint-cache hash table entries: 32768 (order: 6, 262144 bytes, linear)
[    0.739355] kernel: x86/cpu: User Mode Instruction Prevention (UMIP) activated
[    0.739436] kernel: Last level iTLB entries: 4KB 0, 2MB 0, 4MB 0
[    0.739437] kernel: Last level dTLB entries: 4KB 0, 2MB 0, 4MB 0, 1GB 0
[    0.739447] kernel: Spectre V1 : Mitigation: usercopy/swapgs barriers and __user pointer sanitizatble
[    0.000423] kernel: last_pfn = 0x2c0000 max_arch_pfn = 0x10000000000
[    0.000468] kernel: x86/PAT: Configuration [0-7]: WB  WC  UC- UC  WB  WP  UC- WT  
[    0.000473] kernel: last_pfn = 0xbffe0 max_arch_pfn = 0x10000000000
[    0.005039] kernel: found SMP MP-table at [mem 0x000f5c80-0x000f5c8f]
[    0.005060] kernel: Using GB pages for direct mapping
[    0.005662] kernel: ACPI: Early table checksum verification disabled
[    0.005667] kernel: ACPI: RSDP 0x00000000000F5A50 000014 (v00 BOCHS )
[    0.005674] kernel: ACPI: RSDT 0x00000000BFFE15C9 000030 (v01 BOCHS  BXPCRSDT 00000001 BXPC 00000001)
[    0.005679] kernel: ACPI: FACP 0x00000000BFFE149D 000074 (v01 BOCHS  BXPCFACP 00000001 BXPC 00000001)
[    0.005683] kernel: ACPI: DSDT 0x00000000BFFE0040 00145D (v01 BOCHS  BXPCDSDT 00000001 BXPC 00000001)
[    0.005686] kernel: ACPI: FACS 0x00000000BFFE0000 000040
[    0.005688] kernel: ACPI: APIC 0x00000000BFFE1511 000080 (v01 BOCHS  BXPCAPIC 00000001 BXPC 00000001)
[    0.0056ion
[    0.739451] kernel: Spectre V2 : Mitigation: Enhanced IBRS
[    0.739452] kernel: Spectre V2 : Spectre v2 / SpectreRSB mitigation: Filling RSB on context switch
[    0.739453] kernel: Spectre V2 : mitigation: Enabling conditional Indirect Branch Prediction Barrier
[    0.739454] kernel: Speculative Store Bypass: Mitigation: Speculative Store Bypass disabled via prctl and seccomp
[    0.739455] kernel: TAA: Mitigation: TSX disabled
[    0.745079] kernel: Freeing SMP alternatives memory: 40K
[    0.745213] kernel: smpboot: CPU0: Intel(R) Xeon(R) Gold 6348 CPU @ 2.60GHz (family: 0x6, model: 0x6a, stepping: 0x6)
[    0.745343] kernel: Performance Events: Icelake events, 32-deep LBR, full-width counters, Intel PMU driver.
[    0.745564] kernel: ... version:                2
[    0.745566] kernel: ... bit width:              48
[    0.745567] kernel: ... generic registers:      8
[    0.745567] kernel: ... value mask:             0000ffffffffffff
[    0.745569] kernel: ... max period:             00007fffffffffff
[    0.745569] kernel: ... fixed-purpose events:   3
[    0.745570] kernel: ... event mask:             00000007000000ff
[    0.745722] kernel: rcu: Hierarchical SRCU implementation.
[    0.746091] kernel: smp: Bringing up secondary CPUs ...
[    0.746221] kernel: x86: Booting SMP configuration:
[    0.746222] kernel: .... node  #0, CPUs:      #1
[    0.005208] kernel: kvm-clock: cpu 1, msr 10806e041, secondary cpu clock
[    0.005208] kernel: smpboot: CPU 1 Converting physical 0 to logical die 1
[    0.752540] kernel: kvm-guest: setup async PF for cpu 1
[    0.752546] kernel: kvm-guest: stealtime: cpu 1, msr 26571f140
[    0.752555] kernel: smp: Brought up 1 node, 2 CPUs
[    0.752555] kernel: smpboot: Max logical packages: 2
[    0.752555] kernel: smpboot: Total of 2 processors activated (10375.62 BogoMIPS)
[    0.753776] kernel: devtmpfs: initialized
[    0.754616] kernel: clocksource: jiffies: mask: 0xffffffff max_cycles: 0xffffffff, max_idle_ns: 19190] kernel: ACPI: HPET 0x00000000BFFE1591 000038 (v01 BOCHS  BXPCHPET 00000001 BXPC 00000001)
[    0.005692] kernel: ACPI: Reserving FACP table memory at [mem 0xbffe149d-0xbffe1510]
[    0.005693] kernel: ACPI: Reserving DSDT table memory at [mem 0xbffe0040-0xbffe149c]
[    0.005694] kernel: ACPI: Reserving FACS table memory at [mem 0xbffe0000-0xbffe003f]
[    0.005694] kernel: ACPI: Reserving APIC table memory at [mem 0xbffe1511-0xbffe1590]
[    0.005695] kernel: ACPI: Reserving HPET table memory at [mem 0xbffe1591-0xbffe15c8]
[    0.005949] kernel: No NUMA configuration found
[    0.005949] kernel: Faking a node at [mem 0x0000000000000000-0x00000002bfffffff]
[    0.005952] kernel: NODE_DATA(0) allocated [mem 0x2bfffa000-0x2bfffdfff]
[    0.005995] kernel: Zone ranges:
[    0.005996] kernel:   DMA      [mem 0x0000000000001000-0x0000000000ffffff]
[    0.005998] kernel:   DMA32    [mem 0x0000000001000000-0x00000000ffffffff]
[    0.005999] kernel:   Normal   [mem 0x0000000100000000-0x001260446275000 ns
[    0.754620] kernel: futex hash table entries: 512 (order: 3, 32768 bytes, linear)
[    0.754783] kernel: PM: RTC time: 16:22:52, date: 2023-03-08
[    0.754942] kernel: NET: Registered PF_NETLINK/PF_ROUTE protocol family
[    0.755107] kernel: audit: initializing netlink subsys (disabled)
[    0.755135] kernel: thermal_sys: Registered thermal governor 'step_wise'
[    0.755135] kernel: thermal_sys: Registered thermal governor 'user_space'
[    0.755135] kernel: audit: type=2000 audit(1678292572.356:1): state=initialized audit_enabled=0 res=1
[    0.755135] kernel: cpuidle: using governor menu
[    0.755579] kernel: ACPI: bus type PCI registered
[    0.755731] kernel: PCI: Using configuration type 1 for base access
[    0.762703] kernel: Kprobes globally optimized
[    0.763557] kernel: HugeTLB registered 2.00 MiB page size, pre-allocated 0 pages
[    0.763557] kernel: cryptomgr_test (26) used greatest stack depth: 31400 bytes left
[    0.764621] kernel: ACPI: Added000002bfffffff]
[    0.006000] kernel: Movable zone start for each node
[    0.006001] kernel: Early memory node ranges
[    0.006001] kernel:   node   0: [mem 0x0000000000001000-0x000000000009efff]
[    0.006002] kernel:   node   0: [mem 0x0000000000100000-0x00000000bffdffff]
[    0.006003] kernel:   node   0: [mem 0x0000000100000000-0x00000002bfffffff]
[    0.006005] kernel: Initmem setup node 0 [mem 0x0000000000001000-0x00000002bfffffff]
[    0.006488] kernel: On node 0, zone DMA: 1 pages in unavailable ranges
[    0.006499] kernel: On node 0, zone DMA: 97 pages in unavailable ranges
[    0.166516] kernel: On node 0, zone Normal: 32 pages in unavailable ranges
[    1.163534] kernel: kasan: KernelAddressSanitizer initialized
[    1.163866] kernel: ACPI: PM-Timer IO Port: 0x608
[    1.163876] kernel: ACPI: LAPIC_NMI (acpi_id[0xff] dfl dfl lint[0x1])
[    1.163911] kernel: IOAPIC[0]: apic_id 0, version 17, address 0xfec00000, GSI 0-23
[    1.163914] kernel: ACPI: INT_SRC_OVR (bus 0 bus_irq 0 global_irq 2 dfl dfl)
[    1.163916] kernel: ACPI: INT_SRC_OVR (bus 0 bus_irq 5 global_irq 5 high level)
[    1.163918] kernel: ACPI: INT_SRC_OVR (bus 0 bus_irq 9 global_irq 9 high level)
[    1.163919] kernel: ACPI: INT_SRC_OVR (bus 0 bus_irq 10 global_irq 10 high level)
[    1.163920] kernel: ACPI: INT_SRC_OVR (bus 0 bus_irq 11 global_irq 11 high level)
[    1.163923] kernel: ACPI: Using ACPI (MADT) for SMP configuration information
[    1.163924] kernel: ACPI: HPET id: 0x8086a201 base: 0xfed00000
[    1.163929] kernel: TSC deadline timer available
[    1.163930] kernel: smpboot: Allowing 2 CPUs, 0 hotplug CPUs
[    1.163953] kernel: kvm-guest: KVM setup pv remote TLB flush
[    1.163957] kernel: kvm-guest: setup PV sched yield
[    1.163966] kernel: PM: hibernation: Registered nosave memory: [mem 0x00000000-0x00000fff]
[    1.163968] kernel: PM: hibernation: Registered nosave memory: [mem 0x0009f000-0x0009ffff]
[    1.163969] kernel: PM: hibernation: Registered nosave memor _OSI(Module Device)
[    0.764621] kernel: ACPI: Added _OSI(Processor Device)
[    0.764621] kernel: ACPI: Added _OSI(3.0 _SCP Extensions)
[    0.764621] kernel: ACPI: Added _OSI(Processor Aggregator Device)
[    0.764621] kernel: ACPI: Added _OSI(Linux-Dell-Video)
[    0.764621] kernel: ACPI: Added _OSI(Linux-Lenovo-NV-HDMI-Audio)
[    0.764621] kernel: ACPI: Added _OSI(Linux-HPI-Hybrid-Graphics)
[    0.771763] kernel: ACPI: 1 ACPI AML tables successfully acquired and loaded
[    0.774181] kernel: ACPI: Interpreter enabled
[    0.774211] kernel: ACPI: PM: (supports S0 S3 S4 S5)
[    0.774212] kernel: ACPI: Using IOAPIC for interrupt routing
[    0.774243] kernel: PCI: Using host bridge windows from ACPI; if necessary, use "pci=nocrs" and report a bug
[    0.774631] kernel: ACPI: Enabled 2 GPEs in block 00 to 0F
[    0.785597] kernel: ACPI: PCI Root Bridge [PCI0] (domain 0000 [bus 00-ff])
[    0.785608] kernel: acpi PNP0A03:00: _OSC: OS supports [ASPM ClockPM Segments MSI HPX-Type3]
y: [mem 0x000a0000-0x000effff]
[    1.163969] kernel: PM: hibernation: Registered nosave memory: [mem 0x000f0000-0x000fffff]
[    1.163970] kernel: PM: hibernation: Registered nosave memory: [mem 0xbffe0000-0xbfffffff]
[    1.163971] kernel: PM: hibernation: Registered nosave memory: [mem 0xc0000000-0xfeffbfff]
[    1.163971] kernel: PM: hibernation: Registered nosave memory: [mem 0xfeffc000-0xfeffffff]
[    1.163972] kernel: PM: hibernation: Registered nosave memory: [mem 0xff000000-0xfffbffff]
[    1.163972] kernel: PM: hibernation: Registered nosave memory: [mem 0xfffc0000-0xffffffff]
[    1.163974] kernel: [mem 0xc0000000-0xfeffbfff] available for PCI devices
[    1.163975] kernel: Booting paravirtualized kernel on KVM
[    1.163977] kernel: clocksource: refined-jiffies: mask: 0xffffffff max_cycles: 0xffffffff, max_idle_ns: 1910969940391419 ns
[    1.168029] kernel: setup_percpu: NR_CPUS:64 nr_cpumask_bits:64 nr_cpu_ids:2 nr_node_ids:1
[    1.168827] kernel: percpu: Embedded 56 pa[    0.785654] kernel: acpi PNP0A03:00: fail to add MMCONFIG information, can't access extended PCI configuration space under this bridge.
[    0.785759] kernel: PCI host bridge to bus 0000:00
[    0.785761] kernel: pci_bus 0000:00: root bus resource [io  0x0000-0x0cf7 window]
[    0.785764] kernel: pci_bus 0000:00: root bus resource [io  0x0d00-0xffff window]
[    0.785766] kernel: pci_bus 0000:00: root bus resource [mem 0x000a0000-0x000bffff window]
[    0.785768] kernel: pci_bus 0000:00: root bus resource [mem 0xc0000000-0xfebfffff window]
[    0.785769] kernel: pci_bus 0000:00: root bus resource [mem 0x2c0000000-0x33fffffff window]
[    0.785771] kernel: pci_bus 0000:00: root bus resource [bus 00-ff]
[    0.786273] kernel: pci 0000:00:00.0: [8086:1237] type 00 class 0x060000
[    0.787195] kernel: pci 0000:00:01.0: [8086:7000] type 00 class 0x060100
[    0.787951] kernel: pci 0000:00:01.1: [8086:7010] type 00 class 0x010180
[    0.789709] kernel: pci 0000:00:01.1: reg 0x20: [io  0ges/cpu s191576 r8192 d29608 u1048576
[    1.168833] kernel: pcpu-alloc: s191576 r8192 d29608 u1048576 alloc=1*2097152
[    1.168836] kernel: pcpu-alloc: [0] 0 1 
[    1.168862] kernel: kvm-guest: setup async PF for cpu 0
[    1.168868] kernel: kvm-guest: stealtime: cpu 0, msr 26561f140
[    1.168871] kernel: Built 1 zonelists, mobility grouping on.  Total pages: 2580192
[    1.168873] kernel: Policy zone: Normal
[    1.168874] kernel: Kernel command line: root=/dev/sda console=ttyS0 net.ifnames=0 ip=192.168.0.35 quiet
[    1.174580] kernel: Dentry cache hash table entries: 2097152 (order: 12, 16777216 bytes, linear)
[    1.193487] kernel: Inode-cache hash table entries: 1048576 (order: 11, 8388608 bytes, linear)
[    1.193555] kernel: mem auto-init: stack:off, heap alloc:off, heap free:off
[    1.720240] kernel: Memory: 8872644K/10485240K available (14348K kernel code, 2403K rwdata, 3568K rodata, 1384K init, 1732K bss, 1612396K reserved, 0K cma-reserved)
[    1.720337] kernel: SLUB: xc040-0xc04f]
[    0.790512] kernel: pci 0000:00:01.1: legacy IDE quirk: reg 0x10: [io  0x01f0-0x01f7]
[    0.790514] kernel: pci 0000:00:01.1: legacy IDE quirk: reg 0x14: [io  0x03f6]
[    0.790515] kernel: pci 0000:00:01.1: legacy IDE quirk: reg 0x18: [io  0x0170-0x0177]
[    0.790516] kernel: pci 0000:00:01.1: legacy IDE quirk: reg 0x1c: [io  0x0376]
[    0.791365] kernel: pci 0000:00:01.3: [8086:7113] type 00 class 0x068000
[    0.791631] kernel: pci 0000:00:01.3: quirk: [io  0x0600-0x063f] claimed by PIIX4 ACPI
[    0.791637] kernel: pci 0000:00:01.3: quirk: [io  0x0700-0x070f] claimed by PIIX4 SMB
[    0.792386] kernel: pci 0000:00:02.0: [1234:1111] type 00 class 0x030000
[    0.792904] kernel: pci 0000:00:02.0: reg 0x10: [mem 0xfd000000-0xfdffffff pref]
[    0.794270] kernel: pci 0000:00:02.0: reg 0x18: [mem 0xfeb90000-0xfeb90fff]
[    0.796963] kernel: pci 0000:00:02.0: reg 0x30: [mem 0xfeb80000-0xfeb8ffff pref]
[    0.798958] kernel: pci 0000:00:03.0: [1af4:1005] type 00 class 0x00ff00
[    0.799987] kernel: pci 0000:00:03.0: reg 0x10: [io  0xc000-0xc01f]
[    0.803499] kernel: pci 0000:00:03.0: reg 0x20: [mem 0xfe200000-0xfe203fff 64bit pref]
[    0.806838] kernel: pci 0000:00:04.0: [1af4:1000] type 00 class 0x020000
[    0.807499] kernel: pci 0000:00:04.0: reg 0x10: [io  0xc020-0xc03f]
[    0.808225] kernel: pci 0000:00:04.0: reg 0x14: [mem 0xfeb91000-0xfeb91fff]
[    0.810859] kernel: pci 0000:00:04.0: reg 0x20: [mem 0xfe204000-0xfe207fff 64bit pref]
[    0.811498] kernel: pci 0000:00:04.0: reg 0x30: [mem 0xfeb00000-0xfeb7ffff pref]
[    0.812606] kernel: pci 0000:00:10.0: [1af4:1110] type 00 class 0x050000
[    0.813327] kernel: pci 0000:00:10.0: reg 0x10: [mem 0xfeb92000-0xfeb920ff]
[    0.814465] kernel: pci 0000:00:10.0: reg 0x18: [mem 0xfe000000-0xfe0fffff 64bit pref]
[    0.817364] kernel: pci 0000:00:11.0: [1af4:1110] type 00 class 0x050000
[    0.818818] kernel: pci 0000:00:11.0: reg 0x10: [mem 0xfeb93000-0xfeb930ff]
[    0.819772] kernel: pci 0000:00:11.0: reg 0x18: [mem 0xfe208000-0xfe2083ff 64bit pref]
[    0.821831] kernel: pci 0000:00:12.0: [1af4:1110] type 00 class 0x050000
[    0.822499] kernel: pci 0000:00:12.0: reg 0x10: [mem 0xfeb94000-0xfeb940ff]
[    0.823897] kernel: pci 0000:00:12.0: reg 0x18: [mem 0xfe100000-0xfe1fffff 64bit pref]
[    0.829198] kernel: ACPI: PCI: Interrupt link LNKA configured for IRQ 10
[    0.829590] kernel: ACPI: PCI: Interrupt link LNKB configured for IRQ 10
[    0.830007] kernel: ACPI: PCI: Interrupt link LNKC configured for IRQ 11
[    0.830369] kernel: ACPI: PCI: Interrupt link LNKD configured for IRQ 11
[    0.830512] kernel: ACPI: PCI: Interrupt link LNKS configured for IRQ 9
[    0.831248] kernel: iommu: Default domain type: Translated 
[    0.831250] kernel: iommu: DMA domain TLB invalidation policy: lazy mode 
[    0.831351] kernel: pci 0000:00:02.0: vgaarb: setting as boot VGA device
[    0.831352] kernel: pci 0000:00:02.0: vgaarb: VGA device added: decodes=io+mem,owns=io+mem,locks=none
[    0.831355] kernel: pci 0000:00:02.0: vgaarb: bridge control possible
[    0.831356] kernel: vgaarb: loaded
[    0.831555] kernel: SCSI subsystem initialized
[    0.832530] kernel: libata version 3.00 loaded.
[    0.832598] kernel: ACPI: bus type USB registered
[    0.832640] kernel: usbcore: registered new interface driver usbfs
[    0.832661] kernel: usbcore: registered new interface driver hub
[    0.832674] kernel: usbcore: registered new device driver usb
[    0.832714] kernel: pps_core: LinuxPPS API ver. 1 registered
[    0.832715] kernel: pps_core: Software ver. 5.3.6 - Copyright 2005-2007 Rodolfo Giometti <giometti@linux.it>
[    0.832724] kernel: PTP clock support registered
[    0.832771] kernel: Advanced Linux Sound Architecture Driver Initialized.
[    0.832847] kernel: NetLabel: Initializing
[    0.832847] kernel: NetLabel:  domain hash size = 128
[    0.832848] kernel: NetLabel:  protocols = UNLABELED CIPSOv4 CALIPSO
[    0.832880] kernel: NetLabel:  unlabeled traffic allowed by default
[    0.832904] kernel: PCI: Using ACPI for IRQ routing
[    0.832904] kernel: PCI: pci_cache_line_size set to 64 bytes
[    0.833598] kernel: e820: reserve RAM buffer [mem 0x0009fc00-0x0009ffff]
[    0.833604] kernel: e820: reserve RAM buffer [mem 0xbffe0000-0xbfffffff]
[    0.834169] kernel: hpet0: at MMIO 0xfed00000, IRQs 2, 8, 0
[    0.834174] kernel: hpet0: 3 comparators, 64-bit 100.000000 MHz counter
[    0.839524] kernel: clocksource: Switched to clocksource kvm-clock
[    0.871543] kernel: VFS: Disk quotas dquot_6.6.0
[    0.871570] kernel: VFS: Dquot-cache hash table entries: 512 (order 0, 4096 bytes)
[    0.871671] kernel: pnp: PnP ACPI init
[    0.871948] kernel: pnp 00:03: [dma 2]
[    0.872912] kernel: pnp: PnP ACPI: found 6 devices
[    0.883836] kernel: clocksource: acpi_pm: mask: 0xffffff max_cycles: 0xffffff, max_idle_ns: 2085701024 ns
[    0.883888] kernel: NET: Registered PF_INET protocol family
[    0.884572] kernel: IP idents hash table entries: 262144 (order: 9, 2097152 bytes, linear)
[    0.898997] kernel: tcp_listen_portaddr_hash hash table entries: 8192 (order: 5, 131072 bytes, linear)
[    0.899471] kernel: TCP established hash table entries: 131072 (order: 8, 1048576 bytes, linear)
[    0.899613] kernel: TCP bind hash table entries: 65536 (order: 8, 1048576 bytes, linear)
[    0.900114] kernel: TCP: Hash tables configured (established 131072 bind 65536)
[    0.900171] kernel: UDP hash table entries: 8192 (order: 6, 262144 bytes, linear)
[    0.900210] kernel: UDP-Lite hash table entries: 8192 (order: 6, 262144 bytes, linear)
[    0.900312] kernel: NET: Registered PF_UNIX/PF_LOCAL protocol family
[    0.900861] kernel: pci_bus 0000:00: resource 4 [io  0x0000-0x0cf7 window]
[    0.900866] kernel: pci_bus 0000:00: resource 5 [io  0x0d00-0xffff window]
[    0.900867] kernel: pci_bus 0000:00: resource 6 [mem 0x000a0000-0x000bffff window]
[    0.900868] kernel: pci_bus 0000:00: resource 7 [mem 0xc0000000-0xfebfffff window]
[    0.900869] kernel: pci_bus 0000:00: resource 8 [mem 0x2c0000000-0x33fffffff window]
[    0.900983] kernel: pci 0000:00:01.0: PIIX3: Enabling Passive Release
[    0.900992] kernel: pci 0000:00:00.0: Limiting direct PCI/PCI transfers
[    0.901000] kernel: pci 0000:00:01.0: Activating ISA DMA hang workarounds
[    0.907859] kernel: pci 0000:00:02.0: Video device with shadowed ROM at [mem 0x000c0000-0x000dffff]
[    0.908106] kernel: PCI: CLS 0 bytes, default 64
[    0.908136] kernel: PCI-DMA: Using software bounce buffering for IO (SWIOTLB)
[    0.908137] kernel: software IO TLB: mapped [mem 0x00000000bbfe0000-0x00000000bffe0000] (64MB)
[    0.908909] kernel: RAPL PMU: API unit is 2^-32 Joules, 0 fixed counters, 10737418240 ms ovfl timer
[    0.908922] kernel: clocksource: tsc: mask: 0xffffffffffffffff max_cycles: 0x2563bf907c6, max_idle_ns: 440795319401 ns
[    0.910150] kernel: clocksource: Switched to clocksource tsc
[    0.921634] kernel: Initialise system trusted keyrings
[    0.925735] kernel: workingset: timestamp_bits=56 max_order=22 bucket_order=0
[    0.930757] kernel: fuse: init (API version 7.34)
[    0.936008] kernel: orangefs_debugfs_init: called with debug mask: :none: :0:
[    0.936091] kernel: orangefs_init: module version upstream loaded
[    0.971909] kernel: Key type asymmetric registered
[    0.971913] kernel: Asymmetric key parser 'x509' registered
[    0.972014] kernel: Block layer SCSI generic (bsg) driver version 0.4 loaded (major 250)
[    0.972016] kernel: io scheduler mq-deadline registered
[    0.972017] kernel: io scheduler kyber registered
[    0.972394] kernel: input: Power Button as /devices/LNXSYSTM:00/LNXPWRBN:00/input/input0
[    0.972476] kernel: ACPI: button: Power Button [PWRF]
[    1.315350] kernel: ACPI: \_SB_.LNKC: Enabled at IRQ 11
[    1.616783] kernel: ACPI: \_SB_.LNKD: Enabled at IRQ 10
[    1.618026] kernel: Serial: 8250/16550 driver, 4 ports, IRQ sharing enabled
[    1.618157] kernel: 00:05: ttyS0 at I/O 0x3f8 (irq = 4, base_baud = 115200) is a 16550A
[    1.618929] kernel: Non-volatile memory driver v1.3
[    1.618984] kernel: Linux agpgart interface v0.103
[    1.622937] kernel: loop: module loaded
[    1.623130] kernel: ata_piix 0000:00:01.1: version 2.13
[    1.635116] kernel: scsi host0: ata_piix
[    1.635411] kernel: scsi host1: ata_piix
[    1.635483] kernel: ata1: PATA max MWDMA2 cmd 0x1f0 ctl 0x3f6 bmdma 0xc040 irq 14
[    1.635485] kernel: ata2: PATA max MWDMA2 cmd 0x170 ctl 0x376 bmdma 0xc048 irq 15
[    1.635760] kernel: libphy: Fixed MDIO Bus: probed
[    1.665431] kernel: e100: Intel(R) PRO/100 Network Driver
[    1.665435] kernel: e100: Copyright(c) 1999-2006 Intel Corporation
[    1.665445] kernel: e1000: Intel(R) PRO/1000 Network Driver
[    1.665446] kernel: e1000: Copyright (c) 1999-2006 Intel Corporation.
[    1.665465] kernel: e1000e: Intel(R) PRO/1000 Network Driver
[    1.665466] kernel: e1000e: Copyright(c) 1999 - 2015 Intel Corporation.
[    1.665485] kernel: sky2: driver version 1.30
[    1.665718] kernel: ehci_hcd: USB 2.0 'Enhanced' Host Controller (EHCI) Driver
[    1.665721] kernel: ehci-pci: EHCI PCI platform driver
[    1.665751] kernel: ohci_hcd: USB 1.1 'Open' Host Controller (OHCI) Driver
[    1.665763] kernel: ohci-pci: OHCI PCI platform driver
[    1.665773] kernel: uhci_hcd: USB Universal Host Controller Interface driver
[    1.665928] kernel: usbcore: registered new interface driver usblp
[    1.665943] kernel: usbcore: registered new interface driver usb-storage
[    1.666005] kernel: i8042: PNP: PS/2 Controller [PNP0303:KBD,PNP0f13:MOU] at 0x60,0x64 irq 1,12
[    1.666612] kernel: serio: i8042 KBD port at 0x60,0x64 irq 1
[    1.666619] kernel: serio: i8042 AUX port at 0x60,0x64 irq 12
[    1.667105] kernel: input: AT Translated Set 2 keyboard as /devices/platform/i8042/serio0/input/input1
[    1.667417] kernel: rtc_cmos 00:00: RTC can wake from S4
[    1.674264] kernel: rtc_cmos 00:00: registered as rtc0
[    1.674336] kernel: rtc_cmos 00:00: alarms up to one day, y3k, 114 bytes nvram, hpet irqs
[    1.674769] kernel: device-mapper: ioctl: 4.45.0-ioctl (2021-03-22) initialised: dm-devel@redhat.com
[    1.674775] kernel: intel_pstate: CPU model not supported
[    1.674829] kernel: hid: raw HID events driver (C) Jiri Kosina
[    1.675075] kernel: usbcore: registered new interface driver usbhid
[    1.675076] kernel: usbhid: USB HID core driver
[    1.675328] kernel: netem: version 1.3
[    1.677183] kernel: Initializing XFRM netlink socket
[    1.677418] kernel: NET: Registered PF_INET6 protocol family
[    1.678033] kernel: Segment Routing with IPv6
[    1.678046] kernel: In-situ OAM (IOAM) with IPv6
[    1.678116] kernel: sit: IPv6, IPv4 and MPLS over IPv4 tunneling driver
[    1.678819] kernel: NET: Registered PF_PACKET protocol family
[    1.678865] kernel: 9pnet: Installing 9P2000 support
[    1.678893] kernel: Key type dns_resolver registered
[    1.678906] kernel: Key type ceph registered
[    1.679HWalign=64, Order=0-3, MinObjects=0, CPUs=2, Nodes=1
[    1.721389] kernel: rcu: Hierarchical RCU implementation.
[    1.721391] kernel: rcu:         RCU event tracing is enabled.
[    1.721392] kernel: rcu:         RCU restricting CPUs from NR_CPUS=64 to nr_cpu_ids=2.
[    1.721395] kernel: rcu: RCU calculated value of scheduler-enlistment delay is 100 jiffies.
[    1.721397] kernel: rcu: Adjusting geometry for rcu_fanout_leaf=16, nr_cpu_ids=2
[    1.742836] kernel: NR_IRQS: 4352, nr_irqs: 440, preallocated irqs: 16
[    1.743287] kernel: random: get_random_bytes called from start_kernel+0x4b1/0x67a with crng_init=0
[    1.747878] kernel: Console: colour VGA+ 80x25
[    1.747928] kernel: printk: console [ttyS0] enabled
[    1.747953] kernel: ACPI: Core revision 20210730
[    1.748115] kernel: clocksource: hpet: mask: 0xffffffff max_cycles: 0xffffffff, max_idle_ns: 19112604467 ns
[    1.748224] kernel: APIC: Switch to symmetric I/O mode setup
[    1.748228] kernel: kvm-guest: setup PV134] kernel: libceph: loaded (mon/osd proto 15/24)
[    1.679955] kernel: IPI shorthand broadcast: enabled
[    1.679978] kernel: sched_clock: Marking stable (1675708244, 4208766)->(1806729778, -126812768)
[    1.680334] kernel: registered taskstats version 1
[    1.680335] kernel: Loading compiled-in X.509 certificates
[    1.711753] kernel: hpet: Lost 1 RTC interrupts
[    1.716797] kernel: PM:   Magic number: 15:102:388
[    1.716844] kernel: printk: console [netcon0] enabled
[    1.716846] kernel: netconsole: network logging started
[    1.792830] kernel: ata1.01: NODEV after polling detection
[    1.793050] kernel: ata1.00: ATA-7: QEMU HARDDISK, 2.5+, max UDMA/100
[    1.793051] kernel: ata1.00: 88078336 sectors, multi 16: LBA48 
[    1.793502] kernel: scsi 0:0:0:0: Direct-Access     ATA      QEMU HARDDISK    2.5+ PQ: 0 ANSI: 5
[    1.793757] kernel: sd 0:0:0:0: Attached scsi generic sg0 type 0
[    1.793840] kernel: sd 0:0:0:0: [sda] 88078336 512-byte logical blocks: (45.1 GB/42 IPIs
[    1.749323] kernel: ..TIMER: vector=0x30 apic1=0 pin1=2 apic2=-1 pin2=-1
[    1.749347] kernel: clocksource: tsc-early: mask: 0xffffffffffffffff max_cycles: 0x2563bf907c6, max_idle_ns: 440795319401 ns
[    1.749356] kernel: Calibrating delay loop (skipped) preset value.. 5187.81 BogoMIPS (lpj=2593906)
[    1.749358] kernel: pid_max: default: 32768 minimum: 301
[    1.749398] kernel: LSM: Security Framework initializing
[    1.749415] kernel: SELinux:  Initializing.
[    1.749539] kernel: Mount-cache hash table entries: 32768 (order: 6, 262144 bytes, linear)
[    1.750175] kernel: Mountpoint-cache hash table entries: 32768 (order: 6, 262144 bytes, linear)
[    1.750796] kernel: x86/cpu: User Mode Instruction Prevention (UMIP) activated
[    1.750888] kernel: Last level iTLB entries: 4KB 0, 2MB 0, 4MB 0
[    1.750890] kernel: Last level dTLB entries: 4KB 0, 2MB 0, 4MB 0, 1GB 0
[    1.750901] kernel: Spectre V1 : Mitigation: usercopy/swapgs barriers and __user pointer sanitizati.0 GiB)
[    1.793850] kernel: sd 0:0:0:0: [sda] Write Protect is off
[    1.793852] kernel: sd 0:0:0:0: [sda] Mode Sense: 00 3a 00 00
[    1.793860] kernel: sd 0:0:0:0: [sda] Write cache: enabled, read cache: enabled, doesn't support DPO or FUA
[    1.794823] kernel: sd 0:0:0:0: [sda] Attached SCSI disk
[    1.816789] kernel: ata2.01: NODEV after polling detection
[    1.816995] kernel: ata2.00: ATAPI: QEMU DVD-ROM, 2.5+, max UDMA/100
[    1.817762] kernel: scsi 1:0:0:0: CD-ROM            QEMU     QEMU DVD-ROM     2.5+ PQ: 0 ANSI: 5
[    1.841993] kernel: sr 1:0:0:0: [sr0] scsi3-mmc drive: 4x/4x cd/rw xa/form2 tray
[    1.842000] kernel: cdrom: Uniform CD-ROM driver Revision: 3.20
[    1.859322] kernel: sr 1:0:0:0: Attached scsi CD-ROM sr0
[    1.859764] kernel: sr 1:0:0:0: Attached scsi generic sg1 type 5
[    2.329616] kernel: input: ImExPS/2 Generic Explorer Mouse as /devices/platform/i8042/serio1/input/input3
[    2.341522] kernel: IP-Config: Guessing netmask 255.255.255.0
[    2on
[    1.750906] kernel: Spectre V2 : Mitigation: Enhanced IBRS
[    1.750907] kernel: Spectre V2 : Spectre v2 / SpectreRSB mitigation: Filling RSB on context switch
[    1.750909] kernel: Spectre V2 : mitigation: Enabling conditional Indirect Branch Prediction Barrier
[    1.750910] kernel: Speculative Store Bypass: Mitigation: Speculative Store Bypass disabled via prctl and seccomp
[    1.750912] kernel: TAA: Mitigation: TSX disabled
[    1.757007] kernel: Freeing SMP alternatives memory: 40K
[    1.757175] kernel: smpboot: CPU0: Intel(R) Xeon(R) Gold 6348 CPU @ 2.60GHz (family: 0x6, model: 0x6a, stepping: 0x6)
[    1.757334] kernel: Performance Events: Icelake events, 32-deep LBR, full-width counters, Intel PMU driver.
[    1.757350] kernel: ... version:                2
[    1.757350] kernel: ... bit width:              48
[    1.757350] kernel: ... generic registers:      8
[    1.757350] kernel: ... value mask:             0000ffffffffffff
[    1.757350] kernel: ... max period:             00007fffffffffff
[    1.757350] kernel: ... fixed-purpose events:   3
[    1.757350] kernel: ... event mask:             00000007000000ff
[    1.757350] kernel: rcu: Hierarchical SRCU implementation.
[    1.757350] kernel: smp: Bringing up secondary CPUs ...
[    1.757350] kernel: x86: Booting SMP configuration:
[    1.757350] kernel: .... node  #0, CPUs:      #1
[    0.006100] kernel: kvm-clock: cpu 1, msr a306e041, secondary cpu clock
[    0.006100] kernel: smpboot: CPU 1 Converting physical 0 to logical die 1
[    1.772369] kernel: kvm-guest: setup async PF for cpu 1
[    1.772373] kernel: kvm-guest: stealtime: cpu 1, msr 26571f140
[    1.772398] kernel: smp: Brought up 1 node, 2 CPUs
[    1.772399] kernel: smpboot: Max logical packages: 2
[    1.772400] kernel: smpboot: Total of 2 processors activated (10375.62 BogoMIPS)
[    1.772841] kernel: devtmpfs: initialized
[    1.773447] kernel: clocksource: jiffies: mask: 0xffffffff max_cycles: 0xffffffff, max_idle_ns: 19112----- is restarting 0
---- dfs_name orangefs is_dfs_client 1
before receiving handshake request
[    0.000000] kernel: Linux version 5.15.0+ (tlyu@IC-RS3-DPC07) (gcc (Ubuntu 9.4.0-1ubuntu1~20.04.1) 9.4.0, GNU ld (GNU Binutils for Ubuntu) 2.34) #7 SMP Sat Feb 18 10:18:37 CET 2023
[    0.000000] kernel: Command line: root=/dev/sda console=ttyS0 net.ifnames=0 ip=192.168.0.38 quiet
[    0.000000] kernel: x86/fpu: Supporting XSAVE feature 0x001: 'x87 floating point registers'
[    0.000000] kernel: x86/fpu: Supporting XSAVE feature 0x002: 'SSE registers'
[    0.000000] kernel: x86/fpu: Supporting XSAVE feature 0x004: 'AVX registers'
[    0.000000] kernel: x86/fpu: Supporting XSAVE feature 0x020: 'AVX-512 opmask'
[    0.000000] kernel: x86/fpu: Supporting XSAVE feature 0x040: 'AVX-512 Hi256'
[    0.000000] kernel: x86/fpu: Supporting XSAVE feature 0x080: 'AVX-512 ZMM_Hi256'
[    0.000000] kernel: x86/fpu: Supporting XSAVE feature 0x200: 'Protection Keys User registers'
[    0.000000] kernel: x86/fpu: xstate_offset[2]:  576, xstate_sizes[2]:  256
[    0.000000] kernel: x86/fpu: xstate_60446275000 ns
[    1.773451] kernel: futex hash table entries: 512 (order: 3, 32768 bytes, linear)
[    1.773593] kernel: PM: RTC time: 16:22:53, date: 2023-03-08
[    1.774201] kernel: NET: Registered PF_NETLINK/PF_ROUTE protocol family
[    1.774424] kernel: audit: initializing netlink subsys (disabled)
[    1.774569] kernel: thermal_sys: Registered thermal governor 'step_wise'
[    1.774570] kernel: thermal_sys: Registered thermal governor 'user_space'
[    1.774596] kernel: audit: type=2000 audit(1678292573.361:1): state=initialized audit_enabled=0 res=1
[    1.774598] kernel: cpuidle: using governor menu
[    1.774598] kernel: ACPI: bus type PCI registered
[    1.774598] kernel: PCI: Using configuration type 1 for base access
[    1.781035] kernel: Kprobes globally optimized
[    1.782415] kernel: HugeTLB registered 2.00 MiB page size, pre-allocated 0 pages
[    1.782415] kernel: cryptomgr_test (26) used greatest stack depth: 31400 bytes left
[    1.783416] kernel: ACPI: Added _.341525] kernel: IP-Config: Complete:
[    2.341526] kernel:      device=eth0, hwaddr=e6:c8:ff:09:76:24, ipaddr=192.168.0.36, mask=255.255.255.0, gw=255.255.255.255
[    2.341528] kernel:      host=192.168.0.36, domain=, nis-domain=(none)
[    2.341529] kernel:      bootserver=255.255.255.255, rootserver=255.255.255.255, rootpath=
[    2.341615] kernel: cfg80211: Loading compiled-in X.509 certificates for regulatory database
[    2.341816] kernel: kworker/u4:0 (69) used greatest stack depth: 30480 bytes left
[    2.342235] kernel: cfg80211: Loaded X.509 cert 'sforshee: 00b28ddf47aef9cea7'
[    2.342248] kernel: ALSA device list:
[    2.342250] kernel:   No soundcards found.
[    2.342490] kernel: md: Waiting for all devices to be available before autodetect
[    2.342491] kernel: md: If you don't use raid, use raid=noautodetect
[    2.342491] kernel: md: Autodetecting RAID arrays.
[    2.342492] kernel: md: autorun ...
[    2.342505] kernel: md: ... autorun DONE.
[    2.342793] kernel: platform regulatory.0: Direct firmware load for regulatory.db failed with error -2
[    2.342797] kernel: cfg80211: failed to load regulatory.db
[    2.347292] kernel: EXT4-fs (sda): mounted filesystem with ordered data mode. Opts: (null). Quota mode: none.
[    2.347318] kernel: VFS: Mounted root (ext4 filesystem) readonly on device 8:0.
[    2.356052] kernel: devtmpfs: mounted
[    2.356372] kernel: Freeing unused kernel image (initmem) memory: 1384K
[    2.360541] kernel: Write protecting the kernel read-only data: 20480k
[    2.361014] kernel: Freeing unused kernel image (text/rodata gap) memory: 2032K
[    2.361154] kernel: Freeing unused kernel image (rodata/data gap) memory: 528K
[    2.361164] kernel: Run /sbin/init as init process
[    2.361165] kernel:   with arguments:
[    2.361165] kernel:     /sbin/init
[    2.361166] kernel:   with environment:
[    2.361166] kernel:     HOME=/
[    2.361166] kernel:     TERM=linux
[    2.424591] kernel: random: fast init done
[    2.OSI(Module Device)
[    1.783416] kernel: ACPI: Added _OSI(Processor Device)
[    1.783416] kernel: ACPI: Added _OSI(3.0 _SCP Extensions)
[    1.783416] kernel: ACPI: Added _OSI(Processor Aggregator Device)
[    1.783416] kernel: ACPI: Added _OSI(Linux-Dell-Video)
[    1.783416] kernel: ACPI: Added _OSI(Linux-Lenovo-NV-HDMI-Audio)
[    1.783416] kernel: ACPI: Added _OSI(Linux-HPI-Hybrid-Graphics)
[    1.789358] kernel: ACPI: 1 ACPI AML tables successfully acquired and loaded
[    1.792634] kernel: ACPI: Interpreter enabled
[    1.792664] kernel: ACPI: PM: (supports S0 S3 S4 S5)
[    1.792666] kernel: ACPI: Using IOAPIC for interrupt routing
[    1.792696] kernel: PCI: Using host bridge windows from ACPI; if necessary, use "pci=nocrs" and report a bug
[    1.793048] kernel: ACPI: Enabled 2 GPEs in block 00 to 0F
[    1.803315] kernel: ACPI: PCI Root Bridge [PCI0] (domain 0000 [bus 00-ff])
[    1.803327] kernel: acpi PNP0A03:00: _OSC: OS supports [ASPM ClockPM Segments MSI HPX-Type3]
[ req.flags ea2
[D 01/16/2023 17:42:13] PVFS2 Server version 2.9.7-orangefs-REV-65ab0d2 starting.
[E 01/16/2023 17:43:19] PVFS2 server got signal 15 (server_status_flag: 2080767)
[D 02/18/2023 14:39:31] PVFS2 Server version 2.9.7-orangefs-REV-65ab0d2 starting.
[D 02/18/2023 14:47:30] PVFS2 received server: signal 1
[E 02/18/2023 14:47:30] PVFS2 server got signal 15 (server_status_flag: 2080767)
----- is restarting 0
---- dfs_name orangefs is_dfs_client 0
unlink FIFO failed: No such file or directory
executor 2 finishes userspace_cover_open
before receiving handshake request
req.flags ea2
[    0.000000] kernel: Linux version 5.15.0+ (tlyu@IC-RS3-DPC07) (gcc (Ubuntu 9.4.0-1ubuntu1~20.04.1) 9.4.0, GNU ld (GNU Binutils for Ubuntu) 2.34) #7 SMP Sat Feb 18 10:18:37 CET 2023
[    0.000000] kernel: Command line: root=/dev/sda console=ttyS0 net.ifnames=0 ip=192.168.0.37 quiet
[    0.000000] kernel: x86/fpu: Supporting XSAVE feature 0x001: 'x87 floating point registers'
[    0.000000] kernel: x86/fpu: Supporting XSAVE feature 0x002: 'SSE registers'
[    0.000000] kernel: x86/fpu: Supporting XSAVE feature 0x004: 'AVX registers'
[    0.000000] kernel: x86/fpu: Supporting XSAVE feature 0x020: 'AVX-512 opmask'
[    0.000000] kernel: x86/fpu: Supporting XSAVE feature 0x040: 'AVX-512 Hi256'
[    0.000000] kernel: x86/fpu: Supporting XSAVE feature 0x080: 'AVX-512 ZMM_Hi256'
[    0.000000] kernel: x86/fpu: Supporting XSAVE feature 0x200: 'Protection Keys User registers'
[    0.000000] kernel: x86/fpu: xstate_offset[2]:  576, xstate_sizes[2]:  256
[    0.000000] kernel: x86/fpu: xstate_offset[5]:  832, xstate_sizes[5]:   64
[    0.000000] kernel: x86/fpu: xstate_offset[6]:  896, xstate_sizes[6]:  512
[    0.000000] kernel: x86/fpu: xstate_offset[7]: 1408, xstate_sizes[7]: 1024
[    0.000000] kernel: x86/fpu: xstate_offset[9]: 2432, xstate_sizes[9]:    8
[    0.000000] kernel: x86/fpu: Enabled xstate features 0x2e7, context size is 2440 bytes, using 'compacted' format.
[    0.000000] kernel: signal: max sigframe size: 3632
[    0.000000] kernel: BIOS-provided physical RAM map:
[    0.000000] kernel: BIOS-e820: [mem 0x0000000000000000-0x000000000009fbff] usable
[    0.000000] kernel: BIOS-e820: [mem 0x000000000009fc00-0x000000000009ffff] reserved
[    0.000000] kernel: BIOS-e820: [mem 0x00000000000f0000-0x00000000000fffff] reserved
[    0.000000] kernel: BIOS-e820: [mem 0x0000000000100000-0x00000000bffdffff] usable
[    0.000000] kernel: BIOS-e820: [mem 0x00000000bffe0000-0x00000000bfffffff] reserved
[    0.000000] kernel: BIOS-e820: [mem 0x00000000feffc000-0x00000000527449] systemd[1]: systemd 245.4-4ubuntu3 running in system mode. (+PAM +AUDIT +SELINUX +IMA +APPARMOR +SMACK +SYSVINIT +UTMP +LIBCRYPTSETUP +GCRYPT +GNUTLS +ACL +XZ +LZ4 +SECCOMP +BLKID +ELFUTILS +KMOD +IDN2 -IDN +PCRE2 default-hierarchy=hybrid)
[    2.527525] systemd[1]: Detected virtualization kvm.
[    2.527532] systemd[1]: Detected architecture x86-64.
[    2.541023] systemd[1]: Set hostname to <dfs-fuzzing>.
[    2.654389] kernel: systemd-hiberna (84) used greatest stack depth: 29808 bytes left
[    2.666388] kernel: systemd-fstab-g (81) used greatest stack depth: 29120 bytes left
[    2.690490] kernel: IPv6: ADDRCONF(NETDEV_CHANGE): eth0: link becomes ready
[    3.028887] systemd[1]: /lib/systemd/system/dbus.socket:5: ListenStream= references a path below legacy directory /var/run/, updating /var/run/dbus/system_bus_socket  /run/dbus/system_bus_socket; please update the unit file accordingly.
[    3.135940] systemd[1]: system-modprobe.slice: unit configures an IP firewall,    1.803373] kernel: acpi PNP0A03:00: fail to add MMCONFIG information, can't access extended PCI configuration space under this bridge.
[    1.803483] kernel: PCI host bridge to bus 0000:00
[    1.803486] kernel: pci_bus 0000:00: root bus resource [io  0x0000-0x0cf7 window]
[    1.803489] kernel: pci_bus 0000:00: root bus resource [io  0x0d00-0xffff window]
[    1.803491] kernel: pci_bus 0000:00: root bus resource [mem 0x000a0000-0x000bffff window]
[    1.803492] kernel: pci_bus 0000:00: root bus resource [mem 0xc0000000-0xfebfffff window]
[    1.803494] kernel: pci_bus 0000:00: root bus resource [mem 0x2c0000000-0x33fffffff window]
[    1.803496] kernel: pci_bus 0000:00: root bus resource [bus 00-ff]
[    1.803976] kernel: pci 0000:00:00.0: [8086:1237] type 00 class 0x060000
[    1.804876] kernel: pci 0000:00:01.0: [8086:7000] type 00 class 0x060100
[    1.805584] kernel: pci 0000:00:01.1: [8086:7010] type 00 class 0x010180
[    1.807353] kernel: pci 0000:00:01.1: reg 0x20: [io  0xcfeffffff] reserved
[    0.000000] kernel: BIOS-e820: [mem 0x00000000fffc0000-0x00000000ffffffff] reserved
[    0.000000] kernel: BIOS-e820: [mem 0x0000000100000000-0x00000002bfffffff] usable
[    0.000000] kernel: NX (Execute Disable) protection: active
[    0.000000] kernel: SMBIOS 2.8 present.
[    0.000000] kernel: DMI: QEMU Standard PC (i440FX + PIIX, 1996), BIOS 1.13.0-1ubuntu1.1 04/01/2014
[    0.000000] kernel: Hypervisor detected: KVM
[    0.000000] kernel: kvm-clock: Using msrs 4b564d01 and 4b564d00
[    0.000000] kernel: kvm-clock: cpu 0, msr 1f2c6e001, primary cpu clock
[    0.000001] kernel: kvm-clock: using sched offset of 433046774 cycles
[    0.000002] kernel: clocksource: kvm-clock: mask: 0xffffffffffffffff max_cycles: 0x1cd42e4dffb, max_idle_ns: 881590591483 ns
[    0.000004] kernel: tsc: Detected 2593.906 MHz processor
[    0.000422] kernel: e820: update [mem 0x00000000-0x00000fff] usable ==> reserved
[    0.000424] kernel: e820: remove [mem 0x000a0000-0x000fffff] usoffset[5]:  832, xstate_sizes[5]:   64
[    0.000000] kernel: x86/fpu: xstate_offset[6]:  896, xstate_sizes[6]:  512
[    0.000000] kernel: x86/fpu: xstate_offset[7]: 1408, xstate_sizes[7]: 1024
[    0.000000] kernel: x86/fpu: xstate_offset[9]: 2432, xstate_sizes[9]:    8
[    0.000000] kernel: x86/fpu: Enabled xstate features 0x2e7, context size is 2440 bytes, using 'compacted' format.
[    0.000000] kernel: signal: max sigframe size: 3632
[    0.000000] kernel: BIOS-provided physical RAM map:
[    0.000000] kernel: BIOS-e820: [mem 0x0000000000000000-0x000000000009fbff] usable
[    0.000000] kernel: BIOS-e820: [mem 0x000000000009fc00-0x000000000009ffff] reserved
[    0.000000] kernel: BIOS-e820: [mem 0x00000000000f0000-0x00000000000fffff] reserved
[    0.000000] kernel: BIOS-e820: [mem 0x0000000000100000-0x00000000bffdffff] usable
[    0.000000] kernel: BIOS-e820: [mem 0x00000000bffe0000-0x00000000bfffffff] reserved
[    0.000000] kernel: BIOS-e820: [mem 0x00000000feffc000-0x00000000[D 01/16/2023 17:42:13] PVFS2 Server version 2.9.7-orangefs-REV-65ab0d2 starting.
[E 01/16/2023 17:43:19] PVFS2 server got signal 15 (server_status_flag: 2080767)
[D 02/18/2023 14:39:31] PVFS2 Server version 2.9.7-orangefs-REV-65ab0d2 starting.
[D 02/18/2023 14:47:30] PVFS2 received server: signal 1
[E 02/18/2023 14:47:30] PVFS2 server got signal 15 (server_status_flag: 2080767)
able
[    0.000427] kernel: last_pfn = 0x2c0000 max_arch_pfn = 0x10000000000
[    0.000474] kernel: x86/PAT: Configuration [0-7]: WB  WC  UC- UC  WB  WP  UC- WT  
[    0.000479] kernel: last_pfn = 0xbffe0 max_arch_pfn = 0x10000000000
[    0.004825] kernel: found SMP MP-table at [mem 0x000f5c80-0x000f5c8f]
[    0.004848] kernel: Using GB pages for direct mapping
[    0.004971] kernel: ACPI: Early table checksum verification disabled
[    0.004974] kernel: ACPI: RSDP 0x00000000000F5A50 000014 (v00 BOCHS )
[    0.004981] kernel: ACPI: RSDT 0x00000000BFFE15C9 000030 (v01 BOCHS  BXPCRSDT 00000001 BXPC 00000001)
[    0.004986] kernel: ACPI: FACP 0x00000000BFFE149D 000074 (v01 BOCHS  BXPCFACP 00000001 BXPC 00000001)
[    0.004991] kernel: ACPI: DSDT 0x00000000BFFE0040 00145D (v01 BOCHS  BXPCDSDT 00000001 BXPC 00000001)
[    0.004994] kernel: ACPI: FACS 0x00000000BFFE0000 000040
[    0.004995] kernel: ACPI: APIC 0x00000000BFFE1511 000080 (v01 BOCHS  BXPCAPIC 00000001 BXPC 00000001)
[    0.004but the local system does not support BPF/cgroup firewalling.
[    3.135970] systemd[1]: (This warning is only shown for the first unit using IP firewalling.)
[    3.136804] systemd[1]: Created slice system-modprobe.slice.
[    3.137105] systemd[1]: Created slice system-serial\x2dgetty.slice.
[    3.137219] systemd[1]: Created slice User and Session Slice.
[    3.137346] systemd[1]: Started Dispatch Password Requests to Console Directory Watch.
[    3.137846] systemd[1]: Started Forward Password Requests to Wall Directory Watch.
[    3.138310] systemd[1]: Set up automount Arbitrary Executable File Formats File System Automount Point.
[    3.138368] systemd[1]: Reached target Local Encrypted Volumes.
[    3.138383] systemd[1]: Reached target Paths.
[    3.138447] systemd[1]: Reached target Remote File Systems.
[    3.138454] systemd[1]: Reached target Slices.
[    3.138462] systemd[1]: Reached target Swap.
[    3.138643] systemd[1]: Listening on Device-mapper event daemon FIFOs.
[    3040-0xc04f]
[    1.808241] kernel: pci 0000:00:01.1: legacy IDE quirk: reg 0x10: [io  0x01f0-0x01f7]
[    1.808245] kernel: pci 0000:00:01.1: legacy IDE quirk: reg 0x14: [io  0x03f6]
[    1.808246] kernel: pci 0000:00:01.1: legacy IDE quirk: reg 0x18: [io  0x0170-0x0177]
[    1.808247] kernel: pci 0000:00:01.1: legacy IDE quirk: reg 0x1c: [io  0x0376]
[    1.809081] kernel: pci 0000:00:01.3: [8086:7113] type 00 class 0x068000
[    1.809337] kernel: pci 0000:00:01.3: quirk: [io  0x0600-0x063f] claimed by PIIX4 ACPI
[    1.809343] kernel: pci 0000:00:01.3: quirk: [io  0x0700-0x070f] claimed by PIIX4 SMB
[    1.810076] kernel: pci 0000:00:02.0: [1234:1111] type 00 class 0x030000
[    1.810740] kernel: pci 0000:00:02.0: reg 0x10: [mem 0xfd000000-0xfdffffff pref]
[    1.812331] kernel: pci 0000:00:02.0: reg 0x18: [mem 0xfeb90000-0xfeb90fff]
[    1.816282] kernel: pci 0000:00:02.0: reg 0x30: [mem 0xfeb80000-0xfeb8ffff pref]
[    1.817179] kernel: pci 0000:00:03.0: [1af4:1005] type 00 class feffffff] reserved
[    0.000000] kernel: BIOS-e820: [mem 0x00000000fffc0000-0x00000000ffffffff] reserved
[    0.000000] kernel: BIOS-e820: [mem 0x0000000100000000-0x00000002bfffffff] usable
[    0.000000] kernel: NX (Execute Disable) protection: active
[    0.000000] kernel: SMBIOS 2.8 present.
[    0.000000] kernel: DMI: QEMU Standard PC (i440FX + PIIX, 1996), BIOS 1.13.0-1ubuntu1.1 04/01/2014
[    0.000000] kernel: Hypervisor detected: KVM
[    0.000000] kernel: kvm-clock: Using msrs 4b564d01 and 4b564d00
[    0.000000] kernel: kvm-clock: cpu 0, msr 1a686e001, primary cpu clock
[    0.000001] kernel: kvm-clock: using sched offset of 650106119 cycles
[    0.000003] kernel: clocksource: kvm-clock: mask: 0xffffffffffffffff max_cycles: 0x1cd42e4dffb, max_idle_ns: 881590591483 ns
[    0.000005] kernel: tsc: Detected 2593.906 MHz processor
[    0.000447] kernel: e820: update [mem 0x00000000-0x00000fff] usable ==> reserved
[    0.000449] kernel: e820: remove [mem 0x000a0000-0x000fffff] us0x00ff00
[    1.817667] kernel: pci 0000:00:03.0: reg 0x10: [io  0xc000-0xc01f]
[    1.819637] kernel: pci 0000:00:03.0: reg 0x20: [mem 0xfe200000-0xfe203fff 64bit pref]
[    1.821326] kernel: pci 0000:00:04.0: [1af4:1000] type 00 class 0x020000
[    1.822338] kernel: pci 0000:00:04.0: reg 0x10: [io  0xc020-0xc03f]
[    1.823000] kernel: pci 0000:00:04.0: reg 0x14: [mem 0xfeb91000-0xfeb91fff]
[    1.827304] kernel: pci 0000:00:04.0: reg 0x20: [mem 0xfe204000-0xfe207fff 64bit pref]
[    1.827725] kernel: pci 0000:00:04.0: reg 0x30: [mem 0xfeb00000-0xfeb7ffff pref]
[    1.828787] kernel: pci 0000:00:10.0: [1af4:1110] type 00 class 0x050000
[    1.829354] kernel: pci 0000:00:10.0: reg 0x10: [mem 0xfeb92000-0xfeb920ff]
[    1.830737] kernel: pci 0000:00:10.0: reg 0x18: [mem 0xfe000000-0xfe0fffff 64bit pref]
[    1.833215] kernel: pci 0000:00:11.0: [1af4:1110] type 00 class 0x050000
[    1.833631] kernel: pci 0000:00:11.0: reg 0x10: [mem 0xfeb93000-0xfeb930ff]
[    1.834633] kernel: pci 00.139271] systemd[1]: Listening on Syslog Socket.
[    3.139419] systemd[1]: Listening on initctl Compatibility Named Pipe.
[    3.139795] systemd[1]: Listening on Journal Audit Socket.
[    3.140355] systemd[1]: Listening on Journal Socket (/dev/log).
[    3.140655] systemd[1]: Listening on Journal Socket.
[    3.140837] systemd[1]: Listening on udev Control Socket.
[    3.140971] systemd[1]: Listening on udev Kernel Socket.
[    3.146630] systemd[1]: Mounting Huge Pages File System...
[    3.158371] systemd[1]: Mounting POSIX Message Queue File System...
[    3.160680] systemd[1]: Mounting /proc/sys/fs/binfmt_misc...
[    3.163649] systemd[1]: Mounting /sys/kernel/config...
[    3.165697] systemd[1]: Mounting /sys/kernel/debug...
[    3.175980] systemd[1]: Mounting Kernel Trace File System...
[    3.209324] systemd[1]: Starting Journal Service...
[    3.218897] systemd[1]: Starting Set the console keyboard layout...
[    3.218955] systemd[1]: Condition check resulted in Create list oable
[    0.000452] kernel: last_pfn = 0x2c0000 max_arch_pfn = 0x10000000000
[    0.000500] kernel: x86/PAT: Configuration [0-7]: WB  WC  UC- UC  WB  WP  UC- WT  
[    0.000505] kernel: last_pfn = 0xbffe0 max_arch_pfn = 0x10000000000
[    0.004688] kernel: found SMP MP-table at [mem 0x000f5c80-0x000f5c8f]
[    0.004713] kernel: Using GB pages for direct mapping
[    0.004831] kernel: ACPI: Early table checksum verification disabled
[    0.004835] kernel: ACPI: RSDP 0x00000000000F5A50 000014 (v00 BOCHS )
[    0.004844] kernel: ACPI: RSDT 0x00000000BFFE15C9 000030 (v01 BOCHS  BXPCRSDT 00000001 BXPC 00000001)
[    0.004849] kernel: ACPI: FACP 0x00000000BFFE149D 000074 (v01 BOCHS  BXPCFACP 00000001 BXPC 00000001)
[    0.004854] kernel: ACPI: DSDT 0x00000000BFFE0040 00145D (v01 BOCHS  BXPCDSDT 00000001 BXPC 00000001)
[    0.004857] kernel: ACPI: FACS 0x00000000BFFE0000 000040
[    0.004859] kernel: ACPI: APIC 0x00000000BFFE1511 000080 (v01 BOCHS  BXPCAPIC 00000001 BXPC 00000001)
[    0.00400:00:11.0: reg 0x18: [mem 0xfe208000-0xfe2083ff 64bit pref]
[    1.836933] kernel: pci 0000:00:12.0: [1af4:1110] type 00 class 0x050000
[    1.837641] kernel: pci 0000:00:12.0: reg 0x10: [mem 0xfeb94000-0xfeb940ff]
[    1.838859] kernel: pci 0000:00:12.0: reg 0x18: [mem 0xfe100000-0xfe1fffff 64bit pref]
[    1.844128] kernel: ACPI: PCI: Interrupt link LNKA configured for IRQ 10
[    1.844468] kernel: ACPI: PCI: Interrupt link LNKB configured for IRQ 10
[    1.844772] kernel: ACPI: PCI: Interrupt link LNKC configured for IRQ 11
[    1.845076] kernel: ACPI: PCI: Interrupt link LNKD configured for IRQ 11
[    1.845478] kernel: ACPI: PCI: Interrupt link LNKS configured for IRQ 9
[    1.846115] kernel: iommu: Default domain type: Translated 
[    1.846116] kernel: iommu: DMA domain TLB invalidation policy: lazy mode 
[    1.846236] kernel: pci 0000:00:02.0: vgaarb: setting as boot VGA device
[    1.846238] kernel: pci 0000:00:02.0: vgaarb: VGA device added: decodes=io+mem,owns=io+mem,lock998] kernel: ACPI: HPET 0x00000000BFFE1591 000038 (v01 BOCHS  BXPCHPET 00000001 BXPC 00000001)
[    0.004999] kernel: ACPI: Reserving FACP table memory at [mem 0xbffe149d-0xbffe1510]
[    0.005000] kernel: ACPI: Reserving DSDT table memory at [mem 0xbffe0040-0xbffe149c]
[    0.005001] kernel: ACPI: Reserving FACS table memory at [mem 0xbffe0000-0xbffe003f]
[    0.005002] kernel: ACPI: Reserving APIC table memory at [mem 0xbffe1511-0xbffe1590]
[    0.005002] kernel: ACPI: Reserving HPET table memory at [mem 0xbffe1591-0xbffe15c8]
[    0.005251] kernel: No NUMA configuration found
[    0.005251] kernel: Faking a node at [mem 0x0000000000000000-0x00000002bfffffff]
[    0.005253] kernel: NODE_DATA(0) allocated [mem 0x2bfffc000-0x2bfffffff]
[    0.005900] kernel: Zone ranges:
[    0.005901] kernel:   DMA      [mem 0x0000000000001000-0x0000000000ffffff]
[    0.005903] kernel:   DMA32    [mem 0x0000000001000000-0x00000000ffffffff]
[    0.005904] kernel:   Normal   [mem 0x0000000100000000-0x0s=none
[    1.846240] kernel: pci 0000:00:02.0: vgaarb: bridge control possible
[    1.846242] kernel: vgaarb: loaded
[    1.846444] kernel: SCSI subsystem initialized
[    1.848402] kernel: libata version 3.00 loaded.
[    1.848485] kernel: ACPI: bus type USB registered
[    1.848530] kernel: usbcore: registered new interface driver usbfs
[    1.848551] kernel: usbcore: registered new interface driver hub
[    1.848566] kernel: usbcore: registered new device driver usb
[    1.848608] kernel: pps_core: LinuxPPS API ver. 1 registered
[    1.848609] kernel: pps_core: Software ver. 5.3.6 - Copyright 2005-2007 Rodolfo Giometti <giometti@linux.it>
[    1.848619] kernel: PTP clock support registered
[    1.850471] kernel: Advanced Linux Sound Architecture Driver Initialized.
[    1.850774] kernel: NetLabel: Initializing
[    1.850775] kernel: NetLabel:  domain hash size = 128
[    1.850776] kernel: NetLabel:  protocols = UNLABELED CIPSOv4 CALIPSO
[    1.850806] kernel: NetLabel:  unlabeled f static device nodes for the current kernel being skipped.
[    3.219023] systemd[1]: Condition check resulted in Load Kernel Module drm being skipped.
[    3.226868] systemd[1]: Starting Load Kernel Modules...
[    3.228701] systemd[1]: Starting Remount Root and Kernel File Systems...
[    3.232040] systemd[1]: Starting udev Coldplug all Devices...
[    3.244173] systemd[1]: Mounted Huge Pages File System.
[    3.244922] systemd[1]: Mounted POSIX Message Queue File System.
[    3.245207] systemd[1]: Mounted /proc/sys/fs/binfmt_misc.
[    3.245909] systemd[1]: Mounted /sys/kernel/config.
[    3.246157] systemd[1]: Mounted /sys/kernel/debug.
[    3.254647] systemd[1]: Mounted Kernel Trace File System.
[    3.302015] systemd[1]: Condition check resulted in Set Up Additional Binary Formats being skipped.
[    3.325638] kernel: random: crng init done
[    3.325772] kernel: EXT4-fs (sda): re-mounted. Opts: (null). Quota mode: none.
[    3.337653] systemd[1]: Finished Load Kernel Modules.
0000002bfffffff]
[    0.005905] kernel: Movable zone start for each node
[    0.005905] kernel: Early memory node ranges
