
Ubuntu 20.04 LTS dfs-fuzzing ttyS0


Ubuntu 20.04 LTS dfs-fuzzing ttyS0


Ubuntu 20.04 LTS dfs-fuzzing ttyS0


Ubuntu 20.04 LTS dfs-fuzzing ttyS0


Ubuntu 20.04 LTS dfs-fuzzing ttyS0

2023/12/23 04:47:03 fuzzer started
2023/12/23 04:47:03 dialing manager at localhost:37609
2023/12/23 04:47:03 connecting to manager...
2023/12/23 04:47:03 syscalls: 50
2023/12/23 04:47:03 code coverage: enabled
2023/12/23 04:47:03 comparison tracing: enabled
2023/12/23 04:47:03 extra coverage: enabled
2023/12/23 04:47:03 setuid sandbox: enabled
2023/12/23 04:47:03 namespace sandbox: /proc/self/ns/user does not exist
2023/12/23 04:47:03 Android sandbox: /sys/fs/selinux/policy can't be opened (open /sys/fs/selinux/policy: invalid argument)
2023/12/23 04:47:03 fault injection: CONFIG_FAULT_INJECTION_DEBUG_FS or CONFIG_FAILSLAB are not enabled
2023/12/23 04:47:03 leak checking: CONFIG_DEBUG_KMEMLEAK is not enabled
2023/12/23 04:47:03 net packet injection: /dev/net/tun does not exist
2023/12/23 04:47:03 net device setup: enabled
2023/12/23 04:47:03 concurrency sanitizer: /sys/kernel/debug/kcsan does not exist
2023/12/23 04:47:03 devlink PCI setup: enabled
2023/12/23 04:47:03 USB emulation: /dev/raw-gadget does not exist
2023/12/23 04:47:03 hci packet injection: /dev/vhci does not exist
2023/12/23 04:47:03 wifi device emulation: /sys/class/mac80211_hwsim/ does not exist
2023/12/23 04:47:03 802.15.4 emulation: /sys/bus/platform/devices/mac802154_hwsim does not exist
2023/12/23 04:47:04 poll: candidates=0 inputs=50 signal=2000
2023/12/23 04:47:04 deserializeInput: hasCrash false hasNet false
2023/12/23 04:47:04 prog length: 1
2023/12/23 04:47:04 deserializeInput: hasCrash false hasNet true
2023/12/23 04:47:04 prog length: 6
2023/12/23 04:47:04 prog length: 5
2023/12/23 04:47:04 prog length: 2
2023/12/23 04:47:04 deserializeInput: hasCrash true hasNet false
2023/12/23 04:47:04 prog length: 6
2023/12/23 04:47:04 prog length: 3
2023/12/23 04:47:04 prog length: 10
2023/12/23 04:47:04 deserializeInput: hasCrash false hasNet false
2023/12/23 04:47:04 prog length: 1
2023/12/23 04:47:04 deserializeInput: hasCrash true hasNet false
2023/12/23 04:47:04 prog length: 6
2023/12/23 04:47:04 prog length: 5
2023/12/23 04:47:04 prog length: 10
2023/12/23 04:47:04 deserializeInput: hasCrash true hasNet false
2023/12/23 04:47:04 prog length: 6
2023/12/23 04:47:04 prog length: 5
2023/12/23 04:47:04 prog length: 2
2023/12/23 04:47:04 deserializeInput: hasCrash true hasNet false
2023/12/23 04:47:04 prog length: 6
2023/12/23 04:47:04 prog length: 4
2023/12/23 04:47:04 prog length: 10
2023/12/23 04:47:04 deserializeInput: hasCrash true hasNet false
2023/12/23 04:47:04 prog length: 6
2023/12/23 04:47:04 prog length: 4
2023/12/23 04:47:04 prog length: 2
2023/12/23 04:47:04 deserializeInput: hasCrash false hasNet true
2023/12/23 04:47:04 prog length: 6
2023/12/23 04:47:04 prog length: 5
2023/12/23 04:47:04 prog length: 2
2023/12/23 04:47:04 deserializeInput: hasCrash true hasNet false
2023/12/23 04:47:04 prog length: 6
2023/12/23 04:47:04 prog length: 3
2023/12/23 04:47:04 prog length: 10
2023/12/23 04:47:04 deserializeInput: hasCrash true hasNet false
2023/12/23 04:47:04 prog length: 6
2023/12/23 04:47:04 prog length: 3
2023/12/23 04:47:04 prog length: 10
2023/12/23 04:47:04 deserializeInput: hasCrash true hasNet false
2023/12/23 04:47:04 prog length: 6
2023/12/23 04:47:04 prog length: 5
2023/12/23 04:47:04 prog length: 10
2023/12/23 04:47:04 deserializeInput: hasCrash false hasNet true
2023/12/23 04:47:04 prog length: 6
2023/12/23 04:47:04 prog length: 3
2023/12/23 04:47:04 prog length: 10
2023/12/23 04:47:04 deserializeInput: hasCrash true hasNet false
2023/12/23 04:47:04 prog length: 6
2023/12/23 04:47:04 prog length: 4
2023/12/23 04:47:04 prog length: 10
2023/12/23 04:47:04 deserializeInput: hasCrash true hasNet false
2023/12/23 04:47:04 prog length: 6
2023/12/23 04:47:04 prog length: 5
2023/12/23 04:47:04 prog length: 2
2023/12/23 04:47:04 deserializeInput: hasCrash true hasNet false
2023/12/23 04:47:04 prog length: 6
2023/12/23 04:47:04 prog length: 3
2023/12/23 04:47:04 prog length: 10
2023/12/23 04:47:04 deserializeInput: hasCrash true hasNet false
2023/12/23 04:47:04 prog length: 6
2023/12/23 04:47:04 prog length: 5
2023/12/23 04:47:04 prog length: 10
2023/12/23 04:47:04 deserializeInput: hasCrash false hasNet true
2023/12/23 04:47:04 prog length: 6
2023/12/23 04:47:04 prog length: 5
2023/12/23 04:47:04 prog length: 2
2023/12/23 04:47:04 deserializeInput: hasCrash true hasNet false
2023/12/23 04:47:04 prog length: 6
2023/12/23 04:47:04 prog length: 2
2023/12/23 04:47:04 prog length: 4
2023/12/23 04:47:04 deserializeInput: hasCrash true hasNet false
2023/12/23 04:47:04 prog length: 6
2023/12/23 04:47:04 prog length: 4
2023/12/23 04:47:04 prog length: 8
2023/12/23 04:47:04 deserializeInput: hasCrash true hasNet false
2023/12/23 04:47:04 prog length: 6
2023/12/23 04:47:04 prog length: 5
2023/12/23 04:47:04 prog length: 2
2023/12/23 04:47:04 deserializeInput: hasCrash true hasNet false
2023/12/23 04:47:04 prog length: 6
2023/12/23 04:47:04 prog length: 10
2023/12/23 04:47:04 prog length: 10
2023/12/23 04:47:04 deserializeInput: hasCrash false hasNet false
2023/12/23 04:47:04 prog length: 1
2023/12/23 04:47:04 prog length: 6
2023/12/23 04:47:04 deserializeInput: hasCrash true hasNet false
2023/12/23 04:47:04 prog length: 6
2023/12/23 04:47:04 prog length: 5
2023/12/23 04:47:04 prog length: 8
2023/12/23 04:47:04 deserializeInput: hasCrash true hasNet false
2023/12/23 04:47:04 prog length: 6
2023/12/23 04:47:04 prog length: 4
2023/12/23 04:47:04 prog length: 10
2023/12/23 04:47:04 deserializeInput: hasCrash false hasNet false
2023/12/23 04:47:04 prog length: 2
2023/12/23 04:47:04 deserializeInput: hasCrash true hasNet false
2023/12/23 04:47:04 prog length: 6
2023/12/23 04:47:04 prog length: 3
2023/12/23 04:47:04 prog length: 10
2023/12/23 04:47:04 deserializeInput: hasCrash false hasNet true
2023/12/23 04:47:04 prog length: 6
2023/12/23 04:47:04 prog length: 3
2023/12/23 04:47:04 prog length: 10
2023/12/23 04:47:04 deserializeInput: hasCrash false hasNet false
2023/12/23 04:47:04 prog length: 3
2023/12/23 04:47:04 deserializeInput: hasCrash true hasNet false
2023/12/23 04:47:04 prog length: 6
2023/12/23 04:47:04 prog length: 5
2023/12/23 04:47:04 prog length: 10
2023/12/23 04:47:04 deserializeInput: hasCrash true hasNet false
2023/12/23 04:47:04 prog length: 6
2023/12/23 04:47:04 prog length: 3
2023/12/23 04:47:04 prog length: 2
2023/12/23 04:47:04 deserializeInput: hasCrash true hasNet false
2023/12/23 04:47:04 prog length: 6
2023/12/23 04:47:04 prog length: 4
2023/12/23 04:47:04 prog length: 8
2023/12/23 04:47:04 deserializeInput: hasCrash true hasNet false
2023/12/23 04:47:04 prog length: 6
2023/12/23 04:47:04 prog length: 4
2023/12/23 04:47:04 prog length: 10
2023/12/23 04:47:04 deserializeInput: hasCrash true hasNet false
2023/12/23 04:47:04 prog length: 6
2023/12/23 04:47:04 prog length: 4
2023/12/23 04:47:04 prog length: 8
2023/12/23 04:47:04 deserializeInput: hasCrash false hasNet false
2023/12/23 04:47:04 prog length: 2
2023/12/23 04:47:04 deserializeInput: hasCrash false hasNet true
2023/12/23 04:47:04 prog length: 6
2023/12/23 04:47:04 prog length: 3
2023/12/23 04:47:04 prog length: 10
2023/12/23 04:47:04 deserializeInput: hasCrash true hasNet false
2023/12/23 04:47:04 prog length: 6
2023/12/23 04:47:04 prog length: 4
2023/12/23 04:47:04 prog length: 10
2023/12/23 04:47:04 deserializeInput: hasCrash true hasNet false
2023/12/23 04:47:04 prog length: 6
2023/12/23 04:47:04 prog length: 3
2023/12/23 04:47:04 prog length: 6
2023/12/23 04:47:04 deserializeInput: hasCrash false hasNet false
2023/12/23 04:47:04 prog length: 2
2023/12/23 04:47:04 deserializeInput: hasCrash true hasNet false
2023/12/23 04:47:04 prog length: 6
2023/12/23 04:47:04 prog length: 3
2023/12/23 04:47:04 prog length: 10
2023/12/23 04:47:04 deserializeInput: hasCrash false hasNet false
2023/12/23 04:47:04 prog length: 3
2023/12/23 04:47:04 deserializeInput: hasCrash false hasNet false
2023/12/23 04:47:04 prog length: 1
2023/12/23 04:47:04 deserializeInput: hasCrash true hasNet false
2023/12/23 04:47:04 prog length: 6
2023/12/23 04:47:04 prog length: 3
2023/12/23 04:47:04 prog length: 10
2023/12/23 04:47:04 deserializeInput: hasCrash false hasNet false
2023/12/23 04:47:04 prog length: 1
2023/12/23 04:47:04 deserializeInput: hasCrash true hasNet false
2023/12/23 04:47:04 prog length: 6
2023/12/23 04:47:04 prog length: 5
2023/12/23 04:47:04 prog length: 10
2023/12/23 04:47:04 deserializeInput: hasCrash false hasNet false
2023/12/23 04:47:04 prog length: 7
2023/12/23 04:47:04 prog length: 7
2023/12/23 04:47:04 deserializeInput: hasCrash false hasNet false
2023/12/23 04:47:04 prog length: 3
2023/12/23 04:47:04 prog length: 8
2023/12/23 04:47:04 deserializeInput: hasCrash false hasNet false
2023/12/23 04:47:04 prog length: 8
2023/12/23 04:47:04 deserializeInput: hasCrash true hasNet false
2023/12/23 04:47:04 prog length: 6
2023/12/23 04:47:04 prog length: 3
2023/12/23 04:47:04 prog length: 6
2023/12/23 04:47:04 deserializeInput: hasCrash true hasNet false
2023/12/23 04:47:04 prog length: 6
2023/12/23 04:47:04 prog length: 3
2023/12/23 04:47:04 prog length: 2
2023/12/23 04:47:04 fetching corpus: 50, signal 4677/38080/42078 (executing program)
2023/12/23 04:47:04 poll: candidates=0 inputs=30 signal=2000
2023/12/23 04:47:04 deserializeInput: hasCrash true hasNet false
2023/12/23 04:47:04 prog length: 6
2023/12/23 04:47:04 prog length: 3
2023/12/23 04:47:04 prog length: 10
2023/12/23 04:47:04 deserializeInput: hasCrash false hasNet false
2023/12/23 04:47:04 prog length: 4
2023/12/23 04:47:04 prog length: 8
2023/12/23 04:47:04 deserializeInput: hasCrash true hasNet false
2023/12/23 04:47:04 prog length: 6
2023/12/23 04:47:04 prog length: 3
2023/12/23 04:47:04 prog length: 10
2023/12/23 04:47:04 deserializeInput: hasCrash false hasNet false
2023/12/23 04:47:04 prog length: 2
2023/12/23 04:47:04 deserializeInput: hasCrash true hasNet false
2023/12/23 04:47:04 prog length: 6
2023/12/23 04:47:04 prog length: 3
2023/12/23 04:47:04 prog length: 10
2023/12/23 04:47:04 deserializeInput: hasCrash false hasNet false
2023/12/23 04:47:04 prog length: 1
2023/12/23 04:47:04 deserializeInput: hasCrash false hasNet false
2023/12/23 04:47:04 prog length: 2
2023/12/23 04:47:04 prog length: 6
2023/12/23 04:47:04 deserializeInput: hasCrash true hasNet false
2023/12/23 04:47:04 prog length: 6
2023/12/23 04:47:04 prog length: 4
2023/12/23 04:47:04 prog length: 10
2023/12/23 04:47:04 deserializeInput: hasCrash false hasNet true
2023/12/23 04:47:04 prog length: 6
2023/12/23 04:47:04 prog length: 5
2023/12/23 04:47:04 prog length: 2
2023/12/23 04:47:04 deserializeInput: hasCrash false hasNet false
2023/12/23 04:47:04 prog length: 1
2023/12/23 04:47:04 deserializeInput: hasCrash false hasNet false
2023/12/23 04:47:04 prog length: 2
2023/12/23 04:47:04 deserializeInput: hasCrash true hasNet false
2023/12/23 04:47:04 prog length: 6
2023/12/23 04:47:04 prog length: 5
2023/12/23 04:47:04 prog length: 10
2023/12/23 04:47:04 deserializeInput: hasCrash true hasNet false
2023/12/23 04:47:04 prog length: 6
2023/12/23 04:47:04 prog length: 4
2023/12/23 04:47:04 prog length: 10
2023/12/23 04:47:04 deserializeInput: hasCrash true hasNet false
2023/12/23 04:47:04 prog length: 6
2023/12/23 04:47:04 prog length: 3
2023/12/23 04:47:04 prog length: 2
2023/12/23 04:47:04 deserializeInput: hasCrash true hasNet false
2023/12/23 04:47:04 prog length: 6
2023/12/23 04:47:04 prog length: 6
2023/12/23 04:47:04 prog length: 8
2023/12/23 04:47:04 deserializeInput: hasCrash false hasNet true
2023/12/23 04:47:04 prog length: 6
2023/12/23 04:47:04 prog length: 3
2023/12/23 04:47:04 prog length: 2
2023/12/23 04:47:04 deserializeInput: hasCrash true hasNet false
2023/12/23 04:47:04 prog length: 6
2023/12/23 04:47:04 prog length: 4
2023/12/23 04:47:04 prog length: 8
2023/12/23 04:47:04 deserializeInput: hasCrash false hasNet true
2023/12/23 04:47:04 prog length: 6
2023/12/23 04:47:04 prog length: 5
2023/12/23 04:47:04 prog length: 2
2023/12/23 04:47:04 deserializeInput: hasCrash true hasNet false
2023/12/23 04:47:04 prog length: 6
2023/12/23 04:47:04 prog length: 3
2023/12/23 04:47:04 prog length: 10
2023/12/23 04:47:04 deserializeInput: hasCrash false hasNet true
2023/12/23 04:47:04 prog length: 6
2023/12/23 04:47:04 prog length: 5
2023/12/23 04:47:04 prog length: 2
2023/12/23 04:47:04 deserializeInput: hasCrash true hasNet false
2023/12/23 04:47:04 prog length: 6
2023/12/23 04:47:04 prog length: 2
2023/12/23 04:47:04 prog length: 3
2023/12/23 04:47:04 deserializeInput: hasCrash true hasNet false
2023/12/23 04:47:04 prog length: 6
2023/12/23 04:47:04 prog length: 2
2023/12/23 04:47:04 prog length: 4
2023/12/23 04:47:04 deserializeInput: hasCrash true hasNet false
2023/12/23 04:47:04 prog length: 6
2023/12/23 04:47:04 prog length: 4
2023/12/23 04:47:04 prog length: 8
2023/12/23 04:47:04 deserializeInput: hasCrash true hasNet false
2023/12/23 04:47:04 prog length: 6
2023/12/23 04:47:04 prog length: 6
2023/12/23 04:47:04 prog length: 8
2023/12/23 04:47:04 deserializeInput: hasCrash true hasNet false
2023/12/23 04:47:04 prog length: 6
2023/12/23 04:47:04 prog length: 10
2023/12/23 04:47:04 prog length: 10
2023/12/23 04:47:04 deserializeInput: hasCrash true hasNet false
2023/12/23 04:47:04 prog length: 6
2023/12/23 04:47:04 prog length: 3
2023/12/23 04:47:04 prog length: 10
2023/12/23 04:47:04 deserializeInput: hasCrash true hasNet false
2023/12/23 04:47:04 prog length: 6
2023/12/23 04:47:04 prog length: 3
2023/12/23 04:47:04 prog length: 10
2023/12/23 04:47:04 deserializeInput: hasCrash false hasNet false
2023/12/23 04:47:04 prog length: 2
2023/12/23 04:47:04 deserializeInput: hasCrash false hasNet false
2023/12/23 04:47:04 prog length: 1
2023/12/23 04:47:04 prog length: 4
2023/12/23 04:47:04 deserializeInput: hasCrash true hasNet false
2023/12/23 04:47:04 prog length: 6
2023/12/23 04:47:04 prog length: 5
2023/12/23 04:47:04 prog length: 10
2023/12/23 04:47:04 fetching corpus: 80, signal 5284/41357/46181 (executing program)
2023/12/23 04:47:04 poll: candidates=0 inputs=0 signal=2000
2023/12/23 04:47:04 fetching corpus: 80, signal 5284/41357/46727 (executing program)
2023/12/23 04:47:04 poll: candidates=0 inputs=0 signal=2000
2023/12/23 04:47:04 fetching corpus: 80, signal 5284/41357/47299 (executing program)
2023/12/23 04:47:04 poll: candidates=0 inputs=0 signal=2000
2023/12/23 04:47:04 fetching corpus: 80, signal 5284/41357/47895 (executing program)
2023/12/23 04:47:04 poll: candidates=0 inputs=0 signal=2000
2023/12/23 04:47:04 fetching corpus: 80, signal 5284/41357/48490 (executing program)
2023/12/23 04:47:04 poll: candidates=0 inputs=0 signal=2000
2023/12/23 04:47:04 fetching corpus: 80, signal 5284/41357/49044 (executing program)
2023/12/23 04:47:04 poll: candidates=0 inputs=0 signal=2000
2023/12/23 04:47:04 fetching corpus: 80, signal 5284/41357/49650 (executing program)
2023/12/23 04:47:04 poll: candidates=0 inputs=0 signal=2000
2023/12/23 04:47:04 fetching corpus: 80, signal 5284/41357/50206 (executing program)
2023/12/23 04:47:04 poll: candidates=0 inputs=0 signal=2000
2023/12/23 04:47:04 fetching corpus: 80, signal 5284/41357/50774 (executing program)
2023/12/23 04:47:04 poll: candidates=0 inputs=0 signal=2000
2023/12/23 04:47:04 fetching corpus: 80, signal 5284/41357/51378 (executing program)
2023/12/23 04:47:04 poll: candidates=0 inputs=0 signal=2000
2023/12/23 04:47:04 fetching corpus: 80, signal 5284/41357/51908 (executing program)
2023/12/23 04:47:04 poll: candidates=0 inputs=0 signal=2000
2023/12/23 04:47:04 fetching corpus: 80, signal 5284/41357/52524 (executing program)
2023/12/23 04:47:04 poll: candidates=0 inputs=0 signal=2000
2023/12/23 04:47:04 fetching corpus: 80, signal 5284/41357/53076 (executing program)
2023/12/23 04:47:04 poll: candidates=0 inputs=0 signal=2000
2023/12/23 04:47:04 fetching corpus: 80, signal 5284/41357/53621 (executing program)
2023/12/23 04:47:04 poll: candidates=0 inputs=0 signal=2000
2023/12/23 04:47:04 fetching corpus: 80, signal 5284/41357/54190 (executing program)
2023/12/23 04:47:04 poll: candidates=0 inputs=0 signal=2000
2023/12/23 04:47:04 fetching corpus: 80, signal 5284/41357/54772 (executing program)
2023/12/23 04:47:04 poll: candidates=0 inputs=0 signal=2000
2023/12/23 04:47:04 fetching corpus: 80, signal 5284/41357/55317 (executing program)
2023/12/23 04:47:04 poll: candidates=0 inputs=0 signal=2000
2023/12/23 04:47:04 fetching corpus: 80, signal 5284/41357/55927 (executing program)
2023/12/23 04:47:04 poll: candidates=0 inputs=0 signal=2000
2023/12/23 04:47:04 fetching corpus: 80, signal 5284/41357/56508 (executing program)
2023/12/23 04:47:04 poll: candidates=0 inputs=0 signal=2000
2023/12/23 04:47:04 fetching corpus: 80, signal 5284/41357/57068 (executing program)
2023/12/23 04:47:04 poll: candidates=0 inputs=0 signal=2000
2023/12/23 04:47:04 fetching corpus: 80, signal 5284/41357/57661 (executing program)
2023/12/23 04:47:04 poll: candidates=0 inputs=0 signal=2000
2023/12/23 04:47:04 fetching corpus: 80, signal 5284/41357/58226 (executing program)
2023/12/23 04:47:04 poll: candidates=0 inputs=0 signal=2000
2023/12/23 04:47:04 fetching corpus: 80, signal 5284/41357/58784 (executing program)
2023/12/23 04:47:04 poll: candidates=0 inputs=0 signal=2000
2023/12/23 04:47:04 fetching corpus: 80, signal 5284/41357/59360 (executing program)
2023/12/23 04:47:04 poll: candidates=0 inputs=0 signal=603
2023/12/23 04:47:04 fetching corpus: 80, signal 5284/41357/59523 (executing program)
2023/12/23 04:47:04 poll: candidates=0 inputs=0 signal=0
2023/12/23 04:47:04 fetching corpus: 80, signal 5284/41357/59523 (executing program)
2023/12/23 04:47:05 starting 1 fuzzer processes
2023/12/23 04:47:05 ----- generateCall 222 fremovexattr fremovexattr
2023/12/23 04:47:05 ----- generateCall 3985 write write
2023/12/23 04:47:05 ----- generateCall 3985 write write
2023/12/23 04:47:05 ----- generateCall 216 fdatasync fdatasync
2023/12/23 04:47:05 ----- generateCall 2350 lseek lseek
2023/12/23 04:47:05 map[./file0:true]
2023/12/23 04:47:05 #0: generated
2023/12/23 04:47:05 HasCrashFail: false, .HasNetFail: false
2023/12/23 04:47:05 disable threaded and collide
2023/12/23 04:47:05 prog length: 8
2023/12/23 04:47:05 poll: candidates=0 inputs=0 signal=0
2023/12/23 04:47:05 prog length: 8
2023/12/23 04:47:05 HasCrashFail:false HasNetFail:false
04:47:05 ---executing program 0:
---
---
---
fremovexattr(0xffffffffffffffff, &(0x7f0000000000)=@random={'os2.', '.!(\x00'})
r0 = open$dir(&(0x7f0000000040)='./file0\x00', 0x1, 0xb1)
write(r0, &(0x7f0000000080)="76ff5b31332f0eddbb7e75542a755d487c26f2ea0c41a40b514d6c7f2f9cc1e4f94bb7b31f63bf58b5f2058c22b5ec3921f1227ed494d88712063f2189670bd36d23be4818cc003d441c124f655b1a4dd9", 0x51)
write(0xffffffffffffffff, &(0x7f0000000100)="521b6fe9c2a08982817bf72bc15bc6d6817223142ebf78aa007724b8ac8d46148d702c2597de5f245688b560bb68ac42595fb7a3adc7ea068ede7bdb1409b6b321c899804d3ee0abde4428c20f89361163f2a58ea79e683bb90dc28dbaf481ff5d4a8e60d03d9ec730f7dafbc5d46036c85084154a9d472385e0fffb1f09d9ab0c8df756d59401f6a6eb9168aaaa05b3f82737b5be5a76a0b47b3f465399d6e39c54d2f13e5453c4d22cbf4c00a4caa66d0be8cba9ab2a62dd75e43c41a2e376d614039861871c3f041cfc27408510a7eaddb8120449018a5897ca886dca3604e3630d6b34560128313db7167d7aba281a3a6425e5031a3f6f29876696ab156c69eb4aaf1364e0e5a3c157cb4424a9b4286a44b623e84e4078f743ae6172b9dfecc16ad03f602df4c3fe2028e480806531a4e197bddde8ed292ee51eb8cf28d260df19ce8cf00ff85df62cbbd972bc4cfb95c5e17e809e4977d33076b0ba2d5cdc3b6d16e10d8c857414849723607667e340148be6df500543cbd58d4ec5375fa33b146bb9305a4cbe18bac679f709e62fd3fd10501b79739bf79417e170887cf77b548af03519cab32862ca3d113654a0a19125e60e651ad90a1b8271c7891d9bb5642445fa4737c9e73f06ca4d6205b664fe58f4e07bd76109d3c95f136dd32fe13f9501f9edfff2bec4ae7f9c54202119133866a5bdb51250f50102fb8bc91aa6f90d775b037570a2599644522a8bc19461a8f88f8bd3cfb002fbd6967215335706059a1d3306f4975a02061665be6b0e765709605250729792f8b0f786bf87ba0bed6b2b00a73542fbe65cfcec3a22c63a341c66489294d577f68a75740e676a7e878207031fc46ffef2d27691aeceff509cd55ab88cfd99cd31256a7403d80f65ac6a4503a78df82b90f5fa0791bf5bdfc232a337e82a39f3cfcf2faa2aafc9534b4f30c657b7c3baa3a11882ec6f9d09fb295971d3d776b61dbebe11939e2e01616384d59611b406e057d2fd516e20cbaec18d1dcd17c8e25f10a4f86e92adbbd4ecf5d722c3f3727e7364c766fb6796fdef7799a27b32051847567ff174f30a518dba6a90e1d19df6a5cda1f9d50271a3b9a2bee0eb54de9b3828c9009fc42dc22f15cf8ff0ccd84381e73e5cf3ec6a0a4f9ca78c9ebe20c8cc3d1b4821797aabae0b89848d2aad0f726a1fa0faece0f1f0856a6fd1bda99291716956266c764e98fd4bec53eba1bc1a33299d79ac21a270d0487b16081d5f648b567d7039d090fc034f7b8a1dc1b1b1a5d0a6a7baa6228953332cd67317e4601ecc6871d82a6bb2429c94df57f5cc428b7ca6c074aad2cced793d2ae83a6a5ece755f28ddb3eb09b6dee6e75c0ed97d3426f4d4b3b9e840b4891861e74154a68f31a18d838b84df1cd9dbe5d28e5c57198b284290bd0bef65687219570b53effce0bfe150f2863309424dcadefc422a7daa1f920519f160f3d4439afc530ebe2eea3cae3927b69d01d987c82b5ba9e89a2e7f659d1c21a3aaec3199c3953757eeba6d3d32816b033c9c9a4b626c9f64215e3d6135b1e0516cc09bd4832bb00bfe343a46f4fa584df3fbda112a53ede4bbfc2aea87146fdd24d01a9d56e778538d485df47fb2bbbfa3d63c13710a2476c94ac28be691d9f04f53c1121d1571a937655760b3a7114d8afa696fd15973e04c58ef2eac0c46d1fbd5316a564d7f42b69ae4113ffc2cdacf0d3eac29da0de1ef7d435f79798946c243db7fb58d3443f237ff033960242e435c17118d77374eae21f0fc6d45be2816040415d9a15e8b02433af195dc0d3cb5bc2036d4faac6c72e8505ceb4b1cdfa5dc1ac381fbbb013c11494e94677d753589e5f7a0ddabe0bb80595d79e8e944bbcef14fab8b6b4de109c12c207209167bcdaf250b42099b1e55b6d5d43071e39dde17cc507bb3f5e412d3316c873e9abbfca16c717ad07dacf7093db797b3fa0bd4e72fefc68c16adbc9bef174a4384acb4c0e6759a685f91e93b495f8a0157663075fb3339d76192126b3b06913fe579d3e1ecc02d88dcc9d85f4340a49797b7f9cc271864ebe44aa27f5ba5faa5431ce8291c0b1368b26c53139032e16cfc224b2346c9893f99376ded7d2f09768d953ecef840673fd91398dfbaaa5cea776270328a2871d7551b1692c827d8f801c5abe45b0aa6e3e907a803af9b68a8fab6f2e709713e597ae1d1102e10d755d2be8bc476d15a79ef2830e5fd087ca831ff4eeacc39f5833a125d0edde9fec8051e97b4c3de07e284d8094c51e92b616e7fede607305f32057cde3706c85b637a26eaa9f5c992a6319f04a4d94a5de7316eff979ec08038ff68e9a643646e34b5d4929c128b99af27442d21390c38eeee71dd4d847cacf1571aff276ecacb8e3df3007bd767d39ef8c0cf74a1ece6e3aca514a8651771388610031e543d98f28b93920bf67a0649a7e1758c066f14d7c914378580048366f6fbca489342eda010d35f5f9551edff09e3faf9d30e09f9c6e15750eb0eb210763f6bf99361bcaa7572cbdf04e49b5224ae0a453ed56daaf4d7f6163ba989e99984ebba42acc8427807f49f10e47f2048f7253189a89a1d17169a0a7a04059e6c2728341f5d2cabeb8d165f78447043315b025a7b23a727de0a22ac8d643c92e4c813fbe22ef768162ba024ba02dccba4edcd3a2251e53b095740ae2af08494e242e9523940c7d31dbb54f7377b6b60f480c246202b4db3f083c5e2489df7e69031065941ab154f69bb210359c7854810acd0d5fb9e3bae2b1c0bcdcb531bc8820a9300e0292b809ea8468119e0e8eee47e1940d6ebf193fd607ac2fbbd061cf7637d64a451b398847dd41efb1a6de3f8df3713a71d43450740485a93cf284f911b4f35ff654eee7399c3431119968ed94f9faf3a38f954616e3ef2f868d0809cc72d66ea387bb1c7dc0013224e123c55ed977cec2319c564c32b3b699a231858b6e4a260921e27b355e4924be143dfb20407e2df7b48a40d5cc0a088e91cc65f48edcb81531ba9ec8aee7eb73447269a8dccc3974ad6f11f0913a996f95b56ad76fdfb4afaa7b8f9941cb67f856a74bc1328e65ab6e8f9d26ba621302cffa672518e9f2f1ff353d1873788c14f807cbf9a7d57436d0d84cf57a22833b8f98ac4eee3d69d5702b6d516c600975efa4c6886af6c4b3d105def9d3fe5429918e857cd245ca54520a6678ffd8d4d946c2e612484b670dd3fa20962cb599aa70cc4fdf707a5de72ac813907bc20c2666d200f618ff022e548fb938841285a82511d9edd6df3edd22a84e7f47a356dfeb27761125434d6fe1044c5fe628017a6b508371f352abfdac42999c322c18c57992dfb52afb8b1698ce4090aa6cfa1fef1ba1f1dfe9a439b25bd16d83cc485243b4075698e2ba1effe0f80e2a02a28401de1aa86470e6f5f8c4ef914a9238d151aa44ed2a787a3e518bece939f96bb8524d69be44848448661d486e8cb1e65a170310175ab0ac2d746d25ef434c5ecfee26444d3965f863ad523af6f7b5d2a0f849d779128062883920b0d15c4f1f11cf3dc8f52d8e8ad13112d1843957760aefa0d6819144588f3f8102a2c72452b457bfc5f677dc662862da95e2a6524211fef1c71cdcc03441a21d89d44d58774dd2fef2ba36170194e66e7a3da095b094371369bb81d44dede6627e562b775f2741aa9dbdf76f885899794c29a1d5d9b8489aee86e33dd480220cb6ae21eb690b5a62b494b87ae1d0058ff7ecc4db8e8388ccb09becc38d33cef872c55cb342d55a4d807a2d078641ca0c5ec80f5c3783b7d72ce420233328925f012254f12beb12d725a3275071ac20ccb14b226eb77fe65d6dba3c627c48d2b6e30478953078168cf79ef402c5ede80335d4c73ebf933247df110972da95d2cf42dc319125786663213758d7301cf3b8ba02acc44765b90aff0b838329e960ce399be64c5a460546d5ef7b843647c46ca9761b53395abc13a97dcbfc1336f0afc00005298dd1aaab40b55a36a5a46d0f6ee64456ce66e2a9875da10adae2aab5585e3c04cf5222bc804c015c389fe85cdb7e2ef05095ea27ccd6095e7d6c52ca0f78df4b705a74986a5f014114ff58459d32602e01cfdd5b68dd93baa9366fbec87c0f5a83a3a552ba877b1b90bfdc1d77ca68a3932dfcd06ea5bd7a677746066c34e010d692e43b592036dc10ef6b3beb435e6dc6957df29c409ea2771a6a715d5ba82c7e969b984f3d93d0ac3e94a41476d0b0e7843c2dd39071ae21b5ced0016fe779b2c1614cf03391f068d35ab2508d6e6a627712ab404bbfd3059198d091e40c087c99a322c9438007cb9ff6b93cb64ddca67149155e20a017a1aab4ea4becc27a1317710050e2d3b45fb0993ba6c7c5e7da862b82246345cccedec52de0bb3553789d94bbaea4dc3bec0bf58c4991a5b20faef2f93e118069db6820faffa2a271a4a855b01e34b26f86d036e8acb5cb215d7f4c3bb5472f3582c71cd229ea8ae77be4ced015aef4955f8fa4e9fc7911bfeebac70f1e3c6bc90987125a639331c7cad4d89a8e561545c300e082300e0ab9c92f2dc2c23c6e1b6c42ec21da0d3eb7691108328744cb70827caa626e223726b007634c342c0111147b371779613a138641d1bca7f09807ffebc21da810cc1efd6a989e311066d5290b226be4b58e9a55854e484e779c217f365e4a1bb452b37862f700dcf5b60c409e46e9cda55b8e44bcfe40b4523365f599adeacf131b720d556f40116a55be4a228fec07d858eb6030e94cc98d3a85d9b2878f308d8f7cb931a893c7223806154cda2f183fde0ff814e5d8d8b9a5b6a19fd4ca611af5dbdc60bbff2dda30d596778ff6f8b1ef5902f82a9ce10f8dd4e9efc68bc86e31594e6e9e462db6b9cf880a44fd38287de1120177474b2f889468f1e3fdd89293826db50c956087b482a225cafffb1f498b044dc79821c38d830ab48889544a3b3087466c71101b0f64b6f23b62ee6d7ccada556a1dd3af47a1c0e088aee1e214cd3183123062656b0f7f35f22e52883192a1e1a5e1ce77fc87b494370dbf4313453fd377ea98dd2a134be9b7bba5c3e0d15a03fb364e60d6523ae5426b509e66330280eac1e13600552bb479bf4aa68cde437ea26f83b35ace81a4e4e0797642cb5282ec299879504017629329633c85fc166c5461d7473a03a61bf606e5560c7471413a440988c15751668a20b7338518f34d611ce2019e80863fa326cebea9b9df2e7a4ef036dc4cb3bf1da7470db1a9e6e32a3cfb09e295db7d868e8eddda8d80150ab568cb99640c89ece3907b14483ab3652aca22f73b62d90e77a5c640a70a50897cdf4109004a2796a263ef31a7255616722004b06ee45bdc27dc002d6b859164884a3f684138d34afc4223a9dfa20a1da09677ab3e006fc8222c5d420ac1dfb4682e2c8358da90b6111aee0a8c564805ff2f545dbc8fe64c15dddcfa90d8bd502f625f71eacd620ccbdc8aa1fc84d43d82c2794df040edc211d006c58a48dc1cd38fea8883c9b400d995f8109850a0cb2a9124aadf7665bcbeedc5f00e5f1d7d21679d537aa1fcf5b3bc30e451317f81fe963ceeb6e10f414933c2a5926e629d827737bfe8b3161bbaff279a09fab87b33cc2abca5ff4b3e4e24c67a7aeb9f76e15f230007e2a5ac9ece6cedd29275ede36f1e823af3d1545dfe9656e0a8e6b29304faf88db2e2dff729851f43af24fd6a8c6d25e2e000a36f10a5388015b39c3438d9c448692949145049e13f6cfce8bfa7d2d3c13", 0x1000)
r1 = dup2(0xffffffffffffffff, r0)
fdatasync(r1)
r2 = open(&(0x7f0000001100)='./file0\x00', 0x50043, 0x29)
lseek(r2, 0x9, 0x1)
---
fremovexattr(0xffffffffffffffff, &(0x7f0000000000)=@random={'os2.', '.!(\x00'})
r0 = open$dir(&(0x7f0000000040)='./file0\x00', 0x1, 0xb1)
write(r0, &(0x7f0000000080)="76ff5b31332f0eddbb7e75542a755d487c26f2ea0c41a40b514d6c7f2f9cc1e4f94bb7b31f63bf58b5f2058c22b5ec3921f1227ed494d88712063f2189670bd36d23be4818cc003d441c124f655b1a4dd9", 0x51)
write(0xffffffffffffffff, &(0x7f0000000100)="521b6fe9c2a08982817bf72bc15bc6d6817223142ebf78aa007724b8ac8d46148d702c2597de5f245688b560bb68ac42595fb7a3adc7ea068ede7bdb1409b6b321c899804d3ee0abde4428c20f89361163f2a58ea79e683bb90dc28dbaf481ff5d4a8e60d03d9ec730f7dafbc5d46036c85084154a9d472385e0fffb1f09d9ab0c8df756d59401f6a6eb9168aaaa05b3f82737b5be5a76a0b47b3f465399d6e39c54d2f13e5453c4d22cbf4c00a4caa66d0be8cba9ab2a62dd75e43c41a2e376d614039861871c3f041cfc27408510a7eaddb8120449018a5897ca886dca3604e3630d6b34560128313db7167d7aba281a3a6425e5031a3f6f29876696ab156c69eb4aaf1364e0e5a3c157cb4424a9b4286a44b623e84e4078f743ae6172b9dfecc16ad03f602df4c3fe2028e480806531a4e197bddde8ed292ee51eb8cf28d260df19ce8cf00ff85df62cbbd972bc4cfb95c5e17e809e4977d33076b0ba2d5cdc3b6d16e10d8c857414849723607667e340148be6df500543cbd58d4ec5375fa33b146bb9305a4cbe18bac679f709e62fd3fd10501b79739bf79417e170887cf77b548af03519cab32862ca3d113654a0a19125e60e651ad90a1b8271c7891d9bb5642445fa4737c9e73f06ca4d6205b664fe58f4e07bd76109d3c95f136dd32fe13f9501f9edfff2bec4ae7f9c54202119133866a5bdb51250f50102fb8bc91aa6f90d775b037570a2599644522a8bc19461a8f88f8bd3cfb002fbd6967215335706059a1d3306f4975a02061665be6b0e765709605250729792f8b0f786bf87ba0bed6b2b00a73542fbe65cfcec3a22c63a341c66489294d577f68a75740e676a7e878207031fc46ffef2d27691aeceff509cd55ab88cfd99cd31256a7403d80f65ac6a4503a78df82b90f5fa0791bf5bdfc232a337e82a39f3cfcf2faa2aafc9534b4f30c657b7c3baa3a11882ec6f9d09fb295971d3d776b61dbebe11939e2e01616384d59611b406e057d2fd516e20cbaec18d1dcd17c8e25f10a4f86e92adbbd4ecf5d722c3f3727e7364c766fb6796fdef7799a27b32051847567ff174f30a518dba6a90e1d19df6a5cda1f9d50271a3b9a2bee0eb54de9b3828c9009fc42dc22f15cf8ff0ccd84381e73e5cf3ec6a0a4f9ca78c9ebe20c8cc3d1b4821797aabae0b89848d2aad0f726a1fa0faece0f1f0856a6fd1bda99291716956266c764e98fd4bec53eba1bc1a33299d79ac21a270d0487b16081d5f648b567d7039d090fc034f7b8a1dc1b1b1a5d0a6a7baa6228953332cd67317e4601ecc6871d82a6bb2429c94df57f5cc428b7ca6c074aad2cced793d2ae83a6a5ece755f28ddb3eb09b6dee6e75c0ed97d3426f4d4b3b9e840b4891861e74154a68f31a18d838b84df1cd9dbe5d28e5c57198b284290bd0bef65687219570b53effce0bfe150f2863309424dcadefc422a7daa1f920519f160f3d4439afc530ebe2eea3cae3927b69d01d987c82b5ba9e89a2e7f659d1c21a3aaec3199c3953757eeba6d3d32816b033c9c9a4b626c9f64215e3d6135b1e0516cc09bd4832bb00bfe343a46f4fa584df3fbda112a53ede4bbfc2aea87146fdd24d01a9d56e778538d485df47fb2bbbfa3d63c13710a2476c94ac28be691d9f04f53c1121d1571a937655760b3a7114d8afa696fd15973e04c58ef2eac0c46d1fbd5316a564d7f42b69ae4113ffc2cdacf0d3eac29da0de1ef7d435f79798946c243db7fb58d3443f237ff033960242e435c17118d77374eae21f0fc6d45be2816040415d9a15e8b02433af195dc0d3cb5bc2036d4faac6c72e8505ceb4b1cdfa5dc1ac381fbbb013c11494e94677d753589e5f7a0ddabe0bb80595d79e8e944bbcef14fab8b6b4de109c12c207209167bcdaf250b42099b1e55b6d5d43071e39dde17cc507bb3f5e412d3316c873e9abbfca16c717ad07dacf7093db797b3fa0bd4e72fefc68c16adbc9bef174a4384acb4c0e6759a685f91e93b495f8a0157663075fb3339d76192126b3b06913fe579d3e1ecc02d88dcc9d85f4340a49797b7f9cc271864ebe44aa27f5ba5faa5431ce8291c0b1368b26c53139032e16cfc224b2346c9893f99376ded7d2f09768d953ecef840673fd91398dfbaaa5cea776270328a2871d7551b1692c827d8f801c5abe45b0aa6e3e907a803af9b68a8fab6f2e709713e597ae1d1102e10d755d2be8bc476d15a79ef2830e5fd087ca831ff4eeacc39f5833a125d0edde9fec8051e97b4c3de07e284d8094c51e92b616e7fede607305f32057cde3706c85b637a26eaa9f5c992a6319f04a4d94a5de7316eff979ec08038ff68e9a643646e34b5d4929c128b99af27442d21390c38eeee71dd4d847cacf1571aff276ecacb8e3df3007bd767d39ef8c0cf74a1ece6e3aca514a8651771388610031e543d98f28b93920bf67a0649a7e1758c066f14d7c914378580048366f6fbca489342eda010d35f5f9551edff09e3faf9d30e09f9c6e15750eb0eb210763f6bf99361bcaa7572cbdf04e49b5224ae0a453ed56daaf4d7f6163ba989e99984ebba42acc8427807f49f10e47f2048f7253189a89a1d17169a0a7a04059e6c2728341f5d2cabeb8d165f78447043315b025a7b23a727de0a22ac8d643c92e4c813fbe22ef768162ba024ba02dccba4edcd3a2251e53b095740ae2af08494e242e9523940c7d31dbb54f7377b6b60f480c246202b4db3f083c5e2489df7e69031065941ab154f69bb210359c7854810acd0d5fb9e3bae2b1c0bcdcb531bc8820a9300e0292b809ea8468119e0e8eee47e1940d6ebf193fd607ac2fbbd061cf7637d64a451b398847dd41efb1a6de3f8df3713a71d43450740485a93cf284f911b4f35ff654eee7399c3431119968ed94f9faf3a38f954616e3ef2f868d0809cc72d66ea387bb1c7dc0013224e123c55ed977cec2319c564c32b3b699a231858b6e4a260921e27b355e4924be143dfb20407e2df7b48a40d5cc0a088e91cc65f48edcb81531ba9ec8aee7eb73447269a8dccc3974ad6f11f0913a996f95b56ad76fdfb4afaa7b8f9941cb67f856a74bc1328e65ab6e8f9d26ba621302cffa672518e9f2f1ff353d1873788c14f807cbf9a7d57436d0d84cf57a22833b8f98ac4eee3d69d5702b6d516c600975efa4c6886af6c4b3d105def9d3fe5429918e857cd245ca54520a6678ffd8d4d946c2e612484b670dd3fa20962cb599aa70cc4fdf707a5de72ac813907bc20c2666d200f618ff022e548fb938841285a82511d9edd6df3edd22a84e7f47a356dfeb27761125434d6fe1044c5fe628017a6b508371f352abfdac42999c322c18c57992dfb52afb8b1698ce4090aa6cfa1fef1ba1f1dfe9a439b25bd16d83cc485243b4075698e2ba1effe0f80e2a02a28401de1aa86470e6f5f8c4ef914a9238d151aa44ed2a787a3e518bece939f96bb8524d69be44848448661d486e8cb1e65a170310175ab0ac2d746d25ef434c5ecfee26444d3965f863ad523af6f7b5d2a0f849d779128062883920b0d15c4f1f11cf3dc8f52d8e8ad13112d1843957760aefa0d6819144588f3f8102a2c72452b457bfc5f677dc662862da95e2a6524211fef1c71cdcc03441a21d89d44d58774dd2fef2ba36170194e66e7a3da095b094371369bb81d44dede6627e562b775f2741aa9dbdf76f885899794c29a1d5d9b8489aee86e33dd480220cb6ae21eb690b5a62b494b87ae1d0058ff7ecc4db8e8388ccb09becc38d33cef872c55cb342d55a4d807a2d078641ca0c5ec80f5c3783b7d72ce420233328925f012254f12beb12d725a3275071ac20ccb14b226eb77fe65d6dba3c627c48d2b6e30478953078168cf79ef402c5ede80335d4c73ebf933247df110972da95d2cf42dc319125786663213758d7301cf3b8ba02acc44765b90aff0b838329e960ce399be64c5a460546d5ef7b843647c46ca9761b53395abc13a97dcbfc1336f0afc00005298dd1aaab40b55a36a5a46d0f6ee64456ce66e2a9875da10adae2aab5585e3c04cf5222bc804c015c389fe85cdb7e2ef05095ea27ccd6095e7d6c52ca0f78df4b705a74986a5f014114ff58459d32602e01cfdd5b68dd93baa9366fbec87c0f5a83a3a552ba877b1b90bfdc1d77ca68a3932dfcd06ea5bd7a677746066c34e010d692e43b592036dc10ef6b3beb435e6dc6957df29c409ea2771a6a715d5ba82c7e969b984f3d93d0ac3e94a41476d0b0e7843c2dd39071ae21b5ced0016fe779b2c1614cf03391f068d35ab2508d6e6a627712ab404bbfd3059198d091e40c087c99a322c9438007cb9ff6b93cb64ddca67149155e20a017a1aab4ea4becc27a1317710050e2d3b45fb0993ba6c7c5e7da862b82246345cccedec52de0bb3553789d94bbaea4dc3bec0bf58c4991a5b20faef2f93e118069db6820faffa2a271a4a855b01e34b26f86d036e8acb5cb215d7f4c3bb5472f3582c71cd229ea8ae77be4ced015aef4955f8fa4e9fc7911bfeebac70f1e3c6bc90987125a639331c7cad4d89a8e561545c300e082300e0ab9c92f2dc2c23c6e1b6c42ec21da0d3eb7691108328744cb70827caa626e223726b007634c342c0111147b371779613a138641d1bca7f09807ffebc21da810cc1efd6a989e311066d5290b226be4b58e9a55854e484e779c217f365e4a1bb452b37862f700dcf5b60c409e46e9cda55b8e44bcfe40b4523365f599adeacf131b720d556f40116a55be4a228fec07d858eb6030e94cc98d3a85d9b2878f308d8f7cb931a893c7223806154cda2f183fde0ff814e5d8d8b9a5b6a19fd4ca611af5dbdc60bbff2dda30d596778ff6f8b1ef5902f82a9ce10f8dd4e9efc68bc86e31594e6e9e462db6b9cf880a44fd38287de1120177474b2f889468f1e3fdd89293826db50c956087b482a225cafffb1f498b044dc79821c38d830ab48889544a3b3087466c71101b0f64b6f23b62ee6d7ccada556a1dd3af47a1c0e088aee1e214cd3183123062656b0f7f35f22e52883192a1e1a5e1ce77fc87b494370dbf4313453fd377ea98dd2a134be9b7bba5c3e0d15a03fb364e60d6523ae5426b509e66330280eac1e13600552bb479bf4aa68cde437ea26f83b35ace81a4e4e0797642cb5282ec299879504017629329633c85fc166c5461d7473a03a61bf606e5560c7471413a440988c15751668a20b7338518f34d611ce2019e80863fa326cebea9b9df2e7a4ef036dc4cb3bf1da7470db1a9e6e32a3cfb09e295db7d868e8eddda8d80150ab568cb99640c89ece3907b14483ab3652aca22f73b62d90e77a5c640a70a50897cdf4109004a2796a263ef31a7255616722004b06ee45bdc27dc002d6b859164884a3f684138d34afc4223a9dfa20a1da09677ab3e006fc8222c5d420ac1dfb4682e2c8358da90b6111aee0a8c564805ff2f545dbc8fe64c15dddcfa90d8bd502f625f71eacd620ccbdc8aa1fc84d43d82c2794df040edc211d006c58a48dc1cd38fea8883c9b400d995f8109850a0cb2a9124aadf7665bcbeedc5f00e5f1d7d21679d537aa1fcf5b3bc30e451317f81fe963ceeb6e10f414933c2a5926e629d827737bfe8b3161bbaff279a09fab87b33cc2abca5ff4b3e4e24c67a7aeb9f76e15f230007e2a5ac9ece6cedd29275ede36f1e823af3d1545dfe9656e0a8e6b29304faf88db2e2dff729851f43af24fd6a8c6d25e2e000a36f10a5388015b39c3438d9c448692949145049e13f6cfce8bfa7d2d3c13", 0x1000)
r1 = dup2(0xffffffffffffffff, r0)
fdatasync(r1)
r2 = open(&(0x7f0000001100)='./file0\x00', 0x50043, 0x29)
lseek(r2, 0x9, 0x1)
---

end of program
2023/12/23 04:47:05 -----run executor: [/usr/bin/ssh -F /dev/null -o ConnectionAttempts=100 -o ConnectTimeout=120 -o UserKnownHostsFile=/dev/null -o BatchMode=yes -o IdentitiesOnly=yes -o StrictHostKeyChecking=no -o ConnectTimeout=100 -i /home/tlyu/dfs-fuzzing/disk-images/glusterfs-images/focal.id_rsa -v root@192.168.0.5 /root/syz-executor exec 0 0 glusterfs 3 5 192.168.0.5 0 "3 2 ''" false false false true false]
2023/12/23 04:47:05 -----run executor: [/usr/bin/ssh -F /dev/null -o ConnectionAttempts=100 -o ConnectTimeout=120 -o UserKnownHostsFile=/dev/null -o BatchMode=yes -o IdentitiesOnly=yes -o StrictHostKeyChecking=no -o ConnectTimeout=100 -i /home/tlyu/dfs-fuzzing/disk-images/glusterfs-images/focal.id_rsa -v root@192.168.0.6 /root/syz-executor exec 0 1 glusterfs 3 5 192.168.0.5 0 "3 2 ''" false false false true false]
2023/12/23 04:47:05 -----run executor: [/usr/bin/ssh -F /dev/null -o ConnectionAttempts=100 -o ConnectTimeout=120 -o UserKnownHostsFile=/dev/null -o BatchMode=yes -o IdentitiesOnly=yes -o StrictHostKeyChecking=no -o ConnectTimeout=100 -i /home/tlyu/dfs-fuzzing/disk-images/glusterfs-images/focal.id_rsa -v root@192.168.0.7 /root/syz-executor exec 0 2 glusterfs 3 5 192.168.0.5 0 "3 2 ''" false false false true false]
2023/12/23 04:47:05 -----run executor: [/usr/bin/ssh -F /dev/null -o ConnectionAttempts=100 -o ConnectTimeout=120 -o UserKnownHostsFile=/dev/null -o BatchMode=yes -o IdentitiesOnly=yes -o StrictHostKeyChecking=no -o ConnectTimeout=100 -i /home/tlyu/dfs-fuzzing/disk-images/glusterfs-images/focal.id_rsa -v root@192.168.0.8 /root/syz-executor exec 1 3 glusterfs 3 5 192.168.0.5 0 "3 2 ''" false false false true false]
2023/12/23 04:47:05 -----run executor: [/usr/bin/ssh -F /dev/null -o ConnectionAttempts=100 -o ConnectTimeout=120 -o UserKnownHostsFile=/dev/null -o BatchMode=yes -o IdentitiesOnly=yes -o StrictHostKeyChecking=no -o ConnectTimeout=100 -i /home/tlyu/dfs-fuzzing/disk-images/glusterfs-images/focal.id_rsa -v root@192.168.0.9 /root/syz-executor exec 1 4 glusterfs 3 5 192.168.0.5 0 "3 2 ''" false false false true false]
OpenSSH_8.2p1 Ubuntu-4ubuntu0.9, OpenSSL 1.1.1f  31 Mar 2020
debug1: Reading configuration data /dev/null
debug1: Connecting to 192.168.0.5 [192.168.0.5] port 22.
OpenSSH_8.2p1 Ubuntu-4ubuntu0.9, OpenSSL 1.1.1f  31 Mar 2020
debug1: Reading configuration data /dev/null
OpenSSH_8.2p1 Ubuntu-4ubuntu0.9, OpenSSL 1.1.1f  31 Mar 2020
debug1: Reading configuration data /dev/null
OpenSSH_8.2p1 Ubuntu-4ubuntu0.9, OpenSSL 1.1.1f  31 Mar 2020
debug1: Reading configuration data /dev/null
debug1: Connecting to 192.168.0.7 [192.168.0.7] port 22.
debug1: Connecting to 192.168.0.8 [192.168.0.8] port 22.
debug1: Connecting to 192.168.0.6 [192.168.0.6] port 22.
debug1: fd 3 clearing O_NONBLOCK
debug1: Connection established.
debug1: identity file /home/tlyu/dfs-fuzzing/disk-images/glusterfs-images/focal.id_rsa type 0
debug1: identity file /home/tlyu/dfs-fuzzing/disk-images/glusterfs-images/focal.id_rsa-cert type -1
debug1: Local version string SSH-2.0-OpenSSH_8.2p1 Ubuntu-4ubuntu0.9
debug1: fd 3 clearing O_NONBLOCK
debug1: Connection established.
debug1: identity file /home/tlyu/dfs-fuzzing/disk-images/glusterfs-images/focal.id_rsa type 0
debug1: identity file /home/tlyu/dfs-fuzzing/disk-images/glusterfs-images/focal.id_rsa-cert type -1
debug1: Local version string SSH-2.0-OpenSSH_8.2p1 Ubuntu-4ubuntu0.9
debug1: fd 3 clearing O_NONBLOCK
debug1: Connection established.
debug1: identity file /home/tlyu/dfs-fuzzing/disk-images/glusterfs-images/focal.id_rsa type 0
debug1: identity file /home/tlyu/dfs-fuzzing/disk-images/glusterfs-images/focal.id_rsa-cert type -1
debug1: Local version string SSH-2.0-OpenSSH_8.2p1 Ubuntu-4ubuntu0.9
debug1: fd 3 clearing O_NONBLOCK
debug1: Connection established.
debug1: identity file /home/tlyu/dfs-fuzzing/disk-images/glusterfs-images/focal.id_rsa type 0
debug1: identity file /home/tlyu/dfs-fuzzing/disk-images/glusterfs-images/focal.id_rsa-cert type -1
debug1: Local version string SSH-2.0-OpenSSH_8.2p1 Ubuntu-4ubuntu0.9
OpenSSH_8.2p1 Ubuntu-4ubuntu0.9, OpenSSL 1.1.1f  31 Mar 2020
debug1: Reading configuration data /dev/null
debug1: Connecting to 192.168.0.9 [192.168.0.9] port 22.
debug1: fd 3 clearing O_NONBLOCK
debug1: Connection established.
debug1: identity file /home/tlyu/dfs-fuzzing/disk-images/glusterfs-images/focal.id_rsa type 0
debug1: identity file /home/tlyu/dfs-fuzzing/disk-images/glusterfs-images/focal.id_rsa-cert type -1
debug1: Local version string SSH-2.0-OpenSSH_8.2p1 Ubuntu-4ubuntu0.9
debug1: Remote protocol version 2.0, remote software version OpenSSH_8.2p1 Ubuntu-4
debug1: match: OpenSSH_8.2p1 Ubuntu-4 pat OpenSSH* compat 0x04000000
debug1: Authenticating to 192.168.0.8:22 as 'root'
debug1: SSH2_MSG_KEXINIT sent
debug1: Remote protocol version 2.0, remote software version OpenSSH_8.2p1 Ubuntu-4
debug1: match: OpenSSH_8.2p1 Ubuntu-4 pat OpenSSH* compat 0x04000000
debug1: Authenticating to 192.168.0.9:22 as 'root'
debug1: SSH2_MSG_KEXINIT sent
debug1: SSH2_MSG_KEXINIT received
debug1: kex: algorithm: curve25519-sha256
debug1: kex: host key algorithm: ecdsa-sha2-nistp256
debug1: kex: server->client cipher: chacha20-poly1305@openssh.com MAC: <implicit> compression: none
debug1: kex: client->server cipher: chacha20-poly1305@openssh.com MAC: <implicit> compression: none
debug1: SSH2_MSG_KEXINIT received
debug1: kex: algorithm: curve25519-sha256
debug1: kex: host key algorithm: ecdsa-sha2-nistp256
debug1: kex: server->client cipher: chacha20-poly1305@openssh.com MAC: <implicit> compression: none
debug1: kex: client->server cipher: chacha20-poly1305@openssh.com MAC: <implicit> compression: none
debug1: expecting SSH2_MSG_KEX_ECDH_REPLY
debug1: expecting SSH2_MSG_KEX_ECDH_REPLY
debug1: Server host key: ecdsa-sha2-nistp256 SHA256:prHFi1G5XXPuzxIh2a5lJaY6ZWltf3+ajD/hEOIDid8
Warning: Permanently added '192.168.0.9' (ECDSA) to the list of known hosts.
debug1: Remote protocol version 2.0, remote software version OpenSSH_8.2p1 Ubuntu-4
debug1: match: OpenSSH_8.2p1 Ubuntu-4 pat OpenSSH* compat 0x04000000
debug1: Authenticating to 192.168.0.7:22 as 'root'
debug1: SSH2_MSG_KEXINIT sent
debug1: Server host key: ecdsa-sha2-nistp256 SHA256:prHFi1G5XXPuzxIh2a5lJaY6ZWltf3+ajD/hEOIDid8
Warning: Permanently added '192.168.0.8' (ECDSA) to the list of known hosts.
debug1: rekey out after 134217728 blocks
debug1: SSH2_MSG_NEWKEYS sent
debug1: expecting SSH2_MSG_NEWKEYS
debug1: SSH2_MSG_NEWKEYS received
debug1: rekey in after 134217728 blocks
debug1: Will attempt key: /home/tlyu/dfs-fuzzing/disk-images/glusterfs-images/focal.id_rsa RSA SHA256:QIWS4tuunVotoxxddPCtr9GZw0tGyObh4l0/OC+LLZc explicit
debug1: SSH2_MSG_EXT_INFO received
debug1: kex_input_ext_info: server-sig-algs=<ssh-ed25519,sk-ssh-ed25519@openssh.com,ssh-rsa,rsa-sha2-256,rsa-sha2-512,ssh-dss,ecdsa-sha2-nistp256,ecdsa-sha2-nistp384,ecdsa-sha2-nistp521,sk-ecdsa-sha2-nistp256@openssh.com>
debug1: rekey out after 134217728 blocks
debug1: SSH2_MSG_NEWKEYS sent
debug1: expecting SSH2_MSG_NEWKEYS
debug1: SSH2_MSG_NEWKEYS received
debug1: rekey in after 134217728 blocks
debug1: Will attempt key: /home/tlyu/dfs-fuzzing/disk-images/glusterfs-images/focal.id_rsa RSA SHA256:QIWS4tuunVotoxxddPCtr9GZw0tGyObh4l0/OC+LLZc explicit
debug1: SSH2_MSG_EXT_INFO received
debug1: kex_input_ext_info: server-sig-algs=<ssh-ed25519,sk-ssh-ed25519@openssh.com,ssh-rsa,rsa-sha2-256,rsa-sha2-512,ssh-dss,ecdsa-sha2-nistp256,ecdsa-sha2-nistp384,ecdsa-sha2-nistp521,sk-ecdsa-sha2-nistp256@openssh.com>
debug1: SSH2_MSG_KEXINIT received
debug1: kex: algorithm: curve25519-sha256
debug1: kex: host key algorithm: ecdsa-sha2-nistp256
debug1: kex: server->client cipher: chacha20-poly1305@openssh.com MAC: <implicit> compression: none
debug1: kex: client->server cipher: chacha20-poly1305@openssh.com MAC: <implicit> compression: none
debug1: expecting SSH2_MSG_KEX_ECDH_REPLY
debug1: Remote protocol version 2.0, remote software version OpenSSH_8.2p1 Ubuntu-4
debug1: match: OpenSSH_8.2p1 Ubuntu-4 pat OpenSSH* compat 0x04000000
debug1: Authenticating to 192.168.0.5:22 as 'root'
debug1: SSH2_MSG_KEXINIT sent
debug1: SSH2_MSG_SERVICE_ACCEPT received
debug1: Server host key: ecdsa-sha2-nistp256 SHA256:prHFi1G5XXPuzxIh2a5lJaY6ZWltf3+ajD/hEOIDid8
Warning: Permanently added '192.168.0.7' (ECDSA) to the list of known hosts.
debug1: Remote protocol version 2.0, remote software version OpenSSH_8.2p1 Ubuntu-4
debug1: match: OpenSSH_8.2p1 Ubuntu-4 pat OpenSSH* compat 0x04000000
debug1: Authenticating to 192.168.0.6:22 as 'root'
debug1: SSH2_MSG_KEXINIT sent
debug1: SSH2_MSG_KEXINIT received
debug1: kex: algorithm: curve25519-sha256
debug1: kex: host key algorithm: ecdsa-sha2-nistp256
debug1: kex: server->client cipher: chacha20-poly1305@openssh.com MAC: <implicit> compression: none
debug1: kex: client->server cipher: chacha20-poly1305@openssh.com MAC: <implicit> compression: none
debug1: rekey out after 134217728 blocks
debug1: SSH2_MSG_NEWKEYS sent
debug1: expecting SSH2_MSG_NEWKEYS
debug1: SSH2_MSG_NEWKEYS received
debug1: rekey in after 134217728 blocks
debug1: Will attempt key: /home/tlyu/dfs-fuzzing/disk-images/glusterfs-images/focal.id_rsa RSA SHA256:QIWS4tuunVotoxxddPCtr9GZw0tGyObh4l0/OC+LLZc explicit
debug1: SSH2_MSG_EXT_INFO received
debug1: kex_input_ext_info: server-sig-algs=<ssh-ed25519,sk-ssh-ed25519@openssh.com,ssh-rsa,rsa-sha2-256,rsa-sha2-512,ssh-dss,ecdsa-sha2-nistp256,ecdsa-sha2-nistp384,ecdsa-sha2-nistp521,sk-ecdsa-sha2-nistp256@openssh.com>
debug1: SSH2_MSG_SERVICE_ACCEPT received
debug1: expecting SSH2_MSG_KEX_ECDH_REPLY
debug1: Authentications that can continue: publickey,password
debug1: Next authentication method: publickey
debug1: Offering public key: /home/tlyu/dfs-fuzzing/disk-images/glusterfs-images/focal.id_rsa RSA SHA256:QIWS4tuunVotoxxddPCtr9GZw0tGyObh4l0/OC+LLZc explicit
debug1: SSH2_MSG_KEXINIT received
debug1: kex: algorithm: curve25519-sha256
debug1: kex: host key algorithm: ecdsa-sha2-nistp256
debug1: kex: server->client cipher: chacha20-poly1305@openssh.com MAC: <implicit> compression: none
debug1: kex: client->server cipher: chacha20-poly1305@openssh.com MAC: <implicit> compression: none
debug1: Server accepts key: /home/tlyu/dfs-fuzzing/disk-images/glusterfs-images/focal.id_rsa RSA SHA256:QIWS4tuunVotoxxddPCtr9GZw0tGyObh4l0/OC+LLZc explicit
debug1: expecting SSH2_MSG_KEX_ECDH_REPLY
debug1: Server host key: ecdsa-sha2-nistp256 SHA256:prHFi1G5XXPuzxIh2a5lJaY6ZWltf3+ajD/hEOIDid8
Warning: Permanently added '192.168.0.5' (ECDSA) to the list of known hosts.
debug1: rekey out after 134217728 blocks
debug1: SSH2_MSG_NEWKEYS sent
debug1: expecting SSH2_MSG_NEWKEYS
debug1: SSH2_MSG_NEWKEYS received
debug1: rekey in after 134217728 blocks
debug1: Will attempt key: /home/tlyu/dfs-fuzzing/disk-images/glusterfs-images/focal.id_rsa RSA SHA256:QIWS4tuunVotoxxddPCtr9GZw0tGyObh4l0/OC+LLZc explicit
debug1: SSH2_MSG_EXT_INFO received
debug1: kex_input_ext_info: server-sig-algs=<ssh-ed25519,sk-ssh-ed25519@openssh.com,ssh-rsa,rsa-sha2-256,rsa-sha2-512,ssh-dss,ecdsa-sha2-nistp256,ecdsa-sha2-nistp384,ecdsa-sha2-nistp521,sk-ecdsa-sha2-nistp256@openssh.com>
debug1: SSH2_MSG_SERVICE_ACCEPT received
debug1: Authentications that can continue: publickey,password
debug1: Next authentication method: publickey
debug1: Offering public key: /home/tlyu/dfs-fuzzing/disk-images/glusterfs-images/focal.id_rsa RSA SHA256:QIWS4tuunVotoxxddPCtr9GZw0tGyObh4l0/OC+LLZc explicit
debug1: Server accepts key: /home/tlyu/dfs-fuzzing/disk-images/glusterfs-images/focal.id_rsa RSA SHA256:QIWS4tuunVotoxxddPCtr9GZw0tGyObh4l0/OC+LLZc explicit
debug1: Server host key: ecdsa-sha2-nistp256 SHA256:prHFi1G5XXPuzxIh2a5lJaY6ZWltf3+ajD/hEOIDid8
Warning: Permanently added '192.168.0.6' (ECDSA) to the list of known hosts.
debug1: rekey out after 134217728 blocks
debug1: SSH2_MSG_NEWKEYS sent
debug1: expecting SSH2_MSG_NEWKEYS
debug1: SSH2_MSG_NEWKEYS received
debug1: rekey in after 134217728 blocks
debug1: Will attempt key: /home/tlyu/dfs-fuzzing/disk-images/glusterfs-images/focal.id_rsa RSA SHA256:QIWS4tuunVotoxxddPCtr9GZw0tGyObh4l0/OC+LLZc explicit
debug1: SSH2_MSG_EXT_INFO received
debug1: kex_input_ext_info: server-sig-algs=<ssh-ed25519,sk-ssh-ed25519@openssh.com,ssh-rsa,rsa-sha2-256,rsa-sha2-512,ssh-dss,ecdsa-sha2-nistp256,ecdsa-sha2-nistp384,ecdsa-sha2-nistp521,sk-ecdsa-sha2-nistp256@openssh.com>
debug1: SSH2_MSG_SERVICE_ACCEPT received
debug1: Authentications that can continue: publickey,password
debug1: Next authentication method: publickey
debug1: Offering public key: /home/tlyu/dfs-fuzzing/disk-images/glusterfs-images/focal.id_rsa RSA SHA256:QIWS4tuunVotoxxddPCtr9GZw0tGyObh4l0/OC+LLZc explicit
debug1: Server accepts key: /home/tlyu/dfs-fuzzing/disk-images/glusterfs-images/focal.id_rsa RSA SHA256:QIWS4tuunVotoxxddPCtr9GZw0tGyObh4l0/OC+LLZc explicit
debug1: Authentication succeeded (publickey).
Authenticated to 192.168.0.9 ([192.168.0.9]:22).
debug1: channel 0: new [client-session]
debug1: Requesting no-more-sessions@openssh.com
debug1: Entering interactive session.
debug1: pledge: network
debug1: Authentications that can continue: publickey,password
debug1: Next authentication method: publickey
debug1: Offering public key: /home/tlyu/dfs-fuzzing/disk-images/glusterfs-images/focal.id_rsa RSA SHA256:QIWS4tuunVotoxxddPCtr9GZw0tGyObh4l0/OC+LLZc explicit
debug1: SSH2_MSG_SERVICE_ACCEPT received
debug1: Authentication succeeded (publickey).
Authenticated to 192.168.0.7 ([192.168.0.7]:22).
debug1: channel 0: new [client-session]
debug1: Requesting no-more-sessions@openssh.com
debug1: Entering interactive session.
debug1: pledge: network
debug1: Server accepts key: /home/tlyu/dfs-fuzzing/disk-images/glusterfs-images/focal.id_rsa RSA SHA256:QIWS4tuunVotoxxddPCtr9GZw0tGyObh4l0/OC+LLZc explicit
debug1: Authentications that can continue: publickey,password
debug1: Next authentication method: publickey
debug1: Offering public key: /home/tlyu/dfs-fuzzing/disk-images/glusterfs-images/focal.id_rsa RSA SHA256:QIWS4tuunVotoxxddPCtr9GZw0tGyObh4l0/OC+LLZc explicit
debug1: Authentication succeeded (publickey).
Authenticated to 192.168.0.5 ([192.168.0.5]:22).
debug1: Server accepts key: /home/tlyu/dfs-fuzzing/disk-images/glusterfs-images/focal.id_rsa RSA SHA256:QIWS4tuunVotoxxddPCtr9GZw0tGyObh4l0/OC+LLZc explicit
debug1: channel 0: new [client-session]
debug1: Requesting no-more-sessions@openssh.com
debug1: Entering interactive session.
debug1: pledge: network
debug1: Authentication succeeded (publickey).
Authenticated to 192.168.0.6 ([192.168.0.6]:22).
debug1: channel 0: new [client-session]
debug1: Requesting no-more-sessions@openssh.com
debug1: Entering interactive session.
debug1: pledge: network
debug1: Authentication succeeded (publickey).
Authenticated to 192.168.0.8 ([192.168.0.8]:22).
debug1: channel 0: new [client-session]
debug1: Requesting no-more-sessions@openssh.com
debug1: Entering interactive session.
debug1: pledge: network
debug1: client_input_global_request: rtype hostkeys-00@openssh.com want_reply 0
debug1: Remote: /root/.ssh/authorized_keys:1: key options: agent-forwarding port-forwarding pty user-rc x11-forwarding
debug1: client_input_global_request: rtype hostkeys-00@openssh.com want_reply 0
debug1: Remote: /root/.ssh/authorized_keys:1: key options: agent-forwarding port-forwarding pty user-rc x11-forwarding
debug1: client_input_global_request: rtype hostkeys-00@openssh.com want_reply 0
debug1: Remote: /root/.ssh/authorized_keys:1: key options: agent-forwarding port-forwarding pty user-rc x11-forwarding
debug1: client_input_global_request: rtype hostkeys-00@openssh.com want_reply 0
debug1: Remote: /root/.ssh/authorized_keys:1: key options: agent-forwarding port-forwarding pty user-rc x11-forwarding
debug1: client_input_global_request: rtype hostkeys-00@openssh.com want_reply 0
debug1: Remote: /root/.ssh/authorized_keys:1: key options: agent-forwarding port-forwarding pty user-rc x11-forwarding
debug1: Remote: /root/.ssh/authorized_keys:1: key options: agent-forwarding port-forwarding pty user-rc x11-forwarding
debug1: Sending command: /root/syz-executor exec 1 4 glusterfs 3 5 192.168.0.5 0 "3 2 ''" false false false true false
debug1: Remote: /root/.ssh/authorized_keys:1: key options: agent-forwarding port-forwarding pty user-rc x11-forwarding
debug1: Sending command: /root/syz-executor exec 0 0 glusterfs 3 5 192.168.0.5 0 "3 2 ''" false false false true false
----- is restarting 0
---- dfs_name glusterfs is_dfs_client 1
before receiving handshake request
[    0.000000] kernel: Linux version 5.15.0+ (tlyu@IC-RS3-DPC07) (gcc (Ubuntu 9.4.0-1ubuntu1~20.04.1) 9.4.0, GNU ld (GNU Binutils for Ubuntu) 2.34) #8 SMP Fri Jun 3 16:18:40 CEST 2022
[    0.000000] kernel: Command line: root=/dev/sda console=ttyS0 net.ifnames=0 ip=192.168.0.9 quiet nokaslr
[    0.000000] kernel: x86/fpu: Supporting XSAVE feature 0x001: 'x87 floating point registers'
[    0.000000] kernel: x86/fpu: Supporting XSAVE feature 0x002: 'SSE registers'
[    0.000000] kernel: x86/fpu: Supporting XSAVE feature 0x004: 'AVX registers'
[    0.000000] kernel: x86/fpu: Supporting XSAVE feature 0x008: 'MPX bounds registers'
[    0.000000] kernel: x86/fpu: Supporting XSAVE feature 0x010: 'MPX CSR'
[    0.000000] kernel: x86/fpu: Supporting XSAVE feature 0x020: 'AVX-512 opmask'
[    0.000000] kernel: x86/fpu: Supporting XSAVE feature 0x040: 'AVX-512 Hi256'
[    0.000000] kernel: x86/fpu: Supporting XSAVE feature 0x080: 'AVX-512 ZMM_Hi256'
[    0.000000] kernel: x86/fpu: Supporting XSAVE feature 0x200: 'Protection Keys User registers'
[    0.000000] kernel: x86/fpu: xstate_offset[2]:  576, xstate_sizes[2]:  256
[    0.000000] kernel: x86/fpu: xstate_offset[3]:  832, xstate_sizes[3]:   64
[    0.000000] kernel: x86/fpu: xstate_offset[4]:  896, xstate_sizes[4]:   64
[    0.000000] kernel: x86/fpu: xstate_offset[5]:  960, xstate_sizes[5]:   64
[    0.000000] kernel: x86/fpu: xstate_offset[6]: 1024, xstate_sizes[6]:  512
[    0.000000] kernel: x86/fpu: xstate_offset[7]: 1536, xstate_sizes[7]: 1024
[    0.000000] kernel: x86/fpu: xstate_offset[9]: 2560, xstate_sizes[9]:    8
[    0.000000] kernel: x86/fpu: Enabled xstate features 0x2ff, context size is 2568 bytes, using 'compacted' format.
[    0.000000] kernel: signal: max sigframe size: 3632
[    0.000000] kernel: BIOS-provided physical RAM map:
[    0.000000] kernel: BIOS-e820: [mem 0x0000000000000000-0x000000000009fbff] usable
[    0.000000] kernel: BIOS-e820: [mem 0x000000000009fc00-0x000000000009ffff] reserved
[    0.000000] kernel: BIOS-e820: [mem 0x00000000000f0000-0x00000000000fffff] reserved
[    0.000000] kernel: BIOS-e820: [mem 0x0000000000100000-0x00000000bffdffff] usable
[    0.000000] kernel: BIOS-e820: [mem 0x00000000bffe0000-0x00000000bfffffff] reserved
[    0.000000] kernel: BIOS-e820: [mem 0x00000000feffc000-0x00000000feffffff] reserved
[    0.000000] kernel: BIOS-e820: [mem 0x00000000fffc0000-0x00000000ffffffff] reserved
[    0.000000] kernel: BIOS-e820: [mem 0x0000000100000000-0x00000002bfffffff] usable
[    0.000000] kernel: NX (Execute Disable) protection: active
[    0.000000] kernel: SMBIOS 2.8 present.
[    0.000000] kernel: DMI: QEMU Standard PC (i440FX + PIIX, 1996), BIOS 1.13.0-1ubuntu1.1 04/01/2014
[    0.000000] kernel: Hypervisor detected: KVM
[    0.000000] kernel: kvm-clock: Using msrs 4b564d01 and 4b564d00
[    0.000000] kernel: kvm-clock: cpu 0, msr 5b58001, primary cpu clock
[    0.000002] kernel: kvm-clock: using sched offset of 525993523 cycles
[    0.000011] kernel: clocksource: kvm-clock: mask: 0xffffffffffffffff max_cycles: 0x1cd42e4dffb, max_idle_ns: 881590591483 ns
[    0.000024] kernel: tsc: Detected 2496.000 MHz processor
[    0.008288] kernel: e820: update [mem 0x00000000-0x00000fff] usable ==> reserved
[    0.008314] kernel: e820: remove [mem 0x000a0000-0x000fffff] usable
[    0.008334] kernel: last_pfn = 0x2c0000 max_arch_pfn = 0x400000000
[    0.008402] kernel: x86/PAT: Configuration [0-7]: WB  WC  UC- UC  WB  WP  UC- WT  
[    0.008415] kernel: last_pfn = 0xbffe0 max_arch_pfn = 0x400000000
[    0.018763] kernel: found SMP MP-table at [mem 0x000f5c80-0x000f5c8f]
[    0.018879] kernel: Using GB pages for direct mapping
[    0.019968] kernel: ACPI: Early table checksum verification disabled
[    0.019990] kernel: ACPI: RSDP 0x00000000000F5A50 000014 (v00 BOCHS )
[    0.020019] kernel: ACPI: RSDT 0x00000000BFFE15C9 000030 (v01 BOCHS  BXPCRSDT 00000001 BXPC 00000001)
[    0.020046] kernel: ACPI: FACP 0x00000000BFFE149D 000074 (v01 BOdebug1: Remote: /root/.ssh/authorized_keys:1: key options: agent-forwarding port-forwarding pty user-rc x11-forwarding
debug1: Sending command: /root/syz-executor exec 0 1 glusterfs 3 5 192.168.0.5 0 "3 2 ''" false false false true false
CHS  BXPCFACP 00000001 BXPC 00000001)
[    0.020075] kernel: ACPI: DSDT 0x00000000BFFE0040 00145D (v01 BOCHS  BXPCDSDT 00000001 BXPC 00000001)
[    0.020099] kernel: ACPI: FACS 0x00000000BFFE0000 000040
[    0.020116] kernel: ACPI: APIC 0x00000000BFFE1511 000080 (v01 BOCHS  BXPCAPIC 00000001 BXPC 00000001)
[    0.020140] kernel: ACPI: HPET 0x00000000BFFE1591 000038 (v01 BOCHS  BXPCHPET 00000001 BXPC 00000001)
[    0.020161] kernel: ACPI: Reserving FACP table memory at [mem 0xbffe149d-0xbffe1510]
[    0.020171] kernel: ACPI: Reserving DSDT table memory at [mem 0xbffe0040-0xbffe149c]
[    0.020180] kernel: ACPI: Reserving FACS table memory at [mem 0xbffe0000-0xbffe003f]
[    0.020189] kernel: ACPI: Reserving APIC table memory at [mem 0xbffe1511-0xbffe1590]
[    0.020198] kernel: ACPI: Reserving HPET table memory at [mem 0xbffe1591-0xbffe15c8]
[    0.021510] kernel: No NUMA configuration found
[    0.021521] kernel: Faking a node at [mem 0x0000000000000000-0x00000002bfffffff]
[    0.021547] kernel: NODE_DATA(0) allocated [mem 0x2bfffa000-0x2bfffdfff]
[    0.021712] kernel: Zone ranges:
[    0.021720] kernel:   DMA      [mem 0x0000000000001000-0x0000000000ffffff]
[    0.021737] kernel:   DMA32    [mem 0x0000000001000000-0x00000000ffffffff]
[    0.021752] kernel:   Normal   [mem 0x0000000100000000-0x00000002bfffffff]
[    0.021768] kernel: Movable zone start for each node
[    0.021775] kernel: Early memory node ranges
[    0.021780] kernel:   node   0: [mem 0x0000000000001000-0x000000000009efff]
[    0.021795] kernel:   node   0: [mem 0x0000000000100000-0x00000000bffdffff]
[    0.021811] kernel:   node   0: [mem 0x0000000100000000-0x00000002bfffffff]
[    0.021830] kernel: Initmem setup node 0 [mem 0x0000000000001000-0x00000002bfffffff]
[    0.022107] kernel: On node 0, zone DMA: 1 pages in unavailable ranges
[    0.022252] kernel: On node 0, zone DMA: 97 pages in unavailable ranges
[    0.114194] kernel: On node 0, zone Normal: 32 pages in unavailable ranges
[    0.381210] kernel: kasan: KernelAddressSanitizer initialized
[    0.381698] kernel: ACPI: PM-Timer IO Port: 0x608
[    0.381728] kernel: ACPI: LAPIC_NMI (acpi_id[0xff] dfl dfl lint[0x1])
[    0.381792] kernel: IOAPIC[0]: apic_id 0, version 17, address 0xfec00000, GSI 0-23
[    0.381813] kernel: ACPI: INT_SRC_OVR (bus 0 bus_irq 0 global_irq 2 dfl dfl)
[    0.381829] kernel: ACPI: INT_SRC_OVR (bus 0 bus_irq 5 global_irq 5 high level)
[    0.381843] kernel: ACPI: INT_SRC_OVR (bus 0 bus_irq 9 global_irq 9 high level)
[    0.381856] kernel: ACPI: INT_SRC_OVR (bus 0 bus_irq 10 global_irq 10 high level)
[    0.381870] kernel: ACPI: INT_SRC_OVR (bus 0 bus_irq 11 global_irq 11 high level)
[    0.381896] kernel: ACPI: Using ACPI (MADT) for SMP configuration information
[    0.381903] kernel: ACPI: HPET id: 0x8086a201 base: 0xfed00000
[    0.381920] kernel: TSC deadline timer available
[    0.381927] kernel: smpboot: Allowing 2 CPUs, 0 hotplug CPUs
[    0.381973] kernel: kvm-guest: KVM setup pv remote TLB flush
[    0.381984] kernel: kvm-guest: setup PV sched yield
[    0.382039] kernel: PM: hibernation: Registered nosave memory: [mem 0x00000000-0x00000fff]
[    0.382055] kernel: PM: hibernation: Registered nosave memory: [mem 0x0009f000-0x0009ffff]
[    0.382065] kernel: PM: hibernation: Registered nosave memory: [mem 0x000a0000-0x000effff]
[    0.382075] kernel: PM: hibernation: Registered nosave memory: [mem 0x000f0000-0x000fffff]
[    0.382090] kernel: PM: hibernation: Registered nosave memory: [mem 0xbffe0000-0xbfffffff]
[    0.382100] kernel: PM: hibernation: Registered nosave memory: [mem 0xc0000000-0xfeffbfff]
[    0.382109] kernel: PM: hibernation: Registered nosave memory: [mem 0xfeffc000-0xfeffffff]
[    0.382119] kernel: PM: hibernation: Registered nosave memory: [mem 0xff000000-0xfffbffff]
[    0.382129] kernel: PM: hibernation: Registered nosave memory: [mem 0xfffc0000-0xffffffff]
[    0.382143] kernel: [mem 0xc0000000-0xfeffbfff] available for PCI devices
[    0.3----- is restarting 0
---- dfs_name glusterfs is_dfs_client 0
unlink FIFO failed: No such file or directory
[    0.000000] kernel: Linux version 5.15.0+ (tlyu@IC-RS3-DPC07) (gcc (Ubuntu 9.4.0-1ubuntu1~20.04.1) 9.4.0, GNU ld (GNU Binutils for Ubuntu) 2.34) #8 SMP Fri Jun 3 16:18:40 CEST 2022
[    0.000000] kernel: Command line: root=/dev/sda console=ttyS0 net.ifnames=0 ip=192.168.0.5 quiet nokaslr
[    0.000000] kernel: x86/fpu: Supporting XSAVE feature 0x001: 'x87 floating point registers'
[    0.000000] kernel: x86/fpu: Supporting XSAVE feature 0x002: 'SSE registers'
[    0.000000] kernel: x86/fpu: Supporting XSAVE feature 0x004: 'AVX registers'
[    0.000000] kernel: x86/fpu: Supporting XSAVE feature 0x008: 'MPX bounds registers'
[    0.000000] kernel: x86/fpu: Supporting XSAVE feature 0x010: 'MPX CSR'
[    0.000000] kernel: x86/fpu: Supporting XSAVE feature 0x020: 'AVX-512 opmask'
[    0.000000] kernel: x86/fpu: Supporting XSAVE feature 0x040: 'AVX-512 Hi256'
[    0.000000] kernel: x86/fpu: Supporting XSAVE feature 0x080: 'AVX-512 ZMM_Hi256'
[    0.000000] kernel: x86/fpu: Supporting XSAVE feature 0x200: 'Protection Keys User registers'
[    0.000000] kernel: x86/fpu: xstate_offset[2]:  576, xstate_sizes[2]:  256
[    0.000000] kernel: x86/fpu: xstate_offset[3]:  832, xstate_sizes[3]:   64
[    0.000000] kernel: x86/fpu: xstate_offset[4]:  896, xstate_sizes[4]:   64
[    0.000000] kernel: x86/fpu: xstate_offset[5]:  960, xstate_sizes[5]:   64
[    0.000000] kernel: x86/fpu: xstate_offset[6]: 1024, xstate_sizes[6]:  512
[    0.000000] kernel: x86/fpu: xstate_offset[7]: 1536, xstate_sizes[7]: 1024
[    0.000000] kernel: x86/fpu: xstate_offset[9]: 2560, xstate_sizes[9]:    8
[    0.000000] kernel: x86/fpu: Enabled xstate features 0x2ff, context size is 2568 bytes, using 'compacted' format.
[    0.000000] kernel: signal: max sigframe size: 3632
[    0.000000] kernel: BIOS-provided physical RAM map:
[    0.000000] kernel: BIOS-e820: [mem 0x0000000000000000-0x000000000009fbff] usable
[    0.000000] kernel: BIOS-e820: [mem 0x000000000009fc00-0x000000000009ffff] reserved
[    0.000000] kernel: BIOS-e820: [mem 0x00000000000f0000-0x00000000000fffff] reserved
[    0.000000] kernel: BIOS-e820: [mem 0x0000000000100000-0x00000000bffdcfff] usable
[    0.000000] kernel: BIOS-e820: [mem 0x00000000bffdd000-0x00000000bfffffff] reserved
[    0.000000] kernel: BIOS-e820: [mem 0x00000000feffc000-0x00000000feffffff] reserved
[    0.000000] kernel: BIOS-e820: [mem 0x00000000fffc0000-0x00000000ffffffff] reserved
[    0.000000] kernel: BIOS-e820: [mem 0x0000000100000000-0x00000002bfffffff] usable
[    0.000000] kernel: NX (Execute Disable) protection: active
[    0.000000] kernel: SMBIOS 2.8 present.
[    0.000000] kernel: DMI: QEMU Standard PC (i440FX + PIIX, 1996), BIOS 1.13.0-1ubuntu1.1 04/01/2014
[    0.000000] kernel: Hypervisor detected: KVM
[    0.000000] kernel: kvm-clock: Using msrs 4b564d01 and 4b564d00
[    0.000000] kernel: kvm-clock: cpu 0, msr 5b58001, primary cpu clock
[    0.000004] kernel: kvm-clock: using sched offset of 562200921 cycles
[    0.000019] kernel: clocksource: kvm-clock: mask: 0xffffffffffffffff max_cycles: 0x1cd42e4dffb, max_idle_ns: 881590591483 ns
[    0.000043] kernel: tsc: Detected 2496.000 MHz processor
[    0.008169] kernel: e820: update [mem 0x00000000-0x00000fff] usable ==> reserved
[    0.008216] kernel: e820: remove [mem 0x000a0000-0x000fffff] usable
[    0.008246] kernel: last_pfn = 0x2c0000 max_arch_pfn = 0x400000000
[    0.008337] kernel: x86/PAT: Configuration [0-7]: WB  WC  UC- UC  WB  WP  UC- WT  
[    0.008356] kernel: last_pfn = 0xbffdd max_arch_pfn = 0x400000000
[    0.018381] kernel: found SMP MP-table at [mem 0x000f5c70-0x000f5c7f]
[    0.018544] kernel: Using GB pages for direct mapping
[    0.019878] kernel: ACPI: Early table checksum verification disabled
[    0.019902] kernel: ACPI: RSDP 0x00000000000F5A40 000014 (v00 BOCHS )
[    0.019932] kernel: ACPI: RSDT 0x00000000BFFE15C9 000030 (v01 BOCHS  BXPCRSDT 00000001 BXPC 00000001)
[    0.019975] kernel: ACPI: FACP 0x00000000BFFE149D 000074 (v01 BOCHS  BXPCFACP 00000001 BXPC 00000001)
[    0.020024] kernel: ACPI: DSDT 0x00000000BFFE0040 00145D (v01 BOCHS  BXPCDSDT 00000001 BXPC 00000001)
[    0.020063] kernel: ACPI: FACS 0x00000000BFFE0000 000040
[    0.020092] kernel: ACPI: APIC 0x00000000BFFE1511 000080 (v01 BOCHS  BXPCAPIC 00000001 BXPC 00000001)
[    0.020131] kernel: ACPI: HPET 0x00000000BFFE1591 000038 (v01 BOCHS  BXPCHPET 00000001 BXPC 00000001)
[    0.020164] kernel: ACPI: Reserving FACP table memory at [mem 0xbffe149d-0xbffe1510]
[    0.020179] kernel: ACPI: Reserving DSDT table memory at [mem 0xbffe0040-0xbffe149c]
[    0.020189] kernel: ACPI: Reserving FACS table memory at [mem 0xbffe0000-0xbffe003f]
[    0.020198] kernel: ACPI: Reserving APIC table memory at [mem 0xbffe1511-0xbffe1590]
[    0.020206] kernel: ACPI: Reserving HPET table memory at [mem 0xbffe1591-0xbffe15c8]
[    0.021397] kernel: No NUMA configuration found
[    0.021411] kernel: Faking a node at [mem 0x0000000000000000-0x00000002bfffffff]
[    0.021439] kernel: NODE_DATA(0) allocated [mem 0x2bfffa000-0x2bfffdfff]
[    0.021599] kernel: Zone ranges:
[    0.021605] kernel:   DMA      [mem 0x0000000000001000-0x0000000000ffffff]
[    0.021618] kernel:   DMA32    [mem 0x0000000001000000-0x00000000ffffffff]
[    0.021629] kernel:   Normal   [mem 0x0000000100000000-0x00000002bfffffff]
[    0.021639] kernel: Movable zone start for each node
[    0.021643] kernel: Early memory node ranges
[    0.021646] kernel:   node   0: [mem 0x0000000000001000-0x000000000009efff]
[    0.021656] kernel:   node   0: [mem 0x0000000000100000-0x00000000bffdcfff]
[    0.021665] kernel:   node   0: [mem 0x0000000100000000-0x00000002bfffffff]
[    0.021678] kernel: Initmem setup node 0 [mem 0x0000000000001000-0x00000002bfffffff]
[    0.022179] kernel: On node 0, zone DMA: 1 pages in unavailable ranges
[    0.022323] kernel: On node 0, zone DMA: 97 pages in unavailable ranges
[    0.138958] kernel: On node 0, zone Normal: 35 pages in unavailable ranges
[    0.5----- is restarting 0
---- dfs_name glusterfs is_dfs_client 0
20603] kernel: kasan: KernelAddressSanitizer initialized
[    0.521115] kernel: ACPI: PM-Timer IO Port: 0x608
[    0.521159] kernel: ACPI: LAPIC_NMI (acpi_id[0xff] dfl dfl lint[0x1])
[    0.521236] kernel: IOAPIC[0]: apic_id 0, version 17, address 0xfec00000, GSI 0-23
[    0.521261] kernel: ACPI: INT_SRC_OVR (bus 0 bus_irq 0 global_irq 2 dfl dfl)
[    0.521278] kernel: ACPI: INT_SRC_OVR (bus 0 bus_irq 5 global_irq 5 high level)
[    0.521293] kernel: ACPI: INT_SRC_OVR (bus 0 bus_irq 9 global_irq 9 high level)
[    0.521308] kernel: ACPI: INT_SRC_OVR (bus 0 bus_irq 10 global_irq 10 high level)
[    0.521323] kernel: ACPI: INT_SRC_OVR (bus 0 bus_irq 11 global_irq 11 high level)
[    0.521352] kernel: ACPI: Using ACPI (MADT) for SMP configuration information
[    0.521360] kernel: ACPI: HPET id: 0x8086a201 base: 0xfed00000
[    0.521381] kernel: TSC deadline timer available
[    0.521387] kernel: smpboot: Allowing 2 CPUs, 0 hotplug CPUs
[    0.521444] kernel: kvm-guest: KVM setup pv remote TLB flush
[    0.521455] kernel: kvm-guest: setup PV sched yield
[    0.521523] kernel: PM: hibernation: Registered nosave memory: [mem 0x00000000-0x00000fff]
[    0.521542] kernel: PM: hibernation: Registered nosave memory: [mem 0x0009f000-0x0009ffff]
[    0.521553] kernel: PM: hibernation: Registered nosave memory: [mem 0x000a0000-0x000effff]
[    0.521564] kernel: PM: hibernation: Registered nosave memory: [mem 0x000f0000-0x000fffff]
[    0.521580] kernel: PM: hibernation: Registered nosave memory: [mem 0xbffdd000-0xbfffffff]
[    0.521592] kernel: PM: hibernation: Registered nosave memory: [mem 0xc0000000-0xfeffbfff]
[    0.521602] kernel: PM: hibernation: Registered nosave memory: [mem 0xfeffc000-0xfeffffff]
[    0.521613] kernel: PM: hibernation: Registered nosave memory: [mem 0xff000000-0xfffbffff]
[    0.521624] kernel: PM: hibernation: Registered nosave memory: [mem 0xfffc0000-0xffffffff]
[    0.521642] kernel: [mem 0xc0000000-0xfeffbfff] available for PCI devices
[    0.521653] kernel: Booting paravirtualized kernel on KVM
[    0.521665] kernel: clocksource: refined-jiffies: mask: 0xffffffff max_cycles: 0xffffffff, max_idle_ns: 1910969940391419 ns
[    0.539052] kernel: setup_percpu: NR_CPUS:64 nr_cpumask_bits:64 nr_cpu_ids:2 nr_node_ids:1
[    0.539817] kernel: percpu: Embedded 56 pages/cpu s191576 r8192 d29608 u1048576
[    0.539878] kernel: pcpu-alloc: s191576 r8192 d29608 u1048576 alloc=1*2097152
[    0.539907] kernel: pcpu-alloc: [0] 0 1 
[    0.540058] kernel: kvm-guest: setup async PF for cpu 0
[    0.540073] kernel: kvm-guest: stealtime: cpu 0, msr 26521f140
[    0.540089] kernel: Built 1 zonelists, mobility grouping on.  Total pages: 2580189
[    0.540102] kernel: Policy zone: Normal
[    0.540110] kernel: Kernel command line: root=/dev/sda console=ttyS0 net.ifnames=0 ip=192.168.0.5 quiet nokaslr
[    0.540616] kernel: Unknown command line parameters: nokaslr
[    0.544777] kernel: Dentry cache hash table entries: 2097152 (order: 12, 16777216 bytes, linear)
[    0.547313] kernel: Inode-cache hash table entries: 1048576 (order: 11, 8388608 bytes, linear)
[    0.547497] kernel: mem auto-init: stack:off, heap alloc:off, heap free:off
[    0.812355] kernel: Memory: 8818308K/10485228K available (47117K kernel code, 10298K rwdata, 7204K rodata, 2068K init, 2860K bss, 1666664K reserved, 0K cma-reserved)
[    0.812789] kernel: SLUB: HWalign=64, Order=0-3, MinObjects=0, CPUs=2, Nodes=1
[    0.813356] kernel: rcu: Hierarchical RCU implementation.
[    0.813364] kernel: rcu:         RCU event tracing is enabled.
[    0.813371] kernel: rcu:         RCU restricting CPUs from NR_CPUS=64 to nr_cpu_ids=2.
[    0.813386] kernel: rcu: RCU calculated value of scheduler-enlistment delay is 100 jiffies.
[    0.813397] kernel: rcu: Adjusting geometry for rcu_fanout_leaf=16, nr_cpu_ids=2
[    0.830148] kernel: NR_IRQS: 4352, nr_irqs: 440, preallocated irqs: 16
[    0.830780] kernel: random: get_random_bytes called from start_kernel+0x22b/0x456 fsync test_dir /root/req 3
82152] kernel: Booting paravirtualized kernel on KVM
[    0.382162] kernel: clocksource: refined-jiffies: mask: 0xffffffff max_cycles: 0xffffffff, max_idle_ns: 1910969940391419 ns
[    0.401193] kernel: setup_percpu: NR_CPUS:64 nr_cpumask_bits:64 nr_cpu_ids:2 nr_node_ids:1
[    0.401769] kernel: percpu: Embedded 56 pages/cpu s191576 r8192 d29608 u1048576
[    0.401818] kernel: pcpu-alloc: s191576 r8192 d29608 u1048576 alloc=1*2097152
[    0.401842] kernel: pcpu-alloc: [0] 0 1 
[    0.401972] kernel: kvm-guest: setup async PF for cpu 0
[    0.401987] kernel: kvm-guest: stealtime: cpu 0, msr 26521f140
[    0.402005] kernel: Built 1 zonelists, mobility grouping on.  Total pages: 2580192
[    0.402019] kernel: Policy zone: Normal
[    0.402028] kernel: Kernel command line: root=/dev/sda console=ttyS0 net.ifnames=0 ip=192.168.0.9 quiet nokaslr
[    0.402542] kernel: Unknown command line parameters: nokaslr
[    0.406338] kernel: Dentry cache hash table entries: 2097152 (order: 12, 16777216req.flags ea3
 bytes, linear)
[    0.408417] kernel: Inode-cache hash table entries: 1048576 (order: 11, 8388608 bytes, linear)
[    0.408595] kernel: mem auto-init: stack:off, heap alloc:off, heap free:off
[    0.727095] kernel: Memory: 8818320K/10485240K available (47117K kernel code, 10298K rwdata, 7204K rodata, 2068K init, 2860K bss, 1666664K reserved, 0K cma-reserved)
[    0.727559] kernel: SLUB: HWalign=64, Order=0-3, MinObjects=0, CPUs=2, Nodes=1
[    0.728579] kernel: rcu: Hierarchical RCU implementation.
[    0.728592] kernel: rcu:         RCU event tracing is enabled.
[    0.728599] kernel: rcu:         RCU restricting CPUs from NR_CPUS=64 to nr_cpu_ids=2.
[    0.728617] kernel: rcu: RCU calculated value of scheduler-enlistment delay is 100 jiffies.
[    0.728629] kernel: rcu: Adjusting geometry for rcu_fanout_leaf=16, nr_cpu_ids=2
[    0.747009] kernel: NR_IRQS: 4352, nr_irqs: 440, preallocated irqs: 16
[    0.747790] kernel: random: get_random_bytes called from start_kernel+0x22b/0x456 with crng_init=0
[    0.753385] kernel: Console: colour VGA+ 80x25
[    0.753601] kernel: printk: console [ttyS0] enabled
[    0.753731] kernel: ACPI: Core revision 20210730
[    0.754193] kernel: clocksource: hpet: mask: 0xffffffff max_cycles: 0xffffffff, max_idle_ns: 19112604467 ns
[    0.754408] kernel: APIC: Switch to symmetric I/O mode setup
[    0.754426] kernel: kvm-guest: setup PV IPIs
[    0.755973] kernel: ..TIMER: vector=0x30 apic1=0 pin1=2 apic2=-1 pin2=-1
[    0.756059] kernel: clocksource: tsc-early: mask: 0xffffffffffffffff max_cycles: 0x23fa772cf26, max_idle_ns: 440795269835 ns
[    0.756109] kernel: Calibrating delay loop (skipped) preset value.. 4992.00 BogoMIPS (lpj=2496000)
[    0.756128] kernel: pid_max: default: 32768 minimum: 301
[    0.756288] kernel: LSM: Security Framework initializing
[    0.756356] kernel: SELinux:  Initializing.
[    0.757314] kernel: Mount-cache hash table entries: 32768 (order: 6, 262144 bytes, linear)
[    0.757963] kernel: Mountpoint-cache hash table entries: 32768 (order: 6, 262144 bytes, linear)
[    0.759731] kernel: x86/cpu: User Mode Instruction Prevention (UMIP) activated
[    0.760033] kernel: Last level iTLB entries: 4KB 0, 2MB 0, 4MB 0
[    0.760046] kernel: Last level dTLB entries: 4KB 0, 2MB 0, 4MB 0, 1GB 0
[    0.760089] kernel: Spectre V1 : Mitigation: usercopy/swapgs barriers and __user pointer sanitization
[    0.760089] kernel: Spectre V2 : Mitigation: Enhanced IBRS
[    0.760089] kernel: Spectre V2 : Spectre v2 / SpectreRSB mitigation: Filling RSB on context switch
[    0.760089] kernel: Spectre V2 : mitigation: Enabling conditional Indirect Branch Prediction Barrier
[    0.760089] kernel: Speculative Store Bypass: Mitigation: Speculative Store Bypass disabled via prctl and seccomp
[    0.793114] kernel: Freeing SMP alternatives memory: 40K
[    0.793480] kernel: smpboot: CPU0: 11th Gen Intel(R) Core(TM) i7-11700 @ 2.50GHz (family: 0x6, model: 0xa7, stepping: 0x1)
[    0.793860] kernel: Performancedebug1: Remote: /root/.ssh/authorized_keys:1: key options: agent-forwarding port-forwarding pty user-rc x11-forwarding
debug1: Sending command: /root/syz-executor exec 1 3 glusterfs 3 5 192.168.0.5 0 "3 2 ''" false false false true false
[    0.000000] kernel: Linux version 5.15.0+ (tlyu@IC-RS3-DPC07) (gcc (Ubuntu 9.4.0-1ubuntu1~20.04.1) 9.4.0, GNU ld (GNU Binutils for Ubuntu) 2.34) #8 SMP Fri Jun 3 16:18:40 CEST 2022
[    0.000000] kernel: Command line: root=/dev/sda console=ttyS0 net.ifnames=0 ip=192.168.0.6 quiet nokaslr
[    0.000000] kernel: x86/fpu: Supporting XSAVE feature 0x001: 'x87 floating point registers'
[    0.000000] kernel: x86/fpu: Supporting XSAVE feature 0x002: 'SSE registers'
[    0.000000] kernel: x86/fpu: Supporting XSAVE feature 0x004: 'AVX registers'
[    0.000000] kernel: x86/fpu: Supporting XSAVE feature 0x008: 'MPX bounds registers'
[    0.000000] kernel: x86/fpu: Supporting XSAVE feature 0x010: 'MPX CSR'
[    0.000000] kernel: x86/fpu: Supporting XSAVE feature 0x020: 'AVX-512 opmask'
[    0.000000] kernel: x86/fpu: Supporting XSAVE feature 0x040: 'AVX-512 Hi256'
[    0.000000] kernel: x86/fpu: Supporting XSAVE feature 0x080: 'AVX-512 ZMM_Hi256'
[    0.000000] kernel: x86/fpu: Supporting XSAdebug1: Remote: /root/.ssh/authorized_keys:1: key options: agent-forwarding port-forwarding pty user-rc x11-forwarding
debug1: Sending command: /root/syz-executor exec 0 2 glusterfs 3 5 192.168.0.5 0 "3 2 ''" false false false true false
unlink FIFO failed: No such file or directory
executor 0 finishes userspace_cover_open
before receiving handshake request
with crng_init=0
[    0.836119] kernel: Console: colour VGA+ 80x25
[    0.836287] kernel: printk: console [ttyS0] enabled
[    0.836375] kernel: ACPI: Core revision 20210730
[    0.836768] kernel: clocksource: hpet: mask: 0xffffffff max_cycles: 0xffffffff, max_idle_ns: 19112604467 ns
[    0.836913] kernel: APIC: Switch to symmetric I/O mode setup
[    0.836925] kernel: kvm-guest: setup PV IPIs
[    0.838433] kernel: ..TIMER: vector=0x30 apic1=0 pin1=2 apic2=-1 pin2=-1
[    0.838490] kernel: clocksource: tsc-early: mask: 0xffffffffffffffff max_cycles: 0x23fa772cf26, max_idle_ns: 440795269835 ns
[    0.838523] kernel: Calibrating delay loop (skipped) preset value.. 4992.00 BogoMIPS (lpj=2496000)
[    0.838544] kernel: pid_max: default: 32768 minimum: 301
[    0.838689] kernel: LSM: Security Framework initializing
[    0.838742] kernel: SELinux:  Initializing.
[    0.839567] kernel: Mount-cache hash table entries: 32768 (order: 6, 262144 bytes, linear)
[    0.839840] kernel: Mountpoint-cache hash table entries: 32768 (order: 6, 262144 bytes, linear)
[    0.841040] kernel: x86/cpu: User Mode Instruction Prevention (UMIP) activated
[    0.841292] kernel: Last level iTLB entries: 4KB 0, 2MB 0, 4MB 0
[    0.841307] kernel: Last level dTLB entries: 4KB 0, 2MB 0, 4MB 0, 1GB 0
[    0.841341] kernel: Spectre V1 : Mitigation: usercopy/swapgs barriers and __user pointer sanitization
[    0.841362] kernel: Spectre V2 : Mitigation: Enhanced IBRS
[    0.841370] kernel: Spectre V2 : Spectre v2 / SpectreRSB mitigation: Filling RSB on context switch
[    0.841385] kernel: Spectre V2 : mitigation: Enabling conditional Indirect Branch Prediction Barrier
[    0.841401] kernel: Speculative Store Bypass: Mitigation: Speculative Store Bypass disabled via prctl and seccomp
[    0.867241] kernel: Freeing SMP alternatives memory: 40K
[    0.867512] kernel: smpboot: CPU0: 11th Gen Intel(R) Core(TM) i7-11700 @ 2.50GHz (family: 0x6, model: 0xa7, stepping: 0x1)
[    0.867512] kernel: Performance Events: Icelake events, 32-deep LBR, full-width counters, Intel PMU driver.
[    0.867512] kernel: ... version:                2
[    0.867512] kernel: ... bit width:              48
[    0.867512] kernel: ... generic registers:      8
[    0.867512] kernel: ... value mask:             0000ffffffffffff
[    0.867512] kernel: ... max period:             00007fffffffffff
[    0.867512] kernel: ... fixed-purpose events:   3
[    0.867512] kernel: ... event mask:             00000007000000ff
[    0.867512] kernel: rcu: Hierarchical SRCU implementation.
[    0.869379] kernel: smp: Bringing up secondary CPUs ...
[    0.869675] kernel: x86: Booting SMP configuration:
[    0.869681] kernel: .... node  #0, CPUs:      #1
[    0.007872] kernel: kvm-clock: cpu 1, msr 5b58041, secondary cpu clock
[    0.007872] kernel: smpboot: CPU 1 Converting physical 0 to logical die 1
[    0.870566] kernel: kvm-guest: setup async PF for cpu 1
[    0.870586] kernel: kvm-guest: stealtime: cpu 1, msr 26531f140
[VE feature 0x200: 'Protection Keys User registers'
[    0.000000] kernel: x86/fpu: xstate_offset[2]:  576, xstate_sizes[2]:  256
[    0.000000] kernel: x86/fpu: xstate_offset[3]:  832, xstate_sizes[3]:   64
[    0.000000] kernel: x86/fpu: xstate_offset[4]:  896, xstate_sizes[4]:   64
[    0.000000] kernel: x86/fpu: xstate_offset[5]:  960, xstate_sizes[5]:   64
[    0.000000] kernel: x86/fpu: xstate_offset[6]: 1024, xstate_sizes[6]:  512
[    0.000000] kernel: x86/fpu: xstate_offset[7]: 1536, xstate_sizes[7]: 1024
[    0.000000] kernel: x86/fpu: xstate_offset[9]: 2560, xstate_sizes[9]:    8
[    0.000000] kernel: x86/fpu: Enabled xstate features 0x2ff, context size is 2568 bytes, using 'compacted' format.
[    0.000000] kernel: signal: max sigframe size: 3632
[    0.000000] kernel: BIOS-provided physical RAM map:
[    0.000000] kernel: BIOS-e820: [mem 0x0000000000000000-0x000000000009fbff] usable
[    0.000000] kernel: BIOS-e820: [mem 0x000000000009fc00-0x000000000009ffff] reserved
[      0.870612] kernel: smp: Brought up 1 node, 2 CPUs
[    0.870612] kernel: smpboot: Max logical packages: 2
[    0.870612] kernel: smpboot: Total of 2 processors activated (9984.00 BogoMIPS)
[    0.872115] kernel: devtmpfs: initialized
[    0.878985] kernel: clocksource: jiffies: mask: 0xffffffff max_cycles: 0xffffffff, max_idle_ns: 1911260446275000 ns
[    0.879014] kernel: futex hash table entries: 512 (order: 3, 32768 bytes, linear)
[    0.879756] kernel: PM: RTC time: 03:46:50, date: 2023-12-23
[    0.880481] kernel: NET: Registered PF_NETLINK/PF_ROUTE protocol family
[    0.881734] kernel: audit: initializing netlink subsys (disabled)
[    0.882540] kernel: audit: type=2000 audit(1703303211.213:1): state=initialized audit_enabled=0 res=1
[    0.884393] kernel: thermal_sys: Registered thermal governor 'step_wise'
[    0.884405] kernel: thermal_sys: Registered thermal governor 'user_space'
[    0.884539] kernel: cpuidle: using governor menu
[    0.884991] kernel: ACPI: bus type PCI registered
[    0.885569] kernel: PCI: Using configuration type 1 for base access
[    0.921479] kernel: Kprobes globally optimized
[    0.922729] kernel: HugeTLB registered 2.00 MiB page size, pre-allocated 0 pages
[    0.922729] kernel: cryptomgr_test (26) used greatest stack depth: 30608 bytes left
[    0.925551] kernel: ACPI: Added _OSI(Module Device)
[    0.925562] kernel: ACPI: Added _OSI(Processor Device)
[    0.925570] kernel: ACPI: Added _OSI(3.0 _SCP Extensions)
[    0.925578] kernel: ACPI: Added _OSI(Processor Aggregator Device)
[    0.925591] kernel: ACPI: Added _OSI(Linux-Dell-Video)
[    0.925602] kernel: ACPI: Added _OSI(Linux-Lenovo-NV-HDMI-Audio)
[    0.925614] kernel: ACPI: Added _OSI(Linux-HPI-Hybrid-Graphics)
[    0.945768] kernel: ACPI: 1 ACPI AML tables successfully acquired and loaded
[    0.952152] kernel: ACPI: Interpreter enabled
[    0.952312] kernel: ACPI: PM: (supports S0 S3 S4 S5)
[    0.952324] kernel: ACPI: Using IOAPIC for interrupt routing
[    0.95 Events: Icelake events, 32-deep LBR, full-width counters, Intel PMU driver.
[    0.794254] kernel: ... version:                2
[    0.794264] kernel: ... bit width:              48
[    0.794271] kernel: ... generic registers:      8
[    0.794277] kernel: ... value mask:             0000ffffffffffff
[    0.794285] kernel: ... max period:             00007fffffffffff
[    0.794293] kernel: ... fixed-purpose events:   3
[    0.794300] kernel: ... event mask:             00000007000000ff
[    0.794840] kernel: rcu: Hierarchical SRCU implementation.
[    0.797117] kernel: smp: Bringing up secondary CPUs ...
[    0.797573] kernel: x86: Booting SMP configuration:
[    0.797584] kernel: .... node  #0, CPUs:      #1
[    0.008481] kernel: kvm-clock: cpu 1, msr 5b58041, secondary cpu clock
[    0.008481] kernel: smpboot: CPU 1 Converting physical 0 to logical die 1
[    0.799168] kernel: kvm-guest: setup async PF for cpu 1
[    0.799195] kernel: kvm-guest: stealtime: cpu 1, msr 26531f140
[    0.799231] kernel: smp: Brought up 1 node, 2 CPUs
[    0.799231] kernel: smpboot: Max logical packages: 2
[    0.799231] kernel: smpboot: Total of 2 processors activated (9984.00 BogoMIPS)
[    0.801525] kernel: devtmpfs: initialized
[    0.808782] kernel: clocksource: jiffies: mask: 0xffffffff max_cycles: 0xffffffff, max_idle_ns: 1911260446275000 ns
[    0.808820] kernel: futex hash table entries: 512 (order: 3, 32768 bytes, linear)
[    0.809692] kernel: PM: RTC time: 03:46:50, date: 2023-12-23
[    0.810545] kernel: NET: Registered PF_NETLINK/PF_ROUTE protocol family
[    0.811728] kernel: audit: initializing netlink subsys (disabled)
[    0.813037] kernel: thermal_sys: Registered thermal governor 'step_wise'
[    0.813054] kernel: thermal_sys: Registered thermal governor 'user_space'
[    0.813234] kernel: audit: type=2000 audit(1703303210.557:1): state=initialized audit_enabled=0 res=1
[    0.813253] kernel: cpuidle: using governor menu
[    0.813691] kernel: ACPI: bus type PCI registered
[    0.814583] kernel: PCI: Using configuration type 1 for base access
[    0.848233] kernel: Kprobes globally optimized
[    0.849259] kernel: HugeTLB registered 2.00 MiB page size, pre-allocated 0 pages
[    0.849446] kernel: cryptomgr_test (26) used greatest stack depth: 30608 bytes left
[    0.854345] kernel: ACPI: Added _OSI(Module Device)
[    0.854345] kernel: ACPI: Added _OSI(Processor Device)
[    0.854345] kernel: ACPI: Added _OSI(3.0 _SCP Extensions)
[    0.854345] kernel: ACPI: Added _OSI(Processor Aggregator Device)
[    0.854345] kernel: ACPI: Added _OSI(Linux-Dell-Video)
[    0.854353] kernel: ACPI: Added _OSI(Linux-Lenovo-NV-HDMI-Audio)
[    0.854364] kernel: ACPI: Added _OSI(Linux-HPI-Hybrid-Graphics)
[    0.882319] kernel: ACPI: 1 ACPI AML tables successfully acquired and loaded
[    0.890073] kernel: ACPI: Interpreter enabled
[    0.890258] kernel: ACPI: PM: (supports S0 S3 S4 S5)
[    0.890271] kernel: ACPI: Using IOAPIC for interrupt routing
[    0.892445] kernel: PCI: Using host bridge windows from ACPI; if necessary, use "pci=nocrs" and report a bug
[    0.954255] kernel: ACPI: Enabled 2 GPEs in block 00 to 0F
[    0.997828] kernel: ACPI: PCI Root Bridge [PCI0] (domain 0000 [bus 00-ff])
[    0.997886] kernel: acpi PNP0A03:00: _OSC: OS supports [ASPM ClockPM Segments MSI HPX-Type3]
[    0.998132] kernel: acpi PNP0A03:00: fail to add MMCONFIG information, can't access extended PCI configuration space under this bridge.
[    0.998680] kernel: PCI host bridge to bus 0000:00
[    0.998698] kernel: pci_bus 0000:00: root bus resource [io  0x0000-0x0cf7 window]
[    0.998725] kernel: pci_bus 0000:00: root bus resource [io  0x0d00-0xffff window]
[    0.998749] kernel: pci_bus 0000:00: root bus resource [mem 0x000a0000-0x000bffff window]
[    0.998773] kernel: pci_bus 0000:00: root bus resource [mem 0xc0000000-0xfebfffff window]
[    0.998799] kernel: pci_bus 0000:00: root bus resource [mem 0x2c0000000-0x33fffffff window]
[    0.998826] k0427] kernel: PCI: Using host bridge windows from ACPI; if necessary, use "pci=nocrs" and report a bug
[    0.892313] kernel: ACPI: Enabled 2 GPEs in block 00 to 0F
[    0.950198] kernel: ACPI: PCI Root Bridge [PCI0] (domain 0000 [bus 00-ff])
[    0.950263] kernel: acpi PNP0A03:00: _OSC: OS supports [ASPM ClockPM Segments MSI HPX-Type3]
[    0.950475] kernel: acpi PNP0A03:00: fail to add MMCONFIG information, can't access extended PCI configuration space under this bridge.
[    0.951053] kernel: PCI host bridge to bus 0000:00
[    0.951075] kernel: pci_bus 0000:00: root bus resource [io  0x0000-0x0cf7 window]
[    0.951104] kernel: pci_bus 0000:00: root bus resource [io  0x0d00-0xffff window]
[    0.951125] kernel: pci_bus 0000:00: root bus resource [mem 0x000a0000-0x000bffff window]
[    0.951148] kernel: pci_bus 0000:00: root bus resource [mem 0xc0000000-0xfebfffff window]
[    0.951171] kernel: pci_bus 0000:00: root bus resource [mem 0x2c0000000-0x33fffffff window]
[    0.951194] kernel: pci_bus 0000:00: root bus resource [bus 00-ff]
[    1.001501] kernel: pci 0000:00:00.0: [8086:1237] type 00 class 0x060000
[    1.005051] kernel: pci 0000:00:01.0: [8086:7000] type 00 class 0x060100
[    1.007494] kernel: pci 0000:00:01.1: [8086:7010] type 00 class 0x010180
[    1.010106] kernel: pci 0000:00:01.1: reg 0x20: [io  0xc0c0-0xc0cf]
[    1.011212] kernel: pci 0000:00:01.1: legacy IDE quirk: reg 0x10: [io  0x01f0-0x01f7]
[    1.011235] kernel: pci 0000:00:01.1: legacy IDE quirk: reg 0x14: [io  0x03f6]
[    1.011253] kernel: pci 0000:00:01.1: legacy IDE quirk: reg 0x18: [io  0x0170-0x0177]
[    1.011272] kernel: pci 0000:00:01.1: legacy IDE quirk: reg 0x1c: [io  0x0376]
[    1.015715] kernel: pci 0000:00:01.3: [8086:7113] type 00 class 0x068000
[    1.016228] kernel: pci 0000:00:01.3: quirk: [io  0x0600-0x063f] claimed by PIIX4 ACPI
[    1.016260] kernel: pci 0000:00:01.3: quirk: [io  0x0700-0x070f] claimed by PIIX4 SMB
[    1.020153] kernel: pci 0000:00:02.0: [1234:1111] type 00 class 0x030000
[    1.021114] kernel: pci 0000:00:02.0: reg 0x10: [mem 0xfd000000-0xfdffffff pref]
[    1.023301] kernel: pci 0000:00:02.0: reg 0x18: [mem 0xfeb90000-0xfeb90fff]
[    1.027534] kernel: pci 0000:00:02.0: reg 0x30: [mem 0xfeb80000-0xfeb8ffff pref]
[    1.031619] kernel: pci 0000:00:03.0: [1af4:1005] type 00 class 0x00ff00
[    1.032521] kernel: pci 0000:00:03.0: reg 0x10: [io  0xc080-0xc09f]
[    1.035411] kernel: pci 0000:00:03.0: reg 0x20: [mem 0xfe200000-0xfe203fff 64bit pref]
[    1.041004] kernel: pci 0000:00:04.0: [1af4:1000] type 00 class 0x020000
[    1.042082] kernel: pci 0000:00:04.0: reg 0x10: [io  0xc0a0-0xc0bf]
[    1.043101] kernel: pci 0000:00:04.0: reg 0x14: [mem 0xfeb91000-0xfeb91fff]
[    1.047133] kernel: pci 0000:00:04.0: reg 0x20: [mem 0xfe204000-0xfe207fff 64bit pref]
[    1.048065] kernel: pci 0000:00:04.0: reg 0x30: [mem 0xfeb00000-0xfeb7ffff pref]
[    1.052519] kernel: pci 0000:00:05.0: [1af4:1001] type 00 class 0x010000
[    1.05450ernel: pci_bus 0000:00: root bus resource [bus 00-ff]
[    0.953747] kernel: pci 0000:00:00.0: [8086:1237] type 00 class 0x060000
[    0.957832] kernel: pci 0000:00:01.0: [8086:7000] type 00 class 0x060100
[    0.961043] kernel: pci 0000:00:01.1: [8086:7010] type 00 class 0x010180
[    0.964079] kernel: pci 0000:00:01.1: reg 0x20: [io  0xc040-0xc04f]
[    0.965467] kernel: pci 0000:00:01.1: legacy IDE quirk: reg 0x10: [io  0x01f0-0x01f7]
[    0.965502] kernel: pci 0000:00:01.1: legacy IDE quirk: reg 0x14: [io  0x03f6]
[    0.965517] kernel: pci 0000:00:01.1: legacy IDE quirk: reg 0x18: [io  0x0170-0x0177]
[    0.965533] kernel: pci 0000:00:01.1: legacy IDE quirk: reg 0x1c: [io  0x0376]
[    0.970018] kernel: pci 0000:00:01.3: [8086:7113] type 00 class 0x068000
[    0.970558] kernel: pci 0000:00:01.3: quirk: [io  0x0600-0x063f] claimed by PIIX4 ACPI
[    0.970589] kernel: pci 0000:00:01.3: quirk: [io  0x0700-0x070f] claimed by PIIX4 SMB
[    0.974425] kernel: pci 0000:00:02.0: [1234:111] kernel: pci 0000:00:05.0: reg 0x10: [io  0xc000-0xc07f]
[    1.056080] kernel: pci 0000:00:05.0: reg 0x14: [mem 0xfeb92000-0xfeb92fff]
[    1.059162] kernel: pci 0000:00:05.0: reg 0x20: [mem 0xfe208000-0xfe20bfff 64bit pref]
[    1.065021] kernel: pci 0000:00:10.0: [1af4:1110] type 00 class 0x050000
[    1.066058] kernel: pci 0000:00:10.0: reg 0x10: [mem 0xfeb93000-0xfeb930ff]
[    1.068045] kernel: pci 0000:00:10.0: reg 0x18: [mem 0xfe000000-0xfe0fffff 64bit pref]
[    1.075262] kernel: pci 0000:00:11.0: [1af4:1110] type 00 class 0x050000
[    1.075986] kernel: pci 0000:00:11.0: reg 0x10: [mem 0xfeb94000-0xfeb940ff]
[    1.077304] kernel: pci 0000:00:11.0: reg 0x18: [mem 0xfe20c000-0xfe20c3ff 64bit pref]
[    1.083414] kernel: pci 0000:00:12.0: [1af4:1110] type 00 class 0x050000
[    1.084082] kernel: pci 0000:00:12.0: reg 0x10: [mem 0xfeb95000-0xfeb950ff]
[    1.086282] kernel: pci 0000:00:12.0: reg 0x18: [mem 0xfe100000-0xfe1fffff 64bit pref]
[    1.097494] kernel: ACPI: PCI: In  0.000000] kernel: BIOS-e820: [mem 0x00000000000f0000-0x00000000000fffff] reserved
[    0.000000] kernel: BIOS-e820: [mem 0x0000000000100000-0x00000000bffdcfff] usable
[    0.000000] kernel: BIOS-e820: [mem 0x00000000bffdd000-0x00000000bfffffff] reserved
[    0.000000] kernel: BIOS-e820: [mem 0x00000000feffc000-0x00000000feffffff] reserved
[    0.000000] kernel: BIOS-e820: [mem 0x00000000fffc0000-0x00000000ffffffff] reserved
[    0.000000] kernel: BIOS-e820: [mem 0x0000000100000000-0x00000002bfffffff] usable
[    0.000000] kernel: NX (Execute Disable) protection: active
[    0.000000] kernel: SMBIOS 2.8 present.
[    0.000000] kernel: DMI: QEMU Standard PC (i440FX + PIIX, 1996), BIOS 1.13.0-1ubuntu1.1 04/01/2014
[    0.000000] kernel: Hypervisor detected: KVM
[    0.000000] kernel: kvm-clock: Using msrs 4b564d01 and 4b564d00
[    0.000000] kernel: kvm-clock: cpu 0, msr 5b58001, primary cpu clock
[    0.000003] kernel: kvm-clock: using sched offset of 539625012 cycles
[    0.000018] kernel: clocksource: kvm-clock: mask: 0xffffffffffffffff max_cycles: 0x1cd42e4dffb, max_idle_ns: 881590591483 ns
[    0.000040] kernel: tsc: Detected 2496.000 MHz processor
[    0.008719] kernel: e820: update [mem 0x00000000-0x00000fff] usable ==> reserved
[    0.008760] kernel: e820: remove [mem 0x000a0000-0x000fffff] usable
[    0.008791] kernel: last_pfn = 0x2c0000 max_arch_pfn = 0x400000000
[    0.008875] kernel: x86/PAT: Configuration [0-7]: WB  WC  UC- UC  WB  WP  UC- WT  
[    0.008892] kernel: last_pfn = 0xbffdd max_arch_pfn = 0x400000000
[    0.020682] kernel: found SMP MP-table at [mem 0x000f5c70-0x000f5c7f]
[    0.020851] kernel: Using GB pages for direct mapping
[    0.022349] kernel: ACPI: Early table checksum verification disabled
[    0.022378] kernel: ACPI: RSDP 0x00000000000F5A40 000014 (v00 BOCHS )
[    0.022418] kernel: ACPI: RSDT 0x00000000BFFE15C9 000030 (v01 BOCHS  BXPCRSDT 00000001 BXPC 00000001)
[    0.022460] kernel: ACPI: FACP 0x00000000BFFE149D 000074 (v01 BOCHS  BXPCFACP 00000001 BXPC 00000001)
[    0.022508] kernel: ACPI: DSDT 0x00000000BFFE0040 00145D (v01 BOCHS  BXPCDSDT 00000001 BXPC 00000001)
[    0.022544] kernel: ACPI: FACS 0x00000000BFFE0000 000040
[    0.022573] kernel: ACPI: APIC 0x00000000BFFE1511 000080 (v01 BOCHS  BXPCAPIC 00000001 BXPC 00000001)
[    0.022610] kernel: ACPI: HPET 0x00000000BFFE1591 000038 (v01 BOCHS  BXPCHPET 00000001 BXPC 00000001)
[    0.022646] kernel: ACPI: Reserving FACP table memory at [mem 0xbffe149d-0xbffe1510]
[    0.022661] kernel: ACPI: Reserving DSDT table memory at [mem 0xbffe0040-0xbffe149c]
[    0.022676] kernel: ACPI: Reserving FACS table memory at [mem 0xbffe0000-0xbffe003f]
[    0.022691] kernel: ACPI: Reserving APIC table memory at [mem 0xbffe1511-0xbffe1590]
[    0.022706] kernel: ACPI: Reserving HPET table memory at [mem 0xbffe1591-0xbffe15c8]
[    0.024302] kernel: No NUMA configuration found
[    0.024320] kernel: Faking a node at [mem 0x0000000000000000-0x00000002bfffffff]
[    0.024349] kernel: NODE_DATA(0) allocated [mem 0x2bfffa000-0x2bfffdfff]
[    0.024527] kernel: Zone ranges:
[    0.024534] kernel:   DMA      [mem 0x0000000000001000-0x0000000000ffffff]
[    0.024556] kernel:   DMA32    [mem 0x0000000001000000-0x00000000ffffffff]
[    0.024574] kernel:   Normal   [mem 0x0000000100000000-0x00000002bfffffff]
[    0.024592] kernel: Movable zone start for each node
[    0.024599] kernel: Early memory node ranges
[    0.024604] kernel:   node   0: [mem 0x0000000000001000-0x000000000009efff]
[    0.024619] kernel:   node   0: [mem 0x0000000000100000-0x00000000bffdcfff]
[    0.024635] kernel:   node   0: [mem 0x0000000100000000-0x00000002bfffffff]
[    0.024654] kernel: Initmem setup node 0 [mem 0x0000000000001000-0x00000002bfffffff]
[    0.025011] kernel: On node 0, zone DMA: 1 pages in unavailable ranges
[    0.025094] kernel: On node 0, zone DMA: 97 pages in unavailable ranges
[    0.140440] kernel: On node 0, zone Normal: 35 pages in unavailable ranges
[    0.563069] kernel: kasan: KernelAddressSanitizer initialized
[    0.563596] kernel: ACPI: PM-Timer IO Port: 0x608
[    0.563625] kernel: ACPI: LAPIC_NMI (acpi_id[0xff] dfl dfl lint[0x1])
[    0.563690] kernel: IOAPIC[0]: apic_id 0, version 17, address 0xfec00000, GSI 0-23
[    0.563708] kernel: ACPI: INT_SRC_OVR (bus 0 bus_irq 0 global_irq 2 dfl dfl)
[    0.563720] kernel: ACPI: INT_SRC_OVR (bus 0 bus_irq 5 global_irq 5 high level)
[    0.563731] kernel: ACPI: INT_SRC_OVR (bus 0 bus_irq 9 global_irq 9 high level)
[    0.563742] kernel: ACPI: INT_SRC_OVR (bus 0 bus_irq 10 global_irq 10 high level)
[    0.563752] kernel: ACPI: INT_SRC_OVR (bus 0 bus_irq 11 global_irq 11 high level)
[    0.563773] kernel: ACPI: Using ACPI (MADT) for SMP configuration information
[    0.563779] kernel: ACPI: HPET id: 0x8086a201 base: 0xfed00000
[    0.563798] kernel: TSC deadline timer available
[    0.563804] kernel: smpboot: Allowing 2 CPUs, 0 hotplug CPUs
[    0.563852] kernel: kvm-guest: KVM setup pv remote TLB flush
[    0.563864] kernel: kvm-guest: setup PV sched yield
[    0.563916] kernel: PM: hibernation: Registered nosave memory: [mem 0x00000000-0x00000fff]
[    0.563930] kernel: PM: hibernation: Registered nosave memory: [mem 0x0009f000-0x0009ffff]
[    0.563938] kernel: PM: hibernation: Registered nosave memory: [mem 0x000a0000-0x000effff]
[    0.563946] kernel: PM: hibernation: Registered nosave memory: [mem 0x000f0000-0x000fffff]
[    0.563957] kernel: PM: hibernation: Registered nosave memory: [mem 0xbffdd000-0xbfffffff]
[    0.563965] kernel: PM: hibernation: Registered nosave memory: [mem 0xc0000000-0xfeffbfff]
[    0.563973] kernel: PM: hibernation: Registered nosave memory: [mem 0xfeffc000-0xfeffffff]
[    0.563980] kernel: PM: hibernation: Registered nosave memory: [mem 0xff000000-0xfffbffff]
[    0.563988] kernel: PM: hibernation: Registered nosave memory: [mem 0xfffc0000-0xffffffff]
[    0.563998] kernel: [mem 0xc0000000-0xfeffbfff] available for PCI devices
[    0.5terrupt link LNKA configured for IRQ 10
[    1.099172] kernel: ACPI: PCI: Interrupt link LNKB configured for IRQ 10
[    1.100899] kernel: ACPI: PCI: Interrupt link LNKC configured for IRQ 11
[    1.102550] kernel: ACPI: PCI: Interrupt link LNKD configured for IRQ 11
[    1.103175] kernel: ACPI: PCI: Interrupt link LNKS configured for IRQ 9
[    1.106081] kernel: iommu: Default domain type: Translated 
[    1.106094] kernel: iommu: DMA domain TLB invalidation policy: lazy mode 
[    1.106388] kernel: pci 0000:00:02.0: vgaarb: setting as boot VGA device
[    1.106406] kernel: pci 0000:00:02.0: vgaarb: VGA device added: decodes=io+mem,owns=io+mem,locks=none
[    1.106434] kernel: pci 0000:00:02.0: vgaarb: bridge control possible
[    1.106447] kernel: vgaarb: loaded
[    1.107234] kernel: SCSI subsystem initialized
[    1.107342] kernel: libata version 3.00 loaded.
[    1.107755] kernel: ACPI: bus type USB registered
[    1.107930] kernel: usbcore: registered new interface driver usbfs
[    1.108029] kernel: usbcore: registered new interface driver hub
[    1.108096] kernel: usbcore: registered new device driver usb
[    1.108289] kernel: pps_core: LinuxPPS API ver. 1 registered
[    1.108298] kernel: pps_core: Software ver. 5.3.6 - Copyright 2005-2007 Rodolfo Giometti <giometti@linux.it>
[    1.108340] kernel: PTP clock support registered
[    1.109836] kernel: Advanced Linux Sound Architecture Driver Initialized.
[    1.111163] kernel: NetLabel: Initializing
[    1.111170] kernel: NetLabel:  domain hash size = 128
[    1.111180] kernel: NetLabel:  protocols = UNLABELED CIPSOv4 CALIPSO
[    1.111324] kernel: NetLabel:  unlabeled traffic allowed by default
[    1.111562] kernel: PCI: Using ACPI for IRQ routing
[    1.111572] kernel: PCI: pci_cache_line_size set to 64 bytes
[    1.111819] kernel: e820: reserve RAM buffer [mem 0x0009fc00-0x0009ffff]
[    1.111843] kernel: e820: reserve RAM buffer [mem 0xbffdd000-0xbfffffff]
[    1.112174] kernel: hpet0: at MMIO 0xfed00000, IRQs 2, 8, 0
[    1.112216] kernel: hpet0: 3 comparators, 64-bit 100.000000 MHz counter
[    1.114816] kernel: clocksource: Switched to clocksource kvm-clock
[    1.209962] kernel: VFS: Disk quotas dquot_6.6.0
[    1.210071] kernel: VFS: Dquot-cache hash table entries: 512 (order 0, 4096 bytes)
[    1.210612] kernel: pnp: PnP ACPI init
[    1.212252] kernel: pnp 00:03: [dma 2]
[    1.287970] kernel: pnp: PnP ACPI: found 6 devices
