
Ubuntu 20.04 LTS dfs-fuzzing ttyS0


Ubuntu 20.04 LTS dfs-fuzzing ttyS0


Ubuntu 20.04 LTS dfs-fuzzing ttyS0


Ubuntu 20.04 LTS dfs-fuzzing ttyS0

2023/12/23 14:39:15 fuzzer started
2023/12/23 14:39:15 dialing manager at localhost:37609
2023/12/23 14:39:15 connecting to manager...
2023/12/23 14:39:15 syscalls: 50
2023/12/23 14:39:15 code coverage: enabled
2023/12/23 14:39:15 comparison tracing: enabled
2023/12/23 14:39:15 extra coverage: enabled
2023/12/23 14:39:15 setuid sandbox: enabled
2023/12/23 14:39:15 namespace sandbox: /proc/self/ns/user does not exist
2023/12/23 14:39:15 Android sandbox: /sys/fs/selinux/policy can't be opened (open /sys/fs/selinux/policy: invalid argument)
2023/12/23 14:39:15 fault injection: CONFIG_FAULT_INJECTION_DEBUG_FS or CONFIG_FAILSLAB are not enabled
2023/12/23 14:39:15 leak checking: CONFIG_DEBUG_KMEMLEAK is not enabled
2023/12/23 14:39:15 net packet injection: /dev/net/tun does not exist
2023/12/23 14:39:15 net device setup: enabled
2023/12/23 14:39:15 concurrency sanitizer: /sys/kernel/debug/kcsan does not exist
2023/12/23 14:39:15 devlink PCI setup: enabled
2023/12/23 14:39:15 USB emulation: /dev/raw-gadget does not exist
2023/12/23 14:39:15 hci packet injection: /dev/vhci does not exist
2023/12/23 14:39:15 wifi device emulation: /sys/class/mac80211_hwsim/ does not exist
2023/12/23 14:39:15 802.15.4 emulation: /sys/bus/platform/devices/mac802154_hwsim does not exist
2023/12/23 14:39:16 poll: candidates=0 inputs=50 signal=2000
2023/12/23 14:39:16 deserializeInput: hasCrash false hasNet false
2023/12/23 14:39:16 prog length: 3
2023/12/23 14:39:16 deserializeInput: hasCrash false hasNet false
2023/12/23 14:39:16 prog length: 8
2023/12/23 14:39:16 prog length: 8
2023/12/23 14:39:16 deserializeInput: hasCrash false hasNet false
2023/12/23 14:39:16 prog length: 2
2023/12/23 14:39:16 deserializeInput: hasCrash false hasNet false
2023/12/23 14:39:16 prog length: 2
2023/12/23 14:39:16 deserializeInput: hasCrash true hasNet false
2023/12/23 14:39:16 prog length: 6
2023/12/23 14:39:16 prog length: 4
2023/12/23 14:39:16 prog length: 10
2023/12/23 14:39:16 deserializeInput: hasCrash false hasNet true
2023/12/23 14:39:16 prog length: 6
2023/12/23 14:39:16 prog length: 3
2023/12/23 14:39:16 prog length: 2
2023/12/23 14:39:16 deserializeInput: hasCrash true hasNet false
2023/12/23 14:39:16 prog length: 6
2023/12/23 14:39:16 prog length: 7
2023/12/23 14:39:16 prog length: 3
2023/12/23 14:39:16 deserializeInput: hasCrash false hasNet false
2023/12/23 14:39:16 prog length: 1
2023/12/23 14:39:16 deserializeInput: hasCrash false hasNet false
2023/12/23 14:39:16 prog length: 3
2023/12/23 14:39:16 deserializeInput: hasCrash true hasNet false
2023/12/23 14:39:16 prog length: 6
2023/12/23 14:39:16 prog length: 4
2023/12/23 14:39:16 prog length: 8
2023/12/23 14:39:16 deserializeInput: hasCrash false hasNet true
2023/12/23 14:39:16 prog length: 6
2023/12/23 14:39:16 prog length: 3
2023/12/23 14:39:16 prog length: 10
2023/12/23 14:39:16 deserializeInput: hasCrash false hasNet false
2023/12/23 14:39:16 prog length: 1
2023/12/23 14:39:16 prog length: 6
2023/12/23 14:39:16 deserializeInput: hasCrash false hasNet true
2023/12/23 14:39:16 prog length: 6
2023/12/23 14:39:16 prog length: 2
2023/12/23 14:39:16 prog length: 3
2023/12/23 14:39:16 deserializeInput: hasCrash false hasNet false
2023/12/23 14:39:16 prog length: 1
2023/12/23 14:39:16 deserializeInput: hasCrash true hasNet false
2023/12/23 14:39:16 prog length: 6
2023/12/23 14:39:16 prog length: 5
2023/12/23 14:39:16 prog length: 8
2023/12/23 14:39:16 deserializeInput: hasCrash true hasNet false
2023/12/23 14:39:16 prog length: 6
2023/12/23 14:39:16 prog length: 3
2023/12/23 14:39:16 prog length: 10
2023/12/23 14:39:16 deserializeInput: hasCrash false hasNet false
2023/12/23 14:39:16 prog length: 2
2023/12/23 14:39:16 deserializeInput: hasCrash true hasNet false
2023/12/23 14:39:16 prog length: 6
2023/12/23 14:39:16 prog length: 4
2023/12/23 14:39:16 prog length: 10
2023/12/23 14:39:16 deserializeInput: hasCrash false hasNet false
2023/12/23 14:39:16 prog length: 6
2023/12/23 14:39:16 deserializeInput: hasCrash true hasNet false
2023/12/23 14:39:16 prog length: 6
2023/12/23 14:39:16 prog length: 4
2023/12/23 14:39:16 prog length: 2
2023/12/23 14:39:16 deserializeInput: hasCrash false hasNet true
2023/12/23 14:39:16 prog length: 6
2023/12/23 14:39:16 prog length: 3
2023/12/23 14:39:16 prog length: 10
2023/12/23 14:39:16 deserializeInput: hasCrash false hasNet true
2023/12/23 14:39:16 prog length: 6
2023/12/23 14:39:16 prog length: 3
2023/12/23 14:39:16 prog length: 2
2023/12/23 14:39:16 deserializeInput: hasCrash false hasNet false
2023/12/23 14:39:16 prog length: 1
2023/12/23 14:39:16 deserializeInput: hasCrash false hasNet false
2023/12/23 14:39:16 prog length: 2
2023/12/23 14:39:16 deserializeInput: hasCrash true hasNet false
2023/12/23 14:39:16 prog length: 6
2023/12/23 14:39:16 prog length: 6
2023/12/23 14:39:16 prog length: 8
2023/12/23 14:39:16 deserializeInput: hasCrash true hasNet false
2023/12/23 14:39:16 prog length: 6
2023/12/23 14:39:16 prog length: 10
2023/12/23 14:39:16 prog length: 10
2023/12/23 14:39:16 deserializeInput: hasCrash true hasNet false
2023/12/23 14:39:16 prog length: 6
2023/12/23 14:39:16 prog length: 4
2023/12/23 14:39:16 prog length: 2
2023/12/23 14:39:16 deserializeInput: hasCrash false hasNet false
2023/12/23 14:39:16 prog length: 5
2023/12/23 14:39:16 deserializeInput: hasCrash true hasNet false
2023/12/23 14:39:16 prog length: 6
2023/12/23 14:39:16 prog length: 3
2023/12/23 14:39:16 prog length: 10
2023/12/23 14:39:16 deserializeInput: hasCrash true hasNet false
2023/12/23 14:39:16 prog length: 6
2023/12/23 14:39:16 prog length: 5
2023/12/23 14:39:16 prog length: 10
2023/12/23 14:39:16 deserializeInput: hasCrash false hasNet false
2023/12/23 14:39:16 prog length: 2
2023/12/23 14:39:16 deserializeInput: hasCrash false hasNet true
2023/12/23 14:39:16 prog length: 6
2023/12/23 14:39:16 prog length: 5
2023/12/23 14:39:16 prog length: 2
2023/12/23 14:39:16 deserializeInput: hasCrash false hasNet false
2023/12/23 14:39:16 prog length: 1
2023/12/23 14:39:16 deserializeInput: hasCrash true hasNet false
2023/12/23 14:39:16 prog length: 6
2023/12/23 14:39:16 prog length: 4
2023/12/23 14:39:16 prog length: 10
2023/12/23 14:39:16 deserializeInput: hasCrash false hasNet true
2023/12/23 14:39:16 prog length: 6
2023/12/23 14:39:16 prog length: 3
2023/12/23 14:39:16 prog length: 2
2023/12/23 14:39:16 deserializeInput: hasCrash false hasNet false
2023/12/23 14:39:16 prog length: 2
2023/12/23 14:39:16 deserializeInput: hasCrash false hasNet false
2023/12/23 14:39:16 prog length: 2
2023/12/23 14:39:16 deserializeInput: hasCrash true hasNet false
2023/12/23 14:39:16 prog length: 6
2023/12/23 14:39:16 prog length: 3
2023/12/23 14:39:16 prog length: 6
2023/12/23 14:39:16 deserializeInput: hasCrash false hasNet true
2023/12/23 14:39:16 prog length: 6
2023/12/23 14:39:16 prog length: 5
2023/12/23 14:39:16 prog length: 2
2023/12/23 14:39:16 deserializeInput: hasCrash true hasNet false
2023/12/23 14:39:16 prog length: 6
2023/12/23 14:39:16 prog length: 5
2023/12/23 14:39:16 prog length: 2
2023/12/23 14:39:16 deserializeInput: hasCrash true hasNet false
2023/12/23 14:39:16 prog length: 6
2023/12/23 14:39:16 prog length: 3
2023/12/23 14:39:16 prog length: 10
2023/12/23 14:39:16 deserializeInput: hasCrash true hasNet false
2023/12/23 14:39:16 prog length: 6
2023/12/23 14:39:16 prog length: 2
2023/12/23 14:39:16 prog length: 7
2023/12/23 14:39:16 deserializeInput: hasCrash false hasNet true
2023/12/23 14:39:16 prog length: 6
2023/12/23 14:39:16 prog length: 3
2023/12/23 14:39:16 prog length: 10
2023/12/23 14:39:16 deserializeInput: hasCrash false hasNet false
2023/12/23 14:39:16 prog length: 2
2023/12/23 14:39:16 deserializeInput: hasCrash true hasNet false
2023/12/23 14:39:16 prog length: 6
2023/12/23 14:39:16 prog length: 3
2023/12/23 14:39:16 prog length: 10
2023/12/23 14:39:16 deserializeInput: hasCrash false hasNet false
2023/12/23 14:39:16 prog length: 2
2023/12/23 14:39:16 deserializeInput: hasCrash true hasNet false
2023/12/23 14:39:16 prog length: 6
2023/12/23 14:39:16 prog length: 4
2023/12/23 14:39:16 prog length: 10
2023/12/23 14:39:16 deserializeInput: hasCrash true hasNet false
2023/12/23 14:39:16 prog length: 6
2023/12/23 14:39:16 prog length: 10
2023/12/23 14:39:16 prog length: 10
2023/12/23 14:39:16 deserializeInput: hasCrash false hasNet false
2023/12/23 14:39:16 prog length: 1
2023/12/23 14:39:16 deserializeInput: hasCrash true hasNet false
2023/12/23 14:39:16 prog length: 6
2023/12/23 14:39:16 prog length: 2
2023/12/23 14:39:16 prog length: 4
2023/12/23 14:39:16 fetching corpus: 50, signal 7647/38587/45394 (executing program)
2023/12/23 14:39:16 poll: candidates=0 inputs=50 signal=2000
2023/12/23 14:39:16 deserializeInput: hasCrash true hasNet false
2023/12/23 14:39:16 prog length: 6
2023/12/23 14:39:16 prog length: 2
2023/12/23 14:39:16 prog length: 3
2023/12/23 14:39:16 deserializeInput: hasCrash true hasNet false
2023/12/23 14:39:16 prog length: 6
2023/12/23 14:39:16 prog length: 4
2023/12/23 14:39:16 prog length: 2
2023/12/23 14:39:16 deserializeInput: hasCrash true hasNet false
2023/12/23 14:39:16 prog length: 6
2023/12/23 14:39:16 prog length: 2
2023/12/23 14:39:16 prog length: 3
2023/12/23 14:39:16 deserializeInput: hasCrash true hasNet false
2023/12/23 14:39:16 prog length: 6
2023/12/23 14:39:16 prog length: 5
2023/12/23 14:39:16 prog length: 10
2023/12/23 14:39:16 deserializeInput: hasCrash false hasNet false
2023/12/23 14:39:16 prog length: 2
2023/12/23 14:39:16 deserializeInput: hasCrash false hasNet false
2023/12/23 14:39:16 prog length: 3
2023/12/23 14:39:16 deserializeInput: hasCrash false hasNet false
2023/12/23 14:39:16 prog length: 2
2023/12/23 14:39:16 deserializeInput: hasCrash true hasNet false
2023/12/23 14:39:16 prog length: 6
2023/12/23 14:39:16 prog length: 2
2023/12/23 14:39:16 prog length: 3
2023/12/23 14:39:16 deserializeInput: hasCrash false hasNet false
2023/12/23 14:39:16 prog length: 2
2023/12/23 14:39:16 deserializeInput: hasCrash true hasNet false
2023/12/23 14:39:16 prog length: 6
2023/12/23 14:39:16 prog length: 3
2023/12/23 14:39:16 prog length: 10
2023/12/23 14:39:16 deserializeInput: hasCrash true hasNet false
2023/12/23 14:39:16 prog length: 6
2023/12/23 14:39:16 prog length: 4
2023/12/23 14:39:16 prog length: 10
2023/12/23 14:39:16 deserializeInput: hasCrash false hasNet false
2023/12/23 14:39:16 prog length: 2
2023/12/23 14:39:16 deserializeInput: hasCrash false hasNet false
2023/12/23 14:39:16 prog length: 2
2023/12/23 14:39:16 deserializeInput: hasCrash false hasNet false
2023/12/23 14:39:16 prog length: 2
2023/12/23 14:39:16 deserializeInput: hasCrash true hasNet false
2023/12/23 14:39:16 prog length: 6
2023/12/23 14:39:16 prog length: 10
2023/12/23 14:39:16 prog length: 10
2023/12/23 14:39:16 deserializeInput: hasCrash true hasNet false
2023/12/23 14:39:16 prog length: 6
2023/12/23 14:39:16 prog length: 3
2023/12/23 14:39:16 prog length: 10
2023/12/23 14:39:16 deserializeInput: hasCrash true hasNet false
2023/12/23 14:39:16 prog length: 6
2023/12/23 14:39:16 prog length: 3
2023/12/23 14:39:16 prog length: 2
2023/12/23 14:39:16 deserializeInput: hasCrash true hasNet false
2023/12/23 14:39:16 prog length: 6
2023/12/23 14:39:16 prog length: 3
2023/12/23 14:39:16 prog length: 2
2023/12/23 14:39:16 deserializeInput: hasCrash true hasNet false
2023/12/23 14:39:16 prog length: 6
2023/12/23 14:39:16 prog length: 10
2023/12/23 14:39:16 prog length: 10
2023/12/23 14:39:16 deserializeInput: hasCrash false hasNet false
2023/12/23 14:39:16 prog length: 1
2023/12/23 14:39:16 prog length: 3
2023/12/23 14:39:16 deserializeInput: hasCrash false hasNet true
2023/12/23 14:39:16 prog length: 6
2023/12/23 14:39:16 prog length: 4
2023/12/23 14:39:16 prog length: 2
2023/12/23 14:39:16 deserializeInput: hasCrash true hasNet false
2023/12/23 14:39:16 prog length: 6
2023/12/23 14:39:16 prog length: 3
2023/12/23 14:39:16 prog length: 2
2023/12/23 14:39:16 deserializeInput: hasCrash false hasNet false
2023/12/23 14:39:16 prog length: 2
2023/12/23 14:39:16 deserializeInput: hasCrash true hasNet false
2023/12/23 14:39:16 prog length: 6
2023/12/23 14:39:16 prog length: 4
2023/12/23 14:39:16 prog length: 2
2023/12/23 14:39:16 deserializeInput: hasCrash false hasNet false
2023/12/23 14:39:16 prog length: 3
2023/12/23 14:39:16 deserializeInput: hasCrash false hasNet true
2023/12/23 14:39:16 prog length: 6
2023/12/23 14:39:16 prog length: 2
2023/12/23 14:39:16 prog length: 3
2023/12/23 14:39:16 deserializeInput: hasCrash false hasNet false
2023/12/23 14:39:16 prog length: 1
2023/12/23 14:39:16 deserializeInput: hasCrash true hasNet false
2023/12/23 14:39:16 prog length: 6
2023/12/23 14:39:16 prog length: 4
2023/12/23 14:39:16 prog length: 4
2023/12/23 14:39:16 deserializeInput: hasCrash false hasNet false
2023/12/23 14:39:16 prog length: 2
2023/12/23 14:39:16 deserializeInput: hasCrash false hasNet true
2023/12/23 14:39:16 prog length: 6
2023/12/23 14:39:16 prog length: 3
2023/12/23 14:39:16 prog length: 10
2023/12/23 14:39:16 deserializeInput: hasCrash false hasNet false
2023/12/23 14:39:16 prog length: 2
2023/12/23 14:39:16 deserializeInput: hasCrash false hasNet false
2023/12/23 14:39:16 prog length: 8
2023/12/23 14:39:16 deserializeInput: hasCrash true hasNet false
2023/12/23 14:39:16 prog length: 6
2023/12/23 14:39:16 prog length: 4
2023/12/23 14:39:16 prog length: 10
2023/12/23 14:39:16 deserializeInput: hasCrash false hasNet true
2023/12/23 14:39:16 prog length: 6
2023/12/23 14:39:16 prog length: 2
2023/12/23 14:39:16 prog length: 3
2023/12/23 14:39:16 deserializeInput: hasCrash false hasNet true
2023/12/23 14:39:16 prog length: 6
2023/12/23 14:39:16 prog length: 4
2023/12/23 14:39:16 prog length: 2
2023/12/23 14:39:16 deserializeInput: hasCrash false hasNet false
2023/12/23 14:39:16 prog length: 4
2023/12/23 14:39:16 prog length: 4
2023/12/23 14:39:16 deserializeInput: hasCrash false hasNet false
2023/12/23 14:39:16 prog length: 1
2023/12/23 14:39:16 deserializeInput: hasCrash false hasNet false
2023/12/23 14:39:16 prog length: 3
2023/12/23 14:39:16 deserializeInput: hasCrash true hasNet false
2023/12/23 14:39:16 prog length: 6
2023/12/23 14:39:16 prog length: 3
2023/12/23 14:39:16 prog length: 2
2023/12/23 14:39:16 deserializeInput: hasCrash false hasNet false
2023/12/23 14:39:16 prog length: 1
2023/12/23 14:39:16 deserializeInput: hasCrash false hasNet false
2023/12/23 14:39:16 prog length: 1
2023/12/23 14:39:16 deserializeInput: hasCrash false hasNet false
2023/12/23 14:39:16 prog length: 4
2023/12/23 14:39:16 deserializeInput: hasCrash true hasNet false
2023/12/23 14:39:16 prog length: 6
2023/12/23 14:39:16 prog length: 5
2023/12/23 14:39:16 prog length: 10
2023/12/23 14:39:16 deserializeInput: hasCrash true hasNet false
2023/12/23 14:39:16 prog length: 6
2023/12/23 14:39:16 prog length: 4
2023/12/23 14:39:16 prog length: 10
2023/12/23 14:39:16 deserializeInput: hasCrash true hasNet false
2023/12/23 14:39:16 prog length: 6
2023/12/23 14:39:16 prog length: 3
2023/12/23 14:39:16 prog length: 2
2023/12/23 14:39:16 deserializeInput: hasCrash true hasNet false
2023/12/23 14:39:16 prog length: 6
2023/12/23 14:39:16 prog length: 5
2023/12/23 14:39:16 prog length: 10
2023/12/23 14:39:16 deserializeInput: hasCrash false hasNet false
2023/12/23 14:39:16 prog length: 2
2023/12/23 14:39:16 deserializeInput: hasCrash false hasNet false
2023/12/23 14:39:16 prog length: 1
2023/12/23 14:39:16 deserializeInput: hasCrash true hasNet false
2023/12/23 14:39:16 prog length: 6
2023/12/23 14:39:16 prog length: 3
2023/12/23 14:39:16 prog length: 10
2023/12/23 14:39:16 deserializeInput: hasCrash false hasNet false
2023/12/23 14:39:16 prog length: 3
2023/12/23 14:39:16 prog length: 2
2023/12/23 14:39:16 fetching corpus: 100, signal 9158/45049/53717 (executing program)
2023/12/23 14:39:17 poll: candidates=0 inputs=50 signal=2000
2023/12/23 14:39:17 deserializeInput: hasCrash false hasNet false
2023/12/23 14:39:17 prog length: 4
2023/12/23 14:39:17 deserializeInput: hasCrash true hasNet false
2023/12/23 14:39:17 prog length: 6
2023/12/23 14:39:17 prog length: 3
2023/12/23 14:39:17 prog length: 2
2023/12/23 14:39:17 deserializeInput: hasCrash true hasNet false
2023/12/23 14:39:17 prog length: 6
2023/12/23 14:39:17 prog length: 3
2023/12/23 14:39:17 prog length: 2
2023/12/23 14:39:17 deserializeInput: hasCrash false hasNet true
2023/12/23 14:39:17 prog length: 6
2023/12/23 14:39:17 prog length: 5
2023/12/23 14:39:17 prog length: 2
2023/12/23 14:39:17 deserializeInput: hasCrash true hasNet false
2023/12/23 14:39:17 prog length: 6
2023/12/23 14:39:17 prog length: 2
2023/12/23 14:39:17 prog length: 4
2023/12/23 14:39:17 deserializeInput: hasCrash false hasNet false
2023/12/23 14:39:17 prog length: 2
2023/12/23 14:39:17 deserializeInput: hasCrash false hasNet false
2023/12/23 14:39:17 prog length: 2
2023/12/23 14:39:17 deserializeInput: hasCrash false hasNet false
2023/12/23 14:39:17 prog length: 1
2023/12/23 14:39:17 deserializeInput: hasCrash true hasNet false
2023/12/23 14:39:17 prog length: 6
2023/12/23 14:39:17 prog length: 4
2023/12/23 14:39:17 prog length: 4
2023/12/23 14:39:17 deserializeInput: hasCrash true hasNet false
2023/12/23 14:39:17 prog length: 6
2023/12/23 14:39:17 prog length: 4
2023/12/23 14:39:17 prog length: 10
2023/12/23 14:39:17 deserializeInput: hasCrash false hasNet true
2023/12/23 14:39:17 prog length: 6
2023/12/23 14:39:17 prog length: 3
2023/12/23 14:39:17 prog length: 2
2023/12/23 14:39:17 deserializeInput: hasCrash false hasNet true
2023/12/23 14:39:17 prog length: 6
2023/12/23 14:39:17 prog length: 5
2023/12/23 14:39:17 prog length: 2
2023/12/23 14:39:17 deserializeInput: hasCrash true hasNet false
2023/12/23 14:39:17 prog length: 6
2023/12/23 14:39:17 prog length: 4
2023/12/23 14:39:17 prog length: 10
2023/12/23 14:39:17 deserializeInput: hasCrash true hasNet false
2023/12/23 14:39:17 prog length: 6
2023/12/23 14:39:17 prog length: 3
2023/12/23 14:39:17 prog length: 2
2023/12/23 14:39:17 deserializeInput: hasCrash false hasNet false
2023/12/23 14:39:17 prog length: 3
2023/12/23 14:39:17 deserializeInput: hasCrash false hasNet false
2023/12/23 14:39:17 prog length: 2
2023/12/23 14:39:17 deserializeInput: hasCrash true hasNet false
2023/12/23 14:39:17 prog length: 6
2023/12/23 14:39:17 prog length: 3
2023/12/23 14:39:17 prog length: 2
2023/12/23 14:39:17 deserializeInput: hasCrash false hasNet false
2023/12/23 14:39:17 prog length: 2
2023/12/23 14:39:17 deserializeInput: hasCrash false hasNet true
2023/12/23 14:39:17 prog length: 6
2023/12/23 14:39:17 prog length: 2
2023/12/23 14:39:17 prog length: 3
2023/12/23 14:39:17 deserializeInput: hasCrash true hasNet false
2023/12/23 14:39:17 prog length: 6
2023/12/23 14:39:17 prog length: 5
2023/12/23 14:39:17 prog length: 2
2023/12/23 14:39:17 deserializeInput: hasCrash true hasNet false
2023/12/23 14:39:17 prog length: 6
2023/12/23 14:39:17 prog length: 3
2023/12/23 14:39:17 prog length: 10
2023/12/23 14:39:17 deserializeInput: hasCrash false hasNet true
2023/12/23 14:39:17 prog length: 6
2023/12/23 14:39:17 prog length: 3
2023/12/23 14:39:17 prog length: 2
2023/12/23 14:39:17 deserializeInput: hasCrash true hasNet false
2023/12/23 14:39:17 prog length: 6
2023/12/23 14:39:17 prog length: 2
2023/12/23 14:39:17 prog length: 6
2023/12/23 14:39:17 deserializeInput: hasCrash false hasNet false
2023/12/23 14:39:17 prog length: 3
2023/12/23 14:39:17 deserializeInput: hasCrash true hasNet false
2023/12/23 14:39:17 prog length: 6
2023/12/23 14:39:17 prog length: 3
2023/12/23 14:39:17 prog length: 2
2023/12/23 14:39:17 deserializeInput: hasCrash true hasNet false
2023/12/23 14:39:17 prog length: 6
2023/12/23 14:39:17 prog length: 3
2023/12/23 14:39:17 prog length: 10
2023/12/23 14:39:17 deserializeInput: hasCrash true hasNet false
2023/12/23 14:39:17 prog length: 6
2023/12/23 14:39:17 prog length: 3
2023/12/23 14:39:17 prog length: 10
2023/12/23 14:39:17 deserializeInput: hasCrash true hasNet false
2023/12/23 14:39:17 prog length: 6
2023/12/23 14:39:17 prog length: 3
2023/12/23 14:39:17 prog length: 6
2023/12/23 14:39:17 deserializeInput: hasCrash true hasNet false
2023/12/23 14:39:17 prog length: 6
2023/12/23 14:39:17 prog length: 8
2023/12/23 14:39:17 prog length: 8
2023/12/23 14:39:17 deserializeInput: hasCrash false hasNet false
2023/12/23 14:39:17 prog length: 2
2023/12/23 14:39:17 deserializeInput: hasCrash false hasNet false
2023/12/23 14:39:17 prog length: 1
2023/12/23 14:39:17 deserializeInput: hasCrash false hasNet true
2023/12/23 14:39:17 prog length: 6
2023/12/23 14:39:17 prog length: 3
2023/12/23 14:39:17 prog length: 10
2023/12/23 14:39:17 deserializeInput: hasCrash true hasNet false
2023/12/23 14:39:17 prog length: 6
2023/12/23 14:39:17 prog length: 4
2023/12/23 14:39:17 prog length: 2
2023/12/23 14:39:17 deserializeInput: hasCrash true hasNet false
2023/12/23 14:39:17 prog length: 6
2023/12/23 14:39:17 prog length: 3
2023/12/23 14:39:17 prog length: 10
2023/12/23 14:39:17 deserializeInput: hasCrash true hasNet false
2023/12/23 14:39:17 prog length: 6
2023/12/23 14:39:17 prog length: 3
2023/12/23 14:39:17 prog length: 2
2023/12/23 14:39:17 deserializeInput: hasCrash false hasNet false
2023/12/23 14:39:17 prog length: 1
2023/12/23 14:39:17 deserializeInput: hasCrash false hasNet false
2023/12/23 14:39:17 prog length: 2
2023/12/23 14:39:17 deserializeInput: hasCrash false hasNet false
2023/12/23 14:39:17 prog length: 3
2023/12/23 14:39:17 deserializeInput: hasCrash true hasNet false
2023/12/23 14:39:17 prog length: 6
2023/12/23 14:39:17 prog length: 3
2023/12/23 14:39:17 prog length: 10
2023/12/23 14:39:17 deserializeInput: hasCrash true hasNet false
2023/12/23 14:39:17 prog length: 6
2023/12/23 14:39:17 prog length: 4
2023/12/23 14:39:17 prog length: 10
2023/12/23 14:39:17 deserializeInput: hasCrash true hasNet false
2023/12/23 14:39:17 prog length: 6
2023/12/23 14:39:17 prog length: 3
2023/12/23 14:39:17 prog length: 2
2023/12/23 14:39:17 deserializeInput: hasCrash true hasNet false
2023/12/23 14:39:17 prog length: 6
2023/12/23 14:39:17 prog length: 3
2023/12/23 14:39:17 prog length: 2
2023/12/23 14:39:17 deserializeInput: hasCrash false hasNet false
2023/12/23 14:39:17 prog length: 3
2023/12/23 14:39:17 deserializeInput: hasCrash false hasNet false
2023/12/23 14:39:17 prog length: 2
2023/12/23 14:39:17 deserializeInput: hasCrash false hasNet false
2023/12/23 14:39:17 prog length: 2
2023/12/23 14:39:17 deserializeInput: hasCrash false hasNet false
2023/12/23 14:39:17 prog length: 2
2023/12/23 14:39:17 deserializeInput: hasCrash true hasNet false
2023/12/23 14:39:17 prog length: 6
2023/12/23 14:39:17 prog length: 5
2023/12/23 14:39:17 prog length: 4
2023/12/23 14:39:17 deserializeInput: hasCrash false hasNet false
2023/12/23 14:39:17 prog length: 2
2023/12/23 14:39:17 deserializeInput: hasCrash false hasNet false
2023/12/23 14:39:17 prog length: 1
2023/12/23 14:39:17 deserializeInput: hasCrash false hasNet false
2023/12/23 14:39:17 prog length: 2
2023/12/23 14:39:17 fetching corpus: 150, signal 10012/52351/61766 (executing program)
2023/12/23 14:39:17 poll: candidates=0 inputs=39 signal=2000
2023/12/23 14:39:17 deserializeInput: hasCrash false hasNet true
2023/12/23 14:39:17 prog length: 6
2023/12/23 14:39:17 prog length: 4
2023/12/23 14:39:17 prog length: 2
2023/12/23 14:39:17 deserializeInput: hasCrash true hasNet false
2023/12/23 14:39:17 prog length: 6
2023/12/23 14:39:17 prog length: 4
2023/12/23 14:39:17 prog length: 8
2023/12/23 14:39:17 deserializeInput: hasCrash false hasNet false
2023/12/23 14:39:17 prog length: 1
2023/12/23 14:39:17 prog length: 4
2023/12/23 14:39:17 deserializeInput: hasCrash false hasNet false
2023/12/23 14:39:17 prog length: 2
2023/12/23 14:39:17 deserializeInput: hasCrash false hasNet false
2023/12/23 14:39:17 prog length: 1
2023/12/23 14:39:17 deserializeInput: hasCrash false hasNet false
2023/12/23 14:39:17 prog length: 1
2023/12/23 14:39:17 deserializeInput: hasCrash true hasNet false
2023/12/23 14:39:17 prog length: 6
2023/12/23 14:39:17 prog length: 3
2023/12/23 14:39:17 prog length: 10
2023/12/23 14:39:17 deserializeInput: hasCrash true hasNet false
2023/12/23 14:39:17 prog length: 6
2023/12/23 14:39:17 prog length: 3
2023/12/23 14:39:17 prog length: 2
2023/12/23 14:39:17 deserializeInput: hasCrash true hasNet false
2023/12/23 14:39:17 prog length: 6
2023/12/23 14:39:17 prog length: 3
2023/12/23 14:39:17 prog length: 10
2023/12/23 14:39:17 deserializeInput: hasCrash true hasNet false
2023/12/23 14:39:17 prog length: 6
2023/12/23 14:39:17 prog length: 5
2023/12/23 14:39:17 prog length: 10
2023/12/23 14:39:17 deserializeInput: hasCrash true hasNet false
2023/12/23 14:39:17 prog length: 6
2023/12/23 14:39:17 prog length: 4
2023/12/23 14:39:17 prog length: 10
2023/12/23 14:39:17 deserializeInput: hasCrash false hasNet false
2023/12/23 14:39:17 prog length: 1
2023/12/23 14:39:17 deserializeInput: hasCrash false hasNet false
2023/12/23 14:39:17 prog length: 1
2023/12/23 14:39:17 deserializeInput: hasCrash false hasNet false
2023/12/23 14:39:17 prog length: 2
2023/12/23 14:39:17 deserializeInput: hasCrash false hasNet false
2023/12/23 14:39:17 prog length: 2
2023/12/23 14:39:17 prog length: 2
2023/12/23 14:39:17 deserializeInput: hasCrash true hasNet false
2023/12/23 14:39:17 prog length: 6
2023/12/23 14:39:17 prog length: 2
2023/12/23 14:39:17 prog length: 6
2023/12/23 14:39:17 deserializeInput: hasCrash false hasNet true
2023/12/23 14:39:17 prog length: 6
2023/12/23 14:39:17 prog length: 5
2023/12/23 14:39:17 prog length: 2
2023/12/23 14:39:17 deserializeInput: hasCrash false hasNet false
2023/12/23 14:39:17 prog length: 2
2023/12/23 14:39:17 deserializeInput: hasCrash false hasNet false
2023/12/23 14:39:17 prog length: 2
2023/12/23 14:39:17 deserializeInput: hasCrash false hasNet false
2023/12/23 14:39:17 prog length: 1
2023/12/23 14:39:17 deserializeInput: hasCrash false hasNet true
2023/12/23 14:39:17 prog length: 6
2023/12/23 14:39:17 prog length: 3
2023/12/23 14:39:17 prog length: 2
2023/12/23 14:39:17 deserializeInput: hasCrash true hasNet false
2023/12/23 14:39:17 prog length: 6
2023/12/23 14:39:17 prog length: 10
2023/12/23 14:39:17 prog length: 10
2023/12/23 14:39:17 deserializeInput: hasCrash false hasNet false
2023/12/23 14:39:17 prog length: 2
2023/12/23 14:39:17 prog length: 6
2023/12/23 14:39:17 deserializeInput: hasCrash true hasNet false
2023/12/23 14:39:17 prog length: 6
2023/12/23 14:39:17 prog length: 3
2023/12/23 14:39:17 prog length: 10
2023/12/23 14:39:17 deserializeInput: hasCrash true hasNet false
2023/12/23 14:39:17 prog length: 6
2023/12/23 14:39:17 prog length: 10
2023/12/23 14:39:17 prog length: 10
2023/12/23 14:39:17 deserializeInput: hasCrash true hasNet false
2023/12/23 14:39:17 prog length: 6
2023/12/23 14:39:17 prog length: 2
2023/12/23 14:39:17 prog length: 4
2023/12/23 14:39:17 deserializeInput: hasCrash false hasNet false
2023/12/23 14:39:17 prog length: 1
2023/12/23 14:39:17 deserializeInput: hasCrash true hasNet false
2023/12/23 14:39:17 prog length: 6
2023/12/23 14:39:17 prog length: 6
2023/12/23 14:39:17 prog length: 8
2023/12/23 14:39:17 deserializeInput: hasCrash false hasNet false
2023/12/23 14:39:17 prog length: 5
2023/12/23 14:39:17 prog length: 1
2023/12/23 14:39:17 deserializeInput: hasCrash true hasNet false
2023/12/23 14:39:17 prog length: 6
2023/12/23 14:39:17 prog length: 2
2023/12/23 14:39:17 prog length: 3
2023/12/23 14:39:17 deserializeInput: hasCrash true hasNet false
2023/12/23 14:39:17 prog length: 6
2023/12/23 14:39:17 prog length: 3
2023/12/23 14:39:17 prog length: 10
2023/12/23 14:39:17 deserializeInput: hasCrash true hasNet false
2023/12/23 14:39:17 prog length: 6
2023/12/23 14:39:17 prog length: 3
2023/12/23 14:39:17 prog length: 10
2023/12/23 14:39:17 deserializeInput: hasCrash false hasNet false
2023/12/23 14:39:17 prog length: 2
2023/12/23 14:39:17 deserializeInput: hasCrash true hasNet false
2023/12/23 14:39:17 prog length: 6
2023/12/23 14:39:17 prog length: 3
2023/12/23 14:39:17 prog length: 2
2023/12/23 14:39:17 deserializeInput: hasCrash true hasNet false
2023/12/23 14:39:17 prog length: 6
2023/12/23 14:39:17 prog length: 4
2023/12/23 14:39:17 prog length: 10
2023/12/23 14:39:17 deserializeInput: hasCrash true hasNet false
2023/12/23 14:39:17 prog length: 6
2023/12/23 14:39:17 prog length: 4
2023/12/23 14:39:17 prog length: 2
2023/12/23 14:39:17 deserializeInput: hasCrash true hasNet false
2023/12/23 14:39:17 prog length: 6
2023/12/23 14:39:17 prog length: 4
2023/12/23 14:39:17 prog length: 10
2023/12/23 14:39:17 deserializeInput: hasCrash true hasNet false
2023/12/23 14:39:17 prog length: 6
2023/12/23 14:39:17 prog length: 4
2023/12/23 14:39:17 prog length: 10
2023/12/23 14:39:17 deserializeInput: hasCrash false hasNet false
2023/12/23 14:39:17 prog length: 1
2023/12/23 14:39:17 fetching corpus: 189, signal 10333/53439/63379 (executing program)
2023/12/23 14:39:17 poll: candidates=0 inputs=0 signal=2000
2023/12/23 14:39:17 fetching corpus: 189, signal 10333/53439/63766 (executing program)
2023/12/23 14:39:17 poll: candidates=0 inputs=0 signal=2000
2023/12/23 14:39:17 fetching corpus: 189, signal 10333/53439/64172 (executing program)
2023/12/23 14:39:17 poll: candidates=0 inputs=0 signal=2000
2023/12/23 14:39:17 fetching corpus: 189, signal 10333/53439/64570 (executing program)
2023/12/23 14:39:17 poll: candidates=0 inputs=0 signal=2000
2023/12/23 14:39:17 fetching corpus: 189, signal 10333/53439/64965 (executing program)
2023/12/23 14:39:17 poll: candidates=0 inputs=0 signal=2000
2023/12/23 14:39:17 fetching corpus: 189, signal 10333/53439/65333 (executing program)
2023/12/23 14:39:17 poll: candidates=0 inputs=0 signal=2000
2023/12/23 14:39:17 fetching corpus: 189, signal 10333/53439/65722 (executing program)
2023/12/23 14:39:17 poll: candidates=0 inputs=0 signal=2000
2023/12/23 14:39:17 fetching corpus: 189, signal 10333/53439/66118 (executing program)
2023/12/23 14:39:17 poll: candidates=0 inputs=0 signal=2000
2023/12/23 14:39:17 fetching corpus: 189, signal 10333/53439/66520 (executing program)
2023/12/23 14:39:17 poll: candidates=0 inputs=0 signal=2000
2023/12/23 14:39:17 fetching corpus: 189, signal 10333/53439/66905 (executing program)
2023/12/23 14:39:17 poll: candidates=0 inputs=0 signal=2000
2023/12/23 14:39:17 fetching corpus: 189, signal 10333/53439/67306 (executing program)
2023/12/23 14:39:17 poll: candidates=0 inputs=0 signal=2000
2023/12/23 14:39:17 fetching corpus: 189, signal 10333/53439/67694 (executing program)
2023/12/23 14:39:17 poll: candidates=0 inputs=0 signal=2000
2023/12/23 14:39:17 fetching corpus: 189, signal 10333/53439/68051 (executing program)
2023/12/23 14:39:17 poll: candidates=0 inputs=0 signal=2000
2023/12/23 14:39:17 fetching corpus: 189, signal 10333/53439/68441 (executing program)
2023/12/23 14:39:17 poll: candidates=0 inputs=0 signal=2000
2023/12/23 14:39:17 fetching corpus: 189, signal 10333/53439/68821 (executing program)
2023/12/23 14:39:17 poll: candidates=0 inputs=0 signal=2000
2023/12/23 14:39:17 fetching corpus: 189, signal 10333/53439/69235 (executing program)
2023/12/23 14:39:17 poll: candidates=0 inputs=0 signal=2000
2023/12/23 14:39:17 fetching corpus: 189, signal 10333/53439/69647 (executing program)
2023/12/23 14:39:17 poll: candidates=0 inputs=0 signal=2000
2023/12/23 14:39:17 fetching corpus: 189, signal 10333/53439/70025 (executing program)
2023/12/23 14:39:17 poll: candidates=0 inputs=0 signal=2000
2023/12/23 14:39:17 fetching corpus: 189, signal 10333/53439/70411 (executing program)
2023/12/23 14:39:17 poll: candidates=0 inputs=0 signal=2000
2023/12/23 14:39:17 fetching corpus: 189, signal 10333/53439/70792 (executing program)
2023/12/23 14:39:17 poll: candidates=0 inputs=0 signal=2000
2023/12/23 14:39:17 fetching corpus: 189, signal 10333/53439/71182 (executing program)
2023/12/23 14:39:17 poll: candidates=0 inputs=0 signal=2000
2023/12/23 14:39:17 fetching corpus: 189, signal 10333/53439/71573 (executing program)
2023/12/23 14:39:17 poll: candidates=0 inputs=0 signal=2000
2023/12/23 14:39:17 fetching corpus: 189, signal 10333/53439/71983 (executing program)
2023/12/23 14:39:17 poll: candidates=0 inputs=0 signal=2000
2023/12/23 14:39:17 fetching corpus: 189, signal 10333/53439/72353 (executing program)
2023/12/23 14:39:17 poll: candidates=0 inputs=0 signal=2000
2023/12/23 14:39:17 fetching corpus: 189, signal 10333/53439/72706 (executing program)
2023/12/23 14:39:17 poll: candidates=0 inputs=0 signal=2000
2023/12/23 14:39:17 fetching corpus: 189, signal 10333/53439/73105 (executing program)
2023/12/23 14:39:17 poll: candidates=0 inputs=0 signal=2000
2023/12/23 14:39:17 fetching corpus: 189, signal 10333/53439/73501 (executing program)
2023/12/23 14:39:17 poll: candidates=0 inputs=0 signal=2000
2023/12/23 14:39:17 fetching corpus: 189, signal 10333/53439/73873 (executing program)
2023/12/23 14:39:17 poll: candidates=0 inputs=0 signal=1859
2023/12/23 14:39:17 fetching corpus: 189, signal 10333/53439/74231 (executing program)
2023/12/23 14:39:17 poll: candidates=0 inputs=0 signal=0
2023/12/23 14:39:17 fetching corpus: 189, signal 10333/53439/74231 (executing program)
2023/12/23 14:39:18 starting 1 fuzzer processes
2023/12/23 14:39:18 ----- generateCall 2349 lremovexattr lremovexattr
2023/12/23 14:39:18 ----- generateCall 231 fsetxattr fsetxattr
2023/12/23 14:39:18 ----- generateCall 2349 lremovexattr lremovexattr
2023/12/23 14:39:18 ----- generateCall 231 fsetxattr fsetxattr
2023/12/23 14:39:18 ----- generateCall 2808 removexattr removexattr
2023/12/23 14:39:18 ----- generateCall 2808 removexattr removexattr
2023/12/23 14:39:18 ----- generateCall 170 dup dup
2023/12/23 14:39:18 ----- generateCall 131 close close
2023/12/23 14:39:18 map[./file0:true ./file1:true]
2023/12/23 14:39:18 ----- generateCall 2753 read read
2023/12/23 14:39:18 ----- generateCall 250 fsync fsync
2023/12/23 14:39:18 ----- generateCall 251 ftruncate ftruncate
2023/12/23 14:39:18 poll: candidates=0 inputs=0 signal=0
2023/12/23 14:39:18 ----- generateCall 250 fsync fsync
2023/12/23 14:39:18 ----- generateCall 2753 read read
2023/12/23 14:39:18 ----- generateCall 170 dup dup
2023/12/23 14:39:18 ----- generateCall 248 fstat fstat
2023/12/23 14:39:18 map[./file0:true ./file1:true]
2023/12/23 14:39:18 #0: generated
2023/12/23 14:39:18 HasCrashFail: false, .HasNetFail: false
2023/12/23 14:39:18 disable threaded and collide
2023/12/23 14:39:18 prog length: 8
2023/12/23 14:39:18 prog length: 8
2023/12/23 14:39:18 HasCrashFail:false HasNetFail:false
14:39:18 ---executing program 0:
---
---
---
lremovexattr(&(0x7f0000000000)='./file0\x00', &(0x7f0000000040)=@random={'os2.', '\\+\x00'})
fsetxattr(0xffffffffffffffff, &(0x7f0000000080)=@known='trusted.overlay.origin\x00', &(0x7f00000000c0)='M\x00', 0x2, 0x2)
lremovexattr(&(0x7f0000000100)='./file0\x00', &(0x7f0000000140)=@known='security.selinux\x00')
fsetxattr(0xffffffffffffffff, &(0x7f0000000180)=@known='system.advise\x00', &(0x7f00000001c0)='trusted.overlay.origin\x00', 0x17, 0x2)
removexattr(&(0x7f0000000200)='./file0\x00', &(0x7f0000000240)=@random={'user.', 'M\x00'})
removexattr(&(0x7f0000000280)='./file1\x00', &(0x7f00000002c0)=@random={'trusted.', 'M\x00'})
dup(0xffffffffffffffff)
close(0xffffffffffffffff)
---
read(0xffffffffffffffff, &(0x7f0000000000)=""/243, 0xf3)
fsync(0xffffffffffffffff)
r0 = dup2(0xffffffffffffffff, 0xffffffffffffffff)
ftruncate(r0, 0x9)
fsync(r0)
read(r0, &(0x7f0000000100)=""/184, 0xb8)
dup(r0)
fstat(0xffffffffffffffff, &(0x7f0000000200))
---

end of program
2023/12/23 14:39:18 -----run executor: [/usr/bin/ssh -F /dev/null -o ConnectionAttempts=100 -o ConnectTimeout=120 -o UserKnownHostsFile=/dev/null -o BatchMode=yes -o IdentitiesOnly=yes -o StrictHostKeyChecking=no -o ConnectTimeout=100 -i /home/tlyu/dfs-fuzzing/disk-images/glusterfs-images/focal.id_rsa -v root@192.168.0.5 /root/syz-executor exec 0 0 glusterfs 3 5 192.168.0.5 0 "3 2 ''" false false false true false]
2023/12/23 14:39:18 -----run executor: [/usr/bin/ssh -F /dev/null -o ConnectionAttempts=100 -o ConnectTimeout=120 -o UserKnownHostsFile=/dev/null -o BatchMode=yes -o IdentitiesOnly=yes -o StrictHostKeyChecking=no -o ConnectTimeout=100 -i /home/tlyu/dfs-fuzzing/disk-images/glusterfs-images/focal.id_rsa -v root@192.168.0.6 /root/syz-executor exec 0 1 glusterfs 3 5 192.168.0.5 0 "3 2 ''" false false false true false]
2023/12/23 14:39:18 -----run executor: [/usr/bin/ssh -F /dev/null -o ConnectionAttempts=100 -o ConnectTimeout=120 -o UserKnownHostsFile=/dev/null -o BatchMode=yes -o IdentitiesOnly=yes -o StrictHostKeyChecking=no -o ConnectTimeout=100 -i /home/tlyu/dfs-fuzzing/disk-images/glusterfs-images/focal.id_rsa -v root@192.168.0.7 /root/syz-executor exec 0 2 glusterfs 3 5 192.168.0.5 0 "3 2 ''" false false false true false]
2023/12/23 14:39:18 -----run executor: [/usr/bin/ssh -F /dev/null -o ConnectionAttempts=100 -o ConnectTimeout=120 -o UserKnownHostsFile=/dev/null -o BatchMode=yes -o IdentitiesOnly=yes -o StrictHostKeyChecking=no -o ConnectTimeout=100 -i /home/tlyu/dfs-fuzzing/disk-images/glusterfs-images/focal.id_rsa -v root@192.168.0.8 /root/syz-executor exec 1 3 glusterfs 3 5 192.168.0.5 0 "3 2 ''" false false false true false]
2023/12/23 14:39:18 -----run executor: [/usr/bin/ssh -F /dev/null -o ConnectionAttempts=100 -o ConnectTimeout=120 -o UserKnownHostsFile=/dev/null -o BatchMode=yes -o IdentitiesOnly=yes -o StrictHostKeyChecking=no -o ConnectTimeout=100 -i /home/tlyu/dfs-fuzzing/disk-images/glusterfs-images/focal.id_rsa -v root@192.168.0.9 /root/syz-executor exec 1 4 glusterfs 3 5 192.168.0.5 0 "3 2 ''" false false false true false]
OpenSSH_8.2p1 Ubuntu-4ubuntu0.9, OpenSSL 1.1.1f  31 Mar 2020
debug1: Reading configuration data /dev/null
OpenSSH_8.2p1 Ubuntu-4ubuntu0.9, OpenSSL 1.1.1f  31 Mar 2020
debug1: Reading configuration data /dev/null
debug1: Connecting to 192.168.0.5 [192.168.0.5] port 22.
OpenSSH_8.2p1 Ubuntu-4ubuntu0.9, OpenSSL 1.1.1f  31 Mar 2020
debug1: Reading configuration data /dev/null
debug1: Connecting to 192.168.0.6 [192.168.0.6] port 22.
OpenSSH_8.2p1 Ubuntu-4ubuntu0.9, OpenSSL 1.1.1f  31 Mar 2020
debug1: Reading configuration data /dev/null
debug1: Connecting to 192.168.0.7 [192.168.0.7] port 22.
debug1: Connecting to 192.168.0.8 [192.168.0.8] port 22.
debug1: fd 3 clearing O_NONBLOCK
debug1: Connection established.
debug1: identity file /home/tlyu/dfs-fuzzing/disk-images/glusterfs-images/focal.id_rsa type 0
debug1: identity file /home/tlyu/dfs-fuzzing/disk-images/glusterfs-images/focal.id_rsa-cert type -1
debug1: Local version string SSH-2.0-OpenSSH_8.2p1 Ubuntu-4ubuntu0.9
debug1: fd 3 clearing O_NONBLOCK
debug1: Connection established.
debug1: identity file /home/tlyu/dfs-fuzzing/disk-images/glusterfs-images/focal.id_rsa type 0
debug1: identity file /home/tlyu/dfs-fuzzing/disk-images/glusterfs-images/focal.id_rsa-cert type -1
debug1: Local version string SSH-2.0-OpenSSH_8.2p1 Ubuntu-4ubuntu0.9
debug1: fd 3 clearing O_NONBLOCK
debug1: Connection established.
debug1: identity file /home/tlyu/dfs-fuzzing/disk-images/glusterfs-images/focal.id_rsa type 0
debug1: identity file /home/tlyu/dfs-fuzzing/disk-images/glusterfs-images/focal.id_rsa-cert type -1
debug1: Local version string SSH-2.0-OpenSSH_8.2p1 Ubuntu-4ubuntu0.9
debug1: fd 3 clearing O_NONBLOCK
debug1: Connection established.
debug1: identity file /home/tlyu/dfs-fuzzing/disk-images/glusterfs-images/focal.id_rsa type 0
debug1: identity file /home/tlyu/dfs-fuzzing/disk-images/glusterfs-images/focal.id_rsa-cert type -1
debug1: Local version string SSH-2.0-OpenSSH_8.2p1 Ubuntu-4ubuntu0.9
OpenSSH_8.2p1 Ubuntu-4ubuntu0.9, OpenSSL 1.1.1f  31 Mar 2020
debug1: Reading configuration data /dev/null
debug1: Connecting to 192.168.0.9 [192.168.0.9] port 22.
debug1: fd 3 clearing O_NONBLOCK
debug1: Connection established.
debug1: identity file /home/tlyu/dfs-fuzzing/disk-images/glusterfs-images/focal.id_rsa type 0
debug1: identity file /home/tlyu/dfs-fuzzing/disk-images/glusterfs-images/focal.id_rsa-cert type -1
debug1: Local version string SSH-2.0-OpenSSH_8.2p1 Ubuntu-4ubuntu0.9
debug1: Remote protocol version 2.0, remote software version OpenSSH_8.2p1 Ubuntu-4
debug1: match: OpenSSH_8.2p1 Ubuntu-4 pat OpenSSH* compat 0x04000000
debug1: Authenticating to 192.168.0.6:22 as 'root'
debug1: SSH2_MSG_KEXINIT sent
debug1: SSH2_MSG_KEXINIT received
debug1: kex: algorithm: curve25519-sha256
debug1: kex: host key algorithm: ecdsa-sha2-nistp256
debug1: kex: server->client cipher: chacha20-poly1305@openssh.com MAC: <implicit> compression: none
debug1: kex: client->server cipher: chacha20-poly1305@openssh.com MAC: <implicit> compression: none
debug1: Remote protocol version 2.0, remote software version OpenSSH_8.2p1 Ubuntu-4
debug1: match: OpenSSH_8.2p1 Ubuntu-4 pat OpenSSH* compat 0x04000000
debug1: Authenticating to 192.168.0.7:22 as 'root'
debug1: SSH2_MSG_KEXINIT sent
debug1: expecting SSH2_MSG_KEX_ECDH_REPLY
debug1: Remote protocol version 2.0, remote software version OpenSSH_8.2p1 Ubuntu-4
debug1: match: OpenSSH_8.2p1 Ubuntu-4 pat OpenSSH* compat 0x04000000
debug1: Authenticating to 192.168.0.5:22 as 'root'
debug1: SSH2_MSG_KEXINIT sent
debug1: SSH2_MSG_KEXINIT received
debug1: kex: algorithm: curve25519-sha256
debug1: kex: host key algorithm: ecdsa-sha2-nistp256
debug1: kex: server->client cipher: chacha20-poly1305@openssh.com MAC: <implicit> compression: none
debug1: kex: client->server cipher: chacha20-poly1305@openssh.com MAC: <implicit> compression: none
debug1: SSH2_MSG_KEXINIT received
debug1: kex: algorithm: curve25519-sha256
debug1: kex: host key algorithm: ecdsa-sha2-nistp256
debug1: kex: server->client cipher: chacha20-poly1305@openssh.com MAC: <implicit> compression: none
debug1: kex: client->server cipher: chacha20-poly1305@openssh.com MAC: <implicit> compression: none
debug1: expecting SSH2_MSG_KEX_ECDH_REPLY
debug1: Server host key: ecdsa-sha2-nistp256 SHA256:prHFi1G5XXPuzxIh2a5lJaY6ZWltf3+ajD/hEOIDid8
Warning: Permanently added '192.168.0.6' (ECDSA) to the list of known hosts.
debug1: expecting SSH2_MSG_KEX_ECDH_REPLY
debug1: rekey out after 134217728 blocks
debug1: SSH2_MSG_NEWKEYS sent
debug1: expecting SSH2_MSG_NEWKEYS
debug1: SSH2_MSG_NEWKEYS received
debug1: rekey in after 134217728 blocks
debug1: Will attempt key: /home/tlyu/dfs-fuzzing/disk-images/glusterfs-images/focal.id_rsa RSA SHA256:QIWS4tuunVotoxxddPCtr9GZw0tGyObh4l0/OC+LLZc explicit
debug1: SSH2_MSG_EXT_INFO received
debug1: kex_input_ext_info: server-sig-algs=<ssh-ed25519,sk-ssh-ed25519@openssh.com,ssh-rsa,rsa-sha2-256,rsa-sha2-512,ssh-dss,ecdsa-sha2-nistp256,ecdsa-sha2-nistp384,ecdsa-sha2-nistp521,sk-ecdsa-sha2-nistp256@openssh.com>
debug1: Remote protocol version 2.0, remote software version OpenSSH_8.2p1 Ubuntu-4
debug1: match: OpenSSH_8.2p1 Ubuntu-4 pat OpenSSH* compat 0x04000000
debug1: Authenticating to 192.168.0.8:22 as 'root'
debug1: SSH2_MSG_KEXINIT sent
debug1: Remote protocol version 2.0, remote software version OpenSSH_8.2p1 Ubuntu-4
debug1: match: OpenSSH_8.2p1 Ubuntu-4 pat OpenSSH* compat 0x04000000
debug1: Authenticating to 192.168.0.9:22 as 'root'
debug1: SSH2_MSG_KEXINIT sent
debug1: Server host key: ecdsa-sha2-nistp256 SHA256:prHFi1G5XXPuzxIh2a5lJaY6ZWltf3+ajD/hEOIDid8
Warning: Permanently added '192.168.0.7' (ECDSA) to the list of known hosts.
debug1: SSH2_MSG_KEXINIT received
debug1: kex: algorithm: curve25519-sha256
debug1: kex: host key algorithm: ecdsa-sha2-nistp256
debug1: kex: server->client cipher: chacha20-poly1305@openssh.com MAC: <implicit> compression: none
debug1: kex: client->server cipher: chacha20-poly1305@openssh.com MAC: <implicit> compression: none
debug1: SSH2_MSG_KEXINIT received
debug1: kex: algorithm: curve25519-sha256
debug1: kex: host key algorithm: ecdsa-sha2-nistp256
debug1: kex: server->client cipher: chacha20-poly1305@openssh.com MAC: <implicit> compression: none
debug1: kex: client->server cipher: chacha20-poly1305@openssh.com MAC: <implicit> compression: none
debug1: rekey out after 134217728 blocks
debug1: SSH2_MSG_NEWKEYS sent
debug1: expecting SSH2_MSG_NEWKEYS
debug1: expecting SSH2_MSG_KEX_ECDH_REPLY
debug1: SSH2_MSG_NEWKEYS received
debug1: rekey in after 134217728 blocks
debug1: Will attempt key: /home/tlyu/dfs-fuzzing/disk-images/glusterfs-images/focal.id_rsa RSA SHA256:QIWS4tuunVotoxxddPCtr9GZw0tGyObh4l0/OC+LLZc explicit
debug1: Server host key: ecdsa-sha2-nistp256 SHA256:prHFi1G5XXPuzxIh2a5lJaY6ZWltf3+ajD/hEOIDid8
Warning: Permanently added '192.168.0.5' (ECDSA) to the list of known hosts.
debug1: SSH2_MSG_EXT_INFO received
debug1: kex_input_ext_info: server-sig-algs=<ssh-ed25519,sk-ssh-ed25519@openssh.com,ssh-rsa,rsa-sha2-256,rsa-sha2-512,ssh-dss,ecdsa-sha2-nistp256,ecdsa-sha2-nistp384,ecdsa-sha2-nistp521,sk-ecdsa-sha2-nistp256@openssh.com>
debug1: SSH2_MSG_SERVICE_ACCEPT received
debug1: expecting SSH2_MSG_KEX_ECDH_REPLY
debug1: rekey out after 134217728 blocks
debug1: SSH2_MSG_NEWKEYS sent
debug1: expecting SSH2_MSG_NEWKEYS
debug1: SSH2_MSG_NEWKEYS received
debug1: rekey in after 134217728 blocks
debug1: Will attempt key: /home/tlyu/dfs-fuzzing/disk-images/glusterfs-images/focal.id_rsa RSA SHA256:QIWS4tuunVotoxxddPCtr9GZw0tGyObh4l0/OC+LLZc explicit
debug1: SSH2_MSG_EXT_INFO received
debug1: kex_input_ext_info: server-sig-algs=<ssh-ed25519,sk-ssh-ed25519@openssh.com,ssh-rsa,rsa-sha2-256,rsa-sha2-512,ssh-dss,ecdsa-sha2-nistp256,ecdsa-sha2-nistp384,ecdsa-sha2-nistp521,sk-ecdsa-sha2-nistp256@openssh.com>
debug1: SSH2_MSG_SERVICE_ACCEPT received
debug1: Authentications that can continue: publickey,password
debug1: Next authentication method: publickey
debug1: Offering public key: /home/tlyu/dfs-fuzzing/disk-images/glusterfs-images/focal.id_rsa RSA SHA256:QIWS4tuunVotoxxddPCtr9GZw0tGyObh4l0/OC+LLZc explicit
debug1: Server accepts key: /home/tlyu/dfs-fuzzing/disk-images/glusterfs-images/focal.id_rsa RSA SHA256:QIWS4tuunVotoxxddPCtr9GZw0tGyObh4l0/OC+LLZc explicit
debug1: Server host key: ecdsa-sha2-nistp256 SHA256:prHFi1G5XXPuzxIh2a5lJaY6ZWltf3+ajD/hEOIDid8
Warning: Permanently added '192.168.0.9' (ECDSA) to the list of known hosts.
debug1: Authentications that can continue: publickey,password
debug1: Next authentication method: publickey
debug1: Offering public key: /home/tlyu/dfs-fuzzing/disk-images/glusterfs-images/focal.id_rsa RSA SHA256:QIWS4tuunVotoxxddPCtr9GZw0tGyObh4l0/OC+LLZc explicit
debug1: rekey out after 134217728 blocks
debug1: SSH2_MSG_NEWKEYS sent
debug1: expecting SSH2_MSG_NEWKEYS
debug1: SSH2_MSG_NEWKEYS received
debug1: rekey in after 134217728 blocks
debug1: Will attempt key: /home/tlyu/dfs-fuzzing/disk-images/glusterfs-images/focal.id_rsa RSA SHA256:QIWS4tuunVotoxxddPCtr9GZw0tGyObh4l0/OC+LLZc explicit
debug1: SSH2_MSG_EXT_INFO received
debug1: kex_input_ext_info: server-sig-algs=<ssh-ed25519,sk-ssh-ed25519@openssh.com,ssh-rsa,rsa-sha2-256,rsa-sha2-512,ssh-dss,ecdsa-sha2-nistp256,ecdsa-sha2-nistp384,ecdsa-sha2-nistp521,sk-ecdsa-sha2-nistp256@openssh.com>
debug1: Server accepts key: /home/tlyu/dfs-fuzzing/disk-images/glusterfs-images/focal.id_rsa RSA SHA256:QIWS4tuunVotoxxddPCtr9GZw0tGyObh4l0/OC+LLZc explicit
debug1: Server host key: ecdsa-sha2-nistp256 SHA256:prHFi1G5XXPuzxIh2a5lJaY6ZWltf3+ajD/hEOIDid8
Warning: Permanently added '192.168.0.8' (ECDSA) to the list of known hosts.
debug1: rekey out after 134217728 blocks
debug1: SSH2_MSG_NEWKEYS sent
debug1: expecting SSH2_MSG_NEWKEYS
debug1: SSH2_MSG_NEWKEYS received
debug1: rekey in after 134217728 blocks
debug1: Will attempt key: /home/tlyu/dfs-fuzzing/disk-images/glusterfs-images/focal.id_rsa RSA SHA256:QIWS4tuunVotoxxddPCtr9GZw0tGyObh4l0/OC+LLZc explicit
debug1: SSH2_MSG_EXT_INFO received
debug1: kex_input_ext_info: server-sig-algs=<ssh-ed25519,sk-ssh-ed25519@openssh.com,ssh-rsa,rsa-sha2-256,rsa-sha2-512,ssh-dss,ecdsa-sha2-nistp256,ecdsa-sha2-nistp384,ecdsa-sha2-nistp521,sk-ecdsa-sha2-nistp256@openssh.com>
debug1: SSH2_MSG_SERVICE_ACCEPT received
debug1: Authentication succeeded (publickey).
Authenticated to 192.168.0.7 ([192.168.0.7]:22).
debug1: channel 0: new [client-session]
debug1: Requesting no-more-sessions@openssh.com
debug1: Entering interactive session.
debug1: pledge: network
debug1: Authentications that can continue: publickey,password
debug1: Next authentication method: publickey
debug1: Offering public key: /home/tlyu/dfs-fuzzing/disk-images/glusterfs-images/focal.id_rsa RSA SHA256:QIWS4tuunVotoxxddPCtr9GZw0tGyObh4l0/OC+LLZc explicit
debug1: Server accepts key: /home/tlyu/dfs-fuzzing/disk-images/glusterfs-images/focal.id_rsa RSA SHA256:QIWS4tuunVotoxxddPCtr9GZw0tGyObh4l0/OC+LLZc explicit
debug1: Authentication succeeded (publickey).
Authenticated to 192.168.0.6 ([192.168.0.6]:22).
debug1: channel 0: new [client-session]
debug1: Requesting no-more-sessions@openssh.com
debug1: Entering interactive session.
debug1: pledge: network
debug1: SSH2_MSG_SERVICE_ACCEPT received
debug1: Authentication succeeded (publickey).
Authenticated to 192.168.0.5 ([192.168.0.5]:22).
debug1: channel 0: new [client-session]
debug1: Requesting no-more-sessions@openssh.com
debug1: Entering interactive session.
debug1: pledge: network
debug1: SSH2_MSG_SERVICE_ACCEPT received
debug1: Authentications that can continue: publickey,password
debug1: Next authentication method: publickey
debug1: Offering public key: /home/tlyu/dfs-fuzzing/disk-images/glusterfs-images/focal.id_rsa RSA SHA256:QIWS4tuunVotoxxddPCtr9GZw0tGyObh4l0/OC+LLZc explicit
debug1: Server accepts key: /home/tlyu/dfs-fuzzing/disk-images/glusterfs-images/focal.id_rsa RSA SHA256:QIWS4tuunVotoxxddPCtr9GZw0tGyObh4l0/OC+LLZc explicit
debug1: Authentications that can continue: publickey,password
debug1: Next authentication method: publickey
debug1: Offering public key: /home/tlyu/dfs-fuzzing/disk-images/glusterfs-images/focal.id_rsa RSA SHA256:QIWS4tuunVotoxxddPCtr9GZw0tGyObh4l0/OC+LLZc explicit
debug1: Server accepts key: /home/tlyu/dfs-fuzzing/disk-images/glusterfs-images/focal.id_rsa RSA SHA256:QIWS4tuunVotoxxddPCtr9GZw0tGyObh4l0/OC+LLZc explicit
debug1: Authentication succeeded (publickey).
Authenticated to 192.168.0.8 ([192.168.0.8]:22).
debug1: channel 0: new [client-session]
debug1: Requesting no-more-sessions@openssh.com
debug1: Entering interactive session.
debug1: pledge: network
debug1: client_input_global_request: rtype hostkeys-00@openssh.com want_reply 0
debug1: Remote: /root/.ssh/authorized_keys:1: key options: agent-forwarding port-forwarding pty user-rc x11-forwarding
debug1: Authentication succeeded (publickey).
Authenticated to 192.168.0.9 ([192.168.0.9]:22).
debug1: channel 0: new [client-session]
debug1: Requesting no-more-sessions@openssh.com
debug1: Entering interactive session.
debug1: pledge: network
debug1: client_input_global_request: rtype hostkeys-00@openssh.com want_reply 0
debug1: Remote: /root/.ssh/authorized_keys:1: key options: agent-forwarding port-forwarding pty user-rc x11-forwarding
debug1: client_input_global_request: rtype hostkeys-00@openssh.com want_reply 0
debug1: Remote: /root/.ssh/authorized_keys:1: key options: agent-forwarding port-forwarding pty user-rc x11-forwarding
debug1: Remote: /root/.ssh/authorized_keys:1: key options: agent-forwarding port-forwarding pty user-rc x11-forwarding
debug1: Sending command: /root/syz-executor exec 0 2 glusterfs 3 5 192.168.0.5 0 "3 2 ''" false false false true false
----- is restarting 0
---- dfs_name glusterfs is_dfs_client 0
debug1: client_input_global_request: rtype hostkeys-00@openssh.com want_reply 0
debug1: Remote: /root/.ssh/authorized_keys:1: key options: agent-forwarding port-forwarding pty user-rc x11-forwarding
debug1: client_input_global_request: rtype hostkeys-00@openssh.com want_reply 0
debug1: Remote: /root/.ssh/authorized_keys:1: key options: agent-forwarding port-forwarding pty user-rc x11-forwarding
debug1: Remote: /root/.ssh/authorized_keys:1: key options: agent-forwarding port-forwarding pty user-rc x11-forwarding
debug1: Sending command: /root/syz-executor exec 0 1 glusterfs 3 5 192.168.0.5 0 "3 2 ''" false false false true false
debug1: Remote: /root/.ssh/authorized_keys:1: key options: agent-forwarding port-forwarding pty user-rc x11-forwarding
debug1: Sending command: /root/syz-executor exec 0 0 glusterfs 3 5 192.168.0.5 0 "3 2 ''" false false false true false
unlink FIFO failed: No such file or directory
[    0.000000] kernel: Linux version 5.15.0+ (tlyu@IC-RS3-DPC07) (gcc (Ubuntu 9.4.0-1ubuntu1~20.04.1) 9.4.0, GNU ld (GNU Binutils for Ubuntu) 2.34) #8 SMP Fri Jun 3 16:18:40 CEST 2022
[    0.000000] kernel: Command line: root=/dev/sda console=ttyS0 net.ifnames=0 ip=192.168.0.7 quiet nokaslr
[    0.000000] kernel: x86/fpu: Supporting XSAVE feature 0x001: 'x87 floating point registers'
[    0.000000] kernel: x86/fpu: Supporting XSAVE feature 0x002: 'SSE registers'
[    0.000000] kernel: x86/fpu: Supporting XSAVE feature 0x004: 'AVX registers'
[    0.000000] kernel: x86/fpu: Supporting XSAVE feature 0x008: 'MPX bounds registers'
[    0.000000] kernel: x86/fpu: Supporting XSAVE feature 0x010: 'MPX CSR'
[    0.000000] kernel: x86/fpu: Supporting XSAVE feature 0x020: 'AVX-512 opmask'
[    0.000000] kernel: x86/fpu: Supporting XSAVE feature 0x040: 'AVX-512 Hi256'
[    0.000000] kernel: x86/fpu: Supporting XSAVE feature 0x080: 'AVX-512 ZMM_Hi256'
[    0.000000] kernel: x86/fpu: Supporting XSAVE feature 0x200: 'Protection Keys User registers'
[    0.000000] kernel: x86/fpu: xstate_offset[2]:  576, xstate_sizes[2]:  256
[    0.000000] kernel: x86/fpu: xstate_offset[3]:  832, xstate_sizes[3]:   64
[    0.000000] kernel: x86/fpu: xstate_offset[4]:  896, xstate_sizes[4]:   64
[    0.000000] kernel: x86/fpu: xstate_offset[5]:  960, xstate_sizes[5]:   64
[    0.000000] kernel: x86/fpu: xstate_offset[6]: 1024, xstate_sizes[6]:  512
[    0.000000] kernel: x86/fpu: xstate_offset[7]: 1536, xstate_sizes[7]: 1024
[    0.000000] kernel: x86/fpu: xstate_offset[9]: 2560, xstate_sizes[9]:    8
[    0.000000] kernel: x86/fpu: Enabled xstate features 0x2ff, context size is 2568 bytes, using 'compacted' format.
[    0.000000] kernel: signal: max sigframe size: 3632
[    0.000000] kernel: BIOS-provided physical RAM map:
[    0.000000] kernel: BIOS-e820: [mem 0x0000000000000000-0x000000000009fbff] usable
[    0.000000] kernel: BIOS-e820: [mem 0x000000000009fc00-0x000000000009ffff] reserved
[    0.000000] kernel: BIOS-e820: [mem 0x00000000000f0000-0x00000000000fffff] reserved
[    0.000000] kernel: BIOS-e820: [mem 0x0000000000100000-0x00000000bffdcfff] usable
[    0.000000] kernel: BIOS-e820: [mem 0x00000000bffdd000-0x00000000bfffffff] reserved
[    0.000000] kernel: BIOS-e820: [mem 0x00000000feffc000-0x00000000feffffff] reserved
[    0.000000] kernel: BIOS-e820: [mem 0x00000000fffc0000-0x00000000ffffffff] reserved
[    0.000000] kernel: BIOS-e820: [mem 0x0000000100000000-0x00000002bfffffff] usable
[    0.000000] kernel: NX (Execute Disable) protection: active
[    0.000000] kernel: SMBIOS 2.8 present.
[    0.000000] kernel: DMI: QEMU Standard PC (i440FX + PIIX, 1996), BIOS 1.13.0-1ubuntu1.1 04/01/2014
[    0.000000] kernel: Hypervisor detected: KVM
[    0.000000] kernel: kvm-clock: Using msrs 4b564d01 and 4b564d00
[    0.000000] kernel: kvm-clock: cpu 0, msr 5b58001, primary cpu clock
[    0.000003] kernel: kvm-clock: using sched offset of 536489525 cycles
[    0.000012] k----- is restarting 0
---- dfs_name glusterfs is_dfs_client 0
ernel: clocksource: kvm-clock: mask: 0xffffffffffffffff max_cycles: 0x1cd42e4dffb, max_idle_ns: 881590591483 ns
[    0.000026] kernel: tsc: Detected 2496.000 MHz processor
[    0.007147] kernel: e820: update [mem 0x00000000-0x00000fff] usable ==> reserved
[    0.007171] kernel: e820: remove [mem 0x000a0000-0x000fffff] usable
[    0.007192] kernel: last_pfn = 0x2c0000 max_arch_pfn = 0x400000000
[    0.007270] kernel: x86/PAT: Configuration [0-7]: WB  WC  UC- UC  WB  WP  UC- WT  
[    0.007285] kernel: last_pfn = 0xbffdd max_arch_pfn = 0x400000000
[    0.016267] kernel: found SMP MP-table at [mem 0x000f5c70-0x000f5c7f]
[    0.016406] kernel: Using GB pages for direct mapping
[    0.017597] kernel: ACPI: Early table checksum verification disabled
[    0.017626] kernel: ACPI: RSDP 0x00000000000F5A40 000014 (v00 BOCHS )
[    0.017654] kernel: ACPI: RSDT 0x00000000BFFE15C9 000030 (v01 BOCHS  BXPCRSDT 00000001 BXPC 00000001)
[    0.017682] kernel: ACPI: FACP 0x00000000BFFE149D 000074 (v01 BO----- is restarting 0
---- dfs_name glusterfs is_dfs_client 0
CHS  BXPCFACP 00000001 BXPC 00000001)
[    0.017712] kernel: ACPI: DSDT 0x00000000BFFE0040 00145D (v01 BOCHS  BXPCDSDT 00000001 BXPC 00000001)
[    0.017734] kernel: ACPI: FACS 0x00000000BFFE0000 000040
[    0.017751] kernel: ACPI: APIC 0x00000000BFFE1511 000080 (v01 BOCHS  BXPCAPIC 00000001 BXPC 00000001)
[    0.017774] kernel: ACPI: HPET 0x00000000BFFE1591 000038 (v01 BOCHS  BXPCHPET 00000001 BXPC 00000001)
[    0.017794] kernel: ACPI: Reserving FACP table memory at [mem 0xbffe149d-0xbffe1510]
[    0.017804] kernel: ACPI: Reserving DSDT table memory at [mem 0xbffe0040-0xbffe149c]
[    0.017813] kernel: ACPI: Reserving FACS table memory at [mem 0xbffe0000-0xbffe003f]
[    0.017821] kernel: ACPI: Reserving APIC table memory at [mem 0xbffe1511-0xbffe1590]
[    0.017830] kernel: ACPI: Reserving HPET table memory at [mem 0xbffe1591-0xbffe15c8]
[    0.018838] kernel: No NUMA configuration found
[    0.018848] kernel: Faking a node at [mem 0x0000000000000000-0x00000002bfffffff]
[    0.018868] kernel: NODE_DATA(0) allocated [mem 0x2bfffa000-0x2bfffdfff]
[    0.018999] kernel: Zone ranges:
[    0.019005] kernel:   DMA      [mem 0x0000000000001000-0x0000000000ffffff]
[    0.019019] kernel:   DMA32    [mem 0x0000000001000000-0x00000000ffffffff]
[    0.019029] kernel:   Normal   [mem 0x0000000100000000-0x00000002bfffffff]
[    0.019040] kernel: Movable zone start for each node
[    0.019043] kernel: Early memory node ranges
[    0.019047] kernel:   node   0: [mem 0x0000000000001000-0x000000000009efff]
[    0.019056] kernel:   node   0: [mem 0x0000000000100000-0x00000000bffdcfff]
[    0.019066] kernel:   node   0: [mem 0x0000000100000000-0x00000002bfffffff]
[    0.019077] kernel: Initmem setup node 0 [mem 0x0000000000001000-0x00000002bfffffff]
[    0.019566] kernel: On node 0, zone DMA: 1 pages in unavailable ranges
[    0.019649] kernel: On node 0, zone DMA: 97 pages in unavailable ranges
[    0.140404] kernel: On node 0, zone Normal: 35 pages in unavailable ranges
[    0.8executor 2 finishes userspace_cover_open
before receiving handshake request
unlink FIFO failed: No such file or directory
77470] kernel: kasan: KernelAddressSanitizer initialized
[    0.878096] kernel: ACPI: PM-Timer IO Port: 0x608
[    0.878151] kernel: ACPI: LAPIC_NMI (acpi_id[0xff] dfl dfl lint[0x1])
[    0.878258] kernel: IOAPIC[0]: apic_id 0, version 17, address 0xfec00000, GSI 0-23
[    0.878285] kernel: ACPI: INT_SRC_OVR (bus 0 bus_irq 0 global_irq 2 dfl dfl)
[    0.878306] kernel: ACPI: INT_SRC_OVR (bus 0 bus_irq 5 global_irq 5 high level)
[    0.878321] kernel: ACPI: INT_SRC_OVR (bus 0 bus_irq 9 global_irq 9 high level)
[    0.878337] kernel: ACPI: INT_SRC_OVR (bus 0 bus_irq 10 global_irq 10 high level)
[    0.878348] kernel: ACPI: INT_SRC_OVR (bus 0 bus_irq 11 global_irq 11 high level)
[    0.878372] kernel: ACPI: Using ACPI (MADT) for SMP configuration information
[    0.878381] kernel: ACPI: HPET id: 0x8086a201 base: 0xfed00000
[    0.878401] kernel: TSC deadline timer available
[    0.878407] kernel: smpboot: Allowing 2 CPUs, 0 hotplug CPUs
[    0.878468] kernel: kvm-guest: KVM setup pv remote TLB flush
[    0.878477] kernel: kvm-guest: setup PV sched yield
[    0.878541] kernel: PM: hibernation: Registered nosave memory: [mem 0x00000000-0x00000fff]
[    0.878555] kernel: PM: hibernation: Registered nosave memory: [mem 0x0009f000-0x0009ffff]
[    0.878564] kernel: PM: hibernation: Registered nosave memory: [mem 0x000a0000-0x000effff]
[    0.878575] kernel: PM: hibernation: Registered nosave memory: [mem 0x000f0000-0x000fffff]
[    0.878591] kernel: PM: hibernation: Registered nosave memory: [mem 0xbffdd000-0xbfffffff]
[    0.878601] kernel: PM: hibernation: Registered nosave memory: [mem 0xc0000000-0xfeffbfff]
[    0.878612] kernel: PM: hibernation: Registered nosave memory: [mem 0xfeffc000-0xfeffffff]
[    0.878624] kernel: PM: hibernation: Registered nosave memory: [mem 0xff000000-0xfffbffff]
[    0.878634] kernel: PM: hibernation: Registered nosave memory: [mem 0xfffc0000-0xffffffff]
[    0.878650] kernel: [mem 0xc0000000-0xfeffbfff] available for PCI devices
[    0.8[    0.000000] kernel: Linux version 5.15.0+ (tlyu@IC-RS3-DPC07) (gcc (Ubuntu 9.4.0-1ubuntu1~20.04.1) 9.4.0, GNU ld (GNU Binutils for Ubuntu) 2.34) #8 SMP Fri Jun 3 16:18:40 CEST 2022
[    0.000000] kernel: Command line: root=/dev/sda console=ttyS0 net.ifnames=0 ip=192.168.0.6 quiet nokaslr
[    0.000000] kernel: x86/fpu: Supporting XSAVE feature 0x001: 'x87 floating point registers'
[    0.000000] kernel: x86/fpu: Supporting XSAVE feature 0x002: 'SSE registers'
[    0.000000] kernel: x86/fpu: Supporting XSAVE feature 0x004: 'AVX registers'
[    0.000000] kernel: x86/fpu: Supporting XSAVE feature 0x008: 'MPX bounds registers'
[    0.000000] kernel: x86/fpu: Supporting XSAVE feature 0x010: 'MPX CSR'
[    0.000000] kernel: x86/fpu: Supporting XSAVE feature 0x020: 'AVX-512 opmask'
[    0.000000] kernel: x86/fpu: Supporting XSAVE feature 0x040: 'AVX-512 Hi256'
[    0.000000] kernel: x86/fpu: Supporting XSAVE feature 0x080: 'AVX-512 ZMM_Hi256'
[    0.000000] kernel: x86/fpu: Supporting XSAfsync test_dir /root/req 5
req.flags ea3
unlink FIFO failed: No such file or directory
78661] kernel: Booting paravirtualized kernel on KVM
[    0.878677] kernel: clocksource: refined-jiffies: mask: 0xffffffff max_cycles: 0xffffffff, max_idle_ns: 1910969940391419 ns
[    0.897221] kernel: setup_percpu: NR_CPUS:64 nr_cpumask_bits:64 nr_cpu_ids:2 nr_node_ids:1
[    0.898877] kernel: percpu: Embedded 56 pages/cpu s191576 r8192 d29608 u1048576
[    0.898943] kernel: pcpu-alloc: s191576 r8192 d29608 u1048576 alloc=1*2097152
[    0.898973] kernel: pcpu-alloc: [0] 0 1 
[    0.899119] kernel: kvm-guest: setup async PF for cpu 0
[    0.899134] kernel: kvm-guest: stealtime: cpu 0, msr 26521f140
[    0.899155] kernel: Built 1 zonelists, mobility grouping on.  Total pages: 2580189
[    0.899164] kernel: Policy zone: Normal
[    0.899178] kernel: Kernel command line: root=/dev/sda console=ttyS0 net.ifnames=0 ip=192.168.0.7 quiet nokaslr
[    0.899684] kernel: Unknown command line parameters: nokaslr
[    0.909520] kernel: Dentry cache hash table entries: 2097152 (order: 12, 16777216VE feature 0x200: 'Protection Keys User registers'
[    0.000000] kernel: x86/fpu: xstate_offset[2]:  576, xstate_sizes[2]:  256
[    0.000000] kernel: x86/fpu: xstate_offset[3]:  832, xstate_sizes[3]:   64
[    0.000000] kernel: x86/fpu: xstate_offset[4]:  896, xstate_sizes[4]:   64
[    0.000000] kernel: x86/fpu: xstate_offset[5]:  960, xstate_sizes[5]:   64
[    0.000000] kernel: x86/fpu: xstate_offset[6]: 1024, xstate_sizes[6]:  512
[    0.000000] kernel: x86/fpu: xstate_offset[7]: 1536, xstate_sizes[7]: 1024
[    0.000000] kernel: x86/fpu: xstate_offset[9]: 2560, xstate_sizes[9]:    8
[    0.000000] kernel: x86/fpu: Enabled xstate features 0x2ff, context size is 2568 bytes, using 'compacted' format.
[    0.000000] kernel: signal: max sigframe size: 3632
[    0.000000] kernel: BIOS-provided physical RAM map:
[    0.000000] kernel: BIOS-e820: [mem 0x0000000000000000-0x000000000009fbff] usable
[    0.000000] kernel: BIOS-e820: [mem 0x000000000009fc00-0x000000000009ffff] reserved
[   bytes, linear)
[    0.913082] kernel: Inode-cache hash table entries: 1048576 (order: 11, 8388608 bytes, linear)
[    0.913279] kernel: mem auto-init: stack:off, heap alloc:off, heap free:off
[    1.280512] kernel: Memory: 8818308K/10485228K available (47117K kernel code, 10298K rwdata, 7204K rodata, 2068K init, 2860K bss, 1666664K reserved, 0K cma-reserved)
[    1.280796] kernel: SLUB: HWalign=64, Order=0-3, MinObjects=0, CPUs=2, Nodes=1
[    1.281646] kernel: rcu: Hierarchical RCU implementation.
[    1.281657] kernel: rcu:         RCU event tracing is enabled.
[    1.281662] kernel: rcu:         RCU restricting CPUs from NR_CPUS=64 to nr_cpu_ids=2.
[    1.281676] kernel: rcu: RCU calculated value of scheduler-enlistment delay is 100 jiffies.
[    1.281684] kernel: rcu: Adjusting geometry for rcu_fanout_leaf=16, nr_cpu_ids=2
[    1.294430] kernel: NR_IRQS: 4352, nr_irqs: 440, preallocated irqs: 16
[    1.294964] kernel: random: get_random_bytes called from start_kernel+0x22b/0x456 [    0.000000] kernel: Linux version 5.15.0+ (tlyu@IC-RS3-DPC07) (gcc (Ubuntu 9.4.0-1ubuntu1~20.04.1) 9.4.0, GNU ld (GNU Binutils for Ubuntu) 2.34) #8 SMP Fri Jun 3 16:18:40 CEST 2022
[    0.000000] kernel: Command line: root=/dev/sda console=ttyS0 net.ifnames=0 ip=192.168.0.5 quiet nokaslr
[    0.000000] kernel: x86/fpu: Supporting XSAVE feature 0x001: 'x87 floating point registers'
[    0.000000] kernel: x86/fpu: Supporting XSAVE feature 0x002: 'SSE registers'
[    0.000000] kernel: x86/fpu: Supporting XSAVE feature 0x004: 'AVX registers'
[    0.000000] kernel: x86/fpu: Supporting XSAVE feature 0x008: 'MPX bounds registers'
[    0.000000] kernel: x86/fpu: Supporting XSAVE feature 0x010: 'MPX CSR'
[    0.000000] kernel: x86/fpu: Supporting XSAVE feature 0x020: 'AVX-512 opmask'
[    0.000000] kernel: x86/fpu: Supporting XSAVE feature 0x040: 'AVX-512 Hi256'
[    0.000000] kernel: x86/fpu: Supporting XSAVE feature 0x080: 'AVX-512 ZMM_Hi256'
[    0.000000] kernel: x86/fpu: Supporting XSA  0.000000] kernel: BIOS-e820: [mem 0x00000000000f0000-0x00000000000fffff] reserved
[    0.000000] kernel: BIOS-e820: [mem 0x0000000000100000-0x00000000bffdcfff] usable
[    0.000000] kernel: BIOS-e820: [mem 0x00000000bffdd000-0x00000000bfffffff] reserved
[    0.000000] kernel: BIOS-e820: [mem 0x00000000feffc000-0x00000000feffffff] reserved
[    0.000000] kernel: BIOS-e820: [mem 0x00000000fffc0000-0x00000000ffffffff] reserved
[    0.000000] kernel: BIOS-e820: [mem 0x0000000100000000-0x00000002bfffffff] usable
[    0.000000] kernel: NX (Execute Disable) protection: active
[    0.000000] kernel: SMBIOS 2.8 present.
[    0.000000] kernel: DMI: QEMU Standard PC (i440FX + PIIX, 1996), BIOS 1.13.0-1ubuntu1.1 04/01/2014
[    0.000000] kernel: Hypervisor detected: KVM
[    0.000000] kernel: kvm-clock: Using msrs 4b564d01 and 4b564d00
[    0.000000] kernel: kvm-clock: cpu 0, msr 5b58001, primary cpu clock
[    0.000014] kernel: kvm-clock: using sched offset of 536644093 cycles
[    0.000030] kwith crng_init=0
[    1.299542] kernel: Console: colour VGA+ 80x25
[    1.299771] kernel: printk: console [ttyS0] enabled
[    1.299900] kernel: ACPI: Core revision 20210730
[    1.300387] kernel: clocksource: hpet: mask: 0xffffffff max_cycles: 0xffffffff, max_idle_ns: 19112604467 ns
[    1.300593] kernel: APIC: Switch to symmetric I/O mode setup
[    1.300605] kernel: kvm-guest: setup PV IPIs
[    1.301889] kernel: ..TIMER: vector=0x30 apic1=0 pin1=2 apic2=-1 pin2=-1
[    1.301955] kernel: clocksource: tsc-early: mask: 0xffffffffffffffff max_cycles: 0x23fa772cf26, max_idle_ns: 440795269835 ns
[    1.302003] kernel: Calibrating delay loop (skipped) preset value.. 4992.00 BogoMIPS (lpj=2496000)
[    1.302027] kernel: pid_max: default: 32768 minimum: 301
[    1.302192] kernel: LSM: Security Framework initializing
[    1.302263] kernel: SELinux:  Initializing.
[    1.302536] kernel: Mount-cache hash table entries: 32768 (order: 6, 262144 bytes, linear)
[    1.303007] kernel: Mountpoint-cVE feature 0x200: 'Protection Keys User registers'
[    0.000000] kernel: x86/fpu: xstate_offset[2]:  576, xstate_sizes[2]:  256
[    0.000000] kernel: x86/fpu: xstate_offset[3]:  832, xstate_sizes[3]:   64
[    0.000000] kernel: x86/fpu: xstate_offset[4]:  896, xstate_sizes[4]:   64
[    0.000000] kernel: x86/fpu: xstate_offset[5]:  960, xstate_sizes[5]:   64
[    0.000000] kernel: x86/fpu: xstate_offset[6]: 1024, xstate_sizes[6]:  512
[    0.000000] kernel: x86/fpu: xstate_offset[7]: 1536, xstate_sizes[7]: 1024
[    0.000000] kernel: x86/fpu: xstate_offset[9]: 2560, xstate_sizes[9]:    8
[    0.000000] kernel: x86/fpu: Enabled xstate features 0x2ff, context size is 2568 bytes, using 'compacted' format.
[    0.000000] kernel: signal: max sigframe size: 3632
[    0.000000] kernel: BIOS-provided physical RAM map:
[    0.000000] kernel: BIOS-e820: [mem 0x0000000000000000-0x000000000009fbff] usable
[    0.000000] kernel: BIOS-e820: [mem 0x000000000009fc00-0x000000000009ffff] reserved
[  ernel: clocksource: kvm-clock: mask: 0xffffffffffffffff max_cycles: 0x1cd42e4dffb, max_idle_ns: 881590591483 ns
[    0.000054] kernel: tsc: Detected 2496.000 MHz processor
[    0.008936] kernel: e820: update [mem 0x00000000-0x00000fff] usable ==> reserved
[    0.008991] kernel: e820: remove [mem 0x000a0000-0x000fffff] usable
[    0.009025] kernel: last_pfn = 0x2c0000 max_arch_pfn = 0x400000000
[    0.009129] kernel: x86/PAT: Configuration [0-7]: WB  WC  UC- UC  WB  WP  UC- WT  
[    0.009149] kernel: last_pfn = 0xbffdd max_arch_pfn = 0x400000000
[    0.019179] kernel: found SMP MP-table at [mem 0x000f5c70-0x000f5c7f]
[    0.019452] kernel: Using GB pages for direct mapping
[    0.021510] kernel: ACPI: Early table checksum verification disabled
[    0.021547] kernel: ACPI: RSDP 0x00000000000F5A40 000014 (v00 BOCHS )
[    0.021596] kernel: ACPI: RSDT 0x00000000BFFE15C9 000030 (v01 BOCHS  BXPCRSDT 00000001 BXPC 00000001)
[    0.021633] kernel: ACPI: FACP 0x00000000BFFE149D 000074 (v01 BOache hash table entries: 32768 (order: 6, 262144 bytes, linear)
[    1.305422] kernel: x86/cpu: User Mode Instruction Prevention (UMIP) activated
[    1.305779] kernel: Last level iTLB entries: 4KB 0, 2MB 0, 4MB 0
[    1.305796] kernel: Last level dTLB entries: 4KB 0, 2MB 0, 4MB 0, 1GB 0
[    1.305846] kernel: Spectre V1 : Mitigation: usercopy/swapgs barriers and __user pointer sanitization
[    1.305872] kernel: Spectre V2 : Mitigation: Enhanced IBRS
[    1.305881] kernel: Spectre V2 : Spectre v2 / SpectreRSB mitigation: Filling RSB on context switch
[    1.305897] kernel: Spectre V2 : mitigation: Enabling conditional Indirect Branch Prediction Barrier
[    1.305917] kernel: Speculative Store Bypass: Mitigation: Speculative Store Bypass disabled via prctl and seccomp
[    1.319983] kernel: Freeing SMP alternatives memory: 40K
[    1.319983] kernel: smpboot: CPU0: 11th Gen Intel(R) Core(TM) i7-11700 @ 2.50GHz (family: 0x6, model: 0xa7, stepping: 0x1)
[    1.319983] kernel: Performance  0.000000] kernel: BIOS-e820: [mem 0x00000000000f0000-0x00000000000fffff] reserved
[    0.000000] kernel: BIOS-e820: [mem 0x0000000000100000-0x00000000bffdcfff] usable
[    0.000000] kernel: BIOS-e820: [mem 0x00000000bffdd000-0x00000000bfffffff] reserved
[    0.000000] kernel: BIOS-e820: [mem 0x00000000feffc000-0x00000000feffffff] reserved
[    0.000000] kernel: BIOS-e820: [mem 0x00000000fffc0000-0x00000000ffffffff] reserved
[    0.000000] kernel: BIOS-e820: [mem 0x0000000100000000-0x00000002bfffffff] usable
[    0.000000] kernel: NX (Execute Disable) protection: active
[    0.000000] kernel: SMBIOS 2.8 present.
[    0.000000] kernel: DMI: QEMU Standard PC (i440FX + PIIX, 1996), BIOS 1.13.0-1ubuntu1.1 04/01/2014
[    0.000000] kernel: Hypervisor detected: KVM
[    0.000000] kernel: kvm-clock: Using msrs 4b564d01 and 4b564d00
[    0.000000] kernel: kvm-clock: cpu 0, msr 5b58001, primary cpu clock
[    0.000007] kernel: kvm-clock: using sched offset of 615904369 cycles
[    0.000023] k Events: Icelake events, 32-deep LBR, full-width counters, Intel PMU driver.
[    1.319983] kernel: ... version:                2
[    1.319983] kernel: ... bit width:              48
[    1.319983] kernel: ... generic registers:      8
[    1.319983] kernel: ... value mask:             0000ffffffffffff
[    1.319983] kernel: ... max period:             00007fffffffffff
[    1.319983] kernel: ... fixed-purpose events:   3
[    1.319983] kernel: ... event mask:             00000007000000ff
[    1.320061] kernel: rcu: Hierarchical SRCU implementation.
[    1.322553] kernel: smp: Bringing up secondary CPUs ...
[    1.322895] kernel: x86: Booting SMP configuration:
[    1.322905] kernel: .... node  #0, CPUs:      #1
[    0.007156] kernel: kvm-clock: cpu 1, msr 5b58041, secondary cpu clock
[    0.007156] kernel: smpboot: CPU 1 Converting physical 0 to logical die 1
[    1.324106] kernel: kvm-guest: setup async PF for cpu 1
[    1.324151] kernel: kvm-guest: stealtime: cpu 1, msr 26531f140
[    1.324225] kernel: smp: Brought up 1 node, 2 CPUs
[    1.324225] kernel: smpboot: Max logical packages: 2
[    1.324225] kernel: smpboot: Total of 2 processors activated (9984.00 BogoMIPS)
[    1.326434] kernel: devtmpfs: initialized
[    1.333507] kernel: clocksource: jiffies: mask: 0xffffffff max_cycles: 0xffffffff, max_idle_ns: 1911260446275000 ns
[    1.333529] kernel: futex hash table entries: 512 (order: 3, 32768 bytes, linear)
[    1.334375] kernel: PM: RTC time: 13:39:03, date: 2023-12-23
[    1.335018] kernel: NET: Registered PF_NETLINK/PF_ROUTE protocol family
[    1.335906] kernel: audit: initializing netlink subsys (disabled)
[    1.336028] kernel: audit: type=2000 audit(1703338743.929:1): state=initialized audit_enabled=0 res=1
[    1.336812] kernel: thermal_sys: Registered thermal governor 'step_wise'
[    1.336823] kernel: thermal_sys: Registered thermal governor 'user_space'
[    1.338016] kernel: cpuidle: using governor menu
[    1.338450] kernel: ACPI: bus type PCernel: clocksource: kvm-clock: mask: 0xffffffffffffffff max_cycles: 0x1cd42e4dffb, max_idle_ns: 881590591483 ns
[    0.000053] kernel: tsc: Detected 2496.000 MHz processor
[    0.009365] kernel: e820: update [mem 0x00000000-0x00000fff] usable ==> reserved
[    0.009436] kernel: e820: remove [mem 0x000a0000-0x000fffff] usable
[    0.009474] kernel: last_pfn = 0x2c0000 max_arch_pfn = 0x400000000
[    0.009620] kernel: x86/PAT: Configuration [0-7]: WB  WC  UC- UC  WB  WP  UC- WT  
[    0.009655] kernel: last_pfn = 0xbffdd max_arch_pfn = 0x400000000
[    0.023976] kernel: found SMP MP-table at [mem 0x000f5c70-0x000f5c7f]
[    0.024299] kernel: Using GB pages for direct mapping
[    0.026598] kernel: ACPI: Early table checksum verification disabled
[    0.026639] kernel: ACPI: RSDP 0x00000000000F5A40 000014 (v00 BOCHS )
[    0.026697] kernel: ACPI: RSDT 0x00000000BFFE15C9 000030 (v01 BOCHS  BXPCRSDT 00000001 BXPC 00000001)
[    0.026752] kernel: ACPI: FACP 0x00000000BFFE149D 000074 (v01 BOCHS  BXPCFACP 00000001 BXPC 00000001)
[    0.021681] kernel: ACPI: DSDT 0x00000000BFFE0040 00145D (v01 BOCHS  BXPCDSDT 00000001 BXPC 00000001)
[    0.021711] kernel: ACPI: FACS 0x00000000BFFE0000 000040
[    0.021734] kernel: ACPI: APIC 0x00000000BFFE1511 000080 (v01 BOCHS  BXPCAPIC 00000001 BXPC 00000001)
[    0.021764] kernel: ACPI: HPET 0x00000000BFFE1591 000038 (v01 BOCHS  BXPCHPET 00000001 BXPC 00000001)
[    0.021793] kernel: ACPI: Reserving FACP table memory at [mem 0xbffe149d-0xbffe1510]
[    0.021807] kernel: ACPI: Reserving DSDT table memory at [mem 0xbffe0040-0xbffe149c]
[    0.021819] kernel: ACPI: Reserving FACS table memory at [mem 0xbffe0000-0xbffe003f]
[    0.021831] kernel: ACPI: Reserving APIC table memory at [mem 0xbffe1511-0xbffe1590]
[    0.021842] kernel: ACPI: Reserving HPET table memory at [mem 0xbffe1591-0xbffe15c8]
[    0.023483] kernel: No NUMA configuration found
[    0.023496] kernel: Faking a node at [mem 0x0000000000000000-0x00000002bfffffff]
[    0.0235I registered
[    1.339071] kernel: PCI: Using configuration type 1 for base access
[    1.362144] kernel: Kprobes globally optimized
[    1.363036] kernel: HugeTLB registered 2.00 MiB page size, pre-allocated 0 pages
[    1.363199] kernel: cryptomgr_test (26) used greatest stack depth: 30608 bytes left
[    1.365316] kernel: ACPI: Added _OSI(Module Device)
[    1.365316] kernel: ACPI: Added _OSI(Processor Device)
[    1.365316] kernel: ACPI: Added _OSI(3.0 _SCP Extensions)
[    1.365316] kernel: ACPI: Added _OSI(Processor Aggregator Device)
[    1.365316] kernel: ACPI: Added _OSI(Linux-Dell-Video)
[    1.365316] kernel: ACPI: Added _OSI(Linux-Lenovo-NV-HDMI-Audio)
[    1.365316] kernel: ACPI: Added _OSI(Linux-HPI-Hybrid-Graphics)
[    1.383106] kernel: ACPI: 1 ACPI AML tables successfully acquired and loaded
[    1.387899] kernel: ACPI: Interpreter enabled
[    1.388019] kernel: ACPI: PM: (supports S0 S3 S4 S5)
[    1.388029] kernel: ACPI: Using IOAPIC for interrupt routing
[    1.38CHS  BXPCFACP 00000001 BXPC 00000001)
[    0.026808] kernel: ACPI: DSDT 0x00000000BFFE0040 00145D (v01 BOCHS  BXPCDSDT 00000001 BXPC 00000001)
[    0.026841] kernel: ACPI: FACS 0x00000000BFFE0000 000040
[    0.026865] kernel: ACPI: APIC 0x00000000BFFE1511 000080 (v01 BOCHS  BXPCAPIC 00000001 BXPC 00000001)
[    0.026897] kernel: ACPI: HPET 0x00000000BFFE1591 000038 (v01 BOCHS  BXPCHPET 00000001 BXPC 00000001)
[    0.026927] kernel: ACPI: Reserving FACP table memory at [mem 0xbffe149d-0xbffe1510]
[    0.026942] kernel: ACPI: Reserving DSDT table memory at [mem 0xbffe0040-0xbffe149c]
[    0.026955] kernel: ACPI: Reserving FACS table memory at [mem 0xbffe0000-0xbffe003f]
[    0.026968] kernel: ACPI: Reserving APIC table memory at [mem 0xbffe1511-0xbffe1590]
[    0.026980] kernel: ACPI: Reserving HPET table memory at [mem 0xbffe1591-0xbffe15c8]
[    0.028648] kernel: No NUMA configuration found
[    0.028665] kernel: Faking a node at [mem 0x0000000000000000-0x00000002bfffffff]
[    0.02868130] kernel: PCI: Using host bridge windows from ACPI; if necessary, use "pci=nocrs" and report a bug
[    1.389359] kernel: ACPI: Enabled 2 GPEs in block 00 to 0F
[    1.425781] kernel: ACPI: PCI Root Bridge [PCI0] (domain 0000 [bus 00-ff])
[    1.425841] kernel: acpi PNP0A03:00: _OSC: OS supports [ASPM ClockPM Segments MSI HPX-Type3]
[    1.426035] kernel: acpi PNP0A03:00: fail to add MMCONFIG information, can't access extended PCI configuration space under this bridge.
[    1.426468] kernel: PCI host bridge to bus 0000:00
[    1.426484] kernel: pci_bus 0000:00: root bus resource [io  0x0000-0x0cf7 window]
[    1.426507] kernel: pci_bus 0000:00: root bus resource [io  0x0d00-0xffff window]
[    1.426529] kernel: pci_bus 0000:00: root bus resource [mem 0x000a0000-0x000bffff window]
[    1.426551] kernel: pci_bus 0000:00: root bus resource [mem 0xc0000000-0xfebfffff window]
[    1.426572] kernel: pci_bus 0000:00: root bus resource [mem 0x2c0000000-0x33fffffff window]
[    1.426594] k99] kernel: NODE_DATA(0) allocated [mem 0x2bfffa000-0x2bfffdfff]
[    0.028958] kernel: Zone ranges:
[    0.028967] kernel:   DMA      [mem 0x0000000000001000-0x0000000000ffffff]
[    0.028986] kernel:   DMA32    [mem 0x0000000001000000-0x00000000ffffffff]
[    0.029002] kernel:   Normal   [mem 0x0000000100000000-0x00000002bfffffff]
[    0.029017] kernel: Movable zone start for each node
[    0.029023] kernel: Early memory node ranges
[    0.029028] kernel:   node   0: [mem 0x0000000000001000-0x000000000009efff]
[    0.029041] kernel:   node   0: [mem 0x0000000000100000-0x00000000bffdcfff]
[    0.029055] kernel:   node   0: [mem 0x0000000100000000-0x00000002bfffffff]
[    0.029074] kernel: Initmem setup node 0 [mem 0x0000000000001000-0x00000002bfffffff]
[    0.030036] kernel: On node 0, zone DMA: 1 pages in unavailable ranges
[    0.030206] kernel: On node 0, zone DMA: 97 pages in unavailable ranges
[    0.266531] kernel: On node 0, zone Normal: 35 pages in unavailable ranges
[    0.9ernel: pci_bus 0000:00: root bus resource [bus 00-ff]
[    1.428583] kernel: pci 0000:00:00.0: [8086:1237] type 00 class 0x060000
[    1.431365] kernel: pci 0000:00:01.0: [8086:7000] type 00 class 0x060100
[    1.433411] kernel: pci 0000:00:01.1: [8086:7010] type 00 class 0x010180
[    1.435460] kernel: pci 0000:00:01.1: reg 0x20: [io  0xc0c0-0xc0cf]
[    1.436629] kernel: pci 0000:00:01.1: legacy IDE quirk: reg 0x10: [io  0x01f0-0x01f7]
[    1.436651] kernel: pci 0000:00:01.1: legacy IDE quirk: reg 0x14: [io  0x03f6]
[    1.436669] kernel: pci 0000:00:01.1: legacy IDE quirk: reg 0x18: [io  0x0170-0x0177]
[    1.436687] kernel: pci 0000:00:01.1: legacy IDE quirk: reg 0x1c: [io  0x0376]
[    1.439788] kernel: pci 0000:00:01.3: [8086:7113] type 00 class 0x068000
[    1.440151] kernel: pci 0000:00:01.3: quirk: [io  0x0600-0x063f] claimed by PIIX4 ACPI
[    1.440173] kernel: pci 0000:00:01.3: quirk: [io  0x0700-0x070f] claimed by PIIX4 SMB
[    1.443000] kernel: pci 0000:00:02.0: [1234:1124134] kernel: kasan: KernelAddressSanitizer initialized
[    0.924681] kernel: ACPI: PM-Timer IO Port: 0x608
[    0.924719] kernel: ACPI: LAPIC_NMI (acpi_id[0xff] dfl dfl lint[0x1])
[    0.924808] kernel: IOAPIC[0]: apic_id 0, version 17, address 0xfec00000, GSI 0-23
[    0.924834] kernel: ACPI: INT_SRC_OVR (bus 0 bus_irq 0 global_irq 2 dfl dfl)
[    0.924851] kernel: ACPI: INT_SRC_OVR (bus 0 bus_irq 5 global_irq 5 high level)
[    0.924865] kernel: ACPI: INT_SRC_OVR (bus 0 bus_irq 9 global_irq 9 high level)
[    0.924880] kernel: ACPI: INT_SRC_OVR (bus 0 bus_irq 10 global_irq 10 high level)
[    0.924894] kernel: ACPI: INT_SRC_OVR (bus 0 bus_irq 11 global_irq 11 high level)
[    0.924921] kernel: ACPI: Using ACPI (MADT) for SMP configuration information
[    0.924929] kernel: ACPI: HPET id: 0x8086a201 base: 0xfed00000
[    0.924948] kernel: TSC deadline timer available
[    0.924955] kernel: smpboot: Allowing 2 CPUs, 0 hotplug CPUs
[    0.925014] kernel: kvm-guest: KVM setup pv remo11] type 00 class 0x030000
[    1.444591] kernel: pci 0000:00:02.0: reg 0x10: [mem 0xfd000000-0xfdffffff pref]
[    1.445998] kernel: pci 0000:00:02.0: reg 0x18: [mem 0xfeb90000-0xfeb90fff]
[    1.449999] kernel: pci 0000:00:02.0: reg 0x30: [mem 0xfeb80000-0xfeb8ffff pref]
[    1.452637] kernel: pci 0000:00:03.0: [1af4:1005] type 00 class 0x00ff00
[    1.453585] kernel: pci 0000:00:03.0: reg 0x10: [io  0xc080-0xc09f]
[    1.456733] kernel: pci 0000:00:03.0: reg 0x20: [mem 0xfe200000-0xfe203fff 64bit pref]
[    1.460615] kernel: pci 0000:00:04.0: [1af4:1000] type 00 class 0x020000
[    1.461476] kernel: pci 0000:00:04.0: reg 0x10: [io  0xc0a0-0xc0bf]
[    1.462504] kernel: pci 0000:00:04.0: reg 0x14: [mem 0xfeb91000-0xfeb91fff]
[    1.465460] kernel: pci 0000:00:04.0: reg 0x20: [mem 0xfe204000-0xfe207fff 64bit pref]
[    1.465990] kernel: pci 0000:00:04.0: reg 0x30: [mem 0xfeb00000-0xfeb7ffff pref]
[    1.469239] kernel: pci 0000:00:05.0: [1af4:1001] type 00 class 0x010000
[    1.46999executor 0 finishes userspace_cover_open
before receiving handshake request
1] kernel: pci 0000:00:05.0: reg 0x10: [io  0xc000-0xc07f]
[    1.470874] kernel: pci 0000:00:05.0: reg 0x14: [mem 0xfeb92000-0xfeb92fff]
[    1.473457] kernel: pci 0000:00:05.0: reg 0x20: [mem 0xfe208000-0xfe20bfff 64bit pref]
[    1.477418] kernel: pci 0000:00:10.0: [1af4:1110] type 00 class 0x050000
[    1.478553] kernel: pci 0000:00:10.0: reg 0x10: [mem 0xfeb93000-0xfeb930ff]
[    1.480568] kernel: pci 0000:00:10.0: reg 0x18: [mem 0xfe000000-0xfe0fffff 64bit pref]
[    1.487395] kernel: pci 0000:00:11.0: [1af4:1110] type 00 class 0x050000
[    1.487992] kernel: pci 0000:00:11.0: reg 0x10: [mem 0xfeb94000-0xfeb940ff]
[    1.488993] kernel: pci 0000:00:11.0: reg 0x18: [mem 0xfe20c000-0xfe20c3ff 64bit pref]
[    1.493529] kernel: pci 0000:00:12.0: [1af4:1110] type 00 class 0x050000
[    1.494307] kernel: pci 0000:00:12.0: reg 0x10: [mem 0xfeb95000-0xfeb950ff]
[    1.495717] kernel: pci 0000:00:12.0: reg 0x18: [mem 0xfe100000-0xfe1fffff 64bit pref]
[    1.503788] kernel: ACPI: PCI: Inte TLB flush
[    0.925024] kernel: kvm-guest: setup PV sched yield
[    0.925088] kernel: PM: hibernation: Registered nosave memory: [mem 0x00000000-0x00000fff]
[    0.925105] kernel: PM: hibernation: Registered nosave memory: [mem 0x0009f000-0x0009ffff]
[    0.925115] kernel: PM: hibernation: Registered nosave memory: [mem 0x000a0000-0x000effff]
[    0.925125] kernel: PM: hibernation: Registered nosave memory: [mem 0x000f0000-0x000fffff]
[    0.925141] kernel: PM: hibernation: Registered nosave memory: [mem 0xbffdd000-0xbfffffff]
[    0.925151] kernel: PM: hibernation: Registered nosave memory: [mem 0xc0000000-0xfeffbfff]
[    0.925161] kernel: PM: hibernation: Registered nosave memory: [mem 0xfeffc000-0xfeffffff]
[    0.925171] kernel: PM: hibernation: Registered nosave memory: [mem 0xff000000-0xfffbffff]
[    0.925182] kernel: PM: hibernation: Registered nosave memory: [mem 0xfffc0000-0xffffffff]
[    0.925197] kernel: [mem 0xc0000000-0xfeffbfff] available for PCI devices
[    0.9terrupt link LNKA configured for IRQ 10
[    1.505046] kernel: ACPI: PCI: Interrupt link LNKB configured for IRQ 10
[    1.506208] kernel: ACPI: PCI: Interrupt link LNKC configured for IRQ 11
[    1.507273] kernel: ACPI: PCI: Interrupt link LNKD configured for IRQ 11
[    1.507728] kernel: ACPI: PCI: Interrupt link LNKS configured for IRQ 9
[    1.509885] kernel: iommu: Default domain type: Translated 
[    1.509899] kernel: iommu: DMA domain TLB invalidation policy: lazy mode 
[    1.510085] kernel: pci 0000:00:02.0: vgaarb: setting as boot VGA device
[    1.510085] kernel: pci 0000:00:02.0: vgaarb: VGA device added: decodes=io+mem,owns=io+mem,locks=none
[    1.510085] kernel: pci 0000:00:02.0: vgaarb: bridge control possible
[    1.510085] kernel: vgaarb: loaded
[    1.510564] kernel: SCSI subsystem initialized
[    1.511114] kernel: libata version 3.00 loaded.
[    1.511405] kernel: ACPI: bus type USB registered
[    1.511524] kernel: usbcore: registered new interface driver usbfs
25208] kernel: Booting paravirtualized kernel on KVM
[    0.925222] kernel: clocksource: refined-jiffies: mask: 0xffffffff max_cycles: 0xffffffff, max_idle_ns: 1910969940391419 ns
[    0.945710] kernel: setup_percpu: NR_CPUS:64 nr_cpumask_bits:64 nr_cpu_ids:2 nr_node_ids:1
[    0.946723] kernel: percpu: Embedded 56 pages/cpu s191576 r8192 d29608 u1048576
[    0.946777] kernel: pcpu-alloc: s191576 r8192 d29608 u1048576 alloc=1*2097152
[    0.946807] kernel: pcpu-alloc: [0] 0 1 
[    0.946969] kernel: kvm-guest: setup async PF for cpu 0
[    0.946985] kernel: kvm-guest: stealtime: cpu 0, msr 26521f140
[    0.947008] kernel: Built 1 zonelists, mobility grouping on.  Total pages: 2580189
[    0.947022] kernel: Policy zone: Normal
[    0.947033] kernel: Kernel command line: root=/dev/sda console=ttyS0 net.ifnames=0 ip=192.168.0.5 quiet nokaslr
[    0.947661] kernel: Unknown command line parameters: nokaslr
[    0.952514] kernel: Dentry cache hash table entries: 2097152 (order: 12, 1677721626] kernel: NODE_DATA(0) allocated [mem 0x2bfffa000-0x2bfffdfff]
[    0.023744] kernel: Zone ranges:
[    0.023753] kernel:   DMA      [mem 0x0000000000001000-0x0000000000ffffff]
[    0.023769] kernel:   DMA32    [mem 0x0000000001000000-0x00000000ffffffff]
[    0.023783] kernel:   Normal   [mem 0x0000000100000000-0x00000002bfffffff]
[    0.023796] kernel: Movable zone start for each node
[    0.023801] kernel: Early memory node ranges
[    0.023842] kernel:   node   0: [mem 0x0000000000001000-0x000000000009efff]
[    0.023856] kernel:   node   0: [mem 0x0000000000100000-0x00000000bffdcfff]
[    0.023869] kernel:   node   0: [mem 0x0000000100000000-0x00000002bfffffff]
[    0.023885] kernel: Initmem setup node 0 [mem 0x0000000000001000-0x00000002bfffffff]
[    0.024673] kernel: On node 0, zone DMA: 1 pages in unavailable ranges
[    0.024828] kernel: On node 0, zone DMA: 97 pages in unavailable ranges
[    0.167726] kernel: On node 0, zone Normal: 35 pages in unavailable ranges
[    0.8executor 1 finishes userspace_cover_open
before receiving handshake request
50984] kernel: kasan: KernelAddressSanitizer initialized
[    0.851580] kernel: ACPI: PM-Timer IO Port: 0x608
[    0.851623] kernel: ACPI: LAPIC_NMI (acpi_id[0xff] dfl dfl lint[0x1])
[    0.851726] kernel: IOAPIC[0]: apic_id 0, version 17, address 0xfec00000, GSI 0-23
[    0.851751] kernel: ACPI: INT_SRC_OVR (bus 0 bus_irq 0 global_irq 2 dfl dfl)
[    0.851770] kernel: ACPI: INT_SRC_OVR (bus 0 bus_irq 5 global_irq 5 high level)
[    0.851785] kernel: ACPI: INT_SRC_OVR (bus 0 bus_irq 9 global_irq 9 high level)
[    0.851819] kernel: ACPI: INT_SRC_OVR (bus 0 bus_irq 10 global_irq 10 high level)
[    0.851833] kernel: ACPI: INT_SRC_OVR (bus 0 bus_irq 11 global_irq 11 high level)
[    0.851861] kernel: ACPI: Using ACPI (MADT) for SMP configuration information
[    0.851870] kernel: ACPI: HPET id: 0x8086a201 base: 0xfed00000
[    0.851894] kernel: TSC deadline timer available
[    0.851901] kernel: smpboot: Allowing 2 CPUs, 0 hotplug CPUs
[    0.851982] kernel: kvm-guest: KVM setup pv remote TLB flush
[    0.851994] kernel: kvm-guest: setup PV sched yield
[    0.852065] kernel: PM: hibernation: Registered nosave memory: [mem 0x00000000-0x00000fff]
[    0.852082] kernel: PM: hibernation: Registered nosave memory: [mem 0x0009f000-0x0009ffff]
[    0.852092] kernel: PM: hibernation: Registered nosave memory: [mem 0x000a0000-0x000effff]
[    0.852102] kernel: PM: hibernation: Registered nosave memory: [mem 0x000f0000-0x000fffff]
[    0.852117] kernel: PM: hibernation: Registered nosave memory: [mem 0xbffdd000-0xbfffffff]
[    0.852127] kernel: PM: hibernation: Registered nosave memory: [mem 0xc0000000-0xfeffbfff]
[    0.852137] kernel: PM: hibernation: Registered nosave memory: [mem 0xfeffc000-0xfeffffff]
[    0.852148] kernel: PM: hibernation: Registered nosave memory: [mem 0xff000000-0xfffbffff]
[    0.852158] kernel: PM: hibernation: Registered nosave memory: [mem 0xfffc0000-0xffffffff]
[    0.852176] kernel: [mem 0xc0000000-0xfeffbfff] available for PCI devices
[    0.852187] kernel: Booting paravirtualized kernel on KVM
[    0.852202] kernel: clocksource: refined-jiffies: mask: 0xffffffff max_cycles: 0xffffffff, max_idle_ns: 1910969940391419 ns
[    0.871582] kernel: setup_percpu: NR_CPUS:64 nr_cpumask_bits:64 nr_cpu_ids:2 nr_node_ids:1
[    0.872310] kernel: percpu: Embedded 56 pages/cpu s191576 r8192 d29608 u1048576
[    0.872363] kernel: pcpu-alloc: s191576 r8192 d29608 u1048576 alloc=1*2097152
[    0.872388] kernel: pcpu-alloc: [0] 0 1 
[    0.872537] kernel: kvm-guest: setup async PF for cpu 0
[    0.872552] kernel: kvm-guest: stealtime: cpu 0, msr 26521f140
[    0.872570] kernel: Built 1 zonelists, mobility grouping on.  Total pages: 2580189
[    0.872583] kernel: Policy zone: Normal
[    0.872593] kernel: Kernel command line: root=/dev/sda console=ttyS0 net.ifnames=0 ip=192.168.0.6 quiet nokaslr
[    0.873127] kernel: Unknown command line parameters: nokaslr
[    0.878723] kernel: Dentry cache hash table entries: 2097152 (order: 12, 16777216[    1.511584] kernel: usbcore: registered new interface driver hub
[    1.511626] kernel: usbcore: registered new device driver usb
[    1.511751] kernel: pps_core: LinuxPPS API ver. 1 registered
[    1.511761] kernel: pps_core: Software ver. 5.3.6 - Copyright 2005-2007 Rodolfo Giometti <giometti@linux.it>
[    1.511802] kernel: PTP clock support registered
[    1.512204] kernel: Advanced Linux Sound Architecture Driver Initialized.
[    1.513338] kernel: NetLabel: Initializing
[    1.513344] kernel: NetLabel:  domain hash size = 128
[    1.513350] kernel: NetLabel:  protocols = UNLABELED CIPSOv4 CALIPSO
[    1.513441] kernel: NetLabel:  unlabeled traffic allowed by default
[    1.513528] kernel: PCI: Using ACPI for IRQ routing
[    1.513528] kernel: PCI: pci_cache_line_size set to 64 bytes
[    1.513528] kernel: e820: reserve RAM buffer [mem 0x0009fc00-0x0009ffff]
[    1.513528] kernel: e820: reserve RAM buffer [mem 0xbffdd000-0xbfffffff]
[    1.514269] kernel: hpet0: at MMIO 0xfed0 bytes, linear)
[    0.954722] kernel: Inode-cache hash table entries: 1048576 (order: 11, 8388608 bytes, linear)
[    0.954890] kernel: mem auto-init: stack:off, heap alloc:off, heap free:off
[    1.311748] kernel: Memory: 8818308K/10485228K available (47117K kernel code, 10298K rwdata, 7204K rodata, 2068K init, 2860K bss, 1666664K reserved, 0K cma-reserved)
[    1.312209] kernel: SLUB: HWalign=64, Order=0-3, MinObjects=0, CPUs=2, Nodes=1
[    1.313045] kernel: rcu: Hierarchical RCU implementation.
[    1.313055] kernel: rcu:         RCU event tracing is enabled.
[    1.313061] kernel: rcu:         RCU restricting CPUs from NR_CPUS=64 to nr_cpu_ids=2.
[    1.313077] kernel: rcu: RCU calculated value of scheduler-enlistment delay is 100 jiffies.
[    1.313088] kernel: rcu: Adjusting geometry for rcu_fanout_leaf=16, nr_cpu_ids=2
[    1.326520] kernel: NR_IRQS: 4352, nr_irqs: 440, preallocated irqs: 16
[    1.326984] kernel: random: get_random_bytes called from start_kernel+0x22b/0x456  bytes, linear)
[    0.883089] kernel: Inode-cache hash table entries: 1048576 (order: 11, 8388608 bytes, linear)
[    0.883346] kernel: mem auto-init: stack:off, heap alloc:off, heap free:off
[    1.352353] kernel: Memory: 8818308K/10485228K available (47117K kernel code, 10298K rwdata, 7204K rodata, 2068K init, 2860K bss, 1666664K reserved, 0K cma-reserved)
[    1.352771] kernel: SLUB: HWalign=64, Order=0-3, MinObjects=0, CPUs=2, Nodes=1
[    1.353443] kernel: rcu: Hierarchical RCU implementation.
[    1.353454] kernel: rcu:         RCU event tracing is enabled.
[    1.353461] kernel: rcu:         RCU restricting CPUs from NR_CPUS=64 to nr_cpu_ids=2.
[    1.353476] kernel: rcu: RCU calculated value of scheduler-enlistment delay is 100 jiffies.
[    1.353487] kernel: rcu: Adjusting geometry for rcu_fanout_leaf=16, nr_cpu_ids=2
[    1.371099] kernel: NR_IRQS: 4352, nr_irqs: 440, preallocated irqs: 16
[    1.371929] kernel: random: get_random_bytes called from start_kernel+0x22b/0x456 0000, IRQs 2, 8, 0
[    1.514296] kernel: hpet0: 3 comparators, 64-bit 100.000000 MHz counter
[    1.516149] kernel: clocksource: Switched to clocksource kvm-clock
[    1.663569] kernel: VFS: Disk quotas dquot_6.6.0
[    1.663639] kernel: VFS: Dquot-cache hash table entries: 512 (order 0, 4096 bytes)
[    1.663918] kernel: pnp: PnP ACPI init
[    1.665039] kernel: pnp 00:03: [dma 2]
[    1.669078] kernel: pnp: PnP ACPI: found 6 devices
[    1.688036] kernel: clocksource: acpi_pm: mask: 0xffffff max_cycles: 0xffffff, max_idle_ns: 2085701024 ns
[    1.688145] kernel: NET: Registered PF_INET protocol family
[    1.688546] kernel: IP idents hash table entries: 262144 (order: 9, 2097152 bytes, linear)
[    1.691934] kernel: tcp_listen_portaddr_hash hash table entries: 8192 (order: 5, 131072 bytes, linear)
[    1.692521] kernel: TCP established hash table entries: 131072 (order: 8, 1048576 bytes, linear)
[    1.693602] kernel: TCP bind hash table entries: 65536 (order: 8, 1048576 bytes, linwith crng_init=0
[    1.331324] kernel: Console: colour VGA+ 80x25
[    1.331447] kernel: printk: console [ttyS0] enabled
[    1.331532] kernel: ACPI: Core revision 20210730
[    1.331852] kernel: clocksource: hpet: mask: 0xffffffff max_cycles: 0xffffffff, max_idle_ns: 19112604467 ns
[    1.331982] kernel: APIC: Switch to symmetric I/O mode setup
[    1.331991] kernel: kvm-guest: setup PV IPIs
[    1.333152] kernel: ..TIMER: vector=0x30 apic1=0 pin1=2 apic2=-1 pin2=-1
[    1.333193] kernel: clocksource: tsc-early: mask: 0xffffffffffffffff max_cycles: 0x23fa772cf26, max_idle_ns: 440795269835 ns
[    1.333216] kernel: Calibrating delay loop (skipped) preset value.. 4992.00 BogoMIPS (lpj=2496000)
[    1.333230] kernel: pid_max: default: 32768 minimum: 301
[    1.333315] kernel: LSM: Security Framework initializing
[    1.333347] kernel: SELinux:  Initializing.
[    1.333464] kernel: Mount-cache hash table entries: 32768 (order: 6, 262144 bytes, linear)
[    1.333739] kernel: Mountpoint-cwith crng_init=0
[    1.377067] kernel: Console: colour VGA+ 80x25
[    1.377319] kernel: printk: console [ttyS0] enabled
[    1.377458] kernel: ACPI: Core revision 20210730
[    1.377962] kernel: clocksource: hpet: mask: 0xffffffff max_cycles: 0xffffffff, max_idle_ns: 19112604467 ns
[    1.378186] kernel: APIC: Switch to symmetric I/O mode setup
[    1.378199] kernel: kvm-guest: setup PV IPIs
[    1.379818] kernel: ..TIMER: vector=0x30 apic1=0 pin1=2 apic2=-1 pin2=-1
[    1.379877] kernel: clocksource: tsc-early: mask: 0xffffffffffffffff max_cycles: 0x23fa772cf26, max_idle_ns: 440795269835 ns
[    1.379911] kernel: Calibrating delay loop (skipped) preset value.. 4992.00 BogoMIPS (lpj=2496000)
[    1.379929] kernel: pid_max: default: 32768 minimum: 301
[    1.380065] kernel: LSM: Security Framework initializing
[    1.380114] kernel: SELinux:  Initializing.
[    1.380291] kernel: Mount-cache hash table entries: 32768 (order: 6, 262144 bytes, linear)
[    1.380646] kernel: Mountpoint-cear)
[    1.694853] kernel: TCP: Hash tables configured (established 131072 bind 65536)
[    1.695040] kernel: UDP hash table entries: 8192 (order: 6, 262144 bytes, linear)
[    1.695277] kernel: UDP-Lite hash table entries: 8192 (order: 6, 262144 bytes, linear)
[    1.695639] kernel: NET: Registered PF_UNIX/PF_LOCAL protocol family
[    1.696694] kernel: pci_bus 0000:00: resource 4 [io  0x0000-0x0cf7 window]
[    1.696715] kernel: pci_bus 0000:00: resource 5 [io  0x0d00-0xffff window]
[    1.696729] kernel: pci_bus 0000:00: resource 6 [mem 0x000a0000-0x000bffff window]
[    1.696743] kernel: pci_bus 0000:00: resource 7 [mem 0xc0000000-0xfebfffff window]
[    1.696757] kernel: pci_bus 0000:00: resource 8 [mem 0x2c0000000-0x33fffffff window]
[    1.697107] kernel: pci 0000:00:01.0: PIIX3: Enabling Passive Release
[    1.697130] kernel: pci 0000:00:00.0: Limiting direct PCI/PCI transfers
[    1.697160] kernel: pci 0000:00:01.0: Activating ISA DMA hang workarounds
[    1.697261] kernel: debug1: Remote: /root/.ssh/authorized_keys:1: key options: agent-forwarding port-forwarding pty user-rc x11-forwarding
debug1: Sending command: /root/syz-executor exec 1 4 glusterfs 3 5 192.168.0.5 0 "3 2 ''" false false false true false
ache hash table entries: 32768 (order: 6, 262144 bytes, linear)
[    1.380899] kernel: x86/cpu: User Mode Instruction Prevention (UMIP) activated
[    1.380899] kernel: Last level iTLB entries: 4KB 0, 2MB 0, 4MB 0
[    1.380899] kernel: Last level dTLB entries: 4KB 0, 2MB 0, 4MB 0, 1GB 0
[    1.380899] kernel: Spectre V1 : Mitigation: usercopy/swapgs barriers and __user pointer sanitization
[    1.380899] kernel: Spectre V2 : Mitigation: Enhanced IBRS
[    1.380899] kernel: Spectre V2 : Spectre v2 / SpectreRSB mitigation: Filling RSB on context switch
[    1.380899] kernel: Spectre V2 : mitigation: Enabling conditional Indirect Branch Prediction Barrier
[    1.380899] kernel: Speculative Store Bypass: Mitigation: Speculative Store Bypass disabled via prctl and seccomp
[    1.391570] kernel: Freeing SMP alternatives memory: 40K
[    1.391899] kernel: smpboot: CPU0: 11th Gen Intel(R) Core(TM) i7-11700 @ 2.50GHz (family: 0x6, model: 0xa7, stepping: 0x1)
[    1.391899] kernel: Performancepci 0000:00:02.0: Video device with shadowed ROM at [mem 0x000c0000-0x000dffff]
[    1.697394] kernel: PCI: CLS 0 bytes, default 64
[    1.697429] kernel: PCI-DMA: Using software bounce buffering for IO (SWIOTLB)
[    1.697437] kernel: software IO TLB: mapped [mem 0x00000000bbfdd000-0x00000000bffdd000] (64MB)
[    1.697806] kernel: clocksource: tsc: mask: 0xffffffffffffffff max_cycles: 0x23fa772cf26, max_idle_ns: 440795269835 ns
[    1.697858] kernel: clocksource: Switched to clocksource tsc
[    1.702062] kernel: Initialise system trusted keyrings
[    1.702226] kernel: workingset: timestamp_bits=56 max_order=22 bucket_order=0
[    1.724339] kernel: fuse: init (API version 7.34)
[    1.736848] kernel: Key type asymmetric registered
[    1.736864] kernel: Asymmetric key parser 'x509' registered
