2023/01/26 04:05:46 fuzzer started
2023/01/26 04:05:46 dialing manager at localhost:40269
2023/01/26 04:05:46 connecting to manager...
2023/01/26 04:05:46 syscalls: 51
2023/01/26 04:05:46 code coverage: enabled
2023/01/26 04:05:46 comparison tracing: enabled
2023/01/26 04:05:46 extra coverage: enabled
2023/01/26 04:05:46 setuid sandbox: enabled
2023/01/26 04:05:46 namespace sandbox: /proc/self/ns/user does not exist
2023/01/26 04:05:46 Android sandbox: /sys/fs/selinux/policy can't be opened (open /sys/fs/selinux/policy: invalid argument)
2023/01/26 04:05:46 fault injection: CONFIG_FAULT_INJECTION_DEBUG_FS or CONFIG_FAILSLAB are not enabled
2023/01/26 04:05:46 leak checking: CONFIG_DEBUG_KMEMLEAK is not enabled
2023/01/26 04:05:46 net packet injection: /dev/net/tun does not exist
2023/01/26 04:05:46 net device setup: enabled
2023/01/26 04:05:46 concurrency sanitizer: /sys/kernel/debug/kcsan does not exist
2023/01/26 04:05:46 devlink PCI setup: enabled
2023/01/26 04:05:46 USB emulation: /dev/raw-gadget does not exist
2023/01/26 04:05:46 hci packet injection: /dev/vhci does not exist
2023/01/26 04:05:46 wifi device emulation: /sys/class/mac80211_hwsim/ does not exist
2023/01/26 04:05:46 802.15.4 emulation: /sys/bus/platform/devices/mac802154_hwsim does not exist
2023/01/26 04:05:46 poll: candidates=0 inputs=50 signal=2000
2023/01/26 04:05:46 deserializeInput: hasCrash false hasNet false
2023/01/26 04:05:46 prog length: 1
2023/01/26 04:05:46 deserializeInput: hasCrash true hasNet false
2023/01/26 04:05:46 prog length: 6
2023/01/26 04:05:46 prog length: 3
2023/01/26 04:05:46 deserializeInput: hasCrash false hasNet true
2023/01/26 04:05:46 prog length: 6
2023/01/26 04:05:46 prog length: 6
2023/01/26 04:05:46 prog length: 7
2023/01/26 04:05:46 deserializeInput: hasCrash false hasNet false
2023/01/26 04:05:46 prog length: 2
2023/01/26 04:05:46 deserializeInput: hasCrash false hasNet false
2023/01/26 04:05:46 prog length: 6
2023/01/26 04:05:46 deserializeInput: hasCrash false hasNet true
2023/01/26 04:05:46 prog length: 6
2023/01/26 04:05:46 prog length: 20
2023/01/26 04:05:46 deserializeInput: hasCrash false hasNet false
2023/01/26 04:05:46 prog length: 3
2023/01/26 04:05:46 deserializeInput: hasCrash false hasNet true
2023/01/26 04:05:46 prog length: 6
2023/01/26 04:05:46 prog length: 4
2023/01/26 04:05:46 deserializeInput: hasCrash false hasNet false
2023/01/26 04:05:46 prog length: 5
2023/01/26 04:05:46 deserializeInput: hasCrash true hasNet false
2023/01/26 04:05:46 prog length: 6
2023/01/26 04:05:46 prog length: 3
2023/01/26 04:05:46 deserializeInput: hasCrash false hasNet false
2023/01/26 04:05:46 prog length: 1
2023/01/26 04:05:46 deserializeInput: hasCrash false hasNet false
2023/01/26 04:05:46 prog length: 1
2023/01/26 04:05:46 deserializeInput: hasCrash false hasNet false
2023/01/26 04:05:46 prog length: 2
2023/01/26 04:05:46 deserializeInput: hasCrash false hasNet false
2023/01/26 04:05:46 prog length: 2
2023/01/26 04:05:46 deserializeInput: hasCrash false hasNet false
2023/01/26 04:05:46 prog length: 2
2023/01/26 04:05:46 deserializeInput: hasCrash false hasNet false
2023/01/26 04:05:46 prog length: 1
2023/01/26 04:05:46 deserializeInput: hasCrash false hasNet false
2023/01/26 04:05:46 prog length: 1
2023/01/26 04:05:46 deserializeInput: hasCrash false hasNet false
2023/01/26 04:05:46 prog length: 2
2023/01/26 04:05:46 deserializeInput: hasCrash false hasNet false
2023/01/26 04:05:46 prog length: 2
2023/01/26 04:05:46 deserializeInput: hasCrash false hasNet false
2023/01/26 04:05:46 prog length: 3
2023/01/26 04:05:46 deserializeInput: hasCrash false hasNet false
2023/01/26 04:05:46 prog length: 3
2023/01/26 04:05:46 deserializeInput: hasCrash false hasNet false
2023/01/26 04:05:46 prog length: 1
2023/01/26 04:05:46 deserializeInput: hasCrash false hasNet false
2023/01/26 04:05:46 prog length: 1
2023/01/26 04:05:46 deserializeInput: hasCrash false hasNet false
2023/01/26 04:05:46 prog length: 2
2023/01/26 04:05:46 deserializeInput: hasCrash false hasNet false
2023/01/26 04:05:46 prog length: 1
2023/01/26 04:05:46 deserializeInput: hasCrash false hasNet false
2023/01/26 04:05:46 prog length: 6
2023/01/26 04:05:46 deserializeInput: hasCrash false hasNet true
2023/01/26 04:05:46 prog length: 6
2023/01/26 04:05:46 prog length: 20
2023/01/26 04:05:46 deserializeInput: hasCrash false hasNet false
2023/01/26 04:05:46 prog length: 2
2023/01/26 04:05:46 deserializeInput: hasCrash true hasNet true
2023/01/26 04:05:46 prog length: 6
2023/01/26 04:05:46 prog length: 6
2023/01/26 04:05:46 prog length: 5
2023/01/26 04:05:46 deserializeInput: hasCrash false hasNet false
2023/01/26 04:05:46 prog length: 4
2023/01/26 04:05:46 deserializeInput: hasCrash true hasNet false
2023/01/26 04:05:46 prog length: 6
2023/01/26 04:05:46 prog length: 3
2023/01/26 04:05:46 deserializeInput: hasCrash false hasNet false
2023/01/26 04:05:46 prog length: 2
2023/01/26 04:05:46 deserializeInput: hasCrash false hasNet false
2023/01/26 04:05:46 prog length: 3
2023/01/26 04:05:46 deserializeInput: hasCrash false hasNet true
2023/01/26 04:05:46 prog length: 6
2023/01/26 04:05:46 prog length: 20
2023/01/26 04:05:46 deserializeInput: hasCrash false hasNet false
2023/01/26 04:05:46 prog length: 2
2023/01/26 04:05:46 deserializeInput: hasCrash false hasNet false
2023/01/26 04:05:46 prog length: 1
2023/01/26 04:05:46 deserializeInput: hasCrash false hasNet false
2023/01/26 04:05:46 prog length: 2
2023/01/26 04:05:46 deserializeInput: hasCrash false hasNet false
2023/01/26 04:05:46 prog length: 1
2023/01/26 04:05:46 deserializeInput: hasCrash false hasNet false
2023/01/26 04:05:46 prog length: 2
2023/01/26 04:05:46 deserializeInput: hasCrash false hasNet false
2023/01/26 04:05:46 prog length: 4
2023/01/26 04:05:46 deserializeInput: hasCrash false hasNet false
2023/01/26 04:05:46 prog length: 2
2023/01/26 04:05:46 deserializeInput: hasCrash false hasNet false
2023/01/26 04:05:46 prog length: 1
2023/01/26 04:05:46 deserializeInput: hasCrash false hasNet false
2023/01/26 04:05:46 prog length: 2
2023/01/26 04:05:46 deserializeInput: hasCrash false hasNet false
2023/01/26 04:05:46 prog length: 1
2023/01/26 04:05:46 deserializeInput: hasCrash false hasNet false
2023/01/26 04:05:46 prog length: 3
2023/01/26 04:05:46 deserializeInput: hasCrash false hasNet false
2023/01/26 04:05:46 prog length: 2
2023/01/26 04:05:46 deserializeInput: hasCrash false hasNet true
2023/01/26 04:05:46 prog length: 6
2023/01/26 04:05:46 prog length: 4
2023/01/26 04:05:46 deserializeInput: hasCrash false hasNet false
2023/01/26 04:05:46 prog length: 2
2023/01/26 04:05:46 deserializeInput: hasCrash false hasNet false
2023/01/26 04:05:46 prog length: 1
2023/01/26 04:05:46 deserializeInput: hasCrash false hasNet false
2023/01/26 04:05:46 prog length: 3
2023/01/26 04:05:46 fetching corpus: 50, signal 6394/23123/28672 (executing program)
2023/01/26 04:05:47 poll: candidates=0 inputs=50 signal=2000
2023/01/26 04:05:47 deserializeInput: hasCrash false hasNet false
2023/01/26 04:05:47 prog length: 1
2023/01/26 04:05:47 deserializeInput: hasCrash false hasNet false
2023/01/26 04:05:47 prog length: 3
2023/01/26 04:05:47 deserializeInput: hasCrash false hasNet false
2023/01/26 04:05:47 prog length: 2
2023/01/26 04:05:47 deserializeInput: hasCrash true hasNet true
2023/01/26 04:05:47 prog length: 6
2023/01/26 04:05:47 prog length: 6
2023/01/26 04:05:47 prog length: 7
2023/01/26 04:05:47 deserializeInput: hasCrash false hasNet false
2023/01/26 04:05:47 prog length: 1
2023/01/26 04:05:47 deserializeInput: hasCrash false hasNet false
2023/01/26 04:05:47 prog length: 3
2023/01/26 04:05:47 deserializeInput: hasCrash false hasNet false
2023/01/26 04:05:47 prog length: 6
2023/01/26 04:05:47 deserializeInput: hasCrash false hasNet false
2023/01/26 04:05:47 prog length: 2
2023/01/26 04:05:47 deserializeInput: hasCrash false hasNet false
2023/01/26 04:05:47 prog length: 2
2023/01/26 04:05:47 deserializeInput: hasCrash false hasNet false
2023/01/26 04:05:47 prog length: 1
2023/01/26 04:05:47 deserializeInput: hasCrash true hasNet true
2023/01/26 04:05:47 prog length: 6
2023/01/26 04:05:47 prog length: 12
2023/01/26 04:05:47 prog length: 7
2023/01/26 04:05:47 deserializeInput: hasCrash false hasNet true
2023/01/26 04:05:47 prog length: 6
2023/01/26 04:05:47 prog length: 14
2023/01/26 04:05:47 deserializeInput: hasCrash false hasNet true
2023/01/26 04:05:47 prog length: 6
2023/01/26 04:05:47 prog length: 19
2023/01/26 04:05:47 deserializeInput: hasCrash false hasNet false
2023/01/26 04:05:47 prog length: 3
2023/01/26 04:05:47 deserializeInput: hasCrash false hasNet false
2023/01/26 04:05:47 prog length: 2
2023/01/26 04:05:47 deserializeInput: hasCrash false hasNet false
2023/01/26 04:05:47 prog length: 2
2023/01/26 04:05:47 deserializeInput: hasCrash false hasNet true
2023/01/26 04:05:47 prog length: 6
2023/01/26 04:05:47 prog length: 12
2023/01/26 04:05:47 prog length: 10
2023/01/26 04:05:47 deserializeInput: hasCrash false hasNet false
2023/01/26 04:05:47 prog length: 1
2023/01/26 04:05:47 deserializeInput: hasCrash false hasNet false
2023/01/26 04:05:47 prog length: 1
2023/01/26 04:05:47 deserializeInput: hasCrash false hasNet false
2023/01/26 04:05:47 prog length: 1
2023/01/26 04:05:47 deserializeInput: hasCrash false hasNet false
2023/01/26 04:05:47 prog length: 2
2023/01/26 04:05:47 deserializeInput: hasCrash false hasNet false
2023/01/26 04:05:47 prog length: 2
2023/01/26 04:05:47 deserializeInput: hasCrash false hasNet false
2023/01/26 04:05:47 prog length: 2
2023/01/26 04:05:47 deserializeInput: hasCrash false hasNet false
2023/01/26 04:05:47 prog length: 3
2023/01/26 04:05:47 deserializeInput: hasCrash false hasNet false
2023/01/26 04:05:47 prog length: 1
2023/01/26 04:05:47 deserializeInput: hasCrash false hasNet false
2023/01/26 04:05:47 prog length: 4
2023/01/26 04:05:47 deserializeInput: hasCrash false hasNet false
2023/01/26 04:05:47 prog length: 16
2023/01/26 04:05:47 deserializeInput: hasCrash false hasNet false
2023/01/26 04:05:47 prog length: 1
2023/01/26 04:05:47 deserializeInput: hasCrash false hasNet false
2023/01/26 04:05:47 prog length: 7
2023/01/26 04:05:47 deserializeInput: hasCrash false hasNet false
2023/01/26 04:05:47 prog length: 2
2023/01/26 04:05:47 deserializeInput: hasCrash false hasNet false
2023/01/26 04:05:47 prog length: 1
2023/01/26 04:05:47 deserializeInput: hasCrash false hasNet false
2023/01/26 04:05:47 prog length: 2
2023/01/26 04:05:47 deserializeInput: hasCrash false hasNet false
2023/01/26 04:05:47 prog length: 2
2023/01/26 04:05:47 deserializeInput: hasCrash false hasNet false
2023/01/26 04:05:47 prog length: 2
2023/01/26 04:05:47 deserializeInput: hasCrash false hasNet false
2023/01/26 04:05:47 prog length: 6
2023/01/26 04:05:47 deserializeInput: hasCrash false hasNet false
2023/01/26 04:05:47 prog length: 9
2023/01/26 04:05:47 deserializeInput: hasCrash false hasNet true
2023/01/26 04:05:47 prog length: 18
2023/01/26 04:05:47 prog length: 11
2023/01/26 04:05:47 deserializeInput: hasCrash true hasNet false
2023/01/26 04:05:47 prog length: 6
2023/01/26 04:05:47 prog length: 3
2023/01/26 04:05:47 deserializeInput: hasCrash false hasNet true
2023/01/26 04:05:47 prog length: 18
2023/01/26 04:05:47 prog length: 9
2023/01/26 04:05:47 deserializeInput: hasCrash false hasNet false
2023/01/26 04:05:47 prog length: 1
2023/01/26 04:05:47 deserializeInput: hasCrash false hasNet false
2023/01/26 04:05:47 prog length: 1
2023/01/26 04:05:47 deserializeInput: hasCrash false hasNet false
2023/01/26 04:05:47 prog length: 2
2023/01/26 04:05:47 deserializeInput: hasCrash false hasNet true
2023/01/26 04:05:47 prog length: 6
2023/01/26 04:05:47 prog length: 7
2023/01/26 04:05:47 deserializeInput: hasCrash false hasNet false
2023/01/26 04:05:47 prog length: 4
2023/01/26 04:05:47 deserializeInput: hasCrash false hasNet false
2023/01/26 04:05:47 prog length: 2
2023/01/26 04:05:47 deserializeInput: hasCrash false hasNet false
2023/01/26 04:05:47 prog length: 11
2023/01/26 04:05:47 deserializeInput: hasCrash true hasNet false
2023/01/26 04:05:47 prog length: 6
2023/01/26 04:05:47 prog length: 4
2023/01/26 04:05:47 deserializeInput: hasCrash false hasNet false
2023/01/26 04:05:47 prog length: 2
2023/01/26 04:05:47 deserializeInput: hasCrash false hasNet false
2023/01/26 04:05:47 prog length: 2
2023/01/26 04:05:47 deserializeInput: hasCrash false hasNet false
2023/01/26 04:05:47 prog length: 2
2023/01/26 04:05:47 fetching corpus: 100, signal 7549/27872/34828 (executing program)
2023/01/26 04:05:47 poll: candidates=0 inputs=50 signal=2000
2023/01/26 04:05:47 deserializeInput: hasCrash false hasNet false
2023/01/26 04:05:47 prog length: 1
2023/01/26 04:05:47 deserializeInput: hasCrash false hasNet false
2023/01/26 04:05:47 prog length: 2
2023/01/26 04:05:47 deserializeInput: hasCrash false hasNet false
2023/01/26 04:05:47 prog length: 2
2023/01/26 04:05:47 deserializeInput: hasCrash false hasNet false
2023/01/26 04:05:47 prog length: 2
2023/01/26 04:05:47 deserializeInput: hasCrash false hasNet false
2023/01/26 04:05:47 prog length: 1
2023/01/26 04:05:47 deserializeInput: hasCrash false hasNet false
2023/01/26 04:05:47 prog length: 3
2023/01/26 04:05:47 deserializeInput: hasCrash false hasNet false
2023/01/26 04:05:47 prog length: 4
2023/01/26 04:05:47 deserializeInput: hasCrash false hasNet false
2023/01/26 04:05:47 prog length: 1
2023/01/26 04:05:47 deserializeInput: hasCrash false hasNet false
2023/01/26 04:05:47 prog length: 2
2023/01/26 04:05:47 deserializeInput: hasCrash false hasNet false
2023/01/26 04:05:47 prog length: 2
2023/01/26 04:05:47 deserializeInput: hasCrash false hasNet false
2023/01/26 04:05:47 prog length: 3
2023/01/26 04:05:47 deserializeInput: hasCrash false hasNet false
2023/01/26 04:05:47 prog length: 3
2023/01/26 04:05:47 deserializeInput: hasCrash true hasNet false
2023/01/26 04:05:47 prog length: 6
2023/01/26 04:05:47 prog length: 3
2023/01/26 04:05:47 deserializeInput: hasCrash false hasNet false
2023/01/26 04:05:47 prog length: 1
2023/01/26 04:05:47 deserializeInput: hasCrash false hasNet false
2023/01/26 04:05:47 prog length: 5
2023/01/26 04:05:47 deserializeInput: hasCrash false hasNet false
2023/01/26 04:05:47 prog length: 2
2023/01/26 04:05:47 deserializeInput: hasCrash false hasNet false
2023/01/26 04:05:47 prog length: 2
2023/01/26 04:05:47 deserializeInput: hasCrash false hasNet false
2023/01/26 04:05:47 prog length: 2
2023/01/26 04:05:47 deserializeInput: hasCrash true hasNet false
2023/01/26 04:05:47 prog length: 6
2023/01/26 04:05:47 prog length: 4
2023/01/26 04:05:47 deserializeInput: hasCrash false hasNet true
2023/01/26 04:05:47 prog length: 6
2023/01/26 04:05:47 prog length: 20
2023/01/26 04:05:47 deserializeInput: hasCrash false hasNet false
2023/01/26 04:05:47 prog length: 1
2023/01/26 04:05:47 deserializeInput: hasCrash false hasNet true
2023/01/26 04:05:47 prog length: 6
2023/01/26 04:05:47 prog length: 4
2023/01/26 04:05:47 deserializeInput: hasCrash false hasNet false
2023/01/26 04:05:47 prog length: 2
2023/01/26 04:05:47 deserializeInput: hasCrash false hasNet false
2023/01/26 04:05:47 prog length: 3
2023/01/26 04:05:47 deserializeInput: hasCrash false hasNet false
2023/01/26 04:05:47 prog length: 2
2023/01/26 04:05:47 deserializeInput: hasCrash false hasNet false
2023/01/26 04:05:47 prog length: 2
2023/01/26 04:05:47 deserializeInput: hasCrash false hasNet false
2023/01/26 04:05:47 prog length: 4
2023/01/26 04:05:47 deserializeInput: hasCrash false hasNet false
2023/01/26 04:05:47 prog length: 5
2023/01/26 04:05:47 deserializeInput: hasCrash false hasNet true
2023/01/26 04:05:47 prog length: 6
2023/01/26 04:05:47 prog length: 20
2023/01/26 04:05:47 deserializeInput: hasCrash false hasNet false
2023/01/26 04:05:47 prog length: 3
2023/01/26 04:05:47 deserializeInput: hasCrash false hasNet false
2023/01/26 04:05:47 prog length: 2
2023/01/26 04:05:47 deserializeInput: hasCrash false hasNet false
2023/01/26 04:05:47 prog length: 2
2023/01/26 04:05:47 deserializeInput: hasCrash false hasNet false
2023/01/26 04:05:47 prog length: 2
2023/01/26 04:05:47 deserializeInput: hasCrash false hasNet true
2023/01/26 04:05:47 prog length: 6
2023/01/26 04:05:47 prog length: 20
2023/01/26 04:05:47 deserializeInput: hasCrash false hasNet false
2023/01/26 04:05:47 prog length: 2
2023/01/26 04:05:47 deserializeInput: hasCrash false hasNet false
2023/01/26 04:05:47 prog length: 1
2023/01/26 04:05:47 deserializeInput: hasCrash false hasNet false
2023/01/26 04:05:47 prog length: 2
2023/01/26 04:05:47 deserializeInput: hasCrash false hasNet false
2023/01/26 04:05:47 prog length: 1
2023/01/26 04:05:47 deserializeInput: hasCrash false hasNet false
2023/01/26 04:05:47 prog length: 3
2023/01/26 04:05:47 deserializeInput: hasCrash false hasNet false
2023/01/26 04:05:47 prog length: 4
2023/01/26 04:05:47 deserializeInput: hasCrash false hasNet false
2023/01/26 04:05:47 prog length: 2
2023/01/26 04:05:47 deserializeInput: hasCrash false hasNet false
2023/01/26 04:05:47 prog length: 1
2023/01/26 04:05:47 deserializeInput: hasCrash false hasNet false
2023/01/26 04:05:47 prog length: 2
2023/01/26 04:05:47 deserializeInput: hasCrash false hasNet false
2023/01/26 04:05:47 prog length: 2
2023/01/26 04:05:47 deserializeInput: hasCrash false hasNet false
2023/01/26 04:05:47 prog length: 2
2023/01/26 04:05:47 deserializeInput: hasCrash false hasNet true
2023/01/26 04:05:47 prog length: 6
2023/01/26 04:05:47 prog length: 4
2023/01/26 04:05:47 deserializeInput: hasCrash false hasNet false
2023/01/26 04:05:47 prog length: 1
2023/01/26 04:05:47 deserializeInput: hasCrash false hasNet false
2023/01/26 04:05:47 prog length: 2
2023/01/26 04:05:47 deserializeInput: hasCrash false hasNet true
2023/01/26 04:05:47 prog length: 6
2023/01/26 04:05:47 prog length: 5
2023/01/26 04:05:47 deserializeInput: hasCrash false hasNet false
2023/01/26 04:05:47 prog length: 6
2023/01/26 04:05:47 fetching corpus: 150, signal 8327/28897/36822 (executing program)
2023/01/26 04:05:47 poll: candidates=0 inputs=50 signal=2000
2023/01/26 04:05:47 deserializeInput: hasCrash true hasNet false
2023/01/26 04:05:47 prog length: 6
2023/01/26 04:05:47 prog length: 4
2023/01/26 04:05:47 deserializeInput: hasCrash false hasNet false
2023/01/26 04:05:47 prog length: 2
2023/01/26 04:05:47 deserializeInput: hasCrash false hasNet true
2023/01/26 04:05:47 prog length: 6
2023/01/26 04:05:47 prog length: 20
2023/01/26 04:05:47 deserializeInput: hasCrash false hasNet false
2023/01/26 04:05:47 prog length: 2
2023/01/26 04:05:47 deserializeInput: hasCrash false hasNet false
2023/01/26 04:05:47 prog length: 2
2023/01/26 04:05:47 deserializeInput: hasCrash false hasNet false
2023/01/26 04:05:47 prog length: 2
2023/01/26 04:05:47 deserializeInput: hasCrash false hasNet false
2023/01/26 04:05:47 prog length: 2
2023/01/26 04:05:47 deserializeInput: hasCrash false hasNet false
2023/01/26 04:05:47 prog length: 2
2023/01/26 04:05:47 deserializeInput: hasCrash false hasNet false
2023/01/26 04:05:47 prog length: 2
2023/01/26 04:05:47 deserializeInput: hasCrash false hasNet false
2023/01/26 04:05:47 prog length: 1
2023/01/26 04:05:47 deserializeInput: hasCrash false hasNet false
2023/01/26 04:05:47 prog length: 3
2023/01/26 04:05:47 deserializeInput: hasCrash false hasNet false
2023/01/26 04:05:47 prog length: 4
2023/01/26 04:05:47 deserializeInput: hasCrash false hasNet false
2023/01/26 04:05:47 prog length: 4
2023/01/26 04:05:47 deserializeInput: hasCrash false hasNet true
2023/01/26 04:05:47 prog length: 6
2023/01/26 04:05:47 prog length: 8
2023/01/26 04:05:47 deserializeInput: hasCrash false hasNet false
2023/01/26 04:05:47 prog length: 2
2023/01/26 04:05:47 deserializeInput: hasCrash true hasNet false
2023/01/26 04:05:47 prog length: 6
2023/01/26 04:05:47 prog length: 3
2023/01/26 04:05:47 deserializeInput: hasCrash true hasNet false
2023/01/26 04:05:47 prog length: 6
2023/01/26 04:05:47 prog length: 3
2023/01/26 04:05:47 deserializeInput: hasCrash false hasNet false
2023/01/26 04:05:47 prog length: 1
2023/01/26 04:05:47 deserializeInput: hasCrash false hasNet false
2023/01/26 04:05:47 prog length: 2
2023/01/26 04:05:47 deserializeInput: hasCrash false hasNet false
2023/01/26 04:05:47 prog length: 2
2023/01/26 04:05:47 deserializeInput: hasCrash true hasNet false
2023/01/26 04:05:47 prog length: 6
2023/01/26 04:05:47 prog length: 3
2023/01/26 04:05:47 deserializeInput: hasCrash true hasNet false
2023/01/26 04:05:47 prog length: 6
2023/01/26 04:05:47 prog length: 3
2023/01/26 04:05:47 deserializeInput: hasCrash false hasNet false
2023/01/26 04:05:47 prog length: 3
2023/01/26 04:05:47 deserializeInput: hasCrash true hasNet false
2023/01/26 04:05:47 prog length: 6
2023/01/26 04:05:47 prog length: 3
2023/01/26 04:05:47 deserializeInput: hasCrash false hasNet false
2023/01/26 04:05:47 prog length: 1
2023/01/26 04:05:47 deserializeInput: hasCrash false hasNet false
2023/01/26 04:05:47 prog length: 3
2023/01/26 04:05:47 deserializeInput: hasCrash false hasNet true
2023/01/26 04:05:47 prog length: 6
2023/01/26 04:05:47 prog length: 20
2023/01/26 04:05:47 deserializeInput: hasCrash false hasNet false
2023/01/26 04:05:47 prog length: 3
2023/01/26 04:05:47 deserializeInput: hasCrash false hasNet true
2023/01/26 04:05:47 prog length: 6
2023/01/26 04:05:47 prog length: 16
2023/01/26 04:05:47 deserializeInput: hasCrash false hasNet false
2023/01/26 04:05:47 prog length: 1
2023/01/26 04:05:47 deserializeInput: hasCrash false hasNet false
2023/01/26 04:05:47 prog length: 2
2023/01/26 04:05:47 deserializeInput: hasCrash false hasNet true
2023/01/26 04:05:47 prog length: 18
2023/01/26 04:05:47 prog length: 12
2023/01/26 04:05:47 deserializeInput: hasCrash false hasNet false
2023/01/26 04:05:47 prog length: 1
2023/01/26 04:05:47 deserializeInput: hasCrash false hasNet false
2023/01/26 04:05:47 prog length: 1
2023/01/26 04:05:47 deserializeInput: hasCrash false hasNet false
2023/01/26 04:05:47 prog length: 1
2023/01/26 04:05:47 deserializeInput: hasCrash false hasNet false
2023/01/26 04:05:47 prog length: 2
2023/01/26 04:05:47 deserializeInput: hasCrash false hasNet false
2023/01/26 04:05:47 prog length: 3
2023/01/26 04:05:47 deserializeInput: hasCrash true hasNet false
2023/01/26 04:05:47 prog length: 6
2023/01/26 04:05:47 prog length: 3
2023/01/26 04:05:47 deserializeInput: hasCrash false hasNet false
2023/01/26 04:05:47 prog length: 1
2023/01/26 04:05:47 deserializeInput: hasCrash false hasNet false
2023/01/26 04:05:47 prog length: 2
2023/01/26 04:05:47 deserializeInput: hasCrash false hasNet false
2023/01/26 04:05:47 prog length: 2
2023/01/26 04:05:47 deserializeInput: hasCrash false hasNet false
2023/01/26 04:05:47 prog length: 5
2023/01/26 04:05:47 deserializeInput: hasCrash false hasNet false
2023/01/26 04:05:47 prog length: 5
2023/01/26 04:05:47 deserializeInput: hasCrash true hasNet false
2023/01/26 04:05:47 prog length: 18
2023/01/26 04:05:47 prog length: 8
2023/01/26 04:05:47 deserializeInput: hasCrash false hasNet false
2023/01/26 04:05:47 prog length: 2
2023/01/26 04:05:47 deserializeInput: hasCrash false hasNet false
2023/01/26 04:05:47 prog length: 13
2023/01/26 04:05:47 deserializeInput: hasCrash false hasNet false
2023/01/26 04:05:47 prog length: 2
2023/01/26 04:05:47 deserializeInput: hasCrash false hasNet false
2023/01/26 04:05:47 prog length: 4
2023/01/26 04:05:47 deserializeInput: hasCrash false hasNet false
2023/01/26 04:05:47 prog length: 1
2023/01/26 04:05:47 deserializeInput: hasCrash false hasNet true
2023/01/26 04:05:47 prog length: 6
2023/01/26 04:05:47 prog length: 18
2023/01/26 04:05:47 fetching corpus: 200, signal 8904/29539/38340 (executing program)
2023/01/26 04:05:47 poll: candidates=0 inputs=50 signal=2000
2023/01/26 04:05:47 deserializeInput: hasCrash false hasNet false
2023/01/26 04:05:47 prog length: 2
2023/01/26 04:05:47 deserializeInput: hasCrash false hasNet true
2023/01/26 04:05:47 prog length: 6
2023/01/26 04:05:47 prog length: 6
2023/01/26 04:05:47 deserializeInput: hasCrash true hasNet false
2023/01/26 04:05:47 prog length: 6
2023/01/26 04:05:47 prog length: 3
2023/01/26 04:05:47 deserializeInput: hasCrash false hasNet false
2023/01/26 04:05:47 prog length: 2
2023/01/26 04:05:47 deserializeInput: hasCrash false hasNet false
2023/01/26 04:05:47 prog length: 1
2023/01/26 04:05:47 deserializeInput: hasCrash false hasNet false
2023/01/26 04:05:47 prog length: 2
2023/01/26 04:05:47 deserializeInput: hasCrash false hasNet false
2023/01/26 04:05:47 prog length: 1
2023/01/26 04:05:47 deserializeInput: hasCrash false hasNet false
2023/01/26 04:05:47 prog length: 1
2023/01/26 04:05:47 deserializeInput: hasCrash false hasNet true
2023/01/26 04:05:47 prog length: 6
2023/01/26 04:05:47 prog length: 5
2023/01/26 04:05:47 deserializeInput: hasCrash false hasNet false
2023/01/26 04:05:47 prog length: 1
2023/01/26 04:05:47 deserializeInput: hasCrash false hasNet false
2023/01/26 04:05:47 prog length: 2
2023/01/26 04:05:47 deserializeInput: hasCrash false hasNet false
2023/01/26 04:05:47 prog length: 4
2023/01/26 04:05:47 deserializeInput: hasCrash false hasNet false
2023/01/26 04:05:47 prog length: 2
2023/01/26 04:05:47 deserializeInput: hasCrash true hasNet false
2023/01/26 04:05:47 prog length: 6
2023/01/26 04:05:47 prog length: 4
2023/01/26 04:05:47 deserializeInput: hasCrash false hasNet false
2023/01/26 04:05:47 prog length: 1
2023/01/26 04:05:47 deserializeInput: hasCrash false hasNet true
2023/01/26 04:05:47 prog length: 6
2023/01/26 04:05:47 prog length: 12
2023/01/26 04:05:47 deserializeInput: hasCrash false hasNet false
2023/01/26 04:05:47 prog length: 2
2023/01/26 04:05:47 deserializeInput: hasCrash false hasNet false
2023/01/26 04:05:47 prog length: 1
2023/01/26 04:05:47 deserializeInput: hasCrash false hasNet false
2023/01/26 04:05:47 prog length: 2
2023/01/26 04:05:47 deserializeInput: hasCrash false hasNet true
2023/01/26 04:05:47 prog length: 6
2023/01/26 04:05:47 prog length: 14
2023/01/26 04:05:47 deserializeInput: hasCrash false hasNet false
2023/01/26 04:05:47 prog length: 2
2023/01/26 04:05:47 deserializeInput: hasCrash false hasNet false
2023/01/26 04:05:47 prog length: 2
2023/01/26 04:05:47 deserializeInput: hasCrash false hasNet false
2023/01/26 04:05:47 prog length: 2
2023/01/26 04:05:47 deserializeInput: hasCrash false hasNet false
2023/01/26 04:05:47 prog length: 18
2023/01/26 04:05:47 deserializeInput: hasCrash false hasNet false
2023/01/26 04:05:47 prog length: 2
2023/01/26 04:05:47 deserializeInput: hasCrash false hasNet false
2023/01/26 04:05:47 prog length: 4
2023/01/26 04:05:47 deserializeInput: hasCrash false hasNet false
2023/01/26 04:05:47 prog length: 2
2023/01/26 04:05:47 deserializeInput: hasCrash false hasNet false
2023/01/26 04:05:47 prog length: 4
2023/01/26 04:05:47 deserializeInput: hasCrash false hasNet false
2023/01/26 04:05:47 prog length: 2
2023/01/26 04:05:47 deserializeInput: hasCrash false hasNet true
2023/01/26 04:05:47 prog length: 6
2023/01/26 04:05:47 prog length: 13
2023/01/26 04:05:47 deserializeInput: hasCrash false hasNet false
2023/01/26 04:05:47 prog length: 2
2023/01/26 04:05:47 deserializeInput: hasCrash true hasNet false
2023/01/26 04:05:47 prog length: 6
2023/01/26 04:05:47 prog length: 3
2023/01/26 04:05:47 deserializeInput: hasCrash false hasNet false
2023/01/26 04:05:47 prog length: 2
2023/01/26 04:05:47 deserializeInput: hasCrash false hasNet true
2023/01/26 04:05:47 prog length: 6
2023/01/26 04:05:47 prog length: 18
2023/01/26 04:05:47 deserializeInput: hasCrash false hasNet false
2023/01/26 04:05:47 prog length: 2
2023/01/26 04:05:47 deserializeInput: hasCrash false hasNet false
2023/01/26 04:05:47 prog length: 3
2023/01/26 04:05:47 deserializeInput: hasCrash false hasNet false
2023/01/26 04:05:47 prog length: 3
2023/01/26 04:05:47 deserializeInput: hasCrash false hasNet false
2023/01/26 04:05:47 prog length: 1
2023/01/26 04:05:47 deserializeInput: hasCrash false hasNet false
2023/01/26 04:05:47 prog length: 1
2023/01/26 04:05:47 deserializeInput: hasCrash false hasNet false
2023/01/26 04:05:47 prog length: 1
2023/01/26 04:05:47 deserializeInput: hasCrash false hasNet false
2023/01/26 04:05:47 prog length: 3
2023/01/26 04:05:47 deserializeInput: hasCrash false hasNet false
2023/01/26 04:05:47 prog length: 2
2023/01/26 04:05:47 deserializeInput: hasCrash false hasNet false
2023/01/26 04:05:47 prog length: 3
2023/01/26 04:05:47 deserializeInput: hasCrash false hasNet false
2023/01/26 04:05:47 prog length: 1
2023/01/26 04:05:47 deserializeInput: hasCrash false hasNet false
2023/01/26 04:05:47 prog length: 3
2023/01/26 04:05:47 deserializeInput: hasCrash false hasNet false
2023/01/26 04:05:47 prog length: 1
2023/01/26 04:05:47 deserializeInput: hasCrash false hasNet false
2023/01/26 04:05:47 prog length: 2
2023/01/26 04:05:47 deserializeInput: hasCrash false hasNet false
2023/01/26 04:05:47 prog length: 1
2023/01/26 04:05:47 deserializeInput: hasCrash false hasNet false
2023/01/26 04:05:47 prog length: 2
2023/01/26 04:05:47 deserializeInput: hasCrash false hasNet false
2023/01/26 04:05:47 prog length: 3
2023/01/26 04:05:47 fetching corpus: 250, signal 8914/29969/39113 (executing program)
2023/01/26 04:05:47 poll: candidates=0 inputs=50 signal=2000
2023/01/26 04:05:47 deserializeInput: hasCrash false hasNet false
2023/01/26 04:05:47 prog length: 2
2023/01/26 04:05:47 deserializeInput: hasCrash false hasNet false
2023/01/26 04:05:47 prog length: 11
2023/01/26 04:05:47 deserializeInput: hasCrash false hasNet false
2023/01/26 04:05:47 prog length: 2
2023/01/26 04:05:47 deserializeInput: hasCrash false hasNet false
2023/01/26 04:05:47 prog length: 1
2023/01/26 04:05:47 deserializeInput: hasCrash false hasNet false
2023/01/26 04:05:47 prog length: 2
2023/01/26 04:05:47 deserializeInput: hasCrash false hasNet false
2023/01/26 04:05:47 prog length: 2
2023/01/26 04:05:47 deserializeInput: hasCrash true hasNet false
2023/01/26 04:05:47 prog length: 6
2023/01/26 04:05:47 prog length: 4
2023/01/26 04:05:47 deserializeInput: hasCrash false hasNet false
2023/01/26 04:05:47 prog length: 2
2023/01/26 04:05:47 deserializeInput: hasCrash false hasNet false
2023/01/26 04:05:47 prog length: 2
2023/01/26 04:05:47 deserializeInput: hasCrash false hasNet false
2023/01/26 04:05:47 prog length: 2
2023/01/26 04:05:47 deserializeInput: hasCrash false hasNet true
2023/01/26 04:05:47 prog length: 6
2023/01/26 04:05:47 prog length: 4
2023/01/26 04:05:47 deserializeInput: hasCrash false hasNet false
2023/01/26 04:05:47 prog length: 2
2023/01/26 04:05:47 deserializeInput: hasCrash false hasNet true
2023/01/26 04:05:47 prog length: 6
2023/01/26 04:05:47 prog length: 5
2023/01/26 04:05:47 deserializeInput: hasCrash true hasNet true
2023/01/26 04:05:47 prog length: 12
2023/01/26 04:05:47 prog length: 6
2023/01/26 04:05:47 deserializeInput: hasCrash false hasNet false
2023/01/26 04:05:47 prog length: 3
2023/01/26 04:05:47 deserializeInput: hasCrash false hasNet false
2023/01/26 04:05:47 prog length: 2
2023/01/26 04:05:47 deserializeInput: hasCrash false hasNet false
2023/01/26 04:05:47 prog length: 1
2023/01/26 04:05:47 deserializeInput: hasCrash false hasNet false
2023/01/26 04:05:47 prog length: 2
2023/01/26 04:05:47 deserializeInput: hasCrash false hasNet false
2023/01/26 04:05:47 prog length: 3
2023/01/26 04:05:47 deserializeInput: hasCrash false hasNet false
2023/01/26 04:05:47 prog length: 2
2023/01/26 04:05:47 deserializeInput: hasCrash true hasNet false
2023/01/26 04:05:47 prog length: 6
2023/01/26 04:05:47 prog length: 3
2023/01/26 04:05:47 deserializeInput: hasCrash false hasNet false
2023/01/26 04:05:47 prog length: 3
2023/01/26 04:05:47 deserializeInput: hasCrash false hasNet false
2023/01/26 04:05:47 prog length: 3
2023/01/26 04:05:47 deserializeInput: hasCrash false hasNet false
2023/01/26 04:05:47 prog length: 6
2023/01/26 04:05:47 deserializeInput: hasCrash false hasNet false
2023/01/26 04:05:47 prog length: 2
2023/01/26 04:05:47 deserializeInput: hasCrash false hasNet false
2023/01/26 04:05:47 prog length: 5
2023/01/26 04:05:47 deserializeInput: hasCrash false hasNet false
2023/01/26 04:05:47 prog length: 2
2023/01/26 04:05:47 deserializeInput: hasCrash true hasNet false
2023/01/26 04:05:47 prog length: 6
2023/01/26 04:05:47 prog length: 3
2023/01/26 04:05:47 deserializeInput: hasCrash false hasNet false
2023/01/26 04:05:47 prog length: 2
2023/01/26 04:05:47 deserializeInput: hasCrash false hasNet false
2023/01/26 04:05:47 prog length: 1
2023/01/26 04:05:47 deserializeInput: hasCrash false hasNet false
2023/01/26 04:05:47 prog length: 2
2023/01/26 04:05:47 deserializeInput: hasCrash true hasNet true
2023/01/26 04:05:47 prog length: 6
2023/01/26 04:05:47 prog length: 12
2023/01/26 04:05:47 prog length: 9
2023/01/26 04:05:47 deserializeInput: hasCrash false hasNet true
2023/01/26 04:05:47 prog length: 6
2023/01/26 04:05:47 prog length: 16
2023/01/26 04:05:47 deserializeInput: hasCrash false hasNet false
2023/01/26 04:05:47 prog length: 2
2023/01/26 04:05:47 deserializeInput: hasCrash false hasNet false
2023/01/26 04:05:47 prog length: 2
2023/01/26 04:05:47 deserializeInput: hasCrash false hasNet false
2023/01/26 04:05:47 prog length: 1
2023/01/26 04:05:47 deserializeInput: hasCrash false hasNet false
2023/01/26 04:05:47 prog length: 1
2023/01/26 04:05:47 deserializeInput: hasCrash false hasNet false
2023/01/26 04:05:47 prog length: 1
2023/01/26 04:05:47 deserializeInput: hasCrash false hasNet false
2023/01/26 04:05:47 prog length: 1
2023/01/26 04:05:47 deserializeInput: hasCrash false hasNet false
2023/01/26 04:05:47 prog length: 1
2023/01/26 04:05:47 deserializeInput: hasCrash false hasNet false
2023/01/26 04:05:47 prog length: 2
2023/01/26 04:05:47 deserializeInput: hasCrash false hasNet false
2023/01/26 04:05:47 prog length: 3
2023/01/26 04:05:47 deserializeInput: hasCrash true hasNet false
2023/01/26 04:05:47 prog length: 6
2023/01/26 04:05:47 prog length: 3
2023/01/26 04:05:47 deserializeInput: hasCrash false hasNet false
2023/01/26 04:05:47 prog length: 1
2023/01/26 04:05:47 deserializeInput: hasCrash true hasNet false
2023/01/26 04:05:47 prog length: 6
2023/01/26 04:05:47 prog length: 4
2023/01/26 04:05:47 deserializeInput: hasCrash false hasNet false
2023/01/26 04:05:47 prog length: 1
2023/01/26 04:05:47 deserializeInput: hasCrash false hasNet false
2023/01/26 04:05:47 prog length: 3
2023/01/26 04:05:47 deserializeInput: hasCrash false hasNet false
2023/01/26 04:05:47 prog length: 9
2023/01/26 04:05:47 deserializeInput: hasCrash false hasNet false
2023/01/26 04:05:47 prog length: 2
2023/01/26 04:05:47 deserializeInput: hasCrash false hasNet false
2023/01/26 04:05:47 prog length: 2
2023/01/26 04:05:47 fetching corpus: 300, signal 9206/30619/40230 (executing program)
2023/01/26 04:05:47 poll: candidates=0 inputs=50 signal=2000
2023/01/26 04:05:47 deserializeInput: hasCrash false hasNet false
2023/01/26 04:05:47 prog length: 1
2023/01/26 04:05:47 deserializeInput: hasCrash false hasNet false
2023/01/26 04:05:47 prog length: 1
2023/01/26 04:05:47 deserializeInput: hasCrash false hasNet false
2023/01/26 04:05:47 prog length: 2
2023/01/26 04:05:47 deserializeInput: hasCrash false hasNet true
2023/01/26 04:05:47 prog length: 6
2023/01/26 04:05:47 prog length: 20
2023/01/26 04:05:47 deserializeInput: hasCrash false hasNet false
2023/01/26 04:05:47 prog length: 3
2023/01/26 04:05:47 deserializeInput: hasCrash false hasNet false
2023/01/26 04:05:47 prog length: 4
2023/01/26 04:05:47 deserializeInput: hasCrash false hasNet false
2023/01/26 04:05:47 prog length: 2
2023/01/26 04:05:47 deserializeInput: hasCrash false hasNet false
2023/01/26 04:05:47 prog length: 4
2023/01/26 04:05:47 deserializeInput: hasCrash false hasNet false
2023/01/26 04:05:47 prog length: 2
2023/01/26 04:05:47 deserializeInput: hasCrash false hasNet false
2023/01/26 04:05:47 prog length: 1
2023/01/26 04:05:47 deserializeInput: hasCrash false hasNet false
2023/01/26 04:05:47 prog length: 3
2023/01/26 04:05:47 deserializeInput: hasCrash false hasNet false
2023/01/26 04:05:47 prog length: 2
2023/01/26 04:05:47 deserializeInput: hasCrash false hasNet false
2023/01/26 04:05:47 prog length: 5
2023/01/26 04:05:47 deserializeInput: hasCrash false hasNet false
2023/01/26 04:05:47 prog length: 2
2023/01/26 04:05:47 deserializeInput: hasCrash false hasNet true
2023/01/26 04:05:47 prog length: 18
2023/01/26 04:05:47 prog length: 9
2023/01/26 04:05:47 deserializeInput: hasCrash false hasNet false
2023/01/26 04:05:47 prog length: 2
2023/01/26 04:05:47 deserializeInput: hasCrash false hasNet false
2023/01/26 04:05:47 prog length: 2
2023/01/26 04:05:47 deserializeInput: hasCrash false hasNet false
2023/01/26 04:05:47 prog length: 2
2023/01/26 04:05:47 deserializeInput: hasCrash false hasNet false
2023/01/26 04:05:47 prog length: 2
2023/01/26 04:05:47 deserializeInput: hasCrash false hasNet false
2023/01/26 04:05:47 prog length: 2
2023/01/26 04:05:47 deserializeInput: hasCrash false hasNet false
2023/01/26 04:05:47 prog length: 2
2023/01/26 04:05:47 deserializeInput: hasCrash false hasNet false
2023/01/26 04:05:47 prog length: 2
2023/01/26 04:05:47 deserializeInput: hasCrash false hasNet false
2023/01/26 04:05:47 prog length: 2
2023/01/26 04:05:47 deserializeInput: hasCrash false hasNet false
2023/01/26 04:05:47 prog length: 2
2023/01/26 04:05:47 deserializeInput: hasCrash false hasNet false
2023/01/26 04:05:47 prog length: 2
2023/01/26 04:05:47 deserializeInput: hasCrash false hasNet false
2023/01/26 04:05:47 prog length: 1
2023/01/26 04:05:47 deserializeInput: hasCrash false hasNet true
2023/01/26 04:05:47 prog length: 6
2023/01/26 04:05:47 prog length: 5
2023/01/26 04:05:47 deserializeInput: hasCrash false hasNet false
2023/01/26 04:05:47 prog length: 3
2023/01/26 04:05:47 deserializeInput: hasCrash false hasNet false
2023/01/26 04:05:47 prog length: 2
2023/01/26 04:05:47 deserializeInput: hasCrash false hasNet false
2023/01/26 04:05:47 prog length: 3
2023/01/26 04:05:47 deserializeInput: hasCrash false hasNet false
2023/01/26 04:05:47 prog length: 1
2023/01/26 04:05:47 deserializeInput: hasCrash false hasNet false
2023/01/26 04:05:47 prog length: 1
2023/01/26 04:05:47 deserializeInput: hasCrash false hasNet true
2023/01/26 04:05:47 prog length: 6
2023/01/26 04:05:47 prog length: 4
2023/01/26 04:05:47 deserializeInput: hasCrash false hasNet false
2023/01/26 04:05:47 prog length: 2
2023/01/26 04:05:47 deserializeInput: hasCrash false hasNet false
2023/01/26 04:05:47 prog length: 2
2023/01/26 04:05:47 deserializeInput: hasCrash false hasNet false
2023/01/26 04:05:47 prog length: 2
2023/01/26 04:05:47 deserializeInput: hasCrash false hasNet false
2023/01/26 04:05:47 prog length: 4
2023/01/26 04:05:47 deserializeInput: hasCrash false hasNet false
2023/01/26 04:05:47 prog length: 1
2023/01/26 04:05:47 deserializeInput: hasCrash false hasNet false
2023/01/26 04:05:47 prog length: 1
2023/01/26 04:05:47 deserializeInput: hasCrash false hasNet false
2023/01/26 04:05:47 prog length: 1
2023/01/26 04:05:47 deserializeInput: hasCrash false hasNet false
2023/01/26 04:05:47 prog length: 4
2023/01/26 04:05:47 deserializeInput: hasCrash false hasNet false
2023/01/26 04:05:47 prog length: 2
2023/01/26 04:05:47 deserializeInput: hasCrash false hasNet false
2023/01/26 04:05:47 prog length: 2
2023/01/26 04:05:47 deserializeInput: hasCrash false hasNet false
2023/01/26 04:05:47 prog length: 6
2023/01/26 04:05:47 deserializeInput: hasCrash false hasNet false
2023/01/26 04:05:47 prog length: 3
2023/01/26 04:05:47 deserializeInput: hasCrash false hasNet false
2023/01/26 04:05:47 prog length: 2
2023/01/26 04:05:47 deserializeInput: hasCrash false hasNet false
2023/01/26 04:05:47 prog length: 3
2023/01/26 04:05:47 deserializeInput: hasCrash false hasNet false
2023/01/26 04:05:47 prog length: 1
2023/01/26 04:05:47 deserializeInput: hasCrash false hasNet false
2023/01/26 04:05:47 prog length: 1
2023/01/26 04:05:47 deserializeInput: hasCrash false hasNet false
2023/01/26 04:05:47 prog length: 3
2023/01/26 04:05:47 fetching corpus: 350, signal 9239/30865/40895 (executing program)
2023/01/26 04:05:47 poll: candidates=0 inputs=13 signal=2000
2023/01/26 04:05:47 deserializeInput: hasCrash false hasNet false
2023/01/26 04:05:47 prog length: 2
2023/01/26 04:05:47 deserializeInput: hasCrash false hasNet true
2023/01/26 04:05:47 prog length: 6
2023/01/26 04:05:47 prog length: 20
2023/01/26 04:05:47 deserializeInput: hasCrash false hasNet false
2023/01/26 04:05:47 prog length: 6
2023/01/26 04:05:47 deserializeInput: hasCrash false hasNet false
2023/01/26 04:05:47 prog length: 2
2023/01/26 04:05:47 deserializeInput: hasCrash false hasNet false
2023/01/26 04:05:47 prog length: 2
2023/01/26 04:05:47 deserializeInput: hasCrash false hasNet false
2023/01/26 04:05:47 prog length: 2
2023/01/26 04:05:47 deserializeInput: hasCrash false hasNet false
2023/01/26 04:05:47 prog length: 2
2023/01/26 04:05:47 deserializeInput: hasCrash false hasNet false
2023/01/26 04:05:47 prog length: 3
2023/01/26 04:05:47 deserializeInput: hasCrash false hasNet false
2023/01/26 04:05:47 prog length: 2
2023/01/26 04:05:47 deserializeInput: hasCrash false hasNet false
2023/01/26 04:05:47 prog length: 2
2023/01/26 04:05:47 deserializeInput: hasCrash false hasNet false
2023/01/26 04:05:47 prog length: 1
2023/01/26 04:05:47 deserializeInput: hasCrash false hasNet false
2023/01/26 04:05:47 prog length: 1
2023/01/26 04:05:47 deserializeInput: hasCrash false hasNet false
2023/01/26 04:05:47 prog length: 3
2023/01/26 04:05:47 fetching corpus: 363, signal 9250/31025/41388 (executing program)
2023/01/26 04:05:47 poll: candidates=0 inputs=0 signal=2000
2023/01/26 04:05:47 fetching corpus: 363, signal 9250/31025/41809 (executing program)
2023/01/26 04:05:47 poll: candidates=0 inputs=0 signal=2000
2023/01/26 04:05:47 fetching corpus: 363, signal 9250/31025/42202 (executing program)
2023/01/26 04:05:47 poll: candidates=0 inputs=0 signal=2000
2023/01/26 04:05:47 fetching corpus: 363, signal 9250/31025/42602 (executing program)
2023/01/26 04:05:47 poll: candidates=0 inputs=0 signal=2000
2023/01/26 04:05:47 fetching corpus: 363, signal 9250/31025/42989 (executing program)
2023/01/26 04:05:47 poll: candidates=0 inputs=0 signal=2000
2023/01/26 04:05:47 fetching corpus: 363, signal 9250/31025/43357 (executing program)
2023/01/26 04:05:47 poll: candidates=0 inputs=0 signal=2000
2023/01/26 04:05:47 fetching corpus: 363, signal 9250/31025/43755 (executing program)
2023/01/26 04:05:47 poll: candidates=0 inputs=0 signal=2000
2023/01/26 04:05:47 fetching corpus: 363, signal 9250/31025/44128 (executing program)
2023/01/26 04:05:47 poll: candidates=0 inputs=0 signal=88
2023/01/26 04:05:47 fetching corpus: 363, signal 9250/31025/44136 (executing program)
2023/01/26 04:05:47 poll: candidates=0 inputs=0 signal=0
2023/01/26 04:05:47 fetching corpus: 363, signal 9250/31025/44136 (executing program)
2023/01/26 04:05:47 sync: 3789, recv: 3787, send: 3788, up: 3790, down: 3784, net_up: 3786, net_down: 3785
2023/01/26 04:05:47 starting 1 fuzzer processes
2023/01/26 04:05:47 ----- generateCall 2343 link link
2023/01/26 04:05:47 ----- generateCall 3676 setxattr$trusted_overlay_redirect setxattr$trusted_overlay_redirect
2023/01/26 04:05:47 ----- generateCall 2343 link link
2023/01/26 04:05:47 ----- generateCall 3764 symlink symlink
2023/01/26 04:05:47 ----- generateCall 2343 link link
2023/01/26 04:05:47 ----- generateCall 3764 symlink symlink
2023/01/26 04:05:47 ----- generateCall 3764 symlink symlink
2023/01/26 04:05:47 ----- generateCall 3965 truncate truncate
2023/01/26 04:05:47 ----- generateCall 3667 setxattr$security_evm setxattr$security_evm
2023/01/26 04:05:47 ----- generateCall 3965 truncate truncate
2023/01/26 04:05:47 ----- generateCall 2459 open$dir open$dir
2023/01/26 04:05:47 ----- generateCall 3965 truncate truncate
2023/01/26 04:05:47 ----- generateCall 3676 setxattr$trusted_overlay_redirect setxattr$trusted_overlay_redirect
2023/01/26 04:05:47 ----- generateCall 3665 setxattr$incfs_size setxattr$incfs_size
2023/01/26 04:05:47 ----- generateCall 2373 mkdir mkdir
2023/01/26 04:05:47 ----- generateCall 3965 truncate truncate
2023/01/26 04:05:47 ----- generateCall 3677 setxattr$trusted_overlay_upper setxattr$trusted_overlay_upper
2023/01/26 04:05:47 ----- generateCall 2459 open$dir open$dir
2023/01/26 04:05:47 ----- generateCall 2458 open open
2023/01/26 04:05:47 ----- generateCall 3667 setxattr$security_evm setxattr$security_evm
2023/01/26 04:05:47 map[./file0:true ./file0/file0:true ./file1:true]
2023/01/26 04:05:47 #0: generated
2023/01/26 04:05:47 HasCrashFail: false, .HasNetFail: false
2023/01/26 04:05:47 before return in CmpProgs, HasNetFail: false, HasCrashFail: false
symc3 prog: v0[] = "./file0";
v1[] = "./file0";
v2[] = "./file0";
v3[100];
v4[] = "./file0";
v5[] = "./file0";
v6[] = "./file1";
v7[] = "./file1";
v8[] = "./file0";
v9[] = "./file1";
v10[] = "./file0";
v11[] = "./file0";
v12[] = "./file0";
v13[] = "./file0";
v14[] = "./file1";
v15[] = "./file1";
v16[] = "./file0";
v17[100];
v18[] = "@md5={0x1, "3628630b0a52cf1bddccb811f01f6c59"}";
v19[] = "./file0";
v20[] = "./file1";
v21[] = "./file0";
v22[] = "./file0";
v23[100];
v24[] = "./file1";
v25[] = "./file0/file0";
v26[100];
v27[] = "0x1f";
v28[] = "./file0/file0";
v29[] = "./file0/file0";
v30[] = "./file0/file0";
v31[100];
v32[] = "{0x0, 0xfb, 0x3f, 0x7, 0x2, "fe4589052bdb83c2fc9986fbb1b19550", "90eb12565010ffe278f21235f72225b215c8864eaa12a1f2f2731e6614355172e8b7399dfe0434273a21"}";
v33[] = "./file0/file0";
v34[] = "./file0";
v35[] = "./file0";
v36[100];
v37[] = "@v2={0x3, 0x3, 0x7, 0xff, 0xe7, "c3d6c213f89e06f568896106641338a136408e65b705cf7a12efe2ed843813f5d92e075007a5f66b402868412c6ff5e5727d12b3f4f0ceb19c3e415c55a01975b3f48b1227aae0ae6e5bb34b9e5d96c4b0521fc9fc6a67a314b31477e73cd09dd7861bb6956a916708b6eab27265a635bc168224a33e16d287bc018167b605cc6e9455bea4a0c2962a37c9fe6afb0bf9122d9d6ce02974b99eb943be5cd31eafe63f648575774d8b6129d79bf39cf7fa10a3355783f0ffef5fbe5da319e76924c7a398b34f5799fcb7c2bfe45fa07076e2f15f08083dec2c6940cdfcff3917926df5277dca5a8a"}";

syscall(SYS_link, v0, v1);
syscall(SYS_setxattr, v2, v3, v4, 8, 2);
syscall(SYS_link, v5, v6);
syscall(SYS_symlink, v7, v8);
syscall(SYS_link, v9, v10);
syscall(SYS_symlink, v11, v12);
syscall(SYS_symlink, v13, v14);
syscall(SYS_truncate, v15, 1);
syscall(SYS_setxattr, v16, v17, v18, 17, 0);
syscall(SYS_truncate, v19, 18446744073709513807);
syscall(SYS_open, v20, 533570, 4);
syscall(SYS_truncate, v21, 4294967296);
syscall(SYS_setxattr, v22, v23, v24, 8, 0);
syscall(SYS_setxattr, v25, v26, v27, 8, 2);
syscall(SYS_mkdir, v28, 17);
syscall(SYS_truncate, v29, 5);
syscall(SYS_setxattr, v30, v31, v32, 63, 2);
syscall(SYS_open, v33, 1052674, 9);
syscall(SYS_open, v34, 65536, 13);
syscall(SYS_setxattr, v35, v36, v37, 240, 2);

2023/01/26 04:05:47 prog length: 20
2023/01/26 04:05:47 HasCrashFail:false HasNetFail:false
04:05:47 ---executing program 0:
---
---
---
link(&(0x7f0000000000)='./file0\x00', &(0x7f0000000040)='./file0\x00')
setxattr$trusted_overlay_redirect(&(0x7f0000000080)='./file0\x00', &(0x7f00000000c0), &(0x7f0000000100)='./file0\x00', 0x8, 0x2)
link(&(0x7f0000000140)='./file0\x00', &(0x7f0000000180)='./file1\x00')
symlink(&(0x7f00000001c0)='./file1\x00', &(0x7f0000000200)='./file0\x00')
link(&(0x7f0000000240)='./file1\x00', &(0x7f0000000280)='./file0\x00')
symlink(&(0x7f00000002c0)='./file0\x00', &(0x7f0000000300)='./file0\x00')
symlink(&(0x7f0000000340)='./file0\x00', &(0x7f0000000380)='./file1\x00')
truncate(&(0x7f00000003c0)='./file1\x00', 0x1)
setxattr$security_evm(&(0x7f0000000400)='./file0\x00', &(0x7f0000000440), &(0x7f0000000480)=@md5={0x1, "3628630b0a52cf1bddccb811f01f6c59"}, 0x11, 0x0)
truncate(&(0x7f00000004c0)='./file0\x00', 0xffffffffffff6c4f)
open$dir(&(0x7f0000000500)='./file1\x00', 0x82442, 0x4)
truncate(&(0x7f0000000540)='./file0\x00', 0x100000000)
setxattr$trusted_overlay_redirect(&(0x7f0000000580)='./file0\x00', &(0x7f00000005c0), &(0x7f0000000600)='./file1\x00', 0x8, 0x0)
setxattr$incfs_size(&(0x7f0000000640)='./file0/file0\x00', &(0x7f0000000680), &(0x7f00000006c0)=0x1f, 0x8, 0x2)
mkdir(&(0x7f0000000700)='./file0/file0\x00', 0x11)
truncate(&(0x7f0000000740)='./file0/file0\x00', 0x5)
setxattr$trusted_overlay_upper(&(0x7f0000000780)='./file0/file0\x00', &(0x7f00000007c0), &(0x7f0000000800)={0x0, 0xfb, 0x3f, 0x7, 0x2, "fe4589052bdb83c2fc9986fbb1b19550", "90eb12565010ffe278f21235f72225b215c8864eaa12a1f2f2731e6614355172e8b7399dfe0434273a21"}, 0x3f, 0x2)
open$dir(&(0x7f0000000840)='./file0/file0\x00', 0x101002, 0x9)
open(&(0x7f0000000880)='./file0\x00', 0x10000, 0xd)
setxattr$security_evm(&(0x7f00000008c0)='./file0\x00', &(0x7f0000000900), &(0x7f0000000940)=@v2={0x3, 0x3, 0x7, 0xff, 0xe7, "c3d6c213f89e06f568896106641338a136408e65b705cf7a12efe2ed843813f5d92e075007a5f66b402868412c6ff5e5727d12b3f4f0ceb19c3e415c55a01975b3f48b1227aae0ae6e5bb34b9e5d96c4b0521fc9fc6a67a314b31477e73cd09dd7861bb6956a916708b6eab27265a635bc168224a33e16d287bc018167b605cc6e9455bea4a0c2962a37c9fe6afb0bf9122d9d6ce02974b99eb943be5cd31eafe63f648575774d8b6129d79bf39cf7fa10a3355783f0ffef5fbe5da319e76924c7a398b34f5799fcb7c2bfe45fa07076e2f15f08083dec2c6940cdfcff3917926df5277dca5a8a"}, 0xf0, 0x2)
---

end of program
2023/01/26 04:05:47 poll: candidates=0 inputs=0 signal=0
2023/01/26 04:05:47 -----run executor: [/usr/bin/ssh -F /dev/null -o ConnectionAttempts=100 -o ConnectTimeout=120 -o UserKnownHostsFile=/dev/null -o BatchMode=yes -o IdentitiesOnly=yes -o StrictHostKeyChecking=no -o ConnectTimeout=100 -i /home/tlyu/dfs-fuzzing/disk-images/glusterfs-images/focal.id_rsa -v root@192.168.0.50 /root/syz-executor exec 0 0 glusterfs 3 4 192.168.0.50 0 "3 1 ''" false false false false false]
2023/01/26 04:05:47 -----run executor: [/usr/bin/ssh -F /dev/null -o ConnectionAttempts=100 -o ConnectTimeout=120 -o UserKnownHostsFile=/dev/null -o BatchMode=yes -o IdentitiesOnly=yes -o StrictHostKeyChecking=no -o ConnectTimeout=100 -i /home/tlyu/dfs-fuzzing/disk-images/glusterfs-images/focal.id_rsa -v root@192.168.0.51 /root/syz-executor exec 0 1 glusterfs 3 4 192.168.0.50 0 "3 1 ''" false false false false false]
2023/01/26 04:05:47 -----run executor: [/usr/bin/ssh -F /dev/null -o ConnectionAttempts=100 -o ConnectTimeout=120 -o UserKnownHostsFile=/dev/null -o BatchMode=yes -o IdentitiesOnly=yes -o StrictHostKeyChecking=no -o ConnectTimeout=100 -i /home/tlyu/dfs-fuzzing/disk-images/glusterfs-images/focal.id_rsa -v root@192.168.0.52 /root/syz-executor exec 0 2 glusterfs 3 4 192.168.0.50 0 "3 1 ''" false false false false false]
2023/01/26 04:05:47 -----run executor: [/usr/bin/ssh -F /dev/null -o ConnectionAttempts=100 -o ConnectTimeout=120 -o UserKnownHostsFile=/dev/null -o BatchMode=yes -o IdentitiesOnly=yes -o StrictHostKeyChecking=no -o ConnectTimeout=100 -i /home/tlyu/dfs-fuzzing/disk-images/glusterfs-images/focal.id_rsa -v root@192.168.0.53 /root/syz-executor exec 1 3 glusterfs 3 4 192.168.0.50 0 "3 1 ''" false false false false false]
OpenSSH_8.2p1 Ubuntu-4ubuntu0.5, OpenSSL 1.1.1f  31 Mar 2020
OpenSSH_8.2p1 Ubuntu-4ubuntu0.5, OpenSSL 1.1.1f  31 Mar 2020
debug1: Reading configuration data /dev/null
debug1: Reading configuration data /dev/null
OpenSSH_8.2p1 Ubuntu-4ubuntu0.5, OpenSSL 1.1.1f  31 Mar 2020
debug1: Reading configuration data /dev/null
debug1: Connecting to 192.168.0.50 [192.168.0.50] port 22.
debug1: Connecting to 192.168.0.51 [192.168.0.51] port 22.
debug1: Connecting to 192.168.0.52 [192.168.0.52] port 22.
OpenSSH_8.2p1 Ubuntu-4ubuntu0.5, OpenSSL 1.1.1f  31 Mar 2020
debug1: Reading configuration data /dev/null
debug1: Connecting to 192.168.0.53 [192.168.0.53] port 22.
debug1: fd 3 clearing O_NONBLOCK
debug1: Connection established.
debug1: fd 3 clearing O_NONBLOCK
debug1: Connection established.
debug1: identity file /home/tlyu/dfs-fuzzing/disk-images/glusterfs-images/focal.id_rsa type -1
debug1: identity file /home/tlyu/dfs-fuzzing/disk-images/glusterfs-images/focal.id_rsa-cert type -1
debug1: fd 3 clearing O_NONBLOCK
debug1: Connection established.
debug1: Local version string SSH-2.0-OpenSSH_8.2p1 Ubuntu-4ubuntu0.5
debug1: identity file /home/tlyu/dfs-fuzzing/disk-images/glusterfs-images/focal.id_rsa type -1
debug1: identity file /home/tlyu/dfs-fuzzing/disk-images/glusterfs-images/focal.id_rsa-cert type -1
debug1: identity file /home/tlyu/dfs-fuzzing/disk-images/glusterfs-images/focal.id_rsa type -1
debug1: identity file /home/tlyu/dfs-fuzzing/disk-images/glusterfs-images/focal.id_rsa-cert type -1
debug1: Local version string SSH-2.0-OpenSSH_8.2p1 Ubuntu-4ubuntu0.5
debug1: Local version string SSH-2.0-OpenSSH_8.2p1 Ubuntu-4ubuntu0.5
debug1: fd 3 clearing O_NONBLOCK
debug1: Connection established.
debug1: identity file /home/tlyu/dfs-fuzzing/disk-images/glusterfs-images/focal.id_rsa type -1
debug1: identity file /home/tlyu/dfs-fuzzing/disk-images/glusterfs-images/focal.id_rsa-cert type -1
debug1: Local version string SSH-2.0-OpenSSH_8.2p1 Ubuntu-4ubuntu0.5
debug1: Remote protocol version 2.0, remote software version OpenSSH_8.2p1 Ubuntu-4
debug1: match: OpenSSH_8.2p1 Ubuntu-4 pat OpenSSH* compat 0x04000000
debug1: Authenticating to 192.168.0.50:22 as 'root'
debug1: Remote protocol version 2.0, remote software version OpenSSH_8.2p1 Ubuntu-4
debug1: match: OpenSSH_8.2p1 Ubuntu-4 pat OpenSSH* compat 0x04000000
debug1: Authenticating to 192.168.0.51:22 as 'root'
debug1: SSH2_MSG_KEXINIT sent
debug1: SSH2_MSG_KEXINIT sent
debug1: Remote protocol version 2.0, remote software version OpenSSH_8.2p1 Ubuntu-4
debug1: match: OpenSSH_8.2p1 Ubuntu-4 pat OpenSSH* compat 0x04000000
debug1: Authenticating to 192.168.0.52:22 as 'root'
debug1: SSH2_MSG_KEXINIT sent
debug1: SSH2_MSG_KEXINIT received
debug1: kex: algorithm: curve25519-sha256
debug1: kex: host key algorithm: ecdsa-sha2-nistp256
debug1: kex: server->client cipher: chacha20-poly1305@openssh.com MAC: <implicit> compression: none
debug1: kex: client->server cipher: chacha20-poly1305@openssh.com MAC: <implicit> compression: none
debug1: SSH2_MSG_KEXINIT received
debug1: kex: algorithm: curve25519-sha256
debug1: kex: host key algorithm: ecdsa-sha2-nistp256
debug1: kex: server->client cipher: chacha20-poly1305@openssh.com MAC: <implicit> compression: none
debug1: kex: client->server cipher: chacha20-poly1305@openssh.com MAC: <implicit> compression: none
debug1: SSH2_MSG_KEXINIT received
debug1: kex: algorithm: curve25519-sha256
debug1: kex: host key algorithm: ecdsa-sha2-nistp256
debug1: kex: server->client cipher: chacha20-poly1305@openssh.com MAC: <implicit> compression: none
debug1: kex: client->server cipher: chacha20-poly1305@openssh.com MAC: <implicit> compression: none
debug1: Remote protocol version 2.0, remote software version OpenSSH_8.2p1 Ubuntu-4
debug1: match: OpenSSH_8.2p1 Ubuntu-4 pat OpenSSH* compat 0x04000000
debug1: Authenticating to 192.168.0.53:22 as 'root'
debug1: SSH2_MSG_KEXINIT sent
debug1: expecting SSH2_MSG_KEX_ECDH_REPLY
debug1: expecting SSH2_MSG_KEX_ECDH_REPLY
debug1: expecting SSH2_MSG_KEX_ECDH_REPLY
debug1: Server host key: ecdsa-sha2-nistp256 SHA256:prHFi1G5XXPuzxIh2a5lJaY6ZWltf3+ajD/hEOIDid8
Warning: Permanently added '192.168.0.50' (ECDSA) to the list of known hosts.
debug1: SSH2_MSG_KEXINIT received
debug1: kex: algorithm: curve25519-sha256
debug1: kex: host key algorithm: ecdsa-sha2-nistp256
debug1: kex: server->client cipher: chacha20-poly1305@openssh.com MAC: <implicit> compression: none
debug1: kex: client->server cipher: chacha20-poly1305@openssh.com MAC: <implicit> compression: none
debug1: Server host key: ecdsa-sha2-nistp256 SHA256:prHFi1G5XXPuzxIh2a5lJaY6ZWltf3+ajD/hEOIDid8
Warning: Permanently added '192.168.0.51' (ECDSA) to the list of known hosts.
debug1: rekey out after 134217728 blocks
debug1: SSH2_MSG_NEWKEYS sent
debug1: expecting SSH2_MSG_NEWKEYS
debug1: SSH2_MSG_NEWKEYS received
debug1: rekey in after 134217728 blocks
debug1: Will attempt key: /home/tlyu/dfs-fuzzing/disk-images/glusterfs-images/focal.id_rsa  explicit
debug1: SSH2_MSG_EXT_INFO received
debug1: kex_input_ext_info: server-sig-algs=<ssh-ed25519,sk-ssh-ed25519@openssh.com,ssh-rsa,rsa-sha2-256,rsa-sha2-512,ssh-dss,ecdsa-sha2-nistp256,ecdsa-sha2-nistp384,ecdsa-sha2-nistp521,sk-ecdsa-sha2-nistp256@openssh.com>
debug1: SSH2_MSG_SERVICE_ACCEPT received
debug1: Server host key: ecdsa-sha2-nistp256 SHA256:prHFi1G5XXPuzxIh2a5lJaY6ZWltf3+ajD/hEOIDid8
Warning: Permanently added '192.168.0.52' (ECDSA) to the list of known hosts.
debug1: expecting SSH2_MSG_KEX_ECDH_REPLY
debug1: rekey out after 134217728 blocks
debug1: SSH2_MSG_NEWKEYS sent
debug1: expecting SSH2_MSG_NEWKEYS
debug1: SSH2_MSG_NEWKEYS received
debug1: rekey in after 134217728 blocks
debug1: Will attempt key: /home/tlyu/dfs-fuzzing/disk-images/glusterfs-images/focal.id_rsa  explicit
debug1: SSH2_MSG_EXT_INFO received
debug1: kex_input_ext_info: server-sig-algs=<ssh-ed25519,sk-ssh-ed25519@openssh.com,ssh-rsa,rsa-sha2-256,rsa-sha2-512,ssh-dss,ecdsa-sha2-nistp256,ecdsa-sha2-nistp384,ecdsa-sha2-nistp521,sk-ecdsa-sha2-nistp256@openssh.com>
debug1: SSH2_MSG_SERVICE_ACCEPT received
debug1: rekey out after 134217728 blocks
debug1: SSH2_MSG_NEWKEYS sent
debug1: expecting SSH2_MSG_NEWKEYS
debug1: SSH2_MSG_NEWKEYS received
debug1: rekey in after 134217728 blocks
debug1: Will attempt key: /home/tlyu/dfs-fuzzing/disk-images/glusterfs-images/focal.id_rsa  explicit
debug1: SSH2_MSG_EXT_INFO received
debug1: kex_input_ext_info: server-sig-algs=<ssh-ed25519,sk-ssh-ed25519@openssh.com,ssh-rsa,rsa-sha2-256,rsa-sha2-512,ssh-dss,ecdsa-sha2-nistp256,ecdsa-sha2-nistp384,ecdsa-sha2-nistp521,sk-ecdsa-sha2-nistp256@openssh.com>
debug1: SSH2_MSG_SERVICE_ACCEPT received
debug1: Server host key: ecdsa-sha2-nistp256 SHA256:prHFi1G5XXPuzxIh2a5lJaY6ZWltf3+ajD/hEOIDid8
Warning: Permanently added '192.168.0.53' (ECDSA) to the list of known hosts.
debug1: rekey out after 134217728 blocks
debug1: SSH2_MSG_NEWKEYS sent
debug1: expecting SSH2_MSG_NEWKEYS
debug1: SSH2_MSG_NEWKEYS received
debug1: rekey in after 134217728 blocks
debug1: Will attempt key: /home/tlyu/dfs-fuzzing/disk-images/glusterfs-images/focal.id_rsa  explicit
debug1: SSH2_MSG_EXT_INFO received
debug1: kex_input_ext_info: server-sig-algs=<ssh-ed25519,sk-ssh-ed25519@openssh.com,ssh-rsa,rsa-sha2-256,rsa-sha2-512,ssh-dss,ecdsa-sha2-nistp256,ecdsa-sha2-nistp384,ecdsa-sha2-nistp521,sk-ecdsa-sha2-nistp256@openssh.com>
debug1: SSH2_MSG_SERVICE_ACCEPT received
debug1: Authentications that can continue: publickey,password
debug1: Next authentication method: publickey
debug1: Trying private key: /home/tlyu/dfs-fuzzing/disk-images/glusterfs-images/focal.id_rsa
debug1: Authentications that can continue: publickey,password
debug1: Next authentication method: publickey
debug1: Trying private key: /home/tlyu/dfs-fuzzing/disk-images/glusterfs-images/focal.id_rsa
debug1: Authentications that can continue: publickey,password
debug1: Next authentication method: publickey
debug1: Trying private key: /home/tlyu/dfs-fuzzing/disk-images/glusterfs-images/focal.id_rsa
debug1: Authentications that can continue: publickey,password
debug1: Next authentication method: publickey
debug1: Trying private key: /home/tlyu/dfs-fuzzing/disk-images/glusterfs-images/focal.id_rsa
debug1: Authentication succeeded (publickey).
Authenticated to 192.168.0.50 ([192.168.0.50]:22).
debug1: channel 0: new [client-session]
debug1: Requesting no-more-sessions@openssh.com
debug1: Entering interactive session.
debug1: pledge: network
debug1: Authentication succeeded (publickey).
Authenticated to 192.168.0.51 ([192.168.0.51]:22).
debug1: channel 0: new [client-session]
debug1: Requesting no-more-sessions@openssh.com
debug1: Entering interactive session.
debug1: pledge: network
debug1: Authentication succeeded (publickey).
Authenticated to 192.168.0.52 ([192.168.0.52]:22).
debug1: channel 0: new [client-session]
debug1: Requesting no-more-sessions@openssh.com
debug1: Entering interactive session.
debug1: pledge: network
debug1: Authentication succeeded (publickey).
Authenticated to 192.168.0.53 ([192.168.0.53]:22).
debug1: channel 0: new [client-session]
debug1: Requesting no-more-sessions@openssh.com
debug1: Entering interactive session.
debug1: pledge: network
debug1: client_input_global_request: rtype hostkeys-00@openssh.com want_reply 0
debug1: Remote: /root/.ssh/authorized_keys:1: key options: agent-forwarding port-forwarding pty user-rc x11-forwarding
debug1: client_input_global_request: rtype hostkeys-00@openssh.com want_reply 0
debug1: Remote: /root/.ssh/authorized_keys:1: key options: agent-forwarding port-forwarding pty user-rc x11-forwarding
debug1: client_input_global_request: rtype hostkeys-00@openssh.com want_reply 0
debug1: Remote: /root/.ssh/authorized_keys:1: key options: agent-forwarding port-forwarding pty user-rc x11-forwarding
debug1: client_input_global_request: rtype hostkeys-00@openssh.com want_reply 0
debug1: Remote: /root/.ssh/authorized_keys:1: key options: agent-forwarding port-forwarding pty user-rc x11-forwarding
debug1: Sending command: /root/syz-executor exec 0 0 glusterfs 3 4 192.168.0.50 0 "3 1 ''" false false false false false
debug1: Sending command: /root/syz-executor exec 1 3 glusterfs 3 4 192.168.0.50 0 "3 1 ''" false false false false false
debug1: Sending command: /root/syz-executor exec 0 1 glusterfs 3 4 192.168.0.50 0 "3 1 ''" false false false false false
debug1: Sending command: /root/syz-executor exec 0 2 glusterfs 3 4 192.168.0.50 0 "3 1 ''" false false false false false
syz_reboot() time executor starts at 1674702347:941596
----- is restarting 0
---- dfs_name glusterfs is_dfs_client 0
unlink FIFO failed: No such file or directory
[    0.000000] kernel: Linux version 5.15.0+ (tlyu@IC-RS3-DPC07) (gcc (Ubuntu 9.4.0-1ubuntu1~20.04.1) 9.4.0, GNU ld (GNU Binutils for Ubuntu) 2.34) #8 SMP Fri Jun 3 16:18:40 CEST 2022
[    0.000000] kernel: Command line: root=/dev/sda console=ttyS0 net.ifnames=0 ip=192.168.0.50
[    0.000000] kernel: x86/fpu: Supporting XSAVE feature 0x001: 'x87 floating point registers'
[    0.000000] kernel: x86/fpu: Supporting XSAVE feature 0x002: 'SSE registers'
[    0.000000] kernel: x86/fpu: Supporting XSAVE feature 0x004: 'AVX registers'
[    0.000000] kernel: x86/fpu: Supporting XSAVE feature 0x008: 'MPX bounds registers'
[    0.000000] kernel: x86/fpu: Supporting XSAVE feature 0x010: 'MPX CSR'
[    0.000000] kernel: x86/fpu: Supporting XSAVE feature 0x020: 'AVX-512 opmask'
[    0.000000] kernel: x86/fpu: Supporting XSAVE feature 0x040: 'AVX-512 Hi256'
[    0.000000] kernel: x86/fpu: Supporting XSAVE feature 0x080: 'AVX-512 ZMM_Hi256'
[    0.000000] kernel: x86/fpu: Supporting XSAVE feature 0x200: 'Protection Keys User registers'
[    0.000000] kernel: x86/fpu: xstate_offset[2]:  576, xstate_sizes[2]:  256
[    0.000000] kernel: x86/fpu: xstate_offset[3]:  832, xstate_sizes[3]:   64
[    0.000000] kernel: x86/fpu: xstate_offset[4]:  896, xstate_sizes[4]:   64
[    0.000000] kernel: x86/fpu: xstate_offset[5]:  960, xstate_sizes[5]:   64
[    0.000000] kernel: x86/fpu: xstate_offset[6]: 1024, xstate_sizes[6]:  512
[    0.000000] kernel: x86/fpu: xstate_offset[7]: 1536, xstate_sizes[7]: 1024
[    0.000000] kernel: x86/fpu: xstate_offset[9]: 2560, xstate_sizes[9]:    8
[    0.000000] kernel: x86/fpu: Enabled xstate features 0x2ff, context size is 2568 bytes, using 'compacted' format.
[    0.000000] kernel: signal: max sigframe size: 3632
[    0.000000] kernel: BIOS-provided physical RAM map:
[    0.000000] kernel: BIOS-e820: [mem 0x0000000000000000-0x000000000009fbff] usable
[    0.000000] kernel: BIOS-e820: [mem 0x000000000009fc00-0x000000000009ffff] reserved
[    0.000000] kernel: BIOS-e820: [mem 0x00000000000f0000-0x00000000000fffff] reserved
[    0.000000] kernel: BIOS-e820: [mem 0x0000000000100000-0x00000000bffdcfff] usable
[    0.000000] kernel: BIOS-e820: [mem 0x00000000bffdd000-0x00000000bfffffff] reserved
[    0.000000] kernel: BIOS-e820: [mem 0x00000000feffc000-0x00000000feffffff] reserved
[    0.000000] kernel: BIOS-e820: [mem 0x00000000fffc0000-0x00000000ffffffff] reserved
[    0.000000] kernel: BIOS-e820: [mem 0x0000000100000000-0x00000002bfffffff] usable
[    0.000000] kernel: NX (Execute Disable) protection: active
[    0.000000] kernel: SMBIOS 2.8 present.
[    0.000000] kernel: DMI: QEMU Standard PC (i440FX + PIIX, 1996), BIOS 1.13.0-1ubuntu1.1 04/01/2014
[    0.000000] kernel: Hypervisor detected: KVM
[    0.000000] kernel: kvm-clock: Using msrs 4b564d01 and 4b564d00
[    0.000000] kernel: kvm-clock: cpu 0, msr 9f958001, primary cpu clock
[    0.000002] kernel: kvm-clock: using sched offset of 303326596 cycles
[    0.000010] kernel: clocksyz_reboot() time executor starts at 1674702347:951223
----- is restarting 0
---- dfs_name glusterfs is_dfs_client 0
source: kvm-clock: mask: 0xffffffffffffffff max_cycles: 0x1cd42e4dffb, max_idle_ns: 881590591483 ns
[    0.000023] kernel: tsc: Detected 2496.000 MHz processor
[    0.004493] kernel: e820: update [mem 0x00000000-0x00000fff] usable ==> reserved
[    0.004508] kernel: e820: remove [mem 0x000a0000-0x000fffff] usable
[    0.004520] kernel: last_pfn = 0x2c0000 max_arch_pfn = 0x400000000
[    0.004575] kernel: x86/PAT: Configuration [0-7]: WB  WC  UC- UC  WB  WP  UC- WT  
[    0.004587] kernel: last_pfn = 0xbffdd max_arch_pfn = 0x400000000
[    0.010275] kernel: found SMP MP-table at [mem 0x000f5c70-0x000f5c7f]
[    0.010332] kernel: Using GB pages for direct mapping
[    0.012498] kernel: ACPI: Early table checksum verification disabled
[    0.012512] kernel: ACPI: RSDP 0x00000000000F5A40 000014 (v00 BOCHS )
[    0.012535] kernel: ACPI: RSDT 0x00000000BFFE15C9 000030 (v01 BOCHS  BXPCRSDT 00000001 BXPC 00000001)
[    0.012554] kernel: ACPI: FACP 0x00000000BFFE149D 000074 (v01 BOCHS  BXPCFACexecutor 0 finishes userspace_cover_open
before receiving handshake request
syz_reboot() time executor starts at 1674702347:923420
----- is restarting 0
---- dfs_name glusterfs is_dfs_client 1
syz_reboot() time executor starts at 1674702347:952827
----- is restarting 0
---- dfs_name glusterfs is_dfs_client 0
P 00000001 BXPC 00000001)
[    0.012577] kernel: ACPI: DSDT 0x00000000BFFE0040 00145D (v01 BOCHS  BXPCDSDT 00000001 BXPC 00000001)
[    0.012594] kernel: ACPI: FACS 0x00000000BFFE0000 000040
[    0.012607] kernel: ACPI: APIC 0x00000000BFFE1511 000080 (v01 BOCHS  BXPCAPIC 00000001 BXPC 00000001)
[    0.012624] kernel: ACPI: HPET 0x00000000BFFE1591 000038 (v01 BOCHS  BXPCHPET 00000001 BXPC 00000001)
[    0.012639] kernel: ACPI: Reserving FACP table memory at [mem 0xbffe149d-0xbffe1510]
[    0.012648] kernel: ACPI: Reserving DSDT table memory at [mem 0xbffe0040-0xbffe149c]
[    0.012655] kernel: ACPI: Reserving FACS table memory at [mem 0xbffe0000-0xbffe003f]
[    0.012662] kernel: ACPI: Reserving APIC table memory at [mem 0xbffe1511-0xbffe1590]
[    0.012669] kernel: ACPI: Reserving HPET table memory at [mem 0xbffe1591-0xbffe15c8]
[    0.013301] kernel: No NUMA configuration found
[    0.013307] kernel: Faking a node at [mem 0x0000000000000000-0x00000002bfffffff]
[    0.013321] kernel: NODE_DATA(0) allocated [mem 0x2bfffa000-0x2bfffdfff]
[    0.013385] kernel: Zone ranges:
[    0.013389] kernel:   DMA      [mem 0x0000000000001000-0x0000000000ffffff]
[    0.013399] kernel:   DMA32    [mem 0x0000000001000000-0x00000000ffffffff]
[    0.013407] kernel:   Normal   [mem 0x0000000100000000-0x00000002bfffffff]
[    0.013415] kernel: Movable zone start for each node
[    0.013419] kernel: Early memory node ranges
[    0.013423] kernel:   node   0: [mem 0x0000000000001000-0x000000000009efff]
[    0.013430] kernel:   node   0: [mem 0x0000000000100000-0x00000000bffdcfff]
[    0.013437] kernel:   node   0: [mem 0x0000000100000000-0x00000002bfffffff]
[    0.013447] kernel: Initmem setup node 0 [mem 0x0000000000001000-0x00000002bfffffff]
[    0.013833] kernel: On node 0, zone DMA: 1 pages in unavailable ranges
[    0.013888] kernel: On node 0, zone DMA: 97 pages in unavailable ranges
[    0.071542] kernel: On node 0, zone Normal: 35 pages in unavailable ranges
[    0.380570] kerneunlink FIFO failed: No such file or directory
[    0.000000] kernel: Linux version 5.15.0+ (tlyu@IC-RS3-DPC07) (gcc (Ubuntu 9.4.0-1ubuntu1~20.04.1) 9.4.0, GNU ld (GNU Binutils for Ubuntu) 2.34) #8 SMP Fri Jun 3 16:18:40 CEST 2022
[    0.000000] kernel: Command line: root=/dev/sda console=ttyS0 net.ifnames=0 ip=192.168.0.51
[    0.000000] kernel: x86/fpu: Supporting XSAVE feature 0x001: 'x87 floating point registers'
[    0.000000] kernel: x86/fpu: Supporting XSAVE feature 0x002: 'SSE registers'
[    0.000000] kernel: x86/fpu: Supporting XSAVE feature 0x004: 'AVX registers'
[    0.000000] kernel: x86/fpu: Supporting XSAVE feature 0x008: 'MPX bounds registers'
[    0.000000] kernel: x86/fpu: Supporting XSAVE feature 0x010: 'MPX CSR'
[    0.000000] kernel: x86/fpu: Supporting XSAVE feature 0x020: 'AVX-512 opmask'
[    0.000000] kernel: x86/fpu: Supporting XSAVE feature 0x040: 'AVX-512 Hi256'
[    0.000000] kernel: x86/fpu: Supporting XSAVE feature 0x080: 'AVX-512 ZMM_Hi256'
[    0.000000] kernel: x86/fpu: Supporting XSAVE feature 0xl: kasan: KernelAddressSanitizer initialized
[    0.380861] kernel: ACPI: PM-Timer IO Port: 0x608
[    0.380881] kernel: ACPI: LAPIC_NMI (acpi_id[0xff] dfl dfl lint[0x1])
[    0.380923] kernel: IOAPIC[0]: apic_id 0, version 17, address 0xfec00000, GSI 0-23
[    0.380937] kernel: ACPI: INT_SRC_OVR (bus 0 bus_irq 0 global_irq 2 dfl dfl)
[    0.380946] kernel: ACPI: INT_SRC_OVR (bus 0 bus_irq 5 global_irq 5 high level)
[    0.380955] kernel: ACPI: INT_SRC_OVR (bus 0 bus_irq 9 global_irq 9 high level)
[    0.380964] kernel: ACPI: INT_SRC_OVR (bus 0 bus_irq 10 global_irq 10 high level)
[    0.380973] kernel: ACPI: INT_SRC_OVR (bus 0 bus_irq 11 global_irq 11 high level)
[    0.380988] kernel: ACPI: Using ACPI (MADT) for SMP configuration information
[    0.380994] kernel: ACPI: HPET id: 0x8086a201 base: 0xfed00000
[    0.381006] kernel: TSC deadline timer available
[    0.381012] kernel: smpboot: Allowing 2 CPUs, 0 hotplug CPUs
[    0.381045] kernel: kvm-guest: KVM setup pv remote TLB flush200: 'Protection Keys User registers'
[    0.000000] kernel: x86/fpu: xstate_offset[2]:  576, xstate_sizes[2]:  256
[    0.000000] kernel: x86/fpu: xstate_offset[3]:  832, xstate_sizes[3]:   64
[    0.000000] kernel: x86/fpu: xstate_offset[4]:  896, xstate_sizes[4]:   64
[    0.000000] kernel: x86/fpu: xstate_offset[5]:  960, xstate_sizes[5]:   64
[    0.000000] kernel: x86/fpu: xstate_offset[6]: 1024, xstate_sizes[6]:  512
[    0.000000] kernel: x86/fpu: xstate_offset[7]: 1536, xstate_sizes[7]: 1024
[    0.000000] kernel: x86/fpu: xstate_offset[9]: 2560, xstate_sizes[9]:    8
[    0.000000] kernel: x86/fpu: Enabled xstate features 0x2ff, context size is 2568 bytes, using 'compacted' format.
[    0.000000] kernel: signal: max sigframe size: 3632
[    0.000000] kernel: BIOS-provided physical RAM map:
[    0.000000] kernel: BIOS-e820: [mem 0x0000000000000000-0x000000000009fbff] usable
[    0.000000] kernel: BIOS-e820: [mem 0x000000000009fc00-0x000000000009ffff] reserved
[    0.000000] k
[    0.381052] kernel: kvm-guest: setup PV sched yield
[    0.381083] kernel: PM: hibernation: Registered nosave memory: [mem 0x00000000-0x00000fff]
[    0.381093] kernel: PM: hibernation: Registered nosave memory: [mem 0x0009f000-0x0009ffff]
[    0.381100] kernel: PM: hibernation: Registered nosave memory: [mem 0x000a0000-0x000effff]
[    0.381107] kernel: PM: hibernation: Registered nosave memory: [mem 0x000f0000-0x000fffff]
[    0.381116] kernel: PM: hibernation: Registered nosave memory: [mem 0xbffdd000-0xbfffffff]
[    0.381123] kernel: PM: hibernation: Registered nosave memory: [mem 0xc0000000-0xfeffbfff]
[    0.381130] kernel: PM: hibernation: Registered nosave memory: [mem 0xfeffc000-0xfeffffff]
[    0.381136] kernel: PM: hibernation: Registered nosave memory: [mem 0xff000000-0xfffbffff]
[    0.381143] kernel: PM: hibernation: Registered nosave memory: [mem 0xfffc0000-0xffffffff]
[    0.381152] kernel: [mem 0xc0000000-0xfeffbfff] available for PCI devices
[    0.381159] kernebefore receiving handshake request
[    0.000000] kernel: Linux version 5.15.0+ (tlyu@IC-RS3-DPC07) (gcc (Ubuntu 9.4.0-1ubuntu1~20.04.1) 9.4.0, GNU ld (GNU Binutils for Ubuntu) 2.34) #8 SMP Fri Jun 3 16:18:40 CEST 2022
[    0.000000] kernel: Command line: root=/dev/sda console=ttyS0 net.ifnames=0 ip=192.168.0.53
[    0.000000] kernel: x86/fpu: Supporting XSAVE feature 0x001: 'x87 floating point registers'
[    0.000000] kernel: x86/fpu: Supporting XSAVE feature 0x002: 'SSE registers'
[    0.000000] kernel: x86/fpu: Supporting XSAVE feature 0x004: 'AVX registers'
[    0.000000] kernel: x86/fpu: Supporting XSAVE feature 0x008: 'MPX bounds registers'
[    0.000000] kernel: x86/fpu: Supporting XSAVE feature 0x010: 'MPX CSR'
[    0.000000] kernel: x86/fpu: Supporting XSAVE feature 0x020: 'AVX-512 opmask'
[    0.000000] kernel: x86/fpu: Supporting XSAVE feature 0x040: 'AVX-512 Hi256'
[    0.000000] kernel: x86/fpu: Supporting XSAVE feature 0x080: 'AVX-512 ZMM_Hi256'
[    0.000000] kernel: x86/fpu: Supporting XSAVE feature 0xunlink FIFO failed: No such file or directory
ernel: BIOS-e820: [mem 0x00000000000f0000-0x00000000000fffff] reserved
[    0.000000] kernel: BIOS-e820: [mem 0x0000000000100000-0x00000000bffdcfff] usable
[    0.000000] kernel: BIOS-e820: [mem 0x00000000bffdd000-0x00000000bfffffff] reserved
[    0.000000] kernel: BIOS-e820: [mem 0x00000000feffc000-0x00000000feffffff] reserved
[    0.000000] kernel: BIOS-e820: [mem 0x00000000fffc0000-0x00000000ffffffff] reserved
[    0.000000] kernel: BIOS-e820: [mem 0x0000000100000000-0x00000002bfffffff] usable
[    0.000000] kernel: NX (Execute Disable) protection: active
[    0.000000] kernel: SMBIOS 2.8 present.
[    0.000000] kernel: DMI: QEMU Standard PC (i440FX + PIIX, 1996), BIOS 1.13.0-1ubuntu1.1 04/01/2014
[    0.000000] kernel: Hypervisor detected: KVM
[    0.000000] kernel: kvm-clock: Using msrs 4b564d01 and 4b564d00
[    0.000000] kernel: kvm-clock: cpu 0, msr 10f758001, primary cpu clock
[    0.000001] kernel: kvm-clock: using sched offset of 297243396 cycles
[    0.000009] kernel: cloc[    0.000000] kernel: Linux version 5.15.0+ (tlyu@IC-RS3-DPC07) (gcc (Ubuntu 9.4.0-1ubuntu1~20.04.1) 9.4.0, GNU ld (GNU Binutils for Ubuntu) 2.34) #8 SMP Fri Jun 3 16:18:40 CEST 2022
[    0.000000] kernel: Command line: root=/dev/sda console=ttyS0 net.ifnames=0 ip=192.168.0.52
[    0.000000] kernel: x86/fpu: Supporting XSAVE feature 0x001: 'x87 floating point registers'
[    0.000000] kernel: x86/fpu: Supporting XSAVE feature 0x002: 'SSE registers'
[    0.000000] kernel: x86/fpu: Supporting XSAVE feature 0x004: 'AVX registers'
[    0.000000] kernel: x86/fpu: Supporting XSAVE feature 0x008: 'MPX bounds registers'
[    0.000000] kernel: x86/fpu: Supporting XSAVE feature 0x010: 'MPX CSR'
[    0.000000] kernel: x86/fpu: Supporting XSAVE feature 0x020: 'AVX-512 opmask'
[    0.000000] kernel: x86/fpu: Supporting XSAVE feature 0x040: 'AVX-512 Hi256'
[    0.000000] kernel: x86/fpu: Supporting XSAVE feature 0x080: 'AVX-512 ZMM_Hi256'
[    0.000000] kernel: x86/fpu: Supporting XSAVE feature 0xl: Booting paravirtualized kernel on KVM
[    0.381166] kernel: clocksource: refined-jiffies: mask: 0xffffffff max_cycles: 0xffffffff, max_idle_ns: 1910969940391419 ns
[    0.392088] kernel: setup_percpu: NR_CPUS:64 nr_cpumask_bits:64 nr_cpu_ids:2 nr_node_ids:1
[    0.392486] kernel: percpu: Embedded 56 pages/cpu s191576 r8192 d29608 u1048576
[    0.392514] kernel: pcpu-alloc: s191576 r8192 d29608 u1048576 alloc=1*2097152
[    0.392527] kernel: pcpu-alloc: [0] 0 1 
[    0.392601] kernel: kvm-guest: setup async PF for cpu 0
[    0.392611] kernel: kvm-guest: stealtime: cpu 0, msr 26521f140
[    0.392620] kernel: Built 1 zonelists, mobility grouping on.  Total pages: 2580189
[    0.392628] kernel: Policy zone: Normal
[    0.392633] kernel: Kernel command line: root=/dev/sda console=ttyS0 net.ifnames=0 ip=192.168.0.50
[    0.395281] kernel: Dentry cache hash table entries: 2097152 (order: 12, 16777216 bytes, linear)
[    0.396378] kernel: Inode-cache hash table entries: 1048576 (order: 11200: 'Protection Keys User registers'
[    0.000000] kernel: x86/fpu: xstate_offset[2]:  576, xstate_sizes[2]:  256
[    0.000000] kernel: x86/fpu: xstate_offset[3]:  832, xstate_sizes[3]:   64
[    0.000000] kernel: x86/fpu: xstate_offset[4]:  896, xstate_sizes[4]:   64
[    0.000000] kernel: x86/fpu: xstate_offset[5]:  960, xstate_sizes[5]:   64
[    0.000000] kernel: x86/fpu: xstate_offset[6]: 1024, xstate_sizes[6]:  512
[    0.000000] kernel: x86/fpu: xstate_offset[7]: 1536, xstate_sizes[7]: 1024
[    0.000000] kernel: x86/fpu: xstate_offset[9]: 2560, xstate_sizes[9]:    8
[    0.000000] kernel: x86/fpu: Enabled xstate features 0x2ff, context size is 2568 bytes, using 'compacted' format.
[    0.000000] kernel: signal: max sigframe size: 3632
[    0.000000] kernel: BIOS-provided physical RAM map:
[    0.000000] kernel: BIOS-e820: [mem 0x0000000000000000-0x000000000009fbff] usable
[    0.000000] kernel: BIOS-e820: [mem 0x000000000009fc00-0x000000000009ffff] reserved
[    0.000000] kksource: kvm-clock: mask: 0xffffffffffffffff max_cycles: 0x1cd42e4dffb, max_idle_ns: 881590591483 ns
[    0.000022] kernel: tsc: Detected 2496.000 MHz processor
[    0.004509] kernel: e820: update [mem 0x00000000-0x00000fff] usable ==> reserved
[    0.004539] kernel: e820: remove [mem 0x000a0000-0x000fffff] usable
[    0.004554] kernel: last_pfn = 0x2c0000 max_arch_pfn = 0x400000000
[    0.004612] kernel: x86/PAT: Configuration [0-7]: WB  WC  UC- UC  WB  WP  UC- WT  
[    0.004624] kernel: last_pfn = 0xbffdd max_arch_pfn = 0x400000000
[    0.010979] kernel: found SMP MP-table at [mem 0x000f5c70-0x000f5c7f]
[    0.011041] kernel: Using GB pages for direct mapping
[    0.011530] kernel: ACPI: Early table checksum verification disabled
[    0.011541] kernel: ACPI: RSDP 0x00000000000F5A40 000014 (v00 BOCHS )
[    0.011570] kernel: ACPI: RSDT 0x00000000BFFE15C9 000030 (v01 BOCHS  BXPCRSDT 00000001 BXPC 00000001)
[    0.011593] kernel: ACPI: FACP 0x00000000BFFE149D 000074 (v01 BOCHS  BXPCFA200: 'Protection Keys User registers'
[    0.000000] kernel: x86/fpu: xstate_offset[2]:  576, xstate_sizes[2]:  256
[    0.000000] kernel: x86/fpu: xstate_offset[3]:  832, xstate_sizes[3]:   64
[    0.000000] kernel: x86/fpu: xstate_offset[4]:  896, xstate_sizes[4]:   64
[    0.000000] kernel: x86/fpu: xstate_offset[5]:  960, xstate_sizes[5]:   64
[    0.000000] kernel: x86/fpu: xstate_offset[6]: 1024, xstate_sizes[6]:  512
[    0.000000] kernel: x86/fpu: xstate_offset[7]: 1536, xstate_sizes[7]: 1024
[    0.000000] kernel: x86/fpu: xstate_offset[9]: 2560, xstate_sizes[9]:    8
[    0.000000] kernel: x86/fpu: Enabled xstate features 0x2ff, context size is 2568 bytes, using 'compacted' format.
[    0.000000] kernel: signal: max sigframe size: 3632
[    0.000000] kernel: BIOS-provided physical RAM map:
[    0.000000] kernel: BIOS-e820: [mem 0x0000000000000000-0x000000000009fbff] usable
[    0.000000] kernel: BIOS-e820: [mem 0x000000000009fc00-0x000000000009ffff] reserved
[    0.000000] k, 8388608 bytes, linear)
[    0.396465] kernel: mem auto-init: stack:off, heap alloc:off, heap free:off
[    0.612281] kernel: Memory: 8818304K/10485228K available (47117K kernel code, 10298K rwdata, 7204K rodata, 2068K init, 2860K bss, 1666668K reserved, 0K cma-reserved)
[    0.612464] kernel: SLUB: HWalign=64, Order=0-3, MinObjects=0, CPUs=2, Nodes=1
[    0.614123] kernel: rcu: Hierarchical RCU implementation.
[    0.614131] kernel: rcu:         RCU event tracing is enabled.
[    0.614135] kernel: rcu:         RCU restricting CPUs from NR_CPUS=64 to nr_cpu_ids=2.
[    0.614143] kernel: rcu: RCU calculated value of scheduler-enlistment delay is 100 jiffies.
[    0.614148] kernel: rcu: Adjusting geometry for rcu_fanout_leaf=16, nr_cpu_ids=2
[    0.620364] kernel: NR_IRQS: 4352, nr_irqs: 440, preallocated irqs: 16
[    0.620664] kernel: random: get_random_bytes called from start_kernel+0x22b/0x456 with crng_init=0
[    0.623667] kernel: Console: colour VGA+ 80x25
[    0.680414] kernel:ernel: BIOS-e820: [mem 0x00000000000f0000-0x00000000000fffff] reserved
[    0.000000] kernel: BIOS-e820: [mem 0x0000000000100000-0x00000000bffdffff] usable
[    0.000000] kernel: BIOS-e820: [mem 0x00000000bffe0000-0x00000000bfffffff] reserved
[    0.000000] kernel: BIOS-e820: [mem 0x00000000feffc000-0x00000000feffffff] reserved
[    0.000000] kernel: BIOS-e820: [mem 0x00000000fffc0000-0x00000000ffffffff] reserved
[    0.000000] kernel: BIOS-e820: [mem 0x0000000100000000-0x00000002bfffffff] usable
[    0.000000] kernel: NX (Execute Disable) protection: active
[    0.000000] kernel: SMBIOS 2.8 present.
[    0.000000] kernel: DMI: QEMU Standard PC (i440FX + PIIX, 1996), BIOS 1.13.0-1ubuntu1.1 04/01/2014
[    0.000000] kernel: Hypervisor detected: KVM
[    0.000000] kernel: kvm-clock: Using msrs 4b564d01 and 4b564d00
[    0.000000] kernel: kvm-clock: cpu 0, msr 21b958001, primary cpu clock
[    0.000002] kernel: kvm-clock: using sched offset of 347899530 cycles
[    0.000010] kernel: clocCP 00000001 BXPC 00000001)
[    0.011615] kernel: ACPI: DSDT 0x00000000BFFE0040 00145D (v01 BOCHS  BXPCDSDT 00000001 BXPC 00000001)
[    0.011632] kernel: ACPI: FACS 0x00000000BFFE0000 000040
[    0.011645] kernel: ACPI: APIC 0x00000000BFFE1511 000080 (v01 BOCHS  BXPCAPIC 00000001 BXPC 00000001)
[    0.011662] kernel: ACPI: HPET 0x00000000BFFE1591 000038 (v01 BOCHS  BXPCHPET 00000001 BXPC 00000001)
[    0.011677] kernel: ACPI: Reserving FACP table memory at [mem 0xbffe149d-0xbffe1510]
[    0.011685] kernel: ACPI: Reserving DSDT table memory at [mem 0xbffe0040-0xbffe149c]
[    0.011692] kernel: ACPI: Reserving FACS table memory at [mem 0xbffe0000-0xbffe003f]
[    0.011699] kernel: ACPI: Reserving APIC table memory at [mem 0xbffe1511-0xbffe1590]
[    0.011706] kernel: ACPI: Reserving HPET table memory at [mem 0xbffe1591-0xbffe15c8]
[    0.012378] kernel: No NUMA configuration found
[    0.012386] kernel: Faking a node at [mem 0x0000000000000000-0x00000002bfffffff]
[    0.012399] kernel:ernel: BIOS-e820: [mem 0x00000000000f0000-0x00000000000fffff] reserved
[    0.000000] kernel: BIOS-e820: [mem 0x0000000000100000-0x00000000bffdcfff] usable
[    0.000000] kernel: BIOS-e820: [mem 0x00000000bffdd000-0x00000000bfffffff] reserved
[    0.000000] kernel: BIOS-e820: [mem 0x00000000feffc000-0x00000000feffffff] reserved
[    0.000000] kernel: BIOS-e820: [mem 0x00000000fffc0000-0x00000000ffffffff] reserved
[    0.000000] kernel: BIOS-e820: [mem 0x0000000100000000-0x00000002bfffffff] usable
[    0.000000] kernel: NX (Execute Disable) protection: active
[    0.000000] kernel: SMBIOS 2.8 present.
[    0.000000] kernel: DMI: QEMU Standard PC (i440FX + PIIX, 1996), BIOS 1.13.0-1ubuntu1.1 04/01/2014
[    0.000000] kernel: Hypervisor detected: KVM
[    0.000000] kernel: kvm-clock: Using msrs 4b564d01 and 4b564d00
[    0.000000] kernel: kvm-clock: cpu 0, msr 33758001, primary cpu clock
[    0.000002] kernel: kvm-clock: using sched offset of 301655074 cycles
[    0.000009] kernel: clock printk: console [ttyS0] enabled
[    0.680804] kernel: ACPI: Core revision 20210730
[    0.681415] kernel: clocksource: hpet: mask: 0xffffffff max_cycles: 0xffffffff, max_idle_ns: 19112604467 ns
[    0.682291] kernel: APIC: Switch to symmetric I/O mode setup
[    0.682716] kernel: kvm-guest: setup PV IPIs
[    0.684131] kernel: ..TIMER: vector=0x30 apic1=0 pin1=2 apic2=-1 pin2=-1
[    0.684681] kernel: clocksource: tsc-early: mask: 0xffffffffffffffff max_cycles: 0x23fa772cf26, max_idle_ns: 440795269835 ns
[    0.685525] kernel: Calibrating delay loop (skipped) preset value.. 4992.00 BogoMIPS (lpj=2496000)
[    0.686121] kernel: pid_max: default: 32768 minimum: 301
[    0.686585] kernel: LSM: Security Framework initializing
[    0.686975] kernel: SELinux:  Initializing.
[    0.687574] kernel: Mount-cache hash table entries: 32768 (order: 6, 262144 bytes, linear)
[    0.688419] kernel: Mountpoint-cache hash table entries: 32768 (order: 6, 262144 bytes, linear)
[    0.689735] kernel: x8ksource: kvm-clock: mask: 0xffffffffffffffff max_cycles: 0x1cd42e4dffb, max_idle_ns: 881590591483 ns
[    0.000024] kernel: tsc: Detected 2496.000 MHz processor
[    0.005155] kernel: e820: update [mem 0x00000000-0x00000fff] usable ==> reserved
[    0.005178] kernel: e820: remove [mem 0x000a0000-0x000fffff] usable
[    0.005194] kernel: last_pfn = 0x2c0000 max_arch_pfn = 0x400000000
[    0.005253] kernel: x86/PAT: Configuration [0-7]: WB  WC  UC- UC  WB  WP  UC- WT  
[    0.005266] kernel: last_pfn = 0xbffe0 max_arch_pfn = 0x400000000
[    0.013925] kernel: found SMP MP-table at [mem 0x000f5c80-0x000f5c8f]
[    0.014030] kernel: Using GB pages for direct mapping
[    0.014966] kernel: ACPI: Early table checksum verification disabled
[    0.014986] kernel: ACPI: RSDP 0x00000000000F5A50 000014 (v00 BOCHS )
[    0.015031] kernel: ACPI: RSDT 0x00000000BFFE15C9 000030 (v01 BOCHS  BXPCRSDT 00000001 BXPC 00000001)
[    0.015070] kernel: ACPI: FACP 0x00000000BFFE149D 000074 (v01 BOCHS  BXPCFA NODE_DATA(0) allocated [mem 0x2bfffc000-0x2bfffffff]
[    0.012811] kernel: Zone ranges:
[    0.012820] kernel:   DMA      [mem 0x0000000000001000-0x0000000000ffffff]
[    0.012830] kernel:   DMA32    [mem 0x0000000001000000-0x00000000ffffffff]
[    0.012839] kernel:   Normal   [mem 0x0000000100000000-0x00000002bfffffff]
[    0.012847] kernel: Movable zone start for each node
[    0.012851] kernel: Early memory node ranges
[    0.012854] kernel:   node   0: [mem 0x0000000000001000-0x000000000009efff]
[    0.012862] kernel:   node   0: [mem 0x0000000000100000-0x00000000bffdcfff]
[    0.012869] kernel:   node   0: [mem 0x0000000100000000-0x00000002bfffffff]
[    0.012879] kernel: Initmem setup node 0 [mem 0x0000000000001000-0x00000002bfffffff]
[    0.013245] kernel: On node 0, zone DMA: 1 pages in unavailable ranges
[    0.013297] kernel: On node 0, zone DMA: 97 pages in unavailable ranges
[    0.075399] kernel: On node 0, zone Normal: 35 pages in unavailable ranges
[    0.373175] kernexecutor 1 finishes userspace_cover_open
before receiving handshake request
source: kvm-clock: mask: 0xffffffffffffffff max_cycles: 0x1cd42e4dffb, max_idle_ns: 881590591483 ns
[    0.000022] kernel: tsc: Detected 2496.000 MHz processor
[    0.004427] kernel: e820: update [mem 0x00000000-0x00000fff] usable ==> reserved
[    0.004446] kernel: e820: remove [mem 0x000a0000-0x000fffff] usable
[    0.004460] kernel: last_pfn = 0x2c0000 max_arch_pfn = 0x400000000
[    0.004511] kernel: x86/PAT: Configuration [0-7]: WB  WC  UC- UC  WB  WP  UC- WT  
[    0.004522] kernel: last_pfn = 0xbffdd max_arch_pfn = 0x400000000
[    0.010214] kernel: found SMP MP-table at [mem 0x000f5c70-0x000f5c7f]
[    0.010277] kernel: Using GB pages for direct mapping
[    0.011063] kernel: ACPI: Early table checksum verification disabled
[    0.011078] kernel: ACPI: RSDP 0x00000000000F5A40 000014 (v00 BOCHS )
[    0.011102] kernel: ACPI: RSDT 0x00000000BFFE15C9 000030 (v01 BOCHS  BXPCRSDT 00000001 BXPC 00000001)
[    0.011123] kernel: ACPI: FACP 0x00000000BFFE149D 000074 (v01 BOCHS  BXPCFAC6/cpu: User Mode Instruction Prevention (UMIP) activated
[    0.690355] kernel: Last level iTLB entries: 4KB 0, 2MB 0, 4MB 0
[    0.690523] kernel: Last level dTLB entries: 4KB 0, 2MB 0, 4MB 0, 1GB 0
[    0.690997] kernel: Spectre V1 : Mitigation: usercopy/swapgs barriers and __user pointer sanitization
[    0.691528] kernel: Spectre V2 : Mitigation: Enhanced IBRS
[    0.691866] kernel: Spectre V2 : Spectre v2 / SpectreRSB mitigation: Filling RSB on context switch
[    0.692525] kernel: Spectre V2 : mitigation: Enabling conditional Indirect Branch Prediction Barrier
[    0.693525] kernel: Speculative Store Bypass: Mitigation: Speculative Store Bypass disabled via prctl and seccomp
[    0.712923] kernel: Freeing SMP alternatives memory: 40K
[    0.713442] kernel: smpboot: CPU0: 11th Gen Intel(R) Core(TM) i7-11700 @ 2.50GHz (family: 0x6, model: 0xa7, stepping: 0x1)
[    0.713518] kernel: Performance Events: Icelake events, 32-deep LBR, full-width counters, Intel PMU driver.
[    0.71433req.flags ea3
----- executor 1 do_sandbox_none at begining
----- executor 1 do_sandbox_none before fork()
CP 00000001 BXPC 00000001)
[    0.015112] kernel: ACPI: DSDT 0x00000000BFFE0040 00145D (v01 BOCHS  BXPCDSDT 00000001 BXPC 00000001)
[    0.015147] kernel: ACPI: FACS 0x00000000BFFE0000 000040
[    0.015173] kernel: ACPI: APIC 0x00000000BFFE1511 000080 (v01 BOCHS  BXPCAPIC 00000001 BXPC 00000001)
[    0.015208] kernel: ACPI: HPET 0x00000000BFFE1591 000038 (v01 BOCHS  BXPCHPET 00000001 BXPC 00000001)
[    0.015240] kernel: ACPI: Reserving FACP table memory at [mem 0xbffe149d-0xbffe1510]
[    0.015257] kernel: ACPI: Reserving DSDT table memory at [mem 0xbffe0040-0xbffe149c]
[    0.015272] kernel: ACPI: Reserving FACS table memory at [mem 0xbffe0000-0xbffe003f]
[    0.015287] kernel: ACPI: Reserving APIC table memory at [mem 0xbffe1511-0xbffe1590]
[    0.015302] kernel: ACPI: Reserving HPET table memory at [mem 0xbffe1591-0xbffe15c8]
[    0.016686] kernel: No NUMA configuration found
[    0.016708] kernel: Faking a node at [mem 0x0000000000000000-0x00000002bfffffff]
[    0.016736] kernel:executor 2 finishes userspace_cover_open
before receiving handshake request
req.flags ea3
----- executor 2 do_sandbox_none at begining
----- executor 2 do_sandbox_none before fork()
spawned loop pid 343
P 00000001 BXPC 00000001)
[    0.011146] kernel: ACPI: DSDT 0x00000000BFFE0040 00145D (v01 BOCHS  BXPCDSDT 00000001 BXPC 00000001)
[    0.011163] kernel: ACPI: FACS 0x00000000BFFE0000 000040
[    0.011176] kernel: ACPI: APIC 0x00000000BFFE1511 000080 (v01 BOCHS  BXPCAPIC 00000001 BXPC 00000001)
[    0.011193] kernel: ACPI: HPET 0x00000000BFFE1591 000038 (v01 BOCHS  BXPCHPET 00000001 BXPC 00000001)
[    0.011209] kernel: ACPI: Reserving FACP table memory at [mem 0xbffe149d-0xbffe1510]
[    0.011217] kernel: ACPI: Reserving DSDT table memory at [mem 0xbffe0040-0xbffe149c]
[    0.011224] kernel: ACPI: Reserving FACS table memory at [mem 0xbffe0000-0xbffe003f]
[    0.011232] kernel: ACPI: Reserving APIC table memory at [mem 0xbffe1511-0xbffe1590]
[    0.011239] kernel: ACPI: Reserving HPET table memory at [mem 0xbffe1591-0xbffe15c8]
[    0.011882] kernel: No NUMA configuration found
[    0.011889] kernel: Faking a node at [mem 0x0000000000000000-0x00000002bfffffff]
[    0.011902] kernel: el: kasan: KernelAddressSanitizer initialized
[    0.373462] kernel: ACPI: PM-Timer IO Port: 0x608
[    0.373481] kernel: ACPI: LAPIC_NMI (acpi_id[0xff] dfl dfl lint[0x1])
[    0.373526] kernel: IOAPIC[0]: apic_id 0, version 17, address 0xfec00000, GSI 0-23
[    0.373539] kernel: ACPI: INT_SRC_OVR (bus 0 bus_irq 0 global_irq 2 dfl dfl)
[    0.373549] kernel: ACPI: INT_SRC_OVR (bus 0 bus_irq 5 global_irq 5 high level)
[    0.373558] kernel: ACPI: INT_SRC_OVR (bus 0 bus_irq 9 global_irq 9 high level)
[    0.373567] kernel: ACPI: INT_SRC_OVR (bus 0 bus_irq 10 global_irq 10 high level)
[    0.373576] kernel: ACPI: INT_SRC_OVR (bus 0 bus_irq 11 global_irq 11 high level)
[    0.373592] kernel: ACPI: Using ACPI (MADT) for SMP configuration information
[    0.373598] kernel: ACPI: HPET id: 0x8086a201 base: 0xfed00000
[    0.373608] kernel: TSC deadline timer available
[    0.373613] kernel: smpboot: Allowing 2 CPUs, 0 hotplug CPUs
[    0.373641] kernel: kvm-guest: KVM setup pv remote TLB flus8] kernel: ... version:                2
[    0.714523] kernel: ... bit width:              48
[    0.714866] kernel: ... generic registers:      8
[    0.715194] kernel: ... value mask:             0000ffffffffffff
[    0.715522] kernel: ... max period:             00007fffffffffff
[    0.715981] kernel: ... fixed-purpose events:   3
[    0.716327] kernel: ... event mask:             00000007000000ff
[    0.716751] kernel: rcu: Hierarchical SRCU implementation.
[    0.718277] kernel: smp: Bringing up secondary CPUs ...
[    0.718697] kernel: x86: Booting SMP configuration:
[    0.719057] kernel: .... node  #0, CPUs:      #1
[    0.063935] kernel: kvm-clock: cpu 1, msr 9f958041, secondary cpu clock
[    0.063935] kernel: smpboot: CPU 1 Converting physical 0 to logical die 1
[    0.721541] kernel: kvm-guest: setup async PF for cpu 1
[    0.721824] kernel: kvm-guest: stealtime: cpu 1, msr 26531f140
[    0.722175] kernel: smp: Brought up 1 node, 2 CPUs
[    0.722526] kernel: smpboot: Maxspawned loop pid 342
 NODE_DATA(0) allocated [mem 0x2bfffc000-0x2bfffffff]
[    0.017242] kernel: Zone ranges:
[    0.017254] kernel:   DMA      [mem 0x0000000000001000-0x0000000000ffffff]
[    0.017273] kernel:   DMA32    [mem 0x0000000001000000-0x00000000ffffffff]
[    0.017289] kernel:   Normal   [mem 0x0000000100000000-0x00000002bfffffff]
[    0.017305] kernel: Movable zone start for each node
[    0.017313] kernel: Early memory node ranges
[    0.017320] kernel:   node   0: [mem 0x0000000000001000-0x000000000009efff]
[    0.017333] kernel:   node   0: [mem 0x0000000000100000-0x00000000bffdffff]
[    0.017349] kernel:   node   0: [mem 0x0000000100000000-0x00000002bfffffff]
[    0.017367] kernel: Initmem setup node 0 [mem 0x0000000000001000-0x00000002bfffffff]
[    0.017719] kernel: On node 0, zone DMA: 1 pages in unavailable ranges
[    0.017847] kernel: On node 0, zone DMA: 97 pages in unavailable ranges
[    0.076767] kernel: On node 0, zone Normal: 32 pages in unavailable ranges
[    0.244948] kernNODE_DATA(0) allocated [mem 0x2bfffa000-0x2bfffdfff]
[    0.011964] kernel: Zone ranges:
[    0.011968] kernel:   DMA      [mem 0x0000000000001000-0x0000000000ffffff]
[    0.011977] kernel:   DMA32    [mem 0x0000000001000000-0x00000000ffffffff]
[    0.011986] kernel:   Normal   [mem 0x0000000100000000-0x00000002bfffffff]
[    0.011994] kernel: Movable zone start for each node
[    0.011998] kernel: Early memory node ranges
[    0.012002] kernel:   node   0: [mem 0x0000000000001000-0x000000000009efff]
[    0.012009] kernel:   node   0: [mem 0x0000000000100000-0x00000000bffdcfff]
[    0.012017] kernel:   node   0: [mem 0x0000000100000000-0x00000002bfffffff]
[    0.012027] kernel: Initmem setup node 0 [mem 0x0000000000001000-0x00000002bfffffff]
[    0.012331] kernel: On node 0, zone DMA: 1 pages in unavailable ranges
[    0.012384] kernel: On node 0, zone DMA: 97 pages in unavailable ranges
[    0.070606] kernel: On node 0, zone Normal: 35 pages in unavailable ranges
[    0.374106] kerneh
[    0.373648] kernel: kvm-guest: setup PV sched yield
[    0.373676] kernel: PM: hibernation: Registered nosave memory: [mem 0x00000000-0x00000fff]
[    0.373686] kernel: PM: hibernation: Registered nosave memory: [mem 0x0009f000-0x0009ffff]
[    0.373693] kernel: PM: hibernation: Registered nosave memory: [mem 0x000a0000-0x000effff]
[    0.373700] kernel: PM: hibernation: Registered nosave memory: [mem 0x000f0000-0x000fffff]
[    0.373710] kernel: PM: hibernation: Registered nosave memory: [mem 0xbffdd000-0xbfffffff]
[    0.373717] kernel: PM: hibernation: Registered nosave memory: [mem 0xc0000000-0xfeffbfff]
[    0.373723] kernel: PM: hibernation: Registered nosave memory: [mem 0xfeffc000-0xfeffffff]
[    0.373730] kernel: PM: hibernation: Registered nosave memory: [mem 0xff000000-0xfffbffff]
[    0.373737] kernel: PM: hibernation: Registered nosave memory: [mem 0xfffc0000-0xffffffff]
[    0.373746] kernel: [mem 0xc0000000-0xfeffbfff] available for PCI devices
[    0.373753] kern logical packages: 2
[    0.722812] kernel: smpboot: Total of 2 processors activated (9984.00 BogoMIPS)
[    0.723806] kernel: devtmpfs: initialized
[    0.727147] kernel: clocksource: jiffies: mask: 0xffffffff max_cycles: 0xffffffff, max_idle_ns: 1911260446275000 ns
[    0.728214] kernel: futex hash table entries: 512 (order: 3, 32768 bytes, linear)
[    0.728998] kernel: PM: RTC time: 03:05:36, date: 2023-01-26
[    0.729626] kernel: NET: Registered PF_NETLINK/PF_ROUTE protocol family
[    0.730571] kernel: audit: initializing netlink subsys (disabled)
[    0.730934] kernel: audit: type=2000 audit(1674702336.438:1): state=initialized audit_enabled=0 res=1
[    0.730950] kernel: thermal_sys: Registered thermal governor 'step_wise'
[    0.731523] kernel: thermal_sys: Registered thermal governor 'user_space'
[    0.731941] kernel: cpuidle: using governor menu
[    0.732692] kernel: ACPI: bus type PCI registered
[    0.733201] kernel: PCI: Using configuration type 1 for base access
[   el: kasan: KernelAddressSanitizer initialized
[    0.245213] kernel: ACPI: PM-Timer IO Port: 0x608
[    0.245230] kernel: ACPI: LAPIC_NMI (acpi_id[0xff] dfl dfl lint[0x1])
[    0.245268] kernel: IOAPIC[0]: apic_id 0, version 17, address 0xfec00000, GSI 0-23
[    0.245280] kernel: ACPI: INT_SRC_OVR (bus 0 bus_irq 0 global_irq 2 dfl dfl)
[    0.245289] kernel: ACPI: INT_SRC_OVR (bus 0 bus_irq 5 global_irq 5 high level)
[    0.245298] kernel: ACPI: INT_SRC_OVR (bus 0 bus_irq 9 global_irq 9 high level)
[    0.245306] kernel: ACPI: INT_SRC_OVR (bus 0 bus_irq 10 global_irq 10 high level)
[    0.245314] kernel: ACPI: INT_SRC_OVR (bus 0 bus_irq 11 global_irq 11 high level)
[    0.245329] kernel: ACPI: Using ACPI (MADT) for SMP configuration information
[    0.245334] kernel: ACPI: HPET id: 0x8086a201 base: 0xfed00000
[    0.245344] kernel: TSC deadline timer available
[    0.245348] kernel: smpboot: Allowing 2 CPUs, 0 hotplug CPUs
[    0.245374] kernel: kvm-guest: KVM setup pv remote TLB flusl: kasan: KernelAddressSanitizer initialized
[    0.374386] kernel: ACPI: PM-Timer IO Port: 0x608
[    0.374404] kernel: ACPI: LAPIC_NMI (acpi_id[0xff] dfl dfl lint[0x1])
[    0.374439] kernel: IOAPIC[0]: apic_id 0, version 17, address 0xfec00000, GSI 0-23
[    0.374453] kernel: ACPI: INT_SRC_OVR (bus 0 bus_irq 0 global_irq 2 dfl dfl)
[    0.374463] kernel: ACPI: INT_SRC_OVR (bus 0 bus_irq 5 global_irq 5 high level)
[    0.374471] kernel: ACPI: INT_SRC_OVR (bus 0 bus_irq 9 global_irq 9 high level)
[    0.374480] kernel: ACPI: INT_SRC_OVR (bus 0 bus_irq 10 global_irq 10 high level)
[    0.374489] kernel: ACPI: INT_SRC_OVR (bus 0 bus_irq 11 global_irq 11 high level)
[    0.374505] kernel: ACPI: Using ACPI (MADT) for SMP configuration information
[    0.374510] kernel: ACPI: HPET id: 0x8086a201 base: 0xfed00000
[    0.374521] kernel: TSC deadline timer available
[    0.374526] kernel: smpboot: Allowing 2 CPUs, 0 hotplug CPUs
[    0.374556] kernel: kvm-guest: KVM setup pv remote TLB flushel: Booting paravirtualized kernel on KVM
[    0.373760] kernel: clocksource: refined-jiffies: mask: 0xffffffff max_cycles: 0xffffffff, max_idle_ns: 1910969940391419 ns
[    0.384905] kernel: setup_percpu: NR_CPUS:64 nr_cpumask_bits:64 nr_cpu_ids:2 nr_node_ids:1
[    0.385507] kernel: percpu: Embedded 56 pages/cpu s191576 r8192 d29608 u1048576
[    0.385538] kernel: pcpu-alloc: s191576 r8192 d29608 u1048576 alloc=1*2097152
[    0.385552] kernel: pcpu-alloc: [0] 0 1 
[    0.385634] kernel: kvm-guest: setup async PF for cpu 0
[    0.385645] kernel: kvm-guest: stealtime: cpu 0, msr 26521f140
[    0.385656] kernel: Built 1 zonelists, mobility grouping on.  Total pages: 2580189
[    0.385664] kernel: Policy zone: Normal
[    0.385669] kernel: Kernel command line: root=/dev/sda console=ttyS0 net.ifnames=0 ip=192.168.0.51
[    0.389698] kernel: Dentry cache hash table entries: 2097152 (order: 12, 16777216 bytes, linear)
[    0.391925] kernel: Inode-cache hash table entries: 1048576 (order: 1 0.747966] kernel: Kprobes globally optimized
[    0.748258] kernel: HugeTLB registered 2.00 MiB page size, pre-allocated 0 pages
[    0.748615] kernel: cryptomgr_test (26) used greatest stack depth: 30608 bytes left
[    0.749606] kernel: ACPI: Added _OSI(Module Device)
[    0.749869] kernel: ACPI: Added _OSI(Processor Device)
[    0.750539] kernel: ACPI: Added _OSI(3.0 _SCP Extensions)
