
Ubuntu 20.04 LTS dfs-fuzzing ttyS0


Ubuntu 20.04 LTS dfs-fuzzing ttyS0



Ubuntu 20.04 LTS dfs-fuzzing ttyS0

2023/01/26 06:02:33 fuzzer started
2023/01/26 06:02:33 dialing manager at localhost:40269
2023/01/26 06:02:33 connecting to manager...
2023/01/26 06:02:33 syscalls: 51
2023/01/26 06:02:33 code coverage: enabled
2023/01/26 06:02:33 comparison tracing: enabled
2023/01/26 06:02:33 extra coverage: enabled
2023/01/26 06:02:33 setuid sandbox: enabled
2023/01/26 06:02:33 namespace sandbox: /proc/self/ns/user does not exist
2023/01/26 06:02:33 Android sandbox: /sys/fs/selinux/policy can't be opened (open /sys/fs/selinux/policy: invalid argument)
2023/01/26 06:02:33 fault injection: CONFIG_FAULT_INJECTION_DEBUG_FS or CONFIG_FAILSLAB are not enabled
2023/01/26 06:02:33 leak checking: CONFIG_DEBUG_KMEMLEAK is not enabled
2023/01/26 06:02:33 net packet injection: /dev/net/tun does not exist
2023/01/26 06:02:33 net device setup: enabled
2023/01/26 06:02:33 concurrency sanitizer: /sys/kernel/debug/kcsan does not exist
2023/01/26 06:02:33 devlink PCI setup: enabled
2023/01/26 06:02:33 USB emulation: /dev/raw-gadget does not exist
2023/01/26 06:02:33 hci packet injection: /dev/vhci does not exist
2023/01/26 06:02:33 wifi device emulation: /sys/class/mac80211_hwsim/ does not exist
2023/01/26 06:02:33 802.15.4 emulation: /sys/bus/platform/devices/mac802154_hwsim does not exist
2023/01/26 06:02:34 poll: candidates=0 inputs=50 signal=2000
2023/01/26 06:02:34 deserializeInput: hasCrash false hasNet false
2023/01/26 06:02:34 prog length: 2
2023/01/26 06:02:34 deserializeInput: hasCrash false hasNet false
2023/01/26 06:02:34 prog length: 1
2023/01/26 06:02:34 deserializeInput: hasCrash false hasNet false
2023/01/26 06:02:34 prog length: 3
2023/01/26 06:02:34 deserializeInput: hasCrash false hasNet false
2023/01/26 06:02:34 prog length: 2
2023/01/26 06:02:34 deserializeInput: hasCrash false hasNet false
2023/01/26 06:02:34 prog length: 1
2023/01/26 06:02:34 deserializeInput: hasCrash false hasNet false
2023/01/26 06:02:34 prog length: 1
2023/01/26 06:02:34 deserializeInput: hasCrash false hasNet false
2023/01/26 06:02:34 prog length: 1
2023/01/26 06:02:34 deserializeInput: hasCrash false hasNet false
2023/01/26 06:02:34 prog length: 2
2023/01/26 06:02:34 deserializeInput: hasCrash false hasNet false
2023/01/26 06:02:34 prog length: 13
2023/01/26 06:02:34 deserializeInput: hasCrash false hasNet false
2023/01/26 06:02:34 prog length: 2
2023/01/26 06:02:34 deserializeInput: hasCrash false hasNet false
2023/01/26 06:02:34 prog length: 2
2023/01/26 06:02:34 deserializeInput: hasCrash false hasNet false
2023/01/26 06:02:34 prog length: 2
2023/01/26 06:02:34 deserializeInput: hasCrash false hasNet true
2023/01/26 06:02:34 prog length: 6
2023/01/26 06:02:34 prog length: 13
2023/01/26 06:02:34 deserializeInput: hasCrash false hasNet true
2023/01/26 06:02:34 prog length: 6
2023/01/26 06:02:34 prog length: 14
2023/01/26 06:02:34 deserializeInput: hasCrash false hasNet false
2023/01/26 06:02:34 prog length: 2
2023/01/26 06:02:34 deserializeInput: hasCrash false hasNet false
2023/01/26 06:02:34 prog length: 2
2023/01/26 06:02:34 deserializeInput: hasCrash false hasNet false
2023/01/26 06:02:34 prog length: 1
2023/01/26 06:02:34 deserializeInput: hasCrash false hasNet false
2023/01/26 06:02:34 prog length: 2
2023/01/26 06:02:34 deserializeInput: hasCrash false hasNet false
2023/01/26 06:02:34 prog length: 1
2023/01/26 06:02:34 deserializeInput: hasCrash false hasNet false
2023/01/26 06:02:34 prog length: 2
2023/01/26 06:02:34 deserializeInput: hasCrash false hasNet false
2023/01/26 06:02:34 prog length: 2
2023/01/26 06:02:34 deserializeInput: hasCrash false hasNet false
2023/01/26 06:02:34 prog length: 2
2023/01/26 06:02:34 deserializeInput: hasCrash false hasNet false
2023/01/26 06:02:34 prog length: 2
2023/01/26 06:02:34 deserializeInput: hasCrash false hasNet false
2023/01/26 06:02:34 prog length: 1
2023/01/26 06:02:34 deserializeInput: hasCrash false hasNet false
2023/01/26 06:02:34 prog length: 2
2023/01/26 06:02:34 deserializeInput: hasCrash false hasNet false
2023/01/26 06:02:34 prog length: 2
2023/01/26 06:02:34 deserializeInput: hasCrash false hasNet false
2023/01/26 06:02:34 prog length: 2
2023/01/26 06:02:34 deserializeInput: hasCrash false hasNet false
2023/01/26 06:02:34 prog length: 3
2023/01/26 06:02:34 deserializeInput: hasCrash false hasNet false
2023/01/26 06:02:34 prog length: 2
2023/01/26 06:02:34 deserializeInput: hasCrash false hasNet false
2023/01/26 06:02:34 prog length: 2
2023/01/26 06:02:34 deserializeInput: hasCrash false hasNet true
2023/01/26 06:02:34 prog length: 6
2023/01/26 06:02:34 prog length: 5
2023/01/26 06:02:34 deserializeInput: hasCrash true hasNet false
2023/01/26 06:02:34 prog length: 6
2023/01/26 06:02:34 prog length: 3
2023/01/26 06:02:34 deserializeInput: hasCrash false hasNet false
2023/01/26 06:02:34 prog length: 2
2023/01/26 06:02:34 deserializeInput: hasCrash false hasNet false
2023/01/26 06:02:34 prog length: 1
2023/01/26 06:02:34 deserializeInput: hasCrash true hasNet false
2023/01/26 06:02:34 prog length: 6
2023/01/26 06:02:34 prog length: 3
2023/01/26 06:02:34 deserializeInput: hasCrash false hasNet false
2023/01/26 06:02:34 prog length: 2
2023/01/26 06:02:34 deserializeInput: hasCrash false hasNet false
2023/01/26 06:02:34 prog length: 3
2023/01/26 06:02:34 deserializeInput: hasCrash false hasNet false
2023/01/26 06:02:34 prog length: 2
2023/01/26 06:02:34 deserializeInput: hasCrash false hasNet false
2023/01/26 06:02:34 prog length: 2
2023/01/26 06:02:34 deserializeInput: hasCrash false hasNet true
2023/01/26 06:02:34 prog length: 6
2023/01/26 06:02:34 prog length: 20
2023/01/26 06:02:34 deserializeInput: hasCrash false hasNet false
2023/01/26 06:02:34 prog length: 5
2023/01/26 06:02:34 deserializeInput: hasCrash false hasNet false
2023/01/26 06:02:34 prog length: 6
2023/01/26 06:02:34 deserializeInput: hasCrash false hasNet false
2023/01/26 06:02:34 prog length: 1
2023/01/26 06:02:34 deserializeInput: hasCrash false hasNet true
2023/01/26 06:02:34 prog length: 6
2023/01/26 06:02:34 prog length: 4
2023/01/26 06:02:34 deserializeInput: hasCrash false hasNet false
2023/01/26 06:02:34 prog length: 2
2023/01/26 06:02:34 deserializeInput: hasCrash false hasNet false
2023/01/26 06:02:34 prog length: 2
2023/01/26 06:02:34 deserializeInput: hasCrash false hasNet false
2023/01/26 06:02:34 prog length: 3
2023/01/26 06:02:34 deserializeInput: hasCrash false hasNet false
2023/01/26 06:02:34 prog length: 2
2023/01/26 06:02:34 deserializeInput: hasCrash false hasNet false
2023/01/26 06:02:34 prog length: 3
2023/01/26 06:02:34 deserializeInput: hasCrash false hasNet false
2023/01/26 06:02:34 prog length: 1
2023/01/26 06:02:34 fetching corpus: 50, signal 5230/17506/22546 (executing program)
2023/01/26 06:02:34 poll: candidates=0 inputs=50 signal=2000
2023/01/26 06:02:34 deserializeInput: hasCrash false hasNet false
2023/01/26 06:02:34 prog length: 2
2023/01/26 06:02:34 deserializeInput: hasCrash false hasNet false
2023/01/26 06:02:34 prog length: 1
2023/01/26 06:02:34 deserializeInput: hasCrash false hasNet false
2023/01/26 06:02:34 prog length: 1
2023/01/26 06:02:34 deserializeInput: hasCrash true hasNet true
2023/01/26 06:02:34 prog length: 12
2023/01/26 06:02:34 prog length: 6
2023/01/26 06:02:34 deserializeInput: hasCrash false hasNet false
2023/01/26 06:02:34 prog length: 1
2023/01/26 06:02:34 deserializeInput: hasCrash false hasNet false
2023/01/26 06:02:34 prog length: 2
2023/01/26 06:02:34 deserializeInput: hasCrash false hasNet true
2023/01/26 06:02:34 prog length: 6
2023/01/26 06:02:34 prog length: 6
2023/01/26 06:02:34 prog length: 7
2023/01/26 06:02:34 deserializeInput: hasCrash true hasNet false
2023/01/26 06:02:34 prog length: 6
2023/01/26 06:02:34 prog length: 3
2023/01/26 06:02:34 deserializeInput: hasCrash false hasNet false
2023/01/26 06:02:34 prog length: 2
2023/01/26 06:02:34 deserializeInput: hasCrash false hasNet false
2023/01/26 06:02:34 prog length: 2
2023/01/26 06:02:34 deserializeInput: hasCrash false hasNet false
2023/01/26 06:02:34 prog length: 2
2023/01/26 06:02:34 deserializeInput: hasCrash false hasNet false
2023/01/26 06:02:34 prog length: 1
2023/01/26 06:02:34 deserializeInput: hasCrash false hasNet true
2023/01/26 06:02:34 prog length: 18
2023/01/26 06:02:34 prog length: 9
2023/01/26 06:02:34 deserializeInput: hasCrash false hasNet false
2023/01/26 06:02:34 prog length: 1
2023/01/26 06:02:34 deserializeInput: hasCrash false hasNet false
2023/01/26 06:02:34 prog length: 5
2023/01/26 06:02:34 deserializeInput: hasCrash false hasNet false
2023/01/26 06:02:34 prog length: 2
2023/01/26 06:02:34 deserializeInput: hasCrash false hasNet false
2023/01/26 06:02:34 prog length: 5
2023/01/26 06:02:34 deserializeInput: hasCrash false hasNet false
2023/01/26 06:02:34 prog length: 2
2023/01/26 06:02:34 deserializeInput: hasCrash false hasNet false
2023/01/26 06:02:34 prog length: 4
2023/01/26 06:02:34 deserializeInput: hasCrash false hasNet false
2023/01/26 06:02:34 prog length: 2
2023/01/26 06:02:34 deserializeInput: hasCrash false hasNet false
2023/01/26 06:02:34 prog length: 4
2023/01/26 06:02:34 deserializeInput: hasCrash false hasNet false
2023/01/26 06:02:34 prog length: 2
2023/01/26 06:02:34 deserializeInput: hasCrash false hasNet false
2023/01/26 06:02:34 prog length: 1
2023/01/26 06:02:34 deserializeInput: hasCrash false hasNet false
2023/01/26 06:02:34 prog length: 6
2023/01/26 06:02:34 deserializeInput: hasCrash false hasNet false
2023/01/26 06:02:34 prog length: 1
2023/01/26 06:02:34 deserializeInput: hasCrash true hasNet false
2023/01/26 06:02:34 prog length: 6
2023/01/26 06:02:34 prog length: 3
2023/01/26 06:02:34 deserializeInput: hasCrash false hasNet false
2023/01/26 06:02:34 prog length: 2
2023/01/26 06:02:34 deserializeInput: hasCrash true hasNet true
2023/01/26 06:02:34 prog length: 6
2023/01/26 06:02:34 prog length: 6
2023/01/26 06:02:34 prog length: 5
2023/01/26 06:02:34 deserializeInput: hasCrash false hasNet false
2023/01/26 06:02:34 prog length: 3
2023/01/26 06:02:34 deserializeInput: hasCrash false hasNet false
2023/01/26 06:02:34 prog length: 3
2023/01/26 06:02:34 deserializeInput: hasCrash false hasNet false
2023/01/26 06:02:34 prog length: 11
2023/01/26 06:02:34 deserializeInput: hasCrash false hasNet false
2023/01/26 06:02:34 prog length: 1
2023/01/26 06:02:34 deserializeInput: hasCrash false hasNet false
2023/01/26 06:02:34 prog length: 4
2023/01/26 06:02:34 deserializeInput: hasCrash false hasNet false
2023/01/26 06:02:34 prog length: 2
2023/01/26 06:02:34 deserializeInput: hasCrash false hasNet false
2023/01/26 06:02:34 prog length: 2
2023/01/26 06:02:34 deserializeInput: hasCrash false hasNet false
2023/01/26 06:02:34 prog length: 2
2023/01/26 06:02:34 deserializeInput: hasCrash false hasNet false
2023/01/26 06:02:34 prog length: 2
2023/01/26 06:02:34 deserializeInput: hasCrash false hasNet false
2023/01/26 06:02:34 prog length: 1
2023/01/26 06:02:34 deserializeInput: hasCrash false hasNet false
2023/01/26 06:02:34 prog length: 2
2023/01/26 06:02:34 deserializeInput: hasCrash false hasNet false
2023/01/26 06:02:34 prog length: 2
2023/01/26 06:02:34 deserializeInput: hasCrash false hasNet false
2023/01/26 06:02:34 prog length: 4
2023/01/26 06:02:34 deserializeInput: hasCrash false hasNet true
2023/01/26 06:02:34 prog length: 18
2023/01/26 06:02:34 prog length: 9
2023/01/26 06:02:34 deserializeInput: hasCrash true hasNet false
2023/01/26 06:02:34 prog length: 6
2023/01/26 06:02:34 prog length: 3
2023/01/26 06:02:34 deserializeInput: hasCrash false hasNet false
2023/01/26 06:02:34 prog length: 2
2023/01/26 06:02:34 deserializeInput: hasCrash false hasNet false
2023/01/26 06:02:34 prog length: 2
2023/01/26 06:02:34 deserializeInput: hasCrash false hasNet false
2023/01/26 06:02:34 prog length: 2
2023/01/26 06:02:34 deserializeInput: hasCrash false hasNet false
2023/01/26 06:02:34 prog length: 1
2023/01/26 06:02:34 deserializeInput: hasCrash false hasNet false
2023/01/26 06:02:34 prog length: 1
2023/01/26 06:02:34 deserializeInput: hasCrash false hasNet false
2023/01/26 06:02:34 prog length: 2
2023/01/26 06:02:34 deserializeInput: hasCrash false hasNet false
2023/01/26 06:02:34 prog length: 2
2023/01/26 06:02:34 fetching corpus: 100, signal 7089/25195/31902 (executing program)
2023/01/26 06:02:34 poll: candidates=0 inputs=50 signal=2000
2023/01/26 06:02:34 deserializeInput: hasCrash false hasNet true
2023/01/26 06:02:34 prog length: 18
2023/01/26 06:02:34 prog length: 9
2023/01/26 06:02:34 deserializeInput: hasCrash false hasNet true
2023/01/26 06:02:34 prog length: 6
2023/01/26 06:02:34 prog length: 5
2023/01/26 06:02:34 deserializeInput: hasCrash false hasNet false
2023/01/26 06:02:34 prog length: 5
2023/01/26 06:02:34 deserializeInput: hasCrash false hasNet false
2023/01/26 06:02:34 prog length: 3
2023/01/26 06:02:34 deserializeInput: hasCrash true hasNet false
2023/01/26 06:02:34 prog length: 6
2023/01/26 06:02:34 prog length: 3
2023/01/26 06:02:34 deserializeInput: hasCrash false hasNet false
2023/01/26 06:02:34 prog length: 3
2023/01/26 06:02:34 deserializeInput: hasCrash false hasNet false
2023/01/26 06:02:34 prog length: 2
2023/01/26 06:02:34 deserializeInput: hasCrash false hasNet false
2023/01/26 06:02:34 prog length: 3
2023/01/26 06:02:34 deserializeInput: hasCrash false hasNet false
2023/01/26 06:02:34 prog length: 1
2023/01/26 06:02:34 deserializeInput: hasCrash false hasNet false
2023/01/26 06:02:34 prog length: 2
2023/01/26 06:02:34 deserializeInput: hasCrash false hasNet false
2023/01/26 06:02:34 prog length: 1
2023/01/26 06:02:34 deserializeInput: hasCrash false hasNet false
2023/01/26 06:02:34 prog length: 2
2023/01/26 06:02:34 deserializeInput: hasCrash false hasNet false
2023/01/26 06:02:34 prog length: 1
2023/01/26 06:02:34 deserializeInput: hasCrash false hasNet false
2023/01/26 06:02:34 prog length: 1
2023/01/26 06:02:34 deserializeInput: hasCrash false hasNet false
2023/01/26 06:02:34 prog length: 2
2023/01/26 06:02:34 deserializeInput: hasCrash false hasNet false
2023/01/26 06:02:34 prog length: 2
2023/01/26 06:02:34 deserializeInput: hasCrash false hasNet false
2023/01/26 06:02:34 prog length: 2
2023/01/26 06:02:34 deserializeInput: hasCrash false hasNet false
2023/01/26 06:02:34 prog length: 3
2023/01/26 06:02:34 deserializeInput: hasCrash false hasNet false
2023/01/26 06:02:34 prog length: 1
2023/01/26 06:02:34 deserializeInput: hasCrash false hasNet true
2023/01/26 06:02:34 prog length: 6
2023/01/26 06:02:34 prog length: 20
2023/01/26 06:02:34 deserializeInput: hasCrash false hasNet false
2023/01/26 06:02:34 prog length: 2
2023/01/26 06:02:34 deserializeInput: hasCrash true hasNet true
2023/01/26 06:02:34 prog length: 6
2023/01/26 06:02:34 prog length: 6
2023/01/26 06:02:34 prog length: 7
2023/01/26 06:02:34 deserializeInput: hasCrash false hasNet false
2023/01/26 06:02:34 prog length: 2
2023/01/26 06:02:34 deserializeInput: hasCrash false hasNet false
2023/01/26 06:02:34 prog length: 1
2023/01/26 06:02:34 deserializeInput: hasCrash false hasNet false
2023/01/26 06:02:34 prog length: 3
2023/01/26 06:02:34 deserializeInput: hasCrash false hasNet false
2023/01/26 06:02:34 prog length: 2
2023/01/26 06:02:34 deserializeInput: hasCrash false hasNet false
2023/01/26 06:02:34 prog length: 18
2023/01/26 06:02:34 deserializeInput: hasCrash false hasNet false
2023/01/26 06:02:34 prog length: 2
2023/01/26 06:02:34 deserializeInput: hasCrash false hasNet false
2023/01/26 06:02:34 prog length: 1
2023/01/26 06:02:34 deserializeInput: hasCrash false hasNet true
2023/01/26 06:02:34 prog length: 6
2023/01/26 06:02:34 prog length: 20
2023/01/26 06:02:34 deserializeInput: hasCrash false hasNet false
2023/01/26 06:02:34 prog length: 1
2023/01/26 06:02:34 deserializeInput: hasCrash false hasNet false
2023/01/26 06:02:34 prog length: 1
2023/01/26 06:02:34 deserializeInput: hasCrash false hasNet false
2023/01/26 06:02:34 prog length: 2
2023/01/26 06:02:34 deserializeInput: hasCrash true hasNet false
2023/01/26 06:02:34 prog length: 18
2023/01/26 06:02:34 prog length: 8
2023/01/26 06:02:34 deserializeInput: hasCrash false hasNet false
2023/01/26 06:02:34 prog length: 16
2023/01/26 06:02:34 deserializeInput: hasCrash false hasNet false
2023/01/26 06:02:34 prog length: 3
2023/01/26 06:02:34 deserializeInput: hasCrash true hasNet false
2023/01/26 06:02:34 prog length: 6
2023/01/26 06:02:34 prog length: 4
2023/01/26 06:02:34 deserializeInput: hasCrash false hasNet false
2023/01/26 06:02:34 prog length: 3
2023/01/26 06:02:34 deserializeInput: hasCrash false hasNet false
2023/01/26 06:02:34 prog length: 1
2023/01/26 06:02:34 deserializeInput: hasCrash false hasNet false
2023/01/26 06:02:34 prog length: 6
2023/01/26 06:02:34 deserializeInput: hasCrash false hasNet false
2023/01/26 06:02:34 prog length: 2
2023/01/26 06:02:34 deserializeInput: hasCrash false hasNet false
2023/01/26 06:02:34 prog length: 1
2023/01/26 06:02:34 deserializeInput: hasCrash false hasNet false
2023/01/26 06:02:34 prog length: 3
2023/01/26 06:02:34 deserializeInput: hasCrash false hasNet false
2023/01/26 06:02:34 prog length: 3
2023/01/26 06:02:34 deserializeInput: hasCrash false hasNet false
2023/01/26 06:02:34 prog length: 2
2023/01/26 06:02:34 deserializeInput: hasCrash false hasNet true
2023/01/26 06:02:34 prog length: 6
2023/01/26 06:02:34 prog length: 20
2023/01/26 06:02:34 deserializeInput: hasCrash false hasNet false
2023/01/26 06:02:34 prog length: 2
2023/01/26 06:02:34 deserializeInput: hasCrash false hasNet true
2023/01/26 06:02:34 prog length: 6
2023/01/26 06:02:34 prog length: 14
2023/01/26 06:02:34 deserializeInput: hasCrash false hasNet false
2023/01/26 06:02:34 prog length: 3
2023/01/26 06:02:34 deserializeInput: hasCrash false hasNet false
2023/01/26 06:02:34 prog length: 3
2023/01/26 06:02:34 fetching corpus: 150, signal 8184/26611/34644 (executing program)
2023/01/26 06:02:34 poll: candidates=0 inputs=50 signal=2000
2023/01/26 06:02:34 deserializeInput: hasCrash false hasNet false
2023/01/26 06:02:34 prog length: 1
2023/01/26 06:02:34 deserializeInput: hasCrash false hasNet false
2023/01/26 06:02:34 prog length: 1
2023/01/26 06:02:34 deserializeInput: hasCrash false hasNet true
2023/01/26 06:02:34 prog length: 6
2023/01/26 06:02:34 prog length: 20
2023/01/26 06:02:34 deserializeInput: hasCrash false hasNet true
2023/01/26 06:02:34 prog length: 6
2023/01/26 06:02:34 prog length: 4
2023/01/26 06:02:34 deserializeInput: hasCrash false hasNet false
2023/01/26 06:02:34 prog length: 2
2023/01/26 06:02:34 deserializeInput: hasCrash false hasNet false
2023/01/26 06:02:34 prog length: 3
2023/01/26 06:02:34 deserializeInput: hasCrash false hasNet false
2023/01/26 06:02:34 prog length: 3
2023/01/26 06:02:34 deserializeInput: hasCrash false hasNet false
2023/01/26 06:02:34 prog length: 4
2023/01/26 06:02:34 deserializeInput: hasCrash false hasNet false
2023/01/26 06:02:34 prog length: 2
2023/01/26 06:02:34 deserializeInput: hasCrash false hasNet false
2023/01/26 06:02:34 prog length: 2
2023/01/26 06:02:34 deserializeInput: hasCrash false hasNet false
2023/01/26 06:02:34 prog length: 2
2023/01/26 06:02:34 deserializeInput: hasCrash true hasNet false
2023/01/26 06:02:34 prog length: 6
2023/01/26 06:02:34 prog length: 4
2023/01/26 06:02:34 deserializeInput: hasCrash false hasNet false
2023/01/26 06:02:34 prog length: 3
2023/01/26 06:02:34 deserializeInput: hasCrash true hasNet false
2023/01/26 06:02:34 prog length: 6
2023/01/26 06:02:34 prog length: 3
2023/01/26 06:02:34 deserializeInput: hasCrash false hasNet false
2023/01/26 06:02:34 prog length: 2
2023/01/26 06:02:34 deserializeInput: hasCrash false hasNet false
2023/01/26 06:02:34 prog length: 3
2023/01/26 06:02:34 deserializeInput: hasCrash false hasNet false
2023/01/26 06:02:34 prog length: 3
2023/01/26 06:02:34 deserializeInput: hasCrash false hasNet false
2023/01/26 06:02:34 prog length: 2
2023/01/26 06:02:34 deserializeInput: hasCrash false hasNet false
2023/01/26 06:02:34 prog length: 4
2023/01/26 06:02:34 deserializeInput: hasCrash false hasNet false
2023/01/26 06:02:34 prog length: 1
2023/01/26 06:02:34 deserializeInput: hasCrash false hasNet false
2023/01/26 06:02:34 prog length: 2
2023/01/26 06:02:34 deserializeInput: hasCrash false hasNet false
2023/01/26 06:02:34 prog length: 2
2023/01/26 06:02:34 deserializeInput: hasCrash false hasNet false
2023/01/26 06:02:34 prog length: 1
2023/01/26 06:02:34 deserializeInput: hasCrash false hasNet false
2023/01/26 06:02:34 prog length: 2
2023/01/26 06:02:34 deserializeInput: hasCrash false hasNet false
2023/01/26 06:02:34 prog length: 2
2023/01/26 06:02:34 deserializeInput: hasCrash false hasNet false
2023/01/26 06:02:34 prog length: 1
2023/01/26 06:02:34 deserializeInput: hasCrash false hasNet false
2023/01/26 06:02:34 prog length: 4
2023/01/26 06:02:34 deserializeInput: hasCrash false hasNet false
2023/01/26 06:02:34 prog length: 1
2023/01/26 06:02:34 deserializeInput: hasCrash false hasNet true
2023/01/26 06:02:34 prog length: 6
2023/01/26 06:02:34 prog length: 6
2023/01/26 06:02:34 prog length: 7
2023/01/26 06:02:34 deserializeInput: hasCrash false hasNet true
2023/01/26 06:02:34 prog length: 6
2023/01/26 06:02:34 prog length: 16
2023/01/26 06:02:34 deserializeInput: hasCrash false hasNet false
2023/01/26 06:02:34 prog length: 1
2023/01/26 06:02:34 deserializeInput: hasCrash false hasNet false
2023/01/26 06:02:34 prog length: 1
2023/01/26 06:02:34 deserializeInput: hasCrash false hasNet false
2023/01/26 06:02:34 prog length: 4
2023/01/26 06:02:34 deserializeInput: hasCrash false hasNet false
2023/01/26 06:02:34 prog length: 6
2023/01/26 06:02:34 deserializeInput: hasCrash false hasNet false
2023/01/26 06:02:34 prog length: 3
2023/01/26 06:02:34 deserializeInput: hasCrash false hasNet false
2023/01/26 06:02:34 prog length: 2
2023/01/26 06:02:34 deserializeInput: hasCrash false hasNet false
2023/01/26 06:02:34 prog length: 2
2023/01/26 06:02:34 deserializeInput: hasCrash false hasNet false
2023/01/26 06:02:34 prog length: 2
2023/01/26 06:02:34 deserializeInput: hasCrash false hasNet false
2023/01/26 06:02:34 prog length: 1
2023/01/26 06:02:34 deserializeInput: hasCrash false hasNet true
2023/01/26 06:02:34 prog length: 6
2023/01/26 06:02:34 prog length: 18
2023/01/26 06:02:34 deserializeInput: hasCrash false hasNet false
2023/01/26 06:02:34 prog length: 1
2023/01/26 06:02:34 deserializeInput: hasCrash false hasNet false
2023/01/26 06:02:34 prog length: 2
2023/01/26 06:02:34 deserializeInput: hasCrash false hasNet false
2023/01/26 06:02:34 prog length: 1
2023/01/26 06:02:34 deserializeInput: hasCrash false hasNet false
2023/01/26 06:02:34 prog length: 4
2023/01/26 06:02:34 deserializeInput: hasCrash false hasNet false
2023/01/26 06:02:34 prog length: 1
2023/01/26 06:02:34 deserializeInput: hasCrash false hasNet false
2023/01/26 06:02:34 prog length: 3
2023/01/26 06:02:34 deserializeInput: hasCrash false hasNet false
2023/01/26 06:02:34 prog length: 3
2023/01/26 06:02:34 deserializeInput: hasCrash false hasNet false
2023/01/26 06:02:34 prog length: 2
2023/01/26 06:02:34 deserializeInput: hasCrash false hasNet false
2023/01/26 06:02:34 prog length: 1
2023/01/26 06:02:34 deserializeInput: hasCrash false hasNet false
2023/01/26 06:02:34 prog length: 2
2023/01/26 06:02:34 fetching corpus: 200, signal 8687/28249/37105 (executing program)
2023/01/26 06:02:34 poll: candidates=0 inputs=50 signal=2000
2023/01/26 06:02:34 deserializeInput: hasCrash false hasNet false
2023/01/26 06:02:34 prog length: 1
2023/01/26 06:02:34 deserializeInput: hasCrash false hasNet false
2023/01/26 06:02:34 prog length: 1
2023/01/26 06:02:34 deserializeInput: hasCrash false hasNet false
2023/01/26 06:02:34 prog length: 1
2023/01/26 06:02:34 deserializeInput: hasCrash false hasNet false
2023/01/26 06:02:34 prog length: 2
2023/01/26 06:02:34 deserializeInput: hasCrash true hasNet false
2023/01/26 06:02:34 prog length: 6
2023/01/26 06:02:34 prog length: 3
2023/01/26 06:02:34 deserializeInput: hasCrash false hasNet false
2023/01/26 06:02:34 prog length: 1
2023/01/26 06:02:34 deserializeInput: hasCrash false hasNet false
2023/01/26 06:02:34 prog length: 11
2023/01/26 06:02:34 deserializeInput: hasCrash false hasNet false
2023/01/26 06:02:34 prog length: 6
2023/01/26 06:02:34 deserializeInput: hasCrash false hasNet true
2023/01/26 06:02:34 prog length: 6
2023/01/26 06:02:34 prog length: 20
2023/01/26 06:02:34 deserializeInput: hasCrash false hasNet false
2023/01/26 06:02:34 prog length: 2
2023/01/26 06:02:34 deserializeInput: hasCrash false hasNet false
2023/01/26 06:02:34 prog length: 2
2023/01/26 06:02:34 deserializeInput: hasCrash false hasNet false
2023/01/26 06:02:34 prog length: 3
2023/01/26 06:02:34 deserializeInput: hasCrash false hasNet false
2023/01/26 06:02:34 prog length: 2
2023/01/26 06:02:34 deserializeInput: hasCrash true hasNet false
2023/01/26 06:02:34 prog length: 6
2023/01/26 06:02:34 prog length: 3
2023/01/26 06:02:34 deserializeInput: hasCrash false hasNet false
2023/01/26 06:02:34 prog length: 2
2023/01/26 06:02:34 deserializeInput: hasCrash false hasNet false
2023/01/26 06:02:34 prog length: 7
2023/01/26 06:02:34 deserializeInput: hasCrash false hasNet false
2023/01/26 06:02:34 prog length: 1
2023/01/26 06:02:34 deserializeInput: hasCrash true hasNet false
2023/01/26 06:02:34 prog length: 6
2023/01/26 06:02:34 prog length: 3
2023/01/26 06:02:34 deserializeInput: hasCrash false hasNet false
2023/01/26 06:02:34 prog length: 2
2023/01/26 06:02:34 deserializeInput: hasCrash true hasNet false
2023/01/26 06:02:34 prog length: 6
2023/01/26 06:02:34 prog length: 3
2023/01/26 06:02:34 deserializeInput: hasCrash false hasNet false
2023/01/26 06:02:34 prog length: 3
2023/01/26 06:02:34 deserializeInput: hasCrash false hasNet false
2023/01/26 06:02:34 prog length: 2
2023/01/26 06:02:34 deserializeInput: hasCrash false hasNet false
2023/01/26 06:02:34 prog length: 2
2023/01/26 06:02:34 deserializeInput: hasCrash false hasNet false
2023/01/26 06:02:34 prog length: 4
2023/01/26 06:02:34 deserializeInput: hasCrash false hasNet false
2023/01/26 06:02:34 prog length: 4
2023/01/26 06:02:34 deserializeInput: hasCrash false hasNet false
2023/01/26 06:02:34 prog length: 1
2023/01/26 06:02:34 deserializeInput: hasCrash false hasNet false
2023/01/26 06:02:34 prog length: 1
2023/01/26 06:02:34 deserializeInput: hasCrash false hasNet false
2023/01/26 06:02:34 prog length: 3
2023/01/26 06:02:34 deserializeInput: hasCrash false hasNet false
2023/01/26 06:02:34 prog length: 2
2023/01/26 06:02:34 deserializeInput: hasCrash true hasNet false
2023/01/26 06:02:34 prog length: 6
2023/01/26 06:02:34 prog length: 4
2023/01/26 06:02:34 deserializeInput: hasCrash false hasNet true
2023/01/26 06:02:34 prog length: 6
2023/01/26 06:02:34 prog length: 19
2023/01/26 06:02:34 deserializeInput: hasCrash false hasNet false
2023/01/26 06:02:34 prog length: 2
2023/01/26 06:02:34 deserializeInput: hasCrash false hasNet false
2023/01/26 06:02:34 prog length: 2
2023/01/26 06:02:34 deserializeInput: hasCrash false hasNet false
2023/01/26 06:02:34 prog length: 4
2023/01/26 06:02:34 deserializeInput: hasCrash false hasNet false
2023/01/26 06:02:34 prog length: 2
2023/01/26 06:02:34 deserializeInput: hasCrash false hasNet false
2023/01/26 06:02:34 prog length: 1
2023/01/26 06:02:34 deserializeInput: hasCrash false hasNet false
2023/01/26 06:02:34 prog length: 2
2023/01/26 06:02:34 deserializeInput: hasCrash false hasNet false
2023/01/26 06:02:34 prog length: 4
2023/01/26 06:02:34 deserializeInput: hasCrash false hasNet false
2023/01/26 06:02:34 prog length: 4
2023/01/26 06:02:34 deserializeInput: hasCrash false hasNet false
2023/01/26 06:02:34 prog length: 1
2023/01/26 06:02:34 deserializeInput: hasCrash false hasNet true
2023/01/26 06:02:34 prog length: 6
2023/01/26 06:02:34 prog length: 20
2023/01/26 06:02:34 deserializeInput: hasCrash false hasNet false
2023/01/26 06:02:34 prog length: 1
2023/01/26 06:02:34 deserializeInput: hasCrash false hasNet false
2023/01/26 06:02:34 prog length: 3
2023/01/26 06:02:34 deserializeInput: hasCrash false hasNet false
2023/01/26 06:02:34 prog length: 4
2023/01/26 06:02:34 deserializeInput: hasCrash false hasNet false
2023/01/26 06:02:34 prog length: 3
2023/01/26 06:02:34 deserializeInput: hasCrash false hasNet false
2023/01/26 06:02:34 prog length: 3
2023/01/26 06:02:34 deserializeInput: hasCrash false hasNet false
2023/01/26 06:02:34 prog length: 9
2023/01/26 06:02:34 deserializeInput: hasCrash false hasNet false
2023/01/26 06:02:34 prog length: 2
2023/01/26 06:02:34 deserializeInput: hasCrash false hasNet false
2023/01/26 06:02:34 prog length: 2
2023/01/26 06:02:34 deserializeInput: hasCrash false hasNet false
2023/01/26 06:02:34 prog length: 6
2023/01/26 06:02:34 fetching corpus: 250, signal 9094/28917/38492 (executing program)
2023/01/26 06:02:35 poll: candidates=0 inputs=50 signal=2000
2023/01/26 06:02:35 deserializeInput: hasCrash false hasNet true
2023/01/26 06:02:35 prog length: 6
2023/01/26 06:02:35 prog length: 5
2023/01/26 06:02:35 deserializeInput: hasCrash true hasNet true
2023/01/26 06:02:35 prog length: 6
2023/01/26 06:02:35 prog length: 12
2023/01/26 06:02:35 prog length: 7
2023/01/26 06:02:35 deserializeInput: hasCrash false hasNet false
2023/01/26 06:02:35 prog length: 1
2023/01/26 06:02:35 deserializeInput: hasCrash false hasNet false
2023/01/26 06:02:35 prog length: 1
2023/01/26 06:02:35 deserializeInput: hasCrash false hasNet false
2023/01/26 06:02:35 prog length: 2
2023/01/26 06:02:35 deserializeInput: hasCrash false hasNet false
2023/01/26 06:02:35 prog length: 2
2023/01/26 06:02:35 deserializeInput: hasCrash false hasNet false
2023/01/26 06:02:35 prog length: 1
2023/01/26 06:02:35 deserializeInput: hasCrash false hasNet true
2023/01/26 06:02:35 prog length: 6
2023/01/26 06:02:35 prog length: 5
2023/01/26 06:02:35 deserializeInput: hasCrash false hasNet true
2023/01/26 06:02:35 prog length: 6
2023/01/26 06:02:35 prog length: 20
2023/01/26 06:02:35 deserializeInput: hasCrash true hasNet false
2023/01/26 06:02:35 prog length: 6
2023/01/26 06:02:35 prog length: 3
2023/01/26 06:02:35 deserializeInput: hasCrash false hasNet false
2023/01/26 06:02:35 prog length: 4
2023/01/26 06:02:35 deserializeInput: hasCrash false hasNet false
2023/01/26 06:02:35 prog length: 2
2023/01/26 06:02:35 deserializeInput: hasCrash false hasNet false
2023/01/26 06:02:35 prog length: 2
2023/01/26 06:02:35 deserializeInput: hasCrash false hasNet false
2023/01/26 06:02:35 prog length: 6
2023/01/26 06:02:35 deserializeInput: hasCrash false hasNet false
2023/01/26 06:02:35 prog length: 2
2023/01/26 06:02:35 deserializeInput: hasCrash false hasNet false
2023/01/26 06:02:35 prog length: 16
2023/01/26 06:02:35 deserializeInput: hasCrash false hasNet false
2023/01/26 06:02:35 prog length: 1
2023/01/26 06:02:35 deserializeInput: hasCrash false hasNet false
2023/01/26 06:02:35 prog length: 2
2023/01/26 06:02:35 deserializeInput: hasCrash false hasNet false
2023/01/26 06:02:35 prog length: 1
2023/01/26 06:02:35 deserializeInput: hasCrash false hasNet false
2023/01/26 06:02:35 prog length: 2
2023/01/26 06:02:35 deserializeInput: hasCrash false hasNet false
2023/01/26 06:02:35 prog length: 2
2023/01/26 06:02:35 deserializeInput: hasCrash false hasNet false
2023/01/26 06:02:35 prog length: 2
2023/01/26 06:02:35 deserializeInput: hasCrash false hasNet false
2023/01/26 06:02:35 prog length: 1
2023/01/26 06:02:35 deserializeInput: hasCrash false hasNet false
2023/01/26 06:02:35 prog length: 1
2023/01/26 06:02:35 deserializeInput: hasCrash false hasNet false
2023/01/26 06:02:35 prog length: 1
2023/01/26 06:02:35 deserializeInput: hasCrash false hasNet false
2023/01/26 06:02:35 prog length: 3
2023/01/26 06:02:35 deserializeInput: hasCrash false hasNet false
2023/01/26 06:02:35 prog length: 3
2023/01/26 06:02:35 deserializeInput: hasCrash false hasNet false
2023/01/26 06:02:35 prog length: 2
2023/01/26 06:02:35 deserializeInput: hasCrash false hasNet true
2023/01/26 06:02:35 prog length: 6
2023/01/26 06:02:35 prog length: 20
2023/01/26 06:02:35 deserializeInput: hasCrash false hasNet false
2023/01/26 06:02:35 prog length: 2
2023/01/26 06:02:35 deserializeInput: hasCrash false hasNet false
2023/01/26 06:02:35 prog length: 1
2023/01/26 06:02:35 deserializeInput: hasCrash false hasNet false
2023/01/26 06:02:35 prog length: 4
2023/01/26 06:02:35 deserializeInput: hasCrash false hasNet true
2023/01/26 06:02:35 prog length: 6
2023/01/26 06:02:35 prog length: 4
2023/01/26 06:02:35 deserializeInput: hasCrash false hasNet true
2023/01/26 06:02:35 prog length: 18
2023/01/26 06:02:35 prog length: 10
2023/01/26 06:02:35 deserializeInput: hasCrash false hasNet false
2023/01/26 06:02:35 prog length: 2
2023/01/26 06:02:35 deserializeInput: hasCrash false hasNet true
2023/01/26 06:02:35 prog length: 18
2023/01/26 06:02:35 prog length: 12
2023/01/26 06:02:35 deserializeInput: hasCrash false hasNet false
2023/01/26 06:02:35 prog length: 1
2023/01/26 06:02:35 deserializeInput: hasCrash false hasNet false
2023/01/26 06:02:35 prog length: 1
2023/01/26 06:02:35 deserializeInput: hasCrash false hasNet false
2023/01/26 06:02:35 prog length: 1
2023/01/26 06:02:35 deserializeInput: hasCrash false hasNet false
2023/01/26 06:02:35 prog length: 1
2023/01/26 06:02:35 deserializeInput: hasCrash false hasNet false
2023/01/26 06:02:35 prog length: 3
2023/01/26 06:02:35 deserializeInput: hasCrash true hasNet true
2023/01/26 06:02:35 prog length: 6
2023/01/26 06:02:35 prog length: 12
2023/01/26 06:02:35 prog length: 9
2023/01/26 06:02:35 deserializeInput: hasCrash false hasNet false
2023/01/26 06:02:35 prog length: 9
2023/01/26 06:02:35 deserializeInput: hasCrash false hasNet false
2023/01/26 06:02:35 prog length: 1
2023/01/26 06:02:35 deserializeInput: hasCrash false hasNet false
2023/01/26 06:02:35 prog length: 2
2023/01/26 06:02:35 deserializeInput: hasCrash false hasNet false
2023/01/26 06:02:35 prog length: 4
2023/01/26 06:02:35 deserializeInput: hasCrash false hasNet false
2023/01/26 06:02:35 prog length: 3
2023/01/26 06:02:35 deserializeInput: hasCrash false hasNet false
2023/01/26 06:02:35 prog length: 5
2023/01/26 06:02:35 deserializeInput: hasCrash false hasNet true
2023/01/26 06:02:35 prog length: 6
2023/01/26 06:02:35 prog length: 4
2023/01/26 06:02:35 deserializeInput: hasCrash false hasNet true
2023/01/26 06:02:35 prog length: 6
2023/01/26 06:02:35 prog length: 8
2023/01/26 06:02:35 fetching corpus: 300, signal 9196/30503/40375 (executing program)
2023/01/26 06:02:35 poll: candidates=0 inputs=50 signal=2000
2023/01/26 06:02:35 deserializeInput: hasCrash false hasNet false
2023/01/26 06:02:35 prog length: 1
2023/01/26 06:02:35 deserializeInput: hasCrash false hasNet false
2023/01/26 06:02:35 prog length: 3
2023/01/26 06:02:35 deserializeInput: hasCrash false hasNet false
2023/01/26 06:02:35 prog length: 2
2023/01/26 06:02:35 deserializeInput: hasCrash false hasNet false
2023/01/26 06:02:35 prog length: 6
2023/01/26 06:02:35 deserializeInput: hasCrash false hasNet false
2023/01/26 06:02:35 prog length: 2
2023/01/26 06:02:35 deserializeInput: hasCrash false hasNet false
2023/01/26 06:02:35 prog length: 1
2023/01/26 06:02:35 deserializeInput: hasCrash true hasNet false
2023/01/26 06:02:35 prog length: 6
2023/01/26 06:02:35 prog length: 3
2023/01/26 06:02:35 deserializeInput: hasCrash true hasNet false
2023/01/26 06:02:35 prog length: 6
2023/01/26 06:02:35 prog length: 3
2023/01/26 06:02:35 deserializeInput: hasCrash true hasNet false
2023/01/26 06:02:35 prog length: 6
2023/01/26 06:02:35 prog length: 4
2023/01/26 06:02:35 deserializeInput: hasCrash false hasNet false
2023/01/26 06:02:35 prog length: 2
2023/01/26 06:02:35 deserializeInput: hasCrash false hasNet false
2023/01/26 06:02:35 prog length: 3
2023/01/26 06:02:35 deserializeInput: hasCrash false hasNet false
2023/01/26 06:02:35 prog length: 1
2023/01/26 06:02:35 deserializeInput: hasCrash false hasNet false
2023/01/26 06:02:35 prog length: 3
2023/01/26 06:02:35 deserializeInput: hasCrash false hasNet false
2023/01/26 06:02:35 prog length: 1
2023/01/26 06:02:35 deserializeInput: hasCrash false hasNet false
2023/01/26 06:02:35 prog length: 1
2023/01/26 06:02:35 deserializeInput: hasCrash false hasNet true
2023/01/26 06:02:35 prog length: 6
2023/01/26 06:02:35 prog length: 6
2023/01/26 06:02:35 deserializeInput: hasCrash false hasNet false
2023/01/26 06:02:35 prog length: 2
2023/01/26 06:02:35 deserializeInput: hasCrash true hasNet false
2023/01/26 06:02:35 prog length: 6
2023/01/26 06:02:35 prog length: 3
2023/01/26 06:02:35 deserializeInput: hasCrash false hasNet false
2023/01/26 06:02:35 prog length: 2
2023/01/26 06:02:35 deserializeInput: hasCrash false hasNet false
2023/01/26 06:02:35 prog length: 2
2023/01/26 06:02:35 deserializeInput: hasCrash false hasNet false
2023/01/26 06:02:35 prog length: 1
2023/01/26 06:02:35 deserializeInput: hasCrash false hasNet false
2023/01/26 06:02:35 prog length: 1
2023/01/26 06:02:35 deserializeInput: hasCrash false hasNet false
2023/01/26 06:02:35 prog length: 2
2023/01/26 06:02:35 deserializeInput: hasCrash false hasNet false
2023/01/26 06:02:35 prog length: 2
2023/01/26 06:02:35 deserializeInput: hasCrash false hasNet false
2023/01/26 06:02:35 prog length: 1
2023/01/26 06:02:35 deserializeInput: hasCrash false hasNet false
2023/01/26 06:02:35 prog length: 2
2023/01/26 06:02:35 deserializeInput: hasCrash false hasNet false
2023/01/26 06:02:35 prog length: 5
2023/01/26 06:02:35 deserializeInput: hasCrash false hasNet true
2023/01/26 06:02:35 prog length: 6
2023/01/26 06:02:35 prog length: 4
2023/01/26 06:02:35 deserializeInput: hasCrash false hasNet false
2023/01/26 06:02:35 prog length: 1
2023/01/26 06:02:35 deserializeInput: hasCrash false hasNet true
2023/01/26 06:02:35 prog length: 6
2023/01/26 06:02:35 prog length: 7
2023/01/26 06:02:35 deserializeInput: hasCrash false hasNet false
2023/01/26 06:02:35 prog length: 2
2023/01/26 06:02:35 deserializeInput: hasCrash false hasNet false
2023/01/26 06:02:35 prog length: 2
2023/01/26 06:02:35 deserializeInput: hasCrash false hasNet true
2023/01/26 06:02:35 prog length: 18
2023/01/26 06:02:35 prog length: 11
2023/01/26 06:02:35 deserializeInput: hasCrash false hasNet false
2023/01/26 06:02:35 prog length: 2
2023/01/26 06:02:35 deserializeInput: hasCrash false hasNet false
2023/01/26 06:02:35 prog length: 3
2023/01/26 06:02:35 deserializeInput: hasCrash false hasNet false
2023/01/26 06:02:35 prog length: 3
2023/01/26 06:02:35 deserializeInput: hasCrash false hasNet false
2023/01/26 06:02:35 prog length: 2
2023/01/26 06:02:35 deserializeInput: hasCrash false hasNet true
2023/01/26 06:02:35 prog length: 6
2023/01/26 06:02:35 prog length: 12
2023/01/26 06:02:35 prog length: 10
2023/01/26 06:02:35 deserializeInput: hasCrash false hasNet false
2023/01/26 06:02:35 prog length: 2
2023/01/26 06:02:35 deserializeInput: hasCrash false hasNet false
2023/01/26 06:02:35 prog length: 2
2023/01/26 06:02:35 deserializeInput: hasCrash false hasNet false
2023/01/26 06:02:35 prog length: 3
2023/01/26 06:02:35 deserializeInput: hasCrash false hasNet false
2023/01/26 06:02:35 prog length: 2
2023/01/26 06:02:35 deserializeInput: hasCrash false hasNet false
2023/01/26 06:02:35 prog length: 2
2023/01/26 06:02:35 deserializeInput: hasCrash false hasNet false
2023/01/26 06:02:35 prog length: 1
2023/01/26 06:02:35 deserializeInput: hasCrash true hasNet false
2023/01/26 06:02:35 prog length: 6
2023/01/26 06:02:35 prog length: 3
2023/01/26 06:02:35 deserializeInput: hasCrash false hasNet false
2023/01/26 06:02:35 prog length: 3
2023/01/26 06:02:35 deserializeInput: hasCrash false hasNet false
2023/01/26 06:02:35 prog length: 2
2023/01/26 06:02:35 deserializeInput: hasCrash false hasNet false
2023/01/26 06:02:35 prog length: 2
2023/01/26 06:02:35 deserializeInput: hasCrash false hasNet false
2023/01/26 06:02:35 prog length: 3
2023/01/26 06:02:35 deserializeInput: hasCrash true hasNet false
2023/01/26 06:02:35 prog length: 6
2023/01/26 06:02:35 prog length: 3
2023/01/26 06:02:35 fetching corpus: 350, signal 9240/30887/41106 (executing program)
2023/01/26 06:02:35 poll: candidates=0 inputs=23 signal=2000
2023/01/26 06:02:35 deserializeInput: hasCrash false hasNet false
2023/01/26 06:02:35 prog length: 2
2023/01/26 06:02:35 deserializeInput: hasCrash false hasNet false
2023/01/26 06:02:35 prog length: 1
2023/01/26 06:02:35 deserializeInput: hasCrash false hasNet false
2023/01/26 06:02:35 prog length: 5
2023/01/26 06:02:35 deserializeInput: hasCrash false hasNet false
2023/01/26 06:02:35 prog length: 2
2023/01/26 06:02:35 deserializeInput: hasCrash false hasNet false
2023/01/26 06:02:35 prog length: 2
2023/01/26 06:02:35 deserializeInput: hasCrash false hasNet true
2023/01/26 06:02:35 prog length: 6
2023/01/26 06:02:35 prog length: 20
2023/01/26 06:02:35 deserializeInput: hasCrash false hasNet false
2023/01/26 06:02:35 prog length: 2
2023/01/26 06:02:35 deserializeInput: hasCrash false hasNet false
2023/01/26 06:02:35 prog length: 3
2023/01/26 06:02:35 deserializeInput: hasCrash false hasNet false
2023/01/26 06:02:35 prog length: 2
2023/01/26 06:02:35 deserializeInput: hasCrash false hasNet false
2023/01/26 06:02:35 prog length: 2
2023/01/26 06:02:35 deserializeInput: hasCrash false hasNet true
2023/01/26 06:02:35 prog length: 6
2023/01/26 06:02:35 prog length: 12
2023/01/26 06:02:35 deserializeInput: hasCrash false hasNet false
2023/01/26 06:02:35 prog length: 1
2023/01/26 06:02:35 deserializeInput: hasCrash false hasNet true
2023/01/26 06:02:35 prog length: 6
2023/01/26 06:02:35 prog length: 16
2023/01/26 06:02:35 deserializeInput: hasCrash false hasNet false
2023/01/26 06:02:35 prog length: 2
2023/01/26 06:02:35 deserializeInput: hasCrash false hasNet false
2023/01/26 06:02:35 prog length: 1
2023/01/26 06:02:35 deserializeInput: hasCrash false hasNet false
2023/01/26 06:02:35 prog length: 2
2023/01/26 06:02:35 deserializeInput: hasCrash false hasNet false
2023/01/26 06:02:35 prog length: 2
2023/01/26 06:02:35 deserializeInput: hasCrash false hasNet false
2023/01/26 06:02:35 prog length: 2
2023/01/26 06:02:35 deserializeInput: hasCrash true hasNet false
2023/01/26 06:02:35 prog length: 6
2023/01/26 06:02:35 prog length: 4
2023/01/26 06:02:35 deserializeInput: hasCrash false hasNet false
2023/01/26 06:02:35 prog length: 1
2023/01/26 06:02:35 deserializeInput: hasCrash false hasNet false
2023/01/26 06:02:35 prog length: 2
2023/01/26 06:02:35 deserializeInput: hasCrash false hasNet false
2023/01/26 06:02:35 prog length: 2
2023/01/26 06:02:35 deserializeInput: hasCrash false hasNet true
2023/01/26 06:02:35 prog length: 6
2023/01/26 06:02:35 prog length: 18
2023/01/26 06:02:35 fetching corpus: 373, signal 9385/31240/41806 (executing program)
2023/01/26 06:02:35 poll: candidates=0 inputs=0 signal=2000
2023/01/26 06:02:35 fetching corpus: 373, signal 9385/31240/42181 (executing program)
2023/01/26 06:02:35 poll: candidates=0 inputs=0 signal=2000
2023/01/26 06:02:35 fetching corpus: 373, signal 9385/31240/42576 (executing program)
2023/01/26 06:02:35 poll: candidates=0 inputs=0 signal=2000
2023/01/26 06:02:35 fetching corpus: 373, signal 9385/31240/42988 (executing program)
2023/01/26 06:02:35 poll: candidates=0 inputs=0 signal=2000
2023/01/26 06:02:35 fetching corpus: 373, signal 9385/31240/43403 (executing program)
2023/01/26 06:02:35 poll: candidates=0 inputs=0 signal=2000
2023/01/26 06:02:35 fetching corpus: 373, signal 9385/31240/43815 (executing program)
2023/01/26 06:02:35 poll: candidates=0 inputs=0 signal=2000
2023/01/26 06:02:35 fetching corpus: 373, signal 9385/31240/44222 (executing program)
2023/01/26 06:02:35 poll: candidates=0 inputs=0 signal=2000
2023/01/26 06:02:35 fetching corpus: 373, signal 9385/31240/44633 (executing program)
2023/01/26 06:02:35 poll: candidates=0 inputs=0 signal=526
2023/01/26 06:02:35 fetching corpus: 373, signal 9385/31240/44733 (executing program)
2023/01/26 06:02:35 poll: candidates=0 inputs=0 signal=0
2023/01/26 06:02:35 fetching corpus: 373, signal 9385/31240/44733 (executing program)
2023/01/26 06:02:35 sync: 3789, recv: 3787, send: 3788, up: 3790, down: 3784, net_up: 3786, net_down: 3785
2023/01/26 06:02:35 starting 1 fuzzer processes
2023/01/26 06:02:35 ----- generateCall 3678 setxattr$user setxattr$user
2023/01/26 06:02:35 ----- generateCall 2780 readlink readlink
2023/01/26 06:02:35 ----- generateCall 3678 setxattr$user setxattr$user
2023/01/26 06:02:35 ----- generateCall 3678 setxattr$user setxattr$user
2023/01/26 06:02:35 ----- generateCall 3678 setxattr$user setxattr$user
2023/01/26 06:02:35 ----- generateCall 2458 open open
2023/01/26 06:02:35 ----- generateCall 121 chmod chmod
2023/01/26 06:02:35 ----- generateCall 2459 open$dir open$dir
2023/01/26 06:02:35 ----- generateCall 3678 setxattr$user setxattr$user
2023/01/26 06:02:35 ----- generateCall 3678 setxattr$user setxattr$user
2023/01/26 06:02:35 ----- generateCall 3670 setxattr$security_smack_transmute setxattr$security_smack_transmute
2023/01/26 06:02:35 ----- generateCall 2346 listxattr listxattr
2023/01/26 06:02:35 ----- generateCall 2459 open$dir open$dir
2023/01/26 06:02:35 ----- generateCall 3678 setxattr$user setxattr$user
2023/01/26 06:02:35 ----- generateCall 2780 readlink readlink
2023/01/26 06:02:35 ----- generateCall 3678 setxattr$user setxattr$user
2023/01/26 06:02:35 ----- generateCall 2458 open open
2023/01/26 06:02:35 ----- generateCall 2808 removexattr removexattr
2023/01/26 06:02:35 ----- generateCall 3678 setxattr$user setxattr$user
2023/01/26 06:02:35 ----- generateCall 3678 setxattr$user setxattr$user
2023/01/26 06:02:35 map[./file0:true]
2023/01/26 06:02:35 #0: generated
2023/01/26 06:02:35 HasCrashFail: false, .HasNetFail: false
2023/01/26 06:02:35 before return in CmpProgs, HasNetFail: false, HasCrashFail: false
symc3 prog: v0[] = "./file0";
v1[100];
v2[] = "";
v3[] = "./file0";
v4[] = "98";
v5[] = "./file0";
v6[100];
v7[] = "";
v8[] = "./file0";
v9[100];
v10[] = "user.test";
v11[] = "./file0";
v12[100];
v13[] = "";
v14[] = "./file0";
v15[] = "./file0";
v16[] = "./file0";
v17[] = "./file0";
v18[100];
v19[] = "user.test";
v20[] = ".";
v21[100];
v22[] = "^+";
v23[] = "./file0";
v24[100];
v25[100];
v26[] = "./file0";
v27[] = "4096";
v28[] = "./file0";
v29[] = "./file0";
v30[100];
v31[] = "TRUE";
v32[] = "./file0";
v33[] = "101";
v34[] = "./file0";
v35[100];
v36[] = "user.test";
v37[] = "./file0";
v38[] = "./file0";
v39[] = "system.sockprotoname";
v40[] = "./file0";
v41[100];
v42[] = "";
v43[] = "./file0";
v44[100];
v45[] = "security.SMACK64TRANSMUTE";

syscall(SYS_setxattr, v0, v1, v2, 1, 3);
syscall(SYS_readlink, v3, v4, 98);
syscall(SYS_setxattr, v5, v6, v7, 1, 2);
syscall(SYS_setxattr, v8, v9, v10, 10, 1);
syscall(SYS_setxattr, v11, v12, v13, 1, 2);
syscall(SYS_open, v14, 2098177, 48);
syscall(SYS_chmod, v15, 35);
syscall(SYS_open, v16, 131072, 12721390327453099375);
syscall(SYS_setxattr, v17, v18, v19, 10, 0);
syscall(SYS_setxattr, v20, v21, v22, 3, 3);
syscall(SYS_setxattr, v23, v24, v25, 4, 1);
syscall(SYS_listxattr, v26, v27, 4096);
syscall(SYS_open, v28, 259, 352);
syscall(SYS_setxattr, v29, v30, v31, 4, 3);
syscall(SYS_readlink, v32, v33, 101);
syscall(SYS_setxattr, v34, v35, v36, 10, 3);
syscall(SYS_open, v37, 67968, 3);
syscall(SYS_removexattr, v38, v39);
syscall(SYS_setxattr, v40, v41, v42, 1, 3);
syscall(SYS_setxattr, v43, v44, v45, 26, 0);

2023/01/26 06:02:35 prog length: 20
2023/01/26 06:02:35 poll: candidates=0 inputs=0 signal=0
2023/01/26 06:02:35 HasCrashFail:false HasNetFail:false
06:02:35 ---executing program 0:
---
---
---
setxattr$user(&(0x7f0000000000)='./file0\x00', &(0x7f0000000040), &(0x7f0000000080)='\x00', 0x1, 0x3)
readlink(&(0x7f00000000c0)='./file0\x00', &(0x7f0000000100)=""/98, 0x62)
setxattr$user(&(0x7f0000000180)='./file0\x00', &(0x7f00000001c0), &(0x7f0000000200)='\x00', 0x1, 0x2)
setxattr$user(&(0x7f0000000240)='./file0\x00', &(0x7f0000000280), &(0x7f00000002c0)='user.test\x00', 0xa, 0x1)
setxattr$user(&(0x7f0000000300)='./file0\x00', &(0x7f0000000340), &(0x7f0000000380)='\x00', 0x1, 0x2)
open(&(0x7f00000003c0)='./file0\x00', 0x200401, 0x30)
chmod(&(0x7f0000000400)='./file0\x00', 0x23)
open$dir(&(0x7f0000000440)='./file0\x00', 0x20000, 0xb08b751a1ceea56f)
setxattr$user(&(0x7f0000000480)='./file0\x00', &(0x7f00000004c0), &(0x7f0000000500)='user.test\x00', 0xa, 0x0)
setxattr$user(&(0x7f0000000540)='.\x00', &(0x7f0000000580), &(0x7f00000005c0)='^+\x00', 0x3, 0x3)
setxattr$security_smack_transmute(&(0x7f0000000600)='./file0\x00', &(0x7f0000000640), &(0x7f0000000680), 0x4, 0x1)
listxattr(&(0x7f00000006c0)='./file0\x00', &(0x7f0000000700)=""/4096, 0x1000)
open$dir(&(0x7f0000001700)='./file0\x00', 0x103, 0x160)
setxattr$user(&(0x7f0000001740)='./file0\x00', &(0x7f0000001780), &(0x7f00000017c0)='TRUE', 0x4, 0x3)
readlink(&(0x7f0000001800)='./file0\x00', &(0x7f0000001840)=""/101, 0x65)
setxattr$user(&(0x7f00000018c0)='./file0\x00', &(0x7f0000001900), &(0x7f0000001940)='user.test\x00', 0xa, 0x3)
open(&(0x7f0000001980)='./file0\x00', 0x10980, 0x3)
removexattr(&(0x7f00000019c0)='./file0\x00', &(0x7f0000001a00)=@known='system.sockprotoname\x00')
setxattr$user(&(0x7f0000001a40)='./file0\x00', &(0x7f0000001a80), &(0x7f0000001ac0)='\x00', 0x1, 0x3)
setxattr$user(&(0x7f0000001b00)='./file0\x00', &(0x7f0000001b40), &(0x7f0000001b80)='security.SMACK64TRANSMUTE\x00', 0x1a, 0x0)
---

end of program
2023/01/26 06:02:35 -----run executor: [/usr/bin/ssh -F /dev/null -o ConnectionAttempts=100 -o ConnectTimeout=120 -o UserKnownHostsFile=/dev/null -o BatchMode=yes -o IdentitiesOnly=yes -o StrictHostKeyChecking=no -o ConnectTimeout=100 -i /home/tlyu/dfs-fuzzing/disk-images/glusterfs-images/focal.id_rsa -v root@192.168.0.50 /root/syz-executor exec 0 0 glusterfs 3 4 192.168.0.50 0 "3 1 ''" false false false false false]
2023/01/26 06:02:35 -----run executor: [/usr/bin/ssh -F /dev/null -o ConnectionAttempts=100 -o ConnectTimeout=120 -o UserKnownHostsFile=/dev/null -o BatchMode=yes -o IdentitiesOnly=yes -o StrictHostKeyChecking=no -o ConnectTimeout=100 -i /home/tlyu/dfs-fuzzing/disk-images/glusterfs-images/focal.id_rsa -v root@192.168.0.51 /root/syz-executor exec 0 1 glusterfs 3 4 192.168.0.50 0 "3 1 ''" false false false false false]
2023/01/26 06:02:35 -----run executor: [/usr/bin/ssh -F /dev/null -o ConnectionAttempts=100 -o ConnectTimeout=120 -o UserKnownHostsFile=/dev/null -o BatchMode=yes -o IdentitiesOnly=yes -o StrictHostKeyChecking=no -o ConnectTimeout=100 -i /home/tlyu/dfs-fuzzing/disk-images/glusterfs-images/focal.id_rsa -v root@192.168.0.52 /root/syz-executor exec 0 2 glusterfs 3 4 192.168.0.50 0 "3 1 ''" false false false false false]
2023/01/26 06:02:35 -----run executor: [/usr/bin/ssh -F /dev/null -o ConnectionAttempts=100 -o ConnectTimeout=120 -o UserKnownHostsFile=/dev/null -o BatchMode=yes -o IdentitiesOnly=yes -o StrictHostKeyChecking=no -o ConnectTimeout=100 -i /home/tlyu/dfs-fuzzing/disk-images/glusterfs-images/focal.id_rsa -v root@192.168.0.53 /root/syz-executor exec 1 3 glusterfs 3 4 192.168.0.50 0 "3 1 ''" false false false false false]
OpenSSH_8.2p1 Ubuntu-4ubuntu0.5, OpenSSL 1.1.1f  31 Mar 2020
OpenSSH_8.2p1 Ubuntu-4ubuntu0.5, OpenSSL 1.1.1f  31 Mar 2020
debug1: Reading configuration data /dev/null
debug1: Reading configuration data /dev/null
OpenSSH_8.2p1 Ubuntu-4ubuntu0.5, OpenSSL 1.1.1f  31 Mar 2020
debug1: Reading configuration data /dev/null
debug1: Connecting to 192.168.0.50 [192.168.0.50] port 22.
debug1: Connecting to 192.168.0.51 [192.168.0.51] port 22.
OpenSSH_8.2p1 Ubuntu-4ubuntu0.5, OpenSSL 1.1.1f  31 Mar 2020
debug1: Reading configuration data /dev/null
debug1: Connecting to 192.168.0.52 [192.168.0.52] port 22.
debug1: Connecting to 192.168.0.53 [192.168.0.53] port 22.
debug1: fd 3 clearing O_NONBLOCK
debug1: Connection established.
debug1: identity file /home/tlyu/dfs-fuzzing/disk-images/glusterfs-images/focal.id_rsa type -1
debug1: fd 3 clearing O_NONBLOCK
debug1: Connection established.
debug1: identity file /home/tlyu/dfs-fuzzing/disk-images/glusterfs-images/focal.id_rsa-cert type -1
debug1: Local version string SSH-2.0-OpenSSH_8.2p1 Ubuntu-4ubuntu0.5
debug1: fd 3 clearing O_NONBLOCK
debug1: Connection established.
debug1: identity file /home/tlyu/dfs-fuzzing/disk-images/glusterfs-images/focal.id_rsa type -1
debug1: identity file /home/tlyu/dfs-fuzzing/disk-images/glusterfs-images/focal.id_rsa-cert type -1
debug1: Local version string SSH-2.0-OpenSSH_8.2p1 Ubuntu-4ubuntu0.5
debug1: identity file /home/tlyu/dfs-fuzzing/disk-images/glusterfs-images/focal.id_rsa type -1
debug1: identity file /home/tlyu/dfs-fuzzing/disk-images/glusterfs-images/focal.id_rsa-cert type -1
debug1: Local version string SSH-2.0-OpenSSH_8.2p1 Ubuntu-4ubuntu0.5
debug1: fd 3 clearing O_NONBLOCK
debug1: Connection established.
debug1: identity file /home/tlyu/dfs-fuzzing/disk-images/glusterfs-images/focal.id_rsa type -1
debug1: identity file /home/tlyu/dfs-fuzzing/disk-images/glusterfs-images/focal.id_rsa-cert type -1
debug1: Local version string SSH-2.0-OpenSSH_8.2p1 Ubuntu-4ubuntu0.5
debug1: Remote protocol version 2.0, remote software version OpenSSH_8.2p1 Ubuntu-4
debug1: match: OpenSSH_8.2p1 Ubuntu-4 pat OpenSSH* compat 0x04000000
debug1: Authenticating to 192.168.0.50:22 as 'root'
debug1: SSH2_MSG_KEXINIT sent
debug1: SSH2_MSG_KEXINIT received
debug1: kex: algorithm: curve25519-sha256
debug1: kex: host key algorithm: ecdsa-sha2-nistp256
debug1: kex: server->client cipher: chacha20-poly1305@openssh.com MAC: <implicit> compression: none
debug1: kex: client->server cipher: chacha20-poly1305@openssh.com MAC: <implicit> compression: none
debug1: expecting SSH2_MSG_KEX_ECDH_REPLY
debug1: Remote protocol version 2.0, remote software version OpenSSH_8.2p1 Ubuntu-4
debug1: match: OpenSSH_8.2p1 Ubuntu-4 pat OpenSSH* compat 0x04000000
debug1: Authenticating to 192.168.0.53:22 as 'root'
debug1: SSH2_MSG_KEXINIT sent
debug1: SSH2_MSG_KEXINIT received
debug1: kex: algorithm: curve25519-sha256
debug1: kex: host key algorithm: ecdsa-sha2-nistp256
debug1: kex: server->client cipher: chacha20-poly1305@openssh.com MAC: <implicit> compression: none
debug1: kex: client->server cipher: chacha20-poly1305@openssh.com MAC: <implicit> compression: none
debug1: Remote protocol version 2.0, remote software version OpenSSH_8.2p1 Ubuntu-4
debug1: match: OpenSSH_8.2p1 Ubuntu-4 pat OpenSSH* compat 0x04000000
debug1: Authenticating to 192.168.0.51:22 as 'root'
debug1: SSH2_MSG_KEXINIT sent
debug1: SSH2_MSG_KEXINIT received
debug1: kex: algorithm: curve25519-sha256
debug1: kex: host key algorithm: ecdsa-sha2-nistp256
debug1: kex: server->client cipher: chacha20-poly1305@openssh.com MAC: <implicit> compression: none
debug1: kex: client->server cipher: chacha20-poly1305@openssh.com MAC: <implicit> compression: none
debug1: expecting SSH2_MSG_KEX_ECDH_REPLY
debug1: expecting SSH2_MSG_KEX_ECDH_REPLY
debug1: Server host key: ecdsa-sha2-nistp256 SHA256:prHFi1G5XXPuzxIh2a5lJaY6ZWltf3+ajD/hEOIDid8
Warning: Permanently added '192.168.0.50' (ECDSA) to the list of known hosts.
debug1: Server host key: ecdsa-sha2-nistp256 SHA256:prHFi1G5XXPuzxIh2a5lJaY6ZWltf3+ajD/hEOIDid8
Warning: Permanently added '192.168.0.53' (ECDSA) to the list of known hosts.
debug1: rekey out after 134217728 blocks
debug1: SSH2_MSG_NEWKEYS sent
debug1: expecting SSH2_MSG_NEWKEYS
debug1: SSH2_MSG_NEWKEYS received
debug1: rekey in after 134217728 blocks
debug1: Will attempt key: /home/tlyu/dfs-fuzzing/disk-images/glusterfs-images/focal.id_rsa  explicit
debug1: SSH2_MSG_EXT_INFO received
debug1: kex_input_ext_info: server-sig-algs=<ssh-ed25519,sk-ssh-ed25519@openssh.com,ssh-rsa,rsa-sha2-256,rsa-sha2-512,ssh-dss,ecdsa-sha2-nistp256,ecdsa-sha2-nistp384,ecdsa-sha2-nistp521,sk-ecdsa-sha2-nistp256@openssh.com>
debug1: SSH2_MSG_SERVICE_ACCEPT received
debug1: Server host key: ecdsa-sha2-nistp256 SHA256:prHFi1G5XXPuzxIh2a5lJaY6ZWltf3+ajD/hEOIDid8
Warning: Permanently added '192.168.0.51' (ECDSA) to the list of known hosts.
debug1: rekey out after 134217728 blocks
debug1: SSH2_MSG_NEWKEYS sent
debug1: expecting SSH2_MSG_NEWKEYS
debug1: Remote protocol version 2.0, remote software version OpenSSH_8.2p1 Ubuntu-4
debug1: SSH2_MSG_NEWKEYS received
debug1: rekey in after 134217728 blocks
debug1: match: OpenSSH_8.2p1 Ubuntu-4 pat OpenSSH* compat 0x04000000
debug1: Authenticating to 192.168.0.52:22 as 'root'
debug1: Will attempt key: /home/tlyu/dfs-fuzzing/disk-images/glusterfs-images/focal.id_rsa  explicit
debug1: SSH2_MSG_EXT_INFO received
debug1: kex_input_ext_info: server-sig-algs=<ssh-ed25519,sk-ssh-ed25519@openssh.com,ssh-rsa,rsa-sha2-256,rsa-sha2-512,ssh-dss,ecdsa-sha2-nistp256,ecdsa-sha2-nistp384,ecdsa-sha2-nistp521,sk-ecdsa-sha2-nistp256@openssh.com>
debug1: SSH2_MSG_KEXINIT sent
debug1: SSH2_MSG_KEXINIT received
debug1: kex: algorithm: curve25519-sha256
debug1: kex: host key algorithm: ecdsa-sha2-nistp256
debug1: kex: server->client cipher: chacha20-poly1305@openssh.com MAC: <implicit> compression: none
debug1: kex: client->server cipher: chacha20-poly1305@openssh.com MAC: <implicit> compression: none
debug1: SSH2_MSG_SERVICE_ACCEPT received
debug1: rekey out after 134217728 blocks
debug1: SSH2_MSG_NEWKEYS sent
debug1: expecting SSH2_MSG_NEWKEYS
debug1: SSH2_MSG_NEWKEYS received
debug1: rekey in after 134217728 blocks
debug1: Will attempt key: /home/tlyu/dfs-fuzzing/disk-images/glusterfs-images/focal.id_rsa  explicit
debug1: SSH2_MSG_EXT_INFO received
debug1: kex_input_ext_info: server-sig-algs=<ssh-ed25519,sk-ssh-ed25519@openssh.com,ssh-rsa,rsa-sha2-256,rsa-sha2-512,ssh-dss,ecdsa-sha2-nistp256,ecdsa-sha2-nistp384,ecdsa-sha2-nistp521,sk-ecdsa-sha2-nistp256@openssh.com>
debug1: SSH2_MSG_SERVICE_ACCEPT received
debug1: expecting SSH2_MSG_KEX_ECDH_REPLY
debug1: Server host key: ecdsa-sha2-nistp256 SHA256:prHFi1G5XXPuzxIh2a5lJaY6ZWltf3+ajD/hEOIDid8
Warning: Permanently added '192.168.0.52' (ECDSA) to the list of known hosts.
debug1: rekey out after 134217728 blocks
debug1: SSH2_MSG_NEWKEYS sent
debug1: expecting SSH2_MSG_NEWKEYS
debug1: SSH2_MSG_NEWKEYS received
debug1: rekey in after 134217728 blocks
debug1: Will attempt key: /home/tlyu/dfs-fuzzing/disk-images/glusterfs-images/focal.id_rsa  explicit
debug1: SSH2_MSG_EXT_INFO received
debug1: kex_input_ext_info: server-sig-algs=<ssh-ed25519,sk-ssh-ed25519@openssh.com,ssh-rsa,rsa-sha2-256,rsa-sha2-512,ssh-dss,ecdsa-sha2-nistp256,ecdsa-sha2-nistp384,ecdsa-sha2-nistp521,sk-ecdsa-sha2-nistp256@openssh.com>
debug1: SSH2_MSG_SERVICE_ACCEPT received
debug1: Authentications that can continue: publickey,password
debug1: Next authentication method: publickey
debug1: Trying private key: /home/tlyu/dfs-fuzzing/disk-images/glusterfs-images/focal.id_rsa
debug1: Authentications that can continue: publickey,password
debug1: Next authentication method: publickey
debug1: Trying private key: /home/tlyu/dfs-fuzzing/disk-images/glusterfs-images/focal.id_rsa
debug1: Authentications that can continue: publickey,password
debug1: Next authentication method: publickey
debug1: Trying private key: /home/tlyu/dfs-fuzzing/disk-images/glusterfs-images/focal.id_rsa
debug1: Authentications that can continue: publickey,password
debug1: Next authentication method: publickey
debug1: Trying private key: /home/tlyu/dfs-fuzzing/disk-images/glusterfs-images/focal.id_rsa
debug1: Authentication succeeded (publickey).
Authenticated to 192.168.0.50 ([192.168.0.50]:22).
debug1: channel 0: new [client-session]
debug1: Requesting no-more-sessions@openssh.com
debug1: Entering interactive session.
debug1: pledge: network
debug1: Authentication succeeded (publickey).
Authenticated to 192.168.0.53 ([192.168.0.53]:22).
debug1: channel 0: new [client-session]
debug1: Requesting no-more-sessions@openssh.com
debug1: Entering interactive session.
debug1: pledge: network
debug1: Authentication succeeded (publickey).
Authenticated to 192.168.0.51 ([192.168.0.51]:22).
debug1: channel 0: new [client-session]
debug1: Requesting no-more-sessions@openssh.com
debug1: Entering interactive session.
debug1: pledge: network
debug1: Authentication succeeded (publickey).
Authenticated to 192.168.0.52 ([192.168.0.52]:22).
debug1: channel 0: new [client-session]
debug1: Requesting no-more-sessions@openssh.com
debug1: Entering interactive session.
debug1: pledge: network
debug1: client_input_global_request: rtype hostkeys-00@openssh.com want_reply 0
debug1: Remote: /root/.ssh/authorized_keys:1: key options: agent-forwarding port-forwarding pty user-rc x11-forwarding
debug1: client_input_global_request: rtype hostkeys-00@openssh.com want_reply 0
debug1: Remote: /root/.ssh/authorized_keys:1: key options: agent-forwarding port-forwarding pty user-rc x11-forwarding
debug1: client_input_global_request: rtype hostkeys-00@openssh.com want_reply 0
debug1: Remote: /root/.ssh/authorized_keys:1: key options: agent-forwarding port-forwarding pty user-rc x11-forwarding
debug1: client_input_global_request: rtype hostkeys-00@openssh.com want_reply 0
debug1: Remote: /root/.ssh/authorized_keys:1: key options: agent-forwarding port-forwarding pty user-rc x11-forwarding
debug1: Sending command: /root/syz-executor exec 0 0 glusterfs 3 4 192.168.0.50 0 "3 1 ''" false false false false false
debug1: Sending command: /root/syz-executor exec 0 1 glusterfs 3 4 192.168.0.50 0 "3 1 ''" false false false false false
debug1: Sending command: /root/syz-executor exec 1 3 glusterfs 3 4 192.168.0.50 0 "3 1 ''" false false false false false
syz_reboot() time executor starts at 1674709356:302
----- is restarting 0
---- dfs_name glusterfs is_dfs_client 0
debug1: Sending command: /root/syz-executor exec 0 2 glusterfs 3 4 192.168.0.50 0 "3 1 ''" false false false false false
unlink FIFO failed: No such file or directory
syz_reboot() time executor starts at 1674709355:960628
----- is restarting 0
---- dfs_name glusterfs is_dfs_client 1
[    0.000000] kernel: Linux version 5.15.0+ (tlyu@IC-RS3-DPC07) (gcc (Ubuntu 9.4.0-1ubuntu1~20.04.1) 9.4.0, GNU ld (GNU Binutils for Ubuntu) 2.34) #8 SMP Fri Jun 3 16:18:40 CEST 2022
[    0.000000] kernel: Command line: root=/dev/sda console=ttyS0 net.ifnames=0 ip=192.168.0.50
[    0.000000] kernel: x86/fpu: Supporting XSAVE feature 0x001: 'x87 floating point registers'
[    0.000000] kernel: x86/fpu: Supporting XSAVE feature 0x002: 'SSE registers'
[    0.000000] kernel: x86/fpu: Supporting XSAVE feature 0x004: 'AVX registers'
[    0.000000] kernel: x86/fpu: Supporting XSAVE feature 0x008: 'MPX bounds registers'
[    0.000000] kernel: x86/fpu: Supporting XSAVE feature 0x010: 'MPX CSR'
[    0.000000] kernel: x86/fpu: Supporting XSAVE feature 0x020: 'AVX-512 opmask'
[    0.000000] kernel: x86/fpu: Supporting XSAVE feature 0x040: 'AVX-512 Hi256'
[    0.000000] kernel: x86/fpu: Supporting XSAVE feature 0x080: 'AVX-512 ZMM_Hi256'
[    0.000000] kernel: x86/fpu: Supporting XSAVE feature 0x200: 'Protection Keys User registers'
[    0.000000] kernel: x86/fpu: xstate_offset[2]:  576, xstate_sizes[2]:  256
[    0.000000] kernel: x86/fpu: xstate_offset[3]:  832, xstate_sizes[3]:   64
[    0.000000] kernel: x86/fpu: xstate_offset[4]:  896, xstate_sizes[4]:   64
[    0.000000] kernel: x86/fpu: xstate_offset[5]:  960, xstate_sizes[5]:   64
[    0.000000] kernel: x86/fpu: xstate_offset[6]: 1024, xstate_sizes[6]:  512
[    0.000000] kernel: x86/fpu: xstate_offset[7]: 1536, xstate_sizes[7]: 1024
[    0.000000] kernel: x86/fpu: xstate_offset[9]: 2560, xstate_sizes[9]:    8
[    0.000000] kernel: x86/fpu: Enabled xstate features 0x2ff, context size is 2568 bytes, using 'compacted' format.
[    0.000000] kernel: signal: max sigframe size: 3632
[    0.000000] kernel: BIOS-provided physical RAM map:
[    0.000000] kernel: BIOS-e820: [mem 0x0000000000000000-0x000000000009fbff] usable
[    0.000000] kernel: BIOS-e820: [mem 0x000000000009fc00-0x000000000009ffff] reserved
[    0.000000] kernel: BIOS-e820: [mem 0x00000000000f0000-0x00000000000fffff] reserved
[    0.000000] kernel: BIOS-e820: [mem 0x0000000000100000-0x00000000bffdcfff] usable
[    0.000000] kernel: BIOS-e820: [mem 0x00000000bffdd000-0x00000000bfffffff] reserved
[    0.000000] kernel: BIOS-e820: [mem 0x00000000feffc000-0x00000000feffffff] reserved
[    0.000000] kernel: BIOS-e820: [mem 0x00000000fffc0000-0x00000000ffffffff] reserved
[    0.000000] kernel: BIOS-e820: [mem 0x0000000100000000-0x00000002bfffffff] usable
[    0.000000] kernel: NX (Execute Disable) protection: active
[    0.000000] kernel: SMBIOS 2.8 present.
[    0.000000] kernel: DMI: QEMU Standard PC (i440FX + PIIX, 1996), BIOS 1.13.0-1ubuntu1.1 04/01/2014
[    0.000000] kernel: Hypervisor detected: KVM
[    0.000000] kernel: kvm-clock: Using msrs 4b564d01 and 4b564d00
[    0.000000] kernel: kvm-clock: cpu 0, msr 147558001, primary cpu clock
[    0.000003] kernel: kvm-clock: using sched offset of 436125527 cycles
[    0.000012] kernel: clocbefore receiving handshake request
[    0.000000] kernel: Linux version 5.15.0+ (tlyu@IC-RS3-DPC07) (gcc (Ubuntu 9.4.0-1ubuntu1~20.04.1) 9.4.0, GNU ld (GNU Binutils for Ubuntu) 2.34) #8 SMP Fri Jun 3 16:18:40 CEST 2022
[    0.000000] kernel: Command line: root=/dev/sda console=ttyS0 net.ifnames=0 ip=192.168.0.53
[    0.000000] kernel: x86/fpu: Supporting XSAVE feature 0x001: 'x87 floating point registers'
[    0.000000] kernel: x86/fpu: Supporting XSAVE feature 0x002: 'SSE registers'
[    0.000000] kernel: x86/fpu: Supporting XSAVE feature 0x004: 'AVX registers'
[    0.000000] kernel: x86/fpu: Supporting XSAVE feature 0x008: 'MPX bounds registers'
[    0.000000] kernel: x86/fpu: Supporting XSAVE feature 0x010: 'MPX CSR'
[    0.000000] kernel: x86/fpu: Supporting XSAVE feature 0x020: 'AVX-512 opmask'
[    0.000000] kernel: x86/fpu: Supporting XSAVE feature 0x040: 'AVX-512 Hi256'
[    0.000000] kernel: x86/fpu: Supporting XSAVE feature 0x080: 'AVX-512 ZMM_Hi256'
[    0.000000] kernel: x86/fpu: Supporting XSAVE feature 0xksource: kvm-clock: mask: 0xffffffffffffffff max_cycles: 0x1cd42e4dffb, max_idle_ns: 881590591483 ns
[    0.000028] kernel: tsc: Detected 2496.000 MHz processor
[    0.006563] kernel: e820: update [mem 0x00000000-0x00000fff] usable ==> reserved
[    0.006600] kernel: e820: remove [mem 0x000a0000-0x000fffff] usable
[    0.006620] kernel: last_pfn = 0x2c0000 max_arch_pfn = 0x400000000
[    0.006701] kernel: x86/PAT: Configuration [0-7]: WB  WC  UC- UC  WB  WP  UC- WT  
[    0.006719] kernel: last_pfn = 0xbffdd max_arch_pfn = 0x400000000
[    0.014767] kernel: found SMP MP-table at [mem 0x000f5c70-0x000f5c7f]
[    0.014854] kernel: Using GB pages for direct mapping
[    0.015606] kernel: ACPI: Early table checksum verification disabled
[    0.015620] kernel: ACPI: RSDP 0x00000000000F5A40 000014 (v00 BOCHS )
[    0.015652] kernel: ACPI: RSDT 0x00000000BFFE15C9 000030 (v01 BOCHS  BXPCRSDT 00000001 BXPC 00000001)
[    0.015680] kernel: ACPI: FACP 0x00000000BFFE149D 000074 (v01 BOCHS  BXPCFA200: 'Protection Keys User registers'
[    0.000000] kernel: x86/fpu: xstate_offset[2]:  576, xstate_sizes[2]:  256
[    0.000000] kernel: x86/fpu: xstate_offset[3]:  832, xstate_sizes[3]:   64
[    0.000000] kernel: x86/fpu: xstate_offset[4]:  896, xstate_sizes[4]:   64
[    0.000000] kernel: x86/fpu: xstate_offset[5]:  960, xstate_sizes[5]:   64
[    0.000000] kernel: x86/fpu: xstate_offset[6]: 1024, xstate_sizes[6]:  512
[    0.000000] kernel: x86/fpu: xstate_offset[7]: 1536, xstate_sizes[7]: 1024
[    0.000000] kernel: x86/fpu: xstate_offset[9]: 2560, xstate_sizes[9]:    8
[    0.000000] kernel: x86/fpu: Enabled xstate features 0x2ff, context size is 2568 bytes, using 'compacted' format.
[    0.000000] kernel: signal: max sigframe size: 3632
[    0.000000] kernel: BIOS-provided physical RAM map:
[    0.000000] kernel: BIOS-e820: [mem 0x0000000000000000-0x000000000009fbff] usable
[    0.000000] kernel: BIOS-e820: [mem 0x000000000009fc00-0x000000000009ffff] reserved
[    0.000000] ksyz_reboot() time executor starts at 1674709356:5947
----- is restarting 0
---- dfs_name glusterfs is_dfs_client 0
CP 00000001 BXPC 00000001)
[    0.015708] kernel: ACPI: DSDT 0x00000000BFFE0040 00145D (v01 BOCHS  BXPCDSDT 00000001 BXPC 00000001)
[    0.015731] kernel: ACPI: FACS 0x00000000BFFE0000 000040
[    0.015748] kernel: ACPI: APIC 0x00000000BFFE1511 000080 (v01 BOCHS  BXPCAPIC 00000001 BXPC 00000001)
[    0.015771] kernel: ACPI: HPET 0x00000000BFFE1591 000038 (v01 BOCHS  BXPCHPET 00000001 BXPC 00000001)
[    0.015791] kernel: ACPI: Reserving FACP table memory at [mem 0xbffe149d-0xbffe1510]
[    0.015802] kernel: ACPI: Reserving DSDT table memory at [mem 0xbffe0040-0xbffe149c]
[    0.015812] kernel: ACPI: Reserving FACS table memory at [mem 0xbffe0000-0xbffe003f]
[    0.015821] kernel: ACPI: Reserving APIC table memory at [mem 0xbffe1511-0xbffe1590]
[    0.015831] kernel: ACPI: Reserving HPET table memory at [mem 0xbffe1591-0xbffe15c8]
[    0.016862] kernel: No NUMA configuration found
[    0.016873] kernel: Faking a node at [mem 0x0000000000000000-0x00000002bfffffff]
[    0.016891] kernel:executor 0 finishes userspace_cover_open
before receiving handshake request
syz_reboot() time executor starts at 1674709355:994038
----- is restarting 0
---- dfs_name glusterfs is_dfs_client 0
ernel: BIOS-e820: [mem 0x00000000000f0000-0x00000000000fffff] reserved
[    0.000000] kernel: BIOS-e820: [mem 0x0000000000100000-0x00000000bffdffff] usable
[    0.000000] kernel: BIOS-e820: [mem 0x00000000bffe0000-0x00000000bfffffff] reserved
[    0.000000] kernel: BIOS-e820: [mem 0x00000000feffc000-0x00000000feffffff] reserved
[    0.000000] kernel: BIOS-e820: [mem 0x00000000fffc0000-0x00000000ffffffff] reserved
[    0.000000] kernel: BIOS-e820: [mem 0x0000000100000000-0x00000002bfffffff] usable
[    0.000000] kernel: NX (Execute Disable) protection: active
[    0.000000] kernel: SMBIOS 2.8 present.
[    0.000000] kernel: DMI: QEMU Standard PC (i440FX + PIIX, 1996), BIOS 1.13.0-1ubuntu1.1 04/01/2014
[    0.000000] kernel: Hypervisor detected: KVM
[    0.000000] kernel: kvm-clock: Using msrs 4b564d01 and 4b564d00
[    0.000000] kernel: kvm-clock: cpu 0, msr 2a3158001, primary cpu clock
[    0.000003] kernel: kvm-clock: using sched offset of 411822703 cycles
[    0.000017] kernel: cloc NODE_DATA(0) allocated [mem 0x2bfffc000-0x2bfffffff]
[    0.017366] kernel: Zone ranges:
[    0.017374] kernel:   DMA      [mem 0x0000000000001000-0x0000000000ffffff]
[    0.017387] kernel:   DMA32    [mem 0x0000000001000000-0x00000000ffffffff]
[    0.017398] kernel:   Normal   [mem 0x0000000100000000-0x00000002bfffffff]
[    0.017409] kernel: Movable zone start for each node
[    0.017414] kernel: Early memory node ranges
[    0.017418] kernel:   node   0: [mem 0x0000000000001000-0x000000000009efff]
[    0.017428] kernel:   node   0: [mem 0x0000000000100000-0x00000000bffdcfff]
[    0.017439] kernel:   node   0: [mem 0x0000000100000000-0x00000002bfffffff]
[    0.017451] kernel: Initmem setup node 0 [mem 0x0000000000001000-0x00000002bfffffff]
[    0.017809] kernel: On node 0, zone DMA: 1 pages in unavailable ranges
[    0.017879] kernel: On node 0, zone DMA: 97 pages in unavailable ranges
[    0.093212] kernel: On node 0, zone Normal: 35 pages in unavailable ranges
[    0.421597] kernksource: kvm-clock: mask: 0xffffffffffffffff max_cycles: 0x1cd42e4dffb, max_idle_ns: 881590591483 ns
[    0.000044] kernel: tsc: Detected 2496.000 MHz processor
[    0.009603] kernel: e820: update [mem 0x00000000-0x00000fff] usable ==> reserved
[    0.009641] kernel: e820: remove [mem 0x000a0000-0x000fffff] usable
[    0.009672] kernel: last_pfn = 0x2c0000 max_arch_pfn = 0x400000000
[    0.009762] kernel: x86/PAT: Configuration [0-7]: WB  WC  UC- UC  WB  WP  UC- WT  
[    0.009782] kernel: last_pfn = 0xbffe0 max_arch_pfn = 0x400000000
[    0.021082] kernel: found SMP MP-table at [mem 0x000f5c80-0x000f5c8f]
[    0.021179] kernel: Using GB pages for direct mapping
[    0.022242] kernel: ACPI: Early table checksum verification disabled
[    0.022261] kernel: ACPI: RSDP 0x00000000000F5A50 000014 (v00 BOCHS )
[    0.022306] kernel: ACPI: RSDT 0x00000000BFFE15C9 000030 (v01 BOCHS  BXPCRSDT 00000001 BXPC 00000001)
[    0.022349] kernel: ACPI: FACP 0x00000000BFFE149D 000074 (v01 BOCHS  BXPCFAel: kasan: KernelAddressSanitizer initialized
[    0.421986] kernel: ACPI: PM-Timer IO Port: 0x608
[    0.422013] kernel: ACPI: LAPIC_NMI (acpi_id[0xff] dfl dfl lint[0x1])
[    0.422066] kernel: IOAPIC[0]: apic_id 0, version 17, address 0xfec00000, GSI 0-23
[    0.422084] kernel: ACPI: INT_SRC_OVR (bus 0 bus_irq 0 global_irq 2 dfl dfl)
[    0.422097] kernel: ACPI: INT_SRC_OVR (bus 0 bus_irq 5 global_irq 5 high level)
[    0.422108] kernel: ACPI: INT_SRC_OVR (bus 0 bus_irq 9 global_irq 9 high level)
[    0.422120] kernel: ACPI: INT_SRC_OVR (bus 0 bus_irq 10 global_irq 10 high level)
[    0.422131] kernel: ACPI: INT_SRC_OVR (bus 0 bus_irq 11 global_irq 11 high level)
[    0.422152] kernel: ACPI: Using ACPI (MADT) for SMP configuration information
[    0.422159] kernel: ACPI: HPET id: 0x8086a201 base: 0xfed00000
[    0.422173] kernel: TSC deadline timer available
[    0.422179] kernel: smpboot: Allowing 2 CPUs, 0 hotplug CPUs
[    0.422218] kernel: kvm-guest: KVM setup pv remote TLB flusCP 00000001 BXPC 00000001)
[    0.022392] kernel: ACPI: DSDT 0x00000000BFFE0040 00145D (v01 BOCHS  BXPCDSDT 00000001 BXPC 00000001)
[    0.022431] kernel: ACPI: FACS 0x00000000BFFE0000 000040
[    0.022462] kernel: ACPI: APIC 0x00000000BFFE1511 000080 (v01 BOCHS  BXPCAPIC 00000001 BXPC 00000001)
[    0.022502] kernel: ACPI: HPET 0x00000000BFFE1591 000038 (v01 BOCHS  BXPCHPET 00000001 BXPC 00000001)
[    0.022538] kernel: ACPI: Reserving FACP table memory at [mem 0xbffe149d-0xbffe1510]
[    0.022557] kernel: ACPI: Reserving DSDT table memory at [mem 0xbffe0040-0xbffe149c]
[    0.022573] kernel: ACPI: Reserving FACS table memory at [mem 0xbffe0000-0xbffe003f]
[    0.022589] kernel: ACPI: Reserving APIC table memory at [mem 0xbffe1511-0xbffe1590]
[    0.022605] kernel: ACPI: Reserving HPET table memory at [mem 0xbffe1591-0xbffe15c8]
[    0.024111] kernel: No NUMA configuration found
[    0.024131] kernel: Faking a node at [mem 0x0000000000000000-0x00000002bfffffff]
[    0.024160] kernel: NODE_DATA(0) allocated [mem 0x2bfffc000-0x2bfffffff]
[    0.024653] kernel: Zone ranges:
[    0.024666] kernel:   DMA      [mem 0x0000000000001000-0x0000000000ffffff]
[    0.024688] kernel:   DMA32    [mem 0x0000000001000000-0x00000000ffffffff]
[    0.024707] kernel:   Normal   [mem 0x0000000100000000-0x00000002bfffffff]
[    0.024726] kernel: Movable zone start for each node
[    0.024734] kernel: Early memory node ranges
[    0.024742] kernel:   node   0: [mem 0x0000000000001000-0x000000000009efff]
[    0.024758] kernel:   node   0: [mem 0x0000000000100000-0x00000000bffdffff]
[    0.024775] kernel:   node   0: [mem 0x0000000100000000-0x00000002bfffffff]
[    0.024795] kernel: Initmem setup node 0 [mem 0x0000000000001000-0x00000002bfffffff]
[    0.025126] kernel: On node 0, zone DMA: 1 pages in unavailable ranges
[    0.025261] kernel: On node 0, zone DMA: 97 pages in unavailable ranges
[    0.123369] kernel: On node 0, zone Normal: 32 pages in unavailable ranges
[    0.363149] kernh
[    0.422228] kernel: kvm-guest: setup PV sched yield
[    0.422264] kernel: PM: hibernation: Registered nosave memory: [mem 0x00000000-0x00000fff]
[    0.422281] kernel: PM: hibernation: Registered nosave memory: [mem 0x0009f000-0x0009ffff]
[    0.422294] kernel: PM: hibernation: Registered nosave memory: [mem 0x000a0000-0x000effff]
[    0.422307] kernel: PM: hibernation: Registered nosave memory: [mem 0x000f0000-0x000fffff]
[    0.422326] kernel: PM: hibernation: Registered nosave memory: [mem 0xbffdd000-0xbfffffff]
[    0.422339] kernel: PM: hibernation: Registered nosave memory: [mem 0xc0000000-0xfeffbfff]
[    0.422353] kernel: PM: hibernation: Registered nosave memory: [mem 0xfeffc000-0xfeffffff]
[    0.422368] kernel: PM: hibernation: Registered nosave memory: [mem 0xff000000-0xfffbffff]
[    0.422382] kernel: PM: hibernation: Registered nosave memory: [mem 0xfffc0000-0xffffffff]
[    0.422399] kernel: [mem 0xc0000000-0xfeffbfff] available for PCI devices
[    0.422414] kernel: Booting paravirtualized kernel on KVM
[    0.422429] kernel: clocksource: refined-jiffies: mask: 0xffffffff max_cycles: 0xffffffff, max_idle_ns: 1910969940391419 ns
[    0.436868] kernel: setup_percpu: NR_CPUS:64 nr_cpumask_bits:64 nr_cpu_ids:2 nr_node_ids:1
[    0.437535] kernel: percpu: Embedded 56 pages/cpu s191576 r8192 d29608 u1048576
[    0.437589] kernel: pcpu-alloc: s191576 r8192 d29608 u1048576 alloc=1*2097152
[    0.437615] kernel: pcpu-alloc: [0] 0 1 
[    0.437746] kernel: kvm-guest: setup async PF for cpu 0
[    0.437764] kernel: kvm-guest: stealtime: cpu 0, msr 26521f140
[    0.437784] kernel: Built 1 zonelists, mobility grouping on.  Total pages: 2580189
[    0.437798] kernel: Policy zone: Normal
[    0.437806] kernel: Kernel command line: root=/dev/sda console=ttyS0 net.ifnames=0 ip=192.168.0.50
[    0.442125] kernel: Dentry cache hash table entries: 2097152 (order: 12, 16777216 bytes, linear)
[    0.444236] kernel: Inode-cache hash table entries: 1048576 (order: 11, 8388608 bytes, linear)
[    0.444366] kernel: mem auto-init: stack:off, heap alloc:off, heap free:off
[    0.666411] kernel: Memory: 8818312K/10485228K available (47117K kernel code, 10298K rwdata, 7204K rodata, 2068K init, 2860K bss, 1666660K reserved, 0K cma-reserved)
[    0.666640] kernel: SLUB: HWalign=64, Order=0-3, MinObjects=0, CPUs=2, Nodes=1
[    0.667137] kernel: rcu: Hierarchical RCU implementation.
[    0.667146] kernel: rcu:         RCU event tracing is enabled.
[    0.667152] kernel: rcu:         RCU restricting CPUs from NR_CPUS=64 to nr_cpu_ids=2.
[    0.667162] kernel: rcu: RCU calculated value of scheduler-enlistment delay is 100 jiffies.
[    0.667170] kernel: rcu: Adjusting geometry for rcu_fanout_leaf=16, nr_cpu_ids=2
[    0.676539] kernel: NR_IRQS: 4352, nr_irqs: 440, preallocated irqs: 16
[    0.676944] kernel: random: get_random_bytes called from start_kernel+0x22b/0x456 with crng_init=0
[    0.681349] kernel: Console: colour VGA+ 80x25
[    0.748931] kernel: printk: console [ttyS0] enabled
[    0.749403] kernel: ACPI: Core revision 20210730
[    0.749986] kernel: clocksource: hpet: mask: 0xffffffff max_cycles: 0xffffffff, max_idle_ns: 19112604467 ns
[    0.750889] kernel: APIC: Switch to symmetric I/O mode setup
[    0.751300] kernel: kvm-guest: setup PV IPIs
[    0.752679] kernel: ..TIMER: vector=0x30 apic1=0 pin1=2 apic2=-1 pin2=-1
[    0.753321] kernel: clocksource: tsc-early: mask: 0xffffffffffffffff max_cycles: 0x23fa772cf26, max_idle_ns: 440795269835 ns
[    0.754351] kernel: Calibrating delay loop (skipped) preset value.. 4992.00 BogoMIPS (lpj=2496000)
[    0.755347] kernel: pid_max: default: 32768 minimum: 301
[    0.755854] kernel: LSM: Security Framework initializing
[    0.756378] kernel: SELinux:  Initializing.
[    0.756785] kernel: Mount-cache hash table entries: 32768 (order: 6, 262144 bytes, linear)
[    0.757622] kernel: Mountpoint-cache hash table entries: 32768 (order: 6, 262144 bytes, linear)
[    0.759363] kernel: x86/cpu: User Mode Instruction Prevention (UMIP) activated
[    0.760039] kernel: Last level iTLB entries: 4KB 0, 2MB 0, 4MB 0
[    0.760348] kernel: Last level dTLB entries: 4KB 0, 2MB 0, 4MB 0, 1GB 0
[    0.760920] kernel: Spectre V1 : Mitigation: usercopy/swapgs barriers and __user pointer sanitization
[    0.761356] kernel: Spectre V2 : Mitigation: Enhanced IBRS
[    0.762347] kernel: Spectre V2 : Spectre v2 / SpectreRSB mitigation: Filling RSB on context switch
[    0.763090] kernel: Spectre V2 : mitigation: Enabling conditional Indirect Branch Prediction Barrier
[    0.763353] kernel: Speculative Store Bypass: Mitigation: Speculative Store Bypass disabled via prctl and seccomp
[    0.790834] kernel: Freeing SMP alternatives memory: 40K
[    0.791406] kernel: smpboot: CPU0: 11th Gen Intel(R) Core(TM) i7-11700 @ 2.50GHz (family: 0x6, model: 0xa7, stepping: 0x1)
[    0.792439] kernel: Performance Events: Icelake events, 32-deep LBR, full-width counters, Intel PMU driver.
[    0.793352] kernel: ... version:                2
[    0.793711] kernel: ... bit width:              48
[    0.794038] kernel: ... generic registers:      8
[    0.794348] kernel: ... value mask:             0000ffffffffffff
[    0.794757] kernel: ... max period:             00007fffffffffff
[    0.795134] kernel: ... fixed-purpose events:   3
[    0.795348] kernel: ... event mask:             00000007000000ff
[    0.796039] kernel: rcu: Hierarchical SRCU implementation.
[    0.797843] kernel: smp: Bringing up secondary CPUs ...
[    0.798485] kernel: x86: Booting SMP configuration:
[    0.798837] kernel: .... node  #0, CPUs:      #1
[    0.076494] kernel: kvm-clock: cpu 1, msr 147558041, secondary cpu clock
[    0.076494] kernel: smpboot: CPU 1 Converting physical 0 to logical die 1
[    0.801394] kernel: kvm-guest: setup async PF for cpu 1
[    0.801851] kernel: kvm-guest: stealtime: cpu 1, msr 26531f140
[    0.802646] kernel: smp: Brought up 1 node, 2 CPUs
[    0.803069] kernel: smpboot: Max logical packages: 2
[    0.803354] kernel: smpboot: Total of 2 processors activated (9984.00 BogoMIPS)
[    0.804643] kernel: devtmpfs: initialized
[    0.809696] kernel: clocksource: jiffies: mask: 0xffffffff max_cycles: 0xffffffff, max_idle_ns: 1911260446275000 ns
[    0.810355] kernel: futex hash table entries: 512 (order: 3, 32768 bytes, linear)
[    0.811417] kernel: PM: RTC time: 05:02:22, date: 2023-01-26
[    0.812436] kernel: NET: Registered PF_NETLINK/PF_ROUTE protocol family
[    0.814088] kernel: audit: initializing netlink subsys (disabled)
[    0.814412] kernel: audit: type=2000 audit(1674709343.151:1): state=initialized audit_enabled=0 res=1
[    0.815050] kernel: thermal_sys: Registered thermal governor 'step_wise'
[    0.815217] kernel: thermal_sys: Registered thermal governor 'user_space'
[    0.815428] kernel: cpuidle: using governor menu
[    0.816621] kernel: ACPI: bus type PCI registered
[    0.817328] kernel: PCI: Using configuration type 1 for base access
[    0.836648] kernel: Kprobes globally optimized
[    0.837045] kernel: HugeTLB registered 2.00 MiB page size, pre-allocated 0 pages
[    0.837457] kernel: cryptomgr_test (26) used greatest stack depth: 30544 bytes left
[    0.839452] kernel: ACPI: Added _OSI(Module Device)
[    0.839854] kernel: ACPI: Added _OSI(Processor Device)
[    0.840531] kernel: ACPI: Added _OSI(3.0 _SCP Extensions)
[    0.840942] kernel: ACPI: Added _OSI(Processor Aggregator Device)
[    0.841366] kernel: ACPI: Added _OSI(Linux-Dell-Video)
[    0.841797] kernel: ACPI: Added _OSI(Linux-Lenovo-NV-HDMI-Audio)
[    0.842301] kernel: ACPI: Added _OSI(Linux-HPI-Hybrid-Graphics)
[    0.856297] kernel: ACPI: 1 ACPI AML tables successfully acquired and loaded
[    0.860667] kernel: ACPI: Interpreter enabled
[    0.861086] kernel: ACPI: PM: (supports S0 S3 S4 S5)
[    0.861350] kernel: ACPI: Using IOAPIC for interrupt routing
[    0.861800] kernel: PCI: Using host bridge windows from ACPI; if necessary, use "pci=nocrs" and report a bug
[    0.863324] kernel: ACPI: Enabled 2 GPEs in block 00 to 0F
[    0.891666] kernel: ACPI: PCI Root Bridge [PCI0] (domain 0000 [bus 00-ff])
[    0.892382] kernel: acpi PNP0A03:00: _OSC: OS supports [ASPM ClockPM Segments MSI HPX-Type3]
[    0.893407] kernel: acpi PNP0A03:00: fail to add MMCONFIG information, can't access extended PCI configuration space under this bridge.
[    0.894761] kernel: PCI host bridge to bus 0000:00
[    0.895086] kernel: pci_bus 0000:00: root bus resource [io  0x0000-0x0cf7 window]
[    0.895355] kernel: pci_bus 0000:00: root bus resource [io  0x0d00-0xffff window]
[    0.895819] kernel: pci_bus 0000:00: root bus resource [mem 0x000a0000-0x000bffff window]
[    0.896329] kernel: pci_bus 0000:00: root bus resource [mem 0xc0000000-0xfebfffff window]
[    0.896354] kernel: pci_bus 0000:00: root bus resource [mem 0x2c0000000-0x33fffffff window]
[    0.896869] kernel: pci_bus 0000:00: root bus resource [bus 00-ff]
[    0.898711] kernel: pci 0000:00:00.0: [8086:1237] type 00 class 0x060000
[    0.901305] kernel: pci 0000:00:01.0: [8086:7000] type 00 class 0x060100
[    0.902894] kernel: pci 0000:00:01.1: [8086:7010] type 00 class 0x010180
[    0.905259] kernel: pci 0000:00:01.1: reg 0x20: [io  0xc0c0-0xc0cf]
[    0.905973] kernel: pci 0000:00:01.1: legacy IDE quirk: reg 0x10: [io  0x01f0-0x01f7]
[    0.906353] kernel: pci 0000:00:01.1: legacy IDE quirk: reg 0x14: [io  0x03f6]
[    0.906969] kernel: pci 0000:00:01.1: legacy IDE quirk: reg 0x18: [io  0x0170-0x0177]
[    0.907352] kernel: pci 0000:00:01.1: legacy IDE quirk: reg 0x1c: [io  0x0376]
[    0.910700] kernel: pci 0000:00:01.3: [8086:7113] type 00 class 0x068000
[    0.911539] kernel: pci 0000:00:01.3: quirk: [io  0x0600-0x063f] claimed by PIIX4 ACPI
[    0.912196] kernel: pci 0000:00:01.3: quirk: [io  0x0700-0x070f] claimed by PIIX4 SMB
[    0.914777] kernel: pci 0000:00:02.0: [1234:1111] type 00 class 0x030000
[    0.916358] kernel: pci 0000:00:02.0: reg 0x10: [mem 0xfd000000-0xfdffffff pref]
[    0.918866] kernel: pci 0000:00:02.0: reg 0x18: [mem 0xfeb90000-0xfeb90fff]
[    0.922976] kernel: pci 0000:00:02.0: reg 0x30: [mem 0xfeb80000-0xfeb8ffff pref]
[    0.925733] kernel: pci 0000:00:03.0: [1af4:1005] type 00 class 0x00ff00
[    0.926821] kernel: pci 0000:00:03.0: reg 0x10: [io  0xc080-0xc09f]
[    0.929626] kernel: pci 0000:00:03.0: reg 0x20: [mem 0xfe200000-0xfe203fff 64bit pref]
[    0.933727] kernel: pci 0000:00:04.0: [1af4:1000] type 00 class 0x020000
[    0.935189] kernel: pci 0000:00:04.0: reg 0x10: [io  0xc0a0-0xc0bf]
[    0.935990] kernel: pci 0000:00:04.0: reg 0x14: [mem 0xfeb91000-0xfeb91fff]
[    0.938355] kernel: pci 0000:00:04.0: reg 0x20: [mem 0xfe204000-0xfe207fff 64bit pref]
[    0.939993] kernel: pci 0000:00:04.0: reg 0x30: [mem 0xfeb00000-0xfeb7ffff pref]
[    0.945047] kernel: pci 0000:00:05.0: [1af4:1001] type 00 class 0x010000
[    0.946356] kernel: pci 0000:00:05.0: reg 0x10: [io  0xc000-0xc07f]
[    0.947859] kernel: pci 0000:00:05.0: reg 0x14: [mem 0xfeb92000-0xfeb92fff]
[    0.950357] kernel: pci 0000:00:05.0: reg 0x20: [mem 0xfe208000-0xfe20bfff 64bit pref]
[    0.956387] kernel: pci 0000:00:10.0: [1af4:1110] type 00 class 0x050000
[    0.957796] kernel: pci 0000:00:10.0: reg 0x10: [mem 0xfeb93000-0xfeb930ff]
[    0.959783] kernel: pci 0000:00:10.0: reg 0x18: [mem 0xfe000000-0xfe0fffff 64bit pref]
[    0.965958] kernel: pci 0000:00:11.0: [1af4:1110] type 00 class 0x050000
[    0.967364] kernel: pci 0000:00:11.0: reg 0x10: [mem 0xfeb94000-0xfeb940ff]
[    0.969802] kernel: pci 0000:00:11.0: reg 0x18: [mem 0xfe100000-0xfe1fffff 64bit pref]
[    0.980666] kernel: ACPI: PCI: Interrupt link LNKA configured for IRQ 10
[    0.982888] kernel: ACPI: PCI: Interrupt link LNKB configured for IRQ 10
[    0.984220] kernel: ACPI: PCI: Interrupt link LNKC configured for IRQ 11
[    0.985854] kernel: ACPI: PCI: Interrupt link LNKD configured for IRQ 11
[    0.986991] kernel: ACPI: PCI: Interrupt link LNKS configured for IRQ 9
[    0.990049] kernel: iommu: Default domain type: Translated 
[    0.990352] kernel: iommu: DMA domain TLB invalidation policy: lazy mode 
[    0.991165] kernel: pci 0000:00:02.0: vgaarb: setting as boot VGA device
[    0.991165] kernel: pci 0000:00:02.0: vgaarb: VGA device added: decodes=io+mem,owns=io+mem,locks=none
[    0.991372] kernel: pci 0000:00:02.0: vgaarb: bridge control possible
[    0.991955] kernel: vgaarb: loaded
[    0.992678] kernel: SCSI subsystem initialized
[    0.993116] kernel: libata version 3.00 loaded.
[    0.993405] kernel: ACPI: bus type USB registered
[    0.993884] kernel: usbcore: registered new interface driver usbfs
[    0.994451] kernel: usbcore: registered new interface driver hub
[    0.995020] kernel: usbcore: registered new device driver usb
[    0.995469] kernel: pps_core: LinuxPPS API ver. 1 registered
[    0.995955] kernel: pps_core: Software ver. 5.3.6 - Copyright 2005-2007 Rodolfo Giometti <giometti@linux.it>
[    0.996381] kernel: PTP clock support registered
[    0.996844] kernel: Advanced Linux Sound Architecture Driver Initialized.
[    0.998127] kernel: NetLabel: Initializing
[    0.998350] kernel: NetLabel:  domain hash size = 128
[    0.998794] kernel: NetLabel:  protocols = UNLABELED CIPSOv4 CALIPSO
[    0.999406] kernel: NetLabel:  unlabeled traffic allowed by default
[    1.000069] kernel: PCI: Using ACPI for IRQ routing
[    1.000352] kernel: PCI: pci_cache_line_size set to 64 bytes
[    1.000492] kernel: e820: reserve RAM buffer [mem 0x0009fc00-0x0009ffff]
[    1.000508] kernel: e820: reserve RAM buffer [mem 0xbffdd000-0xbfffffff]
[    1.000708] kernel: hpet0: at MMIO 0xfed00000, IRQs 2, 8, 0
[    1.001169] kernel: hpet0: 3 comparators, 64-bit 100.000000 MHz counter
[    1.004506] kernel: clocksource: Switched to clocksource kvm-clock
[    1.150037] kernel: VFS: Disk quotas dquot_6.6.0
[    1.150577] kernel: VFS: Dquot-cache hash table entries: 512 (order 0, 4096 bytes)
[    1.151614] kernel: pnp: PnP ACPI init
[    1.153044] kernel: pnp 00:03: [dma 2]
[    1.157011] kernel: pnp: PnP ACPI: found 6 devices
[    1.172792] kernel: clocksource: acpi_pm: mask: 0xffffff max_cycles: 0xffffff, max_idle_ns: 2085701024 ns
[    1.173837] kernel: NET: Registered PF_INET protocol family
[    1.174801] kernel: IP idents hash table entries: 262144 (order: 9, 2097152 bytes, linear)
[    1.180648] kernel: tcp_listen_portaddr_hash hash table entries: 8192 (order: 5, 131072 bytes, linear)
[    1.181956] kernel: TCP established hash table entries: 131072 (order: 8, 1048576 bytes, linear)
[    1.184330] kernel: TCP bind hash table entries: 65536 (order: 8, 1048576 bytes, linear)
[    1.186417] kernel: TCP: Hash tables configured (established 131072 bind 65536)
[    1.187227] kernel: UDP hash table entries: 8192 (order: 6, 262144 bytes, linear)
[    1.188177] kernel: UDP-Lite hash table entries: 8192 (order: 6, 262144 bytes, linear)
[    1.189313] kernel: NET: Registered PF_UNIX/PF_LOCAL protocol family
[    1.190930] kernel: pci_bus 0000:00: resource 4 [io  0x0000-0x0cf7 window]
[    1.191566] kernel: pci_bus 0000:00: resource 5 [io  0x0d00-0xffff window]
[    1.192208] kernel: pci_bus 0000:00: resource 6 [mem 0x000a0000-0x000bffff window]
[    1.192922] kernel: pci_bus 0000:00: resource 7 [mem 0xc0000000-0xfebfffff window]
[    1.193634] kernel: pci_bus 0000:00: resource 8 [mem 0x2c0000000-0x33fffffff window]
[    1.194747] kernel: pci 0000:00:01.0: PIIX3: Enabling Passive Release
[    1.195378] kernel: pci 0000:00:00.0: Limiting direct PCI/PCI transfers
[    1.196027] kernel: pci 0000:00:01.0: Activating ISA DMA hang workarounds
[    1.196786] kernel: pci 0000:00:02.0: Video device with shadowed ROM at [mem 0x000c0000-0x000dffff]
[    1.197750] kernel: PCI: CLS 0 bytes, default 64
[    1.198186] kernel: PCI-DMA: Using software bounce buffering for IO (SWIOTLB)
[    1.198844] kernel: software IO TLB: mapped [mem 0x00000000bbfdd000-0x00000000bffdd000] (64MB)
[    1.199886] kernel: clocksource: tsc: mask: 0xffffffffffffffff max_cycles: 0x23fa772cf26, max_idle_ns: 440795269835 ns
[    1.200965] kernel: clocksource: Switched to clocksource tsc
[    1.205167] kernel: Initialise system trusted keyrings
[    1.205776] kernel: workingset: timestamp_bits=56 max_order=22 bucket_order=0
[    1.227255] kernel: fuse: init (API version 7.34)
[    1.240971] kernel: Key type asymmetric registered
[    1.241427] kernel: Asymmetric key parser 'x509' registered
[    1.242184] kernel: Block layer SCSI generic (bsg) driver version 0.4 loaded (major 251)
[    1.242997] kernel: io scheduler mq-deadline registered
[    1.243497] kernel: io scheduler kyber registered
[    1.245384] kernel: input: Power Button as /devices/LNXSYSTM:00/LNXPWRBN:00/input/input0
[    1.246441] kernel: ACPI: button: Power Button [PWRF]
[    2.378155] kernel: ACPI: \_SB_.LNKC: Enabled at IRQ 11
[    3.423410] kernel: ACPI: \_SB_.LNKD: Enabled at IRQ 10
[    4.344639] kernel: ACPI: \_SB_.LNKA: Enabled at IRQ 10
[    4.346405] kernel: Serial: 8250/16550 driver, 4 ports, IRQ sharing enabled
[    4.347129] kernel: 00:05: ttyS0 at I/O 0x3f8 (irq = 4, base_baud = 115200) is a 16550A
[    4.349986] kernel: Non-volatile memory driver v1.3
[    4.350605] kernel: Linux agpgart interface v0.103
[    4.362627] kernel: loop: module loaded
[    4.363913] kernel: virtio_blk virtio2: [vda] 1024000 512-byte logical blocks (524 MB/500 MiB)
[    4.367108] kernel: ata_piix 0000:00:01.1: version 2.13
[    4.369020] kernel: scsi host0: ata_piix
[    4.369937] kernel: scsi host1: ata_piix
[    4.370425] kernel: ata1: PATA max MWDMA2 cmd 0x1f0 ctl 0x3f6 bmdma 0xc0c0 irq 14
[    4.370990] kernel: ata2: PATA max MWDMA2 cmd 0x170 ctl 0x376 bmdma 0xc0c8 irq 15
[    4.372863] kernel: libphy: Fixed MDIO Bus: probed
[    4.377402] kernel: e100: Intel(R) PRO/100 Network Driver
[    4.377958] kernel: e100: Copyright(c) 1999-2006 Intel Corporation
[    4.378680] kernel: e1000: Intel(R) PRO/1000 Network Driver
[    4.379242] kernel: e1000: Copyright (c) 1999-2006 Intel Corporation.
[    4.380035] kernel: e1000e: Intel(R) PRO/1000 Network Driver
[    4.380617] kernel: e1000e: Copyright(c) 1999 - 2015 Intel Corporation.
[    4.381435] kernel: sky2: driver version 1.30
[    4.382632] kernel: ehci_hcd: USB 2.0 'Enhanced' Host Controller (EHCI) Driver
[    4.383394] kernel: ehci-pci: EHCI PCI platform driver
[    4.383982] kernel: ohci_hcd: USB 1.1 'Open' Host Controller (OHCI) Driver
[    4.384701] kernel: ohci-pci: OHCI PCI platform driver
[    4.385262] kernel: uhci_hcd: USB Universal Host Controller Interface driver
[    4.386412] kernel: usbcore: registered new interface driver usblp
[    4.387106] kernel: usbcore: registered new interface driver usb-storage
[    4.387988] kernel: i8042: PNP: PS/2 Controller [PNP0303:KBD,PNP0f13:MOU] at 0x60,0x64 irq 1,12
[    4.389680] kernel: serio: i8042 KBD port at 0x60,0x64 irq 1
[    4.390172] kernel: serio: i8042 AUX port at 0x60,0x64 irq 12
[    4.391772] kernel: input: AT Translated Set 2 keyboard as /devices/platform/i8042/serio0/input/input1
[    4.392954] kernel: rtc_cmos 00:00: RTC can wake from S4
[    4.395559] kernel: rtc_cmos 00:00: registered as rtc0
[    4.396044] kernel: rtc_cmos 00:00: alarms up to one day, y3k, 114 bytes nvram, hpet irqs
[    4.397571] kernel: device-mapper: ioctl: 4.45.0-ioctl (2021-03-22) initialised: dm-devel@redhat.com
[    4.398318] kernel: intel_pstate: CPU model not supported
[    4.398850] kernel: hid: raw HID events driver (C) Jiri Kosina
[    4.400665] kernel: usbcore: registered new interface driver usbhid
[    4.401117] kernel: usbhid: USB HID core driver
[    4.402187] kernel: netem: version 1.3
[    4.405515] kernel: Initializing XFRM netlink socket
[    4.406739] kernel: NET: Registered PF_INET6 protocol family
[    4.408791] kernel: Segment Routing with IPv6
[    4.409130] kernel: In-situ OAM (IOAM) with IPv6
[    4.409733] kernel: sit: IPv6, IPv4 and MPLS over IPv4 tunneling driver
[    4.411030] kernel: NET: Registered PF_PACKET protocol family
[    4.411677] kernel: 9pnet: Installing 9P2000 support
[    4.412193] kernel: Key type dns_resolver registered
[    4.412566] kernel: Key type ceph registered
[    4.413173] kernel: libceph: loaded (mon/osd proto 15/24)
[    4.414291] kernel: IPI shorthand broadcast: enabled
[    4.414817] kernel: sched_clock: Marking stable (4339230726, 75494095)->(4460334767, -45609946)
[    4.416158] kernel: registered taskstats version 1
[    4.416510] kernel: Loading compiled-in X.509 certificates
[    4.419332] kernel: PM:   Magic number: 7:412:12
[    4.419811] kernel: printk: console [netcon0] enabled
[    4.420209] kernel: netconsole: network logging started
[    4.527920] kernel: ata1.01: NODEV after polling detection
[    4.528142] kernel: ata2.01: NODEV after polling detection
[    4.528378] kernel: ata1.00: ATA-7: QEMU HARDDISK, 2.5+, max UDMA/100
[    4.528941] kernel: ata1.00: 88078336 sectors, multi 16: LBA48 
[    4.529585] kernel: ata2.00: ATAPI: QEMU DVD-ROM, 2.5+, max UDMA/100
[    4.531092] kernel: scsi 0:0:0:0: Direct-Access     ATA      QEMU HARDDISK    2.5+ PQ: 0 ANSI: 5
[    4.532563] kernel: sd 0:0:0:0: Attached scsi generic sg0 type 0
[    4.532763] kernel: sd 0:0:0:0: [sda] 88078336 512-byte logical blocks: (45.1 GB/42.0 GiB)
[    4.534014] kernel: sd 0:0:0:0: [sda] Write Protect is off
[    4.534423] kernel: sd 0:0:0:0: [sda] Mode Sense: 00 3a 00 00
[    4.534450] kernel: scsi 1:0:0:0: CD-ROM            QEMU     QEMU DVD-ROM     2.5+ PQ: 0 ANSI: 5
[    4.534480] kernel: sd 0:0:0:0: [sda] Write cache: enabled, read cache: enabled, doesn't support DPO or FUA
[    4.538574] kernel: sd 0:0:0:0: [sda] Attached SCSI disk
[    4.554013] kernel: sr 1:0:0:0: [sr0] scsi3-mmc drive: 4x/4x cd/rw xa/form2 tray
[    4.554616] kernel: cdrom: Uniform CD-ROM driver Revision: 3.20
[    4.573734] kernel: sr 1:0:0:0: Attached scsi CD-ROM sr0
[    4.574483] kernel: sr 1:0:0:0: Attached scsi generic sg1 type 5
[    5.016454] kernel: input: ImExPS/2 Generic Explorer Mouse as /devices/platform/i8042/serio1/input/input3
[    5.030398] kernel: IP-Config: Guessing netmask 255.255.255.0
[    5.031004] kernel: IP-Config: Complete:
[    5.031389] kernel:      device=eth0, hwaddr=e6:c8:ff:09:76:32, ipaddr=192.168.0.50, mask=255.255.255.0, gw=255.255.255.255
[    5.032559] kernel:      host=192.168.0.50, domain=, nis-domain=(none)
[    5.033196] kernel:      bootserver=255.255.255.255, rootserver=255.255.255.255, rootpath=
[    5.033483] kernel: cfg80211: Loading compiled-in X.509 certificates for regulatory database
[    5.035433] kernel: kworker/u4:1 (69) used greatest stack depth: 28680 bytes left
[    5.038199] kernel: cfg80211: Loaded X.509 cert 'sforshee: 00b28ddf47aef9cea7'
[    5.039110] kernel: platform regulatory.0: Direct firmware load for regulatory.db failed with error -2
[    5.040085] kernel: cfg80211: failed to load regulatory.db
[    5.040141] kernel: ALSA device list:
[    5.041025] kernel:   No soundcards found.
[    5.041884] kernel: md: Waiting for all devices to be available before autodetect
[    5.042650] kernel: md: If you don't use raid, use raid=noautodetect
[    5.043298] kernel: md: Autodetecting RAID arrays.
[    5.043779] kernel: md: autorun ...
[    5.044101] kernel: md: ... autorun DONE.
[    5.062723] kernel: EXT4-fs (sda): mounted filesystem with ordered data mode. Opts: (null). Quota mode: none.
[    5.063969] kernel: VFS: Mounted root (ext4 filesystem) readonly on device 8:0.
[    5.065663] kernel: devtmpfs: mounted
[    5.067164] kernel: Freeing unused kernel image (initmem) memory: 2068K
[    5.067890] kernel: Write protecting the kernel read-only data: 57344k
[    5.070654] kernel: Freeing unused kernel image (text/rodata gap) memory: 2032K
[    5.071957] kernel: Freeing unused kernel image (rodata/data gap) memory: 988K
[    5.072928] kernel: Run /sbin/init as init process
[    5.073411] kernel:   with arguments:
[    5.073423] kernel:     /sbin/init
[    5.073428] kernel:   with environment:
[    5.073432] kernel:     HOME=/
[    5.073437] kernel:     TERM=linux
[    5.119237] kernel: random: fast init done
[    5.219440] systemd[1]: systemd 245.4-4ubuntu3 running in system mode. (+PAM +AUDIT +SELINUX +IMA +APPARMOR +SMACK +SYSVINIT +UTMP +LIBCRYPTSETUP +GCRYPT +GNUTLS +ACL +XZ +LZ4 +SECCOMP +BLKID +ELFUTILS +KMOD +IDN2 -IDN +PCRE2 default-hierarchy=hybrid)
[    5.222056] systemd[1]: Detected virtualization kvm.
[    5.222582] systemd[1]: Detected architecture x86-64.
[    5.232962] systemd[1]: Set hostname to <dfs-fuzzing>.
[    5.261682] kernel: ext4lazyinit (75) used greatest stack depth: 27976 bytes left
[    5.338681] kernel: systemd-cryptse (79) used greatest stack depth: 26968 bytes left
