
Ubuntu 20.04 LTS dfs-fuzzing ttyS0

;32m  OK  [0m] Started [0;1;39mSession 3 of user root[0m.
[[0;32m  OK  [0m] Finished [0;1;39mDiscard unused blâ€¦n filesystems from /etc/fstab[0m.

Ubuntu 20.04 LTS dfs-fuzzing ttyS0


Ubuntu 20.04 LTS dfs-fuzzing ttyS0


Ubuntu 20.04 LTS dfs-fuzzing ttyS0

2023/01/26 12:21:50 fuzzer started
2023/01/26 12:21:51 dialing manager at localhost:40269
2023/01/26 12:21:51 connecting to manager...
2023/01/26 12:21:51 syscalls: 51
2023/01/26 12:21:51 code coverage: enabled
2023/01/26 12:21:51 comparison tracing: enabled
2023/01/26 12:21:51 extra coverage: enabled
2023/01/26 12:21:51 setuid sandbox: enabled
2023/01/26 12:21:51 namespace sandbox: /proc/self/ns/user does not exist
2023/01/26 12:21:51 Android sandbox: /sys/fs/selinux/policy can't be opened (open /sys/fs/selinux/policy: invalid argument)
2023/01/26 12:21:51 fault injection: CONFIG_FAULT_INJECTION_DEBUG_FS or CONFIG_FAILSLAB are not enabled
2023/01/26 12:21:51 leak checking: CONFIG_DEBUG_KMEMLEAK is not enabled
2023/01/26 12:21:51 net packet injection: /dev/net/tun does not exist
2023/01/26 12:21:51 net device setup: enabled
2023/01/26 12:21:51 concurrency sanitizer: /sys/kernel/debug/kcsan does not exist
2023/01/26 12:21:51 devlink PCI setup: enabled
2023/01/26 12:21:51 USB emulation: /dev/raw-gadget does not exist
2023/01/26 12:21:51 hci packet injection: /dev/vhci does not exist
2023/01/26 12:21:51 wifi device emulation: /sys/class/mac80211_hwsim/ does not exist
2023/01/26 12:21:51 802.15.4 emulation: /sys/bus/platform/devices/mac802154_hwsim does not exist
2023/01/26 12:21:51 poll: candidates=0 inputs=50 signal=2000
2023/01/26 12:21:51 deserializeInput: hasCrash false hasNet false
2023/01/26 12:21:51 prog length: 3
2023/01/26 12:21:51 deserializeInput: hasCrash false hasNet true
2023/01/26 12:21:51 prog length: 6
2023/01/26 12:21:51 prog length: 20
2023/01/26 12:21:51 deserializeInput: hasCrash false hasNet false
2023/01/26 12:21:51 prog length: 2
2023/01/26 12:21:51 deserializeInput: hasCrash false hasNet false
2023/01/26 12:21:51 prog length: 8
2023/01/26 12:21:51 deserializeInput: hasCrash false hasNet false
2023/01/26 12:21:51 prog length: 1
2023/01/26 12:21:51 deserializeInput: hasCrash false hasNet false
2023/01/26 12:21:51 prog length: 7
2023/01/26 12:21:51 deserializeInput: hasCrash false hasNet false
2023/01/26 12:21:51 prog length: 2
2023/01/26 12:21:51 deserializeInput: hasCrash false hasNet false
2023/01/26 12:21:51 prog length: 1
2023/01/26 12:21:51 deserializeInput: hasCrash false hasNet false
2023/01/26 12:21:51 prog length: 3
2023/01/26 12:21:51 deserializeInput: hasCrash false hasNet false
2023/01/26 12:21:51 prog length: 3
2023/01/26 12:21:51 deserializeInput: hasCrash false hasNet false
2023/01/26 12:21:51 prog length: 2
2023/01/26 12:21:51 deserializeInput: hasCrash false hasNet false
2023/01/26 12:21:51 prog length: 2
2023/01/26 12:21:51 deserializeInput: hasCrash false hasNet true
2023/01/26 12:21:51 prog length: 6
2023/01/26 12:21:51 prog length: 20
2023/01/26 12:21:51 deserializeInput: hasCrash false hasNet false
2023/01/26 12:21:51 prog length: 1
2023/01/26 12:21:51 deserializeInput: hasCrash true hasNet false
2023/01/26 12:21:51 prog length: 6
2023/01/26 12:21:51 prog length: 3
2023/01/26 12:21:51 deserializeInput: hasCrash false hasNet false
2023/01/26 12:21:51 prog length: 2
2023/01/26 12:21:51 deserializeInput: hasCrash false hasNet false
2023/01/26 12:21:51 prog length: 2
2023/01/26 12:21:51 deserializeInput: hasCrash false hasNet false
2023/01/26 12:21:51 prog length: 1
2023/01/26 12:21:51 deserializeInput: hasCrash false hasNet false
2023/01/26 12:21:51 prog length: 3
2023/01/26 12:21:51 deserializeInput: hasCrash false hasNet false
2023/01/26 12:21:51 prog length: 2
2023/01/26 12:21:51 deserializeInput: hasCrash false hasNet false
2023/01/26 12:21:51 prog length: 2
2023/01/26 12:21:51 deserializeInput: hasCrash false hasNet false
2023/01/26 12:21:51 prog length: 2
2023/01/26 12:21:51 deserializeInput: hasCrash false hasNet false
2023/01/26 12:21:51 prog length: 1
2023/01/26 12:21:51 deserializeInput: hasCrash false hasNet true
2023/01/26 12:21:51 prog length: 6
2023/01/26 12:21:51 prog length: 12
2023/01/26 12:21:51 prog length: 10
2023/01/26 12:21:51 deserializeInput: hasCrash false hasNet false
2023/01/26 12:21:51 prog length: 2
2023/01/26 12:21:51 deserializeInput: hasCrash false hasNet false
2023/01/26 12:21:51 prog length: 2
2023/01/26 12:21:51 deserializeInput: hasCrash true hasNet false
2023/01/26 12:21:51 prog length: 6
2023/01/26 12:21:51 prog length: 6
2023/01/26 12:21:51 deserializeInput: hasCrash true hasNet true
2023/01/26 12:21:51 prog length: 6
2023/01/26 12:21:51 prog length: 12
2023/01/26 12:21:51 prog length: 7
2023/01/26 12:21:51 deserializeInput: hasCrash true hasNet false
2023/01/26 12:21:51 prog length: 6
2023/01/26 12:21:51 prog length: 3
2023/01/26 12:21:51 deserializeInput: hasCrash false hasNet false
2023/01/26 12:21:51 prog length: 4
2023/01/26 12:21:51 deserializeInput: hasCrash false hasNet false
2023/01/26 12:21:51 prog length: 2
2023/01/26 12:21:51 deserializeInput: hasCrash false hasNet false
2023/01/26 12:21:51 prog length: 1
2023/01/26 12:21:51 deserializeInput: hasCrash false hasNet false
2023/01/26 12:21:51 prog length: 2
2023/01/26 12:21:51 deserializeInput: hasCrash false hasNet false
2023/01/26 12:21:51 prog length: 2
2023/01/26 12:21:51 deserializeInput: hasCrash true hasNet true
2023/01/26 12:21:51 prog length: 18
2023/01/26 12:21:51 prog length: 7
2023/01/26 12:21:51 deserializeInput: hasCrash false hasNet false
2023/01/26 12:21:51 prog length: 2
2023/01/26 12:21:51 deserializeInput: hasCrash false hasNet false
2023/01/26 12:21:51 prog length: 6
2023/01/26 12:21:51 deserializeInput: hasCrash true hasNet false
2023/01/26 12:21:51 prog length: 6
2023/01/26 12:21:51 prog length: 3
2023/01/26 12:21:51 deserializeInput: hasCrash false hasNet false
2023/01/26 12:21:51 prog length: 2
2023/01/26 12:21:51 deserializeInput: hasCrash false hasNet false
2023/01/26 12:21:51 prog length: 1
2023/01/26 12:21:51 deserializeInput: hasCrash false hasNet false
2023/01/26 12:21:51 prog length: 2
2023/01/26 12:21:51 deserializeInput: hasCrash false hasNet true
2023/01/26 12:21:51 prog length: 6
2023/01/26 12:21:51 prog length: 4
2023/01/26 12:21:51 deserializeInput: hasCrash false hasNet false
2023/01/26 12:21:51 prog length: 2
2023/01/26 12:21:51 deserializeInput: hasCrash false hasNet false
2023/01/26 12:21:51 prog length: 2
2023/01/26 12:21:51 deserializeInput: hasCrash false hasNet false
2023/01/26 12:21:51 prog length: 2
2023/01/26 12:21:51 deserializeInput: hasCrash false hasNet false
2023/01/26 12:21:51 prog length: 1
2023/01/26 12:21:51 deserializeInput: hasCrash false hasNet false
2023/01/26 12:21:51 prog length: 4
2023/01/26 12:21:51 deserializeInput: hasCrash false hasNet false
2023/01/26 12:21:51 prog length: 2
2023/01/26 12:21:51 deserializeInput: hasCrash false hasNet true
2023/01/26 12:21:51 prog length: 6
2023/01/26 12:21:51 prog length: 5
2023/01/26 12:21:51 deserializeInput: hasCrash true hasNet false
2023/01/26 12:21:51 prog length: 6
2023/01/26 12:21:51 prog length: 3
2023/01/26 12:21:51 fetching corpus: 50, signal 6811/26085/31939 (executing program)
2023/01/26 12:21:51 poll: candidates=0 inputs=50 signal=2000
2023/01/26 12:21:51 deserializeInput: hasCrash false hasNet true
2023/01/26 12:21:51 prog length: 18
2023/01/26 12:21:51 prog length: 9
2023/01/26 12:21:51 deserializeInput: hasCrash false hasNet false
2023/01/26 12:21:51 prog length: 3
2023/01/26 12:21:51 deserializeInput: hasCrash false hasNet true
2023/01/26 12:21:51 prog length: 6
2023/01/26 12:21:51 prog length: 20
2023/01/26 12:21:51 deserializeInput: hasCrash false hasNet true
2023/01/26 12:21:51 prog length: 6
2023/01/26 12:21:51 prog length: 13
2023/01/26 12:21:51 deserializeInput: hasCrash false hasNet false
2023/01/26 12:21:51 prog length: 1
2023/01/26 12:21:51 deserializeInput: hasCrash false hasNet false
2023/01/26 12:21:51 prog length: 2
2023/01/26 12:21:51 deserializeInput: hasCrash false hasNet false
2023/01/26 12:21:51 prog length: 2
2023/01/26 12:21:51 deserializeInput: hasCrash true hasNet false
2023/01/26 12:21:51 prog length: 6
2023/01/26 12:21:51 prog length: 3
2023/01/26 12:21:51 deserializeInput: hasCrash false hasNet false
2023/01/26 12:21:51 prog length: 1
2023/01/26 12:21:51 deserializeInput: hasCrash false hasNet false
2023/01/26 12:21:51 prog length: 1
2023/01/26 12:21:51 deserializeInput: hasCrash false hasNet true
2023/01/26 12:21:51 prog length: 6
2023/01/26 12:21:51 prog length: 4
2023/01/26 12:21:51 deserializeInput: hasCrash false hasNet false
2023/01/26 12:21:51 prog length: 2
2023/01/26 12:21:51 deserializeInput: hasCrash false hasNet false
2023/01/26 12:21:51 prog length: 1
2023/01/26 12:21:51 deserializeInput: hasCrash false hasNet false
2023/01/26 12:21:51 prog length: 1
2023/01/26 12:21:51 deserializeInput: hasCrash false hasNet false
2023/01/26 12:21:51 prog length: 2
2023/01/26 12:21:51 deserializeInput: hasCrash false hasNet false
2023/01/26 12:21:51 prog length: 2
2023/01/26 12:21:51 deserializeInput: hasCrash false hasNet false
2023/01/26 12:21:51 prog length: 4
2023/01/26 12:21:51 deserializeInput: hasCrash true hasNet false
2023/01/26 12:21:51 prog length: 6
2023/01/26 12:21:51 prog length: 3
2023/01/26 12:21:51 deserializeInput: hasCrash false hasNet false
2023/01/26 12:21:51 prog length: 2
2023/01/26 12:21:51 deserializeInput: hasCrash true hasNet false
2023/01/26 12:21:51 prog length: 6
2023/01/26 12:21:51 prog length: 3
2023/01/26 12:21:51 deserializeInput: hasCrash false hasNet false
2023/01/26 12:21:51 prog length: 11
2023/01/26 12:21:51 deserializeInput: hasCrash false hasNet false
2023/01/26 12:21:51 prog length: 1
2023/01/26 12:21:51 deserializeInput: hasCrash false hasNet false
2023/01/26 12:21:51 prog length: 1
2023/01/26 12:21:51 deserializeInput: hasCrash false hasNet false
2023/01/26 12:21:51 prog length: 1
2023/01/26 12:21:51 deserializeInput: hasCrash false hasNet false
2023/01/26 12:21:51 prog length: 2
2023/01/26 12:21:51 deserializeInput: hasCrash false hasNet false
2023/01/26 12:21:51 prog length: 1
2023/01/26 12:21:51 deserializeInput: hasCrash false hasNet false
2023/01/26 12:21:51 prog length: 2
2023/01/26 12:21:51 deserializeInput: hasCrash false hasNet false
2023/01/26 12:21:51 prog length: 1
2023/01/26 12:21:51 deserializeInput: hasCrash false hasNet false
2023/01/26 12:21:51 prog length: 4
2023/01/26 12:21:51 deserializeInput: hasCrash true hasNet false
2023/01/26 12:21:51 prog length: 6
2023/01/26 12:21:51 prog length: 3
2023/01/26 12:21:51 deserializeInput: hasCrash false hasNet false
2023/01/26 12:21:51 prog length: 2
2023/01/26 12:21:51 deserializeInput: hasCrash false hasNet false
2023/01/26 12:21:51 prog length: 2
2023/01/26 12:21:51 deserializeInput: hasCrash false hasNet false
2023/01/26 12:21:51 prog length: 2
2023/01/26 12:21:51 deserializeInput: hasCrash false hasNet false
2023/01/26 12:21:51 prog length: 1
2023/01/26 12:21:51 deserializeInput: hasCrash false hasNet false
2023/01/26 12:21:51 prog length: 2
2023/01/26 12:21:51 deserializeInput: hasCrash false hasNet false
2023/01/26 12:21:51 prog length: 1
2023/01/26 12:21:51 deserializeInput: hasCrash false hasNet false
2023/01/26 12:21:51 prog length: 3
2023/01/26 12:21:51 deserializeInput: hasCrash false hasNet false
2023/01/26 12:21:51 prog length: 1
2023/01/26 12:21:51 deserializeInput: hasCrash false hasNet false
2023/01/26 12:21:51 prog length: 3
2023/01/26 12:21:51 deserializeInput: hasCrash false hasNet false
2023/01/26 12:21:51 prog length: 3
2023/01/26 12:21:51 deserializeInput: hasCrash false hasNet true
2023/01/26 12:21:51 prog length: 18
2023/01/26 12:21:51 prog length: 9
2023/01/26 12:21:51 deserializeInput: hasCrash true hasNet false
2023/01/26 12:21:51 prog length: 6
2023/01/26 12:21:51 prog length: 3
2023/01/26 12:21:51 deserializeInput: hasCrash false hasNet true
2023/01/26 12:21:51 prog length: 6
2023/01/26 12:21:51 prog length: 14
2023/01/26 12:21:51 deserializeInput: hasCrash false hasNet false
2023/01/26 12:21:51 prog length: 2
2023/01/26 12:21:51 deserializeInput: hasCrash false hasNet false
2023/01/26 12:21:51 prog length: 2
2023/01/26 12:21:51 deserializeInput: hasCrash true hasNet false
2023/01/26 12:21:51 prog length: 6
2023/01/26 12:21:51 prog length: 3
2023/01/26 12:21:51 deserializeInput: hasCrash false hasNet false
2023/01/26 12:21:51 prog length: 6
2023/01/26 12:21:51 deserializeInput: hasCrash false hasNet true
2023/01/26 12:21:51 prog length: 18
2023/01/26 12:21:51 prog length: 12
2023/01/26 12:21:51 deserializeInput: hasCrash false hasNet false
2023/01/26 12:21:51 prog length: 2
2023/01/26 12:21:51 deserializeInput: hasCrash false hasNet false
2023/01/26 12:21:51 prog length: 2
2023/01/26 12:21:51 fetching corpus: 100, signal 7343/27423/34320 (executing program)
2023/01/26 12:21:51 poll: candidates=0 inputs=50 signal=2000
2023/01/26 12:21:51 deserializeInput: hasCrash true hasNet false
2023/01/26 12:21:51 prog length: 6
2023/01/26 12:21:51 prog length: 4
2023/01/26 12:21:51 deserializeInput: hasCrash false hasNet false
2023/01/26 12:21:51 prog length: 1
2023/01/26 12:21:51 deserializeInput: hasCrash false hasNet false
2023/01/26 12:21:51 prog length: 1
2023/01/26 12:21:51 deserializeInput: hasCrash false hasNet false
2023/01/26 12:21:51 prog length: 1
2023/01/26 12:21:51 deserializeInput: hasCrash false hasNet false
2023/01/26 12:21:51 prog length: 5
2023/01/26 12:21:51 deserializeInput: hasCrash false hasNet true
2023/01/26 12:21:51 prog length: 6
2023/01/26 12:21:51 prog length: 20
2023/01/26 12:21:51 deserializeInput: hasCrash false hasNet false
2023/01/26 12:21:51 prog length: 1
2023/01/26 12:21:51 deserializeInput: hasCrash false hasNet false
2023/01/26 12:21:51 prog length: 2
2023/01/26 12:21:51 deserializeInput: hasCrash false hasNet false
2023/01/26 12:21:51 prog length: 3
2023/01/26 12:21:51 deserializeInput: hasCrash false hasNet false
2023/01/26 12:21:51 prog length: 5
2023/01/26 12:21:51 deserializeInput: hasCrash true hasNet false
2023/01/26 12:21:51 prog length: 6
2023/01/26 12:21:51 prog length: 3
2023/01/26 12:21:51 deserializeInput: hasCrash false hasNet false
2023/01/26 12:21:51 prog length: 3
2023/01/26 12:21:51 deserializeInput: hasCrash true hasNet false
2023/01/26 12:21:51 prog length: 6
2023/01/26 12:21:51 prog length: 3
2023/01/26 12:21:51 deserializeInput: hasCrash false hasNet false
2023/01/26 12:21:51 prog length: 3
2023/01/26 12:21:51 deserializeInput: hasCrash false hasNet false
2023/01/26 12:21:51 prog length: 2
2023/01/26 12:21:51 deserializeInput: hasCrash false hasNet false
2023/01/26 12:21:51 prog length: 2
2023/01/26 12:21:51 deserializeInput: hasCrash false hasNet false
2023/01/26 12:21:51 prog length: 1
2023/01/26 12:21:51 deserializeInput: hasCrash false hasNet false
2023/01/26 12:21:51 prog length: 5
2023/01/26 12:21:51 deserializeInput: hasCrash false hasNet false
2023/01/26 12:21:51 prog length: 2
2023/01/26 12:21:51 deserializeInput: hasCrash true hasNet true
2023/01/26 12:21:51 prog length: 6
2023/01/26 12:21:51 prog length: 12
2023/01/26 12:21:51 prog length: 9
2023/01/26 12:21:51 deserializeInput: hasCrash false hasNet false
2023/01/26 12:21:51 prog length: 2
2023/01/26 12:21:51 deserializeInput: hasCrash false hasNet false
2023/01/26 12:21:51 prog length: 1
2023/01/26 12:21:51 deserializeInput: hasCrash false hasNet true
2023/01/26 12:21:51 prog length: 6
2023/01/26 12:21:51 prog length: 6
2023/01/26 12:21:51 deserializeInput: hasCrash false hasNet true
2023/01/26 12:21:51 prog length: 6
2023/01/26 12:21:51 prog length: 20
2023/01/26 12:21:51 deserializeInput: hasCrash false hasNet false
2023/01/26 12:21:51 prog length: 1
2023/01/26 12:21:51 deserializeInput: hasCrash false hasNet false
2023/01/26 12:21:51 prog length: 1
2023/01/26 12:21:51 deserializeInput: hasCrash false hasNet false
2023/01/26 12:21:51 prog length: 2
2023/01/26 12:21:51 deserializeInput: hasCrash false hasNet false
2023/01/26 12:21:51 prog length: 2
2023/01/26 12:21:51 deserializeInput: hasCrash false hasNet false
2023/01/26 12:21:51 prog length: 2
2023/01/26 12:21:51 deserializeInput: hasCrash false hasNet false
2023/01/26 12:21:51 prog length: 3
2023/01/26 12:21:51 deserializeInput: hasCrash false hasNet false
2023/01/26 12:21:51 prog length: 3
2023/01/26 12:21:51 deserializeInput: hasCrash false hasNet true
2023/01/26 12:21:51 prog length: 6
2023/01/26 12:21:51 prog length: 16
2023/01/26 12:21:51 deserializeInput: hasCrash false hasNet false
2023/01/26 12:21:51 prog length: 2
2023/01/26 12:21:51 deserializeInput: hasCrash false hasNet false
2023/01/26 12:21:51 prog length: 5
2023/01/26 12:21:51 deserializeInput: hasCrash false hasNet false
2023/01/26 12:21:51 prog length: 1
2023/01/26 12:21:51 deserializeInput: hasCrash false hasNet false
2023/01/26 12:21:51 prog length: 1
2023/01/26 12:21:51 deserializeInput: hasCrash false hasNet false
2023/01/26 12:21:51 prog length: 1
2023/01/26 12:21:51 deserializeInput: hasCrash false hasNet false
2023/01/26 12:21:51 prog length: 1
2023/01/26 12:21:51 deserializeInput: hasCrash false hasNet false
2023/01/26 12:21:51 prog length: 3
2023/01/26 12:21:51 deserializeInput: hasCrash false hasNet false
2023/01/26 12:21:51 prog length: 2
2023/01/26 12:21:51 deserializeInput: hasCrash false hasNet false
2023/01/26 12:21:51 prog length: 3
2023/01/26 12:21:51 deserializeInput: hasCrash false hasNet false
2023/01/26 12:21:51 prog length: 2
2023/01/26 12:21:51 deserializeInput: hasCrash true hasNet false
2023/01/26 12:21:51 prog length: 6
2023/01/26 12:21:51 prog length: 4
2023/01/26 12:21:51 deserializeInput: hasCrash false hasNet false
2023/01/26 12:21:51 prog length: 2
2023/01/26 12:21:51 deserializeInput: hasCrash false hasNet false
2023/01/26 12:21:51 prog length: 1
2023/01/26 12:21:51 deserializeInput: hasCrash false hasNet false
2023/01/26 12:21:51 prog length: 1
2023/01/26 12:21:51 deserializeInput: hasCrash false hasNet false
2023/01/26 12:21:51 prog length: 1
2023/01/26 12:21:51 deserializeInput: hasCrash false hasNet false
2023/01/26 12:21:51 prog length: 3
2023/01/26 12:21:51 deserializeInput: hasCrash false hasNet false
2023/01/26 12:21:51 prog length: 2
2023/01/26 12:21:51 deserializeInput: hasCrash false hasNet false
2023/01/26 12:21:51 prog length: 2
2023/01/26 12:21:51 fetching corpus: 150, signal 7695/29360/36968 (executing program)
2023/01/26 12:21:52 poll: candidates=0 inputs=50 signal=2000
2023/01/26 12:21:52 deserializeInput: hasCrash false hasNet false
2023/01/26 12:21:52 prog length: 2
2023/01/26 12:21:52 deserializeInput: hasCrash false hasNet false
2023/01/26 12:21:52 prog length: 3
2023/01/26 12:21:52 deserializeInput: hasCrash false hasNet false
2023/01/26 12:21:52 prog length: 1
2023/01/26 12:21:52 deserializeInput: hasCrash false hasNet false
2023/01/26 12:21:52 prog length: 1
2023/01/26 12:21:52 deserializeInput: hasCrash false hasNet false
2023/01/26 12:21:52 prog length: 2
2023/01/26 12:21:52 deserializeInput: hasCrash false hasNet false
2023/01/26 12:21:52 prog length: 18
2023/01/26 12:21:52 deserializeInput: hasCrash false hasNet true
2023/01/26 12:21:52 prog length: 6
2023/01/26 12:21:52 prog length: 6
2023/01/26 12:21:52 prog length: 7
2023/01/26 12:21:52 deserializeInput: hasCrash false hasNet false
2023/01/26 12:21:52 prog length: 2
2023/01/26 12:21:52 deserializeInput: hasCrash false hasNet false
2023/01/26 12:21:52 prog length: 2
2023/01/26 12:21:52 deserializeInput: hasCrash false hasNet false
2023/01/26 12:21:52 prog length: 5
2023/01/26 12:21:52 deserializeInput: hasCrash true hasNet false
2023/01/26 12:21:52 prog length: 6
2023/01/26 12:21:52 prog length: 3
2023/01/26 12:21:52 deserializeInput: hasCrash false hasNet false
2023/01/26 12:21:52 prog length: 2
2023/01/26 12:21:52 deserializeInput: hasCrash false hasNet false
2023/01/26 12:21:52 prog length: 2
2023/01/26 12:21:52 deserializeInput: hasCrash false hasNet false
2023/01/26 12:21:52 prog length: 4
2023/01/26 12:21:52 deserializeInput: hasCrash true hasNet false
2023/01/26 12:21:52 prog length: 6
2023/01/26 12:21:52 prog length: 3
2023/01/26 12:21:52 deserializeInput: hasCrash false hasNet false
2023/01/26 12:21:52 prog length: 2
2023/01/26 12:21:52 deserializeInput: hasCrash false hasNet false
2023/01/26 12:21:52 prog length: 1
2023/01/26 12:21:52 deserializeInput: hasCrash true hasNet false
2023/01/26 12:21:52 prog length: 18
2023/01/26 12:21:52 prog length: 8
2023/01/26 12:21:52 deserializeInput: hasCrash false hasNet false
2023/01/26 12:21:52 prog length: 1
2023/01/26 12:21:52 deserializeInput: hasCrash false hasNet false
2023/01/26 12:21:52 prog length: 1
2023/01/26 12:21:52 deserializeInput: hasCrash false hasNet false
2023/01/26 12:21:52 prog length: 2
2023/01/26 12:21:52 deserializeInput: hasCrash false hasNet false
2023/01/26 12:21:52 prog length: 2
2023/01/26 12:21:52 deserializeInput: hasCrash false hasNet false
2023/01/26 12:21:52 prog length: 3
2023/01/26 12:21:52 deserializeInput: hasCrash false hasNet false
2023/01/26 12:21:52 prog length: 2
2023/01/26 12:21:52 deserializeInput: hasCrash false hasNet false
2023/01/26 12:21:52 prog length: 2
2023/01/26 12:21:52 deserializeInput: hasCrash false hasNet false
2023/01/26 12:21:52 prog length: 2
2023/01/26 12:21:52 deserializeInput: hasCrash false hasNet false
2023/01/26 12:21:52 prog length: 5
2023/01/26 12:21:52 deserializeInput: hasCrash false hasNet false
2023/01/26 12:21:52 prog length: 2
2023/01/26 12:21:52 deserializeInput: hasCrash false hasNet false
2023/01/26 12:21:52 prog length: 1
2023/01/26 12:21:52 deserializeInput: hasCrash false hasNet false
2023/01/26 12:21:52 prog length: 2
2023/01/26 12:21:52 deserializeInput: hasCrash false hasNet false
2023/01/26 12:21:52 prog length: 1
2023/01/26 12:21:52 deserializeInput: hasCrash false hasNet false
2023/01/26 12:21:52 prog length: 2
2023/01/26 12:21:52 deserializeInput: hasCrash false hasNet false
2023/01/26 12:21:52 prog length: 1
2023/01/26 12:21:52 deserializeInput: hasCrash false hasNet false
2023/01/26 12:21:52 prog length: 4
2023/01/26 12:21:52 deserializeInput: hasCrash false hasNet false
2023/01/26 12:21:52 prog length: 1
2023/01/26 12:21:52 deserializeInput: hasCrash false hasNet false
2023/01/26 12:21:52 prog length: 4
2023/01/26 12:21:52 deserializeInput: hasCrash false hasNet false
2023/01/26 12:21:52 prog length: 1
2023/01/26 12:21:52 deserializeInput: hasCrash true hasNet false
2023/01/26 12:21:52 prog length: 6
2023/01/26 12:21:52 prog length: 5
2023/01/26 12:21:52 deserializeInput: hasCrash false hasNet true
2023/01/26 12:21:52 prog length: 6
2023/01/26 12:21:52 prog length: 5
2023/01/26 12:21:52 deserializeInput: hasCrash false hasNet false
2023/01/26 12:21:52 prog length: 2
2023/01/26 12:21:52 deserializeInput: hasCrash false hasNet false
2023/01/26 12:21:52 prog length: 1
2023/01/26 12:21:52 deserializeInput: hasCrash false hasNet false
2023/01/26 12:21:52 prog length: 2
2023/01/26 12:21:52 deserializeInput: hasCrash false hasNet false
2023/01/26 12:21:52 prog length: 2
2023/01/26 12:21:52 deserializeInput: hasCrash false hasNet false
2023/01/26 12:21:52 prog length: 2
2023/01/26 12:21:52 deserializeInput: hasCrash false hasNet false
2023/01/26 12:21:52 prog length: 2
2023/01/26 12:21:52 deserializeInput: hasCrash false hasNet false
2023/01/26 12:21:52 prog length: 1
2023/01/26 12:21:52 deserializeInput: hasCrash false hasNet false
2023/01/26 12:21:52 prog length: 1
2023/01/26 12:21:52 deserializeInput: hasCrash false hasNet false
2023/01/26 12:21:52 prog length: 2
2023/01/26 12:21:52 deserializeInput: hasCrash false hasNet false
2023/01/26 12:21:52 prog length: 2
2023/01/26 12:21:52 deserializeInput: hasCrash false hasNet false
2023/01/26 12:21:52 prog length: 4
2023/01/26 12:21:52 fetching corpus: 200, signal 8855/30291/39315 (executing program)
2023/01/26 12:21:52 poll: candidates=0 inputs=50 signal=2000
2023/01/26 12:21:52 deserializeInput: hasCrash true hasNet false
2023/01/26 12:21:52 prog length: 6
2023/01/26 12:21:52 prog length: 3
2023/01/26 12:21:52 deserializeInput: hasCrash false hasNet false
2023/01/26 12:21:52 prog length: 9
2023/01/26 12:21:52 deserializeInput: hasCrash false hasNet false
2023/01/26 12:21:52 prog length: 4
2023/01/26 12:21:52 deserializeInput: hasCrash false hasNet false
2023/01/26 12:21:52 prog length: 1
2023/01/26 12:21:52 deserializeInput: hasCrash false hasNet false
2023/01/26 12:21:52 prog length: 2
2023/01/26 12:21:52 deserializeInput: hasCrash false hasNet false
2023/01/26 12:21:52 prog length: 3
2023/01/26 12:21:52 deserializeInput: hasCrash false hasNet true
2023/01/26 12:21:52 prog length: 6
2023/01/26 12:21:52 prog length: 20
2023/01/26 12:21:52 deserializeInput: hasCrash false hasNet false
2023/01/26 12:21:52 prog length: 2
2023/01/26 12:21:52 deserializeInput: hasCrash false hasNet false
2023/01/26 12:21:52 prog length: 2
2023/01/26 12:21:52 deserializeInput: hasCrash true hasNet false
2023/01/26 12:21:52 prog length: 6
2023/01/26 12:21:52 prog length: 3
2023/01/26 12:21:52 deserializeInput: hasCrash false hasNet false
2023/01/26 12:21:52 prog length: 1
2023/01/26 12:21:52 deserializeInput: hasCrash false hasNet false
2023/01/26 12:21:52 prog length: 2
2023/01/26 12:21:52 deserializeInput: hasCrash true hasNet true
2023/01/26 12:21:52 prog length: 12
2023/01/26 12:21:52 prog length: 6
2023/01/26 12:21:52 deserializeInput: hasCrash false hasNet false
2023/01/26 12:21:52 prog length: 1
2023/01/26 12:21:52 deserializeInput: hasCrash false hasNet false
2023/01/26 12:21:52 prog length: 2
2023/01/26 12:21:52 deserializeInput: hasCrash false hasNet false
2023/01/26 12:21:52 prog length: 4
2023/01/26 12:21:52 deserializeInput: hasCrash false hasNet false
2023/01/26 12:21:52 prog length: 2
2023/01/26 12:21:52 deserializeInput: hasCrash false hasNet false
2023/01/26 12:21:52 prog length: 1
2023/01/26 12:21:52 deserializeInput: hasCrash false hasNet true
2023/01/26 12:21:52 prog length: 6
2023/01/26 12:21:52 prog length: 8
2023/01/26 12:21:52 deserializeInput: hasCrash false hasNet false
2023/01/26 12:21:52 prog length: 3
2023/01/26 12:21:52 deserializeInput: hasCrash false hasNet false
2023/01/26 12:21:52 prog length: 2
2023/01/26 12:21:52 deserializeInput: hasCrash false hasNet false
2023/01/26 12:21:52 prog length: 5
2023/01/26 12:21:52 deserializeInput: hasCrash false hasNet false
2023/01/26 12:21:52 prog length: 1
2023/01/26 12:21:52 deserializeInput: hasCrash true hasNet true
2023/01/26 12:21:52 prog length: 6
2023/01/26 12:21:52 prog length: 6
2023/01/26 12:21:52 prog length: 6
2023/01/26 12:21:52 prog length: 10
2023/01/26 12:21:52 deserializeInput: hasCrash false hasNet false
2023/01/26 12:21:52 prog length: 3
2023/01/26 12:21:52 deserializeInput: hasCrash false hasNet false
2023/01/26 12:21:52 prog length: 1
2023/01/26 12:21:52 deserializeInput: hasCrash false hasNet true
2023/01/26 12:21:52 prog length: 6
2023/01/26 12:21:52 prog length: 5
2023/01/26 12:21:52 deserializeInput: hasCrash false hasNet false
2023/01/26 12:21:52 prog length: 3
2023/01/26 12:21:52 deserializeInput: hasCrash false hasNet false
2023/01/26 12:21:52 prog length: 3
2023/01/26 12:21:52 deserializeInput: hasCrash false hasNet false
2023/01/26 12:21:52 prog length: 1
2023/01/26 12:21:52 deserializeInput: hasCrash false hasNet false
2023/01/26 12:21:52 prog length: 2
2023/01/26 12:21:52 deserializeInput: hasCrash false hasNet false
2023/01/26 12:21:52 prog length: 9
2023/01/26 12:21:52 deserializeInput: hasCrash false hasNet false
2023/01/26 12:21:52 prog length: 3
2023/01/26 12:21:52 deserializeInput: hasCrash false hasNet true
2023/01/26 12:21:52 prog length: 6
2023/01/26 12:21:52 prog length: 18
2023/01/26 12:21:52 deserializeInput: hasCrash false hasNet false
2023/01/26 12:21:52 prog length: 4
2023/01/26 12:21:52 deserializeInput: hasCrash false hasNet false
2023/01/26 12:21:52 prog length: 1
2023/01/26 12:21:52 deserializeInput: hasCrash false hasNet true
2023/01/26 12:21:52 prog length: 6
2023/01/26 12:21:52 prog length: 7
2023/01/26 12:21:52 deserializeInput: hasCrash true hasNet false
2023/01/26 12:21:52 prog length: 6
2023/01/26 12:21:52 prog length: 3
2023/01/26 12:21:52 deserializeInput: hasCrash false hasNet true
2023/01/26 12:21:52 prog length: 6
2023/01/26 12:21:52 prog length: 18
2023/01/26 12:21:52 deserializeInput: hasCrash false hasNet false
2023/01/26 12:21:52 prog length: 3
2023/01/26 12:21:52 deserializeInput: hasCrash false hasNet false
2023/01/26 12:21:52 prog length: 2
2023/01/26 12:21:52 deserializeInput: hasCrash false hasNet false
2023/01/26 12:21:52 prog length: 1
2023/01/26 12:21:52 deserializeInput: hasCrash false hasNet false
2023/01/26 12:21:52 prog length: 6
2023/01/26 12:21:52 deserializeInput: hasCrash false hasNet false
2023/01/26 12:21:52 prog length: 2
2023/01/26 12:21:52 deserializeInput: hasCrash false hasNet false
2023/01/26 12:21:52 prog length: 2
2023/01/26 12:21:52 deserializeInput: hasCrash false hasNet false
2023/01/26 12:21:52 prog length: 3
2023/01/26 12:21:52 deserializeInput: hasCrash false hasNet false
2023/01/26 12:21:52 prog length: 3
2023/01/26 12:21:52 deserializeInput: hasCrash false hasNet false
2023/01/26 12:21:52 prog length: 2
2023/01/26 12:21:52 deserializeInput: hasCrash false hasNet false
2023/01/26 12:21:52 prog length: 2
2023/01/26 12:21:52 deserializeInput: hasCrash false hasNet false
2023/01/26 12:21:52 prog length: 2
2023/01/26 12:21:52 fetching corpus: 250, signal 8938/31369/40777 (executing program)
2023/01/26 12:21:52 poll: candidates=0 inputs=50 signal=2000
2023/01/26 12:21:52 deserializeInput: hasCrash false hasNet false
2023/01/26 12:21:52 prog length: 2
2023/01/26 12:21:52 deserializeInput: hasCrash false hasNet true
2023/01/26 12:21:52 prog length: 6
2023/01/26 12:21:52 prog length: 20
2023/01/26 12:21:52 deserializeInput: hasCrash false hasNet false
2023/01/26 12:21:52 prog length: 1
2023/01/26 12:21:52 deserializeInput: hasCrash true hasNet true
2023/01/26 12:21:52 prog length: 6
2023/01/26 12:21:52 prog length: 6
2023/01/26 12:21:52 prog length: 7
2023/01/26 12:21:52 deserializeInput: hasCrash true hasNet false
2023/01/26 12:21:52 prog length: 6
2023/01/26 12:21:52 prog length: 3
2023/01/26 12:21:52 deserializeInput: hasCrash false hasNet false
2023/01/26 12:21:52 prog length: 2
2023/01/26 12:21:52 deserializeInput: hasCrash false hasNet false
2023/01/26 12:21:52 prog length: 2
2023/01/26 12:21:52 deserializeInput: hasCrash true hasNet false
2023/01/26 12:21:52 prog length: 6
2023/01/26 12:21:52 prog length: 3
2023/01/26 12:21:52 deserializeInput: hasCrash false hasNet false
2023/01/26 12:21:52 prog length: 2
2023/01/26 12:21:52 deserializeInput: hasCrash false hasNet false
2023/01/26 12:21:52 prog length: 1
2023/01/26 12:21:52 deserializeInput: hasCrash false hasNet false
2023/01/26 12:21:52 prog length: 4
2023/01/26 12:21:52 deserializeInput: hasCrash false hasNet false
2023/01/26 12:21:52 prog length: 9
2023/01/26 12:21:52 deserializeInput: hasCrash false hasNet false
2023/01/26 12:21:52 prog length: 2
2023/01/26 12:21:52 deserializeInput: hasCrash false hasNet false
2023/01/26 12:21:52 prog length: 2
2023/01/26 12:21:52 deserializeInput: hasCrash false hasNet false
2023/01/26 12:21:52 prog length: 1
2023/01/26 12:21:52 deserializeInput: hasCrash false hasNet false
2023/01/26 12:21:52 prog length: 2
2023/01/26 12:21:52 deserializeInput: hasCrash false hasNet false
2023/01/26 12:21:52 prog length: 1
2023/01/26 12:21:52 deserializeInput: hasCrash false hasNet false
2023/01/26 12:21:52 prog length: 5
2023/01/26 12:21:52 deserializeInput: hasCrash false hasNet false
2023/01/26 12:21:52 prog length: 2
2023/01/26 12:21:52 deserializeInput: hasCrash false hasNet false
2023/01/26 12:21:52 prog length: 2
2023/01/26 12:21:52 deserializeInput: hasCrash false hasNet false
2023/01/26 12:21:52 prog length: 3
2023/01/26 12:21:52 deserializeInput: hasCrash false hasNet false
2023/01/26 12:21:52 prog length: 2
2023/01/26 12:21:52 deserializeInput: hasCrash false hasNet false
2023/01/26 12:21:52 prog length: 3
2023/01/26 12:21:52 deserializeInput: hasCrash false hasNet false
2023/01/26 12:21:52 prog length: 2
2023/01/26 12:21:52 deserializeInput: hasCrash false hasNet false
2023/01/26 12:21:52 prog length: 2
2023/01/26 12:21:52 deserializeInput: hasCrash false hasNet false
2023/01/26 12:21:52 prog length: 1
2023/01/26 12:21:52 deserializeInput: hasCrash true hasNet false
2023/01/26 12:21:52 prog length: 6
2023/01/26 12:21:52 prog length: 3
2023/01/26 12:21:52 deserializeInput: hasCrash true hasNet false
2023/01/26 12:21:52 prog length: 6
2023/01/26 12:21:52 prog length: 3
2023/01/26 12:21:52 deserializeInput: hasCrash false hasNet false
2023/01/26 12:21:52 prog length: 1
2023/01/26 12:21:52 deserializeInput: hasCrash false hasNet false
2023/01/26 12:21:52 prog length: 2
2023/01/26 12:21:52 deserializeInput: hasCrash true hasNet false
2023/01/26 12:21:52 prog length: 6
2023/01/26 12:21:52 prog length: 4
2023/01/26 12:21:52 deserializeInput: hasCrash false hasNet false
2023/01/26 12:21:52 prog length: 5
2023/01/26 12:21:52 deserializeInput: hasCrash false hasNet false
2023/01/26 12:21:52 prog length: 1
2023/01/26 12:21:52 deserializeInput: hasCrash false hasNet false
2023/01/26 12:21:52 prog length: 1
2023/01/26 12:21:52 deserializeInput: hasCrash false hasNet false
2023/01/26 12:21:52 prog length: 4
2023/01/26 12:21:52 deserializeInput: hasCrash false hasNet false
2023/01/26 12:21:52 prog length: 3
2023/01/26 12:21:52 deserializeInput: hasCrash false hasNet false
2023/01/26 12:21:52 prog length: 2
2023/01/26 12:21:52 deserializeInput: hasCrash false hasNet false
2023/01/26 12:21:52 prog length: 2
2023/01/26 12:21:52 deserializeInput: hasCrash false hasNet true
2023/01/26 12:21:52 prog length: 6
2023/01/26 12:21:52 prog length: 20
2023/01/26 12:21:52 deserializeInput: hasCrash false hasNet true
2023/01/26 12:21:52 prog length: 6
2023/01/26 12:21:52 prog length: 20
2023/01/26 12:21:52 deserializeInput: hasCrash false hasNet false
2023/01/26 12:21:52 prog length: 1
2023/01/26 12:21:52 deserializeInput: hasCrash false hasNet false
2023/01/26 12:21:52 prog length: 2
2023/01/26 12:21:52 deserializeInput: hasCrash false hasNet false
2023/01/26 12:21:52 prog length: 1
2023/01/26 12:21:52 deserializeInput: hasCrash false hasNet false
2023/01/26 12:21:52 prog length: 6
2023/01/26 12:21:52 deserializeInput: hasCrash false hasNet false
2023/01/26 12:21:52 prog length: 2
2023/01/26 12:21:52 deserializeInput: hasCrash false hasNet false
2023/01/26 12:21:52 prog length: 3
2023/01/26 12:21:52 deserializeInput: hasCrash false hasNet false
2023/01/26 12:21:52 prog length: 4
2023/01/26 12:21:52 deserializeInput: hasCrash false hasNet false
2023/01/26 12:21:52 prog length: 3
2023/01/26 12:21:52 deserializeInput: hasCrash false hasNet false
2023/01/26 12:21:52 prog length: 2
2023/01/26 12:21:52 deserializeInput: hasCrash false hasNet false
2023/01/26 12:21:52 prog length: 1
2023/01/26 12:21:52 fetching corpus: 300, signal 9337/31956/42011 (executing program)
2023/01/26 12:21:52 poll: candidates=0 inputs=50 signal=2000
2023/01/26 12:21:52 deserializeInput: hasCrash false hasNet false
2023/01/26 12:21:52 prog length: 2
2023/01/26 12:21:52 deserializeInput: hasCrash false hasNet false
2023/01/26 12:21:52 prog length: 2
2023/01/26 12:21:52 deserializeInput: hasCrash false hasNet false
2023/01/26 12:21:52 prog length: 1
2023/01/26 12:21:52 deserializeInput: hasCrash false hasNet true
2023/01/26 12:21:52 prog length: 6
2023/01/26 12:21:52 prog length: 4
2023/01/26 12:21:52 deserializeInput: hasCrash false hasNet false
2023/01/26 12:21:52 prog length: 1
2023/01/26 12:21:52 deserializeInput: hasCrash false hasNet false
2023/01/26 12:21:52 prog length: 2
2023/01/26 12:21:52 deserializeInput: hasCrash false hasNet false
2023/01/26 12:21:52 prog length: 4
2023/01/26 12:21:52 deserializeInput: hasCrash false hasNet false
2023/01/26 12:21:52 prog length: 1
2023/01/26 12:21:52 deserializeInput: hasCrash false hasNet false
2023/01/26 12:21:52 prog length: 1
2023/01/26 12:21:52 deserializeInput: hasCrash false hasNet false
2023/01/26 12:21:52 prog length: 2
2023/01/26 12:21:52 deserializeInput: hasCrash false hasNet false
2023/01/26 12:21:52 prog length: 2
2023/01/26 12:21:52 deserializeInput: hasCrash false hasNet false
2023/01/26 12:21:52 prog length: 2
2023/01/26 12:21:52 deserializeInput: hasCrash false hasNet false
2023/01/26 12:21:52 prog length: 2
2023/01/26 12:21:52 deserializeInput: hasCrash false hasNet true
2023/01/26 12:21:52 prog length: 18
2023/01/26 12:21:52 prog length: 11
2023/01/26 12:21:52 deserializeInput: hasCrash false hasNet false
2023/01/26 12:21:52 prog length: 2
2023/01/26 12:21:52 deserializeInput: hasCrash false hasNet false
2023/01/26 12:21:52 prog length: 1
2023/01/26 12:21:52 deserializeInput: hasCrash false hasNet false
2023/01/26 12:21:52 prog length: 2
2023/01/26 12:21:52 deserializeInput: hasCrash false hasNet false
2023/01/26 12:21:52 prog length: 2
2023/01/26 12:21:52 deserializeInput: hasCrash false hasNet false
2023/01/26 12:21:52 prog length: 1
2023/01/26 12:21:52 deserializeInput: hasCrash false hasNet false
2023/01/26 12:21:52 prog length: 4
2023/01/26 12:21:52 deserializeInput: hasCrash false hasNet false
2023/01/26 12:21:52 prog length: 2
2023/01/26 12:21:52 deserializeInput: hasCrash false hasNet false
2023/01/26 12:21:52 prog length: 2
2023/01/26 12:21:52 deserializeInput: hasCrash false hasNet false
2023/01/26 12:21:52 prog length: 2
2023/01/26 12:21:52 deserializeInput: hasCrash false hasNet true
2023/01/26 12:21:52 prog length: 18
2023/01/26 12:21:52 prog length: 9
2023/01/26 12:21:52 deserializeInput: hasCrash false hasNet false
2023/01/26 12:21:52 prog length: 1
2023/01/26 12:21:52 deserializeInput: hasCrash false hasNet false
2023/01/26 12:21:52 prog length: 3
2023/01/26 12:21:52 deserializeInput: hasCrash false hasNet false
2023/01/26 12:21:52 prog length: 2
2023/01/26 12:21:52 deserializeInput: hasCrash false hasNet false
2023/01/26 12:21:52 prog length: 6
2023/01/26 12:21:52 deserializeInput: hasCrash false hasNet false
2023/01/26 12:21:52 prog length: 2
2023/01/26 12:21:52 deserializeInput: hasCrash false hasNet false
2023/01/26 12:21:52 prog length: 1
2023/01/26 12:21:52 deserializeInput: hasCrash false hasNet false
2023/01/26 12:21:52 prog length: 2
2023/01/26 12:21:52 deserializeInput: hasCrash false hasNet false
2023/01/26 12:21:52 prog length: 3
2023/01/26 12:21:52 deserializeInput: hasCrash false hasNet false
2023/01/26 12:21:52 prog length: 2
2023/01/26 12:21:52 deserializeInput: hasCrash false hasNet false
2023/01/26 12:21:52 prog length: 2
2023/01/26 12:21:52 deserializeInput: hasCrash false hasNet false
2023/01/26 12:21:52 prog length: 2
2023/01/26 12:21:52 deserializeInput: hasCrash false hasNet false
2023/01/26 12:21:52 prog length: 1
2023/01/26 12:21:52 deserializeInput: hasCrash false hasNet false
2023/01/26 12:21:52 prog length: 6
2023/01/26 12:21:52 deserializeInput: hasCrash false hasNet false
2023/01/26 12:21:52 prog length: 2
2023/01/26 12:21:52 deserializeInput: hasCrash false hasNet false
2023/01/26 12:21:52 prog length: 2
2023/01/26 12:21:52 deserializeInput: hasCrash false hasNet false
2023/01/26 12:21:52 prog length: 1
2023/01/26 12:21:52 deserializeInput: hasCrash false hasNet false
2023/01/26 12:21:52 prog length: 1
2023/01/26 12:21:52 deserializeInput: hasCrash false hasNet false
2023/01/26 12:21:52 prog length: 2
2023/01/26 12:21:52 deserializeInput: hasCrash false hasNet true
2023/01/26 12:21:52 prog length: 6
2023/01/26 12:21:52 prog length: 20
2023/01/26 12:21:52 deserializeInput: hasCrash false hasNet false
2023/01/26 12:21:52 prog length: 2
2023/01/26 12:21:52 deserializeInput: hasCrash false hasNet false
2023/01/26 12:21:52 prog length: 3
2023/01/26 12:21:52 deserializeInput: hasCrash false hasNet false
2023/01/26 12:21:52 prog length: 5
2023/01/26 12:21:52 deserializeInput: hasCrash false hasNet false
2023/01/26 12:21:52 prog length: 3
2023/01/26 12:21:52 deserializeInput: hasCrash false hasNet false
2023/01/26 12:21:52 prog length: 3
2023/01/26 12:21:52 deserializeInput: hasCrash false hasNet false
2023/01/26 12:21:52 prog length: 3
2023/01/26 12:21:52 deserializeInput: hasCrash false hasNet false
2023/01/26 12:21:52 prog length: 1
2023/01/26 12:21:52 fetching corpus: 350, signal 9438/32474/43001 (executing program)
2023/01/26 12:21:52 poll: candidates=0 inputs=50 signal=2000
2023/01/26 12:21:52 deserializeInput: hasCrash false hasNet false
2023/01/26 12:21:52 prog length: 2
2023/01/26 12:21:52 deserializeInput: hasCrash false hasNet false
2023/01/26 12:21:52 prog length: 1
2023/01/26 12:21:52 deserializeInput: hasCrash false hasNet true
2023/01/26 12:21:52 prog length: 6
2023/01/26 12:21:52 prog length: 6
2023/01/26 12:21:52 prog length: 7
2023/01/26 12:21:52 deserializeInput: hasCrash false hasNet false
2023/01/26 12:21:52 prog length: 2
2023/01/26 12:21:52 deserializeInput: hasCrash false hasNet false
2023/01/26 12:21:52 prog length: 2
2023/01/26 12:21:52 deserializeInput: hasCrash false hasNet false
2023/01/26 12:21:52 prog length: 5
2023/01/26 12:21:52 deserializeInput: hasCrash false hasNet false
2023/01/26 12:21:52 prog length: 2
2023/01/26 12:21:52 deserializeInput: hasCrash false hasNet true
2023/01/26 12:21:52 prog length: 6
2023/01/26 12:21:52 prog length: 16
2023/01/26 12:21:52 deserializeInput: hasCrash false hasNet false
2023/01/26 12:21:52 prog length: 3
2023/01/26 12:21:52 deserializeInput: hasCrash false hasNet false
2023/01/26 12:21:52 prog length: 2
2023/01/26 12:21:52 deserializeInput: hasCrash false hasNet false
2023/01/26 12:21:52 prog length: 2
2023/01/26 12:21:52 deserializeInput: hasCrash false hasNet false
2023/01/26 12:21:52 prog length: 2
2023/01/26 12:21:52 deserializeInput: hasCrash false hasNet true
2023/01/26 12:21:52 prog length: 6
2023/01/26 12:21:52 prog length: 20
2023/01/26 12:21:52 deserializeInput: hasCrash false hasNet false
2023/01/26 12:21:52 prog length: 2
2023/01/26 12:21:52 deserializeInput: hasCrash false hasNet false
2023/01/26 12:21:52 prog length: 3
2023/01/26 12:21:52 deserializeInput: hasCrash false hasNet false
2023/01/26 12:21:52 prog length: 2
2023/01/26 12:21:52 deserializeInput: hasCrash false hasNet false
2023/01/26 12:21:52 prog length: 2
2023/01/26 12:21:52 deserializeInput: hasCrash false hasNet false
2023/01/26 12:21:52 prog length: 3
2023/01/26 12:21:52 deserializeInput: hasCrash false hasNet false
2023/01/26 12:21:52 prog length: 2
2023/01/26 12:21:52 deserializeInput: hasCrash false hasNet false
2023/01/26 12:21:52 prog length: 2
2023/01/26 12:21:52 deserializeInput: hasCrash true hasNet false
2023/01/26 12:21:52 prog length: 6
2023/01/26 12:21:52 prog length: 3
2023/01/26 12:21:52 deserializeInput: hasCrash false hasNet false
2023/01/26 12:21:52 prog length: 1
2023/01/26 12:21:52 deserializeInput: hasCrash false hasNet false
2023/01/26 12:21:52 prog length: 3
2023/01/26 12:21:52 deserializeInput: hasCrash false hasNet false
2023/01/26 12:21:52 prog length: 4
2023/01/26 12:21:52 deserializeInput: hasCrash false hasNet false
2023/01/26 12:21:52 prog length: 2
2023/01/26 12:21:52 deserializeInput: hasCrash false hasNet true
2023/01/26 12:21:52 prog length: 6
2023/01/26 12:21:52 prog length: 20
2023/01/26 12:21:52 deserializeInput: hasCrash false hasNet false
2023/01/26 12:21:52 prog length: 4
2023/01/26 12:21:52 deserializeInput: hasCrash false hasNet true
2023/01/26 12:21:52 prog length: 18
2023/01/26 12:21:52 prog length: 10
2023/01/26 12:21:52 deserializeInput: hasCrash false hasNet true
2023/01/26 12:21:52 prog length: 6
2023/01/26 12:21:52 prog length: 20
2023/01/26 12:21:52 deserializeInput: hasCrash true hasNet false
2023/01/26 12:21:52 prog length: 6
2023/01/26 12:21:52 prog length: 4
2023/01/26 12:21:52 deserializeInput: hasCrash false hasNet false
2023/01/26 12:21:52 prog length: 1
2023/01/26 12:21:52 deserializeInput: hasCrash false hasNet false
2023/01/26 12:21:52 prog length: 2
2023/01/26 12:21:52 deserializeInput: hasCrash false hasNet false
2023/01/26 12:21:52 prog length: 1
2023/01/26 12:21:52 deserializeInput: hasCrash false hasNet false
2023/01/26 12:21:52 prog length: 3
2023/01/26 12:21:52 deserializeInput: hasCrash false hasNet true
2023/01/26 12:21:52 prog length: 6
2023/01/26 12:21:52 prog length: 4
2023/01/26 12:21:52 deserializeInput: hasCrash false hasNet false
2023/01/26 12:21:52 prog length: 3
2023/01/26 12:21:52 deserializeInput: hasCrash false hasNet false
2023/01/26 12:21:52 prog length: 6
2023/01/26 12:21:52 deserializeInput: hasCrash false hasNet false
2023/01/26 12:21:52 prog length: 5
2023/01/26 12:21:52 deserializeInput: hasCrash false hasNet false
2023/01/26 12:21:52 prog length: 2
2023/01/26 12:21:52 deserializeInput: hasCrash false hasNet false
2023/01/26 12:21:52 prog length: 3
2023/01/26 12:21:52 deserializeInput: hasCrash false hasNet true
2023/01/26 12:21:52 prog length: 6
2023/01/26 12:21:52 prog length: 4
2023/01/26 12:21:52 deserializeInput: hasCrash false hasNet false
2023/01/26 12:21:52 prog length: 2
2023/01/26 12:21:52 deserializeInput: hasCrash false hasNet false
2023/01/26 12:21:52 prog length: 2
2023/01/26 12:21:52 deserializeInput: hasCrash false hasNet false
2023/01/26 12:21:52 prog length: 3
2023/01/26 12:21:52 deserializeInput: hasCrash false hasNet true
2023/01/26 12:21:52 prog length: 6
2023/01/26 12:21:52 prog length: 20
2023/01/26 12:21:52 deserializeInput: hasCrash false hasNet true
2023/01/26 12:21:52 prog length: 6
2023/01/26 12:21:52 prog length: 5
2023/01/26 12:21:52 deserializeInput: hasCrash false hasNet false
2023/01/26 12:21:52 prog length: 16
2023/01/26 12:21:52 deserializeInput: hasCrash false hasNet false
2023/01/26 12:21:52 prog length: 2
2023/01/26 12:21:52 deserializeInput: hasCrash false hasNet false
2023/01/26 12:21:52 prog length: 1
2023/01/26 12:21:52 deserializeInput: hasCrash false hasNet false
2023/01/26 12:21:52 prog length: 1
2023/01/26 12:21:52 fetching corpus: 400, signal 9628/32996/43963 (executing program)
2023/01/26 12:21:53 poll: candidates=0 inputs=39 signal=2000
2023/01/26 12:21:53 deserializeInput: hasCrash false hasNet false
2023/01/26 12:21:53 prog length: 2
2023/01/26 12:21:53 deserializeInput: hasCrash false hasNet false
2023/01/26 12:21:53 prog length: 3
2023/01/26 12:21:53 deserializeInput: hasCrash false hasNet false
2023/01/26 12:21:53 prog length: 2
2023/01/26 12:21:53 deserializeInput: hasCrash false hasNet false
2023/01/26 12:21:53 prog length: 1
2023/01/26 12:21:53 deserializeInput: hasCrash false hasNet false
2023/01/26 12:21:53 prog length: 1
2023/01/26 12:21:53 deserializeInput: hasCrash false hasNet false
2023/01/26 12:21:53 prog length: 2
2023/01/26 12:21:53 deserializeInput: hasCrash false hasNet false
2023/01/26 12:21:53 prog length: 2
2023/01/26 12:21:53 deserializeInput: hasCrash true hasNet false
2023/01/26 12:21:53 prog length: 6
2023/01/26 12:21:53 prog length: 4
2023/01/26 12:21:53 deserializeInput: hasCrash false hasNet false
2023/01/26 12:21:53 prog length: 3
2023/01/26 12:21:53 deserializeInput: hasCrash false hasNet false
2023/01/26 12:21:53 prog length: 2
2023/01/26 12:21:53 deserializeInput: hasCrash false hasNet false
2023/01/26 12:21:53 prog length: 3
2023/01/26 12:21:53 deserializeInput: hasCrash false hasNet false
2023/01/26 12:21:53 prog length: 1
2023/01/26 12:21:53 deserializeInput: hasCrash false hasNet false
2023/01/26 12:21:53 prog length: 2
2023/01/26 12:21:53 deserializeInput: hasCrash false hasNet false
2023/01/26 12:21:53 prog length: 2
2023/01/26 12:21:53 deserializeInput: hasCrash false hasNet false
2023/01/26 12:21:53 prog length: 4
2023/01/26 12:21:53 deserializeInput: hasCrash false hasNet true
2023/01/26 12:21:53 prog length: 6
2023/01/26 12:21:53 prog length: 14
2023/01/26 12:21:53 deserializeInput: hasCrash false hasNet false
2023/01/26 12:21:53 prog length: 1
2023/01/26 12:21:53 deserializeInput: hasCrash false hasNet false
2023/01/26 12:21:53 prog length: 4
2023/01/26 12:21:53 deserializeInput: hasCrash false hasNet false
2023/01/26 12:21:53 prog length: 2
2023/01/26 12:21:53 deserializeInput: hasCrash false hasNet false
2023/01/26 12:21:53 prog length: 1
2023/01/26 12:21:53 deserializeInput: hasCrash false hasNet false
2023/01/26 12:21:53 prog length: 3
2023/01/26 12:21:53 deserializeInput: hasCrash false hasNet false
2023/01/26 12:21:53 prog length: 1
2023/01/26 12:21:53 deserializeInput: hasCrash true hasNet true
2023/01/26 12:21:53 prog length: 6
2023/01/26 12:21:53 prog length: 6
2023/01/26 12:21:53 prog length: 5
2023/01/26 12:21:53 deserializeInput: hasCrash false hasNet false
2023/01/26 12:21:53 prog length: 1
2023/01/26 12:21:53 deserializeInput: hasCrash true hasNet false
2023/01/26 12:21:53 prog length: 6
2023/01/26 12:21:53 prog length: 3
2023/01/26 12:21:53 deserializeInput: hasCrash false hasNet true
2023/01/26 12:21:53 prog length: 6
2023/01/26 12:21:53 prog length: 20
2023/01/26 12:21:53 deserializeInput: hasCrash false hasNet false
2023/01/26 12:21:53 prog length: 1
2023/01/26 12:21:53 deserializeInput: hasCrash false hasNet true
2023/01/26 12:21:53 prog length: 6
2023/01/26 12:21:53 prog length: 19
2023/01/26 12:21:53 deserializeInput: hasCrash false hasNet false
2023/01/26 12:21:53 prog length: 2
2023/01/26 12:21:53 deserializeInput: hasCrash false hasNet false
2023/01/26 12:21:53 prog length: 3
2023/01/26 12:21:53 deserializeInput: hasCrash false hasNet false
2023/01/26 12:21:53 prog length: 2
2023/01/26 12:21:53 deserializeInput: hasCrash false hasNet false
2023/01/26 12:21:53 prog length: 1
2023/01/26 12:21:53 deserializeInput: hasCrash false hasNet false
2023/01/26 12:21:53 prog length: 1
2023/01/26 12:21:53 deserializeInput: hasCrash false hasNet false
2023/01/26 12:21:53 prog length: 2
2023/01/26 12:21:53 deserializeInput: hasCrash false hasNet false
2023/01/26 12:21:53 prog length: 6
2023/01/26 12:21:53 deserializeInput: hasCrash false hasNet false
2023/01/26 12:21:53 prog length: 2
2023/01/26 12:21:53 deserializeInput: hasCrash false hasNet false
2023/01/26 12:21:53 prog length: 3
2023/01/26 12:21:53 deserializeInput: hasCrash false hasNet false
2023/01/26 12:21:53 prog length: 2
2023/01/26 12:21:53 deserializeInput: hasCrash false hasNet false
2023/01/26 12:21:53 prog length: 2
2023/01/26 12:21:53 fetching corpus: 439, signal 9641/33312/44669 (executing program)
2023/01/26 12:21:53 poll: candidates=0 inputs=0 signal=2000
2023/01/26 12:21:53 fetching corpus: 439, signal 9641/33312/45086 (executing program)
2023/01/26 12:21:53 poll: candidates=0 inputs=0 signal=2000
2023/01/26 12:21:53 fetching corpus: 439, signal 9641/33312/45512 (executing program)
2023/01/26 12:21:53 poll: candidates=0 inputs=0 signal=2000
2023/01/26 12:21:53 fetching corpus: 439, signal 9641/33312/45930 (executing program)
2023/01/26 12:21:53 poll: candidates=0 inputs=0 signal=2000
2023/01/26 12:21:53 fetching corpus: 439, signal 9641/33312/46363 (executing program)
2023/01/26 12:21:53 poll: candidates=0 inputs=0 signal=2000
2023/01/26 12:21:53 fetching corpus: 439, signal 9641/33312/46785 (executing program)
2023/01/26 12:21:53 poll: candidates=0 inputs=0 signal=2000
2023/01/26 12:21:53 fetching corpus: 439, signal 9641/33312/47223 (executing program)
2023/01/26 12:21:53 poll: candidates=0 inputs=0 signal=2000
2023/01/26 12:21:53 fetching corpus: 439, signal 9641/33312/47663 (executing program)
2023/01/26 12:21:53 poll: candidates=0 inputs=0 signal=1242
2023/01/26 12:21:53 fetching corpus: 439, signal 9641/33312/47927 (executing program)
2023/01/26 12:21:53 poll: candidates=0 inputs=0 signal=0
2023/01/26 12:21:53 fetching corpus: 439, signal 9641/33312/47927 (executing program)
2023/01/26 12:21:53 sync: 3789, recv: 3787, send: 3788, up: 3790, down: 3784, net_up: 3786, net_down: 3785
2023/01/26 12:21:53 starting 1 fuzzer processes
2023/01/26 12:21:53 ----- generateCall 4128 write$binfmt_misc write$binfmt_misc
2023/01/26 12:21:53 ----- generateCall 2723 pread64 pread64
2023/01/26 12:21:53 ----- generateCall 3768 syncfs syncfs
2023/01/26 12:21:53 ----- generateCall 3768 syncfs syncfs
2023/01/26 12:21:53 ----- generateCall 216 fdatasync fdatasync
2023/01/26 12:21:53 ----- generateCall 2458 open open
2023/01/26 12:21:53 ----- generateCall 4125 write$binfmt_aout write$binfmt_aout
2023/01/26 12:21:53 ----- generateCall 4128 write$binfmt_misc write$binfmt_misc
2023/01/26 12:21:53 ----- generateCall 4126 write$binfmt_elf32 write$binfmt_elf32
2023/01/26 12:21:53 poll: candidates=0 inputs=0 signal=0
2023/01/26 12:21:53 ----- generateCall 216 fdatasync fdatasync
2023/01/26 12:21:53 ----- generateCall 121 chmod chmod
2023/01/26 12:21:53 ----- generateCall 4128 write$binfmt_misc write$binfmt_misc
2023/01/26 12:21:53 ----- generateCall 4126 write$binfmt_elf32 write$binfmt_elf32
2023/01/26 12:21:53 ----- generateCall 2459 open$dir open$dir
2023/01/26 12:21:53 ----- generateCall 190 fallocate fallocate
2023/01/26 12:21:53 ----- generateCall 216 fdatasync fdatasync
2023/01/26 12:21:53 ----- generateCall 4126 write$binfmt_elf32 write$binfmt_elf32
2023/01/26 12:21:53 map[./file0:true ./file0/file0:true]
2023/01/26 12:21:53 #0: generated
2023/01/26 12:21:53 HasCrashFail: false, .HasNetFail: false
2023/01/26 12:21:53 before return in CmpProgs, HasNetFail: false, HasCrashFail: false
symc3 prog: v1[] = "./file0";
v2[] = "{syz0, "297fffdfef01a97f80e22826591ef85e19638f519c9bc882dbf407ce01b3a1ee78616bfcf06464b5d446781fcb8c79f4efc05222e654a14c4c940a76e4573db5f516b4aebec32796dafb88000b347194135747b4374d03d2197e50b2ae9e44a447886ab9d31967c05c43b07d261c217a6a577cddd3e101ed8551489f2b0e7746c7"}";
v4[] = "./file0";
v5[] = "13";
v7[] = "./file0";
v8[] = "{{0xcc, 0x80, 0x81, 0x232, 0x2c3, 0x200, 0x12e, 0x80}, "c3d690649de29fcd1d863fad2118fae05130ca3261bab6391fad0108e21d4cefe30d3872d48050fc1d3409fe6f7d9ff9803bbf7b7a782b4ab3b59931163060b61807148964365a3b85921e109e0e62fba24d50649a8ddd19ba526b565c676def31acf7571fe1ca3e766ed95682927147240e03eb5162f8b6f3423949d8118c6b50ca55fc7cf0a59b71ef503749cf159d842bbc2378fc3d5a1dcc96569f1c9e34bea2534e2f7a2bfb77927126ca5613c85af7ede272ad5f6b8f1a2e5b1b8ea4351b55fa82969bf58435fa6ba3ca7d19465fa07f3332fbb9eb0082456d94c7d415a38f178cc1bf603cdf322895f0ed41739850b3", []}";
v9[] = "{syz1, "7c83b5ac25efcd8d9d5091fe362dd0d64a2741346e9c41e1c544f2d2203979ac1bfb4b7bf64f4ef095a27ef2c64cccf1835758c780c36ee9f9ea2cebe193416fcedb51f2a2af89c6d4b77e86a927570cfb195ba3f593c68cdc640591feffa0b7e27c857577beb8863b331ee1bcf2f72ff0cb26b4c658d383b9b6d7dad546e7f7261b6b8723b6dedceda6b3945b302db3d8b7e4d5cbe1d42e5a9187a3fef60cf7ab787fb4bc2ead6dd26d74144b8eec20714d3df205fccebfd04300fd2af9e3bdd3259da76a088fcedad6e7970c2efd8f91ba6c9e99aea5123c"}";
v11[] = "./file0";
v12[] = "{{0x7f, 0x45, 0x4c, 0x46, 0x8, 0x1f, 0x80, 0x0, 0x24000000, 0x3, 0x6, 0x1, 0x94, 0x38, 0x2ed, 0x9, 0xfffa, 0x20, 0x1, 0x3, 0x0, 0x1}, [{0x70000000, 0x47d, 0xd, 0xa, 0x8, 0xffff0000, 0x7f, 0x4}], "998847", [, , , , , , , , ]}";
v13[] = "./file0/file0";
v14[] = "{syz1, "d9cb71b2fcdc511e459412e7c70d363e1c5680bd6b2ae2e22988f9cd0146c21d0f306f1ebb"}";
v15[] = "{{0x7f, 0x45, 0x4c, 0x46, 0x9, 0xfa, 0x7f, 0x20, 0x8000, 0x3, 0x3, 0x5, 0x145, 0x38, 0x22, 0x100, 0x5, 0x20, 0x1, 0x6, 0x3f, 0x9}, [{0x7, 0x61, 0x9, 0x4e, 0x32a3f759, 0x1, 0x3298, 0xfffffffd}, {0x2, 0x3, 0x4, 0x8, 0x7ff, 0xf05, 0xe9a, 0x9}], "d8a1698bc2b4bbc9547d968a61b6df0e29e90c02998cfc2784c101008e1873b97fae96e1c43b841f6e40a207d046fa460796be69e2eca777d20cede56a80c40d19f29c67b492464e694c3fd7a9eeec75b26a619dd1941fc431db4aeeb8aed20bce9ae1db8e4726d98a14435f185620952fac65026c3824f61906cf9cb5c51784fc0e34aec9bc3bb815eef4d7ce2c3c18d8f54f81455d18236a802313be524e428c52a7c63d1f15ba663f302c599f27bfdb04feaccfb97eea1885c7d62ee68da6494872af9f94f39c2ade3a52c4", [, ]}";
v17[] = "./file0/file0";
v18[] = "{{0x7f, 0x45, 0x4c, 0x46, 0x2, 0x0, 0x0, 0x2, 0x9, 0x2, 0x6, 0x4, 0x388, 0x38, 0xad, 0x80000000, 0x0, 0x20, 0x2, 0x3, 0x200, 0x1}, [{0x3, 0x3f, 0x0, 0xb1, 0x401, 0x3, 0x159f, 0xfff}, {0x6474e551, 0x40, 0x9, 0x80000001, 0xbf, 0x7fffffff, 0x6bef, 0x200}], "7bbdaab3e571e114545bc5ba03778772de8cb8f619b704c49b6e68d510768a0a83202b795d27e17c07977a5809a31386b8002900025b1a1d195b78532a13eb8f12d2ff6980083af5aef4bb1f25278a537eca8cbf3331cb76b562324e9897692da687eec08621397ca9b2c2bf7b66bd4448532c6ed4b0da575e88a4de22db07dd6994208e990b2ae05d3bc08e61af2e6d5185396ed746264eef083603f5489fcbf449d7df47bb156760907e7dc4f9ac336b6c9e71251a303af26d756847ae2f60e02f95218783901f0a414e85352876781058176ef91d2577e3803220fa07b180e665e40905fc", [, , , , , , , , ]}";

v0 = syscall(SYS_open, v1, 8320, 34);
syscall(SYS_write, v0, v2, 133);
v3 = syscall(SYS_open, v4, 2048, 4);
syscall(SYS_pread64, v3, v5, 13, 4);
syscall(SYS_syncfs, -1);
syscall(SYS_syncfs, -1);
syscall(SYS_fdatasync, v3);
v6 = syscall(SYS_open, v7, 4325506, 8);
syscall(SYS_write, v6, v8, 531);
syscall(SYS_write, v3, v9, 221);
v10 = syscall(SYS_open, v11, 75776, 352);
syscall(SYS_write, v10, v12, 2395);
syscall(SYS_fdatasync, v3);
syscall(SYS_chmod, v13, 302);
syscall(SYS_write, v10, v14, 41);
syscall(SYS_write, v10, v15, 837);
v16 = syscall(SYS_open, v17, 1388545, 8);
syscall(SYS_fallocate, v3, 9, 5, 638);
syscall(SYS_fdatasync, v16);
syscall(SYS_write, -1, v18, 2654);

2023/01/26 12:21:53 prog length: 20
2023/01/26 12:21:53 HasCrashFail:false HasNetFail:false
12:21:53 ---executing program 0:
---
---
---
r0 = open(&(0x7f0000000000)='./file0\x00', 0x2080, 0x22)
write$binfmt_misc(r0, &(0x7f0000000040)={'syz0', "297fffdfef01a97f80e22826591ef85e19638f519c9bc882dbf407ce01b3a1ee78616bfcf06464b5d446781fcb8c79f4efc05222e654a14c4c940a76e4573db5f516b4aebec32796dafb88000b347194135747b4374d03d2197e50b2ae9e44a447886ab9d31967c05c43b07d261c217a6a577cddd3e101ed8551489f2b0e7746c7"}, 0x85)
r1 = open$dir(&(0x7f0000000100)='./file0\x00', 0x800, 0x4)
pread64(r1, &(0x7f0000000140)=""/13, 0xd, 0x4)
syncfs(0xffffffffffffffff)
syncfs(0xffffffffffffffff)
fdatasync(r1)
r2 = open(&(0x7f0000000180)='./file0\x00', 0x420082, 0x8)
write$binfmt_aout(r2, &(0x7f00000001c0)={{0xcc, 0x80, 0x81, 0x232, 0x2c3, 0x200, 0x12e, 0x80}, "c3d690649de29fcd1d863fad2118fae05130ca3261bab6391fad0108e21d4cefe30d3872d48050fc1d3409fe6f7d9ff9803bbf7b7a782b4ab3b59931163060b61807148964365a3b85921e109e0e62fba24d50649a8ddd19ba526b565c676def31acf7571fe1ca3e766ed95682927147240e03eb5162f8b6f3423949d8118c6b50ca55fc7cf0a59b71ef503749cf159d842bbc2378fc3d5a1dcc96569f1c9e34bea2534e2f7a2bfb77927126ca5613c85af7ede272ad5f6b8f1a2e5b1b8ea4351b55fa82969bf58435fa6ba3ca7d19465fa07f3332fbb9eb0082456d94c7d415a38f178cc1bf603cdf322895f0ed41739850b3", ['\x00']}, 0x213)
write$binfmt_misc(r1, &(0x7f0000000400)={'syz1', "7c83b5ac25efcd8d9d5091fe362dd0d64a2741346e9c41e1c544f2d2203979ac1bfb4b7bf64f4ef095a27ef2c64cccf1835758c780c36ee9f9ea2cebe193416fcedb51f2a2af89c6d4b77e86a927570cfb195ba3f593c68cdc640591feffa0b7e27c857577beb8863b331ee1bcf2f72ff0cb26b4c658d383b9b6d7dad546e7f7261b6b8723b6dedceda6b3945b302db3d8b7e4d5cbe1d42e5a9187a3fef60cf7ab787fb4bc2ead6dd26d74144b8eec20714d3df205fccebfd04300fd2af9e3bdd3259da76a088fcedad6e7970c2efd8f91ba6c9e99aea5123c"}, 0xdd)
r3 = open(&(0x7f0000000500)='./file0\x00', 0x12800, 0x160)
write$binfmt_elf32(r3, &(0x7f0000000540)={{0x7f, 0x45, 0x4c, 0x46, 0x8, 0x1f, 0x80, 0x0, 0x24000000, 0x3, 0x6, 0x1, 0x94, 0x38, 0x2ed, 0x9, 0xfffa, 0x20, 0x1, 0x3, 0x0, 0x1}, [{0x70000000, 0x47d, 0xd, 0xa, 0x8, 0xffff0000, 0x7f, 0x4}], "998847", ['\x00', '\x00', '\x00', '\x00', '\x00', '\x00', '\x00', '\x00', '\x00']}, 0x95b)
fdatasync(r1)
chmod(&(0x7f0000000ec0)='./file0/file0\x00', 0x12e)
write$binfmt_misc(r3, &(0x7f0000000f00)={'syz1', "d9cb71b2fcdc511e459412e7c70d363e1c5680bd6b2ae2e22988f9cd0146c21d0f306f1ebb"}, 0x29)
write$binfmt_elf32(r3, &(0x7f0000000f40)={{0x7f, 0x45, 0x4c, 0x46, 0x9, 0xfa, 0x7f, 0x20, 0x8000, 0x3, 0x3, 0x5, 0x145, 0x38, 0x22, 0x100, 0x5, 0x20, 0x1, 0x6, 0x3f, 0x9}, [{0x7, 0x61, 0x9, 0x4e, 0x32a3f759, 0x1, 0x3298, 0xfffffffd}, {0x2, 0x3, 0x4, 0x8, 0x7ff, 0xf05, 0xe9a, 0x9}], "d8a1698bc2b4bbc9547d968a61b6df0e29e90c02998cfc2784c101008e1873b97fae96e1c43b841f6e40a207d046fa460796be69e2eca777d20cede56a80c40d19f29c67b492464e694c3fd7a9eeec75b26a619dd1941fc431db4aeeb8aed20bce9ae1db8e4726d98a14435f185620952fac65026c3824f61906cf9cb5c51784fc0e34aec9bc3bb815eef4d7ce2c3c18d8f54f81455d18236a802313be524e428c52a7c63d1f15ba663f302c599f27bfdb04feaccfb97eea1885c7d62ee68da6494872af9f94f39c2ade3a52c4", ['\x00', '\x00']}, 0x345)
r4 = open$dir(&(0x7f00000012c0)='./file0/file0\x00', 0x153001, 0x8)
fallocate(r1, 0x9, 0x5, 0x27e)
fdatasync(r4)
write$binfmt_elf32(0xffffffffffffffff, &(0x7f0000001300)={{0x7f, 0x45, 0x4c, 0x46, 0x2, 0x0, 0x0, 0x2, 0x9, 0x2, 0x6, 0x4, 0x388, 0x38, 0xad, 0x80000000, 0x0, 0x20, 0x2, 0x3, 0x200, 0x1}, [{0x3, 0x3f, 0x0, 0xb1, 0x401, 0x3, 0x159f, 0xfff}, {0x6474e551, 0x40, 0x9, 0x80000001, 0xbf, 0x7fffffff, 0x6bef, 0x200}], "7bbdaab3e571e114545bc5ba03778772de8cb8f619b704c49b6e68d510768a0a83202b795d27e17c07977a5809a31386b8002900025b1a1d195b78532a13eb8f12d2ff6980083af5aef4bb1f25278a537eca8cbf3331cb76b562324e9897692da687eec08621397ca9b2c2bf7b66bd4448532c6ed4b0da575e88a4de22db07dd6994208e990b2ae05d3bc08e61af2e6d5185396ed746264eef083603f5489fcbf449d7df47bb156760907e7dc4f9ac336b6c9e71251a303af26d756847ae2f60e02f95218783901f0a414e85352876781058176ef91d2577e3803220fa07b180e665e40905fc", ['\x00', '\x00', '\x00', '\x00', '\x00', '\x00', '\x00', '\x00', '\x00']}, 0xa5e)
---

end of program
2023/01/26 12:21:53 -----run executor: [/usr/bin/ssh -F /dev/null -o ConnectionAttempts=100 -o ConnectTimeout=120 -o UserKnownHostsFile=/dev/null -o BatchMode=yes -o IdentitiesOnly=yes -o StrictHostKeyChecking=no -o ConnectTimeout=100 -i /home/tlyu/dfs-fuzzing/disk-images/glusterfs-images/focal.id_rsa -v root@192.168.0.50 /root/syz-executor exec 0 0 glusterfs 3 4 192.168.0.50 0 "3 1 ''" false false false false false]
2023/01/26 12:21:53 -----run executor: [/usr/bin/ssh -F /dev/null -o ConnectionAttempts=100 -o ConnectTimeout=120 -o UserKnownHostsFile=/dev/null -o BatchMode=yes -o IdentitiesOnly=yes -o StrictHostKeyChecking=no -o ConnectTimeout=100 -i /home/tlyu/dfs-fuzzing/disk-images/glusterfs-images/focal.id_rsa -v root@192.168.0.51 /root/syz-executor exec 0 1 glusterfs 3 4 192.168.0.50 0 "3 1 ''" false false false false false]
2023/01/26 12:21:53 -----run executor: [/usr/bin/ssh -F /dev/null -o ConnectionAttempts=100 -o ConnectTimeout=120 -o UserKnownHostsFile=/dev/null -o BatchMode=yes -o IdentitiesOnly=yes -o StrictHostKeyChecking=no -o ConnectTimeout=100 -i /home/tlyu/dfs-fuzzing/disk-images/glusterfs-images/focal.id_rsa -v root@192.168.0.52 /root/syz-executor exec 0 2 glusterfs 3 4 192.168.0.50 0 "3 1 ''" false false false false false]
2023/01/26 12:21:53 -----run executor: [/usr/bin/ssh -F /dev/null -o ConnectionAttempts=100 -o ConnectTimeout=120 -o UserKnownHostsFile=/dev/null -o BatchMode=yes -o IdentitiesOnly=yes -o StrictHostKeyChecking=no -o ConnectTimeout=100 -i /home/tlyu/dfs-fuzzing/disk-images/glusterfs-images/focal.id_rsa -v root@192.168.0.53 /root/syz-executor exec 1 3 glusterfs 3 4 192.168.0.50 0 "3 1 ''" false false false false false]
OpenSSH_8.2p1 Ubuntu-4ubuntu0.5, OpenSSL 1.1.1f  31 Mar 2020
debug1: Reading configuration data /dev/null
OpenSSH_8.2p1 Ubuntu-4ubuntu0.5, OpenSSL 1.1.1f  31 Mar 2020
debug1: Reading configuration data /dev/null
debug1: Connecting to 192.168.0.50 [192.168.0.50] port 22.
OpenSSH_8.2p1 Ubuntu-4ubuntu0.5, OpenSSL 1.1.1f  31 Mar 2020
debug1: Reading configuration data /dev/null
debug1: Connecting to 192.168.0.51 [192.168.0.51] port 22.
OpenSSH_8.2p1 Ubuntu-4ubuntu0.5, OpenSSL 1.1.1f  31 Mar 2020
debug1: Reading configuration data /dev/null
debug1: fd 3 clearing O_NONBLOCK
debug1: Connection established.
debug1: identity file /home/tlyu/dfs-fuzzing/disk-images/glusterfs-images/focal.id_rsa type -1
debug1: identity file /home/tlyu/dfs-fuzzing/disk-images/glusterfs-images/focal.id_rsa-cert type -1
debug1: Local version string SSH-2.0-OpenSSH_8.2p1 Ubuntu-4ubuntu0.5
debug1: fd 3 clearing O_NONBLOCK
debug1: Connecting to 192.168.0.53 [192.168.0.53] port 22.
debug1: Connection established.
debug1: identity file /home/tlyu/dfs-fuzzing/disk-images/glusterfs-images/focal.id_rsa type -1
debug1: identity file /home/tlyu/dfs-fuzzing/disk-images/glusterfs-images/focal.id_rsa-cert type -1
debug1: Connecting to 192.168.0.52 [192.168.0.52] port 22.
debug1: Local version string SSH-2.0-OpenSSH_8.2p1 Ubuntu-4ubuntu0.5
debug1: fd 3 clearing O_NONBLOCK
debug1: Connection established.
debug1: identity file /home/tlyu/dfs-fuzzing/disk-images/glusterfs-images/focal.id_rsa type -1
debug1: identity file /home/tlyu/dfs-fuzzing/disk-images/glusterfs-images/focal.id_rsa-cert type -1
debug1: Local version string SSH-2.0-OpenSSH_8.2p1 Ubuntu-4ubuntu0.5
debug1: fd 3 clearing O_NONBLOCK
debug1: Connection established.
debug1: identity file /home/tlyu/dfs-fuzzing/disk-images/glusterfs-images/focal.id_rsa type -1
debug1: identity file /home/tlyu/dfs-fuzzing/disk-images/glusterfs-images/focal.id_rsa-cert type -1
debug1: Local version string SSH-2.0-OpenSSH_8.2p1 Ubuntu-4ubuntu0.5
debug1: Remote protocol version 2.0, remote software version OpenSSH_8.2p1 Ubuntu-4
debug1: match: OpenSSH_8.2p1 Ubuntu-4 pat OpenSSH* compat 0x04000000
debug1: Authenticating to 192.168.0.53:22 as 'root'
debug1: SSH2_MSG_KEXINIT sent
debug1: Remote protocol version 2.0, remote software version OpenSSH_8.2p1 Ubuntu-4
debug1: match: OpenSSH_8.2p1 Ubuntu-4 pat OpenSSH* compat 0x04000000
debug1: Authenticating to 192.168.0.51:22 as 'root'
debug1: SSH2_MSG_KEXINIT sent
debug1: Remote protocol version 2.0, remote software version OpenSSH_8.2p1 Ubuntu-4
debug1: match: OpenSSH_8.2p1 Ubuntu-4 pat OpenSSH* compat 0x04000000
debug1: Authenticating to 192.168.0.50:22 as 'root'
debug1: SSH2_MSG_KEXINIT sent
debug1: SSH2_MSG_KEXINIT received
debug1: kex: algorithm: curve25519-sha256
debug1: kex: host key algorithm: ecdsa-sha2-nistp256
debug1: kex: server->client cipher: chacha20-poly1305@openssh.com MAC: <implicit> compression: none
debug1: kex: client->server cipher: chacha20-poly1305@openssh.com MAC: <implicit> compression: none
debug1: SSH2_MSG_KEXINIT received
debug1: kex: algorithm: curve25519-sha256
debug1: kex: host key algorithm: ecdsa-sha2-nistp256
debug1: kex: server->client cipher: chacha20-poly1305@openssh.com MAC: <implicit> compression: none
debug1: kex: client->server cipher: chacha20-poly1305@openssh.com MAC: <implicit> compression: none
debug1: expecting SSH2_MSG_KEX_ECDH_REPLY
debug1: expecting SSH2_MSG_KEX_ECDH_REPLY
debug1: Remote protocol version 2.0, remote software version OpenSSH_8.2p1 Ubuntu-4
debug1: match: OpenSSH_8.2p1 Ubuntu-4 pat OpenSSH* compat 0x04000000
debug1: Authenticating to 192.168.0.52:22 as 'root'
debug1: SSH2_MSG_KEXINIT sent
debug1: SSH2_MSG_KEXINIT received
debug1: kex: algorithm: curve25519-sha256
debug1: kex: host key algorithm: ecdsa-sha2-nistp256
debug1: kex: server->client cipher: chacha20-poly1305@openssh.com MAC: <implicit> compression: none
debug1: kex: client->server cipher: chacha20-poly1305@openssh.com MAC: <implicit> compression: none
debug1: SSH2_MSG_KEXINIT received
debug1: kex: algorithm: curve25519-sha256
debug1: kex: host key algorithm: ecdsa-sha2-nistp256
debug1: kex: server->client cipher: chacha20-poly1305@openssh.com MAC: <implicit> compression: none
debug1: kex: client->server cipher: chacha20-poly1305@openssh.com MAC: <implicit> compression: none
debug1: expecting SSH2_MSG_KEX_ECDH_REPLY
debug1: expecting SSH2_MSG_KEX_ECDH_REPLY
debug1: Server host key: ecdsa-sha2-nistp256 SHA256:prHFi1G5XXPuzxIh2a5lJaY6ZWltf3+ajD/hEOIDid8
Warning: Permanently added '192.168.0.51' (ECDSA) to the list of known hosts.
debug1: rekey out after 134217728 blocks
debug1: SSH2_MSG_NEWKEYS sent
debug1: expecting SSH2_MSG_NEWKEYS
debug1: SSH2_MSG_NEWKEYS received
debug1: rekey in after 134217728 blocks
debug1: Will attempt key: /home/tlyu/dfs-fuzzing/disk-images/glusterfs-images/focal.id_rsa  explicit
debug1: SSH2_MSG_EXT_INFO received
debug1: kex_input_ext_info: server-sig-algs=<ssh-ed25519,sk-ssh-ed25519@openssh.com,ssh-rsa,rsa-sha2-256,rsa-sha2-512,ssh-dss,ecdsa-sha2-nistp256,ecdsa-sha2-nistp384,ecdsa-sha2-nistp521,sk-ecdsa-sha2-nistp256@openssh.com>
debug1: Server host key: ecdsa-sha2-nistp256 SHA256:prHFi1G5XXPuzxIh2a5lJaY6ZWltf3+ajD/hEOIDid8
Warning: Permanently added '192.168.0.53' (ECDSA) to the list of known hosts.
debug1: Server host key: ecdsa-sha2-nistp256 SHA256:prHFi1G5XXPuzxIh2a5lJaY6ZWltf3+ajD/hEOIDid8
Warning: Permanently added '192.168.0.50' (ECDSA) to the list of known hosts.
debug1: rekey out after 134217728 blocks
debug1: SSH2_MSG_NEWKEYS sent
debug1: expecting SSH2_MSG_NEWKEYS
debug1: SSH2_MSG_NEWKEYS received
debug1: rekey in after 134217728 blocks
debug1: Will attempt key: /home/tlyu/dfs-fuzzing/disk-images/glusterfs-images/focal.id_rsa  explicit
debug1: SSH2_MSG_EXT_INFO received
debug1: kex_input_ext_info: server-sig-algs=<ssh-ed25519,sk-ssh-ed25519@openssh.com,ssh-rsa,rsa-sha2-256,rsa-sha2-512,ssh-dss,ecdsa-sha2-nistp256,ecdsa-sha2-nistp384,ecdsa-sha2-nistp521,sk-ecdsa-sha2-nistp256@openssh.com>
debug1: Server host key: ecdsa-sha2-nistp256 SHA256:prHFi1G5XXPuzxIh2a5lJaY6ZWltf3+ajD/hEOIDid8
Warning: Permanently added '192.168.0.52' (ECDSA) to the list of known hosts.
debug1: SSH2_MSG_SERVICE_ACCEPT received
debug1: rekey out after 134217728 blocks
debug1: SSH2_MSG_NEWKEYS sent
debug1: expecting SSH2_MSG_NEWKEYS
debug1: SSH2_MSG_NEWKEYS received
debug1: rekey in after 134217728 blocks
debug1: Will attempt key: /home/tlyu/dfs-fuzzing/disk-images/glusterfs-images/focal.id_rsa  explicit
debug1: SSH2_MSG_EXT_INFO received
debug1: kex_input_ext_info: server-sig-algs=<ssh-ed25519,sk-ssh-ed25519@openssh.com,ssh-rsa,rsa-sha2-256,rsa-sha2-512,ssh-dss,ecdsa-sha2-nistp256,ecdsa-sha2-nistp384,ecdsa-sha2-nistp521,sk-ecdsa-sha2-nistp256@openssh.com>
debug1: SSH2_MSG_SERVICE_ACCEPT received
debug1: rekey out after 134217728 blocks
debug1: SSH2_MSG_NEWKEYS sent
debug1: expecting SSH2_MSG_NEWKEYS
debug1: SSH2_MSG_NEWKEYS received
debug1: rekey in after 134217728 blocks
debug1: Will attempt key: /home/tlyu/dfs-fuzzing/disk-images/glusterfs-images/focal.id_rsa  explicit
debug1: SSH2_MSG_EXT_INFO received
debug1: kex_input_ext_info: server-sig-algs=<ssh-ed25519,sk-ssh-ed25519@openssh.com,ssh-rsa,rsa-sha2-256,rsa-sha2-512,ssh-dss,ecdsa-sha2-nistp256,ecdsa-sha2-nistp384,ecdsa-sha2-nistp521,sk-ecdsa-sha2-nistp256@openssh.com>
debug1: SSH2_MSG_SERVICE_ACCEPT received
debug1: Authentications that can continue: publickey,password
debug1: Next authentication method: publickey
debug1: Trying private key: /home/tlyu/dfs-fuzzing/disk-images/glusterfs-images/focal.id_rsa
debug1: Authentications that can continue: publickey,password
debug1: Next authentication method: publickey
debug1: Trying private key: /home/tlyu/dfs-fuzzing/disk-images/glusterfs-images/focal.id_rsa
debug1: Authentications that can continue: publickey,password
debug1: Next authentication method: publickey
debug1: Trying private key: /home/tlyu/dfs-fuzzing/disk-images/glusterfs-images/focal.id_rsa
debug1: Authentication succeeded (publickey).
Authenticated to 192.168.0.50 ([192.168.0.50]:22).
debug1: channel 0: new [client-session]
debug1: Requesting no-more-sessions@openssh.com
debug1: Entering interactive session.
debug1: pledge: network
debug1: Authentication succeeded (publickey).
Authenticated to 192.168.0.53 ([192.168.0.53]:22).
debug1: channel 0: new [client-session]
debug1: Requesting no-more-sessions@openssh.com
debug1: Entering interactive session.
debug1: pledge: network
debug1: Authentication succeeded (publickey).
Authenticated to 192.168.0.52 ([192.168.0.52]:22).
debug1: channel 0: new [client-session]
debug1: Requesting no-more-sessions@openssh.com
debug1: Entering interactive session.
debug1: pledge: network
debug1: SSH2_MSG_SERVICE_ACCEPT received
debug1: Authentications that can continue: publickey,password
debug1: Next authentication method: publickey
debug1: Trying private key: /home/tlyu/dfs-fuzzing/disk-images/glusterfs-images/focal.id_rsa
debug1: Authentication succeeded (publickey).
Authenticated to 192.168.0.51 ([192.168.0.51]:22).
debug1: channel 0: new [client-session]
debug1: Requesting no-more-sessions@openssh.com
debug1: Entering interactive session.
debug1: pledge: network
debug1: client_input_global_request: rtype hostkeys-00@openssh.com want_reply 0
debug1: Remote: /root/.ssh/authorized_keys:1: key options: agent-forwarding port-forwarding pty user-rc x11-forwarding
debug1: client_input_global_request: rtype hostkeys-00@openssh.com want_reply 0
debug1: Remote: /root/.ssh/authorized_keys:1: key options: agent-forwarding port-forwarding pty user-rc x11-forwarding
debug1: client_input_global_request: rtype hostkeys-00@openssh.com want_reply 0
debug1: Remote: /root/.ssh/authorized_keys:1: key options: agent-forwarding port-forwarding pty user-rc x11-forwarding
debug1: Sending command: /root/syz-executor exec 0 0 glusterfs 3 4 192.168.0.50 0 "3 1 ''" false false false false false
debug1: client_input_global_request: rtype hostkeys-00@openssh.com want_reply 0
debug1: Remote: /root/.ssh/authorized_keys:1: key options: agent-forwarding port-forwarding pty user-rc x11-forwarding
debug1: Sending command: /root/syz-executor exec 1 3 glusterfs 3 4 192.168.0.50 0 "3 1 ''" false false false false false
debug1: Sending command: /root/syz-executor exec 0 2 glusterfs 3 4 192.168.0.50 0 "3 1 ''" false false false false false
syz_reboot() time executor starts at 1674732113:656051
----- is restarting 0
---- dfs_name glusterfs is_dfs_client 0
syz_reboot() time executor starts at 1674732113:600360
----- is restarting 0
---- dfs_name glusterfs is_dfs_client 1
syz_reboot() time executor starts at 1674732113:661925
----- is restarting 0
---- dfs_name glusterfs is_dfs_client 0
before receiving handshake request
[    0.000000] kernel: Linux version 5.15.0+ (tlyu@IC-RS3-DPC07) (gcc (Ubuntu 9.4.0-1ubuntu1~20.04.1) 9.4.0, GNU ld (GNU Binutils for Ubuntu) 2.34) #8 SMP Fri Jun 3 16:18:40 CEST 2022
[    0.000000] kernel: Command line: root=/dev/sda console=ttyS0 net.ifnames=0 ip=192.168.0.53
[    0.000000] kernel: x86/fpu: Supporting XSAVE feature 0x001: 'x87 floating point registers'
[    0.000000] kernel: x86/fpu: Supporting XSAVE feature 0x002: 'SSE registers'
[    0.000000] kernel: x86/fpu: Supporting XSAVE feature 0x004: 'AVX registers'
[    0.000000] kernel: x86/fpu: Supporting XSAVE feature 0x008: 'MPX bounds registers'
[    0.000000] kernel: x86/fpu: Supporting XSAVE feature 0x010: 'MPX CSR'
[    0.000000] kernel: x86/fpu: Supporting XSAVE feature 0x020: 'AVX-512 opmask'
[    0.000000] kernel: x86/fpu: Supporting XSAVE feature 0x040: 'AVX-512 Hi256'
[    0.000000] kernel: x86/fpu: Supporting XSAVE feature 0x080: 'AVX-512 ZMM_Hi256'
[    0.000000] kernel: x86/fpu: Supporting XSAVE feature 0x200: 'Protection Keys User registers'
[    0.000000] kernel: x86/fpu: xstate_offset[2]:  576, xstate_sizes[2]:  256
[    0.000000] kernel: x86/fpu: xstate_offset[3]:  832, xstate_sizes[3]:   64
[    0.000000] kernel: x86/fpu: xstate_offset[4]:  896, xstate_sizes[4]:   64
[    0.000000] kernel: x86/fpu: xstate_offset[5]:  960, xstate_sizes[5]:   64
[    0.000000] kernel: x86/fpu: xstate_offset[6]: 1024, xstate_sizes[6]:  512
[    0.000000] kernel: x86/fpu: xstate_offset[7]: 1536, xstate_sizes[7]: 1024
[    0.000000] kernel: x86/fpu: xstate_offset[9]: 2560, xstate_sizes[9]:    8
[    0.000000] kernel: x86/fpu: Enabled xstate features 0x2ff, context size is 2568 bytes, using 'compacted' format.
[    0.000000] kernel: signal: max sigframe size: 3632
[    0.000000] kernel: BIOS-provided physical RAM map:
[    0.000000] kernel: BIOS-e820: [mem 0x0000000000000000-0x000000000009fbff] usable
[    0.000000] kernel: BIOS-e820: [mem 0x000000000009fc00-0x000000000009ffff] reserved
[    0.000000] kernel: BIOS-e820: [mem 0x00000000000f0000-0x00000000000fffff] reserved
[    0.000000] kernel: BIOS-e820: [mem 0x0000000000100000-0x00000000bffdffff] usable
[    0.000000] kernel: BIOS-e820: [mem 0x00000000bffe0000-0x00000000bfffffff] reserved
[    0.000000] kernel: BIOS-e820: [mem 0x00000000feffc000-0x00000000feffffff] reserved
[    0.000000] kernel: BIOS-e820: [mem 0x00000000fffc0000-0x00000000ffffffff] reserved
[    0.000000] kernel: BIOS-e820: [mem 0x0000000100000000-0x00000002bfffffff] usable
[    0.000000] kernel: NX (Execute Disable) protection: active
[    0.000000] kernel: SMBIOS 2.8 present.
[    0.000000] kernel: DMI: QEMU Standard PC (i440FX + PIIX, 1996), BIOS 1.13.0-1ubuntu1.1 04/01/2014
[    0.000000] kernel: Hypervisor detected: KVM
[    0.000000] kernel: kvm-clock: Using msrs 4b564d01 and 4b564d00
[    0.000000] kernel: kvm-clock: cpu 0, msr 66758001, primary cpu clock
[    0.000003] kernel: kvm-clock: using sched offset of 499058304 cycles
[    0.000017] kernel: clockunlink FIFO failed: No such file or directory
[    0.000000] kernel: Linux version 5.15.0+ (tlyu@IC-RS3-DPC07) (gcc (Ubuntu 9.4.0-1ubuntu1~20.04.1) 9.4.0, GNU ld (GNU Binutils for Ubuntu) 2.34) #8 SMP Fri Jun 3 16:18:40 CEST 2022
[    0.000000] kernel: Command line: root=/dev/sda console=ttyS0 net.ifnames=0 ip=192.168.0.50
[    0.000000] kernel: x86/fpu: Supporting XSAVE feature 0x001: 'x87 floating point registers'
[    0.000000] kernel: x86/fpu: Supporting XSAVE feature 0x002: 'SSE registers'
[    0.000000] kernel: x86/fpu: Supporting XSAVE feature 0x004: 'AVX registers'
[    0.000000] kernel: x86/fpu: Supporting XSAVE feature 0x008: 'MPX bounds registers'
[    0.000000] kernel: x86/fpu: Supporting XSAVE feature 0x010: 'MPX CSR'
[    0.000000] kernel: x86/fpu: Supporting XSAVE feature 0x020: 'AVX-512 opmask'
[    0.000000] kernel: x86/fpu: Supporting XSAVE feature 0x040: 'AVX-512 Hi256'
[    0.000000] kernel: x86/fpu: Supporting XSAVE feature 0x080: 'AVX-512 ZMM_Hi256'
[    0.000000] kernel: x86/fpu: Supporting XSAVE feature 0xsource: kvm-clock: mask: 0xffffffffffffffff max_cycles: 0x1cd42e4dffb, max_idle_ns: 881590591483 ns
[    0.000042] kernel: tsc: Detected 2496.000 MHz processor
[    0.009074] kernel: e820: update [mem 0x00000000-0x00000fff] usable ==> reserved
[    0.009114] kernel: e820: remove [mem 0x000a0000-0x000fffff] usable
[    0.009144] kernel: last_pfn = 0x2c0000 max_arch_pfn = 0x400000000
[    0.009232] kernel: x86/PAT: Configuration [0-7]: WB  WC  UC- UC  WB  WP  UC- WT  
[    0.009253] kernel: last_pfn = 0xbffe0 max_arch_pfn = 0x400000000
[    0.019978] kernel: found SMP MP-table at [mem 0x000f5c80-0x000f5c8f]
[    0.020083] kernel: Using GB pages for direct mapping
[    0.021562] kernel: ACPI: Early table checksum verification disabled
[    0.021583] kernel: ACPI: RSDP 0x00000000000F5A50 000014 (v00 BOCHS )
[    0.021621] kernel: ACPI: RSDT 0x00000000BFFE15C9 000030 (v01 BOCHS  BXPCRSDT 00000001 BXPC 00000001)
[    0.021662] kernel: ACPI: FACP 0x00000000BFFE149D 000074 (v01 BOCHS  BXPCFACP 00000001 BXPC 00000001)
[    0.021704] kernel: ACPI: DSDT 0x00000000BFFE0040 00145D (v01 BOCHS  BXPCDSDT 00000001 BXPC 00000001)
[    0.021739] kernel: ACPI: FACS 0x00000000BFFE0000 000040
[    0.021767] kernel: ACPI: APIC 0x00000000BFFE1511 000080 (v01 BOCHS  BXPCAPIC 00000001 BXPC 00000001)
[    0.021803] kernel: ACPI: HPET 0x00000000BFFE1591 000038 (v01 BOCHS  BXPCHPET 00000001 BXPC 00000001)
[    0.021836] kernel: ACPI: Reserving FACP table memory at [mem 0xbffe149d-0xbffe1510]
[    0.021853] kernel: ACPI: Reserving DSDT table memory at [mem 0xbffe0040-0xbffe149c]
[    0.021868] kernel: ACPI: Reserving FACS table memory at [mem 0xbffe0000-0xbffe003f]
[    0.021884] kernel: ACPI: Reserving APIC table memory at [mem 0xbffe1511-0xbffe1590]
[    0.021899] kernel: ACPI: Reserving HPET table memory at [mem 0xbffe1591-0xbffe15c8]
[    0.023348] kernel: No NUMA configuration found
[    0.023365] kernel: Faking a node at [mem 0x0000000000000000-0x00000002bfffffff]
[    0.023395] kernel: NODE_DATA(0) allocated [mem 0x2bfffa000-0x2bfffdfff]
[    0.023509] kernel: Zone ranges:
[    0.023518] kernel:   DMA      [mem 0x0000000000001000-0x0000000000ffffff]
[    0.023537] kernel:   DMA32    [mem 0x0000000001000000-0x00000000ffffffff]
[    0.023555] kernel:   Normal   [mem 0x0000000100000000-0x00000002bfffffff]
[    0.023572] kernel: Movable zone start for each node
[    0.023580] kernel: Early memory node ranges
[    0.023587] kernel:   node   0: [mem 0x0000000000001000-0x000000000009efff]
[    0.023603] kernel:   node   0: [mem 0x0000000000100000-0x00000000bffdffff]
[    0.023620] kernel:   node   0: [mem 0x0000000100000000-0x00000002bfffffff]
[    0.023637] kernel: Initmem setup node 0 [mem 0x0000000000001000-0x00000002bfffffff]
[    0.023955] kernel: On node 0, zone DMA: 1 pages in unavailable ranges
[    0.024085] kernel: On node 0, zone DMA: 97 pages in unavailable ranges
[    0.113006] kernel: On node 0, zone Normal: 32 pages in unavailable ranges
[    0.378166] kernel: kasan: KernelAddressSanitizer initialized
[    0.378544] kernel: ACPI: PM-Timer IO Port: 0x608
[    0.378570] kernel: ACPI: LAPIC_NMI (acpi_id[0xff] dfl dfl lint[0x1])
[    0.378623] kernel: IOAPIC[0]: apic_id 0, version 17, address 0xfec00000, GSI 0-23
[    0.378650] kernel: ACPI: INT_SRC_OVR (bus 0 bus_irq 0 global_irq 2 dfl dfl)
[    0.378670] kernel: ACPI: INT_SRC_OVR (bus 0 bus_irq 5 global_irq 5 high level)
[    0.378689] kernel: ACPI: INT_SRC_OVR (bus 0 bus_irq 9 global_irq 9 high level)
[    0.378710] kernel: ACPI: INT_SRC_OVR (bus 0 bus_irq 10 global_irq 10 high level)
[    0.378730] kernel: ACPI: INT_SRC_OVR (bus 0 bus_irq 11 global_irq 11 high level)
[    0.378765] kernel: ACPI: Using ACPI (MADT) for SMP configuration information
[    0.378777] kernel: ACPI: HPET id: 0x8086a201 base: 0xfed00000
[    0.378801] kernel: TSC deadline timer available
[    0.378812] kernel: smpboot: Allowing 2 CPUs, 0 hotplug CPUs
[    0.378863] kernel: kvm-guest: KVM setup pv remote TLB flush
[    0.378878] kernel: kvm-guest: setup PV sched yield
[    0.378927] kernel: PM: hibernation: Registered nosave memory: [mem 0x00000000-0x00000fff]
[    0.378943] kernel: PM: hibernation: Registered nosave memory: [mem 0x0009f000-0x0009ffff]
[    0.378952] kernel: PM: hibernation: Registered nosave memory: [mem 0x000a0000-0x000effff]
[    0.378961] kernel: PM: hibernation: Registered nosave memory: [mem 0x000f0000-0x000fffff]
[    0.378975] kernel: PM: hibernation: Registered nosave memory: [mem 0xbffe0000-0xbfffffff]
[    0.378984] kernel: PM: hibernation: Registered nosave memory: [mem 0xc0000000-0xfeffbfff]
[    0.378993] kernel: PM: hibernation: Registered nosave memory: [mem 0xfeffc000-0xfeffffff]
[    0.379002] kernel: PM: hibernation: Registered nosave memory: [mem 0xff000000-0xfffbffff]
[    0.379012] kernel: PM: hibernation: Registered nosave memory: [mem 0xfffc0000-0xffffffff]
[    0.379023] kernel: [mem 0xc0000000-0xfeffbfff] available for PCI devices
[    0.379033] kernel: Booting paravirtualized kernel on KVM
[    0.379042] kernel: clocksource: refined-jiffies: mask: 0xffffffff max_cycles: 0xffffffff, max_idle_ns: 1910969940391419 ns
[    0.394603] kernel: setup_percpu: NR_CPUS:64 nr_cpumask_bits:64 nr_cpu_ids:2 nr_node_ids:1
[    0.395252] kernel: percpu: Embedded 56 pages/cpu s191576 r8192 d29608 u1048576
[    0.395311] kernel: pcpu-alloc: s191576 r8192 d29608 u1048576 alloc=1*2097152
[    0.395338] kernel: pcpu-alloc: [0] 0 1 
[    0.395481] kernel: kvm-guest: setup async PF for cpu 0
[    0.395500] kernel: kvm-guest: stealtime: cpu 0, msr 26521f140
[    0.395519] kernel: Built 1 zonelists, mobility grouping on.  Total pages: 2580192
[    0.395535] kernel: Policy zone: Normal
[    0.395547] kernel: Kernel command line: root=/dev/sda console=ttyS0 net.ifnames=0 ip=192.168.0.53
[    0.399340] kernel: Dentry cache hash table entries: 2097152 (order: 12, 16777216 bytes, linear)
[    0.400977] kernel: Inode-cache hash table entries: 1048576 (order: 11unlink FIFO failed: No such file or directory
[    0.000000] kernel: Linux version 5.15.0+ (tlyu@IC-RS3-DPC07) (gcc (Ubuntu 9.4.0-1ubuntu1~20.04.1) 9.4.0, GNU ld (GNU Binutils for Ubuntu) 2.34) #8 SMP Fri Jun 3 16:18:40 CEST 2022
[    0.000000] kernel: Command line: root=/dev/sda console=ttyS0 net.ifnames=0 ip=192.168.0.52
[    0.000000] kernel: x86/fpu: Supporting XSAVE feature 0x001: 'x87 floating point registers'
[    0.000000] kernel: x86/fpu: Supporting XSAVE feature 0x002: 'SSE registers'
[    0.000000] kernel: x86/fpu: Supporting XSAVE feature 0x004: 'AVX registers'
[    0.000000] kernel: x86/fpu: Supporting XSAVE feature 0x008: 'MPX bounds registers'
[    0.000000] kernel: x86/fpu: Supporting XSAVE feature 0x010: 'MPX CSR'
[    0.000000] kernel: x86/fpu: Supporting XSAVE feature 0x020: 'AVX-512 opmask'
[    0.000000] kernel: x86/fpu: Supporting XSAVE feature 0x040: 'AVX-512 Hi256'
[    0.000000] kernel: x86/fpu: Supporting XSAVE feature 0x080: 'AVX-512 ZMM_Hi256'
[    0.000000] kernel: x86/fpu: Supporting XSAVE feature 0x, 8388608 bytes, linear)
[    0.401094] kernel: mem auto-init: stack:off, heap alloc:off, heap free:off
[    0.676396] kernel: Memory: 8818316K/10485240K available (47117K kernel code, 10298K rwdata, 7204K rodata, 2068K init, 2860K bss, 1666668K reserved, 0K cma-reserved)
[    0.676821] kernel: SLUB: HWalign=64, Order=0-3, MinObjects=0, CPUs=2, Nodes=1
[    0.677730] kernel: rcu: Hierarchical RCU implementation.
[    0.677750] kernel: rcu:         RCU event tracing is enabled.
[    0.677760] kernel: rcu:         RCU restricting CPUs from NR_CPUS=64 to nr_cpu_ids=2.
[    0.677778] kernel: rcu: RCU calculated value of scheduler-enlistment delay is 100 jiffies.
[    0.677792] kernel: rcu: Adjusting geometry for rcu_fanout_leaf=16, nr_cpu_ids=2
[    0.691154] kernel: NR_IRQS: 4352, nr_irqs: 440, preallocated irqs: 16
[    0.691634] kernel: random: get_random_bytes called from start_kernel+0x22b/0x456 with crng_init=0
[    0.696572] kernel: Console: colour VGA+ 80x25
[    0.790314] kernel:200: 'Protection Keys User registers'
[    0.000000] kernel: x86/fpu: xstate_offset[2]:  576, xstate_sizes[2]:  256
[    0.000000] kernel: x86/fpu: xstate_offset[3]:  832, xstate_sizes[3]:   64
[    0.000000] kernel: x86/fpu: xstate_offset[4]:  896, xstate_sizes[4]:   64
[    0.000000] kernel: x86/fpu: xstate_offset[5]:  960, xstate_sizes[5]:   64
[    0.000000] kernel: x86/fpu: xstate_offset[6]: 1024, xstate_sizes[6]:  512
[    0.000000] kernel: x86/fpu: xstate_offset[7]: 1536, xstate_sizes[7]: 1024
[    0.000000] kernel: x86/fpu: xstate_offset[9]: 2560, xstate_sizes[9]:    8
[    0.000000] kernel: x86/fpu: Enabled xstate features 0x2ff, context size is 2568 bytes, using 'compacted' format.
[    0.000000] kernel: signal: max sigframe size: 3632
[    0.000000] kernel: BIOS-provided physical RAM map:
[    0.000000] kernel: BIOS-e820: [mem 0x0000000000000000-0x000000000009fbff] usable
[    0.000000] kernel: BIOS-e820: [mem 0x000000000009fc00-0x000000000009ffff] reserved
[    0.000000] kernel: BIOS-e820: [mem 0x00000000000f0000-0x00000000000fffff] reserved
[    0.000000] kernel: BIOS-e820: [mem 0x0000000000100000-0x00000000bffdcfff] usable
[    0.000000] kernel: BIOS-e820: [mem 0x00000000bffdd000-0x00000000bfffffff] reserved
[    0.000000] kernel: BIOS-e820: [mem 0x00000000feffc000-0x00000000feffffff] reserved
[    0.000000] kernel: BIOS-e820: [mem 0x00000000fffc0000-0x00000000ffffffff] reserved
[    0.000000] kernel: BIOS-e820: [mem 0x0000000100000000-0x00000002bfffffff] usable
[    0.000000] kernel: NX (Execute Disable) protection: active
[    0.000000] kernel: SMBIOS 2.8 present.
[    0.000000] kernel: DMI: QEMU Standard PC (i440FX + PIIX, 1996), BIOS 1.13.0-1ubuntu1.1 04/01/2014
[    0.000000] kernel: Hypervisor detected: KVM
[    0.000000] kernel: kvm-clock: Using msrs 4b564d01 and 4b564d00
[    0.000000] kernel: kvm-clock: cpu 0, msr 2bef58001, primary cpu clock
[    0.000004] kernel: kvm-clock: using sched offset of 490758871 cycles
[    0.000019] kernel: clocksource: kvm-clock: mask: 0xffffffffffffffff max_cycles: 0x1cd42e4dffb, max_idle_ns: 881590591483 ns
[    0.000044] kernel: tsc: Detected 2496.000 MHz processor
[    0.006823] kernel: e820: update [mem 0x00000000-0x00000fff] usable ==> reserved
[    0.006852] kernel: e820: remove [mem 0x000a0000-0x000fffff] usable
[    0.006871] kernel: last_pfn = 0x2c0000 max_arch_pfn = 0x400000000
[    0.006947] kernel: x86/PAT: Configuration [0-7]: WB  WC  UC- UC  WB  WP  UC- WT  
[    0.006963] kernel: last_pfn = 0xbffdd max_arch_pfn = 0x400000000
[    0.015929] kernel: found SMP MP-table at [mem 0x000f5c70-0x000f5c7f]
[    0.016004] kernel: Using GB pages for direct mapping
[    0.016931] kernel: ACPI: Early table checksum verification disabled
[    0.016949] kernel: ACPI: RSDP 0x00000000000F5A40 000014 (v00 BOCHS )
[    0.016992] kernel: ACPI: RSDT 0x00000000BFFE15C9 000030 (v01 BOCHS  BXPCRSDT 00000001 BXPC 00000001)
[    0.017028] kernel: ACPI: FACP 0x00000000BFFE149D 000074 (v01 BOCHS  BXPCFA printk: console [ttyS0] enabled
[    0.790971] kernel: ACPI: Core revision 20210730
[    0.791893] kernel: clocksource: hpet: mask: 0xffffffff max_cycles: 0xffffffff, max_idle_ns: 19112604467 ns
[    0.793212] kernel: APIC: Switch to symmetric I/O mode setup
[    0.793868] kernel: kvm-guest: setup PV IPIs
[    0.795490] kernel: ..TIMER: vector=0x30 apic1=0 pin1=2 apic2=-1 pin2=-1
[    0.796153] kernel: clocksource: tsc-early: mask: 0xffffffffffffffff max_cycles: 0x23fa772cf26, max_idle_ns: 440795269835 ns
[    0.797534] kernel: Calibrating delay loop (skipped) preset value.. 4992.00 BogoMIPS (lpj=2496000)
[    0.798508] kernel: pid_max: default: 32768 minimum: 301
[    0.798508] kernel: LSM: Security Framework initializing
[    0.798508] kernel: SELinux:  Initializing.
[    0.798780] kernel: Mount-cache hash table entries: 32768 (order: 6, 262144 bytes, linear)
[    0.800526] kernel: Mountpoint-cache hash table entries: 32768 (order: 6, 262144 bytes, linear)
[    0.802448] kernel: x86/cpu: User Mode Instruction Prevention (UMIP) activated
[    0.802661] kernel: Last level iTLB entries: 4KB 0, 2MB 0, 4MB 0
[    0.803513] kernel: Last level dTLB entries: 4KB 0, 2MB 0, 4MB 0, 1GB 0
[    0.804535] kernel: Spectre V1 : Mitigation: usercopy/swapgs barriers and __user pointer sanitization
[    0.805530] kernel: Spectre V2 : Mitigation: Enhanced IBRS
[    0.806031] kernel: Spectre V2 : Spectre v2 / SpectreRSB mitigation: Filling RSB on context switch
[    0.806531] kernel: Spectre V2 : mitigation: Enabling conditional Indirect Branch Prediction Barrier
[    0.807517] kernel: Speculative Store Bypass: Mitigation: Speculative Store Bypass disabled via prctl and seccomp
[    0.837004] kernel: Freeing SMP alternatives memory: 40K
[    0.837806] kernel: smpboot: CPU0: 11th Gen Intel(R) Core(TM) i7-11700 @ 2.50GHz (family: 0x6, model: 0xa7, stepping: 0x1)
[    0.839002] kernel: Performance Events: Icelake events, 32-deep LBR, full-width counters, Intel PMU driver.
[    0.840421] kernel: ... version:                2
[    0.840522] kernel: ... bit width:              48
[    0.840909] kernel: ... generic registers:      8
[    0.841256] kernel: ... value mask:             0000ffffffffffff
[    0.841517] kernel: ... max period:             00007fffffffffff
[    0.841970] kernel: ... fixed-purpose events:   3
[    0.842344] kernel: ... event mask:             00000007000000ff
[    0.842866] kernel: rcu: Hierarchical SRCU implementation.
[    0.845565] kernel: smp: Bringing up secondary CPUs ...
[    0.846211] kernel: x86: Booting SMP configuration:
[    0.846518] kernel: .... node  #0, CPUs:      #1
[    0.103981] kernel: kvm-clock: cpu 1, msr 66758041, secondary cpu clock
[    0.103981] kernel: smpboot: CPU 1 Converting physical 0 to logical die 1
[    0.849576] kernel: kvm-guest: setup async PF for cpu 1
[    0.850127] kernel: kvm-guest: stealtime: cpu 1, msr 26531f140
[    0.850573] kernel: smp: Brought up 1 node, 2 CPUs
[    0.850990] kernel: smpboot: Max logical packages: 2
[    0.851380] kernel: smpboot: Total of 2 processors activated (9984.00 BogoMIPS)
[    0.852830] kernel: devtmpfs: initialized
[    0.859013] kernel: clocksource: jiffies: mask: 0xffffffff max_cycles: 0xffffffff, max_idle_ns: 1911260446275000 ns
[    0.859539] kernel: futex hash table entries: 512 (order: 3, 32768 bytes, linear)
[    0.861043] kernel: PM: RTC time: 11:21:38, date: 2023-01-26
[    0.862057] kernel: NET: Registered PF_NETLINK/PF_ROUTE protocol family
[    0.863274] kernel: audit: initializing netlink subsys (disabled)
[    0.863686] kernel: audit: type=2000 audit(1674732098.946:1): state=initialized audit_enabled=0 res=1
[    0.864772] kernel: thermal_sys: Registered thermal governor 'step_wise'
[    0.864781] kernel: thermal_sys: Registered thermal governor 'user_space'
[    0.865693] kernel: cpuidle: using governor menu
[    0.867353] kernel: ACPI: bus type PCI registered
[    0.868220] kernel: PCI: Using configuration type 1 for base access
[   CP 00000001 BXPC 00000001)
[    0.017060] kernel: ACPI: DSDT 0x00000000BFFE0040 00145D (v01 BOCHS  BXPCDSDT 00000001 BXPC 00000001)
[    0.017085] kernel: ACPI: FACS 0x00000000BFFE0000 000040
[    0.017103] kernel: ACPI: APIC 0x00000000BFFE1511 000080 (v01 BOCHS  BXPCAPIC 00000001 BXPC 00000001)
[    0.017128] kernel: ACPI: HPET 0x00000000BFFE1591 000038 (v01 BOCHS  BXPCHPET 00000001 BXPC 00000001)
[    0.017150] kernel: ACPI: Reserving FACP table memory at [mem 0xbffe149d-0xbffe1510]
[    0.017162] kernel: ACPI: Reserving DSDT table memory at [mem 0xbffe0040-0xbffe149c]
[    0.017173] kernel: ACPI: Reserving FACS table memory at [mem 0xbffe0000-0xbffe003f]
[    0.017183] kernel: ACPI: Reserving APIC table memory at [mem 0xbffe1511-0xbffe1590]
[    0.017194] kernel: ACPI: Reserving HPET table memory at [mem 0xbffe1591-0xbffe15c8]
[    0.018556] kernel: No NUMA configuration found
[    0.018577] kernel: Faking a node at [mem 0x0000000000000000-0x00000002bfffffff]
[    0.018608] kernel: 0.892442] kernel: Kprobes globally optimized
[    0.892752] kernel: HugeTLB registered 2.00 MiB page size, pre-allocated 0 pages
[    0.893653] kernel: cryptomgr_test (26) used greatest stack depth: 30608 bytes left
[    0.895805] kernel: ACPI: Added _OSI(Module Device)
[    0.896520] kernel: ACPI: Added _OSI(Processor Device)
[    0.896980] kernel: ACPI: Added _OSI(3.0 _SCP Extensions)
[    0.897482] kernel: ACPI: Added _OSI(Processor Aggregator Device)
[    0.897552] kernel: ACPI: Added _OSI(Linux-Dell-Video)
[    0.898012] kernel: ACPI: Added _OSI(Linux-Lenovo-NV-HDMI-Audio)
[    0.898531] kernel: ACPI: Added _OSI(Linux-HPI-Hybrid-Graphics)
[    0.920335] kernel: ACPI: 1 ACPI AML tables successfully acquired and loaded
[    0.926815] kernel: ACPI: Interpreter enabled
[    0.927435] kernel: ACPI: PM: (supports S0 S3 S4 S5)
[    0.927518] kernel: ACPI: Using IOAPIC for interrupt routing
[    0.928263] kernel: PCI: Using host bridge windows from ACPI; if necessary, use "pci=nocrs" anexecutor 2 finishes userspace_cover_open
before receiving handshake request
req.flags ea3
----- executor 2 do_sandbox_none at begining
----- executor 2 do_sandbox_none before fork()
spawned loop pid 343
 NODE_DATA(0) allocated [mem 0x2bfffc000-0x2bfffffff]
[    0.019071] kernel: Zone ranges:
[    0.019081] kernel:   DMA      [mem 0x0000000000001000-0x0000000000ffffff]
[    0.019095] kernel:   DMA32    [mem 0x0000000001000000-0x00000000ffffffff]
[    0.019107] kernel:   Normal   [mem 0x0000000100000000-0x00000002bfffffff]
[    0.019119] kernel: Movable zone start for each node
[    0.019125] kernel: Early memory node ranges
[    0.019130] kernel:   node   0: [mem 0x0000000000001000-0x000000000009efff]
[    0.019141] kernel:   node   0: [mem 0x0000000000100000-0x00000000bffdcfff]
[    0.019152] kernel:   node   0: [mem 0x0000000100000000-0x00000002bfffffff]
[    0.019166] kernel: Initmem setup node 0 [mem 0x0000000000001000-0x00000002bfffffff]
[    0.019595] kernel: On node 0, zone DMA: 1 pages in unavailable ranges
[    0.019720] kernel: On node 0, zone DMA: 97 pages in unavailable ranges
[    0.113721] kernel: On node 0, zone Normal: 35 pages in unavailable ranges
[    0.541556] kernd report a bug
[    0.930182] kernel: ACPI: Enabled 2 GPEs in block 00 to 0F
[    0.979553] kernel: ACPI: PCI Root Bridge [PCI0] (domain 0000 [bus 00-ff])
[    0.980256] kernel: acpi PNP0A03:00: _OSC: OS supports [ASPM ClockPM Segments MSI HPX-Type3]
[    0.980661] kernel: acpi PNP0A03:00: fail to add MMCONFIG information, can't access extended PCI configuration space under this bridge.
[    0.982042] kernel: PCI host bridge to bus 0000:00
[    0.982453] kernel: pci_bus 0000:00: root bus resource [io  0x0000-0x0cf7 window]
[    0.982533] kernel: pci_bus 0000:00: root bus resource [io  0x0d00-0xffff window]
[    0.983372] kernel: pci_bus 0000:00: root bus resource [mem 0x000a0000-0x000bffff window]
[    0.983532] kernel: pci_bus 0000:00: root bus resource [mem 0xc0000000-0xfebfffff window]
[    0.984222] kernel: pci_bus 0000:00: root bus resource [mem 0x2c0000000-0x33fffffff window]
[    0.984532] kernel: pci_bus 0000:00: root bus resource [bus 00-ff]
[    0.987115] kernel: pci 0000:00el: kasan: KernelAddressSanitizer initialized
[    0.541937] kernel: ACPI: PM-Timer IO Port: 0x608
[    0.541962] kernel: ACPI: LAPIC_NMI (acpi_id[0xff] dfl dfl lint[0x1])
[    0.542012] kernel: IOAPIC[0]: apic_id 0, version 17, address 0xfec00000, GSI 0-23
[    0.542030] kernel: ACPI: INT_SRC_OVR (bus 0 bus_irq 0 global_irq 2 dfl dfl)
[    0.542043] kernel: ACPI: INT_SRC_OVR (bus 0 bus_irq 5 global_irq 5 high level)
[    0.542055] kernel: ACPI: INT_SRC_OVR (bus 0 bus_irq 9 global_irq 9 high level)
[    0.542067] kernel: ACPI: INT_SRC_OVR (bus 0 bus_irq 10 global_irq 10 high level)
[    0.542079] kernel: ACPI: INT_SRC_OVR (bus 0 bus_irq 11 global_irq 11 high level)
[    0.542100] kernel: ACPI: Using ACPI (MADT) for SMP configuration information
[    0.542107] kernel: ACPI: HPET id: 0x8086a201 base: 0xfed00000
[    0.542122] kernel: TSC deadline timer available
[    0.542129] kernel: smpboot: Allowing 2 CPUs, 0 hotplug CPUs
[    0.542164] kernel: kvm-guest: KVM setup pv remote TLB flus200: 'Protection Keys User registers'
[    0.000000] kernel: x86/fpu: xstate_offset[2]:  576, xstate_sizes[2]:  256
[    0.000000] kernel: x86/fpu: xstate_offset[3]:  832, xstate_sizes[3]:   64
[    0.000000] kernel: x86/fpu: xstate_offset[4]:  896, xstate_sizes[4]:   64
[    0.000000] kernel: x86/fpu: xstate_offset[5]:  960, xstate_sizes[5]:   64
[    0.000000] kernel: x86/fpu: xstate_offset[6]: 1024, xstate_sizes[6]:  512
[    0.000000] kernel: x86/fpu: xstate_offset[7]: 1536, xstate_sizes[7]: 1024
[    0.000000] kernel: x86/fpu: xstate_offset[9]: 2560, xstate_sizes[9]:    8
[    0.000000] kernel: x86/fpu: Enabled xstate features 0x2ff, context size is 2568 bytes, using 'compacted' format.
[    0.000000] kernel: signal: max sigframe size: 3632
[    0.000000] kernel: BIOS-provided physical RAM map:
[    0.000000] kernel: BIOS-e820: [mem 0x0000000000000000-0x000000000009fbff] usable
[    0.000000] kernel: BIOS-e820: [mem 0x000000000009fc00-0x000000000009ffff] reserved
[    0.000000] kernel: BIOS-e820: [mem 0x00000000000f0000-0x00000000000fffff] reserved
[    0.000000] kernel: BIOS-e820: [mem 0x0000000000100000-0x00000000bffdcfff] usable
[    0.000000] kernel: BIOS-e820: [mem 0x00000000bffdd000-0x00000000bfffffff] reserved
[    0.000000] kernel: BIOS-e820: [mem 0x00000000feffc000-0x00000000feffffff] reserved
[    0.000000] kernel: BIOS-e820: [mem 0x00000000fffc0000-0x00000000ffffffff] reserved
[    0.000000] kernel: BIOS-e820: [mem 0x0000000100000000-0x00000002bfffffff] usable
[    0.000000] kernel: NX (Execute Disable) protection: active
[    0.000000] kernel: SMBIOS 2.8 present.
[    0.000000] kernel: DMI: QEMU Standard PC (i440FX + PIIX, 1996), BIOS 1.13.0-1ubuntu1.1 04/01/2014
[    0.000000] kernel: Hypervisor detected: KVM
[    0.000000] kernel: kvm-clock: Using msrs 4b564d01 and 4b564d00
[    0.000000] kernel: kvm-clock: cpu 0, msr 107d58001, primary cpu clock
[    0.000004] kernel: kvm-clock: using sched offset of 494056214 cycles
