2023/01/26 01:32:39 fuzzer started
2023/01/26 01:32:40 dialing manager at localhost:40269
2023/01/26 01:32:40 connecting to manager...
2023/01/26 01:32:40 syscalls: 51
2023/01/26 01:32:40 code coverage: enabled
2023/01/26 01:32:40 comparison tracing: enabled
2023/01/26 01:32:40 extra coverage: enabled
2023/01/26 01:32:40 setuid sandbox: enabled
2023/01/26 01:32:40 namespace sandbox: /proc/self/ns/user does not exist
2023/01/26 01:32:40 Android sandbox: /sys/fs/selinux/policy can't be opened (open /sys/fs/selinux/policy: invalid argument)
2023/01/26 01:32:40 fault injection: CONFIG_FAULT_INJECTION_DEBUG_FS or CONFIG_FAILSLAB are not enabled
2023/01/26 01:32:40 leak checking: CONFIG_DEBUG_KMEMLEAK is not enabled
2023/01/26 01:32:40 net packet injection: /dev/net/tun does not exist
2023/01/26 01:32:40 net device setup: enabled
2023/01/26 01:32:40 concurrency sanitizer: /sys/kernel/debug/kcsan does not exist
2023/01/26 01:32:40 devlink PCI setup: enabled
2023/01/26 01:32:40 USB emulation: /dev/raw-gadget does not exist
2023/01/26 01:32:40 hci packet injection: /dev/vhci does not exist
2023/01/26 01:32:40 wifi device emulation: /sys/class/mac80211_hwsim/ does not exist
2023/01/26 01:32:40 802.15.4 emulation: /sys/bus/platform/devices/mac802154_hwsim does not exist
2023/01/26 01:32:40 poll: candidates=0 inputs=50 signal=2000
2023/01/26 01:32:40 deserializeInput: hasCrash false hasNet false
2023/01/26 01:32:40 prog length: 2
2023/01/26 01:32:40 deserializeInput: hasCrash true hasNet false
2023/01/26 01:32:40 prog length: 6
2023/01/26 01:32:40 prog length: 3
2023/01/26 01:32:40 deserializeInput: hasCrash false hasNet true
2023/01/26 01:32:40 prog length: 6
2023/01/26 01:32:40 prog length: 20
2023/01/26 01:32:40 deserializeInput: hasCrash false hasNet false
2023/01/26 01:32:40 prog length: 1
2023/01/26 01:32:40 deserializeInput: hasCrash true hasNet false
2023/01/26 01:32:40 prog length: 6
2023/01/26 01:32:40 prog length: 3
2023/01/26 01:32:40 deserializeInput: hasCrash true hasNet false
2023/01/26 01:32:40 prog length: 6
2023/01/26 01:32:40 prog length: 3
2023/01/26 01:32:40 deserializeInput: hasCrash false hasNet true
2023/01/26 01:32:40 prog length: 18
2023/01/26 01:32:40 prog length: 12
2023/01/26 01:32:40 deserializeInput: hasCrash false hasNet false
2023/01/26 01:32:40 prog length: 2
2023/01/26 01:32:40 deserializeInput: hasCrash false hasNet false
2023/01/26 01:32:40 prog length: 3
2023/01/26 01:32:40 deserializeInput: hasCrash false hasNet false
2023/01/26 01:32:40 prog length: 2
2023/01/26 01:32:40 deserializeInput: hasCrash false hasNet false
2023/01/26 01:32:40 prog length: 2
2023/01/26 01:32:40 deserializeInput: hasCrash false hasNet false
2023/01/26 01:32:40 prog length: 1
2023/01/26 01:32:40 deserializeInput: hasCrash false hasNet false
2023/01/26 01:32:40 prog length: 2
2023/01/26 01:32:40 deserializeInput: hasCrash false hasNet false
2023/01/26 01:32:40 prog length: 2
2023/01/26 01:32:40 deserializeInput: hasCrash false hasNet false
2023/01/26 01:32:40 prog length: 2
2023/01/26 01:32:40 deserializeInput: hasCrash false hasNet false
2023/01/26 01:32:40 prog length: 2
2023/01/26 01:32:40 deserializeInput: hasCrash false hasNet false
2023/01/26 01:32:40 prog length: 1
2023/01/26 01:32:40 deserializeInput: hasCrash false hasNet false
2023/01/26 01:32:40 prog length: 2
2023/01/26 01:32:40 deserializeInput: hasCrash false hasNet true
2023/01/26 01:32:40 prog length: 6
2023/01/26 01:32:40 prog length: 14
2023/01/26 01:32:40 deserializeInput: hasCrash false hasNet false
2023/01/26 01:32:40 prog length: 2
2023/01/26 01:32:40 deserializeInput: hasCrash false hasNet true
2023/01/26 01:32:40 prog length: 6
2023/01/26 01:32:40 prog length: 13
2023/01/26 01:32:40 deserializeInput: hasCrash false hasNet false
2023/01/26 01:32:40 prog length: 3
2023/01/26 01:32:40 deserializeInput: hasCrash false hasNet false
2023/01/26 01:32:40 prog length: 2
2023/01/26 01:32:40 deserializeInput: hasCrash false hasNet false
2023/01/26 01:32:40 prog length: 1
2023/01/26 01:32:40 deserializeInput: hasCrash false hasNet false
2023/01/26 01:32:40 prog length: 2
2023/01/26 01:32:40 deserializeInput: hasCrash false hasNet false
2023/01/26 01:32:40 prog length: 7
2023/01/26 01:32:40 deserializeInput: hasCrash false hasNet false
2023/01/26 01:32:40 prog length: 2
2023/01/26 01:32:40 deserializeInput: hasCrash false hasNet false
2023/01/26 01:32:40 prog length: 2
2023/01/26 01:32:40 deserializeInput: hasCrash false hasNet true
2023/01/26 01:32:40 prog length: 6
2023/01/26 01:32:40 prog length: 19
2023/01/26 01:32:40 deserializeInput: hasCrash false hasNet true
2023/01/26 01:32:40 prog length: 6
2023/01/26 01:32:40 prog length: 20
2023/01/26 01:32:40 deserializeInput: hasCrash false hasNet false
2023/01/26 01:32:40 prog length: 1
2023/01/26 01:32:40 deserializeInput: hasCrash false hasNet false
2023/01/26 01:32:40 prog length: 3
2023/01/26 01:32:40 deserializeInput: hasCrash false hasNet true
2023/01/26 01:32:40 prog length: 6
2023/01/26 01:32:40 prog length: 20
2023/01/26 01:32:40 deserializeInput: hasCrash false hasNet false
2023/01/26 01:32:40 prog length: 2
2023/01/26 01:32:40 deserializeInput: hasCrash false hasNet false
2023/01/26 01:32:40 prog length: 2
2023/01/26 01:32:40 deserializeInput: hasCrash false hasNet false
2023/01/26 01:32:40 prog length: 3
2023/01/26 01:32:40 deserializeInput: hasCrash false hasNet false
2023/01/26 01:32:40 prog length: 4
2023/01/26 01:32:40 deserializeInput: hasCrash false hasNet false
2023/01/26 01:32:40 prog length: 3
2023/01/26 01:32:40 deserializeInput: hasCrash false hasNet false
2023/01/26 01:32:40 prog length: 2
2023/01/26 01:32:40 deserializeInput: hasCrash false hasNet false
2023/01/26 01:32:40 prog length: 3
2023/01/26 01:32:40 deserializeInput: hasCrash false hasNet true
2023/01/26 01:32:40 prog length: 6
2023/01/26 01:32:40 prog length: 6
2023/01/26 01:32:40 deserializeInput: hasCrash false hasNet false
2023/01/26 01:32:40 prog length: 1
2023/01/26 01:32:40 deserializeInput: hasCrash false hasNet false
2023/01/26 01:32:40 prog length: 2
2023/01/26 01:32:40 deserializeInput: hasCrash false hasNet false
2023/01/26 01:32:40 prog length: 3
2023/01/26 01:32:40 deserializeInput: hasCrash false hasNet false
2023/01/26 01:32:40 prog length: 2
2023/01/26 01:32:40 deserializeInput: hasCrash false hasNet false
2023/01/26 01:32:40 prog length: 1
2023/01/26 01:32:40 deserializeInput: hasCrash false hasNet false
2023/01/26 01:32:40 prog length: 1
2023/01/26 01:32:40 deserializeInput: hasCrash false hasNet true
2023/01/26 01:32:40 prog length: 6
2023/01/26 01:32:40 prog length: 20
2023/01/26 01:32:40 deserializeInput: hasCrash true hasNet false
2023/01/26 01:32:40 prog length: 6
2023/01/26 01:32:40 prog length: 3
2023/01/26 01:32:40 deserializeInput: hasCrash false hasNet false
2023/01/26 01:32:40 prog length: 2
2023/01/26 01:32:40 fetching corpus: 50, signal 6555/19947/25966 (executing program)
2023/01/26 01:32:40 poll: candidates=0 inputs=50 signal=2000
2023/01/26 01:32:40 deserializeInput: hasCrash false hasNet false
2023/01/26 01:32:40 prog length: 1
2023/01/26 01:32:40 deserializeInput: hasCrash false hasNet false
2023/01/26 01:32:40 prog length: 2
2023/01/26 01:32:40 deserializeInput: hasCrash false hasNet false
2023/01/26 01:32:40 prog length: 2
2023/01/26 01:32:40 deserializeInput: hasCrash false hasNet false
2023/01/26 01:32:40 prog length: 3
2023/01/26 01:32:40 deserializeInput: hasCrash false hasNet false
2023/01/26 01:32:40 prog length: 1
2023/01/26 01:32:40 deserializeInput: hasCrash false hasNet false
2023/01/26 01:32:40 prog length: 3
2023/01/26 01:32:40 deserializeInput: hasCrash false hasNet false
2023/01/26 01:32:40 prog length: 2
2023/01/26 01:32:40 deserializeInput: hasCrash false hasNet true
2023/01/26 01:32:40 prog length: 6
2023/01/26 01:32:40 prog length: 20
2023/01/26 01:32:40 deserializeInput: hasCrash false hasNet false
2023/01/26 01:32:40 prog length: 1
2023/01/26 01:32:40 deserializeInput: hasCrash true hasNet false
2023/01/26 01:32:40 prog length: 6
2023/01/26 01:32:40 prog length: 4
2023/01/26 01:32:40 deserializeInput: hasCrash false hasNet false
2023/01/26 01:32:40 prog length: 2
2023/01/26 01:32:40 deserializeInput: hasCrash false hasNet false
2023/01/26 01:32:40 prog length: 1
2023/01/26 01:32:40 deserializeInput: hasCrash false hasNet false
2023/01/26 01:32:40 prog length: 4
2023/01/26 01:32:40 deserializeInput: hasCrash false hasNet false
2023/01/26 01:32:40 prog length: 2
2023/01/26 01:32:40 deserializeInput: hasCrash false hasNet false
2023/01/26 01:32:40 prog length: 2
2023/01/26 01:32:40 deserializeInput: hasCrash false hasNet true
2023/01/26 01:32:40 prog length: 6
2023/01/26 01:32:40 prog length: 7
2023/01/26 01:32:40 deserializeInput: hasCrash false hasNet false
2023/01/26 01:32:40 prog length: 1
2023/01/26 01:32:40 deserializeInput: hasCrash false hasNet false
2023/01/26 01:32:40 prog length: 2
2023/01/26 01:32:40 deserializeInput: hasCrash false hasNet false
2023/01/26 01:32:40 prog length: 6
2023/01/26 01:32:40 deserializeInput: hasCrash false hasNet false
2023/01/26 01:32:40 prog length: 5
2023/01/26 01:32:40 deserializeInput: hasCrash false hasNet false
2023/01/26 01:32:40 prog length: 4
2023/01/26 01:32:40 deserializeInput: hasCrash false hasNet true
2023/01/26 01:32:40 prog length: 6
2023/01/26 01:32:40 prog length: 4
2023/01/26 01:32:40 deserializeInput: hasCrash false hasNet false
2023/01/26 01:32:40 prog length: 2
2023/01/26 01:32:40 deserializeInput: hasCrash false hasNet false
2023/01/26 01:32:40 prog length: 3
2023/01/26 01:32:40 deserializeInput: hasCrash false hasNet false
2023/01/26 01:32:40 prog length: 3
2023/01/26 01:32:40 deserializeInput: hasCrash false hasNet false
2023/01/26 01:32:40 prog length: 1
2023/01/26 01:32:40 deserializeInput: hasCrash false hasNet false
2023/01/26 01:32:40 prog length: 4
2023/01/26 01:32:40 deserializeInput: hasCrash false hasNet false
2023/01/26 01:32:40 prog length: 1
2023/01/26 01:32:40 deserializeInput: hasCrash false hasNet true
2023/01/26 01:32:40 prog length: 6
2023/01/26 01:32:40 prog length: 5
2023/01/26 01:32:40 deserializeInput: hasCrash false hasNet false
2023/01/26 01:32:40 prog length: 3
2023/01/26 01:32:40 deserializeInput: hasCrash false hasNet false
2023/01/26 01:32:40 prog length: 2
2023/01/26 01:32:40 deserializeInput: hasCrash false hasNet false
2023/01/26 01:32:40 prog length: 1
2023/01/26 01:32:40 deserializeInput: hasCrash false hasNet false
2023/01/26 01:32:40 prog length: 4
2023/01/26 01:32:40 deserializeInput: hasCrash false hasNet false
2023/01/26 01:32:40 prog length: 1
2023/01/26 01:32:40 deserializeInput: hasCrash false hasNet false
2023/01/26 01:32:40 prog length: 3
2023/01/26 01:32:40 deserializeInput: hasCrash false hasNet true
2023/01/26 01:32:40 prog length: 18
2023/01/26 01:32:40 prog length: 11
2023/01/26 01:32:40 deserializeInput: hasCrash true hasNet true
2023/01/26 01:32:40 prog length: 6
2023/01/26 01:32:40 prog length: 6
2023/01/26 01:32:40 prog length: 5
2023/01/26 01:32:40 deserializeInput: hasCrash false hasNet false
2023/01/26 01:32:40 prog length: 2
2023/01/26 01:32:40 deserializeInput: hasCrash false hasNet false
2023/01/26 01:32:40 prog length: 3
2023/01/26 01:32:40 deserializeInput: hasCrash false hasNet false
2023/01/26 01:32:40 prog length: 3
2023/01/26 01:32:40 deserializeInput: hasCrash false hasNet true
2023/01/26 01:32:40 prog length: 6
2023/01/26 01:32:40 prog length: 20
2023/01/26 01:32:40 deserializeInput: hasCrash false hasNet false
2023/01/26 01:32:40 prog length: 5
2023/01/26 01:32:40 deserializeInput: hasCrash false hasNet false
2023/01/26 01:32:40 prog length: 5
2023/01/26 01:32:40 deserializeInput: hasCrash false hasNet false
2023/01/26 01:32:40 prog length: 16
2023/01/26 01:32:40 deserializeInput: hasCrash false hasNet false
2023/01/26 01:32:40 prog length: 2
2023/01/26 01:32:40 deserializeInput: hasCrash false hasNet false
2023/01/26 01:32:40 prog length: 6
2023/01/26 01:32:40 deserializeInput: hasCrash false hasNet false
2023/01/26 01:32:40 prog length: 3
2023/01/26 01:32:40 deserializeInput: hasCrash false hasNet false
2023/01/26 01:32:40 prog length: 1
2023/01/26 01:32:40 deserializeInput: hasCrash false hasNet false
2023/01/26 01:32:40 prog length: 2
2023/01/26 01:32:40 deserializeInput: hasCrash false hasNet false
2023/01/26 01:32:40 prog length: 4
2023/01/26 01:32:40 fetching corpus: 100, signal 7398/26103/33016 (executing program)
2023/01/26 01:32:40 poll: candidates=0 inputs=50 signal=2000
2023/01/26 01:32:40 deserializeInput: hasCrash false hasNet false
2023/01/26 01:32:40 prog length: 2
2023/01/26 01:32:40 deserializeInput: hasCrash false hasNet false
2023/01/26 01:32:40 prog length: 2
2023/01/26 01:32:40 deserializeInput: hasCrash false hasNet false
2023/01/26 01:32:40 prog length: 3
2023/01/26 01:32:40 deserializeInput: hasCrash false hasNet false
2023/01/26 01:32:40 prog length: 1
2023/01/26 01:32:40 deserializeInput: hasCrash false hasNet false
2023/01/26 01:32:40 prog length: 3
2023/01/26 01:32:40 deserializeInput: hasCrash false hasNet false
2023/01/26 01:32:40 prog length: 11
2023/01/26 01:32:40 deserializeInput: hasCrash false hasNet false
2023/01/26 01:32:40 prog length: 6
2023/01/26 01:32:40 deserializeInput: hasCrash false hasNet false
2023/01/26 01:32:40 prog length: 1
2023/01/26 01:32:40 deserializeInput: hasCrash false hasNet false
2023/01/26 01:32:40 prog length: 2
2023/01/26 01:32:40 deserializeInput: hasCrash false hasNet false
2023/01/26 01:32:40 prog length: 3
2023/01/26 01:32:40 deserializeInput: hasCrash false hasNet false
2023/01/26 01:32:40 prog length: 2
2023/01/26 01:32:40 deserializeInput: hasCrash false hasNet false
2023/01/26 01:32:40 prog length: 4
2023/01/26 01:32:40 deserializeInput: hasCrash false hasNet false
2023/01/26 01:32:40 prog length: 1
2023/01/26 01:32:40 deserializeInput: hasCrash false hasNet false
2023/01/26 01:32:40 prog length: 2
2023/01/26 01:32:40 deserializeInput: hasCrash false hasNet false
2023/01/26 01:32:40 prog length: 2
2023/01/26 01:32:40 deserializeInput: hasCrash false hasNet false
2023/01/26 01:32:40 prog length: 2
2023/01/26 01:32:40 deserializeInput: hasCrash true hasNet false
2023/01/26 01:32:40 prog length: 6
2023/01/26 01:32:40 prog length: 3
2023/01/26 01:32:40 deserializeInput: hasCrash false hasNet false
2023/01/26 01:32:40 prog length: 2
2023/01/26 01:32:40 deserializeInput: hasCrash true hasNet false
2023/01/26 01:32:40 prog length: 6
2023/01/26 01:32:40 prog length: 3
2023/01/26 01:32:40 deserializeInput: hasCrash false hasNet false
2023/01/26 01:32:40 prog length: 2
2023/01/26 01:32:40 deserializeInput: hasCrash false hasNet false
2023/01/26 01:32:40 prog length: 2
2023/01/26 01:32:40 deserializeInput: hasCrash false hasNet false
2023/01/26 01:32:40 prog length: 2
2023/01/26 01:32:40 deserializeInput: hasCrash false hasNet false
2023/01/26 01:32:40 prog length: 1
2023/01/26 01:32:40 deserializeInput: hasCrash false hasNet false
2023/01/26 01:32:40 prog length: 2
2023/01/26 01:32:40 deserializeInput: hasCrash false hasNet false
2023/01/26 01:32:40 prog length: 2
2023/01/26 01:32:40 deserializeInput: hasCrash false hasNet false
2023/01/26 01:32:40 prog length: 3
2023/01/26 01:32:40 deserializeInput: hasCrash false hasNet false
2023/01/26 01:32:40 prog length: 2
2023/01/26 01:32:40 deserializeInput: hasCrash false hasNet false
2023/01/26 01:32:40 prog length: 1
2023/01/26 01:32:40 deserializeInput: hasCrash false hasNet false
2023/01/26 01:32:40 prog length: 2
2023/01/26 01:32:40 deserializeInput: hasCrash false hasNet false
2023/01/26 01:32:40 prog length: 2
2023/01/26 01:32:40 deserializeInput: hasCrash true hasNet true
2023/01/26 01:32:40 prog length: 12
2023/01/26 01:32:40 prog length: 6
2023/01/26 01:32:40 deserializeInput: hasCrash false hasNet false
2023/01/26 01:32:40 prog length: 1
2023/01/26 01:32:40 deserializeInput: hasCrash false hasNet false
2023/01/26 01:32:40 prog length: 1
2023/01/26 01:32:40 deserializeInput: hasCrash false hasNet false
2023/01/26 01:32:40 prog length: 3
2023/01/26 01:32:40 deserializeInput: hasCrash false hasNet false
2023/01/26 01:32:40 prog length: 1
2023/01/26 01:32:40 deserializeInput: hasCrash false hasNet true
2023/01/26 01:32:40 prog length: 6
2023/01/26 01:32:40 prog length: 4
2023/01/26 01:32:40 deserializeInput: hasCrash false hasNet false
2023/01/26 01:32:40 prog length: 6
2023/01/26 01:32:40 deserializeInput: hasCrash false hasNet true
2023/01/26 01:32:40 prog length: 6
2023/01/26 01:32:40 prog length: 8
2023/01/26 01:32:40 deserializeInput: hasCrash false hasNet false
2023/01/26 01:32:40 prog length: 4
2023/01/26 01:32:40 deserializeInput: hasCrash false hasNet true
2023/01/26 01:32:40 prog length: 6
2023/01/26 01:32:40 prog length: 18
2023/01/26 01:32:40 deserializeInput: hasCrash false hasNet false
2023/01/26 01:32:40 prog length: 3
2023/01/26 01:32:40 deserializeInput: hasCrash false hasNet false
2023/01/26 01:32:40 prog length: 2
2023/01/26 01:32:40 deserializeInput: hasCrash false hasNet true
2023/01/26 01:32:40 prog length: 6
2023/01/26 01:32:40 prog length: 18
2023/01/26 01:32:40 deserializeInput: hasCrash true hasNet false
2023/01/26 01:32:40 prog length: 6
2023/01/26 01:32:40 prog length: 4
2023/01/26 01:32:40 deserializeInput: hasCrash false hasNet true
2023/01/26 01:32:40 prog length: 6
2023/01/26 01:32:40 prog length: 4
2023/01/26 01:32:40 deserializeInput: hasCrash true hasNet true
2023/01/26 01:32:40 prog length: 6
2023/01/26 01:32:40 prog length: 6
2023/01/26 01:32:40 prog length: 7
2023/01/26 01:32:40 deserializeInput: hasCrash false hasNet false
2023/01/26 01:32:40 prog length: 1
2023/01/26 01:32:40 deserializeInput: hasCrash false hasNet false
2023/01/26 01:32:40 prog length: 1
2023/01/26 01:32:40 deserializeInput: hasCrash false hasNet false
2023/01/26 01:32:40 prog length: 1
2023/01/26 01:32:40 deserializeInput: hasCrash false hasNet false
2023/01/26 01:32:40 prog length: 2
2023/01/26 01:32:40 fetching corpus: 150, signal 7913/27724/35471 (executing program)
2023/01/26 01:32:40 poll: candidates=0 inputs=50 signal=2000
2023/01/26 01:32:40 deserializeInput: hasCrash false hasNet false
2023/01/26 01:32:40 prog length: 2
2023/01/26 01:32:40 deserializeInput: hasCrash false hasNet false
2023/01/26 01:32:40 prog length: 1
2023/01/26 01:32:40 deserializeInput: hasCrash false hasNet false
2023/01/26 01:32:40 prog length: 2
2023/01/26 01:32:40 deserializeInput: hasCrash false hasNet false
2023/01/26 01:32:40 prog length: 1
2023/01/26 01:32:40 deserializeInput: hasCrash false hasNet true
2023/01/26 01:32:40 prog length: 18
2023/01/26 01:32:40 prog length: 9
2023/01/26 01:32:40 deserializeInput: hasCrash false hasNet false
2023/01/26 01:32:40 prog length: 2
2023/01/26 01:32:40 deserializeInput: hasCrash false hasNet false
2023/01/26 01:32:40 prog length: 2
2023/01/26 01:32:40 deserializeInput: hasCrash false hasNet false
2023/01/26 01:32:40 prog length: 1
2023/01/26 01:32:40 deserializeInput: hasCrash false hasNet true
2023/01/26 01:32:40 prog length: 6
2023/01/26 01:32:40 prog length: 4
2023/01/26 01:32:40 deserializeInput: hasCrash false hasNet false
2023/01/26 01:32:40 prog length: 1
2023/01/26 01:32:40 deserializeInput: hasCrash false hasNet false
2023/01/26 01:32:40 prog length: 7
2023/01/26 01:32:40 deserializeInput: hasCrash false hasNet false
2023/01/26 01:32:40 prog length: 1
2023/01/26 01:32:40 deserializeInput: hasCrash true hasNet true
2023/01/26 01:32:40 prog length: 6
2023/01/26 01:32:40 prog length: 12
2023/01/26 01:32:40 prog length: 9
2023/01/26 01:32:40 deserializeInput: hasCrash false hasNet false
2023/01/26 01:32:40 prog length: 3
2023/01/26 01:32:40 deserializeInput: hasCrash false hasNet false
2023/01/26 01:32:40 prog length: 2
2023/01/26 01:32:40 deserializeInput: hasCrash false hasNet false
2023/01/26 01:32:40 prog length: 2
2023/01/26 01:32:40 deserializeInput: hasCrash false hasNet false
2023/01/26 01:32:40 prog length: 3
2023/01/26 01:32:40 deserializeInput: hasCrash false hasNet false
2023/01/26 01:32:40 prog length: 1
2023/01/26 01:32:40 deserializeInput: hasCrash false hasNet false
2023/01/26 01:32:40 prog length: 6
2023/01/26 01:32:40 deserializeInput: hasCrash false hasNet true
2023/01/26 01:32:40 prog length: 6
2023/01/26 01:32:40 prog length: 5
2023/01/26 01:32:40 deserializeInput: hasCrash false hasNet false
2023/01/26 01:32:40 prog length: 2
2023/01/26 01:32:40 deserializeInput: hasCrash false hasNet false
2023/01/26 01:32:40 prog length: 6
2023/01/26 01:32:40 deserializeInput: hasCrash false hasNet false
2023/01/26 01:32:40 prog length: 3
2023/01/26 01:32:40 deserializeInput: hasCrash false hasNet false
2023/01/26 01:32:40 prog length: 2
2023/01/26 01:32:40 deserializeInput: hasCrash false hasNet true
2023/01/26 01:32:40 prog length: 6
2023/01/26 01:32:40 prog length: 16
2023/01/26 01:32:40 deserializeInput: hasCrash false hasNet true
2023/01/26 01:32:40 prog length: 6
2023/01/26 01:32:40 prog length: 12
2023/01/26 01:32:40 prog length: 10
2023/01/26 01:32:40 deserializeInput: hasCrash false hasNet false
2023/01/26 01:32:40 prog length: 3
2023/01/26 01:32:40 deserializeInput: hasCrash false hasNet false
2023/01/26 01:32:40 prog length: 3
2023/01/26 01:32:40 deserializeInput: hasCrash false hasNet false
2023/01/26 01:32:40 prog length: 2
2023/01/26 01:32:40 deserializeInput: hasCrash false hasNet false
2023/01/26 01:32:40 prog length: 11
2023/01/26 01:32:40 deserializeInput: hasCrash false hasNet false
2023/01/26 01:32:40 prog length: 1
2023/01/26 01:32:40 deserializeInput: hasCrash true hasNet false
2023/01/26 01:32:40 prog length: 6
2023/01/26 01:32:40 prog length: 4
2023/01/26 01:32:40 deserializeInput: hasCrash false hasNet false
2023/01/26 01:32:40 prog length: 6
2023/01/26 01:32:40 deserializeInput: hasCrash false hasNet false
2023/01/26 01:32:40 prog length: 2
2023/01/26 01:32:40 deserializeInput: hasCrash false hasNet false
2023/01/26 01:32:40 prog length: 2
2023/01/26 01:32:40 deserializeInput: hasCrash false hasNet false
2023/01/26 01:32:40 prog length: 2
2023/01/26 01:32:40 deserializeInput: hasCrash true hasNet false
2023/01/26 01:32:40 prog length: 6
2023/01/26 01:32:40 prog length: 3
2023/01/26 01:32:40 deserializeInput: hasCrash false hasNet false
2023/01/26 01:32:40 prog length: 1
2023/01/26 01:32:40 deserializeInput: hasCrash false hasNet false
2023/01/26 01:32:40 prog length: 2
2023/01/26 01:32:40 deserializeInput: hasCrash false hasNet false
2023/01/26 01:32:40 prog length: 2
2023/01/26 01:32:40 deserializeInput: hasCrash false hasNet false
2023/01/26 01:32:40 prog length: 2
2023/01/26 01:32:40 deserializeInput: hasCrash false hasNet false
2023/01/26 01:32:40 prog length: 2
2023/01/26 01:32:40 deserializeInput: hasCrash false hasNet false
2023/01/26 01:32:40 prog length: 2
2023/01/26 01:32:40 deserializeInput: hasCrash true hasNet false
2023/01/26 01:32:40 prog length: 6
2023/01/26 01:32:40 prog length: 3
2023/01/26 01:32:40 deserializeInput: hasCrash false hasNet false
2023/01/26 01:32:40 prog length: 1
2023/01/26 01:32:40 deserializeInput: hasCrash false hasNet false
2023/01/26 01:32:40 prog length: 5
2023/01/26 01:32:40 deserializeInput: hasCrash false hasNet true
2023/01/26 01:32:40 prog length: 6
2023/01/26 01:32:40 prog length: 16
2023/01/26 01:32:40 deserializeInput: hasCrash true hasNet false
2023/01/26 01:32:40 prog length: 6
2023/01/26 01:32:40 prog length: 3
2023/01/26 01:32:40 deserializeInput: hasCrash false hasNet false
2023/01/26 01:32:40 prog length: 3
2023/01/26 01:32:40 deserializeInput: hasCrash false hasNet false
2023/01/26 01:32:40 prog length: 2
2023/01/26 01:32:40 fetching corpus: 200, signal 8250/28411/36839 (executing program)
2023/01/26 01:32:41 poll: candidates=0 inputs=50 signal=2000
2023/01/26 01:32:41 deserializeInput: hasCrash false hasNet false
2023/01/26 01:32:41 prog length: 1
2023/01/26 01:32:41 deserializeInput: hasCrash false hasNet false
2023/01/26 01:32:41 prog length: 2
2023/01/26 01:32:41 deserializeInput: hasCrash false hasNet true
2023/01/26 01:32:41 prog length: 18
2023/01/26 01:32:41 prog length: 9
2023/01/26 01:32:41 deserializeInput: hasCrash false hasNet false
2023/01/26 01:32:41 prog length: 3
2023/01/26 01:32:41 deserializeInput: hasCrash false hasNet false
2023/01/26 01:32:41 prog length: 2
2023/01/26 01:32:41 deserializeInput: hasCrash false hasNet false
2023/01/26 01:32:41 prog length: 3
2023/01/26 01:32:41 deserializeInput: hasCrash false hasNet false
2023/01/26 01:32:41 prog length: 3
2023/01/26 01:32:41 deserializeInput: hasCrash false hasNet false
2023/01/26 01:32:41 prog length: 1
2023/01/26 01:32:41 deserializeInput: hasCrash false hasNet false
2023/01/26 01:32:41 prog length: 2
2023/01/26 01:32:41 deserializeInput: hasCrash false hasNet false
2023/01/26 01:32:41 prog length: 4
2023/01/26 01:32:41 deserializeInput: hasCrash false hasNet false
2023/01/26 01:32:41 prog length: 1
2023/01/26 01:32:41 deserializeInput: hasCrash false hasNet false
2023/01/26 01:32:41 prog length: 2
2023/01/26 01:32:41 deserializeInput: hasCrash false hasNet false
2023/01/26 01:32:41 prog length: 9
2023/01/26 01:32:41 deserializeInput: hasCrash false hasNet false
2023/01/26 01:32:41 prog length: 2
2023/01/26 01:32:41 deserializeInput: hasCrash false hasNet false
2023/01/26 01:32:41 prog length: 1
2023/01/26 01:32:41 deserializeInput: hasCrash false hasNet false
2023/01/26 01:32:41 prog length: 1
2023/01/26 01:32:41 deserializeInput: hasCrash false hasNet false
2023/01/26 01:32:41 prog length: 3
2023/01/26 01:32:41 deserializeInput: hasCrash false hasNet false
2023/01/26 01:32:41 prog length: 2
2023/01/26 01:32:41 deserializeInput: hasCrash false hasNet false
2023/01/26 01:32:41 prog length: 2
2023/01/26 01:32:41 deserializeInput: hasCrash false hasNet false
2023/01/26 01:32:41 prog length: 1
2023/01/26 01:32:41 deserializeInput: hasCrash true hasNet false
2023/01/26 01:32:41 prog length: 6
2023/01/26 01:32:41 prog length: 3
2023/01/26 01:32:41 deserializeInput: hasCrash false hasNet false
2023/01/26 01:32:41 prog length: 1
2023/01/26 01:32:41 deserializeInput: hasCrash false hasNet false
2023/01/26 01:32:41 prog length: 2
2023/01/26 01:32:41 deserializeInput: hasCrash false hasNet false
2023/01/26 01:32:41 prog length: 2
2023/01/26 01:32:41 deserializeInput: hasCrash false hasNet true
2023/01/26 01:32:41 prog length: 6
2023/01/26 01:32:41 prog length: 5
2023/01/26 01:32:41 deserializeInput: hasCrash false hasNet false
2023/01/26 01:32:41 prog length: 4
2023/01/26 01:32:41 deserializeInput: hasCrash false hasNet true
2023/01/26 01:32:41 prog length: 6
2023/01/26 01:32:41 prog length: 20
2023/01/26 01:32:41 deserializeInput: hasCrash false hasNet false
2023/01/26 01:32:41 prog length: 1
2023/01/26 01:32:41 deserializeInput: hasCrash false hasNet false
2023/01/26 01:32:41 prog length: 2
2023/01/26 01:32:41 deserializeInput: hasCrash true hasNet false
2023/01/26 01:32:41 prog length: 6
2023/01/26 01:32:41 prog length: 3
2023/01/26 01:32:41 deserializeInput: hasCrash false hasNet false
2023/01/26 01:32:41 prog length: 2
2023/01/26 01:32:41 deserializeInput: hasCrash false hasNet false
2023/01/26 01:32:41 prog length: 1
2023/01/26 01:32:41 deserializeInput: hasCrash false hasNet false
2023/01/26 01:32:41 prog length: 2
2023/01/26 01:32:41 deserializeInput: hasCrash false hasNet false
2023/01/26 01:32:41 prog length: 2
2023/01/26 01:32:41 deserializeInput: hasCrash false hasNet false
2023/01/26 01:32:41 prog length: 1
2023/01/26 01:32:41 deserializeInput: hasCrash false hasNet true
2023/01/26 01:32:41 prog length: 6
2023/01/26 01:32:41 prog length: 20
2023/01/26 01:32:41 deserializeInput: hasCrash false hasNet false
2023/01/26 01:32:41 prog length: 2
2023/01/26 01:32:41 deserializeInput: hasCrash true hasNet false
2023/01/26 01:32:41 prog length: 6
2023/01/26 01:32:41 prog length: 3
2023/01/26 01:32:41 deserializeInput: hasCrash true hasNet false
2023/01/26 01:32:41 prog length: 18
2023/01/26 01:32:41 prog length: 8
2023/01/26 01:32:41 deserializeInput: hasCrash false hasNet false
2023/01/26 01:32:41 prog length: 2
2023/01/26 01:32:41 deserializeInput: hasCrash false hasNet true
2023/01/26 01:32:41 prog length: 6
2023/01/26 01:32:41 prog length: 20
2023/01/26 01:32:41 deserializeInput: hasCrash false hasNet false
2023/01/26 01:32:41 prog length: 2
2023/01/26 01:32:41 deserializeInput: hasCrash false hasNet false
2023/01/26 01:32:41 prog length: 2
2023/01/26 01:32:41 deserializeInput: hasCrash false hasNet false
2023/01/26 01:32:41 prog length: 2
2023/01/26 01:32:41 deserializeInput: hasCrash false hasNet false
2023/01/26 01:32:41 prog length: 2
2023/01/26 01:32:41 deserializeInput: hasCrash true hasNet false
2023/01/26 01:32:41 prog length: 6
2023/01/26 01:32:41 prog length: 4
2023/01/26 01:32:41 deserializeInput: hasCrash false hasNet true
2023/01/26 01:32:41 prog length: 6
2023/01/26 01:32:41 prog length: 12
2023/01/26 01:32:41 deserializeInput: hasCrash false hasNet false
2023/01/26 01:32:41 prog length: 2
2023/01/26 01:32:41 deserializeInput: hasCrash false hasNet false
2023/01/26 01:32:41 prog length: 2
2023/01/26 01:32:41 deserializeInput: hasCrash false hasNet false
2023/01/26 01:32:41 prog length: 2
2023/01/26 01:32:41 fetching corpus: 250, signal 9162/30321/39641 (executing program)
2023/01/26 01:32:41 poll: candidates=0 inputs=50 signal=2000
2023/01/26 01:32:41 deserializeInput: hasCrash false hasNet false
2023/01/26 01:32:41 prog length: 3
2023/01/26 01:32:41 deserializeInput: hasCrash false hasNet false
2023/01/26 01:32:41 prog length: 1
2023/01/26 01:32:41 deserializeInput: hasCrash false hasNet false
2023/01/26 01:32:41 prog length: 2
2023/01/26 01:32:41 deserializeInput: hasCrash false hasNet false
2023/01/26 01:32:41 prog length: 2
2023/01/26 01:32:41 deserializeInput: hasCrash false hasNet false
2023/01/26 01:32:41 prog length: 2
2023/01/26 01:32:41 deserializeInput: hasCrash false hasNet false
2023/01/26 01:32:41 prog length: 1
2023/01/26 01:32:41 deserializeInput: hasCrash false hasNet false
2023/01/26 01:32:41 prog length: 2
2023/01/26 01:32:41 deserializeInput: hasCrash false hasNet true
2023/01/26 01:32:41 prog length: 6
2023/01/26 01:32:41 prog length: 14
2023/01/26 01:32:41 deserializeInput: hasCrash false hasNet false
2023/01/26 01:32:41 prog length: 5
2023/01/26 01:32:41 deserializeInput: hasCrash false hasNet false
2023/01/26 01:32:41 prog length: 2
2023/01/26 01:32:41 deserializeInput: hasCrash false hasNet false
2023/01/26 01:32:41 prog length: 18
2023/01/26 01:32:41 deserializeInput: hasCrash false hasNet false
2023/01/26 01:32:41 prog length: 6
2023/01/26 01:32:41 deserializeInput: hasCrash false hasNet false
2023/01/26 01:32:41 prog length: 1
2023/01/26 01:32:41 deserializeInput: hasCrash false hasNet false
2023/01/26 01:32:41 prog length: 2
2023/01/26 01:32:41 deserializeInput: hasCrash false hasNet true
2023/01/26 01:32:41 prog length: 6
2023/01/26 01:32:41 prog length: 4
2023/01/26 01:32:41 deserializeInput: hasCrash false hasNet false
2023/01/26 01:32:41 prog length: 2
2023/01/26 01:32:41 deserializeInput: hasCrash false hasNet false
2023/01/26 01:32:41 prog length: 1
2023/01/26 01:32:41 deserializeInput: hasCrash false hasNet false
2023/01/26 01:32:41 prog length: 2
2023/01/26 01:32:41 deserializeInput: hasCrash false hasNet false
2023/01/26 01:32:41 prog length: 2
2023/01/26 01:32:41 deserializeInput: hasCrash false hasNet false
2023/01/26 01:32:41 prog length: 4
2023/01/26 01:32:41 deserializeInput: hasCrash false hasNet false
2023/01/26 01:32:41 prog length: 3
2023/01/26 01:32:41 deserializeInput: hasCrash false hasNet false
2023/01/26 01:32:41 prog length: 3
2023/01/26 01:32:41 deserializeInput: hasCrash true hasNet false
2023/01/26 01:32:41 prog length: 6
2023/01/26 01:32:41 prog length: 3
2023/01/26 01:32:41 deserializeInput: hasCrash false hasNet false
2023/01/26 01:32:41 prog length: 13
2023/01/26 01:32:41 deserializeInput: hasCrash false hasNet false
2023/01/26 01:32:41 prog length: 1
2023/01/26 01:32:41 deserializeInput: hasCrash false hasNet false
2023/01/26 01:32:41 prog length: 2
2023/01/26 01:32:41 deserializeInput: hasCrash false hasNet false
2023/01/26 01:32:41 prog length: 2
2023/01/26 01:32:41 deserializeInput: hasCrash false hasNet false
2023/01/26 01:32:41 prog length: 2
2023/01/26 01:32:41 deserializeInput: hasCrash false hasNet false
2023/01/26 01:32:41 prog length: 3
2023/01/26 01:32:41 deserializeInput: hasCrash false hasNet false
2023/01/26 01:32:41 prog length: 4
2023/01/26 01:32:41 deserializeInput: hasCrash false hasNet false
2023/01/26 01:32:41 prog length: 1
2023/01/26 01:32:41 deserializeInput: hasCrash false hasNet false
2023/01/26 01:32:41 prog length: 2
2023/01/26 01:32:41 deserializeInput: hasCrash false hasNet false
2023/01/26 01:32:41 prog length: 1
2023/01/26 01:32:41 deserializeInput: hasCrash false hasNet true
2023/01/26 01:32:41 prog length: 6
2023/01/26 01:32:41 prog length: 20
2023/01/26 01:32:41 deserializeInput: hasCrash false hasNet false
2023/01/26 01:32:41 prog length: 1
2023/01/26 01:32:41 deserializeInput: hasCrash false hasNet false
2023/01/26 01:32:41 prog length: 2
2023/01/26 01:32:41 deserializeInput: hasCrash false hasNet false
2023/01/26 01:32:41 prog length: 1
2023/01/26 01:32:41 deserializeInput: hasCrash true hasNet false
2023/01/26 01:32:41 prog length: 6
2023/01/26 01:32:41 prog length: 4
2023/01/26 01:32:41 deserializeInput: hasCrash false hasNet false
2023/01/26 01:32:41 prog length: 3
2023/01/26 01:32:41 deserializeInput: hasCrash false hasNet false
2023/01/26 01:32:41 prog length: 2
2023/01/26 01:32:41 deserializeInput: hasCrash false hasNet false
2023/01/26 01:32:41 prog length: 2
2023/01/26 01:32:41 deserializeInput: hasCrash false hasNet false
2023/01/26 01:32:41 prog length: 1
2023/01/26 01:32:41 deserializeInput: hasCrash false hasNet false
2023/01/26 01:32:41 prog length: 1
2023/01/26 01:32:41 deserializeInput: hasCrash false hasNet false
2023/01/26 01:32:41 prog length: 2
2023/01/26 01:32:41 deserializeInput: hasCrash false hasNet true
2023/01/26 01:32:41 prog length: 6
2023/01/26 01:32:41 prog length: 5
2023/01/26 01:32:41 deserializeInput: hasCrash false hasNet false
2023/01/26 01:32:41 prog length: 2
2023/01/26 01:32:41 deserializeInput: hasCrash false hasNet false
2023/01/26 01:32:41 prog length: 2
2023/01/26 01:32:41 deserializeInput: hasCrash true hasNet true
2023/01/26 01:32:41 prog length: 6
2023/01/26 01:32:41 prog length: 12
2023/01/26 01:32:41 prog length: 7
2023/01/26 01:32:41 deserializeInput: hasCrash false hasNet false
2023/01/26 01:32:41 prog length: 1
2023/01/26 01:32:41 deserializeInput: hasCrash false hasNet false
2023/01/26 01:32:41 prog length: 1
2023/01/26 01:32:41 fetching corpus: 300, signal 9189/30895/40433 (executing program)
2023/01/26 01:32:41 poll: candidates=0 inputs=30 signal=2000
2023/01/26 01:32:41 deserializeInput: hasCrash false hasNet false
2023/01/26 01:32:41 prog length: 2
2023/01/26 01:32:41 deserializeInput: hasCrash false hasNet false
2023/01/26 01:32:41 prog length: 2
2023/01/26 01:32:41 deserializeInput: hasCrash false hasNet false
2023/01/26 01:32:41 prog length: 2
2023/01/26 01:32:41 deserializeInput: hasCrash false hasNet false
2023/01/26 01:32:41 prog length: 3
2023/01/26 01:32:41 deserializeInput: hasCrash false hasNet false
2023/01/26 01:32:41 prog length: 2
2023/01/26 01:32:41 deserializeInput: hasCrash true hasNet false
2023/01/26 01:32:41 prog length: 6
2023/01/26 01:32:41 prog length: 3
2023/01/26 01:32:41 deserializeInput: hasCrash false hasNet false
2023/01/26 01:32:41 prog length: 3
2023/01/26 01:32:41 deserializeInput: hasCrash false hasNet false
2023/01/26 01:32:41 prog length: 6
2023/01/26 01:32:41 deserializeInput: hasCrash false hasNet false
2023/01/26 01:32:41 prog length: 1
2023/01/26 01:32:41 deserializeInput: hasCrash false hasNet true
2023/01/26 01:32:41 prog length: 6
2023/01/26 01:32:41 prog length: 5
2023/01/26 01:32:41 deserializeInput: hasCrash false hasNet false
2023/01/26 01:32:41 prog length: 2
2023/01/26 01:32:41 deserializeInput: hasCrash false hasNet false
2023/01/26 01:32:41 prog length: 2
2023/01/26 01:32:41 deserializeInput: hasCrash false hasNet false
2023/01/26 01:32:41 prog length: 1
2023/01/26 01:32:41 deserializeInput: hasCrash false hasNet false
2023/01/26 01:32:41 prog length: 4
2023/01/26 01:32:41 deserializeInput: hasCrash false hasNet false
2023/01/26 01:32:41 prog length: 2
2023/01/26 01:32:41 deserializeInput: hasCrash false hasNet false
2023/01/26 01:32:41 prog length: 2
2023/01/26 01:32:41 deserializeInput: hasCrash false hasNet false
2023/01/26 01:32:41 prog length: 3
2023/01/26 01:32:41 deserializeInput: hasCrash false hasNet true
2023/01/26 01:32:41 prog length: 6
2023/01/26 01:32:41 prog length: 6
2023/01/26 01:32:41 prog length: 7
2023/01/26 01:32:41 deserializeInput: hasCrash false hasNet false
2023/01/26 01:32:41 prog length: 1
2023/01/26 01:32:41 deserializeInput: hasCrash false hasNet false
2023/01/26 01:32:41 prog length: 14
2023/01/26 01:32:41 deserializeInput: hasCrash false hasNet false
2023/01/26 01:32:41 prog length: 3
2023/01/26 01:32:41 deserializeInput: hasCrash false hasNet false
2023/01/26 01:32:41 prog length: 2
2023/01/26 01:32:41 deserializeInput: hasCrash false hasNet false
2023/01/26 01:32:41 prog length: 1
2023/01/26 01:32:41 deserializeInput: hasCrash false hasNet false
2023/01/26 01:32:41 prog length: 2
2023/01/26 01:32:41 deserializeInput: hasCrash false hasNet false
2023/01/26 01:32:41 prog length: 1
2023/01/26 01:32:41 deserializeInput: hasCrash true hasNet false
2023/01/26 01:32:41 prog length: 6
2023/01/26 01:32:41 prog length: 3
2023/01/26 01:32:41 deserializeInput: hasCrash false hasNet false
2023/01/26 01:32:41 prog length: 2
2023/01/26 01:32:41 deserializeInput: hasCrash false hasNet false
2023/01/26 01:32:41 prog length: 2
2023/01/26 01:32:41 deserializeInput: hasCrash false hasNet false
2023/01/26 01:32:41 prog length: 2
2023/01/26 01:32:41 deserializeInput: hasCrash false hasNet false
2023/01/26 01:32:41 prog length: 2
2023/01/26 01:32:41 fetching corpus: 330, signal 9213/30967/40901 (executing program)
2023/01/26 01:32:41 poll: candidates=0 inputs=0 signal=2000
2023/01/26 01:32:41 fetching corpus: 330, signal 9213/30967/41292 (executing program)
2023/01/26 01:32:41 poll: candidates=0 inputs=0 signal=2000
2023/01/26 01:32:41 fetching corpus: 330, signal 9213/30967/41713 (executing program)
2023/01/26 01:32:41 poll: candidates=0 inputs=0 signal=2000
2023/01/26 01:32:41 fetching corpus: 330, signal 9213/30967/42118 (executing program)
2023/01/26 01:32:41 poll: candidates=0 inputs=0 signal=2000
2023/01/26 01:32:41 fetching corpus: 330, signal 9213/30967/42519 (executing program)
2023/01/26 01:32:41 poll: candidates=0 inputs=0 signal=2000
2023/01/26 01:32:41 fetching corpus: 330, signal 9213/30967/42923 (executing program)
2023/01/26 01:32:41 poll: candidates=0 inputs=0 signal=2000
2023/01/26 01:32:41 fetching corpus: 330, signal 9213/30967/43288 (executing program)
2023/01/26 01:32:41 poll: candidates=0 inputs=0 signal=2000
2023/01/26 01:32:41 fetching corpus: 330, signal 9213/30967/43715 (executing program)
2023/01/26 01:32:41 poll: candidates=0 inputs=0 signal=1304
2023/01/26 01:32:41 fetching corpus: 330, signal 9213/30967/43966 (executing program)
2023/01/26 01:32:41 poll: candidates=0 inputs=0 signal=0
2023/01/26 01:32:41 fetching corpus: 330, signal 9213/30967/43966 (executing program)
2023/01/26 01:32:41 sync: 3789, recv: 3787, send: 3788, up: 3790, down: 3784, net_up: 3786, net_down: 3785
2023/01/26 01:32:41 starting 1 fuzzer processes
2023/01/26 01:32:41 ----- generateCall 2780 readlink readlink
2023/01/26 01:32:41 ----- generateCall 121 chmod chmod
2023/01/26 01:32:41 ----- generateCall 121 chmod chmod
2023/01/26 01:32:41 ----- generateCall 2346 listxattr listxattr
2023/01/26 01:32:41 ----- generateCall 3665 setxattr$incfs_size setxattr$incfs_size
2023/01/26 01:32:41 ----- generateCall 2459 open$dir open$dir
2023/01/26 01:32:41 ----- generateCall 3662 setxattr setxattr
2023/01/26 01:32:41 ----- generateCall 3673 setxattr$trusted_overlay_nlink setxattr$trusted_overlay_nlink
2023/01/26 01:32:41 ----- generateCall 121 chmod chmod
2023/01/26 01:32:41 ----- generateCall 3678 setxattr$user setxattr$user
2023/01/26 01:32:41 ----- generateCall 3678 setxattr$user setxattr$user
2023/01/26 01:32:41 ----- generateCall 2373 mkdir mkdir
2023/01/26 01:32:41 ----- generateCall 2458 open open
2023/01/26 01:32:41 poll: candidates=0 inputs=0 signal=0
2023/01/26 01:32:41 ----- generateCall 3673 setxattr$trusted_overlay_nlink setxattr$trusted_overlay_nlink
2023/01/26 01:32:41 ----- generateCall 2458 open open
2023/01/26 01:32:41 ----- generateCall 3678 setxattr$user setxattr$user
2023/01/26 01:32:41 ----- generateCall 2458 open open
2023/01/26 01:32:41 ----- generateCall 2343 link link
2023/01/26 01:32:41 ----- generateCall 3673 setxattr$trusted_overlay_nlink setxattr$trusted_overlay_nlink
2023/01/26 01:32:41 ----- generateCall 3663 setxattr$incfs_id setxattr$incfs_id
2023/01/26 01:32:41 map[./file0:true ./file0/file0:true ./file1:true ./file1/../file0:true ./file2:true]
2023/01/26 01:32:41 #0: generated
2023/01/26 01:32:41 HasCrashFail: false, .HasNetFail: false
2023/01/26 01:32:41 before return in CmpProgs, HasNetFail: false, HasCrashFail: false
symc3 prog: v0[] = "./file0";
v1[] = "128";
v2[] = "./file0";
v3[] = "./file0";
v4[] = "./file0";
v5[] = "125";
v6[] = "./file0";
v7[100];
v8[] = "0x7fff";
v9[] = "./file0";
v10[] = "./file0";
v11[] = "@random={trusted., }";
v12[] = "user.incfs.size";
v13[] = "./file0/file0";
v14[100];
v15[] = "{L+, 0x1}";
v16[] = "./file0/file0";
v17[] = "./file0/file0";
v18[100];
v19[] = "trusted.overlay.nlink";
v20[] = "./file1";
v21[100];
v22[] = "";
v23[] = "./file0/file0";
v24[] = "./file1";
v25[] = "./file0";
v26[100];
v27[] = "{L+, 0x3}";
v28[] = "./file1/../file0";
v29[] = "./file2";
v30[100];
v31[] = "user.incfs.size";
v32[] = "./file0";
v33[] = "./file0";
v34[] = "./file1/../file0";
v35[] = "./file0/file0";
v36[100];
v37[] = "{U+}";
v38[] = "./file2";
v39[100];
v40[] = "{0000000000000000000000000000000, 0x30}";

syscall(SYS_readlink, v0, v1, 128);
syscall(SYS_chmod, v2, 146);
syscall(SYS_chmod, v3, 244);
syscall(SYS_listxattr, v4, v5, 125);
syscall(SYS_setxattr, v6, v7, v8, 8, 1);
syscall(SYS_open, v9, 2427904, 288);
syscall(SYS_setxattr, v10, v11, v12, 16, 3);
syscall(SYS_setxattr, v13, v14, v15, 22, 1);
syscall(SYS_chmod, v16, 320);
syscall(SYS_setxattr, v17, v18, v19, 22, 1);
syscall(SYS_setxattr, v20, v21, v22, 1, 2);
syscall(SYS_mkdir, v23, 48);
syscall(SYS_open, v24, 2097153, 77);
syscall(SYS_setxattr, v25, v26, v27, 22, 1);
syscall(SYS_open, v28, 65537, 2);
syscall(SYS_setxattr, v29, v30, v31, 16, 0);
syscall(SYS_open, v32, 1536, 0);
syscall(SYS_link, v33, v34);
syscall(SYS_setxattr, v35, v36, v37, 22, 6);
syscall(SYS_setxattr, v38, v39, v40, 32, 0);

2023/01/26 01:32:41 prog length: 20
2023/01/26 01:32:41 HasCrashFail:false HasNetFail:false
01:32:41 ---executing program 0:
---
---
---
readlink(&(0x7f0000000000)='./file0\x00', &(0x7f0000000040)=""/128, 0x80)
chmod(&(0x7f00000000c0)='./file0\x00', 0x92)
chmod(&(0x7f0000000100)='./file0\x00', 0xf4)
listxattr(&(0x7f0000000140)='./file0\x00', &(0x7f0000000180)=""/125, 0x7d)
setxattr$incfs_size(&(0x7f0000000200)='./file0\x00', &(0x7f0000000240), &(0x7f0000000280)=0x7fff, 0x8, 0x1)
open$dir(&(0x7f00000002c0)='./file0\x00', 0x250c00, 0x120)
setxattr(&(0x7f0000000300)='./file0\x00', &(0x7f0000000340)=@random={'trusted.', '\x00'}, &(0x7f0000000380)='user.incfs.size\x00', 0x10, 0x3)
setxattr$trusted_overlay_nlink(&(0x7f00000003c0)='./file0/file0\x00', &(0x7f0000000400), &(0x7f0000000440)={'L+', 0x1}, 0x16, 0x1)
chmod(&(0x7f0000000480)='./file0/file0\x00', 0x140)
setxattr$user(&(0x7f00000004c0)='./file0/file0\x00', &(0x7f0000000500), &(0x7f0000000540)='trusted.overlay.nlink\x00', 0x16, 0x1)
setxattr$user(&(0x7f0000000580)='./file1\x00', &(0x7f00000005c0), &(0x7f0000000600)='\x00', 0x1, 0x2)
mkdir(&(0x7f0000000640)='./file0/file0\x00', 0x30)
open(&(0x7f0000000680)='./file1\x00', 0x200001, 0x4d)
setxattr$trusted_overlay_nlink(&(0x7f00000006c0)='./file0\x00', &(0x7f0000000700), &(0x7f0000000740)={'L+', 0x3}, 0x16, 0x1)
open(&(0x7f0000000780)='./file1/../file0\x00', 0x10001, 0x2)
setxattr$user(&(0x7f00000007c0)='./file2\x00', &(0x7f0000000800), &(0x7f0000000840)='user.incfs.size\x00', 0x10, 0x0)
open(&(0x7f0000000880)='./file0\x00', 0x600, 0x0)
link(&(0x7f00000008c0)='./file0\x00', &(0x7f0000000900)='./file1/../file0\x00')
setxattr$trusted_overlay_nlink(&(0x7f0000000940)='./file0/file0\x00', &(0x7f0000000980), &(0x7f00000009c0)={'U+'}, 0x16, 0x6)
setxattr$incfs_id(&(0x7f0000000a00)='./file2\x00', &(0x7f0000000a40), &(0x7f0000000a80)={'0000000000000000000000000000000', 0x30}, 0x20, 0x0)
---

end of program
2023/01/26 01:32:41 -----run executor: [/usr/bin/ssh -F /dev/null -o ConnectionAttempts=100 -o ConnectTimeout=120 -o UserKnownHostsFile=/dev/null -o BatchMode=yes -o IdentitiesOnly=yes -o StrictHostKeyChecking=no -o ConnectTimeout=100 -i /home/tlyu/dfs-fuzzing/disk-images/glusterfs-images/focal.id_rsa -v root@192.168.0.50 /root/syz-executor exec 0 0 glusterfs 3 4 192.168.0.50 0 "3 1 ''" false false false false false]
2023/01/26 01:32:41 -----run executor: [/usr/bin/ssh -F /dev/null -o ConnectionAttempts=100 -o ConnectTimeout=120 -o UserKnownHostsFile=/dev/null -o BatchMode=yes -o IdentitiesOnly=yes -o StrictHostKeyChecking=no -o ConnectTimeout=100 -i /home/tlyu/dfs-fuzzing/disk-images/glusterfs-images/focal.id_rsa -v root@192.168.0.51 /root/syz-executor exec 0 1 glusterfs 3 4 192.168.0.50 0 "3 1 ''" false false false false false]
2023/01/26 01:32:41 -----run executor: [/usr/bin/ssh -F /dev/null -o ConnectionAttempts=100 -o ConnectTimeout=120 -o UserKnownHostsFile=/dev/null -o BatchMode=yes -o IdentitiesOnly=yes -o StrictHostKeyChecking=no -o ConnectTimeout=100 -i /home/tlyu/dfs-fuzzing/disk-images/glusterfs-images/focal.id_rsa -v root@192.168.0.52 /root/syz-executor exec 0 2 glusterfs 3 4 192.168.0.50 0 "3 1 ''" false false false false false]
2023/01/26 01:32:41 -----run executor: [/usr/bin/ssh -F /dev/null -o ConnectionAttempts=100 -o ConnectTimeout=120 -o UserKnownHostsFile=/dev/null -o BatchMode=yes -o IdentitiesOnly=yes -o StrictHostKeyChecking=no -o ConnectTimeout=100 -i /home/tlyu/dfs-fuzzing/disk-images/glusterfs-images/focal.id_rsa -v root@192.168.0.53 /root/syz-executor exec 1 3 glusterfs 3 4 192.168.0.50 0 "3 1 ''" false false false false false]
OpenSSH_8.2p1 Ubuntu-4ubuntu0.5, OpenSSL 1.1.1f  31 Mar 2020
debug1: Reading configuration data /dev/null
debug1: Connecting to 192.168.0.51 [192.168.0.51] port 22.
OpenSSH_8.2p1 Ubuntu-4ubuntu0.5, OpenSSL 1.1.1f  31 Mar 2020
debug1: Reading configuration data /dev/null
OpenSSH_8.2p1 Ubuntu-4ubuntu0.5, OpenSSL 1.1.1f  31 Mar 2020
debug1: Reading configuration data /dev/null
OpenSSH_8.2p1 Ubuntu-4ubuntu0.5, OpenSSL 1.1.1f  31 Mar 2020
debug1: Reading configuration data /dev/null
debug1: fd 3 clearing O_NONBLOCK
debug1: Connection established.
debug1: identity file /home/tlyu/dfs-fuzzing/disk-images/glusterfs-images/focal.id_rsa type -1
debug1: Connecting to 192.168.0.52 [192.168.0.52] port 22.
debug1: identity file /home/tlyu/dfs-fuzzing/disk-images/glusterfs-images/focal.id_rsa-cert type -1
debug1: Local version string SSH-2.0-OpenSSH_8.2p1 Ubuntu-4ubuntu0.5
debug1: Connecting to 192.168.0.50 [192.168.0.50] port 22.
debug1: Connecting to 192.168.0.53 [192.168.0.53] port 22.
debug1: fd 3 clearing O_NONBLOCK
debug1: Connection established.
debug1: fd 3 clearing O_NONBLOCK
debug1: identity file /home/tlyu/dfs-fuzzing/disk-images/glusterfs-images/focal.id_rsa type -1
debug1: Connection established.
debug1: identity file /home/tlyu/dfs-fuzzing/disk-images/glusterfs-images/focal.id_rsa-cert type -1
debug1: Local version string SSH-2.0-OpenSSH_8.2p1 Ubuntu-4ubuntu0.5
debug1: identity file /home/tlyu/dfs-fuzzing/disk-images/glusterfs-images/focal.id_rsa type -1
debug1: identity file /home/tlyu/dfs-fuzzing/disk-images/glusterfs-images/focal.id_rsa-cert type -1
debug1: Local version string SSH-2.0-OpenSSH_8.2p1 Ubuntu-4ubuntu0.5
debug1: fd 3 clearing O_NONBLOCK
debug1: Connection established.
debug1: identity file /home/tlyu/dfs-fuzzing/disk-images/glusterfs-images/focal.id_rsa type -1
debug1: identity file /home/tlyu/dfs-fuzzing/disk-images/glusterfs-images/focal.id_rsa-cert type -1
debug1: Local version string SSH-2.0-OpenSSH_8.2p1 Ubuntu-4ubuntu0.5
debug1: Remote protocol version 2.0, remote software version OpenSSH_8.2p1 Ubuntu-4
debug1: match: OpenSSH_8.2p1 Ubuntu-4 pat OpenSSH* compat 0x04000000
debug1: Authenticating to 192.168.0.52:22 as 'root'
debug1: SSH2_MSG_KEXINIT sent
debug1: Remote protocol version 2.0, remote software version OpenSSH_8.2p1 Ubuntu-4
debug1: match: OpenSSH_8.2p1 Ubuntu-4 pat OpenSSH* compat 0x04000000
debug1: Authenticating to 192.168.0.51:22 as 'root'
debug1: SSH2_MSG_KEXINIT sent
debug1: SSH2_MSG_KEXINIT received
debug1: kex: algorithm: curve25519-sha256
debug1: kex: host key algorithm: ecdsa-sha2-nistp256
debug1: kex: server->client cipher: chacha20-poly1305@openssh.com MAC: <implicit> compression: none
debug1: kex: client->server cipher: chacha20-poly1305@openssh.com MAC: <implicit> compression: none
debug1: Remote protocol version 2.0, remote software version OpenSSH_8.2p1 Ubuntu-4
debug1: match: OpenSSH_8.2p1 Ubuntu-4 pat OpenSSH* compat 0x04000000
debug1: Authenticating to 192.168.0.50:22 as 'root'
debug1: SSH2_MSG_KEXINIT sent
debug1: Remote protocol version 2.0, remote software version OpenSSH_8.2p1 Ubuntu-4
debug1: match: OpenSSH_8.2p1 Ubuntu-4 pat OpenSSH* compat 0x04000000
debug1: Authenticating to 192.168.0.53:22 as 'root'
debug1: SSH2_MSG_KEXINIT sent
debug1: expecting SSH2_MSG_KEX_ECDH_REPLY
debug1: SSH2_MSG_KEXINIT received
debug1: kex: algorithm: curve25519-sha256
debug1: kex: host key algorithm: ecdsa-sha2-nistp256
debug1: kex: server->client cipher: chacha20-poly1305@openssh.com MAC: <implicit> compression: none
debug1: kex: client->server cipher: chacha20-poly1305@openssh.com MAC: <implicit> compression: none
debug1: expecting SSH2_MSG_KEX_ECDH_REPLY
debug1: SSH2_MSG_KEXINIT received
debug1: kex: algorithm: curve25519-sha256
debug1: kex: host key algorithm: ecdsa-sha2-nistp256
debug1: kex: server->client cipher: chacha20-poly1305@openssh.com MAC: <implicit> compression: none
debug1: kex: client->server cipher: chacha20-poly1305@openssh.com MAC: <implicit> compression: none
debug1: SSH2_MSG_KEXINIT received
debug1: kex: algorithm: curve25519-sha256
debug1: kex: host key algorithm: ecdsa-sha2-nistp256
debug1: kex: server->client cipher: chacha20-poly1305@openssh.com MAC: <implicit> compression: none
debug1: kex: client->server cipher: chacha20-poly1305@openssh.com MAC: <implicit> compression: none
debug1: Server host key: ecdsa-sha2-nistp256 SHA256:prHFi1G5XXPuzxIh2a5lJaY6ZWltf3+ajD/hEOIDid8
Warning: Permanently added '192.168.0.52' (ECDSA) to the list of known hosts.
debug1: expecting SSH2_MSG_KEX_ECDH_REPLY
debug1: expecting SSH2_MSG_KEX_ECDH_REPLY
debug1: rekey out after 134217728 blocks
debug1: SSH2_MSG_NEWKEYS sent
debug1: expecting SSH2_MSG_NEWKEYS
debug1: SSH2_MSG_NEWKEYS received
debug1: rekey in after 134217728 blocks
debug1: Will attempt key: /home/tlyu/dfs-fuzzing/disk-images/glusterfs-images/focal.id_rsa  explicit
debug1: SSH2_MSG_EXT_INFO received
debug1: kex_input_ext_info: server-sig-algs=<ssh-ed25519,sk-ssh-ed25519@openssh.com,ssh-rsa,rsa-sha2-256,rsa-sha2-512,ssh-dss,ecdsa-sha2-nistp256,ecdsa-sha2-nistp384,ecdsa-sha2-nistp521,sk-ecdsa-sha2-nistp256@openssh.com>
debug1: SSH2_MSG_SERVICE_ACCEPT received
debug1: Server host key: ecdsa-sha2-nistp256 SHA256:prHFi1G5XXPuzxIh2a5lJaY6ZWltf3+ajD/hEOIDid8
Warning: Permanently added '192.168.0.51' (ECDSA) to the list of known hosts.
debug1: rekey out after 134217728 blocks
debug1: SSH2_MSG_NEWKEYS sent
debug1: expecting SSH2_MSG_NEWKEYS
debug1: SSH2_MSG_NEWKEYS received
debug1: rekey in after 134217728 blocks
debug1: Will attempt key: /home/tlyu/dfs-fuzzing/disk-images/glusterfs-images/focal.id_rsa  explicit
debug1: SSH2_MSG_EXT_INFO received
debug1: kex_input_ext_info: server-sig-algs=<ssh-ed25519,sk-ssh-ed25519@openssh.com,ssh-rsa,rsa-sha2-256,rsa-sha2-512,ssh-dss,ecdsa-sha2-nistp256,ecdsa-sha2-nistp384,ecdsa-sha2-nistp521,sk-ecdsa-sha2-nistp256@openssh.com>
debug1: SSH2_MSG_SERVICE_ACCEPT received
debug1: Server host key: ecdsa-sha2-nistp256 SHA256:prHFi1G5XXPuzxIh2a5lJaY6ZWltf3+ajD/hEOIDid8
debug1: Server host key: ecdsa-sha2-nistp256 SHA256:prHFi1G5XXPuzxIh2a5lJaY6ZWltf3+ajD/hEOIDid8
Warning: Permanently added '192.168.0.53' (ECDSA) to the list of known hosts.
Warning: Permanently added '192.168.0.50' (ECDSA) to the list of known hosts.
debug1: rekey out after 134217728 blocks
debug1: rekey out after 134217728 blocks
debug1: SSH2_MSG_NEWKEYS sent
debug1: SSH2_MSG_NEWKEYS sent
debug1: expecting SSH2_MSG_NEWKEYS
debug1: expecting SSH2_MSG_NEWKEYS
debug1: SSH2_MSG_NEWKEYS received
debug1: SSH2_MSG_NEWKEYS received
debug1: rekey in after 134217728 blocks
debug1: rekey in after 134217728 blocks
debug1: Will attempt key: /home/tlyu/dfs-fuzzing/disk-images/glusterfs-images/focal.id_rsa  explicit
debug1: Will attempt key: /home/tlyu/dfs-fuzzing/disk-images/glusterfs-images/focal.id_rsa  explicit
debug1: SSH2_MSG_EXT_INFO received
debug1: SSH2_MSG_EXT_INFO received
debug1: kex_input_ext_info: server-sig-algs=<ssh-ed25519,sk-ssh-ed25519@openssh.com,ssh-rsa,rsa-sha2-256,rsa-sha2-512,ssh-dss,ecdsa-sha2-nistp256,ecdsa-sha2-nistp384,ecdsa-sha2-nistp521,sk-ecdsa-sha2-nistp256@openssh.com>
debug1: kex_input_ext_info: server-sig-algs=<ssh-ed25519,sk-ssh-ed25519@openssh.com,ssh-rsa,rsa-sha2-256,rsa-sha2-512,ssh-dss,ecdsa-sha2-nistp256,ecdsa-sha2-nistp384,ecdsa-sha2-nistp521,sk-ecdsa-sha2-nistp256@openssh.com>
debug1: SSH2_MSG_SERVICE_ACCEPT received
debug1: SSH2_MSG_SERVICE_ACCEPT received
debug1: Authentications that can continue: publickey,password
debug1: Next authentication method: publickey
debug1: Trying private key: /home/tlyu/dfs-fuzzing/disk-images/glusterfs-images/focal.id_rsa
debug1: Authentications that can continue: publickey,password
debug1: Next authentication method: publickey
debug1: Trying private key: /home/tlyu/dfs-fuzzing/disk-images/glusterfs-images/focal.id_rsa
debug1: Authentications that can continue: publickey,password
debug1: Next authentication method: publickey
debug1: Trying private key: /home/tlyu/dfs-fuzzing/disk-images/glusterfs-images/focal.id_rsa
debug1: Authentications that can continue: publickey,password
debug1: Next authentication method: publickey
debug1: Trying private key: /home/tlyu/dfs-fuzzing/disk-images/glusterfs-images/focal.id_rsa
debug1: Authentication succeeded (publickey).
Authenticated to 192.168.0.52 ([192.168.0.52]:22).
debug1: channel 0: new [client-session]
debug1: Requesting no-more-sessions@openssh.com
debug1: Entering interactive session.
debug1: pledge: network
debug1: Authentication succeeded (publickey).
Authenticated to 192.168.0.51 ([192.168.0.51]:22).
debug1: channel 0: new [client-session]
debug1: Requesting no-more-sessions@openssh.com
debug1: Entering interactive session.
debug1: pledge: network
debug1: Authentication succeeded (publickey).
Authenticated to 192.168.0.50 ([192.168.0.50]:22).
debug1: channel 0: new [client-session]
debug1: Requesting no-more-sessions@openssh.com
debug1: Entering interactive session.
debug1: pledge: network
debug1: Authentication succeeded (publickey).
Authenticated to 192.168.0.53 ([192.168.0.53]:22).
debug1: channel 0: new [client-session]
debug1: Requesting no-more-sessions@openssh.com
debug1: Entering interactive session.
debug1: pledge: network
debug1: client_input_global_request: rtype hostkeys-00@openssh.com want_reply 0
debug1: Remote: /root/.ssh/authorized_keys:1: key options: agent-forwarding port-forwarding pty user-rc x11-forwarding
debug1: client_input_global_request: rtype hostkeys-00@openssh.com want_reply 0
debug1: Remote: /root/.ssh/authorized_keys:1: key options: agent-forwarding port-forwarding pty user-rc x11-forwarding
debug1: client_input_global_request: rtype hostkeys-00@openssh.com want_reply 0
debug1: Remote: /root/.ssh/authorized_keys:1: key options: agent-forwarding port-forwarding pty user-rc x11-forwarding
debug1: client_input_global_request: rtype hostkeys-00@openssh.com want_reply 0
debug1: Remote: /root/.ssh/authorized_keys:1: key options: agent-forwarding port-forwarding pty user-rc x11-forwarding
debug1: Sending command: /root/syz-executor exec 0 2 glusterfs 3 4 192.168.0.50 0 "3 1 ''" false false false false false
debug1: Sending command: /root/syz-executor exec 0 1 glusterfs 3 4 192.168.0.50 0 "3 1 ''" false false false false false
debug1: Sending command: /root/syz-executor exec 1 3 glusterfs 3 4 192.168.0.50 0 "3 1 ''" false false false false false
syz_reboot() time executor starts at 1674693161:926030
----- is restarting 0
---- dfs_name glusterfs is_dfs_client 0
debug1: Sending command: /root/syz-executor exec 0 0 glusterfs 3 4 192.168.0.50 0 "3 1 ''" false false false false false
syz_reboot() time executor starts at 1674693161:939432
----- is restarting 0
---- dfs_name glusterfs is_dfs_client 0
unlink FIFO failed: No such file or directory
[    0.000000] kernel: Linux version 5.15.0+ (tlyu@IC-RS3-DPC07) (gcc (Ubuntu 9.4.0-1ubuntu1~20.04.1) 9.4.0, GNU ld (GNU Binutils for Ubuntu) 2.34) #8 SMP Fri Jun 3 16:18:40 CEST 2022
[    0.000000] kernel: Command line: root=/dev/sda console=ttyS0 net.ifnames=0 ip=192.168.0.52
[    0.000000] kernel: x86/fpu: Supporting XSAVE feature 0x001: 'x87 floating point registers'
[    0.000000] kernel: x86/fpu: Supporting XSAVE feature 0x002: 'SSE registers'
[    0.000000] kernel: x86/fpu: Supporting XSAVE feature 0x004: 'AVX registers'
[    0.000000] kernel: x86/fpu: Supporting XSAVE feature 0x008: 'MPX bounds registers'
[    0.000000] kernel: x86/fpu: Supporting XSAVE feature 0x010: 'MPX CSR'
[    0.000000] kernel: x86/fpu: Supporting XSAVE feature 0x020: 'AVX-512 opmask'
[    0.000000] kernel: x86/fpu: Supporting XSAVE feature 0x040: 'AVX-512 Hi256'
[    0.000000] kernel: x86/fpu: Supporting XSAVE feature 0x080: 'AVX-512 ZMM_Hi256'
[    0.000000] kernel: x86/fpu: Supporting XSAVE feature 0x200: 'Protection Keys User registers'
[    0.000000] kernel: x86/fpu: xstate_offset[2]:  576, xstate_sizes[2]:  256
[    0.000000] kernel: x86/fpu: xstate_offset[3]:  832, xstate_sizes[3]:   64
[    0.000000] kernel: x86/fpu: xstate_offset[4]:  896, xstate_sizes[4]:   64
[    0.000000] kernel: x86/fpu: xstate_offset[5]:  960, xstate_sizes[5]:   64
[    0.000000] kernel: x86/fpu: xstate_offset[6]: 1024, xstate_sizes[6]:  512
[    0.000000] kernel: x86/fpu: xstate_offset[7]: 1536, xstate_sizes[7]: 1024
[    0.000000] kernel: x86/fpu: xstate_offset[9]: 2560, xstate_sizes[9]:    8
[    0.000000] kernel: x86/fpu: Enabled xstate features 0x2ff, context size is 2568 bytes, using 'compacted' format.
[    0.000000] kernel: signal: max sigframe size: 3632
[    0.000000] kernel: BIOS-provided physical RAM map:
[    0.000000] kernel: BIOS-e820: [mem 0x0000000000000000-0x000000000009fbff] usable
[    0.000000] kernel: BIOS-e820: [mem 0x000000000009fc00-0x000000000009ffff] reserved
[    0.000000] ksyz_reboot() time executor starts at 1674693161:921830
----- is restarting 0
---- dfs_name glusterfs is_dfs_client 1
ernel: BIOS-e820: [mem 0x00000000000f0000-0x00000000000fffff] reserved
[    0.000000] kernel: BIOS-e820: [mem 0x0000000000100000-0x00000000bffdcfff] usable
[    0.000000] kernel: BIOS-e820: [mem 0x00000000bffdd000-0x00000000bfffffff] reserved
[    0.000000] kernel: BIOS-e820: [mem 0x00000000feffc000-0x00000000feffffff] reserved
[    0.000000] kernel: BIOS-e820: [mem 0x00000000fffc0000-0x00000000ffffffff] reserved
[    0.000000] kernel: BIOS-e820: [mem 0x0000000100000000-0x00000002bfffffff] usable
[    0.000000] kernel: NX (Execute Disable) protection: active
[    0.000000] kernel: SMBIOS 2.8 present.
[    0.000000] kernel: DMI: QEMU Standard PC (i440FX + PIIX, 1996), BIOS 1.13.0-1ubuntu1.1 04/01/2014
[    0.000000] kernel: Hypervisor detected: KVM
[    0.000000] kernel: kvm-clock: Using msrs 4b564d01 and 4b564d00
[    0.000000] kernel: kvm-clock: cpu 0, msr 19b958001, primary cpu clock
[    0.000004] kernel: kvm-clock: using sched offset of 482548938 cycles
[    0.000019] kernel: clocunlink FIFO failed: No such file or directory
ksource: kvm-clock: mask: 0xffffffffffffffff max_cycles: 0x1cd42e4dffb, max_idle_ns: 881590591483 ns
[    0.000044] kernel: tsc: Detected 2496.000 MHz processor
[    0.008294] kernel: e820: update [mem 0x00000000-0x00000fff] usable ==> reserved
[    0.008344] kernel: e820: remove [mem 0x000a0000-0x000fffff] usable
[    0.008374] kernel: last_pfn = 0x2c0000 max_arch_pfn = 0x400000000
[    0.008468] kernel: x86/PAT: Configuration [0-7]: WB  WC  UC- UC  WB  WP  UC- WT  
[    0.008489] kernel: last_pfn = 0xbffdd max_arch_pfn = 0x400000000
[    0.018394] kernel: found SMP MP-table at [mem 0x000f5c70-0x000f5c7f]
[    0.018485] kernel: Using GB pages for direct mapping
[    0.019502] kernel: ACPI: Early table checksum verification disabled
[    0.019523] kernel: ACPI: RSDP 0x00000000000F5A40 000014 (v00 BOCHS )
[    0.019566] kernel: ACPI: RSDT 0x00000000BFFE15C9 000030 (v01 BOCHS  BXPCRSDT 00000001 BXPC 00000001)
[    0.019607] kernel: ACPI: FACP 0x00000000BFFE149D 000074 (v01 BOCHS  BXPCFA[    0.000000] kernel: Linux version 5.15.0+ (tlyu@IC-RS3-DPC07) (gcc (Ubuntu 9.4.0-1ubuntu1~20.04.1) 9.4.0, GNU ld (GNU Binutils for Ubuntu) 2.34) #8 SMP Fri Jun 3 16:18:40 CEST 2022
[    0.000000] kernel: Command line: root=/dev/sda console=ttyS0 net.ifnames=0 ip=192.168.0.51
[    0.000000] kernel: x86/fpu: Supporting XSAVE feature 0x001: 'x87 floating point registers'
[    0.000000] kernel: x86/fpu: Supporting XSAVE feature 0x002: 'SSE registers'
[    0.000000] kernel: x86/fpu: Supporting XSAVE feature 0x004: 'AVX registers'
[    0.000000] kernel: x86/fpu: Supporting XSAVE feature 0x008: 'MPX bounds registers'
[    0.000000] kernel: x86/fpu: Supporting XSAVE feature 0x010: 'MPX CSR'
[    0.000000] kernel: x86/fpu: Supporting XSAVE feature 0x020: 'AVX-512 opmask'
[    0.000000] kernel: x86/fpu: Supporting XSAVE feature 0x040: 'AVX-512 Hi256'
[    0.000000] kernel: x86/fpu: Supporting XSAVE feature 0x080: 'AVX-512 ZMM_Hi256'
[    0.000000] kernel: x86/fpu: Supporting XSAVE feature 0xCP 00000001 BXPC 00000001)
[    0.019652] kernel: ACPI: DSDT 0x00000000BFFE0040 00145D (v01 BOCHS  BXPCDSDT 00000001 BXPC 00000001)
[    0.019688] kernel: ACPI: FACS 0x00000000BFFE0000 000040
[    0.019716] kernel: ACPI: APIC 0x00000000BFFE1511 000080 (v01 BOCHS  BXPCAPIC 00000001 BXPC 00000001)
[    0.019751] kernel: ACPI: HPET 0x00000000BFFE1591 000038 (v01 BOCHS  BXPCHPET 00000001 BXPC 00000001)
[    0.019785] kernel: ACPI: Reserving FACP table memory at [mem 0xbffe149d-0xbffe1510]
[    0.019804] kernel: ACPI: Reserving DSDT table memory at [mem 0xbffe0040-0xbffe149c]
[    0.019820] kernel: ACPI: Reserving FACS table memory at [mem 0xbffe0000-0xbffe003f]
[    0.019835] kernel: ACPI: Reserving APIC table memory at [mem 0xbffe1511-0xbffe1590]
[    0.019851] kernel: ACPI: Reserving HPET table memory at [mem 0xbffe1591-0xbffe15c8]
[    0.021330] kernel: No NUMA configuration found
[    0.021348] kernel: Faking a node at [mem 0x0000000000000000-0x00000002bfffffff]
[    0.021376] kernel:200: 'Protection Keys User registers'
[    0.000000] kernel: x86/fpu: xstate_offset[2]:  576, xstate_sizes[2]:  256
[    0.000000] kernel: x86/fpu: xstate_offset[3]:  832, xstate_sizes[3]:   64
[    0.000000] kernel: x86/fpu: xstate_offset[4]:  896, xstate_sizes[4]:   64
[    0.000000] kernel: x86/fpu: xstate_offset[5]:  960, xstate_sizes[5]:   64
[    0.000000] kernel: x86/fpu: xstate_offset[6]: 1024, xstate_sizes[6]:  512
[    0.000000] kernel: x86/fpu: xstate_offset[7]: 1536, xstate_sizes[7]: 1024
[    0.000000] kernel: x86/fpu: xstate_offset[9]: 2560, xstate_sizes[9]:    8
[    0.000000] kernel: x86/fpu: Enabled xstate features 0x2ff, context size is 2568 bytes, using 'compacted' format.
[    0.000000] kernel: signal: max sigframe size: 3632
[    0.000000] kernel: BIOS-provided physical RAM map:
[    0.000000] kernel: BIOS-e820: [mem 0x0000000000000000-0x000000000009fbff] usable
[    0.000000] kernel: BIOS-e820: [mem 0x000000000009fc00-0x000000000009ffff] reserved
[    0.000000] kbefore receiving handshake request
[    0.000000] kernel: Linux version 5.15.0+ (tlyu@IC-RS3-DPC07) (gcc (Ubuntu 9.4.0-1ubuntu1~20.04.1) 9.4.0, GNU ld (GNU Binutils for Ubuntu) 2.34) #8 SMP Fri Jun 3 16:18:40 CEST 2022
[    0.000000] kernel: Command line: root=/dev/sda console=ttyS0 net.ifnames=0 ip=192.168.0.53
[    0.000000] kernel: x86/fpu: Supporting XSAVE feature 0x001: 'x87 floating point registers'
[    0.000000] kernel: x86/fpu: Supporting XSAVE feature 0x002: 'SSE registers'
[    0.000000] kernel: x86/fpu: Supporting XSAVE feature 0x004: 'AVX registers'
[    0.000000] kernel: x86/fpu: Supporting XSAVE feature 0x008: 'MPX bounds registers'
[    0.000000] kernel: x86/fpu: Supporting XSAVE feature 0x010: 'MPX CSR'
[    0.000000] kernel: x86/fpu: Supporting XSAVE feature 0x020: 'AVX-512 opmask'
[    0.000000] kernel: x86/fpu: Supporting XSAVE feature 0x040: 'AVX-512 Hi256'
[    0.000000] kernel: x86/fpu: Supporting XSAVE feature 0x080: 'AVX-512 ZMM_Hi256'
[    0.000000] kernel: x86/fpu: Supporting XSAVE feature 0x NODE_DATA(0) allocated [mem 0x2bfffc000-0x2bfffffff]
[    0.021795] kernel: Zone ranges:
[    0.021806] kernel:   DMA      [mem 0x0000000000001000-0x0000000000ffffff]
[    0.021827] kernel:   DMA32    [mem 0x0000000001000000-0x00000000ffffffff]
[    0.021844] kernel:   Normal   [mem 0x0000000100000000-0x00000002bfffffff]
[    0.021862] kernel: Movable zone start for each node
[    0.021870] kernel: Early memory node ranges
[    0.021878] kernel:   node   0: [mem 0x0000000000001000-0x000000000009efff]
[    0.021894] kernel:   node   0: [mem 0x0000000000100000-0x00000000bffdcfff]
[    0.021911] kernel:   node   0: [mem 0x0000000100000000-0x00000002bfffffff]
[    0.021931] kernel: Initmem setup node 0 [mem 0x0000000000001000-0x00000002bfffffff]
[    0.022311] kernel: On node 0, zone DMA: 1 pages in unavailable ranges
[    0.022446] kernel: On node 0, zone DMA: 97 pages in unavailable ranges
[    0.126196] kernel: On node 0, zone Normal: 35 pages in unavailable ranges
[    0.506129] kernernel: BIOS-e820: [mem 0x00000000000f0000-0x00000000000fffff] reserved
[    0.000000] kernel: BIOS-e820: [mem 0x0000000000100000-0x00000000bffdcfff] usable
[    0.000000] kernel: BIOS-e820: [mem 0x00000000bffdd000-0x00000000bfffffff] reserved
[    0.000000] kernel: BIOS-e820: [mem 0x00000000feffc000-0x00000000feffffff] reserved
[    0.000000] kernel: BIOS-e820: [mem 0x00000000fffc0000-0x00000000ffffffff] reserved
[    0.000000] kernel: BIOS-e820: [mem 0x0000000100000000-0x00000002bfffffff] usable
[    0.000000] kernel: NX (Execute Disable) protection: active
[    0.000000] kernel: SMBIOS 2.8 present.
[    0.000000] kernel: DMI: QEMU Standard PC (i440FX + PIIX, 1996), BIOS 1.13.0-1ubuntu1.1 04/01/2014
[    0.000000] kernel: Hypervisor detected: KVM
[    0.000000] kernel: kvm-clock: Using msrs 4b564d01 and 4b564d00
[    0.000000] kernel: kvm-clock: cpu 0, msr 16df58001, primary cpu clock
[    0.000004] kernel: kvm-clock: using sched offset of 496622509 cycles
[    0.000020] kernel: cloc200: 'Protection Keys User registers'
[    0.000000] kernel: x86/fpu: xstate_offset[2]:  576, xstate_sizes[2]:  256
[    0.000000] kernel: x86/fpu: xstate_offset[3]:  832, xstate_sizes[3]:   64
[    0.000000] kernel: x86/fpu: xstate_offset[4]:  896, xstate_sizes[4]:   64
[    0.000000] kernel: x86/fpu: xstate_offset[5]:  960, xstate_sizes[5]:   64
[    0.000000] kernel: x86/fpu: xstate_offset[6]: 1024, xstate_sizes[6]:  512
[    0.000000] kernel: x86/fpu: xstate_offset[7]: 1536, xstate_sizes[7]: 1024
[    0.000000] kernel: x86/fpu: xstate_offset[9]: 2560, xstate_sizes[9]:    8
[    0.000000] kernel: x86/fpu: Enabled xstate features 0x2ff, context size is 2568 bytes, using 'compacted' format.
[    0.000000] kernel: signal: max sigframe size: 3632
[    0.000000] kernel: BIOS-provided physical RAM map:
[    0.000000] kernel: BIOS-e820: [mem 0x0000000000000000-0x000000000009fbff] usable
[    0.000000] kernel: BIOS-e820: [mem 0x000000000009fc00-0x000000000009ffff] reserved
[    0.000000] kel: kasan: KernelAddressSanitizer initialized
[    0.506523] kernel: ACPI: PM-Timer IO Port: 0x608
[    0.506550] kernel: ACPI: LAPIC_NMI (acpi_id[0xff] dfl dfl lint[0x1])
[    0.506604] kernel: IOAPIC[0]: apic_id 0, version 17, address 0xfec00000, GSI 0-23
[    0.506622] kernel: ACPI: INT_SRC_OVR (bus 0 bus_irq 0 global_irq 2 dfl dfl)
[    0.506634] kernel: ACPI: INT_SRC_OVR (bus 0 bus_irq 5 global_irq 5 high level)
[    0.506646] kernel: ACPI: INT_SRC_OVR (bus 0 bus_irq 9 global_irq 9 high level)
[    0.506657] kernel: ACPI: INT_SRC_OVR (bus 0 bus_irq 10 global_irq 10 high level)
[    0.506668] kernel: ACPI: INT_SRC_OVR (bus 0 bus_irq 11 global_irq 11 high level)
[    0.506689] kernel: ACPI: Using ACPI (MADT) for SMP configuration information
[    0.506696] kernel: ACPI: HPET id: 0x8086a201 base: 0xfed00000
[    0.506711] kernel: TSC deadline timer available
[    0.506717] kernel: smpboot: Allowing 2 CPUs, 0 hotplug CPUs
[    0.506758] kernel: kvm-guest: KVM setup pv remote TLB flusksource: kvm-clock: mask: 0xffffffffffffffff max_cycles: 0x1cd42e4dffb, max_idle_ns: 881590591483 ns
[    0.000043] kernel: tsc: Detected 2496.000 MHz processor
[    0.008149] kernel: e820: update [mem 0x00000000-0x00000fff] usable ==> reserved
[    0.008190] kernel: e820: remove [mem 0x000a0000-0x000fffff] usable
[    0.008217] kernel: last_pfn = 0x2c0000 max_arch_pfn = 0x400000000
[    0.008301] kernel: x86/PAT: Configuration [0-7]: WB  WC  UC- UC  WB  WP  UC- WT  
[    0.008321] kernel: last_pfn = 0xbffdd max_arch_pfn = 0x400000000
[    0.018910] kernel: found SMP MP-table at [mem 0x000f5c70-0x000f5c7f]
[    0.019016] kernel: Using GB pages for direct mapping
[    0.019999] kernel: ACPI: Early table checksum verification disabled
[    0.020018] kernel: ACPI: RSDP 0x00000000000F5A40 000014 (v00 BOCHS )
[    0.020059] kernel: ACPI: RSDT 0x00000000BFFE15C9 000030 (v01 BOCHS  BXPCRSDT 00000001 BXPC 00000001)
[    0.020106] kernel: ACPI: FACP 0x00000000BFFE149D 000074 (v01 BOCHS  BXPCFAexecutor 2 finishes userspace_cover_open
before receiving handshake request
req.flags ea3
----- executor 2 do_sandbox_none at begining
----- executor 2 do_sandbox_none before fork()
ernel: BIOS-e820: [mem 0x00000000000f0000-0x00000000000fffff] reserved
[    0.000000] kernel: BIOS-e820: [mem 0x0000000000100000-0x00000000bffdffff] usable
[    0.000000] kernel: BIOS-e820: [mem 0x00000000bffe0000-0x00000000bfffffff] reserved
[    0.000000] kernel: BIOS-e820: [mem 0x00000000feffc000-0x00000000feffffff] reserved
[    0.000000] kernel: BIOS-e820: [mem 0x00000000fffc0000-0x00000000ffffffff] reserved
[    0.000000] kernel: BIOS-e820: [mem 0x0000000100000000-0x00000002bfffffff] usable
[    0.000000] kernel: NX (Execute Disable) protection: active
[    0.000000] kernel: SMBIOS 2.8 present.
[    0.000000] kernel: DMI: QEMU Standard PC (i440FX + PIIX, 1996), BIOS 1.13.0-1ubuntu1.1 04/01/2014
[    0.000000] kernel: Hypervisor detected: KVM
[    0.000000] kernel: kvm-clock: Using msrs 4b564d01 and 4b564d00
[    0.000000] kernel: kvm-clock: cpu 0, msr 231758001, primary cpu clock
[    0.000004] kernel: kvm-clock: using sched offset of 487697436 cycles
[    0.000020] kernel: clocsyz_reboot() time executor starts at 1674693161:950163
----- is restarting 0
---- dfs_name glusterfs is_dfs_client 0
CP 00000001 BXPC 00000001)
[    0.020147] kernel: ACPI: DSDT 0x00000000BFFE0040 00145D (v01 BOCHS  BXPCDSDT 00000001 BXPC 00000001)
[    0.020181] kernel: ACPI: FACS 0x00000000BFFE0000 000040
[    0.020206] kernel: ACPI: APIC 0x00000000BFFE1511 000080 (v01 BOCHS  BXPCAPIC 00000001 BXPC 00000001)
[    0.020240] kernel: ACPI: HPET 0x00000000BFFE1591 000038 (v01 BOCHS  BXPCHPET 00000001 BXPC 00000001)
[    0.020270] kernel: ACPI: Reserving FACP table memory at [mem 0xbffe149d-0xbffe1510]
[    0.020286] kernel: ACPI: Reserving DSDT table memory at [mem 0xbffe0040-0xbffe149c]
[    0.020302] kernel: ACPI: Reserving FACS table memory at [mem 0xbffe0000-0xbffe003f]
[    0.020316] kernel: ACPI: Reserving APIC table memory at [mem 0xbffe1511-0xbffe1590]
[    0.020331] kernel: ACPI: Reserving HPET table memory at [mem 0xbffe1591-0xbffe15c8]
[    0.021768] kernel: No NUMA configuration found
[    0.021793] kernel: Faking a node at [mem 0x0000000000000000-0x00000002bfffffff]
[    0.021820] kernel:h
[    0.506768] kernel: kvm-guest: setup PV sched yield
[    0.506805] kernel: PM: hibernation: Registered nosave memory: [mem 0x00000000-0x00000fff]
[    0.506819] kernel: PM: hibernation: Registered nosave memory: [mem 0x0009f000-0x0009ffff]
[    0.506828] kernel: PM: hibernation: Registered nosave memory: [mem 0x000a0000-0x000effff]
[    0.506837] kernel: PM: hibernation: Registered nosave memory: [mem 0x000f0000-0x000fffff]
[    0.506849] kernel: PM: hibernation: Registered nosave memory: [mem 0xbffdd000-0xbfffffff]
[    0.506858] kernel: PM: hibernation: Registered nosave memory: [mem 0xc0000000-0xfeffbfff]
[    0.506866] kernel: PM: hibernation: Registered nosave memory: [mem 0xfeffc000-0xfeffffff]
[    0.506874] kernel: PM: hibernation: Registered nosave memory: [mem 0xff000000-0xfffbffff]
[    0.506883] kernel: PM: hibernation: Registered nosave memory: [mem 0xfffc0000-0xffffffff]
[    0.506894] kernel: [mem 0xc0000000-0xfeffbfff] available for PCI devices
[    0.506904] kernspawned loop pid 344
ksource: kvm-clock: mask: 0xffffffffffffffff max_cycles: 0x1cd42e4dffb, max_idle_ns: 881590591483 ns
[    0.000048] kernel: tsc: Detected 2496.000 MHz processor
[    0.008964] kernel: e820: update [mem 0x00000000-0x00000fff] usable ==> reserved
[    0.009002] kernel: e820: remove [mem 0x000a0000-0x000fffff] usable
[    0.009032] kernel: last_pfn = 0x2c0000 max_arch_pfn = 0x400000000
[    0.009122] kernel: x86/PAT: Configuration [0-7]: WB  WC  UC- UC  WB  WP  UC- WT  
[    0.009145] kernel: last_pfn = 0xbffe0 max_arch_pfn = 0x400000000
[    0.019992] kernel: found SMP MP-table at [mem 0x000f5c80-0x000f5c8f]
[    0.020085] kernel: Using GB pages for direct mapping
[    0.021183] kernel: ACPI: Early table checksum verification disabled
[    0.021207] kernel: ACPI: RSDP 0x00000000000F5A50 000014 (v00 BOCHS )
[    0.021249] kernel: ACPI: RSDT 0x00000000BFFE15C9 000030 (v01 BOCHS  BXPCRSDT 00000001 BXPC 00000001)
[    0.021294] kernel: ACPI: FACP 0x00000000BFFE149D 000074 (v01 BOCHS  BXPCFAel: Booting paravirtualized kernel on KVM
[    0.506914] kernel: clocksource: refined-jiffies: mask: 0xffffffff max_cycles: 0xffffffff, max_idle_ns: 1910969940391419 ns
[    0.520958] kernel: setup_percpu: NR_CPUS:64 nr_cpumask_bits:64 nr_cpu_ids:2 nr_node_ids:1
[    0.521692] kernel: percpu: Embedded 56 pages/cpu s191576 r8192 d29608 u1048576
[    0.521742] kernel: pcpu-alloc: s191576 r8192 d29608 u1048576 alloc=1*2097152
[    0.521760] kernel: pcpu-alloc: [0] 0 1 
[    0.521864] kernel: kvm-guest: setup async PF for cpu 0
[    0.521878] kernel: kvm-guest: stealtime: cpu 0, msr 26521f140
[    0.521891] kernel: Built 1 zonelists, mobility grouping on.  Total pages: 2580189
[    0.521901] kernel: Policy zone: Normal
[    0.521908] kernel: Kernel command line: root=/dev/sda console=ttyS0 net.ifnames=0 ip=192.168.0.52
[    0.527024] kernel: Dentry cache hash table entries: 2097152 (order: 12, 16777216 bytes, linear)
[    0.529424] kernel: Inode-cache hash table entries: 1048576 (order: 1 NODE_DATA(0) allocated [mem 0x2bfffc000-0x2bfffffff]
[    0.022273] kernel: Zone ranges:
[    0.022284] kernel:   DMA      [mem 0x0000000000001000-0x0000000000ffffff]
[    0.022303] kernel:   DMA32    [mem 0x0000000001000000-0x00000000ffffffff]
[    0.022320] kernel:   Normal   [mem 0x0000000100000000-0x00000002bfffffff]
[    0.022337] kernel: Movable zone start for each node
[    0.022344] kernel: Early memory node ranges
[    0.022352] kernel:   node   0: [mem 0x0000000000001000-0x000000000009efff]
[    0.022367] kernel:   node   0: [mem 0x0000000000100000-0x00000000bffdcfff]
[    0.022383] kernel:   node   0: [mem 0x0000000100000000-0x00000002bfffffff]
[    0.022402] kernel: Initmem setup node 0 [mem 0x0000000000001000-0x00000002bfffffff]
[    0.022742] kernel: On node 0, zone DMA: 1 pages in unavailable ranges
[    0.022873] kernel: On node 0, zone DMA: 97 pages in unavailable ranges
[    0.121695] kernel: On node 0, zone Normal: 35 pages in unavailable ranges
[    0.502006] kernCP 00000001 BXPC 00000001)
[    0.021341] kernel: ACPI: DSDT 0x00000000BFFE0040 00145D (v01 BOCHS  BXPCDSDT 00000001 BXPC 00000001)
[    0.021382] kernel: ACPI: FACS 0x00000000BFFE0000 000040
[    0.021413] kernel: ACPI: APIC 0x00000000BFFE1511 000080 (v01 BOCHS  BXPCAPIC 00000001 BXPC 00000001)
[    0.021455] kernel: ACPI: HPET 0x00000000BFFE1591 000038 (v01 BOCHS  BXPCHPET 00000001 BXPC 00000001)
[    0.021492] kernel: ACPI: Reserving FACP table memory at [mem 0xbffe149d-0xbffe1510]
[    0.021510] kernel: ACPI: Reserving DSDT table memory at [mem 0xbffe0040-0xbffe149c]
[    0.021526] kernel: ACPI: Reserving FACS table memory at [mem 0xbffe0000-0xbffe003f]
[    0.021543] kernel: ACPI: Reserving APIC table memory at [mem 0xbffe1511-0xbffe1590]
[    0.021560] kernel: ACPI: Reserving HPET table memory at [mem 0xbffe1591-0xbffe15c8]
[    0.023102] kernel: No NUMA configuration found
[    0.023121] kernel: Faking a node at [mem 0x0000000000000000-0x00000002bfffffff]
[    0.023152] kernel:1, 8388608 bytes, linear)
[    0.529550] kernel: mem auto-init: stack:off, heap alloc:off, heap free:off
[    0.783391] kernel: Memory: 8818312K/10485228K available (47117K kernel code, 10298K rwdata, 7204K rodata, 2068K init, 2860K bss, 1666660K reserved, 0K cma-reserved)
[    0.783631] kernel: SLUB: HWalign=64, Order=0-3, MinObjects=0, CPUs=2, Nodes=1
[    0.784278] kernel: rcu: Hierarchical RCU implementation.
[    0.784289] kernel: rcu:         RCU event tracing is enabled.
[    0.784294] kernel: rcu:         RCU restricting CPUs from NR_CPUS=64 to nr_cpu_ids=2.
[    0.784304] kernel: rcu: RCU calculated value of scheduler-enlistment delay is 100 jiffies.
[    0.784312] kernel: rcu: Adjusting geometry for rcu_fanout_leaf=16, nr_cpu_ids=2
[    0.798465] kernel: NR_IRQS: 4352, nr_irqs: 440, preallocated irqs: 16
[    0.799067] kernel: random: get_random_bytes called from start_kernel+0x22b/0x456 with crng_init=0
[    0.804446] kernel: Console: colour VGA+ 80x25
[    0.885579] kernelel: kasan: KernelAddressSanitizer initialized
[    0.502440] kernel: ACPI: PM-Timer IO Port: 0x608
[    0.502464] kernel: ACPI: LAPIC_NMI (acpi_id[0xff] dfl dfl lint[0x1])
[    0.502512] kernel: IOAPIC[0]: apic_id 0, version 17, address 0xfec00000, GSI 0-23
[    0.502529] kernel: ACPI: INT_SRC_OVR (bus 0 bus_irq 0 global_irq 2 dfl dfl)
[    0.502541] kernel: ACPI: INT_SRC_OVR (bus 0 bus_irq 5 global_irq 5 high level)
[    0.502552] kernel: ACPI: INT_SRC_OVR (bus 0 bus_irq 9 global_irq 9 high level)
[    0.502563] kernel: ACPI: INT_SRC_OVR (bus 0 bus_irq 10 global_irq 10 high level)
[    0.502574] kernel: ACPI: INT_SRC_OVR (bus 0 bus_irq 11 global_irq 11 high level)
[    0.502594] kernel: ACPI: Using ACPI (MADT) for SMP configuration information
[    0.502601] kernel: ACPI: HPET id: 0x8086a201 base: 0xfed00000
[    0.502614] kernel: TSC deadline timer available
[    0.502620] kernel: smpboot: Allowing 2 CPUs, 0 hotplug CPUs
[    0.502655] kernel: kvm-guest: KVM setup pv remote TLB flus NODE_DATA(0) allocated [mem 0x2bfffc000-0x2bfffffff]
[    0.023721] kernel: Zone ranges:
[    0.023735] kernel:   DMA      [mem 0x0000000000001000-0x0000000000ffffff]
[    0.023755] kernel:   DMA32    [mem 0x0000000001000000-0x00000000ffffffff]
[    0.023774] kernel:   Normal   [mem 0x0000000100000000-0x00000002bfffffff]
[    0.023794] kernel: Movable zone start for each node
[    0.023803] kernel: Early memory node ranges
[    0.023811] kernel:   node   0: [mem 0x0000000000001000-0x000000000009efff]
[    0.023829] kernel:   node   0: [mem 0x0000000000100000-0x00000000bffdffff]
[    0.023846] kernel:   node   0: [mem 0x0000000100000000-0x00000002bfffffff]
[    0.023868] kernel: Initmem setup node 0 [mem 0x0000000000001000-0x00000002bfffffff]
[    0.024348] kernel: On node 0, zone DMA: 1 pages in unavailable ranges
[    0.024489] kernel: On node 0, zone DMA: 97 pages in unavailable ranges
[    0.130723] kernel: On node 0, zone Normal: 32 pages in unavailable ranges
[    0.378082] kernexecutor 1 finishes userspace_cover_open
before receiving handshake request
req.flags ea3
----- executor 1 do_sandbox_none at begining
----- executor 1 do_sandbox_none before fork()
: printk: console [ttyS0] enabled
[    0.886037] kernel: ACPI: Core revision 20210730
[    0.886621] kernel: clocksource: hpet: mask: 0xffffffff max_cycles: 0xffffffff, max_idle_ns: 19112604467 ns
[    0.887422] kernel: APIC: Switch to symmetric I/O mode setup
[    0.887847] kernel: kvm-guest: setup PV IPIs
[    0.889433] kernel: ..TIMER: vector=0x30 apic1=0 pin1=2 apic2=-1 pin2=-1
[    0.890008] kernel: clocksource: tsc-early: mask: 0xffffffffffffffff max_cycles: 0x23fa772cf26, max_idle_ns: 440795269835 ns
[    0.890984] kernel: Calibrating delay loop (skipped) preset value.. 4992.00 BogoMIPS (lpj=2496000)
[    0.891977] kernel: pid_max: default: 32768 minimum: 301
[    0.892532] kernel: LSM: Security Framework initializing
[    0.893037] kernel: SELinux:  Initializing.
[    0.894033] kernel: Mount-cache hash table entries: 32768 (order: 6, 262144 bytes, linear)
[    0.894988] kernel: Mountpoint-cache hash table entries: 32768 (order: 6, 262144 bytes, linear)
[    0.897018] kernel: xh
[    0.502664] kernel: kvm-guest: setup PV sched yield
[    0.502698] kernel: PM: hibernation: Registered nosave memory: [mem 0x00000000-0x00000fff]
[    0.502711] kernel: PM: hibernation: Registered nosave memory: [mem 0x0009f000-0x0009ffff]
[    0.502720] kernel: PM: hibernation: Registered nosave memory: [mem 0x000a0000-0x000effff]
[    0.502728] kernel: PM: hibernation: Registered nosave memory: [mem 0x000f0000-0x000fffff]
[    0.502740] kernel: PM: hibernation: Registered nosave memory: [mem 0xbffdd000-0xbfffffff]
[    0.502748] kernel: PM: hibernation: Registered nosave memory: [mem 0xc0000000-0xfeffbfff]
[    0.502757] kernel: PM: hibernation: Registered nosave memory: [mem 0xfeffc000-0xfeffffff]
[    0.502765] kernel: PM: hibernation: Registered nosave memory: [mem 0xff000000-0xfffbffff]
[    0.502774] kernel: PM: hibernation: Registered nosave memory: [mem 0xfffc0000-0xffffffff]
[    0.502790] kernel: [mem 0xc0000000-0xfeffbfff] available for PCI devices
[    0.502804] kernel: kasan: KernelAddressSanitizer initialized
[    0.378423] kernel: ACPI: PM-Timer IO Port: 0x608
[    0.378446] kernel: ACPI: LAPIC_NMI (acpi_id[0xff] dfl dfl lint[0x1])
[    0.378491] kernel: IOAPIC[0]: apic_id 0, version 17, address 0xfec00000, GSI 0-23
[    0.378509] kernel: ACPI: INT_SRC_OVR (bus 0 bus_irq 0 global_irq 2 dfl dfl)
[    0.378521] kernel: ACPI: INT_SRC_OVR (bus 0 bus_irq 5 global_irq 5 high level)
[    0.378532] kernel: ACPI: INT_SRC_OVR (bus 0 bus_irq 9 global_irq 9 high level)
[    0.378544] kernel: ACPI: INT_SRC_OVR (bus 0 bus_irq 10 global_irq 10 high level)
[    0.378555] kernel: ACPI: INT_SRC_OVR (bus 0 bus_irq 11 global_irq 11 high level)
[    0.378576] kernel: ACPI: Using ACPI (MADT) for SMP configuration information
[    0.378583] kernel: ACPI: HPET id: 0x8086a201 base: 0xfed00000
[    0.378596] kernel: TSC deadline timer available
[    0.378602] kernel: smpboot: Allowing 2 CPUs, 0 hotplug CPUs
[    0.378636] kernel: kvm-guest: KVM setup pv remote TLB flusunlink FIFO failed: No such file or directory
spawned loop pid 341
[    0.000000] kernel: Linux version 5.15.0+ (tlyu@IC-RS3-DPC07) (gcc (Ubuntu 9.4.0-1ubuntu1~20.04.1) 9.4.0, GNU ld (GNU Binutils for Ubuntu) 2.34) #8 SMP Fri Jun 3 16:18:40 CEST 2022
[    0.000000] kernel: Command line: root=/dev/sda console=ttyS0 net.ifnames=0 ip=192.168.0.50
[    0.000000] kernel: x86/fpu: Supporting XSAVE feature 0x001: 'x87 floating point registers'
[    0.000000] kernel: x86/fpu: Supporting XSAVE feature 0x002: 'SSE registers'
[    0.000000] kernel: x86/fpu: Supporting XSAVE feature 0x004: 'AVX registers'
[    0.000000] kernel: x86/fpu: Supporting XSAVE feature 0x008: 'MPX bounds registers'
[    0.000000] kernel: x86/fpu: Supporting XSAVE feature 0x010: 'MPX CSR'
[    0.000000] kernel: x86/fpu: Supporting XSAVE feature 0x020: 'AVX-512 opmask'
[    0.000000] kernel: x86/fpu: Supporting XSAVE feature 0x040: 'AVX-512 Hi256'
[    0.000000] kernel: x86/fpu: Supporting XSAVE feature 0x080: 'AVX-512 ZMM_Hi256'
[    0.000000] kernel: x86/fpu: Supporting XSAVE feature 0x86/cpu: User Mode Instruction Prevention (UMIP) activated
[    0.897887] kernel: Last level iTLB entries: 4KB 0, 2MB 0, 4MB 0
[    0.897976] kernel: Last level dTLB entries: 4KB 0, 2MB 0, 4MB 0, 1GB 0
[    0.898988] kernel: Spectre V1 : Mitigation: usercopy/swapgs barriers and __user pointer sanitization
[    0.899661] kernel: Spectre V2 : Mitigation: Enhanced IBRS
[    0.899976] kernel: Spectre V2 : Spectre v2 / SpectreRSB mitigation: Filling RSB on context switch
[    0.900575] kernel: Spectre V2 : mitigation: Enabling conditional Indirect Branch Prediction Barrier
[    0.900982] kernel: Speculative Store Bypass: Mitigation: Speculative Store Bypass disabled via prctl and seccomp
[    0.923446] kernel: Freeing SMP alternatives memory: 40K
[    0.923973] kernel: smpboot: CPU0: 11th Gen Intel(R) Core(TM) i7-11700 @ 2.50GHz (family: 0x6, model: 0xa7, stepping: 0x1)
[    0.923990] kernel: Performance Events: Icelake events, 32-deep LBR, full-width counters, Intel PMU driver.
[    0.9249mount of binder at /dev/binderfs failed: 19
el: Booting paravirtualized kernel on KVM
[    0.502817] kernel: clocksource: refined-jiffies: mask: 0xffffffff max_cycles: 0xffffffff, max_idle_ns: 1910969940391419 ns
[    0.516729] kernel: setup_percpu: NR_CPUS:64 nr_cpumask_bits:64 nr_cpu_ids:2 nr_node_ids:1
[    0.517395] kernel: percpu: Embedded 56 pages/cpu s191576 r8192 d29608 u1048576
[    0.517436] kernel: pcpu-alloc: s191576 r8192 d29608 u1048576 alloc=1*2097152
[    0.517454] kernel: pcpu-alloc: [0] 0 1 
[    0.517557] kernel: kvm-guest: setup async PF for cpu 0
[    0.517571] kernel: kvm-guest: stealtime: cpu 0, msr 26521f140
[    0.517586] kernel: Built 1 zonelists, mobility grouping on.  Total pages: 2580189
[    0.517596] kernel: Policy zone: Normal
[    0.517604] kernel: Kernel command line: root=/dev/sda console=ttyS0 net.ifnames=0 ip=192.168.0.51
[    0.522185] kernel: Dentry cache hash table entries: 2097152 (order: 12, 16777216 bytes, linear)
[    0.524439] kernel: Inode-cache hash table entries: 1048576 (order: 1h
[    0.378645] kernel: kvm-guest: setup PV sched yield
[    0.378680] kernel: PM: hibernation: Registered nosave memory: [mem 0x00000000-0x00000fff]
[    0.378693] kernel: PM: hibernation: Registered nosave memory: [mem 0x0009f000-0x0009ffff]
[    0.378702] kernel: PM: hibernation: Registered nosave memory: [mem 0x000a0000-0x000effff]
[    0.378710] kernel: PM: hibernation: Registered nosave memory: [mem 0x000f0000-0x000fffff]
[    0.378723] kernel: PM: hibernation: Registered nosave memory: [mem 0xbffe0000-0xbfffffff]
[    0.378731] kernel: PM: hibernation: Registered nosave memory: [mem 0xc0000000-0xfeffbfff]
[    0.378740] kernel: PM: hibernation: Registered nosave memory: [mem 0xfeffc000-0xfeffffff]
[    0.378749] kernel: PM: hibernation: Registered nosave memory: [mem 0xff000000-0xfffbffff]
[    0.378757] kernel: PM: hibernation: Registered nosave memory: [mem 0xfffc0000-0xffffffff]
[    0.378768] kernel: [mem 0xc0000000-0xfeffbfff] available for PCI devices
[    0.378777] kernmkdir(/syzcgroup/unified/syz0) failed: 2
mkdir(/syzcgroup/cpu/syz0) failed: 2
mkdir(/syzcgroup/net/syz0) failed: 2
executor 2 handshake send reply badf00d 10
200: 'Protection Keys User registers'
[    0.000000] kernel: x86/fpu: xstate_offset[2]:  576, xstate_sizes[2]:  256
[    0.000000] kernel: x86/fpu: xstate_offset[3]:  832, xstate_sizes[3]:   64
[    0.000000] kernel: x86/fpu: xstate_offset[4]:  896, xstate_sizes[4]:   64
[    0.000000] kernel: x86/fpu: xstate_offset[5]:  960, xstate_sizes[5]:   64
[    0.000000] kernel: x86/fpu: xstate_offset[6]: 1024, xstate_sizes[6]:  512
[    0.000000] kernel: x86/fpu: xstate_offset[7]: 1536, xstate_sizes[7]: 1024
[    0.000000] kernel: x86/fpu: xstate_offset[9]: 2560, xstate_sizes[9]:    8
[    0.000000] kernel: x86/fpu: Enabled xstate features 0x2ff, context size is 2568 bytes, using 'compacted' format.
[    0.000000] kernel: signal: max sigframe size: 3632
[    0.000000] kernel: BIOS-provided physical RAM map:
[    0.000000] kernel: BIOS-e820: [mem 0x0000000000000000-0x000000000009fbff] usable
[    0.000000] kernel: BIOS-e820: [mem 0x000000000009fc00-0x000000000009ffff] reserved
[    0.000000] k1, 8388608 bytes, linear)
[    0.524568] kernel: mem auto-init: stack:off, heap alloc:off, heap free:off
[    0.768813] kernel: Memory: 8818312K/10485228K available (47117K kernel code, 10298K rwdata, 7204K rodata, 2068K init, 2860K bss, 1666660K reserved, 0K cma-reserved)
[    0.769049] kernel: SLUB: HWalign=64, Order=0-3, MinObjects=0, CPUs=2, Nodes=1
[    0.769507] kernel: rcu: Hierarchical RCU implementation.
[    0.769516] kernel: rcu:         RCU event tracing is enabled.
[    0.769522] kernel: rcu:         RCU restricting CPUs from NR_CPUS=64 to nr_cpu_ids=2.
[    0.769532] kernel: rcu: RCU calculated value of scheduler-enlistment delay is 100 jiffies.
[    0.769539] kernel: rcu: Adjusting geometry for rcu_fanout_leaf=16, nr_cpu_ids=2
[    0.778317] kernel: NR_IRQS: 4352, nr_irqs: 440, preallocated irqs: 16
[    0.778724] kernel: random: get_random_bytes called from start_kernel+0x22b/0x456 with crng_init=0
[    0.782787] kernel: Console: colour VGA+ 80x25
[    0.848998] kernelel: Booting paravirtualized kernel on KVM
[    0.378785] kernel: clocksource: refined-jiffies: mask: 0xffffffff max_cycles: 0xffffffff, max_idle_ns: 1910969940391419 ns
[    0.392711] kernel: setup_percpu: NR_CPUS:64 nr_cpumask_bits:64 nr_cpu_ids:2 nr_node_ids:1
[    0.393167] kernel: percpu: Embedded 56 pages/cpu s191576 r8192 d29608 u1048576
[    0.393203] kernel: pcpu-alloc: s191576 r8192 d29608 u1048576 alloc=1*2097152
[    0.393219] kernel: pcpu-alloc: [0] 0 1 
[    0.393312] kernel: kvm-guest: setup async PF for cpu 0
[    0.393324] kernel: kvm-guest: stealtime: cpu 0, msr 26521f140
[    0.393336] kernel: Built 1 zonelists, mobility grouping on.  Total pages: 2580192
[    0.393346] kernel: Policy zone: Normal
[    0.393353] kernel: Kernel command line: root=/dev/sda console=ttyS0 net.ifnames=0 ip=192.168.0.53
[    0.396690] kernel: Dentry cache hash table entries: 2097152 (order: 12, 16777216 bytes, linear)
[    0.398231] kernel: Inode-cache hash table entries: 1048576 (order: 1ernel: BIOS-e820: [mem 0x00000000000f0000-0x00000000000fffff] reserved
[    0.000000] kernel: BIOS-e820: [mem 0x0000000000100000-0x00000000bffdcfff] usable
[    0.000000] kernel: BIOS-e820: [mem 0x00000000bffdd000-0x00000000bfffffff] reserved
[    0.000000] kernel: BIOS-e820: [mem 0x00000000feffc000-0x00000000feffffff] reserved
[    0.000000] kernel: BIOS-e820: [mem 0x00000000fffc0000-0x00000000ffffffff] reserved
[    0.000000] kernel: BIOS-e820: [mem 0x0000000100000000-0x00000002bfffffff] usable
[    0.000000] kernel: NX (Execute Disable) protection: active
[    0.000000] kernel: SMBIOS 2.8 present.
[    0.000000] kernel: DMI: QEMU Standard PC (i440FX + PIIX, 1996), BIOS 1.13.0-1ubuntu1.1 04/01/2014
[    0.000000] kernel: Hypervisor detected: KVM
[    0.000000] kernel: kvm-clock: Using msrs 4b564d01 and 4b564d00
[    0.000000] kernel: kvm-clock: cpu 0, msr 233558001, primary cpu clock
[    0.000005] kernel: kvm-clock: using sched offset of 488128519 cycles
[    0.000020] kernel: cloc: printk: console [ttyS0] enabled
[    0.849536] kernel: ACPI: Core revision 20210730
[    0.850359] kernel: clocksource: hpet: mask: 0xffffffff max_cycles: 0xffffffff, max_idle_ns: 19112604467 ns
[    0.851483] kernel: APIC: Switch to symmetric I/O mode setup
[    0.852044] kernel: kvm-guest: setup PV IPIs
[    0.854730] kernel: ..TIMER: vector=0x30 apic1=0 pin1=2 apic2=-1 pin2=-1
[    0.855291] kernel: clocksource: tsc-early: mask: 0xffffffffffffffff max_cycles: 0x23fa772cf26, max_idle_ns: 440795269835 ns
[    0.856175] kernel: Calibrating delay loop (skipped) preset value.. 4992.00 BogoMIPS (lpj=2496000)
[    0.857172] kernel: pid_max: default: 32768 minimum: 301
[    0.857627] kernel: LSM: Security Framework initializing
[    0.858201] kernel: SELinux:  Initializing.
[    0.858635] kernel: Mount-cache hash table entries: 32768 (order: 6, 262144 bytes, linear)
[    0.859443] kernel: Mountpoint-cache hash table entries: 32768 (order: 6, 262144 bytes, linear)
[    0.861296] kernel: x1, 8388608 bytes, linear)
[    0.398348] kernel: mem auto-init: stack:off, heap alloc:off, heap free:off
[    0.603885] kernel: Memory: 8818324K/10485240K available (47117K kernel code, 10298K rwdata, 7204K rodata, 2068K init, 2860K bss, 1666660K reserved, 0K cma-reserved)
[    0.604153] kernel: SLUB: HWalign=64, Order=0-3, MinObjects=0, CPUs=2, Nodes=1
[    0.604919] kernel: rcu: Hierarchical RCU implementation.
[    0.604934] kernel: rcu:         RCU event tracing is enabled.
[    0.604939] kernel: rcu:         RCU restricting CPUs from NR_CPUS=64 to nr_cpu_ids=2.
[    0.604951] kernel: rcu: RCU calculated value of scheduler-enlistment delay is 100 jiffies.
[    0.604959] kernel: rcu: Adjusting geometry for rcu_fanout_leaf=16, nr_cpu_ids=2
[    0.613687] kernel: NR_IRQS: 4352, nr_irqs: 440, preallocated irqs: 16
[    0.614141] kernel: random: get_random_bytes called from start_kernel+0x22b/0x456 with crng_init=0
[    0.618348] kernel: Console: colour VGA+ 80x25
[    0.693333] kernelksource: kvm-clock: mask: 0xffffffffffffffff max_cycles: 0x1cd42e4dffb, max_idle_ns: 881590591483 ns
[    0.000043] kernel: tsc: Detected 2496.000 MHz processor
[    0.008233] kernel: e820: update [mem 0x00000000-0x00000fff] usable ==> reserved
[    0.008278] kernel: e820: remove [mem 0x000a0000-0x000fffff] usable
[    0.008307] kernel: last_pfn = 0x2c0000 max_arch_pfn = 0x400000000
[    0.008393] kernel: x86/PAT: Configuration [0-7]: WB  WC  UC- UC  WB  WP  UC- WT  
[    0.008412] kernel: last_pfn = 0xbffdd max_arch_pfn = 0x400000000
[    0.018183] kernel: found SMP MP-table at [mem 0x000f5c70-0x000f5c7f]
[    0.018276] kernel: Using GB pages for direct mapping
[    0.019245] kernel: ACPI: Early table checksum verification disabled
[    0.019267] kernel: ACPI: RSDP 0x00000000000F5A40 000014 (v00 BOCHS )
[    0.019314] kernel: ACPI: RSDT 0x00000000BFFE15C9 000030 (v01 BOCHS  BXPCRSDT 00000001 BXPC 00000001)
[    0.019353] kernel: ACPI: FACP 0x00000000BFFE149D 000074 (v01 BOCHS  BXPCFA86/cpu: User Mode Instruction Prevention (UMIP) activated
[    0.861863] kernel: Last level iTLB entries: 4KB 0, 2MB 0, 4MB 0
[    0.862170] kernel: Last level dTLB entries: 4KB 0, 2MB 0, 4MB 0, 1GB 0
[    0.862654] kernel: Spectre V1 : Mitigation: usercopy/swapgs barriers and __user pointer sanitization
[    0.863177] kernel: Spectre V2 : Mitigation: Enhanced IBRS
[    0.863556] kernel: Spectre V2 : Spectre v2 / SpectreRSB mitigation: Filling RSB on context switch
[    0.864175] kernel: Spectre V2 : mitigation: Enabling conditional Indirect Branch Prediction Barrier
[    0.865174] kernel: Speculative Store Bypass: Mitigation: Speculative Store Bypass disabled via prctl and seccomp
[    0.886924] kernel: Freeing SMP alternatives memory: 40K
[    0.887326] kernel: smpboot: CPU0: 11th Gen Intel(R) Core(TM) i7-11700 @ 2.50GHz (family: 0x6, model: 0xa7, stepping: 0x1)
[    0.888168] kernel: Performance Events: Icelake events, 32-deep LBR, full-width counters, Intel PMU driver.
[    0.8888: printk: console [ttyS0] enabled
[    0.693852] kernel: ACPI: Core revision 20210730
[    0.694527] kernel: clocksource: hpet: mask: 0xffffffff max_cycles: 0xffffffff, max_idle_ns: 19112604467 ns
[    0.695505] kernel: APIC: Switch to symmetric I/O mode setup
[    0.695970] kernel: kvm-guest: setup PV IPIs
[    0.697346] kernel: ..TIMER: vector=0x30 apic1=0 pin1=2 apic2=-1 pin2=-1
[    0.698015] kernel: clocksource: tsc-early: mask: 0xffffffffffffffff max_cycles: 0x23fa772cf26, max_idle_ns: 440795269835 ns
[    0.699064] kernel: Calibrating delay loop (skipped) preset value.. 4992.00 BogoMIPS (lpj=2496000)
[    0.700059] kernel: pid_max: default: 32768 minimum: 301
[    0.701077] kernel: LSM: Security Framework initializing
[    0.701586] kernel: SELinux:  Initializing.
[    0.702109] kernel: Mount-cache hash table entries: 32768 (order: 6, 262144 bytes, linear)
[    0.703064] kernel: Mountpoint-cache hash table entries: 32768 (order: 6, 262144 bytes, linear)
[    0.704928] kernel: xmount of binder at /dev/binderfs failed: 19
mkdir(/syzcgroup/unified/syz0) failed: 2
79] kernel: ... version:                2
[    0.925271] kernel: ... bit width:              48
[    0.925565] kernel: ... generic registers:      8
[    0.925854] kernel: ... value mask:             0000ffffffffffff
[    0.925977] kernel: ... max period:             00007fffffffffff
[    0.926345] kernel: ... fixed-purpose events:   3
[    0.926636] kernel: ... event mask:             00000007000000ff
[    0.927166] kernel: rcu: Hierarchical SRCU implementation.
[    0.928822] kernel: smp: Bringing up secondary CPUs ...
[    0.929169] kernel: x86: Booting SMP configuration:
[    0.929465] kernel: .... node  #0, CPUs:      #1
[    0.091039] kernel: kvm-clock: cpu 1, msr 19b958041, secondary cpu clock
[    0.091039] kernel: smpboot: CPU 1 Converting physical 0 to logical die 1
[    0.932021] kernel: kvm-guest: setup async PF for cpu 1
[    0.932517] kernel: kvm-guest: stealtime: cpu 1, msr 26531f140
[    0.933007] kernel: smp: Brought up 1 node, 2 CPUs
[    0.933335] kernel: smpboot: Mmkdir(/syzcgroup/cpu/syz0) failed: 2
86/cpu: User Mode Instruction Prevention (UMIP) activated
[    0.705191] kernel: Last level iTLB entries: 4KB 0, 2MB 0, 4MB 0
[    0.706054] kernel: Last level dTLB entries: 4KB 0, 2MB 0, 4MB 0, 1GB 0
[    0.706601] kernel: Spectre V1 : Mitigation: usercopy/swapgs barriers and __user pointer sanitization
[    0.707065] kernel: Spectre V2 : Mitigation: Enhanced IBRS
[    0.708054] kernel: Spectre V2 : Spectre v2 / SpectreRSB mitigation: Filling RSB on context switch
[    0.708729] kernel: Spectre V2 : mitigation: Enabling conditional Indirect Branch Prediction Barrier
[    0.709064] kernel: Speculative Store Bypass: Mitigation: Speculative Store Bypass disabled via prctl and seccomp
[    0.733670] kernel: Freeing SMP alternatives memory: 40K
[    0.734313] kernel: smpboot: CPU0: 11th Gen Intel(R) Core(TM) i7-11700 @ 2.50GHz (family: 0x6, model: 0xa7, stepping: 0x1)
[    0.735234] kernel: Performance Events: Icelake events, 32-deep LBR, full-width counters, Intel PMU driver.
[    0.736879] kernel: ... version:                2
[    0.889171] kernel: ... bit width:              48
[    0.889491] kernel: ... generic registers:      8
[    0.889803] kernel: ... value mask:             0000ffffffffffff
[    0.890171] kernel: ... max period:             00007fffffffffff
[    0.890559] kernel: ... fixed-purpose events:   3
[    0.890841] kernel: ... event mask:             00000007000000ff
[    0.891350] kernel: rcu: Hierarchical SRCU implementation.
[    0.892965] kernel: smp: Bringing up secondary CPUs ...
[    0.893361] kernel: x86: Booting SMP configuration:
[    0.893679] kernel: .... node  #0, CPUs:      #1
[    0.075540] kernel: kvm-clock: cpu 1, msr 16df58041, secondary cpu clock
