
Ubuntu 20.04 LTS dfs-fuzzing ttyS0

;32m  OK  [0m] Started [0;1;39mSession 3 of user root[0m.
[[0;32m  OK  [0m] Finished [0;1;39mDiscard unused blâ€¦n filesystems from /etc/fstab[0m.
Ubuntu 20.04 LTS dfs-fuzzing ttyS0


Ubuntu 20.04 LTS dfs-fuzzing ttyS0

2023/01/25 17:37:02 fuzzer started

Ubuntu 20.04 LTS dfs-fuzzing ttyS0

2023/01/25 17:37:03 dialing manager at localhost:40269
2023/01/25 17:37:03 connecting to manager...
2023/01/25 17:37:03 syscalls: 51
2023/01/25 17:37:03 code coverage: enabled
2023/01/25 17:37:03 comparison tracing: enabled
2023/01/25 17:37:03 extra coverage: enabled
2023/01/25 17:37:03 setuid sandbox: enabled
2023/01/25 17:37:03 namespace sandbox: /proc/self/ns/user does not exist
2023/01/25 17:37:03 Android sandbox: /sys/fs/selinux/policy can't be opened (open /sys/fs/selinux/policy: invalid argument)
2023/01/25 17:37:03 fault injection: CONFIG_FAULT_INJECTION_DEBUG_FS or CONFIG_FAILSLAB are not enabled
2023/01/25 17:37:03 leak checking: CONFIG_DEBUG_KMEMLEAK is not enabled
2023/01/25 17:37:03 net packet injection: /dev/net/tun does not exist
2023/01/25 17:37:03 net device setup: enabled
2023/01/25 17:37:03 concurrency sanitizer: /sys/kernel/debug/kcsan does not exist
2023/01/25 17:37:03 devlink PCI setup: enabled
2023/01/25 17:37:03 USB emulation: /dev/raw-gadget does not exist
2023/01/25 17:37:03 hci packet injection: /dev/vhci does not exist
2023/01/25 17:37:03 wifi device emulation: /sys/class/mac80211_hwsim/ does not exist
2023/01/25 17:37:03 802.15.4 emulation: /sys/bus/platform/devices/mac802154_hwsim does not exist
2023/01/25 17:37:03 poll: candidates=0 inputs=50 signal=2000
2023/01/25 17:37:03 deserializeInput: hasCrash false hasNet false
2023/01/25 17:37:03 prog length: 1
2023/01/25 17:37:03 deserializeInput: hasCrash false hasNet false
2023/01/25 17:37:03 prog length: 2
2023/01/25 17:37:03 deserializeInput: hasCrash false hasNet false
2023/01/25 17:37:03 prog length: 4
2023/01/25 17:37:03 deserializeInput: hasCrash true hasNet false
2023/01/25 17:37:03 prog length: 6
2023/01/25 17:37:03 prog length: 3
2023/01/25 17:37:03 deserializeInput: hasCrash true hasNet false
2023/01/25 17:37:03 prog length: 6
2023/01/25 17:37:03 prog length: 3
2023/01/25 17:37:03 deserializeInput: hasCrash false hasNet true
2023/01/25 17:37:03 prog length: 6
2023/01/25 17:37:03 prog length: 4
2023/01/25 17:37:03 deserializeInput: hasCrash false hasNet false
2023/01/25 17:37:03 prog length: 2
2023/01/25 17:37:03 deserializeInput: hasCrash false hasNet false
2023/01/25 17:37:03 prog length: 1
2023/01/25 17:37:03 deserializeInput: hasCrash false hasNet false
2023/01/25 17:37:03 prog length: 2
2023/01/25 17:37:03 deserializeInput: hasCrash false hasNet false
2023/01/25 17:37:03 prog length: 2
2023/01/25 17:37:03 deserializeInput: hasCrash false hasNet false
2023/01/25 17:37:03 prog length: 1
2023/01/25 17:37:03 deserializeInput: hasCrash false hasNet false
2023/01/25 17:37:03 prog length: 1
2023/01/25 17:37:03 deserializeInput: hasCrash false hasNet false
2023/01/25 17:37:03 prog length: 2
2023/01/25 17:37:03 deserializeInput: hasCrash false hasNet true
2023/01/25 17:37:03 prog length: 6
2023/01/25 17:37:03 prog length: 9
2023/01/25 17:37:03 deserializeInput: hasCrash false hasNet true
2023/01/25 17:37:03 prog length: 6
2023/01/25 17:37:03 prog length: 14
2023/01/25 17:37:03 deserializeInput: hasCrash false hasNet true
2023/01/25 17:37:03 prog length: 6
2023/01/25 17:37:03 prog length: 20
2023/01/25 17:37:03 deserializeInput: hasCrash false hasNet true
2023/01/25 17:37:03 prog length: 6
2023/01/25 17:37:03 prog length: 8
2023/01/25 17:37:03 deserializeInput: hasCrash false hasNet false
2023/01/25 17:37:03 prog length: 1
2023/01/25 17:37:03 deserializeInput: hasCrash false hasNet false
2023/01/25 17:37:03 prog length: 1
2023/01/25 17:37:03 deserializeInput: hasCrash false hasNet false
2023/01/25 17:37:03 prog length: 2
2023/01/25 17:37:03 deserializeInput: hasCrash false hasNet false
2023/01/25 17:37:03 prog length: 2
2023/01/25 17:37:03 deserializeInput: hasCrash false hasNet false
2023/01/25 17:37:03 prog length: 2
2023/01/25 17:37:03 deserializeInput: hasCrash false hasNet false
2023/01/25 17:37:03 prog length: 3
2023/01/25 17:37:03 deserializeInput: hasCrash false hasNet false
2023/01/25 17:37:03 prog length: 2
2023/01/25 17:37:03 deserializeInput: hasCrash false hasNet false
2023/01/25 17:37:03 prog length: 2
2023/01/25 17:37:03 deserializeInput: hasCrash false hasNet true
2023/01/25 17:37:03 prog length: 6
2023/01/25 17:37:03 prog length: 20
2023/01/25 17:37:03 deserializeInput: hasCrash false hasNet false
2023/01/25 17:37:03 prog length: 2
2023/01/25 17:37:03 deserializeInput: hasCrash false hasNet false
2023/01/25 17:37:03 prog length: 2
2023/01/25 17:37:03 deserializeInput: hasCrash false hasNet false
2023/01/25 17:37:03 prog length: 1
2023/01/25 17:37:03 deserializeInput: hasCrash false hasNet false
2023/01/25 17:37:03 prog length: 2
2023/01/25 17:37:03 deserializeInput: hasCrash false hasNet false
2023/01/25 17:37:03 prog length: 1
2023/01/25 17:37:03 deserializeInput: hasCrash false hasNet false
2023/01/25 17:37:03 prog length: 1
2023/01/25 17:37:03 deserializeInput: hasCrash false hasNet false
2023/01/25 17:37:03 prog length: 2
2023/01/25 17:37:03 deserializeInput: hasCrash false hasNet false
2023/01/25 17:37:03 prog length: 3
2023/01/25 17:37:03 deserializeInput: hasCrash false hasNet true
2023/01/25 17:37:03 prog length: 6
2023/01/25 17:37:03 prog length: 20
2023/01/25 17:37:03 deserializeInput: hasCrash false hasNet false
2023/01/25 17:37:03 prog length: 11
2023/01/25 17:37:03 deserializeInput: hasCrash false hasNet false
2023/01/25 17:37:03 prog length: 2
2023/01/25 17:37:03 deserializeInput: hasCrash false hasNet false
2023/01/25 17:37:03 prog length: 2
2023/01/25 17:37:03 deserializeInput: hasCrash false hasNet false
2023/01/25 17:37:03 prog length: 3
2023/01/25 17:37:03 deserializeInput: hasCrash false hasNet true
2023/01/25 17:37:03 prog length: 6
2023/01/25 17:37:03 prog length: 4
2023/01/25 17:37:03 deserializeInput: hasCrash false hasNet false
2023/01/25 17:37:03 prog length: 2
2023/01/25 17:37:03 deserializeInput: hasCrash false hasNet false
2023/01/25 17:37:03 prog length: 1
2023/01/25 17:37:03 deserializeInput: hasCrash false hasNet false
2023/01/25 17:37:03 prog length: 1
2023/01/25 17:37:03 deserializeInput: hasCrash false hasNet false
2023/01/25 17:37:03 prog length: 2
2023/01/25 17:37:03 deserializeInput: hasCrash false hasNet false
2023/01/25 17:37:03 prog length: 2
2023/01/25 17:37:03 deserializeInput: hasCrash false hasNet false
2023/01/25 17:37:03 prog length: 3
2023/01/25 17:37:03 deserializeInput: hasCrash false hasNet true
2023/01/25 17:37:03 prog length: 6
2023/01/25 17:37:03 prog length: 7
2023/01/25 17:37:03 deserializeInput: hasCrash false hasNet false
2023/01/25 17:37:03 prog length: 3
2023/01/25 17:37:03 deserializeInput: hasCrash true hasNet true
2023/01/25 17:37:03 prog length: 6
2023/01/25 17:37:03 prog length: 6
2023/01/25 17:37:03 prog length: 7
2023/01/25 17:37:03 deserializeInput: hasCrash false hasNet true
2023/01/25 17:37:03 prog length: 6
2023/01/25 17:37:03 prog length: 20
2023/01/25 17:37:03 fetching corpus: 50, signal 6439/22696/28133 (executing program)
2023/01/25 17:37:03 poll: candidates=0 inputs=50 signal=2000
2023/01/25 17:37:03 deserializeInput: hasCrash false hasNet false
2023/01/25 17:37:03 prog length: 2
2023/01/25 17:37:03 deserializeInput: hasCrash true hasNet false
2023/01/25 17:37:03 prog length: 6
2023/01/25 17:37:03 prog length: 3
2023/01/25 17:37:03 deserializeInput: hasCrash false hasNet false
2023/01/25 17:37:03 prog length: 3
2023/01/25 17:37:03 deserializeInput: hasCrash false hasNet false
2023/01/25 17:37:03 prog length: 2
2023/01/25 17:37:03 deserializeInput: hasCrash false hasNet false
2023/01/25 17:37:03 prog length: 3
2023/01/25 17:37:03 deserializeInput: hasCrash false hasNet false
2023/01/25 17:37:03 prog length: 1
2023/01/25 17:37:03 deserializeInput: hasCrash false hasNet true
2023/01/25 17:37:03 prog length: 6
2023/01/25 17:37:03 prog length: 20
2023/01/25 17:37:03 deserializeInput: hasCrash true hasNet true
2023/01/25 17:37:03 prog length: 12
2023/01/25 17:37:03 prog length: 6
2023/01/25 17:37:03 deserializeInput: hasCrash false hasNet true
2023/01/25 17:37:03 prog length: 6
2023/01/25 17:37:03 prog length: 5
2023/01/25 17:37:03 deserializeInput: hasCrash false hasNet false
2023/01/25 17:37:03 prog length: 1
2023/01/25 17:37:03 deserializeInput: hasCrash false hasNet false
2023/01/25 17:37:03 prog length: 2
2023/01/25 17:37:03 deserializeInput: hasCrash false hasNet false
2023/01/25 17:37:03 prog length: 3
2023/01/25 17:37:03 deserializeInput: hasCrash false hasNet false
2023/01/25 17:37:03 prog length: 3
2023/01/25 17:37:03 deserializeInput: hasCrash false hasNet false
2023/01/25 17:37:03 prog length: 5
2023/01/25 17:37:03 deserializeInput: hasCrash false hasNet true
2023/01/25 17:37:03 prog length: 6
2023/01/25 17:37:03 prog length: 20
2023/01/25 17:37:03 deserializeInput: hasCrash false hasNet false
2023/01/25 17:37:03 prog length: 3
2023/01/25 17:37:03 deserializeInput: hasCrash false hasNet false
2023/01/25 17:37:03 prog length: 3
2023/01/25 17:37:03 deserializeInput: hasCrash false hasNet true
2023/01/25 17:37:03 prog length: 6
2023/01/25 17:37:03 prog length: 5
2023/01/25 17:37:03 deserializeInput: hasCrash false hasNet true
2023/01/25 17:37:03 prog length: 6
2023/01/25 17:37:03 prog length: 18
2023/01/25 17:37:03 deserializeInput: hasCrash false hasNet false
2023/01/25 17:37:03 prog length: 2
2023/01/25 17:37:03 deserializeInput: hasCrash false hasNet false
2023/01/25 17:37:03 prog length: 4
2023/01/25 17:37:03 deserializeInput: hasCrash false hasNet false
2023/01/25 17:37:03 prog length: 4
2023/01/25 17:37:03 deserializeInput: hasCrash false hasNet false
2023/01/25 17:37:03 prog length: 2
2023/01/25 17:37:03 deserializeInput: hasCrash true hasNet false
2023/01/25 17:37:03 prog length: 6
2023/01/25 17:37:03 prog length: 3
2023/01/25 17:37:03 deserializeInput: hasCrash false hasNet false
2023/01/25 17:37:03 prog length: 2
2023/01/25 17:37:03 deserializeInput: hasCrash false hasNet false
2023/01/25 17:37:03 prog length: 1
2023/01/25 17:37:03 deserializeInput: hasCrash false hasNet false
2023/01/25 17:37:03 prog length: 2
2023/01/25 17:37:03 deserializeInput: hasCrash true hasNet false
2023/01/25 17:37:03 prog length: 6
2023/01/25 17:37:03 prog length: 3
2023/01/25 17:37:03 deserializeInput: hasCrash false hasNet false
2023/01/25 17:37:03 prog length: 6
2023/01/25 17:37:03 deserializeInput: hasCrash true hasNet false
2023/01/25 17:37:03 prog length: 6
2023/01/25 17:37:03 prog length: 3
2023/01/25 17:37:03 deserializeInput: hasCrash false hasNet false
2023/01/25 17:37:03 prog length: 3
2023/01/25 17:37:03 deserializeInput: hasCrash false hasNet false
2023/01/25 17:37:03 prog length: 2
2023/01/25 17:37:03 deserializeInput: hasCrash false hasNet false
2023/01/25 17:37:03 prog length: 3
2023/01/25 17:37:03 deserializeInput: hasCrash false hasNet false
2023/01/25 17:37:03 prog length: 1
2023/01/25 17:37:03 deserializeInput: hasCrash false hasNet true
2023/01/25 17:37:03 prog length: 6
2023/01/25 17:37:03 prog length: 3
2023/01/25 17:37:03 deserializeInput: hasCrash false hasNet true
2023/01/25 17:37:03 prog length: 6
2023/01/25 17:37:03 prog length: 19
2023/01/25 17:37:03 deserializeInput: hasCrash false hasNet false
2023/01/25 17:37:03 prog length: 6
2023/01/25 17:37:03 deserializeInput: hasCrash false hasNet false
2023/01/25 17:37:03 prog length: 4
2023/01/25 17:37:03 deserializeInput: hasCrash false hasNet false
2023/01/25 17:37:03 prog length: 1
2023/01/25 17:37:03 deserializeInput: hasCrash false hasNet true
2023/01/25 17:37:03 prog length: 6
2023/01/25 17:37:03 prog length: 13
2023/01/25 17:37:03 deserializeInput: hasCrash false hasNet false
2023/01/25 17:37:03 prog length: 1
2023/01/25 17:37:03 deserializeInput: hasCrash true hasNet true
2023/01/25 17:37:03 prog length: 6
2023/01/25 17:37:03 prog length: 6
2023/01/25 17:37:03 prog length: 5
2023/01/25 17:37:03 deserializeInput: hasCrash false hasNet true
2023/01/25 17:37:03 prog length: 6
2023/01/25 17:37:03 prog length: 14
2023/01/25 17:37:03 deserializeInput: hasCrash false hasNet false
2023/01/25 17:37:03 prog length: 1
2023/01/25 17:37:03 deserializeInput: hasCrash false hasNet true
2023/01/25 17:37:03 prog length: 6
2023/01/25 17:37:03 prog length: 12
2023/01/25 17:37:03 deserializeInput: hasCrash true hasNet false
2023/01/25 17:37:03 prog length: 6
2023/01/25 17:37:03 prog length: 3
2023/01/25 17:37:03 deserializeInput: hasCrash false hasNet false
2023/01/25 17:37:03 prog length: 7
2023/01/25 17:37:03 deserializeInput: hasCrash false hasNet false
2023/01/25 17:37:03 prog length: 1
2023/01/25 17:37:03 deserializeInput: hasCrash false hasNet false
2023/01/25 17:37:03 prog length: 1
2023/01/25 17:37:03 deserializeInput: hasCrash false hasNet false
2023/01/25 17:37:03 prog length: 1
2023/01/25 17:37:03 fetching corpus: 100, signal 7179/26460/32955 (executing program)
2023/01/25 17:37:03 poll: candidates=0 inputs=50 signal=2000
2023/01/25 17:37:03 deserializeInput: hasCrash false hasNet false
2023/01/25 17:37:03 prog length: 1
2023/01/25 17:37:03 deserializeInput: hasCrash false hasNet true
2023/01/25 17:37:03 prog length: 6
2023/01/25 17:37:03 prog length: 4
2023/01/25 17:37:03 deserializeInput: hasCrash false hasNet false
2023/01/25 17:37:03 prog length: 3
2023/01/25 17:37:03 deserializeInput: hasCrash false hasNet false
2023/01/25 17:37:03 prog length: 1
2023/01/25 17:37:03 deserializeInput: hasCrash false hasNet false
2023/01/25 17:37:03 prog length: 2
2023/01/25 17:37:03 deserializeInput: hasCrash false hasNet false
2023/01/25 17:37:03 prog length: 2
2023/01/25 17:37:03 deserializeInput: hasCrash false hasNet true
2023/01/25 17:37:03 prog length: 6
2023/01/25 17:37:03 prog length: 16
2023/01/25 17:37:03 deserializeInput: hasCrash false hasNet true
2023/01/25 17:37:03 prog length: 6
2023/01/25 17:37:03 prog length: 4
2023/01/25 17:37:03 deserializeInput: hasCrash false hasNet false
2023/01/25 17:37:03 prog length: 2
2023/01/25 17:37:03 deserializeInput: hasCrash false hasNet false
2023/01/25 17:37:03 prog length: 3
2023/01/25 17:37:03 deserializeInput: hasCrash false hasNet false
2023/01/25 17:37:03 prog length: 2
2023/01/25 17:37:03 deserializeInput: hasCrash false hasNet true
2023/01/25 17:37:03 prog length: 6
2023/01/25 17:37:03 prog length: 5
2023/01/25 17:37:03 deserializeInput: hasCrash false hasNet false
2023/01/25 17:37:03 prog length: 1
2023/01/25 17:37:03 deserializeInput: hasCrash false hasNet false
2023/01/25 17:37:03 prog length: 3
2023/01/25 17:37:03 deserializeInput: hasCrash false hasNet false
2023/01/25 17:37:03 prog length: 2
2023/01/25 17:37:03 deserializeInput: hasCrash true hasNet false
2023/01/25 17:37:03 prog length: 6
2023/01/25 17:37:03 prog length: 3
2023/01/25 17:37:03 deserializeInput: hasCrash false hasNet false
2023/01/25 17:37:03 prog length: 1
2023/01/25 17:37:03 deserializeInput: hasCrash false hasNet true
2023/01/25 17:37:03 prog length: 6
2023/01/25 17:37:03 prog length: 18
2023/01/25 17:37:04 deserializeInput: hasCrash false hasNet true
2023/01/25 17:37:04 prog length: 6
2023/01/25 17:37:04 prog length: 20
2023/01/25 17:37:04 deserializeInput: hasCrash false hasNet false
2023/01/25 17:37:04 prog length: 3
2023/01/25 17:37:04 deserializeInput: hasCrash false hasNet true
2023/01/25 17:37:04 prog length: 6
2023/01/25 17:37:04 prog length: 5
2023/01/25 17:37:04 deserializeInput: hasCrash false hasNet true
2023/01/25 17:37:04 prog length: 6
2023/01/25 17:37:04 prog length: 20
2023/01/25 17:37:04 deserializeInput: hasCrash false hasNet false
2023/01/25 17:37:04 prog length: 2
2023/01/25 17:37:04 deserializeInput: hasCrash false hasNet false
2023/01/25 17:37:04 prog length: 8
2023/01/25 17:37:04 deserializeInput: hasCrash false hasNet false
2023/01/25 17:37:04 prog length: 3
2023/01/25 17:37:04 deserializeInput: hasCrash false hasNet true
2023/01/25 17:37:04 prog length: 6
2023/01/25 17:37:04 prog length: 3
2023/01/25 17:37:04 deserializeInput: hasCrash false hasNet false
2023/01/25 17:37:04 prog length: 3
2023/01/25 17:37:04 deserializeInput: hasCrash true hasNet true
2023/01/25 17:37:04 prog length: 6
2023/01/25 17:37:04 prog length: 12
2023/01/25 17:37:04 prog length: 9
2023/01/25 17:37:04 deserializeInput: hasCrash false hasNet true
2023/01/25 17:37:04 prog length: 18
2023/01/25 17:37:04 prog length: 9
2023/01/25 17:37:04 deserializeInput: hasCrash false hasNet true
2023/01/25 17:37:04 prog length: 6
2023/01/25 17:37:04 prog length: 20
2023/01/25 17:37:04 deserializeInput: hasCrash false hasNet false
2023/01/25 17:37:04 prog length: 6
2023/01/25 17:37:04 deserializeInput: hasCrash true hasNet false
2023/01/25 17:37:04 prog length: 6
2023/01/25 17:37:04 prog length: 3
2023/01/25 17:37:04 deserializeInput: hasCrash false hasNet false
2023/01/25 17:37:04 prog length: 3
2023/01/25 17:37:04 deserializeInput: hasCrash false hasNet false
2023/01/25 17:37:04 prog length: 1
2023/01/25 17:37:04 deserializeInput: hasCrash false hasNet true
2023/01/25 17:37:04 prog length: 6
2023/01/25 17:37:04 prog length: 20
2023/01/25 17:37:04 deserializeInput: hasCrash false hasNet false
2023/01/25 17:37:04 prog length: 2
2023/01/25 17:37:04 deserializeInput: hasCrash false hasNet false
2023/01/25 17:37:04 prog length: 1
2023/01/25 17:37:04 deserializeInput: hasCrash true hasNet false
2023/01/25 17:37:04 prog length: 6
2023/01/25 17:37:04 prog length: 4
2023/01/25 17:37:04 deserializeInput: hasCrash false hasNet false
2023/01/25 17:37:04 prog length: 2
2023/01/25 17:37:04 deserializeInput: hasCrash false hasNet true
2023/01/25 17:37:04 prog length: 6
2023/01/25 17:37:04 prog length: 5
2023/01/25 17:37:04 deserializeInput: hasCrash false hasNet false
2023/01/25 17:37:04 prog length: 2
2023/01/25 17:37:04 deserializeInput: hasCrash true hasNet false
2023/01/25 17:37:04 prog length: 6
2023/01/25 17:37:04 prog length: 4
2023/01/25 17:37:04 deserializeInput: hasCrash false hasNet false
2023/01/25 17:37:04 prog length: 2
2023/01/25 17:37:04 deserializeInput: hasCrash false hasNet false
2023/01/25 17:37:04 prog length: 2
2023/01/25 17:37:04 deserializeInput: hasCrash false hasNet false
2023/01/25 17:37:04 prog length: 1
2023/01/25 17:37:04 deserializeInput: hasCrash false hasNet true
2023/01/25 17:37:04 prog length: 6
2023/01/25 17:37:04 prog length: 7
2023/01/25 17:37:04 deserializeInput: hasCrash false hasNet false
2023/01/25 17:37:04 prog length: 6
2023/01/25 17:37:04 deserializeInput: hasCrash false hasNet false
2023/01/25 17:37:04 prog length: 3
2023/01/25 17:37:04 deserializeInput: hasCrash true hasNet false
2023/01/25 17:37:04 prog length: 6
2023/01/25 17:37:04 prog length: 3
2023/01/25 17:37:04 deserializeInput: hasCrash false hasNet false
2023/01/25 17:37:04 prog length: 2
2023/01/25 17:37:04 fetching corpus: 150, signal 8239/27849/35481 (executing program)
2023/01/25 17:37:04 poll: candidates=0 inputs=27 signal=2000
2023/01/25 17:37:04 deserializeInput: hasCrash false hasNet false
2023/01/25 17:37:04 prog length: 2
2023/01/25 17:37:04 deserializeInput: hasCrash false hasNet false
2023/01/25 17:37:04 prog length: 4
2023/01/25 17:37:04 deserializeInput: hasCrash false hasNet false
2023/01/25 17:37:04 prog length: 4
2023/01/25 17:37:04 deserializeInput: hasCrash false hasNet true
2023/01/25 17:37:04 prog length: 6
2023/01/25 17:37:04 prog length: 5
2023/01/25 17:37:04 deserializeInput: hasCrash false hasNet true
2023/01/25 17:37:04 prog length: 6
2023/01/25 17:37:04 prog length: 20
2023/01/25 17:37:04 deserializeInput: hasCrash false hasNet false
2023/01/25 17:37:04 prog length: 1
2023/01/25 17:37:04 deserializeInput: hasCrash false hasNet true
2023/01/25 17:37:04 prog length: 6
2023/01/25 17:37:04 prog length: 6
2023/01/25 17:37:04 deserializeInput: hasCrash false hasNet true
2023/01/25 17:37:04 prog length: 6
2023/01/25 17:37:04 prog length: 16
2023/01/25 17:37:04 deserializeInput: hasCrash false hasNet false
2023/01/25 17:37:04 prog length: 2
2023/01/25 17:37:04 deserializeInput: hasCrash false hasNet false
2023/01/25 17:37:04 prog length: 1
2023/01/25 17:37:04 deserializeInput: hasCrash false hasNet false
2023/01/25 17:37:04 prog length: 2
2023/01/25 17:37:04 deserializeInput: hasCrash false hasNet false
2023/01/25 17:37:04 prog length: 2
2023/01/25 17:37:04 deserializeInput: hasCrash false hasNet false
2023/01/25 17:37:04 prog length: 1
2023/01/25 17:37:04 deserializeInput: hasCrash false hasNet false
2023/01/25 17:37:04 prog length: 2
2023/01/25 17:37:04 deserializeInput: hasCrash false hasNet false
2023/01/25 17:37:04 prog length: 1
2023/01/25 17:37:04 deserializeInput: hasCrash false hasNet false
2023/01/25 17:37:04 prog length: 1
2023/01/25 17:37:04 deserializeInput: hasCrash true hasNet false
2023/01/25 17:37:04 prog length: 6
2023/01/25 17:37:04 prog length: 3
2023/01/25 17:37:04 deserializeInput: hasCrash false hasNet false
2023/01/25 17:37:04 prog length: 4
2023/01/25 17:37:04 deserializeInput: hasCrash false hasNet false
2023/01/25 17:37:04 prog length: 2
2023/01/25 17:37:04 deserializeInput: hasCrash true hasNet false
2023/01/25 17:37:04 prog length: 6
2023/01/25 17:37:04 prog length: 3
2023/01/25 17:37:04 deserializeInput: hasCrash false hasNet false
2023/01/25 17:37:04 prog length: 3
2023/01/25 17:37:04 deserializeInput: hasCrash false hasNet false
2023/01/25 17:37:04 prog length: 2
2023/01/25 17:37:04 deserializeInput: hasCrash false hasNet false
2023/01/25 17:37:04 prog length: 2
2023/01/25 17:37:04 deserializeInput: hasCrash false hasNet false
2023/01/25 17:37:04 prog length: 3
2023/01/25 17:37:04 deserializeInput: hasCrash false hasNet false
2023/01/25 17:37:04 prog length: 2
2023/01/25 17:37:04 deserializeInput: hasCrash false hasNet true
2023/01/25 17:37:04 prog length: 6
2023/01/25 17:37:04 prog length: 19
2023/01/25 17:37:04 deserializeInput: hasCrash false hasNet false
2023/01/25 17:37:04 prog length: 2
2023/01/25 17:37:04 fetching corpus: 177, signal 8266/28104/36183 (executing program)
2023/01/25 17:37:04 poll: candidates=0 inputs=0 signal=2000
2023/01/25 17:37:04 fetching corpus: 177, signal 8266/28104/36656 (executing program)
2023/01/25 17:37:04 poll: candidates=0 inputs=0 signal=2000
2023/01/25 17:37:04 fetching corpus: 177, signal 8266/28104/37127 (executing program)
2023/01/25 17:37:04 poll: candidates=0 inputs=0 signal=2000
2023/01/25 17:37:04 fetching corpus: 177, signal 8266/28104/37566 (executing program)
2023/01/25 17:37:04 poll: candidates=0 inputs=0 signal=2000
2023/01/25 17:37:04 fetching corpus: 177, signal 8266/28104/38056 (executing program)
2023/01/25 17:37:04 poll: candidates=0 inputs=0 signal=2000
2023/01/25 17:37:04 fetching corpus: 177, signal 8266/28104/38531 (executing program)
2023/01/25 17:37:04 poll: candidates=0 inputs=0 signal=2000
2023/01/25 17:37:04 fetching corpus: 177, signal 8266/28104/39002 (executing program)
2023/01/25 17:37:04 poll: candidates=0 inputs=0 signal=2000
2023/01/25 17:37:04 fetching corpus: 177, signal 8266/28104/39462 (executing program)
2023/01/25 17:37:04 poll: candidates=0 inputs=0 signal=2000
2023/01/25 17:37:04 fetching corpus: 177, signal 8266/28104/39936 (executing program)
2023/01/25 17:37:04 poll: candidates=0 inputs=0 signal=2000
2023/01/25 17:37:04 fetching corpus: 177, signal 8266/28104/40385 (executing program)
2023/01/25 17:37:04 poll: candidates=0 inputs=0 signal=816
2023/01/25 17:37:04 fetching corpus: 177, signal 8266/28104/40565 (executing program)
2023/01/25 17:37:04 poll: candidates=0 inputs=0 signal=0
2023/01/25 17:37:04 fetching corpus: 177, signal 8266/28104/40565 (executing program)
2023/01/25 17:37:04 sync: 3789, recv: 3787, send: 3788, up: 3790, down: 3784, net_up: 3786, net_down: 3785
2023/01/25 17:37:04 starting 1 fuzzer processes
2023/01/25 17:37:04 ----- generateCall 2373 mkdir mkdir
2023/01/25 17:37:04 ----- generateCall 2459 open$dir open$dir
2023/01/25 17:37:04 ----- generateCall 2458 open open
2023/01/25 17:37:04 ----- generateCall 2458 open open
2023/01/25 17:37:04 ----- generateCall 2459 open$dir open$dir
2023/01/25 17:37:04 ----- generateCall 3678 setxattr$user setxattr$user
2023/01/25 17:37:04 ----- generateCall 3678 setxattr$user setxattr$user
2023/01/25 17:37:04 ----- generateCall 3662 setxattr setxattr
2023/01/25 17:37:04 ----- generateCall 3678 setxattr$user setxattr$user
2023/01/25 17:37:04 ----- generateCall 121 chmod chmod
2023/01/25 17:37:04 ----- generateCall 3678 setxattr$user setxattr$user
2023/01/25 17:37:04 ----- generateCall 3677 setxattr$trusted_overlay_upper setxattr$trusted_overlay_upper
2023/01/25 17:37:04 ----- generateCall 3678 setxattr$user setxattr$user
2023/01/25 17:37:04 ----- generateCall 2809 rename rename
2023/01/25 17:37:04 poll: candidates=0 inputs=0 signal=0
2023/01/25 17:37:04 ----- generateCall 121 chmod chmod
2023/01/25 17:37:04 ----- generateCall 2458 open open
2023/01/25 17:37:04 ----- generateCall 3678 setxattr$user setxattr$user
2023/01/25 17:37:04 ----- generateCall 2346 listxattr listxattr
2023/01/25 17:37:04 ----- generateCall 2458 open open
2023/01/25 17:37:04 ----- generateCall 2814 rmdir rmdir
2023/01/25 17:37:04 map[./file0:true ./file0/file0:true ./file0/file1:true ./file1:true ./file2:true]
2023/01/25 17:37:04 #0: generated
2023/01/25 17:37:04 HasCrashFail: false, .HasNetFail: false
2023/01/25 17:37:04 before return in CmpProgs, HasNetFail: false, HasCrashFail: false
symc3 prog: v0[] = "./file0";
v1[] = "./file0";
v2[] = "./file0";
v3[] = "./file0";
v4[] = "./file0";
v5[] = "./file0";
v6[100];
v7[] = "}#-";
v8[] = "./file0";
v9[100];
v10[] = "}#-";
v11[] = "./file0/file0";
v12[] = "com.apple.system.Security";
v13[] = "-,";
v14[] = "./file0";
v15[100];
v16[] = "}(/";
v17[] = "./file0";
v18[] = "./file0/file0";
v19[100];
v20[] = "*){[[,";
v21[] = "./file0";
v22[100];
v23[] = "{0x0, 0xfb, 0x18, 0x2, 0x30, "ba0a0c4e166bc56366c6c9330af9bb56", "329f0f"}";
v24[] = "./file0/file0";
v25[100];
v26[] = "";
v27[] = "./file0/file1";
v28[] = "./file1";
v29[] = "./file0/file1";
v30[] = "./file0";
v31[] = "./file2";
v32[100];
v33[] = "com.apple.system.Security";
v34[] = "./file0";
v35[] = "88";
v36[] = "./file0/file1";
v37[] = "./file0";

syscall(SYS_mkdir, v0, 48);
syscall(SYS_open, v1, 4194562, 279);
syscall(SYS_open, v2, 1090, 321);
syscall(SYS_open, v3, 3136, 66);
syscall(SYS_open, v4, 98304, 19);
syscall(SYS_setxattr, v5, v6, v7, 4, 2);
syscall(SYS_setxattr, v8, v9, v10, 4, 0);
syscall(SYS_setxattr, v11, v12, v13, 3, 0);
syscall(SYS_setxattr, v14, v15, v16, 4, 6);
syscall(SYS_chmod, v17, 384);
syscall(SYS_setxattr, v18, v19, v20, 7, 0);
syscall(SYS_setxattr, v21, v22, v23, 24, 3);
syscall(SYS_setxattr, v24, v25, v26, 1, 3);
syscall(SYS_rename, v27, v28);
syscall(SYS_chmod, v29, 2);
syscall(SYS_open, v30, 2228482, 51);
syscall(SYS_setxattr, v31, v32, v33, 26, 3);
syscall(SYS_listxattr, v34, v35, 88);
syscall(SYS_open, v36, 12717057, 60);
syscall(SYS_rmdir, v37);

2023/01/25 17:37:04 prog length: 20
2023/01/25 17:37:04 HasCrashFail:false HasNetFail:false
17:37:04 ---executing program 0:
---
---
---
mkdir(&(0x7f0000000000)='./file0\x00', 0x30)
open$dir(&(0x7f0000000040)='./file0\x00', 0x400102, 0x117)
open(&(0x7f0000000080)='./file0\x00', 0x442, 0x141)
open(&(0x7f00000000c0)='./file0\x00', 0xc40, 0x42)
open$dir(&(0x7f0000000100)='./file0\x00', 0x18000, 0x13)
setxattr$user(&(0x7f0000000140)='./file0\x00', &(0x7f0000000180), &(0x7f00000001c0)='}#-\x00', 0x4, 0x2)
setxattr$user(&(0x7f0000000200)='./file0\x00', &(0x7f0000000240), &(0x7f0000000280)='}#-\x00', 0x4, 0x0)
setxattr(&(0x7f00000002c0)='./file0/file0\x00', &(0x7f0000000300)=@known='com.apple.system.Security\x00', &(0x7f0000000340)='-,\x00', 0x3, 0x0)
setxattr$user(&(0x7f0000000380)='./file0\x00', &(0x7f00000003c0), &(0x7f0000000400)='}(/\x00', 0x4, 0x6)
chmod(&(0x7f0000000440)='./file0\x00', 0x180)
setxattr$user(&(0x7f0000000480)='./file0/file0\x00', &(0x7f00000004c0), &(0x7f0000000500)='*){[[,\x00', 0x7, 0x0)
setxattr$trusted_overlay_upper(&(0x7f0000000540)='./file0\x00', &(0x7f0000000580), &(0x7f00000005c0)={0x0, 0xfb, 0x18, 0x2, 0x30, "ba0a0c4e166bc56366c6c9330af9bb56", "329f0f"}, 0x18, 0x3)
setxattr$user(&(0x7f0000000600)='./file0/file0\x00', &(0x7f0000000640), &(0x7f0000000680)='\x00', 0x1, 0x3)
rename(&(0x7f00000006c0)='./file0/file1\x00', &(0x7f0000000700)='./file1\x00')
chmod(&(0x7f0000000740)='./file0/file1\x00', 0x2)
open(&(0x7f0000000780)='./file0\x00', 0x220102, 0x33)
setxattr$user(&(0x7f00000007c0)='./file2\x00', &(0x7f0000000800), &(0x7f0000000840)='com.apple.system.Security\x00', 0x1a, 0x3)
listxattr(&(0x7f0000000880)='./file0\x00', &(0x7f00000008c0)=""/88, 0x58)
open(&(0x7f0000000940)='./file0/file1\x00', 0xc20c01, 0x3c)
rmdir(&(0x7f0000000980)='./file0\x00')
---

end of program
2023/01/25 17:37:04 -----run executor: [/usr/bin/ssh -F /dev/null -o ConnectionAttempts=100 -o ConnectTimeout=120 -o UserKnownHostsFile=/dev/null -o BatchMode=yes -o IdentitiesOnly=yes -o StrictHostKeyChecking=no -o ConnectTimeout=100 -i /home/tlyu/dfs-fuzzing/disk-images/glusterfs-images/focal.id_rsa -v root@192.168.0.50 /root/syz-executor exec 0 0 glusterfs 3 4 192.168.0.50 0 "3 1 ''" false false false false false]
2023/01/25 17:37:04 -----run executor: [/usr/bin/ssh -F /dev/null -o ConnectionAttempts=100 -o ConnectTimeout=120 -o UserKnownHostsFile=/dev/null -o BatchMode=yes -o IdentitiesOnly=yes -o StrictHostKeyChecking=no -o ConnectTimeout=100 -i /home/tlyu/dfs-fuzzing/disk-images/glusterfs-images/focal.id_rsa -v root@192.168.0.51 /root/syz-executor exec 0 1 glusterfs 3 4 192.168.0.50 0 "3 1 ''" false false false false false]
2023/01/25 17:37:04 -----run executor: [/usr/bin/ssh -F /dev/null -o ConnectionAttempts=100 -o ConnectTimeout=120 -o UserKnownHostsFile=/dev/null -o BatchMode=yes -o IdentitiesOnly=yes -o StrictHostKeyChecking=no -o ConnectTimeout=100 -i /home/tlyu/dfs-fuzzing/disk-images/glusterfs-images/focal.id_rsa -v root@192.168.0.52 /root/syz-executor exec 0 2 glusterfs 3 4 192.168.0.50 0 "3 1 ''" false false false false false]
2023/01/25 17:37:04 -----run executor: [/usr/bin/ssh -F /dev/null -o ConnectionAttempts=100 -o ConnectTimeout=120 -o UserKnownHostsFile=/dev/null -o BatchMode=yes -o IdentitiesOnly=yes -o StrictHostKeyChecking=no -o ConnectTimeout=100 -i /home/tlyu/dfs-fuzzing/disk-images/glusterfs-images/focal.id_rsa -v root@192.168.0.53 /root/syz-executor exec 1 3 glusterfs 3 4 192.168.0.50 0 "3 1 ''" false false false false false]
OpenSSH_8.2p1 Ubuntu-4ubuntu0.5, OpenSSL 1.1.1f  31 Mar 2020
debug1: Reading configuration data /dev/null
OpenSSH_8.2p1 Ubuntu-4ubuntu0.5, OpenSSL 1.1.1f  31 Mar 2020
debug1: Reading configuration data /dev/null
debug1: Connecting to 192.168.0.50 [192.168.0.50] port 22.
OpenSSH_8.2p1 Ubuntu-4ubuntu0.5, OpenSSL 1.1.1f  31 Mar 2020
debug1: Reading configuration data /dev/null
OpenSSH_8.2p1 Ubuntu-4ubuntu0.5, OpenSSL 1.1.1f  31 Mar 2020
debug1: Reading configuration data /dev/null
debug1: Connecting to 192.168.0.51 [192.168.0.51] port 22.
debug1: Connecting to 192.168.0.52 [192.168.0.52] port 22.
debug1: fd 3 clearing O_NONBLOCK
debug1: Connection established.
debug1: identity file /home/tlyu/dfs-fuzzing/disk-images/glusterfs-images/focal.id_rsa type -1
debug1: identity file /home/tlyu/dfs-fuzzing/disk-images/glusterfs-images/focal.id_rsa-cert type -1
debug1: Connecting to 192.168.0.53 [192.168.0.53] port 22.
debug1: Local version string SSH-2.0-OpenSSH_8.2p1 Ubuntu-4ubuntu0.5
debug1: fd 3 clearing O_NONBLOCK
debug1: Connection established.
debug1: identity file /home/tlyu/dfs-fuzzing/disk-images/glusterfs-images/focal.id_rsa type -1
debug1: identity file /home/tlyu/dfs-fuzzing/disk-images/glusterfs-images/focal.id_rsa-cert type -1
debug1: Local version string SSH-2.0-OpenSSH_8.2p1 Ubuntu-4ubuntu0.5
debug1: fd 3 clearing O_NONBLOCK
debug1: Connection established.
debug1: identity file /home/tlyu/dfs-fuzzing/disk-images/glusterfs-images/focal.id_rsa type -1
debug1: identity file /home/tlyu/dfs-fuzzing/disk-images/glusterfs-images/focal.id_rsa-cert type -1
debug1: Local version string SSH-2.0-OpenSSH_8.2p1 Ubuntu-4ubuntu0.5
debug1: fd 3 clearing O_NONBLOCK
debug1: Connection established.
debug1: identity file /home/tlyu/dfs-fuzzing/disk-images/glusterfs-images/focal.id_rsa type -1
debug1: identity file /home/tlyu/dfs-fuzzing/disk-images/glusterfs-images/focal.id_rsa-cert type -1
debug1: Local version string SSH-2.0-OpenSSH_8.2p1 Ubuntu-4ubuntu0.5
debug1: Remote protocol version 2.0, remote software version OpenSSH_8.2p1 Ubuntu-4
debug1: match: OpenSSH_8.2p1 Ubuntu-4 pat OpenSSH* compat 0x04000000
debug1: Authenticating to 192.168.0.53:22 as 'root'
debug1: SSH2_MSG_KEXINIT sent
debug1: Remote protocol version 2.0, remote software version OpenSSH_8.2p1 Ubuntu-4
debug1: match: OpenSSH_8.2p1 Ubuntu-4 pat OpenSSH* compat 0x04000000
debug1: Authenticating to 192.168.0.52:22 as 'root'
debug1: SSH2_MSG_KEXINIT sent
debug1: Remote protocol version 2.0, remote software version OpenSSH_8.2p1 Ubuntu-4
debug1: match: OpenSSH_8.2p1 Ubuntu-4 pat OpenSSH* compat 0x04000000
debug1: Authenticating to 192.168.0.51:22 as 'root'
debug1: SSH2_MSG_KEXINIT sent
debug1: SSH2_MSG_KEXINIT received
debug1: kex: algorithm: curve25519-sha256
debug1: kex: host key algorithm: ecdsa-sha2-nistp256
debug1: kex: server->client cipher: chacha20-poly1305@openssh.com MAC: <implicit> compression: none
debug1: kex: client->server cipher: chacha20-poly1305@openssh.com MAC: <implicit> compression: none
debug1: Remote protocol version 2.0, remote software version OpenSSH_8.2p1 Ubuntu-4
debug1: match: OpenSSH_8.2p1 Ubuntu-4 pat OpenSSH* compat 0x04000000
debug1: Authenticating to 192.168.0.50:22 as 'root'
debug1: SSH2_MSG_KEXINIT sent
debug1: expecting SSH2_MSG_KEX_ECDH_REPLY
debug1: SSH2_MSG_KEXINIT received
debug1: kex: algorithm: curve25519-sha256
debug1: kex: host key algorithm: ecdsa-sha2-nistp256
debug1: kex: server->client cipher: chacha20-poly1305@openssh.com MAC: <implicit> compression: none
debug1: kex: client->server cipher: chacha20-poly1305@openssh.com MAC: <implicit> compression: none
debug1: SSH2_MSG_KEXINIT received
debug1: kex: algorithm: curve25519-sha256
debug1: kex: host key algorithm: ecdsa-sha2-nistp256
debug1: kex: server->client cipher: chacha20-poly1305@openssh.com MAC: <implicit> compression: none
debug1: kex: client->server cipher: chacha20-poly1305@openssh.com MAC: <implicit> compression: none
debug1: expecting SSH2_MSG_KEX_ECDH_REPLY
debug1: expecting SSH2_MSG_KEX_ECDH_REPLY
debug1: SSH2_MSG_KEXINIT received
debug1: kex: algorithm: curve25519-sha256
debug1: kex: host key algorithm: ecdsa-sha2-nistp256
debug1: kex: server->client cipher: chacha20-poly1305@openssh.com MAC: <implicit> compression: none
debug1: kex: client->server cipher: chacha20-poly1305@openssh.com MAC: <implicit> compression: none
debug1: expecting SSH2_MSG_KEX_ECDH_REPLY
debug1: Server host key: ecdsa-sha2-nistp256 SHA256:prHFi1G5XXPuzxIh2a5lJaY6ZWltf3+ajD/hEOIDid8
Warning: Permanently added '192.168.0.53' (ECDSA) to the list of known hosts.
debug1: rekey out after 134217728 blocks
debug1: SSH2_MSG_NEWKEYS sent
debug1: expecting SSH2_MSG_NEWKEYS
debug1: SSH2_MSG_NEWKEYS received
debug1: rekey in after 134217728 blocks
debug1: Will attempt key: /home/tlyu/dfs-fuzzing/disk-images/glusterfs-images/focal.id_rsa  explicit
debug1: SSH2_MSG_EXT_INFO received
debug1: kex_input_ext_info: server-sig-algs=<ssh-ed25519,sk-ssh-ed25519@openssh.com,ssh-rsa,rsa-sha2-256,rsa-sha2-512,ssh-dss,ecdsa-sha2-nistp256,ecdsa-sha2-nistp384,ecdsa-sha2-nistp521,sk-ecdsa-sha2-nistp256@openssh.com>
debug1: SSH2_MSG_SERVICE_ACCEPT received
debug1: Server host key: ecdsa-sha2-nistp256 SHA256:prHFi1G5XXPuzxIh2a5lJaY6ZWltf3+ajD/hEOIDid8
Warning: Permanently added '192.168.0.51' (ECDSA) to the list of known hosts.
debug1: Server host key: ecdsa-sha2-nistp256 SHA256:prHFi1G5XXPuzxIh2a5lJaY6ZWltf3+ajD/hEOIDid8
Warning: Permanently added '192.168.0.52' (ECDSA) to the list of known hosts.
debug1: Server host key: ecdsa-sha2-nistp256 SHA256:prHFi1G5XXPuzxIh2a5lJaY6ZWltf3+ajD/hEOIDid8
Warning: Permanently added '192.168.0.50' (ECDSA) to the list of known hosts.
debug1: rekey out after 134217728 blocks
debug1: SSH2_MSG_NEWKEYS sent
debug1: expecting SSH2_MSG_NEWKEYS
debug1: SSH2_MSG_NEWKEYS received
debug1: rekey in after 134217728 blocks
debug1: rekey out after 134217728 blocks
debug1: SSH2_MSG_NEWKEYS sent
debug1: Will attempt key: /home/tlyu/dfs-fuzzing/disk-images/glusterfs-images/focal.id_rsa  explicit
debug1: expecting SSH2_MSG_NEWKEYS
debug1: SSH2_MSG_EXT_INFO received
debug1: kex_input_ext_info: server-sig-algs=<ssh-ed25519,sk-ssh-ed25519@openssh.com,ssh-rsa,rsa-sha2-256,rsa-sha2-512,ssh-dss,ecdsa-sha2-nistp256,ecdsa-sha2-nistp384,ecdsa-sha2-nistp521,sk-ecdsa-sha2-nistp256@openssh.com>
debug1: SSH2_MSG_NEWKEYS received
debug1: rekey in after 134217728 blocks
debug1: Will attempt key: /home/tlyu/dfs-fuzzing/disk-images/glusterfs-images/focal.id_rsa  explicit
debug1: SSH2_MSG_EXT_INFO received
debug1: kex_input_ext_info: server-sig-algs=<ssh-ed25519,sk-ssh-ed25519@openssh.com,ssh-rsa,rsa-sha2-256,rsa-sha2-512,ssh-dss,ecdsa-sha2-nistp256,ecdsa-sha2-nistp384,ecdsa-sha2-nistp521,sk-ecdsa-sha2-nistp256@openssh.com>
debug1: SSH2_MSG_SERVICE_ACCEPT received
debug1: rekey out after 134217728 blocks
debug1: SSH2_MSG_NEWKEYS sent
debug1: expecting SSH2_MSG_NEWKEYS
debug1: SSH2_MSG_NEWKEYS received
debug1: rekey in after 134217728 blocks
debug1: Will attempt key: /home/tlyu/dfs-fuzzing/disk-images/glusterfs-images/focal.id_rsa  explicit
debug1: SSH2_MSG_EXT_INFO received
debug1: kex_input_ext_info: server-sig-algs=<ssh-ed25519,sk-ssh-ed25519@openssh.com,ssh-rsa,rsa-sha2-256,rsa-sha2-512,ssh-dss,ecdsa-sha2-nistp256,ecdsa-sha2-nistp384,ecdsa-sha2-nistp521,sk-ecdsa-sha2-nistp256@openssh.com>
debug1: SSH2_MSG_SERVICE_ACCEPT received
debug1: Authentications that can continue: publickey,password
debug1: Next authentication method: publickey
debug1: Trying private key: /home/tlyu/dfs-fuzzing/disk-images/glusterfs-images/focal.id_rsa
debug1: Authentications that can continue: publickey,password
debug1: Next authentication method: publickey
debug1: Trying private key: /home/tlyu/dfs-fuzzing/disk-images/glusterfs-images/focal.id_rsa
debug1: Authentications that can continue: publickey,password
debug1: Next authentication method: publickey
debug1: Trying private key: /home/tlyu/dfs-fuzzing/disk-images/glusterfs-images/focal.id_rsa
debug1: Authentication succeeded (publickey).
Authenticated to 192.168.0.53 ([192.168.0.53]:22).
debug1: channel 0: new [client-session]
debug1: Requesting no-more-sessions@openssh.com
debug1: Entering interactive session.
debug1: pledge: network
debug1: Authentication succeeded (publickey).
Authenticated to 192.168.0.50 ([192.168.0.50]:22).
debug1: channel 0: new [client-session]
debug1: Requesting no-more-sessions@openssh.com
debug1: Entering interactive session.
debug1: pledge: network
debug1: Authentication succeeded (publickey).
Authenticated to 192.168.0.51 ([192.168.0.51]:22).
debug1: channel 0: new [client-session]
debug1: Requesting no-more-sessions@openssh.com
debug1: Entering interactive session.
debug1: pledge: network
debug1: SSH2_MSG_SERVICE_ACCEPT received
debug1: Authentications that can continue: publickey,password
debug1: Next authentication method: publickey
debug1: Trying private key: /home/tlyu/dfs-fuzzing/disk-images/glusterfs-images/focal.id_rsa
debug1: client_input_global_request: rtype hostkeys-00@openssh.com want_reply 0
debug1: Remote: /root/.ssh/authorized_keys:1: key options: agent-forwarding port-forwarding pty user-rc x11-forwarding
debug1: Authentication succeeded (publickey).
Authenticated to 192.168.0.52 ([192.168.0.52]:22).
debug1: channel 0: new [client-session]
debug1: Requesting no-more-sessions@openssh.com
debug1: Entering interactive session.
debug1: pledge: network
debug1: client_input_global_request: rtype hostkeys-00@openssh.com want_reply 0
debug1: Remote: /root/.ssh/authorized_keys:1: key options: agent-forwarding port-forwarding pty user-rc x11-forwarding
debug1: client_input_global_request: rtype hostkeys-00@openssh.com want_reply 0
debug1: Remote: /root/.ssh/authorized_keys:1: key options: agent-forwarding port-forwarding pty user-rc x11-forwarding
debug1: Sending command: /root/syz-executor exec 1 3 glusterfs 3 4 192.168.0.50 0 "3 1 ''" false false false false false
debug1: Sending command: /root/syz-executor exec 0 0 glusterfs 3 4 192.168.0.50 0 "3 1 ''" false false false false false
debug1: client_input_global_request: rtype hostkeys-00@openssh.com want_reply 0
debug1: Remote: /root/.ssh/authorized_keys:1: key options: agent-forwarding port-forwarding pty user-rc x11-forwarding
syz_reboot() time executor starts at 1674664624:638609
----- is restarting 0
---- dfs_name glusterfs is_dfs_client 1
before receiving handshake request
[    0.000000] kernel: Linux version 5.15.0+ (tlyu@IC-RS3-DPC07) (gcc (Ubuntu 9.4.0-1ubuntu1~20.04.1) 9.4.0, GNU ld (GNU Binutils for Ubuntu) 2.34) #8 SMP Fri Jun 3 16:18:40 CEST 2022
[    0.000000] kernel: Command line: root=/dev/sda console=ttyS0 net.ifnames=0 ip=192.168.0.53
[    0.000000] kernel: x86/fpu: Supporting XSAVE feature 0x001: 'x87 floating point registers'
[    0.000000] kernel: x86/fpu: Supporting XSAVE feature 0x002: 'SSE registers'
[    0.000000] kernel: x86/fpu: Supporting XSAVE feature 0x004: 'AVX registers'
[    0.000000] kernel: x86/fpu: Supporting XSAVE feature 0x008: 'MPX bounds registers'
[    0.000000] kernel: x86/fpu: Supporting XSAVE feature 0x010: 'MPX CSR'
[    0.000000] kernel: x86/fpu: Supporting XSAVE feature 0x020: 'AVX-512 opmask'
[    0.000000] kernel: x86/fpu: Supporting XSAVE feature 0x040: 'AVX-512 Hi256'
[    0.000000] kernel: x86/fpu: Supporting XSAVE feature 0x080: 'AVX-512 ZMM_Hi256'
[    0.000000] kernel: x86/fpu: Supporting XSAVE feature 0xsyz_reboot() time executor starts at 1674664624:703705
----- is restarting 0
---- dfs_name glusterfs is_dfs_client 0
200: 'Protection Keys User registers'
[    0.000000] kernel: x86/fpu: xstate_offset[2]:  576, xstate_sizes[2]:  256
[    0.000000] kernel: x86/fpu: xstate_offset[3]:  832, xstate_sizes[3]:   64
[    0.000000] kernel: x86/fpu: xstate_offset[4]:  896, xstate_sizes[4]:   64
[    0.000000] kernel: x86/fpu: xstate_offset[5]:  960, xstate_sizes[5]:   64
[    0.000000] kernel: x86/fpu: xstate_offset[6]: 1024, xstate_sizes[6]:  512
[    0.000000] kernel: x86/fpu: xstate_offset[7]: 1536, xstate_sizes[7]: 1024
[    0.000000] kernel: x86/fpu: xstate_offset[9]: 2560, xstate_sizes[9]:    8
[    0.000000] kernel: x86/fpu: Enabled xstate features 0x2ff, context size is 2568 bytes, using 'compacted' format.
[    0.000000] kernel: signal: max sigframe size: 3632
[    0.000000] kernel: BIOS-provided physical RAM map:
[    0.000000] kernel: BIOS-e820: [mem 0x0000000000000000-0x000000000009fbff] usable
[    0.000000] kernel: BIOS-e820: [mem 0x000000000009fc00-0x000000000009ffff] reserved
[    0.000000] kdebug1: Sending command: /root/syz-executor exec 0 1 glusterfs 3 4 192.168.0.50 0 "3 1 ''" false false false false false
ernel: BIOS-e820: [mem 0x00000000000f0000-0x00000000000fffff] reserved
[    0.000000] kernel: BIOS-e820: [mem 0x0000000000100000-0x00000000bffdffff] usable
[    0.000000] kernel: BIOS-e820: [mem 0x00000000bffe0000-0x00000000bfffffff] reserved
[    0.000000] kernel: BIOS-e820: [mem 0x00000000feffc000-0x00000000feffffff] reserved
[    0.000000] kernel: BIOS-e820: [mem 0x00000000fffc0000-0x00000000ffffffff] reserved
[    0.000000] kernel: BIOS-e820: [mem 0x0000000100000000-0x00000002bfffffff] usable
[    0.000000] kernel: NX (Execute Disable) protection: active
[    0.000000] kernel: SMBIOS 2.8 present.
[    0.000000] kernel: DMI: QEMU Standard PC (i440FX + PIIX, 1996), BIOS 1.13.0-1ubuntu1.1 04/01/2014
[    0.000000] kernel: Hypervisor detected: KVM
[    0.000000] kernel: kvm-clock: Using msrs 4b564d01 and 4b564d00
[    0.000000] kernel: kvm-clock: cpu 0, msr 24a958001, primary cpu clock
[    0.000002] kernel: kvm-clock: using sched offset of 500875858 cycles
[    0.000011] kernel: clocksource: kvm-clock: mask: 0xffffffffffffffff max_cycles: 0x1cd42e4dffb, max_idle_ns: 881590591483 ns
[    0.000028] kernel: tsc: Detected 2496.000 MHz processor
[    0.006239] kernel: e820: update [mem 0x00000000-0x00000fff] usable ==> reserved
[    0.006259] kernel: e820: remove [mem 0x000a0000-0x000fffff] usable
[    0.006277] kernel: last_pfn = 0x2c0000 max_arch_pfn = 0x400000000
[    0.006349] kernel: x86/PAT: Configuration [0-7]: WB  WC  UC- UC  WB  WP  UC- WT  
[    0.006363] kernel: last_pfn = 0xbffe0 max_arch_pfn = 0x400000000
[    0.014416] kernel: found SMP MP-table at [mem 0x000f5c80-0x000f5c8f]
[    0.014473] kernel: Using GB pages for direct mapping
[    0.015151] kernel: ACPI: Early table checksum verification disabled
[    0.015161] kernel: ACPI: RSDP 0x00000000000F5A50 000014 (v00 BOCHS )
[    0.015186] kernel: ACPI: RSDT 0x00000000BFFE15C9 000030 (v01 BOCHS  BXPCRSDT 00000001 BXPC 00000001)
[    0.015213] kernel: ACPI: FACP 0x00000000BFFE149D 000074 (v01 BOCHS  BXPCFACP 00000001 BXPC 00000001)
[    0.015243] kernel: ACPI: DSDT 0x00000000BFFE0040 00145D (v01 BOCHS  BXPCDSDT 00000001 BXPC 00000001)
[    0.015267] kernel: ACPI: FACS 0x00000000BFFE0000 000040
[    0.015285] kernel: ACPI: APIC 0x00000000BFFE1511 000080 (v01 BOCHS  BXPCAPIC 00000001 BXPC 00000001)
[    0.015309] kernel: ACPI: HPET 0x00000000BFFE1591 000038 (v01 BOCHS  BXPCHPET 00000001 BXPC 00000001)
[    0.015335] kernel: ACPI: Reserving FACP table memory at [mem 0xbffe149d-0xbffe1510]
[    0.015346] kernel: ACPI: Reserving DSDT table memory at [mem 0xbffe0040-0xbffe149c]
[    0.015356] kernel: ACPI: Reserving FACS table memory at [mem 0xbffe0000-0xbffe003f]
[    0.015366] kernel: ACPI: Reserving APIC table memory at [mem 0xbffe1511-0xbffe1590]
[    0.015376] kernel: ACPI: Reserving HPET table memory at [mem 0xbffe1591-0xbffe15c8]
[    0.016239] kernel: No NUMA configuration found
[    0.016247] kernel: Faking a node at [mem 0x0000000000000000-0x00000002bfffffff]
[    0.016264] kernel:unlink FIFO failed: No such file or directory
[    0.000000] kernel: Linux version 5.15.0+ (tlyu@IC-RS3-DPC07) (gcc (Ubuntu 9.4.0-1ubuntu1~20.04.1) 9.4.0, GNU ld (GNU Binutils for Ubuntu) 2.34) #8 SMP Fri Jun 3 16:18:40 CEST 2022
[    0.000000] kernel: Command line: root=/dev/sda console=ttyS0 net.ifnames=0 ip=192.168.0.50
[    0.000000] kernel: x86/fpu: Supporting XSAVE feature 0x001: 'x87 floating point registers'
[    0.000000] kernel: x86/fpu: Supporting XSAVE feature 0x002: 'SSE registers'
[    0.000000] kernel: x86/fpu: Supporting XSAVE feature 0x004: 'AVX registers'
[    0.000000] kernel: x86/fpu: Supporting XSAVE feature 0x008: 'MPX bounds registers'
[    0.000000] kernel: x86/fpu: Supporting XSAVE feature 0x010: 'MPX CSR'
[    0.000000] kernel: x86/fpu: Supporting XSAVE feature 0x020: 'AVX-512 opmask'
[    0.000000] kernel: x86/fpu: Supporting XSAVE feature 0x040: 'AVX-512 Hi256'
[    0.000000] kernel: x86/fpu: Supporting XSAVE feature 0x080: 'AVX-512 ZMM_Hi256'
[    0.000000] kernel: x86/fpu: Supporting XSAVE feature 0x NODE_DATA(0) allocated [mem 0x2bfffc000-0x2bfffffff]
[    0.016672] kernel: Zone ranges:
[    0.016680] kernel:   DMA      [mem 0x0000000000001000-0x0000000000ffffff]
[    0.016692] kernel:   DMA32    [mem 0x0000000001000000-0x00000000ffffffff]
[    0.016704] kernel:   Normal   [mem 0x0000000100000000-0x00000002bfffffff]
[    0.016715] kernel: Movable zone start for each node
[    0.016720] kernel: Early memory node ranges
[    0.016725] kernel:   node   0: [mem 0x0000000000001000-0x000000000009efff]
[    0.016735] kernel:   node   0: [mem 0x0000000000100000-0x00000000bffdffff]
[    0.016745] kernel:   node   0: [mem 0x0000000100000000-0x00000002bfffffff]
[    0.016758] kernel: Initmem setup node 0 [mem 0x0000000000001000-0x00000002bfffffff]
[    0.017040] kernel: On node 0, zone DMA: 1 pages in unavailable ranges
[    0.017113] kernel: On node 0, zone DMA: 97 pages in unavailable ranges
[    0.086810] kernel: On node 0, zone Normal: 32 pages in unavailable ranges
[    0.337255] kern200: 'Protection Keys User registers'
[    0.000000] kernel: x86/fpu: xstate_offset[2]:  576, xstate_sizes[2]:  256
[    0.000000] kernel: x86/fpu: xstate_offset[3]:  832, xstate_sizes[3]:   64
[    0.000000] kernel: x86/fpu: xstate_offset[4]:  896, xstate_sizes[4]:   64
[    0.000000] kernel: x86/fpu: xstate_offset[5]:  960, xstate_sizes[5]:   64
[    0.000000] kernel: x86/fpu: xstate_offset[6]: 1024, xstate_sizes[6]:  512
[    0.000000] kernel: x86/fpu: xstate_offset[7]: 1536, xstate_sizes[7]: 1024
[    0.000000] kernel: x86/fpu: xstate_offset[9]: 2560, xstate_sizes[9]:    8
[    0.000000] kernel: x86/fpu: Enabled xstate features 0x2ff, context size is 2568 bytes, using 'compacted' format.
[    0.000000] kernel: signal: max sigframe size: 3632
[    0.000000] kernel: BIOS-provided physical RAM map:
[    0.000000] kernel: BIOS-e820: [mem 0x0000000000000000-0x000000000009fbff] usable
[    0.000000] kernel: BIOS-e820: [mem 0x000000000009fc00-0x000000000009ffff] reserved
[    0.000000] kel: kasan: KernelAddressSanitizer initialized
[    0.337673] kernel: ACPI: PM-Timer IO Port: 0x608
[    0.337699] kernel: ACPI: LAPIC_NMI (acpi_id[0xff] dfl dfl lint[0x1])
[    0.337749] kernel: IOAPIC[0]: apic_id 0, version 17, address 0xfec00000, GSI 0-23
[    0.337767] kernel: ACPI: INT_SRC_OVR (bus 0 bus_irq 0 global_irq 2 dfl dfl)
[    0.337780] kernel: ACPI: INT_SRC_OVR (bus 0 bus_irq 5 global_irq 5 high level)
[    0.337791] kernel: ACPI: INT_SRC_OVR (bus 0 bus_irq 9 global_irq 9 high level)
[    0.337803] kernel: ACPI: INT_SRC_OVR (bus 0 bus_irq 10 global_irq 10 high level)
[    0.337815] kernel: ACPI: INT_SRC_OVR (bus 0 bus_irq 11 global_irq 11 high level)
[    0.337837] kernel: ACPI: Using ACPI (MADT) for SMP configuration information
[    0.337844] kernel: ACPI: HPET id: 0x8086a201 base: 0xfed00000
[    0.337858] kernel: TSC deadline timer available
[    0.337864] kernel: smpboot: Allowing 2 CPUs, 0 hotplug CPUs
[    0.337906] kernel: kvm-guest: KVM setup pv remote TLB flusernel: BIOS-e820: [mem 0x00000000000f0000-0x00000000000fffff] reserved
[    0.000000] kernel: BIOS-e820: [mem 0x0000000000100000-0x00000000bffdcfff] usable
[    0.000000] kernel: BIOS-e820: [mem 0x00000000bffdd000-0x00000000bfffffff] reserved
[    0.000000] kernel: BIOS-e820: [mem 0x00000000feffc000-0x00000000feffffff] reserved
[    0.000000] kernel: BIOS-e820: [mem 0x00000000fffc0000-0x00000000ffffffff] reserved
[    0.000000] kernel: BIOS-e820: [mem 0x0000000100000000-0x00000002bfffffff] usable
[    0.000000] kernel: NX (Execute Disable) protection: active
[    0.000000] kernel: SMBIOS 2.8 present.
[    0.000000] kernel: DMI: QEMU Standard PC (i440FX + PIIX, 1996), BIOS 1.13.0-1ubuntu1.1 04/01/2014
[    0.000000] kernel: Hypervisor detected: KVM
[    0.000000] kernel: kvm-clock: Using msrs 4b564d01 and 4b564d00
[    0.000000] kernel: kvm-clock: cpu 0, msr f958001, primary cpu clock
[    0.000003] kernel: kvm-clock: using sched offset of 473002234 cycles
[    0.000017] kernel: clocksh
[    0.337918] kernel: kvm-guest: setup PV sched yield
[    0.337954] kernel: PM: hibernation: Registered nosave memory: [mem 0x00000000-0x00000fff]
[    0.337968] kernel: PM: hibernation: Registered nosave memory: [mem 0x0009f000-0x0009ffff]
[    0.337977] kernel: PM: hibernation: Registered nosave memory: [mem 0x000a0000-0x000effff]
[    0.337986] kernel: PM: hibernation: Registered nosave memory: [mem 0x000f0000-0x000fffff]
[    0.337999] kernel: PM: hibernation: Registered nosave memory: [mem 0xbffe0000-0xbfffffff]
[    0.338008] kernel: PM: hibernation: Registered nosave memory: [mem 0xc0000000-0xfeffbfff]
[    0.338017] kernel: PM: hibernation: Registered nosave memory: [mem 0xfeffc000-0xfeffffff]
[    0.338026] kernel: PM: hibernation: Registered nosave memory: [mem 0xff000000-0xfffbffff]
[    0.338035] kernel: PM: hibernation: Registered nosave memory: [mem 0xfffc0000-0xffffffff]
[    0.338046] kernel: [mem 0xc0000000-0xfeffbfff] available for PCI devices
[    0.338055] kernel: Booting paravirtualized kernel on KVM
[    0.338064] kernel: clocksource: refined-jiffies: mask: 0xffffffff max_cycles: 0xffffffff, max_idle_ns: 1910969940391419 ns
[    0.353280] kernel: setup_percpu: NR_CPUS:64 nr_cpumask_bits:64 nr_cpu_ids:2 nr_node_ids:1
[    0.353960] kernel: percpu: Embedded 56 pages/cpu s191576 r8192 d29608 u1048576
[    0.354015] kernel: pcpu-alloc: s191576 r8192 d29608 u1048576 alloc=1*2097152
[    0.354038] kernel: pcpu-alloc: [0] 0 1 
[    0.354166] kernel: kvm-guest: setup async PF for cpu 0
[    0.354187] kernel: kvm-guest: stealtime: cpu 0, msr 26521f140
[    0.354207] kernel: Built 1 zonelists, mobility grouping on.  Total pages: 2580192
[    0.354224] kernel: Policy zone: Normal
[    0.354235] kernel: Kernel command line: root=/dev/sda console=ttyS0 net.ifnames=0 ip=192.168.0.53
[    0.358804] kernel: Dentry cache hash table entries: 2097152 (order: 12, 16777216 bytes, linear)
[    0.360524] kernel: Inode-cache hash table entries: 1048576 (order: 1ource: kvm-clock: mask: 0xffffffffffffffff max_cycles: 0x1cd42e4dffb, max_idle_ns: 881590591483 ns
[    0.000041] kernel: tsc: Detected 2496.000 MHz processor
[    0.008393] kernel: e820: update [mem 0x00000000-0x00000fff] usable ==> reserved
[    0.008431] kernel: e820: remove [mem 0x000a0000-0x000fffff] usable
[    0.008459] kernel: last_pfn = 0x2c0000 max_arch_pfn = 0x400000000
[    0.008543] kernel: x86/PAT: Configuration [0-7]: WB  WC  UC- UC  WB  WP  UC- WT  
[    0.008563] kernel: last_pfn = 0xbffdd max_arch_pfn = 0x400000000
[    0.018528] kernel: found SMP MP-table at [mem 0x000f5c70-0x000f5c7f]
[    0.018616] kernel: Using GB pages for direct mapping
[    0.022846] kernel: ACPI: Early table checksum verification disabled
[    0.022865] kernel: ACPI: RSDP 0x00000000000F5A40 000014 (v00 BOCHS )
[    0.022903] kernel: ACPI: RSDT 0x00000000BFFE15C9 000030 (v01 BOCHS  BXPCRSDT 00000001 BXPC 00000001)
[    0.022943] kernel: ACPI: FACP 0x00000000BFFE149D 000074 (v01 BOCHS  BXPCFACP1, 8388608 bytes, linear)
[    0.360668] kernel: mem auto-init: stack:off, heap alloc:off, heap free:off
[    0.602783] kernel: Memory: 8818324K/10485240K available (47117K kernel code, 10298K rwdata, 7204K rodata, 2068K init, 2860K bss, 1666660K reserved, 0K cma-reserved)
[    0.603029] kernel: SLUB: HWalign=64, Order=0-3, MinObjects=0, CPUs=2, Nodes=1
[    0.603792] kernel: rcu: Hierarchical RCU implementation.
[    0.603804] kernel: rcu:         RCU event tracing is enabled.
[    0.603810] kernel: rcu:         RCU restricting CPUs from NR_CPUS=64 to nr_cpu_ids=2.
[    0.603821] kernel: rcu: RCU calculated value of scheduler-enlistment delay is 100 jiffies.
[    0.603829] kernel: rcu: Adjusting geometry for rcu_fanout_leaf=16, nr_cpu_ids=2
[    0.613946] kernel: NR_IRQS: 4352, nr_irqs: 440, preallocated irqs: 16
[    0.614414] kernel: random: get_random_bytes called from start_kernel+0x22b/0x456 with crng_init=0
[    0.619130] kernel: Console: colour VGA+ 80x25
[    0.707974] kernel 00000001 BXPC 00000001)
[    0.022986] kernel: ACPI: DSDT 0x00000000BFFE0040 00145D (v01 BOCHS  BXPCDSDT 00000001 BXPC 00000001)
[    0.023020] kernel: ACPI: FACS 0x00000000BFFE0000 000040
[    0.023047] kernel: ACPI: APIC 0x00000000BFFE1511 000080 (v01 BOCHS  BXPCAPIC 00000001 BXPC 00000001)
[    0.023083] kernel: ACPI: HPET 0x00000000BFFE1591 000038 (v01 BOCHS  BXPCHPET 00000001 BXPC 00000001)
[    0.023115] kernel: ACPI: Reserving FACP table memory at [mem 0xbffe149d-0xbffe1510]
[    0.023132] kernel: ACPI: Reserving DSDT table memory at [mem 0xbffe0040-0xbffe149c]
[    0.023147] kernel: ACPI: Reserving FACS table memory at [mem 0xbffe0000-0xbffe003f]
[    0.023162] kernel: ACPI: Reserving APIC table memory at [mem 0xbffe1511-0xbffe1590]
[    0.023177] kernel: ACPI: Reserving HPET table memory at [mem 0xbffe1591-0xbffe15c8]
[    0.024624] kernel: No NUMA configuration found
[    0.024638] kernel: Faking a node at [mem 0x0000000000000000-0x00000002bfffffff]
[    0.024666] kernel: N: printk: console [ttyS0] enabled
[    0.708652] kernel: ACPI: Core revision 20210730
[    0.709650] kernel: clocksource: hpet: mask: 0xffffffff max_cycles: 0xffffffff, max_idle_ns: 19112604467 ns
[    0.711015] kernel: APIC: Switch to symmetric I/O mode setup
[    0.711698] kernel: kvm-guest: setup PV IPIs
[    0.713695] kernel: ..TIMER: vector=0x30 apic1=0 pin1=2 apic2=-1 pin2=-1
[    0.714630] kernel: clocksource: tsc-early: mask: 0xffffffffffffffff max_cycles: 0x23fa772cf26, max_idle_ns: 440795269835 ns
[    0.716120] kernel: Calibrating delay loop (skipped) preset value.. 4992.00 BogoMIPS (lpj=2496000)
[    0.717112] kernel: pid_max: default: 32768 minimum: 301
[    0.718171] kernel: LSM: Security Framework initializing
[    0.718891] kernel: SELinux:  Initializing.
[    0.719386] kernel: Mount-cache hash table entries: 32768 (order: 6, 262144 bytes, linear)
[    0.720101] kernel: Mountpoint-cache hash table entries: 32768 (order: 6, 262144 bytes, linear)
[    0.721525] kernel: xsyz_reboot() time executor starts at 1674664624:731826
----- is restarting 0
---- dfs_name glusterfs is_dfs_client 0
ODE_DATA(0) allocated [mem 0x2bfffa000-0x2bfffdfff]
[    0.024786] kernel: Zone ranges:
[    0.024795] kernel:   DMA      [mem 0x0000000000001000-0x0000000000ffffff]
[    0.024815] kernel:   DMA32    [mem 0x0000000001000000-0x00000000ffffffff]
[    0.024833] kernel:   Normal   [mem 0x0000000100000000-0x00000002bfffffff]
[    0.024851] kernel: Movable zone start for each node
[    0.024859] kernel: Early memory node ranges
[    0.024867] kernel:   node   0: [mem 0x0000000000001000-0x000000000009efff]
[    0.024883] kernel:   node   0: [mem 0x0000000000100000-0x00000000bffdcfff]
[    0.024900] kernel:   node   0: [mem 0x0000000100000000-0x00000002bfffffff]
[    0.024919] kernel: Initmem setup node 0 [mem 0x0000000000001000-0x00000002bfffffff]
[    0.025233] kernel: On node 0, zone DMA: 1 pages in unavailable ranges
[    0.025373] kernel: On node 0, zone DMA: 97 pages in unavailable ranges
[    0.134821] kernel: On node 0, zone Normal: 35 pages in unavailable ranges
[    0.556646] kernelexecutor 0 finishes userspace_cover_open
before receiving handshake request
86/cpu: User Mode Instruction Prevention (UMIP) activated
[    0.722277] kernel: Last level iTLB entries: 4KB 0, 2MB 0, 4MB 0
[    0.723107] kernel: Last level dTLB entries: 4KB 0, 2MB 0, 4MB 0, 1GB 0
[    0.724137] kernel: Spectre V1 : Mitigation: usercopy/swapgs barriers and __user pointer sanitization
[    0.725119] kernel: Spectre V2 : Mitigation: Enhanced IBRS
[    0.725658] kernel: Spectre V2 : Spectre v2 / SpectreRSB mitigation: Filling RSB on context switch
[    0.726125] kernel: Spectre V2 : mitigation: Enabling conditional Indirect Branch Prediction Barrier
[    0.727115] kernel: Speculative Store Bypass: Mitigation: Speculative Store Bypass disabled via prctl and seccomp
[    0.763389] kernel: Freeing SMP alternatives memory: 40K
[    0.764432] kernel: smpboot: CPU0: 11th Gen Intel(R) Core(TM) i7-11700 @ 2.50GHz (family: 0x6, model: 0xa7, stepping: 0x1)
[    0.765576] kernel: Performance Events: Icelake events, 32-deep LBR, full-width counters, Intel PMU driver.
[    0.7670: kasan: KernelAddressSanitizer initialized
[    0.557146] kernel: ACPI: PM-Timer IO Port: 0x608
[    0.557185] kernel: ACPI: LAPIC_NMI (acpi_id[0xff] dfl dfl lint[0x1])
[    0.557265] kernel: IOAPIC[0]: apic_id 0, version 17, address 0xfec00000, GSI 0-23
[    0.557291] kernel: ACPI: INT_SRC_OVR (bus 0 bus_irq 0 global_irq 2 dfl dfl)
[    0.557311] kernel: ACPI: INT_SRC_OVR (bus 0 bus_irq 5 global_irq 5 high level)
[    0.557329] kernel: ACPI: INT_SRC_OVR (bus 0 bus_irq 9 global_irq 9 high level)
[    0.557346] kernel: ACPI: INT_SRC_OVR (bus 0 bus_irq 10 global_irq 10 high level)
[    0.557364] kernel: ACPI: INT_SRC_OVR (bus 0 bus_irq 11 global_irq 11 high level)
[    0.557395] kernel: ACPI: Using ACPI (MADT) for SMP configuration information
[    0.557406] kernel: ACPI: HPET id: 0x8086a201 base: 0xfed00000
[    0.557428] kernel: TSC deadline timer available
[    0.557438] kernel: smpboot: Allowing 2 CPUs, 0 hotplug CPUs
[    0.557492] kernel: kvm-guest: KVM setup pv remote TLB flush
53] kernel: ... version:                2
[    0.767109] kernel: ... bit width:              48
[    0.767466] kernel: ... generic registers:      8
[    0.767848] kernel: ... value mask:             0000ffffffffffff
[    0.768115] kernel: ... max period:             00007fffffffffff
[    0.768678] kernel: ... fixed-purpose events:   3
[    0.769029] kernel: ... event mask:             00000007000000ff
[    0.769432] kernel: rcu: Hierarchical SRCU implementation.
[    0.771510] kernel: smp: Bringing up secondary CPUs ...
[    0.772245] kernel: x86: Booting SMP configuration:
[    0.772671] kernel: .... node  #0, CPUs:      #1
[    0.099804] kernel: kvm-clock: cpu 1, msr 24a958041, secondary cpu clock
[    0.099804] kernel: smpboot: CPU 1 Converting physical 0 to logical die 1
[    0.776165] kernel: kvm-guest: setup async PF for cpu 1
[    0.776581] kernel: kvm-guest: stealtime: cpu 1, msr 26531f140
[    0.777200] kernel: smp: Brought up 1 node, 2 CPUs
[    0.777670] kernel: smpboot: M[    0.557505] kernel: kvm-guest: setup PV sched yield
[    0.557562] kernel: PM: hibernation: Registered nosave memory: [mem 0x00000000-0x00000fff]
[    0.557582] kernel: PM: hibernation: Registered nosave memory: [mem 0x0009f000-0x0009ffff]
[    0.557597] kernel: PM: hibernation: Registered nosave memory: [mem 0x000a0000-0x000effff]
[    0.557611] kernel: PM: hibernation: Registered nosave memory: [mem 0x000f0000-0x000fffff]
[    0.557630] kernel: PM: hibernation: Registered nosave memory: [mem 0xbffdd000-0xbfffffff]
[    0.557644] kernel: PM: hibernation: Registered nosave memory: [mem 0xc0000000-0xfeffbfff]
[    0.557657] kernel: PM: hibernation: Registered nosave memory: [mem 0xfeffc000-0xfeffffff]
[    0.557672] kernel: PM: hibernation: Registered nosave memory: [mem 0xff000000-0xfffbffff]
[    0.557687] kernel: PM: hibernation: Registered nosave memory: [mem 0xfffc0000-0xffffffff]
[    0.557705] kernel: [mem 0xc0000000-0xfeffbfff] available for PCI devices
[    0.557719] kernelax logical packages: 2
[    0.778127] kernel: smpboot: Total of 2 processors activated (9984.00 BogoMIPS)
[    0.781331] kernel: devtmpfs: initialized
[    0.789358] kernel: clocksource: jiffies: mask: 0xffffffff max_cycles: 0xffffffff, max_idle_ns: 1911260446275000 ns
[    0.790117] kernel: futex hash table entries: 512 (order: 3, 32768 bytes, linear)
[    0.791477] kernel: PM: RTC time: 16:36:51, date: 2023-01-25
[    0.792782] kernel: NET: Registered PF_NETLINK/PF_ROUTE protocol family
[    0.794273] kernel: audit: initializing netlink subsys (disabled)
[    0.795154] kernel: audit: type=2000 audit(1674664612.132:1): state=initialized audit_enabled=0 res=1
[    0.796173] kernel: thermal_sys: Registered thermal governor 'step_wise'
[    0.796183] kernel: thermal_sys: Registered thermal governor 'user_space'
[    0.797118] kernel: cpuidle: using governor menu
[    0.798524] kernel: ACPI: bus type PCI registered
[    0.799594] kernel: PCI: Using configuration type 1 for base access
[ : Booting paravirtualized kernel on KVM
[    0.557733] kernel: clocksource: refined-jiffies: mask: 0xffffffff max_cycles: 0xffffffff, max_idle_ns: 1910969940391419 ns
[    0.574226] kernel: setup_percpu: NR_CPUS:64 nr_cpumask_bits:64 nr_cpu_ids:2 nr_node_ids:1
[    0.574995] kernel: percpu: Embedded 56 pages/cpu s191576 r8192 d29608 u1048576
[    0.575049] kernel: pcpu-alloc: s191576 r8192 d29608 u1048576 alloc=1*2097152
[    0.575073] kernel: pcpu-alloc: [0] 0 1 
[    0.575206] kernel: kvm-guest: setup async PF for cpu 0
[    0.575224] kernel: kvm-guest: stealtime: cpu 0, msr 26521f140
[    0.575241] kernel: Built 1 zonelists, mobility grouping on.  Total pages: 2580189
[    0.575256] kernel: Policy zone: Normal
[    0.575267] kernel: Kernel command line: root=/dev/sda console=ttyS0 net.ifnames=0 ip=192.168.0.50
[    0.580358] kernel: Dentry cache hash table entries: 2097152 (order: 12, 16777216 bytes, linear)
[    0.583115] kernel: Inode-cache hash table entries: 1048576 (order: 11,   0.835083] kernel: Kprobes globally optimized
[    0.835352] kernel: HugeTLB registered 2.00 MiB page size, pre-allocated 0 pages
[    0.836334] kernel: cryptomgr_test (26) used greatest stack depth: 30608 bytes left
[    0.839301] kernel: ACPI: Added _OSI(Module Device)
[    0.839795] kernel: ACPI: Added _OSI(Processor Device)
[    0.840142] kernel: ACPI: Added _OSI(3.0 _SCP Extensions)
[    0.840704] kernel: ACPI: Added _OSI(Processor Aggregator Device)
[    0.841121] kernel: ACPI: Added _OSI(Linux-Dell-Video)
[    0.841721] kernel: ACPI: Added _OSI(Linux-Lenovo-NV-HDMI-Audio)
[    0.842118] kernel: ACPI: Added _OSI(Linux-HPI-Hybrid-Graphics)
[    0.870381] kernel: ACPI: 1 ACPI AML tables successfully acquired and loaded
[    0.878205] kernel: ACPI: Interpreter enabled
[    0.878874] kernel: ACPI: PM: (supports S0 S3 S4 S5)
[    0.879109] kernel: ACPI: Using IOAPIC for interrupt routing
[    0.879870] kernel: PCI: Using host bridge windows from ACPI; if necessary, use "pci=nocrs" unlink FIFO failed: No such file or directory
[    0.000000] kernel: Linux version 5.15.0+ (tlyu@IC-RS3-DPC07) (gcc (Ubuntu 9.4.0-1ubuntu1~20.04.1) 9.4.0, GNU ld (GNU Binutils for Ubuntu) 2.34) #8 SMP Fri Jun 3 16:18:40 CEST 2022
[    0.000000] kernel: Command line: root=/dev/sda console=ttyS0 net.ifnames=0 ip=192.168.0.51
[    0.000000] kernel: x86/fpu: Supporting XSAVE feature 0x001: 'x87 floating point registers'
[    0.000000] kernel: x86/fpu: Supporting XSAVE feature 0x002: 'SSE registers'
[    0.000000] kernel: x86/fpu: Supporting XSAVE feature 0x004: 'AVX registers'
[    0.000000] kernel: x86/fpu: Supporting XSAVE feature 0x008: 'MPX bounds registers'
[    0.000000] kernel: x86/fpu: Supporting XSAVE feature 0x010: 'MPX CSR'
[    0.000000] kernel: x86/fpu: Supporting XSAVE feature 0x020: 'AVX-512 opmask'
[    0.000000] kernel: x86/fpu: Supporting XSAVE feature 0x040: 'AVX-512 Hi256'
[    0.000000] kernel: x86/fpu: Supporting XSAVE feature 0x080: 'AVX-512 ZMM_Hi256'
[    0.000000] kernel: x86/fpu: Supporting XSAVE feature 0x 8388608 bytes, linear)
[    0.583277] kernel: mem auto-init: stack:off, heap alloc:off, heap free:off
[    0.847749] kernel: Memory: 8818304K/10485228K available (47117K kernel code, 10298K rwdata, 7204K rodata, 2068K init, 2860K bss, 1666668K reserved, 0K cma-reserved)
[    0.848118] kernel: SLUB: HWalign=64, Order=0-3, MinObjects=0, CPUs=2, Nodes=1
[    0.851583] kernel: rcu: Hierarchical RCU implementation.
[    0.851596] kernel: rcu:         RCU event tracing is enabled.
[    0.851605] kernel: rcu:         RCU restricting CPUs from NR_CPUS=64 to nr_cpu_ids=2.
[    0.851620] kernel: rcu: RCU calculated value of scheduler-enlistment delay is 100 jiffies.
[    0.851632] kernel: rcu: Adjusting geometry for rcu_fanout_leaf=16, nr_cpu_ids=2
[    0.866575] kernel: NR_IRQS: 4352, nr_irqs: 440, preallocated irqs: 16
[    0.867128] kernel: random: get_random_bytes called from start_kernel+0x22b/0x456 with crng_init=0
[    0.872588] kernel: Console: colour VGA+ 80x25
[    0.954024] kernel: and report a bug
[    0.881988] kernel: ACPI: Enabled 2 GPEs in block 00 to 0F
[    0.935431] kernel: ACPI: PCI Root Bridge [PCI0] (domain 0000 [bus 00-ff])
[    0.936145] kernel: acpi PNP0A03:00: _OSC: OS supports [ASPM ClockPM Segments MSI HPX-Type3]
[    0.937252] kernel: acpi PNP0A03:00: fail to add MMCONFIG information, can't access extended PCI configuration space under this bridge.
[    0.938659] kernel: PCI host bridge to bus 0000:00
[    0.939118] kernel: pci_bus 0000:00: root bus resource [io  0x0000-0x0cf7 window]
[    0.939952] kernel: pci_bus 0000:00: root bus resource [io  0x0d00-0xffff window]
[    0.940115] kernel: pci_bus 0000:00: root bus resource [mem 0x000a0000-0x000bffff window]
[    0.941002] kernel: pci_bus 0000:00: root bus resource [mem 0xc0000000-0xfebfffff window]
[    0.941114] kernel: pci_bus 0000:00: root bus resource [mem 0x2c0000000-0x33fffffff window]
[    0.942054] kernel: pci_bus 0000:00: root bus resource [bus 00-ff]
[    0.944621] kernel: pci 0000:200: 'Protection Keys User registers'
[    0.000000] kernel: x86/fpu: xstate_offset[2]:  576, xstate_sizes[2]:  256
[    0.000000] kernel: x86/fpu: xstate_offset[3]:  832, xstate_sizes[3]:   64
[    0.000000] kernel: x86/fpu: xstate_offset[4]:  896, xstate_sizes[4]:   64
[    0.000000] kernel: x86/fpu: xstate_offset[5]:  960, xstate_sizes[5]:   64
[    0.000000] kernel: x86/fpu: xstate_offset[6]: 1024, xstate_sizes[6]:  512
[    0.000000] kernel: x86/fpu: xstate_offset[7]: 1536, xstate_sizes[7]: 1024
[    0.000000] kernel: x86/fpu: xstate_offset[9]: 2560, xstate_sizes[9]:    8
[    0.000000] kernel: x86/fpu: Enabled xstate features 0x2ff, context size is 2568 bytes, using 'compacted' format.
[    0.000000] kernel: signal: max sigframe size: 3632
[    0.000000] kernel: BIOS-provided physical RAM map:
[    0.000000] kernel: BIOS-e820: [mem 0x0000000000000000-0x000000000009fbff] usable
[    0.000000] kernel: BIOS-e820: [mem 0x000000000009fc00-0x000000000009ffff] reserved
[    0.000000] k00:00.0: [8086:1237] type 00 class 0x060000
[    0.948981] kernel: pci 0000:00:01.0: [8086:7000] type 00 class 0x060100
[    0.951885] kernel: pci 0000:00:01.1: [8086:7010] type 00 class 0x010180
[    0.954417] kernel: pci 0000:00:01.1: reg 0x20: [io  0xc040-0xc04f]
[    0.955982] kernel: pci 0000:00:01.1: legacy IDE quirk: reg 0x10: [io  0x01f0-0x01f7]
[    0.956111] kernel: pci 0000:00:01.1: legacy IDE quirk: reg 0x14: [io  0x03f6]
[    0.956959] kernel: pci 0000:00:01.1: legacy IDE quirk: reg 0x18: [io  0x0170-0x0177]
[    0.957111] kernel: pci 0000:00:01.1: legacy IDE quirk: reg 0x1c: [io  0x0376]
[    0.962125] kernel: pci 0000:00:01.3: [8086:7113] type 00 class 0x068000
[    0.963302] kernel: pci 0000:00:01.3: quirk: [io  0x0600-0x063f] claimed by PIIX4 ACPI
[    0.964030] kernel: pci 0000:00:01.3: quirk: [io  0x0700-0x070f] claimed by PIIX4 SMB
[    0.967840] kernel: pci 0000:00:02.0: [1234:1111] type 00 class 0x030000
[    0.969635] kernel: pci 0000:00:02.0: reg 0x10: [mem 0xfprintk: console [ttyS0] enabled
[    0.954547] kernel: ACPI: Core revision 20210730
[    0.955346] kernel: clocksource: hpet: mask: 0xffffffff max_cycles: 0xffffffff, max_idle_ns: 19112604467 ns
[    0.956443] kernel: APIC: Switch to symmetric I/O mode setup
[    0.957002] kernel: kvm-guest: setup PV IPIs
[    0.958753] kernel: ..TIMER: vector=0x30 apic1=0 pin1=2 apic2=-1 pin2=-1
[    0.959536] kernel: clocksource: tsc-early: mask: 0xffffffffffffffff max_cycles: 0x23fa772cf26, max_idle_ns: 440795269835 ns
[    0.960677] kernel: Calibrating delay loop (skipped) preset value.. 4992.00 BogoMIPS (lpj=2496000)
[    0.961671] kernel: pid_max: default: 32768 minimum: 301
[    0.962295] kernel: LSM: Security Framework initializing
[    0.962715] kernel: SELinux:  Initializing.
[    0.963683] kernel: Mount-cache hash table entries: 32768 (order: 6, 262144 bytes, linear)
[    0.964680] kernel: Mountpoint-cache hash table entries: 32768 (order: 6, 262144 bytes, linear)
[    0.966841] kernel: x86ernel: BIOS-e820: [mem 0x00000000000f0000-0x00000000000fffff] reserved
[    0.000000] kernel: BIOS-e820: [mem 0x0000000000100000-0x00000000bffdcfff] usable
[    0.000000] kernel: BIOS-e820: [mem 0x00000000bffdd000-0x00000000bfffffff] reserved
[    0.000000] kernel: BIOS-e820: [mem 0x00000000feffc000-0x00000000feffffff] reserved
[    0.000000] kernel: BIOS-e820: [mem 0x00000000fffc0000-0x00000000ffffffff] reserved
[    0.000000] kernel: BIOS-e820: [mem 0x0000000100000000-0x00000002bfffffff] usable
[    0.000000] kernel: NX (Execute Disable) protection: active
[    0.000000] kernel: SMBIOS 2.8 present.
[    0.000000] kernel: DMI: QEMU Standard PC (i440FX + PIIX, 1996), BIOS 1.13.0-1ubuntu1.1 04/01/2014
[    0.000000] kernel: Hypervisor detected: KVM
[    0.000000] kernel: kvm-clock: Using msrs 4b564d01 and 4b564d00
[    0.000000] kernel: kvm-clock: cpu 0, msr 6a958001, primary cpu clock
[    0.000002] kernel: kvm-clock: using sched offset of 449840860 cycles
[    0.000013] kernel: clockd000000-0xfdffffff pref]
[    0.972093] kernel: pci 0000:00:02.0: reg 0x18: [mem 0xfeb90000-0xfeb90fff]
[    0.976745] kernel: pci 0000:00:02.0: reg 0x30: [mem 0xfeb80000-0xfeb8ffff pref]
[    0.981037] kernel: pci 0000:00:03.0: [1af4:1005] type 00 class 0x00ff00
[    0.981899] kernel: pci 0000:00:03.0: reg 0x10: [io  0xc000-0xc01f]
[    0.984814] kernel: pci 0000:00:03.0: reg 0x20: [mem 0xfe200000-0xfe203fff 64bit pref]
[    0.989977] kernel: pci 0000:00:04.0: [1af4:1000] type 00 class 0x020000
[    0.991112] kernel: pci 0000:00:04.0: reg 0x10: [io  0xc020-0xc03f]
[    0.992570] kernel: pci 0000:00:04.0: reg 0x14: [mem 0xfeb91000-0xfeb91fff]
[    0.995113] kernel: pci 0000:00:04.0: reg 0x20: [mem 0xfe204000-0xfe207fff 64bit pref]
[    0.996999] kernel: pci 0000:00:04.0: reg 0x30: [mem 0xfeb00000-0xfeb7ffff pref]
[    1.001245] kernel: pci 0000:00:10.0: [1af4:1110] type 00 class 0x050000
[    1.002539] kernel: pci 0000:00:10.0: reg 0x10: [mem 0xfeb92000-0xfeb920ff]
[    1.004966] kern/cpu: User Mode Instruction Prevention (UMIP) activated
[    0.967761] kernel: Last level iTLB entries: 4KB 0, 2MB 0, 4MB 0
[    0.968368] kernel: Last level dTLB entries: 4KB 0, 2MB 0, 4MB 0, 1GB 0
[    0.968683] kernel: Spectre V1 : Mitigation: usercopy/swapgs barriers and __user pointer sanitization
[    0.969679] kernel: Spectre V2 : Mitigation: Enhanced IBRS
[    0.970202] kernel: Spectre V2 : Spectre v2 / SpectreRSB mitigation: Filling RSB on context switch
[    0.970676] kernel: Spectre V2 : mitigation: Enabling conditional Indirect Branch Prediction Barrier
[    0.971677] kernel: Speculative Store Bypass: Mitigation: Speculative Store Bypass disabled via prctl and seccomp
[    1.009647] kernel: Freeing SMP alternatives memory: 40K
[    1.010411] kernel: smpboot: CPU0: 11th Gen Intel(R) Core(TM) i7-11700 @ 2.50GHz (family: 0x6, model: 0xa7, stepping: 0x1)
[    1.011037] kernel: Performance Events: Icelake events, 32-deep LBR, full-width counters, Intel PMU driver.
[    1.011675el: pci 0000:00:10.0: reg 0x18: [mem 0xfe000000-0xfe0fffff 64bit pref]
[    1.009245] kernel: pci 0000:00:11.0: [1af4:1110] type 00 class 0x050000
[    1.010422] kernel: pci 0000:00:11.0: reg 0x10: [mem 0xfeb93000-0xfeb930ff]
[    1.012108] kernel: pci 0000:00:11.0: reg 0x18: [mem 0xfe100000-0xfe1fffff 64bit pref]
[    1.025688] kernel: ACPI: PCI: Interrupt link LNKA configured for IRQ 10
[    1.027891] kernel: ACPI: PCI: Interrupt link LNKB configured for IRQ 10
[    1.029875] kernel: ACPI: PCI: Interrupt link LNKC configured for IRQ 11
[    1.031788] kernel: ACPI: PCI: Interrupt link LNKD configured for IRQ 11
[    1.032715] kernel: ACPI: PCI: Interrupt link LNKS configured for IRQ 9
[    1.035742] kernel: iommu: Default domain type: Translated 
[    1.036108] kernel: iommu: DMA domain TLB invalidation policy: lazy mode 
[    1.037161] kernel: pci 0000:00:02.0: vgaarb: setting as boot VGA device
[    1.037886] kernel: pci 0000:00:02.0: vgaarb: VGA device added: decodes=io+mem,owns=isource: kvm-clock: mask: 0xffffffffffffffff max_cycles: 0x1cd42e4dffb, max_idle_ns: 881590591483 ns
[    0.000030] kernel: tsc: Detected 2496.000 MHz processor
[    0.007052] kernel: e820: update [mem 0x00000000-0x00000fff] usable ==> reserved
[    0.007081] kernel: e820: remove [mem 0x000a0000-0x000fffff] usable
[    0.007101] kernel: last_pfn = 0x2c0000 max_arch_pfn = 0x400000000
[    0.007178] kernel: x86/PAT: Configuration [0-7]: WB  WC  UC- UC  WB  WP  UC- WT  
[    0.007194] kernel: last_pfn = 0xbffdd max_arch_pfn = 0x400000000
[    0.015720] kernel: found SMP MP-table at [mem 0x000f5c70-0x000f5c7f]
[    0.015791] kernel: Using GB pages for direct mapping
[    0.016919] kernel: ACPI: Early table checksum verification disabled
[    0.016934] kernel: ACPI: RSDP 0x00000000000F5A40 000014 (v00 BOCHS )
[    0.016997] kernel: ACPI: RSDT 0x00000000BFFE15C9 000030 (v01 BOCHS  BXPCRSDT 00000001 BXPC 00000001)
[    0.017028] kernel: ACPI: FACP 0x00000000BFFE149D 000074 (v01 BOCHS  BXPCFAC] kernel: ... version:                2
[    1.012128] kernel: ... bit width:              48
[    1.012607] kernel: ... generic registers:      8
[    1.012672] kernel: ... value mask:             0000ffffffffffff
[    1.013300] kernel: ... max period:             00007fffffffffff
[    1.013671] kernel: ... fixed-purpose events:   3
[    1.014153] kernel: ... event mask:             00000007000000ff
[    1.014982] kernel: rcu: Hierarchical SRCU implementation.
[    1.017540] kernel: smp: Bringing up secondary CPUs ...
[    1.018017] kernel: x86: Booting SMP configuration:
[    1.018517] kernel: .... node  #0, CPUs:      #1
[    0.091663] kernel: kvm-clock: cpu 1, msr f958041, secondary cpu clock
[    0.091663] kernel: smpboot: CPU 1 Converting physical 0 to logical die 1
[    1.021724] kernel: kvm-guest: setup async PF for cpu 1
[    1.022247] kernel: kvm-guest: stealtime: cpu 1, msr 26531f140
[    1.022715] kernel: smp: Brought up 1 node, 2 CPUs
[    1.023227] kernel: smpboot: Max lo+mem,locks=none
[    1.038115] kernel: pci 0000:00:02.0: vgaarb: bridge control possible
[    1.038804] kernel: vgaarb: loaded
[    1.039875] kernel: SCSI subsystem initialized
[    1.040221] kernel: libata version 3.00 loaded.
[    1.040488] kernel: ACPI: bus type USB registered
[    1.041232] kernel: usbcore: registered new interface driver usbfs
[    1.041982] kernel: usbcore: registered new interface driver hub
[    1.042169] kernel: usbcore: registered new device driver usb
[    1.042942] kernel: pps_core: LinuxPPS API ver. 1 registered
[    1.043107] kernel: pps_core: Software ver. 5.3.6 - Copyright 2005-2007 Rodolfo Giometti <giometti@linux.it>
[    1.044142] kernel: PTP clock support registered
[    1.044747] kernel: Advanced Linux Sound Architecture Driver Initialized.
[    1.046255] kernel: NetLabel: Initializing
[    1.046669] kernel: NetLabel:  domain hash size = 128
[    1.047106] kernel: NetLabel:  protocols = UNLABELED CIPSOv4 CALIPSO
[    1.047887] kernel: NetLabel:  ogical packages: 2
[    1.023678] kernel: smpboot: Total of 2 processors activated (9984.00 BogoMIPS)
[    1.025670] kernel: devtmpfs: initialized
[    1.032202] kernel: clocksource: jiffies: mask: 0xffffffff max_cycles: 0xffffffff, max_idle_ns: 1911260446275000 ns
[    1.032677] kernel: futex hash table entries: 512 (order: 3, 32768 bytes, linear)
[    1.034124] kernel: PM: RTC time: 16:36:52, date: 2023-01-25
[    1.035294] kernel: NET: Registered PF_NETLINK/PF_ROUTE protocol family
[    1.036762] kernel: audit: initializing netlink subsys (disabled)
[    1.037504] kernel: audit: type=2000 audit(1674664612.738:1): state=initialized audit_enabled=0 res=1
[    1.038484] kernel: thermal_sys: Registered thermal governor 'step_wise'
[    1.038526] kernel: thermal_sys: Registered thermal governor 'user_space'
[    1.038771] kernel: cpuidle: using governor menu
[    1.039981] kernel: ACPI: bus type PCI registered
[    1.040974] kernel: PCI: Using configuration type 1 for base access
[    1P 00000001 BXPC 00000001)
[    0.017057] kernel: ACPI: DSDT 0x00000000BFFE0040 00145D (v01 BOCHS  BXPCDSDT 00000001 BXPC 00000001)
[    0.017081] kernel: ACPI: FACS 0x00000000BFFE0000 000040
[    0.017099] kernel: ACPI: APIC 0x00000000BFFE1511 000080 (v01 BOCHS  BXPCAPIC 00000001 BXPC 00000001)
[    0.017123] kernel: ACPI: HPET 0x00000000BFFE1591 000038 (v01 BOCHS  BXPCHPET 00000001 BXPC 00000001)
[    0.017145] kernel: ACPI: Reserving FACP table memory at [mem 0xbffe149d-0xbffe1510]
[    0.017156] kernel: ACPI: Reserving DSDT table memory at [mem 0xbffe0040-0xbffe149c]
[    0.017166] kernel: ACPI: Reserving FACS table memory at [mem 0xbffe0000-0xbffe003f]
[    0.017177] kernel: ACPI: Reserving APIC table memory at [mem 0xbffe1511-0xbffe1590]
[    0.017187] kernel: ACPI: Reserving HPET table memory at [mem 0xbffe1591-0xbffe15c8]
[    0.018152] kernel: No NUMA configuration found
[    0.018163] kernel: Faking a node at [mem 0x0000000000000000-0x00000002bfffffff]
[    0.018182] kernel: unlabeled traffic allowed by default
[    1.048230] kernel: PCI: Using ACPI for IRQ routing
[    1.048642] kernel: PCI: pci_cache_line_size set to 64 bytes
[    1.048804] kernel: e820: reserve RAM buffer [mem 0x0009fc00-0x0009ffff]
[    1.048826] kernel: e820: reserve RAM buffer [mem 0xbffe0000-0xbfffffff]
[    1.049289] kernel: hpet0: at MMIO 0xfed00000, IRQs 2, 8, 0
[    1.049850] kernel: hpet0: 3 comparators, 64-bit 100.000000 MHz counter
[    1.054823] kernel: clocksource: Switched to clocksource kvm-clock
[    1.228600] kernel: VFS: Disk quotas dquot_6.6.0
[    1.229163] kernel: VFS: Dquot-cache hash table entries: 512 (order 0, 4096 bytes)
[    1.230326] kernel: pnp: PnP ACPI init
[    1.232054] kernel: pnp 00:03: [dma 2]
[    1.237077] kernel: pnp: PnP ACPI: found 6 devices
[    1.255639] kernel: clocksource: acpi_pm: mask: 0xffffff max_cycles: 0xffffff, max_idle_ns: 2085701024 ns
[    1.256707] kernel: NET: Registered PF_INET protocol family
[    1.257661] kernel: IP idents ha.073073] kernel: Kprobes globally optimized
[    1.073881] kernel: HugeTLB registered 2.00 MiB page size, pre-allocated 0 pages
[    1.074831] kernel: cryptomgr_test (26) used greatest stack depth: 30544 bytes left
[    1.076998] kernel: ACPI: Added _OSI(Module Device)
[    1.077675] kernel: ACPI: Added _OSI(Processor Device)
[    1.078155] kernel: ACPI: Added _OSI(3.0 _SCP Extensions)
[    1.078673] kernel: ACPI: Added _OSI(Processor Aggregator Device)
[    1.079247] kernel: ACPI: Added _OSI(Linux-Dell-Video)
[    1.079690] kernel: ACPI: Added _OSI(Linux-Lenovo-NV-HDMI-Audio)
[    1.080292] kernel: ACPI: Added _OSI(Linux-HPI-Hybrid-Graphics)
[    1.106571] kernel: ACPI: 1 ACPI AML tables successfully acquired and loaded
[    1.113034] kernel: ACPI: Interpreter enabled
[    1.113612] kernel: ACPI: PM: (supports S0 S3 S4 S5)
[    1.113674] kernel: ACPI: Using IOAPIC for interrupt routing
[    1.114304] kernel: PCI: Using host bridge windows from ACPI; if necessary, use "pci=nocrs" and NODE_DATA(0) allocated [mem 0x2bfffa000-0x2bfffdfff]
[    0.018269] kernel: Zone ranges:
[    0.018274] kernel:   DMA      [mem 0x0000000000001000-0x0000000000ffffff]
[    0.018287] kernel:   DMA32    [mem 0x0000000001000000-0x00000000ffffffff]
[    0.018299] kernel:   Normal   [mem 0x0000000100000000-0x00000002bfffffff]
[    0.018311] kernel: Movable zone start for each node
[    0.018317] kernel: Early memory node ranges
[    0.018322] kernel:   node   0: [mem 0x0000000000001000-0x000000000009efff]
[    0.018332] kernel:   node   0: [mem 0x0000000000100000-0x00000000bffdcfff]
[    0.018343] kernel:   node   0: [mem 0x0000000100000000-0x00000002bfffffff]
[    0.018356] kernel: Initmem setup node 0 [mem 0x0000000000001000-0x00000002bfffffff]
[    0.018780] kernel: On node 0, zone DMA: 1 pages in unavailable ranges
[    0.018892] kernel: On node 0, zone DMA: 97 pages in unavailable ranges
[    0.105009] kernel: On node 0, zone Normal: 35 pages in unavailable ranges
[    0.484149] kernesh table entries: 262144 (order: 9, 2097152 bytes, linear)
[    1.263871] kernel: tcp_listen_portaddr_hash hash table entries: 8192 (order: 5, 131072 bytes, linear)
[    1.265007] kernel: TCP established hash table entries: 131072 (order: 8, 1048576 bytes, linear)
[    1.267775] kernel: TCP bind hash table entries: 65536 (order: 8, 1048576 bytes, linear)
[    1.269662] kernel: TCP: Hash tables configured (established 131072 bind 65536)
[    1.270777] kernel: UDP hash table entries: 8192 (order: 6, 262144 bytes, linear)
[    1.271768] kernel: UDP-Lite hash table entries: 8192 (order: 6, 262144 bytes, linear)
[    1.273024] kernel: NET: Registered PF_UNIX/PF_LOCAL protocol family
[    1.274827] kernel: pci_bus 0000:00: resource 4 [io  0x0000-0x0cf7 window]
[    1.275545] kernel: pci_bus 0000:00: resource 5 [io  0x0d00-0xffff window]
[    1.276228] kernel: pci_bus 0000:00: resource 6 [mem 0x000a0000-0x000bffff window]
[    1.276980] kernel: pci_bus 0000:00: resource 7 [mem 0xc0000000-0xfreport a bug
[    1.116478] kernel: ACPI: Enabled 2 GPEs in block 00 to 0F
[    1.170043] kernel: ACPI: PCI Root Bridge [PCI0] (domain 0000 [bus 00-ff])
[    1.170704] kernel: acpi PNP0A03:00: _OSC: OS supports [ASPM ClockPM Segments MSI HPX-Type3]
[    1.171746] kernel: acpi PNP0A03:00: fail to add MMCONFIG information, can't access extended PCI configuration space under this bridge.
[    1.173173] kernel: PCI host bridge to bus 0000:00
[    1.173647] kernel: pci_bus 0000:00: root bus resource [io  0x0000-0x0cf7 window]
[    1.174451] kernel: pci_bus 0000:00: root bus resource [io  0x0d00-0xffff window]
[    1.174678] kernel: pci_bus 0000:00: root bus resource [mem 0x000a0000-0x000bffff window]
[    1.175510] kernel: pci_bus 0000:00: root bus resource [mem 0xc0000000-0xfebfffff window]
[    1.175679] kernel: pci_bus 0000:00: root bus resource [mem 0x2c0000000-0x33fffffff window]
[    1.176503] kernel: pci_bus 0000:00: root bus resource [bus 00-ff]
[    1.179202] kernel: pci 0000:00:0l: kasan: KernelAddressSanitizer initialized
[    0.484511] kernel: ACPI: PM-Timer IO Port: 0x608
[    0.484537] kernel: ACPI: LAPIC_NMI (acpi_id[0xff] dfl dfl lint[0x1])
[    0.484587] kernel: IOAPIC[0]: apic_id 0, version 17, address 0xfec00000, GSI 0-23
[    0.484605] kernel: ACPI: INT_SRC_OVR (bus 0 bus_irq 0 global_irq 2 dfl dfl)
[    0.484620] kernel: ACPI: INT_SRC_OVR (bus 0 bus_irq 5 global_irq 5 high level)
[    0.484635] kernel: ACPI: INT_SRC_OVR (bus 0 bus_irq 9 global_irq 9 high level)
[    0.484651] kernel: ACPI: INT_SRC_OVR (bus 0 bus_irq 10 global_irq 10 high level)
[    0.484667] kernel: ACPI: INT_SRC_OVR (bus 0 bus_irq 11 global_irq 11 high level)
[    0.484694] kernel: ACPI: Using ACPI (MADT) for SMP configuration information
[    0.484702] kernel: ACPI: HPET id: 0x8086a201 base: 0xfed00000
[    0.484718] kernel: TSC deadline timer available
[    0.484725] kernel: smpboot: Allowing 2 CPUs, 0 hotplug CPUs
[    0.484765] kernel: kvm-guest: KVM setup pv remote TLB flushexecutor 1 finishes userspace_cover_open
before receiving handshake request
ebfffff window]
[    1.277770] kernel: pci_bus 0000:00: resource 8 [mem 0x2c0000000-0x33fffffff window]
[    1.279065] kernel: pci 0000:00:01.0: PIIX3: Enabling Passive Release
[    1.279730] kernel: pci 0000:00:00.0: Limiting direct PCI/PCI transfers
[    1.280486] kernel: pci 0000:00:01.0: Activating ISA DMA hang workarounds
[    1.281330] kernel: pci 0000:00:02.0: Video device with shadowed ROM at [mem 0x000c0000-0x000dffff]
[    1.282366] kernel: PCI: CLS 0 bytes, default 64
[    1.282862] kernel: PCI-DMA: Using software bounce buffering for IO (SWIOTLB)
[    1.283587] kernel: software IO TLB: mapped [mem 0x00000000bbfe0000-0x00000000bffe0000] (64MB)
[    1.284674] kernel: clocksource: tsc: mask: 0xffffffffffffffff max_cycles: 0x23fa772cf26, max_idle_ns: 440795269835 ns
[    1.287001] kernel: clocksource: Switched to clocksource tsc
[    1.292126] kernel: Initialise system trusted keyrings
[    1.292843] kernel: workingset: timestamp_bits=56 max_order=22 bucket_order=0
[    1.32260.0: [8086:1237] type 00 class 0x060000
[    1.183554] kernel: pci 0000:00:01.0: [8086:7000] type 00 class 0x060100
[    1.186468] kernel: pci 0000:00:01.1: [8086:7010] type 00 class 0x010180
[    1.189201] kernel: pci 0000:00:01.1: reg 0x20: [io  0xc0c0-0xc0cf]
[    1.190698] kernel: pci 0000:00:01.1: legacy IDE quirk: reg 0x10: [io  0x01f0-0x01f7]
[    1.191555] kernel: pci 0000:00:01.1: legacy IDE quirk: reg 0x14: [io  0x03f6]
[    1.191675] kernel: pci 0000:00:01.1: legacy IDE quirk: reg 0x18: [io  0x0170-0x0177]
[    1.192538] kernel: pci 0000:00:01.1: legacy IDE quirk: reg 0x1c: [io  0x0376]
[    1.196688] kernel: pci 0000:00:01.3: [8086:7113] type 00 class 0x068000
[    1.197843] kernel: pci 0000:00:01.3: quirk: [io  0x0600-0x063f] claimed by PIIX4 ACPI
[    1.198684] kernel: pci 0000:00:01.3: quirk: [io  0x0700-0x070f] claimed by PIIX4 SMB
[    1.203156] kernel: pci 0000:00:02.0: [1234:1111] type 00 class 0x030000
[    1.204682] kernel: pci 0000:00:02.0: reg 0x10: [mem 0xfd000req.flags ea3
----- executor 1 do_sandbox_none at begining
----- executor 1 do_sandbox_none before fork()

[    0.484776] kernel: kvm-guest: setup PV sched yield
[    0.484814] kernel: PM: hibernation: Registered nosave memory: [mem 0x00000000-0x00000fff]
[    0.484827] kernel: PM: hibernation: Registered nosave memory: [mem 0x0009f000-0x0009ffff]
[    0.484836] kernel: PM: hibernation: Registered nosave memory: [mem 0x000a0000-0x000effff]
[    0.484847] kernel: PM: hibernation: Registered nosave memory: [mem 0x000f0000-0x000fffff]
[    0.484864] kernel: PM: hibernation: Registered nosave memory: [mem 0xbffdd000-0xbfffffff]
[    0.484877] kernel: PM: hibernation: Registered nosave memory: [mem 0xc0000000-0xfeffbfff]
[    0.484890] kernel: PM: hibernation: Registered nosave memory: [mem 0xfeffc000-0xfeffffff]
[    0.484902] kernel: PM: hibernation: Registered nosave memory: [mem 0xff000000-0xfffbffff]
[    0.484914] kernel: PM: hibernation: Registered nosave memory: [mem 0xfffc0000-0xffffffff]
[    0.484925] kernel: [mem 0xc0000000-0xfeffbfff] available for PCI devices
[    0.484934] kerne000-0xfdffffff pref]
[    1.207232] kernel: pci 0000:00:02.0: reg 0x18: [mem 0xfeb90000-0xfeb90fff]
[    1.211684] kernel: pci 0000:00:02.0: reg 0x30: [mem 0xfeb80000-0xfeb8ffff pref]
[    1.216230] kernel: pci 0000:00:03.0: [1af4:1005] type 00 class 0x00ff00
[    1.217376] kernel: pci 0000:00:03.0: reg 0x10: [io  0xc080-0xc09f]
[    1.220676] kernel: pci 0000:00:03.0: reg 0x20: [mem 0xfe200000-0xfe203fff 64bit pref]
[    1.226097] kernel: pci 0000:00:04.0: [1af4:1000] type 00 class 0x020000
[    1.227676] kernel: pci 0000:00:04.0: reg 0x10: [io  0xc0a0-0xc0bf]
[    1.229207] kernel: pci 0000:00:04.0: reg 0x14: [mem 0xfeb91000-0xfeb91fff]
[    1.231675] kernel: pci 0000:00:04.0: reg 0x20: [mem 0xfe204000-0xfe207fff 64bit pref]
[    1.233322] kernel: pci 0000:00:04.0: reg 0x30: [mem 0xfeb00000-0xfeb7ffff pref]
[    1.238050] kernel: pci 0000:00:05.0: [1af4:1001] type 00 class 0x010000
[    1.239675] kernel: pci 0000:00:05.0: reg 0x10: [io  0xc000-0xc07f]
[    1.241142] kernel: pci 000089] kernel: fuse: init (API version 7.34)
[    1.336927] kernel: Key type asymmetric registered
[    1.336949] kernel: cryptomgr_test (54) used greatest stack depth: 30544 bytes left
[    1.337378] kernel: Asymmetric key parser 'x509' registered
[    1.337676] kernel: Block layer SCSI generic (bsg) driver version 0.4 loaded (major 251)
[    1.339304] kernel: io scheduler mq-deadline registered
[    1.339790] kernel: io scheduler kyber registered
[    1.342063] kernel: input: Power Button as /devices/LNXSYSTM:00/LNXPWRBN:00/input/input0
[    1.343343] kernel: ACPI: button: Power Button [PWRF]
[    2.836313] kernel: ACPI: \_SB_.LNKC: Enabled at IRQ 11
[    4.356133] kernel: ACPI: \_SB_.LNKD: Enabled at IRQ 10
[    4.358678] kernel: Serial: 8250/16550 driver, 4 ports, IRQ sharing enabled
[    4.359709] kernel: 00:05: ttyS0 at I/O 0x3f8 (irq = 4, base_baud = 115200) is a 16550A
[    4.363697] kernel: Non-volatile memory driver v1.3
[    4.364446] kernel: Linux agpgart interface v0.103
[  spawned loop pid 342
l: Booting paravirtualized kernel on KVM
[    0.484943] kernel: clocksource: refined-jiffies: mask: 0xffffffff max_cycles: 0xffffffff, max_idle_ns: 1910969940391419 ns
[    0.499891] kernel: setup_percpu: NR_CPUS:64 nr_cpumask_bits:64 nr_cpu_ids:2 nr_node_ids:1
[    0.500519] kernel: percpu: Embedded 56 pages/cpu s191576 r8192 d29608 u1048576
[    0.500566] kernel: pcpu-alloc: s191576 r8192 d29608 u1048576 alloc=1*2097152
[    0.500584] kernel: pcpu-alloc: [0] 0 1 
[    0.500690] kernel: kvm-guest: setup async PF for cpu 0
[    0.500705] kernel: kvm-guest: stealtime: cpu 0, msr 26521f140
[    0.500721] kernel: Built 1 zonelists, mobility grouping on.  Total pages: 2580189
[    0.500732] kernel: Policy zone: Normal
[    0.500740] kernel: Kernel command line: root=/dev/sda console=ttyS0 net.ifnames=0 ip=192.168.0.51
[    0.505339] kernel: Dentry cache hash table entries: 2097152 (order: 12, 16777216 bytes, linear)
[    0.507163] kernel: Inode-cache hash table entries: 1048576 (order: 11:00:05.0: reg 0x14: [mem 0xfeb92000-0xfeb92fff]
[    1.244501] kernel: pci 0000:00:05.0: reg 0x20: [mem 0xfe208000-0xfe20bfff 64bit pref]
[    1.250787] kernel: pci 0000:00:10.0: [1af4:1110] type 00 class 0x050000
[    1.252101] kernel: pci 0000:00:10.0: reg 0x10: [mem 0xfeb93000-0xfeb930ff]
[    1.254125] kernel: pci 0000:00:10.0: reg 0x18: [mem 0xfe000000-0xfe0fffff 64bit pref]
[    1.260674] kernel: pci 0000:00:11.0: [1af4:1110] type 00 class 0x050000
[    1.262057] kernel: pci 0000:00:11.0: reg 0x10: [mem 0xfeb94000-0xfeb940ff]
[    1.264120] kernel: pci 0000:00:11.0: reg 0x18: [mem 0xfe100000-0xfe1fffff 64bit pref]
[    1.274747] kernel: ACPI: PCI: Interrupt link LNKA configured for IRQ 10
[    1.277003] kernel: ACPI: PCI: Interrupt link LNKB configured for IRQ 10
[    1.279180] kernel: ACPI: PCI: Interrupt link LNKC configured for IRQ 11
[    1.281189] kernel: ACPI: PCI: Interrupt link LNKD configured for IRQ 11
[    1.282285] kernel: ACPI: PCI: Interrupt link LNKS configured fo  4.381033] kernel: loop: module loaded
[    4.382278] kernel: ata_piix 0000:00:01.1: version 2.13
[    4.385430] kernel: scsi host0: ata_piix
[    4.386959] kernel: scsi host1: ata_piix
[    4.387786] kernel: ata1: PATA max MWDMA2 cmd 0x1f0 ctl 0x3f6 bmdma 0xc040 irq 14
[    4.388605] kernel: ata2: PATA max MWDMA2 cmd 0x170 ctl 0x376 bmdma 0xc048 irq 15
[    4.391159] kernel: libphy: Fixed MDIO Bus: probed
[    4.395913] kernel: e100: Intel(R) PRO/100 Network Driver
[    4.396514] kernel: e100: Copyright(c) 1999-2006 Intel Corporation
[    4.397263] kernel: e1000: Intel(R) PRO/1000 Network Driver
[    4.397845] kernel: e1000: Copyright (c) 1999-2006 Intel Corporation.
[    4.398647] kernel: e1000e: Intel(R) PRO/1000 Network Driver
[    4.399230] kernel: e1000e: Copyright(c) 1999 - 2015 Intel Corporation.
[    4.400058] kernel: sky2: driver version 1.30
[    4.401298] kernel: ehci_hcd: USB 2.0 'Enhanced' Host Controller (EHCI) Driver
[    4.402074] kernel: ehci-pci: EHCI PCI platform , 8388608 bytes, linear)
[    0.507285] kernel: mem auto-init: stack:off, heap alloc:off, heap free:off
[    0.745006] kernel: Memory: 8818308K/10485228K available (47117K kernel code, 10298K rwdata, 7204K rodata, 2068K init, 2860K bss, 1666664K reserved, 0K cma-reserved)
[    0.745273] kernel: SLUB: HWalign=64, Order=0-3, MinObjects=0, CPUs=2, Nodes=1
[    0.745792] kernel: rcu: Hierarchical RCU implementation.
[    0.745805] kernel: rcu:         RCU event tracing is enabled.
[    0.745813] kernel: rcu:         RCU restricting CPUs from NR_CPUS=64 to nr_cpu_ids=2.
[    0.745829] kernel: rcu: RCU calculated value of scheduler-enlistment delay is 100 jiffies.
[    0.745841] kernel: rcu: Adjusting geometry for rcu_fanout_leaf=16, nr_cpu_ids=2
[    0.756656] kernel: NR_IRQS: 4352, nr_irqs: 440, preallocated irqs: 16
[    0.757077] kernel: random: get_random_bytes called from start_kernel+0x22b/0x456 with crng_init=0
[    0.761420] kernel: Console: colour VGA+ 80x25
[    0.832331] kernel:r IRQ 9
[    1.285351] kernel: iommu: Default domain type: Translated 
[    1.285673] kernel: iommu: DMA domain TLB invalidation policy: lazy mode 
[    1.286500] kernel: pci 0000:00:02.0: vgaarb: setting as boot VGA device
[    1.286500] kernel: pci 0000:00:02.0: vgaarb: VGA device added: decodes=io+mem,owns=io+mem,locks=none
[    1.286681] kernel: pci 0000:00:02.0: vgaarb: bridge control possible
[    1.287356] kernel: vgaarb: loaded
[    1.288385] kernel: SCSI subsystem initialized
[    1.288779] kernel: libata version 3.00 loaded.
[    1.289038] kernel: ACPI: bus type USB registered
[    1.289809] kernel: usbcore: registered new interface driver usbfs
[    1.290556] kernel: usbcore: registered new interface driver hub
[    1.290730] kernel: usbcore: registered new device driver usb
[    1.291505] kernel: pps_core: LinuxPPS API ver. 1 registered
[    1.291672] kernel: pps_core: Software ver. 5.3.6 - Copyright 2005-2007 Rodolfo Giometti <giometti@linux.it>
[    1.292657] kernel: PTPdriver
[    4.402688] kernel: ohci_hcd: USB 1.1 'Open' Host Controller (OHCI) Driver
[    4.403451] kernel: ohci-pci: OHCI PCI platform driver
[    4.404056] kernel: uhci_hcd: USB Universal Host Controller Interface driver
[    4.405286] kernel: usbcore: registered new interface driver usblp
[    4.406030] kernel: usbcore: registered new interface driver usb-storage
[    4.406967] kernel: i8042: PNP: PS/2 Controller [PNP0303:KBD,PNP0f13:MOU] at 0x60,0x64 irq 1,12
[    4.408836] kernel: serio: i8042 KBD port at 0x60,0x64 irq 1
[    4.409464] kernel: serio: i8042 AUX port at 0x60,0x64 irq 12
[    4.411602] kernel: input: AT Translated Set 2 keyboard as /devices/platform/i8042/serio0/input/input1
[    4.413919] kernel: rtc_cmos 00:00: RTC can wake from S4
[    4.416977] kernel: rtc_cmos 00:00: registered as rtc0
[    4.417681] kernel: rtc_cmos 00:00: alarms up to one day, y3k, 114 bytes nvram, hpet irqs
[    4.419816] kernel: device-mapper: ioctl: 4.45.0-ioctl (2021-03-22) initialised: d printk: console [ttyS0] enabled
[    0.832697] kernel: ACPI: Core revision 20210730
[    0.833256] kernel: clocksource: hpet: mask: 0xffffffff max_cycles: 0xffffffff, max_idle_ns: 19112604467 ns
[    0.834080] kernel: APIC: Switch to symmetric I/O mode setup
[    0.834454] kernel: kvm-guest: setup PV IPIs
[    0.835820] kernel: ..TIMER: vector=0x30 apic1=0 pin1=2 apic2=-1 pin2=-1
[    0.836461] kernel: clocksource: tsc-early: mask: 0xffffffffffffffff max_cycles: 0x23fa772cf26, max_idle_ns: 440795269835 ns
[    0.837345] kernel: Calibrating delay loop (skipped) preset value.. 4992.00 BogoMIPS (lpj=2496000)
[    0.837998] kernel: pid_max: default: 32768 minimum: 301
[    0.838417] kernel: LSM: Security Framework initializing
[    0.838819] kernel: SELinux:  Initializing.
[    0.839461] kernel: Mount-cache hash table entries: 32768 (order: 6, 262144 bytes, linear)
[    0.840619] kernel: Mountpoint-cache hash table entries: 32768 (order: 6, 262144 bytes, linear)
[    0.842380] kernel: x8 clock support registered
[    1.294963] kernel: Advanced Linux Sound Architecture Driver Initialized.
[    1.296879] kernel: NetLabel: Initializing
[    1.297307] kernel: NetLabel:  domain hash size = 128
[    1.297673] kernel: NetLabel:  protocols = UNLABELED CIPSOv4 CALIPSO
[    1.298475] kernel: NetLabel:  unlabeled traffic allowed by default
[    1.298801] kernel: PCI: Using ACPI for IRQ routing
[    1.299216] kernel: PCI: pci_cache_line_size set to 64 bytes
[    1.299401] kernel: e820: reserve RAM buffer [mem 0x0009fc00-0x0009ffff]
[    1.299425] kernel: e820: reserve RAM buffer [mem 0xbffdd000-0xbfffffff]
[    1.299885] kernel: hpet0: at MMIO 0xfed00000, IRQs 2, 8, 0
[    1.300506] kernel: hpet0: 3 comparators, 64-bit 100.000000 MHz counter
[    1.304800] kernel: clocksource: Switched to clocksource kvm-clock
[    1.483229] kernel: VFS: Disk quotas dquot_6.6.0
[    1.483845] kernel: VFS: Dquot-cache hash table entries: 512 (order 0, 4096 bytes)
[    1.485060] kernel: pnp: PnP Am-devel@redhat.com
[    4.420849] kernel: intel_pstate: CPU model not supported
[    4.421649] kernel: hid: raw HID events driver (C) Jiri Kosina
[    4.423689] kernel: usbcore: registered new interface driver usbhid
[    4.424380] kernel: usbhid: USB HID core driver
[    4.425762] kernel: netem: version 1.3
[    4.430359] kernel: Initializing XFRM netlink socket
[    4.432232] kernel: NET: Registered PF_INET6 protocol family
