
Ubuntu 20.04 LTS dfs-fuzzing ttyS0

m  OK  [0m] Finished [0;1;39mDiscard unused blâ€¦n filesystems from /etc/fstab[0m.

Ubuntu 20.04 LTS dfs-fuzzing ttyS0


Ubuntu 20.04 LTS dfs-fuzzing ttyS0


Ubuntu 20.04 LTS dfs-fuzzing ttyS0

2023/01/25 20:03:12 fuzzer started
2023/01/25 20:03:13 dialing manager at localhost:40269
2023/01/25 20:03:13 connecting to manager...
2023/01/25 20:03:13 syscalls: 51
2023/01/25 20:03:13 code coverage: enabled
2023/01/25 20:03:13 comparison tracing: enabled
2023/01/25 20:03:13 extra coverage: enabled
2023/01/25 20:03:13 setuid sandbox: enabled
2023/01/25 20:03:13 namespace sandbox: /proc/self/ns/user does not exist
2023/01/25 20:03:13 Android sandbox: /sys/fs/selinux/policy can't be opened (open /sys/fs/selinux/policy: invalid argument)
2023/01/25 20:03:13 fault injection: CONFIG_FAULT_INJECTION_DEBUG_FS or CONFIG_FAILSLAB are not enabled
2023/01/25 20:03:13 leak checking: CONFIG_DEBUG_KMEMLEAK is not enabled
2023/01/25 20:03:13 net packet injection: /dev/net/tun does not exist
2023/01/25 20:03:13 net device setup: enabled
2023/01/25 20:03:13 concurrency sanitizer: /sys/kernel/debug/kcsan does not exist
2023/01/25 20:03:13 devlink PCI setup: enabled
2023/01/25 20:03:13 USB emulation: /dev/raw-gadget does not exist
2023/01/25 20:03:13 hci packet injection: /dev/vhci does not exist
2023/01/25 20:03:13 wifi device emulation: /sys/class/mac80211_hwsim/ does not exist
2023/01/25 20:03:13 802.15.4 emulation: /sys/bus/platform/devices/mac802154_hwsim does not exist
2023/01/25 20:03:13 poll: candidates=0 inputs=50 signal=2000
2023/01/25 20:03:13 deserializeInput: hasCrash false hasNet false
2023/01/25 20:03:13 prog length: 3
2023/01/25 20:03:13 deserializeInput: hasCrash false hasNet false
2023/01/25 20:03:13 prog length: 2
2023/01/25 20:03:13 deserializeInput: hasCrash true hasNet false
2023/01/25 20:03:13 prog length: 6
2023/01/25 20:03:13 prog length: 3
2023/01/25 20:03:13 deserializeInput: hasCrash false hasNet true
2023/01/25 20:03:13 prog length: 18
2023/01/25 20:03:13 prog length: 12
2023/01/25 20:03:13 deserializeInput: hasCrash false hasNet false
2023/01/25 20:03:13 prog length: 2
2023/01/25 20:03:13 deserializeInput: hasCrash false hasNet false
2023/01/25 20:03:13 prog length: 3
2023/01/25 20:03:13 deserializeInput: hasCrash false hasNet false
2023/01/25 20:03:13 prog length: 2
2023/01/25 20:03:13 deserializeInput: hasCrash false hasNet false
2023/01/25 20:03:13 prog length: 1
2023/01/25 20:03:13 deserializeInput: hasCrash false hasNet false
2023/01/25 20:03:13 prog length: 1
2023/01/25 20:03:13 deserializeInput: hasCrash false hasNet false
2023/01/25 20:03:13 prog length: 1
2023/01/25 20:03:13 deserializeInput: hasCrash false hasNet false
2023/01/25 20:03:13 prog length: 2
2023/01/25 20:03:13 deserializeInput: hasCrash true hasNet true
2023/01/25 20:03:13 prog length: 12
2023/01/25 20:03:13 prog length: 6
2023/01/25 20:03:13 deserializeInput: hasCrash true hasNet false
2023/01/25 20:03:13 prog length: 6
2023/01/25 20:03:13 prog length: 3
2023/01/25 20:03:13 deserializeInput: hasCrash false hasNet false
2023/01/25 20:03:13 prog length: 1
2023/01/25 20:03:13 deserializeInput: hasCrash false hasNet true
2023/01/25 20:03:13 prog length: 18
2023/01/25 20:03:13 prog length: 9
2023/01/25 20:03:13 deserializeInput: hasCrash false hasNet false
2023/01/25 20:03:13 prog length: 2
2023/01/25 20:03:13 deserializeInput: hasCrash false hasNet false
2023/01/25 20:03:13 prog length: 3
2023/01/25 20:03:13 deserializeInput: hasCrash false hasNet true
2023/01/25 20:03:13 prog length: 6
2023/01/25 20:03:13 prog length: 4
2023/01/25 20:03:13 deserializeInput: hasCrash false hasNet false
2023/01/25 20:03:13 prog length: 2
2023/01/25 20:03:13 deserializeInput: hasCrash false hasNet false
2023/01/25 20:03:13 prog length: 2
2023/01/25 20:03:13 deserializeInput: hasCrash false hasNet false
2023/01/25 20:03:13 prog length: 1
2023/01/25 20:03:13 deserializeInput: hasCrash false hasNet false
2023/01/25 20:03:13 prog length: 1
2023/01/25 20:03:13 deserializeInput: hasCrash true hasNet true
2023/01/25 20:03:13 prog length: 6
2023/01/25 20:03:13 prog length: 6
2023/01/25 20:03:13 prog length: 5
2023/01/25 20:03:13 deserializeInput: hasCrash false hasNet false
2023/01/25 20:03:13 prog length: 1
2023/01/25 20:03:13 deserializeInput: hasCrash false hasNet false
2023/01/25 20:03:13 prog length: 1
2023/01/25 20:03:13 deserializeInput: hasCrash false hasNet false
2023/01/25 20:03:13 prog length: 2
2023/01/25 20:03:13 deserializeInput: hasCrash false hasNet false
2023/01/25 20:03:13 prog length: 2
2023/01/25 20:03:13 deserializeInput: hasCrash false hasNet false
2023/01/25 20:03:13 prog length: 1
2023/01/25 20:03:13 deserializeInput: hasCrash false hasNet false
2023/01/25 20:03:13 prog length: 3
2023/01/25 20:03:13 deserializeInput: hasCrash false hasNet false
2023/01/25 20:03:13 prog length: 4
2023/01/25 20:03:13 deserializeInput: hasCrash true hasNet false
2023/01/25 20:03:13 prog length: 6
2023/01/25 20:03:13 prog length: 3
2023/01/25 20:03:13 deserializeInput: hasCrash false hasNet false
2023/01/25 20:03:13 prog length: 5
2023/01/25 20:03:13 deserializeInput: hasCrash false hasNet false
2023/01/25 20:03:13 prog length: 3
2023/01/25 20:03:13 deserializeInput: hasCrash false hasNet false
2023/01/25 20:03:13 prog length: 3
2023/01/25 20:03:13 deserializeInput: hasCrash false hasNet false
2023/01/25 20:03:13 prog length: 4
2023/01/25 20:03:13 deserializeInput: hasCrash false hasNet false
2023/01/25 20:03:13 prog length: 2
2023/01/25 20:03:13 deserializeInput: hasCrash false hasNet false
2023/01/25 20:03:13 prog length: 2
2023/01/25 20:03:13 deserializeInput: hasCrash false hasNet false
2023/01/25 20:03:13 prog length: 4
2023/01/25 20:03:13 deserializeInput: hasCrash false hasNet false
2023/01/25 20:03:13 prog length: 1
2023/01/25 20:03:13 deserializeInput: hasCrash true hasNet false
2023/01/25 20:03:13 prog length: 6
2023/01/25 20:03:13 prog length: 4
2023/01/25 20:03:13 deserializeInput: hasCrash false hasNet false
2023/01/25 20:03:13 prog length: 2
2023/01/25 20:03:13 deserializeInput: hasCrash false hasNet false
2023/01/25 20:03:13 prog length: 2
2023/01/25 20:03:13 deserializeInput: hasCrash false hasNet false
2023/01/25 20:03:13 prog length: 2
2023/01/25 20:03:13 deserializeInput: hasCrash false hasNet false
2023/01/25 20:03:13 prog length: 2
2023/01/25 20:03:13 deserializeInput: hasCrash false hasNet false
2023/01/25 20:03:13 prog length: 2
2023/01/25 20:03:13 deserializeInput: hasCrash false hasNet false
2023/01/25 20:03:13 prog length: 3
2023/01/25 20:03:13 deserializeInput: hasCrash false hasNet false
2023/01/25 20:03:13 prog length: 4
2023/01/25 20:03:13 deserializeInput: hasCrash false hasNet false
2023/01/25 20:03:13 prog length: 2
2023/01/25 20:03:13 deserializeInput: hasCrash false hasNet false
2023/01/25 20:03:13 prog length: 2
2023/01/25 20:03:13 deserializeInput: hasCrash false hasNet false
2023/01/25 20:03:13 prog length: 2
2023/01/25 20:03:13 fetching corpus: 50, signal 6606/23905/29543 (executing program)
2023/01/25 20:03:13 poll: candidates=0 inputs=50 signal=2000
2023/01/25 20:03:13 deserializeInput: hasCrash true hasNet false
2023/01/25 20:03:13 prog length: 6
2023/01/25 20:03:13 prog length: 3
2023/01/25 20:03:13 deserializeInput: hasCrash false hasNet true
2023/01/25 20:03:13 prog length: 6
2023/01/25 20:03:13 prog length: 5
2023/01/25 20:03:13 deserializeInput: hasCrash false hasNet true
2023/01/25 20:03:13 prog length: 6
2023/01/25 20:03:13 prog length: 3
2023/01/25 20:03:13 deserializeInput: hasCrash true hasNet false
2023/01/25 20:03:13 prog length: 6
2023/01/25 20:03:13 prog length: 4
2023/01/25 20:03:13 deserializeInput: hasCrash false hasNet true
2023/01/25 20:03:13 prog length: 6
2023/01/25 20:03:13 prog length: 6
2023/01/25 20:03:13 prog length: 7
2023/01/25 20:03:13 deserializeInput: hasCrash false hasNet false
2023/01/25 20:03:13 prog length: 3
2023/01/25 20:03:13 deserializeInput: hasCrash false hasNet false
2023/01/25 20:03:13 prog length: 1
2023/01/25 20:03:13 deserializeInput: hasCrash false hasNet false
2023/01/25 20:03:13 prog length: 1
2023/01/25 20:03:13 deserializeInput: hasCrash false hasNet false
2023/01/25 20:03:13 prog length: 2
2023/01/25 20:03:13 deserializeInput: hasCrash false hasNet false
2023/01/25 20:03:13 prog length: 2
2023/01/25 20:03:13 deserializeInput: hasCrash false hasNet true
2023/01/25 20:03:13 prog length: 18
2023/01/25 20:03:13 prog length: 11
2023/01/25 20:03:13 deserializeInput: hasCrash false hasNet false
2023/01/25 20:03:13 prog length: 3
2023/01/25 20:03:13 deserializeInput: hasCrash true hasNet false
2023/01/25 20:03:13 prog length: 6
2023/01/25 20:03:13 prog length: 3
2023/01/25 20:03:13 deserializeInput: hasCrash false hasNet false
2023/01/25 20:03:13 prog length: 3
2023/01/25 20:03:13 deserializeInput: hasCrash true hasNet false
2023/01/25 20:03:13 prog length: 6
2023/01/25 20:03:13 prog length: 3
2023/01/25 20:03:13 deserializeInput: hasCrash false hasNet false
2023/01/25 20:03:13 prog length: 2
2023/01/25 20:03:13 deserializeInput: hasCrash false hasNet false
2023/01/25 20:03:13 prog length: 2
2023/01/25 20:03:13 deserializeInput: hasCrash false hasNet false
2023/01/25 20:03:13 prog length: 2
2023/01/25 20:03:13 deserializeInput: hasCrash false hasNet false
2023/01/25 20:03:13 prog length: 2
2023/01/25 20:03:13 deserializeInput: hasCrash false hasNet false
2023/01/25 20:03:13 prog length: 2
2023/01/25 20:03:13 deserializeInput: hasCrash true hasNet false
2023/01/25 20:03:13 prog length: 6
2023/01/25 20:03:13 prog length: 3
2023/01/25 20:03:13 deserializeInput: hasCrash false hasNet true
2023/01/25 20:03:13 prog length: 6
2023/01/25 20:03:13 prog length: 14
2023/01/25 20:03:13 deserializeInput: hasCrash false hasNet false
2023/01/25 20:03:13 prog length: 8
2023/01/25 20:03:13 deserializeInput: hasCrash false hasNet true
2023/01/25 20:03:13 prog length: 6
2023/01/25 20:03:13 prog length: 6
2023/01/25 20:03:13 deserializeInput: hasCrash false hasNet false
2023/01/25 20:03:13 prog length: 3
2023/01/25 20:03:13 deserializeInput: hasCrash false hasNet false
2023/01/25 20:03:13 prog length: 2
2023/01/25 20:03:13 deserializeInput: hasCrash false hasNet false
2023/01/25 20:03:13 prog length: 2
2023/01/25 20:03:13 deserializeInput: hasCrash false hasNet false
2023/01/25 20:03:13 prog length: 2
2023/01/25 20:03:13 deserializeInput: hasCrash false hasNet false
2023/01/25 20:03:13 prog length: 2
2023/01/25 20:03:13 deserializeInput: hasCrash false hasNet true
2023/01/25 20:03:13 prog length: 6
2023/01/25 20:03:13 prog length: 19
2023/01/25 20:03:13 deserializeInput: hasCrash false hasNet false
2023/01/25 20:03:13 prog length: 11
2023/01/25 20:03:13 deserializeInput: hasCrash false hasNet true
2023/01/25 20:03:13 prog length: 6
2023/01/25 20:03:13 prog length: 18
2023/01/25 20:03:13 deserializeInput: hasCrash true hasNet true
2023/01/25 20:03:13 prog length: 6
2023/01/25 20:03:13 prog length: 6
2023/01/25 20:03:13 prog length: 7
2023/01/25 20:03:13 deserializeInput: hasCrash false hasNet false
2023/01/25 20:03:13 prog length: 3
2023/01/25 20:03:13 deserializeInput: hasCrash false hasNet false
2023/01/25 20:03:13 prog length: 1
2023/01/25 20:03:13 deserializeInput: hasCrash false hasNet false
2023/01/25 20:03:13 prog length: 6
2023/01/25 20:03:13 deserializeInput: hasCrash false hasNet false
2023/01/25 20:03:13 prog length: 1
2023/01/25 20:03:13 deserializeInput: hasCrash false hasNet false
2023/01/25 20:03:13 prog length: 2
2023/01/25 20:03:13 deserializeInput: hasCrash false hasNet false
2023/01/25 20:03:13 prog length: 2
2023/01/25 20:03:13 deserializeInput: hasCrash false hasNet false
2023/01/25 20:03:13 prog length: 2
2023/01/25 20:03:13 deserializeInput: hasCrash false hasNet false
2023/01/25 20:03:13 prog length: 1
2023/01/25 20:03:13 deserializeInput: hasCrash false hasNet true
2023/01/25 20:03:13 prog length: 6
2023/01/25 20:03:13 prog length: 20
2023/01/25 20:03:13 deserializeInput: hasCrash false hasNet false
2023/01/25 20:03:13 prog length: 2
2023/01/25 20:03:13 deserializeInput: hasCrash false hasNet false
2023/01/25 20:03:13 prog length: 3
2023/01/25 20:03:13 deserializeInput: hasCrash false hasNet true
2023/01/25 20:03:13 prog length: 6
2023/01/25 20:03:13 prog length: 5
2023/01/25 20:03:13 deserializeInput: hasCrash false hasNet false
2023/01/25 20:03:13 prog length: 2
2023/01/25 20:03:13 deserializeInput: hasCrash false hasNet true
2023/01/25 20:03:13 prog length: 6
2023/01/25 20:03:13 prog length: 5
2023/01/25 20:03:13 deserializeInput: hasCrash false hasNet true
2023/01/25 20:03:13 prog length: 6
2023/01/25 20:03:13 prog length: 20
2023/01/25 20:03:13 deserializeInput: hasCrash false hasNet true
2023/01/25 20:03:13 prog length: 6
2023/01/25 20:03:13 prog length: 4
2023/01/25 20:03:13 deserializeInput: hasCrash false hasNet false
2023/01/25 20:03:13 prog length: 3
2023/01/25 20:03:13 fetching corpus: 100, signal 8662/27867/35493 (executing program)
2023/01/25 20:03:13 poll: candidates=0 inputs=50 signal=2000
2023/01/25 20:03:13 deserializeInput: hasCrash false hasNet true
2023/01/25 20:03:13 prog length: 6
2023/01/25 20:03:13 prog length: 3
2023/01/25 20:03:13 deserializeInput: hasCrash false hasNet false
2023/01/25 20:03:13 prog length: 3
2023/01/25 20:03:13 deserializeInput: hasCrash false hasNet true
2023/01/25 20:03:13 prog length: 6
2023/01/25 20:03:13 prog length: 9
2023/01/25 20:03:13 deserializeInput: hasCrash false hasNet false
2023/01/25 20:03:13 prog length: 2
2023/01/25 20:03:13 deserializeInput: hasCrash false hasNet false
2023/01/25 20:03:13 prog length: 1
2023/01/25 20:03:13 deserializeInput: hasCrash false hasNet false
2023/01/25 20:03:13 prog length: 3
2023/01/25 20:03:13 deserializeInput: hasCrash false hasNet false
2023/01/25 20:03:13 prog length: 2
2023/01/25 20:03:13 deserializeInput: hasCrash false hasNet false
2023/01/25 20:03:13 prog length: 1
2023/01/25 20:03:13 deserializeInput: hasCrash false hasNet false
2023/01/25 20:03:13 prog length: 2
2023/01/25 20:03:13 deserializeInput: hasCrash false hasNet false
2023/01/25 20:03:13 prog length: 1
2023/01/25 20:03:13 deserializeInput: hasCrash true hasNet false
2023/01/25 20:03:13 prog length: 6
2023/01/25 20:03:13 prog length: 3
2023/01/25 20:03:13 deserializeInput: hasCrash false hasNet false
2023/01/25 20:03:13 prog length: 2
2023/01/25 20:03:13 deserializeInput: hasCrash false hasNet false
2023/01/25 20:03:13 prog length: 2
2023/01/25 20:03:13 deserializeInput: hasCrash false hasNet false
2023/01/25 20:03:13 prog length: 2
2023/01/25 20:03:13 deserializeInput: hasCrash false hasNet false
2023/01/25 20:03:13 prog length: 3
2023/01/25 20:03:13 deserializeInput: hasCrash true hasNet false
2023/01/25 20:03:13 prog length: 6
2023/01/25 20:03:13 prog length: 3
2023/01/25 20:03:13 deserializeInput: hasCrash false hasNet false
2023/01/25 20:03:13 prog length: 1
2023/01/25 20:03:13 deserializeInput: hasCrash false hasNet false
2023/01/25 20:03:13 prog length: 2
2023/01/25 20:03:13 deserializeInput: hasCrash false hasNet true
2023/01/25 20:03:13 prog length: 6
2023/01/25 20:03:13 prog length: 18
2023/01/25 20:03:13 deserializeInput: hasCrash true hasNet false
2023/01/25 20:03:13 prog length: 6
2023/01/25 20:03:13 prog length: 3
2023/01/25 20:03:13 deserializeInput: hasCrash false hasNet false
2023/01/25 20:03:13 prog length: 3
2023/01/25 20:03:13 deserializeInput: hasCrash false hasNet false
2023/01/25 20:03:13 prog length: 2
2023/01/25 20:03:13 deserializeInput: hasCrash false hasNet false
2023/01/25 20:03:13 prog length: 6
2023/01/25 20:03:13 deserializeInput: hasCrash false hasNet false
2023/01/25 20:03:13 prog length: 2
2023/01/25 20:03:13 deserializeInput: hasCrash false hasNet false
2023/01/25 20:03:13 prog length: 4
2023/01/25 20:03:13 deserializeInput: hasCrash false hasNet false
2023/01/25 20:03:13 prog length: 1
2023/01/25 20:03:13 deserializeInput: hasCrash false hasNet false
2023/01/25 20:03:13 prog length: 3
2023/01/25 20:03:13 deserializeInput: hasCrash false hasNet false
2023/01/25 20:03:13 prog length: 1
2023/01/25 20:03:13 deserializeInput: hasCrash false hasNet true
2023/01/25 20:03:13 prog length: 6
2023/01/25 20:03:13 prog length: 8
2023/01/25 20:03:13 deserializeInput: hasCrash false hasNet false
2023/01/25 20:03:13 prog length: 2
2023/01/25 20:03:13 deserializeInput: hasCrash true hasNet false
2023/01/25 20:03:13 prog length: 6
2023/01/25 20:03:13 prog length: 4
2023/01/25 20:03:13 deserializeInput: hasCrash false hasNet false
2023/01/25 20:03:13 prog length: 2
2023/01/25 20:03:13 deserializeInput: hasCrash false hasNet true
2023/01/25 20:03:13 prog length: 18
2023/01/25 20:03:13 prog length: 9
2023/01/25 20:03:13 deserializeInput: hasCrash false hasNet true
2023/01/25 20:03:13 prog length: 6
2023/01/25 20:03:13 prog length: 20
2023/01/25 20:03:13 deserializeInput: hasCrash false hasNet true
2023/01/25 20:03:13 prog length: 6
2023/01/25 20:03:13 prog length: 4
2023/01/25 20:03:13 deserializeInput: hasCrash false hasNet false
2023/01/25 20:03:13 prog length: 2
2023/01/25 20:03:13 deserializeInput: hasCrash false hasNet false
2023/01/25 20:03:13 prog length: 1
2023/01/25 20:03:13 deserializeInput: hasCrash false hasNet false
2023/01/25 20:03:13 prog length: 3
2023/01/25 20:03:13 deserializeInput: hasCrash false hasNet false
2023/01/25 20:03:13 prog length: 1
2023/01/25 20:03:13 deserializeInput: hasCrash false hasNet false
2023/01/25 20:03:13 prog length: 2
2023/01/25 20:03:13 deserializeInput: hasCrash false hasNet false
2023/01/25 20:03:13 prog length: 3
2023/01/25 20:03:13 deserializeInput: hasCrash false hasNet false
2023/01/25 20:03:13 prog length: 2
2023/01/25 20:03:13 deserializeInput: hasCrash false hasNet false
2023/01/25 20:03:13 prog length: 1
2023/01/25 20:03:13 deserializeInput: hasCrash false hasNet true
2023/01/25 20:03:13 prog length: 6
2023/01/25 20:03:13 prog length: 13
2023/01/25 20:03:13 deserializeInput: hasCrash false hasNet false
2023/01/25 20:03:13 prog length: 4
2023/01/25 20:03:13 deserializeInput: hasCrash false hasNet false
2023/01/25 20:03:13 prog length: 2
2023/01/25 20:03:13 deserializeInput: hasCrash false hasNet true
2023/01/25 20:03:13 prog length: 6
2023/01/25 20:03:13 prog length: 14
2023/01/25 20:03:13 deserializeInput: hasCrash false hasNet false
2023/01/25 20:03:13 prog length: 2
2023/01/25 20:03:13 deserializeInput: hasCrash false hasNet false
2023/01/25 20:03:13 prog length: 3
2023/01/25 20:03:13 deserializeInput: hasCrash false hasNet false
2023/01/25 20:03:13 prog length: 2
2023/01/25 20:03:13 fetching corpus: 150, signal 8728/28883/36950 (executing program)
2023/01/25 20:03:13 poll: candidates=0 inputs=50 signal=2000
2023/01/25 20:03:13 deserializeInput: hasCrash false hasNet true
2023/01/25 20:03:13 prog length: 6
2023/01/25 20:03:13 prog length: 20
2023/01/25 20:03:13 deserializeInput: hasCrash false hasNet false
2023/01/25 20:03:13 prog length: 1
2023/01/25 20:03:13 deserializeInput: hasCrash false hasNet false
2023/01/25 20:03:13 prog length: 2
2023/01/25 20:03:13 deserializeInput: hasCrash false hasNet false
2023/01/25 20:03:13 prog length: 2
2023/01/25 20:03:13 deserializeInput: hasCrash false hasNet false
2023/01/25 20:03:13 prog length: 6
2023/01/25 20:03:13 deserializeInput: hasCrash false hasNet false
2023/01/25 20:03:13 prog length: 1
2023/01/25 20:03:13 deserializeInput: hasCrash false hasNet true
2023/01/25 20:03:13 prog length: 6
2023/01/25 20:03:13 prog length: 7
2023/01/25 20:03:13 deserializeInput: hasCrash false hasNet false
2023/01/25 20:03:13 prog length: 4
2023/01/25 20:03:13 deserializeInput: hasCrash false hasNet false
2023/01/25 20:03:13 prog length: 2
2023/01/25 20:03:13 deserializeInput: hasCrash false hasNet false
2023/01/25 20:03:13 prog length: 1
2023/01/25 20:03:13 deserializeInput: hasCrash false hasNet false
2023/01/25 20:03:13 prog length: 1
2023/01/25 20:03:13 deserializeInput: hasCrash false hasNet false
2023/01/25 20:03:13 prog length: 1
2023/01/25 20:03:13 deserializeInput: hasCrash false hasNet false
2023/01/25 20:03:13 prog length: 2
2023/01/25 20:03:13 deserializeInput: hasCrash false hasNet true
2023/01/25 20:03:13 prog length: 6
2023/01/25 20:03:13 prog length: 20
2023/01/25 20:03:13 deserializeInput: hasCrash false hasNet true
2023/01/25 20:03:13 prog length: 6
2023/01/25 20:03:13 prog length: 16
2023/01/25 20:03:13 deserializeInput: hasCrash false hasNet false
2023/01/25 20:03:13 prog length: 1
2023/01/25 20:03:13 deserializeInput: hasCrash false hasNet false
2023/01/25 20:03:13 prog length: 2
2023/01/25 20:03:13 deserializeInput: hasCrash false hasNet false
2023/01/25 20:03:13 prog length: 1
2023/01/25 20:03:13 deserializeInput: hasCrash false hasNet false
2023/01/25 20:03:13 prog length: 6
2023/01/25 20:03:13 deserializeInput: hasCrash true hasNet false
2023/01/25 20:03:13 prog length: 6
2023/01/25 20:03:13 prog length: 3
2023/01/25 20:03:13 deserializeInput: hasCrash false hasNet false
2023/01/25 20:03:13 prog length: 1
2023/01/25 20:03:13 deserializeInput: hasCrash false hasNet true
2023/01/25 20:03:13 prog length: 6
2023/01/25 20:03:13 prog length: 5
2023/01/25 20:03:13 deserializeInput: hasCrash false hasNet false
2023/01/25 20:03:13 prog length: 6
2023/01/25 20:03:13 deserializeInput: hasCrash false hasNet false
2023/01/25 20:03:13 prog length: 2
2023/01/25 20:03:13 deserializeInput: hasCrash false hasNet true
2023/01/25 20:03:13 prog length: 6
2023/01/25 20:03:13 prog length: 12
2023/01/25 20:03:13 deserializeInput: hasCrash false hasNet false
2023/01/25 20:03:13 prog length: 4
2023/01/25 20:03:13 deserializeInput: hasCrash false hasNet false
2023/01/25 20:03:13 prog length: 4
2023/01/25 20:03:13 deserializeInput: hasCrash false hasNet false
2023/01/25 20:03:13 prog length: 3
2023/01/25 20:03:13 deserializeInput: hasCrash false hasNet false
2023/01/25 20:03:13 prog length: 4
2023/01/25 20:03:13 deserializeInput: hasCrash false hasNet true
2023/01/25 20:03:13 prog length: 6
2023/01/25 20:03:13 prog length: 5
2023/01/25 20:03:13 deserializeInput: hasCrash false hasNet false
2023/01/25 20:03:13 prog length: 1
2023/01/25 20:03:13 deserializeInput: hasCrash false hasNet false
2023/01/25 20:03:13 prog length: 1
2023/01/25 20:03:13 deserializeInput: hasCrash false hasNet true
2023/01/25 20:03:13 prog length: 6
2023/01/25 20:03:13 prog length: 20
2023/01/25 20:03:13 deserializeInput: hasCrash true hasNet false
2023/01/25 20:03:13 prog length: 6
2023/01/25 20:03:13 prog length: 3
2023/01/25 20:03:13 deserializeInput: hasCrash false hasNet false
2023/01/25 20:03:13 prog length: 2
2023/01/25 20:03:13 deserializeInput: hasCrash false hasNet false
2023/01/25 20:03:13 prog length: 1
2023/01/25 20:03:13 deserializeInput: hasCrash true hasNet true
2023/01/25 20:03:13 prog length: 6
2023/01/25 20:03:13 prog length: 12
2023/01/25 20:03:13 prog length: 9
2023/01/25 20:03:13 deserializeInput: hasCrash false hasNet false
2023/01/25 20:03:13 prog length: 1
2023/01/25 20:03:13 deserializeInput: hasCrash false hasNet false
2023/01/25 20:03:13 prog length: 7
2023/01/25 20:03:13 deserializeInput: hasCrash false hasNet true
2023/01/25 20:03:13 prog length: 6
2023/01/25 20:03:13 prog length: 20
2023/01/25 20:03:13 deserializeInput: hasCrash false hasNet false
2023/01/25 20:03:13 prog length: 6
2023/01/25 20:03:13 deserializeInput: hasCrash false hasNet false
2023/01/25 20:03:13 prog length: 3
2023/01/25 20:03:13 deserializeInput: hasCrash false hasNet false
2023/01/25 20:03:13 prog length: 2
2023/01/25 20:03:13 deserializeInput: hasCrash false hasNet true
2023/01/25 20:03:13 prog length: 6
2023/01/25 20:03:13 prog length: 12
2023/01/25 20:03:13 prog length: 10
2023/01/25 20:03:13 deserializeInput: hasCrash false hasNet false
2023/01/25 20:03:13 prog length: 1
2023/01/25 20:03:13 deserializeInput: hasCrash false hasNet false
2023/01/25 20:03:13 prog length: 1
2023/01/25 20:03:13 deserializeInput: hasCrash false hasNet false
2023/01/25 20:03:13 prog length: 4
2023/01/25 20:03:13 deserializeInput: hasCrash false hasNet true
2023/01/25 20:03:13 prog length: 6
2023/01/25 20:03:13 prog length: 16
2023/01/25 20:03:13 deserializeInput: hasCrash false hasNet false
2023/01/25 20:03:13 prog length: 2
2023/01/25 20:03:13 deserializeInput: hasCrash false hasNet false
2023/01/25 20:03:13 prog length: 1
2023/01/25 20:03:13 fetching corpus: 200, signal 8784/29333/37771 (executing program)
2023/01/25 20:03:13 poll: candidates=0 inputs=21 signal=2000
2023/01/25 20:03:13 deserializeInput: hasCrash false hasNet true
2023/01/25 20:03:13 prog length: 6
2023/01/25 20:03:13 prog length: 20
2023/01/25 20:03:13 deserializeInput: hasCrash false hasNet true
2023/01/25 20:03:13 prog length: 6
2023/01/25 20:03:13 prog length: 7
2023/01/25 20:03:13 deserializeInput: hasCrash false hasNet false
2023/01/25 20:03:13 prog length: 1
2023/01/25 20:03:13 deserializeInput: hasCrash false hasNet true
2023/01/25 20:03:13 prog length: 6
2023/01/25 20:03:13 prog length: 20
2023/01/25 20:03:13 deserializeInput: hasCrash false hasNet false
2023/01/25 20:03:13 prog length: 1
2023/01/25 20:03:13 deserializeInput: hasCrash false hasNet false
2023/01/25 20:03:13 prog length: 3
2023/01/25 20:03:13 deserializeInput: hasCrash false hasNet false
2023/01/25 20:03:13 prog length: 2
2023/01/25 20:03:13 deserializeInput: hasCrash false hasNet false
2023/01/25 20:03:13 prog length: 1
2023/01/25 20:03:13 deserializeInput: hasCrash false hasNet false
2023/01/25 20:03:13 prog length: 3
2023/01/25 20:03:13 deserializeInput: hasCrash false hasNet false
2023/01/25 20:03:13 prog length: 1
2023/01/25 20:03:13 deserializeInput: hasCrash false hasNet true
2023/01/25 20:03:13 prog length: 6
2023/01/25 20:03:13 prog length: 20
2023/01/25 20:03:13 deserializeInput: hasCrash true hasNet false
2023/01/25 20:03:13 prog length: 6
2023/01/25 20:03:13 prog length: 3
2023/01/25 20:03:13 deserializeInput: hasCrash false hasNet false
2023/01/25 20:03:13 prog length: 2
2023/01/25 20:03:13 deserializeInput: hasCrash false hasNet true
2023/01/25 20:03:13 prog length: 6
2023/01/25 20:03:13 prog length: 19
2023/01/25 20:03:13 deserializeInput: hasCrash false hasNet false
2023/01/25 20:03:13 prog length: 2
2023/01/25 20:03:13 deserializeInput: hasCrash false hasNet false
2023/01/25 20:03:13 prog length: 3
2023/01/25 20:03:13 deserializeInput: hasCrash true hasNet false
2023/01/25 20:03:13 prog length: 6
2023/01/25 20:03:13 prog length: 4
2023/01/25 20:03:13 deserializeInput: hasCrash false hasNet false
2023/01/25 20:03:13 prog length: 4
2023/01/25 20:03:13 deserializeInput: hasCrash false hasNet true
2023/01/25 20:03:13 prog length: 6
2023/01/25 20:03:13 prog length: 4
2023/01/25 20:03:13 deserializeInput: hasCrash false hasNet false
2023/01/25 20:03:13 prog length: 3
2023/01/25 20:03:13 deserializeInput: hasCrash false hasNet false
2023/01/25 20:03:13 prog length: 2
2023/01/25 20:03:13 fetching corpus: 221, signal 8978/29544/38496 (executing program)
2023/01/25 20:03:13 poll: candidates=0 inputs=0 signal=2000
2023/01/25 20:03:13 fetching corpus: 221, signal 8978/29544/38922 (executing program)
2023/01/25 20:03:13 poll: candidates=0 inputs=0 signal=2000
2023/01/25 20:03:13 fetching corpus: 221, signal 8978/29544/39322 (executing program)
2023/01/25 20:03:13 poll: candidates=0 inputs=0 signal=2000
2023/01/25 20:03:13 fetching corpus: 221, signal 8978/29544/39715 (executing program)
2023/01/25 20:03:13 poll: candidates=0 inputs=0 signal=2000
2023/01/25 20:03:13 fetching corpus: 221, signal 8978/29544/40128 (executing program)
2023/01/25 20:03:13 poll: candidates=0 inputs=0 signal=2000
2023/01/25 20:03:13 fetching corpus: 221, signal 8978/29544/40518 (executing program)
2023/01/25 20:03:13 poll: candidates=0 inputs=0 signal=2000
2023/01/25 20:03:13 fetching corpus: 221, signal 8978/29544/40904 (executing program)
2023/01/25 20:03:13 poll: candidates=0 inputs=0 signal=2000
2023/01/25 20:03:13 fetching corpus: 221, signal 8978/29544/41328 (executing program)
2023/01/25 20:03:13 poll: candidates=0 inputs=0 signal=2000
2023/01/25 20:03:13 fetching corpus: 221, signal 8978/29544/41719 (executing program)
2023/01/25 20:03:13 poll: candidates=0 inputs=0 signal=1811
2023/01/25 20:03:13 fetching corpus: 221, signal 8978/29544/42091 (executing program)
2023/01/25 20:03:13 poll: candidates=0 inputs=0 signal=0
2023/01/25 20:03:13 fetching corpus: 221, signal 8978/29544/42091 (executing program)
2023/01/25 20:03:13 sync: 3789, recv: 3787, send: 3788, up: 3790, down: 3784, net_up: 3786, net_down: 3785
2023/01/25 20:03:14 starting 1 fuzzer processes
2023/01/25 20:03:14 ----- generateCall 3766 sync sync
2023/01/25 20:03:14 ----- generateCall 3766 sync sync
2023/01/25 20:03:14 ----- generateCall 3766 sync sync
2023/01/25 20:03:14 ----- generateCall 3766 sync sync
2023/01/25 20:03:14 ----- generateCall 3766 sync sync
2023/01/25 20:03:14 ----- generateCall 3766 sync sync
2023/01/25 20:03:14 ----- generateCall 3766 sync sync
2023/01/25 20:03:14 ----- generateCall 3766 sync sync
2023/01/25 20:03:14 ----- generateCall 3766 sync sync
2023/01/25 20:03:14 ----- generateCall 3766 sync sync
2023/01/25 20:03:14 ----- generateCall 3766 sync sync
2023/01/25 20:03:14 ----- generateCall 3766 sync sync
2023/01/25 20:03:14 ----- generateCall 3766 sync sync
2023/01/25 20:03:14 ----- generateCall 3766 sync sync
2023/01/25 20:03:14 ----- generateCall 3766 sync sync
2023/01/25 20:03:14 ----- generateCall 3766 sync sync
2023/01/25 20:03:14 ----- generateCall 3766 sync sync
2023/01/25 20:03:14 ----- generateCall 3766 sync sync
2023/01/25 20:03:14 ----- generateCall 3766 sync sync
2023/01/25 20:03:14 ----- generateCall 3766 sync sync
2023/01/25 20:03:14 map[]
2023/01/25 20:03:14 #0: generated
2023/01/25 20:03:14 HasCrashFail: false, .HasNetFail: false
2023/01/25 20:03:14 before return in CmpProgs, HasNetFail: false, HasCrashFail: false
symc3 prog: 
syscall(SYS_sync, );
syscall(SYS_sync, );
syscall(SYS_sync, );
syscall(SYS_sync, );
syscall(SYS_sync, );
syscall(SYS_sync, );
syscall(SYS_sync, );
syscall(SYS_sync, );
syscall(SYS_sync, );
syscall(SYS_sync, );
syscall(SYS_sync, );
syscall(SYS_sync, );
syscall(SYS_sync, );
syscall(SYS_sync, );
syscall(SYS_sync, );
syscall(SYS_sync, );
syscall(SYS_sync, );
syscall(SYS_sync, );
syscall(SYS_sync, );
syscall(SYS_sync, );

2023/01/25 20:03:14 prog length: 20
2023/01/25 20:03:14 HasCrashFail:false HasNetFail:false
20:03:14 ---executing program 0:
---
---
---
sync()
sync()
sync()
sync()
sync()
sync()
sync()
sync()
sync()
sync()
sync()
sync()
sync()
sync()
sync()
sync()
sync()
sync()
sync()
sync()
---

end of program
2023/01/25 20:03:14 -----run executor: [/usr/bin/ssh -F /dev/null -o ConnectionAttempts=100 -o ConnectTimeout=120 -o UserKnownHostsFile=/dev/null -o BatchMode=yes -o IdentitiesOnly=yes -o StrictHostKeyChecking=no -o ConnectTimeout=100 -i /home/tlyu/dfs-fuzzing/disk-images/glusterfs-images/focal.id_rsa -v root@192.168.0.50 /root/syz-executor exec 0 0 glusterfs 3 4 192.168.0.50 0 "3 1 ''" false false false false false]
2023/01/25 20:03:14 poll: candidates=0 inputs=0 signal=0
2023/01/25 20:03:14 -----run executor: [/usr/bin/ssh -F /dev/null -o ConnectionAttempts=100 -o ConnectTimeout=120 -o UserKnownHostsFile=/dev/null -o BatchMode=yes -o IdentitiesOnly=yes -o StrictHostKeyChecking=no -o ConnectTimeout=100 -i /home/tlyu/dfs-fuzzing/disk-images/glusterfs-images/focal.id_rsa -v root@192.168.0.51 /root/syz-executor exec 0 1 glusterfs 3 4 192.168.0.50 0 "3 1 ''" false false false false false]
2023/01/25 20:03:14 -----run executor: [/usr/bin/ssh -F /dev/null -o ConnectionAttempts=100 -o ConnectTimeout=120 -o UserKnownHostsFile=/dev/null -o BatchMode=yes -o IdentitiesOnly=yes -o StrictHostKeyChecking=no -o ConnectTimeout=100 -i /home/tlyu/dfs-fuzzing/disk-images/glusterfs-images/focal.id_rsa -v root@192.168.0.52 /root/syz-executor exec 0 2 glusterfs 3 4 192.168.0.50 0 "3 1 ''" false false false false false]
2023/01/25 20:03:14 -----run executor: [/usr/bin/ssh -F /dev/null -o ConnectionAttempts=100 -o ConnectTimeout=120 -o UserKnownHostsFile=/dev/null -o BatchMode=yes -o IdentitiesOnly=yes -o StrictHostKeyChecking=no -o ConnectTimeout=100 -i /home/tlyu/dfs-fuzzing/disk-images/glusterfs-images/focal.id_rsa -v root@192.168.0.53 /root/syz-executor exec 1 3 glusterfs 3 4 192.168.0.50 0 "3 1 ''" false false false false false]
OpenSSH_8.2p1 Ubuntu-4ubuntu0.5, OpenSSL 1.1.1f  31 Mar 2020
OpenSSH_8.2p1 Ubuntu-4ubuntu0.5, OpenSSL 1.1.1f  31 Mar 2020
debug1: Reading configuration data /dev/null
debug1: Reading configuration data /dev/null
OpenSSH_8.2p1 Ubuntu-4ubuntu0.5, OpenSSL 1.1.1f  31 Mar 2020
debug1: Reading configuration data /dev/null
debug1: Connecting to 192.168.0.52 [192.168.0.52] port 22.
debug1: Connecting to 192.168.0.50 [192.168.0.50] port 22.
debug1: Connecting to 192.168.0.53 [192.168.0.53] port 22.
OpenSSH_8.2p1 Ubuntu-4ubuntu0.5, OpenSSL 1.1.1f  31 Mar 2020
debug1: Reading configuration data /dev/null
debug1: fd 3 clearing O_NONBLOCK
debug1: Connection established.
debug1: identity file /home/tlyu/dfs-fuzzing/disk-images/glusterfs-images/focal.id_rsa type -1
debug1: identity file /home/tlyu/dfs-fuzzing/disk-images/glusterfs-images/focal.id_rsa-cert type -1
debug1: Local version string SSH-2.0-OpenSSH_8.2p1 Ubuntu-4ubuntu0.5
debug1: fd 3 clearing O_NONBLOCK
debug1: Connection established.
debug1: Connecting to 192.168.0.51 [192.168.0.51] port 22.
debug1: fd 3 clearing O_NONBLOCK
debug1: Connection established.
debug1: identity file /home/tlyu/dfs-fuzzing/disk-images/glusterfs-images/focal.id_rsa type -1
debug1: identity file /home/tlyu/dfs-fuzzing/disk-images/glusterfs-images/focal.id_rsa-cert type -1
debug1: Local version string SSH-2.0-OpenSSH_8.2p1 Ubuntu-4ubuntu0.5
debug1: identity file /home/tlyu/dfs-fuzzing/disk-images/glusterfs-images/focal.id_rsa type -1
debug1: identity file /home/tlyu/dfs-fuzzing/disk-images/glusterfs-images/focal.id_rsa-cert type -1
debug1: Local version string SSH-2.0-OpenSSH_8.2p1 Ubuntu-4ubuntu0.5
debug1: fd 3 clearing O_NONBLOCK
debug1: Connection established.
debug1: identity file /home/tlyu/dfs-fuzzing/disk-images/glusterfs-images/focal.id_rsa type -1
debug1: identity file /home/tlyu/dfs-fuzzing/disk-images/glusterfs-images/focal.id_rsa-cert type -1
debug1: Local version string SSH-2.0-OpenSSH_8.2p1 Ubuntu-4ubuntu0.5
debug1: Remote protocol version 2.0, remote software version OpenSSH_8.2p1 Ubuntu-4
debug1: match: OpenSSH_8.2p1 Ubuntu-4 pat OpenSSH* compat 0x04000000
debug1: Authenticating to 192.168.0.50:22 as 'root'
debug1: SSH2_MSG_KEXINIT sent
debug1: Remote protocol version 2.0, remote software version OpenSSH_8.2p1 Ubuntu-4
debug1: match: OpenSSH_8.2p1 Ubuntu-4 pat OpenSSH* compat 0x04000000
debug1: Authenticating to 192.168.0.51:22 as 'root'
debug1: SSH2_MSG_KEXINIT sent
debug1: SSH2_MSG_KEXINIT received
debug1: kex: algorithm: curve25519-sha256
debug1: kex: host key algorithm: ecdsa-sha2-nistp256
debug1: kex: server->client cipher: chacha20-poly1305@openssh.com MAC: <implicit> compression: none
debug1: kex: client->server cipher: chacha20-poly1305@openssh.com MAC: <implicit> compression: none
debug1: SSH2_MSG_KEXINIT received
debug1: kex: algorithm: curve25519-sha256
debug1: kex: host key algorithm: ecdsa-sha2-nistp256
debug1: kex: server->client cipher: chacha20-poly1305@openssh.com MAC: <implicit> compression: none
debug1: kex: client->server cipher: chacha20-poly1305@openssh.com MAC: <implicit> compression: none
debug1: expecting SSH2_MSG_KEX_ECDH_REPLY
debug1: Remote protocol version 2.0, remote software version OpenSSH_8.2p1 Ubuntu-4
debug1: match: OpenSSH_8.2p1 Ubuntu-4 pat OpenSSH* compat 0x04000000
debug1: Authenticating to 192.168.0.52:22 as 'root'
debug1: SSH2_MSG_KEXINIT sent
debug1: Remote protocol version 2.0, remote software version OpenSSH_8.2p1 Ubuntu-4
debug1: match: OpenSSH_8.2p1 Ubuntu-4 pat OpenSSH* compat 0x04000000
debug1: Authenticating to 192.168.0.53:22 as 'root'
debug1: expecting SSH2_MSG_KEX_ECDH_REPLY
debug1: SSH2_MSG_KEXINIT sent
debug1: Server host key: ecdsa-sha2-nistp256 SHA256:prHFi1G5XXPuzxIh2a5lJaY6ZWltf3+ajD/hEOIDid8
Warning: Permanently added '192.168.0.50' (ECDSA) to the list of known hosts.
debug1: Server host key: ecdsa-sha2-nistp256 SHA256:prHFi1G5XXPuzxIh2a5lJaY6ZWltf3+ajD/hEOIDid8
Warning: Permanently added '192.168.0.51' (ECDSA) to the list of known hosts.
debug1: SSH2_MSG_KEXINIT received
debug1: kex: algorithm: curve25519-sha256
debug1: kex: host key algorithm: ecdsa-sha2-nistp256
debug1: kex: server->client cipher: chacha20-poly1305@openssh.com MAC: <implicit> compression: none
debug1: kex: client->server cipher: chacha20-poly1305@openssh.com MAC: <implicit> compression: none
debug1: SSH2_MSG_KEXINIT received
debug1: kex: algorithm: curve25519-sha256
debug1: kex: host key algorithm: ecdsa-sha2-nistp256
debug1: kex: server->client cipher: chacha20-poly1305@openssh.com MAC: <implicit> compression: none
debug1: kex: client->server cipher: chacha20-poly1305@openssh.com MAC: <implicit> compression: none
debug1: rekey out after 134217728 blocks
debug1: SSH2_MSG_NEWKEYS sent
debug1: expecting SSH2_MSG_NEWKEYS
debug1: SSH2_MSG_NEWKEYS received
debug1: rekey in after 134217728 blocks
debug1: Will attempt key: /home/tlyu/dfs-fuzzing/disk-images/glusterfs-images/focal.id_rsa  explicit
debug1: SSH2_MSG_EXT_INFO received
debug1: kex_input_ext_info: server-sig-algs=<ssh-ed25519,sk-ssh-ed25519@openssh.com,ssh-rsa,rsa-sha2-256,rsa-sha2-512,ssh-dss,ecdsa-sha2-nistp256,ecdsa-sha2-nistp384,ecdsa-sha2-nistp521,sk-ecdsa-sha2-nistp256@openssh.com>
debug1: expecting SSH2_MSG_KEX_ECDH_REPLY
debug1: SSH2_MSG_SERVICE_ACCEPT received
debug1: expecting SSH2_MSG_KEX_ECDH_REPLY
debug1: rekey out after 134217728 blocks
debug1: SSH2_MSG_NEWKEYS sent
debug1: expecting SSH2_MSG_NEWKEYS
debug1: SSH2_MSG_NEWKEYS received
debug1: rekey in after 134217728 blocks
debug1: Will attempt key: /home/tlyu/dfs-fuzzing/disk-images/glusterfs-images/focal.id_rsa  explicit
debug1: SSH2_MSG_EXT_INFO received
debug1: kex_input_ext_info: server-sig-algs=<ssh-ed25519,sk-ssh-ed25519@openssh.com,ssh-rsa,rsa-sha2-256,rsa-sha2-512,ssh-dss,ecdsa-sha2-nistp256,ecdsa-sha2-nistp384,ecdsa-sha2-nistp521,sk-ecdsa-sha2-nistp256@openssh.com>
debug1: SSH2_MSG_SERVICE_ACCEPT received
debug1: Server host key: ecdsa-sha2-nistp256 SHA256:prHFi1G5XXPuzxIh2a5lJaY6ZWltf3+ajD/hEOIDid8
Warning: Permanently added '192.168.0.53' (ECDSA) to the list of known hosts.
debug1: Server host key: ecdsa-sha2-nistp256 SHA256:prHFi1G5XXPuzxIh2a5lJaY6ZWltf3+ajD/hEOIDid8
Warning: Permanently added '192.168.0.52' (ECDSA) to the list of known hosts.
debug1: rekey out after 134217728 blocks
debug1: SSH2_MSG_NEWKEYS sent
debug1: expecting SSH2_MSG_NEWKEYS
debug1: SSH2_MSG_NEWKEYS received
debug1: rekey in after 134217728 blocks
debug1: Will attempt key: /home/tlyu/dfs-fuzzing/disk-images/glusterfs-images/focal.id_rsa  explicit
debug1: SSH2_MSG_EXT_INFO received
debug1: kex_input_ext_info: server-sig-algs=<ssh-ed25519,sk-ssh-ed25519@openssh.com,ssh-rsa,rsa-sha2-256,rsa-sha2-512,ssh-dss,ecdsa-sha2-nistp256,ecdsa-sha2-nistp384,ecdsa-sha2-nistp521,sk-ecdsa-sha2-nistp256@openssh.com>
debug1: SSH2_MSG_SERVICE_ACCEPT received
debug1: rekey out after 134217728 blocks
debug1: SSH2_MSG_NEWKEYS sent
debug1: expecting SSH2_MSG_NEWKEYS
debug1: SSH2_MSG_NEWKEYS received
debug1: rekey in after 134217728 blocks
debug1: Will attempt key: /home/tlyu/dfs-fuzzing/disk-images/glusterfs-images/focal.id_rsa  explicit
debug1: SSH2_MSG_EXT_INFO received
debug1: kex_input_ext_info: server-sig-algs=<ssh-ed25519,sk-ssh-ed25519@openssh.com,ssh-rsa,rsa-sha2-256,rsa-sha2-512,ssh-dss,ecdsa-sha2-nistp256,ecdsa-sha2-nistp384,ecdsa-sha2-nistp521,sk-ecdsa-sha2-nistp256@openssh.com>
debug1: SSH2_MSG_SERVICE_ACCEPT received
debug1: Authentications that can continue: publickey,password
debug1: Next authentication method: publickey
debug1: Trying private key: /home/tlyu/dfs-fuzzing/disk-images/glusterfs-images/focal.id_rsa
debug1: Authentications that can continue: publickey,password
debug1: Next authentication method: publickey
debug1: Trying private key: /home/tlyu/dfs-fuzzing/disk-images/glusterfs-images/focal.id_rsa
debug1: Authentications that can continue: publickey,password
debug1: Next authentication method: publickey
debug1: Trying private key: /home/tlyu/dfs-fuzzing/disk-images/glusterfs-images/focal.id_rsa
debug1: Authentications that can continue: publickey,password
debug1: Next authentication method: publickey
debug1: Trying private key: /home/tlyu/dfs-fuzzing/disk-images/glusterfs-images/focal.id_rsa
debug1: Authentication succeeded (publickey).
Authenticated to 192.168.0.50 ([192.168.0.50]:22).
debug1: channel 0: new [client-session]
debug1: Requesting no-more-sessions@openssh.com
debug1: Entering interactive session.
debug1: pledge: network
debug1: Authentication succeeded (publickey).
Authenticated to 192.168.0.51 ([192.168.0.51]:22).
debug1: channel 0: new [client-session]
debug1: Requesting no-more-sessions@openssh.com
debug1: Entering interactive session.
debug1: pledge: network
debug1: Authentication succeeded (publickey).
Authenticated to 192.168.0.53 ([192.168.0.53]:22).
debug1: channel 0: new [client-session]
debug1: Requesting no-more-sessions@openssh.com
debug1: Entering interactive session.
debug1: pledge: network
debug1: Authentication succeeded (publickey).
Authenticated to 192.168.0.52 ([192.168.0.52]:22).
debug1: channel 0: new [client-session]
debug1: Requesting no-more-sessions@openssh.com
debug1: Entering interactive session.
debug1: pledge: network
debug1: client_input_global_request: rtype hostkeys-00@openssh.com want_reply 0
debug1: Remote: /root/.ssh/authorized_keys:1: key options: agent-forwarding port-forwarding pty user-rc x11-forwarding
debug1: client_input_global_request: rtype hostkeys-00@openssh.com want_reply 0
debug1: Remote: /root/.ssh/authorized_keys:1: key options: agent-forwarding port-forwarding pty user-rc x11-forwarding
debug1: client_input_global_request: rtype hostkeys-00@openssh.com want_reply 0
debug1: Remote: /root/.ssh/authorized_keys:1: key options: agent-forwarding port-forwarding pty user-rc x11-forwarding
debug1: client_input_global_request: rtype hostkeys-00@openssh.com want_reply 0
debug1: Remote: /root/.ssh/authorized_keys:1: key options: agent-forwarding port-forwarding pty user-rc x11-forwarding
debug1: Sending command: /root/syz-executor exec 0 0 glusterfs 3 4 192.168.0.50 0 "3 1 ''" false false false false false
syz_reboot() time executor starts at 1674673394:290456
----- is restarting 0
---- dfs_name glusterfs is_dfs_client 0
debug1: Sending command: /root/syz-executor exec 0 1 glusterfs 3 4 192.168.0.50 0 "3 1 ''" false false false false false
unlink FIFO failed: No such file or directory
[    0.000000] kernel: Linux version 5.15.0+ (tlyu@IC-RS3-DPC07) (gcc (Ubuntu 9.4.0-1ubuntu1~20.04.1) 9.4.0, GNU ld (GNU Binutils for Ubuntu) 2.34) #8 SMP Fri Jun 3 16:18:40 CEST 2022
[    0.000000] kernel: Command line: root=/dev/sda console=ttyS0 net.ifnames=0 ip=192.168.0.50
[    0.000000] kernel: x86/fpu: Supporting XSAVE feature 0x001: 'x87 floating point registers'
[    0.000000] kernel: x86/fpu: Supporting XSAVE feature 0x002: 'SSE registers'
[    0.000000] kernel: x86/fpu: Supporting XSAVE feature 0x004: 'AVX registers'
[    0.000000] kernel: x86/fpu: Supporting XSAVE feature 0x008: 'MPX bounds registers'
[    0.000000] kernel: x86/fpu: Supporting XSAVE feature 0x010: 'MPX CSR'
[    0.000000] kernel: x86/fpu: Supporting XSAVE feature 0x020: 'AVX-512 opmask'
[    0.000000] kernel: x86/fpu: Supporting XSAVE feature 0x040: 'AVX-512 Hi256'
[    0.000000] kernel: x86/fpu: Supporting XSAVE feature 0x080: 'AVX-512 ZMM_Hi256'
[    0.000000] kernel: x86/fpu: Supporting XSAVE feature 0x200: 'Protection Keys User registers'
[    0.000000] kernel: x86/fpu: xstate_offset[2]:  576, xstate_sizes[2]:  256
[    0.000000] kernel: x86/fpu: xstate_offset[3]:  832, xstate_sizes[3]:   64
[    0.000000] kernel: x86/fpu: xstate_offset[4]:  896, xstate_sizes[4]:   64
[    0.000000] kernel: x86/fpu: xstate_offset[5]:  960, xstate_sizes[5]:   64
[    0.000000] kernel: x86/fpu: xstate_offset[6]: 1024, xstate_sizes[6]:  512
[    0.000000] kernel: x86/fpu: xstate_offset[7]: 1536, xstate_sizes[7]: 1024
[    0.000000] kernel: x86/fpu: xstate_offset[9]: 2560, xstate_sizes[9]:    8
[    0.000000] kernel: x86/fpu: Enabled xstate features 0x2ff, context size is 2568 bytes, using 'compacted' format.
[    0.000000] kernel: signal: max sigframe size: 3632
[    0.000000] kernel: BIOS-provided physical RAM map:
[    0.000000] kernel: BIOS-e820: [mem 0x0000000000000000-0x000000000009fbff] usable
[    0.000000] kernel: BIOS-e820: [mem 0x000000000009fc00-0x000000000009ffff] reserved
[    0.000000] kernel: BIOS-e820: [mem 0x00000000000f0000-0x00000000000fffff] reserved
[    0.000000] kernel: BIOS-e820: [mem 0x0000000000100000-0x00000000bffdcfff] usable
[    0.000000] kernel: BIOS-e820: [mem 0x00000000bffdd000-0x00000000bfffffff] reserved
[    0.000000] kernel: BIOS-e820: [mem 0x00000000feffc000-0x00000000feffffff] reserved
[    0.000000] kernel: BIOS-e820: [mem 0x00000000fffc0000-0x00000000ffffffff] reserved
[    0.000000] kernel: BIOS-e820: [mem 0x0000000100000000-0x00000002bfffffff] usable
[    0.000000] kernel: NX (Execute Disable) protection: active
[    0.000000] kernel: SMBIOS 2.8 present.
[    0.000000] kernel: DMI: QEMU Standard PC (i440FX + PIIX, 1996), BIOS 1.13.0-1ubuntu1.1 04/01/2014
[    0.000000] kernel: Hypervisor detected: KVM
[    0.000000] kernel: kvm-clock: Using msrs 4b564d01 and 4b564d00
[    0.000000] kernel: kvm-clock: cpu 0, msr 63358001, primary cpu clock
[    0.000005] kernel: kvm-clock: using sched offset of 480731756 cycles
[    0.000015] kernel: clockdebug1: Sending command: /root/syz-executor exec 1 3 glusterfs 3 4 192.168.0.50 0 "3 1 ''" false false false false false
source: kvm-clock: mask: 0xffffffffffffffff max_cycles: 0x1cd42e4dffb, max_idle_ns: 881590591483 ns
[    0.000033] kernel: tsc: Detected 2496.000 MHz processor
[    0.008249] kernel: e820: update [mem 0x00000000-0x00000fff] usable ==> reserved
[    0.008289] kernel: e820: remove [mem 0x000a0000-0x000fffff] usable
[    0.008318] kernel: last_pfn = 0x2c0000 max_arch_pfn = 0x400000000
[    0.008425] kernel: x86/PAT: Configuration [0-7]: WB  WC  UC- UC  WB  WP  UC- WT  
[    0.008448] kernel: last_pfn = 0xbffdd max_arch_pfn = 0x400000000
[    0.018441] kernel: found SMP MP-table at [mem 0x000f5c70-0x000f5c7f]
[    0.018529] kernel: Using GB pages for direct mapping
[    0.019891] kernel: ACPI: Early table checksum verification disabled
[    0.019910] kernel: ACPI: RSDP 0x00000000000F5A40 000014 (v00 BOCHS )
[    0.019980] kernel: ACPI: RSDT 0x00000000BFFE15C9 000030 (v01 BOCHS  BXPCRSDT 00000001 BXPC 00000001)
[    0.020023] kernel: ACPI: FACP 0x00000000BFFE149D 000074 (v01 BOCHS  BXPCFACexecutor 0 finishes userspace_cover_open
before receiving handshake request
P 00000001 BXPC 00000001)
[    0.020068] kernel: ACPI: DSDT 0x00000000BFFE0040 00145D (v01 BOCHS  BXPCDSDT 00000001 BXPC 00000001)
[    0.020103] kernel: ACPI: FACS 0x00000000BFFE0000 000040
[    0.020131] kernel: ACPI: APIC 0x00000000BFFE1511 000080 (v01 BOCHS  BXPCAPIC 00000001 BXPC 00000001)
[    0.020167] kernel: ACPI: HPET 0x00000000BFFE1591 000038 (v01 BOCHS  BXPCHPET 00000001 BXPC 00000001)
[    0.020199] kernel: ACPI: Reserving FACP table memory at [mem 0xbffe149d-0xbffe1510]
[    0.020216] kernel: ACPI: Reserving DSDT table memory at [mem 0xbffe0040-0xbffe149c]
[    0.020231] kernel: ACPI: Reserving FACS table memory at [mem 0xbffe0000-0xbffe003f]
[    0.020246] kernel: ACPI: Reserving APIC table memory at [mem 0xbffe1511-0xbffe1590]
[    0.020262] kernel: ACPI: Reserving HPET table memory at [mem 0xbffe1591-0xbffe15c8]
[    0.021654] kernel: No NUMA configuration found
[    0.021665] kernel: Faking a node at [mem 0x0000000000000000-0x00000002bfffffff]
[    0.021684] kernel: syz_reboot() time executor starts at 1674673394:275889
----- is restarting 0
---- dfs_name glusterfs is_dfs_client 0
NODE_DATA(0) allocated [mem 0x2bfffa000-0x2bfffdfff]
[    0.021770] kernel: Zone ranges:
[    0.021776] kernel:   DMA      [mem 0x0000000000001000-0x0000000000ffffff]
[    0.021789] kernel:   DMA32    [mem 0x0000000001000000-0x00000000ffffffff]
[    0.021801] kernel:   Normal   [mem 0x0000000100000000-0x00000002bfffffff]
[    0.021813] kernel: Movable zone start for each node
[    0.021818] kernel: Early memory node ranges
[    0.021823] kernel:   node   0: [mem 0x0000000000001000-0x000000000009efff]
[    0.021833] kernel:   node   0: [mem 0x0000000000100000-0x00000000bffdcfff]
[    0.021844] kernel:   node   0: [mem 0x0000000100000000-0x00000002bfffffff]
[    0.021858] kernel: Initmem setup node 0 [mem 0x0000000000001000-0x00000002bfffffff]
[    0.025075] kernel: On node 0, zone DMA: 1 pages in unavailable ranges
[    0.025221] kernel: On node 0, zone DMA: 97 pages in unavailable ranges
[    0.120189] kernel: On node 0, zone Normal: 35 pages in unavailable ranges
[    0.583217] kernel: kasan: KernelAddressSanitizer initialized
[    0.583704] kernel: ACPI: PM-Timer IO Port: 0x608
[    0.583741] kernel: ACPI: LAPIC_NMI (acpi_id[0xff] dfl dfl lint[0x1])
[    0.583808] kernel: IOAPIC[0]: apic_id 0, version 17, address 0xfec00000, GSI 0-23
[    0.583834] kernel: ACPI: INT_SRC_OVR (bus 0 bus_irq 0 global_irq 2 dfl dfl)
[    0.583853] kernel: ACPI: INT_SRC_OVR (bus 0 bus_irq 5 global_irq 5 high level)
[    0.583871] kernel: ACPI: INT_SRC_OVR (bus 0 bus_irq 9 global_irq 9 high level)
[    0.583889] kernel: ACPI: INT_SRC_OVR (bus 0 bus_irq 10 global_irq 10 high level)
[    0.583907] kernel: ACPI: INT_SRC_OVR (bus 0 bus_irq 11 global_irq 11 high level)
[    0.583938] kernel: ACPI: Using ACPI (MADT) for SMP configuration information
[    0.583949] kernel: ACPI: HPET id: 0x8086a201 base: 0xfed00000
[    0.583973] kernel: TSC deadline timer available
[    0.583982] kernel: smpboot: Allowing 2 CPUs, 0 hotplug CPUs
[    0.584037] kernel: kvm-guest: KVM setup pv remote TLB flush
[    0.584052] kernel: kvm-guest: setup PV sched yield
[    0.584108] kernel: PM: hibernation: Registered nosave memory: [mem 0x00000000-0x00000fff]
[    0.584130] kernel: PM: hibernation: Registered nosave memory: [mem 0x0009f000-0x0009ffff]
[    0.584144] kernel: PM: hibernation: Registered nosave memory: [mem 0x000a0000-0x000effff]
[    0.584157] kernel: PM: hibernation: Registered nosave memory: [mem 0x000f0000-0x000fffff]
[    0.584177] kernel: PM: hibernation: Registered nosave memory: [mem 0xbffdd000-0xbfffffff]
[    0.584191] kernel: PM: hibernation: Registered nosave memory: [mem 0xc0000000-0xfeffbfff]
[    0.584205] kernel: PM: hibernation: Registered nosave memory: [mem 0xfeffc000-0xfeffffff]
[    0.584219] kernel: PM: hibernation: Registered nosave memory: [mem 0xff000000-0xfffbffff]
[    0.584232] kernel: PM: hibernation: Registered nosave memory: [mem 0xfffc0000-0xffffffff]
[    0.584250] kernel: [mem 0xc0000000-0xfeffbfff] available for PCI devices
[    0.584263] kerneunlink FIFO failed: No such file or directory
l: Booting paravirtualized kernel on KVM
[    0.584277] kernel: clocksource: refined-jiffies: mask: 0xffffffff max_cycles: 0xffffffff, max_idle_ns: 1910969940391419 ns
[    0.600268] kernel: setup_percpu: NR_CPUS:64 nr_cpumask_bits:64 nr_cpu_ids:2 nr_node_ids:1
[    0.601018] kernel: percpu: Embedded 56 pages/cpu s191576 r8192 d29608 u1048576
[    0.601072] kernel: pcpu-alloc: s191576 r8192 d29608 u1048576 alloc=1*2097152
[    0.601096] kernel: pcpu-alloc: [0] 0 1 
[    0.601230] kernel: kvm-guest: setup async PF for cpu 0
[    0.601249] kernel: kvm-guest: stealtime: cpu 0, msr 26521f140
[    0.601267] kernel: Built 1 zonelists, mobility grouping on.  Total pages: 2580189
[    0.601283] kernel: Policy zone: Normal
[    0.601293] kernel: Kernel command line: root=/dev/sda console=ttyS0 net.ifnames=0 ip=192.168.0.50
[    0.605525] kernel: Dentry cache hash table entries: 2097152 (order: 12, 16777216 bytes, linear)
[    0.607975] kernel: Inode-cache hash table entries: 1048576 (order: 11[    0.000000] kernel: Linux version 5.15.0+ (tlyu@IC-RS3-DPC07) (gcc (Ubuntu 9.4.0-1ubuntu1~20.04.1) 9.4.0, GNU ld (GNU Binutils for Ubuntu) 2.34) #8 SMP Fri Jun 3 16:18:40 CEST 2022
[    0.000000] kernel: Command line: root=/dev/sda console=ttyS0 net.ifnames=0 ip=192.168.0.51
[    0.000000] kernel: x86/fpu: Supporting XSAVE feature 0x001: 'x87 floating point registers'
[    0.000000] kernel: x86/fpu: Supporting XSAVE feature 0x002: 'SSE registers'
[    0.000000] kernel: x86/fpu: Supporting XSAVE feature 0x004: 'AVX registers'
[    0.000000] kernel: x86/fpu: Supporting XSAVE feature 0x008: 'MPX bounds registers'
[    0.000000] kernel: x86/fpu: Supporting XSAVE feature 0x010: 'MPX CSR'
[    0.000000] kernel: x86/fpu: Supporting XSAVE feature 0x020: 'AVX-512 opmask'
[    0.000000] kernel: x86/fpu: Supporting XSAVE feature 0x040: 'AVX-512 Hi256'
[    0.000000] kernel: x86/fpu: Supporting XSAVE feature 0x080: 'AVX-512 ZMM_Hi256'
[    0.000000] kernel: x86/fpu: Supporting XSAVE feature 0x, 8388608 bytes, linear)
[    0.608108] kernel: mem auto-init: stack:off, heap alloc:off, heap free:off
[    0.871897] kernel: Memory: 8818304K/10485228K available (47117K kernel code, 10298K rwdata, 7204K rodata, 2068K init, 2860K bss, 1666668K reserved, 0K cma-reserved)
[    0.872154] kernel: SLUB: HWalign=64, Order=0-3, MinObjects=0, CPUs=2, Nodes=1
[    0.872716] kernel: rcu: Hierarchical RCU implementation.
[    0.872728] kernel: rcu:         RCU event tracing is enabled.
[    0.872737] kernel: rcu:         RCU restricting CPUs from NR_CPUS=64 to nr_cpu_ids=2.
[    0.872752] kernel: rcu: RCU calculated value of scheduler-enlistment delay is 100 jiffies.
[    0.872764] kernel: rcu: Adjusting geometry for rcu_fanout_leaf=16, nr_cpu_ids=2
[    0.885293] kernel: NR_IRQS: 4352, nr_irqs: 440, preallocated irqs: 16
[    0.885720] kernel: random: get_random_bytes called from start_kernel+0x22b/0x456 with crng_init=0
[    0.890930] kernel: Console: colour VGA+ 80x25
[    0.978020] kernel:debug1: Sending command: /root/syz-executor exec 0 2 glusterfs 3 4 192.168.0.50 0 "3 1 ''" false false false false false
200: 'Protection Keys User registers'
[    0.000000] kernel: x86/fpu: xstate_offset[2]:  576, xstate_sizes[2]:  256
[    0.000000] kernel: x86/fpu: xstate_offset[3]:  832, xstate_sizes[3]:   64
[    0.000000] kernel: x86/fpu: xstate_offset[4]:  896, xstate_sizes[4]:   64
[    0.000000] kernel: x86/fpu: xstate_offset[5]:  960, xstate_sizes[5]:   64
[    0.000000] kernel: x86/fpu: xstate_offset[6]: 1024, xstate_sizes[6]:  512
[    0.000000] kernel: x86/fpu: xstate_offset[7]: 1536, xstate_sizes[7]: 1024
[    0.000000] kernel: x86/fpu: xstate_offset[9]: 2560, xstate_sizes[9]:    8
[    0.000000] kernel: x86/fpu: Enabled xstate features 0x2ff, context size is 2568 bytes, using 'compacted' format.
[    0.000000] kernel: signal: max sigframe size: 3632
[    0.000000] kernel: BIOS-provided physical RAM map:
[    0.000000] kernel: BIOS-e820: [mem 0x0000000000000000-0x000000000009fbff] usable
[    0.000000] kernel: BIOS-e820: [mem 0x000000000009fc00-0x000000000009ffff] reserved
[    0.000000] ksyz_reboot() time executor starts at 1674673394:254385
----- is restarting 0
---- dfs_name glusterfs is_dfs_client 1
ernel: BIOS-e820: [mem 0x00000000000f0000-0x00000000000fffff] reserved
[    0.000000] kernel: BIOS-e820: [mem 0x0000000000100000-0x00000000bffdcfff] usable
[    0.000000] kernel: BIOS-e820: [mem 0x00000000bffdd000-0x00000000bfffffff] reserved
[    0.000000] kernel: BIOS-e820: [mem 0x00000000feffc000-0x00000000feffffff] reserved
[    0.000000] kernel: BIOS-e820: [mem 0x00000000fffc0000-0x00000000ffffffff] reserved
[    0.000000] kernel: BIOS-e820: [mem 0x0000000100000000-0x00000002bfffffff] usable
[    0.000000] kernel: NX (Execute Disable) protection: active
[    0.000000] kernel: SMBIOS 2.8 present.
[    0.000000] kernel: DMI: QEMU Standard PC (i440FX + PIIX, 1996), BIOS 1.13.0-1ubuntu1.1 04/01/2014
[    0.000000] kernel: Hypervisor detected: KVM
[    0.000000] kernel: kvm-clock: Using msrs 4b564d01 and 4b564d00
[    0.000000] kernel: kvm-clock: cpu 0, msr 1bf958001, primary cpu clock
[    0.000004] kernel: kvm-clock: using sched offset of 533299189 cycles
[    0.000019] kernel: cloc printk: console [ttyS0] enabled
[    0.978576] kernel: ACPI: Core revision 20210730
[    0.979411] kernel: clocksource: hpet: mask: 0xffffffff max_cycles: 0xffffffff, max_idle_ns: 19112604467 ns
[    0.980527] kernel: APIC: Switch to symmetric I/O mode setup
[    0.981102] kernel: kvm-guest: setup PV IPIs
[    0.983003] kernel: ..TIMER: vector=0x30 apic1=0 pin1=2 apic2=-1 pin2=-1
[    0.983792] kernel: clocksource: tsc-early: mask: 0xffffffffffffffff max_cycles: 0x23fa772cf26, max_idle_ns: 440795269835 ns
[    0.985040] kernel: Calibrating delay loop (skipped) preset value.. 4992.00 BogoMIPS (lpj=2496000)
[    0.986033] kernel: pid_max: default: 32768 minimum: 301
[    0.987193] kernel: LSM: Security Framework initializing
[    0.988057] kernel: SELinux:  Initializing.
[    0.988664] kernel: Mount-cache hash table entries: 32768 (order: 6, 262144 bytes, linear)
[    0.989343] kernel: Mountpoint-cache hash table entries: 32768 (order: 6, 262144 bytes, linear)
[    0.990805] kernel: x8ksource: kvm-clock: mask: 0xffffffffffffffff max_cycles: 0x1cd42e4dffb, max_idle_ns: 881590591483 ns
[    0.000044] kernel: tsc: Detected 2496.000 MHz processor
[    0.008648] kernel: e820: update [mem 0x00000000-0x00000fff] usable ==> reserved
[    0.008688] kernel: e820: remove [mem 0x000a0000-0x000fffff] usable
[    0.008719] kernel: last_pfn = 0x2c0000 max_arch_pfn = 0x400000000
[    0.008810] kernel: x86/PAT: Configuration [0-7]: WB  WC  UC- UC  WB  WP  UC- WT  
[    0.008831] kernel: last_pfn = 0xbffdd max_arch_pfn = 0x400000000
[    0.020602] kernel: found SMP MP-table at [mem 0x000f5c70-0x000f5c7f]
[    0.020697] kernel: Using GB pages for direct mapping
[    0.021743] kernel: ACPI: Early table checksum verification disabled
[    0.021763] kernel: ACPI: RSDP 0x00000000000F5A40 000014 (v00 BOCHS )
[    0.021809] kernel: ACPI: RSDT 0x00000000BFFE15C9 000030 (v01 BOCHS  BXPCRSDT 00000001 BXPC 00000001)
[    0.021853] kernel: ACPI: FACP 0x00000000BFFE149D 000074 (v01 BOCHS  BXPCFA6/cpu: User Mode Instruction Prevention (UMIP) activated
[    0.991169] kernel: Last level iTLB entries: 4KB 0, 2MB 0, 4MB 0
[    0.992032] kernel: Last level dTLB entries: 4KB 0, 2MB 0, 4MB 0, 1GB 0
[    0.993046] kernel: Spectre V1 : Mitigation: usercopy/swapgs barriers and __user pointer sanitization
[    0.994041] kernel: Spectre V2 : Mitigation: Enhanced IBRS
[    0.994529] kernel: Spectre V2 : Spectre v2 / SpectreRSB mitigation: Filling RSB on context switch
[    0.995028] kernel: Spectre V2 : mitigation: Enabling conditional Indirect Branch Prediction Barrier
[    0.995028] kernel: Speculative Store Bypass: Mitigation: Speculative Store Bypass disabled via prctl and seccomp
[    1.020533] kernel: Freeing SMP alternatives memory: 40K
[    1.021263] kernel: smpboot: CPU0: 11th Gen Intel(R) Core(TM) i7-11700 @ 2.50GHz (family: 0x6, model: 0xa7, stepping: 0x1)
[    1.022372] kernel: Performance Events: Icelake events, 32-deep LBR, full-width counters, Intel PMU driver.
[    1.02303executor 1 finishes userspace_cover_open
before receiving handshake request
CP 00000001 BXPC 00000001)
[    0.021902] kernel: ACPI: DSDT 0x00000000BFFE0040 00145D (v01 BOCHS  BXPCDSDT 00000001 BXPC 00000001)
[    0.021949] kernel: ACPI: FACS 0x00000000BFFE0000 000040
[    0.021980] kernel: ACPI: APIC 0x00000000BFFE1511 000080 (v01 BOCHS  BXPCAPIC 00000001 BXPC 00000001)
[    0.022023] kernel: ACPI: HPET 0x00000000BFFE1591 000038 (v01 BOCHS  BXPCHPET 00000001 BXPC 00000001)
[    0.022086] kernel: ACPI: Reserving FACP table memory at [mem 0xbffe149d-0xbffe1510]
[    0.022108] kernel: ACPI: Reserving DSDT table memory at [mem 0xbffe0040-0xbffe149c]
[    0.022128] kernel: ACPI: Reserving FACS table memory at [mem 0xbffe0000-0xbffe003f]
[    0.022149] kernel: ACPI: Reserving APIC table memory at [mem 0xbffe1511-0xbffe1590]
[    0.022170] kernel: ACPI: Reserving HPET table memory at [mem 0xbffe1591-0xbffe15c8]
[    0.023774] kernel: No NUMA configuration found
[    0.023804] kernel: Faking a node at [mem 0x0000000000000000-0x00000002bfffffff]
[    0.023835] kernel:req.flags ea3
----- executor 1 do_sandbox_none at begining
----- executor 1 do_sandbox_none before fork()
8] kernel: ... version:                2
[    1.023455] kernel: ... bit width:              48
[    1.023877] kernel: ... generic registers:      8
[    1.024034] kernel: ... value mask:             0000ffffffffffff
[    1.024590] kernel: ... max period:             00007fffffffffff
[    1.025034] kernel: ... fixed-purpose events:   3
[    1.025451] kernel: ... event mask:             00000007000000ff
[    1.026336] kernel: rcu: Hierarchical SRCU implementation.
[    1.028689] kernel: smp: Bringing up secondary CPUs ...
[    1.029330] kernel: x86: Booting SMP configuration:
[    1.029741] kernel: .... node  #0, CPUs:      #1
[    0.097408] kernel: kvm-clock: cpu 1, msr 63358041, secondary cpu clock
[    0.097408] kernel: smpboot: CPU 1 Converting physical 0 to logical die 1
[    1.032089] kernel: kvm-guest: setup async PF for cpu 1
[    1.032652] kernel: kvm-guest: stealtime: cpu 1, msr 26531f140
[    1.033075] kernel: smp: Brought up 1 node, 2 CPUs
[    1.033471] kernel: smpboot: Maxspawned loop pid 342
 NODE_DATA(0) allocated [mem 0x2bfffc000-0x2bfffffff]
[    0.024399] kernel: Zone ranges:
[    0.024414] kernel:   DMA      [mem 0x0000000000001000-0x0000000000ffffff]
[    0.024438] kernel:   DMA32    [mem 0x0000000001000000-0x00000000ffffffff]
[    0.024459] kernel:   Normal   [mem 0x0000000100000000-0x00000002bfffffff]
[    0.024479] kernel: Movable zone start for each node
[    0.024488] kernel: Early memory node ranges
[    0.024497] kernel:   node   0: [mem 0x0000000000001000-0x000000000009efff]
[    0.024515] kernel:   node   0: [mem 0x0000000000100000-0x00000000bffdcfff]
[    0.024533] kernel:   node   0: [mem 0x0000000100000000-0x00000002bfffffff]
[    0.024555] kernel: Initmem setup node 0 [mem 0x0000000000001000-0x00000002bfffffff]
[    0.025004] kernel: On node 0, zone DMA: 1 pages in unavailable ranges
[    0.025147] kernel: On node 0, zone DMA: 97 pages in unavailable ranges
[    0.143226] kernel: On node 0, zone Normal: 35 pages in unavailable ranges
[    0.571161] kern logical packages: 2
[    1.033902] kernel: smpboot: Total of 2 processors activated (9984.00 BogoMIPS)
[    1.035180] kernel: devtmpfs: initialized
[    1.042604] kernel: clocksource: jiffies: mask: 0xffffffff max_cycles: 0xffffffff, max_idle_ns: 1911260446275000 ns
[    1.043040] kernel: futex hash table entries: 512 (order: 3, 32768 bytes, linear)
[    1.044500] kernel: PM: RTC time: 19:03:01, date: 2023-01-25
[    1.045674] kernel: NET: Registered PF_NETLINK/PF_ROUTE protocol family
[    1.047158] kernel: audit: initializing netlink subsys (disabled)
[    1.048079] kernel: audit: type=2000 audit(1674673382.425:1): state=initialized audit_enabled=0 res=1
[    1.048991] kernel: thermal_sys: Registered thermal governor 'step_wise'
[    1.049035] kernel: thermal_sys: Registered thermal governor 'user_space'
[    1.049820] kernel: cpuidle: using governor menu
[    1.050707] kernel: ACPI: bus type PCI registered
[    1.051466] kernel: PCI: Using configuration type 1 for base access
[   before receiving handshake request
[    0.000000] kernel: Linux version 5.15.0+ (tlyu@IC-RS3-DPC07) (gcc (Ubuntu 9.4.0-1ubuntu1~20.04.1) 9.4.0, GNU ld (GNU Binutils for Ubuntu) 2.34) #8 SMP Fri Jun 3 16:18:40 CEST 2022
[    0.000000] kernel: Command line: root=/dev/sda console=ttyS0 net.ifnames=0 ip=192.168.0.53
[    0.000000] kernel: x86/fpu: Supporting XSAVE feature 0x001: 'x87 floating point registers'
[    0.000000] kernel: x86/fpu: Supporting XSAVE feature 0x002: 'SSE registers'
[    0.000000] kernel: x86/fpu: Supporting XSAVE feature 0x004: 'AVX registers'
[    0.000000] kernel: x86/fpu: Supporting XSAVE feature 0x008: 'MPX bounds registers'
[    0.000000] kernel: x86/fpu: Supporting XSAVE feature 0x010: 'MPX CSR'
[    0.000000] kernel: x86/fpu: Supporting XSAVE feature 0x020: 'AVX-512 opmask'
[    0.000000] kernel: x86/fpu: Supporting XSAVE feature 0x040: 'AVX-512 Hi256'
[    0.000000] kernel: x86/fpu: Supporting XSAVE feature 0x080: 'AVX-512 ZMM_Hi256'
[    0.000000] kernel: x86/fpu: Supporting XSAVE feature 0xel: kasan: KernelAddressSanitizer initialized
[    0.571680] kernel: ACPI: PM-Timer IO Port: 0x608
[    0.571716] kernel: ACPI: LAPIC_NMI (acpi_id[0xff] dfl dfl lint[0x1])
[    0.571784] kernel: IOAPIC[0]: apic_id 0, version 17, address 0xfec00000, GSI 0-23
[    0.571813] kernel: ACPI: INT_SRC_OVR (bus 0 bus_irq 0 global_irq 2 dfl dfl)
[    0.571833] kernel: ACPI: INT_SRC_OVR (bus 0 bus_irq 5 global_irq 5 high level)
[    0.571853] kernel: ACPI: INT_SRC_OVR (bus 0 bus_irq 9 global_irq 9 high level)
[    0.571872] kernel: ACPI: INT_SRC_OVR (bus 0 bus_irq 10 global_irq 10 high level)
[    0.571892] kernel: ACPI: INT_SRC_OVR (bus 0 bus_irq 11 global_irq 11 high level)
[    0.571926] kernel: ACPI: Using ACPI (MADT) for SMP configuration information
[    0.571937] kernel: ACPI: HPET id: 0x8086a201 base: 0xfed00000
[    0.571960] kernel: TSC deadline timer available
[    0.571970] kernel: smpboot: Allowing 2 CPUs, 0 hotplug CPUs
[    0.572019] kernel: kvm-guest: KVM setup pv remote TLB flus 1.076960] kernel: Kprobes globally optimized
[    1.077209] kernel: HugeTLB registered 2.00 MiB page size, pre-allocated 0 pages
[    1.078196] kernel: cryptomgr_test (26) used greatest stack depth: 30608 bytes left
[    1.081156] kernel: ACPI: Added _OSI(Module Device)
[    1.081597] kernel: ACPI: Added _OSI(Processor Device)
[    1.082036] kernel: ACPI: Added _OSI(3.0 _SCP Extensions)
[    1.082516] kernel: ACPI: Added _OSI(Processor Aggregator Device)
[    1.083044] kernel: ACPI: Added _OSI(Linux-Dell-Video)
[    1.083521] kernel: ACPI: Added _OSI(Linux-Lenovo-NV-HDMI-Audio)
[    1.084042] kernel: ACPI: Added _OSI(Linux-HPI-Hybrid-Graphics)
[    1.106580] kernel: ACPI: 1 ACPI AML tables successfully acquired and loaded
[    1.112851] kernel: ACPI: Interpreter enabled
[    1.113166] kernel: ACPI: PM: (supports S0 S3 S4 S5)
[    1.113635] kernel: ACPI: Using IOAPIC for interrupt routing
[    1.114151] kernel: PCI: Using host bridge windows from ACPI; if necessary, use "pci=nocrs" an200: 'Protection Keys User registers'
[    0.000000] kernel: x86/fpu: xstate_offset[2]:  576, xstate_sizes[2]:  256
[    0.000000] kernel: x86/fpu: xstate_offset[3]:  832, xstate_sizes[3]:   64
[    0.000000] kernel: x86/fpu: xstate_offset[4]:  896, xstate_sizes[4]:   64
[    0.000000] kernel: x86/fpu: xstate_offset[5]:  960, xstate_sizes[5]:   64
[    0.000000] kernel: x86/fpu: xstate_offset[6]: 1024, xstate_sizes[6]:  512
[    0.000000] kernel: x86/fpu: xstate_offset[7]: 1536, xstate_sizes[7]: 1024
[    0.000000] kernel: x86/fpu: xstate_offset[9]: 2560, xstate_sizes[9]:    8
[    0.000000] kernel: x86/fpu: Enabled xstate features 0x2ff, context size is 2568 bytes, using 'compacted' format.
[    0.000000] kernel: signal: max sigframe size: 3632
[    0.000000] kernel: BIOS-provided physical RAM map:
[    0.000000] kernel: BIOS-e820: [mem 0x0000000000000000-0x000000000009fbff] usable
[    0.000000] kernel: BIOS-e820: [mem 0x000000000009fc00-0x000000000009ffff] reserved
[    0.000000] kh
[    0.572034] kernel: kvm-guest: setup PV sched yield
[    0.572089] kernel: PM: hibernation: Registered nosave memory: [mem 0x00000000-0x00000fff]
[    0.572110] kernel: PM: hibernation: Registered nosave memory: [mem 0x0009f000-0x0009ffff]
[    0.572125] kernel: PM: hibernation: Registered nosave memory: [mem 0x000a0000-0x000effff]
[    0.572141] kernel: PM: hibernation: Registered nosave memory: [mem 0x000f0000-0x000fffff]
[    0.572161] kernel: PM: hibernation: Registered nosave memory: [mem 0xbffdd000-0xbfffffff]
[    0.572177] kernel: PM: hibernation: Registered nosave memory: [mem 0xc0000000-0xfeffbfff]
[    0.572192] kernel: PM: hibernation: Registered nosave memory: [mem 0xfeffc000-0xfeffffff]
[    0.572207] kernel: PM: hibernation: Registered nosave memory: [mem 0xff000000-0xfffbffff]
[    0.572222] kernel: PM: hibernation: Registered nosave memory: [mem 0xfffc0000-0xffffffff]
[    0.572241] kernel: [mem 0xc0000000-0xfeffbfff] available for PCI devices
[    0.572255] kernd report a bug
[    1.116530] kernel: ACPI: Enabled 2 GPEs in block 00 to 0F
[    1.161680] kernel: ACPI: PCI Root Bridge [PCI0] (domain 0000 [bus 00-ff])
[    1.162066] kernel: acpi PNP0A03:00: _OSC: OS supports [ASPM ClockPM Segments MSI HPX-Type3]
[    1.163083] kernel: acpi PNP0A03:00: fail to add MMCONFIG information, can't access extended PCI configuration space under this bridge.
[    1.164495] kernel: PCI host bridge to bus 0000:00
[    1.164986] kernel: pci_bus 0000:00: root bus resource [io  0x0000-0x0cf7 window]
[    1.165040] kernel: pci_bus 0000:00: root bus resource [io  0x0d00-0xffff window]
[    1.165802] kernel: pci_bus 0000:00: root bus resource [mem 0x000a0000-0x000bffff window]
[    1.166041] kernel: pci_bus 0000:00: root bus resource [mem 0xc0000000-0xfebfffff window]
[    1.166891] kernel: pci_bus 0000:00: root bus resource [mem 0x2c0000000-0x33fffffff window]
[    1.167043] kernel: pci_bus 0000:00: root bus resource [bus 00-ff]
[    1.169715] kernel: pci 0000:00mount of binder at /dev/binderfs failed: 19
mkdir(/syzcgroup/unified/syz0) failed: 2
mkdir(/syzcgroup/cpu/syz0) failed: 2
mkdir(/syzcgroup/net/syz0) failed: 2
ernel: BIOS-e820: [mem 0x00000000000f0000-0x00000000000fffff] reserved
[    0.000000] kernel: BIOS-e820: [mem 0x0000000000100000-0x00000000bffdffff] usable
[    0.000000] kernel: BIOS-e820: [mem 0x00000000bffe0000-0x00000000bfffffff] reserved
[    0.000000] kernel: BIOS-e820: [mem 0x00000000feffc000-0x00000000feffffff] reserved
[    0.000000] kernel: BIOS-e820: [mem 0x00000000fffc0000-0x00000000ffffffff] reserved
[    0.000000] kernel: BIOS-e820: [mem 0x0000000100000000-0x00000002bfffffff] usable
[    0.000000] kernel: NX (Execute Disable) protection: active
[    0.000000] kernel: SMBIOS 2.8 present.
[    0.000000] kernel: DMI: QEMU Standard PC (i440FX + PIIX, 1996), BIOS 1.13.0-1ubuntu1.1 04/01/2014
[    0.000000] kernel: Hypervisor detected: KVM
[    0.000000] kernel: kvm-clock: Using msrs 4b564d01 and 4b564d00
[    0.000000] kernel: kvm-clock: cpu 0, msr 145358001, primary cpu clock
[    0.000002] kernel: kvm-clock: using sched offset of 544826122 cycles
[    0.000012] kernel: clocexecutor 1 handshake send reply badf00d 10
el: Booting paravirtualized kernel on KVM
[    0.572269] kernel: clocksource: refined-jiffies: mask: 0xffffffff max_cycles: 0xffffffff, max_idle_ns: 1910969940391419 ns
[    0.589873] kernel: setup_percpu: NR_CPUS:64 nr_cpumask_bits:64 nr_cpu_ids:2 nr_node_ids:1
[    0.590632] kernel: percpu: Embedded 56 pages/cpu s191576 r8192 d29608 u1048576
[    0.590693] kernel: pcpu-alloc: s191576 r8192 d29608 u1048576 alloc=1*2097152
[    0.590720] kernel: pcpu-alloc: [0] 0 1 
[    0.590858] kernel: kvm-guest: setup async PF for cpu 0
[    0.590879] kernel: kvm-guest: stealtime: cpu 0, msr 26521f140
[    0.590901] kernel: Built 1 zonelists, mobility grouping on.  Total pages: 2580189
[    0.590917] kernel: Policy zone: Normal
[    0.590928] kernel: Kernel command line: root=/dev/sda console=ttyS0 net.ifnames=0 ip=192.168.0.51
[    0.595986] kernel: Dentry cache hash table entries: 2097152 (order: 12, 16777216 bytes, linear)
[    0.598263] kernel: Inode-cache hash table entries: 1048576 (order: 1:00.0: [8086:1237] type 00 class 0x060000
[    1.173384] kernel: pci 0000:00:01.0: [8086:7000] type 00 class 0x060100
[    1.176484] kernel: pci 0000:00:01.1: [8086:7010] type 00 class 0x010180
[    1.179038] kernel: pci 0000:00:01.1: reg 0x20: [io  0xc0c0-0xc0cf]
[    1.180559] kernel: pci 0000:00:01.1: legacy IDE quirk: reg 0x10: [io  0x01f0-0x01f7]
[    1.181038] kernel: pci 0000:00:01.1: legacy IDE quirk: reg 0x14: [io  0x03f6]
[    1.181766] kernel: pci 0000:00:01.1: legacy IDE quirk: reg 0x18: [io  0x0170-0x0177]
[    1.182036] kernel: pci 0000:00:01.1: legacy IDE quirk: reg 0x1c: [io  0x0376]
[    1.186344] kernel: pci 0000:00:01.3: [8086:7113] type 00 class 0x068000
[    1.187477] kernel: pci 0000:00:01.3: quirk: [io  0x0600-0x063f] claimed by PIIX4 ACPI
[    1.188047] kernel: pci 0000:00:01.3: quirk: [io  0x0700-0x070f] claimed by PIIX4 SMB
[    1.191883] kernel: pci 0000:00:02.0: [1234:1111] type 00 class 0x030000
[    1.193049] kernel: pci 0000:00:02.0: reg 0x10: [mem 0xfd0ksource: kvm-clock: mask: 0xffffffffffffffff max_cycles: 0x1cd42e4dffb, max_idle_ns: 881590591483 ns
[    0.000029] kernel: tsc: Detected 2496.000 MHz processor
[    0.007787] kernel: e820: update [mem 0x00000000-0x00000fff] usable ==> reserved
[    0.007823] kernel: e820: remove [mem 0x000a0000-0x000fffff] usable
[    0.007853] kernel: last_pfn = 0x2c0000 max_arch_pfn = 0x400000000
[    0.007943] kernel: x86/PAT: Configuration [0-7]: WB  WC  UC- UC  WB  WP  UC- WT  
[    0.007966] kernel: last_pfn = 0xbffe0 max_arch_pfn = 0x400000000
[    0.017172] kernel: found SMP MP-table at [mem 0x000f5c80-0x000f5c8f]
[    0.017250] kernel: Using GB pages for direct mapping
[    0.017970] kernel: ACPI: Early table checksum verification disabled
[    0.017984] kernel: ACPI: RSDP 0x00000000000F5A50 000014 (v00 BOCHS )
[    0.018015] kernel: ACPI: RSDT 0x00000000BFFE15C9 000030 (v01 BOCHS  BXPCRSDT 00000001 BXPC 00000001)
[    0.018044] kernel: ACPI: FACP 0x00000000BFFE149D 000074 (v01 BOCHS  BXPCFA00000-0xfdffffff pref]
[    1.195047] kernel: pci 0000:00:02.0: reg 0x18: [mem 0xfeb90000-0xfeb90fff]
[    1.199640] kernel: pci 0000:00:02.0: reg 0x30: [mem 0xfeb80000-0xfeb8ffff pref]
[    1.203340] kernel: pci 0000:00:03.0: [1af4:1005] type 00 class 0x00ff00
[    1.204354] kernel: pci 0000:00:03.0: reg 0x10: [io  0xc080-0xc09f]
[    1.207036] kernel: pci 0000:00:03.0: reg 0x20: [mem 0xfe200000-0xfe203fff 64bit pref]
[    1.211881] kernel: pci 0000:00:04.0: [1af4:1000] type 00 class 0x020000
[    1.213014] kernel: pci 0000:00:04.0: reg 0x10: [io  0xc0a0-0xc0bf]
[    1.214490] kernel: pci 0000:00:04.0: reg 0x14: [mem 0xfeb91000-0xfeb91fff]
[    1.217789] kernel: pci 0000:00:04.0: reg 0x20: [mem 0xfe204000-0xfe207fff 64bit pref]
[    1.219037] kernel: pci 0000:00:04.0: reg 0x30: [mem 0xfeb00000-0xfeb7ffff pref]
[    1.223375] kernel: pci 0000:00:05.0: [1af4:1001] type 00 class 0x010000
[    1.224507] kernel: pci 0000:00:05.0: reg 0x10: [io  0xc000-0xc07f]
[    1.226038] kernel: pci 00CP 00000001 BXPC 00000001)
[    0.018075] kernel: ACPI: DSDT 0x00000000BFFE0040 00145D (v01 BOCHS  BXPCDSDT 00000001 BXPC 00000001)
[    0.018100] kernel: ACPI: FACS 0x00000000BFFE0000 000040
[    0.018119] kernel: ACPI: APIC 0x00000000BFFE1511 000080 (v01 BOCHS  BXPCAPIC 00000001 BXPC 00000001)
[    0.018143] kernel: ACPI: HPET 0x00000000BFFE1591 000038 (v01 BOCHS  BXPCHPET 00000001 BXPC 00000001)
[    0.018166] kernel: ACPI: Reserving FACP table memory at [mem 0xbffe149d-0xbffe1510]
[    0.018178] kernel: ACPI: Reserving DSDT table memory at [mem 0xbffe0040-0xbffe149c]
[    0.018188] kernel: ACPI: Reserving FACS table memory at [mem 0xbffe0000-0xbffe003f]
[    0.018198] kernel: ACPI: Reserving APIC table memory at [mem 0xbffe1511-0xbffe1590]
[    0.018209] kernel: ACPI: Reserving HPET table memory at [mem 0xbffe1591-0xbffe15c8]
[    0.019148] kernel: No NUMA configuration found
[    0.019160] kernel: Faking a node at [mem 0x0000000000000000-0x00000002bfffffff]
[    0.019179] kernel:syz_reboot() time executor starts at 1674673394:324292
----- is restarting 0
---- dfs_name glusterfs is_dfs_client 0
00:00:05.0: reg 0x14: [mem 0xfeb92000-0xfeb92fff]
[    1.228758] kernel: pci 0000:00:05.0: reg 0x20: [mem 0xfe208000-0xfe20bfff 64bit pref]
[    1.233147] kernel: pci 0000:00:10.0: [1af4:1110] type 00 class 0x050000
[    1.234441] kernel: pci 0000:00:10.0: reg 0x10: [mem 0xfeb93000-0xfeb930ff]
[    1.236391] kernel: pci 0000:00:10.0: reg 0x18: [mem 0xfe000000-0xfe0fffff 64bit pref]
[    1.242889] kernel: pci 0000:00:11.0: [1af4:1110] type 00 class 0x050000
[    1.243948] kernel: pci 0000:00:11.0: reg 0x10: [mem 0xfeb94000-0xfeb940ff]
[    1.245394] kernel: pci 0000:00:11.0: reg 0x18: [mem 0xfe100000-0xfe1fffff 64bit pref]
[    1.254300] kernel: ACPI: PCI: Interrupt link LNKA configured for IRQ 10
[    1.255832] kernel: ACPI: PCI: Interrupt link LNKB configured for IRQ 10
[    1.257357] kernel: ACPI: PCI: Interrupt link LNKC configured for IRQ 11
[    1.259388] kernel: ACPI: PCI: Interrupt link LNKD configured for IRQ 11
[    1.260436] kernel: ACPI: PCI: Interrupt link LNKS configured  NODE_DATA(0) allocated [mem 0x2bfffc000-0x2bfffffff]
[    0.019689] kernel: Zone ranges:
[    0.019701] kernel:   DMA      [mem 0x0000000000001000-0x0000000000ffffff]
[    0.019714] kernel:   DMA32    [mem 0x0000000001000000-0x00000000ffffffff]
[    0.019726] kernel:   Normal   [mem 0x0000000100000000-0x00000002bfffffff]
[    0.019738] kernel: Movable zone start for each node
[    0.019743] kernel: Early memory node ranges
[    0.019748] kernel:   node   0: [mem 0x0000000000001000-0x000000000009efff]
[    0.019759] kernel:   node   0: [mem 0x0000000000100000-0x00000000bffdffff]
[    0.019770] kernel:   node   0: [mem 0x0000000100000000-0x00000002bfffffff]
[    0.019783] kernel: Initmem setup node 0 [mem 0x0000000000001000-0x00000002bfffffff]
[    0.020159] kernel: On node 0, zone DMA: 1 pages in unavailable ranges
[    0.020231] kernel: On node 0, zone DMA: 97 pages in unavailable ranges
[    0.122599] kernel: On node 0, zone Normal: 32 pages in unavailable ranges
[    0.415697] kernfor IRQ 9
[    1.262679] kernel: iommu: Default domain type: Translated 
[    1.263033] kernel: iommu: DMA domain TLB invalidation policy: lazy mode 
[    1.263624] kernel: pci 0000:00:02.0: vgaarb: setting as boot VGA device
[    1.263626] kernel: pci 0000:00:02.0: vgaarb: VGA device added: decodes=io+mem,owns=io+mem,locks=none
[    1.264050] kernel: pci 0000:00:02.0: vgaarb: bridge control possible
[    1.264581] kernel: vgaarb: loaded
[    1.265325] kernel: SCSI subsystem initialized
[    1.265717] kernel: libata version 3.00 loaded.
[    1.265717] kernel: ACPI: bus type USB registered
[    1.266193] kernel: usbcore: registered new interface driver usbfs
[    1.266934] kernel: usbcore: registered new interface driver hub
[    1.267098] kernel: usbcore: registered new device driver usb
[    1.267746] kernel: pps_core: LinuxPPS API ver. 1 registered
[    1.268033] kernel: pps_core: Software ver. 5.3.6 - Copyright 2005-2007 Rodolfo Giometti <giometti@linux.it>
[    1.269073] kernel: P1, 8388608 bytes, linear)
[    0.598431] kernel: mem auto-init: stack:off, heap alloc:off, heap free:off
[    0.880012] kernel: Memory: 8818312K/10485228K available (47117K kernel code, 10298K rwdata, 7204K rodata, 2068K init, 2860K bss, 1666660K reserved, 0K cma-reserved)
[    0.880433] kernel: SLUB: HWalign=64, Order=0-3, MinObjects=0, CPUs=2, Nodes=1
[    0.881046] kernel: rcu: Hierarchical RCU implementation.
[    0.881060] kernel: rcu:         RCU event tracing is enabled.
[    0.881070] kernel: rcu:         RCU restricting CPUs from NR_CPUS=64 to nr_cpu_ids=2.
[    0.881086] kernel: rcu: RCU calculated value of scheduler-enlistment delay is 100 jiffies.
[    0.881100] kernel: rcu: Adjusting geometry for rcu_fanout_leaf=16, nr_cpu_ids=2
[    0.897343] kernel: NR_IRQS: 4352, nr_irqs: 440, preallocated irqs: 16
[    0.898007] kernel: random: get_random_bytes called from start_kernel+0x22b/0x456 with crng_init=0
[    0.904139] kernel: Console: colour VGA+ 80x25
[    0.993500] kernelel: kasan: KernelAddressSanitizer initialized
[    0.416187] kernel: ACPI: PM-Timer IO Port: 0x608
[    0.416222] kernel: ACPI: LAPIC_NMI (acpi_id[0xff] dfl dfl lint[0x1])
[    0.416295] kernel: IOAPIC[0]: apic_id 0, version 17, address 0xfec00000, GSI 0-23
[    0.416323] kernel: ACPI: INT_SRC_OVR (bus 0 bus_irq 0 global_irq 2 dfl dfl)
[    0.416344] kernel: ACPI: INT_SRC_OVR (bus 0 bus_irq 5 global_irq 5 high level)
[    0.416364] kernel: ACPI: INT_SRC_OVR (bus 0 bus_irq 9 global_irq 9 high level)
[    0.416384] kernel: ACPI: INT_SRC_OVR (bus 0 bus_irq 10 global_irq 10 high level)
[    0.416403] kernel: ACPI: INT_SRC_OVR (bus 0 bus_irq 11 global_irq 11 high level)
[    0.416436] kernel: ACPI: Using ACPI (MADT) for SMP configuration information
[    0.416448] kernel: ACPI: HPET id: 0x8086a201 base: 0xfed00000
[    0.416470] kernel: TSC deadline timer available
[    0.416480] kernel: smpboot: Allowing 2 CPUs, 0 hotplug CPUs
[    0.416530] kernel: kvm-guest: KVM setup pv remote TLB flusTP clock support registered
[    1.269696] kernel: Advanced Linux Sound Architecture Driver Initialized.
[    1.270883] kernel: NetLabel: Initializing
[    1.271035] kernel: NetLabel:  domain hash size = 128
[    1.271500] kernel: NetLabel:  protocols = UNLABELED CIPSOv4 CALIPSO
[    1.272118] kernel: NetLabel:  unlabeled traffic allowed by default
[    1.272818] kernel: PCI: Using ACPI for IRQ routing
[    1.273036] kernel: PCI: pci_cache_line_size set to 64 bytes
[    1.273192] kernel: e820: reserve RAM buffer [mem 0x0009fc00-0x0009ffff]
[    1.273219] kernel: e820: reserve RAM buffer [mem 0xbffdd000-0xbfffffff]
[    1.273449] kernel: hpet0: at MMIO 0xfed00000, IRQs 2, 8, 0
[    1.273832] kernel: hpet0: 3 comparators, 64-bit 100.000000 MHz counter
[    1.277201] kernel: clocksource: Switched to clocksource kvm-clock
[    1.419853] kernel: VFS: Disk quotas dquot_6.6.0
[    1.420390] kernel: VFS: Dquot-cache hash table entries: 512 (order 0, 4096 bytes)
[    1.421383] kernel: pnp: PnP: printk: console [ttyS0] enabled
[    0.994105] kernel: ACPI: Core revision 20210730
[    0.995031] kernel: clocksource: hpet: mask: 0xffffffff max_cycles: 0xffffffff, max_idle_ns: 19112604467 ns
[    0.996325] kernel: APIC: Switch to symmetric I/O mode setup
[    0.996984] kernel: kvm-guest: setup PV IPIs
[    0.998916] kernel: ..TIMER: vector=0x30 apic1=0 pin1=2 apic2=-1 pin2=-1
[    0.999750] kernel: clocksource: tsc-early: mask: 0xffffffffffffffff max_cycles: 0x23fa772cf26, max_idle_ns: 440795269835 ns
[    1.000915] kernel: Calibrating delay loop (skipped) preset value.. 4992.00 BogoMIPS (lpj=2496000)
[    1.001908] kernel: pid_max: default: 32768 minimum: 301
[    1.002598] kernel: LSM: Security Framework initializing
[    1.002957] kernel: SELinux:  Initializing.
[    1.004090] kernel: Mount-cache hash table entries: 32768 (order: 6, 262144 bytes, linear)
[    1.005213] kernel: Mountpoint-cache hash table entries: 32768 (order: 6, 262144 bytes, linear)
[    1.007738] kernel: xh
[    0.416545] kernel: kvm-guest: setup PV sched yield
[    0.416598] kernel: PM: hibernation: Registered nosave memory: [mem 0x00000000-0x00000fff]
[    0.416619] kernel: PM: hibernation: Registered nosave memory: [mem 0x0009f000-0x0009ffff]
[    0.416635] kernel: PM: hibernation: Registered nosave memory: [mem 0x000a0000-0x000effff]
[    0.416650] kernel: PM: hibernation: Registered nosave memory: [mem 0x000f0000-0x000fffff]
[    0.416671] kernel: PM: hibernation: Registered nosave memory: [mem 0xbffe0000-0xbfffffff]
[    0.416686] kernel: PM: hibernation: Registered nosave memory: [mem 0xc0000000-0xfeffbfff]
[    0.416701] kernel: PM: hibernation: Registered nosave memory: [mem 0xfeffc000-0xfeffffff]
[    0.416716] kernel: PM: hibernation: Registered nosave memory: [mem 0xff000000-0xfffbffff]
[    0.416731] kernel: PM: hibernation: Registered nosave memory: [mem 0xfffc0000-0xffffffff]
[    0.416749] kernel: [mem 0xc0000000-0xfeffbfff] available for PCI devices
[    0.416764] kernunlink FIFO failed: No such file or directory
 ACPI init
[    1.422509] kernel: pnp 00:03: [dma 2]
[    1.427004] kernel: pnp: PnP ACPI: found 6 devices
[    1.447454] kernel: clocksource: acpi_pm: mask: 0xffffff max_cycles: 0xffffff, max_idle_ns: 2085701024 ns
[    1.448547] kernel: NET: Registered PF_INET protocol family
[    1.449586] kernel: IP idents hash table entries: 262144 (order: 9, 2097152 bytes, linear)
[    1.455767] kernel: tcp_listen_portaddr_hash hash table entries: 8192 (order: 5, 131072 bytes, linear)
[    1.457216] kernel: TCP established hash table entries: 131072 (order: 8, 1048576 bytes, linear)
[    1.459644] kernel: TCP bind hash table entries: 65536 (order: 8, 1048576 bytes, linear)
[    1.461777] kernel: TCP: Hash tables configured (established 131072 bind 65536)
[    1.462591] kernel: UDP hash table entries: 8192 (order: 6, 262144 bytes, linear)
[    1.463580] kernel: UDP-Lite hash table entries: 8192 (order: 6, 262144 bytes, linear)
[    1.464768] kernel: NET: Registered PF_UNIX/PF_LOCAL protocol famil[    0.000000] kernel: Linux version 5.15.0+ (tlyu@IC-RS3-DPC07) (gcc (Ubuntu 9.4.0-1ubuntu1~20.04.1) 9.4.0, GNU ld (GNU Binutils for Ubuntu) 2.34) #8 SMP Fri Jun 3 16:18:40 CEST 2022
[    0.000000] kernel: Command line: root=/dev/sda console=ttyS0 net.ifnames=0 ip=192.168.0.52
[    0.000000] kernel: x86/fpu: Supporting XSAVE feature 0x001: 'x87 floating point registers'
[    0.000000] kernel: x86/fpu: Supporting XSAVE feature 0x002: 'SSE registers'
[    0.000000] kernel: x86/fpu: Supporting XSAVE feature 0x004: 'AVX registers'
[    0.000000] kernel: x86/fpu: Supporting XSAVE feature 0x008: 'MPX bounds registers'
[    0.000000] kernel: x86/fpu: Supporting XSAVE feature 0x010: 'MPX CSR'
[    0.000000] kernel: x86/fpu: Supporting XSAVE feature 0x020: 'AVX-512 opmask'
[    0.000000] kernel: x86/fpu: Supporting XSAVE feature 0x040: 'AVX-512 Hi256'
[    0.000000] kernel: x86/fpu: Supporting XSAVE feature 0x080: 'AVX-512 ZMM_Hi256'
[    0.000000] kernel: x86/fpu: Supporting XSAVE feature 0xel: Booting paravirtualized kernel on KVM
[    0.416778] kernel: clocksource: refined-jiffies: mask: 0xffffffff max_cycles: 0xffffffff, max_idle_ns: 1910969940391419 ns
[    0.434115] kernel: setup_percpu: NR_CPUS:64 nr_cpumask_bits:64 nr_cpu_ids:2 nr_node_ids:1
[    0.434804] kernel: percpu: Embedded 56 pages/cpu s191576 r8192 d29608 u1048576
[    0.434864] kernel: pcpu-alloc: s191576 r8192 d29608 u1048576 alloc=1*2097152
[    0.434892] kernel: pcpu-alloc: [0] 0 1 
[    0.435035] kernel: kvm-guest: setup async PF for cpu 0
[    0.435054] kernel: kvm-guest: stealtime: cpu 0, msr 26521f140
[    0.435074] kernel: Built 1 zonelists, mobility grouping on.  Total pages: 2580192
[    0.435091] kernel: Policy zone: Normal
[    0.435103] kernel: Kernel command line: root=/dev/sda console=ttyS0 net.ifnames=0 ip=192.168.0.53
[    0.439908] kernel: Dentry cache hash table entries: 2097152 (order: 12, 16777216 bytes, linear)
[    0.442103] kernel: Inode-cache hash table entries: 1048576 (order: 1y
[    1.466540] kernel: pci_bus 0000:00: resource 4 [io  0x0000-0x0cf7 window]
[    1.467290] kernel: pci_bus 0000:00: resource 5 [io  0x0d00-0xffff window]
[    1.468012] kernel: pci_bus 0000:00: resource 6 [mem 0x000a0000-0x000bffff window]
[    1.468799] kernel: pci_bus 0000:00: resource 7 [mem 0xc0000000-0xfebfffff window]
[    1.469570] kernel: pci_bus 0000:00: resource 8 [mem 0x2c0000000-0x33fffffff window]
[    1.470687] kernel: pci 0000:00:01.0: PIIX3: Enabling Passive Release
[    1.471268] kernel: pci 0000:00:00.0: Limiting direct PCI/PCI transfers
[    1.471837] kernel: pci 0000:00:01.0: Activating ISA DMA hang workarounds
[    1.472633] kernel: pci 0000:00:02.0: Video device with shadowed ROM at [mem 0x000c0000-0x000dffff]
[    1.473691] kernel: PCI: CLS 0 bytes, default 64
[    1.474186] kernel: PCI-DMA: Using software bounce buffering for IO (SWIOTLB)
[    1.474911] kernel: software IO TLB: mapped [mem 0x00000000bbfdd000-0x00000000bffdd000] (64MB)
[    1.476019] kernel:200: 'Protection Keys User registers'
[    0.000000] kernel: x86/fpu: xstate_offset[2]:  576, xstate_sizes[2]:  256
[    0.000000] kernel: x86/fpu: xstate_offset[3]:  832, xstate_sizes[3]:   64
[    0.000000] kernel: x86/fpu: xstate_offset[4]:  896, xstate_sizes[4]:   64
[    0.000000] kernel: x86/fpu: xstate_offset[5]:  960, xstate_sizes[5]:   64
[    0.000000] kernel: x86/fpu: xstate_offset[6]: 1024, xstate_sizes[6]:  512
[    0.000000] kernel: x86/fpu: xstate_offset[7]: 1536, xstate_sizes[7]: 1024
[    0.000000] kernel: x86/fpu: xstate_offset[9]: 2560, xstate_sizes[9]:    8
[    0.000000] kernel: x86/fpu: Enabled xstate features 0x2ff, context size is 2568 bytes, using 'compacted' format.
[    0.000000] kernel: signal: max sigframe size: 3632
[    0.000000] kernel: BIOS-provided physical RAM map:
[    0.000000] kernel: BIOS-e820: [mem 0x0000000000000000-0x000000000009fbff] usable
[    0.000000] kernel: BIOS-e820: [mem 0x000000000009fc00-0x000000000009ffff] reserved
[    0.000000] k1, 8388608 bytes, linear)
[    0.442278] kernel: mem auto-init: stack:off, heap alloc:off, heap free:off
[    0.761483] kernel: Memory: 8818324K/10485240K available (47117K kernel code, 10298K rwdata, 7204K rodata, 2068K init, 2860K bss, 1666660K reserved, 0K cma-reserved)
[    0.761905] kernel: SLUB: HWalign=64, Order=0-3, MinObjects=0, CPUs=2, Nodes=1
[    0.762785] kernel: rcu: Hierarchical RCU implementation.
[    0.762801] kernel: rcu:         RCU event tracing is enabled.
[    0.762811] kernel: rcu:         RCU restricting CPUs from NR_CPUS=64 to nr_cpu_ids=2.
[    0.762829] kernel: rcu: RCU calculated value of scheduler-enlistment delay is 100 jiffies.
[    0.762842] kernel: rcu: Adjusting geometry for rcu_fanout_leaf=16, nr_cpu_ids=2
[    0.779473] kernel: NR_IRQS: 4352, nr_irqs: 440, preallocated irqs: 16
[    0.780158] kernel: random: get_random_bytes called from start_kernel+0x22b/0x456 with crng_init=0
[    0.786770] kernel: Console: colour VGA+ 80x25
[    0.888609] kernel clocksource: tsc: mask: 0xffffffffffffffff max_cycles: 0x23fa772cf26, max_idle_ns: 440795269835 ns
[    1.477220] kernel: clocksource: Switched to clocksource tsc
[    1.483563] kernel: Initialise system trusted keyrings
[    1.484311] kernel: workingset: timestamp_bits=56 max_order=22 bucket_order=0
[    1.513086] kernel: fuse: init (API version 7.34)
[    1.527752] kernel: Key type asymmetric registered
[    1.527798] kernel: cryptomgr_test (55) used greatest stack depth: 30544 bytes left
[    1.528210] kernel: Asymmetric key parser 'x509' registered
[    1.528541] kernel: Block layer SCSI generic (bsg) driver version 0.4 loaded (major 251)
[    1.530219] kernel: io scheduler mq-deadline registered
[    1.530643] kernel: io scheduler kyber registered
[    1.532298] kernel: input: Power Button as /devices/LNXSYSTM:00/LNXPWRBN:00/input/input0
[    1.533517] kernel: ACPI: button: Power Button [PWRF]
[    2.636889] kernel: ACPI: \_SB_.LNKC: Enabled at IRQ 11
[    3.784469] kernel: ACPIernel: BIOS-e820: [mem 0x00000000000f0000-0x00000000000fffff] reserved
[    0.000000] kernel: BIOS-e820: [mem 0x0000000000100000-0x00000000bffdcfff] usable
[    0.000000] kernel: BIOS-e820: [mem 0x00000000bffdd000-0x00000000bfffffff] reserved
[    0.000000] kernel: BIOS-e820: [mem 0x00000000feffc000-0x00000000feffffff] reserved
[    0.000000] kernel: BIOS-e820: [mem 0x00000000fffc0000-0x00000000ffffffff] reserved
[    0.000000] kernel: BIOS-e820: [mem 0x0000000100000000-0x00000002bfffffff] usable
[    0.000000] kernel: NX (Execute Disable) protection: active
[    0.000000] kernel: SMBIOS 2.8 present.
[    0.000000] kernel: DMI: QEMU Standard PC (i440FX + PIIX, 1996), BIOS 1.13.0-1ubuntu1.1 04/01/2014
[    0.000000] kernel: Hypervisor detected: KVM
[    0.000000] kernel: kvm-clock: Using msrs 4b564d01 and 4b564d00
[    0.000000] kernel: kvm-clock: cpu 0, msr 119558001, primary cpu clock
[    0.000004] kernel: kvm-clock: using sched offset of 486051455 cycles
[    0.000018] kernel: cloc: printk: console [ttyS0] enabled
[    0.889299] kernel: ACPI: Core revision 20210730
[    0.890301] kernel: clocksource: hpet: mask: 0xffffffff max_cycles: 0xffffffff, max_idle_ns: 19112604467 ns
[    0.891705] kernel: APIC: Switch to symmetric I/O mode setup
[    0.892385] kernel: kvm-guest: setup PV IPIs
[    0.894440] kernel: ..TIMER: vector=0x30 apic1=0 pin1=2 apic2=-1 pin2=-1
[    0.895363] kernel: clocksource: tsc-early: mask: 0xffffffffffffffff max_cycles: 0x23fa772cf26, max_idle_ns: 440795269835 ns
[    0.896642] kernel: Calibrating delay loop (skipped) preset value.. 4992.00 BogoMIPS (lpj=2496000)
[    0.898563] kernel: pid_max: default: 32768 minimum: 301
[    0.898800] kernel: LSM: Security Framework initializing
[    0.899709] kernel: SELinux:  Initializing.
[    0.900885] kernel: Mount-cache hash table entries: 32768 (order: 6, 262144 bytes, linear)
[    0.902648] kernel: Mountpoint-cache hash table entries: 32768 (order: 6, 262144 bytes, linear)
[    0.905173] kernel: x: \_SB_.LNKD: Enabled at IRQ 10
[    4.882375] kernel: ACPI: \_SB_.LNKA: Enabled at IRQ 10
[    4.884559] kernel: Serial: 8250/16550 driver, 4 ports, IRQ sharing enabled
[    4.885336] kernel: 00:05: ttyS0 at I/O 0x3f8 (irq = 4, base_baud = 115200) is a 16550A
[    4.888637] kernel: Non-volatile memory driver v1.3
[    4.889296] kernel: Linux agpgart interface v0.103
[    4.902763] kernel: loop: module loaded
[    4.904355] kernel: virtio_blk virtio2: [vda] 1024000 512-byte logical blocks (524 MB/500 MiB)
[    4.908779] kernel: ata_piix 0000:00:01.1: version 2.13
[    4.911192] kernel: scsi host0: ata_piix
[    4.912276] kernel: scsi host1: ata_piix
[    4.912859] kernel: ata1: PATA max MWDMA2 cmd 0x1f0 ctl 0x3f6 bmdma 0xc0c0 irq 14
[    4.913474] kernel: ata2: PATA max MWDMA2 cmd 0x170 ctl 0x376 bmdma 0xc0c8 irq 15
[    4.915238] kernel: libphy: Fixed MDIO Bus: probed
[    4.918958] kernel: e100: Intel(R) PRO/100 Network Driver
[    4.919422] kernel: e100: Copyright(c) 1999-2006 Inte86/cpu: User Mode Instruction Prevention (UMIP) activated
[    1.008046] kernel: Last level iTLB entries: 4KB 0, 2MB 0, 4MB 0
[    1.008908] kernel: Last level dTLB entries: 4KB 0, 2MB 0, 4MB 0, 1GB 0
[    1.009924] kernel: Spectre V1 : Mitigation: usercopy/swapgs barriers and __user pointer sanitization
[    1.010917] kernel: Spectre V2 : Mitigation: Enhanced IBRS
[    1.011470] kernel: Spectre V2 : Spectre v2 / SpectreRSB mitigation: Filling RSB on context switch
[    1.011918] kernel: Spectre V2 : mitigation: Enabling conditional Indirect Branch Prediction Barrier
[    1.012914] kernel: Speculative Store Bypass: Mitigation: Speculative Store Bypass disabled via prctl and seccomp
[    1.051826] kernel: Freeing SMP alternatives memory: 40K
[    1.052148] kernel: smpboot: CPU0: 11th Gen Intel(R) Core(TM) i7-11700 @ 2.50GHz (family: 0x6, model: 0xa7, stepping: 0x1)
[    1.053285] kernel: Performance Events: Icelake events, 32-deep LBR, full-width counters, Intel PMU driver.
[    1.0548ksource: kvm-clock: mask: 0xffffffffffffffff max_cycles: 0x1cd42e4dffb, max_idle_ns: 881590591483 ns
[    0.000042] kernel: tsc: Detected 2496.000 MHz processor
[    0.007614] kernel: e820: update [mem 0x00000000-0x00000fff] usable ==> reserved
[    0.007639] kernel: e820: remove [mem 0x000a0000-0x000fffff] usable
[    0.007666] kernel: last_pfn = 0x2c0000 max_arch_pfn = 0x400000000
[    0.007756] kernel: x86/PAT: Configuration [0-7]: WB  WC  UC- UC  WB  WP  UC- WT  
[    0.007777] kernel: last_pfn = 0xbffdd max_arch_pfn = 0x400000000
[    0.017361] kernel: found SMP MP-table at [mem 0x000f5c70-0x000f5c7f]
[    0.017442] kernel: Using GB pages for direct mapping
[    0.018199] kernel: ACPI: Early table checksum verification disabled
[    0.018220] kernel: ACPI: RSDP 0x00000000000F5A40 000014 (v00 BOCHS )
[    0.018257] kernel: ACPI: RSDT 0x00000000BFFE15C9 000030 (v01 BOCHS  BXPCRSDT 00000001 BXPC 00000001)
[    0.018285] kernel: ACPI: FACP 0x00000000BFFE149D 000074 (v01 BOCHS  BXPCFA90] kernel: ... version:                2
[    1.054910] kernel: ... bit width:              48
[    1.055373] kernel: ... generic registers:      8
[    1.055818] kernel: ... value mask:             0000ffffffffffff
[    1.055909] kernel: ... max period:             00007fffffffffff
[    1.056537] kernel: ... fixed-purpose events:   3
[    1.056910] kernel: ... event mask:             00000007000000ff
[    1.057901] kernel: rcu: Hierarchical SRCU implementation.
[    1.060618] kernel: smp: Bringing up secondary CPUs ...
[    1.061276] kernel: x86: Booting SMP configuration:
[    1.061770] kernel: .... node  #0, CPUs:      #1
[    0.101033] kernel: kvm-clock: cpu 1, msr 1bf958041, secondary cpu clock
[    0.101033] kernel: smpboot: CPU 1 Converting physical 0 to logical die 1
[    1.063962] kernel: kvm-guest: setup async PF for cpu 1
[    1.064525] kernel: kvm-guest: stealtime: cpu 1, msr 26531f140
[    1.065002] kernel: smp: Brought up 1 node, 2 CPUs
[    1.065458] kernel: smpboot: M86/cpu: User Mode Instruction Prevention (UMIP) activated
[    0.905814] kernel: Last level iTLB entries: 4KB 0, 2MB 0, 4MB 0
[    0.906632] kernel: Last level dTLB entries: 4KB 0, 2MB 0, 4MB 0, 1GB 0
[    0.907673] kernel: Spectre V1 : Mitigation: usercopy/swapgs barriers and __user pointer sanitization
[    0.908653] kernel: Spectre V2 : Mitigation: Enhanced IBRS
[    0.909279] kernel: Spectre V2 : Spectre v2 / SpectreRSB mitigation: Filling RSB on context switch
[    0.909626] kernel: Spectre V2 : mitigation: Enabling conditional Indirect Branch Prediction Barrier
[    0.909643] kernel: Speculative Store Bypass: Mitigation: Speculative Store Bypass disabled via prctl and seccomp
[    0.947970] kernel: Freeing SMP alternatives memory: 40K
[    0.948856] kernel: smpboot: CPU0: 11th Gen Intel(R) Core(TM) i7-11700 @ 2.50GHz (family: 0x6, model: 0xa7, stepping: 0x1)
[    0.950150] kernel: Performance Events: Icelake events, 32-deep LBR, full-width counters, Intel PMU driver.
[    0.9516l Corporation
[    4.919977] kernel: e1000: Intel(R) PRO/1000 Network Driver
[    4.920496] kernel: e1000: Copyright (c) 1999-2006 Intel Corporation.
[    4.921165] kernel: e1000e: Intel(R) PRO/1000 Network Driver
[    4.921624] kernel: e1000e: Copyright(c) 1999 - 2015 Intel Corporation.
[    4.922139] kernel: sky2: driver version 1.30
[    4.923592] kernel: ehci_hcd: USB 2.0 'Enhanced' Host Controller (EHCI) Driver
[    4.924275] kernel: ehci-pci: EHCI PCI platform driver
[    4.924769] kernel: ohci_hcd: USB 1.1 'Open' Host Controller (OHCI) Driver
[    4.925368] kernel: ohci-pci: OHCI PCI platform driver
[    4.925823] kernel: uhci_hcd: USB Universal Host Controller Interface driver
[    4.926715] kernel: usbcore: registered new interface driver usblp
[    4.927320] kernel: usbcore: registered new interface driver usb-storage
[    4.928186] kernel: i8042: PNP: PS/2 Controller [PNP0303:KBD,PNP0f13:MOU] at 0x60,0x64 irq 1,12
[    4.929837] kernel: serio: i8042 KBD port at 0x60,0x64 irCP 00000001 BXPC 00000001)
[    0.018316] kernel: ACPI: DSDT 0x00000000BFFE0040 00145D (v01 BOCHS  BXPCDSDT 00000001 BXPC 00000001)
[    0.018340] kernel: ACPI: FACS 0x00000000BFFE0000 000040
[    0.018361] kernel: ACPI: APIC 0x00000000BFFE1511 000080 (v01 BOCHS  BXPCAPIC 00000001 BXPC 00000001)
[    0.018393] kernel: ACPI: HPET 0x00000000BFFE1591 000038 (v01 BOCHS  BXPCHPET 00000001 BXPC 00000001)
[    0.018417] kernel: ACPI: Reserving FACP table memory at [mem 0xbffe149d-0xbffe1510]
[    0.018430] kernel: ACPI: Reserving DSDT table memory at [mem 0xbffe0040-0xbffe149c]
[    0.018440] kernel: ACPI: Reserving FACS table memory at [mem 0xbffe0000-0xbffe003f]
[    0.018450] kernel: ACPI: Reserving APIC table memory at [mem 0xbffe1511-0xbffe1590]
[    0.018460] kernel: ACPI: Reserving HPET table memory at [mem 0xbffe1591-0xbffe15c8]
[    0.019495] kernel: No NUMA configuration found
[    0.019510] kernel: Faking a node at [mem 0x0000000000000000-0x00000002bfffffff]
[    0.019550] kernel:ax logical packages: 2
[    1.065917] kernel: smpboot: Total of 2 processors activated (9984.00 BogoMIPS)
[    1.067537] kernel: devtmpfs: initialized
