
Ubuntu 20.04 LTS dfs-fuzzing ttyS0

2023/01/26 03:44:48 fuzzer started
2023/01/26 03:44:48 dialing manager at localhost:40269
2023/01/26 03:44:48 connecting to manager...
2023/01/26 03:44:48 syscalls: 51
2023/01/26 03:44:48 code coverage: enabled
2023/01/26 03:44:48 comparison tracing: enabled
2023/01/26 03:44:48 extra coverage: enabled
2023/01/26 03:44:48 setuid sandbox: enabled
2023/01/26 03:44:48 namespace sandbox: /proc/self/ns/user does not exist
2023/01/26 03:44:48 Android sandbox: /sys/fs/selinux/policy can't be opened (open /sys/fs/selinux/policy: invalid argument)
2023/01/26 03:44:48 fault injection: CONFIG_FAULT_INJECTION_DEBUG_FS or CONFIG_FAILSLAB are not enabled
2023/01/26 03:44:48 leak checking: CONFIG_DEBUG_KMEMLEAK is not enabled
2023/01/26 03:44:48 net packet injection: /dev/net/tun does not exist
2023/01/26 03:44:48 net device setup: enabled
2023/01/26 03:44:48 concurrency sanitizer: /sys/kernel/debug/kcsan does not exist
2023/01/26 03:44:48 devlink PCI setup: enabled
2023/01/26 03:44:48 USB emulation: /dev/raw-gadget does not exist
2023/01/26 03:44:48 hci packet injection: /dev/vhci does not exist
2023/01/26 03:44:48 wifi device emulation: /sys/class/mac80211_hwsim/ does not exist
2023/01/26 03:44:48 802.15.4 emulation: /sys/bus/platform/devices/mac802154_hwsim does not exist
2023/01/26 03:44:48 poll: candidates=0 inputs=50 signal=2000
2023/01/26 03:44:48 deserializeInput: hasCrash false hasNet false
2023/01/26 03:44:48 prog length: 2
2023/01/26 03:44:48 deserializeInput: hasCrash false hasNet false
2023/01/26 03:44:48 prog length: 1
2023/01/26 03:44:48 deserializeInput: hasCrash false hasNet false
2023/01/26 03:44:48 prog length: 4
2023/01/26 03:44:48 deserializeInput: hasCrash false hasNet false
2023/01/26 03:44:48 prog length: 2
2023/01/26 03:44:48 deserializeInput: hasCrash true hasNet false
2023/01/26 03:44:48 prog length: 6
2023/01/26 03:44:48 prog length: 3
2023/01/26 03:44:48 deserializeInput: hasCrash false hasNet false
2023/01/26 03:44:48 prog length: 3
2023/01/26 03:44:48 deserializeInput: hasCrash false hasNet false
2023/01/26 03:44:48 prog length: 4
2023/01/26 03:44:48 deserializeInput: hasCrash false hasNet false
2023/01/26 03:44:48 prog length: 2
2023/01/26 03:44:48 deserializeInput: hasCrash true hasNet false
2023/01/26 03:44:48 prog length: 6
2023/01/26 03:44:48 prog length: 3
2023/01/26 03:44:48 deserializeInput: hasCrash false hasNet false
2023/01/26 03:44:48 prog length: 2
2023/01/26 03:44:48 deserializeInput: hasCrash false hasNet false
2023/01/26 03:44:48 prog length: 2
2023/01/26 03:44:48 deserializeInput: hasCrash true hasNet false
2023/01/26 03:44:48 prog length: 6
2023/01/26 03:44:48 prog length: 4
2023/01/26 03:44:48 deserializeInput: hasCrash false hasNet false
2023/01/26 03:44:48 prog length: 2
2023/01/26 03:44:48 deserializeInput: hasCrash false hasNet false
2023/01/26 03:44:48 prog length: 4
2023/01/26 03:44:48 deserializeInput: hasCrash false hasNet false
2023/01/26 03:44:48 prog length: 4
2023/01/26 03:44:48 deserializeInput: hasCrash false hasNet false
2023/01/26 03:44:48 prog length: 2
2023/01/26 03:44:48 deserializeInput: hasCrash false hasNet false
2023/01/26 03:44:48 prog length: 2
2023/01/26 03:44:48 deserializeInput: hasCrash false hasNet false
2023/01/26 03:44:48 prog length: 2
2023/01/26 03:44:48 deserializeInput: hasCrash false hasNet false
2023/01/26 03:44:48 prog length: 4
2023/01/26 03:44:48 deserializeInput: hasCrash false hasNet false
2023/01/26 03:44:48 prog length: 1
2023/01/26 03:44:48 deserializeInput: hasCrash false hasNet false
2023/01/26 03:44:48 prog length: 2
2023/01/26 03:44:48 deserializeInput: hasCrash false hasNet false
2023/01/26 03:44:48 prog length: 3
2023/01/26 03:44:48 deserializeInput: hasCrash false hasNet true
2023/01/26 03:44:48 prog length: 6
2023/01/26 03:44:48 prog length: 12
2023/01/26 03:44:48 deserializeInput: hasCrash false hasNet false
2023/01/26 03:44:48 prog length: 4
2023/01/26 03:44:48 deserializeInput: hasCrash false hasNet false
2023/01/26 03:44:48 prog length: 2
2023/01/26 03:44:48 deserializeInput: hasCrash false hasNet false
2023/01/26 03:44:48 prog length: 2
2023/01/26 03:44:48 deserializeInput: hasCrash false hasNet false
2023/01/26 03:44:48 prog length: 2
2023/01/26 03:44:48 deserializeInput: hasCrash false hasNet false
2023/01/26 03:44:48 prog length: 2
2023/01/26 03:44:48 deserializeInput: hasCrash false hasNet false
2023/01/26 03:44:48 prog length: 6
2023/01/26 03:44:48 deserializeInput: hasCrash true hasNet true
2023/01/26 03:44:48 prog length: 6
2023/01/26 03:44:48 prog length: 6
2023/01/26 03:44:48 prog length: 5
2023/01/26 03:44:48 deserializeInput: hasCrash false hasNet true
2023/01/26 03:44:48 prog length: 6
2023/01/26 03:44:48 prog length: 12
2023/01/26 03:44:48 prog length: 10
2023/01/26 03:44:48 deserializeInput: hasCrash false hasNet false
2023/01/26 03:44:48 prog length: 2
2023/01/26 03:44:48 deserializeInput: hasCrash false hasNet false
2023/01/26 03:44:48 prog length: 2
2023/01/26 03:44:48 deserializeInput: hasCrash false hasNet false
2023/01/26 03:44:48 prog length: 2
2023/01/26 03:44:48 deserializeInput: hasCrash false hasNet false
2023/01/26 03:44:48 prog length: 2
2023/01/26 03:44:48 deserializeInput: hasCrash false hasNet false
2023/01/26 03:44:48 prog length: 2
2023/01/26 03:44:48 deserializeInput: hasCrash false hasNet false
2023/01/26 03:44:48 prog length: 2
2023/01/26 03:44:48 deserializeInput: hasCrash false hasNet false
2023/01/26 03:44:48 prog length: 4
2023/01/26 03:44:48 deserializeInput: hasCrash false hasNet true
2023/01/26 03:44:48 prog length: 6
2023/01/26 03:44:48 prog length: 7
2023/01/26 03:44:48 deserializeInput: hasCrash false hasNet false
2023/01/26 03:44:48 prog length: 2
2023/01/26 03:44:48 deserializeInput: hasCrash false hasNet false
2023/01/26 03:44:48 prog length: 3
2023/01/26 03:44:48 deserializeInput: hasCrash false hasNet false
2023/01/26 03:44:48 prog length: 4
2023/01/26 03:44:48 deserializeInput: hasCrash false hasNet false
2023/01/26 03:44:48 prog length: 1
2023/01/26 03:44:48 deserializeInput: hasCrash false hasNet false
2023/01/26 03:44:48 prog length: 3
2023/01/26 03:44:48 deserializeInput: hasCrash false hasNet false
2023/01/26 03:44:48 prog length: 2
2023/01/26 03:44:48 deserializeInput: hasCrash false hasNet false
2023/01/26 03:44:48 prog length: 2
2023/01/26 03:44:48 deserializeInput: hasCrash false hasNet false
2023/01/26 03:44:48 prog length: 2
2023/01/26 03:44:48 deserializeInput: hasCrash false hasNet false
2023/01/26 03:44:48 prog length: 2
2023/01/26 03:44:48 deserializeInput: hasCrash false hasNet false
2023/01/26 03:44:48 prog length: 1
2023/01/26 03:44:48 deserializeInput: hasCrash true hasNet false
2023/01/26 03:44:48 prog length: 6
2023/01/26 03:44:48 prog length: 4
2023/01/26 03:44:48 fetching corpus: 50, signal 6378/22214/27775 (executing program)
2023/01/26 03:44:49 poll: candidates=0 inputs=50 signal=2000
2023/01/26 03:44:49 deserializeInput: hasCrash false hasNet false
2023/01/26 03:44:49 prog length: 1
2023/01/26 03:44:49 deserializeInput: hasCrash false hasNet false
2023/01/26 03:44:49 prog length: 1
2023/01/26 03:44:49 deserializeInput: hasCrash false hasNet false
2023/01/26 03:44:49 prog length: 3
2023/01/26 03:44:49 deserializeInput: hasCrash false hasNet false
2023/01/26 03:44:49 prog length: 2
2023/01/26 03:44:49 deserializeInput: hasCrash false hasNet false
2023/01/26 03:44:49 prog length: 1
2023/01/26 03:44:49 deserializeInput: hasCrash false hasNet true
2023/01/26 03:44:49 prog length: 18
2023/01/26 03:44:49 prog length: 9
2023/01/26 03:44:49 deserializeInput: hasCrash false hasNet false
2023/01/26 03:44:49 prog length: 1
2023/01/26 03:44:49 deserializeInput: hasCrash false hasNet false
2023/01/26 03:44:49 prog length: 2
2023/01/26 03:44:49 deserializeInput: hasCrash false hasNet false
2023/01/26 03:44:49 prog length: 2
2023/01/26 03:44:49 deserializeInput: hasCrash false hasNet true
2023/01/26 03:44:49 prog length: 6
2023/01/26 03:44:49 prog length: 20
2023/01/26 03:44:49 deserializeInput: hasCrash false hasNet true
2023/01/26 03:44:49 prog length: 6
2023/01/26 03:44:49 prog length: 6
2023/01/26 03:44:49 deserializeInput: hasCrash false hasNet false
2023/01/26 03:44:49 prog length: 2
2023/01/26 03:44:49 deserializeInput: hasCrash false hasNet false
2023/01/26 03:44:49 prog length: 3
2023/01/26 03:44:49 deserializeInput: hasCrash false hasNet false
2023/01/26 03:44:49 prog length: 3
2023/01/26 03:44:49 deserializeInput: hasCrash false hasNet false
2023/01/26 03:44:49 prog length: 1
2023/01/26 03:44:49 deserializeInput: hasCrash false hasNet false
2023/01/26 03:44:49 prog length: 5
2023/01/26 03:44:49 deserializeInput: hasCrash false hasNet false
2023/01/26 03:44:49 prog length: 2
2023/01/26 03:44:49 deserializeInput: hasCrash false hasNet false
2023/01/26 03:44:49 prog length: 2
2023/01/26 03:44:49 deserializeInput: hasCrash false hasNet false
2023/01/26 03:44:49 prog length: 2
2023/01/26 03:44:49 deserializeInput: hasCrash false hasNet true
2023/01/26 03:44:49 prog length: 6
2023/01/26 03:44:49 prog length: 20
2023/01/26 03:44:49 deserializeInput: hasCrash false hasNet false
2023/01/26 03:44:49 prog length: 2
2023/01/26 03:44:49 deserializeInput: hasCrash false hasNet false
2023/01/26 03:44:49 prog length: 3
2023/01/26 03:44:49 deserializeInput: hasCrash false hasNet false
2023/01/26 03:44:49 prog length: 7
2023/01/26 03:44:49 deserializeInput: hasCrash false hasNet false
2023/01/26 03:44:49 prog length: 2
2023/01/26 03:44:49 deserializeInput: hasCrash false hasNet false
2023/01/26 03:44:49 prog length: 2
2023/01/26 03:44:49 deserializeInput: hasCrash false hasNet false
2023/01/26 03:44:49 prog length: 1
2023/01/26 03:44:49 deserializeInput: hasCrash false hasNet false
2023/01/26 03:44:49 prog length: 2
2023/01/26 03:44:49 deserializeInput: hasCrash false hasNet false
2023/01/26 03:44:49 prog length: 2
2023/01/26 03:44:49 deserializeInput: hasCrash false hasNet false
2023/01/26 03:44:49 prog length: 6
2023/01/26 03:44:49 deserializeInput: hasCrash false hasNet false
2023/01/26 03:44:49 prog length: 3
2023/01/26 03:44:49 deserializeInput: hasCrash false hasNet false
2023/01/26 03:44:49 prog length: 2
2023/01/26 03:44:49 deserializeInput: hasCrash false hasNet true
2023/01/26 03:44:49 prog length: 6
2023/01/26 03:44:49 prog length: 19
2023/01/26 03:44:49 deserializeInput: hasCrash false hasNet false
2023/01/26 03:44:49 prog length: 2
2023/01/26 03:44:49 deserializeInput: hasCrash false hasNet false
2023/01/26 03:44:49 prog length: 2
2023/01/26 03:44:49 deserializeInput: hasCrash false hasNet false
2023/01/26 03:44:49 prog length: 2
2023/01/26 03:44:49 deserializeInput: hasCrash false hasNet false
2023/01/26 03:44:49 prog length: 2
2023/01/26 03:44:49 deserializeInput: hasCrash false hasNet false
2023/01/26 03:44:49 prog length: 2
2023/01/26 03:44:49 deserializeInput: hasCrash false hasNet false
2023/01/26 03:44:49 prog length: 2
2023/01/26 03:44:49 deserializeInput: hasCrash false hasNet false
2023/01/26 03:44:49 prog length: 1
2023/01/26 03:44:49 deserializeInput: hasCrash false hasNet false
2023/01/26 03:44:49 prog length: 1
2023/01/26 03:44:49 deserializeInput: hasCrash false hasNet false
2023/01/26 03:44:49 prog length: 2
2023/01/26 03:44:49 deserializeInput: hasCrash false hasNet false
2023/01/26 03:44:49 prog length: 1
2023/01/26 03:44:49 deserializeInput: hasCrash false hasNet false
2023/01/26 03:44:49 prog length: 11
2023/01/26 03:44:49 deserializeInput: hasCrash false hasNet false
2023/01/26 03:44:49 prog length: 4
2023/01/26 03:44:49 deserializeInput: hasCrash false hasNet false
2023/01/26 03:44:49 prog length: 2
2023/01/26 03:44:49 deserializeInput: hasCrash false hasNet true
2023/01/26 03:44:49 prog length: 6
2023/01/26 03:44:49 prog length: 5
2023/01/26 03:44:49 deserializeInput: hasCrash false hasNet true
2023/01/26 03:44:49 prog length: 6
2023/01/26 03:44:49 prog length: 4
2023/01/26 03:44:49 deserializeInput: hasCrash false hasNet false
2023/01/26 03:44:49 prog length: 6
2023/01/26 03:44:49 deserializeInput: hasCrash true hasNet false
2023/01/26 03:44:49 prog length: 6
2023/01/26 03:44:49 prog length: 3
2023/01/26 03:44:49 deserializeInput: hasCrash false hasNet false
2023/01/26 03:44:49 prog length: 6
2023/01/26 03:44:49 fetching corpus: 100, signal 7738/25362/32705 (executing program)
2023/01/26 03:44:49 poll: candidates=0 inputs=50 signal=2000
2023/01/26 03:44:49 deserializeInput: hasCrash false hasNet false
2023/01/26 03:44:49 prog length: 2
2023/01/26 03:44:49 deserializeInput: hasCrash false hasNet false
2023/01/26 03:44:49 prog length: 2
2023/01/26 03:44:49 deserializeInput: hasCrash false hasNet false
2023/01/26 03:44:49 prog length: 2
2023/01/26 03:44:49 deserializeInput: hasCrash true hasNet false
2023/01/26 03:44:49 prog length: 6
2023/01/26 03:44:49 prog length: 3
2023/01/26 03:44:49 deserializeInput: hasCrash false hasNet false
2023/01/26 03:44:49 prog length: 1
2023/01/26 03:44:49 deserializeInput: hasCrash true hasNet true
2023/01/26 03:44:49 prog length: 6
2023/01/26 03:44:49 prog length: 12
2023/01/26 03:44:49 prog length: 9
2023/01/26 03:44:49 deserializeInput: hasCrash false hasNet false
2023/01/26 03:44:49 prog length: 1
2023/01/26 03:44:49 deserializeInput: hasCrash false hasNet false
2023/01/26 03:44:49 prog length: 2
2023/01/26 03:44:49 deserializeInput: hasCrash false hasNet false
2023/01/26 03:44:49 prog length: 1
2023/01/26 03:44:49 deserializeInput: hasCrash false hasNet false
2023/01/26 03:44:49 prog length: 2
2023/01/26 03:44:49 deserializeInput: hasCrash false hasNet false
2023/01/26 03:44:49 prog length: 3
2023/01/26 03:44:49 deserializeInput: hasCrash false hasNet false
2023/01/26 03:44:49 prog length: 3
2023/01/26 03:44:49 deserializeInput: hasCrash false hasNet true
2023/01/26 03:44:49 prog length: 18
2023/01/26 03:44:49 prog length: 12
2023/01/26 03:44:49 deserializeInput: hasCrash false hasNet false
2023/01/26 03:44:49 prog length: 1
2023/01/26 03:44:49 deserializeInput: hasCrash false hasNet false
2023/01/26 03:44:49 prog length: 2
2023/01/26 03:44:49 deserializeInput: hasCrash false hasNet false
2023/01/26 03:44:49 prog length: 6
2023/01/26 03:44:49 deserializeInput: hasCrash false hasNet false
2023/01/26 03:44:49 prog length: 2
2023/01/26 03:44:49 deserializeInput: hasCrash true hasNet false
2023/01/26 03:44:49 prog length: 18
2023/01/26 03:44:49 prog length: 8
2023/01/26 03:44:49 deserializeInput: hasCrash false hasNet false
2023/01/26 03:44:49 prog length: 2
2023/01/26 03:44:49 deserializeInput: hasCrash false hasNet false
2023/01/26 03:44:49 prog length: 2
2023/01/26 03:44:49 deserializeInput: hasCrash false hasNet false
2023/01/26 03:44:49 prog length: 2
2023/01/26 03:44:49 deserializeInput: hasCrash false hasNet false
2023/01/26 03:44:49 prog length: 3
2023/01/26 03:44:49 deserializeInput: hasCrash false hasNet false
2023/01/26 03:44:49 prog length: 2
2023/01/26 03:44:49 deserializeInput: hasCrash false hasNet false
2023/01/26 03:44:49 prog length: 2
2023/01/26 03:44:49 deserializeInput: hasCrash false hasNet false
2023/01/26 03:44:49 prog length: 3
2023/01/26 03:44:49 deserializeInput: hasCrash false hasNet false
2023/01/26 03:44:49 prog length: 2
2023/01/26 03:44:49 deserializeInput: hasCrash false hasNet false
2023/01/26 03:44:49 prog length: 2
2023/01/26 03:44:49 deserializeInput: hasCrash false hasNet true
2023/01/26 03:44:49 prog length: 6
2023/01/26 03:44:49 prog length: 6
2023/01/26 03:44:49 prog length: 7
2023/01/26 03:44:49 deserializeInput: hasCrash false hasNet false
2023/01/26 03:44:49 prog length: 1
2023/01/26 03:44:49 deserializeInput: hasCrash false hasNet false
2023/01/26 03:44:49 prog length: 4
2023/01/26 03:44:49 deserializeInput: hasCrash false hasNet false
2023/01/26 03:44:49 prog length: 1
2023/01/26 03:44:49 deserializeInput: hasCrash false hasNet false
2023/01/26 03:44:49 prog length: 2
2023/01/26 03:44:49 deserializeInput: hasCrash false hasNet false
2023/01/26 03:44:49 prog length: 1
2023/01/26 03:44:49 deserializeInput: hasCrash false hasNet false
2023/01/26 03:44:49 prog length: 1
2023/01/26 03:44:49 deserializeInput: hasCrash false hasNet false
2023/01/26 03:44:49 prog length: 1
2023/01/26 03:44:49 deserializeInput: hasCrash false hasNet false
2023/01/26 03:44:49 prog length: 1
2023/01/26 03:44:49 deserializeInput: hasCrash false hasNet false
2023/01/26 03:44:49 prog length: 3
2023/01/26 03:44:49 deserializeInput: hasCrash false hasNet false
2023/01/26 03:44:49 prog length: 5
2023/01/26 03:44:49 deserializeInput: hasCrash false hasNet false
2023/01/26 03:44:49 prog length: 1
2023/01/26 03:44:49 deserializeInput: hasCrash false hasNet false
2023/01/26 03:44:49 prog length: 2
2023/01/26 03:44:49 deserializeInput: hasCrash false hasNet false
2023/01/26 03:44:49 prog length: 2
2023/01/26 03:44:49 deserializeInput: hasCrash false hasNet false
2023/01/26 03:44:49 prog length: 2
2023/01/26 03:44:49 deserializeInput: hasCrash false hasNet false
2023/01/26 03:44:49 prog length: 1
2023/01/26 03:44:49 deserializeInput: hasCrash true hasNet false
2023/01/26 03:44:49 prog length: 6
2023/01/26 03:44:49 prog length: 3
2023/01/26 03:44:49 deserializeInput: hasCrash false hasNet false
2023/01/26 03:44:49 prog length: 1
2023/01/26 03:44:49 deserializeInput: hasCrash false hasNet false
2023/01/26 03:44:49 prog length: 2
2023/01/26 03:44:49 deserializeInput: hasCrash false hasNet false
2023/01/26 03:44:49 prog length: 1
2023/01/26 03:44:49 deserializeInput: hasCrash false hasNet false
2023/01/26 03:44:49 prog length: 1
2023/01/26 03:44:49 deserializeInput: hasCrash false hasNet false
2023/01/26 03:44:49 prog length: 2
2023/01/26 03:44:49 deserializeInput: hasCrash false hasNet true
2023/01/26 03:44:49 prog length: 6
2023/01/26 03:44:49 prog length: 20
2023/01/26 03:44:49 fetching corpus: 150, signal 8299/27545/35723 (executing program)
2023/01/26 03:44:49 poll: candidates=0 inputs=50 signal=2000
2023/01/26 03:44:49 deserializeInput: hasCrash false hasNet false
2023/01/26 03:44:49 prog length: 2
2023/01/26 03:44:49 deserializeInput: hasCrash false hasNet false
2023/01/26 03:44:49 prog length: 2
2023/01/26 03:44:49 deserializeInput: hasCrash false hasNet true
2023/01/26 03:44:49 prog length: 6
2023/01/26 03:44:49 prog length: 16
2023/01/26 03:44:49 deserializeInput: hasCrash false hasNet false
2023/01/26 03:44:49 prog length: 3
2023/01/26 03:44:49 deserializeInput: hasCrash false hasNet false
2023/01/26 03:44:49 prog length: 3
2023/01/26 03:44:49 deserializeInput: hasCrash false hasNet false
2023/01/26 03:44:49 prog length: 3
2023/01/26 03:44:49 deserializeInput: hasCrash false hasNet false
2023/01/26 03:44:49 prog length: 3
2023/01/26 03:44:49 deserializeInput: hasCrash false hasNet true
2023/01/26 03:44:49 prog length: 18
2023/01/26 03:44:49 prog length: 9
2023/01/26 03:44:49 deserializeInput: hasCrash false hasNet false
2023/01/26 03:44:49 prog length: 1
2023/01/26 03:44:49 deserializeInput: hasCrash false hasNet true
2023/01/26 03:44:49 prog length: 6
2023/01/26 03:44:49 prog length: 20
2023/01/26 03:44:49 deserializeInput: hasCrash false hasNet false
2023/01/26 03:44:49 prog length: 3
2023/01/26 03:44:49 deserializeInput: hasCrash false hasNet false
2023/01/26 03:44:49 prog length: 4
2023/01/26 03:44:49 deserializeInput: hasCrash false hasNet false
2023/01/26 03:44:49 prog length: 4
2023/01/26 03:44:49 deserializeInput: hasCrash false hasNet false
2023/01/26 03:44:49 prog length: 2
2023/01/26 03:44:49 deserializeInput: hasCrash false hasNet false
2023/01/26 03:44:49 prog length: 13
2023/01/26 03:44:49 deserializeInput: hasCrash false hasNet false
2023/01/26 03:44:49 prog length: 5
2023/01/26 03:44:49 deserializeInput: hasCrash false hasNet false
2023/01/26 03:44:49 prog length: 3
2023/01/26 03:44:49 deserializeInput: hasCrash false hasNet false
2023/01/26 03:44:49 prog length: 1
2023/01/26 03:44:49 deserializeInput: hasCrash false hasNet false
2023/01/26 03:44:49 prog length: 2
2023/01/26 03:44:49 deserializeInput: hasCrash false hasNet false
2023/01/26 03:44:49 prog length: 1
2023/01/26 03:44:49 deserializeInput: hasCrash false hasNet false
2023/01/26 03:44:49 prog length: 1
2023/01/26 03:44:49 deserializeInput: hasCrash false hasNet false
2023/01/26 03:44:49 prog length: 1
2023/01/26 03:44:49 deserializeInput: hasCrash false hasNet false
2023/01/26 03:44:49 prog length: 1
2023/01/26 03:44:49 deserializeInput: hasCrash false hasNet false
2023/01/26 03:44:49 prog length: 1
2023/01/26 03:44:49 deserializeInput: hasCrash false hasNet false
2023/01/26 03:44:49 prog length: 3
2023/01/26 03:44:49 deserializeInput: hasCrash false hasNet false
2023/01/26 03:44:49 prog length: 16
2023/01/26 03:44:49 deserializeInput: hasCrash false hasNet false
2023/01/26 03:44:49 prog length: 1
2023/01/26 03:44:49 deserializeInput: hasCrash false hasNet false
2023/01/26 03:44:49 prog length: 2
2023/01/26 03:44:49 deserializeInput: hasCrash false hasNet false
2023/01/26 03:44:49 prog length: 6
2023/01/26 03:44:49 deserializeInput: hasCrash false hasNet true
2023/01/26 03:44:49 prog length: 6
2023/01/26 03:44:49 prog length: 20
2023/01/26 03:44:49 deserializeInput: hasCrash false hasNet false
2023/01/26 03:44:49 prog length: 2
2023/01/26 03:44:49 deserializeInput: hasCrash false hasNet true
2023/01/26 03:44:49 prog length: 6
2023/01/26 03:44:49 prog length: 5
2023/01/26 03:44:49 deserializeInput: hasCrash false hasNet false
2023/01/26 03:44:49 prog length: 1
2023/01/26 03:44:49 deserializeInput: hasCrash false hasNet false
2023/01/26 03:44:49 prog length: 4
2023/01/26 03:44:49 deserializeInput: hasCrash false hasNet false
2023/01/26 03:44:49 prog length: 3
2023/01/26 03:44:49 deserializeInput: hasCrash false hasNet false
2023/01/26 03:44:49 prog length: 3
2023/01/26 03:44:49 deserializeInput: hasCrash false hasNet false
2023/01/26 03:44:49 prog length: 2
2023/01/26 03:44:49 deserializeInput: hasCrash true hasNet false
2023/01/26 03:44:49 prog length: 6
2023/01/26 03:44:49 prog length: 4
2023/01/26 03:44:49 deserializeInput: hasCrash false hasNet false
2023/01/26 03:44:49 prog length: 2
2023/01/26 03:44:49 deserializeInput: hasCrash false hasNet true
2023/01/26 03:44:49 prog length: 6
2023/01/26 03:44:49 prog length: 14
2023/01/26 03:44:49 deserializeInput: hasCrash false hasNet false
2023/01/26 03:44:49 prog length: 2
2023/01/26 03:44:49 deserializeInput: hasCrash false hasNet false
2023/01/26 03:44:49 prog length: 3
2023/01/26 03:44:49 deserializeInput: hasCrash false hasNet false
2023/01/26 03:44:49 prog length: 3
2023/01/26 03:44:49 deserializeInput: hasCrash false hasNet false
2023/01/26 03:44:49 prog length: 1
2023/01/26 03:44:49 deserializeInput: hasCrash false hasNet true
2023/01/26 03:44:49 prog length: 6
2023/01/26 03:44:49 prog length: 20
2023/01/26 03:44:49 deserializeInput: hasCrash false hasNet false
2023/01/26 03:44:49 prog length: 2
2023/01/26 03:44:49 deserializeInput: hasCrash true hasNet false
2023/01/26 03:44:49 prog length: 6
2023/01/26 03:44:49 prog length: 3
2023/01/26 03:44:49 deserializeInput: hasCrash true hasNet false
2023/01/26 03:44:49 prog length: 6
2023/01/26 03:44:49 prog length: 4
2023/01/26 03:44:49 deserializeInput: hasCrash false hasNet false
2023/01/26 03:44:49 prog length: 1
2023/01/26 03:44:49 deserializeInput: hasCrash false hasNet true
2023/01/26 03:44:49 prog length: 6
2023/01/26 03:44:49 prog length: 4
2023/01/26 03:44:49 fetching corpus: 200, signal 8664/28564/37373 (executing program)
2023/01/26 03:44:49 poll: candidates=0 inputs=50 signal=2000
2023/01/26 03:44:49 deserializeInput: hasCrash true hasNet false
2023/01/26 03:44:49 prog length: 6
2023/01/26 03:44:49 prog length: 4
2023/01/26 03:44:49 deserializeInput: hasCrash false hasNet true
2023/01/26 03:44:49 prog length: 6
2023/01/26 03:44:49 prog length: 20
2023/01/26 03:44:49 deserializeInput: hasCrash false hasNet false
2023/01/26 03:44:49 prog length: 2
2023/01/26 03:44:49 deserializeInput: hasCrash false hasNet false
2023/01/26 03:44:49 prog length: 2
2023/01/26 03:44:49 deserializeInput: hasCrash false hasNet false
2023/01/26 03:44:49 prog length: 3
2023/01/26 03:44:49 deserializeInput: hasCrash false hasNet false
2023/01/26 03:44:49 prog length: 2
2023/01/26 03:44:49 deserializeInput: hasCrash false hasNet false
2023/01/26 03:44:49 prog length: 2
2023/01/26 03:44:49 deserializeInput: hasCrash false hasNet false
2023/01/26 03:44:49 prog length: 1
2023/01/26 03:44:49 deserializeInput: hasCrash false hasNet false
2023/01/26 03:44:49 prog length: 2
2023/01/26 03:44:49 deserializeInput: hasCrash false hasNet false
2023/01/26 03:44:49 prog length: 1
2023/01/26 03:44:49 deserializeInput: hasCrash false hasNet false
2023/01/26 03:44:49 prog length: 6
2023/01/26 03:44:49 deserializeInput: hasCrash false hasNet false
2023/01/26 03:44:49 prog length: 2
2023/01/26 03:44:49 deserializeInput: hasCrash false hasNet false
2023/01/26 03:44:49 prog length: 2
2023/01/26 03:44:49 deserializeInput: hasCrash false hasNet false
2023/01/26 03:44:49 prog length: 2
2023/01/26 03:44:49 deserializeInput: hasCrash false hasNet false
2023/01/26 03:44:49 prog length: 3
2023/01/26 03:44:49 deserializeInput: hasCrash false hasNet false
2023/01/26 03:44:49 prog length: 2
2023/01/26 03:44:49 deserializeInput: hasCrash false hasNet false
2023/01/26 03:44:49 prog length: 2
2023/01/26 03:44:49 deserializeInput: hasCrash false hasNet false
2023/01/26 03:44:49 prog length: 1
2023/01/26 03:44:49 deserializeInput: hasCrash false hasNet false
2023/01/26 03:44:49 prog length: 2
2023/01/26 03:44:49 deserializeInput: hasCrash false hasNet false
2023/01/26 03:44:49 prog length: 1
2023/01/26 03:44:49 deserializeInput: hasCrash false hasNet false
2023/01/26 03:44:49 prog length: 9
2023/01/26 03:44:49 deserializeInput: hasCrash false hasNet false
2023/01/26 03:44:49 prog length: 4
2023/01/26 03:44:49 deserializeInput: hasCrash false hasNet false
2023/01/26 03:44:49 prog length: 2
2023/01/26 03:44:49 deserializeInput: hasCrash false hasNet true
2023/01/26 03:44:49 prog length: 6
2023/01/26 03:44:49 prog length: 18
2023/01/26 03:44:49 deserializeInput: hasCrash false hasNet false
2023/01/26 03:44:49 prog length: 2
2023/01/26 03:44:49 deserializeInput: hasCrash false hasNet false
2023/01/26 03:44:49 prog length: 2
2023/01/26 03:44:49 deserializeInput: hasCrash false hasNet false
2023/01/26 03:44:49 prog length: 1
2023/01/26 03:44:49 deserializeInput: hasCrash false hasNet false
2023/01/26 03:44:49 prog length: 2
2023/01/26 03:44:49 deserializeInput: hasCrash false hasNet false
2023/01/26 03:44:49 prog length: 1
2023/01/26 03:44:49 deserializeInput: hasCrash false hasNet false
2023/01/26 03:44:49 prog length: 2
2023/01/26 03:44:49 deserializeInput: hasCrash false hasNet false
2023/01/26 03:44:49 prog length: 1
2023/01/26 03:44:49 deserializeInput: hasCrash false hasNet false
2023/01/26 03:44:49 prog length: 3
2023/01/26 03:44:49 deserializeInput: hasCrash true hasNet false
2023/01/26 03:44:49 prog length: 6
2023/01/26 03:44:49 prog length: 3
2023/01/26 03:44:49 deserializeInput: hasCrash false hasNet false
2023/01/26 03:44:49 prog length: 4
2023/01/26 03:44:49 deserializeInput: hasCrash false hasNet false
2023/01/26 03:44:49 prog length: 2
2023/01/26 03:44:49 deserializeInput: hasCrash false hasNet true
2023/01/26 03:44:49 prog length: 6
2023/01/26 03:44:49 prog length: 14
2023/01/26 03:44:49 deserializeInput: hasCrash false hasNet false
2023/01/26 03:44:49 prog length: 2
2023/01/26 03:44:49 deserializeInput: hasCrash false hasNet false
2023/01/26 03:44:49 prog length: 5
2023/01/26 03:44:49 deserializeInput: hasCrash false hasNet false
2023/01/26 03:44:49 prog length: 1
2023/01/26 03:44:49 deserializeInput: hasCrash true hasNet true
2023/01/26 03:44:49 prog length: 12
2023/01/26 03:44:49 prog length: 6
2023/01/26 03:44:49 deserializeInput: hasCrash false hasNet false
2023/01/26 03:44:49 prog length: 1
2023/01/26 03:44:49 deserializeInput: hasCrash false hasNet false
2023/01/26 03:44:49 prog length: 3
2023/01/26 03:44:49 deserializeInput: hasCrash false hasNet false
2023/01/26 03:44:49 prog length: 2
2023/01/26 03:44:49 deserializeInput: hasCrash false hasNet true
2023/01/26 03:44:49 prog length: 6
2023/01/26 03:44:49 prog length: 20
2023/01/26 03:44:49 deserializeInput: hasCrash false hasNet true
2023/01/26 03:44:49 prog length: 6
2023/01/26 03:44:49 prog length: 16
2023/01/26 03:44:49 deserializeInput: hasCrash false hasNet false
2023/01/26 03:44:49 prog length: 6
2023/01/26 03:44:49 deserializeInput: hasCrash false hasNet false
2023/01/26 03:44:49 prog length: 2
2023/01/26 03:44:49 deserializeInput: hasCrash false hasNet false
2023/01/26 03:44:49 prog length: 1
2023/01/26 03:44:49 deserializeInput: hasCrash false hasNet false
2023/01/26 03:44:49 prog length: 4
2023/01/26 03:44:49 deserializeInput: hasCrash true hasNet false
2023/01/26 03:44:49 prog length: 6
2023/01/26 03:44:49 prog length: 3
2023/01/26 03:44:49 fetching corpus: 250, signal 8885/29528/38692 (executing program)
2023/01/26 03:44:50 poll: candidates=0 inputs=50 signal=2000
2023/01/26 03:44:50 deserializeInput: hasCrash false hasNet false
2023/01/26 03:44:50 prog length: 1
2023/01/26 03:44:50 deserializeInput: hasCrash false hasNet false
2023/01/26 03:44:50 prog length: 3
2023/01/26 03:44:50 deserializeInput: hasCrash false hasNet false
2023/01/26 03:44:50 prog length: 1
2023/01/26 03:44:50 deserializeInput: hasCrash true hasNet false
2023/01/26 03:44:50 prog length: 6
2023/01/26 03:44:50 prog length: 3
2023/01/26 03:44:50 deserializeInput: hasCrash true hasNet false
2023/01/26 03:44:50 prog length: 6
2023/01/26 03:44:50 prog length: 4
2023/01/26 03:44:50 deserializeInput: hasCrash false hasNet false
2023/01/26 03:44:50 prog length: 1
2023/01/26 03:44:50 deserializeInput: hasCrash false hasNet false
2023/01/26 03:44:50 prog length: 5
2023/01/26 03:44:50 deserializeInput: hasCrash false hasNet false
2023/01/26 03:44:50 prog length: 3
2023/01/26 03:44:50 deserializeInput: hasCrash false hasNet false
2023/01/26 03:44:50 prog length: 2
2023/01/26 03:44:50 deserializeInput: hasCrash true hasNet false
2023/01/26 03:44:50 prog length: 6
2023/01/26 03:44:50 prog length: 3
2023/01/26 03:44:50 deserializeInput: hasCrash false hasNet false
2023/01/26 03:44:50 prog length: 1
2023/01/26 03:44:50 deserializeInput: hasCrash false hasNet false
2023/01/26 03:44:50 prog length: 2
2023/01/26 03:44:50 deserializeInput: hasCrash false hasNet false
2023/01/26 03:44:50 prog length: 1
2023/01/26 03:44:50 deserializeInput: hasCrash false hasNet false
2023/01/26 03:44:50 prog length: 2
2023/01/26 03:44:50 deserializeInput: hasCrash false hasNet false
2023/01/26 03:44:50 prog length: 1
2023/01/26 03:44:50 deserializeInput: hasCrash false hasNet false
2023/01/26 03:44:50 prog length: 1
2023/01/26 03:44:50 deserializeInput: hasCrash false hasNet false
2023/01/26 03:44:50 prog length: 1
2023/01/26 03:44:50 deserializeInput: hasCrash false hasNet true
2023/01/26 03:44:50 prog length: 6
2023/01/26 03:44:50 prog length: 5
2023/01/26 03:44:50 deserializeInput: hasCrash false hasNet false
2023/01/26 03:44:50 prog length: 2
2023/01/26 03:44:50 deserializeInput: hasCrash false hasNet false
2023/01/26 03:44:50 prog length: 1
2023/01/26 03:44:50 deserializeInput: hasCrash false hasNet false
2023/01/26 03:44:50 prog length: 18
2023/01/26 03:44:50 deserializeInput: hasCrash false hasNet false
2023/01/26 03:44:50 prog length: 1
2023/01/26 03:44:50 deserializeInput: hasCrash false hasNet false
2023/01/26 03:44:50 prog length: 1
2023/01/26 03:44:50 deserializeInput: hasCrash false hasNet false
2023/01/26 03:44:50 prog length: 1
2023/01/26 03:44:50 deserializeInput: hasCrash true hasNet true
2023/01/26 03:44:50 prog length: 6
2023/01/26 03:44:50 prog length: 12
2023/01/26 03:44:50 prog length: 7
2023/01/26 03:44:50 deserializeInput: hasCrash false hasNet false
2023/01/26 03:44:50 prog length: 2
2023/01/26 03:44:50 deserializeInput: hasCrash false hasNet false
2023/01/26 03:44:50 prog length: 1
2023/01/26 03:44:50 deserializeInput: hasCrash false hasNet false
2023/01/26 03:44:50 prog length: 2
2023/01/26 03:44:50 deserializeInput: hasCrash false hasNet true
2023/01/26 03:44:50 prog length: 6
2023/01/26 03:44:50 prog length: 20
2023/01/26 03:44:50 deserializeInput: hasCrash false hasNet true
2023/01/26 03:44:50 prog length: 6
2023/01/26 03:44:50 prog length: 4
2023/01/26 03:44:50 deserializeInput: hasCrash false hasNet false
2023/01/26 03:44:50 prog length: 2
2023/01/26 03:44:50 deserializeInput: hasCrash false hasNet false
2023/01/26 03:44:50 prog length: 2
2023/01/26 03:44:50 deserializeInput: hasCrash false hasNet false
2023/01/26 03:44:50 prog length: 3
2023/01/26 03:44:50 deserializeInput: hasCrash false hasNet false
2023/01/26 03:44:50 prog length: 2
2023/01/26 03:44:50 deserializeInput: hasCrash false hasNet false
2023/01/26 03:44:50 prog length: 2
2023/01/26 03:44:50 deserializeInput: hasCrash false hasNet false
2023/01/26 03:44:50 prog length: 2
2023/01/26 03:44:50 deserializeInput: hasCrash false hasNet false
2023/01/26 03:44:50 prog length: 2
2023/01/26 03:44:50 deserializeInput: hasCrash false hasNet false
2023/01/26 03:44:50 prog length: 1
2023/01/26 03:44:50 deserializeInput: hasCrash false hasNet false
2023/01/26 03:44:50 prog length: 2
2023/01/26 03:44:50 deserializeInput: hasCrash false hasNet false
2023/01/26 03:44:50 prog length: 1
2023/01/26 03:44:50 deserializeInput: hasCrash false hasNet false
2023/01/26 03:44:50 prog length: 2
2023/01/26 03:44:50 deserializeInput: hasCrash false hasNet false
2023/01/26 03:44:50 prog length: 2
2023/01/26 03:44:50 deserializeInput: hasCrash false hasNet false
2023/01/26 03:44:50 prog length: 3
2023/01/26 03:44:50 deserializeInput: hasCrash false hasNet false
2023/01/26 03:44:50 prog length: 1
2023/01/26 03:44:50 deserializeInput: hasCrash false hasNet false
2023/01/26 03:44:50 prog length: 2
2023/01/26 03:44:50 deserializeInput: hasCrash false hasNet true
2023/01/26 03:44:50 prog length: 6
2023/01/26 03:44:50 prog length: 13
2023/01/26 03:44:50 deserializeInput: hasCrash false hasNet true
2023/01/26 03:44:50 prog length: 6
2023/01/26 03:44:50 prog length: 4
2023/01/26 03:44:50 deserializeInput: hasCrash false hasNet false
2023/01/26 03:44:50 prog length: 2
2023/01/26 03:44:50 deserializeInput: hasCrash false hasNet false
2023/01/26 03:44:50 prog length: 3
2023/01/26 03:44:50 deserializeInput: hasCrash false hasNet false
2023/01/26 03:44:50 prog length: 2
2023/01/26 03:44:50 fetching corpus: 300, signal 8904/30269/39696 (executing program)
2023/01/26 03:44:50 poll: candidates=0 inputs=50 signal=2000
2023/01/26 03:44:50 deserializeInput: hasCrash false hasNet false
2023/01/26 03:44:50 prog length: 2
2023/01/26 03:44:50 deserializeInput: hasCrash false hasNet false
2023/01/26 03:44:50 prog length: 3
2023/01/26 03:44:50 deserializeInput: hasCrash false hasNet false
2023/01/26 03:44:50 prog length: 3
2023/01/26 03:44:50 deserializeInput: hasCrash false hasNet false
2023/01/26 03:44:50 prog length: 3
2023/01/26 03:44:50 deserializeInput: hasCrash false hasNet false
2023/01/26 03:44:50 prog length: 2
2023/01/26 03:44:50 deserializeInput: hasCrash false hasNet false
2023/01/26 03:44:50 prog length: 2
2023/01/26 03:44:50 deserializeInput: hasCrash false hasNet false
2023/01/26 03:44:50 prog length: 2
2023/01/26 03:44:50 deserializeInput: hasCrash false hasNet false
2023/01/26 03:44:50 prog length: 2
2023/01/26 03:44:50 deserializeInput: hasCrash false hasNet false
2023/01/26 03:44:50 prog length: 1
2023/01/26 03:44:50 deserializeInput: hasCrash false hasNet false
2023/01/26 03:44:50 prog length: 3
2023/01/26 03:44:50 deserializeInput: hasCrash false hasNet true
2023/01/26 03:44:50 prog length: 6
2023/01/26 03:44:50 prog length: 4
2023/01/26 03:44:50 deserializeInput: hasCrash false hasNet false
2023/01/26 03:44:50 prog length: 1
2023/01/26 03:44:50 deserializeInput: hasCrash false hasNet false
2023/01/26 03:44:50 prog length: 2
2023/01/26 03:44:50 deserializeInput: hasCrash false hasNet true
2023/01/26 03:44:50 prog length: 6
2023/01/26 03:44:50 prog length: 20
2023/01/26 03:44:50 deserializeInput: hasCrash true hasNet true
2023/01/26 03:44:50 prog length: 6
2023/01/26 03:44:50 prog length: 6
2023/01/26 03:44:50 prog length: 7
2023/01/26 03:44:50 deserializeInput: hasCrash false hasNet false
2023/01/26 03:44:50 prog length: 6
2023/01/26 03:44:50 deserializeInput: hasCrash false hasNet false
2023/01/26 03:44:50 prog length: 2
2023/01/26 03:44:50 deserializeInput: hasCrash false hasNet false
2023/01/26 03:44:50 prog length: 2
2023/01/26 03:44:50 deserializeInput: hasCrash false hasNet false
2023/01/26 03:44:50 prog length: 3
2023/01/26 03:44:50 deserializeInput: hasCrash false hasNet true
2023/01/26 03:44:50 prog length: 6
2023/01/26 03:44:50 prog length: 5
2023/01/26 03:44:50 deserializeInput: hasCrash false hasNet false
2023/01/26 03:44:50 prog length: 4
2023/01/26 03:44:50 deserializeInput: hasCrash false hasNet false
2023/01/26 03:44:50 prog length: 3
2023/01/26 03:44:50 deserializeInput: hasCrash false hasNet false
2023/01/26 03:44:50 prog length: 3
2023/01/26 03:44:50 deserializeInput: hasCrash false hasNet false
2023/01/26 03:44:50 prog length: 1
2023/01/26 03:44:50 deserializeInput: hasCrash true hasNet false
2023/01/26 03:44:50 prog length: 6
2023/01/26 03:44:50 prog length: 3
2023/01/26 03:44:50 deserializeInput: hasCrash false hasNet false
2023/01/26 03:44:50 prog length: 2
2023/01/26 03:44:50 deserializeInput: hasCrash false hasNet false
2023/01/26 03:44:50 prog length: 2
2023/01/26 03:44:50 deserializeInput: hasCrash false hasNet false
2023/01/26 03:44:50 prog length: 1
2023/01/26 03:44:50 deserializeInput: hasCrash false hasNet false
2023/01/26 03:44:50 prog length: 2
2023/01/26 03:44:50 deserializeInput: hasCrash false hasNet false
2023/01/26 03:44:50 prog length: 1
2023/01/26 03:44:50 deserializeInput: hasCrash false hasNet false
2023/01/26 03:44:50 prog length: 1
2023/01/26 03:44:50 deserializeInput: hasCrash false hasNet false
2023/01/26 03:44:50 prog length: 1
2023/01/26 03:44:50 deserializeInput: hasCrash false hasNet false
2023/01/26 03:44:50 prog length: 4
2023/01/26 03:44:50 deserializeInput: hasCrash false hasNet false
2023/01/26 03:44:50 prog length: 2
2023/01/26 03:44:50 deserializeInput: hasCrash false hasNet false
2023/01/26 03:44:50 prog length: 3
2023/01/26 03:44:50 deserializeInput: hasCrash false hasNet false
2023/01/26 03:44:50 prog length: 2
2023/01/26 03:44:50 deserializeInput: hasCrash true hasNet false
2023/01/26 03:44:50 prog length: 6
2023/01/26 03:44:50 prog length: 3
2023/01/26 03:44:50 deserializeInput: hasCrash false hasNet false
2023/01/26 03:44:50 prog length: 5
2023/01/26 03:44:50 deserializeInput: hasCrash false hasNet false
2023/01/26 03:44:50 prog length: 2
2023/01/26 03:44:50 deserializeInput: hasCrash false hasNet false
2023/01/26 03:44:50 prog length: 11
2023/01/26 03:44:50 deserializeInput: hasCrash false hasNet false
2023/01/26 03:44:50 prog length: 2
2023/01/26 03:44:50 deserializeInput: hasCrash false hasNet true
2023/01/26 03:44:50 prog length: 6
2023/01/26 03:44:50 prog length: 18
2023/01/26 03:44:50 deserializeInput: hasCrash false hasNet false
2023/01/26 03:44:50 prog length: 9
2023/01/26 03:44:50 deserializeInput: hasCrash false hasNet true
2023/01/26 03:44:50 prog length: 6
2023/01/26 03:44:50 prog length: 4
2023/01/26 03:44:50 deserializeInput: hasCrash false hasNet false
2023/01/26 03:44:50 prog length: 1
2023/01/26 03:44:50 deserializeInput: hasCrash true hasNet false
2023/01/26 03:44:50 prog length: 6
2023/01/26 03:44:50 prog length: 3
2023/01/26 03:44:50 deserializeInput: hasCrash false hasNet false
2023/01/26 03:44:50 prog length: 2
2023/01/26 03:44:50 deserializeInput: hasCrash false hasNet false
2023/01/26 03:44:50 prog length: 3
2023/01/26 03:44:50 deserializeInput: hasCrash false hasNet false
2023/01/26 03:44:50 prog length: 1
2023/01/26 03:44:50 deserializeInput: hasCrash false hasNet false
2023/01/26 03:44:50 prog length: 2
2023/01/26 03:44:50 fetching corpus: 350, signal 9245/30977/40931 (executing program)
2023/01/26 03:44:50 poll: candidates=0 inputs=7 signal=2000
2023/01/26 03:44:50 deserializeInput: hasCrash false hasNet false
2023/01/26 03:44:50 prog length: 2
2023/01/26 03:44:50 deserializeInput: hasCrash true hasNet false
2023/01/26 03:44:50 prog length: 6
2023/01/26 03:44:50 prog length: 3
2023/01/26 03:44:50 deserializeInput: hasCrash false hasNet true
2023/01/26 03:44:50 prog length: 6
2023/01/26 03:44:50 prog length: 8
2023/01/26 03:44:50 deserializeInput: hasCrash false hasNet false
2023/01/26 03:44:50 prog length: 2
2023/01/26 03:44:50 deserializeInput: hasCrash false hasNet true
2023/01/26 03:44:50 prog length: 18
2023/01/26 03:44:50 prog length: 11
2023/01/26 03:44:50 deserializeInput: hasCrash false hasNet false
2023/01/26 03:44:50 prog length: 3
2023/01/26 03:44:50 deserializeInput: hasCrash false hasNet false
2023/01/26 03:44:50 prog length: 1
2023/01/26 03:44:50 fetching corpus: 357, signal 9250/31017/41321 (executing program)
2023/01/26 03:44:50 poll: candidates=0 inputs=0 signal=2000
2023/01/26 03:44:50 fetching corpus: 357, signal 9250/31017/41719 (executing program)
2023/01/26 03:44:50 poll: candidates=0 inputs=0 signal=2000
2023/01/26 03:44:50 fetching corpus: 357, signal 9250/31017/42116 (executing program)
2023/01/26 03:44:50 poll: candidates=0 inputs=0 signal=2000
2023/01/26 03:44:50 fetching corpus: 357, signal 9250/31017/42512 (executing program)
2023/01/26 03:44:50 poll: candidates=0 inputs=0 signal=2000
2023/01/26 03:44:50 fetching corpus: 357, signal 9250/31017/42925 (executing program)
2023/01/26 03:44:50 poll: candidates=0 inputs=0 signal=2000
2023/01/26 03:44:50 fetching corpus: 357, signal 9250/31017/43325 (executing program)
2023/01/26 03:44:50 poll: candidates=0 inputs=0 signal=2000
2023/01/26 03:44:50 fetching corpus: 357, signal 9250/31017/43704 (executing program)
2023/01/26 03:44:50 poll: candidates=0 inputs=0 signal=2000
2023/01/26 03:44:50 fetching corpus: 357, signal 9250/31017/44106 (executing program)
2023/01/26 03:44:50 poll: candidates=0 inputs=0 signal=71
2023/01/26 03:44:50 fetching corpus: 357, signal 9250/31017/44115 (executing program)
2023/01/26 03:44:50 poll: candidates=0 inputs=0 signal=0
2023/01/26 03:44:50 fetching corpus: 357, signal 9250/31017/44115 (executing program)
2023/01/26 03:44:50 sync: 3789, recv: 3787, send: 3788, up: 3790, down: 3784, net_up: 3786, net_down: 3785
2023/01/26 03:44:50 starting 1 fuzzer processes
2023/01/26 03:44:50 ----- generateCall 2808 removexattr removexattr
2023/01/26 03:44:50 ----- generateCall 3678 setxattr$user setxattr$user
2023/01/26 03:44:50 ----- generateCall 2459 open$dir open$dir
2023/01/26 03:44:50 ----- generateCall 121 chmod chmod
2023/01/26 03:44:50 ----- generateCall 2459 open$dir open$dir
2023/01/26 03:44:50 ----- generateCall 3965 truncate truncate
2023/01/26 03:44:50 ----- generateCall 3968 unlink unlink
2023/01/26 03:44:50 ----- generateCall 2373 mkdir mkdir
2023/01/26 03:44:50 ----- generateCall 3676 setxattr$trusted_overlay_redirect setxattr$trusted_overlay_redirect
2023/01/26 03:44:50 ----- generateCall 3677 setxattr$trusted_overlay_upper setxattr$trusted_overlay_upper
2023/01/26 03:44:50 ----- generateCall 3671 setxattr$smack_xattr_label setxattr$smack_xattr_label
2023/01/26 03:44:50 ----- generateCall 3677 setxattr$trusted_overlay_upper setxattr$trusted_overlay_upper
2023/01/26 03:44:50 ----- generateCall 3669 setxattr$security_selinux setxattr$security_selinux
2023/01/26 03:44:50 ----- generateCall 3678 setxattr$user setxattr$user
2023/01/26 03:44:50 ----- generateCall 3667 setxattr$security_evm setxattr$security_evm
2023/01/26 03:44:50 poll: candidates=0 inputs=0 signal=0
2023/01/26 03:44:50 ----- generateCall 2459 open$dir open$dir
2023/01/26 03:44:50 ----- generateCall 3667 setxattr$security_evm setxattr$security_evm
2023/01/26 03:44:50 ----- generateCall 3678 setxattr$user setxattr$user
2023/01/26 03:44:50 ----- generateCall 2459 open$dir open$dir
2023/01/26 03:44:50 ----- generateCall 2814 rmdir rmdir
2023/01/26 03:44:50 map[./file0:true ./file1:true ./file2:true]
2023/01/26 03:44:50 #0: generated
2023/01/26 03:44:50 HasCrashFail: false, .HasNetFail: false
2023/01/26 03:44:50 before return in CmpProgs, HasNetFail: false, HasCrashFail: false
symc3 prog: v0[] = "./file0";
v1[] = "@random={osx., }";
v2[] = "./file1";
v3[100];
v4[] = "osx.";
v5[] = "./file0";
v6[] = "./file1";
v7[] = "./file1";
v8[] = "./file0";
v9[] = "./file0";
v10[] = "./file1";
v11[] = "./file0";
v12[100];
v13[] = "./file0";
v14[] = "./file0";
v15[100];
v16[] = "{0x0, 0xfb, 0x15, 0x1, 0x19, "72fd7ceda4041229c77fe78572d1b9a5"}";
v17[] = "./file0";
v18[] = "security.SMACK64IPOUT";
v19[] = "{]}";
v20[] = "./file1";
v21[100];
v22[] = "{0x0, 0xfb, 0x96, 0x4, 0x1, "6e0f653f103cdf1dddee787ad0b2bb6c", "0153a7401218a7ef97515f75d8c3b4fff8c2f4c5b1d70184b53f23eef131c6fbadf10f26cefe448e9fb08153cbbccd793bb9cf8963a02cbb11d16ea1686633c78c4ead4a3dbd69fd3be8cbb0b60423ee8d2ada9310988667ab6dcfe5cec68388f3d8710f26b2454921820eef9ea5b7c12870e1ff68a48d165efee2024ac9b7c60d"}";
v23[] = "./file2";
v24[100];
v25[] = "system_u:object_r:hald_sonypic_exec_t:s0";
v26[] = "./file0";
v27[100];
v28[] = "trusted.overlay.redirect";
v29[] = "./file0";
v30[100];
v31[] = "@sha1={0x1, "844297476d9347242df010b6dad317c31bdce9e6"}";
v32[] = "./file1";
v33[] = "./file2";
v34[100];
v35[] = "@sha1={0x1, "3c3841434c2e028155c8fee8e350d60f8fc87dc6"}";
v36[] = "./file1";
v37[100];
v38[] = "user.test";
v39[] = "./file1";
v40[] = "./file1";

syscall(SYS_removexattr, v0, v1);
syscall(SYS_setxattr, v2, v3, v4, 4, 3);
syscall(SYS_open, v5, 336000, 32);
syscall(SYS_chmod, v6, 284);
syscall(SYS_open, v7, 2228224, 1);
syscall(SYS_truncate, v8, 0);
syscall(SYS_unlink, v9);
syscall(SYS_mkdir, v10, 288);
syscall(SYS_setxattr, v11, v12, v13, 8, 3);
syscall(SYS_setxattr, v14, v15, v16, 21, 3);
syscall(SYS_setxattr, v17, v18, v19, 2, 3);
syscall(SYS_setxattr, v20, v21, v22, 150, 3);
syscall(SYS_setxattr, v23, v24, v25, 41, 3);
syscall(SYS_setxattr, v26, v27, v28, 25, 1);
syscall(SYS_setxattr, v29, v30, v31, 21, 0);
syscall(SYS_open, v32, 32768, 256);
syscall(SYS_setxattr, v33, v34, v35, 21, 2);
syscall(SYS_setxattr, v36, v37, v38, 10, 2);
syscall(SYS_open, v39, 2099200, 12);
syscall(SYS_rmdir, v40);

2023/01/26 03:44:50 prog length: 20
2023/01/26 03:44:50 HasCrashFail:false HasNetFail:false
03:44:50 ---executing program 0:
---
---
---
removexattr(&(0x7f0000000000)='./file0\x00', &(0x7f0000000040)=@random={'osx.', '\x00'})
setxattr$user(&(0x7f0000000080)='./file1\x00', &(0x7f00000000c0), &(0x7f0000000100)='osx.', 0x4, 0x3)
open$dir(&(0x7f0000000140)='./file0\x00', 0x52080, 0x20)
chmod(&(0x7f0000000180)='./file1\x00', 0x11c)
open$dir(&(0x7f00000001c0)='./file1\x00', 0x220000, 0x1)
truncate(&(0x7f0000000200)='./file0\x00', 0x0)
unlink(&(0x7f0000000240)='./file0\x00')
mkdir(&(0x7f0000000280)='./file1\x00', 0x120)
setxattr$trusted_overlay_redirect(&(0x7f00000002c0)='./file0\x00', &(0x7f0000000300), &(0x7f0000000340)='./file0\x00', 0x8, 0x3)
setxattr$trusted_overlay_upper(&(0x7f0000000380)='./file0\x00', &(0x7f00000003c0), &(0x7f0000000400)={0x0, 0xfb, 0x15, 0x1, 0x19, "72fd7ceda4041229c77fe78572d1b9a5"}, 0x15, 0x3)
setxattr$smack_xattr_label(&(0x7f0000000440)='./file0\x00', &(0x7f0000000480)='security.SMACK64IPOUT\x00', &(0x7f00000004c0)={']'}, 0x2, 0x3)
setxattr$trusted_overlay_upper(&(0x7f0000000500)='./file1\x00', &(0x7f0000000540), &(0x7f0000000580)={0x0, 0xfb, 0x96, 0x4, 0x1, "6e0f653f103cdf1dddee787ad0b2bb6c", "0153a7401218a7ef97515f75d8c3b4fff8c2f4c5b1d70184b53f23eef131c6fbadf10f26cefe448e9fb08153cbbccd793bb9cf8963a02cbb11d16ea1686633c78c4ead4a3dbd69fd3be8cbb0b60423ee8d2ada9310988667ab6dcfe5cec68388f3d8710f26b2454921820eef9ea5b7c12870e1ff68a48d165efee2024ac9b7c60d"}, 0x96, 0x3)
setxattr$security_selinux(&(0x7f0000000640)='./file2\x00', &(0x7f0000000680), &(0x7f00000006c0)='system_u:object_r:hald_sonypic_exec_t:s0\x00', 0x29, 0x3)
setxattr$user(&(0x7f0000000700)='./file0\x00', &(0x7f0000000740), &(0x7f0000000780)='trusted.overlay.redirect\x00', 0x19, 0x1)
setxattr$security_evm(&(0x7f00000007c0)='./file0\x00', &(0x7f0000000800), &(0x7f0000000840)=@sha1={0x1, "844297476d9347242df010b6dad317c31bdce9e6"}, 0x15, 0x0)
open$dir(&(0x7f0000000880)='./file1\x00', 0x8000, 0x100)
setxattr$security_evm(&(0x7f00000008c0)='./file2\x00', &(0x7f0000000900), &(0x7f0000000940)=@sha1={0x1, "3c3841434c2e028155c8fee8e350d60f8fc87dc6"}, 0x15, 0x2)
setxattr$user(&(0x7f0000000980)='./file1\x00', &(0x7f00000009c0), &(0x7f0000000a00)='user.test\x00', 0xa, 0x2)
open$dir(&(0x7f0000000a40)='./file1\x00', 0x200800, 0xc)
rmdir(&(0x7f0000000a80)='./file1\x00')
---

end of program
2023/01/26 03:44:50 -----run executor: [/usr/bin/ssh -F /dev/null -o ConnectionAttempts=100 -o ConnectTimeout=120 -o UserKnownHostsFile=/dev/null -o BatchMode=yes -o IdentitiesOnly=yes -o StrictHostKeyChecking=no -o ConnectTimeout=100 -i /home/tlyu/dfs-fuzzing/disk-images/glusterfs-images/focal.id_rsa -v root@192.168.0.50 /root/syz-executor exec 0 0 glusterfs 3 4 192.168.0.50 0 "3 1 ''" false false false false false]
2023/01/26 03:44:50 -----run executor: [/usr/bin/ssh -F /dev/null -o ConnectionAttempts=100 -o ConnectTimeout=120 -o UserKnownHostsFile=/dev/null -o BatchMode=yes -o IdentitiesOnly=yes -o StrictHostKeyChecking=no -o ConnectTimeout=100 -i /home/tlyu/dfs-fuzzing/disk-images/glusterfs-images/focal.id_rsa -v root@192.168.0.51 /root/syz-executor exec 0 1 glusterfs 3 4 192.168.0.50 0 "3 1 ''" false false false false false]
2023/01/26 03:44:50 -----run executor: [/usr/bin/ssh -F /dev/null -o ConnectionAttempts=100 -o ConnectTimeout=120 -o UserKnownHostsFile=/dev/null -o BatchMode=yes -o IdentitiesOnly=yes -o StrictHostKeyChecking=no -o ConnectTimeout=100 -i /home/tlyu/dfs-fuzzing/disk-images/glusterfs-images/focal.id_rsa -v root@192.168.0.52 /root/syz-executor exec 0 2 glusterfs 3 4 192.168.0.50 0 "3 1 ''" false false false false false]
2023/01/26 03:44:50 -----run executor: [/usr/bin/ssh -F /dev/null -o ConnectionAttempts=100 -o ConnectTimeout=120 -o UserKnownHostsFile=/dev/null -o BatchMode=yes -o IdentitiesOnly=yes -o StrictHostKeyChecking=no -o ConnectTimeout=100 -i /home/tlyu/dfs-fuzzing/disk-images/glusterfs-images/focal.id_rsa -v root@192.168.0.53 /root/syz-executor exec 1 3 glusterfs 3 4 192.168.0.50 0 "3 1 ''" false false false false false]
OpenSSH_8.2p1 Ubuntu-4ubuntu0.5, OpenSSL 1.1.1f  31 Mar 2020
debug1: Reading configuration data /dev/null
debug1: Connecting to 192.168.0.50 [192.168.0.50] port 22.
OpenSSH_8.2p1 Ubuntu-4ubuntu0.5, OpenSSL 1.1.1f  31 Mar 2020
debug1: Reading configuration data /dev/null
OpenSSH_8.2p1 Ubuntu-4ubuntu0.5, OpenSSL 1.1.1f  31 Mar 2020
debug1: Reading configuration data /dev/null
debug1: fd 3 clearing O_NONBLOCK
debug1: Connection established.
OpenSSH_8.2p1 Ubuntu-4ubuntu0.5, OpenSSL 1.1.1f  31 Mar 2020
debug1: Reading configuration data /dev/null
debug1: identity file /home/tlyu/dfs-fuzzing/disk-images/glusterfs-images/focal.id_rsa type -1
debug1: identity file /home/tlyu/dfs-fuzzing/disk-images/glusterfs-images/focal.id_rsa-cert type -1
debug1: Local version string SSH-2.0-OpenSSH_8.2p1 Ubuntu-4ubuntu0.5
debug1: Connecting to 192.168.0.52 [192.168.0.52] port 22.
debug1: Connecting to 192.168.0.53 [192.168.0.53] port 22.
debug1: Connecting to 192.168.0.51 [192.168.0.51] port 22.
debug1: fd 3 clearing O_NONBLOCK
debug1: Connection established.
debug1: identity file /home/tlyu/dfs-fuzzing/disk-images/glusterfs-images/focal.id_rsa type -1
debug1: fd 3 clearing O_NONBLOCK
debug1: Connection established.
debug1: identity file /home/tlyu/dfs-fuzzing/disk-images/glusterfs-images/focal.id_rsa-cert type -1
debug1: Local version string SSH-2.0-OpenSSH_8.2p1 Ubuntu-4ubuntu0.5
debug1: identity file /home/tlyu/dfs-fuzzing/disk-images/glusterfs-images/focal.id_rsa type -1
debug1: identity file /home/tlyu/dfs-fuzzing/disk-images/glusterfs-images/focal.id_rsa-cert type -1
debug1: Local version string SSH-2.0-OpenSSH_8.2p1 Ubuntu-4ubuntu0.5
debug1: fd 3 clearing O_NONBLOCK
debug1: Connection established.
debug1: identity file /home/tlyu/dfs-fuzzing/disk-images/glusterfs-images/focal.id_rsa type -1
debug1: identity file /home/tlyu/dfs-fuzzing/disk-images/glusterfs-images/focal.id_rsa-cert type -1
debug1: Local version string SSH-2.0-OpenSSH_8.2p1 Ubuntu-4ubuntu0.5
debug1: Remote protocol version 2.0, remote software version OpenSSH_8.2p1 Ubuntu-4
debug1: match: OpenSSH_8.2p1 Ubuntu-4 pat OpenSSH* compat 0x04000000
debug1: Authenticating to 192.168.0.51:22 as 'root'
debug1: SSH2_MSG_KEXINIT sent
debug1: Remote protocol version 2.0, remote software version OpenSSH_8.2p1 Ubuntu-4
debug1: match: OpenSSH_8.2p1 Ubuntu-4 pat OpenSSH* compat 0x04000000
debug1: Authenticating to 192.168.0.53:22 as 'root'
debug1: SSH2_MSG_KEXINIT sent
debug1: Remote protocol version 2.0, remote software version OpenSSH_8.2p1 Ubuntu-4
debug1: match: OpenSSH_8.2p1 Ubuntu-4 pat OpenSSH* compat 0x04000000
debug1: Authenticating to 192.168.0.50:22 as 'root'
debug1: SSH2_MSG_KEXINIT sent
debug1: SSH2_MSG_KEXINIT received
debug1: kex: algorithm: curve25519-sha256
debug1: kex: host key algorithm: ecdsa-sha2-nistp256
debug1: kex: server->client cipher: chacha20-poly1305@openssh.com MAC: <implicit> compression: none
debug1: kex: client->server cipher: chacha20-poly1305@openssh.com MAC: <implicit> compression: none
debug1: Remote protocol version 2.0, remote software version OpenSSH_8.2p1 Ubuntu-4
debug1: match: OpenSSH_8.2p1 Ubuntu-4 pat OpenSSH* compat 0x04000000
debug1: Authenticating to 192.168.0.52:22 as 'root'
debug1: SSH2_MSG_KEXINIT sent
debug1: expecting SSH2_MSG_KEX_ECDH_REPLY
debug1: SSH2_MSG_KEXINIT received
debug1: kex: algorithm: curve25519-sha256
debug1: kex: host key algorithm: ecdsa-sha2-nistp256
debug1: kex: server->client cipher: chacha20-poly1305@openssh.com MAC: <implicit> compression: none
debug1: kex: client->server cipher: chacha20-poly1305@openssh.com MAC: <implicit> compression: none
debug1: SSH2_MSG_KEXINIT received
debug1: kex: algorithm: curve25519-sha256
debug1: kex: host key algorithm: ecdsa-sha2-nistp256
debug1: kex: server->client cipher: chacha20-poly1305@openssh.com MAC: <implicit> compression: none
debug1: kex: client->server cipher: chacha20-poly1305@openssh.com MAC: <implicit> compression: none
debug1: expecting SSH2_MSG_KEX_ECDH_REPLY
debug1: SSH2_MSG_KEXINIT received
debug1: kex: algorithm: curve25519-sha256
debug1: kex: host key algorithm: ecdsa-sha2-nistp256
debug1: kex: server->client cipher: chacha20-poly1305@openssh.com MAC: <implicit> compression: none
debug1: kex: client->server cipher: chacha20-poly1305@openssh.com MAC: <implicit> compression: none
debug1: expecting SSH2_MSG_KEX_ECDH_REPLY
debug1: Server host key: ecdsa-sha2-nistp256 SHA256:prHFi1G5XXPuzxIh2a5lJaY6ZWltf3+ajD/hEOIDid8
Warning: Permanently added '192.168.0.51' (ECDSA) to the list of known hosts.
debug1: expecting SSH2_MSG_KEX_ECDH_REPLY
debug1: Server host key: ecdsa-sha2-nistp256 SHA256:prHFi1G5XXPuzxIh2a5lJaY6ZWltf3+ajD/hEOIDid8
Warning: Permanently added '192.168.0.53' (ECDSA) to the list of known hosts.
debug1: rekey out after 134217728 blocks
debug1: SSH2_MSG_NEWKEYS sent
debug1: expecting SSH2_MSG_NEWKEYS
debug1: SSH2_MSG_NEWKEYS received
debug1: rekey in after 134217728 blocks
debug1: Will attempt key: /home/tlyu/dfs-fuzzing/disk-images/glusterfs-images/focal.id_rsa  explicit
debug1: SSH2_MSG_EXT_INFO received
debug1: kex_input_ext_info: server-sig-algs=<ssh-ed25519,sk-ssh-ed25519@openssh.com,ssh-rsa,rsa-sha2-256,rsa-sha2-512,ssh-dss,ecdsa-sha2-nistp256,ecdsa-sha2-nistp384,ecdsa-sha2-nistp521,sk-ecdsa-sha2-nistp256@openssh.com>
debug1: SSH2_MSG_SERVICE_ACCEPT received
debug1: Server host key: ecdsa-sha2-nistp256 SHA256:prHFi1G5XXPuzxIh2a5lJaY6ZWltf3+ajD/hEOIDid8
Warning: Permanently added '192.168.0.52' (ECDSA) to the list of known hosts.
debug1: rekey out after 134217728 blocks
debug1: SSH2_MSG_NEWKEYS sent
debug1: expecting SSH2_MSG_NEWKEYS
debug1: SSH2_MSG_NEWKEYS received
debug1: rekey in after 134217728 blocks
debug1: Will attempt key: /home/tlyu/dfs-fuzzing/disk-images/glusterfs-images/focal.id_rsa  explicit
debug1: SSH2_MSG_EXT_INFO received
debug1: kex_input_ext_info: server-sig-algs=<ssh-ed25519,sk-ssh-ed25519@openssh.com,ssh-rsa,rsa-sha2-256,rsa-sha2-512,ssh-dss,ecdsa-sha2-nistp256,ecdsa-sha2-nistp384,ecdsa-sha2-nistp521,sk-ecdsa-sha2-nistp256@openssh.com>
debug1: Server host key: ecdsa-sha2-nistp256 SHA256:prHFi1G5XXPuzxIh2a5lJaY6ZWltf3+ajD/hEOIDid8
Warning: Permanently added '192.168.0.50' (ECDSA) to the list of known hosts.
debug1: SSH2_MSG_SERVICE_ACCEPT received
debug1: rekey out after 134217728 blocks
debug1: SSH2_MSG_NEWKEYS sent
debug1: expecting SSH2_MSG_NEWKEYS
debug1: SSH2_MSG_NEWKEYS received
debug1: rekey in after 134217728 blocks
debug1: Will attempt key: /home/tlyu/dfs-fuzzing/disk-images/glusterfs-images/focal.id_rsa  explicit
debug1: SSH2_MSG_EXT_INFO received
debug1: kex_input_ext_info: server-sig-algs=<ssh-ed25519,sk-ssh-ed25519@openssh.com,ssh-rsa,rsa-sha2-256,rsa-sha2-512,ssh-dss,ecdsa-sha2-nistp256,ecdsa-sha2-nistp384,ecdsa-sha2-nistp521,sk-ecdsa-sha2-nistp256@openssh.com>
debug1: SSH2_MSG_SERVICE_ACCEPT received
debug1: rekey out after 134217728 blocks
debug1: SSH2_MSG_NEWKEYS sent
debug1: expecting SSH2_MSG_NEWKEYS
debug1: SSH2_MSG_NEWKEYS received
debug1: rekey in after 134217728 blocks
debug1: Will attempt key: /home/tlyu/dfs-fuzzing/disk-images/glusterfs-images/focal.id_rsa  explicit
debug1: SSH2_MSG_EXT_INFO received
debug1: kex_input_ext_info: server-sig-algs=<ssh-ed25519,sk-ssh-ed25519@openssh.com,ssh-rsa,rsa-sha2-256,rsa-sha2-512,ssh-dss,ecdsa-sha2-nistp256,ecdsa-sha2-nistp384,ecdsa-sha2-nistp521,sk-ecdsa-sha2-nistp256@openssh.com>
debug1: SSH2_MSG_SERVICE_ACCEPT received
debug1: Authentications that can continue: publickey,password
debug1: Next authentication method: publickey
debug1: Trying private key: /home/tlyu/dfs-fuzzing/disk-images/glusterfs-images/focal.id_rsa
debug1: Authentications that can continue: publickey,password
debug1: Next authentication method: publickey
debug1: Trying private key: /home/tlyu/dfs-fuzzing/disk-images/glusterfs-images/focal.id_rsa
debug1: Authentications that can continue: publickey,password
debug1: Next authentication method: publickey
debug1: Trying private key: /home/tlyu/dfs-fuzzing/disk-images/glusterfs-images/focal.id_rsa
debug1: Authentications that can continue: publickey,password
debug1: Next authentication method: publickey
debug1: Trying private key: /home/tlyu/dfs-fuzzing/disk-images/glusterfs-images/focal.id_rsa
debug1: Authentication succeeded (publickey).
Authenticated to 192.168.0.51 ([192.168.0.51]:22).
debug1: channel 0: new [client-session]
debug1: Requesting no-more-sessions@openssh.com
debug1: Entering interactive session.
debug1: pledge: network
debug1: Authentication succeeded (publickey).
Authenticated to 192.168.0.53 ([192.168.0.53]:22).
debug1: channel 0: new [client-session]
debug1: Requesting no-more-sessions@openssh.com
debug1: Entering interactive session.
debug1: pledge: network
debug1: Authentication succeeded (publickey).
Authenticated to 192.168.0.52 ([192.168.0.52]:22).
debug1: channel 0: new [client-session]
debug1: Requesting no-more-sessions@openssh.com
debug1: Entering interactive session.
debug1: pledge: network
debug1: Authentication succeeded (publickey).
Authenticated to 192.168.0.50 ([192.168.0.50]:22).
debug1: channel 0: new [client-session]
debug1: Requesting no-more-sessions@openssh.com
debug1: Entering interactive session.
debug1: pledge: network
debug1: client_input_global_request: rtype hostkeys-00@openssh.com want_reply 0
debug1: Remote: /root/.ssh/authorized_keys:1: key options: agent-forwarding port-forwarding pty user-rc x11-forwarding
debug1: client_input_global_request: rtype hostkeys-00@openssh.com want_reply 0
debug1: Remote: /root/.ssh/authorized_keys:1: key options: agent-forwarding port-forwarding pty user-rc x11-forwarding
debug1: client_input_global_request: rtype hostkeys-00@openssh.com want_reply 0
debug1: Remote: /root/.ssh/authorized_keys:1: key options: agent-forwarding port-forwarding pty user-rc x11-forwarding
debug1: client_input_global_request: rtype hostkeys-00@openssh.com want_reply 0
debug1: Remote: /root/.ssh/authorized_keys:1: key options: agent-forwarding port-forwarding pty user-rc x11-forwarding
debug1: Sending command: /root/syz-executor exec 0 1 glusterfs 3 4 192.168.0.50 0 "3 1 ''" false false false false false
debug1: Sending command: /root/syz-executor exec 0 2 glusterfs 3 4 192.168.0.50 0 "3 1 ''" false false false false false
debug1: Sending command: /root/syz-executor exec 1 3 glusterfs 3 4 192.168.0.50 0 "3 1 ''" false false false false false
syz_reboot() time executor starts at 1674701090:952516
----- is restarting 0
---- dfs_name glusterfs is_dfs_client 0
debug1: Sending command: /root/syz-executor exec 0 0 glusterfs 3 4 192.168.0.50 0 "3 1 ''" false false false false false
unlink FIFO failed: No such file or directory
syz_reboot() time executor starts at 1674701090:961849
----- is restarting 0
---- dfs_name glusterfs is_dfs_client 0
[    0.000000] kernel: Linux version 5.15.0+ (tlyu@IC-RS3-DPC07) (gcc (Ubuntu 9.4.0-1ubuntu1~20.04.1) 9.4.0, GNU ld (GNU Binutils for Ubuntu) 2.34) #8 SMP Fri Jun 3 16:18:40 CEST 2022
[    0.000000] kernel: Command line: root=/dev/sda console=ttyS0 net.ifnames=0 ip=192.168.0.51
[    0.000000] kernel: x86/fpu: Supporting XSAVE feature 0x001: 'x87 floating point registers'
[    0.000000] kernel: x86/fpu: Supporting XSAVE feature 0x002: 'SSE registers'
[    0.000000] kernel: x86/fpu: Supporting XSAVE feature 0x004: 'AVX registers'
[    0.000000] kernel: x86/fpu: Supporting XSAVE feature 0x008: 'MPX bounds registers'
[    0.000000] kernel: x86/fpu: Supporting XSAVE feature 0x010: 'MPX CSR'
[    0.000000] kernel: x86/fpu: Supporting XSAVE feature 0x020: 'AVX-512 opmask'
[    0.000000] kernel: x86/fpu: Supporting XSAVE feature 0x040: 'AVX-512 Hi256'
[    0.000000] kernel: x86/fpu: Supporting XSAVE feature 0x080: 'AVX-512 ZMM_Hi256'
[    0.000000] kernel: x86/fpu: Supporting XSAVE feature 0x200: 'Protection Keys User registers'
[    0.000000] kernel: x86/fpu: xstate_offset[2]:  576, xstate_sizes[2]:  256
[    0.000000] kernel: x86/fpu: xstate_offset[3]:  832, xstate_sizes[3]:   64
[    0.000000] kernel: x86/fpu: xstate_offset[4]:  896, xstate_sizes[4]:   64
[    0.000000] kernel: x86/fpu: xstate_offset[5]:  960, xstate_sizes[5]:   64
[    0.000000] kernel: x86/fpu: xstate_offset[6]: 1024, xstate_sizes[6]:  512
[    0.000000] kernel: x86/fpu: xstate_offset[7]: 1536, xstate_sizes[7]: 1024
[    0.000000] kernel: x86/fpu: xstate_offset[9]: 2560, xstate_sizes[9]:    8
[    0.000000] kernel: x86/fpu: Enabled xstate features 0x2ff, context size is 2568 bytes, using 'compacted' format.
[    0.000000] kernel: signal: max sigframe size: 3632
[    0.000000] kernel: BIOS-provided physical RAM map:
[    0.000000] kernel: BIOS-e820: [mem 0x0000000000000000-0x000000000009fbff] usable
[    0.000000] kernel: BIOS-e820: [mem 0x000000000009fc00-0x000000000009ffff] reserved
[    0.000000] ksyz_reboot() time executor starts at 1674701090:919482
----- is restarting 0
---- dfs_name glusterfs is_dfs_client 1
ernel: BIOS-e820: [mem 0x00000000000f0000-0x00000000000fffff] reserved
[    0.000000] kernel: BIOS-e820: [mem 0x0000000000100000-0x00000000bffdcfff] usable
[    0.000000] kernel: BIOS-e820: [mem 0x00000000bffdd000-0x00000000bfffffff] reserved
[    0.000000] kernel: BIOS-e820: [mem 0x00000000feffc000-0x00000000feffffff] reserved
[    0.000000] kernel: BIOS-e820: [mem 0x00000000fffc0000-0x00000000ffffffff] reserved
[    0.000000] kernel: BIOS-e820: [mem 0x0000000100000000-0x00000002bfffffff] usable
[    0.000000] kernel: NX (Execute Disable) protection: active
[    0.000000] kernel: SMBIOS 2.8 present.
[    0.000000] kernel: DMI: QEMU Standard PC (i440FX + PIIX, 1996), BIOS 1.13.0-1ubuntu1.1 04/01/2014
[    0.000000] kernel: Hypervisor detected: KVM
[    0.000000] kernel: kvm-clock: Using msrs 4b564d01 and 4b564d00
[    0.000000] kernel: kvm-clock: cpu 0, msr 94358001, primary cpu clock
[    0.000002] kernel: kvm-clock: using sched offset of 387736254 cycles
[    0.000011] kernel: clockunlink FIFO failed: No such file or directory
source: kvm-clock: mask: 0xffffffffffffffff max_cycles: 0x1cd42e4dffb, max_idle_ns: 881590591483 ns
[    0.000026] kernel: tsc: Detected 2496.000 MHz processor
[    0.005721] kernel: e820: update [mem 0x00000000-0x00000fff] usable ==> reserved
[    0.005747] kernel: e820: remove [mem 0x000a0000-0x000fffff] usable
[    0.005765] kernel: last_pfn = 0x2c0000 max_arch_pfn = 0x400000000
[    0.005829] kernel: x86/PAT: Configuration [0-7]: WB  WC  UC- UC  WB  WP  UC- WT  
[    0.005842] kernel: last_pfn = 0xbffdd max_arch_pfn = 0x400000000
[    0.013306] kernel: found SMP MP-table at [mem 0x000f5c70-0x000f5c7f]
[    0.013389] kernel: Using GB pages for direct mapping
[    0.014413] kernel: ACPI: Early table checksum verification disabled
[    0.014429] kernel: ACPI: RSDP 0x00000000000F5A40 000014 (v00 BOCHS )
[    0.014454] kernel: ACPI: RSDT 0x00000000BFFE15C9 000030 (v01 BOCHS  BXPCRSDT 00000001 BXPC 00000001)
[    0.014480] kernel: ACPI: FACP 0x00000000BFFE149D 000074 (v01 BOCHS  BXPCFAC[    0.000000] kernel: Linux version 5.15.0+ (tlyu@IC-RS3-DPC07) (gcc (Ubuntu 9.4.0-1ubuntu1~20.04.1) 9.4.0, GNU ld (GNU Binutils for Ubuntu) 2.34) #8 SMP Fri Jun 3 16:18:40 CEST 2022
[    0.000000] kernel: Command line: root=/dev/sda console=ttyS0 net.ifnames=0 ip=192.168.0.52
[    0.000000] kernel: x86/fpu: Supporting XSAVE feature 0x001: 'x87 floating point registers'
[    0.000000] kernel: x86/fpu: Supporting XSAVE feature 0x002: 'SSE registers'
[    0.000000] kernel: x86/fpu: Supporting XSAVE feature 0x004: 'AVX registers'
[    0.000000] kernel: x86/fpu: Supporting XSAVE feature 0x008: 'MPX bounds registers'
[    0.000000] kernel: x86/fpu: Supporting XSAVE feature 0x010: 'MPX CSR'
[    0.000000] kernel: x86/fpu: Supporting XSAVE feature 0x020: 'AVX-512 opmask'
[    0.000000] kernel: x86/fpu: Supporting XSAVE feature 0x040: 'AVX-512 Hi256'
[    0.000000] kernel: x86/fpu: Supporting XSAVE feature 0x080: 'AVX-512 ZMM_Hi256'
[    0.000000] kernel: x86/fpu: Supporting XSAVE feature 0xP 00000001 BXPC 00000001)
[    0.014508] kernel: ACPI: DSDT 0x00000000BFFE0040 00145D (v01 BOCHS  BXPCDSDT 00000001 BXPC 00000001)
[    0.014531] kernel: ACPI: FACS 0x00000000BFFE0000 000040
[    0.014548] kernel: ACPI: APIC 0x00000000BFFE1511 000080 (v01 BOCHS  BXPCAPIC 00000001 BXPC 00000001)
[    0.014570] kernel: ACPI: HPET 0x00000000BFFE1591 000038 (v01 BOCHS  BXPCHPET 00000001 BXPC 00000001)
[    0.014591] kernel: ACPI: Reserving FACP table memory at [mem 0xbffe149d-0xbffe1510]
[    0.014601] kernel: ACPI: Reserving DSDT table memory at [mem 0xbffe0040-0xbffe149c]
[    0.014611] kernel: ACPI: Reserving FACS table memory at [mem 0xbffe0000-0xbffe003f]
[    0.014620] kernel: ACPI: Reserving APIC table memory at [mem 0xbffe1511-0xbffe1590]
[    0.014630] kernel: ACPI: Reserving HPET table memory at [mem 0xbffe1591-0xbffe15c8]
[    0.015457] kernel: No NUMA configuration found
[    0.015465] kernel: Faking a node at [mem 0x0000000000000000-0x00000002bfffffff]
[    0.015482] kernel: 200: 'Protection Keys User registers'
[    0.000000] kernel: x86/fpu: xstate_offset[2]:  576, xstate_sizes[2]:  256
[    0.000000] kernel: x86/fpu: xstate_offset[3]:  832, xstate_sizes[3]:   64
[    0.000000] kernel: x86/fpu: xstate_offset[4]:  896, xstate_sizes[4]:   64
[    0.000000] kernel: x86/fpu: xstate_offset[5]:  960, xstate_sizes[5]:   64
[    0.000000] kernel: x86/fpu: xstate_offset[6]: 1024, xstate_sizes[6]:  512
[    0.000000] kernel: x86/fpu: xstate_offset[7]: 1536, xstate_sizes[7]: 1024
[    0.000000] kernel: x86/fpu: xstate_offset[9]: 2560, xstate_sizes[9]:    8
[    0.000000] kernel: x86/fpu: Enabled xstate features 0x2ff, context size is 2568 bytes, using 'compacted' format.
[    0.000000] kernel: signal: max sigframe size: 3632
[    0.000000] kernel: BIOS-provided physical RAM map:
[    0.000000] kernel: BIOS-e820: [mem 0x0000000000000000-0x000000000009fbff] usable
[    0.000000] kernel: BIOS-e820: [mem 0x000000000009fc00-0x000000000009ffff] reserved
[    0.000000] kbefore receiving handshake request
[    0.000000] kernel: Linux version 5.15.0+ (tlyu@IC-RS3-DPC07) (gcc (Ubuntu 9.4.0-1ubuntu1~20.04.1) 9.4.0, GNU ld (GNU Binutils for Ubuntu) 2.34) #8 SMP Fri Jun 3 16:18:40 CEST 2022
[    0.000000] kernel: Command line: root=/dev/sda console=ttyS0 net.ifnames=0 ip=192.168.0.53
[    0.000000] kernel: x86/fpu: Supporting XSAVE feature 0x001: 'x87 floating point registers'
[    0.000000] kernel: x86/fpu: Supporting XSAVE feature 0x002: 'SSE registers'
[    0.000000] kernel: x86/fpu: Supporting XSAVE feature 0x004: 'AVX registers'
[    0.000000] kernel: x86/fpu: Supporting XSAVE feature 0x008: 'MPX bounds registers'
[    0.000000] kernel: x86/fpu: Supporting XSAVE feature 0x010: 'MPX CSR'
[    0.000000] kernel: x86/fpu: Supporting XSAVE feature 0x020: 'AVX-512 opmask'
[    0.000000] kernel: x86/fpu: Supporting XSAVE feature 0x040: 'AVX-512 Hi256'
[    0.000000] kernel: x86/fpu: Supporting XSAVE feature 0x080: 'AVX-512 ZMM_Hi256'
[    0.000000] kernel: x86/fpu: Supporting XSAVE feature 0xNODE_DATA(0) allocated [mem 0x2bfffa000-0x2bfffdfff]
[    0.015561] kernel: Zone ranges:
[    0.015567] kernel:   DMA      [mem 0x0000000000001000-0x0000000000ffffff]
[    0.015579] kernel:   DMA32    [mem 0x0000000001000000-0x00000000ffffffff]
[    0.015590] kernel:   Normal   [mem 0x0000000100000000-0x00000002bfffffff]
[    0.015601] kernel: Movable zone start for each node
[    0.015606] kernel: Early memory node ranges
[    0.015611] kernel:   node   0: [mem 0x0000000000001000-0x000000000009efff]
[    0.015621] kernel:   node   0: [mem 0x0000000000100000-0x00000000bffdcfff]
[    0.015631] kernel:   node   0: [mem 0x0000000100000000-0x00000002bfffffff]
[    0.015643] kernel: Initmem setup node 0 [mem 0x0000000000001000-0x00000002bfffffff]
[    0.016106] kernel: On node 0, zone DMA: 1 pages in unavailable ranges
[    0.016177] kernel: On node 0, zone DMA: 97 pages in unavailable ranges
[    0.090538] kernel: On node 0, zone Normal: 35 pages in unavailable ranges
[    0.459980] kerneernel: BIOS-e820: [mem 0x00000000000f0000-0x00000000000fffff] reserved
[    0.000000] kernel: BIOS-e820: [mem 0x0000000000100000-0x00000000bffdcfff] usable
[    0.000000] kernel: BIOS-e820: [mem 0x00000000bffdd000-0x00000000bfffffff] reserved
[    0.000000] kernel: BIOS-e820: [mem 0x00000000feffc000-0x00000000feffffff] reserved
[    0.000000] kernel: BIOS-e820: [mem 0x00000000fffc0000-0x00000000ffffffff] reserved
[    0.000000] kernel: BIOS-e820: [mem 0x0000000100000000-0x00000002bfffffff] usable
[    0.000000] kernel: NX (Execute Disable) protection: active
[    0.000000] kernel: SMBIOS 2.8 present.
[    0.000000] kernel: DMI: QEMU Standard PC (i440FX + PIIX, 1996), BIOS 1.13.0-1ubuntu1.1 04/01/2014
[    0.000000] kernel: Hypervisor detected: KVM
[    0.000000] kernel: kvm-clock: Using msrs 4b564d01 and 4b564d00
[    0.000000] kernel: kvm-clock: cpu 0, msr 1cf758001, primary cpu clock
[    0.000002] kernel: kvm-clock: using sched offset of 376838793 cycles
[    0.000012] kernel: cloc200: 'Protection Keys User registers'
[    0.000000] kernel: x86/fpu: xstate_offset[2]:  576, xstate_sizes[2]:  256
[    0.000000] kernel: x86/fpu: xstate_offset[3]:  832, xstate_sizes[3]:   64
[    0.000000] kernel: x86/fpu: xstate_offset[4]:  896, xstate_sizes[4]:   64
[    0.000000] kernel: x86/fpu: xstate_offset[5]:  960, xstate_sizes[5]:   64
[    0.000000] kernel: x86/fpu: xstate_offset[6]: 1024, xstate_sizes[6]:  512
[    0.000000] kernel: x86/fpu: xstate_offset[7]: 1536, xstate_sizes[7]: 1024
[    0.000000] kernel: x86/fpu: xstate_offset[9]: 2560, xstate_sizes[9]:    8
[    0.000000] kernel: x86/fpu: Enabled xstate features 0x2ff, context size is 2568 bytes, using 'compacted' format.
[    0.000000] kernel: signal: max sigframe size: 3632
[    0.000000] kernel: BIOS-provided physical RAM map:
[    0.000000] kernel: BIOS-e820: [mem 0x0000000000000000-0x000000000009fbff] usable
[    0.000000] kernel: BIOS-e820: [mem 0x000000000009fc00-0x000000000009ffff] reserved
[    0.000000] kl: kasan: KernelAddressSanitizer initialized
[    0.460331] kernel: ACPI: PM-Timer IO Port: 0x608
[    0.460356] kernel: ACPI: LAPIC_NMI (acpi_id[0xff] dfl dfl lint[0x1])
[    0.460395] kernel: IOAPIC[0]: apic_id 0, version 17, address 0xfec00000, GSI 0-23
[    0.460411] kernel: ACPI: INT_SRC_OVR (bus 0 bus_irq 0 global_irq 2 dfl dfl)
[    0.460423] kernel: ACPI: INT_SRC_OVR (bus 0 bus_irq 5 global_irq 5 high level)
[    0.460434] kernel: ACPI: INT_SRC_OVR (bus 0 bus_irq 9 global_irq 9 high level)
[    0.460446] kernel: ACPI: INT_SRC_OVR (bus 0 bus_irq 10 global_irq 10 high level)
[    0.460457] kernel: ACPI: INT_SRC_OVR (bus 0 bus_irq 11 global_irq 11 high level)
[    0.460477] kernel: ACPI: Using ACPI (MADT) for SMP configuration information
[    0.460484] kernel: ACPI: HPET id: 0x8086a201 base: 0xfed00000
[    0.460497] kernel: TSC deadline timer available
[    0.460503] kernel: smpboot: Allowing 2 CPUs, 0 hotplug CPUs
[    0.460537] kernel: kvm-guest: KVM setup pv remote TLB flushksource: kvm-clock: mask: 0xffffffffffffffff max_cycles: 0x1cd42e4dffb, max_idle_ns: 881590591483 ns
[    0.000028] kernel: tsc: Detected 2496.000 MHz processor
[    0.005851] kernel: e820: update [mem 0x00000000-0x00000fff] usable ==> reserved
[    0.005876] kernel: e820: remove [mem 0x000a0000-0x000fffff] usable
[    0.005894] kernel: last_pfn = 0x2c0000 max_arch_pfn = 0x400000000
[    0.005957] kernel: x86/PAT: Configuration [0-7]: WB  WC  UC- UC  WB  WP  UC- WT  
[    0.005970] kernel: last_pfn = 0xbffdd max_arch_pfn = 0x400000000
[    0.013375] kernel: found SMP MP-table at [mem 0x000f5c70-0x000f5c7f]
[    0.013442] kernel: Using GB pages for direct mapping
[    0.014066] kernel: ACPI: Early table checksum verification disabled
[    0.014076] kernel: ACPI: RSDP 0x00000000000F5A40 000014 (v00 BOCHS )
[    0.014104] kernel: ACPI: RSDT 0x00000000BFFE15C9 000030 (v01 BOCHS  BXPCRSDT 00000001 BXPC 00000001)
[    0.014129] kernel: ACPI: FACP 0x00000000BFFE149D 000074 (v01 BOCHS  BXPCFAexecutor 1 finishes userspace_cover_open
before receiving handshake request
ernel: BIOS-e820: [mem 0x00000000000f0000-0x00000000000fffff] reserved
[    0.000000] kernel: BIOS-e820: [mem 0x0000000000100000-0x00000000bffdffff] usable
[    0.000000] kernel: BIOS-e820: [mem 0x00000000bffe0000-0x00000000bfffffff] reserved
[    0.000000] kernel: BIOS-e820: [mem 0x00000000feffc000-0x00000000feffffff] reserved
[    0.000000] kernel: BIOS-e820: [mem 0x00000000fffc0000-0x00000000ffffffff] reserved
[    0.000000] kernel: BIOS-e820: [mem 0x0000000100000000-0x00000002bfffffff] usable
[    0.000000] kernel: NX (Execute Disable) protection: active
[    0.000000] kernel: SMBIOS 2.8 present.
[    0.000000] kernel: DMI: QEMU Standard PC (i440FX + PIIX, 1996), BIOS 1.13.0-1ubuntu1.1 04/01/2014
[    0.000000] kernel: Hypervisor detected: KVM
[    0.000000] kernel: kvm-clock: Using msrs 4b564d01 and 4b564d00
[    0.000000] kernel: kvm-clock: cpu 0, msr 45158001, primary cpu clock
[    0.000002] kernel: kvm-clock: using sched offset of 390573285 cycles
[    0.000012] kernel: clockreq.flags ea3
----- executor 1 do_sandbox_none at begining
----- executor 1 do_sandbox_none before fork()

[    0.460546] kernel: kvm-guest: setup PV sched yield
[    0.460582] kernel: PM: hibernation: Registered nosave memory: [mem 0x00000000-0x00000fff]
[    0.460595] kernel: PM: hibernation: Registered nosave memory: [mem 0x0009f000-0x0009ffff]
[    0.460604] kernel: PM: hibernation: Registered nosave memory: [mem 0x000a0000-0x000effff]
[    0.460612] kernel: PM: hibernation: Registered nosave memory: [mem 0x000f0000-0x000fffff]
[    0.460625] kernel: PM: hibernation: Registered nosave memory: [mem 0xbffdd000-0xbfffffff]
[    0.460633] kernel: PM: hibernation: Registered nosave memory: [mem 0xc0000000-0xfeffbfff]
[    0.460641] kernel: PM: hibernation: Registered nosave memory: [mem 0xfeffc000-0xfeffffff]
[    0.460650] kernel: PM: hibernation: Registered nosave memory: [mem 0xff000000-0xfffbffff]
[    0.460658] kernel: PM: hibernation: Registered nosave memory: [mem 0xfffc0000-0xffffffff]
[    0.460669] kernel: [mem 0xc0000000-0xfeffbfff] available for PCI devices
[    0.460677] kerneCP 00000001 BXPC 00000001)
[    0.014156] kernel: ACPI: DSDT 0x00000000BFFE0040 00145D (v01 BOCHS  BXPCDSDT 00000001 BXPC 00000001)
[    0.014178] kernel: ACPI: FACS 0x00000000BFFE0000 000040
[    0.014195] kernel: ACPI: APIC 0x00000000BFFE1511 000080 (v01 BOCHS  BXPCAPIC 00000001 BXPC 00000001)
[    0.014217] kernel: ACPI: HPET 0x00000000BFFE1591 000038 (v01 BOCHS  BXPCHPET 00000001 BXPC 00000001)
[    0.014237] kernel: ACPI: Reserving FACP table memory at [mem 0xbffe149d-0xbffe1510]
[    0.014247] kernel: ACPI: Reserving DSDT table memory at [mem 0xbffe0040-0xbffe149c]
[    0.014256] kernel: ACPI: Reserving FACS table memory at [mem 0xbffe0000-0xbffe003f]
[    0.014265] kernel: ACPI: Reserving APIC table memory at [mem 0xbffe1511-0xbffe1590]
[    0.014274] kernel: ACPI: Reserving HPET table memory at [mem 0xbffe1591-0xbffe15c8]
[    0.015118] kernel: No NUMA configuration found
[    0.015128] kernel: Faking a node at [mem 0x0000000000000000-0x00000002bfffffff]
[    0.015145] kernel:spawned loop pid 342
source: kvm-clock: mask: 0xffffffffffffffff max_cycles: 0x1cd42e4dffb, max_idle_ns: 881590591483 ns
[    0.000028] kernel: tsc: Detected 2496.000 MHz processor
[    0.006016] kernel: e820: update [mem 0x00000000-0x00000fff] usable ==> reserved
[    0.006036] kernel: e820: remove [mem 0x000a0000-0x000fffff] usable
[    0.006053] kernel: last_pfn = 0x2c0000 max_arch_pfn = 0x400000000
[    0.006115] kernel: x86/PAT: Configuration [0-7]: WB  WC  UC- UC  WB  WP  UC- WT  
[    0.006128] kernel: last_pfn = 0xbffe0 max_arch_pfn = 0x400000000
[    0.013786] kernel: found SMP MP-table at [mem 0x000f5c80-0x000f5c8f]
[    0.013840] kernel: Using GB pages for direct mapping
[    0.014767] kernel: ACPI: Early table checksum verification disabled
[    0.014780] kernel: ACPI: RSDP 0x00000000000F5A50 000014 (v00 BOCHS )
[    0.014803] kernel: ACPI: RSDT 0x00000000BFFE15C9 000030 (v01 BOCHS  BXPCRSDT 00000001 BXPC 00000001)
[    0.014829] kernel: ACPI: FACP 0x00000000BFFE149D 000074 (v01 BOCHS  BXPCFACl: Booting paravirtualized kernel on KVM
[    0.460685] kernel: clocksource: refined-jiffies: mask: 0xffffffff max_cycles: 0xffffffff, max_idle_ns: 1910969940391419 ns
[    0.475153] kernel: setup_percpu: NR_CPUS:64 nr_cpumask_bits:64 nr_cpu_ids:2 nr_node_ids:1
[    0.475816] kernel: percpu: Embedded 56 pages/cpu s191576 r8192 d29608 u1048576
[    0.475857] kernel: pcpu-alloc: s191576 r8192 d29608 u1048576 alloc=1*2097152
[    0.475873] kernel: pcpu-alloc: [0] 0 1 
[    0.475972] kernel: kvm-guest: setup async PF for cpu 0
[    0.475984] kernel: kvm-guest: stealtime: cpu 0, msr 26521f140
[    0.475999] kernel: Built 1 zonelists, mobility grouping on.  Total pages: 2580189
[    0.476009] kernel: Policy zone: Normal
[    0.476016] kernel: Kernel command line: root=/dev/sda console=ttyS0 net.ifnames=0 ip=192.168.0.51
[    0.480688] kernel: Dentry cache hash table entries: 2097152 (order: 12, 16777216 bytes, linear)
[    0.483023] kernel: Inode-cache hash table entries: 1048576 (order: 11P 00000001 BXPC 00000001)
[    0.014856] kernel: ACPI: DSDT 0x00000000BFFE0040 00145D (v01 BOCHS  BXPCDSDT 00000001 BXPC 00000001)
[    0.014879] kernel: ACPI: FACS 0x00000000BFFE0000 000040
[    0.014896] kernel: ACPI: APIC 0x00000000BFFE1511 000080 (v01 BOCHS  BXPCAPIC 00000001 BXPC 00000001)
[    0.014918] kernel: ACPI: HPET 0x00000000BFFE1591 000038 (v01 BOCHS  BXPCHPET 00000001 BXPC 00000001)
[    0.014938] kernel: ACPI: Reserving FACP table memory at [mem 0xbffe149d-0xbffe1510]
[    0.014949] kernel: ACPI: Reserving DSDT table memory at [mem 0xbffe0040-0xbffe149c]
[    0.014958] kernel: ACPI: Reserving FACS table memory at [mem 0xbffe0000-0xbffe003f]
[    0.014968] kernel: ACPI: Reserving APIC table memory at [mem 0xbffe1511-0xbffe1590]
[    0.014977] kernel: ACPI: Reserving HPET table memory at [mem 0xbffe1591-0xbffe15c8]
[    0.015824] kernel: No NUMA configuration found
[    0.015833] kernel: Faking a node at [mem 0x0000000000000000-0x00000002bfffffff]
[    0.015850] kernel:  NODE_DATA(0) allocated [mem 0x2bfffc000-0x2bfffffff]
[    0.015542] kernel: Zone ranges:
[    0.015551] kernel:   DMA      [mem 0x0000000000001000-0x0000000000ffffff]
[    0.015564] kernel:   DMA32    [mem 0x0000000001000000-0x00000000ffffffff]
[    0.015575] kernel:   Normal   [mem 0x0000000100000000-0x00000002bfffffff]
[    0.015586] kernel: Movable zone start for each node
[    0.015591] kernel: Early memory node ranges
[    0.015596] kernel:   node   0: [mem 0x0000000000001000-0x000000000009efff]
[    0.015605] kernel:   node   0: [mem 0x0000000000100000-0x00000000bffdcfff]
[    0.015616] kernel:   node   0: [mem 0x0000000100000000-0x00000002bfffffff]
[    0.015628] kernel: Initmem setup node 0 [mem 0x0000000000001000-0x00000002bfffffff]
[    0.015920] kernel: On node 0, zone DMA: 1 pages in unavailable ranges
[    0.015989] kernel: On node 0, zone DMA: 97 pages in unavailable ranges
[    0.089172] kernel: On node 0, zone Normal: 35 pages in unavailable ranges
[    0.466419] kernsyz_reboot() time executor starts at 1674701090:972802
----- is restarting 0
---- dfs_name glusterfs is_dfs_client 0
, 8388608 bytes, linear)
[    0.483168] kernel: mem auto-init: stack:off, heap alloc:off, heap free:off
[    0.710730] kernel: Memory: 8818304K/10485228K available (47117K kernel code, 10298K rwdata, 7204K rodata, 2068K init, 2860K bss, 1666668K reserved, 0K cma-reserved)
[    0.710956] kernel: SLUB: HWalign=64, Order=0-3, MinObjects=0, CPUs=2, Nodes=1
[    0.711439] kernel: rcu: Hierarchical RCU implementation.
[    0.711448] kernel: rcu:         RCU event tracing is enabled.
[    0.711453] kernel: rcu:         RCU restricting CPUs from NR_CPUS=64 to nr_cpu_ids=2.
[    0.711464] kernel: rcu: RCU calculated value of scheduler-enlistment delay is 100 jiffies.
[    0.711471] kernel: rcu: Adjusting geometry for rcu_fanout_leaf=16, nr_cpu_ids=2
[    0.719749] kernel: NR_IRQS: 4352, nr_irqs: 440, preallocated irqs: 16
[    0.720136] kernel: random: get_random_bytes called from start_kernel+0x22b/0x456 with crng_init=0
[    0.724299] kernel: Console: colour VGA+ 80x25
[    0.792066] kernel:NODE_DATA(0) allocated [mem 0x2bfffa000-0x2bfffdfff]
[    0.015928] kernel: Zone ranges:
[    0.015933] kernel:   DMA      [mem 0x0000000000001000-0x0000000000ffffff]
[    0.015945] kernel:   DMA32    [mem 0x0000000001000000-0x00000000ffffffff]
[    0.015956] kernel:   Normal   [mem 0x0000000100000000-0x00000002bfffffff]
[    0.015967] kernel: Movable zone start for each node
[    0.015972] kernel: Early memory node ranges
[    0.015977] kernel:   node   0: [mem 0x0000000000001000-0x000000000009efff]
[    0.015986] kernel:   node   0: [mem 0x0000000000100000-0x00000000bffdffff]
[    0.015996] kernel:   node   0: [mem 0x0000000100000000-0x00000002bfffffff]
[    0.016008] kernel: Initmem setup node 0 [mem 0x0000000000001000-0x00000002bfffffff]
[    0.017789] kernel: On node 0, zone DMA: 1 pages in unavailable ranges
[    0.017861] kernel: On node 0, zone DMA: 97 pages in unavailable ranges
[    0.077631] kernel: On node 0, zone Normal: 32 pages in unavailable ranges
[    0.301803] kerneexecutor 2 finishes userspace_cover_open
before receiving handshake request
el: kasan: KernelAddressSanitizer initialized
[    0.466761] kernel: ACPI: PM-Timer IO Port: 0x608
[    0.466784] kernel: ACPI: LAPIC_NMI (acpi_id[0xff] dfl dfl lint[0x1])
[    0.466830] kernel: IOAPIC[0]: apic_id 0, version 17, address 0xfec00000, GSI 0-23
[    0.466846] kernel: ACPI: INT_SRC_OVR (bus 0 bus_irq 0 global_irq 2 dfl dfl)
[    0.466858] kernel: ACPI: INT_SRC_OVR (bus 0 bus_irq 5 global_irq 5 high level)
[    0.466869] kernel: ACPI: INT_SRC_OVR (bus 0 bus_irq 9 global_irq 9 high level)
[    0.466880] kernel: ACPI: INT_SRC_OVR (bus 0 bus_irq 10 global_irq 10 high level)
[    0.466891] kernel: ACPI: INT_SRC_OVR (bus 0 bus_irq 11 global_irq 11 high level)
[    0.466911] kernel: ACPI: Using ACPI (MADT) for SMP configuration information
[    0.466918] kernel: ACPI: HPET id: 0x8086a201 base: 0xfed00000
[    0.466932] kernel: TSC deadline timer available
[    0.466938] kernel: smpboot: Allowing 2 CPUs, 0 hotplug CPUs
[    0.466970] kernel: kvm-guest: KVM setup pv remote TLB flus printk: console [ttyS0] enabled
[    0.792556] kernel: ACPI: Core revision 20210730
[    0.793191] kernel: clocksource: hpet: mask: 0xffffffff max_cycles: 0xffffffff, max_idle_ns: 19112604467 ns
[    0.794123] kernel: APIC: Switch to symmetric I/O mode setup
[    0.794622] kernel: kvm-guest: setup PV IPIs
[    0.795911] kernel: ..TIMER: vector=0x30 apic1=0 pin1=2 apic2=-1 pin2=-1
[    0.796496] kernel: clocksource: tsc-early: mask: 0xffffffffffffffff max_cycles: 0x23fa772cf26, max_idle_ns: 440795269835 ns
[    0.797497] kernel: Calibrating delay loop (skipped) preset value.. 4992.00 BogoMIPS (lpj=2496000)
[    0.798490] kernel: pid_max: default: 32768 minimum: 301
[    0.798950] kernel: LSM: Security Framework initializing
[    0.799535] kernel: SELinux:  Initializing.
[    0.799985] kernel: Mount-cache hash table entries: 32768 (order: 6, 262144 bytes, linear)
[    0.800781] kernel: Mountpoint-cache hash table entries: 32768 (order: 6, 262144 bytes, linear)
[    0.802509] kernel: x8req.flags ea3
----- executor 2 do_sandbox_none at begining
----- executor 2 do_sandbox_none before fork()
l: kasan: KernelAddressSanitizer initialized
[    0.302138] kernel: ACPI: PM-Timer IO Port: 0x608
[    0.302160] kernel: ACPI: LAPIC_NMI (acpi_id[0xff] dfl dfl lint[0x1])
[    0.302207] kernel: IOAPIC[0]: apic_id 0, version 17, address 0xfec00000, GSI 0-23
[    0.302223] kernel: ACPI: INT_SRC_OVR (bus 0 bus_irq 0 global_irq 2 dfl dfl)
[    0.302235] kernel: ACPI: INT_SRC_OVR (bus 0 bus_irq 5 global_irq 5 high level)
[    0.302246] kernel: ACPI: INT_SRC_OVR (bus 0 bus_irq 9 global_irq 9 high level)
[    0.302258] kernel: ACPI: INT_SRC_OVR (bus 0 bus_irq 10 global_irq 10 high level)
[    0.302269] kernel: ACPI: INT_SRC_OVR (bus 0 bus_irq 11 global_irq 11 high level)
[    0.302289] kernel: ACPI: Using ACPI (MADT) for SMP configuration information
[    0.302296] kernel: ACPI: HPET id: 0x8086a201 base: 0xfed00000
[    0.302309] kernel: TSC deadline timer available
[    0.302315] kernel: smpboot: Allowing 2 CPUs, 0 hotplug CPUs
[    0.302347] kernel: kvm-guest: KVM setup pv remote TLB flush6/cpu: User Mode Instruction Prevention (UMIP) activated
[    0.803141] kernel: Last level iTLB entries: 4KB 0, 2MB 0, 4MB 0
[    0.803490] kernel: Last level dTLB entries: 4KB 0, 2MB 0, 4MB 0, 1GB 0
[    0.804003] kernel: Spectre V1 : Mitigation: usercopy/swapgs barriers and __user pointer sanitization
[    0.804496] kernel: Spectre V2 : Mitigation: Enhanced IBRS
[    0.804864] kernel: Spectre V2 : Spectre v2 / SpectreRSB mitigation: Filling RSB on context switch
[    0.805494] kernel: Spectre V2 : mitigation: Enabling conditional Indirect Branch Prediction Barrier
[    0.806144] kernel: Speculative Store Bypass: Mitigation: Speculative Store Bypass disabled via prctl and seccomp
[    0.829721] kernel: Freeing SMP alternatives memory: 40K
[    0.830266] kernel: smpboot: CPU0: 11th Gen Intel(R) Core(TM) i7-11700 @ 2.50GHz (family: 0x6, model: 0xa7, stepping: 0x1)
[    0.830495] kernel: Performance Events: Icelake events, 32-deep LBR, full-width counters, Intel PMU driver.
[    0.83131spawned loop pid 342
h
[    0.466979] kernel: kvm-guest: setup PV sched yield
[    0.467013] kernel: PM: hibernation: Registered nosave memory: [mem 0x00000000-0x00000fff]
[    0.467026] kernel: PM: hibernation: Registered nosave memory: [mem 0x0009f000-0x0009ffff]
[    0.467034] kernel: PM: hibernation: Registered nosave memory: [mem 0x000a0000-0x000effff]
[    0.467043] kernel: PM: hibernation: Registered nosave memory: [mem 0x000f0000-0x000fffff]
[    0.467055] kernel: PM: hibernation: Registered nosave memory: [mem 0xbffdd000-0xbfffffff]
[    0.467063] kernel: PM: hibernation: Registered nosave memory: [mem 0xc0000000-0xfeffbfff]
[    0.467072] kernel: PM: hibernation: Registered nosave memory: [mem 0xfeffc000-0xfeffffff]
[    0.467080] kernel: PM: hibernation: Registered nosave memory: [mem 0xff000000-0xfffbffff]
[    0.467088] kernel: PM: hibernation: Registered nosave memory: [mem 0xfffc0000-0xffffffff]
[    0.467099] kernel: [mem 0xc0000000-0xfeffbfff] available for PCI devices
[    0.467108] kernmount of binder at /dev/binderfs failed: 19
mkdir(/syzcgroup/unified/syz0) failed: 2
mkdir(/syzcgroup/cpu/syz0) failed: 2
mkdir(/syzcgroup/net/syz0) failed: 2
executor 1 handshake send reply badf00d 10

[    0.302356] kernel: kvm-guest: setup PV sched yield
[    0.302392] kernel: PM: hibernation: Registered nosave memory: [mem 0x00000000-0x00000fff]
[    0.302405] kernel: PM: hibernation: Registered nosave memory: [mem 0x0009f000-0x0009ffff]
[    0.302414] kernel: PM: hibernation: Registered nosave memory: [mem 0x000a0000-0x000effff]
[    0.302422] kernel: PM: hibernation: Registered nosave memory: [mem 0x000f0000-0x000fffff]
[    0.302435] kernel: PM: hibernation: Registered nosave memory: [mem 0xbffe0000-0xbfffffff]
[    0.302443] kernel: PM: hibernation: Registered nosave memory: [mem 0xc0000000-0xfeffbfff]
[    0.302451] kernel: PM: hibernation: Registered nosave memory: [mem 0xfeffc000-0xfeffffff]
[    0.302460] kernel: PM: hibernation: Registered nosave memory: [mem 0xff000000-0xfffbffff]
[    0.302468] kernel: PM: hibernation: Registered nosave memory: [mem 0xfffc0000-0xffffffff]
[    0.302479] kernel: [mem 0xc0000000-0xfeffbfff] available for PCI devices
[    0.302487] kerne9] kernel: ... version:                2
[    0.831492] kernel: ... bit width:              48
[    0.831906] kernel: ... generic registers:      8
[    0.832337] kernel: ... value mask:             0000ffffffffffff
[    0.832493] kernel: ... max period:             00007fffffffffff
[    0.833061] kernel: ... fixed-purpose events:   3
[    0.833478] kernel: ... event mask:             00000007000000ff
[    0.833726] kernel: rcu: Hierarchical SRCU implementation.
[    0.835867] kernel: smp: Bringing up secondary CPUs ...
[    0.836577] kernel: x86: Booting SMP configuration:
[    0.836991] kernel: .... node  #0, CPUs:      #1
[    0.076447] kernel: kvm-clock: cpu 1, msr 94358041, secondary cpu clock
[    0.076447] kernel: smpboot: CPU 1 Converting physical 0 to logical die 1
[    0.839529] kernel: kvm-guest: setup async PF for cpu 1
[    0.840008] kernel: kvm-guest: stealtime: cpu 1, msr 26531f140
[    0.840519] kernel: smp: Brought up 1 node, 2 CPUs
[    0.840872] kernel: smpboot: Maxel: Booting paravirtualized kernel on KVM
[    0.467116] kernel: clocksource: refined-jiffies: mask: 0xffffffff max_cycles: 0xffffffff, max_idle_ns: 1910969940391419 ns
[    0.480749] kernel: setup_percpu: NR_CPUS:64 nr_cpumask_bits:64 nr_cpu_ids:2 nr_node_ids:1
[    0.481194] kernel: percpu: Embedded 56 pages/cpu s191576 r8192 d29608 u1048576
[    0.481230] kernel: pcpu-alloc: s191576 r8192 d29608 u1048576 alloc=1*2097152
[    0.481246] kernel: pcpu-alloc: [0] 0 1 
[    0.481338] kernel: kvm-guest: setup async PF for cpu 0
[    0.481350] kernel: kvm-guest: stealtime: cpu 0, msr 26521f140
[    0.481362] kernel: Built 1 zonelists, mobility grouping on.  Total pages: 2580189
[    0.481372] kernel: Policy zone: Normal
[    0.481378] kernel: Kernel command line: root=/dev/sda console=ttyS0 net.ifnames=0 ip=192.168.0.52
[    0.484468] kernel: Dentry cache hash table entries: 2097152 (order: 12, 16777216 bytes, linear)
[    0.486336] kernel: Inode-cache hash table entries: 1048576 (order: 1l: Booting paravirtualized kernel on KVM
[    0.302496] kernel: clocksource: refined-jiffies: mask: 0xffffffff max_cycles: 0xffffffff, max_idle_ns: 1910969940391419 ns
[    0.316193] kernel: setup_percpu: NR_CPUS:64 nr_cpumask_bits:64 nr_cpu_ids:2 nr_node_ids:1
[    0.317122] kernel: percpu: Embedded 56 pages/cpu s191576 r8192 d29608 u1048576
[    0.317166] kernel: pcpu-alloc: s191576 r8192 d29608 u1048576 alloc=1*2097152
[    0.317185] kernel: pcpu-alloc: [0] 0 1 
[    0.317289] kernel: kvm-guest: setup async PF for cpu 0
[    0.317302] kernel: kvm-guest: stealtime: cpu 0, msr 26521f140
[    0.317319] kernel: Built 1 zonelists, mobility grouping on.  Total pages: 2580192
[    0.317329] kernel: Policy zone: Normal
[    0.317338] kernel: Kernel command line: root=/dev/sda console=ttyS0 net.ifnames=0 ip=192.168.0.53
[    0.323449] kernel: Dentry cache hash table entries: 2097152 (order: 12, 16777216 bytes, linear)
[    0.325842] kernel: Inode-cache hash table entries: 1048576 (order: 11 logical packages: 2
[    0.841219] kernel: smpboot: Total of 2 processors activated (9984.00 BogoMIPS)
[    0.842157] kernel: devtmpfs: initialized
[    0.846533] kernel: clocksource: jiffies: mask: 0xffffffff max_cycles: 0xffffffff, max_idle_ns: 1911260446275000 ns
[    0.847404] kernel: futex hash table entries: 512 (order: 3, 32768 bytes, linear)
[    0.848030] kernel: PM: RTC time: 02:44:38, date: 2023-01-26
[    0.848808] kernel: NET: Registered PF_NETLINK/PF_ROUTE protocol family
[    0.849901] kernel: audit: initializing netlink subsys (disabled)
[    0.850382] kernel: audit: type=2000 audit(1674701078.458:1): state=initialized audit_enabled=0 res=1
[    0.850933] kernel: thermal_sys: Registered thermal governor 'step_wise'
[    0.851260] kernel: thermal_sys: Registered thermal governor 'user_space'
[    0.851556] kernel: cpuidle: using governor menu
[    0.852579] kernel: ACPI: bus type PCI registered
[    0.853188] kernel: PCI: Using configuration type 1 for base access
[   1, 8388608 bytes, linear)
[    0.486466] kernel: mem auto-init: stack:off, heap alloc:off, heap free:off
[    0.744194] kernel: Memory: 8818312K/10485228K available (47117K kernel code, 10298K rwdata, 7204K rodata, 2068K init, 2860K bss, 1666660K reserved, 0K cma-reserved)
[    0.744423] kernel: SLUB: HWalign=64, Order=0-3, MinObjects=0, CPUs=2, Nodes=1
[    0.744873] kernel: rcu: Hierarchical RCU implementation.
[    0.744882] kernel: rcu:         RCU event tracing is enabled.
[    0.744887] kernel: rcu:         RCU restricting CPUs from NR_CPUS=64 to nr_cpu_ids=2.
[    0.744898] kernel: rcu: RCU calculated value of scheduler-enlistment delay is 100 jiffies.
[    0.744906] kernel: rcu: Adjusting geometry for rcu_fanout_leaf=16, nr_cpu_ids=2
[    0.754655] kernel: NR_IRQS: 4352, nr_irqs: 440, preallocated irqs: 16
[    0.755109] kernel: random: get_random_bytes called from start_kernel+0x22b/0x456 with crng_init=0
[    0.759372] kernel: Console: colour VGA+ 80x25
[    0.826255] kernel[    0.000000] kernel: Linux version 5.15.0+ (tlyu@IC-RS3-DPC07) (gcc (Ubuntu 9.4.0-1ubuntu1~20.04.1) 9.4.0, GNU ld (GNU Binutils for Ubuntu) 2.34) #8 SMP Fri Jun 3 16:18:40 CEST 2022
[    0.000000] kernel: Command line: root=/dev/sda console=ttyS0 net.ifnames=0 ip=192.168.0.50
[    0.000000] kernel: x86/fpu: Supporting XSAVE feature 0x001: 'x87 floating point registers'
[    0.000000] kernel: x86/fpu: Supporting XSAVE feature 0x002: 'SSE registers'
[    0.000000] kernel: x86/fpu: Supporting XSAVE feature 0x004: 'AVX registers'
[    0.000000] kernel: x86/fpu: Supporting XSAVE feature 0x008: 'MPX bounds registers'
[    0.000000] kernel: x86/fpu: Supporting XSAVE feature 0x010: 'MPX CSR'
[    0.000000] kernel: x86/fpu: Supporting XSAVE feature 0x020: 'AVX-512 opmask'
[    0.000000] kernel: x86/fpu: Supporting XSAVE feature 0x040: 'AVX-512 Hi256'
[    0.000000] kernel: x86/fpu: Supporting XSAVE feature 0x080: 'AVX-512 ZMM_Hi256'
[    0.000000] kernel: x86/fpu: Supporting XSAVE feature 0xunlink FIFO failed: No such file or directory
, 8388608 bytes, linear)
[    0.325955] kernel: mem auto-init: stack:off, heap alloc:off, heap free:off
[    0.565721] kernel: Memory: 8818316K/10485240K available (47117K kernel code, 10298K rwdata, 7204K rodata, 2068K init, 2860K bss, 1666668K reserved, 0K cma-reserved)
[    0.565956] kernel: SLUB: HWalign=64, Order=0-3, MinObjects=0, CPUs=2, Nodes=1
[    0.566641] kernel: rcu: Hierarchical RCU implementation.
[    0.566651] kernel: rcu:         RCU event tracing is enabled.
[    0.566657] kernel: rcu:         RCU restricting CPUs from NR_CPUS=64 to nr_cpu_ids=2.
[    0.566668] kernel: rcu: RCU calculated value of scheduler-enlistment delay is 100 jiffies.
[    0.566675] kernel: rcu: Adjusting geometry for rcu_fanout_leaf=16, nr_cpu_ids=2
[    0.575074] kernel: NR_IRQS: 4352, nr_irqs: 440, preallocated irqs: 16
[    0.575525] kernel: random: get_random_bytes called from start_kernel+0x22b/0x456 with crng_init=0
[    0.579700] kernel: Console: colour VGA+ 80x25
[    0.664167] kernel: 0.870820] kernel: Kprobes globally optimized
[    0.871175] kernel: HugeTLB registered 2.00 MiB page size, pre-allocated 0 pages
[    0.871645] kernel: cryptomgr_test (26) used greatest stack depth: 30544 bytes left
[    0.873635] kernel: ACPI: Added _OSI(Module Device)
[    0.874677] kernel: ACPI: Added _OSI(Processor Device)
[    0.875072] kernel: ACPI: Added _OSI(3.0 _SCP Extensions)
[    0.875453] kernel: ACPI: Added _OSI(Processor Aggregator Device)
[    0.875499] kernel: ACPI: Added _OSI(Linux-Dell-Video)
[    0.875945] kernel: ACPI: Added _OSI(Linux-Lenovo-NV-HDMI-Audio)
[    0.876344] kernel: ACPI: Added _OSI(Linux-HPI-Hybrid-Graphics)
[    0.890154] kernel: ACPI: 1 ACPI AML tables successfully acquired and loaded
[    0.894018] kernel: ACPI: Interpreter enabled
[    0.894403] kernel: ACPI: PM: (supports S0 S3 S4 S5)
[    0.894493] kernel: ACPI: Using IOAPIC for interrupt routing
[    0.894944] kernel: PCI: Using host bridge windows from ACPI; if necessary, use "pci=nocrs" an: printk: console [ttyS0] enabled
[    0.826690] kernel: ACPI: Core revision 20210730
[    0.827304] kernel: clocksource: hpet: mask: 0xffffffff max_cycles: 0xffffffff, max_idle_ns: 19112604467 ns
[    0.828222] kernel: APIC: Switch to symmetric I/O mode setup
[    0.828680] kernel: kvm-guest: setup PV IPIs
[    0.829994] kernel: ..TIMER: vector=0x30 apic1=0 pin1=2 apic2=-1 pin2=-1
[    0.830572] kernel: clocksource: tsc-early: mask: 0xffffffffffffffff max_cycles: 0x23fa772cf26, max_idle_ns: 440795269835 ns
[    0.831497] kernel: Calibrating delay loop (skipped) preset value.. 4992.00 BogoMIPS (lpj=2496000)
[    0.832492] kernel: pid_max: default: 32768 minimum: 301
[    0.832974] kernel: LSM: Security Framework initializing
[    0.833405] kernel: SELinux:  Initializing.
[    0.833598] kernel: Mount-cache hash table entries: 32768 (order: 6, 262144 bytes, linear)
[    0.834760] kernel: Mountpoint-cache hash table entries: 32768 (order: 6, 262144 bytes, linear)
[    0.836601] kernel: x printk: console [ttyS0] enabled
[    0.664742] kernel: ACPI: Core revision 20210730
[    0.665519] kernel: clocksource: hpet: mask: 0xffffffff max_cycles: 0xffffffff, max_idle_ns: 19112604467 ns
[    0.666687] kernel: APIC: Switch to symmetric I/O mode setup
[    0.667265] kernel: kvm-guest: setup PV IPIs
[    0.668753] kernel: ..TIMER: vector=0x30 apic1=0 pin1=2 apic2=-1 pin2=-1
[    0.669512] kernel: clocksource: tsc-early: mask: 0xffffffffffffffff max_cycles: 0x23fa772cf26, max_idle_ns: 440795269835 ns
[    0.670811] kernel: Calibrating delay loop (skipped) preset value.. 4992.00 BogoMIPS (lpj=2496000)
[    0.671803] kernel: pid_max: default: 32768 minimum: 301
[    0.672457] kernel: LSM: Security Framework initializing
[    0.672850] kernel: SELinux:  Initializing.
[    0.673807] kernel: Mount-cache hash table entries: 32768 (order: 6, 262144 bytes, linear)
[    0.674814] kernel: Mountpoint-cache hash table entries: 32768 (order: 6, 262144 bytes, linear)
