
Ubuntu 20.04 LTS dfs-fuzzing ttyS0


Ubuntu 20.04 LTS dfs-fuzzing ttyS0


Ubuntu 20.04 LTS dfs-fuzzing ttyS0

2023/01/26 04:01:59 fuzzer started
2023/01/26 04:01:59 dialing manager at localhost:40269
2023/01/26 04:01:59 connecting to manager...
2023/01/26 04:01:59 syscalls: 51
2023/01/26 04:01:59 code coverage: enabled
2023/01/26 04:01:59 comparison tracing: enabled
2023/01/26 04:01:59 extra coverage: enabled
2023/01/26 04:01:59 setuid sandbox: enabled
2023/01/26 04:01:59 namespace sandbox: /proc/self/ns/user does not exist
2023/01/26 04:01:59 Android sandbox: /sys/fs/selinux/policy can't be opened (open /sys/fs/selinux/policy: invalid argument)
2023/01/26 04:01:59 fault injection: CONFIG_FAULT_INJECTION_DEBUG_FS or CONFIG_FAILSLAB are not enabled
2023/01/26 04:01:59 leak checking: CONFIG_DEBUG_KMEMLEAK is not enabled
2023/01/26 04:01:59 net packet injection: /dev/net/tun does not exist
2023/01/26 04:01:59 net device setup: enabled
2023/01/26 04:01:59 concurrency sanitizer: /sys/kernel/debug/kcsan does not exist
2023/01/26 04:01:59 devlink PCI setup: enabled
2023/01/26 04:01:59 USB emulation: /dev/raw-gadget does not exist
2023/01/26 04:01:59 hci packet injection: /dev/vhci does not exist
2023/01/26 04:01:59 wifi device emulation: /sys/class/mac80211_hwsim/ does not exist
2023/01/26 04:01:59 802.15.4 emulation: /sys/bus/platform/devices/mac802154_hwsim does not exist
2023/01/26 04:01:59 poll: candidates=0 inputs=50 signal=2000
2023/01/26 04:01:59 deserializeInput: hasCrash false hasNet false
2023/01/26 04:01:59 prog length: 1
2023/01/26 04:01:59 deserializeInput: hasCrash false hasNet false
2023/01/26 04:01:59 prog length: 2
2023/01/26 04:01:59 deserializeInput: hasCrash false hasNet false
2023/01/26 04:01:59 prog length: 2
2023/01/26 04:01:59 deserializeInput: hasCrash false hasNet false
2023/01/26 04:01:59 prog length: 2
2023/01/26 04:01:59 deserializeInput: hasCrash false hasNet false
2023/01/26 04:01:59 prog length: 2
2023/01/26 04:01:59 deserializeInput: hasCrash true hasNet false
2023/01/26 04:01:59 prog length: 6
2023/01/26 04:01:59 prog length: 3
2023/01/26 04:01:59 deserializeInput: hasCrash false hasNet false
2023/01/26 04:01:59 prog length: 1
2023/01/26 04:01:59 deserializeInput: hasCrash true hasNet true
2023/01/26 04:01:59 prog length: 6
2023/01/26 04:01:59 prog length: 12
2023/01/26 04:01:59 prog length: 9
2023/01/26 04:01:59 deserializeInput: hasCrash false hasNet false
2023/01/26 04:01:59 prog length: 1
2023/01/26 04:01:59 deserializeInput: hasCrash false hasNet false
2023/01/26 04:01:59 prog length: 2
2023/01/26 04:01:59 deserializeInput: hasCrash false hasNet false
2023/01/26 04:01:59 prog length: 3
2023/01/26 04:01:59 deserializeInput: hasCrash false hasNet false
2023/01/26 04:01:59 prog length: 3
2023/01/26 04:01:59 deserializeInput: hasCrash false hasNet true
2023/01/26 04:01:59 prog length: 18
2023/01/26 04:01:59 prog length: 12
2023/01/26 04:01:59 deserializeInput: hasCrash false hasNet false
2023/01/26 04:01:59 prog length: 1
2023/01/26 04:01:59 deserializeInput: hasCrash false hasNet false
2023/01/26 04:01:59 prog length: 2
2023/01/26 04:01:59 deserializeInput: hasCrash false hasNet false
2023/01/26 04:01:59 prog length: 6
2023/01/26 04:01:59 deserializeInput: hasCrash false hasNet false
2023/01/26 04:01:59 prog length: 2
2023/01/26 04:01:59 deserializeInput: hasCrash true hasNet false
2023/01/26 04:01:59 prog length: 18
2023/01/26 04:01:59 prog length: 8
2023/01/26 04:01:59 deserializeInput: hasCrash false hasNet false
2023/01/26 04:01:59 prog length: 2
2023/01/26 04:02:00 deserializeInput: hasCrash false hasNet false
2023/01/26 04:02:00 prog length: 2
2023/01/26 04:02:00 deserializeInput: hasCrash false hasNet false
2023/01/26 04:02:00 prog length: 2
2023/01/26 04:02:00 deserializeInput: hasCrash false hasNet false
2023/01/26 04:02:00 prog length: 3
2023/01/26 04:02:00 deserializeInput: hasCrash false hasNet false
2023/01/26 04:02:00 prog length: 2
2023/01/26 04:02:00 deserializeInput: hasCrash false hasNet false
2023/01/26 04:02:00 prog length: 4
2023/01/26 04:02:00 deserializeInput: hasCrash false hasNet false
2023/01/26 04:02:00 prog length: 1
2023/01/26 04:02:00 deserializeInput: hasCrash false hasNet false
2023/01/26 04:02:00 prog length: 2
2023/01/26 04:02:00 deserializeInput: hasCrash false hasNet false
2023/01/26 04:02:00 prog length: 3
2023/01/26 04:02:00 deserializeInput: hasCrash false hasNet false
2023/01/26 04:02:00 prog length: 2
2023/01/26 04:02:00 deserializeInput: hasCrash false hasNet false
2023/01/26 04:02:00 prog length: 2
2023/01/26 04:02:00 deserializeInput: hasCrash false hasNet true
2023/01/26 04:02:00 prog length: 6
2023/01/26 04:02:00 prog length: 6
2023/01/26 04:02:00 prog length: 7
2023/01/26 04:02:00 deserializeInput: hasCrash false hasNet false
2023/01/26 04:02:00 prog length: 1
2023/01/26 04:02:00 deserializeInput: hasCrash false hasNet false
2023/01/26 04:02:00 prog length: 2
2023/01/26 04:02:00 deserializeInput: hasCrash false hasNet false
2023/01/26 04:02:00 prog length: 1
2023/01/26 04:02:00 deserializeInput: hasCrash false hasNet false
2023/01/26 04:02:00 prog length: 1
2023/01/26 04:02:00 deserializeInput: hasCrash false hasNet false
2023/01/26 04:02:00 prog length: 1
2023/01/26 04:02:00 deserializeInput: hasCrash false hasNet false
2023/01/26 04:02:00 prog length: 1
2023/01/26 04:02:00 deserializeInput: hasCrash false hasNet false
2023/01/26 04:02:00 prog length: 3
2023/01/26 04:02:00 deserializeInput: hasCrash false hasNet false
2023/01/26 04:02:00 prog length: 5
2023/01/26 04:02:00 deserializeInput: hasCrash false hasNet false
2023/01/26 04:02:00 prog length: 1
2023/01/26 04:02:00 deserializeInput: hasCrash false hasNet false
2023/01/26 04:02:00 prog length: 2
2023/01/26 04:02:00 deserializeInput: hasCrash false hasNet false
2023/01/26 04:02:00 prog length: 2
2023/01/26 04:02:00 deserializeInput: hasCrash false hasNet false
2023/01/26 04:02:00 prog length: 2
2023/01/26 04:02:00 deserializeInput: hasCrash false hasNet false
2023/01/26 04:02:00 prog length: 1
2023/01/26 04:02:00 deserializeInput: hasCrash true hasNet false
2023/01/26 04:02:00 prog length: 6
2023/01/26 04:02:00 prog length: 3
2023/01/26 04:02:00 deserializeInput: hasCrash false hasNet false
2023/01/26 04:02:00 prog length: 1
2023/01/26 04:02:00 deserializeInput: hasCrash false hasNet false
2023/01/26 04:02:00 prog length: 2
2023/01/26 04:02:00 deserializeInput: hasCrash false hasNet false
2023/01/26 04:02:00 prog length: 1
2023/01/26 04:02:00 deserializeInput: hasCrash false hasNet false
2023/01/26 04:02:00 prog length: 1
2023/01/26 04:02:00 deserializeInput: hasCrash false hasNet false
2023/01/26 04:02:00 prog length: 2
2023/01/26 04:02:00 deserializeInput: hasCrash false hasNet true
2023/01/26 04:02:00 prog length: 6
2023/01/26 04:02:00 prog length: 20
2023/01/26 04:02:00 fetching corpus: 50, signal 6336/24498/29919 (executing program)
2023/01/26 04:02:00 poll: candidates=0 inputs=50 signal=2000
2023/01/26 04:02:00 deserializeInput: hasCrash false hasNet false
2023/01/26 04:02:00 prog length: 2
2023/01/26 04:02:00 deserializeInput: hasCrash false hasNet false
2023/01/26 04:02:00 prog length: 2
2023/01/26 04:02:00 deserializeInput: hasCrash false hasNet true
2023/01/26 04:02:00 prog length: 6
2023/01/26 04:02:00 prog length: 16
2023/01/26 04:02:00 deserializeInput: hasCrash false hasNet true
2023/01/26 04:02:00 prog length: 6
2023/01/26 04:02:00 prog length: 20
2023/01/26 04:02:00 deserializeInput: hasCrash false hasNet false
2023/01/26 04:02:00 prog length: 3
2023/01/26 04:02:00 deserializeInput: hasCrash false hasNet false
2023/01/26 04:02:00 prog length: 3
2023/01/26 04:02:00 deserializeInput: hasCrash false hasNet false
2023/01/26 04:02:00 prog length: 3
2023/01/26 04:02:00 deserializeInput: hasCrash false hasNet false
2023/01/26 04:02:00 prog length: 3
2023/01/26 04:02:00 deserializeInput: hasCrash false hasNet false
2023/01/26 04:02:00 prog length: 3
2023/01/26 04:02:00 deserializeInput: hasCrash false hasNet true
2023/01/26 04:02:00 prog length: 18
2023/01/26 04:02:00 prog length: 9
2023/01/26 04:02:00 deserializeInput: hasCrash false hasNet false
2023/01/26 04:02:00 prog length: 1
2023/01/26 04:02:00 deserializeInput: hasCrash false hasNet false
2023/01/26 04:02:00 prog length: 4
2023/01/26 04:02:00 deserializeInput: hasCrash false hasNet false
2023/01/26 04:02:00 prog length: 4
2023/01/26 04:02:00 deserializeInput: hasCrash false hasNet false
2023/01/26 04:02:00 prog length: 2
2023/01/26 04:02:00 deserializeInput: hasCrash false hasNet false
2023/01/26 04:02:00 prog length: 13
2023/01/26 04:02:00 deserializeInput: hasCrash false hasNet false
2023/01/26 04:02:00 prog length: 5
2023/01/26 04:02:00 deserializeInput: hasCrash false hasNet false
2023/01/26 04:02:00 prog length: 3
2023/01/26 04:02:00 deserializeInput: hasCrash false hasNet false
2023/01/26 04:02:00 prog length: 1
2023/01/26 04:02:00 deserializeInput: hasCrash false hasNet false
2023/01/26 04:02:00 prog length: 3
2023/01/26 04:02:00 deserializeInput: hasCrash false hasNet false
2023/01/26 04:02:00 prog length: 1
2023/01/26 04:02:00 deserializeInput: hasCrash false hasNet false
2023/01/26 04:02:00 prog length: 2
2023/01/26 04:02:00 deserializeInput: hasCrash false hasNet false
2023/01/26 04:02:00 prog length: 1
2023/01/26 04:02:00 deserializeInput: hasCrash false hasNet false
2023/01/26 04:02:00 prog length: 1
2023/01/26 04:02:00 deserializeInput: hasCrash false hasNet false
2023/01/26 04:02:00 prog length: 1
2023/01/26 04:02:00 deserializeInput: hasCrash false hasNet false
2023/01/26 04:02:00 prog length: 1
2023/01/26 04:02:00 deserializeInput: hasCrash false hasNet false
2023/01/26 04:02:00 prog length: 16
2023/01/26 04:02:00 deserializeInput: hasCrash false hasNet false
2023/01/26 04:02:00 prog length: 1
2023/01/26 04:02:00 deserializeInput: hasCrash false hasNet false
2023/01/26 04:02:00 prog length: 2
2023/01/26 04:02:00 deserializeInput: hasCrash false hasNet false
2023/01/26 04:02:00 prog length: 6
2023/01/26 04:02:00 deserializeInput: hasCrash false hasNet true
2023/01/26 04:02:00 prog length: 6
2023/01/26 04:02:00 prog length: 20
2023/01/26 04:02:00 deserializeInput: hasCrash false hasNet false
2023/01/26 04:02:00 prog length: 2
2023/01/26 04:02:00 deserializeInput: hasCrash false hasNet true
2023/01/26 04:02:00 prog length: 6
2023/01/26 04:02:00 prog length: 5
2023/01/26 04:02:00 deserializeInput: hasCrash false hasNet false
2023/01/26 04:02:00 prog length: 1
2023/01/26 04:02:00 deserializeInput: hasCrash false hasNet false
2023/01/26 04:02:00 prog length: 4
2023/01/26 04:02:00 deserializeInput: hasCrash false hasNet false
2023/01/26 04:02:00 prog length: 3
2023/01/26 04:02:00 deserializeInput: hasCrash false hasNet false
2023/01/26 04:02:00 prog length: 3
2023/01/26 04:02:00 deserializeInput: hasCrash false hasNet false
2023/01/26 04:02:00 prog length: 2
2023/01/26 04:02:00 deserializeInput: hasCrash true hasNet false
2023/01/26 04:02:00 prog length: 6
2023/01/26 04:02:00 prog length: 4
2023/01/26 04:02:00 deserializeInput: hasCrash false hasNet false
2023/01/26 04:02:00 prog length: 1
2023/01/26 04:02:00 deserializeInput: hasCrash false hasNet false
2023/01/26 04:02:00 prog length: 2
2023/01/26 04:02:00 deserializeInput: hasCrash false hasNet true
2023/01/26 04:02:00 prog length: 6
2023/01/26 04:02:00 prog length: 14
2023/01/26 04:02:00 deserializeInput: hasCrash false hasNet false
2023/01/26 04:02:00 prog length: 2
2023/01/26 04:02:00 deserializeInput: hasCrash false hasNet false
2023/01/26 04:02:00 prog length: 3
2023/01/26 04:02:00 deserializeInput: hasCrash false hasNet false
2023/01/26 04:02:00 prog length: 1
2023/01/26 04:02:00 deserializeInput: hasCrash false hasNet true
2023/01/26 04:02:00 prog length: 6
2023/01/26 04:02:00 prog length: 4
2023/01/26 04:02:00 deserializeInput: hasCrash false hasNet false
2023/01/26 04:02:00 prog length: 3
2023/01/26 04:02:00 deserializeInput: hasCrash false hasNet false
2023/01/26 04:02:00 prog length: 1
2023/01/26 04:02:00 deserializeInput: hasCrash false hasNet true
2023/01/26 04:02:00 prog length: 6
2023/01/26 04:02:00 prog length: 20
2023/01/26 04:02:00 deserializeInput: hasCrash false hasNet false
2023/01/26 04:02:00 prog length: 2
2023/01/26 04:02:00 deserializeInput: hasCrash true hasNet false
2023/01/26 04:02:00 prog length: 6
2023/01/26 04:02:00 prog length: 3
2023/01/26 04:02:00 fetching corpus: 100, signal 7079/26865/33413 (executing program)
2023/01/26 04:02:00 poll: candidates=0 inputs=50 signal=2000
2023/01/26 04:02:00 deserializeInput: hasCrash true hasNet false
2023/01/26 04:02:00 prog length: 6
2023/01/26 04:02:00 prog length: 4
2023/01/26 04:02:00 deserializeInput: hasCrash true hasNet false
2023/01/26 04:02:00 prog length: 6
2023/01/26 04:02:00 prog length: 4
2023/01/26 04:02:00 deserializeInput: hasCrash false hasNet true
2023/01/26 04:02:00 prog length: 6
2023/01/26 04:02:00 prog length: 20
2023/01/26 04:02:00 deserializeInput: hasCrash false hasNet false
2023/01/26 04:02:00 prog length: 2
2023/01/26 04:02:00 deserializeInput: hasCrash false hasNet false
2023/01/26 04:02:00 prog length: 2
2023/01/26 04:02:00 deserializeInput: hasCrash false hasNet false
2023/01/26 04:02:00 prog length: 3
2023/01/26 04:02:00 deserializeInput: hasCrash false hasNet false
2023/01/26 04:02:00 prog length: 2
2023/01/26 04:02:00 deserializeInput: hasCrash false hasNet false
2023/01/26 04:02:00 prog length: 2
2023/01/26 04:02:00 deserializeInput: hasCrash false hasNet false
2023/01/26 04:02:00 prog length: 1
2023/01/26 04:02:00 deserializeInput: hasCrash false hasNet false
2023/01/26 04:02:00 prog length: 2
2023/01/26 04:02:00 deserializeInput: hasCrash false hasNet false
2023/01/26 04:02:00 prog length: 1
2023/01/26 04:02:00 deserializeInput: hasCrash false hasNet false
2023/01/26 04:02:00 prog length: 6
2023/01/26 04:02:00 deserializeInput: hasCrash false hasNet false
2023/01/26 04:02:00 prog length: 2
2023/01/26 04:02:00 deserializeInput: hasCrash false hasNet false
2023/01/26 04:02:00 prog length: 2
2023/01/26 04:02:00 deserializeInput: hasCrash false hasNet false
2023/01/26 04:02:00 prog length: 2
2023/01/26 04:02:00 deserializeInput: hasCrash false hasNet false
2023/01/26 04:02:00 prog length: 3
2023/01/26 04:02:00 deserializeInput: hasCrash false hasNet false
2023/01/26 04:02:00 prog length: 2
2023/01/26 04:02:00 deserializeInput: hasCrash false hasNet false
2023/01/26 04:02:00 prog length: 2
2023/01/26 04:02:00 deserializeInput: hasCrash false hasNet false
2023/01/26 04:02:00 prog length: 1
2023/01/26 04:02:00 deserializeInput: hasCrash false hasNet false
2023/01/26 04:02:00 prog length: 2
2023/01/26 04:02:00 deserializeInput: hasCrash false hasNet false
2023/01/26 04:02:00 prog length: 2
2023/01/26 04:02:00 deserializeInput: hasCrash false hasNet false
2023/01/26 04:02:00 prog length: 2
2023/01/26 04:02:00 deserializeInput: hasCrash false hasNet false
2023/01/26 04:02:00 prog length: 1
2023/01/26 04:02:00 deserializeInput: hasCrash false hasNet false
2023/01/26 04:02:00 prog length: 9
2023/01/26 04:02:00 deserializeInput: hasCrash false hasNet false
2023/01/26 04:02:00 prog length: 4
2023/01/26 04:02:00 deserializeInput: hasCrash false hasNet false
2023/01/26 04:02:00 prog length: 2
2023/01/26 04:02:00 deserializeInput: hasCrash false hasNet true
2023/01/26 04:02:00 prog length: 6
2023/01/26 04:02:00 prog length: 18
2023/01/26 04:02:00 deserializeInput: hasCrash true hasNet false
2023/01/26 04:02:00 prog length: 6
2023/01/26 04:02:00 prog length: 3
2023/01/26 04:02:00 deserializeInput: hasCrash false hasNet false
2023/01/26 04:02:00 prog length: 1
2023/01/26 04:02:00 deserializeInput: hasCrash false hasNet false
2023/01/26 04:02:00 prog length: 2
2023/01/26 04:02:00 deserializeInput: hasCrash false hasNet false
2023/01/26 04:02:00 prog length: 1
2023/01/26 04:02:00 deserializeInput: hasCrash false hasNet false
2023/01/26 04:02:00 prog length: 2
2023/01/26 04:02:00 deserializeInput: hasCrash false hasNet false
2023/01/26 04:02:00 prog length: 1
2023/01/26 04:02:00 deserializeInput: hasCrash false hasNet false
2023/01/26 04:02:00 prog length: 3
2023/01/26 04:02:00 deserializeInput: hasCrash false hasNet false
2023/01/26 04:02:00 prog length: 4
2023/01/26 04:02:00 deserializeInput: hasCrash false hasNet false
2023/01/26 04:02:00 prog length: 2
2023/01/26 04:02:00 deserializeInput: hasCrash false hasNet true
2023/01/26 04:02:00 prog length: 6
2023/01/26 04:02:00 prog length: 14
2023/01/26 04:02:00 deserializeInput: hasCrash false hasNet false
2023/01/26 04:02:00 prog length: 2
2023/01/26 04:02:00 deserializeInput: hasCrash false hasNet false
2023/01/26 04:02:00 prog length: 5
2023/01/26 04:02:00 deserializeInput: hasCrash false hasNet false
2023/01/26 04:02:00 prog length: 1
2023/01/26 04:02:00 deserializeInput: hasCrash true hasNet true
2023/01/26 04:02:00 prog length: 12
2023/01/26 04:02:00 prog length: 6
2023/01/26 04:02:00 deserializeInput: hasCrash false hasNet false
2023/01/26 04:02:00 prog length: 1
2023/01/26 04:02:00 deserializeInput: hasCrash false hasNet false
2023/01/26 04:02:00 prog length: 3
2023/01/26 04:02:00 deserializeInput: hasCrash false hasNet false
2023/01/26 04:02:00 prog length: 2
2023/01/26 04:02:00 deserializeInput: hasCrash false hasNet false
2023/01/26 04:02:00 prog length: 2
2023/01/26 04:02:00 deserializeInput: hasCrash false hasNet true
2023/01/26 04:02:00 prog length: 6
2023/01/26 04:02:00 prog length: 20
2023/01/26 04:02:00 deserializeInput: hasCrash false hasNet true
2023/01/26 04:02:00 prog length: 6
2023/01/26 04:02:00 prog length: 16
2023/01/26 04:02:00 deserializeInput: hasCrash false hasNet false
2023/01/26 04:02:00 prog length: 6
2023/01/26 04:02:00 deserializeInput: hasCrash false hasNet false
2023/01/26 04:02:00 prog length: 2
2023/01/26 04:02:00 deserializeInput: hasCrash false hasNet false
2023/01/26 04:02:00 prog length: 1
2023/01/26 04:02:00 fetching corpus: 150, signal 8270/28730/36523 (executing program)
2023/01/26 04:02:00 poll: candidates=0 inputs=50 signal=2000
2023/01/26 04:02:00 deserializeInput: hasCrash false hasNet false
2023/01/26 04:02:00 prog length: 4
2023/01/26 04:02:00 deserializeInput: hasCrash false hasNet false
2023/01/26 04:02:00 prog length: 1
2023/01/26 04:02:00 deserializeInput: hasCrash false hasNet false
2023/01/26 04:02:00 prog length: 5
2023/01/26 04:02:00 deserializeInput: hasCrash true hasNet false
2023/01/26 04:02:00 prog length: 6
2023/01/26 04:02:00 prog length: 3
2023/01/26 04:02:00 deserializeInput: hasCrash false hasNet false
2023/01/26 04:02:00 prog length: 1
2023/01/26 04:02:00 deserializeInput: hasCrash false hasNet false
2023/01/26 04:02:00 prog length: 3
2023/01/26 04:02:00 deserializeInput: hasCrash false hasNet false
2023/01/26 04:02:00 prog length: 1
2023/01/26 04:02:00 deserializeInput: hasCrash true hasNet false
2023/01/26 04:02:00 prog length: 6
2023/01/26 04:02:00 prog length: 3
2023/01/26 04:02:00 deserializeInput: hasCrash true hasNet false
2023/01/26 04:02:00 prog length: 6
2023/01/26 04:02:00 prog length: 4
2023/01/26 04:02:00 deserializeInput: hasCrash false hasNet false
2023/01/26 04:02:00 prog length: 2
2023/01/26 04:02:00 deserializeInput: hasCrash false hasNet false
2023/01/26 04:02:00 prog length: 3
2023/01/26 04:02:00 deserializeInput: hasCrash false hasNet false
2023/01/26 04:02:00 prog length: 2
2023/01/26 04:02:00 deserializeInput: hasCrash true hasNet false
2023/01/26 04:02:00 prog length: 6
2023/01/26 04:02:00 prog length: 3
2023/01/26 04:02:00 deserializeInput: hasCrash false hasNet false
2023/01/26 04:02:00 prog length: 1
2023/01/26 04:02:00 deserializeInput: hasCrash false hasNet false
2023/01/26 04:02:00 prog length: 2
2023/01/26 04:02:00 deserializeInput: hasCrash false hasNet false
2023/01/26 04:02:00 prog length: 1
2023/01/26 04:02:00 deserializeInput: hasCrash false hasNet false
2023/01/26 04:02:00 prog length: 1
2023/01/26 04:02:00 deserializeInput: hasCrash false hasNet false
2023/01/26 04:02:00 prog length: 1
2023/01/26 04:02:00 deserializeInput: hasCrash false hasNet false
2023/01/26 04:02:00 prog length: 1
2023/01/26 04:02:00 deserializeInput: hasCrash false hasNet false
2023/01/26 04:02:00 prog length: 1
2023/01/26 04:02:00 deserializeInput: hasCrash true hasNet true
2023/01/26 04:02:00 prog length: 6
2023/01/26 04:02:00 prog length: 12
2023/01/26 04:02:00 prog length: 7
2023/01/26 04:02:00 deserializeInput: hasCrash false hasNet true
2023/01/26 04:02:00 prog length: 6
2023/01/26 04:02:00 prog length: 5
2023/01/26 04:02:00 deserializeInput: hasCrash false hasNet false
2023/01/26 04:02:00 prog length: 2
2023/01/26 04:02:00 deserializeInput: hasCrash false hasNet false
2023/01/26 04:02:00 prog length: 1
2023/01/26 04:02:00 deserializeInput: hasCrash false hasNet false
2023/01/26 04:02:00 prog length: 18
2023/01/26 04:02:00 deserializeInput: hasCrash false hasNet false
2023/01/26 04:02:00 prog length: 1
2023/01/26 04:02:00 deserializeInput: hasCrash false hasNet false
2023/01/26 04:02:00 prog length: 1
2023/01/26 04:02:00 deserializeInput: hasCrash false hasNet false
2023/01/26 04:02:00 prog length: 2
2023/01/26 04:02:00 deserializeInput: hasCrash false hasNet false
2023/01/26 04:02:00 prog length: 1
2023/01/26 04:02:00 deserializeInput: hasCrash false hasNet false
2023/01/26 04:02:00 prog length: 2
2023/01/26 04:02:00 deserializeInput: hasCrash false hasNet true
2023/01/26 04:02:00 prog length: 6
2023/01/26 04:02:00 prog length: 20
2023/01/26 04:02:00 deserializeInput: hasCrash false hasNet true
2023/01/26 04:02:00 prog length: 6
2023/01/26 04:02:00 prog length: 4
2023/01/26 04:02:00 deserializeInput: hasCrash true hasNet false
2023/01/26 04:02:00 prog length: 6
2023/01/26 04:02:00 prog length: 3
2023/01/26 04:02:00 deserializeInput: hasCrash false hasNet false
2023/01/26 04:02:00 prog length: 2
2023/01/26 04:02:00 deserializeInput: hasCrash false hasNet false
2023/01/26 04:02:00 prog length: 2
2023/01/26 04:02:00 deserializeInput: hasCrash false hasNet false
2023/01/26 04:02:00 prog length: 3
2023/01/26 04:02:00 deserializeInput: hasCrash false hasNet false
2023/01/26 04:02:00 prog length: 2
2023/01/26 04:02:00 deserializeInput: hasCrash false hasNet false
2023/01/26 04:02:00 prog length: 2
2023/01/26 04:02:00 deserializeInput: hasCrash false hasNet false
2023/01/26 04:02:00 prog length: 2
2023/01/26 04:02:00 deserializeInput: hasCrash false hasNet false
2023/01/26 04:02:00 prog length: 2
2023/01/26 04:02:00 deserializeInput: hasCrash false hasNet false
2023/01/26 04:02:00 prog length: 1
2023/01/26 04:02:00 deserializeInput: hasCrash false hasNet false
2023/01/26 04:02:00 prog length: 2
2023/01/26 04:02:00 deserializeInput: hasCrash false hasNet false
2023/01/26 04:02:00 prog length: 1
2023/01/26 04:02:00 deserializeInput: hasCrash false hasNet false
2023/01/26 04:02:00 prog length: 2
2023/01/26 04:02:00 deserializeInput: hasCrash false hasNet false
2023/01/26 04:02:00 prog length: 2
2023/01/26 04:02:00 deserializeInput: hasCrash false hasNet false
2023/01/26 04:02:00 prog length: 3
2023/01/26 04:02:00 deserializeInput: hasCrash false hasNet false
2023/01/26 04:02:00 prog length: 1
2023/01/26 04:02:00 deserializeInput: hasCrash false hasNet false
2023/01/26 04:02:00 prog length: 2
2023/01/26 04:02:00 deserializeInput: hasCrash false hasNet true
2023/01/26 04:02:00 prog length: 6
2023/01/26 04:02:00 prog length: 13
2023/01/26 04:02:00 deserializeInput: hasCrash false hasNet true
2023/01/26 04:02:00 prog length: 6
2023/01/26 04:02:00 prog length: 4
2023/01/26 04:02:00 fetching corpus: 200, signal 8416/29779/38000 (executing program)
2023/01/26 04:02:00 poll: candidates=0 inputs=50 signal=2000
2023/01/26 04:02:00 deserializeInput: hasCrash false hasNet false
2023/01/26 04:02:00 prog length: 2
2023/01/26 04:02:00 deserializeInput: hasCrash false hasNet false
2023/01/26 04:02:00 prog length: 3
2023/01/26 04:02:00 deserializeInput: hasCrash false hasNet false
2023/01/26 04:02:00 prog length: 2
2023/01/26 04:02:00 deserializeInput: hasCrash false hasNet false
2023/01/26 04:02:00 prog length: 2
2023/01/26 04:02:00 deserializeInput: hasCrash false hasNet false
2023/01/26 04:02:00 prog length: 2
2023/01/26 04:02:00 deserializeInput: hasCrash false hasNet false
2023/01/26 04:02:00 prog length: 2
2023/01/26 04:02:00 deserializeInput: hasCrash false hasNet false
2023/01/26 04:02:00 prog length: 3
2023/01/26 04:02:00 deserializeInput: hasCrash false hasNet false
2023/01/26 04:02:00 prog length: 3
2023/01/26 04:02:00 deserializeInput: hasCrash false hasNet false
2023/01/26 04:02:00 prog length: 3
2023/01/26 04:02:00 deserializeInput: hasCrash false hasNet false
2023/01/26 04:02:00 prog length: 2
2023/01/26 04:02:00 deserializeInput: hasCrash false hasNet false
2023/01/26 04:02:00 prog length: 2
2023/01/26 04:02:00 deserializeInput: hasCrash false hasNet false
2023/01/26 04:02:00 prog length: 1
2023/01/26 04:02:00 deserializeInput: hasCrash false hasNet false
2023/01/26 04:02:00 prog length: 3
2023/01/26 04:02:00 deserializeInput: hasCrash false hasNet true
2023/01/26 04:02:00 prog length: 6
2023/01/26 04:02:00 prog length: 4
2023/01/26 04:02:00 deserializeInput: hasCrash false hasNet false
2023/01/26 04:02:00 prog length: 1
2023/01/26 04:02:00 deserializeInput: hasCrash false hasNet false
2023/01/26 04:02:00 prog length: 2
2023/01/26 04:02:00 deserializeInput: hasCrash false hasNet true
2023/01/26 04:02:00 prog length: 6
2023/01/26 04:02:00 prog length: 20
2023/01/26 04:02:00 deserializeInput: hasCrash false hasNet false
2023/01/26 04:02:00 prog length: 4
2023/01/26 04:02:00 deserializeInput: hasCrash true hasNet true
2023/01/26 04:02:00 prog length: 6
2023/01/26 04:02:00 prog length: 6
2023/01/26 04:02:00 prog length: 7
2023/01/26 04:02:00 deserializeInput: hasCrash false hasNet false
2023/01/26 04:02:00 prog length: 6
2023/01/26 04:02:00 deserializeInput: hasCrash false hasNet false
2023/01/26 04:02:00 prog length: 2
2023/01/26 04:02:00 deserializeInput: hasCrash false hasNet false
2023/01/26 04:02:00 prog length: 2
2023/01/26 04:02:00 deserializeInput: hasCrash false hasNet false
2023/01/26 04:02:00 prog length: 3
2023/01/26 04:02:00 deserializeInput: hasCrash false hasNet true
2023/01/26 04:02:00 prog length: 6
2023/01/26 04:02:00 prog length: 5
2023/01/26 04:02:00 deserializeInput: hasCrash false hasNet false
2023/01/26 04:02:00 prog length: 3
2023/01/26 04:02:00 deserializeInput: hasCrash false hasNet false
2023/01/26 04:02:00 prog length: 3
2023/01/26 04:02:00 deserializeInput: hasCrash false hasNet false
2023/01/26 04:02:00 prog length: 1
2023/01/26 04:02:00 deserializeInput: hasCrash true hasNet false
2023/01/26 04:02:00 prog length: 6
2023/01/26 04:02:00 prog length: 3
2023/01/26 04:02:00 deserializeInput: hasCrash false hasNet false
2023/01/26 04:02:00 prog length: 2
2023/01/26 04:02:00 deserializeInput: hasCrash false hasNet false
2023/01/26 04:02:00 prog length: 2
2023/01/26 04:02:00 deserializeInput: hasCrash false hasNet false
2023/01/26 04:02:00 prog length: 1
2023/01/26 04:02:00 deserializeInput: hasCrash false hasNet false
2023/01/26 04:02:00 prog length: 2
2023/01/26 04:02:00 deserializeInput: hasCrash false hasNet false
2023/01/26 04:02:00 prog length: 1
2023/01/26 04:02:00 deserializeInput: hasCrash false hasNet false
2023/01/26 04:02:00 prog length: 1
2023/01/26 04:02:00 deserializeInput: hasCrash false hasNet false
2023/01/26 04:02:00 prog length: 1
2023/01/26 04:02:00 deserializeInput: hasCrash false hasNet false
2023/01/26 04:02:00 prog length: 4
2023/01/26 04:02:00 deserializeInput: hasCrash false hasNet false
2023/01/26 04:02:00 prog length: 2
2023/01/26 04:02:00 deserializeInput: hasCrash false hasNet false
2023/01/26 04:02:00 prog length: 3
2023/01/26 04:02:00 deserializeInput: hasCrash false hasNet false
2023/01/26 04:02:00 prog length: 2
2023/01/26 04:02:00 deserializeInput: hasCrash false hasNet false
2023/01/26 04:02:00 prog length: 1
2023/01/26 04:02:00 deserializeInput: hasCrash true hasNet false
2023/01/26 04:02:00 prog length: 6
2023/01/26 04:02:00 prog length: 3
2023/01/26 04:02:00 deserializeInput: hasCrash false hasNet false
2023/01/26 04:02:00 prog length: 5
2023/01/26 04:02:00 deserializeInput: hasCrash false hasNet false
2023/01/26 04:02:00 prog length: 1
2023/01/26 04:02:00 deserializeInput: hasCrash false hasNet false
2023/01/26 04:02:00 prog length: 1
2023/01/26 04:02:00 deserializeInput: hasCrash true hasNet false
2023/01/26 04:02:00 prog length: 6
2023/01/26 04:02:00 prog length: 3
2023/01/26 04:02:00 deserializeInput: hasCrash false hasNet false
2023/01/26 04:02:00 prog length: 2
2023/01/26 04:02:00 deserializeInput: hasCrash false hasNet false
2023/01/26 04:02:00 prog length: 11
2023/01/26 04:02:00 deserializeInput: hasCrash false hasNet false
2023/01/26 04:02:00 prog length: 2
2023/01/26 04:02:00 deserializeInput: hasCrash false hasNet true
2023/01/26 04:02:00 prog length: 6
2023/01/26 04:02:00 prog length: 18
2023/01/26 04:02:00 deserializeInput: hasCrash false hasNet false
2023/01/26 04:02:00 prog length: 9
2023/01/26 04:02:00 fetching corpus: 250, signal 8774/30491/39384 (executing program)
2023/01/26 04:02:01 poll: candidates=0 inputs=50 signal=2000
2023/01/26 04:02:01 deserializeInput: hasCrash false hasNet true
2023/01/26 04:02:01 prog length: 6
2023/01/26 04:02:01 prog length: 4
2023/01/26 04:02:01 deserializeInput: hasCrash false hasNet false
2023/01/26 04:02:01 prog length: 2
2023/01/26 04:02:01 deserializeInput: hasCrash false hasNet false
2023/01/26 04:02:01 prog length: 3
2023/01/26 04:02:01 deserializeInput: hasCrash false hasNet false
2023/01/26 04:02:01 prog length: 1
2023/01/26 04:02:01 deserializeInput: hasCrash false hasNet false
2023/01/26 04:02:01 prog length: 2
2023/01/26 04:02:01 deserializeInput: hasCrash false hasNet false
2023/01/26 04:02:01 prog length: 2
2023/01/26 04:02:01 deserializeInput: hasCrash true hasNet false
2023/01/26 04:02:01 prog length: 6
2023/01/26 04:02:01 prog length: 3
2023/01/26 04:02:01 deserializeInput: hasCrash false hasNet true
2023/01/26 04:02:01 prog length: 6
2023/01/26 04:02:01 prog length: 8
2023/01/26 04:02:01 deserializeInput: hasCrash false hasNet false
2023/01/26 04:02:01 prog length: 2
2023/01/26 04:02:01 deserializeInput: hasCrash false hasNet false
2023/01/26 04:02:01 prog length: 2
2023/01/26 04:02:01 deserializeInput: hasCrash false hasNet true
2023/01/26 04:02:01 prog length: 18
2023/01/26 04:02:01 prog length: 11
2023/01/26 04:02:01 deserializeInput: hasCrash false hasNet false
2023/01/26 04:02:01 prog length: 3
2023/01/26 04:02:01 deserializeInput: hasCrash false hasNet false
2023/01/26 04:02:01 prog length: 1
2023/01/26 04:02:01 deserializeInput: hasCrash false hasNet false
2023/01/26 04:02:01 prog length: 4
2023/01/26 04:02:01 deserializeInput: hasCrash false hasNet false
2023/01/26 04:02:01 prog length: 2
2023/01/26 04:02:01 deserializeInput: hasCrash false hasNet false
2023/01/26 04:02:01 prog length: 1
2023/01/26 04:02:01 deserializeInput: hasCrash false hasNet false
2023/01/26 04:02:01 prog length: 4
2023/01/26 04:02:01 deserializeInput: hasCrash false hasNet false
2023/01/26 04:02:01 prog length: 2
2023/01/26 04:02:01 deserializeInput: hasCrash true hasNet false
2023/01/26 04:02:01 prog length: 6
2023/01/26 04:02:01 prog length: 3
2023/01/26 04:02:01 deserializeInput: hasCrash false hasNet false
2023/01/26 04:02:01 prog length: 3
2023/01/26 04:02:01 deserializeInput: hasCrash false hasNet false
2023/01/26 04:02:01 prog length: 4
2023/01/26 04:02:01 deserializeInput: hasCrash false hasNet false
2023/01/26 04:02:01 prog length: 2
2023/01/26 04:02:01 deserializeInput: hasCrash true hasNet false
2023/01/26 04:02:01 prog length: 6
2023/01/26 04:02:01 prog length: 3
2023/01/26 04:02:01 deserializeInput: hasCrash false hasNet false
2023/01/26 04:02:01 prog length: 2
2023/01/26 04:02:01 deserializeInput: hasCrash false hasNet false
2023/01/26 04:02:01 prog length: 2
2023/01/26 04:02:01 deserializeInput: hasCrash true hasNet false
2023/01/26 04:02:01 prog length: 6
2023/01/26 04:02:01 prog length: 4
2023/01/26 04:02:01 deserializeInput: hasCrash false hasNet false
2023/01/26 04:02:01 prog length: 2
2023/01/26 04:02:01 deserializeInput: hasCrash false hasNet false
2023/01/26 04:02:01 prog length: 4
2023/01/26 04:02:01 deserializeInput: hasCrash false hasNet false
2023/01/26 04:02:01 prog length: 2
2023/01/26 04:02:01 deserializeInput: hasCrash false hasNet false
2023/01/26 04:02:01 prog length: 2
2023/01/26 04:02:01 deserializeInput: hasCrash false hasNet false
2023/01/26 04:02:01 prog length: 2
2023/01/26 04:02:01 deserializeInput: hasCrash false hasNet false
2023/01/26 04:02:01 prog length: 4
2023/01/26 04:02:01 deserializeInput: hasCrash false hasNet false
2023/01/26 04:02:01 prog length: 1
2023/01/26 04:02:01 deserializeInput: hasCrash false hasNet false
2023/01/26 04:02:01 prog length: 2
2023/01/26 04:02:01 deserializeInput: hasCrash false hasNet false
2023/01/26 04:02:01 prog length: 3
2023/01/26 04:02:01 deserializeInput: hasCrash false hasNet true
2023/01/26 04:02:01 prog length: 6
2023/01/26 04:02:01 prog length: 12
2023/01/26 04:02:01 deserializeInput: hasCrash false hasNet false
2023/01/26 04:02:01 prog length: 4
2023/01/26 04:02:01 deserializeInput: hasCrash false hasNet false
2023/01/26 04:02:01 prog length: 2
2023/01/26 04:02:01 deserializeInput: hasCrash false hasNet false
2023/01/26 04:02:01 prog length: 2
2023/01/26 04:02:01 deserializeInput: hasCrash false hasNet false
2023/01/26 04:02:01 prog length: 2
2023/01/26 04:02:01 deserializeInput: hasCrash false hasNet false
2023/01/26 04:02:01 prog length: 2
2023/01/26 04:02:01 deserializeInput: hasCrash false hasNet false
2023/01/26 04:02:01 prog length: 6
2023/01/26 04:02:01 deserializeInput: hasCrash true hasNet true
2023/01/26 04:02:01 prog length: 6
2023/01/26 04:02:01 prog length: 6
2023/01/26 04:02:01 prog length: 5
2023/01/26 04:02:01 deserializeInput: hasCrash false hasNet true
2023/01/26 04:02:01 prog length: 6
2023/01/26 04:02:01 prog length: 12
2023/01/26 04:02:01 prog length: 10
2023/01/26 04:02:01 deserializeInput: hasCrash false hasNet false
2023/01/26 04:02:01 prog length: 2
2023/01/26 04:02:01 deserializeInput: hasCrash false hasNet false
2023/01/26 04:02:01 prog length: 2
2023/01/26 04:02:01 deserializeInput: hasCrash false hasNet false
2023/01/26 04:02:01 prog length: 2
2023/01/26 04:02:01 deserializeInput: hasCrash false hasNet false
2023/01/26 04:02:01 prog length: 2
2023/01/26 04:02:01 deserializeInput: hasCrash false hasNet false
2023/01/26 04:02:01 prog length: 2
2023/01/26 04:02:01 deserializeInput: hasCrash false hasNet false
2023/01/26 04:02:01 prog length: 2
2023/01/26 04:02:01 fetching corpus: 300, signal 8813/30780/40110 (executing program)
2023/01/26 04:02:01 poll: candidates=0 inputs=50 signal=2000
2023/01/26 04:02:01 deserializeInput: hasCrash false hasNet false
2023/01/26 04:02:01 prog length: 4
2023/01/26 04:02:01 deserializeInput: hasCrash false hasNet true
2023/01/26 04:02:01 prog length: 6
2023/01/26 04:02:01 prog length: 7
2023/01/26 04:02:01 deserializeInput: hasCrash false hasNet false
2023/01/26 04:02:01 prog length: 2
2023/01/26 04:02:01 deserializeInput: hasCrash false hasNet false
2023/01/26 04:02:01 prog length: 3
2023/01/26 04:02:01 deserializeInput: hasCrash false hasNet false
2023/01/26 04:02:01 prog length: 2
2023/01/26 04:02:01 deserializeInput: hasCrash false hasNet false
2023/01/26 04:02:01 prog length: 1
2023/01/26 04:02:01 deserializeInput: hasCrash false hasNet false
2023/01/26 04:02:01 prog length: 4
2023/01/26 04:02:01 deserializeInput: hasCrash false hasNet false
2023/01/26 04:02:01 prog length: 1
2023/01/26 04:02:01 deserializeInput: hasCrash false hasNet false
2023/01/26 04:02:01 prog length: 3
2023/01/26 04:02:01 deserializeInput: hasCrash false hasNet false
2023/01/26 04:02:01 prog length: 2
2023/01/26 04:02:01 deserializeInput: hasCrash false hasNet false
2023/01/26 04:02:01 prog length: 2
2023/01/26 04:02:01 deserializeInput: hasCrash false hasNet false
2023/01/26 04:02:01 prog length: 2
2023/01/26 04:02:01 deserializeInput: hasCrash true hasNet false
2023/01/26 04:02:01 prog length: 6
2023/01/26 04:02:01 prog length: 4
2023/01/26 04:02:01 deserializeInput: hasCrash false hasNet false
2023/01/26 04:02:01 prog length: 1
2023/01/26 04:02:01 deserializeInput: hasCrash false hasNet false
2023/01/26 04:02:01 prog length: 2
2023/01/26 04:02:01 deserializeInput: hasCrash false hasNet false
2023/01/26 04:02:01 prog length: 2
2023/01/26 04:02:01 deserializeInput: hasCrash false hasNet false
2023/01/26 04:02:01 prog length: 1
2023/01/26 04:02:01 deserializeInput: hasCrash false hasNet false
2023/01/26 04:02:01 prog length: 3
2023/01/26 04:02:01 deserializeInput: hasCrash false hasNet false
2023/01/26 04:02:01 prog length: 2
2023/01/26 04:02:01 deserializeInput: hasCrash false hasNet false
2023/01/26 04:02:01 prog length: 1
2023/01/26 04:02:01 deserializeInput: hasCrash false hasNet true
2023/01/26 04:02:01 prog length: 18
2023/01/26 04:02:01 prog length: 9
2023/01/26 04:02:01 deserializeInput: hasCrash false hasNet false
2023/01/26 04:02:01 prog length: 1
2023/01/26 04:02:01 deserializeInput: hasCrash false hasNet true
2023/01/26 04:02:01 prog length: 6
2023/01/26 04:02:01 prog length: 20
2023/01/26 04:02:01 deserializeInput: hasCrash false hasNet true
2023/01/26 04:02:01 prog length: 6
2023/01/26 04:02:01 prog length: 6
2023/01/26 04:02:01 deserializeInput: hasCrash false hasNet false
2023/01/26 04:02:01 prog length: 2
2023/01/26 04:02:01 deserializeInput: hasCrash false hasNet false
2023/01/26 04:02:01 prog length: 3
2023/01/26 04:02:01 deserializeInput: hasCrash false hasNet false
2023/01/26 04:02:01 prog length: 3
2023/01/26 04:02:01 deserializeInput: hasCrash false hasNet false
2023/01/26 04:02:01 prog length: 1
2023/01/26 04:02:01 deserializeInput: hasCrash false hasNet false
2023/01/26 04:02:01 prog length: 5
2023/01/26 04:02:01 deserializeInput: hasCrash false hasNet false
2023/01/26 04:02:01 prog length: 7
2023/01/26 04:02:01 deserializeInput: hasCrash false hasNet false
2023/01/26 04:02:01 prog length: 2
2023/01/26 04:02:01 deserializeInput: hasCrash false hasNet false
2023/01/26 04:02:01 prog length: 2
2023/01/26 04:02:01 deserializeInput: hasCrash false hasNet false
2023/01/26 04:02:01 prog length: 2
2023/01/26 04:02:01 deserializeInput: hasCrash false hasNet false
2023/01/26 04:02:01 prog length: 2
2023/01/26 04:02:01 deserializeInput: hasCrash false hasNet true
2023/01/26 04:02:01 prog length: 6
2023/01/26 04:02:01 prog length: 20
2023/01/26 04:02:01 deserializeInput: hasCrash false hasNet false
2023/01/26 04:02:01 prog length: 2
2023/01/26 04:02:01 deserializeInput: hasCrash false hasNet false
2023/01/26 04:02:01 prog length: 3
2023/01/26 04:02:01 deserializeInput: hasCrash true hasNet false
2023/01/26 04:02:01 prog length: 6
2023/01/26 04:02:01 prog length: 3
2023/01/26 04:02:01 deserializeInput: hasCrash false hasNet false
2023/01/26 04:02:01 prog length: 2
2023/01/26 04:02:01 deserializeInput: hasCrash false hasNet false
2023/01/26 04:02:01 prog length: 1
2023/01/26 04:02:01 deserializeInput: hasCrash false hasNet false
2023/01/26 04:02:01 prog length: 2
2023/01/26 04:02:01 deserializeInput: hasCrash false hasNet false
2023/01/26 04:02:01 prog length: 2
2023/01/26 04:02:01 deserializeInput: hasCrash false hasNet false
2023/01/26 04:02:01 prog length: 2
2023/01/26 04:02:01 deserializeInput: hasCrash false hasNet false
2023/01/26 04:02:01 prog length: 2
2023/01/26 04:02:01 deserializeInput: hasCrash false hasNet false
2023/01/26 04:02:01 prog length: 6
2023/01/26 04:02:01 deserializeInput: hasCrash false hasNet false
2023/01/26 04:02:01 prog length: 3
2023/01/26 04:02:01 deserializeInput: hasCrash false hasNet false
2023/01/26 04:02:01 prog length: 2
2023/01/26 04:02:01 deserializeInput: hasCrash false hasNet true
2023/01/26 04:02:01 prog length: 6
2023/01/26 04:02:01 prog length: 19
2023/01/26 04:02:01 deserializeInput: hasCrash false hasNet false
2023/01/26 04:02:01 prog length: 2
2023/01/26 04:02:01 deserializeInput: hasCrash false hasNet false
2023/01/26 04:02:01 prog length: 2
2023/01/26 04:02:01 fetching corpus: 350, signal 8820/30987/40682 (executing program)
2023/01/26 04:02:01 poll: candidates=0 inputs=17 signal=2000
2023/01/26 04:02:01 deserializeInput: hasCrash false hasNet false
2023/01/26 04:02:01 prog length: 1
2023/01/26 04:02:01 deserializeInput: hasCrash false hasNet false
2023/01/26 04:02:01 prog length: 11
2023/01/26 04:02:01 deserializeInput: hasCrash false hasNet false
2023/01/26 04:02:01 prog length: 2
2023/01/26 04:02:01 deserializeInput: hasCrash false hasNet false
2023/01/26 04:02:01 prog length: 2
2023/01/26 04:02:01 deserializeInput: hasCrash false hasNet false
2023/01/26 04:02:01 prog length: 2
2023/01/26 04:02:01 deserializeInput: hasCrash false hasNet false
2023/01/26 04:02:01 prog length: 1
2023/01/26 04:02:01 deserializeInput: hasCrash false hasNet false
2023/01/26 04:02:01 prog length: 1
2023/01/26 04:02:01 deserializeInput: hasCrash false hasNet false
2023/01/26 04:02:01 prog length: 2
2023/01/26 04:02:01 deserializeInput: hasCrash false hasNet false
2023/01/26 04:02:01 prog length: 1
2023/01/26 04:02:01 deserializeInput: hasCrash false hasNet false
2023/01/26 04:02:01 prog length: 4
2023/01/26 04:02:01 deserializeInput: hasCrash false hasNet false
2023/01/26 04:02:01 prog length: 2
2023/01/26 04:02:01 deserializeInput: hasCrash false hasNet true
2023/01/26 04:02:01 prog length: 6
2023/01/26 04:02:01 prog length: 5
2023/01/26 04:02:01 deserializeInput: hasCrash false hasNet false
2023/01/26 04:02:01 prog length: 2
2023/01/26 04:02:01 deserializeInput: hasCrash false hasNet true
2023/01/26 04:02:01 prog length: 6
2023/01/26 04:02:01 prog length: 4
2023/01/26 04:02:01 deserializeInput: hasCrash false hasNet false
2023/01/26 04:02:01 prog length: 6
2023/01/26 04:02:01 deserializeInput: hasCrash true hasNet false
2023/01/26 04:02:01 prog length: 6
2023/01/26 04:02:01 prog length: 3
2023/01/26 04:02:01 deserializeInput: hasCrash false hasNet false
2023/01/26 04:02:01 prog length: 6
2023/01/26 04:02:01 fetching corpus: 367, signal 9250/31020/41347 (executing program)
2023/01/26 04:02:01 poll: candidates=0 inputs=0 signal=2000
2023/01/26 04:02:01 fetching corpus: 367, signal 9250/31020/41747 (executing program)
2023/01/26 04:02:01 poll: candidates=0 inputs=0 signal=2000
2023/01/26 04:02:01 fetching corpus: 367, signal 9250/31020/42133 (executing program)
2023/01/26 04:02:01 poll: candidates=0 inputs=0 signal=2000
2023/01/26 04:02:01 fetching corpus: 367, signal 9250/31020/42521 (executing program)
2023/01/26 04:02:01 poll: candidates=0 inputs=0 signal=2000
2023/01/26 04:02:01 fetching corpus: 367, signal 9250/31020/42938 (executing program)
2023/01/26 04:02:01 poll: candidates=0 inputs=0 signal=2000
2023/01/26 04:02:01 fetching corpus: 367, signal 9250/31020/43335 (executing program)
2023/01/26 04:02:01 poll: candidates=0 inputs=0 signal=2000
2023/01/26 04:02:01 fetching corpus: 367, signal 9250/31020/43727 (executing program)
2023/01/26 04:02:01 poll: candidates=0 inputs=0 signal=2000
2023/01/26 04:02:01 fetching corpus: 367, signal 9250/31020/44116 (executing program)
2023/01/26 04:02:01 poll: candidates=0 inputs=0 signal=86
2023/01/26 04:02:01 fetching corpus: 367, signal 9250/31020/44132 (executing program)
2023/01/26 04:02:01 poll: candidates=0 inputs=0 signal=0
2023/01/26 04:02:01 fetching corpus: 367, signal 9250/31020/44132 (executing program)
2023/01/26 04:02:01 sync: 3789, recv: 3787, send: 3788, up: 3790, down: 3784, net_up: 3786, net_down: 3785
2023/01/26 04:02:01 starting 1 fuzzer processes
2023/01/26 04:02:01 ----- generateCall 3668 setxattr$security_ima setxattr$security_ima
2023/01/26 04:02:01 ----- generateCall 2458 open open
2023/01/26 04:02:01 ----- generateCall 2458 open open
2023/01/26 04:02:01 ----- generateCall 3674 setxattr$trusted_overlay_opaque setxattr$trusted_overlay_opaque
2023/01/26 04:02:01 ----- generateCall 3678 setxattr$user setxattr$user
2023/01/26 04:02:01 ----- generateCall 4128 write$binfmt_misc write$binfmt_misc
2023/01/26 04:02:01 ----- generateCall 2459 open$dir open$dir
2023/01/26 04:02:01 ----- generateCall 121 chmod chmod
2023/01/26 04:02:01 ----- generateCall 2458 open open
2023/01/26 04:02:01 ----- generateCall 2458 open open
2023/01/26 04:02:01 ----- generateCall 3764 symlink symlink
2023/01/26 04:02:01 ----- generateCall 250 fsync fsync
2023/01/26 04:02:01 ----- generateCall 3670 setxattr$security_smack_transmute setxattr$security_smack_transmute
2023/01/26 04:02:01 ----- generateCall 3678 setxattr$user setxattr$user
2023/01/26 04:02:01 ----- generateCall 2350 lseek lseek
2023/01/26 04:02:01 poll: candidates=0 inputs=0 signal=0
2023/01/26 04:02:01 ----- generateCall 3662 setxattr setxattr
2023/01/26 04:02:01 ----- generateCall 2459 open$dir open$dir
2023/01/26 04:02:01 map[./file0:true ./file0/file0:true]
2023/01/26 04:02:01 #0: generated
2023/01/26 04:02:01 HasCrashFail: false, .HasNetFail: false
2023/01/26 04:02:01 before return in CmpProgs, HasNetFail: false, HasCrashFail: false
symc3 prog: v0[] = "./file0";
v1[100];
v2[] = "@ng={0x4, 0xb, "4e399e"}";
v3[] = "./file0";
v4[] = "./file0";
v5[] = "./file0";
v6[100];
v7[100];
v8[] = "./file0";
v9[100];
v10[] = "";
v12[] = "";
v13[] = "{syz0, "0c15f6362011cf85e0e600d6c054bee73c7ae1a1b7432542a1e83f6ea6100c3e20d6ff3a1afdb3283610661acb594c2c79d0caa024827e8e90c0a6f767e1244ed1d74372020fab5593589c30ba"}";
v14[] = "./file0";
v15[] = "./file0";
v16[] = "./file0";
v17[] = "./file0";
v18[] = "./file0";
v19[] = "./file0";
v21[] = "./file0";
v22[] = "./file0";
v23[100];
v24[100];
v25[] = "./file0/file0";
v26[100];
v27[] = ",";
v29[] = "./file0/file0";
v30[] = "./file0/file0";
v31[] = "user.incfs.id";
v32[] = "security.ima";
v33[] = "./file0/file0";

syscall(SYS_setxattr, v0, v1, v2, 5, 1);
syscall(SYS_open, v3, 1055744, 2);
syscall(SYS_open, v4, 2, 32);
syscall(SYS_setxattr, v5, v6, v7, 2, 3);
syscall(SYS_setxattr, v8, v9, v10, 1, 1);
v11 = syscall(SYS_open, v12, 8256, 1);
syscall(SYS_write, v11, v13, 81);
syscall(SYS_open, v14, 8706, 68);
syscall(SYS_chmod, v15, 14);
syscall(SYS_open, v16, 6627394, 1);
syscall(SYS_open, v17, 4393024, 40);
syscall(SYS_symlink, v18, v19);
v20 = syscall(SYS_open, v21, 2097665, 1);
syscall(SYS_fsync, v20);
syscall(SYS_setxattr, v22, v23, v24, 4, 4);
syscall(SYS_setxattr, v25, v26, v27, 2, 0);
v28 = syscall(SYS_open, v29, 66048, 330);
syscall(SYS_lseek, v28, 8, 2);
syscall(SYS_setxattr, v30, v31, v32, 13, 3);
syscall(SYS_open, v33, 512, 129);

2023/01/26 04:02:01 prog length: 20
2023/01/26 04:02:01 HasCrashFail:false HasNetFail:false
04:02:01 ---executing program 0:
---
---
---
setxattr$security_ima(&(0x7f0000000000)='./file0\x00', &(0x7f0000000040), &(0x7f0000000080)=@ng={0x4, 0xb, "4e399e"}, 0x5, 0x1)
open(&(0x7f00000000c0)='./file0\x00', 0x101c00, 0x2)
open(&(0x7f0000000100)='./file0\x00', 0x2, 0x20)
setxattr$trusted_overlay_opaque(&(0x7f0000000140)='./file0\x00', &(0x7f0000000180), &(0x7f00000001c0), 0x2, 0x3)
setxattr$user(&(0x7f0000000200)='./file0\x00', &(0x7f0000000240), &(0x7f0000000280)='\x00', 0x1, 0x1)
r0 = open(&(0x7f00000002c0)='\x00', 0x2040, 0x1)
write$binfmt_misc(r0, &(0x7f0000000300)={'syz0', "0c15f6362011cf85e0e600d6c054bee73c7ae1a1b7432542a1e83f6ea6100c3e20d6ff3a1afdb3283610661acb594c2c79d0caa024827e8e90c0a6f767e1244ed1d74372020fab5593589c30ba"}, 0x51)
open$dir(&(0x7f0000000380)='./file0\x00', 0x2202, 0x44)
chmod(&(0x7f00000003c0)='./file0\x00', 0xe)
open(&(0x7f0000000400)='./file0\x00', 0x652042, 0x1)
open(&(0x7f0000000440)='./file0\x00', 0x430840, 0x28)
symlink(&(0x7f0000000480)='./file0\x00', &(0x7f00000004c0)='./file0\x00')
r1 = open(&(0x7f0000000500)='./file0\x00', 0x200201, 0x1)
fsync(r1)
setxattr$security_smack_transmute(&(0x7f0000000540)='./file0\x00', &(0x7f0000000580), &(0x7f00000005c0), 0x4, 0x4)
setxattr$user(&(0x7f0000000600)='./file0/file0\x00', &(0x7f0000000640), &(0x7f0000000680)=',\x00', 0x2, 0x0)
r2 = open(&(0x7f00000006c0)='./file0/file0\x00', 0x10200, 0x14a)
lseek(r2, 0x8, 0x2)
setxattr(&(0x7f0000000700)='./file0/file0\x00', &(0x7f0000000740)=@known='user.incfs.id\x00', &(0x7f0000000780)='security.ima\x00', 0xd, 0x3)
open$dir(&(0x7f00000007c0)='./file0/file0\x00', 0x200, 0x81)
---

end of program
2023/01/26 04:02:01 -----run executor: [/usr/bin/ssh -F /dev/null -o ConnectionAttempts=100 -o ConnectTimeout=120 -o UserKnownHostsFile=/dev/null -o BatchMode=yes -o IdentitiesOnly=yes -o StrictHostKeyChecking=no -o ConnectTimeout=100 -i /home/tlyu/dfs-fuzzing/disk-images/glusterfs-images/focal.id_rsa -v root@192.168.0.50 /root/syz-executor exec 0 0 glusterfs 3 4 192.168.0.50 0 "3 1 ''" false false false false false]
2023/01/26 04:02:01 -----run executor: [/usr/bin/ssh -F /dev/null -o ConnectionAttempts=100 -o ConnectTimeout=120 -o UserKnownHostsFile=/dev/null -o BatchMode=yes -o IdentitiesOnly=yes -o StrictHostKeyChecking=no -o ConnectTimeout=100 -i /home/tlyu/dfs-fuzzing/disk-images/glusterfs-images/focal.id_rsa -v root@192.168.0.51 /root/syz-executor exec 0 1 glusterfs 3 4 192.168.0.50 0 "3 1 ''" false false false false false]
2023/01/26 04:02:01 -----run executor: [/usr/bin/ssh -F /dev/null -o ConnectionAttempts=100 -o ConnectTimeout=120 -o UserKnownHostsFile=/dev/null -o BatchMode=yes -o IdentitiesOnly=yes -o StrictHostKeyChecking=no -o ConnectTimeout=100 -i /home/tlyu/dfs-fuzzing/disk-images/glusterfs-images/focal.id_rsa -v root@192.168.0.52 /root/syz-executor exec 0 2 glusterfs 3 4 192.168.0.50 0 "3 1 ''" false false false false false]
2023/01/26 04:02:01 -----run executor: [/usr/bin/ssh -F /dev/null -o ConnectionAttempts=100 -o ConnectTimeout=120 -o UserKnownHostsFile=/dev/null -o BatchMode=yes -o IdentitiesOnly=yes -o StrictHostKeyChecking=no -o ConnectTimeout=100 -i /home/tlyu/dfs-fuzzing/disk-images/glusterfs-images/focal.id_rsa -v root@192.168.0.53 /root/syz-executor exec 1 3 glusterfs 3 4 192.168.0.50 0 "3 1 ''" false false false false false]
OpenSSH_8.2p1 Ubuntu-4ubuntu0.5, OpenSSL 1.1.1f  31 Mar 2020
debug1: Reading configuration data /dev/null
OpenSSH_8.2p1 Ubuntu-4ubuntu0.5, OpenSSL 1.1.1f  31 Mar 2020
debug1: Reading configuration data /dev/null
debug1: Connecting to 192.168.0.50 [192.168.0.50] port 22.
debug1: Connecting to 192.168.0.51 [192.168.0.51] port 22.
OpenSSH_8.2p1 Ubuntu-4ubuntu0.5, OpenSSL 1.1.1f  31 Mar 2020
debug1: Reading configuration data /dev/null
debug1: fd 3 clearing O_NONBLOCK
debug1: fd 3 clearing O_NONBLOCK
debug1: Connection established.
debug1: Connection established.
debug1: identity file /home/tlyu/dfs-fuzzing/disk-images/glusterfs-images/focal.id_rsa type -1
debug1: identity file /home/tlyu/dfs-fuzzing/disk-images/glusterfs-images/focal.id_rsa-cert type -1
debug1: Local version string SSH-2.0-OpenSSH_8.2p1 Ubuntu-4ubuntu0.5
debug1: identity file /home/tlyu/dfs-fuzzing/disk-images/glusterfs-images/focal.id_rsa type -1
debug1: identity file /home/tlyu/dfs-fuzzing/disk-images/glusterfs-images/focal.id_rsa-cert type -1
debug1: Local version string SSH-2.0-OpenSSH_8.2p1 Ubuntu-4ubuntu0.5
OpenSSH_8.2p1 Ubuntu-4ubuntu0.5, OpenSSL 1.1.1f  31 Mar 2020
debug1: Reading configuration data /dev/null
debug1: Connecting to 192.168.0.52 [192.168.0.52] port 22.
debug1: Connecting to 192.168.0.53 [192.168.0.53] port 22.
debug1: fd 3 clearing O_NONBLOCK
debug1: Connection established.
debug1: identity file /home/tlyu/dfs-fuzzing/disk-images/glusterfs-images/focal.id_rsa type -1
debug1: identity file /home/tlyu/dfs-fuzzing/disk-images/glusterfs-images/focal.id_rsa-cert type -1
debug1: Local version string SSH-2.0-OpenSSH_8.2p1 Ubuntu-4ubuntu0.5
debug1: fd 3 clearing O_NONBLOCK
debug1: Connection established.
debug1: identity file /home/tlyu/dfs-fuzzing/disk-images/glusterfs-images/focal.id_rsa type -1
debug1: identity file /home/tlyu/dfs-fuzzing/disk-images/glusterfs-images/focal.id_rsa-cert type -1
debug1: Local version string SSH-2.0-OpenSSH_8.2p1 Ubuntu-4ubuntu0.5
debug1: Remote protocol version 2.0, remote software version OpenSSH_8.2p1 Ubuntu-4
debug1: match: OpenSSH_8.2p1 Ubuntu-4 pat OpenSSH* compat 0x04000000
debug1: Authenticating to 192.168.0.51:22 as 'root'
debug1: SSH2_MSG_KEXINIT sent
debug1: SSH2_MSG_KEXINIT received
debug1: kex: algorithm: curve25519-sha256
debug1: kex: host key algorithm: ecdsa-sha2-nistp256
debug1: kex: server->client cipher: chacha20-poly1305@openssh.com MAC: <implicit> compression: none
debug1: kex: client->server cipher: chacha20-poly1305@openssh.com MAC: <implicit> compression: none
debug1: Remote protocol version 2.0, remote software version OpenSSH_8.2p1 Ubuntu-4
debug1: match: OpenSSH_8.2p1 Ubuntu-4 pat OpenSSH* compat 0x04000000
debug1: Authenticating to 192.168.0.52:22 as 'root'
debug1: SSH2_MSG_KEXINIT sent
debug1: Remote protocol version 2.0, remote software version OpenSSH_8.2p1 Ubuntu-4
debug1: match: OpenSSH_8.2p1 Ubuntu-4 pat OpenSSH* compat 0x04000000
debug1: Authenticating to 192.168.0.50:22 as 'root'
debug1: SSH2_MSG_KEXINIT sent
debug1: Remote protocol version 2.0, remote software version OpenSSH_8.2p1 Ubuntu-4
debug1: match: OpenSSH_8.2p1 Ubuntu-4 pat OpenSSH* compat 0x04000000
debug1: Authenticating to 192.168.0.53:22 as 'root'
debug1: SSH2_MSG_KEXINIT sent
debug1: expecting SSH2_MSG_KEX_ECDH_REPLY
debug1: SSH2_MSG_KEXINIT received
debug1: kex: algorithm: curve25519-sha256
debug1: kex: host key algorithm: ecdsa-sha2-nistp256
debug1: kex: server->client cipher: chacha20-poly1305@openssh.com MAC: <implicit> compression: none
debug1: kex: client->server cipher: chacha20-poly1305@openssh.com MAC: <implicit> compression: none
debug1: SSH2_MSG_KEXINIT received
debug1: kex: algorithm: curve25519-sha256
debug1: kex: host key algorithm: ecdsa-sha2-nistp256
debug1: kex: server->client cipher: chacha20-poly1305@openssh.com MAC: <implicit> compression: none
debug1: kex: client->server cipher: chacha20-poly1305@openssh.com MAC: <implicit> compression: none
debug1: SSH2_MSG_KEXINIT received
debug1: kex: algorithm: curve25519-sha256
debug1: kex: host key algorithm: ecdsa-sha2-nistp256
debug1: kex: server->client cipher: chacha20-poly1305@openssh.com MAC: <implicit> compression: none
debug1: kex: client->server cipher: chacha20-poly1305@openssh.com MAC: <implicit> compression: none
debug1: expecting SSH2_MSG_KEX_ECDH_REPLY
debug1: Server host key: ecdsa-sha2-nistp256 SHA256:prHFi1G5XXPuzxIh2a5lJaY6ZWltf3+ajD/hEOIDid8
Warning: Permanently added '192.168.0.51' (ECDSA) to the list of known hosts.
debug1: expecting SSH2_MSG_KEX_ECDH_REPLY
debug1: expecting SSH2_MSG_KEX_ECDH_REPLY
debug1: rekey out after 134217728 blocks
debug1: SSH2_MSG_NEWKEYS sent
debug1: expecting SSH2_MSG_NEWKEYS
debug1: SSH2_MSG_NEWKEYS received
debug1: rekey in after 134217728 blocks
debug1: Will attempt key: /home/tlyu/dfs-fuzzing/disk-images/glusterfs-images/focal.id_rsa  explicit
debug1: SSH2_MSG_EXT_INFO received
debug1: kex_input_ext_info: server-sig-algs=<ssh-ed25519,sk-ssh-ed25519@openssh.com,ssh-rsa,rsa-sha2-256,rsa-sha2-512,ssh-dss,ecdsa-sha2-nistp256,ecdsa-sha2-nistp384,ecdsa-sha2-nistp521,sk-ecdsa-sha2-nistp256@openssh.com>
debug1: SSH2_MSG_SERVICE_ACCEPT received
debug1: Server host key: ecdsa-sha2-nistp256 SHA256:prHFi1G5XXPuzxIh2a5lJaY6ZWltf3+ajD/hEOIDid8
Warning: Permanently added '192.168.0.52' (ECDSA) to the list of known hosts.
debug1: Server host key: ecdsa-sha2-nistp256 SHA256:prHFi1G5XXPuzxIh2a5lJaY6ZWltf3+ajD/hEOIDid8
Warning: Permanently added '192.168.0.53' (ECDSA) to the list of known hosts.
debug1: Server host key: ecdsa-sha2-nistp256 SHA256:prHFi1G5XXPuzxIh2a5lJaY6ZWltf3+ajD/hEOIDid8
Warning: Permanently added '192.168.0.50' (ECDSA) to the list of known hosts.
debug1: rekey out after 134217728 blocks
debug1: SSH2_MSG_NEWKEYS sent
debug1: expecting SSH2_MSG_NEWKEYS
debug1: SSH2_MSG_NEWKEYS received
debug1: rekey in after 134217728 blocks
debug1: Will attempt key: /home/tlyu/dfs-fuzzing/disk-images/glusterfs-images/focal.id_rsa  explicit
debug1: SSH2_MSG_EXT_INFO received
debug1: kex_input_ext_info: server-sig-algs=<ssh-ed25519,sk-ssh-ed25519@openssh.com,ssh-rsa,rsa-sha2-256,rsa-sha2-512,ssh-dss,ecdsa-sha2-nistp256,ecdsa-sha2-nistp384,ecdsa-sha2-nistp521,sk-ecdsa-sha2-nistp256@openssh.com>
debug1: SSH2_MSG_SERVICE_ACCEPT received
debug1: rekey out after 134217728 blocks
debug1: SSH2_MSG_NEWKEYS sent
debug1: expecting SSH2_MSG_NEWKEYS
debug1: SSH2_MSG_NEWKEYS received
debug1: rekey in after 134217728 blocks
debug1: Will attempt key: /home/tlyu/dfs-fuzzing/disk-images/glusterfs-images/focal.id_rsa  explicit
debug1: SSH2_MSG_EXT_INFO received
debug1: kex_input_ext_info: server-sig-algs=<ssh-ed25519,sk-ssh-ed25519@openssh.com,ssh-rsa,rsa-sha2-256,rsa-sha2-512,ssh-dss,ecdsa-sha2-nistp256,ecdsa-sha2-nistp384,ecdsa-sha2-nistp521,sk-ecdsa-sha2-nistp256@openssh.com>
debug1: SSH2_MSG_SERVICE_ACCEPT received
debug1: rekey out after 134217728 blocks
debug1: SSH2_MSG_NEWKEYS sent
debug1: expecting SSH2_MSG_NEWKEYS
debug1: SSH2_MSG_NEWKEYS received
debug1: rekey in after 134217728 blocks
debug1: Will attempt key: /home/tlyu/dfs-fuzzing/disk-images/glusterfs-images/focal.id_rsa  explicit
debug1: SSH2_MSG_EXT_INFO received
debug1: kex_input_ext_info: server-sig-algs=<ssh-ed25519,sk-ssh-ed25519@openssh.com,ssh-rsa,rsa-sha2-256,rsa-sha2-512,ssh-dss,ecdsa-sha2-nistp256,ecdsa-sha2-nistp384,ecdsa-sha2-nistp521,sk-ecdsa-sha2-nistp256@openssh.com>
debug1: SSH2_MSG_SERVICE_ACCEPT received
debug1: Authentications that can continue: publickey,password
debug1: Next authentication method: publickey
debug1: Trying private key: /home/tlyu/dfs-fuzzing/disk-images/glusterfs-images/focal.id_rsa
debug1: Authentications that can continue: publickey,password
debug1: Next authentication method: publickey
debug1: Trying private key: /home/tlyu/dfs-fuzzing/disk-images/glusterfs-images/focal.id_rsa
debug1: Authentications that can continue: publickey,password
debug1: Next authentication method: publickey
debug1: Trying private key: /home/tlyu/dfs-fuzzing/disk-images/glusterfs-images/focal.id_rsa
debug1: Authentications that can continue: publickey,password
debug1: Next authentication method: publickey
debug1: Trying private key: /home/tlyu/dfs-fuzzing/disk-images/glusterfs-images/focal.id_rsa
debug1: Authentication succeeded (publickey).
Authenticated to 192.168.0.51 ([192.168.0.51]:22).
debug1: channel 0: new [client-session]
debug1: Requesting no-more-sessions@openssh.com
debug1: Entering interactive session.
debug1: pledge: network
debug1: Authentication succeeded (publickey).
Authenticated to 192.168.0.52 ([192.168.0.52]:22).
debug1: channel 0: new [client-session]
debug1: Requesting no-more-sessions@openssh.com
debug1: Entering interactive session.
debug1: pledge: network
debug1: Authentication succeeded (publickey).
Authenticated to 192.168.0.53 ([192.168.0.53]:22).
debug1: channel 0: new [client-session]
debug1: Requesting no-more-sessions@openssh.com
debug1: Entering interactive session.
debug1: pledge: network
debug1: Authentication succeeded (publickey).
Authenticated to 192.168.0.50 ([192.168.0.50]:22).
debug1: channel 0: new [client-session]
debug1: Requesting no-more-sessions@openssh.com
debug1: Entering interactive session.
debug1: pledge: network
debug1: client_input_global_request: rtype hostkeys-00@openssh.com want_reply 0
debug1: Remote: /root/.ssh/authorized_keys:1: key options: agent-forwarding port-forwarding pty user-rc x11-forwarding
debug1: client_input_global_request: rtype hostkeys-00@openssh.com want_reply 0
debug1: Remote: /root/.ssh/authorized_keys:1: key options: agent-forwarding port-forwarding pty user-rc x11-forwarding
debug1: client_input_global_request: rtype hostkeys-00@openssh.com want_reply 0
debug1: Remote: /root/.ssh/authorized_keys:1: key options: agent-forwarding port-forwarding pty user-rc x11-forwarding
debug1: client_input_global_request: rtype hostkeys-00@openssh.com want_reply 0
debug1: Remote: /root/.ssh/authorized_keys:1: key options: agent-forwarding port-forwarding pty user-rc x11-forwarding
debug1: Sending command: /root/syz-executor exec 0 1 glusterfs 3 4 192.168.0.50 0 "3 1 ''" false false false false false
debug1: Sending command: /root/syz-executor exec 0 2 glusterfs 3 4 192.168.0.50 0 "3 1 ''" false false false false false
debug1: Sending command: /root/syz-executor exec 0 0 glusterfs 3 4 192.168.0.50 0 "3 1 ''" false false false false false
syz_reboot() time executor starts at 1674702121:701878
----- is restarting 0
---- dfs_name glusterfs is_dfs_client 0
unlink FIFO failed: No such file or directory
[    0.000000] kernel: Linux version 5.15.0+ (tlyu@IC-RS3-DPC07) (gcc (Ubuntu 9.4.0-1ubuntu1~20.04.1) 9.4.0, GNU ld (GNU Binutils for Ubuntu) 2.34) #8 SMP Fri Jun 3 16:18:40 CEST 2022
[    0.000000] kernel: Command line: root=/dev/sda console=ttyS0 net.ifnames=0 ip=192.168.0.51
[    0.000000] kernel: x86/fpu: Supporting XSAVE feature 0x001: 'x87 floating point registers'
[    0.000000] kernel: x86/fpu: Supporting XSAVE feature 0x002: 'SSE registers'
[    0.000000] kernel: x86/fpu: Supporting XSAVE feature 0x004: 'AVX registers'
[    0.000000] kernel: x86/fpu: Supporting XSAVE feature 0x008: 'MPX bounds registers'
[    0.000000] kernel: x86/fpu: Supporting XSAVE feature 0x010: 'MPX CSR'
[    0.000000] kernel: x86/fpu: Supporting XSAVE feature 0x020: 'AVX-512 opmask'
[    0.000000] kernel: x86/fpu: Supporting XSAVE feature 0x040: 'AVX-512 Hi256'
[    0.000000] kernel: x86/fpu: Supporting XSAVE feature 0x080: 'AVX-512 ZMM_Hi256'
[    0.000000] kernel: x86/fpu: Supporting XSAVE feature 0xsyz_reboot() time executor starts at 1674702121:706540
----- is restarting 0
---- dfs_name glusterfs is_dfs_client 0
debug1: Sending command: /root/syz-executor exec 1 3 glusterfs 3 4 192.168.0.50 0 "3 1 ''" false false false false false
200: 'Protection Keys User registers'
[    0.000000] kernel: x86/fpu: xstate_offset[2]:  576, xstate_sizes[2]:  256
[    0.000000] kernel: x86/fpu: xstate_offset[3]:  832, xstate_sizes[3]:   64
[    0.000000] kernel: x86/fpu: xstate_offset[4]:  896, xstate_sizes[4]:   64
[    0.000000] kernel: x86/fpu: xstate_offset[5]:  960, xstate_sizes[5]:   64
[    0.000000] kernel: x86/fpu: xstate_offset[6]: 1024, xstate_sizes[6]:  512
[    0.000000] kernel: x86/fpu: xstate_offset[7]: 1536, xstate_sizes[7]: 1024
[    0.000000] kernel: x86/fpu: xstate_offset[9]: 2560, xstate_sizes[9]:    8
[    0.000000] kernel: x86/fpu: Enabled xstate features 0x2ff, context size is 2568 bytes, using 'compacted' format.
[    0.000000] kernel: signal: max sigframe size: 3632
[    0.000000] kernel: BIOS-provided physical RAM map:
[    0.000000] kernel: BIOS-e820: [mem 0x0000000000000000-0x000000000009fbff] usable
[    0.000000] kernel: BIOS-e820: [mem 0x000000000009fc00-0x000000000009ffff] reserved
[    0.000000] kernel: BIOS-e820: [mem 0x00000000000f0000-0x00000000000fffff] reserved
[    0.000000] kernel: BIOS-e820: [mem 0x0000000000100000-0x00000000bffdcfff] usable
[    0.000000] kernel: BIOS-e820: [mem 0x00000000bffdd000-0x00000000bfffffff] reserved
[    0.000000] kernel: BIOS-e820: [mem 0x00000000feffc000-0x00000000feffffff] reserved
[    0.000000] kernel: BIOS-e820: [mem 0x00000000fffc0000-0x00000000ffffffff] reserved
[    0.000000] kernel: BIOS-e820: [mem 0x0000000100000000-0x00000002bfffffff] usable
[    0.000000] kernel: NX (Execute Disable) protection: active
[    0.000000] kernel: SMBIOS 2.8 present.
[    0.000000] kernel: DMI: QEMU Standard PC (i440FX + PIIX, 1996), BIOS 1.13.0-1ubuntu1.1 04/01/2014
[    0.000000] kernel: Hypervisor detected: KVM
[    0.000000] kernel: kvm-clock: Using msrs 4b564d01 and 4b564d00
[    0.000000] kernel: kvm-clock: cpu 0, msr 18eb58001, primary cpu clock
[    0.000003] kernel: kvm-clock: using sched offset of 506854874 cycles
[    0.000016] kernel: clocsyz_reboot() time executor starts at 1674702121:703024
----- is restarting 0
---- dfs_name glusterfs is_dfs_client 0
ksource: kvm-clock: mask: 0xffffffffffffffff max_cycles: 0x1cd42e4dffb, max_idle_ns: 881590591483 ns
[    0.000038] kernel: tsc: Detected 2496.000 MHz processor
[    0.008293] kernel: e820: update [mem 0x00000000-0x00000fff] usable ==> reserved
[    0.008330] kernel: e820: remove [mem 0x000a0000-0x000fffff] usable
[    0.008354] kernel: last_pfn = 0x2c0000 max_arch_pfn = 0x400000000
[    0.008440] kernel: x86/PAT: Configuration [0-7]: WB  WC  UC- UC  WB  WP  UC- WT  
[    0.008457] kernel: last_pfn = 0xbffdd max_arch_pfn = 0x400000000
[    0.017796] kernel: found SMP MP-table at [mem 0x000f5c70-0x000f5c7f]
[    0.017886] kernel: Using GB pages for direct mapping
[    0.018906] kernel: ACPI: Early table checksum verification disabled
[    0.018922] kernel: ACPI: RSDP 0x00000000000F5A40 000014 (v00 BOCHS )
[    0.018958] kernel: ACPI: RSDT 0x00000000BFFE15C9 000030 (v01 BOCHS  BXPCRSDT 00000001 BXPC 00000001)
[    0.018994] kernel: ACPI: FACP 0x00000000BFFE149D 000074 (v01 BOCHS  BXPCFAunlink FIFO failed: No such file or directory
CP 00000001 BXPC 00000001)
[    0.019032] kernel: ACPI: DSDT 0x00000000BFFE0040 00145D (v01 BOCHS  BXPCDSDT 00000001 BXPC 00000001)
[    0.019063] kernel: ACPI: FACS 0x00000000BFFE0000 000040
[    0.019086] kernel: ACPI: APIC 0x00000000BFFE1511 000080 (v01 BOCHS  BXPCAPIC 00000001 BXPC 00000001)
[    0.019117] kernel: ACPI: HPET 0x00000000BFFE1591 000038 (v01 BOCHS  BXPCHPET 00000001 BXPC 00000001)
[    0.019147] kernel: ACPI: Reserving FACP table memory at [mem 0xbffe149d-0xbffe1510]
[    0.019163] kernel: ACPI: Reserving DSDT table memory at [mem 0xbffe0040-0xbffe149c]
[    0.019176] kernel: ACPI: Reserving FACS table memory at [mem 0xbffe0000-0xbffe003f]
[    0.019190] kernel: ACPI: Reserving APIC table memory at [mem 0xbffe1511-0xbffe1590]
[    0.019203] kernel: ACPI: Reserving HPET table memory at [mem 0xbffe1591-0xbffe15c8]
[    0.020691] kernel: No NUMA configuration found
[    0.020707] kernel: Faking a node at [mem 0x0000000000000000-0x00000002bfffffff]
[    0.020731] kernel:[    0.000000] kernel: Linux version 5.15.0+ (tlyu@IC-RS3-DPC07) (gcc (Ubuntu 9.4.0-1ubuntu1~20.04.1) 9.4.0, GNU ld (GNU Binutils for Ubuntu) 2.34) #8 SMP Fri Jun 3 16:18:40 CEST 2022
[    0.000000] kernel: Command line: root=/dev/sda console=ttyS0 net.ifnames=0 ip=192.168.0.52
[    0.000000] kernel: x86/fpu: Supporting XSAVE feature 0x001: 'x87 floating point registers'
[    0.000000] kernel: x86/fpu: Supporting XSAVE feature 0x002: 'SSE registers'
[    0.000000] kernel: x86/fpu: Supporting XSAVE feature 0x004: 'AVX registers'
[    0.000000] kernel: x86/fpu: Supporting XSAVE feature 0x008: 'MPX bounds registers'
[    0.000000] kernel: x86/fpu: Supporting XSAVE feature 0x010: 'MPX CSR'
[    0.000000] kernel: x86/fpu: Supporting XSAVE feature 0x020: 'AVX-512 opmask'
[    0.000000] kernel: x86/fpu: Supporting XSAVE feature 0x040: 'AVX-512 Hi256'
[    0.000000] kernel: x86/fpu: Supporting XSAVE feature 0x080: 'AVX-512 ZMM_Hi256'
[    0.000000] kernel: x86/fpu: Supporting XSAVE feature 0x NODE_DATA(0) allocated [mem 0x2bfffc000-0x2bfffffff]
[    0.021166] kernel: Zone ranges:
[    0.021178] kernel:   DMA      [mem 0x0000000000001000-0x0000000000ffffff]
[    0.021195] kernel:   DMA32    [mem 0x0000000001000000-0x00000000ffffffff]
[    0.021211] kernel:   Normal   [mem 0x0000000100000000-0x00000002bfffffff]
[    0.021226] kernel: Movable zone start for each node
[    0.021234] kernel: Early memory node ranges
[    0.021240] kernel:   node   0: [mem 0x0000000000001000-0x000000000009efff]
[    0.021254] kernel:   node   0: [mem 0x0000000000100000-0x00000000bffdcfff]
[    0.021268] kernel:   node   0: [mem 0x0000000100000000-0x00000002bfffffff]
[    0.021286] kernel: Initmem setup node 0 [mem 0x0000000000001000-0x00000002bfffffff]
[    0.021610] kernel: On node 0, zone DMA: 1 pages in unavailable ranges
[    0.021746] kernel: On node 0, zone DMA: 97 pages in unavailable ranges
[    0.129076] kernel: On node 0, zone Normal: 35 pages in unavailable ranges
[    0.521704] kern200: 'Protection Keys User registers'
[    0.000000] kernel: x86/fpu: xstate_offset[2]:  576, xstate_sizes[2]:  256
[    0.000000] kernel: x86/fpu: xstate_offset[3]:  832, xstate_sizes[3]:   64
[    0.000000] kernel: x86/fpu: xstate_offset[4]:  896, xstate_sizes[4]:   64
[    0.000000] kernel: x86/fpu: xstate_offset[5]:  960, xstate_sizes[5]:   64
[    0.000000] kernel: x86/fpu: xstate_offset[6]: 1024, xstate_sizes[6]:  512
[    0.000000] kernel: x86/fpu: xstate_offset[7]: 1536, xstate_sizes[7]: 1024
[    0.000000] kernel: x86/fpu: xstate_offset[9]: 2560, xstate_sizes[9]:    8
[    0.000000] kernel: x86/fpu: Enabled xstate features 0x2ff, context size is 2568 bytes, using 'compacted' format.
[    0.000000] kernel: signal: max sigframe size: 3632
[    0.000000] kernel: BIOS-provided physical RAM map:
[    0.000000] kernel: BIOS-e820: [mem 0x0000000000000000-0x000000000009fbff] usable
[    0.000000] kernel: BIOS-e820: [mem 0x000000000009fc00-0x000000000009ffff] reserved
[    0.000000] kexecutor 1 finishes userspace_cover_open
before receiving handshake request
req.flags ea3
----- executor 1 do_sandbox_none at begining
----- executor 1 do_sandbox_none before fork()
unlink FIFO failed: No such file or directory
el: kasan: KernelAddressSanitizer initialized
[    0.522200] kernel: ACPI: PM-Timer IO Port: 0x608
[    0.522231] kernel: ACPI: LAPIC_NMI (acpi_id[0xff] dfl dfl lint[0x1])
[    0.522297] kernel: IOAPIC[0]: apic_id 0, version 17, address 0xfec00000, GSI 0-23
[    0.522320] kernel: ACPI: INT_SRC_OVR (bus 0 bus_irq 0 global_irq 2 dfl dfl)
[    0.522336] kernel: ACPI: INT_SRC_OVR (bus 0 bus_irq 5 global_irq 5 high level)
[    0.522351] kernel: ACPI: INT_SRC_OVR (bus 0 bus_irq 9 global_irq 9 high level)
[    0.522367] kernel: ACPI: INT_SRC_OVR (bus 0 bus_irq 10 global_irq 10 high level)
[    0.522382] kernel: ACPI: INT_SRC_OVR (bus 0 bus_irq 11 global_irq 11 high level)
[    0.522409] kernel: ACPI: Using ACPI (MADT) for SMP configuration information
[    0.522418] kernel: ACPI: HPET id: 0x8086a201 base: 0xfed00000
[    0.522437] kernel: TSC deadline timer available
[    0.522445] kernel: smpboot: Allowing 2 CPUs, 0 hotplug CPUs
[    0.522493] kernel: kvm-guest: KVM setup pv remote TLB flusernel: BIOS-e820: [mem 0x00000000000f0000-0x00000000000fffff] reserved
[    0.000000] kernel: BIOS-e820: [mem 0x0000000000100000-0x00000000bffdcfff] usable
[    0.000000] kernel: BIOS-e820: [mem 0x00000000bffdd000-0x00000000bfffffff] reserved
[    0.000000] kernel: BIOS-e820: [mem 0x00000000feffc000-0x00000000feffffff] reserved
[    0.000000] kernel: BIOS-e820: [mem 0x00000000fffc0000-0x00000000ffffffff] reserved
[    0.000000] kernel: BIOS-e820: [mem 0x0000000100000000-0x00000002bfffffff] usable
[    0.000000] kernel: NX (Execute Disable) protection: active
[    0.000000] kernel: SMBIOS 2.8 present.
[    0.000000] kernel: DMI: QEMU Standard PC (i440FX + PIIX, 1996), BIOS 1.13.0-1ubuntu1.1 04/01/2014
[    0.000000] kernel: Hypervisor detected: KVM
[    0.000000] kernel: kvm-clock: Using msrs 4b564d01 and 4b564d00
[    0.000000] kernel: kvm-clock: cpu 0, msr 32d58001, primary cpu clock
[    0.000004] kernel: kvm-clock: using sched offset of 453462619 cycles
[    0.000022] kernel: clock[    0.000000] kernel: Linux version 5.15.0+ (tlyu@IC-RS3-DPC07) (gcc (Ubuntu 9.4.0-1ubuntu1~20.04.1) 9.4.0, GNU ld (GNU Binutils for Ubuntu) 2.34) #8 SMP Fri Jun 3 16:18:40 CEST 2022
[    0.000000] kernel: Command line: root=/dev/sda console=ttyS0 net.ifnames=0 ip=192.168.0.50
[    0.000000] kernel: x86/fpu: Supporting XSAVE feature 0x001: 'x87 floating point registers'
[    0.000000] kernel: x86/fpu: Supporting XSAVE feature 0x002: 'SSE registers'
[    0.000000] kernel: x86/fpu: Supporting XSAVE feature 0x004: 'AVX registers'
[    0.000000] kernel: x86/fpu: Supporting XSAVE feature 0x008: 'MPX bounds registers'
[    0.000000] kernel: x86/fpu: Supporting XSAVE feature 0x010: 'MPX CSR'
[    0.000000] kernel: x86/fpu: Supporting XSAVE feature 0x020: 'AVX-512 opmask'
[    0.000000] kernel: x86/fpu: Supporting XSAVE feature 0x040: 'AVX-512 Hi256'
[    0.000000] kernel: x86/fpu: Supporting XSAVE feature 0x080: 'AVX-512 ZMM_Hi256'
[    0.000000] kernel: x86/fpu: Supporting XSAVE feature 0xspawned loop pid 342
h
[    0.522505] kernel: kvm-guest: setup PV sched yield
[    0.522551] kernel: PM: hibernation: Registered nosave memory: [mem 0x00000000-0x00000fff]
[    0.522568] kernel: PM: hibernation: Registered nosave memory: [mem 0x0009f000-0x0009ffff]
[    0.522581] kernel: PM: hibernation: Registered nosave memory: [mem 0x000a0000-0x000effff]
[    0.522592] kernel: PM: hibernation: Registered nosave memory: [mem 0x000f0000-0x000fffff]
[    0.522608] kernel: PM: hibernation: Registered nosave memory: [mem 0xbffdd000-0xbfffffff]
[    0.522620] kernel: PM: hibernation: Registered nosave memory: [mem 0xc0000000-0xfeffbfff]
[    0.522632] kernel: PM: hibernation: Registered nosave memory: [mem 0xfeffc000-0xfeffffff]
[    0.522643] kernel: PM: hibernation: Registered nosave memory: [mem 0xff000000-0xfffbffff]
[    0.522655] kernel: PM: hibernation: Registered nosave memory: [mem 0xfffc0000-0xffffffff]
[    0.522670] kernel: [mem 0xc0000000-0xfeffbfff] available for PCI devices
[    0.522682] kernsource: kvm-clock: mask: 0xffffffffffffffff max_cycles: 0x1cd42e4dffb, max_idle_ns: 881590591483 ns
[    0.000051] kernel: tsc: Detected 2496.000 MHz processor
[    0.008587] kernel: e820: update [mem 0x00000000-0x00000fff] usable ==> reserved
[    0.008630] kernel: e820: remove [mem 0x000a0000-0x000fffff] usable
[    0.008661] kernel: last_pfn = 0x2c0000 max_arch_pfn = 0x400000000
[    0.008755] kernel: x86/PAT: Configuration [0-7]: WB  WC  UC- UC  WB  WP  UC- WT  
[    0.008776] kernel: last_pfn = 0xbffdd max_arch_pfn = 0x400000000
[    0.019772] kernel: found SMP MP-table at [mem 0x000f5c70-0x000f5c7f]
[    0.019875] kernel: Using GB pages for direct mapping
[    0.021409] kernel: ACPI: Early table checksum verification disabled
[    0.021428] kernel: ACPI: RSDP 0x00000000000F5A40 000014 (v00 BOCHS )
[    0.021470] kernel: ACPI: RSDT 0x00000000BFFE15C9 000030 (v01 BOCHS  BXPCRSDT 00000001 BXPC 00000001)
[    0.021513] kernel: ACPI: FACP 0x00000000BFFE149D 000074 (v01 BOCHS  BXPCFAC200: 'Protection Keys User registers'
[    0.000000] kernel: x86/fpu: xstate_offset[2]:  576, xstate_sizes[2]:  256
[    0.000000] kernel: x86/fpu: xstate_offset[3]:  832, xstate_sizes[3]:   64
[    0.000000] kernel: x86/fpu: xstate_offset[4]:  896, xstate_sizes[4]:   64
[    0.000000] kernel: x86/fpu: xstate_offset[5]:  960, xstate_sizes[5]:   64
[    0.000000] kernel: x86/fpu: xstate_offset[6]: 1024, xstate_sizes[6]:  512
[    0.000000] kernel: x86/fpu: xstate_offset[7]: 1536, xstate_sizes[7]: 1024
[    0.000000] kernel: x86/fpu: xstate_offset[9]: 2560, xstate_sizes[9]:    8
[    0.000000] kernel: x86/fpu: Enabled xstate features 0x2ff, context size is 2568 bytes, using 'compacted' format.
[    0.000000] kernel: signal: max sigframe size: 3632
[    0.000000] kernel: BIOS-provided physical RAM map:
[    0.000000] kernel: BIOS-e820: [mem 0x0000000000000000-0x000000000009fbff] usable
[    0.000000] kernel: BIOS-e820: [mem 0x000000000009fc00-0x000000000009ffff] reserved
[    0.000000] kel: Booting paravirtualized kernel on KVM
[    0.522694] kernel: clocksource: refined-jiffies: mask: 0xffffffff max_cycles: 0xffffffff, max_idle_ns: 1910969940391419 ns
[    0.540604] kernel: setup_percpu: NR_CPUS:64 nr_cpumask_bits:64 nr_cpu_ids:2 nr_node_ids:1
[    0.541339] kernel: percpu: Embedded 56 pages/cpu s191576 r8192 d29608 u1048576
[    0.541392] kernel: pcpu-alloc: s191576 r8192 d29608 u1048576 alloc=1*2097152
[    0.541415] kernel: pcpu-alloc: [0] 0 1 
[    0.541539] kernel: kvm-guest: setup async PF for cpu 0
[    0.541557] kernel: kvm-guest: stealtime: cpu 0, msr 26521f140
[    0.541578] kernel: Built 1 zonelists, mobility grouping on.  Total pages: 2580189
[    0.541594] kernel: Policy zone: Normal
[    0.541605] kernel: Kernel command line: root=/dev/sda console=ttyS0 net.ifnames=0 ip=192.168.0.51
[    0.546617] kernel: Dentry cache hash table entries: 2097152 (order: 12, 16777216 bytes, linear)
[    0.549023] kernel: Inode-cache hash table entries: 1048576 (order: 1P 00000001 BXPC 00000001)
[    0.021561] kernel: ACPI: DSDT 0x00000000BFFE0040 00145D (v01 BOCHS  BXPCDSDT 00000001 BXPC 00000001)
[    0.021600] kernel: ACPI: FACS 0x00000000BFFE0000 000040
[    0.021630] kernel: ACPI: APIC 0x00000000BFFE1511 000080 (v01 BOCHS  BXPCAPIC 00000001 BXPC 00000001)
[    0.021670] kernel: ACPI: HPET 0x00000000BFFE1591 000038 (v01 BOCHS  BXPCHPET 00000001 BXPC 00000001)
[    0.021707] kernel: ACPI: Reserving FACP table memory at [mem 0xbffe149d-0xbffe1510]
[    0.021726] kernel: ACPI: Reserving DSDT table memory at [mem 0xbffe0040-0xbffe149c]
[    0.021744] kernel: ACPI: Reserving FACS table memory at [mem 0xbffe0000-0xbffe003f]
[    0.021761] kernel: ACPI: Reserving APIC table memory at [mem 0xbffe1511-0xbffe1590]
[    0.021778] kernel: ACPI: Reserving HPET table memory at [mem 0xbffe1591-0xbffe15c8]
[    0.023296] kernel: No NUMA configuration found
[    0.023310] kernel: Faking a node at [mem 0x0000000000000000-0x00000002bfffffff]
[    0.023338] kernel: ernel: BIOS-e820: [mem 0x00000000000f0000-0x00000000000fffff] reserved
[    0.000000] kernel: BIOS-e820: [mem 0x0000000000100000-0x00000000bffdcfff] usable
[    0.000000] kernel: BIOS-e820: [mem 0x00000000bffdd000-0x00000000bfffffff] reserved
[    0.000000] kernel: BIOS-e820: [mem 0x00000000feffc000-0x00000000feffffff] reserved
[    0.000000] kernel: BIOS-e820: [mem 0x00000000fffc0000-0x00000000ffffffff] reserved
[    0.000000] kernel: BIOS-e820: [mem 0x0000000100000000-0x00000002bfffffff] usable
[    0.000000] kernel: NX (Execute Disable) protection: active
[    0.000000] kernel: SMBIOS 2.8 present.
[    0.000000] kernel: DMI: QEMU Standard PC (i440FX + PIIX, 1996), BIOS 1.13.0-1ubuntu1.1 04/01/2014
[    0.000000] kernel: Hypervisor detected: KVM
[    0.000000] kernel: kvm-clock: Using msrs 4b564d01 and 4b564d00
[    0.000000] kernel: kvm-clock: cpu 0, msr 48358001, primary cpu clock
[    0.000003] kernel: kvm-clock: using sched offset of 462835160 cycles
[    0.000013] kernel: clocksyz_reboot() time executor starts at 1674702121:644276
----- is restarting 0
---- dfs_name glusterfs is_dfs_client 1
1, 8388608 bytes, linear)
[    0.549211] kernel: mem auto-init: stack:off, heap alloc:off, heap free:off
[    0.838895] kernel: Memory: 8818316K/10485228K available (47117K kernel code, 10298K rwdata, 7204K rodata, 2068K init, 2860K bss, 1666656K reserved, 0K cma-reserved)
[    0.839323] kernel: SLUB: HWalign=64, Order=0-3, MinObjects=0, CPUs=2, Nodes=1
[    0.840047] kernel: rcu: Hierarchical RCU implementation.
[    0.840060] kernel: rcu:         RCU event tracing is enabled.
[    0.840069] kernel: rcu:         RCU restricting CPUs from NR_CPUS=64 to nr_cpu_ids=2.
[    0.840085] kernel: rcu: RCU calculated value of scheduler-enlistment delay is 100 jiffies.
[    0.840098] kernel: rcu: Adjusting geometry for rcu_fanout_leaf=16, nr_cpu_ids=2
[    0.856433] kernel: NR_IRQS: 4352, nr_irqs: 440, preallocated irqs: 16
[    0.857093] kernel: random: get_random_bytes called from start_kernel+0x22b/0x456 with crng_init=0
[    0.862610] kernel: Console: colour VGA+ 80x25
[    0.945688] kernelexecutor 2 finishes userspace_cover_open
before receiving handshake request
req.flags ea3
----- executor 2 do_sandbox_none at begining
----- executor 2 do_sandbox_none before fork()
NODE_DATA(0) allocated [mem 0x2bfffa000-0x2bfffdfff]
[    0.023466] kernel: Zone ranges:
[    0.023475] kernel:   DMA      [mem 0x0000000000001000-0x0000000000ffffff]
[    0.023495] kernel:   DMA32    [mem 0x0000000001000000-0x00000000ffffffff]
[    0.023515] kernel:   Normal   [mem 0x0000000100000000-0x00000002bfffffff]
[    0.023534] kernel: Movable zone start for each node
[    0.023543] kernel: Early memory node ranges
[    0.023552] kernel:   node   0: [mem 0x0000000000001000-0x000000000009efff]
[    0.023568] kernel:   node   0: [mem 0x0000000000100000-0x00000000bffdcfff]
[    0.023587] kernel:   node   0: [mem 0x0000000100000000-0x00000002bfffffff]
[    0.023607] kernel: Initmem setup node 0 [mem 0x0000000000001000-0x00000002bfffffff]
[    0.023946] kernel: On node 0, zone DMA: 1 pages in unavailable ranges
[    0.024083] kernel: On node 0, zone DMA: 97 pages in unavailable ranges
[    0.106083] kernel: On node 0, zone Normal: 35 pages in unavailable ranges
[    0.528187] kernesource: kvm-clock: mask: 0xffffffffffffffff max_cycles: 0x1cd42e4dffb, max_idle_ns: 881590591483 ns
[    0.000030] kernel: tsc: Detected 2496.000 MHz processor
[    0.006881] kernel: e820: update [mem 0x00000000-0x00000fff] usable ==> reserved
[    0.006908] kernel: e820: remove [mem 0x000a0000-0x000fffff] usable
[    0.006928] kernel: last_pfn = 0x2c0000 max_arch_pfn = 0x400000000
[    0.007008] kernel: x86/PAT: Configuration [0-7]: WB  WC  UC- UC  WB  WP  UC- WT  
[    0.007024] kernel: last_pfn = 0xbffdd max_arch_pfn = 0x400000000
[    0.015468] kernel: found SMP MP-table at [mem 0x000f5c70-0x000f5c7f]
[    0.015538] kernel: Using GB pages for direct mapping
[    0.016712] kernel: ACPI: Early table checksum verification disabled
[    0.016727] kernel: ACPI: RSDP 0x00000000000F5A40 000014 (v00 BOCHS )
[    0.016780] kernel: ACPI: RSDT 0x00000000BFFE15C9 000030 (v01 BOCHS  BXPCRSDT 00000001 BXPC 00000001)
[    0.016809] kernel: ACPI: FACP 0x00000000BFFE149D 000074 (v01 BOCHS  BXPCFACmount of binder at /dev/binderfs failed: 19
: printk: console [ttyS0] enabled
[    0.946219] kernel: ACPI: Core revision 20210730
[    0.946975] kernel: clocksource: hpet: mask: 0xffffffff max_cycles: 0xffffffff, max_idle_ns: 19112604467 ns
[    0.948023] kernel: APIC: Switch to symmetric I/O mode setup
[    0.948569] kernel: kvm-guest: setup PV IPIs
[    0.950213] kernel: ..TIMER: vector=0x30 apic1=0 pin1=2 apic2=-1 pin2=-1
[    0.950898] kernel: clocksource: tsc-early: mask: 0xffffffffffffffff max_cycles: 0x23fa772cf26, max_idle_ns: 440795269835 ns
[    0.952079] kernel: Calibrating delay loop (skipped) preset value.. 4992.00 BogoMIPS (lpj=2496000)
[    0.952962] kernel: pid_max: default: 32768 minimum: 301
[    0.953181] kernel: LSM: Security Framework initializing
[    0.954122] kernel: SELinux:  Initializing.
[    0.954667] kernel: Mount-cache hash table entries: 32768 (order: 6, 262144 bytes, linear)
[    0.955381] kernel: Mountpoint-cache hash table entries: 32768 (order: 6, 262144 bytes, linear)
[    0.957840] kernel: xmkdir(/syzcgroup/unified/syz0) failed: 2
mkdir(/syzcgroup/cpu/syz0) failed: 2
mkdir(/syzcgroup/net/syz0) failed: 2
executor 1 handshake send reply badf00d 10
spawned loop pid 342
l: kasan: KernelAddressSanitizer initialized
[    0.528616] kernel: ACPI: PM-Timer IO Port: 0x608
[    0.528650] kernel: ACPI: LAPIC_NMI (acpi_id[0xff] dfl dfl lint[0x1])
[    0.528701] kernel: IOAPIC[0]: apic_id 0, version 17, address 0xfec00000, GSI 0-23
[    0.528719] kernel: ACPI: INT_SRC_OVR (bus 0 bus_irq 0 global_irq 2 dfl dfl)
[    0.528732] kernel: ACPI: INT_SRC_OVR (bus 0 bus_irq 5 global_irq 5 high level)
[    0.528743] kernel: ACPI: INT_SRC_OVR (bus 0 bus_irq 9 global_irq 9 high level)
[    0.528755] kernel: ACPI: INT_SRC_OVR (bus 0 bus_irq 10 global_irq 10 high level)
[    0.528767] kernel: ACPI: INT_SRC_OVR (bus 0 bus_irq 11 global_irq 11 high level)
[    0.528788] kernel: ACPI: Using ACPI (MADT) for SMP configuration information
[    0.528796] kernel: ACPI: HPET id: 0x8086a201 base: 0xfed00000
[    0.528810] kernel: TSC deadline timer available
[    0.528817] kernel: smpboot: Allowing 2 CPUs, 0 hotplug CPUs
[    0.528854] kernel: kvm-guest: KVM setup pv remote TLB flushP 00000001 BXPC 00000001)
[    0.016838] kernel: ACPI: DSDT 0x00000000BFFE0040 00145D (v01 BOCHS  BXPCDSDT 00000001 BXPC 00000001)
[    0.016862] kernel: ACPI: FACS 0x00000000BFFE0000 000040
[    0.016880] kernel: ACPI: APIC 0x00000000BFFE1511 000080 (v01 BOCHS  BXPCAPIC 00000001 BXPC 00000001)
[    0.016912] kernel: ACPI: HPET 0x00000000BFFE1591 000038 (v01 BOCHS  BXPCHPET 00000001 BXPC 00000001)
[    0.016938] kernel: ACPI: Reserving FACP table memory at [mem 0xbffe149d-0xbffe1510]
[    0.016953] kernel: ACPI: Reserving DSDT table memory at [mem 0xbffe0040-0xbffe149c]
[    0.016968] kernel: ACPI: Reserving FACS table memory at [mem 0xbffe0000-0xbffe003f]
[    0.016983] kernel: ACPI: Reserving APIC table memory at [mem 0xbffe1511-0xbffe1590]
[    0.016993] kernel: ACPI: Reserving HPET table memory at [mem 0xbffe1591-0xbffe15c8]
[    0.017997] kernel: No NUMA configuration found
[    0.018008] kernel: Faking a node at [mem 0x0000000000000000-0x00000002bfffffff]
[    0.018027] kernel: 
[    0.528865] kernel: kvm-guest: setup PV sched yield
[    0.528919] kernel: PM: hibernation: Registered nosave memory: [mem 0x00000000-0x00000fff]
[    0.528941] kernel: PM: hibernation: Registered nosave memory: [mem 0x0009f000-0x0009ffff]
[    0.528956] kernel: PM: hibernation: Registered nosave memory: [mem 0x000a0000-0x000effff]
[    0.528971] kernel: PM: hibernation: Registered nosave memory: [mem 0x000f0000-0x000fffff]
[    0.528991] kernel: PM: hibernation: Registered nosave memory: [mem 0xbffdd000-0xbfffffff]
[    0.529006] kernel: PM: hibernation: Registered nosave memory: [mem 0xc0000000-0xfeffbfff]
[    0.529020] kernel: PM: hibernation: Registered nosave memory: [mem 0xfeffc000-0xfeffffff]
[    0.529034] kernel: PM: hibernation: Registered nosave memory: [mem 0xff000000-0xfffbffff]
[    0.529049] kernel: PM: hibernation: Registered nosave memory: [mem 0xfffc0000-0xffffffff]
[    0.529068] kernel: [mem 0xc0000000-0xfeffbfff] available for PCI devices
[    0.529082] kerneNODE_DATA(0) allocated [mem 0x2bfffa000-0x2bfffdfff]
[    0.018112] kernel: Zone ranges:
[    0.018118] kernel:   DMA      [mem 0x0000000000001000-0x0000000000ffffff]
[    0.018131] kernel:   DMA32    [mem 0x0000000001000000-0x00000000ffffffff]
[    0.018143] kernel:   Normal   [mem 0x0000000100000000-0x00000002bfffffff]
[    0.018154] kernel: Movable zone start for each node
[    0.018160] kernel: Early memory node ranges
[    0.018165] kernel:   node   0: [mem 0x0000000000001000-0x000000000009efff]
[    0.018175] kernel:   node   0: [mem 0x0000000000100000-0x00000000bffdcfff]
[    0.018186] kernel:   node   0: [mem 0x0000000100000000-0x00000002bfffffff]
[    0.018199] kernel: Initmem setup node 0 [mem 0x0000000000001000-0x00000002bfffffff]
[    0.018571] kernel: On node 0, zone DMA: 1 pages in unavailable ranges
[    0.018649] kernel: On node 0, zone DMA: 97 pages in unavailable ranges
[    0.108470] kernel: On node 0, zone Normal: 35 pages in unavailable ranges
[    0.533938] kernel: Booting paravirtualized kernel on KVM
[    0.529096] kernel: clocksource: refined-jiffies: mask: 0xffffffff max_cycles: 0xffffffff, max_idle_ns: 1910969940391419 ns
[    0.544639] kernel: setup_percpu: NR_CPUS:64 nr_cpumask_bits:64 nr_cpu_ids:2 nr_node_ids:1
[    0.545172] kernel: percpu: Embedded 56 pages/cpu s191576 r8192 d29608 u1048576
[    0.545213] kernel: pcpu-alloc: s191576 r8192 d29608 u1048576 alloc=1*2097152
[    0.545229] kernel: pcpu-alloc: [0] 0 1 
[    0.545329] kernel: kvm-guest: setup async PF for cpu 0
[    0.545342] kernel: kvm-guest: stealtime: cpu 0, msr 26521f140
[    0.545355] kernel: Built 1 zonelists, mobility grouping on.  Total pages: 2580189
[    0.545365] kernel: Policy zone: Normal
[    0.545373] kernel: Kernel command line: root=/dev/sda console=ttyS0 net.ifnames=0 ip=192.168.0.52
[    0.549391] kernel: Dentry cache hash table entries: 2097152 (order: 12, 16777216 bytes, linear)
[    0.551261] kernel: Inode-cache hash table entries: 1048576 (order: 11l: kasan: KernelAddressSanitizer initialized
[    0.534313] kernel: ACPI: PM-Timer IO Port: 0x608
[    0.534341] kernel: ACPI: LAPIC_NMI (acpi_id[0xff] dfl dfl lint[0x1])
[    0.534393] kernel: IOAPIC[0]: apic_id 0, version 17, address 0xfec00000, GSI 0-23
[    0.534411] kernel: ACPI: INT_SRC_OVR (bus 0 bus_irq 0 global_irq 2 dfl dfl)
[    0.534424] kernel: ACPI: INT_SRC_OVR (bus 0 bus_irq 5 global_irq 5 high level)
[    0.534436] kernel: ACPI: INT_SRC_OVR (bus 0 bus_irq 9 global_irq 9 high level)
[    0.534448] kernel: ACPI: INT_SRC_OVR (bus 0 bus_irq 10 global_irq 10 high level)
[    0.534460] kernel: ACPI: INT_SRC_OVR (bus 0 bus_irq 11 global_irq 11 high level)
[    0.534482] kernel: ACPI: Using ACPI (MADT) for SMP configuration information
[    0.534492] kernel: ACPI: HPET id: 0x8086a201 base: 0xfed00000
[    0.534507] kernel: TSC deadline timer available
[    0.534514] kernel: smpboot: Allowing 2 CPUs, 0 hotplug CPUs
[    0.534553] kernel: kvm-guest: KVM setup pv remote TLB flush, 8388608 bytes, linear)
[    0.551389] kernel: mem auto-init: stack:off, heap alloc:off, heap free:off
[    0.791181] kernel: Memory: 8818304K/10485228K available (47117K kernel code, 10298K rwdata, 7204K rodata, 2068K init, 2860K bss, 1666668K reserved, 0K cma-reserved)
[    0.791415] kernel: SLUB: HWalign=64, Order=0-3, MinObjects=0, CPUs=2, Nodes=1
[    0.791961] kernel: rcu: Hierarchical RCU implementation.
[    0.791970] kernel: rcu:         RCU event tracing is enabled.
[    0.791976] kernel: rcu:         RCU restricting CPUs from NR_CPUS=64 to nr_cpu_ids=2.
[    0.791987] kernel: rcu: RCU calculated value of scheduler-enlistment delay is 100 jiffies.
[    0.791995] kernel: rcu: Adjusting geometry for rcu_fanout_leaf=16, nr_cpu_ids=2
[    0.802627] kernel: NR_IRQS: 4352, nr_irqs: 440, preallocated irqs: 16
[    0.803120] kernel: random: get_random_bytes called from start_kernel+0x22b/0x456 with crng_init=0
[    0.807587] kernel: Console: colour VGA+ 80x25
[    0.888373] kernel:executor 0 finishes userspace_cover_open
before receiving handshake request
before receiving handshake request
[    0.000000] kernel: Linux version 5.15.0+ (tlyu@IC-RS3-DPC07) (gcc (Ubuntu 9.4.0-1ubuntu1~20.04.1) 9.4.0, GNU ld (GNU Binutils for Ubuntu) 2.34) #8 SMP Fri Jun 3 16:18:40 CEST 2022
[    0.000000] kernel: Command line: root=/dev/sda console=ttyS0 net.ifnames=0 ip=192.168.0.53
[    0.000000] kernel: x86/fpu: Supporting XSAVE feature 0x001: 'x87 floating point registers'
[    0.000000] kernel: x86/fpu: Supporting XSAVE feature 0x002: 'SSE registers'
[    0.000000] kernel: x86/fpu: Supporting XSAVE feature 0x004: 'AVX registers'
[    0.000000] kernel: x86/fpu: Supporting XSAVE feature 0x008: 'MPX bounds registers'
[    0.000000] kernel: x86/fpu: Supporting XSAVE feature 0x010: 'MPX CSR'
[    0.000000] kernel: x86/fpu: Supporting XSAVE feature 0x020: 'AVX-512 opmask'
[    0.000000] kernel: x86/fpu: Supporting XSAVE feature 0x040: 'AVX-512 Hi256'
[    0.000000] kernel: x86/fpu: Supporting XSAVE feature 0x080: 'AVX-512 ZMM_Hi256'
[    0.000000] kernel: x86/fpu: Supporting XSAVE feature 0x
[    0.534562] kernel: kvm-guest: setup PV sched yield
[    0.534601] kernel: PM: hibernation: Registered nosave memory: [mem 0x00000000-0x00000fff]
[    0.534615] kernel: PM: hibernation: Registered nosave memory: [mem 0x0009f000-0x0009ffff]
[    0.534624] kernel: PM: hibernation: Registered nosave memory: [mem 0x000a0000-0x000effff]
[    0.534633] kernel: PM: hibernation: Registered nosave memory: [mem 0x000f0000-0x000fffff]
[    0.534650] kernel: PM: hibernation: Registered nosave memory: [mem 0xbffdd000-0xbfffffff]
[    0.534659] kernel: PM: hibernation: Registered nosave memory: [mem 0xc0000000-0xfeffbfff]
[    0.534668] kernel: PM: hibernation: Registered nosave memory: [mem 0xfeffc000-0xfeffffff]
[    0.534677] kernel: PM: hibernation: Registered nosave memory: [mem 0xff000000-0xfffbffff]
[    0.534686] kernel: PM: hibernation: Registered nosave memory: [mem 0xfffc0000-0xffffffff]
[    0.534697] kernel: [mem 0xc0000000-0xfeffbfff] available for PCI devices
[    0.534706] kerne86/cpu: User Mode Instruction Prevention (UMIP) activated
[    0.958197] kernel: Last level iTLB entries: 4KB 0, 2MB 0, 4MB 0
[    0.959072] kernel: Last level dTLB entries: 4KB 0, 2MB 0, 4MB 0, 1GB 0
[    0.959742] kernel: Spectre V1 : Mitigation: usercopy/swapgs barriers and __user pointer sanitization
[    0.960972] kernel: Spectre V2 : Mitigation: Enhanced IBRS
[    0.961072] kernel: Spectre V2 : Spectre v2 / SpectreRSB mitigation: Filling RSB on context switch
[    0.962078] kernel: Spectre V2 : mitigation: Enabling conditional Indirect Branch Prediction Barrier
[    0.963076] kernel: Speculative Store Bypass: Mitigation: Speculative Store Bypass disabled via prctl and seccomp
[    0.990986] kernel: Freeing SMP alternatives memory: 40K
[    0.991295] kernel: smpboot: CPU0: 11th Gen Intel(R) Core(TM) i7-11700 @ 2.50GHz (family: 0x6, model: 0xa7, stepping: 0x1)
[    0.992391] kernel: Performance Events: Icelake events, 32-deep LBR, full-width counters, Intel PMU driver.
[    0.9930 printk: console [ttyS0] enabled
[    0.888935] kernel: ACPI: Core revision 20210730
[    0.889775] kernel: clocksource: hpet: mask: 0xffffffff max_cycles: 0xffffffff, max_idle_ns: 19112604467 ns
[    0.890936] kernel: APIC: Switch to symmetric I/O mode setup
[    0.891510] kernel: kvm-guest: setup PV IPIs
[    0.896748] kernel: ..TIMER: vector=0x30 apic1=0 pin1=2 apic2=-1 pin2=-1
[    0.897420] kernel: clocksource: tsc-early: mask: 0xffffffffffffffff max_cycles: 0x23fa772cf26, max_idle_ns: 440795269835 ns
[    0.898497] kernel: Calibrating delay loop (skipped) preset value.. 4992.00 BogoMIPS (lpj=2496000)
[    0.899491] kernel: pid_max: default: 32768 minimum: 301
[    0.900582] kernel: LSM: Security Framework initializing
[    0.901060] kernel: SELinux:  Initializing.
[    0.901651] kernel: Mount-cache hash table entries: 32768 (order: 6, 262144 bytes, linear)
[    0.902804] kernel: Mountpoint-cache hash table entries: 32768 (order: 6, 262144 bytes, linear)
[    0.904651] kernel: x8mount of binder at /dev/binderfs failed: 19
200: 'Protection Keys User registers'
[    0.000000] kernel: x86/fpu: xstate_offset[2]:  576, xstate_sizes[2]:  256
[    0.000000] kernel: x86/fpu: xstate_offset[3]:  832, xstate_sizes[3]:   64
[    0.000000] kernel: x86/fpu: xstate_offset[4]:  896, xstate_sizes[4]:   64
[    0.000000] kernel: x86/fpu: xstate_offset[5]:  960, xstate_sizes[5]:   64
[    0.000000] kernel: x86/fpu: xstate_offset[6]: 1024, xstate_sizes[6]:  512
[    0.000000] kernel: x86/fpu: xstate_offset[7]: 1536, xstate_sizes[7]: 1024
[    0.000000] kernel: x86/fpu: xstate_offset[9]: 2560, xstate_sizes[9]:    8
[    0.000000] kernel: x86/fpu: Enabled xstate features 0x2ff, context size is 2568 bytes, using 'compacted' format.
[    0.000000] kernel: signal: max sigframe size: 3632
[    0.000000] kernel: BIOS-provided physical RAM map:
[    0.000000] kernel: BIOS-e820: [mem 0x0000000000000000-0x000000000009fbff] usable
[    0.000000] kernel: BIOS-e820: [mem 0x000000000009fc00-0x000000000009ffff] reserved
[    0.000000] kmkdir(/syzcgroup/unified/syz0) failed: 2
l: Booting paravirtualized kernel on KVM
[    0.534715] kernel: clocksource: refined-jiffies: mask: 0xffffffff max_cycles: 0xffffffff, max_idle_ns: 1910969940391419 ns
[    0.550045] kernel: setup_percpu: NR_CPUS:64 nr_cpumask_bits:64 nr_cpu_ids:2 nr_node_ids:1
[    0.550717] kernel: percpu: Embedded 56 pages/cpu s191576 r8192 d29608 u1048576
[    0.550760] kernel: pcpu-alloc: s191576 r8192 d29608 u1048576 alloc=1*2097152
[    0.550781] kernel: pcpu-alloc: [0] 0 1 
[    0.550889] kernel: kvm-guest: setup async PF for cpu 0
[    0.550903] kernel: kvm-guest: stealtime: cpu 0, msr 26521f140
[    0.550917] kernel: Built 1 zonelists, mobility grouping on.  Total pages: 2580189
[    0.550931] kernel: Policy zone: Normal
[    0.550941] kernel: Kernel command line: root=/dev/sda console=ttyS0 net.ifnames=0 ip=192.168.0.50
[    0.556129] kernel: Dentry cache hash table entries: 2097152 (order: 12, 16777216 bytes, linear)
[    0.558648] kernel: Inode-cache hash table entries: 1048576 (order: 11mkdir(/syzcgroup/cpu/syz0) failed: 2
6/cpu: User Mode Instruction Prevention (UMIP) activated
[    0.905438] kernel: Last level iTLB entries: 4KB 0, 2MB 0, 4MB 0
[    0.905491] kernel: Last level dTLB entries: 4KB 0, 2MB 0, 4MB 0, 1GB 0
[    0.906503] kernel: Spectre V1 : Mitigation: usercopy/swapgs barriers and __user pointer sanitization
[    0.907498] kernel: Spectre V2 : Mitigation: Enhanced IBRS
[    0.908009] kernel: Spectre V2 : Spectre v2 / SpectreRSB mitigation: Filling RSB on context switch
[    0.908496] kernel: Spectre V2 : mitigation: Enabling conditional Indirect Branch Prediction Barrier
[    0.909494] kernel: Speculative Store Bypass: Mitigation: Speculative Store Bypass disabled via prctl and seccomp
[    0.943703] kernel: Freeing SMP alternatives memory: 40K
[    0.944430] kernel: smpboot: CPU0: 11th Gen Intel(R) Core(TM) i7-11700 @ 2.50GHz (family: 0x6, model: 0xa7, stepping: 0x1)
[    0.944850] kernel: Performance Events: Icelake events, 32-deep LBR, full-width counters, Intel PMU driver.
[    0.94549mkdir(/syzcgroup/net/syz0) failed: 2
executor 2 handshake send reply badf00d 10
ernel: BIOS-e820: [mem 0x00000000000f0000-0x00000000000fffff] reserved
[    0.000000] kernel: BIOS-e820: [mem 0x0000000000100000-0x00000000bffdffff] usable
[    0.000000] kernel: BIOS-e820: [mem 0x00000000bffe0000-0x00000000bfffffff] reserved
[    0.000000] kernel: BIOS-e820: [mem 0x00000000feffc000-0x00000000feffffff] reserved
[    0.000000] kernel: BIOS-e820: [mem 0x00000000fffc0000-0x00000000ffffffff] reserved
[    0.000000] kernel: BIOS-e820: [mem 0x0000000100000000-0x00000002bfffffff] usable
[    0.000000] kernel: NX (Execute Disable) protection: active
[    0.000000] kernel: SMBIOS 2.8 present.
[    0.000000] kernel: DMI: QEMU Standard PC (i440FX + PIIX, 1996), BIOS 1.13.0-1ubuntu1.1 04/01/2014
[    0.000000] kernel: Hypervisor detected: KVM
[    0.000000] kernel: kvm-clock: Using msrs 4b564d01 and 4b564d00
[    0.000000] kernel: kvm-clock: cpu 0, msr 59558001, primary cpu clock
[    0.000003] kernel: kvm-clock: using sched offset of 518952904 cycles
[    0.000019] kernel: clock, 8388608 bytes, linear)
[    0.558814] kernel: mem auto-init: stack:off, heap alloc:off, heap free:off
[    0.821081] kernel: Memory: 8818304K/10485228K available (47117K kernel code, 10298K rwdata, 7204K rodata, 2068K init, 2860K bss, 1666668K reserved, 0K cma-reserved)
[    0.821479] kernel: SLUB: HWalign=64, Order=0-3, MinObjects=0, CPUs=2, Nodes=1
[    0.822054] kernel: rcu: Hierarchical RCU implementation.
[    0.822067] kernel: rcu:         RCU event tracing is enabled.
[    0.822076] kernel: rcu:         RCU restricting CPUs from NR_CPUS=64 to nr_cpu_ids=2.
[    0.822092] kernel: rcu: RCU calculated value of scheduler-enlistment delay is 100 jiffies.
[    0.822105] kernel: rcu: Adjusting geometry for rcu_fanout_leaf=16, nr_cpu_ids=2
[    0.838229] kernel: NR_IRQS: 4352, nr_irqs: 440, preallocated irqs: 16
[    0.838870] kernel: random: get_random_bytes called from start_kernel+0x22b/0x456 with crng_init=0
[    0.844716] kernel: Console: colour VGA+ 80x25
[    0.927091] kernel:5] kernel: ... version:                2
[    0.945905] kernel: ... bit width:              48
[    0.946316] kernel: ... generic registers:      8
[    0.946493] kernel: ... value mask:             0000ffffffffffff
[    0.947137] kernel: ... max period:             00007fffffffffff
[    0.947492] kernel: ... fixed-purpose events:   3
[    0.947954] kernel: ... event mask:             00000007000000ff
[    0.948791] kernel: rcu: Hierarchical SRCU implementation.
[    0.951345] kernel: smp: Bringing up secondary CPUs ...
[    0.951824] kernel: x86: Booting SMP configuration:
[    0.952273] kernel: .... node  #0, CPUs:      #1
[    0.093464] kernel: kvm-clock: cpu 1, msr 32d58041, secondary cpu clock
[    0.093464] kernel: smpboot: CPU 1 Converting physical 0 to logical die 1
[    0.954531] kernel: kvm-guest: setup async PF for cpu 1
[    0.955051] kernel: kvm-guest: stealtime: cpu 1, msr 26531f140
[    0.955528] kernel: smp: Brought up 1 node, 2 CPUs
[    0.956023] kernel: smpboot: Max77] kernel: ... version:                2
[    0.993528] kernel: ... bit width:              48
