
Ubuntu 20.04 LTS dfs-fuzzing ttyS0


Ubuntu 20.04 LTS dfs-fuzzing ttyS0


Ubuntu 20.04 LTS dfs-fuzzing ttyS0


Ubuntu 20.04 LTS dfs-fuzzing ttyS0

2023/03/05 07:51:24 fuzzer started
2023/03/05 07:51:24 dialing manager at localhost:45159
2023/03/05 07:51:24 syscalls: 130
2023/03/05 07:51:24 code coverage: enabled
2023/03/05 07:51:24 comparison tracing: enabled
2023/03/05 07:51:24 extra coverage: enabled
2023/03/05 07:51:24 setuid sandbox: enabled
2023/03/05 07:51:24 namespace sandbox: /proc/self/ns/user does not exist
2023/03/05 07:51:24 Android sandbox: /sys/fs/selinux/policy can't be opened (open /sys/fs/selinux/policy: invalid argument)
2023/03/05 07:51:24 fault injection: CONFIG_FAULT_INJECTION_DEBUG_FS or CONFIG_FAILSLAB are not enabled
2023/03/05 07:51:24 leak checking: CONFIG_DEBUG_KMEMLEAK is not enabled
2023/03/05 07:51:24 net packet injection: /dev/net/tun does not exist
2023/03/05 07:51:24 net device setup: enabled
2023/03/05 07:51:24 concurrency sanitizer: /sys/kernel/debug/kcsan does not exist
2023/03/05 07:51:24 devlink PCI setup: enabled
2023/03/05 07:51:24 USB emulation: /dev/raw-gadget does not exist
2023/03/05 07:51:24 hci packet injection: /dev/vhci does not exist
2023/03/05 07:51:24 wifi device emulation: /sys/class/mac80211_hwsim/ does not exist
2023/03/05 07:51:24 802.15.4 emulation: /sys/bus/platform/devices/mac802154_hwsim does not exist
2023/03/05 07:51:25 deserializeInput: hasCrash true hasNet false
2023/03/05 07:51:25 prog length: 6
2023/03/05 07:51:25 prog length: 5
2023/03/05 07:51:25 deserializeInput: hasCrash true hasNet false
2023/03/05 07:51:25 prog length: 6
2023/03/05 07:51:25 prog length: 19
2023/03/05 07:51:25 deserializeInput: hasCrash true hasNet false
2023/03/05 07:51:25 prog length: 6
2023/03/05 07:51:25 prog length: 5
2023/03/05 07:51:25 deserializeInput: hasCrash true hasNet false
2023/03/05 07:51:25 prog length: 6
2023/03/05 07:51:25 prog length: 20
2023/03/05 07:51:25 deserializeInput: hasCrash true hasNet false
2023/03/05 07:51:25 prog length: 6
2023/03/05 07:51:25 prog length: 6
2023/03/05 07:51:25 prog length: 9
2023/03/05 07:51:25 deserializeInput: hasCrash true hasNet false
2023/03/05 07:51:25 prog length: 6
2023/03/05 07:51:25 prog length: 18
2023/03/05 07:51:25 deserializeInput: hasCrash true hasNet false
2023/03/05 07:51:25 prog length: 6
2023/03/05 07:51:25 prog length: 6
2023/03/05 07:51:25 prog length: 5
2023/03/05 07:51:25 deserializeInput: hasCrash true hasNet false
2023/03/05 07:51:25 prog length: 6
2023/03/05 07:51:25 prog length: 3
2023/03/05 07:51:25 deserializeInput: hasCrash true hasNet false
2023/03/05 07:51:25 prog length: 6
2023/03/05 07:51:25 prog length: 4
2023/03/05 07:51:25 deserializeInput: hasCrash false hasNet false
2023/03/05 07:51:25 prog length: 4
2023/03/05 07:51:25 deserializeInput: hasCrash true hasNet false
2023/03/05 07:51:25 prog length: 6
2023/03/05 07:51:25 prog length: 4
2023/03/05 07:51:25 deserializeInput: hasCrash false hasNet false
2023/03/05 07:51:25 prog length: 4
2023/03/05 07:51:25 deserializeInput: hasCrash false hasNet false
2023/03/05 07:51:25 prog length: 2
2023/03/05 07:51:25 deserializeInput: hasCrash true hasNet false
2023/03/05 07:51:25 prog length: 6
2023/03/05 07:51:25 prog length: 3
2023/03/05 07:51:25 deserializeInput: hasCrash true hasNet false
2023/03/05 07:51:25 prog length: 6
2023/03/05 07:51:25 prog length: 5
2023/03/05 07:51:25 deserializeInput: hasCrash false hasNet false
2023/03/05 07:51:25 prog length: 3
2023/03/05 07:51:25 deserializeInput: hasCrash false hasNet false
2023/03/05 07:51:25 prog length: 2
2023/03/05 07:51:25 deserializeInput: hasCrash true hasNet false
2023/03/05 07:51:25 prog length: 6
2023/03/05 07:51:25 prog length: 6
2023/03/05 07:51:25 deserializeInput: hasCrash true hasNet false
2023/03/05 07:51:25 prog length: 6
2023/03/05 07:51:25 prog length: 4
2023/03/05 07:51:25 deserializeInput: hasCrash true hasNet false
2023/03/05 07:51:25 prog length: 6
2023/03/05 07:51:25 prog length: 6
2023/03/05 07:51:25 prog length: 6
2023/03/05 07:51:25 prog length: 7
2023/03/05 07:51:25 deserializeInput: hasCrash true hasNet false
2023/03/05 07:51:25 prog length: 6
2023/03/05 07:51:25 prog length: 4
2023/03/05 07:51:25 deserializeInput: hasCrash true hasNet false
2023/03/05 07:51:25 prog length: 6
2023/03/05 07:51:25 prog length: 10
2023/03/05 07:51:25 deserializeInput: hasCrash true hasNet false
2023/03/05 07:51:25 prog length: 6
2023/03/05 07:51:25 prog length: 6
2023/03/05 07:51:25 prog length: 6
2023/03/05 07:51:25 deserializeInput: hasCrash true hasNet false
2023/03/05 07:51:25 prog length: 6
2023/03/05 07:51:25 prog length: 6
2023/03/05 07:51:25 prog length: 8
2023/03/05 07:51:25 deserializeInput: hasCrash true hasNet false
2023/03/05 07:51:25 prog length: 6
2023/03/05 07:51:25 prog length: 3
2023/03/05 07:51:25 deserializeInput: hasCrash true hasNet false
2023/03/05 07:51:25 prog length: 6
2023/03/05 07:51:25 prog length: 4
2023/03/05 07:51:25 deserializeInput: hasCrash true hasNet false
2023/03/05 07:51:25 prog length: 6
2023/03/05 07:51:25 prog length: 9
2023/03/05 07:51:25 deserializeInput: hasCrash true hasNet false
2023/03/05 07:51:25 prog length: 6
2023/03/05 07:51:25 prog length: 6
2023/03/05 07:51:25 deserializeInput: hasCrash true hasNet false
2023/03/05 07:51:25 prog length: 6
2023/03/05 07:51:25 prog length: 15
2023/03/05 07:51:25 deserializeInput: hasCrash true hasNet false
2023/03/05 07:51:25 prog length: 6
2023/03/05 07:51:25 prog length: 20
2023/03/05 07:51:25 deserializeInput: hasCrash true hasNet false
2023/03/05 07:51:25 prog length: 6
2023/03/05 07:51:25 prog length: 11
2023/03/05 07:51:25 deserializeInput: hasCrash true hasNet false
2023/03/05 07:51:25 prog length: 6
2023/03/05 07:51:25 prog length: 13
2023/03/05 07:51:25 deserializeInput: hasCrash true hasNet true
2023/03/05 07:51:25 prog length: 6
2023/03/05 07:51:25 prog length: 6
2023/03/05 07:51:25 prog length: 6
2023/03/05 07:51:25 prog length: 7
2023/03/05 07:51:25 deserializeInput: hasCrash true hasNet false
2023/03/05 07:51:25 prog length: 6
2023/03/05 07:51:25 prog length: 4
2023/03/05 07:51:25 deserializeInput: hasCrash false hasNet false
2023/03/05 07:51:25 prog length: 3
2023/03/05 07:51:25 deserializeInput: hasCrash true hasNet false
2023/03/05 07:51:25 prog length: 6
2023/03/05 07:51:25 prog length: 6
2023/03/05 07:51:25 prog length: 12
2023/03/05 07:51:25 deserializeInput: hasCrash false hasNet false
2023/03/05 07:51:25 prog length: 3
2023/03/05 07:51:25 deserializeInput: hasCrash false hasNet false
2023/03/05 07:51:25 prog length: 4
2023/03/05 07:51:25 deserializeInput: hasCrash true hasNet false
2023/03/05 07:51:25 prog length: 6
2023/03/05 07:51:25 prog length: 6
2023/03/05 07:51:25 prog length: 6
2023/03/05 07:51:25 deserializeInput: hasCrash true hasNet false
2023/03/05 07:51:25 prog length: 6
2023/03/05 07:51:25 prog length: 5
2023/03/05 07:51:25 deserializeInput: hasCrash false hasNet false
2023/03/05 07:51:25 prog length: 2
2023/03/05 07:51:25 deserializeInput: hasCrash false hasNet false
2023/03/05 07:51:25 prog length: 1
2023/03/05 07:51:25 deserializeInput: hasCrash true hasNet false
2023/03/05 07:51:25 prog length: 6
2023/03/05 07:51:25 prog length: 6
2023/03/05 07:51:25 prog length: 15
2023/03/05 07:51:25 deserializeInput: hasCrash true hasNet false
2023/03/05 07:51:25 prog length: 6
2023/03/05 07:51:25 prog length: 20
2023/03/05 07:51:25 deserializeInput: hasCrash false hasNet false
2023/03/05 07:51:25 prog length: 1
2023/03/05 07:51:25 deserializeInput: hasCrash true hasNet false
2023/03/05 07:51:25 prog length: 6
2023/03/05 07:51:25 prog length: 19
2023/03/05 07:51:25 deserializeInput: hasCrash true hasNet false
2023/03/05 07:51:25 prog length: 6
2023/03/05 07:51:25 prog length: 6
2023/03/05 07:51:25 prog length: 6
2023/03/05 07:51:25 prog length: 7
2023/03/05 07:51:25 deserializeInput: hasCrash false hasNet false
2023/03/05 07:51:25 prog length: 2
2023/03/05 07:51:25 deserializeInput: hasCrash true hasNet false
2023/03/05 07:51:25 prog length: 6
2023/03/05 07:51:25 prog length: 3
2023/03/05 07:51:25 deserializeInput: hasCrash true hasNet false
2023/03/05 07:51:25 prog length: 6
2023/03/05 07:51:25 prog length: 20
2023/03/05 07:51:25 fetching corpus: 50, signal 7657/61496/68419 (executing program)
2023/03/05 07:51:26 deserializeInput: hasCrash true hasNet false
2023/03/05 07:51:26 prog length: 6
2023/03/05 07:51:26 prog length: 6
2023/03/05 07:51:26 deserializeInput: hasCrash true hasNet false
2023/03/05 07:51:26 prog length: 6
2023/03/05 07:51:26 prog length: 5
2023/03/05 07:51:26 deserializeInput: hasCrash true hasNet false
2023/03/05 07:51:26 prog length: 6
2023/03/05 07:51:26 prog length: 5
2023/03/05 07:51:26 deserializeInput: hasCrash true hasNet false
2023/03/05 07:51:26 prog length: 6
2023/03/05 07:51:26 prog length: 3
2023/03/05 07:51:26 deserializeInput: hasCrash true hasNet false
2023/03/05 07:51:26 prog length: 6
2023/03/05 07:51:26 prog length: 18
2023/03/05 07:51:26 deserializeInput: hasCrash true hasNet false
2023/03/05 07:51:26 prog length: 6
2023/03/05 07:51:26 prog length: 11
2023/03/05 07:51:26 deserializeInput: hasCrash true hasNet false
2023/03/05 07:51:26 prog length: 6
2023/03/05 07:51:26 prog length: 4
2023/03/05 07:51:26 deserializeInput: hasCrash true hasNet false
2023/03/05 07:51:26 prog length: 6
2023/03/05 07:51:26 prog length: 20
2023/03/05 07:51:26 deserializeInput: hasCrash false hasNet false
2023/03/05 07:51:26 prog length: 4
2023/03/05 07:51:26 deserializeInput: hasCrash true hasNet false
2023/03/05 07:51:26 prog length: 6
2023/03/05 07:51:26 prog length: 20
2023/03/05 07:51:26 deserializeInput: hasCrash true hasNet false
2023/03/05 07:51:26 prog length: 6
2023/03/05 07:51:26 prog length: 15
2023/03/05 07:51:26 deserializeInput: hasCrash true hasNet false
2023/03/05 07:51:26 prog length: 6
2023/03/05 07:51:26 prog length: 17
2023/03/05 07:51:26 deserializeInput: hasCrash true hasNet false
2023/03/05 07:51:26 prog length: 6
2023/03/05 07:51:26 prog length: 3
2023/03/05 07:51:26 deserializeInput: hasCrash true hasNet false
2023/03/05 07:51:26 prog length: 6
2023/03/05 07:51:26 prog length: 4
2023/03/05 07:51:26 deserializeInput: hasCrash true hasNet false
2023/03/05 07:51:26 prog length: 6
2023/03/05 07:51:26 prog length: 4
2023/03/05 07:51:26 deserializeInput: hasCrash true hasNet false
2023/03/05 07:51:26 prog length: 6
2023/03/05 07:51:26 prog length: 6
2023/03/05 07:51:26 prog length: 6
2023/03/05 07:51:26 prog length: 7
2023/03/05 07:51:26 deserializeInput: hasCrash true hasNet false
2023/03/05 07:51:26 prog length: 6
2023/03/05 07:51:26 prog length: 9
2023/03/05 07:51:26 deserializeInput: hasCrash true hasNet false
2023/03/05 07:51:26 prog length: 6
2023/03/05 07:51:26 prog length: 20
2023/03/05 07:51:26 deserializeInput: hasCrash true hasNet false
2023/03/05 07:51:26 prog length: 6
2023/03/05 07:51:26 prog length: 3
2023/03/05 07:51:26 deserializeInput: hasCrash true hasNet false
2023/03/05 07:51:26 prog length: 6
2023/03/05 07:51:26 prog length: 6
2023/03/05 07:51:26 deserializeInput: hasCrash true hasNet false
2023/03/05 07:51:26 prog length: 6
2023/03/05 07:51:26 prog length: 20
2023/03/05 07:51:26 deserializeInput: hasCrash true hasNet false
2023/03/05 07:51:26 prog length: 6
2023/03/05 07:51:26 prog length: 20
2023/03/05 07:51:26 deserializeInput: hasCrash true hasNet false
2023/03/05 07:51:26 prog length: 6
2023/03/05 07:51:26 prog length: 7
2023/03/05 07:51:26 deserializeInput: hasCrash true hasNet false
2023/03/05 07:51:26 prog length: 6
2023/03/05 07:51:26 prog length: 6
2023/03/05 07:51:26 deserializeInput: hasCrash false hasNet false
2023/03/05 07:51:26 prog length: 2
2023/03/05 07:51:26 deserializeInput: hasCrash true hasNet false
2023/03/05 07:51:26 prog length: 6
2023/03/05 07:51:26 prog length: 6
2023/03/05 07:51:26 prog length: 13
2023/03/05 07:51:26 deserializeInput: hasCrash true hasNet false
2023/03/05 07:51:26 prog length: 6
2023/03/05 07:51:26 prog length: 20
2023/03/05 07:51:26 deserializeInput: hasCrash true hasNet false
2023/03/05 07:51:26 prog length: 6
2023/03/05 07:51:26 prog length: 15
2023/03/05 07:51:26 deserializeInput: hasCrash true hasNet false
2023/03/05 07:51:26 prog length: 6
2023/03/05 07:51:26 prog length: 19
2023/03/05 07:51:26 deserializeInput: hasCrash true hasNet false
2023/03/05 07:51:26 prog length: 6
2023/03/05 07:51:26 prog length: 6
2023/03/05 07:51:26 prog length: 6
2023/03/05 07:51:26 deserializeInput: hasCrash true hasNet false
2023/03/05 07:51:26 prog length: 6
2023/03/05 07:51:26 prog length: 4
2023/03/05 07:51:26 deserializeInput: hasCrash true hasNet false
2023/03/05 07:51:26 prog length: 6
2023/03/05 07:51:26 prog length: 19
2023/03/05 07:51:26 deserializeInput: hasCrash false hasNet false
2023/03/05 07:51:26 prog length: 2
2023/03/05 07:51:26 deserializeInput: hasCrash true hasNet false
2023/03/05 07:51:26 prog length: 6
2023/03/05 07:51:26 prog length: 20
2023/03/05 07:51:26 deserializeInput: hasCrash true hasNet false
2023/03/05 07:51:26 prog length: 6
2023/03/05 07:51:26 prog length: 7
2023/03/05 07:51:26 deserializeInput: hasCrash true hasNet false
2023/03/05 07:51:26 prog length: 6
2023/03/05 07:51:26 prog length: 6
2023/03/05 07:51:26 prog length: 14
2023/03/05 07:51:26 deserializeInput: hasCrash true hasNet false
2023/03/05 07:51:26 prog length: 6
2023/03/05 07:51:26 prog length: 3
2023/03/05 07:51:26 deserializeInput: hasCrash true hasNet false
2023/03/05 07:51:26 prog length: 6
2023/03/05 07:51:26 prog length: 5
2023/03/05 07:51:26 deserializeInput: hasCrash false hasNet false
2023/03/05 07:51:26 prog length: 3
2023/03/05 07:51:26 deserializeInput: hasCrash true hasNet false
2023/03/05 07:51:26 prog length: 6
2023/03/05 07:51:26 prog length: 4
2023/03/05 07:51:26 deserializeInput: hasCrash true hasNet false
2023/03/05 07:51:26 prog length: 6
2023/03/05 07:51:26 prog length: 3
2023/03/05 07:51:26 deserializeInput: hasCrash true hasNet false
2023/03/05 07:51:26 prog length: 6
2023/03/05 07:51:26 prog length: 5
2023/03/05 07:51:26 deserializeInput: hasCrash true hasNet false
2023/03/05 07:51:26 prog length: 6
2023/03/05 07:51:26 prog length: 6
2023/03/05 07:51:26 deserializeInput: hasCrash true hasNet false
2023/03/05 07:51:26 prog length: 6
2023/03/05 07:51:26 prog length: 7
2023/03/05 07:51:26 deserializeInput: hasCrash true hasNet false
2023/03/05 07:51:26 prog length: 6
2023/03/05 07:51:26 prog length: 3
2023/03/05 07:51:26 deserializeInput: hasCrash true hasNet false
2023/03/05 07:51:26 prog length: 6
2023/03/05 07:51:26 prog length: 14
2023/03/05 07:51:26 deserializeInput: hasCrash true hasNet false
2023/03/05 07:51:26 prog length: 6
2023/03/05 07:51:26 prog length: 6
2023/03/05 07:51:26 prog length: 10
2023/03/05 07:51:26 deserializeInput: hasCrash true hasNet false
2023/03/05 07:51:26 prog length: 6
2023/03/05 07:51:26 prog length: 7
2023/03/05 07:51:26 deserializeInput: hasCrash true hasNet false
2023/03/05 07:51:26 prog length: 6
2023/03/05 07:51:26 prog length: 6
2023/03/05 07:51:26 deserializeInput: hasCrash true hasNet false
2023/03/05 07:51:26 prog length: 6
2023/03/05 07:51:26 prog length: 5
2023/03/05 07:51:26 fetching corpus: 100, signal 8261/68694/77069 (executing program)
2023/03/05 07:51:26 deserializeInput: hasCrash true hasNet false
2023/03/05 07:51:26 prog length: 6
2023/03/05 07:51:26 prog length: 17
2023/03/05 07:51:26 deserializeInput: hasCrash true hasNet false
2023/03/05 07:51:26 prog length: 6
2023/03/05 07:51:26 prog length: 6
2023/03/05 07:51:26 prog length: 7
2023/03/05 07:51:26 deserializeInput: hasCrash true hasNet false
2023/03/05 07:51:26 prog length: 6
2023/03/05 07:51:26 prog length: 5
2023/03/05 07:51:26 deserializeInput: hasCrash true hasNet false
2023/03/05 07:51:26 prog length: 6
2023/03/05 07:51:26 prog length: 3
2023/03/05 07:51:26 deserializeInput: hasCrash true hasNet false
2023/03/05 07:51:26 prog length: 6
2023/03/05 07:51:26 prog length: 20
2023/03/05 07:51:26 deserializeInput: hasCrash true hasNet false
2023/03/05 07:51:26 prog length: 6
2023/03/05 07:51:26 prog length: 6
2023/03/05 07:51:26 deserializeInput: hasCrash true hasNet false
2023/03/05 07:51:26 prog length: 6
2023/03/05 07:51:26 prog length: 3
2023/03/05 07:51:26 deserializeInput: hasCrash true hasNet false
2023/03/05 07:51:27 prog length: 6
2023/03/05 07:51:27 prog length: 17
2023/03/05 07:51:27 deserializeInput: hasCrash true hasNet false
2023/03/05 07:51:27 prog length: 6
2023/03/05 07:51:27 prog length: 6
2023/03/05 07:51:27 prog length: 6
2023/03/05 07:51:27 prog length: 8
2023/03/05 07:51:27 deserializeInput: hasCrash true hasNet false
2023/03/05 07:51:27 prog length: 6
2023/03/05 07:51:27 prog length: 13
2023/03/05 07:51:27 deserializeInput: hasCrash true hasNet false
2023/03/05 07:51:27 prog length: 6
2023/03/05 07:51:27 prog length: 6
2023/03/05 07:51:27 prog length: 6
2023/03/05 07:51:27 deserializeInput: hasCrash true hasNet false
2023/03/05 07:51:27 prog length: 6
2023/03/05 07:51:27 prog length: 4
2023/03/05 07:51:27 deserializeInput: hasCrash true hasNet false
2023/03/05 07:51:27 prog length: 6
2023/03/05 07:51:27 prog length: 6
2023/03/05 07:51:27 prog length: 6
2023/03/05 07:51:27 prog length: 8
2023/03/05 07:51:27 deserializeInput: hasCrash true hasNet false
2023/03/05 07:51:27 prog length: 6
2023/03/05 07:51:27 prog length: 19
2023/03/05 07:51:27 deserializeInput: hasCrash true hasNet false
2023/03/05 07:51:27 prog length: 6
2023/03/05 07:51:27 prog length: 11
2023/03/05 07:51:27 deserializeInput: hasCrash false hasNet false
2023/03/05 07:51:27 prog length: 9
2023/03/05 07:51:27 deserializeInput: hasCrash true hasNet false
2023/03/05 07:51:27 prog length: 6
2023/03/05 07:51:27 prog length: 3
2023/03/05 07:51:27 deserializeInput: hasCrash true hasNet false
2023/03/05 07:51:27 prog length: 6
2023/03/05 07:51:27 prog length: 19
2023/03/05 07:51:27 deserializeInput: hasCrash true hasNet false
2023/03/05 07:51:27 prog length: 6
2023/03/05 07:51:27 prog length: 4
2023/03/05 07:51:27 deserializeInput: hasCrash true hasNet false
2023/03/05 07:51:27 prog length: 6
2023/03/05 07:51:27 prog length: 20
2023/03/05 07:51:27 deserializeInput: hasCrash true hasNet false
2023/03/05 07:51:27 prog length: 6
2023/03/05 07:51:27 prog length: 4
2023/03/05 07:51:27 deserializeInput: hasCrash true hasNet false
2023/03/05 07:51:27 prog length: 6
2023/03/05 07:51:27 prog length: 20
2023/03/05 07:51:27 deserializeInput: hasCrash true hasNet false
2023/03/05 07:51:27 prog length: 6
2023/03/05 07:51:27 prog length: 5
2023/03/05 07:51:27 deserializeInput: hasCrash true hasNet false
2023/03/05 07:51:27 prog length: 6
2023/03/05 07:51:27 prog length: 3
2023/03/05 07:51:27 deserializeInput: hasCrash true hasNet false
2023/03/05 07:51:27 prog length: 6
2023/03/05 07:51:27 prog length: 20
2023/03/05 07:51:27 deserializeInput: hasCrash true hasNet false
2023/03/05 07:51:27 prog length: 6
2023/03/05 07:51:27 prog length: 6
2023/03/05 07:51:27 prog length: 6
2023/03/05 07:51:27 deserializeInput: hasCrash true hasNet false
2023/03/05 07:51:27 prog length: 6
2023/03/05 07:51:27 prog length: 7
2023/03/05 07:51:27 deserializeInput: hasCrash false hasNet false
2023/03/05 07:51:27 prog length: 4
2023/03/05 07:51:27 deserializeInput: hasCrash false hasNet false
2023/03/05 07:51:27 prog length: 2
2023/03/05 07:51:27 deserializeInput: hasCrash true hasNet false
2023/03/05 07:51:27 prog length: 6
2023/03/05 07:51:27 prog length: 5
2023/03/05 07:51:27 deserializeInput: hasCrash true hasNet false
2023/03/05 07:51:27 prog length: 6
2023/03/05 07:51:27 prog length: 7
2023/03/05 07:51:27 deserializeInput: hasCrash true hasNet false
2023/03/05 07:51:27 prog length: 6
2023/03/05 07:51:27 prog length: 3
2023/03/05 07:51:27 deserializeInput: hasCrash true hasNet false
2023/03/05 07:51:27 prog length: 6
2023/03/05 07:51:27 prog length: 7
2023/03/05 07:51:27 deserializeInput: hasCrash true hasNet false
2023/03/05 07:51:27 prog length: 6
2023/03/05 07:51:27 prog length: 4
2023/03/05 07:51:27 deserializeInput: hasCrash true hasNet false
2023/03/05 07:51:27 prog length: 6
2023/03/05 07:51:27 prog length: 19
2023/03/05 07:51:27 deserializeInput: hasCrash true hasNet false
2023/03/05 07:51:27 prog length: 6
2023/03/05 07:51:27 prog length: 20
2023/03/05 07:51:27 deserializeInput: hasCrash true hasNet false
2023/03/05 07:51:27 prog length: 6
2023/03/05 07:51:27 prog length: 7
2023/03/05 07:51:27 fetching corpus: 137, signal 8866/70148/80012 (executing program)
2023/03/05 07:51:27 fetching corpus: 137, signal 8866/70148/80991 (executing program)
2023/03/05 07:51:27 fetching corpus: 137, signal 8866/70148/81994 (executing program)
2023/03/05 07:51:27 fetching corpus: 137, signal 8866/70148/83017 (executing program)
2023/03/05 07:51:27 fetching corpus: 137, signal 8866/70148/84038 (executing program)
2023/03/05 07:51:27 fetching corpus: 137, signal 8866/70148/85051 (executing program)
2023/03/05 07:51:27 fetching corpus: 137, signal 8866/70148/86054 (executing program)
2023/03/05 07:51:27 fetching corpus: 137, signal 8866/70148/87068 (executing program)
2023/03/05 07:51:27 fetching corpus: 137, signal 8866/70148/88037 (executing program)
2023/03/05 07:51:27 fetching corpus: 137, signal 8866/70148/89024 (executing program)
2023/03/05 07:51:27 fetching corpus: 137, signal 8866/70148/90018 (executing program)
2023/03/05 07:51:27 fetching corpus: 137, signal 8866/70148/91011 (executing program)
2023/03/05 07:51:27 fetching corpus: 137, signal 8866/70148/91992 (executing program)
2023/03/05 07:51:27 fetching corpus: 137, signal 8866/70148/92954 (executing program)
2023/03/05 07:51:27 fetching corpus: 137, signal 8866/70148/93947 (executing program)
2023/03/05 07:51:27 fetching corpus: 137, signal 8866/70148/94960 (executing program)
2023/03/05 07:51:27 fetching corpus: 137, signal 8866/70148/95976 (executing program)
2023/03/05 07:51:27 fetching corpus: 137, signal 8866/70148/96926 (executing program)
2023/03/05 07:51:27 fetching corpus: 137, signal 8866/70148/97947 (executing program)
2023/03/05 07:51:27 fetching corpus: 137, signal 8866/70148/98902 (executing program)
2023/03/05 07:51:27 fetching corpus: 137, signal 8866/70148/99894 (executing program)
2023/03/05 07:51:27 fetching corpus: 137, signal 8866/70148/100887 (executing program)
2023/03/05 07:51:27 fetching corpus: 137, signal 8866/70148/101886 (executing program)
2023/03/05 07:51:27 fetching corpus: 137, signal 8866/70148/102852 (executing program)
2023/03/05 07:51:27 fetching corpus: 137, signal 8866/70148/103832 (executing program)
2023/03/05 07:51:27 fetching corpus: 137, signal 8866/70148/104841 (executing program)
2023/03/05 07:51:27 fetching corpus: 137, signal 8866/70148/105813 (executing program)
2023/03/05 07:51:27 fetching corpus: 137, signal 8866/70148/106820 (executing program)
2023/03/05 07:51:27 fetching corpus: 137, signal 8866/70148/107792 (executing program)
2023/03/05 07:51:27 fetching corpus: 137, signal 8866/70148/108802 (executing program)
2023/03/05 07:51:27 fetching corpus: 137, signal 8866/70148/109813 (executing program)
2023/03/05 07:51:27 fetching corpus: 137, signal 8866/70148/110819 (executing program)
2023/03/05 07:51:27 fetching corpus: 137, signal 8866/70148/111818 (executing program)
2023/03/05 07:51:27 fetching corpus: 137, signal 8866/70148/112813 (executing program)
2023/03/05 07:51:27 fetching corpus: 137, signal 8866/70148/113778 (executing program)
2023/03/05 07:51:27 fetching corpus: 137, signal 8866/70148/114452 (executing program)
2023/03/05 07:51:27 fetching corpus: 137, signal 8866/70148/114452 (executing program)
2023/03/05 07:51:27 starting 1 fuzzer processes
2023/03/05 07:51:27 ----- generateCall 3667 setxattr$security_evm setxattr$security_evm
2023/03/05 07:51:27 ----- generateCall 2359 lsetxattr$trusted_overlay_nlink lsetxattr$trusted_overlay_nlink
2023/03/05 07:51:27 ----- generateCall 2359 lsetxattr$trusted_overlay_nlink lsetxattr$trusted_overlay_nlink
2023/03/05 07:51:27 ----- generateCall 3765 symlinkat symlinkat
2023/03/05 07:51:27 ----- generateCall 2342 lgetxattr lgetxattr
2023/03/05 07:51:27 ----- generateCall 2360 lsetxattr$trusted_overlay_opaque lsetxattr$trusted_overlay_opaque
2023/03/05 07:51:27 ----- generateCall 2352 lsetxattr$security_capability lsetxattr$security_capability
2023/03/05 07:51:27 ----- generateCall 2458 open open
2023/03/05 07:51:27 ----- generateCall 2341 lchown lchown
2023/03/05 07:51:27 ----- generateCall 248 fstat fstat
2023/03/05 07:51:27 ----- generateCall 2459 open$dir open$dir
2023/03/05 07:51:27 ----- generateCall 2459 open$dir open$dir
2023/03/05 07:51:27 ----- generateCall 233 fsetxattr$security_evm fsetxattr$security_evm
2023/03/05 07:51:27 ----- generateCall 2458 open open
2023/03/05 07:51:27 ----- generateCall 2342 lgetxattr lgetxattr
2023/03/05 07:51:27 ----- generateCall 2810 renameat renameat
2023/03/05 07:51:27 ----- generateCall 2347 llistxattr llistxattr
2023/03/05 07:51:27 map[./file0:true]
2023/03/05 07:51:27 HasCrashFail: false, .HasNetFail: false
2023/03/05 07:51:27 prog length: 20
2023/03/05 07:51:27 HasCrashFail:false HasNetFail:false
07:51:27 ---executing program 0:
---
---
---
setxattr$security_evm(&(0x7f0000000000)='./file0\x00', &(0x7f0000000040), &(0x7f0000000080)=@md5={0x1, "5a35ed1deb9ec85a3a92460c72bc31a2"}, 0x11, 0x2)
lsetxattr$trusted_overlay_nlink(&(0x7f00000000c0)='./file0\x00', &(0x7f0000000100), &(0x7f0000000140)={'U+', 0x99c6}, 0x16, 0x3)
lsetxattr$trusted_overlay_nlink(&(0x7f0000000180)='./file0\x00', &(0x7f00000001c0), &(0x7f0000000200)={'U-', 0x9}, 0x16, 0x0)
symlinkat(&(0x7f0000000240)='./file0\x00', 0xffffffffffffff9c, &(0x7f0000000280)='./file0\x00')
lgetxattr(&(0x7f00000002c0)='./file0\x00', &(0x7f0000000300)=@known='com.apple.FinderInfo\x00', &(0x7f0000000340)=""/90, 0x5a)
lsetxattr$trusted_overlay_opaque(&(0x7f00000003c0)='./file0\x00', &(0x7f0000000400), &(0x7f0000000440), 0x2, 0x1)
lsetxattr$security_capability(&(0x7f0000000480)='.\x00', &(0x7f00000004c0), &(0x7f0000000500)=@v1={0x1000000, [{0x3f}]}, 0xc, 0x3)
r0 = open(&(0x7f0000000540)='./file0\x00', 0x10200, 0xeb)
fstat(r0, &(0x7f00000005c0)={0x0, 0x0, 0x0, 0x0, <r1=>0x0})
fstat(r0, &(0x7f0000000640)={0x0, 0x0, 0x0, 0x0, 0x0, <r2=>0x0})
lchown(&(0x7f0000000580)='./file0\x00', r1, r2)
fstat(r0, &(0x7f00000006c0))
open$dir(&(0x7f0000000740)='./file0\x00', 0x20840, 0x6a)
open$dir(&(0x7f0000000780)='./file0\x00', 0x40842, 0x102)
r3 = open(&(0x7f00000007c0)='./file0\x00', 0x0, 0x42)
fsetxattr$security_evm(r3, &(0x7f0000000800), &(0x7f0000000840)=@sha1={0x1, "be14ea670e98a44097f4ac031effd9f55f1f17ba"}, 0x15, 0x2)
open(&(0x7f0000000880)='./file0\x00', 0x2001, 0x152)
lgetxattr(&(0x7f00000008c0)='./file0\x00', &(0x7f0000000900)=@known='security.apparmor\x00', &(0x7f0000000940)=""/24, 0x18)
renameat(0xffffffffffffffff, &(0x7f0000000980)='./file0\x00', r3, &(0x7f00000009c0)='./file0\x00')
llistxattr(&(0x7f0000000a00)='./file0\x00', &(0x7f0000000a40)=""/1, 0x1)
---

end of program
2023/03/05 07:51:27 -----run executor: [/usr/bin/ssh -F /dev/null -o ConnectionAttempts=100 -o ConnectTimeout=120 -o UserKnownHostsFile=/dev/null -o BatchMode=yes -o IdentitiesOnly=yes -o StrictHostKeyChecking=no -o ConnectTimeout=100 -i /home/tlyu/dfs-fuzzing/disk-images/glusterfs-images/focal.id_rsa root@192.168.0.55 /root/syz-executor exec 0 0 glusterfs 3 4 192.168.0.55 0 "3 1 'disperse 3 redundancy 1'" false false false true false]
2023/03/05 07:51:27 -----run executor: [/usr/bin/ssh -F /dev/null -o ConnectionAttempts=100 -o ConnectTimeout=120 -o UserKnownHostsFile=/dev/null -o BatchMode=yes -o IdentitiesOnly=yes -o StrictHostKeyChecking=no -o ConnectTimeout=100 -i /home/tlyu/dfs-fuzzing/disk-images/glusterfs-images/focal.id_rsa root@192.168.0.56 /root/syz-executor exec 0 1 glusterfs 3 4 192.168.0.55 0 "3 1 'disperse 3 redundancy 1'" false false false true false]
2023/03/05 07:51:27 -----run executor: [/usr/bin/ssh -F /dev/null -o ConnectionAttempts=100 -o ConnectTimeout=120 -o UserKnownHostsFile=/dev/null -o BatchMode=yes -o IdentitiesOnly=yes -o StrictHostKeyChecking=no -o ConnectTimeout=100 -i /home/tlyu/dfs-fuzzing/disk-images/glusterfs-images/focal.id_rsa root@192.168.0.57 /root/syz-executor exec 0 2 glusterfs 3 4 192.168.0.55 0 "3 1 'disperse 3 redundancy 1'" false false false true false]
2023/03/05 07:51:27 -----run executor: [/usr/bin/ssh -F /dev/null -o ConnectionAttempts=100 -o ConnectTimeout=120 -o UserKnownHostsFile=/dev/null -o BatchMode=yes -o IdentitiesOnly=yes -o StrictHostKeyChecking=no -o ConnectTimeout=100 -i /home/tlyu/dfs-fuzzing/disk-images/glusterfs-images/focal.id_rsa root@192.168.0.58 /root/syz-executor exec 1 3 glusterfs 3 4 192.168.0.55 0 "3 1 'disperse 3 redundancy 1'" false false false true false]
Warning: Permanently added '192.168.0.55' (ECDSA) to the list of known hosts.
Warning: Permanently added '192.168.0.57' (ECDSA) to the list of known hosts.
Warning: Permanently added '192.168.0.56' (ECDSA) to the list of known hosts.
Warning: Permanently added '192.168.0.58' (ECDSA) to the list of known hosts.
----- is restarting 0
---- dfs_name glusterfs is_dfs_client 0
unlink FIFO failed: No such file or directory
executor 0 finishes userspace_cover_open
before receiving handshake request
[    0.000000] kernel: Linux version 5.15.0+ (tlyu@IC-RS3-DPC07) (gcc (Ubuntu 9.4.0-1ubuntu1~20.04.1) 9.4.0, GNU ld (GNU Binutils for Ubuntu) 2.34) #8 SMP Fri Jun 3 16:18:40 CEST 2022
[    0.000000] kernel: Command line: root=/dev/sda console=ttyS0 net.ifnames=0 ip=192.168.0.55 quiet
[    0.000000] kernel: x86/fpu: Supporting XSAVE feature 0x001: 'x87 floating point registers'
[    0.000000] kernel: x86/fpu: Supporting XSAVE feature 0x002: 'SSE registers'
[    0.000000] kernel: x86/fpu: Supporting XSAVE feature 0x004: 'AVX registers'
[    0.000000] kernel: x86/fpu: Supporting XSAVE feature 0x020: 'AVX-512 opmask'
[    0.000000] kernel: x86/fpu: Supporting XSAVE feature 0x040: 'AVX-512 Hi256'
[    0.000000] kernel: x86/fpu: Supporting XSAVE feature 0x080: 'AVX-512 ZMM_Hi256'
[    0.000000] kernel: x86/fpu: Supporting XSAVE feature 0x200: 'Protection Keys User registers'
[    0.000000] kernel: x86/fpu: xstate_offset[2]:  576, xstate_sizes[2]:  256
[    0.000000] kernel: x86/fpu: xstate_offset[5]:  832, xstate_sizes[5]:   64
[    0.000000] kernel: x86/fpu: xstate_offset[6]:  896, xstate_sizes[6]:  512
[    0.000000] kernel: x86/fpu: xstate_offset[7]: 1408, xstate_sizes[7]: 1024
[    0.000000] kernel: x86/fpu: xstate_offset[9]: 2432, xstate_sizes[9]:    8
[    0.000000] kernel: x86/fpu: Enabled xstate features 0x2e7, context size is 2440 bytes, using 'compacted' format.
[    0.000000] kernel: signal: max sigframe size: 3632
[    0.000000] kernel: BIOS-provided physical RAM map:
[    0.000000] kernel: BIOS-e820: [mem 0x0000000000000000-0x000000000009fbff] usable
[    0.000000] kernel: BIOS-e820: [mem 0x000000000009fc00-0x000000000009ffff] reserved
[    0.000000] kernel: BIOS-e820: [mem 0x00000000000f0000-0x00000000000fffff] reserved
[    0.000000] kernel: BIOS-e820: [mem 0x0000000000100000-0x00000000bffdcfff] usable
[    0.000000] kernel: BIOS-e820: [mem 0x00000000bffdd000-0x00000000bfffffff] reserved
[    0.000000] kernel: BIOS-e820: [mem 0x00000000feffc000-0x00000000feffffff] reserved
[    0.000000] kernel: BIOS-e820: [mem 0x00000000fffc0000-0x00000000ffffffff] reserved
[    0.000000] kernel: BIOS-e820: [mem 0x0000000100000000-0x00000002bfffffff] usable
[    0.000000] kernel: NX (Execute Disable) protection: active
[    0.000000] kernel: SMBIOS 2.8 present.
[    0.000000] kernel: DMI: QEMU Standard PC (i440FX + PIIX, 1996), BIOS 1.13.0-1ubuntu1.1 04/01/2014
[    0.000000] kernel: Hypervisor detected: KVM
[    0.000000] kernel: kvm-clock: Using msrs 4b564d01 and 4b564d00
[    0.000000] kernel: kvm-clock: cpu 0, msr a2758001, primary cpu clock
[    0.000002] kernel: kvm-clock: using sched offset of 672036619 cycles
[    0.000010] kernel: clocksource: kvm-clock: mask: 0xffffffffffffffff max_cycles: 0x1cd42e4dffb, max_idle_ns: 881590591483 ns
[    0.000023] kernel: tsc: Detected 2593.906 MHz processor
[    0.005849] kernel: e820: update [mem 0x00000000-0x00000fff] usable ==> reserved
[    0.005865] kernel: e820: remove [mem 0x000a0000-0x000fffff] usable
[    0.005882] kernel: last_pfn = 0x2c0000 max_arch_pfn = 0x10000000000
[    0.005943] kernel: x86/PAT: Configuration [0-7]: WB  WC  UC- UC  WB  WP  UC- WT  
[    0.005955] kernel: last_pfn = 0xbffdd max_arch_pfn = 0x10000000000
[    0.013418] kernel: found SMP MP-table at [mem 0x000f5c70-0x000f5c7f]
[    0.013476] kernel: Using GB pages for direct mapping
[    0.014706] kernel: ACPI: Early table checksum verification disabled
[    0.014719] kernel: ACPI: RSDP 0x00000000000F5A40 000014 (v00 BOCHS )
[    0.014741] kernel: ACPI: RSDT 0x00000000BFFE15C9 000030 (v01 BOCHS  BXPCRSDT 00000001 BXPC 00000001)
[    0.014766] kernel: ACPI: FACP 0x00000000BFFE149D 000074 (v01 BOCHS  BXPCFACP 00000001 BXPC 00000001)
[    0.014793] kernel: ACPI: DSDT 0x00000000BFFE0040 00145D (v01 BOCHS  BXPCDSDT 00000001 BXPC 00000001)
[    0.014813] kernel: ACPI: FACS 0x00000000BFFE0000 000040
[    0.014828] kernel: ACPI: APIC 0x00000000BFFE1511 000080 (v01 BOCHS  BXPCAPIC 00000001 BXPC 00000001)
[    0.014848] kernel: ACPI: HPET 0x00000000BFFE1591 000038 (v01 BOCHS  BXPCHPET 00000001 BXPC 00000001)
[    0.014867] kernel: ACPI: Reserving FACP table memory at [mem 0xbffe149d-0xbffe1510]
[    0.014875] kernel: ACPI: Reserving DSDT table memory at [mem 0xbffe0040-0xbffe149c]
[    0.014883] kernel: ACPI: Reserving FACS table memory at [mem 0xbffe0000-0xbffe003f]
[    0.014890] kernel: ACPI: Reserving APIC table memory at [mem 0xbffe1511-0xbffe1590]
[    0.014898] kernel: ACPI: Reserving HPET table memory at [mem 0xbffe1591-0xbffe15c8]
[    0.015718] kernel: No NUMA configuration found
[    0.015723] kernel: Faking a node at [mem 0x0000000000000000-0x00000002bfffffff]
[    0.015739] kernel: NODE_DATA(0) allocated [mem 0x2bfffa000-0x2bfffdfff]
[    0.015864] kernel: Zone ranges:
[    0.015868] kernel:   DMA      [mem 0x0000000000001000-0x0000000000ffffff]
[    0.015878] kernel:   DMA32    [mem 0x0000000001000000-0x00000000ffffffff]
[    0.015887] kernel:   Normal   [mem 0x0000000100000000-0x00----- is restarting 0
---- dfs_name glusterfs is_dfs_client 0
000002bfffffff]
[    0.015896] kernel: Movable zone start for each node
[    0.015899] kernel: Early memory node ranges
[    0.015902] kernel:   node   0: [mem 0x0000000000001000-0x000000000009efff]
[    0.015910] kernel:   node   0: [mem 0x0000000000100000-0x00000000bffdcfff]
[    0.015918] kernel:   node   0: [mem 0x0000000100000000-0x00000002bfffffff]
[    0.015929] kernel: Initmem setup node 0 [mem 0x0000000000001000-0x00000002bfffffff]
[    0.018727] kernel: On node 0, zone DMA: 1 pages in unavailable ranges
[    0.018796] kernel: On node 0, zone DMA: 97 pages in unavailable ranges
[    0.157274] kernel: On node 0, zone Normal: 35 pages in unavailable ranges
[    1.358646] kernel: kasan: KernelAddressSanitizer initialized
[    1.359074] kernel: ACPI: PM-Timer IO Port: 0x608
[    1.359098] kernel: ACPI: LAPIC_NMI (acpi_id[0xff] dfl dfl lint[0x1])
[    1.359149] kernel: IOAPIC[0]: apic_id 0, version 17, address 0xfec00000, GSI 0-23
[    1.359164] kernel: ACPI: INT_SRC_OVR (bus 0 bus_irq 0 global_irq 2 dfl dfl)
[    1.359175] kernel: ACPI: INT_SRC_OVR (bus 0 bus_irq 5 global_irq 5 high level)
[    1.359184] kernel: ACPI: INT_SRC_OVR (bus 0 bus_irq 9 global_irq 9 high level)
[    1.359195] kernel: ACPI: INT_SRC_OVR (bus 0 bus_irq 10 global_irq 10 high level)
[    1.359204] kernel: ACPI: INT_SRC_OVR (bus 0 bus_irq 11 global_irq 11 high level)
[    1.359223] kernel: ACPI: Using ACPI (MADT) for SMP configuration information
[    1.359228] kernel: ACPI: HPET id: 0x8086a201 base: 0xfed00000
[    1.359241] kernel: TSC deadline timer available
[    1.359245] kernel: smpboot: Allowing 2 CPUs, 0 hotplug CPUs
[    1.359282] kernel: kvm-guest: KVM setup pv remote TLB flush
[    1.359290] kernel: kvm-guest: setup PV sched yield
[    1.359325] kernel: PM: hibernation: Registered nosave memory: [mem 0x00000000-0x00000fff]
[    1.359336] kernel: PM: hibernation: Registered nosave memory: [mem 0x0009f000-0x0009ffff]
[    1.359343] kernel: PM: hibernation: Registered nosave memory: [mem 0x000a0000-0x000effff]
[    1.359350] kernel: PM: hibernation: Registered nosave memory: [mem 0x000f0000-0x000fffff]
[    1.359361] kernel: PM: hibernation: Registered nosave memory: [mem 0xbffdd000-0xbfffffff]
[    1.359368] kernel: PM: hibernation: Registered nosave memory: [mem 0xc0000000-0xfeffbfff]
[    1.359375] kernel: PM: hibernation: Registered nosave memory: [mem 0xfeffc000-0xfeffffff]
[    1.359381] kernel: PM: hibernation: Registered nosave memory: [mem 0xff000000-0xfffbffff]
[    1.359388] kernel: PM: hibernation: Registered nosave memory: [mem 0xfffc0000-0xffffffff]
[    1.359397] kernel: [mem 0xc0000000-0xfeffbfff] available for PCI devices
[    1.359404] kernel: Booting paravirtualized kernel on KVM
[    1.359411] kernel: clocksource: refined-jiffies: mask: 0xffffffff max_cycles: 0xffffffff, max_idle_ns: 1910969940391419 ns
[    1.373519] kernel: setup_percpu: NR_CPUS:64 nr_cpumask_bits:64 nr_cpu_ids:2 nr_node_ids:1
[    1.374375] kernel: percpu: Embedded 56 pages/cpu s191576 r8192 d29608 u1048576
[    1.374413] kernel: pcpu-alloc: s191576 r8192 d29608 u1048576 alloc=1*2097152
[    1.374429] kernel: pcpu-alloc: [0] 0 1 
[    1.374521] kernel: kvm-guest: setup async PF for cpu 0
[    1.374531] kernel: kvm-guest: stealtime: cpu 0, msr 26501f140
[    1.374543] kernel: Built 1 zonelists, mobility grouping on.  Total pages: 2580189
[    1.374551] kernel: Policy zone: Normal
[    1.374557] kernel: Kernel command line: root=/dev/sda console=ttyS0 net.ifnames=0 ip=192.168.0.55 quiet
[    1.381055] kernel: Dentry cache hash table entries: 2097152 (order: 12, 16777216 bytes, linear)
[    1.384515] kernel: Inode-cache hash table entries: 1048576 (order: 11, 8388608 bytes, linear)
[    1.384637] kernel: mem auto-init: stack:off, heap alloc:off, heap free:off
[    1.650900] kernel: Memory: 8817336K/10485228K available (47117K kernel code, 10298K rwdata, 7204K rodata, 2068K init, 2860K bss, 1667692K reserved, 0K cma-reserved)
[    1.651121] kernel: SLUB: HWalign=64, Order=0-3, MinObjects=0, CPUs=2, Nodes=1
[    1.651945] kernel: rcu: Hierarchical RCU implementation.
[    1.651952] kernel: rcu:         RCU event tracing is enabled.
[    1.651955] kernel: rcu:         RCU restricting CPUs from NR_CPUS=64 to nr_cpu_ids=2.
[    1.651965] kernel: rcu: RCU calculated value of scheduler-enlistment delay is 100 jiffies.
[    1.651971] kernel: rcu: Adjusting geometry for rcu_fanout_leaf=16, nr_cpu_ids=2
[    1.659777] kernel: NR_IRQS: 4352, nr_irqs: 440, preallocated irqs: 16
[    1.660140] kernel: random: get_random_bytes called from start_kernel+0x22b/0x456 with crng_init=0
[    1.664165] kernel: Console: colour VGA+ 80x25
[    1.664278] kernel: printk: console [ttyS0] enabled
[    1.664326] kernel: ACPI: Core revision 20210730
[    1.664581] kernel: clocksource: hpet: mask: 0xffffffff max_cycles: 0xffffffff, max_idle_ns: 19112604467 ns
[    1.664695] kernel: APIC: Switch to symmetric I/O mode setup
[    1.664703] kernel: kvm-guest: setup PV IPIs
[    1.665663] kernel: ..TIMER: vector=0x30 apic1=0 pin1=2 apic2=-1 pin2=-1
[    1.665698] kernel: clocksource: tsc-early: mask: 0xffffffffffffffff max_cycles: 0x2563bf907c6, max_idle_ns: 440795319401 ns
[    1.665720] kernel: Calibrating delay loop (skipped) preset value.. 5187.81 BogoMIPS (lpj=2593906)
[    1.665733] kernel: pid_max: default: 32768 minimum: 301
[    1.665814] kernel: LSM: Security Framework initializing
[    1.665845] kernel: SELinux:  Initializing.
[    1.665987] kernel: Mount-cache hash table entries: 32768 (order: 6, 262144 bytes, linear)
[    1.666588] kernel: Mountpoint-cache hash table entries: 32768 (order: 6, 262144 bytes, linear)
[    1.667370] kernel: x86/cpu: User Mode Instruction Prevention (UMIP) activated
[    1.667478] kernel: Last level iTLB entries: 4KB 0, 2MB 0, 4MB 0
[    1.667486] kernel: Last level dTLB entries: 4KB 0, 2MB 0, 4MB 0, 1GB 0
[    1.667514] kernel: Spectre V1 : Mitigation: usercopy/swapgs barriers and __user pointer sanitization
[    1.667527] kernel: Spectre V2 : Mitigation: Enhanced IBRS
[    1.667532] kernel: Spectre V2 : Spectre v2 / SpectreRSB mitigation: Filling RSB on context switch
[    1.667541] kernel: Spectre V2 : mitigation: Enabling conditional Indirect Branch Prediction Barrier
[    1.667550] kernel: Speculative Store Bypass: Mitigation: Speculative Store Bypass disabled via prctl and seccomp
[    1.667557] kernel: TAA: Mitigation: TSX disabled
[    1.690170] kernel: Freeing SMP alternatives memory: 40K
[    1.690440] kernel: smpboot: CPU0: Intel(R) Xeon(R) Gold 6348 CPU @ 2.60GHz (family: 0x6, model: 0x6a, stepping: 0x6)
[    1.690711] kernel: Performance Events: Icelake events, 32-deep LBR, full-width counters, Intel PMU driver.
[    1.690711] kernel: ... version:                2
[    1.690711] kernel: ... bit width:              48
[    1.690711] kernel: ... generic registers:      8
[    1.690711] kernel: ... value mask:             0000ffffffffffff
[    1.690711] kernel: ... max period:             00007fffffffffff
[    1.690711] kernel: ... fixed-purpose events:   3
[    1.690711] kernel: ... event mask:             00000007000000ff
[    1.690711] kernel: rcu: Hierarchical SRCU implementation.
[    1.691741] kernel: smp: Bringing up secondary CPUs ...
[    1.691987] kernel: x86: Booting SMP configuration:
[    1.691992] kernel: .... node  #0, CPUs:      #1
[    0.005642] kernel: kvm-clock: cpu 1, msr a2758041, secondary cpu clock
[    0.005642] kernel: smpboot: CPU 1 Converting physical 0 to logical die 1
[    1.706823] kernel: kvm-guest: setup async PF for cpu 1
[    1.706839] kernel: kvm-guest: stealtime: cpu 1, msr 26511f140
[    1.706860] kernel: smp: Brought up 1 node, 2 CPUs
[    1.706860] kernel: smpboot: Max logical packages: 2
[    1.706860] kernel: smpboot: Total of 2 processors activated (10375.62 BogoMIPS)
[    1.707820] kernel: devtmpfs: initialized
[    1.717529] kernel: clocksource: jiffies: mask: 0xffffffff max_cycles: 0xffffffff, max_idle_ns: 1911260446275000 ns
[    1.717581] kernel: futex hash table entries: 512 (order: 3, 32768 bytes, linear)
[    1.718537] kernel: PM: RTC time: 06:51:08, date: 2023-03-05
[    1.721181] kernel: NET: Registered PF_NETLINK/PF_ROUTE protocol family
[    1.723030] kernel: audit: initializing netlink subsys (disabled)
[    1.728737] kernel: audit: type=2000 audit(1677999068.333:1): state=initialized audit_enabled=0 res=1
[    1.730261] kernel: thermal_sys: Registered thermal governor 'step_wise'
[    1.730269] kernel: thermal_sys: Registered thermal governor 'user_space'
[    1.732740] kernel: cpuidle: using governor menu
[    1.733917] kernel: ACPI: bus type PCI registered
[    1.734251] kernel: PCI: Using configuration type 1 for base access
[    1.751845] kernel: Kprobes globally optimized
[    1.752153] kernel: HugeTLB registered 2.00 MiB page size, pre-allocated 0 pages
[    1.752336] kernel: cryptomgr_test (26) used greatest stack depth: 30712 bytes left
[    1.753669] kernel: ACPI: Added _OSI(Module Device)
[    1.753676] kernel: ACPI: Added _OSI(Processor Device)
[    1.753681] kernel: ACPI: Added _OSI(3.0 _SCP Extensions)
[    1.753686] kernel: ACPI: Added _OSI(Processor Aggregator Device)
[    1.753695] kernel: ACPI: Added _OSI(Linux-Dell-Video)
[    1.753702] kernel: ACPI: Added _OSI(Linux-Lenovo-NV-HDMI-Audio)
[    1.753710] kernel: ACPI: Added _OSI(Linux-HPI-Hybrid-Graphics)
[    1.766033] kernel: ACPI: 1 ACPI AML tables successfully acquired and loaded
[    1.771593] kernel: ACPI: Interpreter enabled
[    1.771690] kernel: ACPI: PM: (supports S0 S3 S4 S5)
[    1.771696] kernel: ACPI: Using IOAPIC for interrupt routing
[    1.771774] kernel: PCI: Using host bridge windows from ACPI; if necessary, use "pci=nocrs" and report a bug
[    1.772707] kernel: ACPI: Enabled 2 GPEs in block 00 to 0F
[    1.799806] kernel: ACPI: PCI Root Bridge [PCI0] (domain 0000 [bus 00-ff])
[    1.799840] kernel: acpi PNP0A03:00: _OSC: OS supports [ASPM ClockPM Segments MSI HPX-Type3]
[unlink FIFO failed: No such file or directory
executor 2 finishes userspace_cover_open
before receiving handshake request
req.flags ea2
[    0.000000] kernel: Linux version 5.15.0+ (tlyu@IC-RS3-DPC07) (gcc (Ubuntu 9.4.0-1ubuntu1~20.04.1) 9.4.0, GNU ld (GNU Binutils for Ubuntu) 2.34) #8 SMP Fri Jun 3 16:18:40 CEST 2022
[    0.000000] kernel: Command line: root=/dev/sda console=ttyS0 net.ifnames=0 ip=192.168.0.57 quiet
[    0.000000] kernel: x86/fpu: Supporting XSAVE feature 0x001: 'x87 floating point registers'
[    0.000000] kernel: x86/fpu: Supporting XSAVE feature 0x002: 'SSE registers'
[    0.000000] kernel: x86/fpu: Supporting XSAVE feature 0x004: 'AVX registers'
[    0.000000] kernel: x86/fpu: Supporting XSAVE feature 0x020: 'AVX-512 opmask'
[    0.000000] kernel: x86/fpu: Supporting XSAVE feature 0x040: 'AVX-512 Hi256'
[    0.000000] kernel: x86/fpu: Supporting XSAVE feature 0x080: 'AVX-512 ZMM_Hi256'
[    0.000000] kernel: x86/fpu: Supporting XSAVE feature 0x200: 'Protection Keys User registers'
[    0.000000] kernel: x86/fpu: xstate_offset[2]:  576, xstate_sizes[2]:  256
[    0.000000] kernel: x86/fpu: xstate_    1.799943] kernel: acpi PNP0A03:00: fail to add MMCONFIG information, can't access extended PCI configuration space under this bridge.
[    1.800216] kernel: PCI host bridge to bus 0000:00
[    1.800225] kernel: pci_bus 0000:00: root bus resource [io  0x0000-0x0cf7 window]
[    1.800239] kernel: pci_bus 0000:00: root bus resource [io  0x0d00-0xffff window]
[    1.800252] kernel: pci_bus 0000:00: root bus resource [mem 0x000a0000-0x000bffff window]
[    1.800265] kernel: pci_bus 0000:00: root bus resource [mem 0xc0000000-0xfebfffff window]
[    1.800278] kernel: pci_bus 0000:00: root bus resource [mem 0x2c0000000-0x33fffffff window]
[    1.800293] kernel: pci_bus 0000:00: root bus resource [bus 00-ff]
[    1.801526] kernel: pci 0000:00:00.0: [8086:1237] type 00 class 0x060000
[    1.803473] kernel: pci 0000:00:01.0: [8086:7000] type 00 class 0x060100
[    1.804898] kernel: pci 0000:00:01.1: [8086:7010] type 00 class 0x010180
[    1.806914] kernel: pci 0000:00:01.1: reg 0x20: [io  0xc0c0-0xc0cf]
[    1.807733] kernel: pci 0000:00:01.1: legacy IDE quirk: reg 0x10: [io  0x01f0-0x01f7]
[    1.807747] kernel: pci 0000:00:01.1: legacy IDE quirk: reg 0x14: [io  0x03f6]
[    1.807757] kernel: pci 0000:00:01.1: legacy IDE quirk: reg 0x18: [io  0x0170-0x0177]
[    1.807767] kernel: pci 0000:00:01.1: legacy IDE quirk: reg 0x1c: [io  0x0376]
[    1.809909] kernel: pci 0000:00:01.3: [8086:7113] type 00 class 0x068000
[    1.810216] kernel: pci 0000:00:01.3: quirk: [io  0x0600-0x063f] claimed by PIIX4 ACPI
[    1.810234] kernel: pci 0000:00:01.3: quirk: [io  0x0700-0x070f] claimed by PIIX4 SMB
[    1.812042] kernel: pci 0000:00:02.0: [1234:1111] type 00 class 0x030000
[    1.813257] kernel: pci 0000:00:02.0: reg 0x10: [mem 0xfd000000-0xfdffffff pref]
[    1.815073] kernel: pci 0000:00:02.0: reg 0x18: [mem 0xfeb90000-0xfeb90fff]
[    1.818245] kernel: pci 0000:00:02.0: reg 0x30: [mem 0xfeb80000-0xfeb8ffff pref]
[    1.820265] kernel: pci 0000:00:03.0: [1af4:1005] type 00 class 0x00ff00
[    1.821179] kernel: pci 0000:00:03.0: reg 0x10: [io  0xc080-0xc09f]
[    1.824593] kernel: pci 0000:00:03.0: reg 0x20: [mem 0xfe200000-0xfe203fff 64bit pref]
[    1.827193] kernel: pci 0000:00:04.0: [1af4:1000] type 00 class 0x020000
[    1.827718] kernel: pci 0000:00:04.0: reg 0x10: [io  0xc0a0-0xc0bf]
[    1.828585] kernel: pci 0000:00:04.0: reg 0x14: [mem 0xfeb91000-0xfeb91fff]
[    1.830593] kernel: pci 0000:00:04.0: reg 0x20: [mem 0xfe204000-0xfe207fff 64bit pref]
[    1.831383] kernel: pci 0000:00:04.0: reg 0x30: [mem 0xfeb00000-0xfeb7ffff pref]
[    1.834093] kernel: pci 0000:00:05.0: [1af4:1001] type 00 class 0x010000
[    1.834718] kernel: pci 0000:00:05.0: reg 0x10: [io  0xc000-0xc07f]
[    1.835508] kernel: pci 0000:00:05.0: reg 0x14: [mem 0xfeb92000-0xfeb92fff]
[    1.837503] kernel: pci 0000:00:05.0: reg 0x20: [mem 0xfe208000-0xfe20bfff 64bit pref]
[    1.840221] kernel: pci 0000:00:10.0: [1af4:1110] type 00 class 0x050000
[    1.841115] kernel: pci 0000:00:10.0: reg 0x10: [mem 0xfeb93000-0xfeb930ff]
[    1.842501] kernel: pci 0000:00:10.0: reg 0x18: [mem 0xfe000000-0xfe0fffff 64bit pref]
[    1.846305] kernel: pci 0000:00:11.0: [1af4:1110] type 00 class 0x050000
[    1.846717] kernel: pci 0000:00:11.0: reg 0x10: [mem 0xfeb94000-0xfeb940ff]
[    1.847717] kernel: pci 0000:00:11.0: reg 0x18: [mem 0xfe20c000-0xfe20c3ff 64bit pref]
[    1.851012] kernel: pci 0000:00:12.0: [1af4:1110] type 00 class 0x050000
[    1.852116] kernel: pci 0000:00:12.0: reg 0x10: [mem 0xfeb95000-0xfeb950ff]
[    1.853412] kernel: pci 0000:00:12.0: reg 0x18: [mem 0xfe100000-0xfe1fffff 64bit pref]
[    1.859549] kernel: ACPI: PCI: Interrupt link LNKA configured for IRQ 10
[    1.860311] kernel: ACPI: PCI: Interrupt link LNKB configured for IRQ 10
[    1.861062] kernel: ACPI: PCI: Interrupt link LNKC configured for IRQ 11
[    1.862160] kernel: ACPI: PCI: Interrupt link LNKD configured for IRQ 11
[    1.862487] kernel: ACPI: PCI: Interrupt link LNKS configured for IRQ 9
[    1.863916] kernel: iommu: Default domain type: Translated 
[    1.863924] kernel: iommu: DMA domain TLB invalidation policy: lazy mode 
[    1.864711] kernel: pci 0000:00:02.0: vgaarb: setting as boot VGA device
[    1.864711] kernel: pci 0000:00:02.0: vgaarb: VGA device added: decodes=io+mem,owns=io+mem,locks=none
[    1.864720] kernel: pci 0000:00:02.0: vgaarb: bridge control possible
[    1.864727] kernel: vgaarb: loaded
[    1.865115] kernel: SCSI subsystem initialized
[    1.865785] kernel: libata version 3.00 loaded.
[    1.865943] kernel: ACPI: bus type USB registered
[    1.866040] kernel: usbcore: registered new interface driver usbfs
[    1.866091] kernel: usbcore: registered new interface driver hub
[    1.866129] kernel: usbcore: registered new device driver usb
[    1.866230] kernel: pps_core: LinuxPPS API ver. 1 registered
[    1.866236] kernel: pps_core: Software ver. 5.3.6 - Copyright 2005-2007 Rodolfo Giometti <giometti@linux.it>
[    1.866258] kernel: PTP clock support registered
[    1.867023] kernel: Advanced Linux Sound Architecture Driver Initialized.
[    1.867685] kernel: NetLabel: Initializing
[    1.867689] kernel: NetLabel:  domain hash size = 128
[    1.867695] kernel: NetLabel:  protocols = UNLABELED CIPSOv4 CALIPSO
[    1.867773] kernel: NetLabel:  unlabeled traffic allowed by default
[    1.867849] kernel: PCI: Using ACPI for IRQ routing
[    1.867849] kernel: PCI: pci_cache_line_size set to 64 bytes
[    1.867885] kernel: e820: reserve RAM buffer [mem 0x0009fc00-0x0009ffff]
[    1.867899] kernel: e820: reserve RAM buffer [mem 0xbffdd000-0xbfffffff]
[    1.868094] kernel: hpet0: at MMIO 0xfed00000, IRQs 2, 8, 0
[    1.868115] kernel: hpet0: 3 comparators, 64-bit 100.000000 MHz counter
[    1.872776] kernel: clocksource: Switched to clocksource kvm-clock
[    1.936166] kernel: VFS: Disk quotas dquot_6.6.0
[    1.936220] kernel: VFS: Dquot-cache hash table entries: 512 (order 0, 4096 bytes)
[    1.936441] kernel: pnp: PnP ACPI ioffset[5]:  832, xstate_sizes[5]:   64
[    0.000000] kernel: x86/fpu: xstate_offset[6]:  896, xstate_sizes[6]:  512
[    0.000000] kernel: x86/fpu: xstate_offset[7]: 1408, xstate_sizes[7]: 1024
[    0.000000] kernel: x86/fpu: xstate_offset[9]: 2432, xstate_sizes[9]:    8
[    0.000000] kernel: x86/fpu: Enabled xstate features 0x2e7, context size is 2440 bytes, using 'compacted' format.
[    0.000000] kernel: signal: max sigframe size: 3632
[    0.000000] kernel: BIOS-provided physical RAM map:
[    0.000000] kernel: BIOS-e820: [mem 0x0000000000000000-0x000000000009fbff] usable
[    0.000000] kernel: BIOS-e820: [mem 0x000000000009fc00-0x000000000009ffff] reserved
[    0.000000] kernel: BIOS-e820: [mem 0x00000000000f0000-0x00000000000fffff] reserved
[    0.000000] kernel: BIOS-e820: [mem 0x0000000000100000-0x00000000bffdcfff] usable
[    0.000000] kernel: BIOS-e820: [mem 0x00000000bffdd000-0x00000000bfffffff] reserved
[    0.000000] kernel: BIOS-e820: [mem 0x00000000feffc000-0x00000000feffffff] reserved
[    0.000000] kernel: BIOS-e820: [mem 0x00000000fffc0000-0x00000000ffffffff] reserved
[    0.000000] kernel: BIOS-e820: [mem 0x0000000100000000-0x00000002bfffffff] usable
[    0.000000] kernel: NX (Execute Disable) protection: active
[    0.000000] kernel: SMBIOS 2.8 present.
[    0.000000] kernel: DMI: QEMU Standard PC (i440FX + PIIX, 1996), BIOS 1.13.0-1ubuntu1.1 04/01/2014
[    0.000000] kernel: Hypervisor detected: KVM
[    0.000000] kernel: kvm-clock: Using msrs 4b564d01 and 4b564d00
[    0.000000] kernel: kvm-clock: cpu 0, msr 56d58001, primary cpu clock
[    0.000002] kernel: kvm-clock: using sched offset of 815800152 cycles
[    0.000009] kernel: clocksource: kvm-clock: mask: 0xffffffffffffffff max_cycles: 0x1cd42e4dffb, max_idle_ns: 881590591483 ns
[    0.000022] kernel: tsc: Detected 2593.906 MHz processor
[    0.005862] kernel: e820: update [mem 0x00000000-0x00000fff] usable ==> reserved
[    0.005878] kernel: e820: remove [mem 0x000a0000-0x000fffff] usable
[    0.005894] kernel: last_pfn = 0x2c0000 max_arch_pfn = 0x10000000000
[    0.005954] kernel: x86/PAT: Configuration [0-7]: WB  WC  UC- UC  WB  WP  UC- WT  
[    0.005965] kernel: last_pfn = 0xbffdd max_arch_pfn = 0x10000000000
[    0.013791] kernel: found SMP MP-table at [mem 0x000f5c70-0x000f5c7f]
[    0.013853] kernel: Using GB pages for direct mapping
[    0.017462] kernel: ACPI: Early table checksum verification disabled
[    0.017480] kernel: ACPI: RSDP 0x00000000000F5A40 000014 (v00 BOCHS )
[    0.017558] kernel: ACPI: RSDT 0x00000000BFFE15C9 000030 (v01 BOCHS  BXPCRSDT 00000001 BXPC 00000001)
[    0.017584] kernel: ACPI: FACP 0x00000000BFFE149D 000074 (v01 BOCHS  BXPCFACP 00000001 BXPC 00000001)
[    0.017665] kernel: ACPI: DSDT 0x00000000BFFE0040 00145D (v01 BOCHS  BXPCDSDT 00000001 BXPC 00000001)
[    0.017686] kernel: ACPI: FACS 0x00000000BFFE0000 000040
[    0.017702] kernel: ACPI: APIC 0x00000000BFFE1511 000080 (v01 BOCHS  BXPCAPIC 00000001 BXPC 00000001)
[    0.017723] kernel: ACPI: HPET 0x00000000BFFE1591 000038 (v01 BOCHS  BXPCHPET 00000001 BXPC 00000001)
[    0.017742] kernel: ACPI: Reserving FACP table memory at [mem 0xbffe149d-0xbffe1510]
[    0.017751] kernel: ACPI: Reserving DSDT table memory at [mem 0xbffe0040-0xbffe149c]
[    0.017759] kernel: ACPI: Reserving FACS table memory at [mem 0xbffe0000-0xbffe003f]
[    0.017767] kernel: ACPI: Reserving APIC table memory at [mem 0xbffe1511-0xbffe1590]
[    0.017775] kernel: ACPI: Reserving HPET table memory at [mem 0xbffe1591-0xbffe15c8]
[    0.018620] kernel: No NUMA configuration found
[    0.018625] kernel: Faking a node at [mem 0x0000000000000000-0x00000002bfffffff]
[    0.018641] kernel: NODE_DATA(0) allocated [mem 0x2bfffa000-0x2bfffdfff]
[    0.018833] kernel: Zone ranges:
[    0.018838] kernel:   DMA      [mem 0x0000000000001000-0x0000000000ffffff]
[    0.018849] kernel:   DMA32    [mem 0x0000000001000000-0x00000000ffffffff]
[    0.018858] kernel:   Normal   [mem 0x0000000100000000-0x00nit
[    1.937191] kernel: pnp 00:03: [dma 2]
[    1.939721] kernel: pnp: PnP ACPI: found 6 devices
[    2.005634] kernel: clocksource: acpi_pm: mask: 0xffffff max_cycles: 0xffffff, max_idle_ns: 2085701024 ns
[    2.005744] kernel: NET: Registered PF_INET protocol family
[    2.006459] kernel: IP idents hash table entries: 262144 (order: 9, 2097152 bytes, linear)
[    2.017274] kernel: tcp_listen_portaddr_hash hash table entries: 8192 (order: 5, 131072 bytes, linear)
[    2.017385] kernel: TCP established hash table entries: 131072 (order: 8, 1048576 bytes, linear)
[    2.018708] kernel: TCP bind hash table entries: 65536 (order: 8, 1048576 bytes, linear)
[    2.019365] kernel: TCP: Hash tables configured (established 131072 bind 65536)
[    2.019473] kernel: UDP hash table entries: 8192 (order: 6, 262144 bytes, linear)
[    2.020069] kernel: UDP-Lite hash table entries: 8192 (order: 6, 262144 bytes, linear)
[    2.020328] kernel: NET: Registered PF_UNIX/PF_LOCAL protocol family
[    2.024983] kernel: pci_bus 0000:00: resource 4 [io  0x0000-0x0cf7 window]
[    2.025000] kernel: pci_bus 0000:00: resource 5 [io  0x0d00-0xffff window]
[    2.025011] kernel: pci_bus 0000:00: resource 6 [mem 0x000a0000-0x000bffff window]
[    2.025024] kernel: pci_bus 0000:00: resource 7 [mem 0xc0000000-0xfebfffff window]
[    2.025036] kernel: pci_bus 0000:00: resource 8 [mem 0x2c0000000-0x33fffffff window]
[    2.025306] kernel: pci 0000:00:01.0: PIIX3: Enabling Passive Release
[    2.025324] kernel: pci 0000:00:00.0: Limiting direct PCI/PCI transfers
[    2.025350] kernel: pci 0000:00:01.0: Activating ISA DMA hang workarounds
[    2.025436] kernel: pci 0000:00:02.0: Video device with shadowed ROM at [mem 0x000c0000-0x000dffff]
[    2.025550] kernel: PCI: CLS 0 bytes, default 64
[    2.025575] kernel: PCI-DMA: Using software bounce buffering for IO (SWIOTLB)
[    2.025579] kernel: software IO TLB: mapped [mem 0x00000000bbfdd000-0x00000000bffdd000] (64MB)
[    2.026032] kernel: RAPL P000002bfffffff]
[    0.018867] kernel: Movable zone start for each node
[    0.018871] kernel: Early memory node ranges
[    0.018873] kernel:   node   0: [mem 0x0000000000001000-0x000000000009efff]
[    0.018881] kernel:   node   0: [mem 0x0000000000100000-0x00000000bffdcfff]
[    0.018889] kernel:   node   0: [mem 0x0000000100000000-0x00000002bfffffff]
[    0.018900] kernel: Initmem setup node 0 [mem 0x0000000000001000-0x00000002bfffffff]
[    0.019454] kernel: On node 0, zone DMA: 1 pages in unavailable ranges
[    0.019524] kernel: On node 0, zone DMA: 97 pages in unavailable ranges
[    0.135961] kernel: On node 0, zone Normal: 35 pages in unavailable ranges
[    0.887240] kernel: kasan: KernelAddressSanitizer initialized
[    0.887628] kernel: ACPI: PM-Timer IO Port: 0x608
[    0.887651] kernel: ACPI: LAPIC_NMI (acpi_id[0xff] dfl dfl lint[0x1])
[    0.887705] kernel: IOAPIC[0]: apic_id 0, version 17, address 0xfec00000, GSI 0-23
[    0.887720] kernel: ACPI: INT_SRC_OVR (bus 0 bus_irq 0 global_irq 2 dfl dfl)
[    0.887731] kernel: ACPI: INT_SRC_OVR (bus 0 bus_irq 5 global_irq 5 high level)
[    0.887740] kernel: ACPI: INT_SRC_OVR (bus 0 bus_irq 9 global_irq 9 high level)
[    0.887750] kernel: ACPI: INT_SRC_OVR (bus 0 bus_irq 10 global_irq 10 high level)
[    0.887759] kernel: ACPI: INT_SRC_OVR (bus 0 bus_irq 11 global_irq 11 high level)
[    0.887778] kernel: ACPI: Using ACPI (MADT) for SMP configuration information
[    0.887783] kernel: ACPI: HPET id: 0x8086a201 base: 0xfed00000
[    0.887796] kernel: TSC deadline timer available
[    0.887801] kernel: smpboot: Allowing 2 CPUs, 0 hotplug CPUs
[    0.887842] kernel: kvm-guest: KVM setup pv remote TLB flush
[    0.887850] kernel: kvm-guest: setup PV sched yield
[    0.887886] kernel: PM: hibernation: Registered nosave memory: [mem 0x00000000-0x00000fff]
[    0.887897] kernel: PM: hibernation: Registered nosave memory: [mem 0x0009f000-0x0009ffff]
[    0.887904] kernel: PM: hibernation: Registered nosave memory: [mem 0x000a0000-0x000effff]
[    0.887911] kernel: PM: hibernation: Registered nosave memory: [mem 0x000f0000-0x000fffff]
[    0.887921] kernel: PM: hibernation: Registered nosave memory: [mem 0xbffdd000-0xbfffffff]
[    0.887928] kernel: PM: hibernation: Registered nosave memory: [mem 0xc0000000-0xfeffbfff]
[    0.887934] kernel: PM: hibernation: Registered nosave memory: [mem 0xfeffc000-0xfeffffff]
[    0.887941] kernel: PM: hibernation: Registered nosave memory: [mem 0xff000000-0xfffbffff]
[    0.887947] kernel: PM: hibernation: Registered nosave memory: [mem 0xfffc0000-0xffffffff]
[    0.887956] kernel: [mem 0xc0000000-0xfeffbfff] available for PCI devices
[    0.887963] kernel: Booting paravirtualized kernel on KVM
[    0.887971] kernel: clocksource: refined-jiffies: mask: 0xffffffff max_cycles: 0xffffffff, max_idle_ns: 1910969940391419 ns
[    0.902673] kernel: setup_percpu: NR_CPUS:64 nr_cpumask_bits:64 nr_cpu_ids:2 nr_node_ids:1
[    0.903802] kernel: percpu: Embedded 56 paMU: API unit is 2^-32 Joules, 0 fixed counters, 10737418240 ms ovfl timer
[    2.026056] kernel: clocksource: tsc: mask: 0xffffffffffffffff max_cycles: 0x2563bf907c6, max_idle_ns: 440795319401 ns
[    2.027228] kernel: clocksource: Switched to clocksource tsc
[    2.030541] kernel: Initialise system trusted keyrings
[    2.034348] kernel: workingset: timestamp_bits=56 max_order=22 bucket_order=0
[    2.048536] kernel: fuse: init (API version 7.34)
[    2.080263] kernel: cryptomgr_test (54) used greatest stack depth: 30544 bytes left
[    2.080306] kernel: Key type asymmetric registered
[    2.080313] kernel: Asymmetric key parser 'x509' registered
[    2.080501] kernel: Block layer SCSI generic (bsg) driver version 0.4 loaded (major 251)
[    2.080509] kernel: io scheduler mq-deadline registered
[    2.080514] kernel: io scheduler kyber registered
[    2.081531] kernel: input: Power Button as /devices/LNXSYSTM:00/LNXPWRBN:00/input/input0
[    2.081754] kernel: ACPI: button: Power Buttges/cpu s191576 r8192 d29608 u1048576
[    0.903845] kernel: pcpu-alloc: s191576 r8192 d29608 u1048576 alloc=1*2097152
[    0.903861] kernel: pcpu-alloc: [0] 0 1 
[    0.903961] kernel: kvm-guest: setup async PF for cpu 0
[    0.903973] kernel: kvm-guest: stealtime: cpu 0, msr 26501f140
[    0.903985] kernel: Built 1 zonelists, mobility grouping on.  Total pages: 2580189
[    0.903993] kernel: Policy zone: Normal
[    0.903999] kernel: Kernel command line: root=/dev/sda console=ttyS0 net.ifnames=0 ip=192.168.0.57 quiet
[    0.911696] kernel: Dentry cache hash table entries: 2097152 (order: 12, 16777216 bytes, linear)
[    0.915332] kernel: Inode-cache hash table entries: 1048576 (order: 11, 8388608 bytes, linear)
[    0.915463] kernel: mem auto-init: stack:off, heap alloc:off, heap free:off
[    1.188123] kernel: Memory: 8817336K/10485228K available (47117K kernel code, 10298K rwdata, 7204K rodata, 2068K init, 2860K bss, 1667692K reserved, 0K cma-reserved)
[    1.188349] kernel: SLUB:on [PWRF]
[    3.101756] kernel: ACPI: \_SB_.LNKC: Enabled at IRQ 11
[    3.934103] kernel: ACPI: \_SB_.LNKD: Enabled at IRQ 10
[    5.060204] kernel: ACPI: \_SB_.LNKA: Enabled at IRQ 10
[    5.061472] kernel: Serial: 8250/16550 driver, 4 ports, IRQ sharing enabled
[    5.061670] kernel: 00:05: ttyS0 at I/O 0x3f8 (irq = 4, base_baud = 115200) is a 16550A
[    5.063419] kernel: Non-volatile memory driver v1.3
[    5.063533] kernel: Linux agpgart interface v0.103
[    5.072218] kernel: loop: module loaded
[    5.073132] kernel: virtio_blk virtio2: [vda] 1024000 512-byte logical blocks (524 MB/500 MiB)
[    5.076417] kernel: ata_piix 0000:00:01.1: version 2.13
[    5.087746] kernel: scsi host0: ata_piix
[    5.088386] kernel: scsi host1: ata_piix
[    5.088602] kernel: ata1: PATA max MWDMA2 cmd 0x1f0 ctl 0x3f6 bmdma 0xc0c0 irq 14
[    5.088614] kernel: ata2: PATA max MWDMA2 cmd 0x170 ctl 0x376 bmdma 0xc0c8 irq 15
[    5.089380] kernel: libphy: Fixed MDIO Bus: probed
[    5.098339] kernel HWalign=64, Order=0-3, MinObjects=0, CPUs=2, Nodes=1
[    1.191348] kernel: rcu: Hierarchical RCU implementation.
[    1.191356] kernel: rcu:         RCU event tracing is enabled.
[    1.191360] kernel: rcu:         RCU restricting CPUs from NR_CPUS=64 to nr_cpu_ids=2.
[    1.191370] kernel: rcu: RCU calculated value of scheduler-enlistment delay is 100 jiffies.
[    1.191376] kernel: rcu: Adjusting geometry for rcu_fanout_leaf=16, nr_cpu_ids=2
[    1.199371] kernel: NR_IRQS: 4352, nr_irqs: 440, preallocated irqs: 16
[    1.199748] kernel: random: get_random_bytes called from start_kernel+0x22b/0x456 with crng_init=0
[    1.203852] kernel: Console: colour VGA+ 80x25
[    1.203968] kernel: printk: console [ttyS0] enabled
[    1.204015] kernel: ACPI: Core revision 20210730
[    1.204268] kernel: clocksource: hpet: mask: 0xffffffff max_cycles: 0xffffffff, max_idle_ns: 19112604467 ns
[    1.204427] kernel: APIC: Switch to symmetric I/O mode setup
[    1.204435] kernel: kvm-guest: setup PV IPIs
[    1.205413] kernel: ..TIMER: vector=0x30 apic1=0 pin1=2 apic2=-1 pin2=-1
[    1.205448] kernel: clocksource: tsc-early: mask: 0xffffffffffffffff max_cycles: 0x2563bf907c6, max_idle_ns: 440795319401 ns
[    1.205471] kernel: Calibrating delay loop (skipped) preset value.. 5187.81 BogoMIPS (lpj=2593906)
[    1.205483] kernel: pid_max: default: 32768 minimum: 301
[    1.205563] kernel: LSM: Security Framework initializing
[    1.205594] kernel: SELinux:  Initializing.
[    1.205736] kernel: Mount-cache hash table entries: 32768 (order: 6, 262144 bytes, linear)
[    1.206337] kernel: Mountpoint-cache hash table entries: 32768 (order: 6, 262144 bytes, linear)
[    1.207195] kernel: x86/cpu: User Mode Instruction Prevention (UMIP) activated
[    1.207304] kernel: Last level iTLB entries: 4KB 0, 2MB 0, 4MB 0
[    1.207312] kernel: Last level dTLB entries: 4KB 0, 2MB 0, 4MB 0, 1GB 0
[    1.207341] kernel: Spectre V1 : Mitigation: usercopy/swapgs barriers and __user pointer sanitizat: e100: Intel(R) PRO/100 Network Driver
[    5.098348] kernel: e100: Copyright(c) 1999-2006 Intel Corporation
[    5.098399] kernel: e1000: Intel(R) PRO/1000 Network Driver
[    5.098403] kernel: e1000: Copyright (c) 1999-2006 Intel Corporation.
[    5.098467] kernel: e1000e: Intel(R) PRO/1000 Network Driver
[    5.098471] kernel: e1000e: Copyright(c) 1999 - 2015 Intel Corporation.
[    5.098551] kernel: sky2: driver version 1.30
[    5.099192] kernel: ehci_hcd: USB 2.0 'Enhanced' Host Controller (EHCI) Driver
[    5.099199] kernel: ehci-pci: EHCI PCI platform driver
[    5.099243] kernel: ohci_hcd: USB 1.1 'Open' Host Controller (OHCI) Driver
[    5.099257] kernel: ohci-pci: OHCI PCI platform driver
[    5.099847] kernel: uhci_hcd: USB Universal Host Controller Interface driver
[    5.100133] kernel: usbcore: registered new interface driver usblp
[    5.100184] kernel: usbcore: registered new interface driver usb-storage
[    5.100319] kernel: i8042: PNP: PS/2 Controller [PNP0303:KBD,PNP0f13:MOU] at 0x60,0x64 irq 1,12
[    5.100966] kernel: serio: i8042 KBD port at 0x60,0x64 irq 1
[    5.100986] kernel: serio: i8042 AUX port at 0x60,0x64 irq 12
[    5.111944] kernel: rtc_cmos 00:00: RTC can wake from S4
[    5.113469] kernel: rtc_cmos 00:00: registered as rtc0
[    5.113556] kernel: rtc_cmos 00:00: alarms up to one day, y3k, 114 bytes nvram, hpet irqs
[    5.114375] kernel: device-mapper: ioctl: 4.45.0-ioctl (2021-03-22) initialised: dm-devel@redhat.com
[    5.114392] kernel: intel_pstate: CPU model not supported
[    5.114530] kernel: hid: raw HID events driver (C) Jiri Kosina
[    5.115291] kernel: usbcore: registered new interface driver usbhid
[    5.115298] kernel: usbhid: USB HID core driver
[    5.116072] kernel: netem: version 1.3
[    5.119569] kernel: Initializing XFRM netlink socket
[    5.120396] kernel: NET: Registered PF_INET6 protocol family
[    5.121538] kernel: input: AT Translated Set 2 keyboard as /devices/platform/i8042/serio0/input/input1
[ ion
[    1.207355] kernel: Spectre V2 : Mitigation: Enhanced IBRS
[    1.207360] kernel: Spectre V2 : Spectre v2 / SpectreRSB mitigation: Filling RSB on context switch
[    1.207368] kernel: Spectre V2 : mitigation: Enabling conditional Indirect Branch Prediction Barrier
[    1.207378] kernel: Speculative Store Bypass: Mitigation: Speculative Store Bypass disabled via prctl and seccomp
[    1.207384] kernel: TAA: Mitigation: TSX disabled
[    1.229866] kernel: Freeing SMP alternatives memory: 40K
[    1.230114] kernel: smpboot: CPU0: Intel(R) Xeon(R) Gold 6348 CPU @ 2.60GHz (family: 0x6, model: 0x6a, stepping: 0x6)
[    1.230394] kernel: Performance Events: Icelake events, 32-deep LBR, full-width counters, Intel PMU driver.
[    1.230576] kernel: ... version:                2
[    1.230582] kernel: ... bit width:              48
[    1.230586] kernel: ... generic registers:      8
[    1.230591] kernel: ... value mask:             0000ffffffffffff
[    1.230596] kernel: ... max period:             00007fffffffffff
[    1.230601] kernel: ... fixed-purpose events:   3
[    1.230605] kernel: ... event mask:             00000007000000ff
[    1.230897] kernel: rcu: Hierarchical SRCU implementation.
[    1.232276] kernel: smp: Bringing up secondary CPUs ...
[    1.232571] kernel: x86: Booting SMP configuration:
[    1.232576] kernel: .... node  #0, CPUs:      #1
[    0.005782] kernel: kvm-clock: cpu 1, msr 56d58041, secondary cpu clock
[    0.005782] kernel: smpboot: CPU 1 Converting physical 0 to logical die 1
[    1.233507] kernel: kvm-guest: setup async PF for cpu 1
[    1.233524] kernel: kvm-guest: stealtime: cpu 1, msr 26511f140
[    1.234571] kernel: smp: Brought up 1 node, 2 CPUs
[    1.234583] kernel: smpboot: Max logical packages: 2
[    1.234588] kernel: smpboot: Total of 2 processors activated (10375.62 BogoMIPS)
[    1.238676] kernel: devtmpfs: initialized
[    1.250482] kernel: clocksource: jiffies: mask: 0xffffffff max_cycles: 0xffffffff, max_idle_ns: 1911260446275000 ns
[    1.250505] kernel: futex hash table entries: 512 (order: 3, 32768 bytes, linear)
[    1.252380] kernel: PM: RTC time: 06:51:08, date: 2023-03-05
[    1.253639] kernel: NET: Registered PF_NETLINK/PF_ROUTE protocol family
[    1.255511] kernel: audit: initializing netlink subsys (disabled)
[    1.256784] kernel: audit: type=2000 audit(1677999067.963:1): state=initialized audit_enabled=0 res=1
[    1.257906] kernel: thermal_sys: Registered thermal governor 'step_wise'
[    1.257913] kernel: thermal_sys: Registered thermal governor 'user_space'
[    1.259487] kernel: cpuidle: using governor menu
[    1.260539] kernel: ACPI: bus type PCI registered
[    1.261588] kernel: PCI: Using configuration type 1 for base access
[    1.290916] kernel: Kprobes globally optimized
[    1.292508] kernel: HugeTLB registered 2.00 MiB page size, pre-allocated 0 pages
[    1.292978] kernel: cryptomgr_test (26) used greatest stack depth: 30608 bytes left
[    1.298924] kernel: ACPI: Added    5.123343] kernel: Segment Routing with IPv6
[    5.123378] kernel: In-situ OAM (IOAM) with IPv6
[    5.123562] kernel: sit: IPv6, IPv4 and MPLS over IPv4 tunneling driver
[    5.124878] kernel: NET: Registered PF_PACKET protocol family
[    5.125009] kernel: 9pnet: Installing 9P2000 support
[    5.125063] kernel: Key type dns_resolver registered
[    5.125087] kernel: Key type ceph registered
[    5.136137] kernel: libceph: loaded (mon/osd proto 15/24)
[    5.136785] kernel: IPI shorthand broadcast: enabled
[    5.136841] kernel: sched_clock: Marking stable (5132073938, 4642392)->(5236487332, -99771002)
[    5.137361] kernel: registered taskstats version 1
[    5.137368] kernel: Loading compiled-in X.509 certificates
[    5.139443] kernel: PM:   Magic number: 15:329:872
[    5.139569] kernel: printk: console [netcon0] enabled
[    5.139576] kernel: netconsole: network logging started
[    5.249056] kernel: ata1.01: NODEV after polling detection
[    5.249291] kernel: ata1.00: ATA-7: QEMU HARDDISK, 2.5+, max UDMA/100
[    5.249305] kernel: ata1.00: 88078336 sectors, multi 16: LBA48 
[    5.249909] kernel: scsi 0:0:0:0: Direct-Access     ATA      QEMU HARDDISK    2.5+ PQ: 0 ANSI: 5
[    5.250487] kernel: sd 0:0:0:0: Attached scsi generic sg0 type 0
[    5.250666] kernel: sd 0:0:0:0: [sda] 88078336 512-byte logical blocks: (45.1 GB/42.0 GiB)
[    5.250702] kernel: sd 0:0:0:0: [sda] Write Protect is off
[    5.250735] kernel: sd 0:0:0:0: [sda] Mode Sense: 00 3a 00 00
[    5.250784] kernel: sd 0:0:0:0: [sda] Write cache: enabled, read cache: enabled, doesn't support DPO or FUA
[    5.252906] kernel: sd 0:0:0:0: [sda] Attached SCSI disk
[    5.257038] kernel: ata2.01: NODEV after polling detection
[    5.257278] kernel: ata2.00: ATAPI: QEMU DVD-ROM, 2.5+, max UDMA/100
[    5.258369] kernel: scsi 1:0:0:0: CD-ROM            QEMU     QEMU DVD-ROM     2.5+ PQ: 0 ANSI: 5
[    5.276417] kernel: sr 1:0:0:0: [sr0] scsi3-mmc drive: 4x/4x cd/rw xa/form2 tray
[    5.276437] ker_OSI(Module Device)
[    1.298924] kernel: ACPI: Added _OSI(Processor Device)
[    1.298924] kernel: ACPI: Added _OSI(3.0 _SCP Extensions)
[    1.298924] kernel: ACPI: Added _OSI(Processor Aggregator Device)
[    1.298924] kernel: ACPI: Added _OSI(Linux-Dell-Video)
[    1.298924] kernel: ACPI: Added _OSI(Linux-Lenovo-NV-HDMI-Audio)
[    1.298924] kernel: ACPI: Added _OSI(Linux-HPI-Hybrid-Graphics)
[    1.317614] kernel: ACPI: 1 ACPI AML tables successfully acquired and loaded
[    1.325588] kernel: ACPI: Interpreter enabled
[    1.325727] kernel: ACPI: PM: (supports S0 S3 S4 S5)
[    1.325736] kernel: ACPI: Using IOAPIC for interrupt routing
[    1.326532] kernel: PCI: Using host bridge windows from ACPI; if necessary, use "pci=nocrs" and report a bug
[    1.328461] kernel: ACPI: Enabled 2 GPEs in block 00 to 0F
[    1.359105] kernel: ACPI: PCI Root Bridge [PCI0] (domain 0000 [bus 00-ff])
[    1.359139] kernel: acpi PNP0A03:00: _OSC: OS supports [ASPM ClockPM Segments MSI HPX-Type3]
[nel: cdrom: Uniform CD-ROM driver Revision: 3.20
[    5.294241] kernel: sr 1:0:0:0: Attached scsi CD-ROM sr0
[    5.294771] kernel: sr 1:0:0:0: Attached scsi generic sg1 type 5
[    5.745553] kernel: input: ImExPS/2 Generic Explorer Mouse as /devices/platform/i8042/serio1/input/input3
[    5.763746] kernel: IP-Config: Guessing netmask 255.255.255.0
[    5.763769] kernel: IP-Config: Complete:
[    5.763772] kernel:      device=eth0, hwaddr=e6:c8:ff:09:76:37, ipaddr=192.168.0.55, mask=255.255.255.0, gw=255.255.255.255
[    5.763787] kernel:      host=192.168.0.55, domain=, nis-domain=(none)
[    5.763794] kernel:      bootserver=255.255.255.255, rootserver=255.255.255.255, rootpath=
[    5.763990] kernel: cfg80211: Loading compiled-in X.509 certificates for regulatory database
[    5.764414] kernel: kworker/u4:1 (68) used greatest stack depth: 28680 bytes left
[    5.765988] kernel: cfg80211: Loaded X.509 cert 'sforshee: 00b28ddf47aef9cea7'
[    5.766012] kernel: ALSA device list:
[        1.359290] kernel: acpi PNP0A03:00: fail to add MMCONFIG information, can't access extended PCI configuration space under this bridge.
[    1.359596] kernel: PCI host bridge to bus 0000:00
[    1.359605] kernel: pci_bus 0000:00: root bus resource [io  0x0000-0x0cf7 window]
[    1.359619] kernel: pci_bus 0000:00: root bus resource [io  0x0d00-0xffff window]
[    1.359632] kernel: pci_bus 0000:00: root bus resource [mem 0x000a0000-0x000bffff window]
[    1.359645] kernel: pci_bus 0000:00: root bus resource [mem 0xc0000000-0xfebfffff window]
[    1.359659] kernel: pci_bus 0000:00: root bus resource [mem 0x2c0000000-0x33fffffff window]
[    1.359673] kernel: pci_bus 0000:00: root bus resource [bus 00-ff]
[    1.360986] kernel: pci 0000:00:00.0: [8086:1237] type 00 class 0x060000
[    1.363074] kernel: pci 0000:00:01.0: [8086:7000] type 00 class 0x060100
[    1.364618] kernel: pci 0000:00:01.1: [8086:7010] type 00 class 0x010180
[    1.366916] kernel: pci 0000:00:01.1: reg 0x20: [io  0xc0c0-0xc0cf]
[    1.367739] kernel: pci 0000:00:01.1: legacy IDE quirk: reg 0x10: [io  0x01f0-0x01f7]
[    1.367754] kernel: pci 0000:00:01.1: legacy IDE quirk: reg 0x14: [io  0x03f6]
[    1.367764] kernel: pci 0000:00:01.1: legacy IDE quirk: reg 0x18: [io  0x0170-0x0177]
[    1.367774] kernel: pci 0000:00:01.1: legacy IDE quirk: reg 0x1c: [io  0x0376]
[    1.369972] kernel: pci 0000:00:01.3: [8086:7113] type 00 class 0x068000
[    1.370290] kernel: pci 0000:00:01.3: quirk: [io  0x0600-0x063f] claimed by PIIX4 ACPI
[    1.370309] kernel: pci 0000:00:01.3: quirk: [io  0x0700-0x070f] claimed by PIIX4 SMB
[    1.372197] kernel: pci 0000:00:02.0: [1234:1111] type 00 class 0x030000
[    1.372844] kernel: pci 0000:00:02.0: reg 0x10: [mem 0xfd000000-0xfdffffff pref]
[    1.374474] kernel: pci 0000:00:02.0: reg 0x18: [mem 0xfeb90000-0xfeb90fff]
[    1.378474] kernel: pci 0000:00:02.0: reg 0x30: [mem 0xfeb80000-0xfeb8ffff pref]
[    1.380626] kernel: pci 0000:00:03.0: [1af4:1005] type 00 class 0x00ff00
[    1.382244] kernel: pci 0000:00:03.0: reg 0x10: [io  0xc080-0xc09f]
[    1.386222] kernel: pci 0000:00:03.0: reg 0x20: [mem 0xfe200000-0xfe203fff 64bit pref]
[    1.391049] kernel: pci 0000:00:04.0: [1af4:1000] type 00 class 0x020000
[    1.392475] kernel: pci 0000:00:04.0: reg 0x10: [io  0xc0a0-0xc0bf]
[    1.393338] kernel: pci 0000:00:04.0: reg 0x14: [mem 0xfeb91000-0xfeb91fff]
[    1.395297] kernel: pci 0000:00:04.0: reg 0x20: [mem 0xfe204000-0xfe207fff 64bit pref]
[    1.395885] kernel: pci 0000:00:04.0: reg 0x30: [mem 0xfeb00000-0xfeb7ffff pref]
[    1.398085] kernel: pci 0000:00:05.0: [1af4:1001] type 00 class 0x010000
[    1.398954] kernel: pci 0000:00:05.0: reg 0x10: [io  0xc000-0xc07f]
[    1.399469] kernel: pci 0000:00:05.0: reg 0x14: [mem 0xfeb92000-0xfeb92fff]
[    1.401468] kernel: pci 0000:00:05.0: reg 0x20: [mem 0xfe208000-0xfe20bfff 64bit pref]
[    1.404558] kernel: pci 0000:00:10.0: [1af4:1110] type 00 class 0x050000
[    1.405476] kernel: pci 0000:00:15.766016] kernel:   No soundcards found.
[    5.775946] kernel: platform regulatory.0: Direct firmware load for regulatory.db failed with error -2
[    5.775963] kernel: cfg80211: failed to load regulatory.db
[    5.776025] kernel: md: Waiting for all devices to be available before autodetect
[    5.776030] kernel: md: If you don't use raid, use raid=noautodetect
[    5.776035] kernel: md: Autodetecting RAID arrays.
[    5.776038] kernel: md: autorun ...
[    5.776041] kernel: md: ... autorun DONE.
[    5.803544] kernel: EXT4-fs (sda): mounted filesystem with ordered data mode. Opts: (null). Quota mode: none.
[    5.803618] kernel: VFS: Mounted root (ext4 filesystem) readonly on device 8:0.
[    5.809499] kernel: devtmpfs: mounted
[    5.810587] kernel: Freeing unused kernel image (initmem) memory: 2068K
[    5.810601] kernel: Write protecting the kernel read-only data: 57344k
[    5.812526] kernel: Freeing unused kernel image (text/rodata gap) memory: 2032K
[    5.813086] kernel: Fre0.0: reg 0x10: [mem 0xfeb93000-0xfeb930ff]
[    1.407475] kernel: pci 0000:00:10.0: reg 0x18: [mem 0xfe000000-0xfe0fffff 64bit pref]
[    1.411471] kernel: pci 0000:00:11.0: [1af4:1110] type 00 class 0x050000
[    1.412120] kernel: pci 0000:00:11.0: reg 0x10: [mem 0xfeb94000-0xfeb940ff]
[    1.413039] kernel: pci 0000:00:11.0: reg 0x18: [mem 0xfe20c000-0xfe20c3ff 64bit pref]
[    1.416360] kernel: pci 0000:00:12.0: [1af4:1110] type 00 class 0x050000
[    1.416878] kernel: pci 0000:00:12.0: reg 0x10: [mem 0xfeb95000-0xfeb950ff]
[    1.418274] kernel: pci 0000:00:12.0: reg 0x18: [mem 0xfe100000-0xfe1fffff 64bit pref]
[    1.424694] kernel: ACPI: PCI: Interrupt link LNKA configured for IRQ 10
[    1.425946] kernel: ACPI: PCI: Interrupt link LNKB configured for IRQ 10
[    1.426714] kernel: ACPI: PCI: Interrupt link LNKC configured for IRQ 11
[    1.427468] kernel: ACPI: PCI: Interrupt link LNKD configured for IRQ 11
[    1.427784] kernel: ACPI: PCI: Interrupt link LNKS configured for IRQ 9
[    1.429242] kernel: iommu: Default domain type: Translated 
[    1.429250] kernel: iommu: DMA domain TLB invalidation policy: lazy mode 
[    1.429523] kernel: pci 0000:00:02.0: vgaarb: setting as boot VGA device
[    1.429535] kernel: pci 0000:00:02.0: vgaarb: VGA device added: decodes=io+mem,owns=io+mem,locks=none
[    1.429551] kernel: pci 0000:00:02.0: vgaarb: bridge control possible
[    1.429559] kernel: vgaarb: loaded
[    1.429994] kernel: SCSI subsystem initialized
[    1.430551] kernel: libata version 3.00 loaded.
[    1.430732] kernel: ACPI: bus type USB registered
[    1.430832] kernel: usbcore: registered new interface driver usbfs
[    1.430885] kernel: usbcore: registered new interface driver hub
[    1.430925] kernel: usbcore: registered new device driver usb
[    1.431030] kernel: pps_core: LinuxPPS API ver. 1 registered
[    1.431035] kernel: pps_core: Software ver. 5.3.6 - Copyright 2005-2007 Rodolfo Giometti <giometti@linux.it>
[    1.431058] kernel: PTP cloceing unused kernel image (rodata/data gap) memory: 988K
[    5.813112] kernel: Run /sbin/init as init process
[    5.813117] kernel:   with arguments:
[    5.813119] kernel:     /sbin/init
[    5.813123] kernel:   with environment:
[    5.813126] kernel:     HOME=/
[    5.813130] kernel:     TERM=linux
[    6.050437] kernel: random: fast init done
[    6.123827] kernel: IPv6: ADDRCONF(NETDEV_CHANGE): eth0: link becomes ready
[    6.332751] systemd[1]: systemd 245.4-4ubuntu3 running in system mode. (+PAM +AUDIT +SELINUX +IMA +APPARMOR +SMACK +SYSVINIT +UTMP +LIBCRYPTSETUP +GCRYPT +GNUTLS +ACL +XZ +LZ4 +SECCOMP +BLKID +ELFUTILS +KMOD +IDN2 -IDN +PCRE2 default-hierarchy=hybrid)
[    6.332924] systemd[1]: Detected virtualization kvm.
[    6.332938] systemd[1]: Detected architecture x86-64.
[    6.351464] systemd[1]: Set hostname to <dfs-fuzzing>.
[    6.656754] kernel: random: crng init done
[    6.672018] kernel: systemd-fstab-g (81) used greatest stack depth: 25920 bytes left
[    7.156010] systemd[1]: /lib/systemd/system/dbus.socket:5: ListenStream= references a path below legacy directory /var/run/, updating /var/run/dbus/system_bus_socket  /run/dbus/system_bus_socket; please update the unit file accordingly.
[    7.368073] systemd[1]: system-modprobe.slice: unit configures an IP firewall, but the local system does not support BPF/cgroup firewalling.
[    7.368095] systemd[1]: (This warning is only shown for the first unit using IP firewalling.)
[    7.368772] systemd[1]: Created slice system-modprobe.slice.
[    7.369158] systemd[1]: Created slice system-serial\x2dgetty.slice.
[    7.369432] systemd[1]: Created slice User and Session Slice.
[    7.369608] systemd[1]: Started Dispatch Password Requests to Console Directory Watch.
[    7.369767] systemd[1]: Started Forward Password Requests to Wall Directory Watch.
[    7.370326] systemd[1]: Set up automount Arbitrary Executable File Formats File System Automount Point.
[    7.370372] systemd[1]: Reached target k support registered
[    1.431626] kernel: Advanced Linux Sound Architecture Driver Initialized.
[    1.432320] kernel: NetLabel: Initializing
[    1.432325] kernel: NetLabel:  domain hash size = 128
[    1.432330] kernel: NetLabel:  protocols = UNLABELED CIPSOv4 CALIPSO
[    1.432412] kernel: NetLabel:  unlabeled traffic allowed by default
[    1.432518] kernel: PCI: Using ACPI for IRQ routing
[    1.432518] kernel: PCI: pci_cache_line_size set to 64 bytes
[    1.432648] kernel: e820: reserve RAM buffer [mem 0x0009fc00-0x0009ffff]
[    1.432663] kernel: e820: reserve RAM buffer [mem 0xbffdd000-0xbfffffff]
[    1.432868] kernel: hpet0: at MMIO 0xfed00000, IRQs 2, 8, 0
[    1.432890] kernel: hpet0: 3 comparators, 64-bit 100.000000 MHz counter
[    1.435484] kernel: clocksource: Switched to clocksource kvm-clock
[    1.598174] kernel: VFS: Disk quotas dquot_6.6.0
[    1.598227] kernel: VFS: Dquot-cache hash table entries: 512 (order 0, 4096 bytes)
[    1.598439] kernel: pnp: PnP ACPI iLocal Encrypted Volumes.
[    7.370394] systemd[1]: Reached target Paths.
[    7.370408] systemd[1]: Reached target Remote File Systems.
[    7.370420] systemd[1]: Reached target Slices.
[    7.370434] systemd[1]: Reached target Swap.
[    7.370624] systemd[1]: Listening on Device-mapper event daemon FIFOs.
[    7.370960] systemd[1]: Listening on Syslog Socket.
[    7.371752] systemd[1]: Listening on initctl Compatibility Named Pipe.
[    7.372222] systemd[1]: Listening on Journal Audit Socket.
[    7.372479] systemd[1]: Listening on Journal Socket (/dev/log).
[    7.372801] systemd[1]: Listening on Journal Socket.
[    7.373757] systemd[1]: Listening on udev Control Socket.
[    7.373967] systemd[1]: Listening on udev Kernel Socket.
[    7.375999] systemd[1]: Mounting Huge Pages File System...
[    7.413994] systemd[1]: Mounting POSIX Message Queue File System...
[    7.416008] systemd[1]: Mounting /proc/sys/fs/binfmt_misc...
[    7.418691] systemd[1]: Mounting /sys/kernel/config...
[    7.448870] systemd[1]: Mounting /sys/kernel/debug...
[    7.450991] systemd[1]: Mounting Kernel Trace File System...
[    7.452914] systemd[1]: Starting Journal Service...
[    7.454760] systemd[1]: Starting Set the console keyboard layout...
[    7.454816] systemd[1]: Condition check resulted in Create list of static device nodes for the current kernel being skipped.
[    7.454883] systemd[1]: Condition check resulted in Load Kernel Module drm being skipped.
[    7.534893] systemd[1]: Starting Load Kernel Modules...
[    7.536792] systemd[1]: Starting Remount Root and Kernel File Systems...
[    7.538614] systemd[1]: Starting udev Coldplug all Devices...
[    7.671794] kernel: systemd-modules (98) used greatest stack depth: 25256 bytes left
[    7.672738] systemd[1]: Finished Load Kernel Modules.
[    7.675376] systemd[1]: Mounting FUSE Control File System...
[    7.677341] systemd[1]: Starting Apply Kernel Variables...
[    8.068174] systemd[1]: Finished Apply Kernel Variables.
[    8.269785] systemd[1]: Mounted Huge Pages File System.
[    8.270255] systemd[1]: Mounted POSIX Message Queue File System.
[    8.270667] systemd[1]: Mounted /proc/sys/fs/binfmt_misc.
[    8.286083] systemd[1]: Mounted /sys/kernel/config.
[    8.286542] systemd[1]: Mounted /sys/kernel/debug.
[    8.286992] systemd[1]: Mounted Kernel Trace File System.
[    8.287420] systemd[1]: Mounted FUSE Control File System.
[    8.334574] kernel: EXT4-fs (sda): re-mounted. Opts: (null). Quota mode: none.
[    8.347205] systemd[1]: Condition check resulted in Set Up Additional Binary Formats being skipped.
[    8.361016] systemd[1]: Finished Remount Root and Kernel File Systems.
[    8.391869] systemd[1]: Condition check resulted in Rebuild Hardware Database being skipped.
[    8.391942] systemd[1]: Condition check resulted in Platform Persistent Storage Archival being skipped.
[    8.393949] systemd[1]: Starting Load/Save Random Seed...
[    8.396079] systemd[1]: Starting Create System Users...
[    8.600208] systemd[1]: Finished Load/Save Random Seed.
[    8.674915] kernel: keyboard-setup. (97) used greatest stack depth: 24952 bytes left
[    8.675816] systemd[1]: Finished Set the console keyboard layout.
[    8.677000] systemd[1]: Finished Create System Users.
[    8.680812] systemd[1]: Starting Create Static Device Nodes in /dev...
[    8.695511] systemd[1]: Started Journal Service.
nit
[    1.611879] kernel: pnp 00:03: [dma 2]
[    1.616328] kernel: pnp: PnP ACPI: found 6 devices
[    1.665637] kernel: clocksource: acpi_pm: mask: 0xffffff max_cycles: 0xffffff, max_idle_ns: 2085701024 ns
[    1.665765] kernel: NET: Registered PF_INET protocol family
[    1.666612] kernel: IP idents hash table entries: 262144 (order: 9, 2097152 bytes, linear)
[    1.669158] kernel: tcp_listen_portaddr_hash hash table entries: 8192 (order: 5, 131072 bytes, linear)
[    1.669271] kernel: TCP established hash table entries: 131072 (order: 8, 1048576 bytes, linear)
[    1.670138] kernel: TCP bind hash table entries: 65536 (order: 8, 1048576 bytes, linear)
[    1.671253] kernel: TCP: Hash tables configured (established 131072 bind 65536)
[    1.671367] kernel: UDP hash table entries: 8192 (order: 6, 262144 bytes, linear)
[    1.671536] kernel: UDP-Lite hash table entries: 8192 (order: 6, 262144 bytes, linear)
[    1.671806] kernel: NET: Registered PF_UNIX/PF_LOCAL protocol family
[    ----- is restarting 0
---- dfs_name glusterfs is_dfs_client 1
before receiving handshake request
[    0.000000] kernel: Linux version 5.15.0+ (tlyu@IC-RS3-DPC07) (gcc (Ubuntu 9.4.0-1ubuntu1~20.04.1) 9.4.0, GNU ld (GNU Binutils for Ubuntu) 2.34) #8 SMP Fri Jun 3 16:18:40 CEST 2022
[    0.000000] kernel: Command line: root=/dev/sda console=ttyS0 net.ifnames=0 ip=192.168.0.58 quiet
[    0.000000] kernel: x86/fpu: Supporting XSAVE feature 0x001: 'x87 floating point registers'
[    0.000000] kernel: x86/fpu: Supporting XSAVE feature 0x002: 'SSE registers'
[    0.000000] kernel: x86/fpu: Supporting XSAVE feature 0x004: 'AVX registers'
[    0.000000] kernel: x86/fpu: Supporting XSAVE feature 0x020: 'AVX-512 opmask'
[    0.000000] kernel: x86/fpu: Supporting XSAVE feature 0x040: 'AVX-512 Hi256'
[    0.000000] kernel: x86/fpu: Supporting XSAVE feature 0x080: 'AVX-512 ZMM_Hi256'
[    0.000000] kernel: x86/fpu: Supporting XSAVE feature 0x200: 'Protection Keys User registers'
[    0.000000] kernel: x86/fpu: xstate_offset[2]:  576, xstate_sizes[2]:  256
[    0.000000] kernel: x86/fpu: xstate_----- is restarting 0
---- dfs_name glusterfs is_dfs_client 0
offset[5]:  832, xstate_sizes[5]:   64
[    0.000000] kernel: x86/fpu: xstate_offset[6]:  896, xstate_sizes[6]:  512
[    0.000000] kernel: x86/fpu: xstate_offset[7]: 1408, xstate_sizes[7]: 1024
[    0.000000] kernel: x86/fpu: xstate_offset[9]: 2432, xstate_sizes[9]:    8
[    0.000000] kernel: x86/fpu: Enabled xstate features 0x2e7, context size is 2440 bytes, using 'compacted' format.
[    0.000000] kernel: signal: max sigframe size: 3632
[    0.000000] kernel: BIOS-provided physical RAM map:
[    0.000000] kernel: BIOS-e820: [mem 0x0000000000000000-0x000000000009fbff] usable
[    0.000000] kernel: BIOS-e820: [mem 0x000000000009fc00-0x000000000009ffff] reserved
[    0.000000] kernel: BIOS-e820: [mem 0x00000000000f0000-0x00000000000fffff] reserved
[    0.000000] kernel: BIOS-e820: [mem 0x0000000000100000-0x00000000bffdffff] usable
[    0.000000] kernel: BIOS-e820: [mem 0x00000000bffe0000-0x00000000bfffffff] reserved
[    0.000000] kernel: BIOS-e820: [mem 0x00000000feffc000-0x00000000feffffff] reserved
[    0.000000] kernel: BIOS-e820: [mem 0x00000000fffc0000-0x00000000ffffffff] reserved
[    0.000000] kernel: BIOS-e820: [mem 0x0000000100000000-0x00000002bfffffff] usable
[    0.000000] kernel: NX (Execute Disable) protection: active
[    0.000000] kernel: SMBIOS 2.8 present.
[    0.000000] kernel: DMI: QEMU Standard PC (i440FX + PIIX, 1996), BIOS 1.13.0-1ubuntu1.1 04/01/2014
[    0.000000] kernel: Hypervisor detected: KVM
[    0.000000] kernel: kvm-clock: Using msrs 4b564d01 and 4b564d00
[    0.000000] kernel: kvm-clock: cpu 0, msr 10b158001, primary cpu clock
[    0.000002] kernel: kvm-clock: using sched offset of 590543497 cycles
[    0.000009] kernel: clocksource: kvm-clock: mask: 0xffffffffffffffff max_cycles: 0x1cd42e4dffb, max_idle_ns: 881590591483 ns
[    0.000021] kernel: tsc: Detected 2593.906 MHz processor
[    0.005835] kernel: e820: update [mem 0x00000000-0x00000fff] usable ==> reserved
[    0.005851] kernel: e820: remove [mem 0x000a0000-0x000fffff] usable
[    0.005868] kernel: last_pfn = 0x2c0000 max_arch_pfn = 0x10000000000
[    0.005930] kernel: x86/PAT: Configuration [0-7]: WB  WC  UC- UC  WB  WP  UC- WT  
[    0.005941] kernel: last_pfn = 0xbffe0 max_arch_pfn = 0x10000000000
[    0.013454] kernel: found SMP MP-table at [mem 0x000f5c80-0x000f5c8f]
[    0.013512] kernel: Using GB pages for direct mapping
[    0.014141] kernel: ACPI: Early table checksum verification disabled
[    0.014150] kernel: ACPI: RSDP 0x00000000000F5A50 000014 (v00 BOCHS )
[    0.014175] kernel: ACPI: RSDT 0x00000000BFFE15C9 000030 (v01 BOCHS  BXPCRSDT 00000001 BXPC 00000001)
[    0.014199] kernel: ACPI: FACP 0x00000000BFFE149D 000074 (v01 BOCHS  BXPCFACP 00000001 BXPC 00000001)
[    0.014226] kernel: ACPI: DSDT 0x00000000BFFE0040 00145D (v01 BOCHS  BXPCDSDT 00000001 BXPC 00000001)
[    0.014246] kernel: ACPI: FACS 0x00000000BFFE0000 000040
[    0.014261] kernel: ACPI: APIC 0x00000000BFFE1511 000080 (v01 BOCHS  BXPCAPIC 00000001 BXPC 00000001)
[    0.0141.703657] kernel: pci_bus 0000:00: resource 4 [io  0x0000-0x0cf7 window]
[    1.703679] kernel: pci_bus 0000:00: resource 5 [io  0x0d00-0xffff window]
[    1.703691] kernel: pci_bus 0000:00: resource 6 [mem 0x000a0000-0x000bffff window]
[    1.703703] kernel: pci_bus 0000:00: resource 7 [mem 0xc0000000-0xfebfffff window]
[    1.703716] kernel: pci_bus 0000:00: resource 8 [mem 0x2c0000000-0x33fffffff window]
[    1.703991] kernel: pci 0000:00:01.0: PIIX3: Enabling Passive Release
[    1.704010] kernel: pci 0000:00:00.0: Limiting direct PCI/PCI transfers
[    1.704035] kernel: pci 0000:00:01.0: Activating ISA DMA hang workarounds
[    1.704122] kernel: pci 0000:00:02.0: Video device with shadowed ROM at [mem 0x000c0000-0x000dffff]
[    1.704238] kernel: PCI: CLS 0 bytes, default 64
[    1.704269] kernel: PCI-DMA: Using software bounce buffering for IO (SWIOTLB)
[    1.704274] kernel: software IO TLB: mapped [mem 0x00000000bbfdd000-0x00000000bffdd000] (64MB)
[    1.730722] kernel: RAPL Punlink FIFO failed: No such file or directory
[    0.000000] kernel: Linux version 5.15.0+ (tlyu@IC-RS3-DPC07) (gcc (Ubuntu 9.4.0-1ubuntu1~20.04.1) 9.4.0, GNU ld (GNU Binutils for Ubuntu) 2.34) #8 SMP Fri Jun 3 16:18:40 CEST 2022
[    0.000000] kernel: Command line: root=/dev/sda console=ttyS0 net.ifnames=0 ip=192.168.0.56 quiet
[    0.000000] kernel: x86/fpu: Supporting XSAVE feature 0x001: 'x87 floating point registers'
[    0.000000] kernel: x86/fpu: Supporting XSAVE feature 0x002: 'SSE registers'
[    0.000000] kernel: x86/fpu: Supporting XSAVE feature 0x004: 'AVX registers'
[    0.000000] kernel: x86/fpu: Supporting XSAVE feature 0x020: 'AVX-512 opmask'
[    0.000000] kernel: x86/fpu: Supporting XSAVE feature 0x040: 'AVX-512 Hi256'
[    0.000000] kernel: x86/fpu: Supporting XSAVE feature 0x080: 'AVX-512 ZMM_Hi256'
[    0.000000] kernel: x86/fpu: Supporting XSAVE feature 0x200: 'Protection Keys User registers'
[    0.000000] kernel: x86/fpu: xstate_offset[2]:  576, xstate_sizes[2]:  256
[    0.000000] kernel: x86/fpu: xstate_MU: API unit is 2^-32 Joules, 0 fixed counters, 10737418240 ms ovfl timer
[    1.730757] kernel: clocksource: tsc: mask: 0xffffffffffffffff max_cycles: 0x2563bf907c6, max_idle_ns: 440795319401 ns
[    1.730834] kernel: clocksource: Switched to clocksource tsc
[    1.734333] kernel: Initialise system trusted keyrings
[    1.734549] kernel: workingset: timestamp_bits=56 max_order=22 bucket_order=0
[    1.767696] kernel: fuse: init (API version 7.34)
[    1.780239] kernel: Key type asymmetric registered
[    1.780252] kernel: Asymmetric key parser 'x509' registered
[    1.780441] kernel: Block layer SCSI generic (bsg) driver version 0.4 loaded (major 251)
[    1.780448] kernel: io scheduler mq-deadline registered
[    1.780453] kernel: io scheduler kyber registered
[    1.781423] kernel: input: Power Button as /devices/LNXSYSTM:00/LNXPWRBN:00/input/input0
[    1.781639] kernel: ACPI: button: Power Button [PWRF]
[    2.567642] kernel: ACPI: \_SB_.LNKC: Enabled at IRQ 11
[    3.262575] keroffset[5]:  832, xstate_sizes[5]:   64
[    0.000000] kernel: x86/fpu: xstate_offset[6]:  896, xstate_sizes[6]:  512
[    0.000000] kernel: x86/fpu: xstate_offset[7]: 1408, xstate_sizes[7]: 1024
[    0.000000] kernel: x86/fpu: xstate_offset[9]: 2432, xstate_sizes[9]:    8
[    0.000000] kernel: x86/fpu: Enabled xstate features 0x2e7, context size is 2440 bytes, using 'compacted' format.
[    0.000000] kernel: signal: max sigframe size: 3632
[    0.000000] kernel: BIOS-provided physical RAM map:
[    0.000000] kernel: BIOS-e820: [mem 0x0000000000000000-0x000000000009fbff] usable
[    0.000000] kernel: BIOS-e820: [mem 0x000000000009fc00-0x000000000009ffff] reserved
[    0.000000] kernel: BIOS-e820: [mem 0x00000000000f0000-0x00000000000fffff] reserved
[    0.000000] kernel: BIOS-e820: [mem 0x0000000000100000-0x00000000bffdcfff] usable
[    0.000000] kernel: BIOS-e820: [mem 0x00000000bffdd000-0x00000000bfffffff] reserved
[    0.000000] kernel: BIOS-e820: [mem 0x00000000feffc000-0x00000000nel: ACPI: \_SB_.LNKD: Enabled at IRQ 10
[    3.954946] kernel: ACPI: \_SB_.LNKA: Enabled at IRQ 10
[    3.956277] kernel: Serial: 8250/16550 driver, 4 ports, IRQ sharing enabled
[    3.956494] kernel: 00:05: ttyS0 at I/O 0x3f8 (irq = 4, base_baud = 115200) is a 16550A
[    3.958751] kernel: Non-volatile memory driver v1.3
[    3.958846] kernel: Linux agpgart interface v0.103
[    3.966798] kernel: loop: module loaded
[    3.968304] kernel: virtio_blk virtio2: [vda] 1024000 512-byte logical blocks (524 MB/500 MiB)
[    3.971295] kernel: ata_piix 0000:00:01.1: version 2.13
[    3.982908] kernel: scsi host0: ata_piix
[    3.984281] kernel: scsi host1: ata_piix
[    3.984515] kernel: ata1: PATA max MWDMA2 cmd 0x1f0 ctl 0x3f6 bmdma 0xc0c0 irq 14
[    3.984528] kernel: ata2: PATA max MWDMA2 cmd 0x170 ctl 0x376 bmdma 0xc0c8 irq 15
[    3.985289] kernel: libphy: Fixed MDIO Bus: probed
[    3.991047] kernel: e100: Intel(R) PRO/100 Network Driver
[    3.991055] kernel: e100: Copyright(c) 1999-feffffff] reserved
[    0.000000] kernel: BIOS-e820: [mem 0x00000000fffc0000-0x00000000ffffffff] reserved
[    0.000000] kernel: BIOS-e820: [mem 0x0000000100000000-0x00000002bfffffff] usable
[    0.000000] kernel: NX (Execute Disable) protection: active
[    0.000000] kernel: SMBIOS 2.8 present.
[    0.000000] kernel: DMI: QEMU Standard PC (i440FX + PIIX, 1996), BIOS 1.13.0-1ubuntu1.1 04/01/2014
[    0.000000] kernel: Hypervisor detected: KVM
[    0.000000] kernel: kvm-clock: Using msrs 4b564d01 and 4b564d00
[    0.000000] kernel: kvm-clock: cpu 0, msr 187b58001, primary cpu clock
[    0.000002] kernel: kvm-clock: using sched offset of 1164795352 cycles
[    0.000009] kernel: clocksource: kvm-clock: mask: 0xffffffffffffffff max_cycles: 0x1cd42e4dffb, max_idle_ns: 881590591483 ns
[    0.000021] kernel: tsc: Detected 2593.906 MHz processor
[    0.005733] kernel: e820: update [mem 0x00000000-0x00000fff] usable ==> reserved
[    0.005750] kernel: e820: remove [mem 0x000a0000-0x000fffff] usable
[    0.005767] kernel: last_pfn = 0x2c0000 max_arch_pfn = 0x10000000000
[    0.005829] kernel: x86/PAT: Configuration [0-7]: WB  WC  UC- UC  WB  WP  UC- WT  
[    0.005841] kernel: last_pfn = 0xbffdd max_arch_pfn = 0x10000000000
[    0.013272] kernel: found SMP MP-table at [mem 0x000f5c70-0x000f5c7f]
[    0.013334] kernel: Using GB pages for direct mapping
[    0.013955] kernel: ACPI: Early table checksum verification disabled
[    0.013964] kernel: ACPI: RSDP 0x00000000000F5A40 000014 (v00 BOCHS )
[    0.013987] kernel: ACPI: RSDT 0x00000000BFFE15C9 000030 (v01 BOCHS  BXPCRSDT 00000001 BXPC 00000001)
[    0.014011] kernel: ACPI: FACP 0x00000000BFFE149D 000074 (v01 BOCHS  BXPCFACP 00000001 BXPC 00000001)
[    0.014038] kernel: ACPI: DSDT 0x00000000BFFE0040 00145D (v01 BOCHS  BXPCDSDT 00000001 BXPC 00000001)
[    0.014059] kernel: ACPI: FACS 0x00000000BFFE0000 000040
[    0.014074] kernel: ACPI: APIC 0x00000000BFFE1511 000080 (v01 BOCHS  BXPCAPIC 00000001 BXPC 00000001)
[    0.012006 Intel Corporation
[    3.991105] kernel: e1000: Intel(R) PRO/1000 Network Driver
[    3.991111] kernel: e1000: Copyright (c) 1999-2006 Intel Corporation.
[    3.991176] kernel: e1000e: Intel(R) PRO/1000 Network Driver
[    3.991181] kernel: e1000e: Copyright(c) 1999 - 2015 Intel Corporation.
[    3.991260] kernel: sky2: driver version 1.30
[    3.991717] kernel: ehci_hcd: USB 2.0 'Enhanced' Host Controller (EHCI) Driver
[    3.991723] kernel: ehci-pci: EHCI PCI platform driver
[    3.991766] kernel: ohci_hcd: USB 1.1 'Open' Host Controller (OHCI) Driver
[    3.991779] kernel: ohci-pci: OHCI PCI platform driver
[    3.991820] kernel: uhci_hcd: USB Universal Host Controller Interface driver
[    3.992074] kernel: usbcore: registered new interface driver usblp
[    3.992127] kernel: usbcore: registered new interface driver usb-storage
[    3.992260] kernel: i8042: PNP: PS/2 Controller [PNP0303:KBD,PNP0f13:MOU] at 0x60,0x64 irq 1,12
[    3.992860] kernel: serio: i8042 KBD port at 0x60,0x64 irq 1
[    3.992878] kernel: serio: i8042 AUX port at 0x60,0x64 irq 12
