
Ubuntu 20.04 LTS dfs-fuzzing ttyS0

Ubuntu 20.04 LTS dfs-fuzzing ttyS0


Ubuntu 20.04 LTS dfs-fuzzing ttyS0


Ubuntu 20.04 LTS dfs-fuzzing ttyS0

2023/03/05 12:59:59 fuzzer started
2023/03/05 13:00:00 dialing manager at localhost:33783
2023/03/05 13:00:00 connecting to manager...
2023/03/05 13:00:00 syscalls: 130
2023/03/05 13:00:00 code coverage: enabled
2023/03/05 13:00:00 comparison tracing: enabled
2023/03/05 13:00:00 extra coverage: enabled
2023/03/05 13:00:00 setuid sandbox: enabled
2023/03/05 13:00:00 namespace sandbox: /proc/self/ns/user does not exist
2023/03/05 13:00:00 Android sandbox: /sys/fs/selinux/policy can't be opened (open /sys/fs/selinux/policy: invalid argument)
2023/03/05 13:00:00 fault injection: CONFIG_FAULT_INJECTION_DEBUG_FS or CONFIG_FAILSLAB are not enabled
2023/03/05 13:00:00 leak checking: CONFIG_DEBUG_KMEMLEAK is not enabled
2023/03/05 13:00:00 net packet injection: /dev/net/tun does not exist
2023/03/05 13:00:00 net device setup: enabled
2023/03/05 13:00:00 concurrency sanitizer: /sys/kernel/debug/kcsan does not exist
2023/03/05 13:00:00 devlink PCI setup: enabled
2023/03/05 13:00:00 USB emulation: /dev/raw-gadget does not exist
2023/03/05 13:00:00 hci packet injection: /dev/vhci does not exist
2023/03/05 13:00:00 wifi device emulation: /sys/class/mac80211_hwsim/ does not exist
2023/03/05 13:00:00 802.15.4 emulation: /sys/bus/platform/devices/mac802154_hwsim does not exist
2023/03/05 13:00:01 poll: candidates=0 inputs=50 signal=2000
2023/03/05 13:00:01 deserializeInput: hasCrash false hasNet false
2023/03/05 13:00:01 prog length: 1
2023/03/05 13:00:01 deserializeInput: hasCrash true hasNet false
2023/03/05 13:00:01 prog length: 6
2023/03/05 13:00:01 prog length: 6
2023/03/05 13:00:01 prog length: 8
2023/03/05 13:00:01 deserializeInput: hasCrash true hasNet false
2023/03/05 13:00:01 prog length: 6
2023/03/05 13:00:01 prog length: 5
2023/03/05 13:00:01 deserializeInput: hasCrash true hasNet false
2023/03/05 13:00:01 prog length: 6
2023/03/05 13:00:01 prog length: 6
2023/03/05 13:00:01 prog length: 11
2023/03/05 13:00:01 deserializeInput: hasCrash true hasNet false
2023/03/05 13:00:01 prog length: 6
2023/03/05 13:00:01 prog length: 3
2023/03/05 13:00:01 deserializeInput: hasCrash true hasNet false
2023/03/05 13:00:01 prog length: 6
2023/03/05 13:00:01 prog length: 6
2023/03/05 13:00:01 prog length: 6
2023/03/05 13:00:01 deserializeInput: hasCrash true hasNet false
2023/03/05 13:00:01 prog length: 6
2023/03/05 13:00:01 prog length: 6
2023/03/05 13:00:01 prog length: 6
2023/03/05 13:00:01 prog length: 7
2023/03/05 13:00:01 deserializeInput: hasCrash true hasNet false
2023/03/05 13:00:01 prog length: 6
2023/03/05 13:00:01 prog length: 5
2023/03/05 13:00:01 deserializeInput: hasCrash false hasNet false
2023/03/05 13:00:01 prog length: 2
2023/03/05 13:00:01 deserializeInput: hasCrash true hasNet false
2023/03/05 13:00:01 prog length: 6
2023/03/05 13:00:01 prog length: 5
2023/03/05 13:00:01 deserializeInput: hasCrash true hasNet false
2023/03/05 13:00:01 prog length: 6
2023/03/05 13:00:01 prog length: 10
2023/03/05 13:00:01 deserializeInput: hasCrash true hasNet false
2023/03/05 13:00:01 prog length: 6
2023/03/05 13:00:01 prog length: 6
2023/03/05 13:00:01 prog length: 6
2023/03/05 13:00:01 prog length: 7
2023/03/05 13:00:01 deserializeInput: hasCrash true hasNet false
2023/03/05 13:00:01 prog length: 6
2023/03/05 13:00:01 prog length: 5
2023/03/05 13:00:01 deserializeInput: hasCrash false hasNet false
2023/03/05 13:00:01 prog length: 3
2023/03/05 13:00:01 deserializeInput: hasCrash true hasNet false
2023/03/05 13:00:01 prog length: 6
2023/03/05 13:00:01 prog length: 6
2023/03/05 13:00:01 prog length: 6
2023/03/05 13:00:01 prog length: 7
2023/03/05 13:00:01 deserializeInput: hasCrash true hasNet false
2023/03/05 13:00:01 prog length: 6
2023/03/05 13:00:01 prog length: 6
2023/03/05 13:00:01 prog length: 5
2023/03/05 13:00:01 deserializeInput: hasCrash true hasNet false
2023/03/05 13:00:01 prog length: 6
2023/03/05 13:00:01 prog length: 6
2023/03/05 13:00:01 prog length: 5
2023/03/05 13:00:01 deserializeInput: hasCrash true hasNet false
2023/03/05 13:00:01 prog length: 6
2023/03/05 13:00:01 prog length: 6
2023/03/05 13:00:01 prog length: 5
2023/03/05 13:00:01 deserializeInput: hasCrash true hasNet false
2023/03/05 13:00:01 prog length: 6
2023/03/05 13:00:01 prog length: 6
2023/03/05 13:00:01 prog length: 7
2023/03/05 13:00:01 deserializeInput: hasCrash true hasNet false
2023/03/05 13:00:01 prog length: 6
2023/03/05 13:00:01 prog length: 6
2023/03/05 13:00:01 prog length: 7
2023/03/05 13:00:01 deserializeInput: hasCrash true hasNet true
2023/03/05 13:00:01 prog length: 6
2023/03/05 13:00:01 prog length: 6
2023/03/05 13:00:01 prog length: 6
2023/03/05 13:00:01 prog length: 9
2023/03/05 13:00:01 deserializeInput: hasCrash true hasNet false
2023/03/05 13:00:01 prog length: 6
2023/03/05 13:00:01 prog length: 6
2023/03/05 13:00:01 prog length: 5
2023/03/05 13:00:01 deserializeInput: hasCrash true hasNet false
2023/03/05 13:00:01 prog length: 6
2023/03/05 13:00:01 prog length: 6
2023/03/05 13:00:01 prog length: 6
2023/03/05 13:00:01 deserializeInput: hasCrash true hasNet false
2023/03/05 13:00:01 prog length: 6
2023/03/05 13:00:01 prog length: 3
2023/03/05 13:00:01 deserializeInput: hasCrash true hasNet false
2023/03/05 13:00:01 prog length: 6
2023/03/05 13:00:01 prog length: 6
2023/03/05 13:00:01 prog length: 6
2023/03/05 13:00:01 deserializeInput: hasCrash true hasNet false
2023/03/05 13:00:01 prog length: 6
2023/03/05 13:00:01 prog length: 6
2023/03/05 13:00:01 prog length: 10
2023/03/05 13:00:01 deserializeInput: hasCrash true hasNet false
2023/03/05 13:00:01 prog length: 6
2023/03/05 13:00:01 prog length: 6
2023/03/05 13:00:01 prog length: 5
2023/03/05 13:00:01 deserializeInput: hasCrash true hasNet false
2023/03/05 13:00:01 prog length: 6
2023/03/05 13:00:01 prog length: 4
2023/03/05 13:00:01 deserializeInput: hasCrash false hasNet false
2023/03/05 13:00:01 prog length: 1
2023/03/05 13:00:01 deserializeInput: hasCrash false hasNet false
2023/03/05 13:00:01 prog length: 2
2023/03/05 13:00:01 deserializeInput: hasCrash true hasNet false
2023/03/05 13:00:01 prog length: 6
2023/03/05 13:00:01 prog length: 5
2023/03/05 13:00:01 deserializeInput: hasCrash true hasNet false
2023/03/05 13:00:01 prog length: 6
2023/03/05 13:00:01 prog length: 6
2023/03/05 13:00:01 prog length: 5
2023/03/05 13:00:01 deserializeInput: hasCrash true hasNet false
2023/03/05 13:00:01 prog length: 6
2023/03/05 13:00:01 prog length: 6
2023/03/05 13:00:01 prog length: 6
2023/03/05 13:00:01 prog length: 7
2023/03/05 13:00:01 deserializeInput: hasCrash true hasNet false
2023/03/05 13:00:01 prog length: 6
2023/03/05 13:00:01 prog length: 6
2023/03/05 13:00:01 prog length: 7
2023/03/05 13:00:01 deserializeInput: hasCrash true hasNet false
2023/03/05 13:00:01 prog length: 6
2023/03/05 13:00:01 prog length: 6
2023/03/05 13:00:01 prog length: 6
2023/03/05 13:00:01 prog length: 7
2023/03/05 13:00:01 deserializeInput: hasCrash true hasNet false
2023/03/05 13:00:01 prog length: 6
2023/03/05 13:00:01 prog length: 6
2023/03/05 13:00:01 prog length: 5
2023/03/05 13:00:01 deserializeInput: hasCrash true hasNet false
2023/03/05 13:00:01 prog length: 6
2023/03/05 13:00:01 prog length: 6
2023/03/05 13:00:01 prog length: 5
2023/03/05 13:00:01 deserializeInput: hasCrash true hasNet false
2023/03/05 13:00:01 prog length: 6
2023/03/05 13:00:01 prog length: 6
2023/03/05 13:00:01 prog length: 11
2023/03/05 13:00:01 deserializeInput: hasCrash true hasNet false
2023/03/05 13:00:01 prog length: 6
2023/03/05 13:00:01 prog length: 6
2023/03/05 13:00:01 prog length: 7
2023/03/05 13:00:01 deserializeInput: hasCrash true hasNet false
2023/03/05 13:00:01 prog length: 6
2023/03/05 13:00:01 prog length: 6
2023/03/05 13:00:01 prog length: 6
2023/03/05 13:00:01 deserializeInput: hasCrash true hasNet false
2023/03/05 13:00:01 prog length: 6
2023/03/05 13:00:01 prog length: 6
2023/03/05 13:00:01 prog length: 6
2023/03/05 13:00:01 deserializeInput: hasCrash true hasNet false
2023/03/05 13:00:01 prog length: 6
2023/03/05 13:00:01 prog length: 6
2023/03/05 13:00:01 prog length: 6
2023/03/05 13:00:01 deserializeInput: hasCrash true hasNet false
2023/03/05 13:00:01 prog length: 6
2023/03/05 13:00:01 prog length: 4
2023/03/05 13:00:01 deserializeInput: hasCrash true hasNet false
2023/03/05 13:00:01 prog length: 6
2023/03/05 13:00:01 prog length: 6
2023/03/05 13:00:01 prog length: 8
2023/03/05 13:00:01 deserializeInput: hasCrash true hasNet false
2023/03/05 13:00:01 prog length: 6
2023/03/05 13:00:01 prog length: 6
2023/03/05 13:00:01 prog length: 7
2023/03/05 13:00:01 deserializeInput: hasCrash true hasNet false
2023/03/05 13:00:01 prog length: 6
2023/03/05 13:00:01 prog length: 6
2023/03/05 13:00:01 prog length: 5
2023/03/05 13:00:01 deserializeInput: hasCrash true hasNet false
2023/03/05 13:00:01 prog length: 6
2023/03/05 13:00:01 prog length: 13
2023/03/05 13:00:01 deserializeInput: hasCrash true hasNet false
2023/03/05 13:00:01 prog length: 6
2023/03/05 13:00:01 prog length: 6
2023/03/05 13:00:01 prog length: 9
2023/03/05 13:00:01 deserializeInput: hasCrash true hasNet false
2023/03/05 13:00:01 prog length: 6
2023/03/05 13:00:01 prog length: 8
2023/03/05 13:00:01 deserializeInput: hasCrash false hasNet false
2023/03/05 13:00:01 prog length: 1
2023/03/05 13:00:01 fetching corpus: 50, signal 6280/54408/59985 (executing program)
2023/03/05 13:00:01 poll: candidates=0 inputs=50 signal=2000
2023/03/05 13:00:01 deserializeInput: hasCrash true hasNet false
2023/03/05 13:00:01 prog length: 6
2023/03/05 13:00:01 prog length: 6
2023/03/05 13:00:01 prog length: 8
2023/03/05 13:00:01 deserializeInput: hasCrash true hasNet false
2023/03/05 13:00:01 prog length: 6
2023/03/05 13:00:01 prog length: 5
2023/03/05 13:00:01 deserializeInput: hasCrash true hasNet false
2023/03/05 13:00:01 prog length: 6
2023/03/05 13:00:01 prog length: 5
2023/03/05 13:00:01 deserializeInput: hasCrash false hasNet false
2023/03/05 13:00:01 prog length: 3
2023/03/05 13:00:01 deserializeInput: hasCrash true hasNet false
2023/03/05 13:00:01 prog length: 6
2023/03/05 13:00:01 prog length: 6
2023/03/05 13:00:01 prog length: 5
2023/03/05 13:00:01 deserializeInput: hasCrash true hasNet false
2023/03/05 13:00:01 prog length: 6
2023/03/05 13:00:01 prog length: 6
2023/03/05 13:00:01 prog length: 7
2023/03/05 13:00:01 deserializeInput: hasCrash true hasNet false
2023/03/05 13:00:01 prog length: 6
2023/03/05 13:00:01 prog length: 4
2023/03/05 13:00:01 deserializeInput: hasCrash false hasNet false
2023/03/05 13:00:01 prog length: 2
2023/03/05 13:00:01 deserializeInput: hasCrash false hasNet false
2023/03/05 13:00:01 prog length: 3
2023/03/05 13:00:01 deserializeInput: hasCrash true hasNet false
2023/03/05 13:00:01 prog length: 6
2023/03/05 13:00:01 prog length: 3
2023/03/05 13:00:01 deserializeInput: hasCrash false hasNet false
2023/03/05 13:00:01 prog length: 3
2023/03/05 13:00:01 deserializeInput: hasCrash true hasNet false
2023/03/05 13:00:01 prog length: 6
2023/03/05 13:00:01 prog length: 4
2023/03/05 13:00:01 deserializeInput: hasCrash true hasNet false
2023/03/05 13:00:01 prog length: 6
2023/03/05 13:00:01 prog length: 6
2023/03/05 13:00:01 prog length: 6
2023/03/05 13:00:01 prog length: 7
2023/03/05 13:00:01 deserializeInput: hasCrash true hasNet false
2023/03/05 13:00:01 prog length: 6
2023/03/05 13:00:01 prog length: 6
2023/03/05 13:00:01 prog length: 5
2023/03/05 13:00:01 deserializeInput: hasCrash true hasNet false
2023/03/05 13:00:01 prog length: 6
2023/03/05 13:00:01 prog length: 6
2023/03/05 13:00:01 prog length: 6
2023/03/05 13:00:01 deserializeInput: hasCrash false hasNet false
2023/03/05 13:00:01 prog length: 2
2023/03/05 13:00:01 deserializeInput: hasCrash true hasNet false
2023/03/05 13:00:01 prog length: 6
2023/03/05 13:00:01 prog length: 6
2023/03/05 13:00:01 prog length: 6
2023/03/05 13:00:01 prog length: 7
2023/03/05 13:00:01 deserializeInput: hasCrash true hasNet false
2023/03/05 13:00:01 prog length: 6
2023/03/05 13:00:01 prog length: 6
2023/03/05 13:00:01 prog length: 7
2023/03/05 13:00:01 deserializeInput: hasCrash true hasNet false
2023/03/05 13:00:01 prog length: 6
2023/03/05 13:00:01 prog length: 6
2023/03/05 13:00:01 prog length: 5
2023/03/05 13:00:01 deserializeInput: hasCrash true hasNet false
2023/03/05 13:00:01 prog length: 6
2023/03/05 13:00:01 prog length: 6
2023/03/05 13:00:01 prog length: 11
2023/03/05 13:00:01 deserializeInput: hasCrash true hasNet false
2023/03/05 13:00:01 prog length: 6
2023/03/05 13:00:01 prog length: 5
2023/03/05 13:00:01 deserializeInput: hasCrash true hasNet false
2023/03/05 13:00:01 prog length: 6
2023/03/05 13:00:01 prog length: 8
2023/03/05 13:00:01 deserializeInput: hasCrash true hasNet false
2023/03/05 13:00:01 prog length: 6
2023/03/05 13:00:01 prog length: 6
2023/03/05 13:00:01 prog length: 7
2023/03/05 13:00:01 deserializeInput: hasCrash true hasNet false
2023/03/05 13:00:01 prog length: 6
2023/03/05 13:00:01 prog length: 4
2023/03/05 13:00:01 deserializeInput: hasCrash false hasNet false
2023/03/05 13:00:01 prog length: 12
2023/03/05 13:00:01 deserializeInput: hasCrash true hasNet false
2023/03/05 13:00:01 prog length: 6
2023/03/05 13:00:01 prog length: 6
2023/03/05 13:00:01 prog length: 9
2023/03/05 13:00:01 deserializeInput: hasCrash true hasNet false
2023/03/05 13:00:01 prog length: 6
2023/03/05 13:00:01 prog length: 6
2023/03/05 13:00:01 prog length: 6
2023/03/05 13:00:01 deserializeInput: hasCrash true hasNet false
2023/03/05 13:00:01 prog length: 6
2023/03/05 13:00:01 prog length: 6
2023/03/05 13:00:01 prog length: 6
2023/03/05 13:00:01 deserializeInput: hasCrash true hasNet false
2023/03/05 13:00:01 prog length: 6
2023/03/05 13:00:01 prog length: 6
2023/03/05 13:00:01 prog length: 10
2023/03/05 13:00:01 deserializeInput: hasCrash true hasNet false
2023/03/05 13:00:01 prog length: 6
2023/03/05 13:00:01 prog length: 6
2023/03/05 13:00:01 prog length: 11
2023/03/05 13:00:01 deserializeInput: hasCrash true hasNet false
2023/03/05 13:00:01 prog length: 6
2023/03/05 13:00:01 prog length: 6
2023/03/05 13:00:01 prog length: 6
2023/03/05 13:00:01 prog length: 7
2023/03/05 13:00:01 deserializeInput: hasCrash true hasNet false
2023/03/05 13:00:01 prog length: 6
2023/03/05 13:00:01 prog length: 6
2023/03/05 13:00:01 prog length: 8
2023/03/05 13:00:01 deserializeInput: hasCrash true hasNet false
2023/03/05 13:00:01 prog length: 6
2023/03/05 13:00:01 prog length: 6
2023/03/05 13:00:01 prog length: 5
2023/03/05 13:00:01 deserializeInput: hasCrash true hasNet false
2023/03/05 13:00:01 prog length: 6
2023/03/05 13:00:01 prog length: 6
2023/03/05 13:00:01 prog length: 5
2023/03/05 13:00:01 deserializeInput: hasCrash true hasNet true
2023/03/05 13:00:01 prog length: 6
2023/03/05 13:00:01 prog length: 6
2023/03/05 13:00:01 prog length: 6
2023/03/05 13:00:01 prog length: 15
2023/03/05 13:00:01 deserializeInput: hasCrash true hasNet false
2023/03/05 13:00:01 prog length: 6
2023/03/05 13:00:01 prog length: 4
2023/03/05 13:00:01 deserializeInput: hasCrash true hasNet false
2023/03/05 13:00:01 prog length: 6
2023/03/05 13:00:01 prog length: 3
2023/03/05 13:00:01 deserializeInput: hasCrash true hasNet false
2023/03/05 13:00:01 prog length: 6
2023/03/05 13:00:01 prog length: 3
2023/03/05 13:00:01 deserializeInput: hasCrash true hasNet false
2023/03/05 13:00:01 prog length: 6
2023/03/05 13:00:01 prog length: 6
2023/03/05 13:00:01 prog length: 8
2023/03/05 13:00:01 deserializeInput: hasCrash true hasNet false
2023/03/05 13:00:01 prog length: 6
2023/03/05 13:00:01 prog length: 6
2023/03/05 13:00:01 prog length: 6
2023/03/05 13:00:01 deserializeInput: hasCrash false hasNet false
2023/03/05 13:00:01 prog length: 2
2023/03/05 13:00:01 deserializeInput: hasCrash true hasNet false
2023/03/05 13:00:01 prog length: 6
2023/03/05 13:00:01 prog length: 6
2023/03/05 13:00:01 deserializeInput: hasCrash true hasNet false
2023/03/05 13:00:01 prog length: 6
2023/03/05 13:00:01 prog length: 5
2023/03/05 13:00:01 deserializeInput: hasCrash true hasNet false
2023/03/05 13:00:01 prog length: 6
2023/03/05 13:00:01 prog length: 6
2023/03/05 13:00:01 prog length: 6
2023/03/05 13:00:01 deserializeInput: hasCrash true hasNet false
2023/03/05 13:00:01 prog length: 6
2023/03/05 13:00:01 prog length: 6
2023/03/05 13:00:01 prog length: 5
2023/03/05 13:00:01 deserializeInput: hasCrash true hasNet false
2023/03/05 13:00:01 prog length: 6
2023/03/05 13:00:01 prog length: 6
2023/03/05 13:00:01 prog length: 6
2023/03/05 13:00:01 deserializeInput: hasCrash false hasNet false
2023/03/05 13:00:01 prog length: 3
2023/03/05 13:00:01 deserializeInput: hasCrash true hasNet false
2023/03/05 13:00:01 prog length: 6
2023/03/05 13:00:01 prog length: 5
2023/03/05 13:00:01 deserializeInput: hasCrash true hasNet false
2023/03/05 13:00:01 prog length: 6
2023/03/05 13:00:01 prog length: 6
2023/03/05 13:00:01 prog length: 7
2023/03/05 13:00:01 deserializeInput: hasCrash true hasNet false
2023/03/05 13:00:01 prog length: 6
2023/03/05 13:00:01 prog length: 6
2023/03/05 13:00:01 fetching corpus: 100, signal 8084/70857/78307 (executing program)
2023/03/05 13:00:02 poll: candidates=0 inputs=16 signal=2000
2023/03/05 13:00:02 deserializeInput: hasCrash true hasNet false
2023/03/05 13:00:02 prog length: 6
2023/03/05 13:00:02 prog length: 6
2023/03/05 13:00:02 prog length: 9
2023/03/05 13:00:02 deserializeInput: hasCrash true hasNet false
2023/03/05 13:00:02 prog length: 6
2023/03/05 13:00:02 prog length: 6
2023/03/05 13:00:02 prog length: 5
2023/03/05 13:00:02 deserializeInput: hasCrash true hasNet false
2023/03/05 13:00:02 prog length: 6
2023/03/05 13:00:02 prog length: 6
2023/03/05 13:00:02 prog length: 6
2023/03/05 13:00:02 deserializeInput: hasCrash true hasNet false
2023/03/05 13:00:02 prog length: 6
2023/03/05 13:00:02 prog length: 6
2023/03/05 13:00:02 prog length: 6
2023/03/05 13:00:02 deserializeInput: hasCrash true hasNet false
2023/03/05 13:00:02 prog length: 6
2023/03/05 13:00:02 prog length: 6
2023/03/05 13:00:02 prog length: 6
2023/03/05 13:00:02 deserializeInput: hasCrash true hasNet false
2023/03/05 13:00:02 prog length: 6
2023/03/05 13:00:02 prog length: 6
2023/03/05 13:00:02 prog length: 8
2023/03/05 13:00:02 deserializeInput: hasCrash true hasNet false
2023/03/05 13:00:02 prog length: 6
2023/03/05 13:00:02 prog length: 6
2023/03/05 13:00:02 prog length: 17
2023/03/05 13:00:02 deserializeInput: hasCrash true hasNet false
2023/03/05 13:00:02 prog length: 6
2023/03/05 13:00:02 prog length: 3
2023/03/05 13:00:02 deserializeInput: hasCrash true hasNet false
2023/03/05 13:00:02 prog length: 6
2023/03/05 13:00:02 prog length: 6
2023/03/05 13:00:02 prog length: 6
2023/03/05 13:00:02 deserializeInput: hasCrash true hasNet false
2023/03/05 13:00:02 prog length: 6
2023/03/05 13:00:02 prog length: 6
2023/03/05 13:00:02 prog length: 6
2023/03/05 13:00:02 deserializeInput: hasCrash false hasNet false
2023/03/05 13:00:02 prog length: 2
2023/03/05 13:00:02 deserializeInput: hasCrash true hasNet false
2023/03/05 13:00:02 prog length: 6
2023/03/05 13:00:02 prog length: 6
2023/03/05 13:00:02 prog length: 6
2023/03/05 13:00:02 deserializeInput: hasCrash true hasNet false
2023/03/05 13:00:02 prog length: 6
2023/03/05 13:00:02 prog length: 6
2023/03/05 13:00:02 prog length: 7
2023/03/05 13:00:02 deserializeInput: hasCrash true hasNet false
2023/03/05 13:00:02 prog length: 6
2023/03/05 13:00:02 prog length: 6
2023/03/05 13:00:02 prog length: 8
2023/03/05 13:00:02 deserializeInput: hasCrash true hasNet false
2023/03/05 13:00:02 prog length: 6
2023/03/05 13:00:02 prog length: 6
2023/03/05 13:00:02 prog length: 5
2023/03/05 13:00:02 deserializeInput: hasCrash true hasNet false
2023/03/05 13:00:02 prog length: 6
2023/03/05 13:00:02 prog length: 8
2023/03/05 13:00:02 fetching corpus: 116, signal 8195/77733/85822 (executing program)
2023/03/05 13:00:02 poll: candidates=0 inputs=0 signal=2000
2023/03/05 13:00:02 fetching corpus: 116, signal 8195/77733/86406 (executing program)
2023/03/05 13:00:02 poll: candidates=0 inputs=0 signal=2000
2023/03/05 13:00:02 fetching corpus: 116, signal 8195/77733/87010 (executing program)
2023/03/05 13:00:02 poll: candidates=0 inputs=0 signal=2000
2023/03/05 13:00:02 fetching corpus: 116, signal 8195/77733/87597 (executing program)
2023/03/05 13:00:02 poll: candidates=0 inputs=0 signal=2000
2023/03/05 13:00:02 fetching corpus: 116, signal 8195/77733/88199 (executing program)
2023/03/05 13:00:02 poll: candidates=0 inputs=0 signal=2000
2023/03/05 13:00:02 fetching corpus: 116, signal 8195/77733/88819 (executing program)
2023/03/05 13:00:02 poll: candidates=0 inputs=0 signal=2000
2023/03/05 13:00:02 fetching corpus: 116, signal 8195/77733/89440 (executing program)
2023/03/05 13:00:02 poll: candidates=0 inputs=0 signal=2000
2023/03/05 13:00:02 fetching corpus: 116, signal 8195/77733/90030 (executing program)
2023/03/05 13:00:02 poll: candidates=0 inputs=0 signal=2000
2023/03/05 13:00:02 fetching corpus: 116, signal 8195/77733/90606 (executing program)
2023/03/05 13:00:02 poll: candidates=0 inputs=0 signal=2000
2023/03/05 13:00:02 fetching corpus: 116, signal 8195/77733/91210 (executing program)
2023/03/05 13:00:02 poll: candidates=0 inputs=0 signal=2000
2023/03/05 13:00:02 fetching corpus: 116, signal 8195/77733/91784 (executing program)
2023/03/05 13:00:02 poll: candidates=0 inputs=0 signal=2000
2023/03/05 13:00:02 fetching corpus: 116, signal 8195/77733/92353 (executing program)
2023/03/05 13:00:02 poll: candidates=0 inputs=0 signal=2000
2023/03/05 13:00:02 fetching corpus: 116, signal 8195/77733/92955 (executing program)
2023/03/05 13:00:02 poll: candidates=0 inputs=0 signal=2000
2023/03/05 13:00:02 fetching corpus: 116, signal 8195/77733/93563 (executing program)
2023/03/05 13:00:02 poll: candidates=0 inputs=0 signal=2000
2023/03/05 13:00:02 fetching corpus: 116, signal 8195/77733/94177 (executing program)
2023/03/05 13:00:02 poll: candidates=0 inputs=0 signal=2000
2023/03/05 13:00:02 fetching corpus: 116, signal 8195/77733/94794 (executing program)
2023/03/05 13:00:02 poll: candidates=0 inputs=0 signal=2000
2023/03/05 13:00:02 fetching corpus: 116, signal 8195/77733/95411 (executing program)
2023/03/05 13:00:02 poll: candidates=0 inputs=0 signal=2000
2023/03/05 13:00:02 fetching corpus: 116, signal 8195/77733/95994 (executing program)
2023/03/05 13:00:02 poll: candidates=0 inputs=0 signal=2000
2023/03/05 13:00:02 fetching corpus: 116, signal 8195/77733/96598 (executing program)
2023/03/05 13:00:02 poll: candidates=0 inputs=0 signal=2000
2023/03/05 13:00:02 fetching corpus: 116, signal 8195/77733/97172 (executing program)
2023/03/05 13:00:02 poll: candidates=0 inputs=0 signal=2000
2023/03/05 13:00:02 fetching corpus: 116, signal 8195/77733/97782 (executing program)
2023/03/05 13:00:02 poll: candidates=0 inputs=0 signal=2000
2023/03/05 13:00:02 fetching corpus: 116, signal 8195/77733/98369 (executing program)
2023/03/05 13:00:02 poll: candidates=0 inputs=0 signal=2000
2023/03/05 13:00:02 fetching corpus: 116, signal 8195/77733/98979 (executing program)
2023/03/05 13:00:02 poll: candidates=0 inputs=0 signal=2000
2023/03/05 13:00:02 fetching corpus: 116, signal 8195/77733/99587 (executing program)
2023/03/05 13:00:02 poll: candidates=0 inputs=0 signal=2000
2023/03/05 13:00:02 fetching corpus: 116, signal 8195/77733/100188 (executing program)
2023/03/05 13:00:02 poll: candidates=0 inputs=0 signal=2000
2023/03/05 13:00:02 fetching corpus: 116, signal 8195/77733/100798 (executing program)
2023/03/05 13:00:02 poll: candidates=0 inputs=0 signal=767
2023/03/05 13:00:02 fetching corpus: 116, signal 8195/77733/101003 (executing program)
2023/03/05 13:00:02 poll: candidates=0 inputs=0 signal=0
2023/03/05 13:00:02 fetching corpus: 116, signal 8195/77733/101003 (executing program)
2023/03/05 13:00:03 starting 1 fuzzer processes
2023/03/05 13:00:03 ----- generateCall 248 fstat fstat
2023/03/05 13:00:03 ----- generateCall 3670 setxattr$security_smack_transmute setxattr$security_smack_transmute
2023/03/05 13:00:03 ----- generateCall 248 fstat fstat
2023/03/05 13:00:03 ----- generateCall 3677 setxattr$trusted_overlay_upper setxattr$trusted_overlay_upper
2023/03/05 13:00:03 ----- generateCall 2374 mkdirat mkdirat
2023/03/05 13:00:03 ----- generateCall 203 fcntl$dupfd fcntl$dupfd
2023/03/05 13:00:03 ----- generateCall 2458 open open
2023/03/05 13:00:03 ----- generateCall 200 fcntl$F_SET_FILE_RW_HINT fcntl$F_SET_FILE_RW_HINT
2023/03/05 13:00:03 ----- generateCall 2362 lsetxattr$trusted_overlay_redirect lsetxattr$trusted_overlay_redirect
2023/03/05 13:00:03 ----- generateCall 2458 open open
2023/03/05 13:00:03 ----- generateCall 2374 mkdirat mkdirat
2023/03/05 13:00:03 ----- generateCall 250 fsync fsync
2023/03/05 13:00:03 ----- generateCall 238 fsetxattr$system_posix_acl fsetxattr$system_posix_acl
2023/03/05 13:00:03 ----- generateCall 3670 setxattr$security_smack_transmute setxattr$security_smack_transmute
2023/03/05 13:00:03 ----- generateCall 2458 open open
2023/03/05 13:00:03 map[./file0:true ./file1:true]
2023/03/05 13:00:03 #0: generated
2023/03/05 13:00:03 HasCrashFail: false, .HasNetFail: false
2023/03/05 13:00:03 prog length: 20
2023/03/05 13:00:03 HasCrashFail:false HasNetFail:false
13:00:03 ---executing program 0:
---
---
---
r0 = open$dir(&(0x7f0000000000)='./file0\x00', 0x2, 0x8)
fstat(r0, &(0x7f0000000040)={0x0, 0x0, 0x0, 0x0, 0x0, <r1=>0x0})
setxattr$security_smack_transmute(&(0x7f00000000c0)='./file0\x00', &(0x7f0000000100), &(0x7f0000000140), 0x4, 0x4)
fstat(r0, &(0x7f0000000180)={0x0, 0x0, 0x0, 0x0, <r2=>0x0, <r3=>0x0})
setxattr$trusted_overlay_upper(&(0x7f0000000200)='./file0\x00', &(0x7f0000000240), &(0x7f0000000280)={0x0, 0xfb, 0x1015, 0x5, 0x4, "821001f011f5d84af07ad71e2288afd9", "70cf783d2a966fee326601de9476f0c2f692bed0b386114a80d82f6d9c4ad6d32028d42748684364c9a2a358e7ab62f7b162a842bfc8a612f0b51fd9d653352f8c123a55054962c0a4fa4600862d26295c8317fef3cf98960237ab4e395e8ab13423e1e4c6767fec5ae678c137fbc94bf8f286d09df3c3bf2684a521102aafa5f786a6843fda4ccdda63b66393b0e7bb525facef3e7c2af1727b22ff03646518ef4e5b994166ab1478b82e67e85a42039d171f97a235b5e7f3fc343fd221a636f0cb8e82ebdfbd79698d0144f494865907e2cbbeec7ec9c944b9bcde277de600473302c2e5c331d981500257e627b86f22e092b476447b6820b6176c8ce46cf7fa231a761a4d360752035522018a13e63aaddf488ddb73bbed01646c002c178227c63738219b50fcd4da025f891afb2fb936eedbd0f8f09a2cd85dd59d85ed79dac27a2c11bb6835b886ac247b6b273abeae6f84c48cf3f742efce5f11f6b758d856e37d9f1c9215457164247e9a7bd16c3de91f88c9171a30312932b0685ff6f1d39a95ab8d5386524d2413a6e9af26b024359d4a8e6e2b396283f971661c47cc7c02a762321fa7d80763f8b03ca52e66c230def98c6c727fd21b8b523d3f0a59942f286736972f8433db95e8e1c01f901a9efa2433fe67b784255e74849ae60df5884bd07e22b396ca70598d5467397c3dd70fada972ab7ee814293f7454f2b10772a2ec099443813cce996360cf5d3df1d79f858929531a1cc3711a35c6b1fbb713ec8504607e17555f83a58779539296e04d4f30f043138356162d76fa50188d7f8a7e80e075e7fa20ab561f95ef69ebb8537602353f53da0e5bfea0e9980936eb9a1a347a265d44cd62d502b9aeea97279704b16613ed75de016e546d9bf940643188cc2ee0bcd38a10dd136011589a16595e52a0433c7227fa66db193b39ea7a3be6ad4f122580630a26988f78cbe37af576fbc821df83559c573aeeda5148a7f6557879c759f89452871b8838fddf65cd1b2bf5bdb42a55ecbf9786b7a5369eded47001d8ca6ee8b80e5b3fed45bae4c6c7fb6f942eb9ca73bef26d5788d8d7197559beea63ad4ffc848178f109d09e15d8a1f18840b67ba0bb0a96c028cb73c27e420293e01c60b705a08fcd93c775006b4ecda538d33386018c88c0869458c6108009729316db3c3de5e61c31aa42f6cefae8012bff67ad90c31690128362d3a0ac098743a9fd10e612872446e97f79758eef6828c2b1ce8fed85e07521d0483355ae3bedf0d5681b698327d1e71c342978665bb91aa92796cb8c3ad4d3c72715c68758cae897a2658e16d7eaa86f3fc7daa49201f4df7501def068cfaf611a1209100e9243a7d437d20c5a173b6730c06c92aaf8822a44bbe7127a0c9775105b6fb1480ad83dfbd66fbe37dcdbd3e86c439c3b3b4e67591e2ba30c6a486147f9e6a2489b91b17baf6420d41ab8b7d0a6e2cb3dbd7e38a139c38cd18639f8054b6fd175bb1b4b63817b2926dac7c698f57ca9ba18057ad53ca0869dc31b12467f8d02646fa92dc1db69c604fe5ea4056f832b885ba73f1ab091d79823a34c2eff633d6a3dfa99ca0e5f205382e923e75cca0023a3071a1845adc383dc5ad6047dd60d06be8745565608401777556f1f782398c1bf440602de15ba9cb551729ab40aee4e55dac600462cbaf5268c273d2a4a06db32d94495424f26200ed5428a73420101d6cf56b578ba8dda00f74766cc781cfd8371441629a46e059a7b6cf0fdef4d4f7d829308571bf96b1522f1d363fbb3eebb32d3a4d7efabf7225616ba96bc55c1bc9e588ef2ada46ff0e53ed742c20882cbf12e08b69e3e721cc2af0c481fa9243551d1c0bdc2fc8ab1ec071430412d859f11080bfa0833cf5d78a59b08f755742900bd89317c8ecc57a7e2da41ef22301d3a1cebb348c04eddd578195e2e6e8f35aba4c39c2983e168c2b925d0f1eb7e20b89b54d5a41f491ff6aba12a5f5ee04004be20b9d57a574a525a42534b7b46daf20e47e3dec9c7accf1b809f82962cd79a8044e7c531eb46f84740949d0b194ebc8856c35dbccd79895fc7ea33d2498430e92aa7c9736d0a8e4fb81862ab2ac4889de5a3fd9a02fcd03f7abb7ab40aed58d9607fadcc3fedb7b09669634a066927aa29d3e356cd3fdc4a069aea547dd652d43932eec795a09195de953a4e57b59c14596de216741f510050e152d09ac673c665dbc2f855ae84f26f78dbc9a2a660968ca8d03d082226fd6283e289385edc0dde7bb83f10ab306111dea43290c2915adcb4d588f914b8efdcc1e437bdc2cfb5cc4fd41cdb0694a51efc2a6c2b0e6e4cde8729fa0a1b61c80495a166a7996c1c1cd0ffcbfa10e68ea11dd41976e6badafbc03f723e735d98dacf56afeaef07b3e9b0a9e3c72650d58b03ca0af2d316b431d5bf5d558f922647a4d2084914e78796b6e3b03fb79c71bc92ea5776509e482fd86b4d50c7e093cc8e25696ab109dff4ede31411586befb89e543c734ef45bb8753a498191605165a057b29fe12f27f0558ed97c59661a7451a0c687561be81688590ed66be21b0921963c25270c528c13fbbd166b66b7ccc8fd50530c0b89ef0a49c893d11a74ef5ec62b47253968eea8a13b522a14fa605e36d0456a3280e4ce26b06166c1ebf7cd3366ee2f1b204c8a594478de5290329ec96703aff1d86b6a8d47399db6a0ee3da54ea17ddf2e0aa083b3acf62275f845c22706b9a277162503ce2873b581979873484376a4430b774f0ccae65538dac9f186cd250bf2663271f8c09d9e6a34ba715a3f9d78da515a59a1c61848b8f63890502802af3b5c3ad62cd036623e9b1bf0cb987b0fbe010453c297a22222e617096b445cc051c2d2b7abc0e174eb8f3b3580130dce38437da7258f79d8a1e603ac71005c6986ea4d125b5306b92e04a824e94ab7404690e0fcc61864ba9b336bccc100adc5f2f58aaefdb9e7abe073477d073eace56b099dd689b64a82b0de53a8cc956ecf623cd2fe6e7b2e751b944bb2b4a7973e6bb3d296bb50f2fca081321c8b1c8b43758e2ea0cd64cadea271856e642d767556b32e62e3f5bd902519ca0748f402146cd6dade8cd5d2f384f9dbcffb85e2c681f2cf64137a59d5c75f3ccb030bd4d080f8e000482083d532f9bf00af499cdad8423b4f4dff5543bc665e269d68adea56617a5563bc28e04c4d989f38ea951ecc0b5b06d03db6c4045b6f3567b252550a7f41779135f53bfcf23cc7f45b4b0faa016cb57fd111b700ef5a4527542ac2000e02dbfdb422a02045b90bf585e7e3ff3ccefe5212ef7775c0ef009a39e9ff6f1efb2d4c8df9f7872959d537730a8cb9e0d89ec05525d6637fc783f05632079de143e6581a169ce851360548adc495c0b8caab7bc8e149e96c3411390bc28055f30ce16c27330e05c1176f41b229ddd08989ecb738ca82ab6b6fd5c27039ff6561fdf7f5b510328084dff54e6d2e6b0214781630b6eacd53e230ac1465b763aa501980c67a3b44cc9493a3ba3226f41d0a52257826721307d0c226035e3a744642cf8289eab5f531fa0cacc81b47dcf4f7e52d0159df9dd99210bfa5f18d0c35f10f2a2e44f2375c9dceb878de56966182ce4d42778b2d16c5e3c39419663e76dc7364761c6f7bebba60b485c4cc05135a67a4a215fcdb9759d60934f83523403a13facf88752d1291b1bb981648a7017471bdc5efaf1bde9e33c41993335b4f8b97845fa1c911669eb44896fe256b4b1b886876d2f3b882ecfea706a4174b800ecb26fe81810f4d91911d5bf04b081036f0d3f9d0e1ce41718ed96fef781bd25a3787a69ee3abf5f3e877136f55a408023787ad4038c111d32dac8abd3d91a7d413e6915f2b05619e95e453aca422177de6d5d1b977dcc5ffb11ec045759c824cab1f8a430514858c3f26547ad3902875a5b378467bda0ffc0154a1ca2fb4b3cfd57103d34c6497b5620b4488b70eff055622a48719b9969868d2c34cafd78e4282176dc54cbd26d5c6930d31f43f81b22cc063cb5f2ce149e0fe1c32ae23668dafca61caf649282ff80ef4c917012e9c40e338864c7a8982c6196dea6b532742eb02f2ba2aab0d1b66271f65a3dd5dbb4116557058c900c0e4db9cc1c025794df7851d997214fd3bf7f32dee8816884e0d1d39eef8f7d03d912b5744f0ba260b643d60f3c768f79a47c54c7a7c31fbabf8f8dccb75472abd76d9cd4677f3854ce990a1c4dc211247d9755a4f53fd4a72808eae73a8157295b0ceef152cfa16235f52fc04c77d9edd6ef2d1e92245250b38625854c5b180f46201978d7a38f2266c9b688879fb5feff150c2d03532c92be60628eda1a047c7617771fceb625e18861c9de0cce64e2a3c2204ea40cce2e068fb3de0d9548de9fccaf147a63a815035b5ab18c19126edf6a919640fa31b4cbbb0234068cfdb39ef9dff81d64df23dc66f272abda917583a3ff7c480cdd5f58f2d797ee84071f1defa4186a41abad120b733c5eb44846174699f69c6d380e0f2999b19740a6dd3452bec6211c8519b49dda5af1c0b8981f829419fecf12e98c8292c100ea5072b5f60597fd6cbbc932f589aa6dddbe6de060dd7f3b1c20e0eb45f62957c5e0d10eee01a719ad30c15997f0f3082f6a603b30bbf3a1e3d3006f75922ded208ee2db7dee14905f59f5d92de013c00bba4696c7670ec32833b29ad19dba1498acf8c9b7c0eff61dd07dc11786554f3023fdcabb423151f02e044ee57d514bd92e5ff48fc687a87c3188d00f23e43f55ee1cd0f5144c5d8ceaf2704adfc26f3d08d284298744918c273f0bebf8470a5ff843e453425b690d55248606bf741e454427f2bfe8ba79b0f0f570dfdf3c63b0f163885eb2c35c525cce691838292f1cd8e655f909c4e8c2d612faa536391629d3965e23af403633f64927f8163f229a58d509b6614adf313341a9abbe456bc1cc06d527fc6fd5d3387fda984c9f370de9ccabaa2ce98182a0f0693d1f8d4a97a9a04041ccea28823211932d26d08285333382e0a50aff445489443574cea47caa335f203595d7a01a098556faa77842b791b4239bce8e0b8cf24ba4eddb7c25cd1a802f6cc61fdab4f886bc0eb0d696598efaa9aca500f36263f96ea5b9c915b7054f21ae68bc0acce51f0594604f5755343cea7dfbefecaf41bc26d36752153bf7f780468a97ce2ee5af7e6ad2511ecc6e5b5b6301119efeed965fd4cc427337e7ea22fe9cc737df077524addcc1bc9f813027633d2704776019c3c9c432417bb840e78f4abf2a7791de0ce94cb613ed62902e1bcca50567d2b01a7ac219b40fec88f922a957ac809c3471439cc972d0e9f6893056a171704a7b5dc49b537f53f10345a0c956b980b029f2feb6dde164de030f17edf6adabe6bf6d8828913b2d52c6270aa3ca123dd11bd70685a8f4ef503964c832f293794cff1ef1687526b0a7f281a2c6eaaefc684831ce45916cf6dc0891c67673509c1e8077bf16e0410684cfb6ad5e88d403c1e98b9c82ea580882732d463eb806009612ff29547bf9adebfb93f93124139f4a2359d0e8000f0df5bfb8604c98784bf00d25c3ba02850c8729ad9cc5014f934dc303a1109560c32c77a0baa708f8c0bf06a918ed22bfc960864473c0ba1206e7aaf98639014b23ffd1c82c20d6d659838dc653f39cae67c1b5d28984da0a39edd96f9e89075ddc029c71a39c6a58a2016c13bdb75dbae65938b95c9cb90e3fe962b376f3a82c55a9fa1d0a899c2cdc8b55502c04e"}, 0x1015, 0x1)
r4 = dup(r0)
mkdirat(r4, &(0x7f00000012c0)='./file1\x00', 0x12)
r5 = fcntl$dupfd(r4, 0x0, r0)
r6 = open(&(0x7f0000001300)='./file1\x00', 0x10000, 0x2)
fcntl$F_SET_FILE_RW_HINT(r0, 0x40e, &(0x7f0000001340)=0x5)
lsetxattr$trusted_overlay_redirect(&(0x7f0000001380)='./file0\x00', &(0x7f00000013c0), &(0x7f0000001400)='./file0\x00', 0x8, 0x3)
open(&(0x7f0000001440)='./file1\x00', 0x600, 0x8)
mkdirat(r5, &(0x7f0000001480)='./file0\x00', 0x30)
fsync(r0)
stat(&(0x7f0000001500)='./file1\x00', &(0x7f0000001540)={0x0, 0x0, 0x0, 0x0, <r7=>0x0})
stat(&(0x7f00000015c0)='./file0\x00', &(0x7f0000001600)={0x0, 0x0, 0x0, 0x0, 0x0, <r8=>0x0})
fstat(r4, &(0x7f0000001680)={0x0, 0x0, 0x0, 0x0, 0x0, <r9=>0x0})
fsetxattr$system_posix_acl(r6, &(0x7f00000014c0)='system.posix_acl_access\x00', &(0x7f0000001700)={{}, {0x1, 0x3}, [{0x2, 0x6, r2}, {0x2, 0x4, r2}, {0x2, 0x6, r7}], {0x4, 0x5}, [{0x8, 0x0, r8}, {0x8, 0x4, r1}, {0x8, 0x0, r9}, {0x8, 0x4, r1}, {0x8, 0x4, r3}], {0x10, 0x3}, {0x20, 0x1}}, 0x64, 0x0)
setxattr$security_smack_transmute(&(0x7f0000001780)='./file0\x00', &(0x7f00000017c0), &(0x7f0000001800), 0x4, 0x1)
open(&(0x7f0000001840)='./file0\x00', 0x0, 0xc0)
---

end of program
2023/03/05 13:00:03 -----run executor: [/usr/bin/ssh -F /dev/null -o ConnectionAttempts=100 -o ConnectTimeout=120 -o UserKnownHostsFile=/dev/null -o BatchMode=yes -o IdentitiesOnly=yes -o StrictHostKeyChecking=no -o ConnectTimeout=100 -i /home/tlyu/dfs-fuzzing/disk-images/glusterfs-images/focal.id_rsa -v root@192.168.0.49 /root/syz-executor exec 0 0 glusterfs 3 4 192.168.0.49 0 "3 1 ''" false false false true false]
2023/03/05 13:00:03 poll: candidates=0 inputs=0 signal=0
2023/03/05 13:00:03 -----run executor: [/usr/bin/ssh -F /dev/null -o ConnectionAttempts=100 -o ConnectTimeout=120 -o UserKnownHostsFile=/dev/null -o BatchMode=yes -o IdentitiesOnly=yes -o StrictHostKeyChecking=no -o ConnectTimeout=100 -i /home/tlyu/dfs-fuzzing/disk-images/glusterfs-images/focal.id_rsa -v root@192.168.0.50 /root/syz-executor exec 0 1 glusterfs 3 4 192.168.0.49 0 "3 1 ''" false false false true false]
OpenSSH_8.2p1 Ubuntu-4ubuntu0.4, OpenSSL 1.1.1f  31 Mar 2020
debug1: Reading configuration data /dev/null
debug1: Connecting to 192.168.0.49 [192.168.0.49] port 22.
2023/03/05 13:00:03 -----run executor: [/usr/bin/ssh -F /dev/null -o ConnectionAttempts=100 -o ConnectTimeout=120 -o UserKnownHostsFile=/dev/null -o BatchMode=yes -o IdentitiesOnly=yes -o StrictHostKeyChecking=no -o ConnectTimeout=100 -i /home/tlyu/dfs-fuzzing/disk-images/glusterfs-images/focal.id_rsa -v root@192.168.0.51 /root/syz-executor exec 0 2 glusterfs 3 4 192.168.0.49 0 "3 1 ''" false false false true false]
2023/03/05 13:00:03 -----run executor: [/usr/bin/ssh -F /dev/null -o ConnectionAttempts=100 -o ConnectTimeout=120 -o UserKnownHostsFile=/dev/null -o BatchMode=yes -o IdentitiesOnly=yes -o StrictHostKeyChecking=no -o ConnectTimeout=100 -i /home/tlyu/dfs-fuzzing/disk-images/glusterfs-images/focal.id_rsa -v root@192.168.0.52 /root/syz-executor exec 1 3 glusterfs 3 4 192.168.0.49 0 "3 1 ''" false false false true false]
OpenSSH_8.2p1 Ubuntu-4ubuntu0.4, OpenSSL 1.1.1f  31 Mar 2020
OpenSSH_8.2p1 Ubuntu-4ubuntu0.4, OpenSSL 1.1.1f  31 Mar 2020
debug1: Reading configuration data /dev/null
debug1: Reading configuration data /dev/null
debug1: Connecting to 192.168.0.51 [192.168.0.51] port 22.
debug1: Connecting to 192.168.0.50 [192.168.0.50] port 22.
debug1: fd 3 clearing O_NONBLOCK
debug1: Connection established.
debug1: identity file /home/tlyu/dfs-fuzzing/disk-images/glusterfs-images/focal.id_rsa type -1
debug1: identity file /home/tlyu/dfs-fuzzing/disk-images/glusterfs-images/focal.id_rsa-cert type -1
debug1: Local version string SSH-2.0-OpenSSH_8.2p1 Ubuntu-4ubuntu0.4
debug1: fd 3 clearing O_NONBLOCK
debug1: Connection established.
debug1: identity file /home/tlyu/dfs-fuzzing/disk-images/glusterfs-images/focal.id_rsa type -1
debug1: identity file /home/tlyu/dfs-fuzzing/disk-images/glusterfs-images/focal.id_rsa-cert type -1
debug1: Local version string SSH-2.0-OpenSSH_8.2p1 Ubuntu-4ubuntu0.4
debug1: Remote protocol version 2.0, remote software version OpenSSH_8.2p1 Ubuntu-4
debug1: match: OpenSSH_8.2p1 Ubuntu-4 pat OpenSSH* compat 0x04000000
debug1: Authenticating to 192.168.0.49:22 as 'root'
debug1: SSH2_MSG_KEXINIT sent
debug1: Remote protocol version 2.0, remote software version OpenSSH_8.2p1 Ubuntu-4
debug1: match: OpenSSH_8.2p1 Ubuntu-4 pat OpenSSH* compat 0x04000000
debug1: Authenticating to 192.168.0.50:22 as 'root'
debug1: SSH2_MSG_KEXINIT sent
debug1: SSH2_MSG_KEXINIT received
debug1: kex: algorithm: curve25519-sha256
debug1: kex: host key algorithm: ecdsa-sha2-nistp256
debug1: kex: server->client cipher: chacha20-poly1305@openssh.com MAC: <implicit> compression: none
debug1: kex: client->server cipher: chacha20-poly1305@openssh.com MAC: <implicit> compression: none
debug1: expecting SSH2_MSG_KEX_ECDH_REPLY
debug1: Server host key: ecdsa-sha2-nistp256 SHA256:prHFi1G5XXPuzxIh2a5lJaY6ZWltf3+ajD/hEOIDid8
Warning: Permanently added '192.168.0.49' (ECDSA) to the list of known hosts.
debug1: rekey out after 134217728 blocks
debug1: SSH2_MSG_NEWKEYS sent
debug1: expecting SSH2_MSG_NEWKEYS
debug1: SSH2_MSG_NEWKEYS received
debug1: rekey in after 134217728 blocks
debug1: Will attempt key: /home/tlyu/dfs-fuzzing/disk-images/glusterfs-images/focal.id_rsa  explicit
debug1: SSH2_MSG_EXT_INFO received
debug1: kex_input_ext_info: server-sig-algs=<ssh-ed25519,sk-ssh-ed25519@openssh.com,ssh-rsa,rsa-sha2-256,rsa-sha2-512,ssh-dss,ecdsa-sha2-nistp256,ecdsa-sha2-nistp384,ecdsa-sha2-nistp521,sk-ecdsa-sha2-nistp256@openssh.com>
debug1: SSH2_MSG_SERVICE_ACCEPT received
OpenSSH_8.2p1 Ubuntu-4ubuntu0.4, OpenSSL 1.1.1f  31 Mar 2020
debug1: Reading configuration data /dev/null
debug1: Connecting to 192.168.0.52 [192.168.0.52] port 22.
debug1: fd 3 clearing O_NONBLOCK
debug1: Connection established.
debug1: identity file /home/tlyu/dfs-fuzzing/disk-images/glusterfs-images/focal.id_rsa type -1
debug1: identity file /home/tlyu/dfs-fuzzing/disk-images/glusterfs-images/focal.id_rsa-cert type -1
debug1: Local version string SSH-2.0-OpenSSH_8.2p1 Ubuntu-4ubuntu0.4
debug1: fd 3 clearing O_NONBLOCK
debug1: Connection established.
debug1: identity file /home/tlyu/dfs-fuzzing/disk-images/glusterfs-images/focal.id_rsa type -1
debug1: identity file /home/tlyu/dfs-fuzzing/disk-images/glusterfs-images/focal.id_rsa-cert type -1
debug1: Local version string SSH-2.0-OpenSSH_8.2p1 Ubuntu-4ubuntu0.4
debug1: Remote protocol version 2.0, remote software version OpenSSH_8.2p1 Ubuntu-4
debug1: match: OpenSSH_8.2p1 Ubuntu-4 pat OpenSSH* compat 0x04000000
debug1: Authenticating to 192.168.0.51:22 as 'root'
debug1: SSH2_MSG_KEXINIT sent
debug1: SSH2_MSG_KEXINIT received
debug1: kex: algorithm: curve25519-sha256
debug1: kex: host key algorithm: ecdsa-sha2-nistp256
debug1: kex: server->client cipher: chacha20-poly1305@openssh.com MAC: <implicit> compression: none
debug1: kex: client->server cipher: chacha20-poly1305@openssh.com MAC: <implicit> compression: none
debug1: expecting SSH2_MSG_KEX_ECDH_REPLY
debug1: Server host key: ecdsa-sha2-nistp256 SHA256:prHFi1G5XXPuzxIh2a5lJaY6ZWltf3+ajD/hEOIDid8
Warning: Permanently added '192.168.0.50' (ECDSA) to the list of known hosts.
debug1: rekey out after 134217728 blocks
debug1: SSH2_MSG_NEWKEYS sent
debug1: expecting SSH2_MSG_NEWKEYS
debug1: SSH2_MSG_NEWKEYS received
debug1: rekey in after 134217728 blocks
debug1: Will attempt key: /home/tlyu/dfs-fuzzing/disk-images/glusterfs-images/focal.id_rsa  explicit
debug1: SSH2_MSG_EXT_INFO received
debug1: kex_input_ext_info: server-sig-algs=<ssh-ed25519,sk-ssh-ed25519@openssh.com,ssh-rsa,rsa-sha2-256,rsa-sha2-512,ssh-dss,ecdsa-sha2-nistp256,ecdsa-sha2-nistp384,ecdsa-sha2-nistp521,sk-ecdsa-sha2-nistp256@openssh.com>
debug1: SSH2_MSG_SERVICE_ACCEPT received
debug1: Authentications that can continue: publickey,password
debug1: Next authentication method: publickey
debug1: Trying private key: /home/tlyu/dfs-fuzzing/disk-images/glusterfs-images/focal.id_rsa
debug1: Remote protocol version 2.0, remote software version OpenSSH_8.2p1 Ubuntu-4
debug1: match: OpenSSH_8.2p1 Ubuntu-4 pat OpenSSH* compat 0x04000000
debug1: Authenticating to 192.168.0.52:22 as 'root'
debug1: SSH2_MSG_KEXINIT sent
debug1: SSH2_MSG_KEXINIT received
debug1: kex: algorithm: curve25519-sha256
debug1: kex: host key algorithm: ecdsa-sha2-nistp256
debug1: kex: server->client cipher: chacha20-poly1305@openssh.com MAC: <implicit> compression: none
debug1: kex: client->server cipher: chacha20-poly1305@openssh.com MAC: <implicit> compression: none
debug1: Authentications that can continue: publickey,password
debug1: Next authentication method: publickey
debug1: Trying private key: /home/tlyu/dfs-fuzzing/disk-images/glusterfs-images/focal.id_rsa
debug1: expecting SSH2_MSG_KEX_ECDH_REPLY
debug1: Authentication succeeded (publickey).
Authenticated to 192.168.0.50 ([192.168.0.50]:22).
debug1: channel 0: new [client-session]
debug1: Requesting no-more-sessions@openssh.com
debug1: Entering interactive session.
debug1: pledge: network
debug1: SSH2_MSG_KEXINIT received
debug1: kex: algorithm: curve25519-sha256
debug1: kex: host key algorithm: ecdsa-sha2-nistp256
debug1: kex: server->client cipher: chacha20-poly1305@openssh.com MAC: <implicit> compression: none
debug1: kex: client->server cipher: chacha20-poly1305@openssh.com MAC: <implicit> compression: none
debug1: Server host key: ecdsa-sha2-nistp256 SHA256:prHFi1G5XXPuzxIh2a5lJaY6ZWltf3+ajD/hEOIDid8
Warning: Permanently added '192.168.0.51' (ECDSA) to the list of known hosts.
debug1: rekey out after 134217728 blocks
debug1: SSH2_MSG_NEWKEYS sent
debug1: expecting SSH2_MSG_NEWKEYS
debug1: SSH2_MSG_NEWKEYS received
debug1: rekey in after 134217728 blocks
debug1: Will attempt key: /home/tlyu/dfs-fuzzing/disk-images/glusterfs-images/focal.id_rsa  explicit
debug1: SSH2_MSG_EXT_INFO received
debug1: kex_input_ext_info: server-sig-algs=<ssh-ed25519,sk-ssh-ed25519@openssh.com,ssh-rsa,rsa-sha2-256,rsa-sha2-512,ssh-dss,ecdsa-sha2-nistp256,ecdsa-sha2-nistp384,ecdsa-sha2-nistp521,sk-ecdsa-sha2-nistp256@openssh.com>
debug1: SSH2_MSG_SERVICE_ACCEPT received
debug1: Authentication succeeded (publickey).
Authenticated to 192.168.0.49 ([192.168.0.49]:22).
debug1: channel 0: new [client-session]
debug1: Requesting no-more-sessions@openssh.com
debug1: Entering interactive session.
debug1: pledge: network
debug1: Authentications that can continue: publickey,password
debug1: Next authentication method: publickey
debug1: Trying private key: /home/tlyu/dfs-fuzzing/disk-images/glusterfs-images/focal.id_rsa
debug1: Authentication succeeded (publickey).
Authenticated to 192.168.0.51 ([192.168.0.51]:22).
debug1: channel 0: new [client-session]
debug1: Requesting no-more-sessions@openssh.com
debug1: Entering interactive session.
debug1: pledge: network
debug1: expecting SSH2_MSG_KEX_ECDH_REPLY
debug1: Server host key: ecdsa-sha2-nistp256 SHA256:prHFi1G5XXPuzxIh2a5lJaY6ZWltf3+ajD/hEOIDid8
Warning: Permanently added '192.168.0.52' (ECDSA) to the list of known hosts.
debug1: rekey out after 134217728 blocks
debug1: SSH2_MSG_NEWKEYS sent
debug1: expecting SSH2_MSG_NEWKEYS
debug1: SSH2_MSG_NEWKEYS received
debug1: rekey in after 134217728 blocks
debug1: Will attempt key: /home/tlyu/dfs-fuzzing/disk-images/glusterfs-images/focal.id_rsa  explicit
debug1: SSH2_MSG_EXT_INFO received
debug1: kex_input_ext_info: server-sig-algs=<ssh-ed25519,sk-ssh-ed25519@openssh.com,ssh-rsa,rsa-sha2-256,rsa-sha2-512,ssh-dss,ecdsa-sha2-nistp256,ecdsa-sha2-nistp384,ecdsa-sha2-nistp521,sk-ecdsa-sha2-nistp256@openssh.com>
debug1: SSH2_MSG_SERVICE_ACCEPT received
debug1: Authentications that can continue: publickey,password
debug1: Next authentication method: publickey
debug1: Trying private key: /home/tlyu/dfs-fuzzing/disk-images/glusterfs-images/focal.id_rsa
debug1: client_input_global_request: rtype hostkeys-00@openssh.com want_reply 0
debug1: Remote: /root/.ssh/authorized_keys:1: key options: agent-forwarding port-forwarding pty user-rc x11-forwarding
debug1: Authentication succeeded (publickey).
Authenticated to 192.168.0.52 ([192.168.0.52]:22).
debug1: channel 0: new [client-session]
debug1: Requesting no-more-sessions@openssh.com
debug1: Entering interactive session.
debug1: pledge: network
debug1: client_input_global_request: rtype hostkeys-00@openssh.com want_reply 0
debug1: Remote: /root/.ssh/authorized_keys:1: key options: agent-forwarding port-forwarding pty user-rc x11-forwarding
debug1: Sending command: /root/syz-executor exec 0 1 glusterfs 3 4 192.168.0.49 0 "3 1 ''" false false false true false
----- is restarting 0
---- dfs_name glusterfs is_dfs_client 0
unlink FIFO failed: No such file or directory
[    0.000000] kernel: Linux version 5.15.0+ (tlyu@IC-RS3-DPC07) (gcc (Ubuntu 9.4.0-1ubuntu1~20.04.1) 9.4.0, GNU ld (GNU Binutils for Ubuntu) 2.34) #8 SMP Fri Jun 3 16:18:40 CEST 2022
[    0.000000] kernel: Command line: root=/dev/sda console=ttyS0 net.ifnames=0 ip=192.168.0.50 quiet
[    0.000000] kernel: x86/fpu: Supporting XSAVE feature 0x001: 'x87 floating point registers'
[    0.000000] kernel: x86/fpu: Supporting XSAVE feature 0x002: 'SSE registers'
[    0.000000] kernel: x86/fpu: Supporting XSAVE feature 0x004: 'AVX registers'
[    0.000000] kernel: x86/fpu: Supporting XSAVE feature 0x020: 'AVX-512 opmask'
[    0.000000] kernel: x86/fpu: Supporting XSAVE feature 0x040: 'AVX-512 Hi256'
[    0.000000] kernel: x86/fpu: Supporting XSAVE feature 0x080: 'AVX-512 ZMM_Hi256'
[    0.000000] kernel: x86/fpu: Supporting XSAVE feature 0x200: 'Protection Keys User registers'
[    0.000000] kernel: x86/fpu: xstate_offset[2]:  576, xstate_sizes[2]:  256
[    0.000000] kernel: x86/fpu: xstate_offset[5]:  832, xstate_sizes[5]:   64
[    0.000000] kernel: x86/fpu: xstate_offset[6]:  896, xstate_sizes[6]:  512
[    0.000000] kernel: x86/fpu: xstate_offset[7]: 1408, xstate_sizes[7]: 1024
[    0.000000] kernel: x86/fpu: xstate_offset[9]: 2432, xstate_sizes[9]:    8
[    0.000000] kernel: x86/fpu: Enabled xstate features 0x2e7, context size is 2440 bytes, using 'compacted' format.
[    0.000000] kernel: signal: max sigframe size: 3632
[    0.000000] kernel: BIOS-provided physical RAM map:
[    0.000000] kernel: BIOS-e820: [mem 0x0000000000000000-0x000000000009fbff] usable
[    0.000000] kernel: BIOS-e820: [mem 0x000000000009fc00-0x000000000009ffff] reserved
[    0.000000] kernel: BIOS-e820: [mem 0x00000000000f0000-0x00000000000fffff] reserved
[    0.000000] kernel: BIOS-e820: [mem 0x0000000000100000-0x00000000bffdcfff] usable
[    0.000000] kernel: BIOS-e820: [mem 0x00000000bffdd000-0x00000000bfffffff] reserved
[    0.000000] kernel: BIOS-e820: [mem 0x00000000feffc000-0x00000000feffffff] reserved
[    0.000000] kernel: BIOS-e820: [mem 0x00000000fffc0000-0x00000000ffffffff] reserved
[    0.000000] kernel: BIOS-e820: [mem 0x0000000100000000-0x00000002bfffffff] usable
[    0.000000] kernel: NX (Execute Disable) protection: active
[    0.000000] kernel: SMBIOS 2.8 present.
[    0.000000] kernel: DMI: QEMU Standard PC (i440FX + PIIX, 1996), BIOS 1.13.0-1ubuntu1.1 04/01/2014
[    0.000000] kernel: Hypervisor detected: KVM
[    0.000000] kernel: kvm-clock: Using msrs 4b564d01 and 4b564d00
[    0.000000] kernel: kvm-clock: cpu 0, msr 17a358001, primary cpu clock
[    0.000002] kernel: kvm-clock: using sched offset of 686905302 cycles
[    0.000010] kernel: clocksource: kvm-clock: mask: 0xffffffffffffffff max_cycles: 0x1cd42e4dffb, max_idle_ns: 881590591483 ns
[    0.000022] kernel: tsc: Detected 2593.906 MHz processor
[    0.005696] kernel: e820: update [mem 0x00000000-0x00000fff] usable ==> reserved
[    0.005712] kernel: e820: remove [mem 0x000a0000-0x000fffff] usable
[    0.005729] kernel: last_pfn = 0x2c0000 max_arch_pfn = 0x10000000000
[    0.005793] kernel: x86/PAT: Configuration [0-7]: WB  WC  UC- UC  WB  WP  UC- WT  
[    0.005805] kernel: last_pfn = 0xbffdd max_arch_pfn = 0x10000000000
[    0.013127] kernel: found SMP MP-table at [mem 0x000f5c70-0x000f5c7f]
[    0.013185] kernel: Using GB pages for direct mapping
[    0.013809] kernel: ACPI: Early table checksum verification disabled
[    0.013819] kernel: ACPI: RSDP 0x00000000000F5A40 000014 (v00 BOCHS )
[    0.013840] kernel: ACPI: RSDT 0x00000000BFFE15C9 000030 (v01 BOCHS  BXPCRSDT 00000001 BXPC 00000001)
[    0.013864] kernel: ACPI: FACP 0x00000000BFFE149D 000074 (v01 BOCHS  BXPCFACP 00000001 BXPC 00000001)
[    0.013891] kernel: ACPI: DSDT 0x00000000BFFE0040 00145D (v01 BOCHS  BXPCDSDT 00000001 BXPC 00000001)
[    0.013911] kernel: ACPI: FACS 0x00000000BFFE0000 000040
[    0.013926] kernel: ACPI: APIC 0x00000000BFFE1511 000080 (v01 BOCHS  BXPCAPIC 00000001 BXPC 00000001)
[    0.013946] kernel: ACPI: HPET 0x00000000BFFE1591 000038 (v01 BOCHS  BXPCHPET 00000001 BXPC 00000001)
[    0.013964] kernel: ACPI: Reserving FACP table memory at [mem 0xbffe149d-0xbffe1510]
[    0.013972] kernel: ACPI: Reserving DSDT table memory at [mem 0xbffe0040-0xbffe149c]
[    0.013980] kernel: ACPI: Reserving FACS table memory at [mem 0xbffe0000-0xbffe003f]
[    0.013987] kernel: ACPI: Reserving APIC table memory at [mem 0xbffe1511-0xbffe1590]
[    0.013994] kernel: ACPI: Reserving HPET table memory at [mem 0xbffe1591-0xbffe15c8]
[    0.014864] kernel: No NUMA configuration found
[    0.014870] kernel: Faking a node at [mem 0x0000000000000000-0x00000002bfffffff]
[    0.014885] kernel: NODE_DATA(0) allocated [mem 0x2bfffc000-0x2bfffffff]
[    0.015649] kernel: Zone ranges:
[    0.015655] kernel:   DMA      [mem 0x0000000000001000-0x0000000000ffffff]
[    0.015668] kernel:   DMA32    [mem 0x0000000001000000-0x00000000ffffffff]
[    0.015677] kernel:   Normal   [mem 0x0000000100000000-0x00000002bfffffff]
[    0.015686] kernel: Movable zone start for each node
[    0.015689] kernel: Early memory node ranges
[    0.015692] kernel:   node   0: [mem 0x0000000000001000-0x000000000009efff]
[    0.015700] kernel:   node   0: [mem 0x0000000000100000-0x00000000bffdcfff]
[    0.015708] kernel:   node   0: [mem 0x0000000100000000-0x00000002bfffffff]
[    0.015719] kernel: Initmem setup node 0 [mem 0x0000000000001000-0x00000002bfffffff]
[    0.016325] kernel: On node 0, zone DMA: 1 pages in unavailable ranges
[    0.016393] kernel: On node 0, zone DMA: 97 pages in unavailable ranges
[    0.108699] kernel: On node 0, zone Normal: 35 pages in unavailable ranges
[    0.634238] kernel: kasan: KernelAddressSanitizer initialized
[    0.634806] kernel: ACPI: PM-Timer IO Port: 0x608
[    0.634831] kernel: ACPI: LAPIC_NMI (acpi_id[0xff] dfl dfl lint[0x1])
[    0.634888] kernel: IOAPIC[0]: apic_id 0, version 17, address 0xfec00000, GSI 0-23
[    0.634904] kernel: ACPI: INT_SRC_OVR (bus 0 bus_irq 0 global_irq 2 dfl dfl)
[    0.634915] kernel: ACPI: INT_SRC_OVR (bus 0 bus_irq 5 global_irq 5 high level)
[    0.634924] kernel: ACPI: INT_SRC_OVR (bus 0 bus_irq 9 global_irq 9 high level)
[    0.634935] kernel: ACPI: INT_SRC_OVR (bus 0 bus_irq 10 global_irq 10 high level)
[    0.634944] kernel: ACPI: INT_SRC_OVR (bus 0 bus_irq 11 global_irq 11 high level)
[    0.634963] kernel: ACPI: Using ACPI (MADT) for SMP configuration information
[    0.634968] kernel: ACPI: HPET id: 0x8086a201 base: 0xfed00000
[    0.634981] kernel: TSC deadline timer available
[    0.634986] kernel: smpboot: Allowing 2 CPUs, 0 hotplug CPUs
[    0.635043] kernel: kvm-guest: KVM setup pv remote TLB flush
[    0.635051] kernel: kvm-guest: setup PV sched yield
[    0.635086] kernel: PM: hibernation: Registered nosave memory: [mem 0x00000000-0x00000fff]
[    0.635097] kernel: PM: hibernation: Registered nosave memory: [mem 0x0009f000-0x0009ffff]
[    0.635105] kernel: PM: hibernation: Registered nosave memory: [mem 0x000a0000-0x000effff]
[    0.635112] kernel: PM: hibernation: Registered nosave memory: [mem 0x000f0000-0x000fffff]
[    0.635122] kernel: PM: hibernation: Registered nosave memory: [mem 0xbffdd000-0xbfffffff]
[    0.635129] kernel: PM: hibernation: Registered nosave memory: [mem 0xc0000000-0xfeffbfff]
[    0.635136] kernel: PM: hibernation: Registered nosave memory: [mem 0xfeffc000-0xfeffffff]
[    0.635142] kernel: PM: hibernation: Registered nosave memory: [mem 0xff000000-0xfffbffff]
[    0.635149] kernel: PM: hibernation: Registered nosave memory: [mem 0xfffc0000-0xffffffff]
[    0.635159] kernel: [mem 0xc0000000-0xfeffbfff] available for PCI devices
[    0.635165] kernel: Booting paravirtualized kernel on KVM
[    0.635172] kernel: clocksource: refined-jiffies: mask: 0xffffffff max_cycles: 0xffffffff, max_idle_ns: 1910969940391419 ns
[    0.649453] kernel: setup_percpu: NR_CPUS:64 nr_cpumask_bits:64 nr_cpu_ids:2 nr_node_ids:1
[    0.650472] kernel: percpu: Embedded 56 pages/cpu s191576 r8192 d29608 u1048576
[    0.650514] kernel: pcpu-alloc: s191576 r8192 d29608 u1048576 alloc=1*2097152
[    0.650531] kernel: pcpu-alloc: [0] 0 1 
[    0.650626] kernel: kvm-guest: setup async PF for cpu 0
[    0.650638] kernel: kvm-guest: stealtime: cpu 0, msr 26501f140
[    0.650650] kernel: Built 1 zonelists, mobility grouping on.  Total pages: 2580189
[    0.650658] kernel: Policy zone: Normal
[    0.650664] kernel: Kernel command line: root=/dev/sda console=ttyS0 net.ifnames=0 ip=192.168.0.50 quiet
[    0.657961] kernel: Dentry cache hash table entries: 2097152 (order: 12, 16777216 bytes, linear)
[    0.661699] kernel: Inode-cache hash table entries: 1048576 (order: 11, 8388608 bytes, linear)
[    0.661831] kernel: mem auto-init: stack:off, heap alloc:off, heap free:off
[    0.951914] kernel: Memory: 8817344K/10485228K available (47117K kernel code, 10298K rwdata, 7204K rodata, 2068K init, 2860K bss, 1667684K reserved, 0K cma-reserved)
[    0.952143] kernel: SLUB: HWalign=64, Order=0-3, MinObjects=0, CPUs=2, Nodes=1
[    0.953144] kernel: rcu: Hierarchical RCU implementation.
[    0.953151] kernel: rcu:         RCU event tracing is enabled.
[    0.953154] kernel: rcu:         RCU restricting CPUs from NR_CPUS=64 to nr_cpu_ids=2.
[    0.953165] kernel: rcu: RCU calculated value of scheduler-enlistment delay is 100 jiffies.
[    0.953172] kernel: rcu: Adjusting geometry for rcu_fanout_leaf=16, nr_cpu_ids=2
[    0.961315] kernel: NR_IRQS: 4352, nr_irqs: 440, preallocated irqs: 16
[    0.961739] kernel: random: get_random_bytes called from start_kernel+0x22b/0x456 with crng_init=0
[    0.966062] kernel: Console: colour VGA+ 80x25
[    0.966224] kernel: printk: console [ttyS0] enabled
[    0.966276] kernel: ACPI: Core revision 20210730
[    0.966572] kernel: clocksource: hpet: mask: 0xffffffff max_cycles: 0xffffffff, max_idle_ns: 19112604467 ns
[    0.966823] kernel: APIC: Switch to symmetric I/O mode setup
[    0.966832] kernel: kvm-guest: setup PV IPIs
[    0.967867] kernel: ..TIMER: vector=0x30 apic1=0 pin1=2 apic2=-1 pin2=-1
[    0.967904] kernel: clocksource: tsc-early: mask: 0xffffffffffffffff max_cycles: 0x2563bf907c6, max_idle_ns: 440795319401 ns
[    0.967930] kernel: Calibrating delay loop (skipped) preset value.. 5187.81 BogoMIPS (lpj=2593906)
[    0.967943] kernel: pid_max: default: 32768 minimum: 301
[    0.968029] kernel: LSM: Security Framework initializing
[    0.968063] kernel: SELinux:  Initializing.
[    0.968239] kernel: Mount-cache hash table entries: 32768 (order: 6, 262144 bytes, linear)
[    0.968931] kernel: Mountpoint-cache hash table entries: 32768 (order: 6, 262144 bytes, linear)
[    0.970240] kernel: x86/cpu: User Mode Instruction Prevention (UMIP) activated
[    0.970360] kernel: Last level iTLB entries: 4KB 0, 2MB 0, 4MB 0
[    0.970368] kernel: Last level dTLB entries: 4KB 0, 2MB 0, 4MB 0, 1GB 0
[    0.970398] kernel: Spectre V1 : Mitigation: usercopy/swapgs barriers and __user pointer sanitization
[    0.970412] kernel: Spectre V2 : Mitigation: Enhanced IBRS
[    0.970417] kernel: Spectre V2 : Spectre v2 / SpectreRSB mitigation: Filling RSB on context switch
[    0.970426] kernel: Spectre V2 : mitigation: Enabling conditional Indirect Branch Prediction Barrier
[    0.970435] kernel: Speculative Store Bypass: Mitigation: Speculative Store Bypass disabled via prctl and seccomp
[    0.970442] kernel: TAA: Mitigation: TSX disabled
[    0.993751] kernel: Freeing SMP alternatives memory: 40K
[    0.993918] kernel: smpboot: CPU0: Intel(R) Xeon(R) Gold 6348 CPU @ 2.60GHz (family: 0x6, model: 0x6a, stepping: 0x6)
[    0.993918] kernel: Performance Events: Icelake events, 32-deep LBR, full-width counters, Intel PMU driver.
[    0.994015] kernel: ... version:                2
[    0.994022] kernel: ... bit width:              48
[    0.994026] kernel: ... generic registers:      8
[    0.994031] kernel: ... value mask:             0000ffffffffffff
[    0.994036] kernel: ... max period:             00007fffffffffff
[    0.994041] kernel: ... fixed-purpose events:   3
[    0.994046] kernel: ... event mask:             00000007000000ff
[    0.994557] kernel: rcu: Hierarchical SRCU implementation.
[    0.995979] kernel: smp: Bringing up secondary CPUs ...
[    0.996235] kernel: x86: Booting SMP configuration:
[    0.996240] kernel: .... node  #0, CPUs:      #1
[    0.006253] kernel: kvm-clock: cpu 1, msr 17a358041, secondary cpu clock
[    0.006253] kernel: smpboot: CPU 1 Converting physical 0 to logical die 1
[    0.999013] kernel: kvm-guest: setup async PF for cpu 1
[    0.999013] kernel: kvm-guest: stealtime: cpu 1, msr 26511f140
[    0.999026] kernel: smp: Brought up 1 node, 2 CPUs
[    0.999037] kernel: smpboot: Max logical packages: 2
[    0.999042] kernel: smpboot: Total of 2 processors activated (10375.62 BogoMIPS)
[    1.000957] kernel: devtmpfs: initialized
[    1.007657] kernel: clocksource: jiffies: mask: 0xffffffff max_cycles: 0xffffffff, max_idle_ns: 1911260446275000 ns
[    1.007680] kernel: futex hash table entries: 512 (order: 3, 32768 bytes, linear)
[    1.008147] kernel: PM: RTC time: 11:59:41, date: 2023-03-05
[    1.008968] kernel: NET: Registered PF_NETLINK/PF_ROUTE protocol family
[    1.009934] kernel: audit: initializing netlink subsys (disabled)
[    1.011249] kernel: audit: type=2000 audit(1678017582.317:1): state=initialized audit_enabled=0 res=1
[    1.012361] kernel: thermal_sys: Registered thermal governor 'step_wise'
[    1.012369] kernel: thermal_sys: Registered thermal governor 'user_space'
[    1.012943] kernel: cpuidle: using governor menu
[    1.013354] kernel: ACPI: bus type PCI registered
[    1.013879] kernel: PCI: Using configuration type 1 for base access
[    1.038829] kernel: Kprobes globally optimized
[    1.040971] kernel: HugeTLB registered 2.00 MiB page size, pre-allocated 0 pages
[    1.041364] kernel: cryptomgr_test (26) used greatest stack depth: 30608 bytes left
[    1.046042] kernel: ACPI: Added _OSI(Module Device)
[    1.046052] kernel: ACPI: Added _OSI(Processor Device)
[    1.046058] kernel: ACPI: Added _OSI(3.0 _SCP Extensions)
[    1.046063] kernel: ACPI: Added _OSI(Processor Aggregator Device)
[    1.046072] kernel: ACPI: Added _OSI(Linux-Dell-Video)
[    1.046080] kernel: ACPI: Added _OSI(Linux-Lenovo-NV-HDMI-Audio)
[    1.046088] kernel: ACPI: Added _OSI(Linux-HPI-Hybrid-Graphics)
[    1.063583] kernel: ACPI: 1 ACPI AML tables successfully acquired and loaded
[    1.069070] kernel: ACPI: Interpreter enabled
[    1.069174] kernel: ACPI: PM: (supports S0 S3 S4 S5)
[    1.069182] kernel: ACPI: Using IOAPIC for interrupt routing
[    1.069267] kernel: PCI: Using host bridge windows from ACPI; if necessary, use "pci=nocrs" and report a bug
[    1.070618] kernel: ACPI: Enabled 2 GPEs in block 00 to 0F
[    1.108694] kernel: ACPI: PCI Root Bridge [PCI0] (domain 0000 [bus 00-ff])
[    1.108730] kernel: acpi PNP0A03:00: _OSC: OS supports [ASPM ClockPM Segments MSI HPX-Type3]
[    1.108835] kernel: acpi PNP0A03:00: fail to add MMCONFIG information, can't access extended PCI configuration space under this bridge.
[    1.109188] kernel: PCI host bridge to bus 0000:00
[    1.109198] kernel: pci_bus 0000:00: root bus resource [io  0x0000-0x0cf7 window]
[    1.109213] kernel: pci_bus 0000:00: root bus resource [io  0x0d00-0xffff window]
[    1.109226] kernel: pci_bus 0000:00: root bus resource [mem 0x000a0000-0x000bffff window]
[    1.109239] kernel: pci_bus 0000:00: root bus resource [mem 0xc0000000-0xfebfffff window]
[    1.109253] kernel: pci_bus 0000:00: root bus resource [mem 0x2c0000000-0x33fffffff window]
[    1.109267] kernel: pci_bus 0000:00: root bus resource [bus 00-ff]
[    1.110658] kernel: pci 0000:00:00.0: [8086:1237] type 00 class 0x060000
[    1.113097] kernel: pci 0000:00:01.0: [8086:7000] type 00 class 0x060100
[    1.114859] kernel: pci 0000:00:01.1: [8086:7010] type 00 class 0x010180
[    1.117220] kernel: pci 0000:00:01.1: reg 0x20: [io  0xc0c0-0xc0cf]
[    1.118246] kernel: pci 0000:00:01.1: legacy IDE quirk: reg 0x10: [io  0x01f0-0x01f7]
[    1.118263] kernel: pci 0000:00:01.1: legacy IDE quirk: reg 0x14: [io  0x03f6]
[    1.118273] kernel: pci 0000:00:01.1: legacy IDE quirk: reg 0x18: [io  0x0170-0x0177]
[    1.118284] kernel: pci 0000:00:01.1: legacy IDE quirk: reg 0x1c: [io  0x0376]
[    1.120802] kernel: pci 0000:00:01.3: [8086:7113] type 00 class 0x068000
[    1.121472] kernel: pci 0000:00:01.3: quirk: [io  0x0600-0x063f] claimed by PIIX4 ACPI
[    1.121536] kernel: pci 0000:00:01.3: quirk: [io  0x0700-0x070f] claimed by PIIX4 SMB
[    1.124443] kernel: pci 0000:00:02.0: [1234:1111] type 00 class 0x030000
[    1.125805] kernel: pci 0000:00:02.0: reg 0x10: [mem 0xfd000000-0xfdffffff pref]
[    1.128938] kernel: pci 0000:00:02.0: reg 0x18: [mem 0xfeb90000-0xfeb90fff]
[    1.137111] kernel: pci 0000:00:02.0: reg 0x30: [mem 0xfeb80000-0xfeb8ffff pref]
[    1.144632] kernel: pci 0000:00:03.0: [1af4:1005] type 00 class 0x00ff00
[    1.145579] kernel: pci 0000:00:03.0: reg 0x10: [io  0xc080-0xc09f]
[    1.151108] kernel: pci 0000:00:03.0: reg 0x20: [mem 0xfe200000-0xfe203fff 64bit pref]
[    1.160969] kernel: pci 0000:00:04.0: [1af4:1000] type 00 class 0x020000
[    1.162536] kernel: pci 0000:00:04.0: reg 0x10: [io  0xc0a0-0xc0bf]
[    1.163549] kernel: pci 0000:00:04.0: reg 0x14: [mem 0xfeb91000-0xfeb91fff]
[    1.169706] kernel: pci 0000:00:04.0: reg 0x20: [mem 0xfe204000-0xfe207fff 64bit pref]
[    1.170578] kernel: pci 0000:00:04.0: reg 0x30: [mem 0xfeb00000-0xfeb7ffff pref]
[    1.175070] kernel: pci 0000:00:05.0: [1af4:1001] type 00 class 0x010000
[    1.176653] kernel: pci 0000:00:05.0: reg 0x10: [io  0xc000-0xc07f]
[    1.177600] kernel: pci 0000:00:05.0: reg 0x14: [mem 0xfeb92000-0xfeb92fff]
[    1.181924] kernel: pci 0000:00:05.0: reg 0x20: [mem 0xfe208000-0xfe20bfff 64bit pref]
[    1.186438] kernel: pci 0000:00:10.0: [1af4:1110] type 00 class 0x050000
[    1.187446] kernel: pci 0000:00:10.0: reg 0x10: [mem 0xfeb93000-0xfeb930ff]
[    1.188934] kernel: pci 0000:00:10.0: reg 0x18: [mem 0xfe000000-0xfe0fffff 64bit pref]
[    1.192927] kernel: pci 0000:00:11.0: [1af4:1110] type 00 class 0x050000
[    1.193641] kernel: pci 0000:00:11.0: reg 0x10: [mem 0xfeb94000-0xfeb940ff]
[    1.194797] kernel: pci 0000:00:11.0: reg 0x18: [mem 0xfe20c000-0xfe20c3ff 64bit pref]
[    1.198979] kernel: pci 0000:00:12.0: [1af4:1110] type 00 class 0x050000
[    1.199933] kernel: pci 0000:00:12.0: reg 0x10: [mem 0xfeb95000-0xfeb950ff]
[    1.201934] kernel: pci 0000:00:12.0: reg 0x18: [mem 0xfe100000-0xfe1fffff 64bit pref]
[    1.209243] kernel: ACPI: PCI: Interrupt link LNKA configured for IRQ 10
[    1.210509] kernel: ACPI: PCI: Interrupt link LNKB configured for IRQ 10
[    1.211376] kernel: ACPI: PCI: Interrupt link LNKC configured for IRQ 11
[    1.212179] kernel: ACPI: PCI: Interrupt link LNKD configured for IRQ 11
[    1.212506] kernel: ACPI: PCI: Interrupt link LNKS configured for Idebug1: Sending command: /root/syz-executor exec 0 0 glusterfs 3 4 192.168.0.49 0 "3 1 ''" false false false true false
RQ 9
[    1.214042] kernel: iommu: Default domain type: Translated 
[    1.214050] kernel: iommu: DMA domain TLB invalidation policy: lazy mode 
[    1.214301] kernel: pci 0000:00:02.0: vgaarb: setting as boot VGA device
[    1.214312] kernel: pci 0000:00:02.0: vgaarb: VGA device added: decodes=io+mem,owns=io+mem,locks=none
[    1.214328] kernel: pci 0000:00:02.0: vgaarb: bridge control possible
[    1.214335] kernel: vgaarb: loaded
[    1.214750] kernel: SCSI subsystem initialized
[    1.215013] kernel: libata version 3.00 loaded.
[    1.215184] kernel: ACPI: bus type USB registered
[    1.215286] kernel: usbcore: registered new interface driver usbfs
[    1.215341] kernel: usbcore: registered new interface driver hub
[    1.215381] kernel: usbcore: registered new device driver usb
[    1.215489] kernel: pps_core: LinuxPPS API ver. 1 registered
[    1.215537] kernel: pps_core: Software ver. 5.3.6 - Copyright 2005-2007 Rodolfo Giometti <giometti@linux.it>
[    1.215563] kernel: PTP clock support registered
[    1.216100] kernel: Advanced Linux Sound Architecture Driver Initialized.
[    1.216815] kernel: NetLabel: Initializing
[    1.216819] kernel: NetLabel:  domain hash size = 128
[    1.216824] kernel: NetLabel:  protocols = UNLABELED CIPSOv4 CALIPSO
[    1.216947] kernel: NetLabel:  unlabeled traffic allowed by default
[    1.217024] kernel: PCI: Using ACPI for IRQ routing
[    1.217024] kernel: PCI: pci_cache_line_size set to 64 bytes
[    1.217105] kernel: e820: reserve RAM buffer [mem 0x0009fc00-0x0009ffff]
[    1.217121] kernel: e820: reserve RAM buffer [mem 0xbffdd000-0xbfffffff]
[    1.217335] kernel: hpet0: at MMIO 0xfed00000, IRQs 2, 8, 0
[    1.217357] kernel: hpet0: 3 comparators, 64-bit 100.000000 MHz counter
[    1.227049] kernel: clocksource: Switched to clocksource kvm-clock
[    1.406948] kernel: VFS: Disk quotas dquot_6.6.0
[    1.407004] kernel: VFS: Dquot-cache hash table entries: 512 (order 0, 4096 bytes)
[    1.407274] kernel: pnp: PnP ACPI init
[    1.408101] kernel: pnp 00:03: [dma 2]
[    1.410805] kernel: pnp: PnP ACPI: found 6 devices
[    1.438089] kernel: clocksource: acpi_pm: mask: 0xffffff max_cycles: 0xffffff, max_idle_ns: 2085701024 ns
[    1.438204] kernel: NET: Registered PF_INET protocol family
[    1.439228] kernel: IP idents hash table entries: 262144 (order: 9, 2097152 bytes, linear)
[    1.450259] kernel: tcp_listen_portaddr_hash hash table entries: 8192 (order: 5, 131072 bytes, linear)
[    1.451060] kernel: TCP established hash table entries: 131072 (order: 8, 1048576 bytes, linear)
[    1.452105] kernel: TCP bind hash table entries: 65536 (order: 8, 1048576 bytes, linear)
[    1.453436] kernel: TCP: Hash tables configured (established 131072 bind 65536)
[    1.453556] kernel: UDP hash table entries: 8192 (order: 6, 262144 bytes, linear)
[    1.453724] kernel: UDP-Lite hash table entries: 8192 (order: 6, 262144 bytes, linear)
[    1.454014] kernel: NET: Registered PF_UNIX/PF_LOCAL protocol family
[    1.459122] kernel: pci_bus 0000:00: resource 4 [io  0x0000-0x0cf7 window]
[    1.459140] kernel: pci_bus 0000:00: resource 5 [io  0x0d00-0xffff window]
[    1.459151] kernel: pci_bus 0000:00: resource 6 [mem 0x000a0000-0x000bffff window]
[    1.459164] kernel: pci_bus 0000:00: resource 7 [mem 0xc0000000-0xfebfffff window]
[    1.459176] kernel: pci_bus 0000:00: resource 8 [mem 0x2c0000000-0x33fffffff window]
[    1.459451] kernel: pci 0000:00:01.0: PIIX3: Enabling Passive Release
[    1.459517] kernel: pci 0000:00:00.0: Limiting direct PCI/PCI transfers
[    1.459546] kernel: pci 0000:00:01.0: Activating ISA DMA hang workarounds
[    1.459636] kernel: pci 0000:00:02.0: Video device with shadowed ROM at [mem 0x000c0000-0x000dffff]
[    1.459752] kernel: PCI: CLS 0 bytes, default 64
[    1.460572] kernel: PCI-DMA: Using software bounce buffering for IO (SWIOTLB)
[    1.460578] kernel: software IO TLB: mapped [mem 0x00000000bbfdd000-0x00000000bffdd000] (64MB)
[    1.461086] kernel: RAPL PMU: API unit is 2^-32 Joules, 0 fixed counters, 10737418240 ms ovfl timer
[    1.461116] kernel: clocksource: tsc: mask: 0xffffffffffffffff max_cycles: 0x2563bf907c6, max_idle_ns: 440795319401 ns
[    1.461181] kernel: clocksource: Switched to clocksource tsc
[    1.465139] kernel: Initialise system trusted keyrings
[    1.467322] kernel: workingset: timestamp_bits=56 max_order=22 bucket_order=0
[    1.498001] kernel: fuse: init (API version 7.34)
[    1.537824] kernel: Key type asymmetric registered
[    1.537838] kernel: Asymmetric key parser 'x509' registered
[    1.538458] kernel: Block layer SCSI generic (bsg) driver version 0.4 loaded (major 251)
[    1.538466] kernel: io scheduler mq-deadline registered
[    1.538471] kernel: io scheduler kyber registered
[    1.540417] kernel: input: Power Button as /devices/LNXSYSTM:00/LNXPWRBN:00/input/input0
[    1.541098] kernel: ACPI: button: Power Button [PWRF]
[    2.656491] kernel: ACPI: \_SB_.LNKC: Enabled at IRQ 11
[    3.881765] kdebug1: client_input_global_request: rtype hostkeys-00@openssh.com want_reply 0
debug1: Remote: /root/.ssh/authorized_keys:1: key options: agent-forwarding port-forwarding pty user-rc x11-forwarding
debug1: client_input_global_request: rtype hostkeys-00@openssh.com want_reply 0
debug1: Remote: /root/.ssh/authorized_keys:1: key options: agent-forwarding port-forwarding pty user-rc x11-forwarding
ernel: ACPI: \_SB_.LNKD: Enabled at IRQ 10
[    4.725647] kernel: ACPI: \_SB_.LNKA: Enabled at IRQ 10
[    4.727319] kernel: Serial: 8250/16550 driver, 4 ports, IRQ sharing enabled
[    4.727550] kernel: 00:05: ttyS0 at I/O 0x3f8 (irq = 4, base_baud = 115200) is a 16550A
[    4.729376] kernel: Non-volatile memory driver v1.3
[    4.729498] kernel: Linux agpgart interface v0.103
[    4.738957] kernel: loop: module loaded
[    4.740011] kernel: virtio_blk virtio2: [vda] 1024000 512-byte logical blocks (524 MB/500 MiB)
[    4.743242] kernel: ata_piix 0000:00:01.1: version 2.13
[    4.759128] kernel: scsi host0: ata_piix
[    4.760595] kernel: scsi host1: ata_piix
[    4.760837] kernel: ata1: PATA max MWDMA2 cmd 0x1f0 ctl 0x3f6 bmdma 0xc0c0 irq 14
[    4.760850] kernel: ata2: PATA max MWDMA2 cmd 0x170 ctl 0x376 bmdma 0xc0c8 irq 15
[    4.761671] kernel: libphy: Fixed MDIO Bus: probed
[    4.781258] kernel: e100: Intel(R) PRO/100 Network Driver
[    4.781269] kernel: e100: Copyright(c) 1999-2006 Intel Corporation
[    4.781319] kernel: e1000: Intel(R) PRO/1000 Network Driver
[    4.781324] kernel: e1000: Copyright (c) 1999-2006 Intel Corporation.
[    4.781390] kernel: e1000e: Intel(R) PRO/1000 Network Driver
[    4.781395] kernel: e1000e: Copyright(c) 1999 - 2015 Intel Corporation.
[    4.781477] kernel: sky2: driver version 1.30
[    4.781990] kernel: ehci_hcd: USB 2.0 'Enhanced' Host Controller (EHCI) Driver
[    4.781997] kernel: ehci-pci: EHCI PCI platform driver
[    4.782043] kernel: ohci_hcd: USB 1.1 'Open' Host Controller (OHCI) Driver
[    4.782058] kernel: ohci-pci: OHCI PCI platform driver
[    4.782102] kernel: uhci_hcd: USB Universal Host Controller Interface driver
[    4.782370] kernel: usbcore: registered new interface driver usblp
[    4.782421] kernel: usbcore: registered new interface driver usb-storage
[    4.782562] kernel: i8042: PNP: PS/2 Controller [PNP0303:KBD,PNP0f13:MOU] at 0x60,0x64 irq 1,12
[    4.783217] kernel: serio: i8042 KBD port at 0x60,0x64 irq 1
[    4.783238] kernel: serio: i8042 AUX port at 0x60,0x64 irq 12
[    4.798969] kernel: rtc_cmos 00:00: RTC can wake from S4
[    4.806310] kernel: rtc_cmos 00:00: registered as rtc0
[    4.806406] kernel: rtc_cmos 00:00: alarms up to one day, y3k, 114 bytes nvram, hpet irqs
[    4.807343] kernel: device-mapper: ioctl: 4.45.0-ioctl (2021-03-22) initialised: dm-devel@redhat.com
[    4.807362] kernel: intel_pstate: CPU model not supported
[    4.807519] kernel: hid: raw HID events driver (C) Jiri Kosina
[    4.808314] kernel: usbcore: registered new interface driver usbhid
[    4.808322] kernel: usbhid: USB HID core driver
[    4.808948] kernel: netem: version 1.3
[    4.812751] kernel: Initializing XFRM netlink socket
[    4.813500] kernel: NET: Registered PF_INET6 protocol family
[    4.835442] kernel: input: AT Translated Set 2 keyboard as /devices/platform/i8042/serio0/input/input1
[    4.837172] kernel: Segment Routing with IPv6
[    4.837910] kernel: In-situ OAM (IOAM) with IPv6
[    4.838170] kernel: sit: IPv6, IPv4 and MPLS over IPv4 tunneling driver
[    4.838766] kernel: NET: Registered PF_PACKET protocol family
[    4.838893] kernel: 9pnet: Installing 9P2000 support
[    4.838967] kernel: Key type dns_resolver registered
[    4.838996] kernel: Key type ceph registered
[    4.866900] kernel: libceph: loaded (mon/osd proto 15/24)
[    4.867547] kernel: IPI shorthand broadcast: enabled
[    4.867604] kernel: sched_clock: Marking stable (4862095424, 5253268)->(5097899599, -230550907)
[    4.868079] kernel: registered taskstats version 1
[    4.868085] kernel: Loading compiled-in X.509 certificates
[    4.870128] kernel: PM:   Magic number: 15:962:983
[    4.870254] kernel: printk: console [netcon0] enabled
[    4.870262] kernel: netconsole: network logging started
[    4.919325] kernel: ata1.01: NODEV after polling detection
[    4.919593] kernel: ata1.00: ATA-7: QEMU HARDDISK, 2.5+, max UDMA/100
[    4.919608] kernel: ata1.00: 88078336 sectors, multi 16: LBA48 
[    4.920279] kernel: scsi 0:0:0:0: Direct-Access     ATA      QEMU HARDDISK    2.5+ PQ: 0 ANSI: 5
[    4.921147] kernel: sd 0:0:0:0: [sda] 88078336 512-byte logical blocks: (45.1 GB/42.0 GiB)
[    4.921180] kernel: sd 0:0:0:0: [sda] Write Protect is off
[    4.921194] kernel: sd 0:0:0:0: [sda] Mode Sense: 00 3a 00 00
[    4.921235] kernel: sd 0:0:0:0: [sda] Write cache: enabled, read cache: enabled, doesn't support DPO or FUA
[    4.921673] kernel: sd 0:0:0:0: Attached scsi generic sg0 type 0
[    4.923876] kernel: sd 0:0:0:0: [sda] Attached SCSI disk
[    4.935331] kernel: ata2.01: NODEV after polling detection
[    4.935604] kernel: ata2.00: ATAPI: QEMU DVD-ROM, 2.5+, max UDMA/100
[    4.942384] kernel: scsi 1:0:0:0: CD-ROM            QEMU     QEMU DVD-ROM     2.5+ PQ: 0 ANSI: 5
[    4.961029] kernel: sr 1:0:0:0: [sr0] scsi3-mmc drive: 4x/4x cd/rw xa/form2 tray
[    4.961050] kernel: cdrom: Uniform CD-ROM driver Revision: 3.20
[    4.980945] kernel: sr 1:0:0:0: Attached scsi CD-ROM sr0
[    4.983232] kernel: sr 1:0:0:0: Attached scsi generic sg1 type 5
[    5.455790] kernel: input: ImExPS/2 Generic Explorer Mouse as /devices/platform/i8042/serio1/input/input3
[    5.474977] kernel: IP-Config: Guessing netmask 255.255.255.0
[    5.474990] kernel: IP-Config: Complete:
[    5.474994] kernel:      device=eth0, hwaddr=e6:c8:ff:09:76:32, ipaddr=192.168.0.50, mask=255.255.255.0, gw=255.255.255.255
[    5.475010] kernel:      host=192.168.0.50, domain=, nis-domain=(none)
[    5.475017] kernel:      bootserver=255.255.255.255, rootserver=255.255.255.255, rootpath=
[    5.475235] kernel: cfg80211: Loading compiled-in X.509 certificates for regulatory database
[    5.480742] kernel: kworker/u4:1 (69) used greatest stack depth: 28680 bytes left
[    5.482377] kernel: cfg80211: Loaded X.509 cert 'sforshee: 00b28ddf47aef9cea7'
[    5.482404] kernel: ALSA device list:
[    5.482408] kernel:   No soundcards found.
[    5.491078] kernel: platform regulatory.0: Direct firmware load for regulatory.db failed with error -2
[    5.491148] kernel: cfg80211: failed to load regulatory.db
[    5.491223] kernel: md: Waiting for all devices to be available before autodetect
[    5.491228] kernel: md: If you don't use raid, use raid=noautodetect
[    5.491232] kernel: md: Autodetecting RAID arrays.
[    5.491236] kernel: md: autorun ...
[    5.491239] kernel: md: ... autorun DONE.
[    5.535062] kernel: EXT4-fs (sda): mounted filesystem with ordered data mode. Opts: (null). Quota mode: none.
[    5.535154] kernel: VFS: Mounted root (ext4 filesystem) readonly on device 8:0.
[    5.535990] kernel: devtmpfs: mounted
[    5.537228] kernel: Freeing unused kernel image (initmem) memory: 2068K
[    5.537246] kernel: Write protecting the kernel read-only data: 57344k
[    5.539475] kernel: Freeing unused kernel image (text/rodata gap) memory: 2032K
[    5.540361] kernel: Freeing unused kernel image (rodata/data gap) memory: 988K
[    5.540391] kernel: Run /sbin/init as init process
[    5.540395] kernel:   with arguments:
[    5.540398] kernel:     /sbin/init
[    5.540402] kernel:   with environment:
[    5.540405] kernel:     HOME=/
[    5.540409] kernel:     TERM=linux
[    5.664800] kernel: ext4lazyinit (75) used greatest stack depth: 27144 bytes left
[    5.712927] kernel: random: fast init done
[    5.806804] kernel: IPv6: ADDRCONF(NETDEV_CHANGE): eth0: link becomes ready
[    5.874096] systemd[1]: systemd 245.4-4ubuntu3 running in system mode. (+PAM +AUDIT +SELINUX +IMA +APPARMOR +SMACK +SYSVINIT +UTMP +LIBCRYPTSETUP +GCRYPT +GNUTLS +ACL +XZ +LZ4 +SECCOMP +BLKID +ELFUTILS +KMOD +IDN2 -IDN +PCRE2 default-hierarchy=hybrid)
[    5.874593] systemd[1]: Detected virtualization kvm.
[    5.874608] systemd[1]: Detected architecture x86-64.
[    5.886403] systemd[1]: Set hostname to <dfs-fuzzing>.
[    6.057811] kernel: systemd-bless-b (78) used greatest stack depth: 26968 bytes left
[    6.071728] kernel: netplan (77) used greatest stack depth: 25680 bytes left
[    6.322571] kernel: random: crng init done
[    6.461087] systemd[1]: /lib/systemd/system/dbus.socket:5: ListenStream= references a path below legacy directory /var/run/, updating /var/run/dbus/system_bus_socket  /run/dbus/system_bus_socket; please update the unit file accordingly.
[    6.580321] systemd[1]: system-modprobe.slice: unit configures an IP firewall, but the local system does not support BPF/cgroup firewalling.
[    6.580343] systemd[1]: (This warning is only shown for the first unit using IP firewalling.)
[    6.582039] systemd[1]: Created slice system-modprobe.slice.
[    6.595731] systemd[1]: Created slice system-serial\x2dgetty.slice.
[    6.596620] systemd[1]: Created slice User and Session Slice.
[    6.597202] systemd[1]: Started Dispatch Password Requests to Console Directory Watch.
[    6.597519] systemd[1]: Started Forward Password Requests to Wall Directory Watch.
[    6.598862] systemd[1]: Set up automount Arbitrary Executable File Formats File System Automount Point.
[    6.599117] systemd[1]: Reached target Local Encrypted Volumes.
[    6.599145] systemd[1]: Reached target Paths.
[    6.599161] systemd[1]: Reached target Remote File Systems.
[    6.599174] systemd[1]: Reached target Slices.
[    6.599361] systemd[1]: Reached target Swap.
[    6.599906] systemd[1]: Listening on Device-mapper event daemon FIFOs.
[    6.601039] systemd[1]: Listening on Syslog Socket.
[    6.601539] systemd[1]: Listening on initctl Compatibility Named Pipe.
[    6.602666] systemd[1]: Listening on Journal Audit Socket.
[    6.603326] systemd[1]: Listening on Journal Socket (/dev/log).
[    6.604313] systemd[1]: Listening on Journal Socket.
[    6.605070] systemd[1]: Listening on udev Control Socket.
[    6.605622] systemd[1]: Listening on udev Kernel Socket.
[    6.615327] systemd[1]: Mounting Huge Pages File System...
[    6.618056] systemd[1]: Mounting POSIX Message Queue File System...
[    6.622021] systemd[1]: Mounting /proc/sys/fs/binfmt_misc...
[    6.624590] systemd[1]: Mounting /sys/kernel/config...
[    6.626428] systemd[1]: Mounting /sys/kernel/debug...
[    6.692998] systemd[1]: Mounting Kernel Trace File System...
[    6.730435] systemd[1]: Starting Journal Service...
[    6.732605] systemd[1]: Starting Set the console keyboard layout...
[    6.732664] systemd[1]: Condition check resulted in Create list of static device nodes for the current kernel being skipped.
[    6.732746] systemd[1]: Condition check resulted in Load Kernel Module drm being skipped.
[    6.744879] systemd[1]: Starting Load Kernel Modules...
[    6.747341] systemd[1]: Starting Remount Root and Kernel File Systems...
[    6.754138] systemd[1]: Starting udev Coldplug all Devices...
[    6.760086] systemd[1]: Mounted Huge Pages File System.
[    6.761063] systemd[1]: Mounted POSIX Message Queue File System.
[    6.771088] systemd[1]: Mounted /proc/sys/fs/binfmt_misc.
[    6.771555] systemd[1]: Mounted /sys/kernel/config.
[    6.772014] systemd[1]: Mounted /sys/kernel/debug.
[    6.772448] systemd[1]: Mounted Kernel Trace File System.
[    6.787632] systemd[1]: Condition check resulted in Set Up Additional Binary Formats being skipped.
[    6.860669] kernel: systemd-modules (98) used greatest stack depth: 25256 bytes left
[    6.862882] systemd[1]: Finished Load Kernel Modules.
[    6.865454] systemd[1]: Mounting FUSE Control File System...
[    6.867286] systemd[1]: Starting Apply Kernel Variables...
[    6.878112] kernel: EXT4-fs (sda): re-mounted. Opts: (null). Quota mode: none.
[    6.881705] systemd[1]: Finished Remount Root and Kernel File Systems.
[    6.884024] systemd[1]: Condition check resulted in Rebuild Hardware Database being skipped.
[    6.884078] systemd[1]: Condition check resulted in Platform Persistent Storage Archival being skipped.
[    6.885958] systemd[1]: Starting Load/Save Random Seed...
[    6.895371] systemd[1]: Starting Create System Users...
[    6.897206] systemd[1]: Mounted FUSE Control File System.
[    6.982576] systemd[1]: Finished Apply Kernel Variables.
[    7.022931] systemd[1]: Finished Load/Save Random Seed.
[    7.041062] systemd[1]: Finished Create System Users.
[    7.044266] systemd[1]: Starting Create Static Device Nodes in /dev...
[    7.160525] systemd[1]: Finished Set the console keyboard layout.
[    7.163895] systemd[1]: Finished Create Static Device Nodes in /dev.
[    7.164373] systemd[1]: Reached target Local File Systems (Pre).
[    7.164408] systemd[1]: Reached target Local File Systems.
[    7.166368] systemd[1]: Starting Set console font and keymap...
[    7.166474] systemd[1]: Condition check resulted in Store a System Token in an EFI Variable being skipped.
[    7.166571] systemd[1]: Condition check resulted in Commit a transient machine-id on disk being skipped.
[    7.169283] systemd[1]: Starting udev Kernel Device Manager...
[    7.211523] systemd[1]: Finished Set console font and keymap.
[    7.316788] systemd[1]: Finished udev Coldplug all Devices.
[    7.322065] systemd[1]: Started udev Kernel Device Manager.
[    7.655667] systemd[1]: Started Journal Service.
[   10.964168] kernel: e2scrub_all (164) used greatest stack depth: 24952 bytes left
executor 1 finishes userspace_cover_open
before receiving handshake request
req.flags ea3
----- is restarting 0
---- dfs_name glusterfs is_dfs_client 0
debug1: Sending command: /root/syz-executor exec 1 3 glusterfs 3 4 192.168.0.49 0 "3 1 ''" false false false true false
debug1: Sending command: /root/syz-executor exec 0 2 glusterfs 3 4 192.168.0.49 0 "3 1 ''" false false false true false
unlink FIFO failed: No such file or directory
[    0.000000] kernel: Linux version 5.15.0+ (tlyu@IC-RS3-DPC07) (gcc (Ubuntu 9.4.0-1ubuntu1~20.04.1) 9.4.0, GNU ld (GNU Binutils for Ubuntu) 2.34) #8 SMP Fri Jun 3 16:18:40 CEST 2022
[    0.000000] kernel: Command line: root=/dev/sda console=ttyS0 net.ifnames=0 ip=192.168.0.49 quiet
[    0.000000] kernel: x86/fpu: Supporting XSAVE feature 0x001: 'x87 floating point registers'
[    0.000000] kernel: x86/fpu: Supporting XSAVE feature 0x002: 'SSE registers'
[    0.000000] kernel: x86/fpu: Supporting XSAVE feature 0x004: 'AVX registers'
[    0.000000] kernel: x86/fpu: Supporting XSAVE feature 0x020: 'AVX-512 opmask'
[    0.000000] kernel: x86/fpu: Supporting XSAVE feature 0x040: 'AVX-512 Hi256'
[    0.000000] kernel: x86/fpu: Supporting XSAVE feature 0x080: 'AVX-512 ZMM_Hi256'
[    0.000000] kernel: x86/fpu: Supporting XSAVE feature 0x200: 'Protection Keys User registers'
[    0.000000] kernel: x86/fpu: xstate_offset[2]:  576, xstate_sizes[2]:  256
[    0.000000] kernel: x86/fpu: xstate_offset[5]:  832, xstate_sizes[5]:   64
[    0.000000] kernel: x86/fpu: xstate_offset[6]:  896, xstate_sizes[6]:  512
[    0.000000] kernel: x86/fpu: xstate_offset[7]: 1408, xstate_sizes[7]: 1024
[    0.000000] kernel: x86/fpu: xstate_offset[9]: 2432, xstate_sizes[9]:    8
[    0.000000] kernel: x86/fpu: Enabled xstate features 0x2e7, context size is 2440 bytes, using 'compacted' format.
[    0.000000] kernel: signal: max sigframe size: 3632
[    0.000000] kernel: BIOS-provided physical RAM map:
[    0.000000] kernel: BIOS-e820: [mem 0x0000000000000000-0x000000000009fbff] usable
[    0.000000] kernel: BIOS-e820: [mem 0x000000000009fc00-0x000000000009ffff] reserved
[    0.000000] kernel: BIOS-e820: [mem 0x00000000000f0000-0x00000000000fffff] reserved
[    0.000000] kernel: BIOS-e820: [mem 0x0000000000100000-0x00000000bffdcfff] usable
[    0.000000] kernel: BIOS-e820: [mem 0x00000000bffdd000-0x00000000bfffffff] reserved
[    0.000000] kernel: BIOS-e820: [mem 0x00000000feffc000-0x00000000feffffff] reserved
[    0.000000] kernel: BIOS-e820: [mem 0x00000000fffc0000-0x00000000ffffffff] reserved
[    0.000000] kernel: BIOS-e820: [mem 0x0000000100000000-0x00000002bfffffff] usable
[    0.000000] kernel: NX (Execute Disable) protection: active
[    0.000000] kernel: SMBIOS 2.8 present.
[    0.000000] kernel: DMI: QEMU Standard PC (i440FX + PIIX, 1996), BIOS 1.13.0-1ubuntu1.1 04/01/2014
[    0.000000] kernel: Hypervisor detected: KVM
[    0.000000] kernel: kvm-clock: Using msrs 4b564d01 and 4b564d00
[    0.000000] kernel: kvm-clock: cpu 0, msr 146958001, primary cpu clock
[    0.000002] kernel: kvm-clock: using sched offset of 775914973 cycles
[    0.000010] kernel: clocksource: kvm-clock: mask: 0xffffffffffffffff max_cycles: 0x1cd42e4dffb, max_idle_ns: 881590591483 ns
[    0.000023] kernel: tsc: Detected 2593.906 MHz processor
[    0.005789] kernel: e820: update [mem 0x00000000-0x00000fff] usable ==> reserved
[    0.005805] kernel: e820: remove [mem 0x000a0000-0x000fffff] usable
[    0.005823] kernel: last_pfn = 0x2c0000 max_arch_pfn = 0x10000000000
[    0.005888] kernel: x86/PAT: Configuration [0-7]: WB  WC  UC- UC  WB  WP  UC- WT  
[    0.005899] kernel: last_pfn = 0xbffdd max_arch_pfn = 0x10000000000
[    0.013687] kernel: found SMP MP-table at [mem 0x000f5c70-0x000f5c7f]
[    0.013748] kernel: Using GB pages for direct mapping
[    0.014384] kernel: ACPI: Early table checksum verification disabled
[    0.014393] kernel: ACPI: RSDP 0x00000000000F5A40 000014 (v00 BOCHS )
[    0.014416] kernel: ACPI: RSDT 0x00000000BFFE15C9 000030 (v01 BOCHS  BXPCRSDT 00000001 BXPC 00000001)
[    0.014441] kernel: ACPI: FACP 0x00000000BFFE149D 000074 (v01 BOCHS  BXPCFACP 00000001 BXPC 00000001)
[    0.014467] kernel: ACPI: DSDT 0x00000000BFFE0040 00145D (v01 BOCHS  BXPCDSDT 00000001 BXPC 00000001)
[    0.014487] kernel: ACPI: FACS 0x00000000BFFE0000 000040
[    0.014502] kernel: ACPI: APIC 0x00000000BFFE1511 000080 (v01 BOCHS  BXPCAPIC 00000001 BXPC 00000001)
[    0.014executor 0 finishes userspace_cover_open
before receiving handshake request
----- is restarting 0
---- dfs_name glusterfs is_dfs_client 1
522] kernel: ACPI: HPET 0x00000000BFFE1591 000038 (v01 BOCHS  BXPCHPET 00000001 BXPC 00000001)
[    0.014540] kernel: ACPI: Reserving FACP table memory at [mem 0xbffe149d-0xbffe1510]
[    0.014548] kernel: ACPI: Reserving DSDT table memory at [mem 0xbffe0040-0xbffe149c]
[    0.014556] kernel: ACPI: Reserving FACS table memory at [mem 0xbffe0000-0xbffe003f]
[    0.014563] kernel: ACPI: Reserving APIC table memory at [mem 0xbffe1511-0xbffe1590]
[    0.014571] kernel: ACPI: Reserving HPET table memory at [mem 0xbffe1591-0xbffe15c8]
[    0.015423] kernel: No NUMA configuration found
[    0.015429] kernel: Faking a node at [mem 0x0000000000000000-0x00000002bfffffff]
[    0.015444] kernel: NODE_DATA(0) allocated [mem 0x2bfffc000-0x2bfffffff]
[    0.016229] kernel: Zone ranges:
[    0.016235] kernel:   DMA      [mem 0x0000000000001000-0x0000000000ffffff]
[    0.016247] kernel:   DMA32    [mem 0x0000000001000000-0x00000000ffffffff]
[    0.016256] kernel:   Normal   [mem 0x0000000100000000-0x0----- is restarting 0
---- dfs_name glusterfs is_dfs_client 0
0000002bfffffff]
[    0.016265] kernel: Movable zone start for each node
[    0.016269] kernel: Early memory node ranges
[    0.016272] kernel:   node   0: [mem 0x0000000000001000-0x000000000009efff]
[    0.016280] kernel:   node   0: [mem 0x0000000000100000-0x00000000bffdcfff]
[    0.016288] kernel:   node   0: [mem 0x0000000100000000-0x00000002bfffffff]
[    0.016298] kernel: Initmem setup node 0 [mem 0x0000000000001000-0x00000002bfffffff]
[    0.016917] kernel: On node 0, zone DMA: 1 pages in unavailable ranges
[    0.016988] kernel: On node 0, zone DMA: 97 pages in unavailable ranges
[    0.112396] kernel: On node 0, zone Normal: 35 pages in unavailable ranges
[    0.640053] kernel: kasan: KernelAddressSanitizer initialized
[    0.640482] kernel: ACPI: PM-Timer IO Port: 0x608
[    0.640504] kernel: ACPI: LAPIC_NMI (acpi_id[0xff] dfl dfl lint[0x1])
[    0.640558] kernel: IOAPIC[0]: apic_id 0, version 17, address 0xfec00000, GSI 0-23
[    0.640573] kernel: ACPI: INT_SRC_OVR (bus 0 bus_irq 0 global_irq 2 dfl dfl)
[    0.640584] kernel: ACPI: INT_SRC_OVR (bus 0 bus_irq 5 global_irq 5 high level)
[    0.640593] kernel: ACPI: INT_SRC_OVR (bus 0 bus_irq 9 global_irq 9 high level)
[    0.640603] kernel: ACPI: INT_SRC_OVR (bus 0 bus_irq 10 global_irq 10 high level)
[    0.640612] kernel: ACPI: INT_SRC_OVR (bus 0 bus_irq 11 global_irq 11 high level)
[    0.640630] kernel: ACPI: Using ACPI (MADT) for SMP configuration information
[    0.640636] kernel: ACPI: HPET id: 0x8086a201 base: 0xfed00000
[    0.640648] kernel: TSC deadline timer available
[    0.640653] kernel: smpboot: Allowing 2 CPUs, 0 hotplug CPUs
[    0.640689] kernel: kvm-guest: KVM setup pv remote TLB flush
[    0.640696] kernel: kvm-guest: setup PV sched yield
[    0.640729] kernel: PM: hibernation: Registered nosave memory: [mem 0x00000000-0x00000fff]
[    0.640739] kernel: PM: hibernation: Registered nosave memory: [mem 0x0009f000-0x0009ffff]
[    0.640746] kernel: PM: hibernation: Registered nosave memory: [mem 0x000a0000-0x000effff]
[    0.640753] kernel: PM: hibernation: Registered nosave memory: [mem 0x000f0000-0x000fffff]
[    0.640763] kernel: PM: hibernation: Registered nosave memory: [mem 0xbffdd000-0xbfffffff]
[    0.640770] kernel: PM: hibernation: Registered nosave memory: [mem 0xc0000000-0xfeffbfff]
[    0.640776] kernel: PM: hibernation: Registered nosave memory: [mem 0xfeffc000-0xfeffffff]
[    0.640783] kernel: PM: hibernation: Registered nosave memory: [mem 0xff000000-0xfffbffff]
[    0.640789] kernel: PM: hibernation: Registered nosave memory: [mem 0xfffc0000-0xffffffff]
[    0.640798] kernel: [mem 0xc0000000-0xfeffbfff] available for PCI devices
[    0.640805] kernel: Booting paravirtualized kernel on KVM
[    0.640812] kernel: clocksource: refined-jiffies: mask: 0xffffffff max_cycles: 0xffffffff, max_idle_ns: 1910969940391419 ns
[    0.654778] kernel: setup_percpu: NR_CPUS:64 nr_cpumask_bits:64 nr_cpu_ids:2 nr_node_ids:1
[    0.655821] kernel: percpu: Embedded 56 pbefore receiving handshake request
[    0.000000] kernel: Linux version 5.15.0+ (tlyu@IC-RS3-DPC07) (gcc (Ubuntu 9.4.0-1ubuntu1~20.04.1) 9.4.0, GNU ld (GNU Binutils for Ubuntu) 2.34) #8 SMP Fri Jun 3 16:18:40 CEST 2022
[    0.000000] kernel: Command line: root=/dev/sda console=ttyS0 net.ifnames=0 ip=192.168.0.52 quiet
[    0.000000] kernel: x86/fpu: Supporting XSAVE feature 0x001: 'x87 floating point registers'
[    0.000000] kernel: x86/fpu: Supporting XSAVE feature 0x002: 'SSE registers'
[    0.000000] kernel: x86/fpu: Supporting XSAVE feature 0x004: 'AVX registers'
[    0.000000] kernel: x86/fpu: Supporting XSAVE feature 0x020: 'AVX-512 opmask'
[    0.000000] kernel: x86/fpu: Supporting XSAVE feature 0x040: 'AVX-512 Hi256'
[    0.000000] kernel: x86/fpu: Supporting XSAVE feature 0x080: 'AVX-512 ZMM_Hi256'
[    0.000000] kernel: x86/fpu: Supporting XSAVE feature 0x200: 'Protection Keys User registers'
[    0.000000] kernel: x86/fpu: xstate_offset[2]:  576, xstate_sizes[2]:  256
[    0.000000] kernel: x86/fpu: xstate_ages/cpu s191576 r8192 d29608 u1048576
[    0.655857] kernel: pcpu-alloc: s191576 r8192 d29608 u1048576 alloc=1*2097152
[    0.655873] kernel: pcpu-alloc: [0] 0 1 
[    0.655963] kernel: kvm-guest: setup async PF for cpu 0
[    0.655974] kernel: kvm-guest: stealtime: cpu 0, msr 26501f140
[    0.655986] kernel: Built 1 zonelists, mobility grouping on.  Total pages: 2580189
[    0.655994] kernel: Policy zone: Normal
[    0.655999] kernel: Kernel command line: root=/dev/sda console=ttyS0 net.ifnames=0 ip=192.168.0.49 quiet
[    0.663503] kernel: Dentry cache hash table entries: 2097152 (order: 12, 16777216 bytes, linear)
[    0.667052] kernel: Inode-cache hash table entries: 1048576 (order: 11, 8388608 bytes, linear)
[    0.667178] kernel: mem auto-init: stack:off, heap alloc:off, heap free:off
[    0.978978] kernel: Memory: 8817344K/10485228K available (47117K kernel code, 10298K rwdata, 7204K rodata, 2068K init, 2860K bss, 1667684K reserved, 0K cma-reserved)
[    0.979200] kernel: SLUB: HWalign=64, Order=0-3, MinObjects=0, CPUs=2, Nodes=1
[    0.979965] kernel: rcu: Hierarchical RCU implementation.
[    0.979972] kernel: rcu:         RCU event tracing is enabled.
[    0.979976] kernel: rcu:         RCU restricting CPUs from NR_CPUS=64 to nr_cpu_ids=2.
[    0.979985] kernel: rcu: RCU calculated value of scheduler-enlistment delay is 100 jiffies.
[    0.979991] kernel: rcu: Adjusting geometry for rcu_fanout_leaf=16, nr_cpu_ids=2
[    0.988031] kernel: NR_IRQS: 4352, nr_irqs: 440, preallocated irqs: 16
[    0.988415] kernel: random: get_random_bytes called from start_kernel+0x22b/0x456 with crng_init=0
[    0.992383] kernel: Console: colour VGA+ 80x25
[    0.992497] kernel: printk: console [ttyS0] enabled
[    0.992544] kernel: ACPI: Core revision 20210730
[    0.992796] kernel: clocksource: hpet: mask: 0xffffffff max_cycles: 0xffffffff, max_idle_ns: 19112604467 ns
[    0.992957] kernel: APIC: Switch to symmetric I/O mode setup
[    0.992965] kernel: kvm-guest: setup PV IPIs
[    0.993949] kernel: ..TIMER: vector=0x30 apic1=0 pin1=2 apic2=-1 pin2=-1
[    0.993985] kernel: clocksource: tsc-early: mask: 0xffffffffffffffff max_cycles: 0x2563bf907c6, max_idle_ns: 440795319401 ns
[    0.994008] kernel: Calibrating delay loop (skipped) preset value.. 5187.81 BogoMIPS (lpj=2593906)
[    0.994020] kernel: pid_max: default: 32768 minimum: 301
[    0.994101] kernel: LSM: Security Framework initializing
[    0.994133] kernel: SELinux:  Initializing.
[    0.994278] kernel: Mount-cache hash table entries: 32768 (order: 6, 262144 bytes, linear)
[    0.995010] kernel: Mountpoint-cache hash table entries: 32768 (order: 6, 262144 bytes, linear)
[    0.995757] kernel: x86/cpu: User Mode Instruction Prevention (UMIP) activated
[    0.995865] kernel: Last level iTLB entries: 4KB 0, 2MB 0, 4MB 0
[    0.995873] kernel: Last level dTLB entries: 4KB 0, 2MB 0, 4MB 0, 1GB 0
[    0.995901] kernel: Spectre V1 : Mitigation: usercopy/swapgs barriers and __user pointer sanitizaunlink FIFO failed: No such file or directory
executor 2 finishes userspace_cover_open
before receiving handshake request
req.flags ea3
[    0.000000] kernel: Linux version 5.15.0+ (tlyu@IC-RS3-DPC07) (gcc (Ubuntu 9.4.0-1ubuntu1~20.04.1) 9.4.0, GNU ld (GNU Binutils for Ubuntu) 2.34) #8 SMP Fri Jun 3 16:18:40 CEST 2022
[    0.000000] kernel: Command line: root=/dev/sda console=ttyS0 net.ifnames=0 ip=192.168.0.51 quiet
[    0.000000] kernel: x86/fpu: Supporting XSAVE feature 0x001: 'x87 floating point registers'
[    0.000000] kernel: x86/fpu: Supporting XSAVE feature 0x002: 'SSE registers'
[    0.000000] kernel: x86/fpu: Supporting XSAVE feature 0x004: 'AVX registers'
[    0.000000] kernel: x86/fpu: Supporting XSAVE feature 0x020: 'AVX-512 opmask'
[    0.000000] kernel: x86/fpu: Supporting XSAVE feature 0x040: 'AVX-512 Hi256'
[    0.000000] kernel: x86/fpu: Supporting XSAVE feature 0x080: 'AVX-512 ZMM_Hi256'
[    0.000000] kernel: x86/fpu: Supporting XSAVE feature 0x200: 'Protection Keys User registers'
[    0.000000] kernel: x86/fpu: xstate_offset[2]:  576, xstate_sizes[2]:  256
[    0.000000] kernel: x86/fpu: xstate_tion
[    0.995914] kernel: Spectre V2 : Mitigation: Enhanced IBRS
[    0.995919] kernel: Spectre V2 : Spectre v2 / SpectreRSB mitigation: Filling RSB on context switch
[    0.996004] kernel: Spectre V2 : mitigation: Enabling conditional Indirect Branch Prediction Barrier
[    0.996014] kernel: Speculative Store Bypass: Mitigation: Speculative Store Bypass disabled via prctl and seccomp
[    0.996021] kernel: TAA: Mitigation: TSX disabled
[    1.018876] kernel: Freeing SMP alternatives memory: 40K
[    1.019147] kernel: smpboot: CPU0: Intel(R) Xeon(R) Gold 6348 CPU @ 2.60GHz (family: 0x6, model: 0x6a, stepping: 0x6)
[    1.019425] kernel: Performance Events: Icelake events, 32-deep LBR, full-width counters, Intel PMU driver.
[    1.019564] kernel: ... version:                2
[    1.019569] kernel: ... bit width:              48
[    1.019574] kernel: ... generic registers:      8
[    1.019578] kernel: ... value mask:             0000ffffffffffff
[    1.019584] kernel: ... max period:             00007fffffffffff
[    1.019589] kernel: ... fixed-purpose events:   3
[    1.019593] kernel: ... event mask:             00000007000000ff
[    1.019806] kernel: rcu: Hierarchical SRCU implementation.
[    1.021027] kernel: smp: Bringing up secondary CPUs ...
[    1.021283] kernel: x86: Booting SMP configuration:
[    1.021288] kernel: .... node  #0, CPUs:      #1
[    0.005651] kernel: kvm-clock: cpu 1, msr 146958041, secondary cpu clock
[    0.005651] kernel: smpboot: CPU 1 Converting physical 0 to logical die 1
[    1.044043] kernel: kvm-guest: setup async PF for cpu 1
[    1.044056] kernel: kvm-guest: stealtime: cpu 1, msr 26511f140
[    1.044076] kernel: smp: Brought up 1 node, 2 CPUs
