0000:00:02.0: [1234:1111] type 00 class 0x030000
[    1.189609] kernel: pci 0000:00:02.0: reg 0x10: [mem 0xfd000000-0xfdffffff pref]
[    1.192160] kernel: pci 0000:00:02.0: reg 0x18: [mem 0xfeb90000-0xfeb90fff]
[    1.195152] kernel: pci 0000:00:02.0: reg 0x30: [mem 0xfeb80000-0xfeb8ffff pref]
[    1.197335] kernel: pci 0000:00:03.0: [1af4:1005] type 00 class 0x00ff00
[    1.198143] kernel: pci 0000:00:03.0: reg 0x10: [io  0xc080-0xc09f]
[    1.201057] kernel: pci 0000:00:03.0: reg 0x20: [mem 0xfe200000-0xfe203fff 64bit pref]
[    1.204728] kernel: pci 0000:00:04.0: [1af4:1000] type 00 class 0x020000
[    1.205585] kernel: pci 0000:00:04.0: reg 0x10: [io  0xc0a0-0xc0bf]
[    1.206645] kernel: pci 0000:00:04.0: reg 0x14: [mem 0xfeb91000-0xfeb91fff]
[    1.209908] kernel: pci 0000:00:04.0: reg 0x20: [mem 0xfe204000-0xfe207fff 64bit pref]
[    1.210882] kernel: pci 0000:00:04.0: reg 0x30: [mem 0xfeb00000-0xfeb7ffff pref]
[    1.213187] kernel: pci 0000:00:05.0: [1af4:1001] type 00 class 0x010000
[    1.214143] kernel: pci 0000:00:05.0: reg 0x10: [io  0xc000-0xc07f]
[    1.215143] kernel: pci 0000:00:05.0: reg 0x14: [mem 0xfeb92000-0xfeb92fff]
[    1.222149] kernel: pci 0000:00:05.0: reg 0x20: [mem 0xfe208000-0xfe20bfff 64bit pref]
[    1.227290] kernel: pci 0000:00:10.0: [1af4:1110] type 00 class 0x050000
[    1.228910] kernel: pci 0000:00:10.0: reg 0x10: [mem 0xfeb93000-0xfeb930ff]
[    1.230998] kernel: pci 0000:00:10.0: reg 0x18: [mem 0xfe000000-0xfe0fffff 64bit pref]
[    1.237764] kernel: pci 0000:00:11.0: [1af4:1110] type 00 class 0x050000
[    1.238842] kernel: pci 0000:00:11.0: reg 0x10: [mem 0xfeb94000-0xfeb940ff]
[    1.240628] kernel: pci 0000:00:11.0: reg 0x18: [mem 0xfe20c000-0xfe20c3ff 64bit pref]
[    1.245396] kernel: pci 0000:00:12.0: [1af4:1110] type 00 class 0x050000
[    1.246148] kernel: pci 0000:00:12.0: reg 0x10: [mem 0xfeb95000-0xfeb950ff]
[    1.247574] kernel: pci 0000:00:12.0: reg 0x18: [mem 0xfe100000-0xfe1fffff 64bit pref]
[    1.254423] kernel: ACPI: PCI: Interrupt link LNKA configured for IRQ 10
[    1.255218] kernel: ACPI: PCI: Interrupt link LNKB configured for IRQ 10
[    1.255975] kernel: ACPI: PCI: Interrupt link LNKC configured for IRQ 11
[    1.257104] kernel: ACPI: PCI: Interrupt link LNKD configured for IRQ 11
[    1.257440] kernel: ACPI: PCI: Interrupt link LNKS configured for IRQ 9
[    1.258955] kernel: iommu: Default domain type: Translated 
[    1.258964] kernel: iommu: DMA domain TLB invalidation policy: lazy mode 
[    1.259179] kernel: pci 0000:00:02.0: vgaarb: setting as boot VGA device
[    1.259190] kernel: pci 0000:00:02.0: vgaarb: VGA device added: decodes=io+mem,owns=io+mem,locks=none
[    1.259205] kernel: pci 0000:00:02.0: vgaarb: bridge control possible
[    1.259213] kernel: vgaarb: loaded
[    1.259604] kernel: SCSI subsystem initialized
[    1.260213] kernel: libata version 3.00 loaded.
[    1.260377] kernel: ACPI: bus type USB registered
[    1.260475] kernel: usbcore: registered new interface driver usbfs
[    1.260530] kernel: usbcore: registered new interface driver hub
[    1.260570] kernel: usbcore: registered new device driver usb
[    1.260674] kernel: pps_core: LinuxPPS API ver. 1 registered
[    1.260679] kernel: pps_core: Software ver. 5.3.6 - Copyright 2005-2007 Rodolfo Giometti <giometti@linux.it>
[    1.260701] kernel: PTP clock support registered
[    1.261149] kernel: Advanced Linux Sound Architecture Driver Initialized.
[    1.261849] kernel: NetLabel: Initializing
[    1.261853] kernel: NetLabel:  domain hash size = 128
[    1.261858] kernel: NetLabel:  protocols = UNLABELED CIPSOv4 CALIPSO
[    1.261938] kernel: NetLabel:  unlabeled traffic allowed by default
[    1.262015] kernel: PCI: Using ACPI for IRQ routing
[    1.262142] kernel: PCI: pci_cache_line_size set to 64 bytes
[    1.262294] kernel: e820: reserve RAM buffer [mem 0x0009fc00-0x0009ffff]
[    1.262309] kernel: e820: reserve RAM buffer [mem 0xbffdd000-0xbfffffff]
[    1.262521] kernel: hpet0: at MMIO 0xfed00000, IRQs 2, 8, 0
[    1.262544] kernel: hpet0: 3 comparators, 64-bit 100.000000 MHz counter
[    1.267170] kernel: clocksource: Switched to clocksource kvm-clock
[    1.333929] kernel: VFS: Disk quotas dquot_6.6.0
[    1.333989] kernel: VFS: Dquot-cache hash table entries: 512 (order 0, 4096 bytes)
[    1.334245] kernel: pnp: PnP ACPI init
[    1.335048] kernel: pnp 00:03: [dma 2]
[    1.337617] kernel: pnp: PnP ACPI: found 6 devices
[    1.401908] kernel: clocksource: acpi_pm: mask: 0xffffff max_cycles: 0xffffff, max_idle_ns: 2085701024 ns
[    1.402030] kernel: NET: Registered PF_INET protocol family
[    1.403082] kernel: IP idents hash table entries: 262144 (order: 9, 2097152 bytes, linear)
[    1.418371] kernel: tcp_listen_portaddr_hash hash table entries: 8192 (order: 5, 131072 bytes, linear)
[    1.419062] kernel: TCP established hash table entries: 131072 (order: 8, 1048576 bytes, linear)
[    1.419971] kernel: TCP bind hash table entries: 65536 (order: 8, 1048576 bytes, linear)
[    1.421202] kernel: TCP: Hash tables configured (established 131072 bind 65536)
[    1.421314] kernel: UDP hash table entries: 8192 (order: 6, 262144 bytes, linear)
[    1.421459] kernel: UDP-Lite hash table entries: 8192 (order: 6, 262144 bytes, linear)
[    1.421735] kernel: NET: Registered PF_UNIX/PF_LOCAL protocol family
[    1.422638] kernel: pci_bus 0000:00: resource 4 [io  0x0000-0x0cf7 window]
[    1.422655] kernel: pci_bus 0000:00: resource 5 [io  0x0d00-0xffff window]
[    1.422666] kernel: pci_bus 0000:00: resource 6 [mem 0x000a0000-0x000bffff window]
[    1.422679] kernel: pci_bus 0000:00: resource 7 [mem 0xc0000000-0xfebfffff window]
[    1.422691] kernel: pci_bus 0000:00: resource 8 [mem 0x2c0000000-0x33fffffff window]
[    1.422977] kernel: pci 0000:00:01.0: PIIX3: Enabling Passive Release
[    1.422997] kernel: pci 0000:00:00.0: Limiting direct PCI/PCI transfers
[    1.423024] kernel: pci 0000:00:01.0: Activating ISA DMA hang workarounds
[    1.423114] kernel: pci 0000:00:02.0: Video device with shadowed ROM at [mem 0x000c0000-0x000dffff]
[    1.423242] kernel: PCI: CLS 0 bytes, default 64
[    1.423270] kernel: PCI-DMA: Using software bounce buffering for IO (SWIOTLB)
[    1.423275] kernel: software IO TLB: mapped [mem 0x00000000bbfdd000-0x00000000bffdd000] (64MB)
[    1.423783] kernel: RAPL PMU: API unit is 2^-32 Joules, 0 fixed counters, 10737418240 ms ovfl timer
[    1.423814] kernel: clocksource: tsc: mask: 0xffffffffffffffff max_cycles: 0x2563bf907c6, max_idle_ns: 440795319401 ns
[    1.424426] kernel: clocksource: Switched to clocksource tsc
[    1.430040] kernel: Initialise system trusted keyrings
[    1.431082] kernel: workingset: timestamp_bits=56 max_order=22 bucket_order=0
[    1.445626] kernel: fuse: init (API version 7.34)
[    1.465672] kernel: cryptomgr_test (54) used greatest stack depth: 30544 bytes left
[    1.465712] kernel: Key type asymmetric registered
[    1.465719] kernel: Asymmetric key parser 'x509' registered
[    1.465894] kernel: Block layer SCSI generic (bsg) driver version 0.4 loaded (major 251)
[    1.465902] kernel: io scheduler mq-deadline registered
[    1.465908] kernel: io scheduler kyber registered
[    1.466920] kernel: input: Power Button as /devices/LNXSYSTM:00/LNXPWRBN:00/input/input0
[    1.467131] kernel: ACPI: button: Power B----- is restarting 0
---- dfs_name glusterfs is_dfs_client 1
utton [PWRF]
[    2.167073] kernel: ACPI: \_SB_.LNKC: Enabled at IRQ 11
[    2.971348] kernel: ACPI: \_SB_.LNKD: Enabled at IRQ 10
[    3.838252] kernel: ACPI: \_SB_.LNKA: Enabled at IRQ 10
[    3.839841] kernel: Serial: 8250/16550 driver, 4 ports, IRQ sharing enabled
[    3.840049] kernel: 00:05: ttyS0 at I/O 0x3f8 (irq = 4, base_baud = 115200) is a 16550A
[    3.841848] kernel: Non-volatile memory driver v1.3
[    3.841966] kernel: Linux agpgart interface v0.103
[    3.850680] kernel: loop: module loaded
[    3.851606] kernel: virtio_blk virtio2: [vda] 1024000 512-byte logical blocks (524 MB/500 MiB)
[    3.854359] kernel: ata_piix 0000:00:01.1: version 2.13
[    3.866021] kernel: scsi host0: ata_piix
[    3.868795] kernel: scsi host1: ata_piix
[    3.869025] kernel: ata1: PATA max MWDMA2 cmd 0x1f0 ctl 0x3f6 bmdma 0xc0c0 irq 14
[    3.869037] kernel: ata2: PATA max MWDMA2 cmd 0x170 ctl 0x376 bmdma 0xc0c8 irq 15
[    3.870109] kernel: libphy: Fixed MDIO Bus: probed
[    3.879497] kernel: e100: Intel(R) PRO/100 Network Driver
[    3.879506] kernel: e100: Copyright(c) 1999-2006 Intel Corporation
[    3.879556] kernel: e1000: Intel(R) PRO/1000 Network Driver
[    3.879561] kernel: e1000: Copyright (c) 1999-2006 Intel Corporation.
[    3.879627] kernel: e1000e: Intel(R) PRO/1000 Network Driver
[    3.879631] kernel: e1000e: Copyright(c) 1999 - 2015 Intel Corporation.
[    3.879714] kernel: sky2: driver version 1.30
[    3.880362] kernel: ehci_hcd: USB 2.0 'Enhanced' Host Controller (EHCI) Driver
[    3.880369] kernel: ehci-pci: EHCI PCI platform driver
[    3.880413] kernel: ohci_hcd: USB 1.1 'Open' Host Controller (OHCI) Driver
[    3.880426] kernel: ohci-pci: OHCI PCI platform driver
[    3.880468] kernel: uhci_hcd: USB Universal Host Controller Interface driver
[    3.880723] kernel: usbcore: registered new interface driver usblp
[    3.880773] kernel: usbcore: registered new interface driver usb-storage
[    3.880901] kernel: i8042: PNP: PS/2 Controller [PNP0303:KBD,PNP0f13:MOU] at 0x60,0x64 irq 1,12
[    3.881520] kernel: serio: i8042 KBD port at 0x60,0x64 irq 1
[    3.881538] kernel: serio: i8042 AUX port at 0x60,0x64 irq 12
[    3.889620] kernel: rtc_cmos 00:00: RTC can wake from S4
[    3.890657] kernel: rtc_cmos 00:00: registered as rtc0
[    3.890742] kernel: rtc_cmos 00:00: alarms up to one day, y3k, 114 bytes nvram, hpet irqs
[    3.891550] kernel: device-mapper: ioctl: 4.45.0-ioctl (2021-03-22) initialised: dm-devel@redhat.com
[    3.891567] kernel: intel_pstate: CPU model not supported
[    3.891702] kernel: hid: raw HID events driver (C) Jiri Kosina
[    3.892454] kernel: usbcore: registered new interface driver usbhid
[    3.892461] kernel: usbhid: USB HID core driver
[    3.893157] kernel: netem: version 1.3
[    3.896364] kernel: Initializing XFRM netlink socket
[    3.897093] kernel: NET: Registered PF_INET6 protocol family
[    3.906498] kernel: Segment Routing with IPv6
[    3.906532] kernel: In-situ OAM (IOAM) with IPv6
[    3.906712] kernel: sit: IPv6, IPv4 and MPLS over IPv4 tunneling driver
[    3.907261] kernel: NET: Registered PF_PACKET protocol family
[    3.907384] kernel: 9pnet: Installing 9P2000 support
[    3.907439] kernel: Key type dns_resolver registered
[    3.907467] kernel: Key type ceph registered
[    3.908338] kernel: input: AT Translated Set 2 keyboard as /devices/platform/i8042/serio0/input/input1
[    3.909033] kernel: libceph: loaded (mon/osd proto 15/24)
[    3.910424] kernel: IPI shorthand broadcast: enabled
[    3.910474] kernel: sched_clock: Marking stable (3904227733, 5909581)->(4063277340, -153140026)
[    3.910898] kernel: registered taskstats version 1
[    3.910904] kernel: Loading compiled-in X.509 certificates
[    3.912844] kernel: PM:   Magic number: 15:714:67
[    3.912946] kernel: printk: console [netcon0] enabled
[    3.912953] kernel: netconsole: network logging started
[    4.028521] kernel: ata1.01: NODEV after polling detection
[    4.028776] kernel: ata1.00: ATAttached scsi CD-ROM sr0
[    6.000700] kernel: sr 1:0:0:0: Attached scsi generic sg1 type 5
[    6.459605] kernel: input: ImExPS/2 Generic Explorer Mouse as /devices/platform/i8042/serio1/input/input3
[    6.476988] kernel: IP-Config: Guessing netmask 255.255.255.0
[    6.477000] kernel: IP-Config: Complete:
[    6.477003] kernel:      device=eth0, hwaddr=e6:c8:ff:09:76:32, ipaddr=192.168.0.50, mask=255.255.255.0, gw=255.255.255.255
[    6.477019] kernel:      host=192.168.0.50, domain=, nis-domain=(none)
[    6.477025] kernel:      bootserver=255.255.255.255, rootserver=255.255.255.255, rootpath=
[    6.477240] kernel: cfg80211: Loading compiled-in X.509 certificates for regulatory database
[    6.477658] kernel: kworker/u4:1 (69) used greatest stack depth: 28680 bytes left
[    6.479842] kernel: cfg80211: Loaded X.509 cert 'sforshee: 00b28ddf47aef9cea7'
[    6.479867] kernel: ALSA device list:
[    6.479871] kernel:   No soundcards found.
[    6.480257] kernel: md: Waiting for all devices to be available before autodetect
[    6.480266] kernel: md: If you don't use raid, use raid=noautodetect
[    6.480271] kernel: md: Autodetecting RAID arrays.
[    6.480274] kernel: md: autorun ...
[    6.480278] kernel: md: ... autorun DONE.
[    6.480861] kernel: platform regulatory.0: Direct firmware load for regulatory.db failed with error -2
[    6.480879] kernel: cfg80211: failed to load regulatory.db
[    6.528333] kernel: EXT4-fs (sda): mounted filesystem with ordered data mode. Opts: (null). Quota mode: none.
[    6.528415] kernel: VFS: Mounted root (ext4 filesystem) readonly on device 8:0.
[    6.530832] kernel: devtmpfs: mounted
[    6.532756] kernel: Freeing unused kernel image (initmem) memory: 2068K
[    6.532770] kernel: Write protecting the kernel read-only data: 57344k
[    6.542612] kernel: Freeing unused kernel image (text/rodata gap) memory: 2032K
[    6.543158] kernel: Freeing unused kernel image (rodata/data gap) memory: 988K
[    6.543197] kernel: Run /A-7: QEMU HARDDISK, 2.5+, max UDMA/100
[    4.028791] kernel: ata1.00: 88078336 sectors, multi 16: LBA48 
[    4.029456] kernel: scsi 0:0:0:0: Direct-Access     ATA      QEMU HARDDISK    2.5+ PQ: 0 ANSI: 5
[    4.030085] kernel: sd 0:0:0:0: Attached scsi generic sg0 type 0
[    4.030289] kernel: sd 0:0:0:0: [sda] 88078336 512-byte logical blocks: (45.1 GB/42.0 GiB)
[    4.030327] kernel: sd 0:0:0:0: [sda] Write Protect is off
[    4.030341] kernel: sd 0:0:0:0: [sda] Mode Sense: 00 3a 00 00
[    4.030383] kernel: sd 0:0:0:0: [sda] Write cache: enabled, read cache: enabled, doesn't support DPO or FUA
[    4.034793] kernel: sd 0:0:0:0: [sda] Attached SCSI disk
[    4.037799] kernel: ata2.01: NODEV after polling detection
[    4.038046] kernel: ata2.00: ATAPI: QEMU DVD-ROM, 2.5+, max UDMA/100
[    4.038985] kernel: scsi 1:0:0:0: CD-ROM            QEMU     QEMU DVD-ROM     2.5+ PQ: 0 ANSI: 5
[    4.055762] kernel: sr 1:0:0:0: [sr0] scsi3-mmc drive: 4x/4x cd/rw xa/form2 tray
[    4.055785] sbin/init as init process
[    6.543201] kernel:   with arguments:
[    6.543205] kernel:     /sbin/init
[    6.543208] kernel:   with environment:
[    6.543211] kernel:     HOME=/
[    6.543215] kernel:     TERM=linux
[    6.723129] kernel: random: fast init done
[    6.835219] kernel: IPv6: ADDRCONF(NETDEV_CHANGE): eth0: link becomes ready
[    6.939952] systemd[1]: systemd 245.4-4ubuntu3 running in system mode. (+PAM +AUDIT +SELINUX +IMA +APPARMOR +SMACK +SYSVINIT +UTMP +LIBCRYPTSETUP +GCRYPT +GNUTLS +ACL +XZ +LZ4 +SECCOMP +BLKID +ELFUTILS +KMOD +IDN2 -IDN +PCRE2 default-hierarchy=hybrid)
[    6.940269] systemd[1]: Detected virtualization kvm.
[    6.940284] systemd[1]: Detected architecture x86-64.
[    6.969440] systemd[1]: Set hostname to <dfs-fuzzing>.
[    7.162993] kernel: systemd-bless-b (78) used greatest stack depth: 26968 bytes left
[    7.163042] kernel: systemd-system- (87) used greatest stack depth: 25920 bytes left
[    7.333152] kernel: random: crng init done
[    7kernel: cdrom: Uniform CD-ROM driver Revision: 3.20
[    4.073761] kernel: sr 1:0:0:0: Attached scsi CD-ROM sr0
[    4.074168] kernel: sr 1:0:0:0: Attached scsi generic sg1 type 5
[    4.532962] kernel: input: ImExPS/2 Generic Explorer Mouse as /devices/platform/i8042/serio1/input/input3
[    4.550806] kernel: IP-Config: Guessing netmask 255.255.255.0
[    4.550819] kernel: IP-Config: Complete:
[    4.550822] kernel:      device=eth0, hwaddr=e6:c8:ff:09:76:33, ipaddr=192.168.0.51, mask=255.255.255.0, gw=255.255.255.255
[    4.550837] kernel:      host=192.168.0.51, domain=, nis-domain=(none)
[    4.550844] kernel:      bootserver=255.255.255.255, rootserver=255.255.255.255, rootpath=
[    4.551055] kernel: cfg80211: Loading compiled-in X.509 certificates for regulatory database
[    4.551638] kernel: kworker/u4:1 (68) used greatest stack depth: 28680 bytes left
[    4.553155] kernel: cfg80211: Loaded X.509 cert 'sforshee: 00b28ddf47aef9cea7'
[    4.553181] kernel: ALSA device list:
[ before receiving handshake request
[    0.000000] kernel: Linux version 5.15.0+ (tlyu@IC-RS3-DPC07) (gcc (Ubuntu 9.4.0-1ubuntu1~20.04.1) 9.4.0, GNU ld (GNU Binutils for Ubuntu) 2.34) #8 SMP Fri Jun 3 16:18:40 CEST 2022
[    0.000000] kernel: Command line: root=/dev/sda console=ttyS0 net.ifnames=0 ip=192.168.0.52 quiet
[    0.000000] kernel: x86/fpu: Supporting XSAVE feature 0x001: 'x87 floating point registers'
[    0.000000] kernel: x86/fpu: Supporting XSAVE feature 0x002: 'SSE registers'
[    0.000000] kernel: x86/fpu: Supporting XSAVE feature 0x004: 'AVX registers'
[    0.000000] kernel: x86/fpu: Supporting XSAVE feature 0x020: 'AVX-512 opmask'
[    0.000000] kernel: x86/fpu: Supporting XSAVE feature 0x040: 'AVX-512 Hi256'
[    0.000000] kernel: x86/fpu: Supporting XSAVE feature 0x080: 'AVX-512 ZMM_Hi256'
[    0.000000] kernel: x86/fpu: Supporting XSAVE feature 0x200: 'Protection Keys User registers'
[    0.000000] kernel: x86/fpu: xstate_offset[2]:  576, xstate_sizes[2]:  256
[    0.000000] kernel: x86/fpu: xstate_   4.553186] kernel:   No soundcards found.
[    4.553481] kernel: md: Waiting for all devices to be available before autodetect
[    4.553486] kernel: md: If you don't use raid, use raid=noautodetect
[    4.553491] kernel: md: Autodetecting RAID arrays.
[    4.553494] kernel: md: autorun ...
[    4.553498] kernel: md: ... autorun DONE.
[    4.554181] kernel: platform regulatory.0: Direct firmware load for regulatory.db failed with error -2
[    4.554198] kernel: cfg80211: failed to load regulatory.db
[    4.584663] kernel: EXT4-fs (sda): mounted filesystem with ordered data mode. Opts: (null). Quota mode: none.
[    4.584767] kernel: VFS: Mounted root (ext4 filesystem) readonly on device 8:0.
[    4.589268] kernel: devtmpfs: mounted
[    4.590375] kernel: Freeing unused kernel image (initmem) memory: 2068K
[    4.590388] kernel: Write protecting the kernel read-only data: 57344k
[    4.593962] kernel: Freeing unused kernel image (text/rodata gap) memory: 2032K
[    4.596218] kernel: Freeing unused kernel image (rodata/data gap) memory: 988K
[    4.596246] kernel: Run /sbin/init as init process
[    4.596250] kernel:   with arguments:
[    4.596253] kernel:     /sbin/init
[    4.596256] kernel:   with environment:
[    4.596259] kernel:     HOME=/
[    4.596263] kernel:     TERM=linux
[    4.764832] kernel: ext4lazyinit (74) used greatest stack depth: 27144 bytes left
[    4.812586] kernel: random: fast init done
[    4.927290] kernel: IPv6: ADDRCONF(NETDEV_CHANGE): eth0: link becomes ready
[    5.036619] systemd[1]: systemd 245.4-4ubuntu3 running in system mode. (+PAM +AUDIT +SELINUX +IMA +APPARMOR +SMACK +SYSVINIT +UTMP +LIBCRYPTSETUP +GCRYPT +GNUTLS +ACL +XZ +LZ4 +SECCOMP +BLKID +ELFUTILS +KMOD +IDN2 -IDN +PCRE2 default-hierarchy=hybrid)
[    5.036801] systemd[1]: Detected virtualization kvm.
[    5.036814] systemd[1]: Detected architecture x86-64.
[    5.053489] systemd[1]: Set hostname to <dfs-fuzzing>.
[    5.223239] kernel: systemd-gpt-aut (83) used greates.371052] systemd[1]: /lib/systemd/system/dbus.socket:5: ListenStream= references a path below legacy directory /var/run/, updating /var/run/dbus/system_bus_socket → /run/dbus/system_bus_socket; please update the unit file accordingly.
[    7.540915] systemd[1]: system-modprobe.slice: unit configures an IP firewall, but the local system does not support BPF/cgroup firewalling.
[    7.540935] systemd[1]: (This warning is only shown for the first unit using IP firewalling.)
[    7.541595] systemd[1]: Created slice system-modprobe.slice.
[    7.541990] systemd[1]: Created slice system-serial\x2dgetty.slice.
[    7.542260] systemd[1]: Created slice User and Session Slice.
[    7.542443] systemd[1]: Started Dispatch Password Requests to Console Directory Watch.
[    7.542585] systemd[1]: Started Forward Password Requests to Wall Directory Watch.
[    7.543169] systemd[1]: Set up automount Arbitrary Executable File Formats File System Automount Point.
[    7.543219] systemd[1]: Reached tart stack depth: 26296 bytes left
[    5.279981] kernel: systemd-veritys (89) used greatest stack depth: 26240 bytes left
[    5.301687] kernel: systemd-fstab-g (81) used greatest stack depth: 25736 bytes left
[    5.469226] kernel: random: crng init done
[    5.633380] systemd[1]: /lib/systemd/system/dbus.socket:5: ListenStream= references a path below legacy directory /var/run/, updating /var/run/dbus/system_bus_socket → /run/dbus/system_bus_socket; please update the unit file accordingly.
[    5.766686] systemd[1]: system-modprobe.slice: unit configures an IP firewall, but the local system does not support BPF/cgroup firewalling.
[    5.766793] systemd[1]: (This warning is only shown for the first unit using IP firewalling.)
[    5.767520] systemd[1]: Created slice system-modprobe.slice.
[    5.767933] systemd[1]: Created slice system-serial\x2dgetty.slice.
[    5.768216] systemd[1]: Created slice User and Session Slice.
[    5.769093] systemd[1]: Started Dispatch Password Requestsreq.flags ea3
offset[5]:  832, xstate_sizes[5]:   64
[    0.000000] kernel: x86/fpu: xstate_offset[6]:  896, xstate_sizes[6]:  512
[    0.000000] kernel: x86/fpu: xstate_offset[7]: 1408, xstate_sizes[7]: 1024
[    0.000000] kernel: x86/fpu: xstate_offset[9]: 2432, xstate_sizes[9]:    8
[    0.000000] kernel: x86/fpu: Enabled xstate features 0x2e7, context size is 2440 bytes, using 'compacted' format.
[    0.000000] kernel: signal: max sigframe size: 3632
[    0.000000] kernel: BIOS-provided physical RAM map:
[    0.000000] kernel: BIOS-e820: [mem 0x0000000000000000-0x000000000009fbff] usable
[    0.000000] kernel: BIOS-e820: [mem 0x000000000009fc00-0x000000000009ffff] reserved
[    0.000000] kernel: BIOS-e820: [mem 0x00000000000f0000-0x00000000000fffff] reserved
[    0.000000] kernel: BIOS-e820: [mem 0x0000000000100000-0x00000000bffdffff] usable
[    0.000000] kernel: BIOS-e820: [mem 0x00000000bffe0000-0x00000000bfffffff] reserved
[    0.000000] kernel: BIOS-e820: [mem 0x00000000feffc000-0x00000000 to Console Directory Watch.
[    5.769295] systemd[1]: Started Forward Password Requests to Wall Directory Watch.
[    5.769886] systemd[1]: Set up automount Arbitrary Executable File Formats File System Automount Point.
[    5.769933] systemd[1]: Reached target Local Encrypted Volumes.
[    5.769958] systemd[1]: Reached target Paths.
[    5.769974] systemd[1]: Reached target Remote File Systems.
[    5.769988] systemd[1]: Reached target Slices.
[    5.770004] systemd[1]: Reached target Swap.
[    5.770260] systemd[1]: Listening on Device-mapper event daemon FIFOs.
[    5.770584] systemd[1]: Listening on Syslog Socket.
[    5.770716] systemd[1]: Listening on initctl Compatibility Named Pipe.
[    5.771201] systemd[1]: Listening on Journal Audit Socket.
[    5.771464] systemd[1]: Listening on Journal Socket (/dev/log).
[    5.771772] systemd[1]: Listening on Journal Socket.
[    5.772071] systemd[1]: Listening on udev Control Socket.
[    5.772277] systemd[1]: Listening on udev Kernel Socket.
[    5.798767] systemd[1]: Mounting Huge Pages File System...
[    5.801174] systemd[1]: Mounting POSIX Message Queue File System...
[    5.803228] systemd[1]: Mounting /proc/sys/fs/binfmt_misc...
[    5.805172] systemd[1]: Mounting /sys/kernel/config...
[    5.829059] systemd[1]: Mounting /sys/kernel/debug...
[    5.832399] systemd[1]: Mounting Kernel Trace File System...
[    5.834506] systemd[1]: Starting Journal Service...
[    5.836506] systemd[1]: Starting Set the console keyboard layout...
[    5.837327] systemd[1]: Condition check resulted in Create list of static device nodes for the current kernel being skipped.
[    5.837434] systemd[1]: Condition check resulted in Load Kernel Module drm being skipped.
[    5.863745] systemd[1]: Starting Load Kernel Modules...
[    5.870469] kernel: mount (91) used greatest stack depth: 25640 bytes left
[    5.870826] systemd[1]: Starting Remount Root and Kernel File Systems...
[    5.874449] systemd[1]: Starting udev Coldplug all get Local Encrypted Volumes.
[    7.543240] systemd[1]: Reached target Paths.
[    7.543254] systemd[1]: Reached target Remote File Systems.
[    7.543266] systemd[1]: Reached target Slices.
[    7.543280] systemd[1]: Reached target Swap.
[    7.543475] systemd[1]: Listening on Device-mapper event daemon FIFOs.
[    7.544328] systemd[1]: Listening on Syslog Socket.
[    7.544474] systemd[1]: Listening on initctl Compatibility Named Pipe.
[    7.544916] systemd[1]: Listening on Journal Audit Socket.
[    7.545173] systemd[1]: Listening on Journal Socket (/dev/log).
[    7.545475] systemd[1]: Listening on Journal Socket.
[    7.545761] systemd[1]: Listening on udev Control Socket.
[    7.545953] systemd[1]: Listening on udev Kernel Socket.
[    7.548901] systemd[1]: Mounting Huge Pages File System...
[    7.550827] systemd[1]: Mounting POSIX Message Queue File System...
[    7.552671] systemd[1]: Mounting /proc/sys/fs/binfmt_misc...
[    7.554429] systemd[1]: Mounting /sys/kernel/configDevices...
[    5.887644] systemd[1]: Mounted Huge Pages File System.
[    5.888176] systemd[1]: Mounted POSIX Message Queue File System.
[    5.888636] systemd[1]: Mounted /proc/sys/fs/binfmt_misc.
[    5.889084] systemd[1]: Mounted /sys/kernel/config.
[    5.911702] systemd[1]: Mounted /sys/kernel/debug.
[    5.912216] systemd[1]: Mounted Kernel Trace File System.
[    5.935615] systemd[1]: Condition check resulted in Set Up Additional Binary Formats being skipped.
[    5.953793] systemd[1]: Finished Load Kernel Modules.
[    5.962672] systemd[1]: Mounting FUSE Control File System...
[    5.978385] systemd[1]: Starting Apply Kernel Variables...
[    6.050081] systemd[1]: Finished Apply Kernel Variables.
[    6.075671] systemd[1]: Mounted FUSE Control File System.
[    6.094249] kernel: EXT4-fs (sda): re-mounted. Opts: (null). Quota mode: none.
[    6.106291] systemd[1]: Finished Remount Root and Kernel File Systems.
[    6.107583] systemd[1]: Condition check resulted in Rebuild Hardware Database being skipped.
[    6.107645] systemd[1]: Condition check resulted in Platform Persistent Storage Archival being skipped.
[    6.134372] kernel: cached_setup_ke (101) used greatest stack depth: 25032 bytes left
[    6.135982] systemd[1]: Starting Load/Save Random Seed...
[    6.138338] systemd[1]: Starting Create System Users...
[    6.139429] systemd[1]: Finished Set the console keyboard layout.
[    6.185600] systemd[1]: Finished Load/Save Random Seed.
[    6.190074] systemd[1]: Finished Create System Users.
[    6.192370] systemd[1]: Starting Create Static Device Nodes in /dev...
[    6.278444] systemd[1]: Finished Create Static Device Nodes in /dev.
[    6.278907] systemd[1]: Reached target Local File Systems (Pre).
[    6.278941] systemd[1]: Reached target Local File Systems.
[    6.280963] systemd[1]: Starting Set console font and keymap...
[    6.281058] systemd[1]: Condition check resulted in Store a System Token in an EFI Variable being skipped.
[    6.281180] s266] kernel: ACPI: HPET 0x00000000BFFE1591 000038 (v01 BOCHS  BXPCHPET 00000001 BXPC 00000001)
[    0.014284] kernel: ACPI: Reserving FACP table memory at [mem 0xbffe149d-0xbffe1510]
[    0.014293] kernel: ACPI: Reserving DSDT table memory at [mem 0xbffe0040-0xbffe149c]
[    0.014301] kernel: ACPI: Reserving FACS table memory at [mem 0xbffe0000-0xbffe003f]
[    0.014308] kernel: ACPI: Reserving APIC table memory at [mem 0xbffe1511-0xbffe1590]
[    0.014316] kernel: ACPI: Reserving HPET table memory at [mem 0xbffe1591-0xbffe15c8]
[    0.015196] kernel: No NUMA configuration found
[    0.015202] kernel: Faking a node at [mem 0x0000000000000000-0x00000002bfffffff]
[    0.015217] kernel: NODE_DATA(0) allocated [mem 0x2bfffc000-0x2bfffffff]
[    0.015950] kernel: Zone ranges:
[    0.015957] kernel:   DMA      [mem 0x0000000000001000-0x0000000000ffffff]
[    0.015969] kernel:   DMA32    [mem 0x0000000001000000-0x00000000ffffffff]
[    0.015978] kernel:   Normal   [mem 0x0000000100000000-0x00000002bfffffff]
[    0.015987] kernel: Movable zone start for each node
[    0.015990] kernel: Early memory node ranges
[    0.015993] kernel:   node   0: [mem 0x0000000000001000-0x000000000009efff]
[    0.016001] kernel:   node   0: [mem 0x0000000000100000-0x00000000bffdcfff]
[    0.016009] kernel:   node   0: [mem 0x0000000100000000-0x00000002bfffffff]
[    0.016019] kernel: Initmem setup node 0 [mem 0x0000000000001000-0x00000002bfffffff]
[    0.016578] kernel: On node 0, zone DMA: 1 pages in unavailable ranges
[    0.016646] kernel: On node 0, zone DMA: 97 pages in unavailable ranges
[    0.119050] kernel: On node 0, zone Normal: 35 pages in unavailable ranges
[    0.655682] kernel: kasan: KernelAddressSanitizer initialized
[    0.656345] kernel: ACPI: PM-Timer IO Port: 0x608
[    0.656370] kernel: ACPI: LAPIC_NMI (acpi_id[0xff] dfl dfl lint[0x1])
[    0.656422] kernel: IOAPIC[0]: apic_id 0, version 17, address 0xfec00000, GSI 0-23
[    0.656437] kernel: ACPI: INT_SRC_OVR (bus 0 bus_irq 0 global_irq 2 dfl dfl)
[    0.656449] kernel: ACPI: INT_SRC_OVR (bus 0 bus_irq 5 global_irq 5 high level)
[    0.656458] kernel: ACPI: INT_SRC_OVR (bus 0 bus_irq 9 global_irq 9 high level)
[    0.656468] kernel: ACPI: INT_SRC_OVR (bus 0 bus_irq 10 global_irq 10 high level)
[    0.656478] kernel: ACPI: INT_SRC_OVR (bus 0 bus_irq 11 global_irq 11 high level)
[    0.656496] kernel: ACPI: Using ACPI (MADT) for SMP configuration information
[    0.656501] kernel: ACPI: HPET id: 0x8086a201 base: 0xfed00000
[    0.656513] kernel: TSC deadline timer available
[    0.656518] kernel: smpboot: Allowing 2 CPUs, 0 hotplug CPUs
[    0.656554] kernel: kvm-guest: KVM setup pv remote TLB flush
[    0.656562] kernel: kvm-guest: setup PV sched yield
[    0.656595] kernel: PM: hibernation: Registered nosave memory: [mem 0x00000000-0x00000fff]
[    0.656606] kernel: PM: hibernation: Registered nosave memory: [mem 0x0009f000-0x0009ffff]
[    0.656613] kernel: PM: hibernation: Registered nosave memory: [mem 0x000a0000-0x000effff]
[    0.656620] kernel: PM: hibernation: Registered nosave memory: [mem 0x000f0000-0x000fffff]
[    0.656630] kernel: PM: hibernation: Registered nosave memory: [mem 0xbffdd000-0xbfffffff]
[    0.656637] kernel: PM: hibernation: Registered nosave memory: [mem 0xc0000000-0xfeffbfff]
[    0.656643] kernel: PM: hibernation: Registered nosave memory: [mem 0xfeffc000-0xfeffffff]
[    0.656650] kernel: PM: hibernation: Registered nosave memory: [mem 0xff000000-0xfffbffff]
[    0.656656] kernel: PM: hibernation: Registered nosave memory: [mem 0xfffc0000-0xffffffff]
[    0.656665] kernel: [mem 0xc0000000-0xfeffbfff] available for PCI devices
[    0.656671] kernel: Booting paravirtualized kernel on KVM
[    0.656679] kernel: clocksource: refined-jiffies: mask: 0xffffffff max_cycles: 0xffffffff, max_idle_ns: 1910969940391419 ns
[    0.670489] kernel: setup_percpu: NR_CPUS:64 nr_cpumask_bits:64 nr_cpu_ids:2 nr_node_ids:1
[    0.671512] kernel: percpu: Embedded 56 pages/cpu s191576 r8192 d29608 u1048576
[    0.671549] kernel: pcpu-alloc: s191576 r8192 d29608 u1048576 alloc=1*2097152
[    0.671565] kernel: pcpu-alloc: [0] 0 1 
[    0.671658] kernel: kvm-guest: setup async PF for cpu 0
[    0.671669] kernel: kvm-guest: stealtime: cpu 0, msr 26501f140
[    0.671680] kernel: Built 1 zonelists, mobility grouping on.  Total pages: 2580189
[    0.671688] kernel: Policy zone: Normal
[    0.671693] kernel: Kernel command line: root=/dev/sda console=ttyS0 net.ifnames=0 ip=192.168.0.49 quiet
[    0.681219] kernel: Dentry cache hash table entries: 2097152 (order: 12, 16777216 bytes, linear)
[    0.684716] kernel: Inode-cache hash table entries: 1048576 (order: 11, 8388608 bytes, linear)
[    0.684844] kernel: mem auto-init: stack:off, heap alloc:off, heap free:off
[    1.236639] kernel: Memory: 8817344K/10485228K available (47117K kernel code, 10298K rwdata, 7204K rodata, 2068K init, 2860K bss, 1667684K reserved, 0K cma-reserved)
[    1.236870] kernel: SLUB: HWalign=64, Order=0-3, MinObjects=0, CPUs=2, Nodes=1
[    1.237687] kernel: rcu: Hierarchical RCU implementation.
[    1.237694] kernel: rcu:         RCU event tracing is enabled.
[    1.237698] kernel: rcu:         RCU restricting CPUs from NR_CPUS=64 to nr_cpu_ids=2.
[    1.237707] kernel: rcu: RCU calculated value of scheduler-enlistment delay is 100 jiffies.
[    1.237713] kernel: rcu: Adjusting geometry for rcu_fanout_leaf=16, nr_cpu_ids=2
[    1.261063] kernel: NR_IRQS: 4352, nr_irqs: 440, preallocated irqs: 16
[    1.261464] kernel: random: get_random_bytes called from start_kernel+0x22b/0x456 with crng_init=0
[    1.266393] kernel: Console: colour VGA+ 80x25
[    1.266570] kernel: printk: console [ttyS0] enabled
[    1.266630] kernel: ACPI: Core revision 20210730
[    1.266907] kernel: clocksource: hpet: mask: 0xffffffff max_cycles: 0xffffffff, max_idle_ns: 19112604467 ns
[    1.267063] kernel: APIC: Switch to symmetric I/O mode setup
[    1.267072] kernel: kvm-guest: setup ystemd[1]: Condition check resulted in Commit a transient machine-id on disk being skipped.
[    6.283103] systemd[1]: Starting udev Kernel Device Manager...
[    6.326562] systemd[1]: Finished Set console font and keymap.
[    6.411318] systemd[1]: Started udev Kernel Device Manager.
[    6.453602] systemd[1]: Finished udev Coldplug all Devices.
[    6.810864] systemd[1]: Started Journal Service.
PV IPIs
[    1.268106] kernel: ..TIMER: vector=0x30 apic1=0 pin1=2 apic2=-1 pin2=-1
[    1.268144] kernel: clocksource: tsc-early: mask: 0xffffffffffffffff max_cycles: 0x2563bf907c6, max_idle_ns: 440795319401 ns
[    1.268167] kernel: Calibrating delay loop (skipped) preset value.. 5187.81 BogoMIPS (lpj=2593906)
[    1.268179] kernel: pid_max: default: 32768 minimum: 301
[    1.268261] kernel: LSM: Security Framework initializing
[    1.268292] kernel: SELinux:  Initializing.
[    1.268434] kernel: Mount-cache hash table entries: 32768 (order: 6, 262144 bytes, linear)
[    1.269170] kernel: Mountpoint-cache hash table entries: 32768 (order: 6, 262144 bytes, linear)
[    1.269924] kernel: x86/cpu: User Mode Instruction Prevention (UMIP) activated
[    1.270033] kernel: Last level iTLB entries: 4KB 0, 2MB 0, 4MB 0
[    1.270041] kernel: Last level dTLB entries: 4KB 0, 2MB 0, 4MB 0, 1GB 0
[    1.270068] kernel: Spectre V1 : Mitigation: usercopy/swapgs barriers and __user pointer sanitizafeffffff] reserved
[    0.000000] kernel: BIOS-e820: [mem 0x00000000fffc0000-0x00000000ffffffff] reserved
[    0.000000] kernel: BIOS-e820: [mem 0x0000000100000000-0x00000002bfffffff] usable
[    0.000000] kernel: NX (Execute Disable) protection: active
[    0.000000] kernel: SMBIOS 2.8 present.
[    0.000000] kernel: DMI: QEMU Standard PC (i440FX + PIIX, 1996), BIOS 1.13.0-1ubuntu1.1 04/01/2014
[    0.000000] kernel: Hypervisor detected: KVM
[    0.000000] kernel: kvm-clock: Using msrs 4b564d01 and 4b564d00
[    0.000000] kernel: kvm-clock: cpu 0, msr 1a1158001, primary cpu clock
[    0.000002] kernel: kvm-clock: using sched offset of 986865515 cycles
[    0.000010] kernel: clocksource: kvm-clock: mask: 0xffffffffffffffff max_cycles: 0x1cd42e4dffb, max_idle_ns: 881590591483 ns
[    0.000023] kernel: tsc: Detected 2593.906 MHz processor
[    0.005689] kernel: e820: update [mem 0x00000000-0x00000fff] usable ==> reserved
[    0.005705] kernel: e820: remove [mem 0x000a0000-0x000fffff] usable
[    0.005721] kernel: last_pfn = 0x2c0000 max_arch_pfn = 0x10000000000
[    0.005784] kernel: x86/PAT: Configuration [0-7]: WB  WC  UC- UC  WB  WP  UC- WT  
[    0.005796] kernel: last_pfn = 0xbffe0 max_arch_pfn = 0x10000000000
[    0.013276] kernel: found SMP MP-table at [mem 0x000f5c80-0x000f5c8f]
[    0.013338] kernel: Using GB pages for direct mapping
[    0.013960] kernel: ACPI: Early table checksum verification disabled
[    0.013970] kernel: ACPI: RSDP 0x00000000000F5A50 000014 (v00 BOCHS )
[    0.013993] kernel: ACPI: RSDT 0x00000000BFFE15C9 000030 (v01 BOCHS  BXPCRSDT 00000001 BXPC 00000001)
[    0.014018] kernel: ACPI: FACP 0x00000000BFFE149D 000074 (v01 BOCHS  BXPCFACP 00000001 BXPC 00000001)
[    0.014045] kernel: ACPI: DSDT 0x00000000BFFE0040 00145D (v01 BOCHS  BXPCDSDT 00000001 BXPC 00000001)
[    0.014065] kernel: ACPI: FACS 0x00000000BFFE0000 000040
[    0.014080] kernel: ACPI: APIC 0x00000000BFFE1511 000080 (v01 BOCHS  BXPCAPIC 00000001 BXPC 00000001)
[    0.014100] kernel: ACPI: HPET 0x00000000BFFE1591 000038 (v01 BOCHS  BXPCHPET 00000001 BXPC 00000001)
[    0.014119] kernel: ACPI: Reserving FACP table memory at [mem 0xbffe149d-0xbffe1510]
[    0.014127] kernel: ACPI: Reserving DSDT table memory at [mem 0xbffe0040-0xbffe149c]
[    0.014134] kernel: ACPI: Reserving FACS table memory at [mem 0xbffe0000-0xbffe003f]
[    0.014142] kernel: ACPI: Reserving APIC table memory at [mem 0xbffe1511-0xbffe1590]
[    0.014149] kernel: ACPI: Reserving HPET table memory at [mem 0xbffe1591-0xbffe15c8]
[    0.014981] kernel: No NUMA configuration found
[    0.014987] kernel: Faking a node at [mem 0x0000000000000000-0x00000002bfffffff]
[    0.015002] kernel: NODE_DATA(0) allocated [mem 0x2bfffc000-0x2bfffffff]
[    0.015780] kernel: Zone ranges:
[    0.015787] kernel:   DMA      [mem 0x0000000000001000-0x0000000000ffffff]
[    0.015799] kernel:   DMA32    [mem 0x0000000001000000-0x00000000ffffffff]
[    0.015808] kernel:   Normal   [mem 0x0000000100000000-0x00000002bfffffff]
[    0.015817] kernel: Movable zone start for each node
[    0.015821] kernel: Early memory node ranges
[    0.015823] kernel:   node   0: [mem 0x0000000000001000-0x000000000009efff]
[    0.015831] kernel:   node   0: [mem 0x0000000000100000-0x00000000bffdffff]
[    0.015840] kernel:   node   0: [mem 0x0000000100000000-0x00000002bfffffff]
[    0.015850] kernel: Initmem setup node 0 [mem 0x0000000000001000-0x00000002bfffffff]
[    0.016418] kernel: On node 0, zone DMA: 1 pages in unavailable ranges
[    0.016489] kernel: On node 0, zone DMA: 97 pages in unavailable ranges
[    0.108017] kernel: On node 0, zone Normal: 32 pages in unavailable ranges
[    0.635512] kernel: kasan: KernelAddressSanitizer initialized
[    0.636040] kernel: ACPI: PM-Timer IO Port: 0x608
[    0.636067] kernel: ACPI: LAPIC_NMI (acpi_id[0xff] dfl dfl lint[0x1])
[    0.636119] kernel: IOAPIC[0]: apic_id 0, version 17, address 0xfec00000, GSI 0-23
[    0.636134] kernel: ACPI: INT_SRC_OVR (bus 0 bus_irq 0 global_irq 2 dfl dfl)
[    0.636145] kernel: ACPI: INT_SRC_OVR (bus 0 bus_irq 5 global_irq 5 high level)
[    0.636154] kernel: ACPI: INT_SRC_OVR (bus 0 bus_irq 9 global_irq 9 high level)
[    0.636164] kernel: ACPI: INT_SRC_OVR (bus 0 bus_irq 10 global_irq 10 high level)
[    0.636174] kernel: ACPI: INT_SRC_OVR (bus 0 bus_irq 11 global_irq 11 high level)
[    0.636193] kernel: ACPI: Using ACPI (MADT) for SMP configuration information
[    0.636198] kernel: ACPI: HPET id: 0x8086a201 base: 0xfed00000
[    0.636211] kernel: TSC deadline timer available
[    0.636216] kernel: smpboot: Allowing 2 CPUs, 0 hotplug CPUs
[    0.636258] kernel: kvm-guest: KVM setup pv remote TLB flush
[    0.636266] kernel: kvm-guest: setup PV sched yield
[    0.636301] kernel: PM: hibernation: Registered nosave memory: [mem 0x00000000-0x00000fff]
[    0.636314] kernel: PM: hibernation: Registered nosave memory: [mem 0x0009f000-0x0009ffff]
[    0.636321] kernel: PM: hibernation: Registered nosave memory: [mem 0x000a0000-0x000effff]
[    0.636328] kernel: PM: hibernation: Registered nosave memory: [mem 0x000f0000-0x000fffff]
[    0.636338] kernel: PM: hibernation: Registered nosave memory: [mem 0xbffe0000-0xbfffffff]
[    0.636345] kernel: PM: hibernation: Registered nosave memory: [mem 0xc0000000-0xfeffbfff]
[    0.636352] kernel: PM: hibernation: Registered nosave memory: [mem 0xfeffc000-0xfeffffff]
[    0.636358] kernel: PM: hibernation: Registered nosave memory: [mem 0xff000000-0xfffbffff]
[    0.636364] kernel: PM: hibernation: Registered nosave memory: [mem 0xfffc0000-0xffffffff]
[    0.636374] kernel: [mem 0xc0000000-0xfeffbfff] available for PCI devices
[    0.636381] kernel: Booting paravirtualized kernel on KVM
[    0.636389] kernel: clocksource: refined-jiffies: mask: 0xffffffff max_cycles: 0xffffffff, max_idle_ns: 1910969940391419 ns
[    0.650348] kernel: setup_percpu: NR_CPUS:64 nr_cpumask_bits:64 nr_cpu_ids:2 nr_node_ids:1
[    0.651258] kernel: percpu: Embedded 56 ption
[    1.270081] kernel: Spectre V2 : Mitigation: Enhanced IBRS
[    1.270086] kernel: Spectre V2 : Spectre v2 / SpectreRSB mitigation: Filling RSB on context switch
[    1.270094] kernel: Spectre V2 : mitigation: Enabling conditional Indirect Branch Prediction Barrier
[    1.270104] kernel: Speculative Store Bypass: Mitigation: Speculative Store Bypass disabled via prctl and seccomp
[    1.270111] kernel: TAA: Mitigation: TSX disabled
[    1.293384] kernel: Freeing SMP alternatives memory: 40K
[    1.293681] kernel: smpboot: CPU0: Intel(R) Xeon(R) Gold 6348 CPU @ 2.60GHz (family: 0x6, model: 0x6a, stepping: 0x6)
[    1.293949] kernel: Performance Events: Icelake events, 32-deep LBR, full-width counters, Intel PMU driver.
[    1.294088] kernel: ... version:                2
[    1.294093] kernel: ... bit width:              48
[    1.294097] kernel: ... generic registers:      8
[    1.294101] kernel: ... value mask:             0000ffffffffffff
[    1.294106] kernel: ... max perio...
[    7.556690] systemd[1]: Mounting /sys/kernel/debug...
[    7.558631] systemd[1]: Mounting Kernel Trace File System...
[    7.584297] systemd[1]: Starting Journal Service...
[    7.586251] systemd[1]: Starting Set the console keyboard layout...
[    7.586304] systemd[1]: Condition check resulted in Create list of static device nodes for the current kernel being skipped.
[    7.586376] systemd[1]: Condition check resulted in Load Kernel Module drm being skipped.
[    7.609674] systemd[1]: Starting Load Kernel Modules...
[    7.629282] systemd[1]: Starting Remount Root and Kernel File Systems...
[    7.658747] kernel: mount (93) used greatest stack depth: 25752 bytes left
[    7.679206] systemd[1]: Starting udev Coldplug all Devices...
[    7.681908] systemd[1]: Mounted Huge Pages File System.
[    7.682414] systemd[1]: Mounted POSIX Message Queue File System.
[    7.696373] systemd[1]: Mounted /proc/sys/fs/binfmt_misc.
[    7.697067] systemd[1]: Mounted /sys/kernel/config.
[    7ages/cpu s191576 r8192 d29608 u1048576
[    0.651295] kernel: pcpu-alloc: s191576 r8192 d29608 u1048576 alloc=1*2097152
[    0.651313] kernel: pcpu-alloc: [0] 0 1 
[    0.651407] kernel: kvm-guest: setup async PF for cpu 0
[    0.651418] kernel: kvm-guest: stealtime: cpu 0, msr 26501f140
[    0.651430] kernel: Built 1 zonelists, mobility grouping on.  Total pages: 2580192
[    0.651438] kernel: Policy zone: Normal
[    0.651443] kernel: Kernel command line: root=/dev/sda console=ttyS0 net.ifnames=0 ip=192.168.0.52 quiet
[    0.657836] kernel: Dentry cache hash table entries: 2097152 (order: 12, 16777216 bytes, linear)
[    0.660942] kernel: Inode-cache hash table entries: 1048576 (order: 11, 8388608 bytes, linear)
[    0.661075] kernel: mem auto-init: stack:off, heap alloc:off, heap free:off
[    0.923757] kernel: Memory: 8817356K/10485240K available (47117K kernel code, 10298K rwdata, 7204K rodata, 2068K init, 2860K bss, 1667684K reserved, 0K cma-reserved)
[    0.923993] kernel: SLUB.697538] systemd[1]: Mounted /sys/kernel/debug.
[    7.698101] systemd[1]: Mounted Kernel Trace File System.
[    7.720921] systemd[1]: Condition check resulted in Set Up Additional Binary Formats being skipped.
[    7.759185] systemd[1]: Finished Load Kernel Modules.
[    7.761775] systemd[1]: Mounting FUSE Control File System...
[    7.780063] systemd[1]: Starting Apply Kernel Variables...
[    7.812871] systemd[1]: Mounted FUSE Control File System.
[    7.844218] kernel: EXT4-fs (sda): re-mounted. Opts: (null). Quota mode: none.
[    7.847055] kernel: systemd-remount (99) used greatest stack depth: 25744 bytes left
[    7.850291] systemd[1]: Finished Remount Root and Kernel File Systems.
[    7.980063] systemd[1]: Condition check resulted in Rebuild Hardware Database being skipped.
[    7.980142] systemd[1]: Condition check resulted in Platform Persistent Storage Archival being skipped.
[    7.981949] systemd[1]: Starting Load/Save Random Seed...
[    7.983773] systemd[1]: Starting Create System Users...
[    8.076681] kernel: modprobe (108) used greatest stack depth: 25032 bytes left
[    8.087011] systemd[1]: Finished Create System Users.
[    8.089773] systemd[1]: Starting Create Static Device Nodes in /dev...
[    8.093102] systemd[1]: Finished Apply Kernel Variables.
[    8.103508] systemd[1]: Finished Load/Save Random Seed.
[    8.179534] systemd[1]: Finished Create Static Device Nodes in /dev.
[    8.181739] systemd[1]: Starting udev Kernel Device Manager...
[    8.452166] systemd[1]: Started Journal Service.
[    8.918061] kernel: journal-offline (120) used greatest stack depth: 24200 bytes left
: HWalign=64, Order=0-3, MinObjects=0, CPUs=2, Nodes=1
[    0.924813] kernel: rcu: Hierarchical RCU implementation.
[    0.924820] kernel: rcu:         RCU event tracing is enabled.
[    0.924824] kernel: rcu:         RCU restricting CPUs from NR_CPUS=64 to nr_cpu_ids=2.
[    0.924835] kernel: rcu: RCU calculated value of scheduler-enlistment delay is 100 jiffies.
[    0.924842] kernel: rcu: Adjusting geometry for rcu_fanout_leaf=16, nr_cpu_ids=2
[    0.932743] kernel: NR_IRQS: 4352, nr_irqs: 440, preallocated irqs: 16
[    0.933151] kernel: random: get_random_bytes called from start_kernel+0x22b/0x456 with crng_init=0
[    0.938099] kernel: Console: colour VGA+ 80x25
[    0.938256] kernel: printk: console [ttyS0] enabled
[    0.938313] kernel: ACPI: Core revision 20210730
[    0.938597] kernel: clocksource: hpet: mask: 0xffffffff max_cycles: 0xffffffff, max_idle_ns: 19112604467 ns
[    0.938849] kernel: APIC: Switch to symmetric I/O mode setup
[    0.938858] kernel: kvm-guest: setup d:             00007fffffffffff
[    1.294111] kernel: ... fixed-purpose events:   3
[    1.294115] kernel: ... event mask:             00000007000000ff
[    1.294268] kernel: rcu: Hierarchical SRCU implementation.
[    1.295566] kernel: smp: Bringing up secondary CPUs ...
[    1.295838] kernel: x86: Booting SMP configuration:
[    1.295844] kernel: .... node  #0, CPUs:      #1
[    0.006764] kernel: kvm-clock: cpu 1, msr 15b358041, secondary cpu clock
[    0.006764] kernel: smpboot: CPU 1 Converting physical 0 to logical die 1
[    1.306245] kernel: kvm-guest: setup async PF for cpu 1
[    1.306245] kernel: kvm-guest: stealtime: cpu 1, msr 26511f140
[    1.306252] kernel: smp: Brought up 1 node, 2 CPUs
[    1.306252] kernel: smpboot: Max logical packages: 2
[    1.306252] kernel: smpboot: Total of 2 processors activated (10375.62 BogoMIPS)
[    1.307301] kernel: devtmpfs: initialized
[    1.314241] kernel: clocksource: jiffies: mask: 0xffffffff max_cycles: 0xffffffff, max_idle_ns: 1911260446275000 ns
[    1.314261] kernel: futex hash table entries: 512 (order: 3, 32768 bytes, linear)
[    1.314575] kernel: PM: RTC time: 08:04:06, date: 2023-03-05
[    1.315053] kernel: NET: Registered PF_NETLINK/PF_ROUTE protocol family
[    1.315640] kernel: audit: initializing netlink subsys (disabled)
[    1.317223] kernel: audit: type=2000 audit(1678003447.690:1): state=initialized audit_enabled=0 res=1
[    1.317846] kernel: thermal_sys: Registered thermal governor 'step_wise'
[    1.317853] kernel: thermal_sys: Registered thermal governor 'user_space'
[    1.317965] kernel: cpuidle: using governor menu
[    1.318351] kernel: ACPI: bus type PCI registered
[    1.318680] kernel: PCI: Using configuration type 1 for base access
[    1.336421] kernel: Kprobes globally optimized
[    1.336503] kernel: HugeTLB registered 2.00 MiB page size, pre-allocated 0 pages
[    1.337206] kernel: cryptomgr_test (26) used greatest stack depth: 30608 bytes left
[    1.339288] kernel: ACPI: AddePV IPIs
[    0.939866] kernel: ..TIMER: vector=0x30 apic1=0 pin1=2 apic2=-1 pin2=-1
[    0.939902] kernel: clocksource: tsc-early: mask: 0xffffffffffffffff max_cycles: 0x2563bf907c6, max_idle_ns: 440795319401 ns
[    0.939929] kernel: Calibrating delay loop (skipped) preset value.. 5187.81 BogoMIPS (lpj=2593906)
[    0.939943] kernel: pid_max: default: 32768 minimum: 301
[    0.940026] kernel: LSM: Security Framework initializing
[    0.940059] kernel: SELinux:  Initializing.
[    0.940203] kernel: Mount-cache hash table entries: 32768 (order: 6, 262144 bytes, linear)
[    0.940929] kernel: Mountpoint-cache hash table entries: 32768 (order: 6, 262144 bytes, linear)
[    0.941729] kernel: x86/cpu: User Mode Instruction Prevention (UMIP) activated
[    0.942020] kernel: Last level iTLB entries: 4KB 0, 2MB 0, 4MB 0
[    0.942030] kernel: Last level dTLB entries: 4KB 0, 2MB 0, 4MB 0, 1GB 0
[    0.942059] kernel: Spectre V1 : Mitigation: usercopy/swapgs barriers and __user pointer sanitizad _OSI(Module Device)
[    1.339288] kernel: ACPI: Added _OSI(Processor Device)
[    1.339288] kernel: ACPI: Added _OSI(3.0 _SCP Extensions)
[    1.339288] kernel: ACPI: Added _OSI(Processor Aggregator Device)
[    1.339288] kernel: ACPI: Added _OSI(Linux-Dell-Video)
[    1.339293] kernel: ACPI: Added _OSI(Linux-Lenovo-NV-HDMI-Audio)
[    1.339300] kernel: ACPI: Added _OSI(Linux-HPI-Hybrid-Graphics)
[    1.352723] kernel: ACPI: 1 ACPI AML tables successfully acquired and loaded
[    1.357532] kernel: ACPI: Interpreter enabled
[    1.357633] kernel: ACPI: PM: (supports S0 S3 S4 S5)
[    1.357639] kernel: ACPI: Using IOAPIC for interrupt routing
[    1.357726] kernel: PCI: Using host bridge windows from ACPI; if necessary, use "pci=nocrs" and report a bug
[    1.358713] kernel: ACPI: Enabled 2 GPEs in block 00 to 0F
[    1.389282] kernel: ACPI: PCI Root Bridge [PCI0] (domain 0000 [bus 00-ff])
[    1.389319] kernel: acpi PNP0A03:00: _OSC: OS supports [ASPM ClockPM Segments MSI HPX-Type3]
[    1.389425] kernel: acpi PNP0A03:00: fail to add MMCONFIG information, can't access extended PCI configuration space under this bridge.
[    1.389718] kernel: PCI host bridge to bus 0000:00
[    1.389727] kernel: pci_bus 0000:00: root bus resource [io  0x0000-0x0cf7 window]
[    1.389742] kernel: pci_bus 0000:00: root bus resource [io  0x0d00-0xffff window]
[    1.389755] kernel: pci_bus 0000:00: root bus resource [mem 0x000a0000-0x000bffff window]
[    1.389769] kernel: pci_bus 0000:00: root bus resource [mem 0xc0000000-0xfebfffff window]
[    1.389783] kernel: pci_bus 0000:00: root bus resource [mem 0x2c0000000-0x33fffffff window]
[    1.389798] kernel: pci_bus 0000:00: root bus resource [bus 00-ff]
[    1.391082] kernel: pci 0000:00:00.0: [8086:1237] type 00 class 0x060000
[    1.393115] kernel: pci 0000:00:01.0: [8086:7000] type 00 class 0x060100
[    1.394596] kernel: pci 0000:00:01.1: [8086:7010] type 00 class 0x010180
[    1.397403] kernel: pci 0000:00:01.1: reg 0x20: [io  0xc0c0-0xc0cf]
[    1.398661] kernel: pci 0000:00:01.1: legacy IDE quirk: reg 0x10: [io  0x01f0-0x01f7]
[    1.398682] kernel: pci 0000:00:01.1: legacy IDE quirk: reg 0x14: [io  0x03f6]
[    1.398692] kernel: pci 0000:00:01.1: legacy IDE quirk: reg 0x18: [io  0x0170-0x0177]
[    1.398702] kernel: pci 0000:00:01.1: legacy IDE quirk: reg 0x1c: [io  0x0376]
[    1.400826] kernel: pci 0000:00:01.3: [8086:7113] type 00 class 0x068000
[    1.401140] kernel: pci 0000:00:01.3: quirk: [io  0x0600-0x063f] claimed by PIIX4 ACPI
[    1.401161] kernel: pci 0000:00:01.3: quirk: [io  0x0700-0x070f] claimed by PIIX4 SMB
[    1.402956] kernel: pci 0000:00:02.0: [1234:1111] type 00 class 0x030000
[    1.403728] kernel: pci 0000:00:02.0: reg 0x10: [mem 0xfd000000-0xfdffffff pref]
[    1.405708] kernel: pci 0000:00:02.0: reg 0x18: [mem 0xfeb90000-0xfeb90fff]
[    1.408585] kernel: pci 0000:00:02.0: reg 0x30: [mem 0xfeb80000-0xfeb8ffff pref]
[    1.410610] kernel: pci 0000:00:03.0: [1af4:1005] type 00 class 0x00ff00
[    1.411620] kernel: pci 0000:00:03.0: reg 0x10: [io  0xc080-0xc09f]
[    1.415053] kernel: pci 0000:00:03.0: reg 0x20: [mem 0xfe200000-0xfe203fff 64bit pref]
[    1.417861] kernel: pci 0000:00:04.0: [1af4:1000] type 00 class 0x020000
[    1.418597] kernel: pci 0000:00:04.0: reg 0x10: [io  0xc0a0-0xc0bf]
[    1.419540] kernel: pci 0000:00:04.0: reg 0x14: [mem 0xfeb91000-0xfeb91fff]
[    1.422168] kernel: pci 0000:00:04.0: reg 0x20: [mem 0xfe204000-0xfe207fff 64bit pref]
[    1.423164] kernel: pci 0000:00:04.0: reg 0x30: [mem 0xfeb00000-0xfeb7ffff pref]
[    1.426937] kernel: pci 0000:00:05.0: [1af4:1001] type 00 class 0x010000
[    1.427829] kernel: pci 0000:00:05.0: reg 0x10: [io  0xc000-0xc07f]
[    1.428723] kernel: pci 0000:00:05.0: reg 0x14: [mem 0xfeb92000-0xfeb92fff]
[    1.431963] kernel: pci 0000:00:05.0: reg 0x20: [mem 0xfe208000-0xfe20bfff 64bit pref]
[    1.436112] kernel: pci 0000:00:10.0: [1af4:1110] type 00 class 0x050000
[    1.437171] kernel: pci 0000:00:10.0: reg 0x10: [mem 0xfeb93000-0xfeb930ff]
[    1.438672] kernel: pci 0000:00:10.0: reg 0x18: [mem 0xfe000000-0xfe0fffff 64bit pref]
[    1.443258] kernel: pci 0000:00:11.0: [1af4:1110] type 00 class 0x050000
[    1.443982] kernel: pci 0000:00:11.0: reg 0x10: [mem 0xfeb94000-0xfeb940ff]
[    1.444979] kernel: pci 0000:00:11.0: reg 0x18: [mem 0xfe20c000-0xfe20c3ff 64bit pref]
[    1.448325] kernel: pci 0000:00:12.0: [1af4:1110] type 00 class 0x050000
[    1.449594] kernel: pci 0000:00:12.0: reg 0x10: [mem 0xfeb95000-0xfeb950ff]
[    1.451173] kernel: pci 0000:00:12.0: reg 0x18: [mem 0xfe100000-0xfe1fffff 64bit pref]
[    1.458265] kernel: ACPI: PCI: Interrupt link LNKA configured for IRQ 10
[    1.459666] kernel: ACPI: PCI: Interrupt link LNKB configured for IRQ 10
[    1.460467] kernel: ACPI: PCI: Interrupt link LNKC configured for IRQ 11
[    1.461221] kernel: ACPI: PCI: Interrupt link LNKD configured for IRQ 11
[    1.461546] kernel: ACPI: PCI: Interrupt link LNKS configured for Ition
[    0.942073] kernel: Spectre V2 : Mitigation: Enhanced IBRS
[    0.942078] kernel: Spectre V2 : Spectre v2 / SpectreRSB mitigation: Filling RSB on context switch
[    0.942087] kernel: Spectre V2 : mitigation: Enabling conditional Indirect Branch Prediction Barrier
[    0.942097] kernel: Speculative Store Bypass: Mitigation: Speculative Store Bypass disabled via prctl and seccomp
[    0.942103] kernel: TAA: Mitigation: TSX disabled
[    0.965360] kernel: Freeing SMP alternatives memory: 40K
[    0.965689] kernel: smpboot: CPU0: Intel(R) Xeon(R) Gold 6348 CPU @ 2.60GHz (family: 0x6, model: 0x6a, stepping: 0x6)
[    0.965917] kernel: Performance Events: Icelake events, 32-deep LBR, full-width counters, Intel PMU driver.
[    0.966075] kernel: ... version:                2
[    0.966081] kernel: ... bit width:              48
[    0.966085] kernel: ... generic registers:      8
[    0.966090] kernel: ... value mask:             0000ffffffffffff
[    0.966096] kernel: ... max period:             00007fffffffffff
[    0.966101] kernel: ... fixed-purpose events:   3
[    0.966105] kernel: ... event mask:             00000007000000ff
[    0.967255] kernel: rcu: Hierarchical SRCU implementation.
[    0.970466] kernel: smp: Bringing up secondary CPUs ...
[    0.970743] kernel: x86: Booting SMP configuration:
[    0.970748] kernel: .... node  #0, CPUs:      #1
[    0.006842] kernel: kvm-clock: cpu 1, msr 1a1158041, secondary cpu clock
[    0.006842] kernel: smpboot: CPU 1 Converting physical 0 to logical die 1
[    0.971984] kernel: kvm-guest: setup async PF for cpu 1
[    0.972006] kernel: kvm-guest: stealtime: cpu 1, msr 26511f140
[    0.973030] kernel: smp: Brought up 1 node, 2 CPUs
[    0.973051] kernel: smpboot: Max logical packages: 2
[    0.973056] kernel: smpboot: Total of 2 processors activated (10375.62 BogoMIPS)
[    0.974041] kernel: devtmpfs: initialized
[    0.988522] kernel: clocksource: jiffies: mask: 0xffffffff max_cycles: 0xffffffff, max_idle_ns: 1911260446275000 ns
[    0.988592] kernel: futex hash table entries: 512 (order: 3, 32768 bytes, linear)
[    0.988922] kernel: PM: RTC time: 08:04:06, date: 2023-03-05
[    0.989384] kernel: NET: Registered PF_NETLINK/PF_ROUTE protocol family
[    0.990070] kernel: audit: initializing netlink subsys (disabled)
[    0.990157] kernel: audit: type=2000 audit(1678003447.166:1): state=initialized audit_enabled=0 res=1
[    0.990569] kernel: thermal_sys: Registered thermal governor 'step_wise'
[    0.990576] kernel: thermal_sys: Registered thermal governor 'user_space'
[    0.990936] kernel: cpuidle: using governor menu
[    0.991247] kernel: ACPI: bus type PCI registered
[    0.991565] kernel: PCI: Using configuration type 1 for base access
[    1.010231] kernel: Kprobes globally optimized
[    1.014284] kernel: HugeTLB registered 2.00 MiB page size, pre-allocated 0 pages
[    1.014493] kernel: cryptomgr_test (26) used greatest stack depth: 30712 bytes left
[    1.015910] kernel: ACPI: Added _OSI(Module Device)
[    1.015922] kernel: ACPI: Added _OSI(Processor Device)
[    1.015928] kernel: ACPI: Added _OSI(3.0 _SCP Extensions)
[    1.015933] kernel: ACPI: Added _OSI(Processor Aggregator Device)
[    1.015942] kernel: ACPI: Added _OSI(Linux-Dell-Video)
[    1.015949] kernel: ACPI: Added _OSI(Linux-Lenovo-NV-HDMI-Audio)
[    1.015957] kernel: ACPI: Added _OSI(Linux-HPI-Hybrid-Graphics)
[    1.029483] kernel: ACPI: 1 ACPI AML tables successfully acquired and loaded
[    1.034949] kernel: ACPI: Interpreter enabled
[    1.035054] kernel: ACPI: PM: (supports S0 S3 S4 S5)
[    1.035062] kernel: ACPI: Using IOAPIC for interrupt routing
[    1.035142] kernel: PCI: Using host bridge windows from ACPI; if necessary, use "pci=nocrs" and report a bug
[    1.036095] kernel: ACPI: Enabled 2 GPEs in block 00 to 0F
[    1.063252] kernel: ACPI: PCI Root Bridge [PCI0] (domain 0000 [bus 00-ff])
[    1.063291] kernel: acpi PNP0A03:00: _OSC: OS supports [ASPM ClockPM Segments MSI HPX-Type3]RQ 9
[    1.464305] kernel: iommu: Default domain type: Translated 
[    1.464317] kernel: iommu: DMA domain TLB invalidation policy: lazy mode 
[    1.464546] kernel: pci 0000:00:02.0: vgaarb: setting as boot VGA device
[    1.464557] kernel: pci 0000:00:02.0: vgaarb: VGA device added: decodes=io+mem,owns=io+mem,locks=none
[    1.464572] kernel: pci 0000:00:02.0: vgaarb: bridge control possible
[    1.464580] kernel: vgaarb: loaded
[    1.464966] kernel: SCSI subsystem initialized
[    1.465242] kernel: libata version 3.00 loaded.
[    1.465410] kernel: ACPI: bus type USB registered
[    1.465510] kernel: usbcore: registered new interface driver usbfs
[    1.465564] kernel: usbcore: registered new interface driver hub
[    1.465605] kernel: usbcore: registered new device driver usb
[    1.465710] kernel: pps_core: LinuxPPS API ver. 1 registered
[    1.465716] kernel: pps_core: Software ver. 5.3.6 - Copyright 2005-2007 Rodolfo Giometti <giometti@linux.it>
[    1.465739] kernel: PTP cl
[    1.063396] kernel: acpi PNP0A03:00: fail to add MMCONFIG information, can't access extended PCI configuration space under this bridge.
[    1.063680] kernel: PCI host bridge to bus 0000:00
[    1.063690] kernel: pci_bus 0000:00: root bus resource [io  0x0000-0x0cf7 window]
[    1.063704] kernel: pci_bus 0000:00: root bus resource [io  0x0d00-0xffff window]
[    1.063717] kernel: pci_bus 0000:00: root bus resource [mem 0x000a0000-0x000bffff window]
[    1.063731] kernel: pci_bus 0000:00: root bus resource [mem 0xc0000000-0xfebfffff window]
[    1.063744] kernel: pci_bus 0000:00: root bus resource [mem 0x2c0000000-0x33fffffff window]
[    1.063759] kernel: pci_bus 0000:00: root bus resource [bus 00-ff]
[    1.065035] kernel: pci 0000:00:00.0: [8086:1237] type 00 class 0x060000
[    1.067033] kernel: pci 0000:00:01.0: [8086:7000] type 00 class 0x060100
[    1.068502] kernel: pci 0000:00:01.1: [8086:7010] type 00 class 0x010180
[    1.070574] kernel: pci 0000:00:01.1: reg 0x20: [io  0xc040-0xc04f]
[    1.071750] kernel: pci 0000:00:01.1: legacy IDE quirk: reg 0x10: [io  0x01f0-0x01f7]
[    1.071766] kernel: pci 0000:00:01.1: legacy IDE quirk: reg 0x14: [io  0x03f6]
[    1.071777] kernel: pci 0000:00:01.1: legacy IDE quirk: reg 0x18: [io  0x0170-0x0177]
[    1.071788] kernel: pci 0000:00:01.1: legacy IDE quirk: reg 0x1c: [io  0x0376]
[    1.074012] kernel: pci 0000:00:01.3: [8086:7113] type 00 class 0x068000
[    1.074337] kernel: pci 0000:00:01.3: quirk: [io  0x0600-0x063f] claimed by PIIX4 ACPI
[    1.074356] kernel: pci 0000:00:01.3: quirk: [io  0x0700-0x070f] claimed by PIIX4 SMB
[    1.076254] kernel: pci 0000:00:02.0: [1234:1111] type 00 class 0x030000
[    1.077378] kernel: pci 0000:00:02.0: reg 0x10: [mem 0xfd000000-0xfdffffff pref]
[    1.078740] kernel: pci 0000:00:02.0: reg 0x18: [mem 0xfeb90000-0xfeb90fff]
[    1.081932] kernel: pci 0000:00:02.0: reg 0x30: [mem 0xfeb80000-0xfeb8ffff pref]
[    1.084085] kernel: pci 0000:00:03.0: [1af4:1005] type 00 class 0x00ff00
[    1.084753] kernel: pci 0000:00:03.0: reg 0x10: [io  0xc000-0xc01f]
[    1.086927] kernel: pci 0000:00:03.0: reg 0x20: [mem 0xfe200000-0xfe203fff 64bit pref]
[    1.090004] kernel: pci 0000:00:04.0: [1af4:1000] type 00 class 0x020000
[    1.091346] kernel: pci 0000:00:04.0: reg 0x10: [io  0xc020-0xc03f]
[    1.091925] kernel: pci 0000:00:04.0: reg 0x14: [mem 0xfeb91000-0xfeb91fff]
[    1.093924] kernel: pci 0000:00:04.0: reg 0x20: [mem 0xfe204000-0xfe207fff 64bit pref]
[    1.094925] kernel: pci 0000:00:04.0: reg 0x30: [mem 0xfeb00000-0xfeb7ffff pref]
[    1.097204] kernel: pci 0000:00:10.0: [1af4:1110] type 00 class 0x050000
[    1.098441] kernel: pci 0000:00:10.0: reg 0x10: [mem 0xfeb92000-0xfeb920ff]
[    1.101344] kernel: pci 0000:00:10.0: reg 0x18: [mem 0xfe000000-0xfe0fffff 64bit pref]
[    1.105185] kernel: pci 0000:00:11.0: [1af4:1110] type 00 class 0x050000
[    1.105759] kernel: pci 0000:00:11.0: reg 0x10: [mem 0xfeb93000-0xfeb930ff]
[    1.106925] kernel: pci 0000:00:11.0: reg 0x18: [mem 0xfe208000-0xfe2083ff 64bit pref]
[    1.110935] kernel: pci 0000:00:12.0: [1af4:1110] type 00 class 0x050000
[    1.111931] kernel: pci 0000:00:12.0: reg 0x10: [mem 0xfeb94000-0xfeb940ff]
[    1.113930] kernel: pci 0000:00:12.0: reg 0x18: [mem 0xfe100000-0xfe1fffff 64bit pref]
[    1.121667] kernel: ACPI: PCI: Interrupt link LNKA configured for IRQ 10
[    1.122471] kernel: ACPI: PCI: Interrupt link LNKB configured for IRQ 10
[    1.123236] kernel: ACPI: PCI: Interrupt link LNKC configured for IRQ 11
[    1.124028] kernel: ACPI: PCI: Interrupt link LNKD configured for IRQ 11
[    1.124356] kernel: ACPI: PCI: Interrupt link LNKS configured for IRQ 9
[    1.126116] kernel: iommu: Default domain type: Translated 
[    1.126125] kernel: iommu: DMA domain TLB invalidation policy: lazy mode 
[    1.127198] kernel: pci 0000:00:02.0: vgaarb: setting as boot VGA device
[    1.127210] kernel: pci 0000:00:02.0: vgaarb: VGA device added: decodes=io+mem,owns=io+mem,locks=none
[    1.127233] kernel: pci 0000:00:02.0: vgaarb: bridge control possible
[    1.127241] kernel: vgaarb: loaded
[    1.127751] kernel: SCSI subsystem initialized
[    1.128035] kernel: libata version 3.00 loaded.
[    1.128231] kernel: ACPI: bus type USB registered
[    1.128333] kernel: usbcore: registered new interface driver usbfs
[    1.128390] kernel: usbcore: registered new interface driver hub
[    1.128435] kernel: usbcore: registered new device driver usb
[    1.128538] kernel: pps_core: LinuxPPS API ver. 1 registered
[    1.128544] kernel: pps_core: Software ver. 5.3.6 - Copyright 2005-2007 Rodolfo Giometti <giometti@linux.it>
[    1.128566] kernel: PTP clock support registered
[    1.129017] kernel: Advanced Linux Sound Architecture Driver Initialized.
[    1.129735] kernel: NetLabel: Initializing
[    1.129739] kernel: NetLabel:  domain hash size = 128
[    1.129744] kernel: NetLabel:  protocols = UNLABELED CIPSOv4 CALIPSO
[    1.129827] kernel: NetLabel:  unlabeled traffic allowed by default
[    1.129952] kernel: PCI: Using ACPI for IRQ routing
[    1.129960] kernel: PCI: pci_cache_line_size set to 64 bytes
[    1.130106] kernel: e820: reserve RAM buffer [mem 0x0009fc00-0x0009ffff]
[    1.130120] kernel: e820: reserve RAM buffer [mem 0xbffe0000-0xbfffffff]
[    1.130363] kernel: hpet0: at MMIO 0xfed00000, IRQs 2, 8, 0
[    1.130386] kernel: hpet0: 3 comparators, 64-bit 100.000000 MHz counter
[    1.133957] kernel: clocksource: Switched to clocksource kvm-clock
[    1.198632] kernel: VFS: Disk quotas dquot_6.6.0
[    1.198688] kernel: VFS: Dquot-cache hash table entries: 512 (order 0, 4096 bytes)
[    1.198912] kernel: pnp: PnP ACPI init
[    1.199692] kernel: pnp 00:03: [dma 2]
[    1.202276] kernel: pnp: PnP ACPI: found 6 devices
[    1.269177] kernel: clocksource: acpi_pm: mask: 0xffffff max_cycles: 0xffffff, max_idle_ns: 2085701024 ns
[    1.269307] kernel: NET: Registered PF_INET protocol family
[    1.270245] kernel: IP idents hash table entries: 262144 (order: 9, 2097152 bytes, linear)
[    1.286419] kernel: tcp_listen_portaddr_hash hash table entries: 8192 (order: 5, 131072 bytes, linear)
[    1.286551] kernel: TCP established hash table entries: 131072 (order: 8, 1048576 bytes, linear)
[    1.287936] kernel: TCP bind hash table entries: 65536 (order: 8, 1048576 bytes, linear)
[    1.288571] kernel: TCP: Hash tables configured (established 131072 bind 65536)
[    1.288712] kernel: UDP hash table entries: 8192 (order: 6, 262144 bytes, linear)
[    1.289421] kernel: UDP-Lite hash table entries: 8192 (order: 6, 262144 bytes, linear)
[    1.289718] kernel: NET: Registered PF_UNIX/PF_LOCAL protocol family
[    1.290706] kernel: pci_bus 0000:00: resource 4 [io  0x0000-0x0cf7 window]
[    1.290725] kernel: pci_bus 0000:00: resource 5 [io  0x0d00-0xffff window]
[    1.290738] kernel: pci_bus 0000:00: resource 6 [mem 0x000a0000-0x000bffff window]
[    1.290750] kernel: pci_bus 0000:00: resource 7 [mem 0xc0000000-0xfebfffffock support registered
[    1.467327] kernel: Advanced Linux Sound Architecture Driver Initialized.
[    1.468020] kernel: NetLabel: Initializing
[    1.468025] kernel: NetLabel:  domain hash size = 128
[    1.468030] kernel: NetLabel:  protocols = UNLABELED CIPSOv4 CALIPSO
[    1.468108] kernel: NetLabel:  unlabeled traffic allowed by default
[    1.468209] kernel: PCI: Using ACPI for IRQ routing
[    1.468209] kernel: PCI: pci_cache_line_size set to 64 bytes
[    1.468358] kernel: e820: reserve RAM buffer [mem 0x0009fc00-0x0009ffff]
[    1.468374] kernel: e820: reserve RAM buffer [mem 0xbffdd000-0xbfffffff]
[    1.468580] kernel: hpet0: at MMIO 0xfed00000, IRQs 2, 8, 0
[    1.468602] kernel: hpet0: 3 comparators, 64-bit 100.000000 MHz counter
[    1.472290] kernel: clocksource: Switched to clocksource kvm-clock
[    1.545014] kernel: VFS: Disk quotas dquot_6.6.0
[    1.545067] kernel: VFS: Dquot-cache hash table entries: 512 (order 0, 4096 bytes)
[    1.545290] kernel: pnp: PnP ACPI init
[    1.546034] kernel: pnp 00:03: [dma 2]
[    1.548662] kernel: pnp: PnP ACPI: found 6 devices
[    1.613878] kernel: clocksource: acpi_pm: mask: 0xffffff max_cycles: 0xffffff, max_idle_ns: 2085701024 ns
[    1.613984] kernel: NET: Registered PF_INET protocol family
[    1.614733] kernel: IP idents hash table entries: 262144 (order: 9, 2097152 bytes, linear)
[    1.627959] kernel: tcp_listen_portaddr_hash hash table entries: 8192 (order: 5, 131072 bytes, linear)
[    1.628643] kernel: TCP established hash table entries: 131072 (order: 8, 1048576 bytes, linear)
[    1.629537] kernel: TCP bind hash table entries: 65536 (order: 8, 1048576 bytes, linear)
[    1.630751] kernel: TCP: Hash tables configured (established 131072 bind 65536)
[    1.630868] kernel: UDP hash table entries: 8192 (order: 6, 262144 bytes, linear)
[    1.631015] kernel: UDP-Lite hash table entries: 8192 (order: 6, 262144 bytes, linear)
[    1.631316] kernel: NET: Registered PF_UNIX/PF_LOCAL protocol family
[    1.633901] kernel: pci_bus 0000:00: resource 4 [io  0x0000-0x0cf7 window]
[    1.633918] kernel: pci_bus 0000:00: resource 5 [io  0x0d00-0xffff window]
[    1.633930] kernel: pci_bus 0000:00: resource 6 [mem 0x000a0000-0x000bffff window]
[    1.633942] kernel: pci_bus 0000:00: resource 7 [mem 0xc0000000-0xfebfffff window]
[    1.633955] kernel: pci_bus 0000:00: resource 8 [mem 0x2c0000000-0x33fffffff window]
[    1.634244] kernel: pci 0000:00:01.0: PIIX3: Enabling Passive Release
[    1.634263] kernel: pci 0000:00:00.0: Limiting direct PCI/PCI transfers
[    1.634289] kernel: pci 0000:00:01.0: Activating ISA DMA hang workarounds
[    1.634379] kernel: pci 0000:00:02.0: Video device with shadowed ROM at [mem 0x000c0000-0x000dffff]
[    1.634498] kernel: PCI: CLS 0 bytes, default 64
[    1.634524] kernel: PCI-DMA: Using software bounce buffering for IO (SWIOTLB)
[    1.634529] kernel: software IO TLB: mapped [mem 0x00000000bbfdd000-0x00000000bffdd000] (64MB)
[    1.634997] kernel: RAPL PMU: API unit is 2^-32 Joules, 0 fixed counters, 10737418240 ms ovfl timer
[    1.635024] kernel: clocksource: tsc: mask: 0xffffffffffffffff max_cycles: 0x2563bf907c6, max_idle_ns: 440795319401 ns
[    1.635958] kernel: clocksource: Switched to clocksource tsc
[    1.639708] kernel: Initialise system trusted keyrings
[    1.644043] kernel: workingset: timestamp_bits=56 max_order=22 bucket_order=0
[    1.658535] kernel: fuse: init (API version 7.34)
[    1.680028] kernel: cryptomgr_test (54) used greatest stack depth: 30544 bytes left
[    1.680070] kernel: Key type asymmetric registered
[    1.680077] kernel: Asymmetric key parser 'x509' registered
[    1.680258] kernel: Block layer SCSI generic (bsg) driver version 0.4 loaded (major 251)
[    1.680265] kernel: io scheduler mq-deadline registered
[    1.680270] kernel: io scheduler kyber registered
[    1.681308] kernel: input: Power Button as /devices/LNXSYSTM:00/LNXPWRBN:00/input/input0
[    1.681524] kernel: ACPI: button: Power Button [PWRF]
[    2.386672] kernel: ACPI: \_SB_.LNKC: Enabled at IRQ 11
[    3.118562] kernel: ACPI: \_SB_.LNKD: Enabled at IRQ 10
[    3.811454] kernel: ACPI: \_SB_.LNKA: Enabled at IRQ 10
[    3.813089] kernel: Serial: 8250/16550 driver, 4 ports, IRQ sharing enabled
[    3.813298] kernel: 00:05: ttyS0 at I/O 0x3f8 (irq = 4, base_baud = 115200) is a 16550A
[    3.815250] kernel: Non-volatile memory driver v1.3
[    3.815378] kernel: Linux agpgart interface v0.103
[    3.824506] kernel: loop: module loaded
[    3.825609] kernel: virtio_blk virtio2: [vda] 1024000 512-byte logical blocks (524 MB/500 MiB)
[    3.828850] kernel: ata_piix 0000:00:01.1: version 2.13
[    3.839242] kernel: scsi host0: ata_piix
[    3.841740] kernel: scsi host1: ata_piix
[    3.841965] kernel: ata1: PATA max MWDMA2 cmd 0x1f0 ctl 0x3f6 bmdma 0xc0c0 irq 14
[    3.841977] kernel: ata2: PATA max MWDMA2 cmd 0x170 ctl 0x376 bmdma 0xc0c8 irq 15
[    3.842767] kernel: libphy: Fixed MDIO Bus: probed
[    3.852662] kernel: e100: Intel(R) PRO/100 Network Driver
[    3.852672] kernel: e100: Copyright(c) 1999-2006 Intel Corporation
[    3.852722] kernel: e1000: Intel(R) PRO/1000 Network Driver
[    3.852728] kernel: e1000: Copyright (c) 1999-2006 Intel Corporation.
[    3.852794] kernel: e1000e: Intel(R) PRO/1000 Network Driver
[    3.852798] kernel: e1000e: Copyright(c) 1999 - 2015 Intel Corporation.
[    3.852880] kernel: sky2: driver version 1.30
[    3.853372] kernel: ehci_hcd: USB 2.0 'Enhanced' Host Controller (EHCI) Driver
[    3.853379] kernel: ehci-pci: EHCI PCI platform driver
[    3.853423] kernel: ohci_hcd: USB 1.1 'Open' Host Controller (OHCI) Driver
[    3.853437] kernel: ohci-pci: OHCI PCI platform driver
[    3.853481] kernel: uhci_hcd: USB Universal Host Controller Interface driver
[    3.853742] kernel: usbcore: registered new interface driver usblp
[    3.853792] kernel: usbcore: registered new interface driver usb-storage
[    3.853927] kernel: i8042: PNP: PS/2 Controller [PNP0303:KBD,PNP0f13:MOU] at 0x60,0x64 irq 1,12
[    3.854564] kernel: serio: i8042 KBD port at 0x60,0x64 irq 1
[    3.854583] kernel: serio: i8042 AUX port at 0x60,0x64 irq 12
[    3.868814] kernel: rtc_cmos 00:00: RTC can wake from S4
[    3.874626] kernel: rtc_cmos 00:00: registered as rtc0
[    3.874712] kernel: rtc_cmos 00:00: alarms up to one day, y3k, 114 bytes nvram, hpet irqs
[    3.875517] kernel: device-mapper: ioctl: 4.45.0-ioctl (2021-03-22) initialised: dm-devel@redhat.com
[    3.875535] kernel: intel_pstate: CPU model not supported
[    3.875673] kernel: hid: raw HID events driver (C) Jiri Kosina
[    3.876450] kernel: usbcore: registered new interface driver usbhid
[    3.876458] kernel: usbhid: USB HID core driver
[    3.877177] kernel: netem: version 1.3
[    3.880355] kernel: Initializing XFRM netlink socket
[    3.881104] kernel: NET: Registered PF_INET6 protocol family
[    3.889699] kernel: Segment Routing with IPv6
[    3.889732] kernel: In-situ OAM (IOAM) with IPv6
[     window]
[    1.290764] kernel: pci_bus 0000:00: resource 8 [mem 0x2c0000000-0x33fffffff window]
[    1.291227] kernel: pci 0000:00:01.0: PIIX3: Enabling Passive Release
[    1.291250] kernel: pci 0000:00:00.0: Limiting direct PCI/PCI transfers
[    1.291278] kernel: pci 0000:00:01.0: Activating ISA DMA hang workarounds
[    1.291518] kernel: pci 0000:00:02.0: Video device with shadowed ROM at [mem 0x000c0000-0x000dffff]
[    1.291662] kernel: PCI: CLS 0 bytes, default 64
[    1.291701] kernel: PCI-DMA: Using software bounce buffering for IO (SWIOTLB)
[    1.291706] kernel: software IO TLB: mapped [mem 0x00000000bbfe0000-0x00000000bffe0000] (64MB)
[    1.292323] kernel: RAPL PMU: API unit is 2^-32 Joules, 0 fixed counters, 10737418240 ms ovfl timer
[    1.292362] kernel: clocksource: tsc: mask: 0xffffffffffffffff max_cycles: 0x2563bf907c6, max_idle_ns: 440795319401 ns
[    1.293010] kernel: clocksource: Switched to clocksource tsc
[    1.296814] kernel: Initialise system trusted keyri3.889912] kernel: sit: IPv6, IPv4 and MPLS over IPv4 tunneling driver
[    3.890483] kernel: NET: Registered PF_PACKET protocol family
[    3.890609] kernel: 9pnet: Installing 9P2000 support
[    3.890661] kernel: Key type dns_resolver registered
[    3.890684] kernel: Key type ceph registered
[    3.891550] kernel: input: AT Translated Set 2 keyboard as /devices/platform/i8042/serio0/input/input1
[    3.892263] kernel: libceph: loaded (mon/osd proto 15/24)
[    3.893649] kernel: IPI shorthand broadcast: enabled
[    3.893700] kernel: sched_clock: Marking stable (3887704258, 5764161)->(4255176810, -361708391)
[    3.894117] kernel: registered taskstats version 1
[    3.894123] kernel: Loading compiled-in X.509 certificates
[    3.896104] kernel: PM:   Magic number: 15:714:67
[    3.896214] kernel: printk: console [netcon0] enabled
[    3.896221] kernel: netconsole: network logging started
[    3.995550] kernel: ata1.01: NODEV after polling detection
[    3.995814] kernel: ata1.00: ATA-7: QEMU HARDDISK, 2.5+, max UDMA/100
[    3.995828] kernel: ata1.00: 88078336 sectors, multi 16: LBA48 
[    3.996473] kernel: scsi 0:0:0:0: Direct-Access     ATA      QEMU HARDDISK    2.5+ PQ: 0 ANSI: 5
[    3.997398] kernel: sd 0:0:0:0: [sda] 88078336 512-byte logical blocks: (45.1 GB/42.0 GiB)
[    3.997435] kernel: sd 0:0:0:0: [sda] Write Protect is off
[    3.997449] kernel: sd 0:0:0:0: [sda] Mode Sense: 00 3a 00 00
[    3.997490] kernel: sd 0:0:0:0: [sda] Write cache: enabled, read cache: enabled, doesn't support DPO or FUA
[    3.998980] kernel: sd 0:0:0:0: Attached scsi generic sg0 type 0
[    4.000232] kernel: sd 0:0:0:0: [sda] Attached SCSI disk
[    4.003477] kernel: ata2.01: NODEV after polling detection
[    4.003722] kernel: ata2.00: ATAPI: QEMU DVD-ROM, 2.5+, max UDMA/100
[    4.004860] kernel: scsi 1:0:0:0: CD-ROM            QEMU     QEMU DVD-ROM     2.5+ PQ: 0 ANSI: 5
[    4.029798] kernel: sr 1:0:0:0: [sr0] scsi3-mmc drive: 4x/4x cd/rw xa/form2 tray
[    4.029820] kernel: cdrom: Uniform CD-ROM driver Revision: 3.20
[    4.048767] kernel: sr 1:0:0:0: Attached scsi CD-ROM sr0
[    4.049149] kernel: sr 1:0:0:0: Attached scsi generic sg1 type 5
[    4.515942] kernel: input: ImExPS/2 Generic Explorer Mouse as /devices/platform/i8042/serio1/input/input3
[    4.567248] kernel: IP-Config: Guessing netmask 255.255.255.0
[    4.567263] kernel: IP-Config: Complete:
[    4.567267] kernel:      device=eth0, hwaddr=e6:c8:ff:09:76:31, ipaddr=192.168.0.49, mask=255.255.255.0, gw=255.255.255.255
[    4.567283] kernel:      host=192.168.0.49, domain=, nis-domain=(none)
[    4.567290] kernel:      bootserver=255.255.255.255, rootserver=255.255.255.255, rootpath=
[    4.568229] kernel: cfg80211: Loading compiled-in X.509 certificates for regulatory database
[    4.569930] kernel: kworker/u4:1 (68) used greatest stack depth: 28680 bytes left
[    4.571512] kernel: cfg80211: Loaded X.509 cert 'sforshee: 00b28ddf47aef9cea7'
[    4.571539] kernel: ALSA device list:
[    4.571544] kernel:   No soundcards found.
[    4.572575] kernel: md: Waiting for all devices to be available before autodetect
[    4.572582] kernel: md: If you don't use raid, use raid=noautodetect
[    4.572595] kernel: md: Autodetecting RAID arrays.
[    4.572599] kernel: md: autorun ...
[    4.572602] kernel: md: ... autorun DONE.
[    4.576507] kernel: platform regulatory.0: Direct firmware load for regulatory.db failed with error -2
[    4.576525] kernel: cfg80211: failed to load regulatory.db
[    4.592652] kernel: EXT4-fs (sda): mounted filesystem with ordered data mode. Opts: (null). Quota mode: none.
[    4.592741] kernel: VFS: Mounted root (ext4 filesystem) readonly on device 8:0.
[    4.610789] kernel: devtmpfs: mounted
[    4.612038] kernel: Freeing unused kernel image (initmem) memory: 2068K
[    4.614231] kernel: Write protecting the kernel read-only data: 57344k
[    4.616184] kernel: Freeing unused kernel image (text/rodata gap) memory: 2032K
[    4.616747] kernel: Freeing unused kernel image (rodata/data gap) memory: 988K
[    4.616780] kernel: Run /sbin/init as init process
[    4.616785] kernel:   with arguments:
[    4.616788] kernel:     /sbin/init
[    4.616792] kernel:   with environment:
[    4.616795] kernel:     HOME=/
[    4.616799] kernel:     TERM=linux
[    4.761346] kernel: random: fast init done
[    4.875802] systemd[1]: systemd 245.4-4ubuntu3 running in system mode. (+PAM +AUDIT +SELINUX +IMA +APPARMOR +SMACK +SYSVINIT +UTMP +LIBCRYPTSETUP +GCRYPT +GNUTLS +ACL +XZ +LZ4 +SECCOMP +BLKID +ELFUTILS +KMOD +IDN2 -IDN +PCRE2 default-hierarchy=hybrid)
[    4.875981] systemd[1]: Detected virtualization kvm.
[    4.875994] systemd[1]: Detected architecture x86-64.
[    4.888666] kernel: IPv6: ADDRCONF(NETDEV_CHANGE): eth0: link becomes ready
[    4.922419] systemd[1]: Set hostname to <dfs-fuzzing>.
[    5.206527] kernel: systemd-hiberna (84) used greatest stack depth: 26968 bytes left
[    5.209993] kernel: systemd-system- (87) used greatngs
[    1.297039] kernel: workingset: timestamp_bits=56 max_order=22 bucket_order=0
[    1.311380] kernel: fuse: init (API version 7.34)
[    1.338465] kernel: cryptomgr_test (54) used greatest stack depth: 30544 bytes left
[    1.339181] kernel: Key type asymmetric registered
[    1.339194] kernel: Asymmetric key parser 'x509' registered
[    1.339656] kernel: Block layer SCSI generic (bsg) driver version 0.4 loaded (major 251)
[    1.340169] kernel: io scheduler mq-deadline registered
[    1.340177] kernel: io scheduler kyber registered
[    1.348744] kernel: input: Power Button as /devices/LNXSYSTM:00/LNXPWRBN:00/input/input0
[    1.348995] kernel: ACPI: button: Power Button [PWRF]
[    2.321877] kernel: ACPI: \_SB_.LNKC: Enabled at IRQ 11
[    3.046065] kernel: ACPI: \_SB_.LNKD: Enabled at IRQ 10
[    3.048151] kernel: Serial: 8250/16550 driver, 4 ports, IRQ sharing enabled
[    3.048416] kernel: 00:05: ttyS0 at I/O 0x3f8 (irq = 4, base_baud = 115200) is a 16550A
[    3.050563] kest stack depth: 25920 bytes left
[    5.248800] kernel: systemd-cryptse (79) used greatest stack depth: 25904 bytes left
[    5.287585] kernel: netplan (77) used greatest stack depth: 25240 bytes left
[    5.497596] kernel: random: crng init done
[    5.529579] systemd[1]: /lib/systemd/system/dbus.socket:5: ListenStream= references a path below legacy directory /var/run/, updating /var/run/dbus/system_bus_socket → /run/dbus/system_bus_socket; please update the unit file accordingly.
[    5.604756] systemd[1]: system-modprobe.slice: unit configures an IP firewall, but the local system does not support BPF/cgroup firewalling.
[    5.604779] systemd[1]: (This warning is only shown for the first unit using IP firewalling.)
[    5.605477] systemd[1]: Created slice system-modprobe.slice.
[    5.605854] systemd[1]: Created slice system-serial\x2dgetty.slice.
[    5.625004] systemd[1]: Created slice User and Session Slice.
[    5.625312] systemd[1]: Started Dispatch Password Requests to Coernel: Non-volatile memory driver v1.3
[    3.050693] kernel: Linux agpgart interface v0.103
[    3.078446] kernel: loop: module loaded
[    3.079569] kernel: ata_piix 0000:00:01.1: version 2.13
[    3.095547] kernel: scsi host0: ata_piix
[    3.096298] kernel: scsi host1: ata_piix
[    3.096532] kernel: ata1: PATA max MWDMA2 cmd 0x1f0 ctl 0x3f6 bmdma 0xc040 irq 14
[    3.096546] kernel: ata2: PATA max MWDMA2 cmd 0x170 ctl 0x376 bmdma 0xc048 irq 15
[    3.097363] kernel: libphy: Fixed MDIO Bus: probed
[    3.099964] kernel: e100: Intel(R) PRO/100 Network Driver
[    3.099972] kernel: e100: Copyright(c) 1999-2006 Intel Corporation
[    3.100019] kernel: e1000: Intel(R) PRO/1000 Network Driver
[    3.100024] kernel: e1000: Copyright (c) 1999-2006 Intel Corporation.
[    3.100621] kernel: e1000e: Intel(R) PRO/1000 Network Driver
[    3.100628] kernel: e1000e: Copyright(c) 1999 - 2015 Intel Corporation.
[    3.100713] kernel: sky2: driver version 1.30
[    3.101265] kernel: ehci_hcd: USB 2.0 'Enhanced' Host Controller (EHCI) Driver
[    3.101275] kernel: ehci-pci: EHCI PCI platform driver
[    3.101343] kernel: ohci_hcd: USB 1.1 'Open' Host Controller (OHCI) Driver
[    3.101378] kernel: ohci-pci: OHCI PCI platform driver
[    3.101421] kernel: uhci_hcd: USB Universal Host Controller Interface driver
[    3.101715] kernel: usbcore: registered new interface driver usblp
[    3.101764] kernel: usbcore: registered new interface driver usb-storage
[    3.101906] kernel: i8042: PNP: PS/2 Controller [PNP0303:KBD,PNP0f13:MOU] at 0x60,0x64 irq 1,12
[    3.102642] kernel: serio: i8042 KBD port at 0x60,0x64 irq 1
[    3.102666] kernel: serio: i8042 AUX port at 0x60,0x64 irq 12
[    3.103657] kernel: input: AT Translated Set 2 keyboard as /devices/platform/i8042/serio0/input/input1
[    3.104137] kernel: rtc_cmos 00:00: RTC can wake from S4
[    3.110272] kernel: rtc_cmos 00:00: registered as rtc0
[    3.110363] kernel: rtc_cmos 00:00: alarms up to one day, y3k, 114 bytes nvram, hpet irqs
[    3.111773] kernel: device-mapper: ioctl: 4.45.0-ioctl (2021-03-22) initialised: dm-devel@redhat.com
[    3.111805] kernel: intel_pstate: CPU model not supported
[    3.112112] kernel: hid: raw HID events driver (C) Jiri Kosina
[    3.113291] kernel: usbcore: registered new interface driver usbhid
[    3.113300] kernel: usbhid: USB HID core driver
[    3.114142] kernel: netem: version 1.3
[    3.118442] kernel: Initializing XFRM netlink socket
[    3.119135] kernel: NET: Registered PF_INET6 protocol family
[    3.134137] kernel: hpet: Lost 1 RTC interrupts
[    3.142656] kernel: Segment Routing with IPv6
[    3.142691] kernel: In-situ OAM (IOAM) with IPv6
[    3.143129] kernel: sit: IPv6, IPv4 and MPLS over IPv4 tunneling driver
[    3.144624] kernel: NET: Registered PF_PACKET protocol family
[    3.144944] kernel: 9pnet: Installing 9P2000 support
[    3.145012] kernel: Key type dns_resolver registered
[    3.145046] kernel: Key type ceph registered
[    3.150470] kernel: libceph: loaded (mon/osd proto 15/24)
[    3.152285] kernel: IPI shorthand broadcast: enabled
[    3.152342] kernel: sched_clock: Marking stable (3146075578, 5842666)->(3272052362, -120134118)
[    3.152839] kernel: registered taskstats version 1
[    3.152846] kernel: Loading compiled-in X.509 certificates
[    3.165680] kernel: PM:   Magic number: 15:714:67
[    3.165809] kernel: printk: console [netcon0] enabled
[    3.165816] kernel: netconsole: network logging started
[    3.251606] kernel: ata2.01: NODEV after polling detection
[    3.251860] kernel: ata1.01: NODEV after polling detection
[    3.252112] kernel: ata2.00: ATAPI: QEMU DVD-ROM, 2.5+, max UDMA/100
[    3.252321] kernel: ata1.00: ATA-7: QEMU HARDDISK, 2.5+, max UDMA/100
[    3.252336] kernel: ata1.00: 88078336 sectors, multi 16: LBA48 
[    3.253370] kernel: scsi 0:0:0:0: Direct-Access     ATA      QEMU HARDDISK    2.5+ PQ: 0 ANSI: 5
[    3.254069] kernel: sd 0:0:0:0: Attached scsi generic sg0 type 0
[    3.254278] nsole Directory Watch.
[    5.625464] systemd[1]: Started Forward Password Requests to Wall Directory Watch.
[    5.626102] systemd[1]: Set up automount Arbitrary Executable File Formats File System Automount Point.
[    5.634283] systemd[1]: Reached target Local Encrypted Volumes.
[    5.634378] systemd[1]: Reached target Paths.
[    5.634397] systemd[1]: Reached target Remote File Systems.
[    5.634412] systemd[1]: Reached target Slices.
[    5.634429] systemd[1]: Reached target Swap.
[    5.634746] systemd[1]: Listening on Device-mapper event daemon FIFOs.
[    5.635110] systemd[1]: Listening on Syslog Socket.
[    5.635277] systemd[1]: Listening on initctl Compatibility Named Pipe.
[    5.635746] systemd[1]: Listening on Journal Audit Socket.
[    5.636008] systemd[1]: Listening on Journal Socket (/dev/log).
[    5.636336] systemd[1]: Listening on Journal Socket.
[    5.636658] systemd[1]: Listening on udev Control Socket.
[    5.640781] systemd[1]: Listening on udev Kernel Socket.
[    5.650657] systemd[1]: Mounting Huge Pages File System...
[    5.652947] systemd[1]: Mounting POSIX Message Queue File System...
[    5.654899] systemd[1]: Mounting /proc/sys/fs/binfmt_misc...
[    5.678468] systemd[1]: Mounting /sys/kernel/config...
[    5.680534] systemd[1]: Mounting /sys/kernel/debug...
[    5.682699] systemd[1]: Mounting Kernel Trace File System...
[    5.694862] systemd[1]: Starting Journal Service...
[    5.707324] systemd[1]: Starting Set the console keyboard layout...
[    5.707391] systemd[1]: Condition check resulted in Create list of static device nodes for the current kernel being skipped.
[    5.707473] systemd[1]: Condition check resulted in Load Kernel Module drm being skipped.
[    5.722856] systemd[1]: Starting Load Kernel Modules...
[    5.724729] systemd[1]: Starting Remount Root and Kernel File Systems...
[    5.744945] systemd[1]: Starting udev Coldplug all Devices...
[    5.801447] systemd[1]: Mounted Kernel Trace File System.
[    5.805209] systemd[1]: Mounted /proc/sys/fs/binfmt_misc.
[    5.805723] systemd[1]: Mounted /sys/kernel/debug.
[    5.848837] systemd[1]: Condition check resulted in Set Up Additional Binary Formats being skipped.
[    5.853872] systemd[1]: Mounted Huge Pages File System.
[    5.854470] systemd[1]: Mounted POSIX Message Queue File System.
[    5.854911] systemd[1]: Mounted /sys/kernel/config.
[    5.925643] kernel: systemd-modules (98) used greatest stack depth: 25032 bytes left
[    5.934729] systemd[1]: Finished Load Kernel Modules.
[    5.942403] systemd[1]: Mounting FUSE Control File System...
[    5.944377] systemd[1]: Starting Apply Kernel Variables...
[    5.979482] kernel: EXT4-fs (sda): re-mounted. Opts: (null). Quota mode: none.
[    5.983181] systemd[1]: Finished Remount Root and Kernel File Systems.
[    5.984796] systemd[1]: Condition check resulted in Rebuild Hardware Database being skipped.
[    5.984873] systemd[1]: Condition check resulted in Platform Persistent Storage Archival being skipped.
[    5.986983] systemd[1]: Starting Load/Save Random Seed...
[    6.072584] systemd[1]: Starting Create System Users...
[    6.074718] systemd[1]: Mounted FUSE Control File System.
[    6.150119] systemd[1]: Finished Create System Users.
[    6.152547] systemd[1]: Starting Create Static Device Nodes in /dev...
[    6.163700] systemd[1]: Finished Apply Kernel Variables.
[    6.211610] systemd[1]: Finished Load/Save Random Seed.
[    6.217615] systemd[1]: Finished Create Static Device Nodes in /dev.
[    6.220090] systemd[1]: Starting udev Kernel Device Manager...
[    6.587550] systemd[1]: Finished Set the console keyboard layout.
[    6.588044] systemd[1]: Reached target Local File Systems (Pre).
[    6.588078] systemd[1]: Reached target Local File Systems.
[    6.590089] systemd[1]: Starting Set console font and keymap...
[    6.590216] systemd[1]: Condition check resulted in Store a System Token in an EFI Variable being skipped.
[    6.590317] systemd[1]: Conditiokernel: sd 0:0:0:0: [sda] 88078336 512-byte logical blocks: (45.1 GB/42.0 GiB)
[    3.254319] kernel: sd 0:0:0:0: [sda] Write Protect is off
[    3.254333] kernel: sd 0:0:0:0: [sda] Mode Sense: 00 3a 00 00
[    3.254453] kernel: sd 0:0:0:0: [sda] Write cache: enabled, read cache: enabled, doesn't support DPO or FUA
[    3.254570] kernel: scsi 1:0:0:0: CD-ROM            QEMU     QEMU DVD-ROM     2.5+ PQ: 0 ANSI: 5
[    3.257609] kernel: sd 0:0:0:0: [sda] Attached SCSI disk
[    3.273518] kernel: sr 1:0:0:0: [sr0] scsi3-mmc drive: 4x/4x cd/rw xa/form2 tray
[    3.273543] kernel: cdrom: Uniform CD-ROM driver Revision: 3.20
[    3.291710] kernel: sr 1:0:0:0: Attached scsi CD-ROM sr0
[    3.292563] kernel: sr 1:0:0:0: Attached scsi generic sg1 type 5
[    3.732820] kernel: input: ImExPS/2 Generic Explorer Mouse as /devices/platform/i8042/serio1/input/input3
[    3.753996] kernel: IP-Config: Guessing netmask 255.255.255.0
[    3.754014] kernel: IP-Config: Complete:
[    3.754017] kernel:      device=eth0, hwaddr=e6:c8:ff:09:76:34, ipaddr=192.168.0.52, mask=255.255.255.0, gw=255.255.255.255
[    3.754032] kernel:      host=192.168.0.52, domain=, nis-domain=(none)
[    3.754039] kernel:      bootserver=255.255.255.255, rootserver=255.255.255.255, rootpath=
[    3.754258] kernel: cfg80211: Loading compiled-in X.509 certificates for regulatory database
[    3.754707] kernel: kworker/u4:1 (69) used greatest stack depth: 28680 bytes left
[    3.756135] kernel: cfg80211: Loaded X.509 cert 'sforshee: 00b28ddf47aef9cea7'
[    3.756161] kernel: ALSA device list:
[    3.756165] kernel:   No soundcards found.
[    3.756492] kernel: md: Waiting for all devices to be available before autodetect
[    3.756498] kernel: md: If you don't use raid, use raid=noautodetect
[    3.756502] kernel: md: Autodetecting RAID arrays.
[    3.756506] kernel: md: autorun ...
[    3.756510] kernel: md: ... autorun DONE.
[    3.757043] kernel: platform regulatory.0: Direct firmware load for regulatory.dbn check resulted in Commit a transient machine-id on disk being skipped.
[    6.640086] systemd[1]: Finished Set console font and keymap.
[    6.663648] systemd[1]: Started udev Kernel Device Manager.
[    6.708606] systemd[1]: Finished udev Coldplug all Devices.
[    6.989627] systemd[1]: Started Journal Service.
[    7.745204] kernel: journal-offline (143) used greatest stack depth: 24200 bytes left
 failed with error -2
[    3.757061] kernel: cfg80211: failed to load regulatory.db
[    3.818539] kernel: EXT4-fs (sda): mounted filesystem with ordered data mode. Opts: (null). Quota mode: none.
[    3.818642] kernel: VFS: Mounted root (ext4 filesystem) readonly on device 8:0.
[    3.839968] kernel: devtmpfs: mounted
[    3.841380] kernel: Freeing unused kernel image (initmem) memory: 2068K
[    3.841420] kernel: Write protecting the kernel read-only data: 57344k
[    3.850833] kernel: Freeing unused kernel image (text/rodata gap) memory: 2032K
[    3.851494] kernel: Freeing unused kernel image (rodata/data gap) memory: 988K
[    3.851531] kernel: Run /sbin/init as init process
[    3.851536] kernel:   with arguments:
[    3.851539] kernel:     /sbin/init
[    3.851543] kernel:   with environment:
[    3.851547] kernel:     HOME=/
[    3.851551] kernel:     TERM=linux
[    4.037898] kernel: random: fast init done
[    4.107347] kernel: IPv6: ADDRCONF(NETDEV_CHANGE): eth0: link becomes ready
[    4.281554] systemd[1]: systemd 245.4-4ubuntu3 running in system mode. (+PAM +AUDIT +SELINUX +IMA +APPARMOR +SMACK +SYSVINIT +UTMP +LIBCRYPTSETUP +GCRYPT +GNUTLS +ACL +XZ +LZ4 +SECCOMP +BLKID +ELFUTILS +KMOD +IDN2 -IDN +PCRE2 default-hierarchy=hybrid)
[    4.282261] systemd[1]: Detected virtualization kvm.
[    4.282278] systemd[1]: Detected architecture x86-64.
[    4.296804] systemd[1]: Set hostname to <dfs-fuzzing>.
[    4.513675] kernel: systemd-bless-b (78) used greatest stack depth: 26968 bytes left
[    4.537167] kernel: systemd-debug-g (80) used greatest stack depth: 26304 bytes left
[    4.591787] kernel: systemd-fstab-g (81) used greatest stack depth: 25904 bytes left
[    4.631249] kernel: random: crng init done
[    4.702676] kernel: netplan (77) used greatest stack depth: 25680 bytes left
[    5.040371] systemd[1]: /lib/systemd/system/dbus.socket:5: ListenStream= references a path below legacy directory /var/run/, updating /var/run/dbus/system_bus_socket → /run/dbus/system_bus_socket; please update the unit file accordingly.
[    5.154797] systemd[1]: system-modprobe.slice: unit configures an IP firewall, but the local system does not support BPF/cgroup firewalling.
[    5.154820] systemd[1]: (This warning is only shown for the first unit using IP firewalling.)
[    5.155514] systemd[1]: Created slice system-modprobe.slice.
[    5.155906] systemd[1]: Created slice system-serial\x2dgetty.slice.
[    5.156191] systemd[1]: Created slice User and Session Slice.
[    5.156372] systemd[1]: Started Dispatch Password Requests to Console Directory Watch.
[    5.156514] systemd[1]: Started Forward Password Requests to Wall Directory Watch.
[    5.157089] systemd[1]: Set up automount Arbitrary Executable File Formats File System Automount Point.
[    5.157135] systemd[1]: Reached target Local Encrypted Volumes.
[    5.157155] systemd[1]: Reached target Paths.
[    5.157169] systemd[1]: Reached target Remote File Systems.
[    5.157182] systemd[1]: Reached target Slices.
[    5.157196] systemd[1]: Reached target Swap.
[    5.157388] systemd[1]: Listening on Device-mapper event daemon FIFOs.
[    5.157708] systemd[1]: Listening on Syslog Socket.
[    5.157836] systemd[1]: Listening on initctl Compatibility Named Pipe.
[    5.158304] systemd[1]: Listening on Journal Audit Socket.
[    5.158558] systemd[1]: Listening on Journal Socket (/dev/log).
[    5.158862] systemd[1]: Listening on Journal Socket.
[    5.159167] systemd[1]: Listening on udev Control Socket.
[    5.159344] systemd[1]: Listening on udev Kernel Socket.
[    5.161863] systemd[1]: Mounting Huge Pages File System...
[    5.163869] systemd[1]: Mounting POSIX Message Queue File System...
[    5.165716] systemd[1]: Mounting /proc/sys/fs/binfmt_misc...
[    5.169328] systemd[1]: Mounting /sys/kernel/config...
[    5.171192] systemd[1]: Mounting /sys/kernel/debug...
[    5.173677] systemd[1]: Mounting Kernel Trace File System...
[    5.175522] systemd[1]: Starting Journal Service...
[    5.178159] systemd[1]: Starting Set the console keyboard layout...
[    5.234306] systemd[1]: Condition check resulted in Create list of static device nodes for the current kernel being skipped.
[    5.234403] systemd[1]: Condition check resulted in Load Kernel Module drm being skipped.
[    5.275355] systemd[1]: Starting Load Kernel Modules...
[    5.277273] systemd[1]: Starting Remount Root and Kernel File Systems...
[    5.279078] systemd[1]: Starting udev Coldplug all Devices...
[    5.281639] systemd[1]: Mounted Huge Pages File System.
[    5.282134] systemd[1]: Mounted POSIX Message Queue File System.
[    5.282557] systemd[1]: Mounted /proc/sys/fs/binfmt_misc.
[    5.283013] systemd[1]: Mounted /sys/kernel/config.
[    5.283426] systemd[1]: Mounted /sys/kernel/debug.
[    5.283841] systemd[1]: Mounted Kernel Trace File System.
[    5.335781] systemd[1]: Condition check resulted in Set Up Additional Binary Formats being skipped.
[    5.488242] kernel: systemd-modules (98) used greatest stack depth: 25256 bytes left
[    5.489219] systemd[1]: Finished Load Kernel Modules.
[    5.491903] systemd[1]: Mounting FUSE Control File System...
[    5.493883] systemd[1]: Starting Apply Kernel Variables...
[    5.524067] systemd[1]: Mounted FUSE Control File System.
[    5.719166] kernel: EXT4-fs (sda): re-mounted. Opts: (null). Quota mode: none.
[    5.736498] systemd[1]: Finished Remount Root and Kernel File Systems.
[    5.739414] systemd[1]: Condition check resulted in Rebuild Hardware Database being skipped.
[    5.739491] systemd[1]: Condition check resulted in Platform Persistent Storage Archival being skipped.
[    5.742460] systemd[1]: Starting Load/Save Random Seed...
[    5.749582] systemd[1]: Starting Create System Users...
[    5.777242] systemd[1]: Finished Apply Kernel Variables.
[    5.886047] kernel: udevadm (100) used greatest stack depth: 25016 bytes left
[    6.167583] systemd[1]: Finished Load/Save Random Seed.
[    6.276260] systemd[1]: Finished Create System Users.
[    6.279202] systemd[1]: Starting Create Static Device Nodes in /dev...
[    6.282411] systemd[1]: Started Journal Service.
[    6.547859] kernel: loadkeys (110) used greatest stack depth: 24952 bytes left
----- executor 2 do_sandbox_none at begining
----- executor 2 do_sandbox_none before fork()
spawned loop pid 347
mount of binder at /dev/binderfs failed: 19
mkdir(/syzcgroup/unified/syz0) failed: 2
mkdir(/syzcgroup/cpu/syz0) failed: 2
mkdir(/syzcgroup/net/syz0) failed: 2
executor 2 handshake send reply badf00d 10
before receive testcase: 0 1
---- executor 0 config DFS: Warning: Permanently added '192.168.0.50' (ECDSA) to the list of known hosts.

---- executor 0 config DFS: Warning: Permanently added '192.168.0.51' (ECDSA) to the list of known hosts.

----- uclient_cover_open write to pipe 4
----- uclient_cover_open write to pipe 4
----- uclient_cover_open write to pipe 4
----- uclient_cover_open write to pipe 4
----- uclient_cover_open write to pipe 4
----- uclient_cover_open write to pipe 4
----- uclient_cover_open write to pipe 4
----- uclient_cover_open write to pipe 4
----- uclient_cover_open write to pipe 4
----- uclient_cover_open write to pipe 4
----- uclient_cover_open write to pipe 4
----- uclient_cover_open write to pipe 4
----- uclient_cover_open write to pipe 4
----- uclient_cover_open write to pipe 4
----- uclient_cover_open write to pipe 4
----- uclient_cover_open write to pipe 4
bitmap is not found, coverage filter disabled
----- executor 3 do_sandbox_none at begining
----- executor 3 do_sandbox_none before fork()
spawned loop pid 345
mount of binder at /dev/binderfs failed: 19
mkdir(/syzcgroup/unified/syz0) failed: 2
mkdir(/syzcgroup/cpu/syz0) failed: 2
mkdir(/syzcgroup/net/syz0) failed: 2
executor 3 handshake send reply badf00d 10
before receive testcase: 0 1
----- executor 1 do_sandbox_none at begining
----- executor 1 do_sandbox_none before fork()
spawned loop pid 361
mount of binder at /dev/binderfs failed: 19
mkdir(/syzcgroup/unified/syz0) failed: 2
mkdir(/syzcgroup/cpu/syz0) failed: 2
mkdir(/syzcgroup/net/syz0) failed: 2
executor 1 handshake send reply badf00d 10
before receive testcase: 0 1
