
Ubuntu 20.04 LTS dfs-fuzzing ttyS0

Ubuntu 20.04 LTS dfs-fuzzing ttyS0


Ubuntu 20.04 LTS dfs-fuzzing ttyS0


Ubuntu 20.04 LTS dfs-fuzzing ttyS0

2023/03/05 15:07:44 fuzzer started
2023/03/05 15:07:45 dialing manager at localhost:45159
2023/03/05 15:07:45 syscalls: 130
2023/03/05 15:07:45 code coverage: enabled
2023/03/05 15:07:45 comparison tracing: enabled
2023/03/05 15:07:45 extra coverage: enabled
2023/03/05 15:07:45 setuid sandbox: enabled
2023/03/05 15:07:45 namespace sandbox: /proc/self/ns/user does not exist
2023/03/05 15:07:45 Android sandbox: /sys/fs/selinux/policy can't be opened (open /sys/fs/selinux/policy: invalid argument)
2023/03/05 15:07:45 fault injection: CONFIG_FAULT_INJECTION_DEBUG_FS or CONFIG_FAILSLAB are not enabled
2023/03/05 15:07:45 leak checking: CONFIG_DEBUG_KMEMLEAK is not enabled
2023/03/05 15:07:45 net packet injection: /dev/net/tun does not exist
2023/03/05 15:07:45 net device setup: enabled
2023/03/05 15:07:45 concurrency sanitizer: /sys/kernel/debug/kcsan does not exist
2023/03/05 15:07:45 devlink PCI setup: enabled
2023/03/05 15:07:45 USB emulation: /dev/raw-gadget does not exist
2023/03/05 15:07:45 hci packet injection: /dev/vhci does not exist
2023/03/05 15:07:45 wifi device emulation: /sys/class/mac80211_hwsim/ does not exist
2023/03/05 15:07:45 802.15.4 emulation: /sys/bus/platform/devices/mac802154_hwsim does not exist
2023/03/05 15:07:46 deserializeInput: hasCrash false hasNet false
2023/03/05 15:07:46 prog length: 4
2023/03/05 15:07:46 deserializeInput: hasCrash false hasNet false
2023/03/05 15:07:46 prog length: 4
2023/03/05 15:07:46 deserializeInput: hasCrash true hasNet false
2023/03/05 15:07:46 prog length: 6
2023/03/05 15:07:46 prog length: 3
2023/03/05 15:07:46 deserializeInput: hasCrash true hasNet false
2023/03/05 15:07:46 prog length: 6
2023/03/05 15:07:46 prog length: 3
2023/03/05 15:07:46 deserializeInput: hasCrash true hasNet false
2023/03/05 15:07:46 prog length: 6
2023/03/05 15:07:46 prog length: 4
2023/03/05 15:07:46 deserializeInput: hasCrash false hasNet false
2023/03/05 15:07:46 prog length: 2
2023/03/05 15:07:46 deserializeInput: hasCrash true hasNet false
2023/03/05 15:07:46 prog length: 6
2023/03/05 15:07:46 prog length: 7
2023/03/05 15:07:46 deserializeInput: hasCrash true hasNet false
2023/03/05 15:07:46 prog length: 6
2023/03/05 15:07:46 prog length: 6
2023/03/05 15:07:46 deserializeInput: hasCrash true hasNet false
2023/03/05 15:07:46 prog length: 6
2023/03/05 15:07:46 prog length: 7
2023/03/05 15:07:46 deserializeInput: hasCrash false hasNet false
2023/03/05 15:07:46 prog length: 1
2023/03/05 15:07:46 deserializeInput: hasCrash true hasNet false
2023/03/05 15:07:46 prog length: 6
2023/03/05 15:07:46 prog length: 3
2023/03/05 15:07:46 deserializeInput: hasCrash false hasNet false
2023/03/05 15:07:46 prog length: 9
2023/03/05 15:07:46 deserializeInput: hasCrash true hasNet false
2023/03/05 15:07:46 prog length: 6
2023/03/05 15:07:46 prog length: 20
2023/03/05 15:07:46 deserializeInput: hasCrash false hasNet false
2023/03/05 15:07:46 prog length: 1
2023/03/05 15:07:46 deserializeInput: hasCrash true hasNet false
2023/03/05 15:07:46 prog length: 6
2023/03/05 15:07:46 prog length: 20
2023/03/05 15:07:46 deserializeInput: hasCrash true hasNet false
2023/03/05 15:07:46 prog length: 6
2023/03/05 15:07:46 prog length: 7
2023/03/05 15:07:46 deserializeInput: hasCrash true hasNet false
2023/03/05 15:07:46 prog length: 6
2023/03/05 15:07:46 prog length: 7
2023/03/05 15:07:46 deserializeInput: hasCrash true hasNet false
2023/03/05 15:07:46 prog length: 6
2023/03/05 15:07:46 prog length: 9
2023/03/05 15:07:46 deserializeInput: hasCrash true hasNet false
2023/03/05 15:07:46 prog length: 6
2023/03/05 15:07:46 prog length: 7
2023/03/05 15:07:46 deserializeInput: hasCrash true hasNet false
2023/03/05 15:07:46 prog length: 6
2023/03/05 15:07:46 prog length: 20
2023/03/05 15:07:46 deserializeInput: hasCrash true hasNet false
2023/03/05 15:07:46 prog length: 6
2023/03/05 15:07:46 prog length: 5
2023/03/05 15:07:46 deserializeInput: hasCrash true hasNet false
2023/03/05 15:07:46 prog length: 6
2023/03/05 15:07:46 prog length: 20
2023/03/05 15:07:46 deserializeInput: hasCrash true hasNet false
2023/03/05 15:07:46 prog length: 6
2023/03/05 15:07:46 prog length: 6
2023/03/05 15:07:46 prog length: 6
2023/03/05 15:07:46 prog length: 8
2023/03/05 15:07:46 deserializeInput: hasCrash true hasNet false
2023/03/05 15:07:46 prog length: 6
2023/03/05 15:07:46 prog length: 5
2023/03/05 15:07:46 deserializeInput: hasCrash true hasNet false
2023/03/05 15:07:46 prog length: 6
2023/03/05 15:07:46 prog length: 4
2023/03/05 15:07:46 deserializeInput: hasCrash true hasNet false
2023/03/05 15:07:46 prog length: 6
2023/03/05 15:07:46 prog length: 4
2023/03/05 15:07:46 deserializeInput: hasCrash true hasNet false
2023/03/05 15:07:46 prog length: 6
2023/03/05 15:07:46 prog length: 3
2023/03/05 15:07:46 deserializeInput: hasCrash true hasNet false
2023/03/05 15:07:46 prog length: 6
2023/03/05 15:07:46 prog length: 4
2023/03/05 15:07:46 deserializeInput: hasCrash true hasNet true
2023/03/05 15:07:46 prog length: 6
2023/03/05 15:07:46 prog length: 6
2023/03/05 15:07:46 prog length: 6
2023/03/05 15:07:46 prog length: 7
2023/03/05 15:07:46 deserializeInput: hasCrash true hasNet false
2023/03/05 15:07:46 prog length: 6
2023/03/05 15:07:46 prog length: 6
2023/03/05 15:07:46 deserializeInput: hasCrash true hasNet false
2023/03/05 15:07:46 prog length: 6
2023/03/05 15:07:46 prog length: 3
2023/03/05 15:07:46 deserializeInput: hasCrash true hasNet false
2023/03/05 15:07:46 prog length: 6
2023/03/05 15:07:46 prog length: 11
2023/03/05 15:07:46 deserializeInput: hasCrash true hasNet false
2023/03/05 15:07:46 prog length: 6
2023/03/05 15:07:46 prog length: 20
2023/03/05 15:07:46 deserializeInput: hasCrash true hasNet false
2023/03/05 15:07:46 prog length: 6
2023/03/05 15:07:46 prog length: 20
2023/03/05 15:07:46 deserializeInput: hasCrash true hasNet false
2023/03/05 15:07:46 prog length: 6
2023/03/05 15:07:46 prog length: 4
2023/03/05 15:07:46 deserializeInput: hasCrash true hasNet false
2023/03/05 15:07:46 prog length: 6
2023/03/05 15:07:46 prog length: 6
2023/03/05 15:07:46 deserializeInput: hasCrash true hasNet false
2023/03/05 15:07:46 prog length: 6
2023/03/05 15:07:46 prog length: 20
2023/03/05 15:07:46 deserializeInput: hasCrash true hasNet false
2023/03/05 15:07:46 prog length: 6
2023/03/05 15:07:46 prog length: 19
2023/03/05 15:07:46 deserializeInput: hasCrash true hasNet false
2023/03/05 15:07:46 prog length: 6
2023/03/05 15:07:46 prog length: 4
2023/03/05 15:07:46 deserializeInput: hasCrash true hasNet false
2023/03/05 15:07:46 prog length: 6
2023/03/05 15:07:46 prog length: 15
2023/03/05 15:07:46 deserializeInput: hasCrash true hasNet false
2023/03/05 15:07:46 prog length: 6
2023/03/05 15:07:46 prog length: 6
2023/03/05 15:07:46 deserializeInput: hasCrash true hasNet false
2023/03/05 15:07:46 prog length: 6
2023/03/05 15:07:46 prog length: 5
2023/03/05 15:07:46 deserializeInput: hasCrash false hasNet false
2023/03/05 15:07:46 prog length: 2
2023/03/05 15:07:46 deserializeInput: hasCrash true hasNet false
2023/03/05 15:07:46 prog length: 6
2023/03/05 15:07:46 prog length: 6
2023/03/05 15:07:46 deserializeInput: hasCrash true hasNet false
2023/03/05 15:07:46 prog length: 6
2023/03/05 15:07:46 prog length: 20
2023/03/05 15:07:46 deserializeInput: hasCrash false hasNet false
2023/03/05 15:07:46 prog length: 3
2023/03/05 15:07:46 deserializeInput: hasCrash true hasNet false
2023/03/05 15:07:46 prog length: 6
2023/03/05 15:07:46 prog length: 11
2023/03/05 15:07:46 deserializeInput: hasCrash true hasNet false
2023/03/05 15:07:46 prog length: 6
2023/03/05 15:07:46 prog length: 6
2023/03/05 15:07:46 deserializeInput: hasCrash true hasNet false
2023/03/05 15:07:46 prog length: 6
2023/03/05 15:07:46 prog length: 3
2023/03/05 15:07:46 deserializeInput: hasCrash true hasNet false
2023/03/05 15:07:46 prog length: 6
2023/03/05 15:07:46 prog length: 5
2023/03/05 15:07:46 fetching corpus: 50, signal 8364/57328/64979 (executing program)
2023/03/05 15:07:46 deserializeInput: hasCrash true hasNet false
2023/03/05 15:07:46 prog length: 6
2023/03/05 15:07:46 prog length: 6
2023/03/05 15:07:46 prog length: 6
2023/03/05 15:07:46 prog length: 7
2023/03/05 15:07:46 deserializeInput: hasCrash true hasNet false
2023/03/05 15:07:46 prog length: 6
2023/03/05 15:07:46 prog length: 11
2023/03/05 15:07:46 deserializeInput: hasCrash true hasNet false
2023/03/05 15:07:46 prog length: 6
2023/03/05 15:07:46 prog length: 7
2023/03/05 15:07:46 deserializeInput: hasCrash true hasNet false
2023/03/05 15:07:46 prog length: 6
2023/03/05 15:07:46 prog length: 6
2023/03/05 15:07:46 prog length: 7
2023/03/05 15:07:46 deserializeInput: hasCrash true hasNet false
2023/03/05 15:07:46 prog length: 6
2023/03/05 15:07:46 prog length: 20
2023/03/05 15:07:46 deserializeInput: hasCrash false hasNet false
2023/03/05 15:07:46 prog length: 2
2023/03/05 15:07:46 deserializeInput: hasCrash true hasNet false
2023/03/05 15:07:46 prog length: 6
2023/03/05 15:07:46 prog length: 20
2023/03/05 15:07:46 deserializeInput: hasCrash false hasNet false
2023/03/05 15:07:46 prog length: 4
2023/03/05 15:07:46 deserializeInput: hasCrash true hasNet false
2023/03/05 15:07:46 prog length: 6
2023/03/05 15:07:46 prog length: 17
2023/03/05 15:07:46 deserializeInput: hasCrash true hasNet false
2023/03/05 15:07:46 prog length: 6
2023/03/05 15:07:46 prog length: 10
2023/03/05 15:07:46 deserializeInput: hasCrash true hasNet false
2023/03/05 15:07:46 prog length: 6
2023/03/05 15:07:46 prog length: 3
2023/03/05 15:07:46 deserializeInput: hasCrash true hasNet false
2023/03/05 15:07:46 prog length: 6
2023/03/05 15:07:46 prog length: 6
2023/03/05 15:07:46 prog length: 6
2023/03/05 15:07:46 deserializeInput: hasCrash true hasNet false
2023/03/05 15:07:46 prog length: 6
2023/03/05 15:07:46 prog length: 3
2023/03/05 15:07:46 deserializeInput: hasCrash true hasNet false
2023/03/05 15:07:46 prog length: 6
2023/03/05 15:07:46 prog length: 20
2023/03/05 15:07:46 deserializeInput: hasCrash true hasNet false
2023/03/05 15:07:46 prog length: 6
2023/03/05 15:07:46 prog length: 6
2023/03/05 15:07:46 deserializeInput: hasCrash true hasNet false
2023/03/05 15:07:46 prog length: 6
2023/03/05 15:07:46 prog length: 13
2023/03/05 15:07:46 deserializeInput: hasCrash true hasNet false
2023/03/05 15:07:46 prog length: 6
2023/03/05 15:07:46 prog length: 3
2023/03/05 15:07:46 deserializeInput: hasCrash true hasNet false
2023/03/05 15:07:46 prog length: 6
2023/03/05 15:07:46 prog length: 6
2023/03/05 15:07:46 deserializeInput: hasCrash true hasNet false
2023/03/05 15:07:46 prog length: 6
2023/03/05 15:07:46 prog length: 20
2023/03/05 15:07:46 deserializeInput: hasCrash true hasNet false
2023/03/05 15:07:46 prog length: 6
2023/03/05 15:07:46 prog length: 4
2023/03/05 15:07:46 deserializeInput: hasCrash true hasNet false
2023/03/05 15:07:46 prog length: 6
2023/03/05 15:07:46 prog length: 3
2023/03/05 15:07:46 deserializeInput: hasCrash false hasNet false
2023/03/05 15:07:46 prog length: 2
2023/03/05 15:07:46 deserializeInput: hasCrash false hasNet false
2023/03/05 15:07:46 prog length: 5
2023/03/05 15:07:46 deserializeInput: hasCrash true hasNet false
2023/03/05 15:07:46 prog length: 6
2023/03/05 15:07:46 prog length: 3
2023/03/05 15:07:46 deserializeInput: hasCrash true hasNet false
2023/03/05 15:07:46 prog length: 6
2023/03/05 15:07:46 prog length: 7
2023/03/05 15:07:46 deserializeInput: hasCrash false hasNet false
2023/03/05 15:07:46 prog length: 2
2023/03/05 15:07:46 deserializeInput: hasCrash false hasNet false
2023/03/05 15:07:46 prog length: 1
2023/03/05 15:07:46 deserializeInput: hasCrash false hasNet true
2023/03/05 15:07:46 prog length: 6
2023/03/05 15:07:46 prog length: 4
2023/03/05 15:07:46 deserializeInput: hasCrash true hasNet false
2023/03/05 15:07:46 prog length: 6
2023/03/05 15:07:46 prog length: 6
2023/03/05 15:07:46 prog length: 6
2023/03/05 15:07:46 prog length: 7
2023/03/05 15:07:46 deserializeInput: hasCrash true hasNet false
2023/03/05 15:07:46 prog length: 6
2023/03/05 15:07:46 prog length: 12
2023/03/05 15:07:46 deserializeInput: hasCrash true hasNet false
2023/03/05 15:07:46 prog length: 6
2023/03/05 15:07:46 prog length: 3
2023/03/05 15:07:46 deserializeInput: hasCrash true hasNet false
2023/03/05 15:07:46 prog length: 6
2023/03/05 15:07:46 prog length: 4
2023/03/05 15:07:46 deserializeInput: hasCrash true hasNet false
2023/03/05 15:07:46 prog length: 6
2023/03/05 15:07:46 prog length: 15
2023/03/05 15:07:46 deserializeInput: hasCrash true hasNet false
2023/03/05 15:07:46 prog length: 6
2023/03/05 15:07:46 prog length: 4
2023/03/05 15:07:46 deserializeInput: hasCrash true hasNet false
2023/03/05 15:07:46 prog length: 6
2023/03/05 15:07:46 prog length: 7
2023/03/05 15:07:46 deserializeInput: hasCrash true hasNet false
2023/03/05 15:07:46 prog length: 6
2023/03/05 15:07:46 prog length: 20
2023/03/05 15:07:46 deserializeInput: hasCrash false hasNet false
2023/03/05 15:07:46 prog length: 4
2023/03/05 15:07:46 deserializeInput: hasCrash true hasNet false
2023/03/05 15:07:46 prog length: 6
2023/03/05 15:07:46 prog length: 19
2023/03/05 15:07:46 deserializeInput: hasCrash true hasNet false
2023/03/05 15:07:46 prog length: 6
2023/03/05 15:07:46 prog length: 8
2023/03/05 15:07:46 deserializeInput: hasCrash true hasNet false
2023/03/05 15:07:46 prog length: 6
2023/03/05 15:07:46 prog length: 15
2023/03/05 15:07:46 deserializeInput: hasCrash true hasNet false
2023/03/05 15:07:46 prog length: 6
2023/03/05 15:07:46 prog length: 3
2023/03/05 15:07:46 deserializeInput: hasCrash true hasNet false
2023/03/05 15:07:46 prog length: 6
2023/03/05 15:07:46 prog length: 17
2023/03/05 15:07:46 deserializeInput: hasCrash true hasNet false
2023/03/05 15:07:46 prog length: 6
2023/03/05 15:07:46 prog length: 5
2023/03/05 15:07:46 deserializeInput: hasCrash true hasNet false
2023/03/05 15:07:46 prog length: 6
2023/03/05 15:07:46 prog length: 9
2023/03/05 15:07:46 deserializeInput: hasCrash false hasNet false
2023/03/05 15:07:46 prog length: 1
2023/03/05 15:07:46 deserializeInput: hasCrash true hasNet false
2023/03/05 15:07:46 prog length: 6
2023/03/05 15:07:46 prog length: 6
2023/03/05 15:07:46 deserializeInput: hasCrash true hasNet false
2023/03/05 15:07:46 prog length: 6
2023/03/05 15:07:46 prog length: 6
2023/03/05 15:07:46 prog length: 5
2023/03/05 15:07:46 deserializeInput: hasCrash true hasNet false
2023/03/05 15:07:46 prog length: 6
2023/03/05 15:07:46 prog length: 6
2023/03/05 15:07:46 prog length: 9
2023/03/05 15:07:46 deserializeInput: hasCrash true hasNet false
2023/03/05 15:07:46 prog length: 6
2023/03/05 15:07:46 prog length: 5
2023/03/05 15:07:46 deserializeInput: hasCrash true hasNet false
2023/03/05 15:07:46 prog length: 6
2023/03/05 15:07:46 prog length: 5
2023/03/05 15:07:46 fetching corpus: 100, signal 9774/66767/76474 (executing program)
2023/03/05 15:07:47 deserializeInput: hasCrash false hasNet false
2023/03/05 15:07:47 prog length: 3
2023/03/05 15:07:47 deserializeInput: hasCrash false hasNet false
2023/03/05 15:07:47 prog length: 3
2023/03/05 15:07:47 deserializeInput: hasCrash true hasNet false
2023/03/05 15:07:47 prog length: 6
2023/03/05 15:07:47 prog length: 7
2023/03/05 15:07:47 deserializeInput: hasCrash true hasNet false
2023/03/05 15:07:47 prog length: 6
2023/03/05 15:07:47 prog length: 4
2023/03/05 15:07:47 deserializeInput: hasCrash true hasNet false
2023/03/05 15:07:47 prog length: 6
2023/03/05 15:07:47 prog length: 8
2023/03/05 15:07:47 deserializeInput: hasCrash true hasNet false
2023/03/05 15:07:47 prog length: 6
2023/03/05 15:07:47 prog length: 5
2023/03/05 15:07:47 deserializeInput: hasCrash true hasNet false
2023/03/05 15:07:47 prog length: 6
2023/03/05 15:07:47 prog length: 6
2023/03/05 15:07:47 prog length: 12
2023/03/05 15:07:47 deserializeInput: hasCrash true hasNet false
2023/03/05 15:07:47 prog length: 6
2023/03/05 15:07:47 prog length: 3
2023/03/05 15:07:47 deserializeInput: hasCrash false hasNet false
2023/03/05 15:07:47 prog length: 1
2023/03/05 15:07:47 deserializeInput: hasCrash true hasNet false
2023/03/05 15:07:47 prog length: 6
2023/03/05 15:07:47 prog length: 19
2023/03/05 15:07:47 deserializeInput: hasCrash true hasNet false
2023/03/05 15:07:47 prog length: 6
2023/03/05 15:07:47 prog length: 8
2023/03/05 15:07:47 deserializeInput: hasCrash true hasNet false
2023/03/05 15:07:47 prog length: 6
2023/03/05 15:07:47 prog length: 4
2023/03/05 15:07:47 deserializeInput: hasCrash true hasNet false
2023/03/05 15:07:47 prog length: 6
2023/03/05 15:07:47 prog length: 6
2023/03/05 15:07:47 prog length: 6
2023/03/05 15:07:47 prog length: 7
2023/03/05 15:07:47 deserializeInput: hasCrash true hasNet true
2023/03/05 15:07:47 prog length: 6
2023/03/05 15:07:47 prog length: 6
2023/03/05 15:07:47 prog length: 9
2023/03/05 15:07:47 deserializeInput: hasCrash true hasNet false
2023/03/05 15:07:47 prog length: 6
2023/03/05 15:07:47 prog length: 14
2023/03/05 15:07:47 deserializeInput: hasCrash false hasNet false
2023/03/05 15:07:47 prog length: 3
2023/03/05 15:07:47 deserializeInput: hasCrash true hasNet false
2023/03/05 15:07:47 prog length: 6
2023/03/05 15:07:47 prog length: 5
2023/03/05 15:07:47 deserializeInput: hasCrash true hasNet false
2023/03/05 15:07:47 prog length: 6
2023/03/05 15:07:47 prog length: 4
2023/03/05 15:07:47 deserializeInput: hasCrash true hasNet false
2023/03/05 15:07:47 prog length: 6
2023/03/05 15:07:47 prog length: 3
2023/03/05 15:07:47 deserializeInput: hasCrash true hasNet false
2023/03/05 15:07:47 prog length: 6
2023/03/05 15:07:47 prog length: 18
2023/03/05 15:07:47 deserializeInput: hasCrash true hasNet false
2023/03/05 15:07:47 prog length: 6
2023/03/05 15:07:47 prog length: 6
2023/03/05 15:07:47 prog length: 15
2023/03/05 15:07:47 deserializeInput: hasCrash false hasNet false
2023/03/05 15:07:47 prog length: 2
2023/03/05 15:07:47 deserializeInput: hasCrash false hasNet false
2023/03/05 15:07:47 prog length: 2
2023/03/05 15:07:47 deserializeInput: hasCrash true hasNet false
2023/03/05 15:07:47 prog length: 6
2023/03/05 15:07:47 prog length: 6
2023/03/05 15:07:47 deserializeInput: hasCrash false hasNet false
2023/03/05 15:07:47 prog length: 4
2023/03/05 15:07:47 deserializeInput: hasCrash true hasNet false
2023/03/05 15:07:47 prog length: 6
2023/03/05 15:07:47 prog length: 20
2023/03/05 15:07:47 deserializeInput: hasCrash true hasNet false
2023/03/05 15:07:47 prog length: 6
2023/03/05 15:07:47 prog length: 3
2023/03/05 15:07:47 deserializeInput: hasCrash true hasNet false
2023/03/05 15:07:47 prog length: 6
2023/03/05 15:07:47 prog length: 5
2023/03/05 15:07:47 deserializeInput: hasCrash true hasNet false
2023/03/05 15:07:47 prog length: 6
2023/03/05 15:07:47 prog length: 3
2023/03/05 15:07:47 deserializeInput: hasCrash true hasNet false
2023/03/05 15:07:47 prog length: 6
2023/03/05 15:07:47 prog length: 6
2023/03/05 15:07:47 prog length: 6
2023/03/05 15:07:47 deserializeInput: hasCrash true hasNet false
2023/03/05 15:07:47 prog length: 6
2023/03/05 15:07:47 prog length: 9
2023/03/05 15:07:47 deserializeInput: hasCrash true hasNet false
2023/03/05 15:07:47 prog length: 6
2023/03/05 15:07:47 prog length: 18
2023/03/05 15:07:47 deserializeInput: hasCrash true hasNet false
2023/03/05 15:07:47 prog length: 6
2023/03/05 15:07:47 prog length: 18
2023/03/05 15:07:47 deserializeInput: hasCrash true hasNet false
2023/03/05 15:07:47 prog length: 6
2023/03/05 15:07:47 prog length: 6
2023/03/05 15:07:47 deserializeInput: hasCrash true hasNet false
2023/03/05 15:07:47 prog length: 6
2023/03/05 15:07:47 prog length: 4
2023/03/05 15:07:47 deserializeInput: hasCrash true hasNet false
2023/03/05 15:07:47 prog length: 6
2023/03/05 15:07:47 prog length: 6
2023/03/05 15:07:47 prog length: 6
2023/03/05 15:07:47 deserializeInput: hasCrash true hasNet false
2023/03/05 15:07:47 prog length: 6
2023/03/05 15:07:47 prog length: 4
2023/03/05 15:07:47 deserializeInput: hasCrash true hasNet true
2023/03/05 15:07:47 prog length: 6
2023/03/05 15:07:47 prog length: 6
2023/03/05 15:07:47 prog length: 6
2023/03/05 15:07:47 prog length: 8
2023/03/05 15:07:47 deserializeInput: hasCrash true hasNet false
2023/03/05 15:07:47 prog length: 6
2023/03/05 15:07:47 prog length: 20
2023/03/05 15:07:47 deserializeInput: hasCrash true hasNet false
2023/03/05 15:07:47 prog length: 6
2023/03/05 15:07:47 prog length: 3
2023/03/05 15:07:47 deserializeInput: hasCrash true hasNet false
2023/03/05 15:07:47 prog length: 6
2023/03/05 15:07:47 prog length: 7
2023/03/05 15:07:47 deserializeInput: hasCrash true hasNet false
2023/03/05 15:07:47 prog length: 6
2023/03/05 15:07:47 prog length: 5
2023/03/05 15:07:47 deserializeInput: hasCrash true hasNet false
2023/03/05 15:07:47 prog length: 6
2023/03/05 15:07:47 prog length: 5
2023/03/05 15:07:47 deserializeInput: hasCrash true hasNet false
2023/03/05 15:07:47 prog length: 6
2023/03/05 15:07:47 prog length: 20
2023/03/05 15:07:47 deserializeInput: hasCrash true hasNet false
2023/03/05 15:07:47 prog length: 6
2023/03/05 15:07:47 prog length: 3
2023/03/05 15:07:47 deserializeInput: hasCrash true hasNet false
2023/03/05 15:07:47 prog length: 6
2023/03/05 15:07:47 prog length: 20
2023/03/05 15:07:47 deserializeInput: hasCrash true hasNet false
2023/03/05 15:07:47 prog length: 6
2023/03/05 15:07:47 prog length: 3
2023/03/05 15:07:47 deserializeInput: hasCrash true hasNet false
2023/03/05 15:07:47 prog length: 6
2023/03/05 15:07:47 prog length: 20
2023/03/05 15:07:47 deserializeInput: hasCrash true hasNet false
2023/03/05 15:07:47 prog length: 6
2023/03/05 15:07:47 prog length: 3
2023/03/05 15:07:47 deserializeInput: hasCrash true hasNet false
2023/03/05 15:07:47 prog length: 6
2023/03/05 15:07:47 prog length: 15
2023/03/05 15:07:47 fetching corpus: 150, signal 10525/78310/89221 (executing program)
2023/03/05 15:07:47 deserializeInput: hasCrash true hasNet false
2023/03/05 15:07:47 prog length: 6
2023/03/05 15:07:47 prog length: 20
2023/03/05 15:07:47 deserializeInput: hasCrash true hasNet false
2023/03/05 15:07:47 prog length: 6
2023/03/05 15:07:47 prog length: 7
2023/03/05 15:07:47 deserializeInput: hasCrash true hasNet false
2023/03/05 15:07:47 prog length: 6
2023/03/05 15:07:47 prog length: 17
2023/03/05 15:07:47 deserializeInput: hasCrash true hasNet false
2023/03/05 15:07:47 prog length: 6
2023/03/05 15:07:47 prog length: 3
2023/03/05 15:07:47 deserializeInput: hasCrash false hasNet false
2023/03/05 15:07:47 prog length: 2
2023/03/05 15:07:47 deserializeInput: hasCrash false hasNet false
2023/03/05 15:07:47 prog length: 4
2023/03/05 15:07:47 deserializeInput: hasCrash true hasNet false
2023/03/05 15:07:47 prog length: 6
2023/03/05 15:07:47 prog length: 6
2023/03/05 15:07:47 prog length: 14
2023/03/05 15:07:47 deserializeInput: hasCrash true hasNet false
2023/03/05 15:07:47 prog length: 6
2023/03/05 15:07:47 prog length: 4
2023/03/05 15:07:47 deserializeInput: hasCrash false hasNet false
2023/03/05 15:07:47 prog length: 3
2023/03/05 15:07:47 deserializeInput: hasCrash true hasNet false
2023/03/05 15:07:47 prog length: 6
2023/03/05 15:07:47 prog length: 6
2023/03/05 15:07:47 prog length: 6
2023/03/05 15:07:47 deserializeInput: hasCrash true hasNet false
2023/03/05 15:07:47 prog length: 6
2023/03/05 15:07:47 prog length: 3
2023/03/05 15:07:47 deserializeInput: hasCrash true hasNet false
2023/03/05 15:07:47 prog length: 6
2023/03/05 15:07:47 prog length: 20
2023/03/05 15:07:47 deserializeInput: hasCrash true hasNet false
2023/03/05 15:07:47 prog length: 6
2023/03/05 15:07:47 prog length: 17
2023/03/05 15:07:47 deserializeInput: hasCrash true hasNet false
2023/03/05 15:07:47 prog length: 6
2023/03/05 15:07:47 prog length: 4
2023/03/05 15:07:47 deserializeInput: hasCrash true hasNet false
2023/03/05 15:07:47 prog length: 6
2023/03/05 15:07:47 prog length: 6
2023/03/05 15:07:47 deserializeInput: hasCrash true hasNet false
2023/03/05 15:07:47 prog length: 6
2023/03/05 15:07:47 prog length: 20
2023/03/05 15:07:47 deserializeInput: hasCrash true hasNet false
2023/03/05 15:07:47 prog length: 6
2023/03/05 15:07:47 prog length: 11
2023/03/05 15:07:47 deserializeInput: hasCrash true hasNet false
2023/03/05 15:07:47 prog length: 6
2023/03/05 15:07:47 prog length: 5
2023/03/05 15:07:47 deserializeInput: hasCrash true hasNet false
2023/03/05 15:07:47 prog length: 6
2023/03/05 15:07:47 prog length: 3
2023/03/05 15:07:47 deserializeInput: hasCrash true hasNet false
2023/03/05 15:07:47 prog length: 6
2023/03/05 15:07:47 prog length: 6
2023/03/05 15:07:47 deserializeInput: hasCrash true hasNet false
2023/03/05 15:07:47 prog length: 6
2023/03/05 15:07:47 prog length: 6
2023/03/05 15:07:47 prog length: 13
2023/03/05 15:07:47 deserializeInput: hasCrash true hasNet false
2023/03/05 15:07:47 prog length: 6
2023/03/05 15:07:47 prog length: 6
2023/03/05 15:07:47 deserializeInput: hasCrash true hasNet false
2023/03/05 15:07:47 prog length: 6
2023/03/05 15:07:47 prog length: 19
2023/03/05 15:07:47 deserializeInput: hasCrash true hasNet false
2023/03/05 15:07:47 prog length: 6
2023/03/05 15:07:47 prog length: 6
2023/03/05 15:07:47 deserializeInput: hasCrash true hasNet false
2023/03/05 15:07:47 prog length: 6
2023/03/05 15:07:47 prog length: 6
2023/03/05 15:07:47 prog length: 6
2023/03/05 15:07:47 prog length: 8
2023/03/05 15:07:47 deserializeInput: hasCrash true hasNet false
2023/03/05 15:07:47 prog length: 6
2023/03/05 15:07:47 prog length: 7
2023/03/05 15:07:47 deserializeInput: hasCrash true hasNet false
2023/03/05 15:07:47 prog length: 6
2023/03/05 15:07:47 prog length: 20
2023/03/05 15:07:47 deserializeInput: hasCrash true hasNet false
2023/03/05 15:07:47 prog length: 6
2023/03/05 15:07:47 prog length: 20
2023/03/05 15:07:47 deserializeInput: hasCrash true hasNet false
2023/03/05 15:07:47 prog length: 6
2023/03/05 15:07:47 prog length: 3
2023/03/05 15:07:47 deserializeInput: hasCrash true hasNet false
2023/03/05 15:07:47 prog length: 6
2023/03/05 15:07:47 prog length: 3
2023/03/05 15:07:47 deserializeInput: hasCrash true hasNet false
2023/03/05 15:07:47 prog length: 6
2023/03/05 15:07:47 prog length: 8
2023/03/05 15:07:47 deserializeInput: hasCrash true hasNet false
2023/03/05 15:07:47 prog length: 6
2023/03/05 15:07:47 prog length: 6
2023/03/05 15:07:47 deserializeInput: hasCrash true hasNet false
2023/03/05 15:07:47 prog length: 6
2023/03/05 15:07:47 prog length: 6
2023/03/05 15:07:47 prog length: 10
2023/03/05 15:07:47 deserializeInput: hasCrash true hasNet false
2023/03/05 15:07:47 prog length: 6
2023/03/05 15:07:47 prog length: 6
2023/03/05 15:07:47 prog length: 6
2023/03/05 15:07:47 deserializeInput: hasCrash false hasNet false
2023/03/05 15:07:47 prog length: 4
2023/03/05 15:07:47 deserializeInput: hasCrash true hasNet false
2023/03/05 15:07:47 prog length: 6
2023/03/05 15:07:47 prog length: 5
2023/03/05 15:07:47 deserializeInput: hasCrash true hasNet false
2023/03/05 15:07:47 prog length: 6
2023/03/05 15:07:47 prog length: 4
2023/03/05 15:07:47 deserializeInput: hasCrash true hasNet false
2023/03/05 15:07:47 prog length: 6
2023/03/05 15:07:47 prog length: 3
2023/03/05 15:07:47 fetching corpus: 188, signal 10594/79453/91262 (executing program)
2023/03/05 15:07:47 fetching corpus: 188, signal 10594/79453/92132 (executing program)
2023/03/05 15:07:47 fetching corpus: 188, signal 10594/79453/93012 (executing program)
2023/03/05 15:07:47 fetching corpus: 188, signal 10594/79453/93857 (executing program)
2023/03/05 15:07:47 fetching corpus: 188, signal 10594/79453/94718 (executing program)
2023/03/05 15:07:47 fetching corpus: 188, signal 10594/79453/95588 (executing program)
2023/03/05 15:07:47 fetching corpus: 188, signal 10594/79453/96472 (executing program)
2023/03/05 15:07:47 fetching corpus: 188, signal 10594/79453/97360 (executing program)
2023/03/05 15:07:47 fetching corpus: 188, signal 10594/79453/98243 (executing program)
2023/03/05 15:07:47 fetching corpus: 188, signal 10594/79453/99136 (executing program)
2023/03/05 15:07:47 fetching corpus: 188, signal 10594/79453/100003 (executing program)
2023/03/05 15:07:47 fetching corpus: 188, signal 10594/79453/100859 (executing program)
2023/03/05 15:07:47 fetching corpus: 188, signal 10594/79453/101730 (executing program)
2023/03/05 15:07:47 fetching corpus: 188, signal 10594/79453/102589 (executing program)
2023/03/05 15:07:47 fetching corpus: 188, signal 10594/79453/103457 (executing program)
2023/03/05 15:07:47 fetching corpus: 188, signal 10594/79453/104323 (executing program)
2023/03/05 15:07:47 fetching corpus: 188, signal 10594/79453/105178 (executing program)
2023/03/05 15:07:47 fetching corpus: 188, signal 10594/79453/106052 (executing program)
2023/03/05 15:07:47 fetching corpus: 188, signal 10594/79453/106937 (executing program)
2023/03/05 15:07:47 fetching corpus: 188, signal 10594/79453/107764 (executing program)
2023/03/05 15:07:47 fetching corpus: 188, signal 10594/79453/108641 (executing program)
2023/03/05 15:07:47 fetching corpus: 188, signal 10594/79453/109494 (executing program)
2023/03/05 15:07:47 fetching corpus: 188, signal 10594/79453/110392 (executing program)
2023/03/05 15:07:47 fetching corpus: 188, signal 10594/79453/111218 (executing program)
2023/03/05 15:07:47 fetching corpus: 188, signal 10594/79453/112051 (executing program)
2023/03/05 15:07:47 fetching corpus: 188, signal 10594/79453/112934 (executing program)
2023/03/05 15:07:47 fetching corpus: 188, signal 10594/79453/113839 (executing program)
2023/03/05 15:07:47 fetching corpus: 188, signal 10594/79453/114695 (executing program)
2023/03/05 15:07:47 fetching corpus: 188, signal 10594/79453/115567 (executing program)
2023/03/05 15:07:47 fetching corpus: 188, signal 10594/79453/116429 (executing program)
2023/03/05 15:07:47 fetching corpus: 188, signal 10594/79453/117324 (executing program)
2023/03/05 15:07:47 fetching corpus: 188, signal 10594/79453/118193 (executing program)
2023/03/05 15:07:47 fetching corpus: 188, signal 10594/79453/119076 (executing program)
2023/03/05 15:07:47 fetching corpus: 188, signal 10594/79453/119945 (executing program)
2023/03/05 15:07:47 fetching corpus: 188, signal 10594/79453/120805 (executing program)
2023/03/05 15:07:47 fetching corpus: 188, signal 10594/79453/121687 (executing program)
2023/03/05 15:07:47 fetching corpus: 188, signal 10594/79453/122576 (executing program)
2023/03/05 15:07:47 fetching corpus: 188, signal 10594/79453/123404 (executing program)
2023/03/05 15:07:47 fetching corpus: 188, signal 10594/79453/124262 (executing program)
2023/03/05 15:07:47 fetching corpus: 188, signal 10594/79453/124605 (executing program)
2023/03/05 15:07:47 fetching corpus: 188, signal 10594/79453/124605 (executing program)
2023/03/05 15:07:48 starting 1 fuzzer processes
2023/03/05 15:07:48 ----- generateCall 248 fstat fstat
2023/03/05 15:07:48 ----- generateCall 171 dup2 dup2
2023/03/05 15:07:48 ----- generateCall 4200 writev writev
2023/03/05 15:07:48 ----- generateCall 2462 openat openat
2023/03/05 15:07:48 ----- generateCall 202 fcntl$addseals fcntl$addseals
2023/03/05 15:07:48 ----- generateCall 171 dup2 dup2
2023/03/05 15:07:48 ----- generateCall 250 fsync fsync
2023/03/05 15:07:48 ----- generateCall 213 fcntl$setpipe fcntl$setpipe
2023/03/05 15:07:48 ----- generateCall 217 fgetxattr fgetxattr
2023/03/05 15:07:48 ----- generateCall 239 fsetxattr$trusted_overlay_nlink fsetxattr$trusted_overlay_nlink
2023/03/05 15:07:48 ----- generateCall 2459 open$dir open$dir
2023/03/05 15:07:48 ----- generateCall 2350 lseek lseek
2023/03/05 15:07:48 ----- generateCall 248 fstat fstat
2023/03/05 15:07:48 ----- generateCall 131 close close
2023/03/05 15:07:48 ----- generateCall 2350 lseek lseek
2023/03/05 15:07:48 map[./file0:true ./file1:true]
2023/03/05 15:07:48 HasCrashFail: false, .HasNetFail: false
2023/03/05 15:07:48 prog length: 20
2023/03/05 15:07:48 HasCrashFail:false HasNetFail:false
15:07:48 ---executing program 0:
---
---
---
r0 = dup(0xffffffffffffffff)
fstat(r0, &(0x7f0000000000))
r1 = openat(0xffffffffffffffff, &(0x7f0000000080)='./file0\x00', 0x82, 0x109)
r2 = dup2(r1, r0)
writev(r1, &(0x7f00000010c0)=[{&(0x7f00000000c0)="094d8be74b58ad261e5a09387207248fec778fbfd73b9b967d9152d61db7a930e828b00c4fd41f53224e2bfbb897953b70869856d2e4491230f8fd59479707d822d7d09edf3242dbc208e9c79277cacd20e0b7fc7d3e19b052537eccd1e90ca22de660aad7770597530176c7f89c2a1fa711ada767efb3d5f90835e4e4755559945ec4777d24ed5d31d94273c37916f9fda0bf88d53cfb9096ec63da6df07028c3a15f83733373bb79e8eb5256cc5ec293049824bf7ef9ccf3428e954ccf0b6f4213924c57e485819855a4de196106b709f53e2124c443ea1b27485a0dac2366e27226f1e3819ee5f359f206504469afe3810fa7a7473816ef9146b9020aa99f799f3d60c7d55f5913e327e160df32db8bb9b0e1fd7b8e7f6ac0d303d01bcc1ff56c2de1c9e1ca352aca53329ec1c62e931834e6af4be10e1586fec5db8b322d85e9a5139ae8a7e956b3054d833d7afce7c5666a2c49ac4bbecdb256442d1ef10d94d084507d4e80be8493823c62249dafef8e86f72c4a0504c04dd2f8273aba2178d639b42e26579844df5b8ac0a9921925b7a1516b5045381863d80779030d64745876c133d81c6146ffea3ab9baff39ee1b0b024d40bef7823ad91e785dac1423bfeadafda59d620b7d33cba0017750826b8a9323303c92edaf2bb3162b64c16f2001355af72f5240a7e9b510f948844a6ffb62937111a83278c17ca31377826f7779a35e8098efa5483f5dd05bde673b221bf70c9744efad3a9a594971f4b26c69aa7ab91169b95d2c17dc77fbd7b410fa202aaa034dc454a8800c7111800e216d3ef96dffb9016497cd43b17828bd1a21b7959304c6f98c5fa036c795844a72adb2c2da6fcaa6c706255d68bd0b689c53a7c0eb14cc12105bb03ae5920cc560fbdd5b177f6d5330bb056a8e63ab41bacea91efe40564f969e26f29298cb69eac396d49346134d21e0f64fd24724ee1b71d5b4dbe32a6fdf13d0d4475be8e69a99f38308e493bf6d4a3275489804bdc1cb27da8ed29ea597f062a921fa95d614fae9ae81806115d46173a5c910290581f7f63e30ea8e1bb61b14d92639bce9e3cde22fd64eebfa9384cf8ddb65a77c1a9336f79d2a73db7d3a940e68409ef2f98879007c8d3099938b54fb60007aeaf08e8d6ebda32c9101b83ac4ffdddd49da01dea1c890f6a6b65af9c47520f5021ec914853183ee4a471d9ad7ed51f1c7fa7ae98df4ed17aa206dc07f68a2213efa54aa2e515ad98a79cbd7412a88b277957e1c898a203e966643f97200132625fa46ab293c2594f451f597909cbbe994e6ce6892c6e7970a54e322646d8f7f91d054f0df80df05e0007724246ec354b8bea0c153035ca2af02624f32f8e40bd77421901fce0de9540d3f435ab002ba7c94fb805500e56ae384f37a2252b314ba8db64b54ffc7b97a79ad68eda8d7749d5df7b92a164c4cd51aa056ce942572ab05efcf306f94456d356da348eb8879ca3c056e339d3a8d7f59b0063510df90205d841b9d30b81f1e49bf3f6b27c5c2e90bf2c3e866ecf56d38ea6d4abd476227b9d6647113da39291f78d79cd8eda3647a976d7305ca729493877a6a32cbb82ce91671f52539dcc5e5bbc609f05d558ea7a5ce633fbb1337b791a74f3c013cc372b6a8c78cd8e5933fe74f6b838122489238401828f626f88b1e394909c47903b69e63fc968de12369f41ae9f9f2daf23e8217ca4e4b86cce725d58de1792bf10b6661ad67cf6eb20ab39d35c505aa6bd3527ca89e3c60190f13a9d1be5c43744b3e197e9657350082abe50dba1e1dfe7e238adf9b1214da5a70fd3a34cdc5900f33ac940d40bc2ce8ea759d2a7c0c0d44f873d7150354b2b868e3ebe0f0463a9563dffc063cdf256fbb592730a5b6a41a47339c1e91cef47fbc64097b50ca44e10130f4d2f408ac894dc493837a3145f49b053abffed5ccadef06b3027f69bef7b08f0a9e79a6efcf2895e2aad0bdb2b46316ee8355d36f513ab7270a6a48451c35138c076c4c14eff155a72d194b17c550577158837f9bed38acc58c78844012a7be729c16406e1626f6269afa8b737ea02c57e9ae3702912974838c1b30d546e9b0692428d5ff98be66001594f1c06f28efeccea666d5f604259e48eb2aa4b27f7bb9cd3330b20ea7a4468da7f12a42b4d0df662d618ae4a50f539c3aafed536e030bbfa0f315527f946bfe89858331d087aff0aff0bf8f381d6d813554802ed51741e4fe5762f2fbc293ee9a6ddb3515b9dfe2701f6418eaddacdb4460435a669c3263d70c48a1e8a90de0efed283c9a2c46411fc9234cdf1c59b9f6253635c4cc75cf046c0a3a5037f13c7b4aa6c365e42c442bf8ffa0d55da6c23bf11b37d00046a7a3731c2e90a5deeccd545337df1d7979fcd985ff5d3b12ef8f4104ed29c26b4c91ac9f14c5d584b22fddfed87f1ac43c0eabd3f5909129f25327758af0955190c5731dbd573364e0e1a9d87a154cf02538608d90400da3015258637718ef7cc4b339a6bc456fa8206b34bdddf298a3aff42cbcd147f1ad0a06aaa8c9a6b0666c4751ca7efe8e0945762cee706b385256456dda3b270c75e5297a91ea927eef7f5f62fa722c6de2722ca127d3ab7db67e451867759ccc80f0320fb8194f934f371771a20ffef798caf943de67e545384578b267b89e23dedaa57ffc5ce82f3a87fd4cb20ec27c46d6c503692fa89ce17824b725721d3c18e282b6df09a262eb68245068baf9fd8e4b78df0b636a6d1fd87697f3d89399202eb611365567d3f06e81a962d3c4f0be8c21d536a0f364816a225e5a8e1a78d7041ceed4af688ab83de3fe7afb8b723bfab006dcd9a0df19a66334c457757f3dcf2827c50d8ea1545c724c507ee6e83abd4d691db4ce8947ff434f27df680bfb21a4ac46649b6434baf06342e2c76e8ca896792948f5fe9915a449e2f4f3811a24764c73d820d45d7a2c450699a227210ad6eaeab9da7e4c95e53459fe97cbb6ce9dd053a74e654beaaef8270f19e25927e15c526ce92efa7d98a156471e5194d27ae7964d6af004d8388e04e64c0a21676029b0cde3981fe977bcdbea2b2ffe7c2a46323f46ea81e0d086aa2035b12ab24f5decf5c382455b8888695397a5d8d3abbc3a71009dd1f6e4bf38db82a0790f1cdf4dd181ae140f37a5f542ef1daab4b1570afb6c683486d72c98abc60cb5524ec2b13a9494cfe436e29f4f59313577ebcc3dadd9e786bc1a806355fc536b0a237c5ea42a071a5136f74cadb9f8d7cafe515747763ad6d9abe263edb4edbd2bfea385c67f5fa14365c359d373f160dfd00b0419de468e5e88c1073a275762fccd4ec6882511fa95dbb9d646a745297362396102a85642ffcf8cf09f6d40eb21025aae453ff21540176ac96e00c7ed5fd28925f81c509b41cf632054d627970bff68570186bc474a4613c92cf2c2ef4be2f113424bd3177e4c722f08570ea22a1d5219debcfd68c6f838fb46edb6a15cc108773b8912ba5dcc2b98674a2f70d1168a2320b738e249a84c77d7fe607a1f8f193b3600bb36125be9b3b7be36f370b81b86b2974ee1583efc9fb6e7deee37092dcc549d7ffdf3349f9d994de87dae57f72fa81af9bffd530d59f6ee1d82221c5ad1c6781a769cfa98cb109e7885f89f35f14aacf7a5f83705717e668bf1da19d353ed50389d8442e0bfe445afeb11e6ade5a4f9f7edf2934d197cb965278b23935b5429796d6ce22b37bc2ee20276dd80ee308bf056864ef76b59aa696290cd49bf49aa73ac05a35a4c91dd8c6f83d9fcd11bf6b6653f8ab15713d6f14c0d57734178d6e337748f4cad6c5314ccc636ccaaeec19768fdb3a670c7d30ddd3ffb70f9684408e816be1f47142947de83b91375606a839052ff2272b7b9df02eab8acd78d10bc101bd8ad32c4e220c8da4840e71fce1fa5aecf37d3dfe7bdb21eb6eb5acd9c182eb2dee81dd56712903e95f5238fd7e3db867c9df2353f26bb286a91682f45ebefa4bc8ce8db96682d9e01692b53758d2aad41efdbba2e492c3750a9305eb3e07e7c25d0b0378b1bde3f9ccb0ee7821f1cd367e13019167b26d6dd235abe8b80b40872f7a216d0256f4b078238865c44caa3642ed9f1b406ac01c834c7646b62ca0169b2e41f466894603352103ea94bb712c9fc2dc0823d6c408fde16af628514ed0192ec7f6b39ed1a5b1efb6689d079122d669255b17d882e0098ce534503973889a345de07be2fe09aa9b6395a59480080888e48db16a7b10cdf0b91b105c55fb6207748de50ea025310ae5d4a5806562fa1d92587d26babcb5c8333f2e69ef220fe402bed89e7d071cfca17cb04df27ead92f0a8b096f52460c31aca29140a8b114053d65aff8d1b38db12067283598f03464e73c1187bcb83da02b0eab9f8697f5a79af121b9e552d75cc8ac9539bc78c58798167a53e86d6920ab677f135172047a7d0193297dcd0ccc75b74b7d0715cbee903352478ba5d848b0a1d2e0c43c2f3f78693aff4b36ba7f745c105a0107da304aab3742ae33863f607746d0f9f389e1736f6d4e52ed74820fa75077a83b1b0ea6e492c410adb77225dff63c5b3e6522c137b4f466afeec95a449b8ae530f4fdef486a4efc2959f360ac075fec5acd196bd44b9a81addefa0248164550100d344e392b5d42759488844181cc96a2dc0d2d3a5398a277764a44cb5be3519891c51339cbc9e3416a370e1fb41b9e4631ee58516a8c2865bb6d9b3032e440cb24cbbe1c6799b17e8a1bc2dc78430e4523f9460804ebcffd9f5d6e4bb45a6ebe6ad48f57a3406fd0aca4f8e0da4717a5959aeeaaa6b8e8dd90f8f88f420690ef643ab9a3bcbc940f363c1261a7ef3a94fea784f860f149f5d02cbe3ecb8022b417ea6dc196714ff567183355da8c7fd2b812bb668a76df79426ec180931937db23a2f8ef96432b7648330e8f5b58ea9fdd31decb54decb93e63dcf69a99aa18a1757d7c8e4b5bc9a765234bc0e9df39814134357dcca824f39989cac641a29e9888e9ba9418c295fc48d5c875d0447e2fd8da0872745b96070fa1255bb93fafc3531bfaac282983a46ca8f4862946cf5dd70cdd268ab648cf7a3926867b49c26d579ca6ff81b9908714d1ea1f5919a60436daa0f0769ecc12ce8651be3cf72af1f48801874afb72c80d24f54e9a67a6dfe96c2193f74b13f9ac370fdbf0132f1d4a026f819f9fff50e3d9b8acfeab8a4f5a19f689b8e7021c156a43a973fe06ff9e6e396801da98795fb3a69dd5217175cb1db8f7a7cc327512fc4c88e97054559512835b972e3489aedd54194e58c3c56a0a48c1814113842beeb590d636eb68e6e653113df83a4db97dea24a6dd6d0ca8fc011c730ec761aebae451710a4cec85fbf7b998afe098f9a0fe37d5e0db2cafbfe09f8937a9ee1d335acff053f63f1a372334b38f371d396d9099117d15f1ff769739e29318603a00e2bd248c460f2cdb8372165d5be80585099c8530f6a40404e160979c97702749535e646a2a89591a7d56c49df814ab12ae6e77a724fbd4c82d3b116272e77c49eab373b3f0c3212cf8de322b51c77a9e324195d4864df2df19184425fbb63aa6ecd6e10b5dd70b3be07024c0dfa3d84331c7ea585036840eee7814f1a49e40446efc44c1082eceb097fcfea4c70cb4a0f9f10a53c9bdf48fbcfeea2507441927c184824d5f1770f436149ac2447745520924847f76d5d1267c6225dd553d099d5aa226d21eeba375157821725538e4d4089d297e25de184c549f179044077", 0x1000}], 0x1)
r3 = openat(0xffffffffffffffff, &(0x7f0000001100)='./file1\x00', 0x1112c0, 0x8)
r4 = fcntl$dupfd(r3, 0x406, r1)
fcntl$addseals(r4, 0x409, 0x0)
dup2(r1, r2)
fsync(0xffffffffffffffff)
r5 = fcntl$dupfd(r3, 0x0, 0xffffffffffffffff)
fcntl$setpipe(r5, 0x407, 0x401)
fgetxattr(r3, &(0x7f0000001140)=@random={'user.', ').++.-,\'}]%\b..\x1a}\x00'}, &(0x7f0000001180)=""/162, 0xa2)
fsetxattr$trusted_overlay_nlink(0xffffffffffffffff, &(0x7f0000001240), &(0x7f0000001280)={'L+', 0x101}, 0x16, 0x1)
open$dir(&(0x7f00000012c0)='./file1\x00', 0x20000, 0x28)
lseek(r0, 0x2, 0x3)
fstat(0xffffffffffffffff, &(0x7f0000001300))
r6 = open(&(0x7f0000001380)='./file0\x00', 0x80, 0xc0)
close(r6)
lseek(r5, 0x6, 0x3)
---

end of program
2023/03/05 15:07:48 -----run executor: [/usr/bin/ssh -F /dev/null -o ConnectionAttempts=100 -o ConnectTimeout=120 -o UserKnownHostsFile=/dev/null -o BatchMode=yes -o IdentitiesOnly=yes -o StrictHostKeyChecking=no -o ConnectTimeout=100 -i /home/tlyu/dfs-fuzzing/disk-images/glusterfs-images/focal.id_rsa root@192.168.0.55 /root/syz-executor exec 0 0 glusterfs 3 4 192.168.0.55 0 "3 1 'disperse 3 redundancy 1'" false false false true false]
2023/03/05 15:07:48 -----run executor: [/usr/bin/ssh -F /dev/null -o ConnectionAttempts=100 -o ConnectTimeout=120 -o UserKnownHostsFile=/dev/null -o BatchMode=yes -o IdentitiesOnly=yes -o StrictHostKeyChecking=no -o ConnectTimeout=100 -i /home/tlyu/dfs-fuzzing/disk-images/glusterfs-images/focal.id_rsa root@192.168.0.56 /root/syz-executor exec 0 1 glusterfs 3 4 192.168.0.55 0 "3 1 'disperse 3 redundancy 1'" false false false true false]
2023/03/05 15:07:48 -----run executor: [/usr/bin/ssh -F /dev/null -o ConnectionAttempts=100 -o ConnectTimeout=120 -o UserKnownHostsFile=/dev/null -o BatchMode=yes -o IdentitiesOnly=yes -o StrictHostKeyChecking=no -o ConnectTimeout=100 -i /home/tlyu/dfs-fuzzing/disk-images/glusterfs-images/focal.id_rsa root@192.168.0.57 /root/syz-executor exec 0 2 glusterfs 3 4 192.168.0.55 0 "3 1 'disperse 3 redundancy 1'" false false false true false]
2023/03/05 15:07:48 -----run executor: [/usr/bin/ssh -F /dev/null -o ConnectionAttempts=100 -o ConnectTimeout=120 -o UserKnownHostsFile=/dev/null -o BatchMode=yes -o IdentitiesOnly=yes -o StrictHostKeyChecking=no -o ConnectTimeout=100 -i /home/tlyu/dfs-fuzzing/disk-images/glusterfs-images/focal.id_rsa root@192.168.0.58 /root/syz-executor exec 1 3 glusterfs 3 4 192.168.0.55 0 "3 1 'disperse 3 redundancy 1'" false false false true false]
Warning: Permanently added '192.168.0.55' (ECDSA) to the list of known hosts.
Warning: Permanently added '192.168.0.56' (ECDSA) to the list of known hosts.
Warning: Permanently added '192.168.0.57' (ECDSA) to the list of known hosts.
Warning: Permanently added '192.168.0.58' (ECDSA) to the list of known hosts.
----- is restarting 0
---- dfs_name glusterfs is_dfs_client 0
unlink FIFO failed: No such file or directory
[    0.000000] kernel: Linux version 5.15.0+ (tlyu@IC-RS3-DPC07) (gcc (Ubuntu 9.4.0-1ubuntu1~20.04.1) 9.4.0, GNU ld (GNU Binutils for Ubuntu) 2.34) #8 SMP Fri Jun 3 16:18:40 CEST 2022
[    0.000000] kernel: Command line: root=/dev/sda console=ttyS0 net.ifnames=0 ip=192.168.0.57 quiet
[    0.000000] kernel: x86/fpu: Supporting XSAVE feature 0x001: 'x87 floating point registers'
[    0.000000] kernel: x86/fpu: Supporting XSAVE feature 0x002: 'SSE registers'
[    0.000000] kernel: x86/fpu: Supporting XSAVE feature 0x004: 'AVX registers'
[    0.000000] kernel: x86/fpu: Supporting XSAVE feature 0x020: 'AVX-512 opmask'
[    0.000000] kernel: x86/fpu: Supporting XSAVE feature 0x040: 'AVX-512 Hi256'
[    0.000000] kernel: x86/fpu: Supporting XSAVE feature 0x080: 'AVX-512 ZMM_Hi256'
[    0.000000] kernel: x86/fpu: Supporting XSAVE feature 0x200: 'Protection Keys User registers'
[    0.000000] kernel: x86/fpu: xstate_offset[2]:  576, xstate_sizes[2]:  256
[    0.000000] kernel: x86/fpu: xstate_offset[5]:  832, xstate_sizes[5]:   64
[    0.000000] kernel: x86/fpu: xstate_offset[6]:  896, xstate_sizes[6]:  512
[    0.000000] kernel: x86/fpu: xstate_offset[7]: 1408, xstate_sizes[7]: 1024
[    0.000000] kernel: x86/fpu: xstate_offset[9]: 2432, xstate_sizes[9]:    8
[    0.000000] kernel: x86/fpu: Enabled xstate features 0x2e7, context size is 2440 bytes, using 'compacted' format.
[    0.000000] kernel: signal: max sigframe size: 3632
[    0.000000] kernel: BIOS-provided physical RAM map:
[    0.000000] kernel: BIOS-e820: [mem 0x0000000000000000-0x000000000009fbff] usable
[    0.000000] kernel: BIOS-e820: [mem 0x000000000009fc00-0x000000000009ffff] reserved
[    0.000000] kernel: BIOS-e820: [mem 0x00000000000f0000-0x00000000000fffff] reserved
[    0.000000] kernel: BIOS-e820: [mem 0x0000000000100000-0x00000000bffdcfff] usable
[    0.000000] kernel: BIOS-e820: [mem 0x00000000bffdd000-0x00000000bfffffff] reserved
[    0.000000] kernel: BIOS-e820: [mem 0x00000000feffc000-0x00000000feffffff] reserved
[    0.000000] kernel: BIOS-e820: [mem 0x00000000fffc0000-0x00000000ffffffff] reserved
[    0.000000] kernel: BIOS-e820: [mem 0x0000000100000000-0x00000002bfffffff] usable
[    0.000000] kernel: NX (Execute Disable) protection: active
[    0.000000] kernel: SMBIOS 2.8 present.
[    0.000000] kernel: DMI: QEMU Standard PC (i440FX + PIIX, 1996), BIOS 1.13.0-1ubuntu1.1 04/01/2014
[    0.000000] kernel: Hypervisor detected: KVM
[    0.000000] kernel: kvm-clock: Using msrs 4b564d01 and 4b564d00
[    0.000000] kernel: kvm-clock: cpu 0, msr 4c758001, primary cpu clock
[    0.000002] kernel: kvm-clock: using sched offset of 779700408 cycles
[    0.000010] kernel: clocksource: kvm-clock: mask: 0xffffffffffffffff max_cycles: 0x1cd42e4dffb, max_idle_ns: 881590591483 ns
[    0.000022] kernel: tsc: Detected 2593.906 MHz processor
[    0.005833] kernel: e820: update [mem 0x00000000-0x00000fff] usable ==> reserved
[    0.005850] kernel: e820: remove [mem 0x000a0000-0x000fffff] usable
[    0.005867] kernel: last_pfn = 0x2c0000 max_arch_pfn = 0x10000000000
[    0.005932] kernel: x86/PAT: Configuration [0-7]: WB  WC  UC- UC  WB  WP  UC- WT  
[    0.005943] kernel: last_pfn = 0xbffdd max_arch_pfn = 0x10000000000
[    0.013430] kernel: found SMP MP-table at [mem 0x000f5c70-0x000f5c7f]
[    0.013493] kernel: Using GB pages for direct mapping
[    0.015069] kernel: ACPI: Early table checksum verification disabled
[    0.015087] kernel: ACPI: RSDP 0x00000000000F5A40 000014 (v00 BOCHS )
[    0.015178] kernel: ACPI: RSDT 0x00000000BFFE15C9 000030 (v01 BOCHS  BXPCRSDT 00000001 BXPC 00000001)
[    0.015204] kernel: ACPI: FACP 0x00000000BFFE149D 000074 (v01 BOCHS  BXPCFACP 00000001 BXPC 00000001)
[    0.015232] kernel: ACPI: DSDT 0x00000000BFFE0040 00145D (v01 BOCHS  BXPCDSDT 00000001 BXPC 00000001)
[    0.015252] kernel: ACPI: FACS 0x00000000BFFE0000 000040
[    0.015268] kernel: ACPI: APIC 0x00000000BFFE1511 000080 (v01 BOCHS  BXPCAPIC 00000001 BXPC 00000001)
[    0.0152executor 2 finishes userspace_cover_open
before receiving handshake request
req.flags ea2
89] kernel: ACPI: HPET 0x00000000BFFE1591 000038 (v01 BOCHS  BXPCHPET 00000001 BXPC 00000001)
[    0.015308] kernel: ACPI: Reserving FACP table memory at [mem 0xbffe149d-0xbffe1510]
[    0.015317] kernel: ACPI: Reserving DSDT table memory at [mem 0xbffe0040-0xbffe149c]
[    0.015326] kernel: ACPI: Reserving FACS table memory at [mem 0xbffe0000-0xbffe003f]
[    0.015334] kernel: ACPI: Reserving APIC table memory at [mem 0xbffe1511-0xbffe1590]
[    0.015342] kernel: ACPI: Reserving HPET table memory at [mem 0xbffe1591-0xbffe15c8]
[    0.016203] kernel: No NUMA configuration found
[    0.016208] kernel: Faking a node at [mem 0x0000000000000000-0x00000002bfffffff]
[    0.016225] kernel: NODE_DATA(0) allocated [mem 0x2bfffa000-0x2bfffdfff]
[    0.016388] kernel: Zone ranges:
[    0.016392] kernel:   DMA      [mem 0x0000000000001000-0x0000000000ffffff]
[    0.016403] kernel:   DMA32    [mem 0x0000000001000000-0x00000000ffffffff]
[    0.016413] kernel:   Normal   [mem 0x0000000100000000-0x00----- is restarting 0
---- dfs_name glusterfs is_dfs_client 1
----- is restarting 0
---- dfs_name glusterfs is_dfs_client 0
000002bfffffff]
[    0.016422] kernel: Movable zone start for each node
[    0.016425] kernel: Early memory node ranges
[    0.016428] kernel:   node   0: [mem 0x0000000000001000-0x000000000009efff]
[    0.016436] kernel:   node   0: [mem 0x0000000000100000-0x00000000bffdcfff]
[    0.016445] kernel:   node   0: [mem 0x0000000100000000-0x00000002bfffffff]
[    0.016458] kernel: Initmem setup node 0 [mem 0x0000000000001000-0x00000002bfffffff]
[    0.017157] kernel: On node 0, zone DMA: 1 pages in unavailable ranges
[    0.017231] kernel: On node 0, zone DMA: 97 pages in unavailable ranges
[    0.109706] kernel: On node 0, zone Normal: 35 pages in unavailable ranges
[    0.629305] kernel: kasan: KernelAddressSanitizer initialized
[    0.629891] kernel: ACPI: PM-Timer IO Port: 0x608
[    0.629917] kernel: ACPI: LAPIC_NMI (acpi_id[0xff] dfl dfl lint[0x1])
[    0.629972] kernel: IOAPIC[0]: apic_id 0, version 17, address 0xfec00000, GSI 0-23
[    0.629988] kernel: ACPI: INT_SRC_OVR (bus 0 bus_irq 0 global_irq 2 dfl dfl)
[    0.629999] kernel: ACPI: INT_SRC_OVR (bus 0 bus_irq 5 global_irq 5 high level)
[    0.630008] kernel: ACPI: INT_SRC_OVR (bus 0 bus_irq 9 global_irq 9 high level)
[    0.630018] kernel: ACPI: INT_SRC_OVR (bus 0 bus_irq 10 global_irq 10 high level)
[    0.630028] kernel: ACPI: INT_SRC_OVR (bus 0 bus_irq 11 global_irq 11 high level)
[    0.630046] kernel: ACPI: Using ACPI (MADT) for SMP configuration information
[    0.630052] kernel: ACPI: HPET id: 0x8086a201 base: 0xfed00000
[    0.630065] kernel: TSC deadline timer available
[    0.630069] kernel: smpboot: Allowing 2 CPUs, 0 hotplug CPUs
[    0.630109] kernel: kvm-guest: KVM setup pv remote TLB flush
[    0.630117] kernel: kvm-guest: setup PV sched yield
[    0.630152] kernel: PM: hibernation: Registered nosave memory: [mem 0x00000000-0x00000fff]
[    0.630163] kernel: PM: hibernation: Registered nosave memory: [mem 0x0009f000-0x0009ffff]
[    0.630170] kernel: PM: hibernation: Registered nosave memory: [mem 0x000a0000-0x000effff]
[    0.630177] kernel: PM: hibernation: Registered nosave memory: [mem 0x000f0000-0x000fffff]
[    0.630187] kernel: PM: hibernation: Registered nosave memory: [mem 0xbffdd000-0xbfffffff]
[    0.630194] kernel: PM: hibernation: Registered nosave memory: [mem 0xc0000000-0xfeffbfff]
[    0.630200] kernel: PM: hibernation: Registered nosave memory: [mem 0xfeffc000-0xfeffffff]
[    0.630207] kernel: PM: hibernation: Registered nosave memory: [mem 0xff000000-0xfffbffff]
[    0.630213] kernel: PM: hibernation: Registered nosave memory: [mem 0xfffc0000-0xffffffff]
[    0.630222] kernel: [mem 0xc0000000-0xfeffbfff] available for PCI devices
[    0.630229] kernel: Booting paravirtualized kernel on KVM
[    0.630236] kernel: clocksource: refined-jiffies: mask: 0xffffffff max_cycles: 0xffffffff, max_idle_ns: 1910969940391419 ns
[    0.644222] kernel: setup_percpu: NR_CPUS:64 nr_cpumask_bits:64 nr_cpu_ids:2 nr_node_ids:1
[    0.645271] kernel: percpu: Embedded 56 paunlink FIFO failed: No such file or directory
[    0.000000] kernel: Linux version 5.15.0+ (tlyu@IC-RS3-DPC07) (gcc (Ubuntu 9.4.0-1ubuntu1~20.04.1) 9.4.0, GNU ld (GNU Binutils for Ubuntu) 2.34) #8 SMP Fri Jun 3 16:18:40 CEST 2022
[    0.000000] kernel: Command line: root=/dev/sda console=ttyS0 net.ifnames=0 ip=192.168.0.55 quiet
[    0.000000] kernel: x86/fpu: Supporting XSAVE feature 0x001: 'x87 floating point registers'
[    0.000000] kernel: x86/fpu: Supporting XSAVE feature 0x002: 'SSE registers'
[    0.000000] kernel: x86/fpu: Supporting XSAVE feature 0x004: 'AVX registers'
[    0.000000] kernel: x86/fpu: Supporting XSAVE feature 0x020: 'AVX-512 opmask'
[    0.000000] kernel: x86/fpu: Supporting XSAVE feature 0x040: 'AVX-512 Hi256'
[    0.000000] kernel: x86/fpu: Supporting XSAVE feature 0x080: 'AVX-512 ZMM_Hi256'
[    0.000000] kernel: x86/fpu: Supporting XSAVE feature 0x200: 'Protection Keys User registers'
[    0.000000] kernel: x86/fpu: xstate_offset[2]:  576, xstate_sizes[2]:  256
[    0.000000] kernel: x86/fpu: xstate_before receiving handshake request
offset[5]:  832, xstate_sizes[5]:   64
[    0.000000] kernel: x86/fpu: xstate_offset[6]:  896, xstate_sizes[6]:  512
[    0.000000] kernel: x86/fpu: xstate_offset[7]: 1408, xstate_sizes[7]: 1024
[    0.000000] kernel: x86/fpu: xstate_offset[9]: 2432, xstate_sizes[9]:    8
[    0.000000] kernel: x86/fpu: Enabled xstate features 0x2e7, context size is 2440 bytes, using 'compacted' format.
[    0.000000] kernel: signal: max sigframe size: 3632
[    0.000000] kernel: BIOS-provided physical RAM map:
[    0.000000] kernel: BIOS-e820: [mem 0x0000000000000000-0x000000000009fbff] usable
[    0.000000] kernel: BIOS-e820: [mem 0x000000000009fc00-0x000000000009ffff] reserved
[    0.000000] kernel: BIOS-e820: [mem 0x00000000000f0000-0x00000000000fffff] reserved
[    0.000000] kernel: BIOS-e820: [mem 0x0000000000100000-0x00000000bffdcfff] usable
[    0.000000] kernel: BIOS-e820: [mem 0x00000000bffdd000-0x00000000bfffffff] reserved
[    0.000000] kernel: BIOS-e820: [mem 0x00000000feffc000-0x00000000feffffff] reserved
[    0.000000] kernel: BIOS-e820: [mem 0x00000000fffc0000-0x00000000ffffffff] reserved
[    0.000000] kernel: BIOS-e820: [mem 0x0000000100000000-0x00000002bfffffff] usable
[    0.000000] kernel: NX (Execute Disable) protection: active
[    0.000000] kernel: SMBIOS 2.8 present.
[    0.000000] kernel: DMI: QEMU Standard PC (i440FX + PIIX, 1996), BIOS 1.13.0-1ubuntu1.1 04/01/2014
[    0.000000] kernel: Hypervisor detected: KVM
[    0.000000] kernel: kvm-clock: Using msrs 4b564d01 and 4b564d00
[    0.000000] kernel: kvm-clock: cpu 0, msr 24bf58001, primary cpu clock
[    0.000002] kernel: kvm-clock: using sched offset of 716380360 cycles
[    0.000009] kernel: clocksource: kvm-clock: mask: 0xffffffffffffffff max_cycles: 0x1cd42e4dffb, max_idle_ns: 881590591483 ns
[    0.000021] kernel: tsc: Detected 2593.906 MHz processor
[    0.005673] kernel: e820: update [mem 0x00000000-0x00000fff] usable ==> reserved
[    0.005689] kernel: e820: remove [mem 0x000a0000-0x000fffff] usable
[    0.005705] kernel: last_pfn = 0x2c0000 max_arch_pfn = 0x10000000000
[    0.005762] kernel: x86/PAT: Configuration [0-7]: WB  WC  UC- UC  WB  WP  UC- WT  
[    0.005772] kernel: last_pfn = 0xbffdd max_arch_pfn = 0x10000000000
[    0.013262] kernel: found SMP MP-table at [mem 0x000f5c70-0x000f5c7f]
[    0.013320] kernel: Using GB pages for direct mapping
[    0.013947] kernel: ACPI: Early table checksum verification disabled
[    0.013956] kernel: ACPI: RSDP 0x00000000000F5A40 000014 (v00 BOCHS )
[    0.013977] kernel: ACPI: RSDT 0x00000000BFFE15C9 000030 (v01 BOCHS  BXPCRSDT 00000001 BXPC 00000001)
[    0.014001] kernel: ACPI: FACP 0x00000000BFFE149D 000074 (v01 BOCHS  BXPCFACP 00000001 BXPC 00000001)
[    0.014027] kernel: ACPI: DSDT 0x00000000BFFE0040 00145D (v01 BOCHS  BXPCDSDT 00000001 BXPC 00000001)
[    0.014047] kernel: ACPI: FACS 0x00000000BFFE0000 000040
[    0.014062] kernel: ACPI: APIC 0x00000000BFFE1511 000080 (v01 BOCHS  BXPCAPIC 00000001 BXPC 00000001)
[    0.014ges/cpu s191576 r8192 d29608 u1048576
[    0.645309] kernel: pcpu-alloc: s191576 r8192 d29608 u1048576 alloc=1*2097152
[    0.645326] kernel: pcpu-alloc: [0] 0 1 
[    0.645422] kernel: kvm-guest: setup async PF for cpu 0
[    0.645434] kernel: kvm-guest: stealtime: cpu 0, msr 26501f140
[    0.645445] kernel: Built 1 zonelists, mobility grouping on.  Total pages: 2580189
[    0.645453] kernel: Policy zone: Normal
[    0.645458] kernel: Kernel command line: root=/dev/sda console=ttyS0 net.ifnames=0 ip=192.168.0.57 quiet
[    0.653037] kernel: Dentry cache hash table entries: 2097152 (order: 12, 16777216 bytes, linear)
[    0.656523] kernel: Inode-cache hash table entries: 1048576 (order: 11, 8388608 bytes, linear)
[    0.656641] kernel: mem auto-init: stack:off, heap alloc:off, heap free:off
[    1.072141] kernel: Memory: 8817336K/10485228K available (47117K kernel code, 10298K rwdata, 7204K rodata, 2068K init, 2860K bss, 1667692K reserved, 0K cma-reserved)
[    1.072397] kernel: SLUB: HWalign=64, Order=0-3, MinObjects=0, CPUs=2, Nodes=1
[    1.074386] kernel: rcu: Hierarchical RCU implementation.
[    1.074399] kernel: rcu:         RCU event tracing is enabled.
[    1.074403] kernel: rcu:         RCU restricting CPUs from NR_CPUS=64 to nr_cpu_ids=2.
[    1.074417] kernel: rcu: RCU calculated value of scheduler-enlistment delay is 100 jiffies.
[    1.074423] kernel: rcu: Adjusting geometry for rcu_fanout_leaf=16, nr_cpu_ids=2
[    1.092362] kernel: NR_IRQS: 4352, nr_irqs: 440, preallocated irqs: 16
[    1.115178] kernel: random: get_random_bytes called from start_kernel+0x22b/0x456 with crng_init=0
[    1.119389] kernel: Console: colour VGA+ 80x25
[    1.119540] kernel: printk: console [ttyS0] enabled
[    1.119595] kernel: ACPI: Core revision 20210730
[    1.119895] kernel: clocksource: hpet: mask: 0xffffffff max_cycles: 0xffffffff, max_idle_ns: 19112604467 ns
[    1.120053] kernel: APIC: Switch to symmetric I/O mode setup
[    1.120061] kernel: kvm-guest: setup PV IPIs
[    1.121058] kernel: ..TIMER: vector=0x30 apic1=0 pin1=2 apic2=-1 pin2=-1
[    1.121097] kernel: clocksource: tsc-early: mask: 0xffffffffffffffff max_cycles: 0x2563bf907c6, max_idle_ns: 440795319401 ns
[    1.121126] kernel: Calibrating delay loop (skipped) preset value.. 5187.81 BogoMIPS (lpj=2593906)
[    1.121139] kernel: pid_max: default: 32768 minimum: 301
[    1.121229] kernel: LSM: Security Framework initializing
[    1.121265] kernel: SELinux:  Initializing.
[    1.121415] kernel: Mount-cache hash table entries: 32768 (order: 6, 262144 bytes, linear)
[    1.122131] kernel: Mountpoint-cache hash table entries: 32768 (order: 6, 262144 bytes, linear)
[    1.123836] kernel: x86/cpu: User Mode Instruction Prevention (UMIP) activated
[    1.123957] kernel: Last level iTLB entries: 4KB 0, 2MB 0, 4MB 0
[    1.123965] kernel: Last level dTLB entries: 4KB 0, 2MB 0, 4MB 0, 1GB 0
[    1.124001] kernel: Spectre V1 : Mitigation: usercopy/swapgs barriers and __user pointer sanitization
[    1.124015] kernel: Spectre V2 : Mitigation: Enhanced IBRS
[    1.124020] kernel: Spectre V2 : Spectre v2 / SpectreRSB mitigation: Filling RSB on context switch
[    1.124029] kernel: Spectre V2 : mitigation: Enabling conditional Indirect Branch Prediction Barrier
[    1.124039] kernel: Speculative Store Bypass: Mitigation: Speculative Store Bypass disabled via prctl and seccomp
[    1.124046] kernel: TAA: Mitigation: TSX disabled
[    1.149332] kernel: Freeing SMP alternatives memory: 40K
[    1.150311] kernel: smpboot: CPU0: Intel(R) Xeon(R) Gold 6348 CPU @ 2.60GHz (family: 0x6, model: 0x6a, stepping: 0x6)
[    1.150605] kernel: Performance Events: Icelake events, 32-deep LBR, full-width counters, Intel PMU driver.
[    1.150767] kernel: ... version:                2
[    1.150772] kernel: ... bit width:              48
[    1.150776] kernel: ... generic registers:      8
[    1.150781] kernel: ... value mask:             0000ffffffffffff
[    1.150787] kernel: ... max period:             00007fffffffffff
[    1.150792] kernel: ... fixed-purpose events:   3
[    1.150797] kernel: ... event mask:             00000007000000ff
[    1.151254] kernel: rcu: Hierarchical SRCU implementation.
[    1.152601] kernel: smp: Bringing up secondary CPUs ...
[    1.152859] kernel: x86: Booting SMP configuration:
[    1.152864] kernel: .... node  #0, CPUs:      #1
[    0.006014] kernel: kvm-clock: cpu 1, msr 4c758041, secondary cpu clock
[    0.006014] kernel: smpboot: CPU 1 Converting physical 0 to logical die 1
[    1.162594] kernel: kvm-guest: setup async PF for cpu 1
[    1.162594] kernel: kvm-guest: stealtime: cpu 1, msr 26511f140
[    1.162594] kernel: smp: Brought up 1 node, 2 CPUs
[    1.162594] kernel: smpboot: Max logical packages: 2
[    1.162594] kernel: smpboot: Total of 2 processors activated (10375.62 BogoMIPS)
[    1.163926] kernel: devtmpfs: initialized
[    1.169580] kernel: clocksource: jiffies: mask: 0xffffffff max_cycles: 0xffffffff, max_idle_ns: 1911082] kernel: ACPI: HPET 0x00000000BFFE1591 000038 (v01 BOCHS  BXPCHPET 00000001 BXPC 00000001)
[    0.014100] kernel: ACPI: Reserving FACP table memory at [mem 0xbffe149d-0xbffe1510]
[    0.014108] kernel: ACPI: Reserving DSDT table memory at [mem 0xbffe0040-0xbffe149c]
[    0.014116] kernel: ACPI: Reserving FACS table memory at [mem 0xbffe0000-0xbffe003f]
[    0.014123] kernel: ACPI: Reserving APIC table memory at [mem 0xbffe1511-0xbffe1590]
[    0.014130] kernel: ACPI: Reserving HPET table memory at [mem 0xbffe1591-0xbffe15c8]
[    0.014993] kernel: No NUMA configuration found
[    0.014999] kernel: Faking a node at [mem 0x0000000000000000-0x00000002bfffffff]
[    0.015014] kernel: NODE_DATA(0) allocated [mem 0x2bfffc000-0x2bfffffff]
[    0.015753] kernel: Zone ranges:
[    0.015760] kernel:   DMA      [mem 0x0000000000001000-0x0000000000ffffff]
[    0.015772] kernel:   DMA32    [mem 0x0000000001000000-0x00000000ffffffff]
[    0.015782] kernel:   Normal   [mem 0x0000000100000000-0x00000002bfffffff]
[    0.015791] kernel: Movable zone start for each node
[    0.015795] kernel: Early memory node ranges
[    0.015798] kernel:   node   0: [mem 0x0000000000001000-0x000000000009efff]
[    0.015806] kernel:   node   0: [mem 0x0000000000100000-0x00000000bffdcfff]
[    0.015814] kernel:   node   0: [mem 0x0000000100000000-0x00000002bfffffff]
[    0.015825] kernel: Initmem setup node 0 [mem 0x0000000000001000-0x00000002bfffffff]
[    0.016393] kernel: On node 0, zone DMA: 1 pages in unavailable ranges
[    0.016462] kernel: On node 0, zone DMA: 97 pages in unavailable ranges
[    0.105998] kernel: On node 0, zone Normal: 35 pages in unavailable ranges
[    0.607441] kernel: kasan: KernelAddressSanitizer initialized
[    0.607783] kernel: ACPI: PM-Timer IO Port: 0x608
[    0.607804] kernel: ACPI: LAPIC_NMI (acpi_id[0xff] dfl dfl lint[0x1])
[    0.607847] kernel: IOAPIC[0]: apic_id 0, version 17, address 0xfec00000, GSI 0-23
[    0.607862] kernel: ACPI: INT_SRC_OVR (bus 0 bus_irq 0 global_irq 2 dfl dfl)
[    0.607872] kernel: ACPI: INT_SRC_OVR (bus 0 bus_irq 5 global_irq 5 high level)
[    0.607881] kernel: ACPI: INT_SRC_OVR (bus 0 bus_irq 9 global_irq 9 high level)
[    0.607891] kernel: ACPI: INT_SRC_OVR (bus 0 bus_irq 10 global_irq 10 high level)
[    0.607900] kernel: ACPI: INT_SRC_OVR (bus 0 bus_irq 11 global_irq 11 high level)
[    0.607918] kernel: ACPI: Using ACPI (MADT) for SMP configuration information
[    0.607923] kernel: ACPI: HPET id: 0x8086a201 base: 0xfed00000
[    0.607934] kernel: TSC deadline timer available
[    0.607939] kernel: smpboot: Allowing 2 CPUs, 0 hotplug CPUs
[    0.607971] kernel: kvm-guest: KVM setup pv remote TLB flush
[    0.607978] kernel: kvm-guest: setup PV sched yield
[    0.608011] kernel: PM: hibernation: Registered nosave memory: [mem 0x00000000-0x00000fff]
[    0.608022] kernel: PM: hibernation: Registered nosave memory: [mem 0x0009f000-0x0009ffff]
[    0.608028] kernel: PM: hibernation: Registered nosave memory: [mem 0x000a0000-0x000effff]
[    0.608035] kernel: PM: hibernation: Registered nosave memory: [mem 0x000f0000-0x000fffff]
[    0.608045] kernel: PM: hibernation: Registered nosave memory: [mem 0xbffdd000-0xbfffffff]
[    0.608052] kernel: PM: hibernation: Registered nosave memory: [mem 0xc0000000-0xfeffbfff]
[    0.608058] kernel: PM: hibernation: Registered nosave memory: [mem 0xfeffc000-0xfeffffff]
[    0.608065] kernel: PM: hibernation: Registered nosave memory: [mem 0xff000000-0xfffbffff]
[    0.608071] kernel: PM: hibernation: Registered nosave memory: [mem 0xfffc0000-0xffffffff]
[    0.608080] kernel: [mem 0xc0000000-0xfeffbfff] available for PCI devices
[    0.608086] kernel: Booting paravirtualized kernel on KVM
[    0.608093] kernel: clocksource: refined-jiffies: mask: 0xffffffff max_cycles: 0xffffffff, max_idle_ns: 1910969940391419 ns
[    0.622974] kernel: setup_percpu: NR_CPUS:64 nr_cpumask_bits:64 nr_cpu_ids:2 nr_node_ids:1
[    0.623700] kernel: percpu: Embedded 56 pages/cpu s191576 r8192 d29608 u1048576
[    0.623734] kernel: pcpu-alloc: s191576 r8192 d29608 u1048576 alloc=1*2097152
[    0.623749] kernel: pcpu-alloc: [0] 0 1 
[    0.623834] kernel: kvm-guest: setup async PF for cpu 0
[    0.623844] kernel: kvm-guest: stealtime: cpu 0, msr 26501f140
[    0.623854] kernel: Built 1 zonelists, mobility grouping on.  Total pages: 2580189
[    0.623861] kernel: Policy zone: Normal
[    0.623866] kernel: Kernel command line: root=/dev/sda console=ttyS0 net.ifnames=0 ip=192.168.0.55 quiet
[    0.629472] kernel: Dentry cache hash table entries: 2097152 (order: 12, 16777216 bytes, linear)
[    0.632155] kernel: Inode-cache hash table entries: 1048576 (order: 11, 8388608 bytes, linear)
[    0.632271] kernel: mem auto-init: stack:off, heap alloc:off, heap free:off
[    0.894264] kernel: Memory: 8817344K/10485228K available (47117K kernel code, 10298K rwdata, 7204K rodata, 2068K init, 2860K bss, 1667684K reserved, 0K cma-reserved)
[    0.894481] kernel: SLUB: HWalign=64, Order=0-3, MinObjects=0, CPUs=2, Nodes=1
[    0.895161] kernel: rcu: Hierarchical RCU implementation.
[    0.895167] kernel: rcu:         RCU event tracing is enabled.
[    0.895170] kernel: rcu:         RCU restricting CPUs from NR_CPUS=64 to nr_cpu_ids=2.
[    0.895180] kernel: rcu: RCU calculated value of scheduler-enlistment delay is 100 jiffies.
[    0.895186] kernel: rcu: Adjusting geometry for rcu_fanout_leaf=16, nr_cpu_ids=2
[    0.903200] kernel: NR_IRQS: 4352, nr_irqs: 440, preallocated irqs: 16
[    0.903571] kernel: random: get_random_bytes called from start_kernel+0x22b/0x456 with crng_init=0
[    0.907571] kernel: Console: colour VGA+ 80x25
[    0.907683] kernel: printk: console [ttyS0] enabled
[    0.907727] kernel: ACPI: Core revision 20210730
[    0.907976] kernel: clocksource: hpet: mask: 0xffffffff max_cycles: 0xffffffff, max_idle_ns: 19112604467 ns
[    0.908087] kernel: APIC: Switch to symmetric I/O mode setup
[    0.908095] kernel: kvm-guest: setup req.flags ea2
[    0.000000] kernel: Linux version 5.15.0+ (tlyu@IC-RS3-DPC07) (gcc (Ubuntu 9.4.0-1ubuntu1~20.04.1) 9.4.0, GNU ld (GNU Binutils for Ubuntu) 2.34) #8 SMP Fri Jun 3 16:18:40 CEST 2022
[    0.000000] kernel: Command line: root=/dev/sda console=ttyS0 net.ifnames=0 ip=192.168.0.58 quiet
[    0.000000] kernel: x86/fpu: Supporting XSAVE feature 0x001: 'x87 floating point registers'
[    0.000000] kernel: x86/fpu: Supporting XSAVE feature 0x002: 'SSE registers'
[    0.000000] kernel: x86/fpu: Supporting XSAVE feature 0x004: 'AVX registers'
[    0.000000] kernel: x86/fpu: Supporting XSAVE feature 0x020: 'AVX-512 opmask'
[    0.000000] kernel: x86/fpu: Supporting XSAVE feature 0x040: 'AVX-512 Hi256'
[    0.000000] kernel: x86/fpu: Supporting XSAVE feature 0x080: 'AVX-512 ZMM_Hi256'
[    0.000000] kernel: x86/fpu: Supporting XSAVE feature 0x200: 'Protection Keys User registers'
[    0.000000] kernel: x86/fpu: xstate_offset[2]:  576, xstate_sizes[2]:  256
[    0.000000] kernel: x86/fpu: xstate_offset[5]:  832, xstate_sizes[5]:   64
[    0.000000] kernel: x86/fpu: xstate_offset[6]:  896, xstate_sizes[6]:  512
[    0.000000] kernel: x86/fpu: xstate_offset[7]: 1408, xstate_sizes[7]: 1024
[    0.000000] kernel: x86/fpu: xstate_offset[9]: 2432, xstate_sizes[9]:    8
[    0.000000] kernel: x86/fpu: Enabled xstate features 0x2e7, context size is 2440 bytes, using 'compacted' format.
[    0.000000] kernel: signal: max sigframe size: 3632
[    0.000000] kernel: BIOS-provided physical RAM map:
[    0.000000] kernel: BIOS-e820: [mem 0x0000000000000000-0x000000000009fbff] usable
[    0.000000] kernel: BIOS-e820: [mem 0x000000000009fc00-0x000000000009ffff] reserved
[    0.000000] kernel: BIOS-e820: [mem 0x00000000000f0000-0x00000000000fffff] reserved
[    0.000000] kernel: BIOS-e820: [mem 0x0000000000100000-0x00000000bffdffff] usable
[    0.000000] kernel: BIOS-e820: [mem 0x00000000bffe0000-0x00000000bfffffff] reserved
[    0.000000] kernel: BIOS-e820: [mem 0x00000000feffc000-0x00000000PV IPIs
[    0.909079] kernel: ..TIMER: vector=0x30 apic1=0 pin1=2 apic2=-1 pin2=-1
[    0.909113] kernel: clocksource: tsc-early: mask: 0xffffffffffffffff max_cycles: 0x2563bf907c6, max_idle_ns: 440795319401 ns
[    0.909135] kernel: Calibrating delay loop (skipped) preset value.. 5187.81 BogoMIPS (lpj=2593906)
[    0.909147] kernel: pid_max: default: 32768 minimum: 301
[    0.909227] kernel: LSM: Security Framework initializing
[    0.909257] kernel: SELinux:  Initializing.
[    0.909395] kernel: Mount-cache hash table entries: 32768 (order: 6, 262144 bytes, linear)
[    0.909945] kernel: Mountpoint-cache hash table entries: 32768 (order: 6, 262144 bytes, linear)
[    0.910717] kernel: x86/cpu: User Mode Instruction Prevention (UMIP) activated
[    0.910852] kernel: Last level iTLB entries: 4KB 0, 2MB 0, 4MB 0
[    0.910860] kernel: Last level dTLB entries: 4KB 0, 2MB 0, 4MB 0, 1GB 0
[    0.910889] kernel: Spectre V1 : Mitigation: usercopy/swapgs barriers and __user pointer sanitizafeffffff] reserved
[    0.000000] kernel: BIOS-e820: [mem 0x00000000fffc0000-0x00000000ffffffff] reserved
[    0.000000] kernel: BIOS-e820: [mem 0x0000000100000000-0x00000002bfffffff] usable
[    0.000000] kernel: NX (Execute Disable) protection: active
[    0.000000] kernel: SMBIOS 2.8 present.
[    0.000000] kernel: DMI: QEMU Standard PC (i440FX + PIIX, 1996), BIOS 1.13.0-1ubuntu1.1 04/01/2014
[    0.000000] kernel: Hypervisor detected: KVM
[    0.000000] kernel: kvm-clock: Using msrs 4b564d01 and 4b564d00
[    0.000000] kernel: kvm-clock: cpu 0, msr 1ee158001, primary cpu clock
[    0.000002] kernel: kvm-clock: using sched offset of 1244099703 cycles
[    0.000009] kernel: clocksource: kvm-clock: mask: 0xffffffffffffffff max_cycles: 0x1cd42e4dffb, max_idle_ns: 881590591483 ns
[    0.000021] kernel: tsc: Detected 2593.906 MHz processor
[    0.033030] kernel: e820: update [mem 0x00000000-0x00000fff] usable ==> reserved
[    0.033048] kernel: e820: remove [mem 0x000a0000-0x000fffff] ution
[    0.910903] kernel: Spectre V2 : Mitigation: Enhanced IBRS
[    0.910907] kernel: Spectre V2 : Spectre v2 / SpectreRSB mitigation: Filling RSB on context switch
[    0.910916] kernel: Spectre V2 : mitigation: Enabling conditional Indirect Branch Prediction Barrier
[    0.910925] kernel: Speculative Store Bypass: Mitigation: Speculative Store Bypass disabled via prctl and seccomp
[    0.910932] kernel: TAA: Mitigation: TSX disabled
[    0.933147] kernel: Freeing SMP alternatives memory: 40K
[    0.933384] kernel: smpboot: CPU0: Intel(R) Xeon(R) Gold 6348 CPU @ 2.60GHz (family: 0x6, model: 0x6a, stepping: 0x6)
[    0.933644] kernel: Performance Events: Icelake events, 32-deep LBR, full-width counters, Intel PMU driver.
[    0.933783] kernel: ... version:                2
[    0.933788] kernel: ... bit width:              48
[    0.933792] kernel: ... generic registers:      8
[    0.933797] kernel: ... value mask:             0000ffffffffffff
[    0.933803] kernel: ... max periosable
[    0.033065] kernel: last_pfn = 0x2c0000 max_arch_pfn = 0x10000000000
[    0.033127] kernel: x86/PAT: Configuration [0-7]: WB  WC  UC- UC  WB  WP  UC- WT  
[    0.033137] kernel: last_pfn = 0xbffe0 max_arch_pfn = 0x10000000000
[    0.064514] kernel: found SMP MP-table at [mem 0x000f5c80-0x000f5c8f]
[    0.064575] kernel: Using GB pages for direct mapping
[    0.065194] kernel: ACPI: Early table checksum verification disabled
[    0.065203] kernel: ACPI: RSDP 0x00000000000F5A50 000014 (v00 BOCHS )
[    0.065227] kernel: ACPI: RSDT 0x00000000BFFE15C9 000030 (v01 BOCHS  BXPCRSDT 00000001 BXPC 00000001)
[    0.065251] kernel: ACPI: FACP 0x00000000BFFE149D 000074 (v01 BOCHS  BXPCFACP 00000001 BXPC 00000001)
[    0.065277] kernel: ACPI: DSDT 0x00000000BFFE0040 00145D (v01 BOCHS  BXPCDSDT 00000001 BXPC 00000001)
[    0.065297] kernel: ACPI: FACS 0x00000000BFFE0000 000040
[    0.065312] kernel: ACPI: APIC 0x00000000BFFE1511 000080 (v01 BOCHS  BXPCAPIC 00000001 BXPC 00000001)
[    0.06d:             00007fffffffffff
[    0.933808] kernel: ... fixed-purpose events:   3
[    0.933812] kernel: ... event mask:             00000007000000ff
[    0.934020] kernel: rcu: Hierarchical SRCU implementation.
[    0.935063] kernel: smp: Bringing up secondary CPUs ...
[    0.935291] kernel: x86: Booting SMP configuration:
[    0.935296] kernel: .... node  #0, CPUs:      #1
[    0.005621] kernel: kvm-clock: cpu 1, msr 24bf58041, secondary cpu clock
[    0.005621] kernel: smpboot: CPU 1 Converting physical 0 to logical die 1
[    0.966169] kernel: kvm-guest: setup async PF for cpu 1
[    0.966180] kernel: kvm-guest: stealtime: cpu 1, msr 26511f140
[    0.966199] kernel: smp: Brought up 1 node, 2 CPUs
[    0.966405] kernel: smpboot: Max logical packages: 2
[    0.966413] kernel: smpboot: Total of 2 processors activated (10375.62 BogoMIPS)
[    0.968248] kernel: devtmpfs: initialized
[    0.983388] kernel: clocksource: jiffies: mask: 0xffffffff max_cycles: 0xffffffff, max_idle_ns: 1911260446275000 ns
[    0.983412] kernel: futex hash table entries: 512 (order: 3, 32768 bytes, linear)
[    0.983743] kernel: PM: RTC time: 14:07:28, date: 2023-03-05
[    0.985378] kernel: NET: Registered PF_NETLINK/PF_ROUTE protocol family
[    0.986033] kernel: audit: initializing netlink subsys (disabled)
[    0.986161] kernel: audit: type=2000 audit(1678025249.201:1): state=initialized audit_enabled=0 res=1
[    0.986704] kernel: thermal_sys: Registered thermal governor 'step_wise'
[    0.986710] kernel: thermal_sys: Registered thermal governor 'user_space'
[    0.986797] kernel: cpuidle: using governor menu
[    0.987167] kernel: ACPI: bus type PCI registered
[    0.987491] kernel: PCI: Using configuration type 1 for base access
[    1.004403] kernel: Kprobes globally optimized
[    1.016309] kernel: HugeTLB registered 2.00 MiB page size, pre-allocated 0 pages
[    1.016416] kernel: cryptomgr_test (26) used greatest stack depth: 30608 bytes left
[    1.018343] kernel: cryptomgr_test (30) used greatest stack depth: 30544 bytes left
[    1.022267] kernel: ACPI: Added _OSI(Module Device)
[    1.022267] kernel: ACPI: Added _OSI(Processor Device)
[    1.022267] kernel: ACPI: Added _OSI(3.0 _SCP Extensions)
[    1.022267] kernel: ACPI: Added _OSI(Processor Aggregator Device)
[    1.022267] kernel: ACPI: Added _OSI(Linux-Dell-Video)
[    1.022270] kernel: ACPI: Added _OSI(Linux-Lenovo-NV-HDMI-Audio)
[    1.022278] kernel: ACPI: Added _OSI(Linux-HPI-Hybrid-Graphics)
[    1.035680] kernel: ACPI: 1 ACPI AML tables successfully acquired and loaded
[    1.040044] kernel: ACPI: Interpreter enabled
[    1.040139] kernel: ACPI: PM: (supports S0 S3 S4 S5)
[    1.040146] kernel: ACPI: Using IOAPIC for interrupt routing
[    1.040219] kernel: PCI: Using host bridge windows from ACPI; if necessary, use "pci=nocrs" and report a bug
[    1.041185] kernel: ACPI: Enabled 2 GPEs in block 00 to 0F
[    1.069203] kernel: ACPI: PCI Root Bridge [PCI0] (domain 0000 [bus 00-ff])
[    1.069239] kernel: acpi PNP0A03:00: _OSC: OS supports [ASPM ClockPM Segments MSI HPX-Type3]
[    1.069345] kernel: acpi PNP0A03:00: fail to add MMCONFIG information, can't access extended PCI configuration space under this bridge.
[    1.069630] kernel: PCI host bridge to bus 0000:00
[    1.069640] kernel: pci_bus 0000:00: root bus resource [io  0x0000-0x0cf7 window]
[    1.069654] kernel: pci_bus 0000:00: root bus resource [io  0x0d00-0xffff window]
[    1.069667] kernel: pci_bus 0000:00: root bus resource [mem 0x000a0000-0x000bffff window]
[    1.069681] kernel: pci_bus 0000:00: root bus resource [mem 0xc0000000-0xfebfffff window]
[    1.069694] kernel: pci_bus 0000:00: root bus resource [mem 0x2c0000000-0x33fffffff window]
[    1.069709] kernel: pci_bus 0000:00: root bus resource [bus 00-ff]
[    1.071011] kernel: pci 0000:00:00.0: [8086:1237] type 00 class 0x060000
[    1.073047] kernel: pci 0000:00:01.0: [8086:7000] type 00 class 0x060100
[    1.074539] kernel: pci 0000:00:01.1: [8085332] kernel: ACPI: HPET 0x00000000BFFE1591 000038 (v01 BOCHS  BXPCHPET 00000001 BXPC 00000001)
[    0.065350] kernel: ACPI: Reserving FACP table memory at [mem 0xbffe149d-0xbffe1510]
[    0.065359] kernel: ACPI: Reserving DSDT table memory at [mem 0xbffe0040-0xbffe149c]
[    0.065366] kernel: ACPI: Reserving FACS table memory at [mem 0xbffe0000-0xbffe003f]
[    0.065374] kernel: ACPI: Reserving APIC table memory at [mem 0xbffe1511-0xbffe1590]
[    0.065381] kernel: ACPI: Reserving HPET table memory at [mem 0xbffe1591-0xbffe15c8]
[    0.066202] kernel: No NUMA configuration found
[    0.066208] kernel: Faking a node at [mem 0x0000000000000000-0x00000002bfffffff]
[    0.066223] kernel: NODE_DATA(0) allocated [mem 0x2bfffc000-0x2bfffffff]
[    0.067027] kernel: Zone ranges:
[    0.067033] kernel:   DMA      [mem 0x0000000000001000-0x0000000000ffffff]
[    0.067045] kernel:   DMA32    [mem 0x0000000001000000-0x00000000ffffffff]
[    0.067054] kernel:   Normal   [mem 0x0000000100000000-0x00000002bfffffff]
[    0.067063] kernel: Movable zone start for each node
[    0.067067] kernel: Early memory node ranges
[    0.067070] kernel:   node   0: [mem 0x0000000000001000-0x000000000009efff]
[    0.067077] kernel:   node   0: [mem 0x0000000000100000-0x00000000bffdffff]
[    0.067086] kernel:   node   0: [mem 0x0000000100000000-0x00000002bfffffff]
[    0.067096] kernel: Initmem setup node 0 [mem 0x0000000000001000-0x00000002bfffffff]
[    0.067653] kernel: On node 0, zone DMA: 1 pages in unavailable ranges
[    0.067724] kernel: On node 0, zone DMA: 97 pages in unavailable ranges
[    0.335738] kernel: On node 0, zone Normal: 32 pages in unavailable ranges
[    1.847944] kernel: kasan: KernelAddressSanitizer initialized
[    1.848306] kernel: ACPI: PM-Timer IO Port: 0x608
[    1.848328] kernel: ACPI: LAPIC_NMI (acpi_id[0xff] dfl dfl lint[0x1])
[    1.848376] kernel: IOAPIC[0]: apic_id 0, version 17, address 0xfec00000, GSI 0-23
[    1.848392] kernel: ACPI: INT_SRC_OVR (bus 0 bus_irq 0 global_irq 2 dfl dfl)
[    1.848403] kernel: ACPI: INT_SRC_OVR (bus 0 bus_irq 5 global_irq 5 high level)
[    1.848412] kernel: ACPI: INT_SRC_OVR (bus 0 bus_irq 9 global_irq 9 high level)
[    1.848422] kernel: ACPI: INT_SRC_OVR (bus 0 bus_irq 10 global_irq 10 high level)
[    1.848431] kernel: ACPI: INT_SRC_OVR (bus 0 bus_irq 11 global_irq 11 high level)
[    1.848449] kernel: ACPI: Using ACPI (MADT) for SMP configuration information
[    1.848455] kernel: ACPI: HPET id: 0x8086a201 base: 0xfed00000
[    1.848467] kernel: TSC deadline timer available
[    1.848471] kernel: smpboot: Allowing 2 CPUs, 0 hotplug CPUs
[    1.848510] kernel: kvm-guest: KVM setup pv remote TLB flush
[    1.848517] kernel: kvm-guest: setup PV sched yield
[    1.848552] kernel: PM: hibernation: Registered nosave memory: [mem 0x00000000-0x00000fff]
[    1.848562] kernel: PM: hibernation: Registered nosave memory: [mem 0x0009f000-0x0009ffff]
[    1.848569] kernel: PM: hibernation: Registered nosave mem6:7010] type 00 class 0x010180
[    1.076986] kernel: pci 0000:00:01.1: reg 0x20: [io  0xc0c0-0xc0cf]
[    1.077925] kernel: pci 0000:00:01.1: legacy IDE quirk: reg 0x10: [io  0x01f0-0x01f7]
[    1.077944] kernel: pci 0000:00:01.1: legacy IDE quirk: reg 0x14: [io  0x03f6]
[    1.077954] kernel: pci 0000:00:01.1: legacy IDE quirk: reg 0x18: [io  0x0170-0x0177]
[    1.077965] kernel: pci 0000:00:01.1: legacy IDE quirk: reg 0x1c: [io  0x0376]
[    1.080092] kernel: pci 0000:00:01.3: [8086:7113] type 00 class 0x068000
[    1.080405] kernel: pci 0000:00:01.3: quirk: [io  0x0600-0x063f] claimed by PIIX4 ACPI
[    1.080423] kernel: pci 0000:00:01.3: quirk: [io  0x0700-0x070f] claimed by PIIX4 SMB
[    1.082216] kernel: pci 0000:00:02.0: [1234:1111] type 00 class 0x030000
[    1.083816] kernel: pci 0000:00:02.0: reg 0x10: [mem 0xfd000000-0xfdffffff pref]
[    1.086151] kernel: pci 0000:00:02.0: reg 0x18: [mem 0xfeb90000-0xfeb90fff]
[    1.089144] kernel: pci 0000:00:02.0: reg 0x30: [mem 0xfeb80000-0xfeb8ffff pref]
[    1.091186] kernel: pci 0000:00:03.0: [1af4:1005] type 00 class 0x00ff00
[    1.091835] kernel: pci 0000:00:03.0: reg 0x10: [io  0xc080-0xc09f]
[    1.094135] kernel: pci 0000:00:03.0: reg 0x20: [mem 0xfe200000-0xfe203fff 64bit pref]
[    1.097363] kernel: pci 0000:00:04.0: [1af4:1000] type 00 class 0x020000
[    1.098134] kernel: pci 0000:00:04.0: reg 0x10: [io  0xc0a0-0xc0bf]
[    1.098952] kernel: pci 0000:00:04.0: reg 0x14: [mem 0xfeb91000-0xfeb91fff]
[    1.101134] kernel: pci 0000:00:04.0: reg 0x20: [mem 0xfe204000-0xfe207fff 64bit pref]
[    1.102133] kernel: pci 0000:00:04.0: reg 0x30: [mem 0xfeb00000-0xfeb7ffff pref]
[    1.106496] kernel: pci 0000:00:05.0: [1af4:1001] type 00 class 0x010000
[    1.107806] kernel: pci 0000:00:05.0: reg 0x10: [io  0xc000-0xc07f]
[    1.108780] kernel: pci 0000:00:05.0: reg 0x14: [mem 0xfeb92000-0xfeb92fff]
[    1.111789] kernel: pci 0000:00:05.0: reg 0x20: [mem 0xfe208000-0xfe20bfff 64bit pref]
[    1.115446] kernel: executor 0 finishes userspace_cover_open
before receiving handshake request
pci 0000:00:10.0: [1af4:1110] type 00 class 0x050000
[    1.116145] kernel: pci 0000:00:10.0: reg 0x10: [mem 0xfeb93000-0xfeb930ff]
[    1.117599] kernel: pci 0000:00:10.0: reg 0x18: [mem 0xfe000000-0xfe0fffff 64bit pref]
[    1.123126] kernel: pci 0000:00:11.0: [1af4:1110] type 00 class 0x050000
[    1.123126] kernel: pci 0000:00:11.0: reg 0x10: [mem 0xfeb94000-0xfeb940ff]
[    1.124138] kernel: pci 0000:00:11.0: reg 0x18: [mem 0xfe20c000-0xfe20c3ff 64bit pref]
[    1.128970] kernel: pci 0000:00:12.0: [1af4:1110] type 00 class 0x050000
[    1.129518] kernel: pci 0000:00:12.0: reg 0x10: [mem 0xfeb95000-0xfeb950ff]
[    1.131078] kernel: pci 0000:00:12.0: reg 0x18: [mem 0xfe100000-0xfe1fffff 64bit pref]
[    1.137686] kernel: ACPI: PCI: Interrupt link LNKA configured for IRQ 10
[    1.138444] kernel: ACPI: PCI: Interrupt link LNKB configured for IRQ 10
[    1.139188] kernel: ACPI: PCI: Interrupt link LNKC configured for IRQ 11
[    1.139926] kernel: ACPI: PCI: Interrupt link LNKD configured for IRQ 11
[    1.140240] kernel: ACPI: PCI: Interrupt link LNKS configured for IRQ 9
[    1.141655] kernel: iommu: Default domain type: Translated 
[    1.141663] kernel: iommu: DMA domain TLB invalidation policy: lazy mode 
[    1.141880] kernel: pci 0000:00:02.0: vgaarb: setting as boot VGA device
[    1.141890] kernel: pci 0000:00:02.0: vgaarb: VGA device added: decodes=io+mem,owns=io+mem,locks=none
[    1.141906] kernel: pci 0000:00:02.0: vgaarb: bridge control possible
[    1.141913] kernel: vgaarb: loaded
[    1.142305] kernel: SCSI subsystem initialized
[    1.143201] kernel: libata version 3.00 loaded.
[    1.143356] kernel: ACPI: bus type USB registered
[    1.143452] kernel: usbcore: registered new interface driver usbfs
[    1.143503] kernel: usbcore: registered new interface driver hub
[    1.143542] kernel: usbcore: registered new device driver usb
[    1.143641] kernel: pps_core: LinuxPPS API ver. 1 registered
[    1.143647] kernel: pps_core: Software ver. 5.3.6 -ory: [mem 0x000a0000-0x000effff]
[    1.848576] kernel: PM: hibernation: Registered nosave memory: [mem 0x000f0000-0x000fffff]
[    1.848586] kernel: PM: hibernation: Registered nosave memory: [mem 0xbffe0000-0xbfffffff]
[    1.848593] kernel: PM: hibernation: Registered nosave memory: [mem 0xc0000000-0xfeffbfff]
[    1.848600] kernel: PM: hibernation: Registered nosave memory: [mem 0xfeffc000-0xfeffffff]
[    1.848606] kernel: PM: hibernation: Registered nosave memory: [mem 0xff000000-0xfffbffff]
[    1.848612] kernel: PM: hibernation: Registered nosave memory: [mem 0xfffc0000-0xffffffff]
[    1.848622] kernel: [mem 0xc0000000-0xfeffbfff] available for PCI devices
[    1.848628] kernel: Booting paravirtualized kernel on KVM
[    1.848635] kernel: clocksource: refined-jiffies: mask: 0xffffffff max_cycles: 0xffffffff, max_idle_ns: 1910969940391419 ns
[    1.886946] kernel: setup_percpu: NR_CPUS:64 nr_cpumask_bits:64 nr_cpu_ids:2 nr_node_ids:1
[    1.887805] kernel: percpu: Embedded 56  Copyright 2005-2007 Rodolfo Giometti <giometti@linux.it>
[    1.143668] kernel: PTP clock support registered
[    1.143775] kernel: Advanced Linux Sound Architecture Driver Initialized.
[    1.144684] kernel: NetLabel: Initializing
[    1.144689] kernel: NetLabel:  domain hash size = 128
[    1.144694] kernel: NetLabel:  protocols = UNLABELED CIPSOv4 CALIPSO
[    1.144772] kernel: NetLabel:  unlabeled traffic allowed by default
[    1.144843] kernel: PCI: Using ACPI for IRQ routing
[    1.144843] kernel: PCI: pci_cache_line_size set to 64 bytes
[    1.144843] kernel: e820: reserve RAM buffer [mem 0x0009fc00-0x0009ffff]
[    1.144843] kernel: e820: reserve RAM buffer [mem 0xbffdd000-0xbfffffff]
[    1.145310] kernel: hpet0: at MMIO 0xfed00000, IRQs 2, 8, 0
[    1.145332] kernel: hpet0: 3 comparators, 64-bit 100.000000 MHz counter
[    1.150161] kernel: clocksource: Switched to clocksource kvm-clock
[    1.239479] kernel: VFS: Disk quotas dquot_6.6.0
[    1.239530] kernel: VFS: Dquot-cache hash table entries: 512 (order 0, 4096 bytes)
[    1.239738] kernel: pnp: PnP ACPI init
[    1.240501] kernel: pnp 00:03: [dma 2]
[    1.243021] kernel: pnp: PnP ACPI: found 6 devices
[    1.346634] kernel: clocksource: acpi_pm: mask: 0xffffff max_cycles: 0xffffff, max_idle_ns: 2085701024 ns
[    1.346750] kernel: NET: Registered PF_INET protocol family
[    1.347666] kernel: IP idents hash table entries: 262144 (order: 9, 2097152 bytes, linear)
[    1.366004] kernel: tcp_listen_portaddr_hash hash table entries: 8192 (order: 5, 131072 bytes, linear)
[    1.366659] kernel: TCP established hash table entries: 131072 (order: 8, 1048576 bytes, linear)
[    1.367557] kernel: TCP bind hash table entries: 65536 (order: 8, 1048576 bytes, linear)
[    1.368762] kernel: TCP: Hash tables configured (established 131072 bind 65536)
[    1.368884] kernel: UDP hash table entries: 8192 (order: 6, 262144 bytes, linear)
[    1.369030] kernel: UDP-Lite hash table entries: 8192 (order: 6, 262144 byt260446275000 ns
[    1.169605] kernel: futex hash table entries: 512 (order: 3, 32768 bytes, linear)
[    1.170312] kernel: PM: RTC time: 14:07:28, date: 2023-03-05
[    1.170797] kernel: NET: Registered PF_NETLINK/PF_ROUTE protocol family
[    1.171430] kernel: audit: initializing netlink subsys (disabled)
[    1.171668] kernel: thermal_sys: Registered thermal governor 'step_wise'
[    1.171675] kernel: thermal_sys: Registered thermal governor 'user_space'
[    1.172180] kernel: audit: type=2000 audit(1678025248.769:1): state=initialized audit_enabled=0 res=1
[    1.172185] kernel: cpuidle: using governor menu
[    1.172416] kernel: ACPI: bus type PCI registered
[    1.172728] kernel: PCI: Using configuration type 1 for base access
[    1.191149] kernel: Kprobes globally optimized
[    1.191259] kernel: HugeTLB registered 2.00 MiB page size, pre-allocated 0 pages
[    1.191260] kernel: cryptomgr_test (26) used greatest stack depth: 30608 bytes left
[    1.194355] kernel: ACPI: Added es, linear)
[    1.369322] kernel: NET: Registered PF_UNIX/PF_LOCAL protocol family
[    1.370097] kernel: pci_bus 0000:00: resource 4 [io  0x0000-0x0cf7 window]
[    1.370114] kernel: pci_bus 0000:00: resource 5 [io  0x0d00-0xffff window]
[    1.370138] kernel: pci_bus 0000:00: resource 6 [mem 0x000a0000-0x000bffff window]
[    1.370152] kernel: pci_bus 0000:00: resource 7 [mem 0xc0000000-0xfebfffff window]
[    1.370164] kernel: pci_bus 0000:00: resource 8 [mem 0x2c0000000-0x33fffffff window]
[    1.370454] kernel: pci 0000:00:01.0: PIIX3: Enabling Passive Release
[    1.370473] kernel: pci 0000:00:00.0: Limiting direct PCI/PCI transfers
[    1.370500] kernel: pci 0000:00:01.0: Activating ISA DMA hang workarounds
[    1.370589] kernel: pci 0000:00:02.0: Video device with shadowed ROM at [mem 0x000c0000-0x000dffff]
[    1.370707] kernel: PCI: CLS 0 bytes, default 64
[    1.370738] kernel: PCI-DMA: Using software bounce buffering for IO (SWIOTLB)
[    1.370742] kernel: software IO TLB: mapped [mem 0x00000000bbfdd000-0x00000000bffdd000] (64MB)
[    1.372597] kernel: RAPL PMU: API unit is 2^-32 Joules, 0 fixed counters, 10737418240 ms ovfl timer
[    1.372629] kernel: clocksource: tsc: mask: 0xffffffffffffffff max_cycles: 0x2563bf907c6, max_idle_ns: 440795319401 ns
[    1.372688] kernel: clocksource: Switched to clocksource tsc
[    1.385037] kernel: Initialise system trusted keyrings
[    1.385466] kernel: workingset: timestamp_bits=56 max_order=22 bucket_order=0
[    1.400908] kernel: fuse: init (API version 7.34)
[    1.411024] kernel: Key type asymmetric registered
[    1.411033] kernel: Asymmetric key parser 'x509' registered
[    1.411215] kernel: Block layer SCSI generic (bsg) driver version 0.4 loaded (major 251)
[    1.411222] kernel: io scheduler mq-deadline registered
[    1.411228] kernel: io scheduler kyber registered
[    1.412245] kernel: input: Power Button as /devices/LNXSYSTM:00/LNXPWRBN:00/input/input0
[    1.412457] kernel: ACPI: button: Power Button [PWRF]
[    2.260934] kernel: ACPI: \_SB_.LNKC: Enabled at IRQ 11
[    3.115684] kernel: ACPI: \_SB_.LNKD: Enabled at IRQ 10
[    3.983805] kernel: ACPI: \_SB_.LNKA: Enabled at IRQ 10
[    3.985305] kernel: Serial: 8250/16550 driver, 4 ports, IRQ sharing enabled
[    3.985534] kernel: 00:05: ttyS0 at I/O 0x3f8 (irq = 4, base_baud = 115200) is a 16550A
[    3.987479] kernel: Non-volatile memory driver v1.3
[    3.987605] kernel: Linux agpgart interface v0.103
[    4.032492] kernel: loop: module loaded
[    4.033478] kernel: virtio_blk virtio2: [vda] 1024000 512-byte logical blocks (524 MB/500 MiB)
[    4.056715] kernel: ata_piix 0000:00:01.1: version 2.13
[    4.059194] kernel: scsi host0: ata_piix
[    4.060510] kernel: scsi host1: ata_piix
[    4.060766] kernel: ata1: PATA max MWDMA2 cmd 0x1f0 ctl 0x3f6 bmdma 0xc0c0 irq 14
[    4.060779] kernel: ata2: PATA max MWDMA2 cmd 0x170 ctl 0x376 bmdma 0xc0c8 irq 15
[    4.061662] kernel: libphy: Fixed MDIO Bus: probed
[    4.064893] kernel: e100: Intel(R) PRO/100 Network Driver
[    4.064905] kernel: e100: Copyright(c) 1999-2006 Intel Corporation
[    4.064957] kernel: e1000: Intel(R) PRO/1000 Network Driver
[    4.064962] kernel: e1000: Copyright (c) 1999-2006 Intel Corporation.
[    4.065030] kernel: e1000e: Intel(R) PRO/1000 Network Driver
[    4.065034] kernel: e1000e: Copyright(c) 1999 - 2015 Intel Corporation.
[    4.065118] kernel: sky2: driver version 1.30
[    4.065653] kernel: ehci_hcd: USB 2.0 'Enhanced' Host Controller (EHCI) Driver
[    4.065660] kernel: ehci-pci: EHCI PCI platform driver
[    4.065705] kernel: ohci_hcd: USB 1.1 'Open' Host Controller (OHCI) Driver
[    4.065719] kernel: ohci-pci: OHCI PCI platform driver
[    4.065762] kernel: uhci_hcd: USB Universal Host Controller Interface driver
[    4.066033] kernel: usbcore: registered new interface driver usblp
[    4.066087] kernel: usbcore: registered new interface driver usb-storage
[    4.066240] kernel: i8042: PNP: PS/2 Controller [PNP0303:KBD,PNP0f13:MOU] at 0x60,0x64 irq 1,12
[    4.066871] kernel: serio: i8042 KBD port at 0x60,0x64 irq 1
[    4.066893] kernel: serio: i8042 AUX port at 0x60,0x64 irq 12
[    4.067848] kernel: rtc_cmos 00:00: RTC can wake from S4
[    4.068155] kernel: input: AT Translated Set 2 keyboard as /devices/platform/i8042/serio0/input/input1
[    4.070450] kernel: rtc_cmos 00:00: registered as rtc0
[    4.070540] kernel: rtc_cmos 00:00: alarms up to one day, y3k, 114 bytes nvram, hpet irqs
[    4.071374] kernel: device-mapper: ioctl: 4.45.0-ioctl (2021-03-22) initialised: dm-devel@redhat.com
[    4.071391] kernel: intel_pstate: CPU model not supported
[    4.071533] kernel: hid: raw HID events driver (C) Jiri Kosina
[    4.074331] kernel: usbcore: registered new interface driver usbhid
[    4.074343] kernel: usbhid: USB HID core driver
[    4.075059] kernel: netem: version 1.3
[    4.090660] kernel: Initializing XFRM netlink socket
[    4.091447] kernel: NET: Registered PF_INET6 protocol family
_OSI(Module Device)
[    1.194355] kernel: ACPI: Added _OSI(Processor Device)
[    1.194355] kernel: ACPI: Added _OSI(3.0 _SCP Extensions)
[    1.194355] kernel: ACPI: Added _OSI(Processor Aggregator Device)
[    1.194355] kernel: ACPI: Added _OSI(Linux-Dell-Video)
[    1.194355] kernel: ACPI: Added _OSI(Linux-Lenovo-NV-HDMI-Audio)
[    1.194355] kernel: ACPI: Added _OSI(Linux-HPI-Hybrid-Graphics)
[    1.207430] kernel: ACPI: 1 ACPI AML tables successfully acquired and loaded
[    1.212033] kernel: ACPI: Interpreter enabled
[    1.212143] kernel: ACPI: PM: (supports S0 S3 S4 S5)
[    1.212151] kernel: ACPI: Using IOAPIC for interrupt routing
[    1.212870] kernel: PCI: Using host bridge windows from ACPI; if necessary, use "pci=nocrs" and report a bug
[    1.213897] kernel: ACPI: Enabled 2 GPEs in block 00 to 0F
[    1.241698] kernel: ACPI: PCI Root Bridge [PCI0] (domain 0000 [bus 00-ff])
[    1.241742] kernel: acpi PNP0A03:00: _OSC: OS supports [ASPM ClockPM Segments MSI HPX-Type3]
[    1.241854] kernel: acpi PNP0A03:00: fail to add MMCONFIG information, can't access extended PCI configuration space under this bridge.
[    1.242164] kernel: PCI host bridge to bus 0000:00
[    1.242175] kernel: pci_bus 0000:00: root bus resource [io  0x0000-0x0cf7 window]
[    1.242190] kernel: pci_bus 0000:00: root bus resource [io  0x0d00-0xffff window]
[    1.242203] kernel: pci_bus 0000:00: root bus resource [mem 0x000a0000-0x000bffff window]
[    1.242218] kernel: pci_bus 0000:00: root bus resource [mem 0xc0000000-0xfebfffff window]
[    1.242232] kernel: pci_bus 0000:00: root bus resource [mem 0x2c0000000-0x33fffffff window]
[    1.242246] kernel: pci_bus 0000:00: root bus resource [bus 00-ff]
[    1.243552] kernel: pci 0000:00:00.0: [8086:1237] type 00 class 0x060000
[    1.245585] kernel: pci 0000:00:01.0: [8086:7000] type 00 class 0x060100
[    1.247062] kernel: pci 0000:00:01.1: [8086:7010] type 00 class 0x010180
[    1.249129] kernel: pci 0000:00:01.1: reg 0x20: [io  0xc0c0-0xc0cf]
[    1.250140] kernel: pci 0000:00:01.1: legacy IDE quirk: reg 0x10: [io  0x01f0-0x01f7]
[    1.250157] kernel: pci 0000:00:01.1: legacy IDE quirk: reg 0x14: [io  0x03f6]
[    1.250167] kernel: pci 0000:00:01.1: legacy IDE quirk: reg 0x18: [io  0x0170-0x0177]
[    1.250178] kernel: pci 0000:00:01.1: legacy IDE quirk: reg 0x1c: [io  0x0376]
[    1.253780] kernel: pci 0000:00:01.3: [8086:7113] type 00 class 0x068000
[    1.254139] kernel: pci 0000:00:01.3: quirk: [io  0x0600-0x063f] claimed by PIIX4 ACPI
[    1.254159] kernel: pci 0000:00:01.3: quirk: [io  0x0700-0x070f] claimed by PIIX4 SMB
[    1.258076] kernel: pci 0000:00:02.0: [1234:1111] type 00 class 0x030000
[    1.259627] kernel: pci 0000:00:02.0: reg 0x10: [mem 0xfd000000-0xfdffffff pref]
[    1.261554] kernel: pci 0000:00:02.0: reg 0x18: [mem 0xfeb90000-0xfeb90fff]
[    1.264692] kernel: pci 0000:00:02.0: reg 0x30: [mem 0xfeb80000-0xfeb8ffff pref]
[    1.266863] kernel: pci 0000:00:03.0: [1af4:1005] type 00 class 0x00ff00
[    1.267594] kernel: pci 0000:00:03.0: reg 0x10: [io  0xc080-0xc09f]
[    1.270123] kernel: pci 0000:00:03.0: reg 0x20: [mem 0xfe200000-0xfe203fff 64bit pref]
[    1.273136] kernel: pci 0000:00:04.0: [1af4:1000] type 00 class 0x020000
[    1.274122] kernel: pci 0000:00:04.0: reg 0x10: [io  0xc0a0-0xc0bf]
[    1.275123] kernel: pci 0000:00:04.0: reg 0x14: [mem 0xfeb91000-0xfeb91fff]
[    1.278137] kernel: pci 0000:00:04.0: reg 0x20: [mem 0xfe204000-0xfe207fff 64bit pref]
[    1.279123] kernel: pci 0000:00:04.0: reg 0x30: [mem 0xfeb00000-0xfeb7ffff pref]
[    1.281525] kernel: pci 0000:00:05.0: [1af4:1001] type 00 class 0x010000
[    1.282689] kernel: pci 0000:00:05.0: reg 0x10: [io  0xc000-0xc07f]
[    1.283573] kernel: pci 0000:00:05.0: reg 0x14: [mem 0xfeb92000-0xfeb92fff]
[    1.285566] kernel: pci 0000:00:05.0: reg 0x20: [mem 0xfe208000-0xfe20bfff 64bit pref]
[    1.288373] kernel: pci 0000:00:10.0: [1af4:1110] type 00 class 0x050000
[    1.289127] kernel: pci 0000:00:10.0: reg 0x10: [mem 0xfeb93000-0xfeb930ff]
[    1.290692] kernel: pci 0000:00:10.0: reg 0x18: [mem 0xfe000000-0xfe0fffff 64bit pref]
[    1.294924] kernel: pci 0000:00:11.0: [1af4:1110] type 00 class 0x050000
[    1.295385] kernel: pci 0000:00:11.0: reg 0x10: [mem 0xfeb94000-0xfeb940ff]
[    1.296405] kernel: pci 0000:00:11.0: reg 0x18: [mem 0xfe20c000-0xfe20c3ff 64bit pref]
[    1.299849] kernel: pci 0000:00:12.0: [1af4:1110] type 00 class 0x050000
[    1.301153] kernel: pci 0000:00:12.0: reg 0x10: [mem 0xfeb95000-0xfeb950ff]
[    1.302497] kernel: pci 0000:00:12.0: reg 0x18: [mem 0xfe100000-0xfe1fffff 64bit pref]
[    1.309531] kernel: ACPI: PCI: Interrupt link LNKA configured for IRQ 10
[    1.310422] kernel: ACPI: PCI: Interrupt link LNKB configured for IRQ 10
[    1.311290] kernel: ACPI: PCI: Interrupt link LNKC configured for IRQ 11
[    1.312100] kernel: ACPI: PCI: Interrupt link LNKD configured for IRQ 11
[    1.313497] kernel: ACPI: PCI: Interrupt link LNKS configured for IRQ 9
[    1.315151] kernel: iommu: Default domain type: Translated 
[    1.315160] kernel: iommu: DMA domain TLB invalidation policy: lazy mode 
[    1.315399] kernel: pci 0000:00:02.0: vgaarb: setting as boot VGA device
[    1.315411] kernel: pci 0000:00:02.0: vgaarb: VGA device added: decodes=io+mem,owns=io+mem,locks=none
[    1.315427] kernel: pci 0000:00:02.0: vgaarb: bridge control possible
[    1.315435] kernel: vgaarb: loaded
[    1.315855] kernel: SCSI subsystem initialized
[    1.316207] kernel: libata version 3.00 loaded.
[    1.316393] kernel: ACPI: bus type USB registered
[    1.316499] kernel: usbcore: registered new interface driver usbfs
[    1.316555] kernel: usbcore: registered new interface driver hub
[    1.316597] kernel: usbcore: registered new device driver usb
[    1.316710] kernel: pps_core: LinuxPPS API ver. 1 registered
[    1.316716] kernel: pps_core: Software ver. 5.3.6 - Copyright 2005-2007 Rodolfo Giometti <giometti@linux.it>
[    1.316739] kernel: PTP clock support registered
[    1.317162] kernel: Advanced Linux Sound Architecture Driver Initialized.
[    1.317898] kernel: NetLabel: Initializing
[    1.317902] kernel: NetLabel:  domain hash size = 128
[    1.317907] kernel: NetLabel:  protocols = UNLABELED CIPSOv4 CALIPSO
[    1.317988] kernel: NetLabel:  unlabeled traffic allowed by default
[    1.318147] kernel: PCI: Using ACPI for IRQ routing
[    1.318155] kernel: PCI: pci_cache_line_size set to 64 bytes
[    1.318309] kernel: e820: reserve RAM buffer [mem 0x0009fc00-0x0009ffff]
[    1.318327] kernel: e820: reserve RAM buffer [mem 0xbffdd000-0xbfffffff]
[    1.318556] kernel: hpet0: at MMIO 0xfed00000, IRQs 2, 8, 0
[    1.318579] kernel: hpet0: 3 comparators, 64-bit 100.000000 MHz counter
[    1.325152] kernel: clocksource: Switched to clocksource kvm-clock
[    1.445425] kernel: VFS: Disk quotas dquot_6.6.0
[    1.445486] kernel: VFS: Dquot-cache hash table entries: 512 (order 0, 4096 bytes)
[    1.445733] kernel: pnp: PnP ACPI init
[    1.446536] kernel: pnp 00:03: [dma 2]
[    1.449094] kernel: pnp: PnP ACPI: found 6 devices
[    1.567198] kernel: clocksource: acpi_pm: mask: 0xffffff max_cycles: 0xffffff, max_idle_ns: 2085701024 ns
[    1.567328] kernel: NET: Registered PF_INET protocol family
[    1.568268] kernel: IP idents hash table entries: 262144 (order: 9, 2097152 bytes, linear)
