2023/03/05 21:16:37 fuzzer started
2023/03/05 21:16:37 dialing manager at localhost:33301
2023/03/05 21:16:37 connecting to manager...
2023/03/05 21:16:38 syscalls: 130
2023/03/05 21:16:38 code coverage: enabled
2023/03/05 21:16:38 comparison tracing: enabled
2023/03/05 21:16:38 extra coverage: enabled
2023/03/05 21:16:38 setuid sandbox: enabled
2023/03/05 21:16:38 namespace sandbox: /proc/self/ns/user does not exist
2023/03/05 21:16:38 Android sandbox: /sys/fs/selinux/policy can't be opened (open /sys/fs/selinux/policy: invalid argument)
2023/03/05 21:16:38 fault injection: CONFIG_FAULT_INJECTION_DEBUG_FS or CONFIG_FAILSLAB are not enabled
2023/03/05 21:16:38 leak checking: CONFIG_DEBUG_KMEMLEAK is not enabled
2023/03/05 21:16:38 net packet injection: /dev/net/tun does not exist
2023/03/05 21:16:38 net device setup: enabled
2023/03/05 21:16:38 concurrency sanitizer: /sys/kernel/debug/kcsan does not exist
2023/03/05 21:16:38 devlink PCI setup: enabled
2023/03/05 21:16:38 USB emulation: /dev/raw-gadget does not exist
2023/03/05 21:16:38 hci packet injection: /dev/vhci does not exist
2023/03/05 21:16:38 wifi device emulation: /sys/class/mac80211_hwsim/ does not exist
2023/03/05 21:16:38 802.15.4 emulation: /sys/bus/platform/devices/mac802154_hwsim does not exist
2023/03/05 21:16:38 poll: candidates=0 inputs=50 signal=2000
2023/03/05 21:16:38 deserializeInput: hasCrash true hasNet false
2023/03/05 21:16:38 prog length: 6
2023/03/05 21:16:38 prog length: 5
2023/03/05 21:16:38 deserializeInput: hasCrash true hasNet false
2023/03/05 21:16:38 prog length: 6
2023/03/05 21:16:38 prog length: 6
2023/03/05 21:16:38 deserializeInput: hasCrash false hasNet false
2023/03/05 21:16:38 prog length: 2
2023/03/05 21:16:38 deserializeInput: hasCrash false hasNet false
2023/03/05 21:16:38 prog length: 2
2023/03/05 21:16:38 deserializeInput: hasCrash true hasNet false
2023/03/05 21:16:38 prog length: 6
2023/03/05 21:16:38 prog length: 4
2023/03/05 21:16:38 deserializeInput: hasCrash false hasNet false
2023/03/05 21:16:38 prog length: 2
2023/03/05 21:16:38 deserializeInput: hasCrash false hasNet false
2023/03/05 21:16:38 prog length: 1
2023/03/05 21:16:38 deserializeInput: hasCrash false hasNet false
2023/03/05 21:16:38 prog length: 2
2023/03/05 21:16:38 deserializeInput: hasCrash true hasNet false
2023/03/05 21:16:38 prog length: 6
2023/03/05 21:16:38 prog length: 5
2023/03/05 21:16:38 deserializeInput: hasCrash false hasNet false
2023/03/05 21:16:38 prog length: 1
2023/03/05 21:16:38 deserializeInput: hasCrash false hasNet true
2023/03/05 21:16:38 prog length: 6
2023/03/05 21:16:38 prog length: 5
2023/03/05 21:16:38 deserializeInput: hasCrash true hasNet false
2023/03/05 21:16:38 prog length: 6
2023/03/05 21:16:38 prog length: 5
2023/03/05 21:16:38 deserializeInput: hasCrash false hasNet false
2023/03/05 21:16:38 prog length: 3
2023/03/05 21:16:38 deserializeInput: hasCrash true hasNet false
2023/03/05 21:16:38 prog length: 6
2023/03/05 21:16:38 prog length: 4
2023/03/05 21:16:38 deserializeInput: hasCrash false hasNet true
2023/03/05 21:16:38 prog length: 6
2023/03/05 21:16:38 prog length: 4
2023/03/05 21:16:38 deserializeInput: hasCrash false hasNet false
2023/03/05 21:16:38 prog length: 4
2023/03/05 21:16:38 deserializeInput: hasCrash true hasNet false
2023/03/05 21:16:38 prog length: 6
2023/03/05 21:16:38 prog length: 5
2023/03/05 21:16:38 deserializeInput: hasCrash false hasNet false
2023/03/05 21:16:38 prog length: 3
2023/03/05 21:16:38 deserializeInput: hasCrash false hasNet false
2023/03/05 21:16:38 prog length: 2
2023/03/05 21:16:38 deserializeInput: hasCrash true hasNet false
2023/03/05 21:16:38 prog length: 6
2023/03/05 21:16:38 prog length: 5
2023/03/05 21:16:38 deserializeInput: hasCrash true hasNet false
2023/03/05 21:16:38 prog length: 6
2023/03/05 21:16:38 prog length: 7
2023/03/05 21:16:38 deserializeInput: hasCrash true hasNet false
2023/03/05 21:16:38 prog length: 6
2023/03/05 21:16:38 prog length: 4
2023/03/05 21:16:38 deserializeInput: hasCrash false hasNet false
2023/03/05 21:16:38 prog length: 2
2023/03/05 21:16:38 deserializeInput: hasCrash false hasNet false
2023/03/05 21:16:38 prog length: 2
2023/03/05 21:16:38 deserializeInput: hasCrash true hasNet false
2023/03/05 21:16:38 prog length: 6
2023/03/05 21:16:38 prog length: 5
2023/03/05 21:16:38 deserializeInput: hasCrash false hasNet false
2023/03/05 21:16:38 prog length: 2
2023/03/05 21:16:38 deserializeInput: hasCrash false hasNet false
2023/03/05 21:16:38 prog length: 2
2023/03/05 21:16:38 deserializeInput: hasCrash true hasNet false
2023/03/05 21:16:38 prog length: 6
2023/03/05 21:16:38 prog length: 4
2023/03/05 21:16:38 deserializeInput: hasCrash false hasNet false
2023/03/05 21:16:38 prog length: 1
2023/03/05 21:16:38 deserializeInput: hasCrash false hasNet false
2023/03/05 21:16:38 prog length: 2
2023/03/05 21:16:38 deserializeInput: hasCrash true hasNet false
2023/03/05 21:16:38 prog length: 6
2023/03/05 21:16:38 prog length: 5
2023/03/05 21:16:38 deserializeInput: hasCrash false hasNet false
2023/03/05 21:16:38 prog length: 2
2023/03/05 21:16:38 deserializeInput: hasCrash false hasNet false
2023/03/05 21:16:38 prog length: 2
2023/03/05 21:16:38 deserializeInput: hasCrash true hasNet false
2023/03/05 21:16:38 prog length: 6
2023/03/05 21:16:38 prog length: 4
2023/03/05 21:16:38 deserializeInput: hasCrash true hasNet false
2023/03/05 21:16:38 prog length: 6
2023/03/05 21:16:38 prog length: 4
2023/03/05 21:16:38 deserializeInput: hasCrash true hasNet false
2023/03/05 21:16:38 prog length: 6
2023/03/05 21:16:38 prog length: 4
2023/03/05 21:16:38 deserializeInput: hasCrash true hasNet false
2023/03/05 21:16:38 prog length: 6
2023/03/05 21:16:38 prog length: 5
2023/03/05 21:16:38 deserializeInput: hasCrash false hasNet true
2023/03/05 21:16:38 prog length: 6
2023/03/05 21:16:38 prog length: 5
2023/03/05 21:16:38 deserializeInput: hasCrash true hasNet false
2023/03/05 21:16:38 prog length: 6
2023/03/05 21:16:38 prog length: 4
2023/03/05 21:16:38 deserializeInput: hasCrash false hasNet false
2023/03/05 21:16:38 prog length: 2
2023/03/05 21:16:38 deserializeInput: hasCrash true hasNet false
2023/03/05 21:16:38 prog length: 6
2023/03/05 21:16:38 prog length: 5
2023/03/05 21:16:38 deserializeInput: hasCrash false hasNet false
2023/03/05 21:16:38 prog length: 5
2023/03/05 21:16:38 deserializeInput: hasCrash false hasNet false
2023/03/05 21:16:38 prog length: 1
2023/03/05 21:16:38 deserializeInput: hasCrash true hasNet false
2023/03/05 21:16:38 prog length: 6
2023/03/05 21:16:38 prog length: 5
2023/03/05 21:16:38 deserializeInput: hasCrash false hasNet true
2023/03/05 21:16:38 prog length: 6
2023/03/05 21:16:38 prog length: 4
2023/03/05 21:16:38 deserializeInput: hasCrash false hasNet false
2023/03/05 21:16:38 prog length: 2
2023/03/05 21:16:38 deserializeInput: hasCrash false hasNet false
2023/03/05 21:16:38 prog length: 2
2023/03/05 21:16:38 deserializeInput: hasCrash true hasNet false
2023/03/05 21:16:38 prog length: 6
2023/03/05 21:16:38 prog length: 4
2023/03/05 21:16:38 deserializeInput: hasCrash false hasNet false
2023/03/05 21:16:38 prog length: 2
2023/03/05 21:16:38 deserializeInput: hasCrash true hasNet false
2023/03/05 21:16:38 prog length: 6
2023/03/05 21:16:38 prog length: 4
2023/03/05 21:16:38 fetching corpus: 50, signal 5943/30782/35719 (executing program)
2023/03/05 21:16:38 poll: candidates=0 inputs=34 signal=2000
2023/03/05 21:16:38 deserializeInput: hasCrash false hasNet false
2023/03/05 21:16:38 prog length: 2
2023/03/05 21:16:38 deserializeInput: hasCrash true hasNet false
2023/03/05 21:16:38 prog length: 6
2023/03/05 21:16:38 prog length: 4
2023/03/05 21:16:38 deserializeInput: hasCrash false hasNet false
2023/03/05 21:16:38 prog length: 1
2023/03/05 21:16:38 deserializeInput: hasCrash false hasNet false
2023/03/05 21:16:38 prog length: 4
2023/03/05 21:16:38 deserializeInput: hasCrash false hasNet false
2023/03/05 21:16:38 prog length: 2
2023/03/05 21:16:38 deserializeInput: hasCrash false hasNet false
2023/03/05 21:16:38 prog length: 4
2023/03/05 21:16:38 deserializeInput: hasCrash false hasNet false
2023/03/05 21:16:38 prog length: 4
2023/03/05 21:16:38 deserializeInput: hasCrash false hasNet false
2023/03/05 21:16:38 prog length: 4
2023/03/05 21:16:38 deserializeInput: hasCrash false hasNet false
2023/03/05 21:16:38 prog length: 2
2023/03/05 21:16:38 deserializeInput: hasCrash false hasNet false
2023/03/05 21:16:38 prog length: 2
2023/03/05 21:16:38 deserializeInput: hasCrash false hasNet false
2023/03/05 21:16:38 prog length: 3
2023/03/05 21:16:38 deserializeInput: hasCrash true hasNet false
2023/03/05 21:16:38 prog length: 6
2023/03/05 21:16:38 prog length: 5
2023/03/05 21:16:38 deserializeInput: hasCrash false hasNet true
2023/03/05 21:16:38 prog length: 6
2023/03/05 21:16:38 prog length: 5
2023/03/05 21:16:38 deserializeInput: hasCrash false hasNet false
2023/03/05 21:16:38 prog length: 5
2023/03/05 21:16:38 deserializeInput: hasCrash true hasNet false
2023/03/05 21:16:38 prog length: 6
2023/03/05 21:16:38 prog length: 4
2023/03/05 21:16:38 deserializeInput: hasCrash false hasNet false
2023/03/05 21:16:38 prog length: 2
2023/03/05 21:16:38 deserializeInput: hasCrash false hasNet false
2023/03/05 21:16:38 prog length: 3
2023/03/05 21:16:38 deserializeInput: hasCrash true hasNet false
2023/03/05 21:16:38 prog length: 6
2023/03/05 21:16:38 prog length: 4
2023/03/05 21:16:38 deserializeInput: hasCrash false hasNet false
2023/03/05 21:16:38 prog length: 2
2023/03/05 21:16:38 deserializeInput: hasCrash false hasNet false
2023/03/05 21:16:38 prog length: 1
2023/03/05 21:16:38 deserializeInput: hasCrash false hasNet false
2023/03/05 21:16:38 prog length: 3
2023/03/05 21:16:38 deserializeInput: hasCrash false hasNet true
2023/03/05 21:16:38 prog length: 6
2023/03/05 21:16:38 prog length: 5
2023/03/05 21:16:38 deserializeInput: hasCrash false hasNet true
2023/03/05 21:16:38 prog length: 6
2023/03/05 21:16:38 prog length: 4
2023/03/05 21:16:38 deserializeInput: hasCrash true hasNet false
2023/03/05 21:16:38 prog length: 6
2023/03/05 21:16:38 prog length: 5
2023/03/05 21:16:38 deserializeInput: hasCrash false hasNet false
2023/03/05 21:16:38 prog length: 1
2023/03/05 21:16:38 deserializeInput: hasCrash false hasNet false
2023/03/05 21:16:38 prog length: 2
2023/03/05 21:16:38 deserializeInput: hasCrash false hasNet false
2023/03/05 21:16:38 prog length: 1
2023/03/05 21:16:38 deserializeInput: hasCrash false hasNet true
2023/03/05 21:16:38 prog length: 6
2023/03/05 21:16:38 prog length: 4
2023/03/05 21:16:38 deserializeInput: hasCrash true hasNet false
2023/03/05 21:16:38 prog length: 6
2023/03/05 21:16:38 prog length: 4
2023/03/05 21:16:38 deserializeInput: hasCrash false hasNet false
2023/03/05 21:16:38 prog length: 4
2023/03/05 21:16:38 deserializeInput: hasCrash false hasNet false
2023/03/05 21:16:38 prog length: 2
2023/03/05 21:16:38 deserializeInput: hasCrash false hasNet true
2023/03/05 21:16:38 prog length: 6
2023/03/05 21:16:38 prog length: 5
2023/03/05 21:16:38 deserializeInput: hasCrash true hasNet false
2023/03/05 21:16:38 prog length: 6
2023/03/05 21:16:38 prog length: 7
2023/03/05 21:16:38 deserializeInput: hasCrash false hasNet false
2023/03/05 21:16:38 prog length: 3
2023/03/05 21:16:38 fetching corpus: 84, signal 7302/33985/40265 (executing program)
2023/03/05 21:16:38 poll: candidates=0 inputs=0 signal=2000
2023/03/05 21:16:38 fetching corpus: 84, signal 7302/33985/40666 (executing program)
2023/03/05 21:16:38 poll: candidates=0 inputs=0 signal=2000
2023/03/05 21:16:38 fetching corpus: 84, signal 7302/33985/41035 (executing program)
2023/03/05 21:16:38 poll: candidates=0 inputs=0 signal=2000
2023/03/05 21:16:38 fetching corpus: 84, signal 7302/33985/41389 (executing program)
2023/03/05 21:16:38 poll: candidates=0 inputs=0 signal=2000
2023/03/05 21:16:38 fetching corpus: 84, signal 7302/33985/41737 (executing program)
2023/03/05 21:16:38 poll: candidates=0 inputs=0 signal=2000
2023/03/05 21:16:38 fetching corpus: 84, signal 7302/33985/42122 (executing program)
2023/03/05 21:16:38 poll: candidates=0 inputs=0 signal=2000
2023/03/05 21:16:38 fetching corpus: 84, signal 7302/33985/42478 (executing program)
2023/03/05 21:16:38 poll: candidates=0 inputs=0 signal=2000
2023/03/05 21:16:38 fetching corpus: 84, signal 7302/33985/42857 (executing program)
2023/03/05 21:16:38 poll: candidates=0 inputs=0 signal=2000
2023/03/05 21:16:38 fetching corpus: 84, signal 7302/33985/43242 (executing program)
2023/03/05 21:16:38 poll: candidates=0 inputs=0 signal=2000
2023/03/05 21:16:38 fetching corpus: 84, signal 7302/33985/43618 (executing program)
2023/03/05 21:16:38 poll: candidates=0 inputs=0 signal=2000
2023/03/05 21:16:38 fetching corpus: 84, signal 7302/33985/43968 (executing program)
2023/03/05 21:16:38 poll: candidates=0 inputs=0 signal=2000
2023/03/05 21:16:38 fetching corpus: 84, signal 7302/33985/44342 (executing program)
2023/03/05 21:16:38 poll: candidates=0 inputs=0 signal=2000
2023/03/05 21:16:38 fetching corpus: 84, signal 7302/33985/44729 (executing program)
2023/03/05 21:16:38 poll: candidates=0 inputs=0 signal=1595
2023/03/05 21:16:38 fetching corpus: 84, signal 7302/33985/45010 (executing program)
2023/03/05 21:16:38 poll: candidates=0 inputs=0 signal=0
2023/03/05 21:16:38 fetching corpus: 84, signal 7302/33985/45010 (executing program)
2023/03/05 21:16:38 starting 1 fuzzer processes
2023/03/05 21:16:38 ----- generateCall 202 fcntl$addseals fcntl$addseals
2023/03/05 21:16:38 ----- generateCall 4128 write$binfmt_elf32 write$binfmt_elf32
2023/03/05 21:16:38 ----- generateCall 250 fsync fsync
2023/03/05 21:16:38 ----- generateCall 4131 write$binfmt_script write$binfmt_script
2023/03/05 21:16:38 ----- generateCall 222 fremovexattr fremovexattr
2023/03/05 21:16:38 ----- generateCall 2344 linkat linkat
2023/03/05 21:16:38 ----- generateCall 216 fdatasync fdatasync
2023/03/05 21:16:38 ----- generateCall 2374 mkdirat mkdirat
2023/03/05 21:16:38 ----- generateCall 2723 pread64 pread64
2023/03/05 21:16:38 ----- generateCall 250 fsync fsync
2023/03/05 21:16:38 ----- generateCall 2459 open$dir open$dir
2023/03/05 21:16:38 ----- generateCall 215 fcntl$setstatus fcntl$setstatus
2023/03/05 21:16:38 ----- generateCall 203 fcntl$dupfd fcntl$dupfd
2023/03/05 21:16:38 ----- generateCall 238 fsetxattr$system_posix_acl fsetxattr$system_posix_acl
2023/03/05 21:16:38 poll: candidates=0 inputs=0 signal=0
2023/03/05 21:16:38 map[./file0:true]
2023/03/05 21:16:38 #0: generated
2023/03/05 21:16:38 HasCrashFail: false, .HasNetFail: false
2023/03/05 21:16:38 prog length: 20
2023/03/05 21:16:38 HasCrashFail:false HasNetFail:false
21:16:38 ---executing program 0:
---
---
---
r0 = dup2(0xffffffffffffffff, 0xffffffffffffffff)
fcntl$addseals(r0, 0x409, 0x1)
r1 = openat(r0, &(0x7f0000000000)='./file0\x00', 0x400, 0x18)
write$binfmt_elf32(r1, &(0x7f0000000040)={{0x7f, 0x45, 0x4c, 0x46, 0x4, 0x20, 0x5, 0x8, 0x9, 0x2, 0x3, 0xa05, 0x2bb, 0x38, 0x390, 0x800, 0x89, 0x20, 0x2, 0x8001, 0x5, 0x6fa}, [{0x0, 0xffff, 0x5, 0xff, 0x100000, 0x2, 0x4e3, 0x4}], "850ec23778943ef1e7d408fd33e2e3da79ee0c6b6f53869c1d00f676958774108b9e487ec88ad08f0b3e29bf76e03640d1f00ae435e0ae4021615cd8f10e0e29f5852aa62402102ae113e635dde758433359e926b7edfab22601e23bf3e2f6dd85e03891401447ea8a16f87ad98ca5615e4729509ce7c6a30b4554083a81aae0942913aca620507601559d37b9f5d6c37dc5a93d533ae1fe33a1b8354625e121bb687a1749d564da0a88b6a60f8187a49c0f011978c6b9e5", ['\x00', '\x00', '\x00', '\x00', '\x00']}, 0x610)
fsync(r0)
r2 = fcntl$dupfd(r0, 0x0, r1)
write$binfmt_script(r2, &(0x7f0000000680)={'#! ', './file0', [{0x20, '\x00'}, {}, {0x20, '\x00'}, {0x20, '{'}], 0xa, "158f318be0e21a"}, 0x19)
fremovexattr(r1, &(0x7f00000006c0)=@random={'system.', '\x00'})
linkat(r0, &(0x7f0000000700)='./file0\x00', r1, &(0x7f0000000740)='./file0\x00', 0x0)
fdatasync(r1)
mkdirat(r0, &(0x7f0000000780)='./file0\x00', 0x1f)
pread64(r1, &(0x7f00000007c0)=""/4096, 0x1000, 0x0)
fsync(0xffffffffffffffff)
open$dir(&(0x7f00000017c0)='./file0\x00', 0x440000, 0x11)
fcntl$setstatus(r1, 0x4, 0x2800)
fcntl$dupfd(r1, 0x0, r0)
stat(&(0x7f0000001840)='./file0\x00', &(0x7f0000001880)={0x0, 0x0, 0x0, 0x0, <r3=>0x0})
fstat(r2, &(0x7f0000001900)={0x0, 0x0, 0x0, 0x0, 0x0, <r4=>0x0})
stat(&(0x7f0000001980)='./file0\x00', &(0x7f00000019c0)={0x0, 0x0, 0x0, 0x0, 0x0, <r5=>0x0})
fsetxattr$system_posix_acl(r1, &(0x7f0000001800)='system.posix_acl_access\x00', &(0x7f0000001ac0)={{}, {0x1, 0x5}, [{0x2, 0x4, 0xee01}, {0x2, 0x1}, {}, {0x2, 0x5, 0xee00}, {0x2, 0x2, r3}], {0x4, 0x5}, [{0x8, 0x2, r4}, {0x8, 0x1, r5}, {0x8, 0x2}, {0x8, 0x1, 0xee01}, {0x8, 0x2}], {0x10, 0x7}, {0x20, 0x3}}, 0x74, 0x1)
---

end of program
2023/03/05 21:16:38 -----run executor: [/usr/bin/ssh -F /dev/null -o ConnectionAttempts=100 -o ConnectTimeout=120 -o UserKnownHostsFile=/dev/null -o BatchMode=yes -o IdentitiesOnly=yes -o StrictHostKeyChecking=no -o ConnectTimeout=100 -i /home/tlyu/dfs-fuzzing/disk-images/glusterfs-images/focal.id_rsa -v root@192.168.0.17 /root/syz-executor exec 0 0 glusterfs 3 4 192.168.0.17 0 "3 1 ''" false false false true false]
2023/03/05 21:16:38 -----run executor: [/usr/bin/ssh -F /dev/null -o ConnectionAttempts=100 -o ConnectTimeout=120 -o UserKnownHostsFile=/dev/null -o BatchMode=yes -o IdentitiesOnly=yes -o StrictHostKeyChecking=no -o ConnectTimeout=100 -i /home/tlyu/dfs-fuzzing/disk-images/glusterfs-images/focal.id_rsa -v root@192.168.0.18 /root/syz-executor exec 0 1 glusterfs 3 4 192.168.0.17 0 "3 1 ''" false false false true false]
2023/03/05 21:16:38 -----run executor: [/usr/bin/ssh -F /dev/null -o ConnectionAttempts=100 -o ConnectTimeout=120 -o UserKnownHostsFile=/dev/null -o BatchMode=yes -o IdentitiesOnly=yes -o StrictHostKeyChecking=no -o ConnectTimeout=100 -i /home/tlyu/dfs-fuzzing/disk-images/glusterfs-images/focal.id_rsa -v root@192.168.0.19 /root/syz-executor exec 0 2 glusterfs 3 4 192.168.0.17 0 "3 1 ''" false false false true false]
2023/03/05 21:16:38 -----run executor: [/usr/bin/ssh -F /dev/null -o ConnectionAttempts=100 -o ConnectTimeout=120 -o UserKnownHostsFile=/dev/null -o BatchMode=yes -o IdentitiesOnly=yes -o StrictHostKeyChecking=no -o ConnectTimeout=100 -i /home/tlyu/dfs-fuzzing/disk-images/glusterfs-images/focal.id_rsa -v root@192.168.0.20 /root/syz-executor exec 1 3 glusterfs 3 4 192.168.0.17 0 "3 1 ''" false false false true false]
OpenSSH_8.2p1 Ubuntu-4ubuntu0.4, OpenSSL 1.1.1f  31 Mar 2020
OpenSSH_8.2p1 Ubuntu-4ubuntu0.4, OpenSSL 1.1.1f  31 Mar 2020
OpenSSH_8.2p1 Ubuntu-4ubuntu0.4, OpenSSL 1.1.1f  31 Mar 2020
debug1: Reading configuration data /dev/null
debug1: Reading configuration data /dev/null
debug1: Reading configuration data /dev/null
OpenSSH_8.2p1 Ubuntu-4ubuntu0.4, OpenSSL 1.1.1f  31 Mar 2020
debug1: Reading configuration data /dev/null
debug1: Connecting to 192.168.0.19 [192.168.0.19] port 22.
debug1: Connecting to 192.168.0.18 [192.168.0.18] port 22.
debug1: Connecting to 192.168.0.17 [192.168.0.17] port 22.
debug1: Connecting to 192.168.0.20 [192.168.0.20] port 22.
debug1: fd 3 clearing O_NONBLOCK
debug1: Connection established.
debug1: fd 3 clearing O_NONBLOCK
debug1: Connection established.
debug1: identity file /home/tlyu/dfs-fuzzing/disk-images/glusterfs-images/focal.id_rsa type 0
debug1: identity file /home/tlyu/dfs-fuzzing/disk-images/glusterfs-images/focal.id_rsa-cert type -1
debug1: Local version string SSH-2.0-OpenSSH_8.2p1 Ubuntu-4ubuntu0.4
debug1: identity file /home/tlyu/dfs-fuzzing/disk-images/glusterfs-images/focal.id_rsa type 0
debug1: identity file /home/tlyu/dfs-fuzzing/disk-images/glusterfs-images/focal.id_rsa-cert type -1
debug1: fd 3 clearing O_NONBLOCK
debug1: Connection established.
debug1: Local version string SSH-2.0-OpenSSH_8.2p1 Ubuntu-4ubuntu0.4
debug1: fd 3 clearing O_NONBLOCK
debug1: Connection established.
debug1: identity file /home/tlyu/dfs-fuzzing/disk-images/glusterfs-images/focal.id_rsa type 0
debug1: identity file /home/tlyu/dfs-fuzzing/disk-images/glusterfs-images/focal.id_rsa type 0
debug1: identity file /home/tlyu/dfs-fuzzing/disk-images/glusterfs-images/focal.id_rsa-cert type -1
debug1: identity file /home/tlyu/dfs-fuzzing/disk-images/glusterfs-images/focal.id_rsa-cert type -1
debug1: Local version string SSH-2.0-OpenSSH_8.2p1 Ubuntu-4ubuntu0.4
debug1: Local version string SSH-2.0-OpenSSH_8.2p1 Ubuntu-4ubuntu0.4
debug1: Remote protocol version 2.0, remote software version OpenSSH_8.2p1 Ubuntu-4
debug1: match: OpenSSH_8.2p1 Ubuntu-4 pat OpenSSH* compat 0x04000000
debug1: Authenticating to 192.168.0.18:22 as 'root'
debug1: Remote protocol version 2.0, remote software version OpenSSH_8.2p1 Ubuntu-4
debug1: match: OpenSSH_8.2p1 Ubuntu-4 pat OpenSSH* compat 0x04000000
debug1: Authenticating to 192.168.0.17:22 as 'root'
debug1: SSH2_MSG_KEXINIT sent
debug1: SSH2_MSG_KEXINIT sent
debug1: SSH2_MSG_KEXINIT received
debug1: kex: algorithm: curve25519-sha256
debug1: kex: host key algorithm: ecdsa-sha2-nistp256
debug1: kex: server->client cipher: chacha20-poly1305@openssh.com MAC: <implicit> compression: none
debug1: kex: client->server cipher: chacha20-poly1305@openssh.com MAC: <implicit> compression: none
debug1: SSH2_MSG_KEXINIT received
debug1: kex: algorithm: curve25519-sha256
debug1: kex: host key algorithm: ecdsa-sha2-nistp256
debug1: kex: server->client cipher: chacha20-poly1305@openssh.com MAC: <implicit> compression: none
debug1: kex: client->server cipher: chacha20-poly1305@openssh.com MAC: <implicit> compression: none
debug1: expecting SSH2_MSG_KEX_ECDH_REPLY
debug1: expecting SSH2_MSG_KEX_ECDH_REPLY
debug1: Remote protocol version 2.0, remote software version OpenSSH_8.2p1 Ubuntu-4
debug1: Remote protocol version 2.0, remote software version OpenSSH_8.2p1 Ubuntu-4
debug1: match: OpenSSH_8.2p1 Ubuntu-4 pat OpenSSH* compat 0x04000000
debug1: match: OpenSSH_8.2p1 Ubuntu-4 pat OpenSSH* compat 0x04000000
debug1: Authenticating to 192.168.0.19:22 as 'root'
debug1: Authenticating to 192.168.0.20:22 as 'root'
debug1: SSH2_MSG_KEXINIT sent
debug1: SSH2_MSG_KEXINIT sent
debug1: Server host key: ecdsa-sha2-nistp256 SHA256:prHFi1G5XXPuzxIh2a5lJaY6ZWltf3+ajD/hEOIDid8
debug1: Server host key: ecdsa-sha2-nistp256 SHA256:prHFi1G5XXPuzxIh2a5lJaY6ZWltf3+ajD/hEOIDid8
Warning: Permanently added '192.168.0.18' (ECDSA) to the list of known hosts.
Warning: Permanently added '192.168.0.17' (ECDSA) to the list of known hosts.
debug1: rekey out after 134217728 blocks
debug1: SSH2_MSG_NEWKEYS sent
debug1: expecting SSH2_MSG_NEWKEYS
debug1: rekey out after 134217728 blocks
debug1: SSH2_MSG_NEWKEYS sent
debug1: expecting SSH2_MSG_NEWKEYS
debug1: SSH2_MSG_NEWKEYS received
debug1: rekey in after 134217728 blocks
debug1: SSH2_MSG_NEWKEYS received
debug1: Will attempt key: /home/tlyu/dfs-fuzzing/disk-images/glusterfs-images/focal.id_rsa RSA SHA256:QIWS4tuunVotoxxddPCtr9GZw0tGyObh4l0/OC+LLZc explicit
debug1: rekey in after 134217728 blocks
debug1: SSH2_MSG_EXT_INFO received
debug1: kex_input_ext_info: server-sig-algs=<ssh-ed25519,sk-ssh-ed25519@openssh.com,ssh-rsa,rsa-sha2-256,rsa-sha2-512,ssh-dss,ecdsa-sha2-nistp256,ecdsa-sha2-nistp384,ecdsa-sha2-nistp521,sk-ecdsa-sha2-nistp256@openssh.com>
debug1: Will attempt key: /home/tlyu/dfs-fuzzing/disk-images/glusterfs-images/focal.id_rsa RSA SHA256:QIWS4tuunVotoxxddPCtr9GZw0tGyObh4l0/OC+LLZc explicit
debug1: SSH2_MSG_EXT_INFO received
debug1: kex_input_ext_info: server-sig-algs=<ssh-ed25519,sk-ssh-ed25519@openssh.com,ssh-rsa,rsa-sha2-256,rsa-sha2-512,ssh-dss,ecdsa-sha2-nistp256,ecdsa-sha2-nistp384,ecdsa-sha2-nistp521,sk-ecdsa-sha2-nistp256@openssh.com>
debug1: SSH2_MSG_SERVICE_ACCEPT received
debug1: SSH2_MSG_SERVICE_ACCEPT received
debug1: SSH2_MSG_KEXINIT received
debug1: kex: algorithm: curve25519-sha256
debug1: kex: host key algorithm: ecdsa-sha2-nistp256
debug1: kex: server->client cipher: chacha20-poly1305@openssh.com MAC: <implicit> compression: none
debug1: kex: client->server cipher: chacha20-poly1305@openssh.com MAC: <implicit> compression: none
debug1: SSH2_MSG_KEXINIT received
debug1: kex: algorithm: curve25519-sha256
debug1: kex: host key algorithm: ecdsa-sha2-nistp256
debug1: kex: server->client cipher: chacha20-poly1305@openssh.com MAC: <implicit> compression: none
debug1: kex: client->server cipher: chacha20-poly1305@openssh.com MAC: <implicit> compression: none
debug1: expecting SSH2_MSG_KEX_ECDH_REPLY
debug1: expecting SSH2_MSG_KEX_ECDH_REPLY
debug1: Server host key: ecdsa-sha2-nistp256 SHA256:prHFi1G5XXPuzxIh2a5lJaY6ZWltf3+ajD/hEOIDid8
Warning: Permanently added '192.168.0.19' (ECDSA) to the list of known hosts.
debug1: Server host key: ecdsa-sha2-nistp256 SHA256:prHFi1G5XXPuzxIh2a5lJaY6ZWltf3+ajD/hEOIDid8
Warning: Permanently added '192.168.0.20' (ECDSA) to the list of known hosts.
debug1: rekey out after 134217728 blocks
debug1: SSH2_MSG_NEWKEYS sent
debug1: expecting SSH2_MSG_NEWKEYS
debug1: SSH2_MSG_NEWKEYS received
debug1: rekey in after 134217728 blocks
debug1: Will attempt key: /home/tlyu/dfs-fuzzing/disk-images/glusterfs-images/focal.id_rsa RSA SHA256:QIWS4tuunVotoxxddPCtr9GZw0tGyObh4l0/OC+LLZc explicit
debug1: SSH2_MSG_EXT_INFO received
debug1: kex_input_ext_info: server-sig-algs=<ssh-ed25519,sk-ssh-ed25519@openssh.com,ssh-rsa,rsa-sha2-256,rsa-sha2-512,ssh-dss,ecdsa-sha2-nistp256,ecdsa-sha2-nistp384,ecdsa-sha2-nistp521,sk-ecdsa-sha2-nistp256@openssh.com>
debug1: SSH2_MSG_SERVICE_ACCEPT received
debug1: rekey out after 134217728 blocks
debug1: SSH2_MSG_NEWKEYS sent
debug1: expecting SSH2_MSG_NEWKEYS
debug1: SSH2_MSG_NEWKEYS received
debug1: rekey in after 134217728 blocks
debug1: Will attempt key: /home/tlyu/dfs-fuzzing/disk-images/glusterfs-images/focal.id_rsa RSA SHA256:QIWS4tuunVotoxxddPCtr9GZw0tGyObh4l0/OC+LLZc explicit
debug1: SSH2_MSG_EXT_INFO received
debug1: kex_input_ext_info: server-sig-algs=<ssh-ed25519,sk-ssh-ed25519@openssh.com,ssh-rsa,rsa-sha2-256,rsa-sha2-512,ssh-dss,ecdsa-sha2-nistp256,ecdsa-sha2-nistp384,ecdsa-sha2-nistp521,sk-ecdsa-sha2-nistp256@openssh.com>
debug1: SSH2_MSG_SERVICE_ACCEPT received
debug1: Authentications that can continue: publickey,password
debug1: Next authentication method: publickey
debug1: Authentications that can continue: publickey,password
debug1: Offering public key: /home/tlyu/dfs-fuzzing/disk-images/glusterfs-images/focal.id_rsa RSA SHA256:QIWS4tuunVotoxxddPCtr9GZw0tGyObh4l0/OC+LLZc explicit
debug1: Next authentication method: publickey
debug1: Offering public key: /home/tlyu/dfs-fuzzing/disk-images/glusterfs-images/focal.id_rsa RSA SHA256:QIWS4tuunVotoxxddPCtr9GZw0tGyObh4l0/OC+LLZc explicit
debug1: Server accepts key: /home/tlyu/dfs-fuzzing/disk-images/glusterfs-images/focal.id_rsa RSA SHA256:QIWS4tuunVotoxxddPCtr9GZw0tGyObh4l0/OC+LLZc explicit
debug1: Server accepts key: /home/tlyu/dfs-fuzzing/disk-images/glusterfs-images/focal.id_rsa RSA SHA256:QIWS4tuunVotoxxddPCtr9GZw0tGyObh4l0/OC+LLZc explicit
debug1: Authentications that can continue: publickey,password
debug1: Next authentication method: publickey
debug1: Offering public key: /home/tlyu/dfs-fuzzing/disk-images/glusterfs-images/focal.id_rsa RSA SHA256:QIWS4tuunVotoxxddPCtr9GZw0tGyObh4l0/OC+LLZc explicit
debug1: Server accepts key: /home/tlyu/dfs-fuzzing/disk-images/glusterfs-images/focal.id_rsa RSA SHA256:QIWS4tuunVotoxxddPCtr9GZw0tGyObh4l0/OC+LLZc explicit
debug1: Authentications that can continue: publickey,password
debug1: Next authentication method: publickey
debug1: Offering public key: /home/tlyu/dfs-fuzzing/disk-images/glusterfs-images/focal.id_rsa RSA SHA256:QIWS4tuunVotoxxddPCtr9GZw0tGyObh4l0/OC+LLZc explicit
debug1: Server accepts key: /home/tlyu/dfs-fuzzing/disk-images/glusterfs-images/focal.id_rsa RSA SHA256:QIWS4tuunVotoxxddPCtr9GZw0tGyObh4l0/OC+LLZc explicit
debug1: Authentication succeeded (publickey).
Authenticated to 192.168.0.17 ([192.168.0.17]:22).
debug1: channel 0: new [client-session]
debug1: Requesting no-more-sessions@openssh.com
debug1: Entering interactive session.
debug1: pledge: network
debug1: Authentication succeeded (publickey).
Authenticated to 192.168.0.18 ([192.168.0.18]:22).
debug1: channel 0: new [client-session]
debug1: Requesting no-more-sessions@openssh.com
debug1: Entering interactive session.
debug1: pledge: network
debug1: Authentication succeeded (publickey).
Authenticated to 192.168.0.19 ([192.168.0.19]:22).
debug1: channel 0: new [client-session]
debug1: Requesting no-more-sessions@openssh.com
debug1: Entering interactive session.
debug1: pledge: network
debug1: Authentication succeeded (publickey).
Authenticated to 192.168.0.20 ([192.168.0.20]:22).
debug1: channel 0: new [client-session]
debug1: Requesting no-more-sessions@openssh.com
debug1: Entering interactive session.
debug1: pledge: network
debug1: client_input_global_request: rtype hostkeys-00@openssh.com want_reply 0
debug1: Remote: /root/.ssh/authorized_keys:1: key options: agent-forwarding port-forwarding pty user-rc x11-forwarding
debug1: client_input_global_request: rtype hostkeys-00@openssh.com want_reply 0
debug1: Remote: /root/.ssh/authorized_keys:1: key options: agent-forwarding port-forwarding pty user-rc x11-forwarding
debug1: client_input_global_request: rtype hostkeys-00@openssh.com want_reply 0
debug1: Remote: /root/.ssh/authorized_keys:1: key options: agent-forwarding port-forwarding pty user-rc x11-forwarding
debug1: client_input_global_request: rtype hostkeys-00@openssh.com want_reply 0
debug1: Remote: /root/.ssh/authorized_keys:1: key options: agent-forwarding port-forwarding pty user-rc x11-forwarding
debug1: Remote: /root/.ssh/authorized_keys:1: key options: agent-forwarding port-forwarding pty user-rc x11-forwarding
debug1: Sending command: /root/syz-executor exec 0 2 glusterfs 3 4 192.168.0.17 0 "3 1 ''" false false false true false
debug1: Remote: /root/.ssh/authorized_keys:1: key options: agent-forwarding port-forwarding pty user-rc x11-forwarding
debug1: Sending command: /root/syz-executor exec 0 0 glusterfs 3 4 192.168.0.17 0 "3 1 ''" false false false true false
debug1: Remote: /root/.ssh/authorized_keys:1: key options: agent-forwarding port-forwarding pty user-rc x11-forwarding
debug1: Sending command: /root/syz-executor exec 0 1 glusterfs 3 4 192.168.0.17 0 "3 1 ''" false false false true false
debug1: Remote: /root/.ssh/authorized_keys:1: key options: agent-forwarding port-forwarding pty user-rc x11-forwarding
debug1: Sending command: /root/syz-executor exec 1 3 glusterfs 3 4 192.168.0.17 0 "3 1 ''" false false false true false
----- is restarting 0
---- dfs_name glusterfs is_dfs_client 0
----- is restarting 0
---- dfs_name glusterfs is_dfs_client 0
----- is restarting 0
---- dfs_name glusterfs is_dfs_client 0
unlink FIFO failed: No such file or directory
[    0.000000] kernel: Linux version 5.15.0+ (tlyu@IC-RS3-DPC07) (gcc (Ubuntu 9.4.0-1ubuntu1~20.04.1) 9.4.0, GNU ld (GNU Binutils for Ubuntu) 2.34) #8 SMP Fri Jun 3 16:18:40 CEST 2022
[    0.000000] kernel: Command line: root=/dev/sda console=ttyS0 net.ifnames=0 ip=192.168.0.19 quiet
[    0.000000] kernel: x86/fpu: Supporting XSAVE feature 0x001: 'x87 floating point registers'
[    0.000000] kernel: x86/fpu: Supporting XSAVE feature 0x002: 'SSE registers'
[    0.000000] kernel: x86/fpu: Supporting XSAVE feature 0x004: 'AVX registers'
[    0.000000] kernel: x86/fpu: Supporting XSAVE feature 0x008: 'MPX bounds registers'
[    0.000000] kernel: x86/fpu: Supporting XSAVE feature 0x010: 'MPX CSR'
[    0.000000] kernel: x86/fpu: Supporting XSAVE feature 0x020: 'AVX-512 opmask'
[    0.000000] kernel: x86/fpu: Supporting XSAVE feature 0x040: 'AVX-512 Hi256'
[    0.000000] kernel: x86/fpu: Supporting XSAVE feature 0x080: 'AVX-512 ZMM_Hi256'
[    0.000000] kernel: x86/fpu: Supporting XSAVE featunlink FIFO failed: No such file or directory
unlink FIFO failed: No such file or directory
[    0.000000] kernel: Linux version 5.15.0+ (tlyu@IC-RS3-DPC07) (gcc (Ubuntu 9.4.0-1ubuntu1~20.04.1) 9.4.0, GNU ld (GNU Binutils for Ubuntu) 2.34) #8 SMP Fri Jun 3 16:18:40 CEST 2022
[    0.000000] kernel: Command line: root=/dev/sda console=ttyS0 net.ifnames=0 ip=192.168.0.17 quiet
[    0.000000] kernel: x86/fpu: Supporting XSAVE feature 0x001: 'x87 floating point registers'
[    0.000000] kernel: x86/fpu: Supporting XSAVE feature 0x002: 'SSE registers'
[    0.000000] kernel: x86/fpu: Supporting XSAVE feature 0x004: 'AVX registers'
[    0.000000] kernel: x86/fpu: Supporting XSAVE feature 0x008: 'MPX bounds registers'
[    0.000000] kernel: x86/fpu: Supporting XSAVE feature 0x010: 'MPX CSR'
[    0.000000] kernel: x86/fpu: Supporting XSAVE feature 0x020: 'AVX-512 opmask'
[    0.000000] kernel: x86/fpu: Supporting XSAVE feature 0x040: 'AVX-512 Hi256'
[    0.000000] kernel: x86/fpu: Supporting XSAVE feature 0x080: 'AVX-512 ZMM_Hi256'
[    0.000000] kernel: x86/fpu: Supporting XSAVE feat[    0.000000] kernel: Linux version 5.15.0+ (tlyu@IC-RS3-DPC07) (gcc (Ubuntu 9.4.0-1ubuntu1~20.04.1) 9.4.0, GNU ld (GNU Binutils for Ubuntu) 2.34) #8 SMP Fri Jun 3 16:18:40 CEST 2022
[    0.000000] kernel: Command line: root=/dev/sda console=ttyS0 net.ifnames=0 ip=192.168.0.18 quiet
[    0.000000] kernel: x86/fpu: Supporting XSAVE feature 0x001: 'x87 floating point registers'
[    0.000000] kernel: x86/fpu: Supporting XSAVE feature 0x002: 'SSE registers'
[    0.000000] kernel: x86/fpu: Supporting XSAVE feature 0x004: 'AVX registers'
[    0.000000] kernel: x86/fpu: Supporting XSAVE feature 0x008: 'MPX bounds registers'
[    0.000000] kernel: x86/fpu: Supporting XSAVE feature 0x010: 'MPX CSR'
[    0.000000] kernel: x86/fpu: Supporting XSAVE feature 0x020: 'AVX-512 opmask'
[    0.000000] kernel: x86/fpu: Supporting XSAVE feature 0x040: 'AVX-512 Hi256'
[    0.000000] kernel: x86/fpu: Supporting XSAVE feature 0x080: 'AVX-512 ZMM_Hi256'
[    0.000000] kernel: x86/fpu: Supporting XSAVE feature 0x200: 'Protection Keys User registers'
[    0.000000] kernel: x86/fpu: xstate_offset[2]:  576, xstate_sizes[2]:  256
[    0.000000] kernel: x86/fpu: xstate_offset[3]:  832, xstate_sizes[3]:   64
[    0.000000] kernel: x86/fpu: xstate_offset[4]:  896, xstate_sizes[4]:   64
[    0.000000] kernel: x86/fpu: xstate_offset[5]:  960, xstate_sizes[5]:   64
[    0.000000] kernel: x86/fpu: xstate_offset[6]: 1024, xstate_sizes[6]:  512
[    0.000000] kernel: x86/fpu: xstate_offset[7]: 1536, xstate_sizes[7]: 1024
[    0.000000] kernel: x86/fpu: xstate_offset[9]: 2560, xstate_sizes[9]:    8
[    0.000000] kernel: x86/fpu: Enabled xstate features 0x2ff, context size is 2568 bytes, using 'compacted' format.
[    0.000000] kernel: signal: max sigframe size: 3632
[    0.000000] kernel: BIOS-provided physical RAM map:
[    0.000000] kernel: BIOS-e820: [mem 0x0000000000000000-0x000000000009fbff] usable
[    0.000000] kernel: BIOS-e820: [mem 0x000000000009fc00-0x000000000009ffff] reserved
[    0.000----- is restarting 0
---- dfs_name glusterfs is_dfs_client 1
ure 0x200: 'Protection Keys User registers'
[    0.000000] kernel: x86/fpu: xstate_offset[2]:  576, xstate_sizes[2]:  256
[    0.000000] kernel: x86/fpu: xstate_offset[3]:  832, xstate_sizes[3]:   64
[    0.000000] kernel: x86/fpu: xstate_offset[4]:  896, xstate_sizes[4]:   64
[    0.000000] kernel: x86/fpu: xstate_offset[5]:  960, xstate_sizes[5]:   64
[    0.000000] kernel: x86/fpu: xstate_offset[6]: 1024, xstate_sizes[6]:  512
[    0.000000] kernel: x86/fpu: xstate_offset[7]: 1536, xstate_sizes[7]: 1024
[    0.000000] kernel: x86/fpu: xstate_offset[9]: 2560, xstate_sizes[9]:    8
[    0.000000] kernel: x86/fpu: Enabled xstate features 0x2ff, context size is 2568 bytes, using 'compacted' format.
[    0.000000] kernel: signal: max sigframe size: 3632
[    0.000000] kernel: BIOS-provided physical RAM map:
[    0.000000] kernel: BIOS-e820: [mem 0x0000000000000000-0x000000000009fbff] usable
[    0.000000] kernel: BIOS-e820: [mem 0x000000000009fc00-0x000000000009ffff] reserved
[    0.000ure 0x200: 'Protection Keys User registers'
[    0.000000] kernel: x86/fpu: xstate_offset[2]:  576, xstate_sizes[2]:  256
[    0.000000] kernel: x86/fpu: xstate_offset[3]:  832, xstate_sizes[3]:   64
[    0.000000] kernel: x86/fpu: xstate_offset[4]:  896, xstate_sizes[4]:   64
[    0.000000] kernel: x86/fpu: xstate_offset[5]:  960, xstate_sizes[5]:   64
[    0.000000] kernel: x86/fpu: xstate_offset[6]: 1024, xstate_sizes[6]:  512
[    0.000000] kernel: x86/fpu: xstate_offset[7]: 1536, xstate_sizes[7]: 1024
[    0.000000] kernel: x86/fpu: xstate_offset[9]: 2560, xstate_sizes[9]:    8
[    0.000000] kernel: x86/fpu: Enabled xstate features 0x2ff, context size is 2568 bytes, using 'compacted' format.
[    0.000000] kernel: signal: max sigframe size: 3632
[    0.000000] kernel: BIOS-provided physical RAM map:
[    0.000000] kernel: BIOS-e820: [mem 0x0000000000000000-0x000000000009fbff] usable
[    0.000000] kernel: BIOS-e820: [mem 0x000000000009fc00-0x000000000009ffff] reserved
[    0.000000] kernel: BIOS-e820: [mem 0x00000000000f0000-0x00000000000fffff] reserved
[    0.000000] kernel: BIOS-e820: [mem 0x0000000000100000-0x00000000bffdcfff] usable
[    0.000000] kernel: BIOS-e820: [mem 0x00000000bffdd000-0x00000000bfffffff] reserved
[    0.000000] kernel: BIOS-e820: [mem 0x00000000feffc000-0x00000000feffffff] reserved
[    0.000000] kernel: BIOS-e820: [mem 0x00000000fffc0000-0x00000000ffffffff] reserved
[    0.000000] kernel: BIOS-e820: [mem 0x0000000100000000-0x00000002bfffffff] usable
[    0.000000] kernel: NX (Execute Disable) protection: active
[    0.000000] kernel: SMBIOS 2.8 present.
[    0.000000] kernel: DMI: QEMU Standard PC (i440FX + PIIX, 1996), BIOS 1.13.0-1ubuntu1.1 04/01/2014
[    0.000000] kernel: Hypervisor detected: KVM
[    0.000000] kernel: kvm-clock: Using msrs 4b564d01 and 4b564d00
[    0.000000] kernel: kvm-clock: cpu 0, msr 171958001, primary cpu clock
[    0.000001] kernel: kvm-clock: using sched offset of 294205974 cycles
[    0.000007] kernel000] kernel: BIOS-e820: [mem 0x00000000000f0000-0x00000000000fffff] reserved
[    0.000000] kernel: BIOS-e820: [mem 0x0000000000100000-0x00000000bffdcfff] usable
[    0.000000] kernel: BIOS-e820: [mem 0x00000000bffdd000-0x00000000bfffffff] reserved
[    0.000000] kernel: BIOS-e820: [mem 0x00000000feffc000-0x00000000feffffff] reserved
[    0.000000] kernel: BIOS-e820: [mem 0x00000000fffc0000-0x00000000ffffffff] reserved
[    0.000000] kernel: BIOS-e820: [mem 0x0000000100000000-0x00000002bfffffff] usable
[    0.000000] kernel: NX (Execute Disable) protection: active
[    0.000000] kernel: SMBIOS 2.8 present.
[    0.000000] kernel: DMI: QEMU Standard PC (i440FX + PIIX, 1996), BIOS 1.13.0-1ubuntu1.1 04/01/2014
[    0.000000] kernel: Hypervisor detected: KVM
[    0.000000] kernel: kvm-clock: Using msrs 4b564d01 and 4b564d00
[    0.000000] kernel: kvm-clock: cpu 0, msr 1d7558001, primary cpu clock
[    0.000003] kernel: kvm-clock: using sched offset of 295073543 cycles
[    0.000010] kernel000] kernel: BIOS-e820: [mem 0x00000000000f0000-0x00000000000fffff] reserved
[    0.000000] kernel: BIOS-e820: [mem 0x0000000000100000-0x00000000bffdcfff] usable
[    0.000000] kernel: BIOS-e820: [mem 0x00000000bffdd000-0x00000000bfffffff] reserved
[    0.000000] kernel: BIOS-e820: [mem 0x00000000feffc000-0x00000000feffffff] reserved
[    0.000000] kernel: BIOS-e820: [mem 0x00000000fffc0000-0x00000000ffffffff] reserved
[    0.000000] kernel: BIOS-e820: [mem 0x0000000100000000-0x00000002bfffffff] usable
[    0.000000] kernel: NX (Execute Disable) protection: active
[    0.000000] kernel: SMBIOS 2.8 present.
[    0.000000] kernel: DMI: QEMU Standard PC (i440FX + PIIX, 1996), BIOS 1.13.0-1ubuntu1.1 04/01/2014
[    0.000000] kernel: Hypervisor detected: KVM
[    0.000000] kernel: kvm-clock: Using msrs 4b564d01 and 4b564d00
[    0.000000] kernel: kvm-clock: cpu 0, msr 2bd58001, primary cpu clock
[    0.000003] kernel: kvm-clock: using sched offset of 282169158 cycles
[    0.000011] kernel:: clocksource: kvm-clock: mask: 0xffffffffffffffff max_cycles: 0x1cd42e4dffb, max_idle_ns: 881590591483 ns
[    0.000016] kernel: tsc: Detected 2496.000 MHz processor
[    0.004216] kernel: e820: update [mem 0x00000000-0x00000fff] usable ==> reserved
[    0.004236] kernel: e820: remove [mem 0x000a0000-0x000fffff] usable
[    0.004249] kernel: last_pfn = 0x2c0000 max_arch_pfn = 0x400000000
[    0.004306] kernel: x86/PAT: Configuration [0-7]: WB  WC  UC- UC  WB  WP  UC- WT  
[    0.004315] kernel: last_pfn = 0xbffdd max_arch_pfn = 0x400000000
[    0.009649] kernel: found SMP MP-table at [mem 0x000f5c70-0x000f5c7f]
[    0.009705] kernel: Using GB pages for direct mapping
[    0.010161] kernel: ACPI: Early table checksum verification disabled
[    0.010170] kernel: ACPI: RSDP 0x00000000000F5A40 000014 (v00 BOCHS )
[    0.010191] kernel: ACPI: RSDT 0x00000000BFFE15C9 000030 (v01 BOCHS  BXPCRSDT 00000001 BXPC 00000001)
[    0.010210] kernel: ACPI: FACP 0x00000000BFFE149D 000074 (v01 BOCHS  : clocksource: kvm-clock: mask: 0xffffffffffffffff max_cycles: 0x1cd42e4dffb, max_idle_ns: 881590591483 ns
[    0.000020] kernel: tsc: Detected 2496.000 MHz processor
[    0.004298] kernel: e820: update [mem 0x00000000-0x00000fff] usable ==> reserved
[    0.004317] kernel: e820: remove [mem 0x000a0000-0x000fffff] usable
[    0.004330] kernel: last_pfn = 0x2c0000 max_arch_pfn = 0x400000000
[    0.004374] kernel: x86/PAT: Configuration [0-7]: WB  WC  UC- UC  WB  WP  UC- WT  
[    0.004382] kernel: last_pfn = 0xbffdd max_arch_pfn = 0x400000000
[    0.009861] kernel: found SMP MP-table at [mem 0x000f5c70-0x000f5c7f]
[    0.009922] kernel: Using GB pages for direct mapping
[    0.010378] kernel: ACPI: Early table checksum verification disabled
[    0.010386] kernel: ACPI: RSDP 0x00000000000F5A40 000014 (v00 BOCHS )
[    0.010406] kernel: ACPI: RSDT 0x00000000BFFE15C9 000030 (v01 BOCHS  BXPCRSDT 00000001 BXPC 00000001)
[    0.010425] kernel: ACPI: FACP 0x00000000BFFE149D 000074 (v01 BOCHS   clocksource: kvm-clock: mask: 0xffffffffffffffff max_cycles: 0x1cd42e4dffb, max_idle_ns: 881590591483 ns
[    0.000020] kernel: tsc: Detected 2496.000 MHz processor
[    0.004258] kernel: e820: update [mem 0x00000000-0x00000fff] usable ==> reserved
[    0.004287] kernel: e820: remove [mem 0x000a0000-0x000fffff] usable
[    0.004301] kernel: last_pfn = 0x2c0000 max_arch_pfn = 0x400000000
[    0.004357] kernel: x86/PAT: Configuration [0-7]: WB  WC  UC- UC  WB  WP  UC- WT  
[    0.004367] kernel: last_pfn = 0xbffdd max_arch_pfn = 0x400000000
[    0.009842] kernel: found SMP MP-table at [mem 0x000f5c70-0x000f5c7f]
[    0.009896] kernel: Using GB pages for direct mapping
[    0.010638] kernel: ACPI: Early table checksum verification disabled
[    0.010648] kernel: ACPI: RSDP 0x00000000000F5A40 000014 (v00 BOCHS )
[    0.010667] kernel: ACPI: RSDT 0x00000000BFFE15C9 000030 (v01 BOCHS  BXPCRSDT 00000001 BXPC 00000001)
[    0.010686] kernel: ACPI: FACP 0x00000000BFFE149D 000074 (v01 BOCHS  Bbefore receiving handshake request
executor 2 finishes userspace_cover_open
before receiving handshake request
req.flags ea3
BXPCFACP 00000001 BXPC 00000001)
[    0.010229] kernel: ACPI: DSDT 0x00000000BFFE0040 00145D (v01 BOCHS  BXPCDSDT 00000001 BXPC 00000001)
[    0.010243] kernel: ACPI: FACS 0x00000000BFFE0000 000040
[    0.010254] kernel: ACPI: APIC 0x00000000BFFE1511 000080 (v01 BOCHS  BXPCAPIC 00000001 BXPC 00000001)
[    0.010269] kernel: ACPI: HPET 0x00000000BFFE1591 000038 (v01 BOCHS  BXPCHPET 00000001 BXPC 00000001)
[    0.010282] kernel: ACPI: Reserving FACP table memory at [mem 0xbffe149d-0xbffe1510]
[    0.010288] kernel: ACPI: Reserving DSDT table memory at [mem 0xbffe0040-0xbffe149c]
[    0.010294] kernel: ACPI: Reserving FACS table memory at [mem 0xbffe0000-0xbffe003f]
[    0.010299] kernel: ACPI: Reserving APIC table memory at [mem 0xbffe1511-0xbffe1590]
[    0.010305] kernel: ACPI: Reserving HPET table memory at [mem 0xbffe1591-0xbffe15c8]
[    0.010919] kernel: No NUMA configuration found
[    0.010925] kernel: Faking a node at [mem 0x0000000000000000-0x00000002bfffffff]
[    0.010937] kexecutor 1 finishes userspace_cover_open
before receiving handshake request
executor 0 finishes userspace_cover_open
before receiving handshake request
req.flags ea3
req.flags ea3
[    0.000000] kernel: Linux version 5.15.0+ (tlyu@IC-RS3-DPC07) (gcc (Ubuntu 9.4.0-1ubuntu1~20.04.1) 9.4.0, GNU ld (GNU Binutils for Ubuntu) 2.34) #8 SMP Fri Jun 3 16:18:40 CEST 2022
[    0.000000] kernel: Command line: root=/dev/sda console=ttyS0 net.ifnames=0 ip=192.168.0.20 quiet
[    0.000000] kernel: x86/fpu: Supporting XSAVE feature 0x001: 'x87 floating point registers'
[    0.000000] kernel: x86/fpu: Supporting XSAVE feature 0x002: 'SSE registers'
[    0.000000] kernel: x86/fpu: Supporting XSAVE feature 0x004: 'AVX registers'
[    0.000000] kernel: x86/fpu: Supporting XSAVE feature 0x008: 'MPX bounds registers'
[    0.000000] kernel: x86/fpu: Supporting XSAVE feature 0x010: 'MPX CSR'
[    0.000000] kernel: x86/fpu: Supporting XSAVE feature 0x020: 'AVX-512 opmask'
[    0.000000] kernel: x86/fpu: Supporting XSAVE feature 0x040: 'AVX-512 Hi256'
[    0.000000] kernel: x86/fpu: Supporting XSAVE feature 0x080: 'AVX-512 ZMM_Hi256'
[    0.000000] kernel: x86/fpu: Supporting XSAVE featBXPCFACP 00000001 BXPC 00000001)
[    0.010444] kernel: ACPI: DSDT 0x00000000BFFE0040 00145D (v01 BOCHS  BXPCDSDT 00000001 BXPC 00000001)
[    0.010459] kernel: ACPI: FACS 0x00000000BFFE0000 000040
[    0.010470] kernel: ACPI: APIC 0x00000000BFFE1511 000080 (v01 BOCHS  BXPCAPIC 00000001 BXPC 00000001)
[    0.010484] kernel: ACPI: HPET 0x00000000BFFE1591 000038 (v01 BOCHS  BXPCHPET 00000001 BXPC 00000001)
[    0.010497] kernel: ACPI: Reserving FACP table memory at [mem 0xbffe149d-0xbffe1510]
[    0.010503] kernel: ACPI: Reserving DSDT table memory at [mem 0xbffe0040-0xbffe149c]
[    0.010509] kernel: ACPI: Reserving FACS table memory at [mem 0xbffe0000-0xbffe003f]
[    0.010514] kernel: ACPI: Reserving APIC table memory at [mem 0xbffe1511-0xbffe1590]
[    0.010519] kernel: ACPI: Reserving HPET table memory at [mem 0xbffe1591-0xbffe15c8]
[    0.011147] kernel: No NUMA configuration found
[    0.011152] kernel: Faking a node at [mem 0x0000000000000000-0x00000002bfffffff]
[    0.011163] kXPCFACP 00000001 BXPC 00000001)
[    0.010704] kernel: ACPI: DSDT 0x00000000BFFE0040 00145D (v01 BOCHS  BXPCDSDT 00000001 BXPC 00000001)
[    0.010719] kernel: ACPI: FACS 0x00000000BFFE0000 000040
[    0.010730] kernel: ACPI: APIC 0x00000000BFFE1511 000080 (v01 BOCHS  BXPCAPIC 00000001 BXPC 00000001)
[    0.010744] kernel: ACPI: HPET 0x00000000BFFE1591 000038 (v01 BOCHS  BXPCHPET 00000001 BXPC 00000001)
[    0.010757] kernel: ACPI: Reserving FACP table memory at [mem 0xbffe149d-0xbffe1510]
[    0.010764] kernel: ACPI: Reserving DSDT table memory at [mem 0xbffe0040-0xbffe149c]
[    0.010769] kernel: ACPI: Reserving FACS table memory at [mem 0xbffe0000-0xbffe003f]
[    0.010774] kernel: ACPI: Reserving APIC table memory at [mem 0xbffe1511-0xbffe1590]
[    0.010780] kernel: ACPI: Reserving HPET table memory at [mem 0xbffe1591-0xbffe15c8]
[    0.011365] kernel: No NUMA configuration found
[    0.011369] kernel: Faking a node at [mem 0x0000000000000000-0x00000002bfffffff]
[    0.011379] keernel: NODE_DATA(0) allocated [mem 0x2bfffc000-0x2bfffffff]
[    0.011426] kernel: Zone ranges:
[    0.011432] kernel:   DMA      [mem 0x0000000000001000-0x0000000000ffffff]
[    0.011440] kernel:   DMA32    [mem 0x0000000001000000-0x00000000ffffffff]
[    0.011447] kernel:   Normal   [mem 0x0000000100000000-0x00000002bfffffff]
[    0.011454] kernel: Movable zone start for each node
[    0.011456] kernel: Early memory node ranges
[    0.011458] kernel:   node   0: [mem 0x0000000000001000-0x000000000009efff]
[    0.011464] kernel:   node   0: [mem 0x0000000000100000-0x00000000bffdcfff]
[    0.011470] kernel:   node   0: [mem 0x0000000100000000-0x00000002bfffffff]
[    0.011477] kernel: Initmem setup node 0 [mem 0x0000000000001000-0x00000002bfffffff]
[    0.011819] kernel: On node 0, zone DMA: 1 pages in unavailable ranges
[    0.011879] kernel: On node 0, zone DMA: 97 pages in unavailable ranges
[    0.072080] kernel: On node 0, zone Normal: 35 pages in unavailable ranges
[    0.387897ure 0x200: 'Protection Keys User registers'
[    0.000000] kernel: x86/fpu: xstate_offset[2]:  576, xstate_sizes[2]:  256
[    0.000000] kernel: x86/fpu: xstate_offset[3]:  832, xstate_sizes[3]:   64
[    0.000000] kernel: x86/fpu: xstate_offset[4]:  896, xstate_sizes[4]:   64
[    0.000000] kernel: x86/fpu: xstate_offset[5]:  960, xstate_sizes[5]:   64
[    0.000000] kernel: x86/fpu: xstate_offset[6]: 1024, xstate_sizes[6]:  512
[    0.000000] kernel: x86/fpu: xstate_offset[7]: 1536, xstate_sizes[7]: 1024
[    0.000000] kernel: x86/fpu: xstate_offset[9]: 2560, xstate_sizes[9]:    8
[    0.000000] kernel: x86/fpu: Enabled xstate features 0x2ff, context size is 2568 bytes, using 'compacted' format.
[    0.000000] kernel: signal: max sigframe size: 3632
[    0.000000] kernel: BIOS-provided physical RAM map:
[    0.000000] kernel: BIOS-e820: [mem 0x0000000000000000-0x000000000009fbff] usable
[    0.000000] kernel: BIOS-e820: [mem 0x000000000009fc00-0x000000000009ffff] reserved
[    0.000ernel: NODE_DATA(0) allocated [mem 0x2bfffc000-0x2bfffffff]
[    0.011535] kernel: Zone ranges:
[    0.011540] kernel:   DMA      [mem 0x0000000000001000-0x0000000000ffffff]
[    0.011549] kernel:   DMA32    [mem 0x0000000001000000-0x00000000ffffffff]
[    0.011556] kernel:   Normal   [mem 0x0000000100000000-0x00000002bfffffff]
[    0.011562] kernel: Movable zone start for each node
[    0.011564] kernel: Early memory node ranges
[    0.011567] kernel:   node   0: [mem 0x0000000000001000-0x000000000009efff]
[    0.011572] kernel:   node   0: [mem 0x0000000000100000-0x00000000bffdcfff]
[    0.011578] kernel:   node   0: [mem 0x0000000100000000-0x00000002bfffffff]
[    0.011586] kernel: Initmem setup node 0 [mem 0x0000000000001000-0x00000002bfffffff]
[    0.012028] kernel: On node 0, zone DMA: 1 pages in unavailable ranges
[    0.012079] kernel: On node 0, zone DMA: 97 pages in unavailable ranges
[    0.073393] kernel: On node 0, zone Normal: 35 pages in unavailable ranges
[    0.390570rnel: NODE_DATA(0) allocated [mem 0x2bfffa000-0x2bfffdfff]
[    0.011435] kernel: Zone ranges:
[    0.011437] kernel:   DMA      [mem 0x0000000000001000-0x0000000000ffffff]
[    0.011445] kernel:   DMA32    [mem 0x0000000001000000-0x00000000ffffffff]
[    0.011451] kernel:   Normal   [mem 0x0000000100000000-0x00000002bfffffff]
[    0.011458] kernel: Movable zone start for each node
[    0.011460] kernel: Early memory node ranges
[    0.011462] kernel:   node   0: [mem 0x0000000000001000-0x000000000009efff]
[    0.011468] kernel:   node   0: [mem 0x0000000000100000-0x00000000bffdcfff]
[    0.011474] kernel:   node   0: [mem 0x0000000100000000-0x00000002bfffffff]
[    0.011481] kernel: Initmem setup node 0 [mem 0x0000000000001000-0x00000002bfffffff]
[    0.011756] kernel: On node 0, zone DMA: 1 pages in unavailable ranges
[    0.011805] kernel: On node 0, zone DMA: 97 pages in unavailable ranges
[    0.066537] kernel: On node 0, zone Normal: 35 pages in unavailable ranges
[    0.391685]] kernel: kasan: KernelAddressSanitizer initialized
[    0.388177] kernel: ACPI: PM-Timer IO Port: 0x608
[    0.388194] kernel: ACPI: LAPIC_NMI (acpi_id[0xff] dfl dfl lint[0x1])
[    0.388233] kernel: IOAPIC[0]: apic_id 0, version 17, address 0xfec00000, GSI 0-23
[    0.388245] kernel: ACPI: INT_SRC_OVR (bus 0 bus_irq 0 global_irq 2 dfl dfl)
[    0.388253] kernel: ACPI: INT_SRC_OVR (bus 0 bus_irq 5 global_irq 5 high level)
[    0.388260] kernel: ACPI: INT_SRC_OVR (bus 0 bus_irq 9 global_irq 9 high level)
[    0.388268] kernel: ACPI: INT_SRC_OVR (bus 0 bus_irq 10 global_irq 10 high level)
[    0.388275] kernel: ACPI: INT_SRC_OVR (bus 0 bus_irq 11 global_irq 11 high level)
[    0.388289] kernel: ACPI: Using ACPI (MADT) for SMP configuration information
[    0.388293] kernel: ACPI: HPET id: 0x8086a201 base: 0xfed00000
[    0.388303] kernel: TSC deadline timer available
[    0.388306] kernel: smpboot: Allowing 2 CPUs, 0 hotplug CPUs
[    0.388331] kernel: kvm-guest: KVM setup pv remote TL000] kernel: BIOS-e820: [mem 0x00000000000f0000-0x00000000000fffff] reserved
[    0.000000] kernel: BIOS-e820: [mem 0x0000000000100000-0x00000000bffdffff] usable
[    0.000000] kernel: BIOS-e820: [mem 0x00000000bffe0000-0x00000000bfffffff] reserved
[    0.000000] kernel: BIOS-e820: [mem 0x00000000feffc000-0x00000000feffffff] reserved
[    0.000000] kernel: BIOS-e820: [mem 0x00000000fffc0000-0x00000000ffffffff] reserved
[    0.000000] kernel: BIOS-e820: [mem 0x0000000100000000-0x00000002bfffffff] usable
[    0.000000] kernel: NX (Execute Disable) protection: active
[    0.000000] kernel: SMBIOS 2.8 present.
[    0.000000] kernel: DMI: QEMU Standard PC (i440FX + PIIX, 1996), BIOS 1.13.0-1ubuntu1.1 04/01/2014
[    0.000000] kernel: Hypervisor detected: KVM
[    0.000000] kernel: kvm-clock: Using msrs 4b564d01 and 4b564d00
[    0.000000] kernel: kvm-clock: cpu 0, msr 2a3958001, primary cpu clock
[    0.000001] kernel: kvm-clock: using sched offset of 282534005 cycles
[    0.000007] kernel] kernel: kasan: KernelAddressSanitizer initialized
[    0.390852] kernel: ACPI: PM-Timer IO Port: 0x608
[    0.390870] kernel: ACPI: LAPIC_NMI (acpi_id[0xff] dfl dfl lint[0x1])
[    0.390905] kernel: IOAPIC[0]: apic_id 0, version 17, address 0xfec00000, GSI 0-23
[    0.390917] kernel: ACPI: INT_SRC_OVR (bus 0 bus_irq 0 global_irq 2 dfl dfl)
[    0.390925] kernel: ACPI: INT_SRC_OVR (bus 0 bus_irq 5 global_irq 5 high level)
[    0.390932] kernel: ACPI: INT_SRC_OVR (bus 0 bus_irq 9 global_irq 9 high level)
[    0.390940] kernel: ACPI: INT_SRC_OVR (bus 0 bus_irq 10 global_irq 10 high level)
[    0.390947] kernel: ACPI: INT_SRC_OVR (bus 0 bus_irq 11 global_irq 11 high level)
[    0.390961] kernel: ACPI: Using ACPI (MADT) for SMP configuration information
[    0.390965] kernel: ACPI: HPET id: 0x8086a201 base: 0xfed00000
[    0.390974] kernel: TSC deadline timer available
[    0.390977] kernel: smpboot: Allowing 2 CPUs, 0 hotplug CPUs
[    0.391006] kernel: kvm-guest: KVM setup pv remote TL kernel: kasan: KernelAddressSanitizer initialized
[    0.391977] kernel: ACPI: PM-Timer IO Port: 0x608
[    0.391994] kernel: ACPI: LAPIC_NMI (acpi_id[0xff] dfl dfl lint[0x1])
[    0.392034] kernel: IOAPIC[0]: apic_id 0, version 17, address 0xfec00000, GSI 0-23
[    0.392045] kernel: ACPI: INT_SRC_OVR (bus 0 bus_irq 0 global_irq 2 dfl dfl)
[    0.392054] kernel: ACPI: INT_SRC_OVR (bus 0 bus_irq 5 global_irq 5 high level)
[    0.392061] kernel: ACPI: INT_SRC_OVR (bus 0 bus_irq 9 global_irq 9 high level)
[    0.392068] kernel: ACPI: INT_SRC_OVR (bus 0 bus_irq 10 global_irq 10 high level)
[    0.392075] kernel: ACPI: INT_SRC_OVR (bus 0 bus_irq 11 global_irq 11 high level)
[    0.392089] kernel: ACPI: Using ACPI (MADT) for SMP configuration information
[    0.392093] kernel: ACPI: HPET id: 0x8086a201 base: 0xfed00000
[    0.392102] kernel: TSC deadline timer available
[    0.392106] kernel: smpboot: Allowing 2 CPUs, 0 hotplug CPUs
[    0.392138] kernel: kvm-guest: KVM setup pv remote TLBB flush
[    0.388337] kernel: kvm-guest: setup PV sched yield
[    0.388363] kernel: PM: hibernation: Registered nosave memory: [mem 0x00000000-0x00000fff]
[    0.388371] kernel: PM: hibernation: Registered nosave memory: [mem 0x0009f000-0x0009ffff]
[    0.388377] kernel: PM: hibernation: Registered nosave memory: [mem 0x000a0000-0x000effff]
[    0.388382] kernel: PM: hibernation: Registered nosave memory: [mem 0x000f0000-0x000fffff]
[    0.388390] kernel: PM: hibernation: Registered nosave memory: [mem 0xbffdd000-0xbfffffff]
[    0.388395] kernel: PM: hibernation: Registered nosave memory: [mem 0xc0000000-0xfeffbfff]
[    0.388400] kernel: PM: hibernation: Registered nosave memory: [mem 0xfeffc000-0xfeffffff]
[    0.388406] kernel: PM: hibernation: Registered nosave memory: [mem 0xff000000-0xfffbffff]
[    0.388411] kernel: PM: hibernation: Registered nosave memory: [mem 0xfffc0000-0xffffffff]
[    0.388418] kernel: [mem 0xc0000000-0xfeffbfff] available for PCI devices
[    0.388423: clocksource: kvm-clock: mask: 0xffffffffffffffff max_cycles: 0x1cd42e4dffb, max_idle_ns: 881590591483 ns
[    0.000016] kernel: tsc: Detected 2496.000 MHz processor
[    0.004246] kernel: e820: update [mem 0x00000000-0x00000fff] usable ==> reserved
[    0.004265] kernel: e820: remove [mem 0x000a0000-0x000fffff] usable
[    0.004277] kernel: last_pfn = 0x2c0000 max_arch_pfn = 0x400000000
[    0.004324] kernel: x86/PAT: Configuration [0-7]: WB  WC  UC- UC  WB  WP  UC- WT  
[    0.004333] kernel: last_pfn = 0xbffe0 max_arch_pfn = 0x400000000
[    0.009638] kernel: found SMP MP-table at [mem 0x000f5c80-0x000f5c8f]
[    0.009674] kernel: Using GB pages for direct mapping
[    0.010135] kernel: ACPI: Early table checksum verification disabled
[    0.010141] kernel: ACPI: RSDP 0x00000000000F5A50 000014 (v00 BOCHS )
[    0.010156] kernel: ACPI: RSDT 0x00000000BFFE15C9 000030 (v01 BOCHS  BXPCRSDT 00000001 BXPC 00000001)
[    0.010173] kernel: ACPI: FACP 0x00000000BFFE149D 000074 (v01 BOCHS   flush
[    0.392144] kernel: kvm-guest: setup PV sched yield
[    0.392173] kernel: PM: hibernation: Registered nosave memory: [mem 0x00000000-0x00000fff]
[    0.392182] kernel: PM: hibernation: Registered nosave memory: [mem 0x0009f000-0x0009ffff]
[    0.392187] kernel: PM: hibernation: Registered nosave memory: [mem 0x000a0000-0x000effff]
[    0.392192] kernel: PM: hibernation: Registered nosave memory: [mem 0x000f0000-0x000fffff]
[    0.392200] kernel: PM: hibernation: Registered nosave memory: [mem 0xbffdd000-0xbfffffff]
[    0.392205] kernel: PM: hibernation: Registered nosave memory: [mem 0xc0000000-0xfeffbfff]
[    0.392211] kernel: PM: hibernation: Registered nosave memory: [mem 0xfeffc000-0xfeffffff]
[    0.392216] kernel: PM: hibernation: Registered nosave memory: [mem 0xff000000-0xfffbffff]
[    0.392221] kernel: PM: hibernation: Registered nosave memory: [mem 0xfffc0000-0xffffffff]
[    0.392228] kernel: [mem 0xc0000000-0xfeffbfff] available for PCI devices
[    0.392233]B flush
[    0.391011] kernel: kvm-guest: setup PV sched yield
[    0.391036] kernel: PM: hibernation: Registered nosave memory: [mem 0x00000000-0x00000fff]
[    0.391045] kernel: PM: hibernation: Registered nosave memory: [mem 0x0009f000-0x0009ffff]
[    0.391050] kernel: PM: hibernation: Registered nosave memory: [mem 0x000a0000-0x000effff]
[    0.391056] kernel: PM: hibernation: Registered nosave memory: [mem 0x000f0000-0x000fffff]
[    0.391064] kernel: PM: hibernation: Registered nosave memory: [mem 0xbffdd000-0xbfffffff]
[    0.391069] kernel: PM: hibernation: Registered nosave memory: [mem 0xc0000000-0xfeffbfff]
[    0.391074] kernel: PM: hibernation: Registered nosave memory: [mem 0xfeffc000-0xfeffffff]
[    0.391079] kernel: PM: hibernation: Registered nosave memory: [mem 0xff000000-0xfffbffff]
[    0.391085] kernel: PM: hibernation: Registered nosave memory: [mem 0xfffc0000-0xffffffff]
[    0.391092] kernel: [mem 0xc0000000-0xfeffbfff] available for PCI devices
[    0.391097] kernel: Booting paravirtualized kernel on KVM
[    0.388428] kernel: clocksource: refined-jiffies: mask: 0xffffffff max_cycles: 0xffffffff, max_idle_ns: 1910969940391419 ns
[    0.399159] kernel: setup_percpu: NR_CPUS:64 nr_cpumask_bits:64 nr_cpu_ids:2 nr_node_ids:1
[    0.399556] kernel: percpu: Embedded 56 pages/cpu s191576 r8192 d29608 u1048576
[    0.399582] kernel: pcpu-alloc: s191576 r8192 d29608 u1048576 alloc=1*2097152
[    0.399594] kernel: pcpu-alloc: [0] 0 1 
[    0.399664] kernel: kvm-guest: setup async PF for cpu 0
[    0.399672] kernel: kvm-guest: stealtime: cpu 0, msr 26521f140
[    0.399681] kernel: Built 1 zonelists, mobility grouping on.  Total pages: 2580189
[    0.399687] kernel: Policy zone: Normal
[    0.399691] kernel: Kernel command line: root=/dev/sda console=ttyS0 net.ifnames=0 ip=192.168.0.19 quiet
[    0.402809] kernel: Dentry cache hash table entries: 2097152 (order: 12, 16777216 bytes, linear)
[    0.404744] kernel: Inode-cache hash table entries: 10485BXPCFACP 00000001 BXPC 00000001)
[    0.010191] kernel: ACPI: DSDT 0x00000000BFFE0040 00145D (v01 BOCHS  BXPCDSDT 00000001 BXPC 00000001)
[    0.010205] kernel: ACPI: FACS 0x00000000BFFE0000 000040
[    0.010216] kernel: ACPI: APIC 0x00000000BFFE1511 000080 (v01 BOCHS  BXPCAPIC 00000001 BXPC 00000001)
[    0.010231] kernel: ACPI: HPET 0x00000000BFFE1591 000038 (v01 BOCHS  BXPCHPET 00000001 BXPC 00000001)
[    0.010244] kernel: ACPI: Reserving FACP table memory at [mem 0xbffe149d-0xbffe1510]
[    0.010250] kernel: ACPI: Reserving DSDT table memory at [mem 0xbffe0040-0xbffe149c]
[    0.010255] kernel: ACPI: Reserving FACS table memory at [mem 0xbffe0000-0xbffe003f]
[    0.010260] kernel: ACPI: Reserving APIC table memory at [mem 0xbffe1511-0xbffe1590]
[    0.010266] kernel: ACPI: Reserving HPET table memory at [mem 0xbffe1591-0xbffe15c8]
[    0.010838] kernel: No NUMA configuration found
[    0.010842] kernel: Faking a node at [mem 0x0000000000000000-0x00000002bfffffff]
[    0.010853] k] kernel: Booting paravirtualized kernel on KVM
[    0.391102] kernel: clocksource: refined-jiffies: mask: 0xffffffff max_cycles: 0xffffffff, max_idle_ns: 1910969940391419 ns
[    0.401844] kernel: setup_percpu: NR_CPUS:64 nr_cpumask_bits:64 nr_cpu_ids:2 nr_node_ids:1
[    0.402411] kernel: percpu: Embedded 56 pages/cpu s191576 r8192 d29608 u1048576
[    0.402438] kernel: pcpu-alloc: s191576 r8192 d29608 u1048576 alloc=1*2097152
[    0.402451] kernel: pcpu-alloc: [0] 0 1 
[    0.402525] kernel: kvm-guest: setup async PF for cpu 0
[    0.402533] kernel: kvm-guest: stealtime: cpu 0, msr 26521f140
[    0.402542] kernel: Built 1 zonelists, mobility grouping on.  Total pages: 2580189
[    0.402549] kernel: Policy zone: Normal
[    0.402554] kernel: Kernel command line: root=/dev/sda console=ttyS0 net.ifnames=0 ip=192.168.0.17 quiet
[    0.406526] kernel: Dentry cache hash table entries: 2097152 (order: 12, 16777216 bytes, linear)
[    0.408234] kernel: Inode-cache hash table entries: 10485 kernel: Booting paravirtualized kernel on KVM
[    0.392239] kernel: clocksource: refined-jiffies: mask: 0xffffffff max_cycles: 0xffffffff, max_idle_ns: 1910969940391419 ns
[    0.402983] kernel: setup_percpu: NR_CPUS:64 nr_cpumask_bits:64 nr_cpu_ids:2 nr_node_ids:1
[    0.403336] kernel: percpu: Embedded 56 pages/cpu s191576 r8192 d29608 u1048576
[    0.403361] kernel: pcpu-alloc: s191576 r8192 d29608 u1048576 alloc=1*2097152
[    0.403374] kernel: pcpu-alloc: [0] 0 1 
[    0.403444] kernel: kvm-guest: setup async PF for cpu 0
[    0.403452] kernel: kvm-guest: stealtime: cpu 0, msr 26521f140
[    0.403460] kernel: Built 1 zonelists, mobility grouping on.  Total pages: 2580189
[    0.403466] kernel: Policy zone: Normal
[    0.403470] kernel: Kernel command line: root=/dev/sda console=ttyS0 net.ifnames=0 ip=192.168.0.18 quiet
[    0.405805] kernel: Dentry cache hash table entries: 2097152 (order: 12, 16777216 bytes, linear)
[    0.406942] kernel: Inode-cache hash table entries: 10485776 (order: 11, 8388608 bytes, linear)
[    0.404856] kernel: mem auto-init: stack:off, heap alloc:off, heap free:off
[    0.616608] kernel: Memory: 8818312K/10485228K available (47117K kernel code, 10298K rwdata, 7204K rodata, 2068K init, 2860K bss, 1666660K reserved, 0K cma-reserved)
[    0.616788] kernel: SLUB: HWalign=64, Order=0-3, MinObjects=0, CPUs=2, Nodes=1
[    0.617176] kernel: rcu: Hierarchical RCU implementation.
[    0.617180] kernel: rcu:         RCU event tracing is enabled.
[    0.617183] kernel: rcu:         RCU restricting CPUs from NR_CPUS=64 to nr_cpu_ids=2.
[    0.617192] kernel: rcu: RCU calculated value of scheduler-enlistment delay is 100 jiffies.
[    0.617196] kernel: rcu: Adjusting geometry for rcu_fanout_leaf=16, nr_cpu_ids=2
[    0.623657] kernel: NR_IRQS: 4352, nr_irqs: 440, preallocated irqs: 16
[    0.623964] kernel: random: get_random_bytes called from start_kernel+0x22b/0x456 with crng_init=0
[    0.627184] kernel: Console: colour VGA+ 80x25
[    0.62ernel: NODE_DATA(0) allocated [mem 0x2bfffc000-0x2bfffffff]
[    0.011116] kernel: Zone ranges:
[    0.011119] kernel:   DMA      [mem 0x0000000000001000-0x0000000000ffffff]
[    0.011127] kernel:   DMA32    [mem 0x0000000001000000-0x00000000ffffffff]
[    0.011133] kernel:   Normal   [mem 0x0000000100000000-0x00000002bfffffff]
[    0.011140] kernel: Movable zone start for each node
[    0.011142] kernel: Early memory node ranges
[    0.011144] kernel:   node   0: [mem 0x0000000000001000-0x000000000009efff]
[    0.011150] kernel:   node   0: [mem 0x0000000000100000-0x00000000bffdffff]
[    0.011156] kernel:   node   0: [mem 0x0000000100000000-0x00000002bfffffff]
[    0.011163] kernel: Initmem setup node 0 [mem 0x0000000000001000-0x00000002bfffffff]
[    0.011341] kernel: On node 0, zone DMA: 1 pages in unavailable ranges
[    0.011391] kernel: On node 0, zone DMA: 97 pages in unavailable ranges
[    0.055498] kernel: On node 0, zone Normal: 32 pages in unavailable ranges
[    0.21429576 (order: 11, 8388608 bytes, linear)
[    0.408337] kernel: mem auto-init: stack:off, heap alloc:off, heap free:off
[    0.619195] kernel: Memory: 8818316K/10485228K available (47117K kernel code, 10298K rwdata, 7204K rodata, 2068K init, 2860K bss, 1666656K reserved, 0K cma-reserved)
[    0.619372] kernel: SLUB: HWalign=64, Order=0-3, MinObjects=0, CPUs=2, Nodes=1
[    0.619706] kernel: rcu: Hierarchical RCU implementation.
[    0.619710] kernel: rcu:         RCU event tracing is enabled.
[    0.619713] kernel: rcu:         RCU restricting CPUs from NR_CPUS=64 to nr_cpu_ids=2.
[    0.619720] kernel: rcu: RCU calculated value of scheduler-enlistment delay is 100 jiffies.
[    0.619725] kernel: rcu: Adjusting geometry for rcu_fanout_leaf=16, nr_cpu_ids=2
[    0.626191] kernel: NR_IRQS: 4352, nr_irqs: 440, preallocated irqs: 16
[    0.626498] kernel: random: get_random_bytes called from start_kernel+0x22b/0x456 with crng_init=0
[    0.629704] kernel: Console: colour VGA+ 80x25
[    0.626 (order: 11, 8388608 bytes, linear)
[    0.407023] kernel: mem auto-init: stack:off, heap alloc:off, heap free:off
[    0.616793] kernel: Memory: 8818304K/10485228K available (47117K kernel code, 10298K rwdata, 7204K rodata, 2068K init, 2860K bss, 1666668K reserved, 0K cma-reserved)
[    0.616978] kernel: SLUB: HWalign=64, Order=0-3, MinObjects=0, CPUs=2, Nodes=1
[    0.617452] kernel: rcu: Hierarchical RCU implementation.
[    0.617457] kernel: rcu:         RCU event tracing is enabled.
[    0.617459] kernel: rcu:         RCU restricting CPUs from NR_CPUS=64 to nr_cpu_ids=2.
[    0.617467] kernel: rcu: RCU calculated value of scheduler-enlistment delay is 100 jiffies.
[    0.617472] kernel: rcu: Adjusting geometry for rcu_fanout_leaf=16, nr_cpu_ids=2
[    0.624071] kernel: NR_IRQS: 4352, nr_irqs: 440, preallocated irqs: 16
[    0.624387] kernel: random: get_random_bytes called from start_kernel+0x22b/0x456 with crng_init=0
[    0.627646] kernel: Console: colour VGA+ 80x25
[    0.6277274] kernel: printk: console [ttyS0] enabled
[    0.627311] kernel: ACPI: Core revision 20210730
[    0.627514] kernel: clocksource: hpet: mask: 0xffffffff max_cycles: 0xffffffff, max_idle_ns: 19112604467 ns
[    0.627594] kernel: APIC: Switch to symmetric I/O mode setup
[    0.627600] kernel: kvm-guest: setup PV IPIs
[    0.628356] kernel: ..TIMER: vector=0x30 apic1=0 pin1=2 apic2=-1 pin2=-1
[    0.628382] kernel: clocksource: tsc-early: mask: 0xffffffffffffffff max_cycles: 0x23fa772cf26, max_idle_ns: 440795269835 ns
[    0.628398] kernel: Calibrating delay loop (skipped) preset value.. 4992.00 BogoMIPS (lpj=2496000)
[    0.628408] kernel: pid_max: default: 32768 minimum: 301
[    0.628470] kernel: LSM: Security Framework initializing
[    0.628494] kernel: SELinux:  Initializing.
[    0.628581] kernel: Mount-cache hash table entries: 32768 (order: 6, 262144 bytes, linear)
[    0.629401] kernel: Mountpoint-cache hash table entries: 32768 (order: 6, 262144 bytes, linear)
[    0.62992] kernel: kasan: KernelAddressSanitizer initialized
[    0.214554] kernel: ACPI: PM-Timer IO Port: 0x608
[    0.214570] kernel: ACPI: LAPIC_NMI (acpi_id[0xff] dfl dfl lint[0x1])
[    0.214607] kernel: IOAPIC[0]: apic_id 0, version 17, address 0xfec00000, GSI 0-23
[    0.214618] kernel: ACPI: INT_SRC_OVR (bus 0 bus_irq 0 global_irq 2 dfl dfl)
[    0.214625] kernel: ACPI: INT_SRC_OVR (bus 0 bus_irq 5 global_irq 5 high level)
[    0.214631] kernel: ACPI: INT_SRC_OVR (bus 0 bus_irq 9 global_irq 9 high level)
[    0.214638] kernel: ACPI: INT_SRC_OVR (bus 0 bus_irq 10 global_irq 10 high level)
[    0.214645] kernel: ACPI: INT_SRC_OVR (bus 0 bus_irq 11 global_irq 11 high level)
[    0.214658] kernel: ACPI: Using ACPI (MADT) for SMP configuration information
[    0.214661] kernel: ACPI: HPET id: 0x8086a201 base: 0xfed00000
[    0.214669] kernel: TSC deadline timer available
[    0.214673] kernel: smpboot: Allowing 2 CPUs, 0 hotplug CPUs
[    0.214696] kernel: kvm-guest: KVM setup pv remote TL9787] kernel: printk: console [ttyS0] enabled
[    0.629821] kernel: ACPI: Core revision 20210730
[    0.630014] kernel: clocksource: hpet: mask: 0xffffffff max_cycles: 0xffffffff, max_idle_ns: 19112604467 ns
[    0.630094] kernel: APIC: Switch to symmetric I/O mode setup
[    0.630099] kernel: kvm-guest: setup PV IPIs
[    0.630861] kernel: ..TIMER: vector=0x30 apic1=0 pin1=2 apic2=-1 pin2=-1
[    0.630887] kernel: clocksource: tsc-early: mask: 0xffffffffffffffff max_cycles: 0x23fa772cf26, max_idle_ns: 440795269835 ns
[    0.630903] kernel: Calibrating delay loop (skipped) preset value.. 4992.00 BogoMIPS (lpj=2496000)
[    0.630913] kernel: pid_max: default: 32768 minimum: 301
[    0.630975] kernel: LSM: Security Framework initializing
[    0.630998] kernel: SELinux:  Initializing.
[    0.631087] kernel: Mount-cache hash table entries: 32768 (order: 6, 262144 bytes, linear)
[    0.632099] kernel: Mountpoint-cache hash table entries: 32768 (order: 6, 262144 bytes, linear)
[    0.63263734] kernel: printk: console [ttyS0] enabled
[    0.627771] kernel: ACPI: Core revision 20210730
[    0.627981] kernel: clocksource: hpet: mask: 0xffffffff max_cycles: 0xffffffff, max_idle_ns: 19112604467 ns
[    0.628071] kernel: APIC: Switch to symmetric I/O mode setup
[    0.628078] kernel: kvm-guest: setup PV IPIs
[    0.628853] kernel: ..TIMER: vector=0x30 apic1=0 pin1=2 apic2=-1 pin2=-1
[    0.628881] kernel: clocksource: tsc-early: mask: 0xffffffffffffffff max_cycles: 0x23fa772cf26, max_idle_ns: 440795269835 ns
[    0.628902] kernel: Calibrating delay loop (skipped) preset value.. 4992.00 BogoMIPS (lpj=2496000)
[    0.628912] kernel: pid_max: default: 32768 minimum: 301
[    0.628979] kernel: LSM: Security Framework initializing
[    0.629003] kernel: SELinux:  Initializing.
[    0.629933] kernel: Mount-cache hash table entries: 32768 (order: 6, 262144 bytes, linear)
[    0.630262] kernel: Mountpoint-cache hash table entries: 32768 (order: 6, 262144 bytes, linear)
[    0.6308431] kernel: x86/cpu: User Mode Instruction Prevention (UMIP) activated
[    0.629999] kernel: Last level iTLB entries: 4KB 0, 2MB 0, 4MB 0
[    0.630005] kernel: Last level dTLB entries: 4KB 0, 2MB 0, 4MB 0, 1GB 0
[    0.630019] kernel: Spectre V1 : Mitigation: usercopy/swapgs barriers and __user pointer sanitization
[    0.630030] kernel: Spectre V2 : Mitigation: Enhanced IBRS
[    0.630034] kernel: Spectre V2 : Spectre v2 / SpectreRSB mitigation: Filling RSB on context switch
[    0.630040] kernel: Spectre V2 : mitigation: Enabling conditional Indirect Branch Prediction Barrier
[    0.630048] kernel: Speculative Store Bypass: Mitigation: Speculative Store Bypass disabled via prctl and seccomp
[    0.647315] kernel: Freeing SMP alternatives memory: 40K
[    0.647463] kernel: smpboot: CPU0: 11th Gen Intel(R) Core(TM) i7-11700 @ 2.50GHz (family: 0x6, model: 0xa7, stepping: 0x1)
[    0.647652] kernel: Performance Events: Icelake events, 32-deep LBR, full-width counters, Intel PMU driver.B flush
[    0.214701] kernel: kvm-guest: setup PV sched yield
[    0.214726] kernel: PM: hibernation: Registered nosave memory: [mem 0x00000000-0x00000fff]
[    0.214734] kernel: PM: hibernation: Registered nosave memory: [mem 0x0009f000-0x0009ffff]
[    0.214739] kernel: PM: hibernation: Registered nosave memory: [mem 0x000a0000-0x000effff]
[    0.214744] kernel: PM: hibernation: Registered nosave memory: [mem 0x000f0000-0x000fffff]
[    0.214751] kernel: PM: hibernation: Registered nosave memory: [mem 0xbffe0000-0xbfffffff]
[    0.214756] kernel: PM: hibernation: Registered nosave memory: [mem 0xc0000000-0xfeffbfff]
[    0.214761] kernel: PM: hibernation: Registered nosave memory: [mem 0xfeffc000-0xfeffffff]
[    0.214765] kernel: PM: hibernation: Registered nosave memory: [mem 0xff000000-0xfffbffff]
[    0.214770] kernel: PM: hibernation: Registered nosave memory: [mem 0xfffc0000-0xffffffff]
[    0.214776] kernel: [mem 0xc0000000-0xfeffbfff] available for PCI devices
[    0.2147811] kernel: x86/cpu: User Mode Instruction Prevention (UMIP) activated
[    0.632708] kernel: Last level iTLB entries: 4KB 0, 2MB 0, 4MB 0
[    0.632715] kernel: Last level dTLB entries: 4KB 0, 2MB 0, 4MB 0, 1GB 0
[    0.632729] kernel: Spectre V1 : Mitigation: usercopy/swapgs barriers and __user pointer sanitization
[    0.632739] kernel: Spectre V2 : Mitigation: Enhanced IBRS
[    0.632743] kernel: Spectre V2 : Spectre v2 / SpectreRSB mitigation: Filling RSB on context switch
[    0.632750] kernel: Spectre V2 : mitigation: Enabling conditional Indirect Branch Prediction Barrier
[    0.632757] kernel: Speculative Store Bypass: Mitigation: Speculative Store Bypass disabled via prctl and seccomp
[    0.649914] kernel: Freeing SMP alternatives memory: 40K
[    0.650046] kernel: smpboot: CPU0: 11th Gen Intel(R) Core(TM) i7-11700 @ 2.50GHz (family: 0x6, model: 0xa7, stepping: 0x1)
[    0.650231] kernel: Performance Events: Icelake events, 32-deep LBR, full-width counters, Intel PMU driver.] kernel: x86/cpu: User Mode Instruction Prevention (UMIP) activated
[    0.630950] kernel: Last level iTLB entries: 4KB 0, 2MB 0, 4MB 0
[    0.630957] kernel: Last level dTLB entries: 4KB 0, 2MB 0, 4MB 0, 1GB 0
[    0.630971] kernel: Spectre V1 : Mitigation: usercopy/swapgs barriers and __user pointer sanitization
[    0.630982] kernel: Spectre V2 : Mitigation: Enhanced IBRS
[    0.630986] kernel: Spectre V2 : Spectre v2 / SpectreRSB mitigation: Filling RSB on context switch
[    0.630992] kernel: Spectre V2 : mitigation: Enabling conditional Indirect Branch Prediction Barrier
[    0.630999] kernel: Speculative Store Bypass: Mitigation: Speculative Store Bypass disabled via prctl and seccomp
[    0.647890] kernel: Freeing SMP alternatives memory: 40K
[    0.648037] kernel: smpboot: CPU0: 11th Gen Intel(R) Core(TM) i7-11700 @ 2.50GHz (family: 0x6, model: 0xa7, stepping: 0x1)
[    0.648229] kernel: Performance Events: Icelake events, 32-deep LBR, full-width counters, Intel PMU driver.

[    0.647744] kernel: ... version:                2
[    0.647748] kernel: ... bit width:              48
[    0.647752] kernel: ... generic registers:      8
[    0.647755] kernel: ... value mask:             0000ffffffffffff
[    0.647760] kernel: ... max period:             00007fffffffffff
[    0.647764] kernel: ... fixed-purpose events:   3
[    0.647767] kernel: ... event mask:             00000007000000ff
[    0.647916] kernel: rcu: Hierarchical SRCU implementation.
[    0.648931] kernel: smp: Bringing up secondary CPUs ...
[    0.649092] kernel: x86: Booting SMP configuration:
[    0.649096] kernel: .... node  #0, CPUs:      #1
[    0.004509] kernel: kvm-clock: cpu 1, msr 171958041, secondary cpu clock
[    0.004509] kernel: smpboot: CPU 1 Converting physical 0 to logical die 1
[    0.650420] kernel: kvm-guest: setup async PF for cpu 1
[    0.650429] kernel: kvm-guest: stealtime: cpu 1, msr 26531f140
[    0.650445] kernel: smp: Brought up 1 node, 2 CPUs
[    0.650445] kernel] kernel: Booting paravirtualized kernel on KVM
[    0.214785] kernel: clocksource: refined-jiffies: mask: 0xffffffff max_cycles: 0xffffffff, max_idle_ns: 1910969940391419 ns
[    0.224446] kernel: setup_percpu: NR_CPUS:64 nr_cpumask_bits:64 nr_cpu_ids:2 nr_node_ids:1
[    0.224750] kernel: percpu: Embedded 56 pages/cpu s191576 r8192 d29608 u1048576
[    0.224773] kernel: pcpu-alloc: s191576 r8192 d29608 u1048576 alloc=1*2097152
[    0.224784] kernel: pcpu-alloc: [0] 0 1 
[    0.224849] kernel: kvm-guest: setup async PF for cpu 0
[    0.224856] kernel: kvm-guest: stealtime: cpu 0, msr 26041f140
[    0.224863] kernel: Built 1 zonelists, mobility grouping on.  Total pages: 2580192
[    0.224869] kernel: Policy zone: Normal
[    0.224873] kernel: Kernel command line: root=/dev/sda console=ttyS0 net.ifnames=0 ip=192.168.0.20 quiet
[    0.229759] kernel: Dentry cache hash table entries: 2097152 (order: 12, 16777216 bytes, linear)
[    0.231559] kernel: Inode-cache hash table entries: 10485
[    0.650321] kernel: ... version:                2
[    0.650325] kernel: ... bit width:              48
[    0.650329] kernel: ... generic registers:      8
[    0.650332] kernel: ... value mask:             0000ffffffffffff
[    0.650337] kernel: ... max period:             00007fffffffffff
[    0.650341] kernel: ... fixed-purpose events:   3
[    0.650344] kernel: ... event mask:             00000007000000ff
[    0.650493] kernel: rcu: Hierarchical SRCU implementation.
[    0.651424] kernel: smp: Bringing up secondary CPUs ...
[    0.651583] kernel: x86: Booting SMP configuration:
[    0.651587] kernel: .... node  #0, CPUs:      #1
[    0.004481] kernel: kvm-clock: cpu 1, msr 1d7558041, secondary cpu clock
[    0.004481] kernel: smpboot: CPU 1 Converting physical 0 to logical die 1
[    0.652933] kernel: kvm-guest: setup async PF for cpu 1
[    0.652946] kernel: kvm-guest: stealtime: cpu 1, msr 26531f140
[    0.652968] kernel: smp: Brought up 1 node, 2 CPUs
[    0.652968] kernel[    0.648327] kernel: ... version:                2
[    0.648331] kernel: ... bit width:              48
[    0.648335] kernel: ... generic registers:      8
[    0.648338] kernel: ... value mask:             0000ffffffffffff
[    0.648343] kernel: ... max period:             00007fffffffffff
[    0.648347] kernel: ... fixed-purpose events:   3
[    0.648350] kernel: ... event mask:             00000007000000ff
[    0.648498] kernel: rcu: Hierarchical SRCU implementation.
[    0.649419] kernel: smp: Bringing up secondary CPUs ...
[    0.649582] kernel: x86: Booting SMP configuration:
[    0.649586] kernel: .... node  #0, CPUs:      #1
[    0.004593] kernel: kvm-clock: cpu 1, msr 2bd58041, secondary cpu clock
[    0.004593] kernel: smpboot: CPU 1 Converting physical 0 to logical die 1
[    0.650914] kernel: kvm-guest: setup async PF for cpu 1
[    0.650922] kernel: kvm-guest: stealtime: cpu 1, msr 26531f140
[    0.650936] kernel: smp: Brought up 1 node, 2 CPUs
[    0.650936] kernel: : smpboot: Max logical packages: 2
[    0.650450] kernel: smpboot: Total of 2 processors activated (9984.00 BogoMIPS)
[    0.651459] kernel: devtmpfs: initialized
[    0.654692] kernel: clocksource: jiffies: mask: 0xffffffff max_cycles: 0xffffffff, max_idle_ns: 1911260446275000 ns
[    0.654704] kernel: futex hash table entries: 512 (order: 3, 32768 bytes, linear)
[    0.655525] kernel: PM: RTC time: 20:16:26, date: 2023-03-05
[    0.655851] kernel: NET: Registered PF_NETLINK/PF_ROUTE protocol family
[    0.656374] kernel: audit: initializing netlink subsys (disabled)
[    0.656428] kernel: audit: type=2000 audit(1678047387.571:1): state=initialized audit_enabled=0 res=1
[    0.656855] kernel: thermal_sys: Registered thermal governor 'step_wise'
[    0.656860] kernel: thermal_sys: Registered thermal governor 'user_space'
[    0.656913] kernel: cpuidle: using governor menu
[    0.656913] kernel: ACPI: bus type PCI registered
[    0.657426] kernel: PCI: Using configuration type 1 for ba76 (order: 11, 8388608 bytes, linear)
[    0.231652] kernel: mem auto-init: stack:off, heap alloc:off, heap free:off
[    0.450199] kernel: Memory: 8818324K/10485240K available (47117K kernel code, 10298K rwdata, 7204K rodata, 2068K init, 2860K bss, 1666660K reserved, 0K cma-reserved)
[    0.450384] kernel: SLUB: HWalign=64, Order=0-3, MinObjects=0, CPUs=2, Nodes=1
[    0.451012] kernel: rcu: Hierarchical RCU implementation.
[    0.451017] kernel: rcu:         RCU event tracing is enabled.
[    0.451019] kernel: rcu:         RCU restricting CPUs from NR_CPUS=64 to nr_cpu_ids=2.
[    0.451028] kernel: rcu: RCU calculated value of scheduler-enlistment delay is 100 jiffies.
[    0.451032] kernel: rcu: Adjusting geometry for rcu_fanout_leaf=16, nr_cpu_ids=2
[    0.457408] kernel: NR_IRQS: 4352, nr_irqs: 440, preallocated irqs: 16
[    0.457789] kernel: random: get_random_bytes called from start_kernel+0x22b/0x456 with crng_init=0
[    0.461108] kernel: Console: colour VGA+ 80x25
[    0.46: smpboot: Max logical packages: 2
[    0.652968] kernel: smpboot: Total of 2 processors activated (9984.00 BogoMIPS)
[    0.653479] kernel: devtmpfs: initialized
[    0.657196] kernel: clocksource: jiffies: mask: 0xffffffff max_cycles: 0xffffffff, max_idle_ns: 1911260446275000 ns
[    0.657209] kernel: futex hash table entries: 512 (order: 3, 32768 bytes, linear)
[    0.657434] kernel: PM: RTC time: 20:16:26, date: 2023-03-05
[    0.657743] kernel: NET: Registered PF_NETLINK/PF_ROUTE protocol family
[    0.658288] kernel: audit: initializing netlink subsys (disabled)
[    0.658332] kernel: audit: type=2000 audit(1678047387.572:1): state=initialized audit_enabled=0 res=1
[    0.658332] kernel: thermal_sys: Registered thermal governor 'step_wise'
[    0.658332] kernel: thermal_sys: Registered thermal governor 'user_space'
[    0.658379] kernel: cpuidle: using governor menu
[    0.659037] kernel: ACPI: bus type PCI registered
[    0.659276] kernel: PCI: Using configuration type 1 for basmpboot: Max logical packages: 2
[    0.650936] kernel: smpboot: Total of 2 processors activated (9984.00 BogoMIPS)
[    0.651441] kernel: devtmpfs: initialized
[    0.654936] kernel: clocksource: jiffies: mask: 0xffffffff max_cycles: 0xffffffff, max_idle_ns: 1911260446275000 ns
[    0.654948] kernel: futex hash table entries: 512 (order: 3, 32768 bytes, linear)
[    0.655359] kernel: PM: RTC time: 20:16:26, date: 2023-03-05
[    0.655667] kernel: NET: Registered PF_NETLINK/PF_ROUTE protocol family
[    0.656174] kernel: audit: initializing netlink subsys (disabled)
[    0.656217] kernel: audit: type=2000 audit(1678047387.557:1): state=initialized audit_enabled=0 res=1
[    0.656313] kernel: thermal_sys: Registered thermal governor 'step_wise'
[    0.656319] kernel: thermal_sys: Registered thermal governor 'user_space'
[    0.656371] kernel: cpuidle: using governor menu
[    0.656932] kernel: ACPI: bus type PCI registered
[    0.657167] kernel: PCI: Using configuration type 1 for basese access
[    0.671537] kernel: Kprobes globally optimized
[    0.671584] kernel: HugeTLB registered 2.00 MiB page size, pre-allocated 0 pages
[    0.671584] kernel: cryptomgr_test (26) used greatest stack depth: 30608 bytes left
[    0.672482] kernel: ACPI: Added _OSI(Module Device)
[    0.672482] kernel: ACPI: Added _OSI(Processor Device)
[    0.672482] kernel: ACPI: Added _OSI(3.0 _SCP Extensions)
[    0.672482] kernel: ACPI: Added _OSI(Processor Aggregator Device)
[    0.672482] kernel: ACPI: Added _OSI(Linux-Dell-Video)
[    0.672486] kernel: ACPI: Added _OSI(Linux-Lenovo-NV-HDMI-Audio)
[    0.672492] kernel: ACPI: Added _OSI(Linux-HPI-Hybrid-Graphics)
[    0.685025] kernel: ACPI: 1 ACPI AML tables successfully acquired and loaded
[    0.688414] kernel: ACPI: Interpreter enabled
[    0.688492] kernel: ACPI: PM: (supports S0 S3 S4 S5)
[    0.688497] kernel: ACPI: Using IOAPIC for interrupt routing
[    0.688554] kernel: PCI: Using host bridge windows from ACPI; if necessary, use 1220] kernel: printk: console [ttyS0] enabled
[    0.461285] kernel: ACPI: Core revision 20210730
[    0.461535] kernel: clocksource: hpet: mask: 0xffffffff max_cycles: 0xffffffff, max_idle_ns: 19112604467 ns
[    0.461671] kernel: APIC: Switch to symmetric I/O mode setup
[    0.461679] kernel: kvm-guest: setup PV IPIs
[    0.462463] kernel: ..TIMER: vector=0x30 apic1=0 pin1=2 apic2=-1 pin2=-1
[    0.462502] kernel: clocksource: tsc-early: mask: 0xffffffffffffffff max_cycles: 0x23fa772cf26, max_idle_ns: 440795269835 ns
[    0.462526] kernel: Calibrating delay loop (skipped) preset value.. 4992.00 BogoMIPS (lpj=2496000)
[    0.462537] kernel: pid_max: default: 32768 minimum: 301
[    0.462617] kernel: LSM: Security Framework initializing
[    0.463529] kernel: SELinux:  Initializing.
[    0.463654] kernel: Mount-cache hash table entries: 32768 (order: 6, 262144 bytes, linear)
[    0.464092] kernel: Mountpoint-cache hash table entries: 32768 (order: 6, 262144 bytes, linear)
[    0.46477se access
[    0.673154] kernel: Kprobes globally optimized
[    0.673198] kernel: HugeTLB registered 2.00 MiB page size, pre-allocated 0 pages
[    0.673198] kernel: cryptomgr_test (26) used greatest stack depth: 30608 bytes left
[    0.674905] kernel: ACPI: Added _OSI(Module Device)
[    0.674911] kernel: ACPI: Added _OSI(Processor Device)
[    0.674915] kernel: ACPI: Added _OSI(3.0 _SCP Extensions)
[    0.674919] kernel: ACPI: Added _OSI(Processor Aggregator Device)
[    0.674927] kernel: ACPI: Added _OSI(Linux-Dell-Video)
[    0.674933] kernel: ACPI: Added _OSI(Linux-Lenovo-NV-HDMI-Audio)
[    0.674940] kernel: ACPI: Added _OSI(Linux-HPI-Hybrid-Graphics)
[    0.686100] kernel: ACPI: 1 ACPI AML tables successfully acquired and loaded
[    0.689510] kernel: ACPI: Interpreter enabled
[    0.689589] kernel: ACPI: PM: (supports S0 S3 S4 S5)
[    0.689595] kernel: ACPI: Using IOAPIC for interrupt routing
[    0.689651] kernel: PCI: Using host bridge windows from ACPI; if necessary, use  access
[    0.670806] kernel: Kprobes globally optimized
[    0.670991] kernel: HugeTLB registered 2.00 MiB page size, pre-allocated 0 pages
[    0.670994] kernel: cryptomgr_test (26) used greatest stack depth: 30608 bytes left
[    0.671974] kernel: ACPI: Added _OSI(Module Device)
[    0.671974] kernel: ACPI: Added _OSI(Processor Device)
[    0.671974] kernel: ACPI: Added _OSI(3.0 _SCP Extensions)
[    0.671974] kernel: ACPI: Added _OSI(Processor Aggregator Device)
[    0.671980] kernel: ACPI: Added _OSI(Linux-Dell-Video)
[    0.671986] kernel: ACPI: Added _OSI(Linux-Lenovo-NV-HDMI-Audio)
[    0.671992] kernel: ACPI: Added _OSI(Linux-HPI-Hybrid-Graphics)
[    0.683034] kernel: ACPI: 1 ACPI AML tables successfully acquired and loaded
[    0.685922] kernel: ACPI: Interpreter enabled
[    0.686000] kernel: ACPI: PM: (supports S0 S3 S4 S5)
[    0.686006] kernel: ACPI: Using IOAPIC for interrupt routing
[    0.686061] kernel: PCI: Using host bridge windows from ACPI; if necessary, use "p"pci=nocrs" and report a bug
[    0.689487] kernel: ACPI: Enabled 2 GPEs in block 00 to 0F
[    0.713003] kernel: ACPI: PCI Root Bridge [PCI0] (domain 0000 [bus 00-ff])
[    0.713031] kernel: acpi PNP0A03:00: _OSC: OS supports [ASPM ClockPM Segments MSI HPX-Type3]
[    0.713122] kernel: acpi PNP0A03:00: fail to add MMCONFIG information, can't access extended PCI configuration space under this bridge.
[    0.713363] kernel: PCI host bridge to bus 0000:00
[    0.713372] kernel: pci_bus 0000:00: root bus resource [io  0x0000-0x0cf7 window]
[    0.713384] kernel: pci_bus 0000:00: root bus resource [io  0x0d00-0xffff window]
[    0.713398] kernel: pci_bus 0000:00: root bus resource [mem 0x000a0000-0x000bffff window]
[    0.713410] kernel: pci_bus 0000:00: root bus resource [mem 0xc0000000-0xfebfffff window]
[    0.713421] kernel: pci_bus 0000:00: root bus resource [mem 0x2c0000000-0x33fffffff window]
[    0.713434] kernel: pci_bus 0000:00: root bus resource [bus 00-ff]
[    0.714558] kerne4] kernel: x86/cpu: User Mode Instruction Prevention (UMIP) activated
[    0.464870] kernel: Last level iTLB entries: 4KB 0, 2MB 0, 4MB 0
[    0.464877] kernel: Last level dTLB entries: 4KB 0, 2MB 0, 4MB 0, 1GB 0
[    0.464892] kernel: Spectre V1 : Mitigation: usercopy/swapgs barriers and __user pointer sanitization
[    0.464904] kernel: Spectre V2 : Mitigation: Enhanced IBRS
[    0.464908] kernel: Spectre V2 : Spectre v2 / SpectreRSB mitigation: Filling RSB on context switch
[    0.464914] kernel: Spectre V2 : mitigation: Enabling conditional Indirect Branch Prediction Barrier
[    0.464921] kernel: Speculative Store Bypass: Mitigation: Speculative Store Bypass disabled via prctl and seccomp
[    0.482167] kernel: Freeing SMP alternatives memory: 40K
[    0.482479] kernel: smpboot: CPU0: 11th Gen Intel(R) Core(TM) i7-11700 @ 2.50GHz (family: 0x6, model: 0xa7, stepping: 0x1)
[    0.482515] kernel: Performance Events: Icelake events, 32-deep LBR, full-width counters, Intel PMU driver."pci=nocrs" and report a bug
[    0.690480] kernel: ACPI: Enabled 2 GPEs in block 00 to 0F
[    0.713667] kernel: ACPI: PCI Root Bridge [PCI0] (domain 0000 [bus 00-ff])
[    0.713694] kernel: acpi PNP0A03:00: _OSC: OS supports [ASPM ClockPM Segments MSI HPX-Type3]
[    0.713783] kernel: acpi PNP0A03:00: fail to add MMCONFIG information, can't access extended PCI configuration space under this bridge.
[    0.714026] kernel: PCI host bridge to bus 0000:00
[    0.714035] kernel: pci_bus 0000:00: root bus resource [io  0x0000-0x0cf7 window]
[    0.714047] kernel: pci_bus 0000:00: root bus resource [io  0x0d00-0xffff window]
[    0.714058] kernel: pci_bus 0000:00: root bus resource [mem 0x000a0000-0x000bffff window]
[    0.714070] kernel: pci_bus 0000:00: root bus resource [mem 0xc0000000-0xfebfffff window]
[    0.714082] kernel: pci_bus 0000:00: root bus resource [mem 0x2c0000000-0x33fffffff window]
[    0.714094] kernel: pci_bus 0000:00: root bus resource [bus 00-ff]
[    0.715199] kerneci=nocrs" and report a bug
[    0.686878] kernel: ACPI: Enabled 2 GPEs in block 00 to 0F
[    0.710223] kernel: ACPI: PCI Root Bridge [PCI0] (domain 0000 [bus 00-ff])
[    0.710250] kernel: acpi PNP0A03:00: _OSC: OS supports [ASPM ClockPM Segments MSI HPX-Type3]
[    0.710339] kernel: acpi PNP0A03:00: fail to add MMCONFIG information, can't access extended PCI configuration space under this bridge.
[    0.710573] kernel: PCI host bridge to bus 0000:00
[    0.710581] kernel: pci_bus 0000:00: root bus resource [io  0x0000-0x0cf7 window]
[    0.710593] kernel: pci_bus 0000:00: root bus resource [io  0x0d00-0xffff window]
[    0.710604] kernel: pci_bus 0000:00: root bus resource [mem 0x000a0000-0x000bffff window]
[    0.710616] kernel: pci_bus 0000:00: root bus resource [mem 0xc0000000-0xfebfffff window]
[    0.710627] kernel: pci_bus 0000:00: root bus resource [mem 0x2c0000000-0x33fffffff window]
[    0.710639] kernel: pci_bus 0000:00: root bus resource [bus 00-ff]
[    0.711713] kernel:l: pci 0000:00:00.0: [8086:1237] type 00 class 0x060000
[    0.716325] kernel: pci 0000:00:01.0: [8086:7000] type 00 class 0x060100
[    0.717625] kernel: pci 0000:00:01.1: [8086:7010] type 00 class 0x010180
[    0.719234] kernel: pci 0000:00:01.1: reg 0x20: [io  0xc0c0-0xc0cf]
[    0.719947] kernel: pci 0000:00:01.1: legacy IDE quirk: reg 0x10: [io  0x01f0-0x01f7]
[    0.719959] kernel: pci 0000:00:01.1: legacy IDE quirk: reg 0x14: [io  0x03f6]
[    0.719967] kernel: pci 0000:00:01.1: legacy IDE quirk: reg 0x18: [io  0x0170-0x0177]
[    0.719976] kernel: pci 0000:00:01.1: legacy IDE quirk: reg 0x1c: [io  0x0376]
[    0.721812] kernel: pci 0000:00:01.3: [8086:7113] type 00 class 0x068000
[    0.722077] kernel: pci 0000:00:01.3: quirk: [io  0x0600-0x063f] claimed by PIIX4 ACPI
[    0.722093] kernel: pci 0000:00:01.3: quirk: [io  0x0700-0x070f] claimed by PIIX4 SMB
[    0.723689] kernel: pci 0000:00:02.0: [1234:1111] type 00 class 0x030000
[    0.724404] kernel: pci 0000:00:02.0: reg 0x
[    0.482600] kernel: ... version:                2
[    0.482605] kernel: ... bit width:              48
[    0.482608] kernel: ... generic registers:      8
[    0.482611] kernel: ... value mask:             0000ffffffffffff
[    0.482615] kernel: ... max period:             00007fffffffffff
[    0.482619] kernel: ... fixed-purpose events:   3
[    0.482623] kernel: ... event mask:             00000007000000ff
[    0.482885] kernel: rcu: Hierarchical SRCU implementation.
[    0.483928] kernel: smp: Bringing up secondary CPUs ...
[    0.484146] kernel: x86: Booting SMP configuration:
[    0.484151] kernel: .... node  #0, CPUs:      #1
[    0.004811] kernel: kvm-clock: cpu 1, msr 2a3958041, secondary cpu clock
[    0.004811] kernel: smpboot: CPU 1 Converting physical 0 to logical die 1
[    0.485565] kernel: kvm-guest: setup async PF for cpu 1
[    0.485579] kernel: kvm-guest: stealtime: cpu 1, msr 26051f140
[    0.485600] kernel: smp: Brought up 1 node, 2 CPUs
[    0.485600] kernel pci 0000:00:00.0: [8086:1237] type 00 class 0x060000
[    0.713401] kernel: pci 0000:00:01.0: [8086:7000] type 00 class 0x060100
[    0.714655] kernel: pci 0000:00:01.1: [8086:7010] type 00 class 0x010180
[    0.716206] kernel: pci 0000:00:01.1: reg 0x20: [io  0xc0c0-0xc0cf]
[    0.716904] kernel: pci 0000:00:01.1: legacy IDE quirk: reg 0x10: [io  0x01f0-0x01f7]
[    0.716914] kernel: pci 0000:00:01.1: legacy IDE quirk: reg 0x14: [io  0x03f6]
[    0.716923] kernel: pci 0000:00:01.1: legacy IDE quirk: reg 0x18: [io  0x0170-0x0177]
[    0.716931] kernel: pci 0000:00:01.1: legacy IDE quirk: reg 0x1c: [io  0x0376]
[    0.718696] kernel: pci 0000:00:01.3: [8086:7113] type 00 class 0x068000
[    0.718959] kernel: pci 0000:00:01.3: quirk: [io  0x0600-0x063f] claimed by PIIX4 ACPI
[    0.718975] kernel: pci 0000:00:01.3: quirk: [io  0x0700-0x070f] claimed by PIIX4 SMB
[    0.720547] kernel: pci 0000:00:02.0: [1234:1111] type 00 class 0x030000
[    0.721292] kernel: pci 0000:00:02.0: reg 0x1010: [mem 0xfd000000-0xfdffffff pref]
[    0.725782] kernel: pci 0000:00:02.0: reg 0x18: [mem 0xfeb90000-0xfeb90fff]
[    0.728214] kernel: pci 0000:00:02.0: reg 0x30: [mem 0xfeb80000-0xfeb8ffff pref]
[    0.729977] kernel: pci 0000:00:03.0: [1af4:1005] type 00 class 0x00ff00
[    0.730398] kernel: pci 0000:00:03.0: reg 0x10: [io  0xc080-0xc09f]
[    0.732398] kernel: pci 0000:00:03.0: reg 0x20: [mem 0xfe200000-0xfe203fff 64bit pref]
[    0.734971] kernel: pci 0000:00:04.0: [1af4:1000] type 00 class 0x020000
[    0.735899] kernel: pci 0000:00:04.0: reg 0x10: [io  0xc0a0-0xc0bf]
[    0.737040] kernel: pci 0000:00:04.0: reg 0x14: [mem 0xfeb91000-0xfeb91fff]
[    0.738398] kernel: pci 0000:00:04.0: reg 0x20: [mem 0xfe204000-0xfe207fff 64bit pref]
[    0.739018] kernel: pci 0000:00:04.0: reg 0x30: [mem 0xfeb00000-0xfeb7ffff pref]
[    0.741046] kernel: pci 0000:00:05.0: [1af4:1001] type 00 class 0x010000
[    0.741731] kernel: pci 0000:00:05.0: reg 0x10: [io  0xc000-0xc07f]
[    0.742334] l: pci 0000:00:00.0: [8086:1237] type 00 class 0x060000
[    0.716937] kernel: pci 0000:00:01.0: [8086:7000] type 00 class 0x060100
[    0.718227] kernel: pci 0000:00:01.1: [8086:7010] type 00 class 0x010180
[    0.719866] kernel: pci 0000:00:01.1: reg 0x20: [io  0xc0c0-0xc0cf]
[    0.720457] kernel: pci 0000:00:01.1: legacy IDE quirk: reg 0x10: [io  0x01f0-0x01f7]
[    0.720468] kernel: pci 0000:00:01.1: legacy IDE quirk: reg 0x14: [io  0x03f6]
[    0.720476] kernel: pci 0000:00:01.1: legacy IDE quirk: reg 0x18: [io  0x0170-0x0177]
[    0.720485] kernel: pci 0000:00:01.1: legacy IDE quirk: reg 0x1c: [io  0x0376]
[    0.722323] kernel: pci 0000:00:01.3: [8086:7113] type 00 class 0x068000
[    0.722590] kernel: pci 0000:00:01.3: quirk: [io  0x0600-0x063f] claimed by PIIX4 ACPI
[    0.722606] kernel: pci 0000:00:01.3: quirk: [io  0x0700-0x070f] claimed by PIIX4 SMB
[    0.724200] kernel: pci 0000:00:02.0: [1234:1111] type 00 class 0x030000
[    0.724908] kernel: pci 0000:00:02.0: reg 0x: smpboot: Max logical packages: 2
[    0.485600] kernel: smpboot: Total of 2 processors activated (9984.00 BogoMIPS)
[    0.486660] kernel: devtmpfs: initialized
[    0.490840] kernel: clocksource: jiffies: mask: 0xffffffff max_cycles: 0xffffffff, max_idle_ns: 1911260446275000 ns
[    0.490855] kernel: futex hash table entries: 512 (order: 3, 32768 bytes, linear)
[    0.491149] kernel: PM: RTC time: 20:16:26, date: 2023-03-05
[    0.491560] kernel: NET: Registered PF_NETLINK/PF_ROUTE protocol family
[    0.492113] kernel: audit: initializing netlink subsys (disabled)
[    0.492213] kernel: audit: type=2000 audit(1678047387.151:1): state=initialized audit_enabled=0 res=1
[    0.492751] kernel: thermal_sys: Registered thermal governor 'step_wise'
[    0.492756] kernel: thermal_sys: Registered thermal governor 'user_space'
[    0.492835] kernel: cpuidle: using governor menu
[    0.492835] kernel: ACPI: bus type PCI registered
[    0.493081] kernel: PCI: Using configuration type 1 for ba: [mem 0xfd000000-0xfdffffff pref]
[    0.722673] kernel: pci 0000:00:02.0: reg 0x18: [mem 0xfeb90000-0xfeb90fff]
[    0.725411] kernel: pci 0000:00:02.0: reg 0x30: [mem 0xfeb80000-0xfeb8ffff pref]
[    0.727116] kernel: pci 0000:00:03.0: [1af4:1005] type 00 class 0x00ff00
[    0.727620] kernel: pci 0000:00:03.0: reg 0x10: [io  0xc080-0xc09f]
[    0.729115] kernel: pci 0000:00:03.0: reg 0x20: [mem 0xfe200000-0xfe203fff 64bit pref]
[    0.731387] kernel: pci 0000:00:04.0: [1af4:1000] type 00 class 0x020000
[    0.731896] kernel: pci 0000:00:04.0: reg 0x10: [io  0xc0a0-0xc0bf]
[    0.732854] kernel: pci 0000:00:04.0: reg 0x14: [mem 0xfeb91000-0xfeb91fff]
[    0.734897] kernel: pci 0000:00:04.0: reg 0x20: [mem 0xfe204000-0xfe207fff 64bit pref]
[    0.735891] kernel: pci 0000:00:04.0: reg 0x30: [mem 0xfeb00000-0xfeb7ffff pref]
[    0.737851] kernel: pci 0000:00:05.0: [1af4:1001] type 00 class 0x010000
[    0.738522] kernel: pci 0000:00:05.0: reg 0x10: [io  0xc000-0xc07f]
[    0.738897] kekernel: pci 0000:00:05.0: reg 0x14: [mem 0xfeb92000-0xfeb92fff]
[    0.744401] kernel: pci 0000:00:05.0: reg 0x20: [mem 0xfe208000-0xfe20bfff 64bit pref]
[    0.748360] kernel: pci 0000:00:10.0: [1af4:1110] type 00 class 0x050000
[    0.748991] kernel: pci 0000:00:10.0: reg 0x10: [mem 0xfeb93000-0xfeb930ff]
[    0.749914] kernel: pci 0000:00:10.0: reg 0x18: [mem 0xfe000000-0xfe0fffff 64bit pref]
[    0.753051] kernel: pci 0000:00:11.0: [1af4:1110] type 00 class 0x050000
[    0.753398] kernel: pci 0000:00:11.0: reg 0x10: [mem 0xfeb94000-0xfeb940ff]
[    0.754211] kernel: pci 0000:00:11.0: reg 0x18: [mem 0xfe20c000-0xfe20c3ff 64bit pref]
[    0.757022] kernel: pci 0000:00:12.0: [1af4:1110] type 00 class 0x050000
[    0.757405] kernel: pci 0000:00:12.0: reg 0x10: [mem 0xfeb95000-0xfeb950ff]
[    0.758387] kernel: pci 0000:00:12.0: reg 0x18: [mem 0xfe100000-0xfe1fffff 64bit pref]
[    0.763535] kernel: ACPI: PCI: Interrupt link LNKA configured for IRQ 10
[    0.764235] kernel: ACPI: PCI: 10: [mem 0xfd000000-0xfdffffff pref]
[    0.726285] kernel: pci 0000:00:02.0: reg 0x18: [mem 0xfeb90000-0xfeb90fff]
[    0.728909] kernel: pci 0000:00:02.0: reg 0x30: [mem 0xfeb80000-0xfeb8ffff pref]
[    0.730743] kernel: pci 0000:00:03.0: [1af4:1005] type 00 class 0x00ff00
[    0.731137] kernel: pci 0000:00:03.0: reg 0x10: [io  0xc080-0xc09f]
[    0.732903] kernel: pci 0000:00:03.0: reg 0x20: [mem 0xfe200000-0xfe203fff 64bit pref]
[    0.735636] kernel: pci 0000:00:04.0: [1af4:1000] type 00 class 0x020000
[    0.736424] kernel: pci 0000:00:04.0: reg 0x10: [io  0xc0a0-0xc0bf]
[    0.737905] kernel: pci 0000:00:04.0: reg 0x14: [mem 0xfeb91000-0xfeb91fff]
[    0.739779] kernel: pci 0000:00:04.0: reg 0x20: [mem 0xfe204000-0xfe207fff 64bit pref]
[    0.740229] kernel: pci 0000:00:04.0: reg 0x30: [mem 0xfeb00000-0xfeb7ffff pref]
[    0.742254] kernel: pci 0000:00:05.0: [1af4:1001] type 00 class 0x010000
