2023/03/25 14:41:47 fuzzer started
2023/03/25 14:41:47 dialing manager at localhost:45137
2023/03/25 14:41:47 syscalls: 130
2023/03/25 14:41:47 code coverage: enabled
2023/03/25 14:41:47 comparison tracing: enabled
2023/03/25 14:41:47 extra coverage: extra coverage is not supported by the kernel
2023/03/25 14:41:47 setuid sandbox: enabled
2023/03/25 14:41:47 namespace sandbox: /proc/self/ns/user does not exist
2023/03/25 14:41:47 Android sandbox: /sys/fs/selinux/policy can't be opened (open /sys/fs/selinux/policy: invalid argument)
2023/03/25 14:41:47 fault injection: CONFIG_FAULT_INJECTION_DEBUG_FS or CONFIG_FAILSLAB are not enabled
2023/03/25 14:41:47 leak checking: CONFIG_DEBUG_KMEMLEAK is not enabled
2023/03/25 14:41:47 net packet injection: /dev/net/tun does not exist
2023/03/25 14:41:47 net device setup: enabled
2023/03/25 14:41:47 concurrency sanitizer: /sys/kernel/debug/kcsan does not exist
2023/03/25 14:41:47 devlink PCI setup: enabled
2023/03/25 14:41:47 USB emulation: /dev/raw-gadget does not exist
2023/03/25 14:41:47 hci packet injection: /dev/vhci does not exist
2023/03/25 14:41:47 wifi device emulation: /sys/class/mac80211_hwsim/ does not exist
2023/03/25 14:41:47 802.15.4 emulation: /sys/bus/platform/devices/mac802154_hwsim does not exist
2023/03/25 14:41:48 deserializeInput: hasCrash true hasNet false
2023/03/25 14:41:48 prog length: 6
2023/03/25 14:41:48 prog length: 22
2023/03/25 14:41:48 deserializeInput: hasCrash false hasNet false
2023/03/25 14:41:48 prog length: 20
2023/03/25 14:41:48 deserializeInput: hasCrash true hasNet false
2023/03/25 14:41:48 prog length: 6
2023/03/25 14:41:48 prog length: 22
2023/03/25 14:41:48 deserializeInput: hasCrash true hasNet false
2023/03/25 14:41:48 prog length: 6
2023/03/25 14:41:48 prog length: 22
2023/03/25 14:41:48 deserializeInput: hasCrash true hasNet false
2023/03/25 14:41:48 prog length: 6
2023/03/25 14:41:48 prog length: 22
2023/03/25 14:41:48 deserializeInput: hasCrash true hasNet false
2023/03/25 14:41:48 prog length: 6
2023/03/25 14:41:48 prog length: 22
2023/03/25 14:41:48 deserializeInput: hasCrash true hasNet false
2023/03/25 14:41:48 prog length: 6
2023/03/25 14:41:48 prog length: 22
2023/03/25 14:41:48 deserializeInput: hasCrash true hasNet false
2023/03/25 14:41:48 prog length: 6
2023/03/25 14:41:48 prog length: 22
2023/03/25 14:41:48 deserializeInput: hasCrash true hasNet false
2023/03/25 14:41:48 prog length: 6
2023/03/25 14:41:48 prog length: 22
2023/03/25 14:41:48 deserializeInput: hasCrash true hasNet true
2023/03/25 14:41:48 prog length: 6
2023/03/25 14:41:48 prog length: 6
2023/03/25 14:41:48 prog length: 24
2023/03/25 14:41:48 deserializeInput: hasCrash true hasNet false
2023/03/25 14:41:48 prog length: 6
2023/03/25 14:41:48 prog length: 22
2023/03/25 14:41:48 deserializeInput: hasCrash true hasNet false
2023/03/25 14:41:48 prog length: 6
2023/03/25 14:41:48 prog length: 22
2023/03/25 14:41:48 deserializeInput: hasCrash false hasNet false
2023/03/25 14:41:48 prog length: 20
2023/03/25 14:41:48 deserializeInput: hasCrash true hasNet false
2023/03/25 14:41:48 prog length: 6
2023/03/25 14:41:48 prog length: 22
2023/03/25 14:41:48 deserializeInput: hasCrash true hasNet false
2023/03/25 14:41:48 prog length: 6
2023/03/25 14:41:48 prog length: 22
2023/03/25 14:41:48 deserializeInput: hasCrash true hasNet false
2023/03/25 14:41:48 prog length: 6
2023/03/25 14:41:48 prog length: 22
2023/03/25 14:41:48 deserializeInput: hasCrash true hasNet false
2023/03/25 14:41:48 prog length: 6
2023/03/25 14:41:48 prog length: 22
2023/03/25 14:41:48 deserializeInput: hasCrash true hasNet false
2023/03/25 14:41:48 prog length: 6
2023/03/25 14:41:48 prog length: 22
2023/03/25 14:41:48 deserializeInput: hasCrash true hasNet false
2023/03/25 14:41:48 prog length: 6
2023/03/25 14:41:48 prog length: 22
2023/03/25 14:41:48 deserializeInput: hasCrash true hasNet false
2023/03/25 14:41:48 prog length: 6
2023/03/25 14:41:48 prog length: 22
2023/03/25 14:41:48 deserializeInput: hasCrash true hasNet false
2023/03/25 14:41:48 prog length: 6
2023/03/25 14:41:48 prog length: 22
2023/03/25 14:41:48 deserializeInput: hasCrash true hasNet false
2023/03/25 14:41:48 prog length: 6
2023/03/25 14:41:48 prog length: 22
2023/03/25 14:41:48 deserializeInput: hasCrash true hasNet false
2023/03/25 14:41:48 prog length: 6
2023/03/25 14:41:48 prog length: 22
2023/03/25 14:41:48 deserializeInput: hasCrash true hasNet true
2023/03/25 14:41:48 prog length: 6
2023/03/25 14:41:48 prog length: 6
2023/03/25 14:41:48 prog length: 24
2023/03/25 14:41:48 deserializeInput: hasCrash true hasNet false
2023/03/25 14:41:48 prog length: 6
2023/03/25 14:41:48 prog length: 22
2023/03/25 14:41:48 deserializeInput: hasCrash true hasNet false
2023/03/25 14:41:48 prog length: 6
2023/03/25 14:41:48 prog length: 22
2023/03/25 14:41:48 deserializeInput: hasCrash true hasNet false
2023/03/25 14:41:48 prog length: 6
2023/03/25 14:41:48 prog length: 22
2023/03/25 14:41:48 deserializeInput: hasCrash true hasNet false
2023/03/25 14:41:48 prog length: 6
2023/03/25 14:41:48 prog length: 22
2023/03/25 14:41:48 deserializeInput: hasCrash true hasNet false
2023/03/25 14:41:48 prog length: 6
2023/03/25 14:41:48 prog length: 22
2023/03/25 14:41:48 deserializeInput: hasCrash true hasNet false
2023/03/25 14:41:48 prog length: 6
2023/03/25 14:41:48 prog length: 22
2023/03/25 14:41:48 deserializeInput: hasCrash true hasNet false
2023/03/25 14:41:48 prog length: 6
2023/03/25 14:41:48 prog length: 22
2023/03/25 14:41:48 deserializeInput: hasCrash true hasNet false
2023/03/25 14:41:48 prog length: 6
2023/03/25 14:41:48 prog length: 22
2023/03/25 14:41:48 deserializeInput: hasCrash true hasNet false
2023/03/25 14:41:48 prog length: 6
2023/03/25 14:41:48 prog length: 22
2023/03/25 14:41:48 deserializeInput: hasCrash false hasNet false
2023/03/25 14:41:48 prog length: 20
2023/03/25 14:41:48 deserializeInput: hasCrash true hasNet false
2023/03/25 14:41:48 prog length: 6
2023/03/25 14:41:48 prog length: 22
2023/03/25 14:41:48 deserializeInput: hasCrash true hasNet false
2023/03/25 14:41:48 prog length: 6
2023/03/25 14:41:48 prog length: 22
2023/03/25 14:41:48 deserializeInput: hasCrash true hasNet false
2023/03/25 14:41:48 prog length: 6
2023/03/25 14:41:48 prog length: 22
2023/03/25 14:41:48 deserializeInput: hasCrash true hasNet false
2023/03/25 14:41:48 prog length: 6
2023/03/25 14:41:48 prog length: 22
2023/03/25 14:41:48 deserializeInput: hasCrash true hasNet false
2023/03/25 14:41:48 prog length: 6
2023/03/25 14:41:48 prog length: 22
2023/03/25 14:41:48 deserializeInput: hasCrash false hasNet false
2023/03/25 14:41:48 prog length: 20
2023/03/25 14:41:48 deserializeInput: hasCrash true hasNet false
2023/03/25 14:41:48 prog length: 6
2023/03/25 14:41:48 prog length: 22
2023/03/25 14:41:48 deserializeInput: hasCrash false hasNet false
2023/03/25 14:41:48 prog length: 20
2023/03/25 14:41:48 deserializeInput: hasCrash true hasNet false
2023/03/25 14:41:48 prog length: 6
2023/03/25 14:41:48 prog length: 22
2023/03/25 14:41:48 deserializeInput: hasCrash true hasNet false
2023/03/25 14:41:48 prog length: 6
2023/03/25 14:41:48 prog length: 22
2023/03/25 14:41:48 deserializeInput: hasCrash true hasNet true
2023/03/25 14:41:48 prog length: 6
2023/03/25 14:41:48 prog length: 6
2023/03/25 14:41:48 prog length: 24
2023/03/25 14:41:48 deserializeInput: hasCrash true hasNet false
2023/03/25 14:41:48 prog length: 6
2023/03/25 14:41:48 prog length: 22
2023/03/25 14:41:48 deserializeInput: hasCrash true hasNet false
2023/03/25 14:41:48 prog length: 6
2023/03/25 14:41:48 prog length: 22
2023/03/25 14:41:48 deserializeInput: hasCrash false hasNet false
2023/03/25 14:41:48 prog length: 20
2023/03/25 14:41:48 deserializeInput: hasCrash true hasNet false
2023/03/25 14:41:48 prog length: 6
2023/03/25 14:41:48 prog length: 22
2023/03/25 14:41:48 deserializeInput: hasCrash true hasNet false
2023/03/25 14:41:48 prog length: 6
2023/03/25 14:41:48 prog length: 22
2023/03/25 14:41:48 fetching corpus: 50, signal 9781/44058/54433 (executing program)
2023/03/25 14:41:48 deserializeInput: hasCrash true hasNet false
2023/03/25 14:41:48 prog length: 6
2023/03/25 14:41:48 prog length: 22
2023/03/25 14:41:48 deserializeInput: hasCrash true hasNet false
2023/03/25 14:41:48 prog length: 6
2023/03/25 14:41:48 prog length: 22
2023/03/25 14:41:48 deserializeInput: hasCrash true hasNet false
2023/03/25 14:41:48 prog length: 6
2023/03/25 14:41:48 prog length: 22
2023/03/25 14:41:48 deserializeInput: hasCrash true hasNet false
2023/03/25 14:41:48 prog length: 6
2023/03/25 14:41:48 prog length: 22
2023/03/25 14:41:48 deserializeInput: hasCrash true hasNet false
2023/03/25 14:41:48 prog length: 6
2023/03/25 14:41:48 prog length: 22
2023/03/25 14:41:48 deserializeInput: hasCrash true hasNet false
2023/03/25 14:41:48 prog length: 6
2023/03/25 14:41:48 prog length: 22
2023/03/25 14:41:48 deserializeInput: hasCrash true hasNet false
2023/03/25 14:41:48 prog length: 6
2023/03/25 14:41:48 prog length: 22
2023/03/25 14:41:48 deserializeInput: hasCrash true hasNet false
2023/03/25 14:41:48 prog length: 6
2023/03/25 14:41:48 prog length: 22
2023/03/25 14:41:48 deserializeInput: hasCrash true hasNet false
2023/03/25 14:41:48 prog length: 6
2023/03/25 14:41:48 prog length: 22
2023/03/25 14:41:48 deserializeInput: hasCrash true hasNet false
2023/03/25 14:41:48 prog length: 6
2023/03/25 14:41:48 prog length: 22
2023/03/25 14:41:48 deserializeInput: hasCrash true hasNet false
2023/03/25 14:41:48 prog length: 6
2023/03/25 14:41:48 prog length: 22
2023/03/25 14:41:48 deserializeInput: hasCrash true hasNet false
2023/03/25 14:41:48 prog length: 6
2023/03/25 14:41:48 prog length: 22
2023/03/25 14:41:48 deserializeInput: hasCrash true hasNet false
2023/03/25 14:41:48 prog length: 6
2023/03/25 14:41:48 prog length: 6
2023/03/25 14:41:48 prog length: 24
2023/03/25 14:41:48 deserializeInput: hasCrash false hasNet false
2023/03/25 14:41:48 prog length: 20
2023/03/25 14:41:48 deserializeInput: hasCrash true hasNet false
2023/03/25 14:41:48 prog length: 6
2023/03/25 14:41:48 prog length: 22
2023/03/25 14:41:48 deserializeInput: hasCrash false hasNet false
2023/03/25 14:41:48 prog length: 20
2023/03/25 14:41:48 deserializeInput: hasCrash true hasNet false
2023/03/25 14:41:48 prog length: 6
2023/03/25 14:41:48 prog length: 22
2023/03/25 14:41:48 deserializeInput: hasCrash true hasNet false
2023/03/25 14:41:48 prog length: 6
2023/03/25 14:41:48 prog length: 22
2023/03/25 14:41:48 deserializeInput: hasCrash true hasNet false
2023/03/25 14:41:48 prog length: 6
2023/03/25 14:41:48 prog length: 22
2023/03/25 14:41:48 deserializeInput: hasCrash true hasNet false
2023/03/25 14:41:48 prog length: 6
2023/03/25 14:41:48 prog length: 22
2023/03/25 14:41:48 deserializeInput: hasCrash true hasNet false
2023/03/25 14:41:48 prog length: 6
2023/03/25 14:41:48 prog length: 22
2023/03/25 14:41:48 deserializeInput: hasCrash true hasNet false
2023/03/25 14:41:48 prog length: 6
2023/03/25 14:41:48 prog length: 22
2023/03/25 14:41:48 deserializeInput: hasCrash true hasNet false
2023/03/25 14:41:48 prog length: 6
2023/03/25 14:41:48 prog length: 22
2023/03/25 14:41:48 deserializeInput: hasCrash true hasNet true
2023/03/25 14:41:48 prog length: 6
2023/03/25 14:41:48 prog length: 6
2023/03/25 14:41:48 prog length: 24
2023/03/25 14:41:48 deserializeInput: hasCrash false hasNet false
2023/03/25 14:41:48 prog length: 20
2023/03/25 14:41:48 deserializeInput: hasCrash true hasNet false
2023/03/25 14:41:48 prog length: 6
2023/03/25 14:41:48 prog length: 22
2023/03/25 14:41:48 deserializeInput: hasCrash true hasNet false
2023/03/25 14:41:48 prog length: 6
2023/03/25 14:41:48 prog length: 22
2023/03/25 14:41:48 deserializeInput: hasCrash true hasNet false
2023/03/25 14:41:48 prog length: 6
2023/03/25 14:41:48 prog length: 22
2023/03/25 14:41:48 deserializeInput: hasCrash true hasNet false
2023/03/25 14:41:48 prog length: 6
2023/03/25 14:41:48 prog length: 22
2023/03/25 14:41:48 deserializeInput: hasCrash true hasNet false
2023/03/25 14:41:48 prog length: 6
2023/03/25 14:41:48 prog length: 22
2023/03/25 14:41:48 deserializeInput: hasCrash false hasNet false
2023/03/25 14:41:48 prog length: 20
2023/03/25 14:41:48 deserializeInput: hasCrash true hasNet false
2023/03/25 14:41:48 prog length: 6
2023/03/25 14:41:48 prog length: 22
2023/03/25 14:41:48 deserializeInput: hasCrash true hasNet false
2023/03/25 14:41:48 prog length: 6
2023/03/25 14:41:48 prog length: 22
2023/03/25 14:41:48 deserializeInput: hasCrash true hasNet false
2023/03/25 14:41:48 prog length: 6
2023/03/25 14:41:48 prog length: 22
2023/03/25 14:41:48 deserializeInput: hasCrash true hasNet false
2023/03/25 14:41:48 prog length: 6
2023/03/25 14:41:48 prog length: 22
2023/03/25 14:41:48 deserializeInput: hasCrash true hasNet false
2023/03/25 14:41:48 prog length: 6
2023/03/25 14:41:48 prog length: 22
2023/03/25 14:41:48 deserializeInput: hasCrash true hasNet false
2023/03/25 14:41:48 prog length: 6
2023/03/25 14:41:48 prog length: 22
2023/03/25 14:41:48 deserializeInput: hasCrash true hasNet false
2023/03/25 14:41:48 prog length: 6
2023/03/25 14:41:48 prog length: 22
2023/03/25 14:41:48 deserializeInput: hasCrash true hasNet false
2023/03/25 14:41:48 prog length: 6
2023/03/25 14:41:48 prog length: 6
2023/03/25 14:41:48 prog length: 6
2023/03/25 14:41:48 prog length: 26
2023/03/25 14:41:48 deserializeInput: hasCrash false hasNet false
2023/03/25 14:41:48 prog length: 20
2023/03/25 14:41:48 deserializeInput: hasCrash false hasNet false
2023/03/25 14:41:48 prog length: 20
2023/03/25 14:41:48 deserializeInput: hasCrash true hasNet false
2023/03/25 14:41:48 prog length: 6
2023/03/25 14:41:48 prog length: 6
2023/03/25 14:41:48 prog length: 6
2023/03/25 14:41:48 prog length: 26
2023/03/25 14:41:48 deserializeInput: hasCrash true hasNet false
2023/03/25 14:41:48 prog length: 6
2023/03/25 14:41:48 prog length: 22
2023/03/25 14:41:48 deserializeInput: hasCrash true hasNet false
2023/03/25 14:41:48 prog length: 6
2023/03/25 14:41:48 prog length: 22
2023/03/25 14:41:48 deserializeInput: hasCrash true hasNet false
2023/03/25 14:41:48 prog length: 6
2023/03/25 14:41:48 prog length: 22
2023/03/25 14:41:48 deserializeInput: hasCrash true hasNet true
2023/03/25 14:41:48 prog length: 6
2023/03/25 14:41:48 prog length: 6
2023/03/25 14:41:48 prog length: 24
2023/03/25 14:41:48 deserializeInput: hasCrash true hasNet false
2023/03/25 14:41:48 prog length: 6
2023/03/25 14:41:48 prog length: 22
2023/03/25 14:41:48 deserializeInput: hasCrash true hasNet true
2023/03/25 14:41:48 prog length: 6
2023/03/25 14:41:48 prog length: 6
2023/03/25 14:41:48 prog length: 24
2023/03/25 14:41:48 deserializeInput: hasCrash true hasNet false
2023/03/25 14:41:48 prog length: 6
2023/03/25 14:41:48 prog length: 22
2023/03/25 14:41:48 deserializeInput: hasCrash true hasNet false
2023/03/25 14:41:48 prog length: 6
2023/03/25 14:41:48 prog length: 22
2023/03/25 14:41:48 fetching corpus: 100, signal 10073/55926/66791 (executing program)
2023/03/25 14:41:49 deserializeInput: hasCrash true hasNet false
2023/03/25 14:41:49 prog length: 6
2023/03/25 14:41:49 prog length: 22
2023/03/25 14:41:49 deserializeInput: hasCrash true hasNet false
2023/03/25 14:41:49 prog length: 6
2023/03/25 14:41:49 prog length: 22
2023/03/25 14:41:49 deserializeInput: hasCrash true hasNet false
2023/03/25 14:41:49 prog length: 6
2023/03/25 14:41:49 prog length: 22
2023/03/25 14:41:49 deserializeInput: hasCrash false hasNet false
2023/03/25 14:41:49 prog length: 20
2023/03/25 14:41:49 deserializeInput: hasCrash true hasNet false
2023/03/25 14:41:49 prog length: 6
2023/03/25 14:41:49 prog length: 22
2023/03/25 14:41:49 deserializeInput: hasCrash true hasNet false
2023/03/25 14:41:49 prog length: 6
2023/03/25 14:41:49 prog length: 22
2023/03/25 14:41:49 deserializeInput: hasCrash true hasNet false
2023/03/25 14:41:49 prog length: 6
2023/03/25 14:41:49 prog length: 22
2023/03/25 14:41:49 deserializeInput: hasCrash true hasNet false
2023/03/25 14:41:49 prog length: 6
2023/03/25 14:41:49 prog length: 22
2023/03/25 14:41:49 deserializeInput: hasCrash true hasNet true
2023/03/25 14:41:49 prog length: 6
2023/03/25 14:41:49 prog length: 6
2023/03/25 14:41:49 prog length: 6
2023/03/25 14:41:49 prog length: 26
2023/03/25 14:41:49 deserializeInput: hasCrash true hasNet false
2023/03/25 14:41:49 prog length: 6
2023/03/25 14:41:49 prog length: 22
2023/03/25 14:41:49 deserializeInput: hasCrash true hasNet false
2023/03/25 14:41:49 prog length: 6
2023/03/25 14:41:49 prog length: 22
2023/03/25 14:41:49 deserializeInput: hasCrash true hasNet false
2023/03/25 14:41:49 prog length: 6
2023/03/25 14:41:49 prog length: 22
2023/03/25 14:41:49 deserializeInput: hasCrash false hasNet false
2023/03/25 14:41:49 prog length: 20
2023/03/25 14:41:49 deserializeInput: hasCrash false hasNet false
2023/03/25 14:41:49 prog length: 20
2023/03/25 14:41:49 deserializeInput: hasCrash true hasNet false
2023/03/25 14:41:49 prog length: 6
2023/03/25 14:41:49 prog length: 22
2023/03/25 14:41:49 deserializeInput: hasCrash true hasNet false
2023/03/25 14:41:49 prog length: 6
2023/03/25 14:41:49 prog length: 22
2023/03/25 14:41:49 deserializeInput: hasCrash true hasNet false
2023/03/25 14:41:49 prog length: 6
2023/03/25 14:41:49 prog length: 22
2023/03/25 14:41:49 deserializeInput: hasCrash true hasNet false
2023/03/25 14:41:49 prog length: 6
2023/03/25 14:41:49 prog length: 22
2023/03/25 14:41:49 deserializeInput: hasCrash true hasNet false
2023/03/25 14:41:49 prog length: 6
2023/03/25 14:41:49 prog length: 22
2023/03/25 14:41:49 deserializeInput: hasCrash true hasNet false
2023/03/25 14:41:49 prog length: 6
2023/03/25 14:41:49 prog length: 22
2023/03/25 14:41:49 deserializeInput: hasCrash true hasNet false
2023/03/25 14:41:49 prog length: 6
2023/03/25 14:41:49 prog length: 22
2023/03/25 14:41:49 deserializeInput: hasCrash false hasNet false
2023/03/25 14:41:49 prog length: 20
2023/03/25 14:41:49 deserializeInput: hasCrash false hasNet false
2023/03/25 14:41:49 prog length: 20
2023/03/25 14:41:49 deserializeInput: hasCrash true hasNet false
2023/03/25 14:41:49 prog length: 6
2023/03/25 14:41:49 prog length: 22
2023/03/25 14:41:49 deserializeInput: hasCrash true hasNet false
2023/03/25 14:41:49 prog length: 6
2023/03/25 14:41:49 prog length: 22
2023/03/25 14:41:49 deserializeInput: hasCrash true hasNet false
2023/03/25 14:41:49 prog length: 6
2023/03/25 14:41:49 prog length: 22
2023/03/25 14:41:49 deserializeInput: hasCrash true hasNet false
2023/03/25 14:41:49 prog length: 6
2023/03/25 14:41:49 prog length: 22
2023/03/25 14:41:49 deserializeInput: hasCrash true hasNet false
2023/03/25 14:41:49 prog length: 6
2023/03/25 14:41:49 prog length: 22
2023/03/25 14:41:49 deserializeInput: hasCrash true hasNet false
2023/03/25 14:41:49 prog length: 6
2023/03/25 14:41:49 prog length: 22
2023/03/25 14:41:49 deserializeInput: hasCrash true hasNet false
2023/03/25 14:41:49 prog length: 6
2023/03/25 14:41:49 prog length: 22
2023/03/25 14:41:49 deserializeInput: hasCrash true hasNet false
2023/03/25 14:41:49 prog length: 6
2023/03/25 14:41:49 prog length: 22
2023/03/25 14:41:49 deserializeInput: hasCrash true hasNet false
2023/03/25 14:41:49 prog length: 6
2023/03/25 14:41:49 prog length: 22
2023/03/25 14:41:49 deserializeInput: hasCrash true hasNet false
2023/03/25 14:41:49 prog length: 6
2023/03/25 14:41:49 prog length: 22
2023/03/25 14:41:49 deserializeInput: hasCrash true hasNet false
2023/03/25 14:41:49 prog length: 6
2023/03/25 14:41:49 prog length: 22
2023/03/25 14:41:49 deserializeInput: hasCrash true hasNet false
2023/03/25 14:41:49 prog length: 6
2023/03/25 14:41:49 prog length: 22
2023/03/25 14:41:49 deserializeInput: hasCrash false hasNet false
2023/03/25 14:41:49 prog length: 20
2023/03/25 14:41:49 deserializeInput: hasCrash false hasNet false
2023/03/25 14:41:49 prog length: 20
2023/03/25 14:41:49 deserializeInput: hasCrash false hasNet false
2023/03/25 14:41:49 prog length: 20
2023/03/25 14:41:49 deserializeInput: hasCrash true hasNet false
2023/03/25 14:41:49 prog length: 6
2023/03/25 14:41:49 prog length: 6
2023/03/25 14:41:49 prog length: 6
2023/03/25 14:41:49 prog length: 26
2023/03/25 14:41:49 deserializeInput: hasCrash true hasNet false
2023/03/25 14:41:49 prog length: 6
2023/03/25 14:41:49 prog length: 22
2023/03/25 14:41:49 deserializeInput: hasCrash false hasNet false
2023/03/25 14:41:49 prog length: 20
2023/03/25 14:41:49 deserializeInput: hasCrash true hasNet false
2023/03/25 14:41:49 prog length: 6
2023/03/25 14:41:49 prog length: 22
2023/03/25 14:41:49 deserializeInput: hasCrash true hasNet false
2023/03/25 14:41:49 prog length: 6
2023/03/25 14:41:49 prog length: 22
2023/03/25 14:41:49 deserializeInput: hasCrash true hasNet false
2023/03/25 14:41:49 prog length: 6
2023/03/25 14:41:49 prog length: 22
2023/03/25 14:41:49 deserializeInput: hasCrash true hasNet false
2023/03/25 14:41:49 prog length: 6
2023/03/25 14:41:49 prog length: 22
2023/03/25 14:41:49 deserializeInput: hasCrash true hasNet false
2023/03/25 14:41:49 prog length: 6
2023/03/25 14:41:49 prog length: 22
2023/03/25 14:41:49 deserializeInput: hasCrash true hasNet false
2023/03/25 14:41:49 prog length: 6
2023/03/25 14:41:49 prog length: 22
2023/03/25 14:41:49 deserializeInput: hasCrash true hasNet false
2023/03/25 14:41:49 prog length: 6
2023/03/25 14:41:49 prog length: 22
2023/03/25 14:41:49 deserializeInput: hasCrash true hasNet false
2023/03/25 14:41:49 prog length: 6
2023/03/25 14:41:49 prog length: 22
2023/03/25 14:41:49 deserializeInput: hasCrash true hasNet false
2023/03/25 14:41:49 prog length: 6
2023/03/25 14:41:49 prog length: 22
2023/03/25 14:41:49 fetching corpus: 150, signal 10994/59901/71872 (executing program)
2023/03/25 14:41:49 deserializeInput: hasCrash true hasNet false
2023/03/25 14:41:49 prog length: 6
2023/03/25 14:41:49 prog length: 22
2023/03/25 14:41:49 deserializeInput: hasCrash true hasNet false
2023/03/25 14:41:49 prog length: 6
2023/03/25 14:41:49 prog length: 22
2023/03/25 14:41:49 deserializeInput: hasCrash true hasNet false
2023/03/25 14:41:49 prog length: 6
2023/03/25 14:41:49 prog length: 22
2023/03/25 14:41:49 deserializeInput: hasCrash true hasNet false
2023/03/25 14:41:49 prog length: 6
2023/03/25 14:41:49 prog length: 22
2023/03/25 14:41:49 deserializeInput: hasCrash false hasNet false
2023/03/25 14:41:49 prog length: 20
2023/03/25 14:41:49 deserializeInput: hasCrash true hasNet false
2023/03/25 14:41:49 prog length: 6
2023/03/25 14:41:49 prog length: 22
2023/03/25 14:41:49 deserializeInput: hasCrash true hasNet false
2023/03/25 14:41:49 prog length: 6
2023/03/25 14:41:49 prog length: 22
2023/03/25 14:41:49 deserializeInput: hasCrash true hasNet false
2023/03/25 14:41:49 prog length: 6
2023/03/25 14:41:49 prog length: 22
2023/03/25 14:41:49 deserializeInput: hasCrash true hasNet false
2023/03/25 14:41:49 prog length: 6
2023/03/25 14:41:49 prog length: 22
2023/03/25 14:41:49 deserializeInput: hasCrash false hasNet false
2023/03/25 14:41:49 prog length: 20
2023/03/25 14:41:49 deserializeInput: hasCrash true hasNet false
2023/03/25 14:41:49 prog length: 6
2023/03/25 14:41:49 prog length: 22
2023/03/25 14:41:49 deserializeInput: hasCrash true hasNet false
2023/03/25 14:41:49 prog length: 6
2023/03/25 14:41:49 prog length: 22
2023/03/25 14:41:49 deserializeInput: hasCrash true hasNet false
2023/03/25 14:41:49 prog length: 6
2023/03/25 14:41:49 prog length: 22
2023/03/25 14:41:49 deserializeInput: hasCrash true hasNet true
2023/03/25 14:41:49 prog length: 6
2023/03/25 14:41:49 prog length: 6
2023/03/25 14:41:49 prog length: 6
2023/03/25 14:41:49 prog length: 26
2023/03/25 14:41:49 deserializeInput: hasCrash true hasNet false
2023/03/25 14:41:49 prog length: 6
2023/03/25 14:41:49 prog length: 22
2023/03/25 14:41:49 deserializeInput: hasCrash true hasNet false
2023/03/25 14:41:49 prog length: 6
2023/03/25 14:41:49 prog length: 22
2023/03/25 14:41:49 deserializeInput: hasCrash true hasNet false
2023/03/25 14:41:49 prog length: 6
2023/03/25 14:41:49 prog length: 22
2023/03/25 14:41:49 deserializeInput: hasCrash true hasNet false
2023/03/25 14:41:49 prog length: 6
2023/03/25 14:41:49 prog length: 6
2023/03/25 14:41:49 prog length: 6
2023/03/25 14:41:49 prog length: 26
2023/03/25 14:41:49 deserializeInput: hasCrash true hasNet false
2023/03/25 14:41:49 prog length: 6
2023/03/25 14:41:49 prog length: 22
2023/03/25 14:41:49 deserializeInput: hasCrash true hasNet false
2023/03/25 14:41:49 prog length: 6
2023/03/25 14:41:49 prog length: 22
2023/03/25 14:41:49 deserializeInput: hasCrash true hasNet false
2023/03/25 14:41:49 prog length: 6
2023/03/25 14:41:49 prog length: 22
2023/03/25 14:41:49 deserializeInput: hasCrash true hasNet false
2023/03/25 14:41:49 prog length: 6
2023/03/25 14:41:49 prog length: 22
2023/03/25 14:41:49 deserializeInput: hasCrash true hasNet false
2023/03/25 14:41:49 prog length: 6
2023/03/25 14:41:49 prog length: 22
2023/03/25 14:41:49 deserializeInput: hasCrash true hasNet false
2023/03/25 14:41:49 prog length: 6
2023/03/25 14:41:49 prog length: 22
2023/03/25 14:41:49 deserializeInput: hasCrash true hasNet true
2023/03/25 14:41:49 prog length: 6
2023/03/25 14:41:49 prog length: 6
2023/03/25 14:41:49 prog length: 24
2023/03/25 14:41:49 deserializeInput: hasCrash true hasNet false
2023/03/25 14:41:49 prog length: 6
2023/03/25 14:41:49 prog length: 22
2023/03/25 14:41:49 deserializeInput: hasCrash true hasNet false
2023/03/25 14:41:49 prog length: 6
2023/03/25 14:41:49 prog length: 22
2023/03/25 14:41:49 deserializeInput: hasCrash false hasNet false
2023/03/25 14:41:49 prog length: 20
2023/03/25 14:41:49 deserializeInput: hasCrash true hasNet false
2023/03/25 14:41:49 prog length: 6
2023/03/25 14:41:49 prog length: 22
2023/03/25 14:41:49 deserializeInput: hasCrash true hasNet false
2023/03/25 14:41:49 prog length: 6
2023/03/25 14:41:49 prog length: 22
2023/03/25 14:41:49 fetching corpus: 180, signal 11226/62746/75135 (executing program)
2023/03/25 14:41:49 fetching corpus: 180, signal 11226/62746/75418 (executing program)
2023/03/25 14:41:49 fetching corpus: 180, signal 11226/62746/75684 (executing program)
2023/03/25 14:41:49 fetching corpus: 180, signal 11226/62746/75980 (executing program)
2023/03/25 14:41:49 fetching corpus: 180, signal 11226/62746/76243 (executing program)
2023/03/25 14:41:49 fetching corpus: 180, signal 11226/62746/76542 (executing program)
2023/03/25 14:41:49 fetching corpus: 180, signal 11226/62746/76821 (executing program)
2023/03/25 14:41:49 fetching corpus: 180, signal 11226/62746/77095 (executing program)
2023/03/25 14:41:49 fetching corpus: 180, signal 11226/62746/77387 (executing program)
2023/03/25 14:41:49 fetching corpus: 180, signal 11226/62746/77661 (executing program)
2023/03/25 14:41:49 fetching corpus: 180, signal 11226/62746/77929 (executing program)
2023/03/25 14:41:49 fetching corpus: 180, signal 11226/62746/78199 (executing program)
2023/03/25 14:41:49 fetching corpus: 180, signal 11226/62746/78502 (executing program)
2023/03/25 14:41:49 fetching corpus: 180, signal 11226/62746/78785 (executing program)
2023/03/25 14:41:49 fetching corpus: 180, signal 11226/62746/79064 (executing program)
2023/03/25 14:41:49 fetching corpus: 180, signal 11226/62746/79330 (executing program)
2023/03/25 14:41:49 fetching corpus: 180, signal 11226/62746/79628 (executing program)
2023/03/25 14:41:49 fetching corpus: 180, signal 11226/62746/79903 (executing program)
2023/03/25 14:41:49 fetching corpus: 180, signal 11226/62746/80184 (executing program)
2023/03/25 14:41:49 fetching corpus: 180, signal 11226/62746/80465 (executing program)
2023/03/25 14:41:49 fetching corpus: 180, signal 11226/62746/80740 (executing program)
2023/03/25 14:41:49 fetching corpus: 180, signal 11226/62746/81003 (executing program)
2023/03/25 14:41:49 fetching corpus: 180, signal 11226/62746/81299 (executing program)
2023/03/25 14:41:49 fetching corpus: 180, signal 11226/62746/81588 (executing program)
2023/03/25 14:41:49 fetching corpus: 180, signal 11226/62746/81862 (executing program)
2023/03/25 14:41:49 fetching corpus: 180, signal 11226/62746/82147 (executing program)
2023/03/25 14:41:49 fetching corpus: 180, signal 11226/62746/82430 (executing program)
2023/03/25 14:41:49 fetching corpus: 180, signal 11226/62746/82747 (executing program)
2023/03/25 14:41:49 fetching corpus: 180, signal 11226/62746/83042 (executing program)
2023/03/25 14:41:49 fetching corpus: 180, signal 11226/62746/83336 (executing program)
2023/03/25 14:41:49 fetching corpus: 180, signal 11226/62746/83431 (executing program)
2023/03/25 14:41:49 fetching corpus: 180, signal 11226/62746/83431 (executing program)
2023/03/25 14:41:50 starting 1 fuzzer processes
2023/03/25 14:41:50 ----- generateCall 211 fcntl$setown fcntl$setown
2023/03/25 14:41:50 ----- generateCall 248 fstat fstat
2023/03/25 14:41:50 ----- generateCall 170 dup dup
2023/03/25 14:41:50 ----- generateCall 248 fstat fstat
2023/03/25 14:41:50 ----- generateCall 209 fcntl$setflags fcntl$setflags
2023/03/25 14:41:50 ----- generateCall 194 fchmod fchmod
2023/03/25 14:41:50 ----- generateCall 231 fsetxattr fsetxattr
2023/03/25 14:41:50 ----- generateCall 236 fsetxattr$security_smack_transmute fsetxattr$security_smack_transmute
2023/03/25 14:41:50 ----- generateCall 2462 openat openat
2023/03/25 14:41:50 ----- generateCall 196 fchown fchown
2023/03/25 14:41:50 ----- generateCall 187 faccessat faccessat
2023/03/25 14:41:50 ----- generateCall 242 fsetxattr$trusted_overlay_redirect fsetxattr$trusted_overlay_redirect
2023/03/25 14:41:50 ----- generateCall 199 fcntl$F_GET_RW_HINT fcntl$F_GET_RW_HINT
2023/03/25 14:41:50 ----- generateCall 2374 mkdirat mkdirat
2023/03/25 14:41:50 ----- generateCall 187 faccessat faccessat
2023/03/25 14:41:50 ----- generateCall 203 fcntl$dupfd fcntl$dupfd
2023/03/25 14:41:50 ----- generateCall 122 chown chown
2023/03/25 14:41:50 map[./file0:true]
2023/03/25 14:41:50 HasCrashFail: false, .HasNetFail: false
2023/03/25 14:41:50 prog length: 20
2023/03/25 14:41:50 HasCrashFail:false HasNetFail:false
14:41:50 ---executing program 0:
---
---
---
fcntl$setown(0xffffffffffffffff, 0x8, 0xffffffffffffffff)
fstat(0xffffffffffffffff, &(0x7f0000000000)={0x0, 0x0, 0x0, 0x0, <r0=>0x0, <r1=>0x0})
r2 = dup(0xffffffffffffffff)
fstat(r2, &(0x7f0000000080))
fcntl$setflags(r2, 0x2, 0x1)
fchmod(r2, 0x8)
fsetxattr(r2, &(0x7f0000000100)=@known='com.apple.FinderInfo\x00', &(0x7f0000000140)=')}\x00', 0x3, 0x3)
fsetxattr$security_smack_transmute(r2, &(0x7f0000000180), &(0x7f00000001c0), 0x4, 0x1)
r3 = openat(r2, &(0x7f0000000200)='./file0\x00', 0x32c01, 0x100)
stat(&(0x7f0000000240)='./file0\x00', &(0x7f0000000280)={0x0, 0x0, 0x0, 0x0, 0x0, <r4=>0x0})
fchown(r3, r0, r4)
faccessat(0xffffffffffffffff, &(0x7f0000000300)='./file0\x00', 0x17c)
fsetxattr$trusted_overlay_redirect(r3, &(0x7f0000000340), &(0x7f0000000380)='./file0\x00', 0x8, 0x3)
fcntl$F_GET_RW_HINT(r3, 0x40b, &(0x7f00000003c0))
r5 = open$dir(&(0x7f0000000400)='./file0\x00', 0x20102, 0x1)
mkdirat(r5, &(0x7f0000000440)='./file0\x00', 0x0)
r6 = open(&(0x7f0000000480)='./file0\x00', 0x8000, 0x0)
faccessat(r6, &(0x7f00000004c0)='./file0\x00', 0x87)
fcntl$dupfd(r2, 0x0, r2)
chown(&(0x7f0000000500)='./file0\x00', 0xffffffffffffffff, r1)
---

end of program
2023/03/25 14:41:50 -----run executor: [/usr/bin/ssh -F /dev/null -o ConnectionAttempts=100 -o ConnectTimeout=120 -o UserKnownHostsFile=/dev/null -o BatchMode=yes -o IdentitiesOnly=yes -o StrictHostKeyChecking=no -o ConnectTimeout=100 -i /home/tlyu/dfs-fuzzing/disk-images/beegfs-images/focal.id_rsa root@192.168.0.17 /root/syz-executor exec 0 0 beegfs 3 4 192.168.0.17 0 "1 1 1 1" false true false false false]
2023/03/25 14:41:50 -----run executor: [/usr/bin/ssh -F /dev/null -o ConnectionAttempts=100 -o ConnectTimeout=120 -o UserKnownHostsFile=/dev/null -o BatchMode=yes -o IdentitiesOnly=yes -o StrictHostKeyChecking=no -o ConnectTimeout=100 -i /home/tlyu/dfs-fuzzing/disk-images/beegfs-images/focal.id_rsa root@192.168.0.18 /root/syz-executor exec 0 1 beegfs 3 4 192.168.0.17 0 "1 1 1 1" false true false false false]
2023/03/25 14:41:50 -----run executor: [/usr/bin/ssh -F /dev/null -o ConnectionAttempts=100 -o ConnectTimeout=120 -o UserKnownHostsFile=/dev/null -o BatchMode=yes -o IdentitiesOnly=yes -o StrictHostKeyChecking=no -o ConnectTimeout=100 -i /home/tlyu/dfs-fuzzing/disk-images/beegfs-images/focal.id_rsa root@192.168.0.19 /root/syz-executor exec 0 2 beegfs 3 4 192.168.0.17 0 "1 1 1 1" false true false false false]
2023/03/25 14:41:50 -----run executor: [/usr/bin/ssh -F /dev/null -o ConnectionAttempts=100 -o ConnectTimeout=120 -o UserKnownHostsFile=/dev/null -o BatchMode=yes -o IdentitiesOnly=yes -o StrictHostKeyChecking=no -o ConnectTimeout=100 -i /home/tlyu/dfs-fuzzing/disk-images/beegfs-images/focal.id_rsa root@192.168.0.20 /root/syz-executor exec 1 3 beegfs 3 4 192.168.0.17 0 "1 1 1 1" false true false false false]
Warning: Permanently added '192.168.0.19' (ECDSA) to the list of known hosts.
Warning: Permanently added '192.168.0.18' (ECDSA) to the list of known hosts.
Warning: Permanently added '192.168.0.20' (ECDSA) to the list of known hosts.
Warning: Permanently added '192.168.0.17' (ECDSA) to the list of known hosts.
----- is restarting 0
---- dfs_name beegfs is_dfs_client 1
----- is restarting 0
---- dfs_name beegfs is_dfs_client 0
before receiving handshake request
req.flags e82
[    0.000000] kernel: Linux version 5.4.0 (root@dfs-fuzzing) (gcc version 9.4.0 (Ubuntu 9.4.0-1ubuntu1~20.04.1)) #4 SMP Thu Feb 2 03:06:02 UTC 2023
[    0.000000] kernel: Command line: root=/dev/sda console=ttyS0 net.ifnames=0 ip=192.168.0.20 quiet nokaslr
[    0.000000] kernel: x86/fpu: Supporting XSAVE feature 0x001: 'x87 floating point registers'
[    0.000000] kernel: x86/fpu: Supporting XSAVE feature 0x002: 'SSE registers'
[    0.000000] kernel: x86/fpu: Supporting XSAVE feature 0x004: 'AVX registers'
[    0.000000] kernel: x86/fpu: Supporting XSAVE feature 0x020: 'AVX-512 opmask'
[    0.000000] kernel: x86/fpu: Supporting XSAVE feature 0x040: 'AVX-512 Hi256'
[    0.000000] kernel: x86/fpu: Supporting XSAVE feature 0x080: 'AVX-512 ZMM_Hi256'
[    0.000000] kernel: x86/fpu: Supporting XSAVE feature 0x200: 'Protection Keys User registers'
[    0.000000] kernel: x86/fpu: xstate_offset[2]:  576, xstate_sizes[2]:  256
[    0.000000] kernel: x86/fpu: xstate_offset[5]:  832, xstate_sizes[5]:   64
[    0.000000] kernel: x86/fpu: xstate_offset[6]:  896, xstate_sizes[6]:  512
[    0.000000] kernel: x86/fpu: xstate_offset[7]: 1408, xstate_sizes[7]: 1024
[    0.000000] kernel: x86/fpu: xstate_offset[9]: 2432, xstate_sizes[9]:    8
[    0.000000] kernel: x86/fpu: Enabled xstate features 0x2e7, context size is 2440 bytes, using 'compacted' format.
[    0.000000] kernel: BIOS-provided physical RAM map:
[    0.000000] kernel: BIOS-e820: [mem 0x0000000000000000-0x000000000009fbff] usable
[    0.000000] kernel: BIOS-e820: [mem 0x000000000009fc00-0x000000000009ffff] reserved
[    0.000000] kernel: BIOS-e820: [mem 0x00000000000f0000-0x00000000000fffff] reserved
[    0.000000] kernel: BIOS-e820: [mem 0x0000000000100000-0x00000000bffdffff] usable
[    0.000000] kernel: BIOS-e820: [mem 0x00000000bffe0000-0x00000000bfffffff] reserved
[    0.000000] kernel: BIOS-e820: [mem 0x00000000feffc000-0x00000000feffffff] reserved
[    0.000000] kernel: BIOS-e820: [mem 0x00000000fffc0000-0x000unlink FIFO failed: No such file or directory
[    0.000000] kernel: Linux version 5.4.0 (root@dfs-fuzzing) (gcc version 9.4.0 (Ubuntu 9.4.0-1ubuntu1~20.04.1)) #4 SMP Thu Feb 2 03:06:02 UTC 2023
[    0.000000] kernel: Command line: root=/dev/sda console=ttyS0 net.ifnames=0 ip=192.168.0.19 quiet nokaslr
[    0.000000] kernel: x86/fpu: Supporting XSAVE feature 0x001: 'x87 floating point registers'
[    0.000000] kernel: x86/fpu: Supporting XSAVE feature 0x002: 'SSE registers'
[    0.000000] kernel: x86/fpu: Supporting XSAVE feature 0x004: 'AVX registers'
[    0.000000] kernel: x86/fpu: Supporting XSAVE feature 0x020: 'AVX-512 opmask'
[    0.000000] kernel: x86/fpu: Supporting XSAVE feature 0x040: 'AVX-512 Hi256'
[    0.000000] kernel: x86/fpu: Supporting XSAVE feature 0x080: 'AVX-512 ZMM_Hi256'
[    0.000000] kernel: x86/fpu: Supporting XSAVE feature 0x200: 'Protection Keys User registers'
[    0.000000] kernel: x86/fpu: xstate_offset[2]:  576, xstate_sizes[2]:  256
[    0.000000] kernel: x86/fpu: xstate_offset[5]:  832, xstate_siz00000ffffffff] reserved
[    0.000000] kernel: BIOS-e820: [mem 0x0000000100000000-0x00000002bfffffff] usable
[    0.000000] kernel: NX (Execute Disable) protection: active
[    0.000000] kernel: SMBIOS 2.8 present.
[    0.000000] kernel: DMI: QEMU Standard PC (i440FX + PIIX, 1996), BIOS 1.13.0-1ubuntu1.1 04/01/2014
[    0.000000] kernel: Hypervisor detected: KVM
[    0.000000] kernel: kvm-clock: Using msrs 4b564d01 and 4b564d00
[    0.000002] kernel: kvm-clock: cpu 0, msr 57da001, primary cpu clock
[    0.000002] kernel: kvm-clock: using sched offset of 559181180 cycles
[    0.000009] kernel: clocksource: kvm-clock: mask: 0xffffffffffffffff max_cycles: 0x1cd42e4dffb, max_idle_ns: 881590591483 ns
[    0.000013] kernel: tsc: Detected 2593.906 MHz processor
[    0.004917] kernel: e820: update [mem 0x00000000-0x00000fff] usable ==> reserved
[    0.004923] kernel: e820: remove [mem 0x000a0000-0x000fffff] usable
[    0.004934] kernel: last_pfn = 0x2c0000 max_arch_pfn = 0x10000000000
[    0.es[5]:   64
[    0.000000] kernel: x86/fpu: xstate_offset[6]:  896, xstate_sizes[6]:  512
[    0.000000] kernel: x86/fpu: xstate_offset[7]: 1408, xstate_sizes[7]: 1024
[    0.000000] kernel: x86/fpu: xstate_offset[9]: 2432, xstate_sizes[9]:    8
[    0.000000] kernel: x86/fpu: Enabled xstate features 0x2e7, context size is 2440 bytes, using 'compacted' format.
[    0.000000] kernel: BIOS-provided physical RAM map:
[    0.000000] kernel: BIOS-e820: [mem 0x0000000000000000-0x000000000009fbff] usable
[    0.000000] kernel: BIOS-e820: [mem 0x000000000009fc00-0x000000000009ffff] reserved
[    0.000000] kernel: BIOS-e820: [mem 0x00000000000f0000-0x00000000000fffff] reserved
[    0.000000] kernel: BIOS-e820: [mem 0x0000000000100000-0x00000000bffdffff] usable
[    0.000000] kernel: BIOS-e820: [mem 0x00000000bffe0000-0x00000000bfffffff] reserved
[    0.000000] kernel: BIOS-e820: [mem 0x00000000feffc000-0x00000000feffffff] reserved
[    0.000000] kernel: BIOS-e820: [mem 0x00000000fffc0000-0x000004978] kernel: MTRR default type: write-back
[    0.004979] kernel: MTRR fixed ranges enabled:
[    0.004983] kernel:   00000-9FFFF write-back
[    0.004986] kernel:   A0000-BFFFF uncachable
[    0.004990] kernel:   C0000-FFFFF write-protect
[    0.004992] kernel: MTRR variable ranges enabled:
[    0.004997] kernel:   0 base 00C0000000 mask FFC0000000 uncachable
[    0.004999] kernel:   1 disabled
[    0.005000] kernel:   2 disabled
[    0.005001] kernel:   3 disabled
[    0.005003] kernel:   4 disabled
[    0.005004] kernel:   5 disabled
[    0.005006] kernel:   6 disabled
[    0.005007] kernel:   7 disabled
[    0.005020] kernel: x86/PAT: Configuration [0-7]: WB  WC  UC- UC  WB  WP  UC- WT  
[    0.005029] kernel: last_pfn = 0xbffe0 max_arch_pfn = 0x10000000000
[    0.012956] kernel: found SMP MP-table at [mem 0x000f5c80-0x000f5c8f]
[    0.013033] kernel: check: Scanning 1 areas for low memory corruption
[    0.013078] kernel: Using GB pages for direct mapping
[    0.013085] kernel: BRK [0x06201000, 0x06201fff] PGTABLE
[    0.013090] kernel: BRK [0x06202000, 0x06202fff] PGTABLE
[    0.013093] kernel: BRK [0x06203000, 0x06203fff] PGTABLE
[    0.013096] kernel: BRK [0x06204000, 0x06204fff] PGTABLE
[    0.014142] kernel: ACPI: Early table checksum verification disabled
[    0.014153] kernel: ACPI: RSDP 0x00000000000F5A50 000014 (v00 BOCHS )
[    0.014168] kernel: ACPI: RSDT 0x00000000BFFE15C9 000030 (v01 BOCHS  BXPCRSDT 00000001 BXPC 00000001)
[    0.014185] kernel: ACPI: FACP 0x00000000BFFE149D 000074 (v01 BOCHS  BXPCFACP 00000001 BXPC 00000001)
[    0.014205] kernel: ACPI: DSDT 0x00000000BFFE0040 00145D (v01 BOCHS  BXPCDSDT 00000001 BXPC 00000001)
[    0.014217] kernel: ACPI: FACS 0x00000000BFFE0000 000040
[    0.014226] kernel: ACPI: APIC 0x00000000BFFE1511 000080 (v01 BOCHS  BXPCAPIC 00000001 BXPC 00000001)
[    0.014239] kernel: ACPI: HPET 0x00000000BFFE1591 000038 (v01 BOCHS  BXPCHPET 00000001 BXPC 00000001)
[    0.014261] kernel: ACPI: Local APIC address 0xfee00000
[    0.015054] kernel: No NUMA configuration found
[    0.015057] kernel: Faking a node at [mem 0x0000000000000000-0x00000002bfffffff]
[    0.015071] kernel: NODE_DATA(0) allocated [mem 0x2bfffa000-0x2bfffdfff]
[    0.018590] kernel: Zone ranges:
[    0.018594] kernel:   DMA      [mem 0x0000000000001000-0x0000000000ffffff]
[    0.018599] kernel:   DMA32    [mem 0x0000000001000000-0x00000000ffffffff]
[    0.018603] kernel:   Normal   [mem 0x0000000100000000-0x00000002bfffffff]
[    0.018606] kernel: Movable zone start for each node
[    0.018608] kernel: Early memory node ranges
[    0.018611] kernel:   node   0: [mem 0x0000000000001000-0x000000000009efff]
[    0.018615] kernel:   node   0: [mem 0x0000000000100000-0x00000000bffdffff]
[    0.018620] kernel:   node   0: [mem 0x0000000100000000-0x00000002bfffffff]
[    0.019460] kernel: Zeroed struct page in unavailable ranges: 130 pages
[    0.019466] kernel: Initmem setup node 0 [mem 0x0000000000001000-0x00000002bfffffff]
[    0.019471] kernel: On node 0 totalpages: 2621310
[    0.019474] kernel:   DMA zone: 64 pages used for memmap
[    0.019476] kernel:   DMA zone: 21 pages reserved
[    0.019479] kernel:   DMA zone: 3998 pages, LIFO batch:0
[    0.019691] kernel:   DMA32 zone: 12224 pages used for memmap
[    0.019694] kernel:   DMA32 zone: 782304 pages, LIFO batch:63
[    0.064086] kernel:   Normal zone: 28672 pages used for memmap
[    0.064092] kernel:   Normal zone: 1835008 pages, LIFO batch:63
[    0.549800] kernel: kasan: KernelAddressSanitizer initialized
[    0.550196] kernel: ACPI: PM-Timer IO Port: 0x608
[    0.550202] kernel: ACPI: Local APIC address 0xfee00000
[    0.550219] kernel: ACPI: LAPIC_NMI (acpi_id[0xff] dfl dfl lint[0x1])
[    0.550259] kernel: IOAPIC[0]: apic_id 0, version 17, address 0xfec00000, GSI 0-23
[    0.550267] kernel: ACPI: INT_SRC_OVR (bus 0 bus_irq 0 global_irq 2 dfl dfl)
[    0.550272] kernel: ACPI: INT_SRC_OVR (bus 0 bus_irq 5 global_irq 5 high level)
[    0.550276] kernel: ACPI: INT_SRC_OVR (bus 0 bus_irq 9 global_irq 9 high level)
[    0.550280] kernel: ACPI: INT_SRC_OVR (bus 0 bus_irq 10 global_irq 10 high level)
[    0.550284] kernel: ACPI: INT_SRC_OVR (bus 0 bus_irq 11 global_irq 11 high level)
[    0.550288] kernel: ACPI: IRQ0 used by override.
[    0.550291] kernel: ACPI: IRQ5 used by override.
[    0.550294] kernel: ACPI: IRQ9 used by override.
[    0.550296] kernel: ACPI: IRQ10 used by override.
[    0.550298] kernel: ACPI: IRQ11 used by override.
[    0.550304] kernel: Using ACPI (MADT) for SMP configuration information
[    0.550308] kernel: ACPI: HPET id: 0x8086a201 base: 0xfed00000
[    0.550318] kernel: smpboot: Allowing 2 CPUs, 0 hotplug CPUs
[    0.550340] kernel: KVM setup pv sched yield
[    0.550373] kernel: PM: Registered nosave memory: [mem 0x00000000-0x00000fff]
[    0.550379] kernel: PM: Registered nosave memory: [mem 0x0009f000-0x0009ffff]
[    0.550382] kernel: PM: Registered nosave memory: [mem 0x000a0000-0x000effff]
[   ----- is restarting 0
---- dfs_name beegfs is_dfs_client 0
 0.550384] kernel: PM: Registered nosave memory: [mem 0x000f0000-0x000fffff]
[    0.550390] kernel: PM: Registered nosave memory: [mem 0xbffe0000-0xbfffffff]
[    0.550393] kernel: PM: Registered nosave memory: [mem 0xc0000000-0xfeffbfff]
[    0.550396] kernel: PM: Registered nosave memory: [mem 0xfeffc000-0xfeffffff]
[    0.550398] kernel: PM: Registered nosave memory: [mem 0xff000000-0xfffbffff]
[    0.550401] kernel: PM: Registered nosave memory: [mem 0xfffc0000-0xffffffff]
[    0.550407] kernel: [mem 0xc0000000-0xfeffbfff] available for PCI devices
[    0.550409] kernel: Booting paravirtualized kernel on KVM
[    0.550416] kernel: clocksource: refined-jiffies: mask: 0xffffffff max_cycles: 0xffffffff, max_idle_ns: 1910969940391419 ns
[    1.105123] kernel: setup_percpu: NR_CPUS:64 nr_cpumask_bits:64 nr_cpu_ids:2 nr_node_ids:1
[    1.105743] kernel: percpu: Embedded 59 pages/cpu s204504 r8192 d28968 u1048576
[    1.105768] kernel: pcpu-alloc: s204504 r8192 d28968 u1048576 alloc=1*20----- is restarting 0
---- dfs_name beegfs is_dfs_client 0
97152
[    1.105770] kernel: pcpu-alloc: [0] 0 1 
[    1.105844] kernel: KVM setup async PF for cpu 0
[    1.105852] kernel: kvm-stealtime: cpu 0, msr 26501f1c0
[    1.105860] kernel: Built 1 zonelists, mobility grouping on.  Total pages: 2580329
[    1.105861] kernel: Policy zone: Normal
[    1.105866] kernel: Kernel command line: root=/dev/sda console=ttyS0 net.ifnames=0 ip=192.168.0.20 quiet nokaslr
[    1.111870] kernel: Dentry cache hash table entries: 2097152 (order: 12, 16777216 bytes, linear)
[    1.114311] kernel: Inode-cache hash table entries: 1048576 (order: 11, 8388608 bytes, linear)
[    1.114412] kernel: mem auto-init: stack:off, heap alloc:off, heap free:off
[    1.323389] kernel: Memory: 8822144K/10485240K available (43013K kernel code, 11267K rwdata, 6524K rodata, 2108K init, 10528K bss, 1663096K reserved, 0K cma-reserved)
[    1.325922] kernel: SLUB: HWalign=64, Order=0-3, MinObjects=0, CPUs=2, Nodes=1
[    1.326610] kernel: rcu: Hierarchical RCU implementation.
[  unlink FIFO failed: No such file or directory
[    0.000000] kernel: Linux version 5.4.0 (root@dfs-fuzzing) (gcc version 9.4.0 (Ubuntu 9.4.0-1ubuntu1~20.04.1)) #4 SMP Thu Feb 2 03:06:02 UTC 2023
[    0.000000] kernel: Command line: root=/dev/sda console=ttyS0 net.ifnames=0 ip=192.168.0.17 quiet nokaslr
[    0.000000] kernel: x86/fpu: Supporting XSAVE feature 0x001: 'x87 floating point registers'
[    0.000000] kernel: x86/fpu: Supporting XSAVE feature 0x002: 'SSE registers'
[    0.000000] kernel: x86/fpu: Supporting XSAVE feature 0x004: 'AVX registers'
[    0.000000] kernel: x86/fpu: Supporting XSAVE feature 0x020: 'AVX-512 opmask'
[    0.000000] kernel: x86/fpu: Supporting XSAVE feature 0x040: 'AVX-512 Hi256'
[    0.000000] kernel: x86/fpu: Supporting XSAVE feature 0x080: 'AVX-512 ZMM_Hi256'
[    0.000000] kernel: x86/fpu: Supporting XSAVE feature 0x200: 'Protection Keys User registers'
[    0.000000] kernel: x86/fpu: xstate_offset[2]:  576, xstate_sizes[2]:  256
[    0.000000] kernel: x86/fpu: xstate_offset[5]:  832, xstate_siz  1.326612] kernel: rcu:         RCU event tracing is enabled.
[    1.326616] kernel: rcu:         RCU restricting CPUs from NR_CPUS=64 to nr_cpu_ids=2.
[    1.326620] kernel: rcu: RCU calculated value of scheduler-enlistment delay is 100 jiffies.
[    1.326623] kernel: rcu: Adjusting geometry for rcu_fanout_leaf=16, nr_cpu_ids=2
[    1.328609] kernel: NR_IRQS: 4352, nr_irqs: 440, preallocated irqs: 16
[    1.328990] kernel: random: get_random_bytes called from start_kernel+0x43f/0x85d with crng_init=0
[    1.333022] kernel: Console: colour VGA+ 80x25
[    1.333096] kernel: printk: console [ttyS0] enabled
[    1.333131] kernel: ACPI: Core revision 20190816
[    1.333458] kernel: clocksource: hpet: mask: 0xffffffff max_cycles: 0xffffffff, max_idle_ns: 19112604467 ns
[    1.333582] kernel: APIC: Switch to symmetric I/O mode setup
[    1.333586] kernel: KVM setup pv IPIs
[    1.334796] kernel: ..TIMER: vector=0x30 apic1=0 pin1=2 apic2=-1 pin2=-1
[    1.334825] kernel: clocksource: tsc-eaexecutor 2 finishes userspace_cover_open
before receiving handshake request
req.flags e82
----- executor 2 do_sandbox_none at begining
----- executor 2 do_sandbox_none before fork()
00000ffffffff] reserved
[    0.000000] kernel: BIOS-e820: [mem 0x0000000100000000-0x00000002bfffffff] usable
[    0.000000] kernel: NX (Execute Disable) protection: active
[    0.000000] kernel: SMBIOS 2.8 present.
[    0.000000] kernel: DMI: QEMU Standard PC (i440FX + PIIX, 1996), BIOS 1.13.0-1ubuntu1.1 04/01/2014
[    0.000000] kernel: Hypervisor detected: KVM
[    0.000000] kernel: kvm-clock: Using msrs 4b564d01 and 4b564d00
[    0.000002] kernel: kvm-clock: cpu 0, msr 57da001, primary cpu clock
[    0.000002] kernel: kvm-clock: using sched offset of 558421277 cycles
[    0.000008] kernel: clocksource: kvm-clock: mask: 0xffffffffffffffff max_cycles: 0x1cd42e4dffb, max_idle_ns: 881590591483 ns
[    0.000013] kernel: tsc: Detected 2593.906 MHz processor
[    0.004828] kernel: e820: update [mem 0x00000000-0x00000fff] usable ==> reserved
[    0.004833] kernel: e820: remove [mem 0x000a0000-0x000fffff] usable
[    0.004844] kernel: last_pfn = 0x2c0000 max_arch_pfn = 0x10000000000
[    0.unlink FIFO failed: No such file or directory
[    0.000000] kernel: Linux version 5.4.0 (root@dfs-fuzzing) (gcc version 9.4.0 (Ubuntu 9.4.0-1ubuntu1~20.04.1)) #4 SMP Thu Feb 2 03:06:02 UTC 2023
[    0.000000] kernel: Command line: root=/dev/sda console=ttyS0 net.ifnames=0 ip=192.168.0.18 quiet nokaslr
[    0.000000] kernel: x86/fpu: Supporting XSAVE feature 0x001: 'x87 floating point registers'
[    0.000000] kernel: x86/fpu: Supporting XSAVE feature 0x002: 'SSE registers'
[    0.000000] kernel: x86/fpu: Supporting XSAVE feature 0x004: 'AVX registers'
[    0.000000] kernel: x86/fpu: Supporting XSAVE feature 0x020: 'AVX-512 opmask'
[    0.000000] kernel: x86/fpu: Supporting XSAVE feature 0x040: 'AVX-512 Hi256'
[    0.000000] kernel: x86/fpu: Supporting XSAVE feature 0x080: 'AVX-512 ZMM_Hi256'
[    0.000000] kernel: x86/fpu: Supporting XSAVE feature 0x200: 'Protection Keys User registers'
[    0.000000] kernel: x86/fpu: xstate_offset[2]:  576, xstate_sizes[2]:  256
[    0.000000] kernel: x86/fpu: xstate_offset[5]:  832, xstate_sizrly: mask: 0xffffffffffffffff max_cycles: 0x2563bf907c6, max_idle_ns: 440795319401 ns
[    1.334833] kernel: Calibrating delay loop (skipped) preset value.. 5187.81 BogoMIPS (lpj=2593906)
[    1.334839] kernel: pid_max: default: 32768 minimum: 301
[    1.334925] kernel: LSM: Security Framework initializing
[    1.335536] kernel: SELinux:  Initializing.
[    1.335961] kernel: Mount-cache hash table entries: 32768 (order: 6, 262144 bytes, linear)
[    1.335999] kernel: Mountpoint-cache hash table entries: 32768 (order: 6, 262144 bytes, linear)
[    1.338183] kernel: x86/cpu: User Mode Instruction Prevention (UMIP) activated
[    1.338339] kernel: Last level iTLB entries: 4KB 0, 2MB 0, 4MB 0
[    1.338342] kernel: Last level dTLB entries: 4KB 0, 2MB 0, 4MB 0, 1GB 0
[    1.338358] kernel: Spectre V1 : Mitigation: usercopy/swapgs barriers and __user pointer sanitization
[    1.338367] kernel: Spectre V2 : Mitigation: Enhanced IBRS
[    1.338369] kernel: Spectre V2 : Spectre v2 / SpectreRSB004888] kernel: MTRR default type: write-back
[    0.004889] kernel: MTRR fixed ranges enabled:
[    0.004893] kernel:   00000-9FFFF write-back
[    0.004896] kernel:   A0000-BFFFF uncachable
[    0.004901] kernel:   C0000-FFFFF write-protect
[    0.004902] kernel: MTRR variable ranges enabled:
[    0.004907] kernel:   0 base 00C0000000 mask FFC0000000 uncachable
[    0.004909] kernel:   1 disabled
[    0.004910] kernel:   2 disabled
[    0.004912] kernel:   3 disabled
[    0.004913] kernel:   4 disabled
[    0.004914] kernel:   5 disabled
[    0.004916] kernel:   6 disabled
[    0.004917] kernel:   7 disabled
[    0.004930] kernel: x86/PAT: Configuration [0-7]: WB  WC  UC- UC  WB  WP  UC- WT  
[    0.004939] kernel: last_pfn = 0xbffe0 max_arch_pfn = 0x10000000000
[    0.012860] kernel: found SMP MP-table at [mem 0x000f5c80-0x000f5c8f]
[    0.012932] kernel: check: Scanning 1 areas for low memory corruption
[    0.012970] kernel: Using GB pages for direct mapping
[    0.012977] kerneles[5]:   64
[    0.000000] kernel: x86/fpu: xstate_offset[6]:  896, xstate_sizes[6]:  512
[    0.000000] kernel: x86/fpu: xstate_offset[7]: 1408, xstate_sizes[7]: 1024
[    0.000000] kernel: x86/fpu: xstate_offset[9]: 2432, xstate_sizes[9]:    8
[    0.000000] kernel: x86/fpu: Enabled xstate features 0x2e7, context size is 2440 bytes, using 'compacted' format.
[    0.000000] kernel: BIOS-provided physical RAM map:
[    0.000000] kernel: BIOS-e820: [mem 0x0000000000000000-0x000000000009fbff] usable
[    0.000000] kernel: BIOS-e820: [mem 0x000000000009fc00-0x000000000009ffff] reserved
[    0.000000] kernel: BIOS-e820: [mem 0x00000000000f0000-0x00000000000fffff] reserved
[    0.000000] kernel: BIOS-e820: [mem 0x0000000000100000-0x00000000bffdffff] usable
[    0.000000] kernel: BIOS-e820: [mem 0x00000000bffe0000-0x00000000bfffffff] reserved
[    0.000000] kernel: BIOS-e820: [mem 0x00000000feffc000-0x00000000feffffff] reserved
[    0.000000] kernel: BIOS-e820: [mem 0x00000000fffc0000-0x000es[5]:   64
[    0.000000] kernel: x86/fpu: xstate_offset[6]:  896, xstate_sizes[6]:  512
[    0.000000] kernel: x86/fpu: xstate_offset[7]: 1408, xstate_sizes[7]: 1024
[    0.000000] kernel: x86/fpu: xstate_offset[9]: 2432, xstate_sizes[9]:    8
[    0.000000] kernel: x86/fpu: Enabled xstate features 0x2e7, context size is 2440 bytes, using 'compacted' format.
[    0.000000] kernel: BIOS-provided physical RAM map:
[    0.000000] kernel: BIOS-e820: [mem 0x0000000000000000-0x000000000009fbff] usable
[    0.000000] kernel: BIOS-e820: [mem 0x000000000009fc00-0x000000000009ffff] reserved
[    0.000000] kernel: BIOS-e820: [mem 0x00000000000f0000-0x00000000000fffff] reserved
[    0.000000] kernel: BIOS-e820: [mem 0x0000000000100000-0x00000000bffdffff] usable
[    0.000000] kernel: BIOS-e820: [mem 0x00000000bffe0000-0x00000000bfffffff] reserved
[    0.000000] kernel: BIOS-e820: [mem 0x00000000feffc000-0x00000000feffffff] reserved
[    0.000000] kernel: BIOS-e820: [mem 0x00000000fffc0000-0x000 mitigation: Filling RSB on context switch
[    1.338374] kernel: Spectre V2 : mitigation: Enabling conditional Indirect Branch Prediction Barrier
[    1.338380] kernel: Speculative Store Bypass: Mitigation: Speculative Store Bypass disabled via prctl and seccomp
[    1.338383] kernel: TAA: Mitigation: TSX disabled
[    1.340530] kernel: Freeing SMP alternatives memory: 36K
[    1.341038] kernel: TSC deadline timer enabled
[    1.341049] kernel: smpboot: CPU0: Intel(R) Xeon(R) Gold 6348 CPU @ 2.60GHz (family: 0x6, model: 0x6a, stepping: 0x6)
[    1.341356] kernel: Performance Events: Icelake events, 32-deep LBR, full-width counters, Intel PMU driver.
[    1.341455] kernel: ... version:                2
[    1.341457] kernel: ... bit width:              48
[    1.341459] kernel: ... generic registers:      8
[    1.341462] kernel: ... value mask:             0000ffffffffffff
[    1.341464] kernel: ... max period:             00007fffffffffff
[    1.341465] kernel: ... fixed-purpose eve: BRK [0x06201000, 0x06201fff] PGTABLE
[    0.012981] kernel: BRK [0x06202000, 0x06202fff] PGTABLE
[    0.012984] kernel: BRK [0x06203000, 0x06203fff] PGTABLE
[    0.012987] kernel: BRK [0x06204000, 0x06204fff] PGTABLE
[    0.014026] kernel: ACPI: Early table checksum verification disabled
[    0.014036] kernel: ACPI: RSDP 0x00000000000F5A50 000014 (v00 BOCHS )
[    0.014049] kernel: ACPI: RSDT 0x00000000BFFE15C9 000030 (v01 BOCHS  BXPCRSDT 00000001 BXPC 00000001)
[    0.014066] kernel: ACPI: FACP 0x00000000BFFE149D 000074 (v01 BOCHS  BXPCFACP 00000001 BXPC 00000001)
[    0.014085] kernel: ACPI: DSDT 0x00000000BFFE0040 00145D (v01 BOCHS  BXPCDSDT 00000001 BXPC 00000001)
[    0.014098] kernel: ACPI: FACS 0x00000000BFFE0000 000040
[    0.014107] kernel: ACPI: APIC 0x00000000BFFE1511 000080 (v01 BOCHS  BXPCAPIC 00000001 BXPC 00000001)
[    0.014119] kernel: ACPI: HPET 0x00000000BFFE1591 000038 (v01 BOCHS  BXPCHPET 00000001 BXPC 00000001)
[    0.014140] kernel: ACPI: Local APIC address 0x00000ffffffff] reserved
[    0.000000] kernel: BIOS-e820: [mem 0x0000000100000000-0x00000002bfffffff] usable
[    0.000000] kernel: NX (Execute Disable) protection: active
[    0.000000] kernel: SMBIOS 2.8 present.
[    0.000000] kernel: DMI: QEMU Standard PC (i440FX + PIIX, 1996), BIOS 1.13.0-1ubuntu1.1 04/01/2014
[    0.000000] kernel: Hypervisor detected: KVM
[    0.000000] kernel: kvm-clock: Using msrs 4b564d01 and 4b564d00
[    0.000002] kernel: kvm-clock: cpu 0, msr 57da001, primary cpu clock
[    0.000002] kernel: kvm-clock: using sched offset of 562641808 cycles
[    0.000009] kernel: clocksource: kvm-clock: mask: 0xffffffffffffffff max_cycles: 0x1cd42e4dffb, max_idle_ns: 881590591483 ns
[    0.000013] kernel: tsc: Detected 2593.906 MHz processor
[    0.004833] kernel: e820: update [mem 0x00000000-0x00000fff] usable ==> reserved
[    0.004839] kernel: e820: remove [mem 0x000a0000-0x000fffff] usable
[    0.004850] kernel: last_pfn = 0x2c0000 max_arch_pfn = 0x10000000000
[    0.nts:   3
[    1.341467] kernel: ... event mask:             00000007000000ff
[    1.341926] kernel: rcu: Hierarchical SRCU implementation.
[    1.342512] kernel: smp: Bringing up secondary CPUs ...
[    1.342778] kernel: x86: Booting SMP configuration:
[    1.342781] kernel: .... node  #0, CPUs:      #1
[    0.005930] kernel: kvm-clock: cpu 1, msr 57da041, secondary cpu clock
[    0.005930] kernel: smpboot: CPU 1 Converting physical 0 to logical die 1
[    1.343865] kernel: KVM setup async PF for cpu 1
[    1.343873] kernel: kvm-stealtime: cpu 1, msr 26511f1c0
[    1.343883] kernel: smp: Brought up 1 node, 2 CPUs
[    1.343883] kernel: smpboot: Max logical packages: 2
[    1.343883] kernel: smpboot: Total of 2 processors activated (10375.62 BogoMIPS)
[    1.344908] kernel: devtmpfs: initialized
[    1.350266] kernel: clocksource: jiffies: mask: 0xffffffff max_cycles: 0xffffffff, max_idle_ns: 1911260446275000 ns
[    1.350275] kernel: futex hash table entries: 512 (order: 3, 32768 bytefee00000
[    0.014930] kernel: No NUMA configuration found
[    0.014934] kernel: Faking a node at [mem 0x0000000000000000-0x00000002bfffffff]
[    0.014947] kernel: NODE_DATA(0) allocated [mem 0x2bfffa000-0x2bfffdfff]
[    0.015490] kernel: Zone ranges:
[    0.015492] kernel:   DMA      [mem 0x0000000000001000-0x0000000000ffffff]
[    0.015497] kernel:   DMA32    [mem 0x0000000001000000-0x00000000ffffffff]
[    0.015501] kernel:   Normal   [mem 0x0000000100000000-0x00000002bfffffff]
[    0.015504] kernel: Movable zone start for each node
[    0.015506] kernel: Early memory node ranges
[    0.015509] kernel:   node   0: [mem 0x0000000000001000-0x000000000009efff]
[    0.015513] kernel:   node   0: [mem 0x0000000000100000-0x00000000bffdffff]
[    0.015518] kernel:   node   0: [mem 0x0000000100000000-0x00000002bfffffff]
[    0.016304] kernel: Zeroed struct page in unavailable ranges: 130 pages
[    0.016309] kernel: Initmem setup node 0 [mem 0x0000000000001000-0x00000002bfffffff]
[    00000ffffffff] reserved
[    0.000000] kernel: BIOS-e820: [mem 0x0000000100000000-0x00000002bfffffff] usable
[    0.000000] kernel: NX (Execute Disable) protection: active
[    0.000000] kernel: SMBIOS 2.8 present.
[    0.000000] kernel: DMI: QEMU Standard PC (i440FX + PIIX, 1996), BIOS 1.13.0-1ubuntu1.1 04/01/2014
[    0.000000] kernel: Hypervisor detected: KVM
[    0.000000] kernel: kvm-clock: Using msrs 4b564d01 and 4b564d00
[    0.000001] kernel: kvm-clock: cpu 0, msr 57da001, primary cpu clock
[    0.000001] kernel: kvm-clock: using sched offset of 471117478 cycles
[    0.000006] kernel: clocksource: kvm-clock: mask: 0xffffffffffffffff max_cycles: 0x1cd42e4dffb, max_idle_ns: 881590591483 ns
[    0.000010] kernel: tsc: Detected 2593.906 MHz processor
[    0.003717] kernel: e820: update [mem 0x00000000-0x00000fff] usable ==> reserved
[    0.003721] kernel: e820: remove [mem 0x000a0000-0x000fffff] usable
[    0.003729] kernel: last_pfn = 0x2c0000 max_arch_pfn = 0x10000000000
[    0.004893] kernel: MTRR default type: write-back
[    0.004895] kernel: MTRR fixed ranges enabled:
[    0.004899] kernel:   00000-9FFFF write-back
[    0.004902] kernel:   A0000-BFFFF uncachable
[    0.004906] kernel:   C0000-FFFFF write-protect
[    0.004908] kernel: MTRR variable ranges enabled:
[    0.004913] kernel:   0 base 00C0000000 mask FFC0000000 uncachable
[    0.004914] kernel:   1 disabled
[    0.004916] kernel:   2 disabled
[    0.004917] kernel:   3 disabled
[    0.004918] kernel:   4 disabled
[    0.004920] kernel:   5 disabled
[    0.004921] kernel:   6 disabled
[    0.004923] kernel:   7 disabled
[    0.004935] kernel: x86/PAT: Configuration [0-7]: WB  WC  UC- UC  WB  WP  UC- WT  
[    0.004944] kernel: last_pfn = 0xbffe0 max_arch_pfn = 0x10000000000
[    0.012869] kernel: found SMP MP-table at [mem 0x000f5c80-0x000f5c8f]
[    0.012941] kernel: check: Scanning 1 areas for low memory corruption
[    0.012986] kernel: Using GB pages for direct mapping
[    0.012993] kernel0.016314] kernel: On node 0 totalpages: 2621310
[    0.016317] kernel:   DMA zone: 64 pages used for memmap
[    0.016319] kernel:   DMA zone: 21 pages reserved
[    0.016322] kernel:   DMA zone: 3998 pages, LIFO batch:0
[    0.016531] kernel:   DMA32 zone: 12224 pages used for memmap
[    0.016534] kernel:   DMA32 zone: 782304 pages, LIFO batch:63
[    0.060603] kernel:   Normal zone: 28672 pages used for memmap
[    0.060609] kernel:   Normal zone: 1835008 pages, LIFO batch:63
[    0.547850] kernel: kasan: KernelAddressSanitizer initialized
[    0.548245] kernel: ACPI: PM-Timer IO Port: 0x608
[    0.548252] kernel: ACPI: Local APIC address 0xfee00000
[    0.548268] kernel: ACPI: LAPIC_NMI (acpi_id[0xff] dfl dfl lint[0x1])
[    0.548314] kernel: IOAPIC[0]: apic_id 0, version 17, address 0xfec00000, GSI 0-23
[    0.548321] kernel: ACPI: INT_SRC_OVR (bus 0 bus_irq 0 global_irq 2 dfl dfl)
[    0.548326] kernel: ACPI: INT_SRC_OVR (bus 0 bus_irq 5 global_irq 5 high level)
[    0.548330] kbefore receive testcase: 0 1
s, linear)
[    1.350906] kernel: PM: RTC time: 13:41:37, date: 2023-03-25
[    1.351386] kernel: NET: Registered protocol family 16
[    1.352149] kernel: audit: initializing netlink subsys (disabled)
[    1.352222] kernel: audit: type=2000 audit(1679751697.875:1): state=initialized audit_enabled=0 res=1
[    1.352959] kernel: cpuidle: using governor menu
[    1.353148] kernel: KVM setup pv remote TLB flush
[    1.353151] kernel: ACPI: bus type PCI registered
[    1.353504] kernel: PCI: Using configuration type 1 for base access
[    1.374023] kernel: HugeTLB registered 2.00 MiB page size, pre-allocated 0 pages
[    1.374027] kernel: cryptomgr_test (25) used greatest stack depth: 30984 bytes left
[    1.374027] kernel: kworker/u4:0 (27) used greatest stack depth: 28296 bytes left
[    1.380034] kernel: ACPI: Added _OSI(Module Device)
[    1.380037] kernel: ACPI: Added _OSI(Processor Device)
[    1.380039] kernel: ACPI: Added _OSI(3.0 _SCP Extensions)
[    1.380041] kernel: ACPI: Adde: BRK [0x06201000, 0x06201fff] PGTABLE
[    0.012997] kernel: BRK [0x06202000, 0x06202fff] PGTABLE
[    0.013000] kernel: BRK [0x06203000, 0x06203fff] PGTABLE
[    0.013003] kernel: BRK [0x06204000, 0x06204fff] PGTABLE
[    0.013997] kernel: ACPI: Early table checksum verification disabled
[    0.014008] kernel: ACPI: RSDP 0x00000000000F5A50 000014 (v00 BOCHS )
[    0.014022] kernel: ACPI: RSDT 0x00000000BFFE15C9 000030 (v01 BOCHS  BXPCRSDT 00000001 BXPC 00000001)
[    0.014039] kernel: ACPI: FACP 0x00000000BFFE149D 000074 (v01 BOCHS  BXPCFACP 00000001 BXPC 00000001)
[    0.014058] kernel: ACPI: DSDT 0x00000000BFFE0040 00145D (v01 BOCHS  BXPCDSDT 00000001 BXPC 00000001)
[    0.014070] kernel: ACPI: FACS 0x00000000BFFE0000 000040
[    0.014079] kernel: ACPI: APIC 0x00000000BFFE1511 000080 (v01 BOCHS  BXPCAPIC 00000001 BXPC 00000001)
[    0.014092] kernel: ACPI: HPET 0x00000000BFFE1591 000038 (v01 BOCHS  BXPCHPET 00000001 BXPC 00000001)
[    0.014113] kernel: ACPI: Local APIC address 0xd _OSI(Processor Aggregator Device)
[    1.380053] kernel: ACPI: Added _OSI(Linux-Dell-Video)
[    1.380062] kernel: ACPI: Added _OSI(Linux-Lenovo-NV-HDMI-Audio)
[    1.380072] kernel: ACPI: Added _OSI(Linux-HPI-Hybrid-Graphics)
[    1.398671] kernel: ACPI: 1 ACPI AML tables successfully acquired and loaded
[    1.404475] kernel: ACPI: Interpreter enabled
[    1.404593] kernel: ACPI: (supports S0 S3 S4 S5)
[    1.404596] kernel: ACPI: Using IOAPIC for interrupt routing
[    1.404684] kernel: PCI: Using host bridge windows from ACPI; if necessary, use "pci=nocrs" and report a bug
[    1.406285] kernel: ACPI: Enabled 2 GPEs in block 00 to 0F
[    1.453249] kernel: ACPI: PCI Root Bridge [PCI0] (domain 0000 [bus 00-ff])
[    1.453280] kernel: acpi PNP0A03:00: _OSC: OS supports [ASPM ClockPM Segments MSI HPX-Type3]
[    1.453457] kernel: acpi PNP0A03:00: fail to add MMCONFIG information, can't access extended PCI configuration space under this bridge.
[    1.453851] kernel: PCI host bridgefee00000
[    0.014901] kernel: No NUMA configuration found
[    0.014904] kernel: Faking a node at [mem 0x0000000000000000-0x00000002bfffffff]
[    0.014918] kernel: NODE_DATA(0) allocated [mem 0x2bfffa000-0x2bfffdfff]
[    0.015501] kernel: Zone ranges:
[    0.015504] kernel:   DMA      [mem 0x0000000000001000-0x0000000000ffffff]
[    0.015508] kernel:   DMA32    [mem 0x0000000001000000-0x00000000ffffffff]
[    0.015512] kernel:   Normal   [mem 0x0000000100000000-0x00000002bfffffff]
[    0.015516] kernel: Movable zone start for each node
[    0.015517] kernel: Early memory node ranges
[    0.015521] kernel:   node   0: [mem 0x0000000000001000-0x000000000009efff]
[    0.015525] kernel:   node   0: [mem 0x0000000000100000-0x00000000bffdffff]
[    0.015529] kernel:   node   0: [mem 0x0000000100000000-0x00000002bfffffff]
[    0.016352] kernel: Zeroed struct page in unavailable ranges: 130 pages
[    0.016358] kernel: Initmem setup node 0 [mem 0x0000000000001000-0x00000002bfffffff]
[     to bus 0000:00
[    1.453865] kernel: pci_bus 0000:00: root bus resource [io  0x0000-0x0cf7 window]
[    1.453876] kernel: pci_bus 0000:00: root bus resource [io  0x0d00-0xffff window]
[    1.453886] kernel: pci_bus 0000:00: root bus resource [mem 0x000a0000-0x000bffff window]
[    1.453897] kernel: pci_bus 0000:00: root bus resource [mem 0xc0000000-0xfebfffff window]
[    1.453907] kernel: pci_bus 0000:00: root bus resource [mem 0x2c0000000-0x33fffffff window]
[    1.453918] kernel: pci_bus 0000:00: root bus resource [bus 00-ff]
[    1.454031] kernel: pci 0000:00:00.0: [8086:1237] type 00 class 0x060000
[    1.456016] kernel: pci 0000:00:01.0: [8086:7000] type 00 class 0x060100
[    1.458104] kernel: pci 0000:00:01.1: [8086:7010] type 00 class 0x010180
[    1.460072] kernel: pci 0000:00:01.1: reg 0x20: [io  0xc040-0xc04f]
[    1.461027] kernel: pci 0000:00:01.1: legacy IDE quirk: reg 0x10: [io  0x01f0-0x01f7]
[    1.461033] kernel: pci 0000:00:01.1: legacy IDE quirk: reg 0x14: [io  0x03f6]
[    1.461039] kernel: pci 0000:00:01.1: legacy IDE quirk: reg 0x18: [io  0x0170-0x0177]
[    1.461044] kernel: pci 0000:00:01.1: legacy IDE quirk: reg 0x1c: [io  0x0376]
[    1.462587] kernel: pci 0000:00:01.3: [8086:7113] type 00 class 0x068000
[    1.462958] kernel: pci 0000:00:01.3: quirk: [io  0x0600-0x063f] claimed by PIIX4 ACPI
[    1.462970] kernel: pci 0000:00:01.3: quirk: [io  0x0700-0x070f] claimed by PIIX4 SMB
[    1.464789] kernel: pci 0000:00:02.0: [1234:1111] type 00 class 0x030000
[    1.465853] kernel: pci 0000:00:02.0: reg 0x10: [mem 0xfd000000-0xfdffffff pref]
[    1.467378] kernel: pci 0000:00:02.0: reg 0x18: [mem 0xfeb90000-0xfeb90fff]
[    1.471195] kernel: pci 0000:00:02.0: reg 0x30: [mem 0xfeb80000-0xfeb8ffff pref]
[    1.473128] kernel: pci 0000:00:03.0: [1af4:1005] type 00 class 0x00ff00
[    1.473840] kernel: pci 0000:00:03.0: reg 0x10: [io  0xc000-0xc01f]
[    1.475840] kernel: pci 0000:00:03.0: reg 0x20: [mem 0xfe200000-0xfe203fff 64bit pref]
[    ernel: ACPI: INT_SRC_OVR (bus 0 bus_irq 9 global_irq 9 high level)
[    0.548334] kernel: ACPI: INT_SRC_OVR (bus 0 bus_irq 10 global_irq 10 high level)
[    0.548338] kernel: ACPI: INT_SRC_OVR (bus 0 bus_irq 11 global_irq 11 high level)
[    0.548341] kernel: ACPI: IRQ0 used by override.
[    0.548344] kernel: ACPI: IRQ5 used by override.
[    0.548347] kernel: ACPI: IRQ9 used by override.
[    0.548349] kernel: ACPI: IRQ10 used by override.
[    0.548351] kernel: ACPI: IRQ11 used by override.
[    0.548357] kernel: Using ACPI (MADT) for SMP configuration information
[    0.548362] kernel: ACPI: HPET id: 0x8086a201 base: 0xfed00000
[    0.548371] kernel: smpboot: Allowing 2 CPUs, 0 hotplug CPUs
[    0.548393] kernel: KVM setup pv sched yield
[    0.548425] kernel: PM: Registered nosave memory: [mem 0x00000000-0x00000fff]
[    0.548431] kernel: PM: Registered nosave memory: [mem 0x0009f000-0x0009ffff]
[    0.548434] kernel: PM: Registered nosave memory: [mem 0x000a0000-0x000effff]
[   1.478909] kernel: pci 0000:00:04.0: [1af4:1000] type 00 class 0x020000
[    1.480341] kernel: pci 0000:00:04.0: reg 0x10: [io  0xc020-0xc03f]
[    1.480840] kernel: pci 0000:00:04.0: reg 0x14: [mem 0xfeb91000-0xfeb91fff]
[    1.482840] kernel: pci 0000:00:04.0: reg 0x20: [mem 0xfe204000-0xfe207fff 64bit pref]
[    1.483610] kernel: pci 0000:00:04.0: reg 0x30: [mem 0xfeb00000-0xfeb7ffff pref]
[    1.485838] kernel: pci 0000:00:10.0: [1af4:1110] type 00 class 0x050000
[    1.486848] kernel: pci 0000:00:10.0: reg 0x10: [mem 0xfeb92000-0xfeb920ff]
[    1.488847] kernel: pci 0000:00:10.0: reg 0x18: [mem 0xfe000000-0xfe0fffff 64bit pref]
[    1.493748] kernel: pci 0000:00:11.0: [1af4:1110] type 00 class 0x050000
[    1.494118] kernel: pci 0000:00:11.0: reg 0x10: [mem 0xfeb93000-0xfeb930ff]
[    1.495137] kernel: pci 0000:00:11.0: reg 0x18: [mem 0xfe208000-0xfe2083ff 64bit pref]
[    1.498884] kernel: pci 0000:00:12.0: [1af4:1110] type 00 class 0x050000
[    1.499746] kernel: pci 0000:00:12.0.016363] kernel: On node 0 totalpages: 2621310
[    0.016366] kernel:   DMA zone: 64 pages used for memmap
[    0.016368] kernel:   DMA zone: 21 pages reserved
[    0.016371] kernel:   DMA zone: 3998 pages, LIFO batch:0
[    0.016579] kernel:   DMA32 zone: 12224 pages used for memmap
[    0.016582] kernel:   DMA32 zone: 782304 pages, LIFO batch:63
[    0.061104] kernel:   Normal zone: 28672 pages used for memmap
[    0.061109] kernel:   Normal zone: 1835008 pages, LIFO batch:63
[    0.555928] kernel: kasan: KernelAddressSanitizer initialized
[    0.556318] kernel: ACPI: PM-Timer IO Port: 0x608
[    0.556325] kernel: ACPI: Local APIC address 0xfee00000
[    0.556341] kernel: ACPI: LAPIC_NMI (acpi_id[0xff] dfl dfl lint[0x1])
[    0.556383] kernel: IOAPIC[0]: apic_id 0, version 17, address 0xfec00000, GSI 0-23
[    0.556390] kernel: ACPI: INT_SRC_OVR (bus 0 bus_irq 0 global_irq 2 dfl dfl)
[    0.556395] kernel: ACPI: INT_SRC_OVR (bus 0 bus_irq 5 global_irq 5 high level)
[    0.556399] k 0.548437] kernel: PM: Registered nosave memory: [mem 0x000f0000-0x000fffff]
[    0.548442] kernel: PM: Registered nosave memory: [mem 0xbffe0000-0xbfffffff]
[    0.548445] kernel: PM: Registered nosave memory: [mem 0xc0000000-0xfeffbfff]
[    0.548448] kernel: PM: Registered nosave memory: [mem 0xfeffc000-0xfeffffff]
[    0.548451] kernel: PM: Registered nosave memory: [mem 0xff000000-0xfffbffff]
[    0.548454] kernel: PM: Registered nosave memory: [mem 0xfffc0000-0xffffffff]
[    0.548459] kernel: [mem 0xc0000000-0xfeffbfff] available for PCI devices
[    0.548461] kernel: Booting paravirtualized kernel on KVM
[    0.548468] kernel: clocksource: refined-jiffies: mask: 0xffffffff max_cycles: 0xffffffff, max_idle_ns: 1910969940391419 ns
[    1.096610] kernel: setup_percpu: NR_CPUS:64 nr_cpumask_bits:64 nr_cpu_ids:2 nr_node_ids:1
[    1.097190] kernel: percpu: Embedded 59 pages/cpu s204504 r8192 d28968 u1048576
[    1.097215] kernel: pcpu-alloc: s204504 r8192 d28968 u1048576 alloc=1*20executor 1 finishes userspace_cover_open
before receiving handshake request
0: reg 0x10: [mem 0xfeb94000-0xfeb940ff]
[    1.500847] kernel: pci 0000:00:12.0: reg 0x18: [mem 0xfe100000-0xfe1fffff 64bit pref]
[    1.510671] kernel: ACPI: PCI Interrupt Link [LNKA] (IRQs 5 *10 11)
[    1.511867] kernel: ACPI: PCI Interrupt Link [LNKB] (IRQs 5 *10 11)
[    1.513055] kernel: ACPI: PCI Interrupt Link [LNKC] (IRQs 5 10 *11)
[    1.514232] kernel: ACPI: PCI Interrupt Link [LNKD] (IRQs 5 10 *11)
[    1.514731] kernel: ACPI: PCI Interrupt Link [LNKS] (IRQs *9)
[    1.516791] kernel: iommu: Default domain type: Translated 
[    1.516894] kernel: pci 0000:00:02.0: vgaarb: setting as boot VGA device
[    1.516894] kernel: pci 0000:00:02.0: vgaarb: VGA device added: decodes=io+mem,owns=io+mem,locks=none
[    1.516894] kernel: pci 0000:00:02.0: vgaarb: bridge control possible
[    1.516894] kernel: vgaarb: loaded
[    1.517682] kernel: SCSI subsystem initialized
[    1.517913] kernel: libata version 3.00 loaded.
[    1.518107] kernel: ACPI: bus type USB registered
[    1.518req.flags e82
----- executor 1 do_sandbox_none at begining
----- executor 1 do_sandbox_none before fork()
ernel: ACPI: INT_SRC_OVR (bus 0 bus_irq 9 global_irq 9 high level)
[    0.556404] kernel: ACPI: INT_SRC_OVR (bus 0 bus_irq 10 global_irq 10 high level)
[    0.556408] kernel: ACPI: INT_SRC_OVR (bus 0 bus_irq 11 global_irq 11 high level)
[    0.556411] kernel: ACPI: IRQ0 used by override.
[    0.556414] kernel: ACPI: IRQ5 used by override.
[    0.556417] kernel: ACPI: IRQ9 used by override.
[    0.556419] kernel: ACPI: IRQ10 used by override.
[    0.556421] kernel: ACPI: IRQ11 used by override.
[    0.556427] kernel: Using ACPI (MADT) for SMP configuration information
[    0.556431] kernel: ACPI: HPET id: 0x8086a201 base: 0xfed00000
[    0.556441] kernel: smpboot: Allowing 2 CPUs, 0 hotplug CPUs
[    0.556463] kernel: KVM setup pv sched yield
[    0.556494] kernel: PM: Registered nosave memory: [mem 0x00000000-0x00000fff]
[    0.556500] kernel: PM: Registered nosave memory: [mem 0x0009f000-0x0009ffff]
[    0.556503] kernel: PM: Registered nosave memory: [mem 0x000a0000-0x000effff]
[   97152
[    1.097218] kernel: pcpu-alloc: [0] 0 1 
[    1.097292] kernel: KVM setup async PF for cpu 0
[    1.097300] kernel: kvm-stealtime: cpu 0, msr 26501f1c0
[    1.097308] kernel: Built 1 zonelists, mobility grouping on.  Total pages: 2580329
[    1.097309] kernel: Policy zone: Normal
[    1.097313] kernel: Kernel command line: root=/dev/sda console=ttyS0 net.ifnames=0 ip=192.168.0.19 quiet nokaslr
[    1.104838] kernel: Dentry cache hash table entries: 2097152 (order: 12, 16777216 bytes, linear)
[    1.107247] kernel: Inode-cache hash table entries: 1048576 (order: 11, 8388608 bytes, linear)
[    1.107345] kernel: mem auto-init: stack:off, heap alloc:off, heap free:off
[    1.316383] kernel: Memory: 8822144K/10485240K available (43013K kernel code, 11267K rwdata, 6524K rodata, 2108K init, 10528K bss, 1663096K reserved, 0K cma-reserved)
[    1.317227] kernel: SLUB: HWalign=64, Order=0-3, MinObjects=0, CPUs=2, Nodes=1
[    1.317963] kernel: rcu: Hierarchical RCU implementation.
[  ----- executor 3 do_sandbox_none at begining
----- executor 3 do_sandbox_none before fork()
238] kernel: usbcore: registered new interface driver usbfs
[    1.518305] kernel: usbcore: registered new interface driver hub
[    1.518358] kernel: usbcore: registered new device driver usb
[    1.518498] kernel: pps_core: LinuxPPS API ver. 1 registered
[    1.518500] kernel: pps_core: Software ver. 5.3.6 - Copyright 2005-2007 Rodolfo Giometti <giometti@linux.it>
[    1.518529] kernel: PTP clock support registered
[    1.518975] kernel: Advanced Linux Sound Architecture Driver Initialized.
[    1.519074] kernel: PCI: Using ACPI for IRQ routing
[    1.519078] kernel: PCI: pci_cache_line_size set to 64 bytes
[    1.519218] kernel: e820: reserve RAM buffer [mem 0x0009fc00-0x0009ffff]
[    1.519231] kernel: e820: reserve RAM buffer [mem 0xbffe0000-0xbfffffff]
[    1.520076] kernel: NetLabel: Initializing
[    1.520078] kernel: NetLabel:  domain hash size = 128
[    1.520080] kernel: NetLabel:  protocols = UNLABELED CIPSOv4 CALIPSO
[    1.520207] kernel: NetLabel:  unlabeled traffic all  1.317964] kernel: rcu:         RCU event tracing is enabled.
[    1.317968] kernel: rcu:         RCU restricting CPUs from NR_CPUS=64 to nr_cpu_ids=2.
[    1.317973] kernel: rcu: RCU calculated value of scheduler-enlistment delay is 100 jiffies.
[    1.317975] kernel: rcu: Adjusting geometry for rcu_fanout_leaf=16, nr_cpu_ids=2
[    1.319351] kernel: NR_IRQS: 4352, nr_irqs: 440, preallocated irqs: 16
[    1.319731] kernel: random: get_random_bytes called from start_kernel+0x43f/0x85d with crng_init=0
[    1.323728] kernel: Console: colour VGA+ 80x25
[    1.323787] kernel: printk: console [ttyS0] enabled
[    1.323825] kernel: ACPI: Core revision 20190816
[    1.324152] kernel: clocksource: hpet: mask: 0xffffffff max_cycles: 0xffffffff, max_idle_ns: 19112604467 ns
[    1.324270] kernel: APIC: Switch to symmetric I/O mode setup
[    1.324274] kernel: KVM setup pv IPIs
[    1.325509] kernel: ..TIMER: vector=0x30 apic1=0 pin1=2 apic2=-1 pin2=-1
[    1.325538] kernel: clocksource: tsc-ea 0.556506] kernel: PM: Registered nosave memory: [mem 0x000f0000-0x000fffff]
[    0.556512] kernel: PM: Registered nosave memory: [mem 0xbffe0000-0xbfffffff]
[    0.556515] kernel: PM: Registered nosave memory: [mem 0xc0000000-0xfeffbfff]
[    0.556518] kernel: PM: Registered nosave memory: [mem 0xfeffc000-0xfeffffff]
[    0.556520] kernel: PM: Registered nosave memory: [mem 0xff000000-0xfffbffff]
[    0.556523] kernel: PM: Registered nosave memory: [mem 0xfffc0000-0xffffffff]
[    0.556528] kernel: [mem 0xc0000000-0xfeffbfff] available for PCI devices
[    0.556530] kernel: Booting paravirtualized kernel on KVM
[    0.556537] kernel: clocksource: refined-jiffies: mask: 0xffffffff max_cycles: 0xffffffff, max_idle_ns: 1910969940391419 ns
[    1.117340] kernel: setup_percpu: NR_CPUS:64 nr_cpumask_bits:64 nr_cpu_ids:2 nr_node_ids:1
[    1.118007] kernel: percpu: Embedded 59 pages/cpu s204504 r8192 d28968 u1048576
[    1.118032] kernel: pcpu-alloc: s204504 r8192 d28968 u1048576 alloc=1*20owed by default
[    1.520597] kernel: hpet0: at MMIO 0xfed00000, IRQs 2, 8, 0
[    1.520608] kernel: hpet0: 3 comparators, 64-bit 100.000000 MHz counter
[    1.521876] kernel: clocksource: Switched to clocksource kvm-clock
[    1.619500] kernel: VFS: Disk quotas dquot_6.6.0
[    1.619548] kernel: VFS: Dquot-cache hash table entries: 512 (order 0, 4096 bytes)
[    1.619849] kernel: pnp: PnP ACPI init
[    1.620228] kernel: pnp 00:00: Plug and Play ACPI device, IDs PNP0b00 (active)
[    1.620555] kernel: pnp 00:01: Plug and Play ACPI device, IDs PNP0303 (active)
[    1.620898] kernel: pnp 00:02: Plug and Play ACPI device, IDs PNP0f13 (active)
[    1.621015] kernel: pnp 00:03: [dma 2]
[    1.621126] kernel: pnp 00:03: Plug and Play ACPI device, IDs PNP0700 (active)
[    1.621635] kernel: pnp 00:04: Plug and Play ACPI device, IDs PNP0400 (active)
[    1.622109] kernel: pnp 00:05: Plug and Play ACPI device, IDs PNP0501 (active)
[    1.624924] kernel: pnp: PnP ACPI: found 6 devices
[    1.97152
[    1.118035] kernel: pcpu-alloc: [0] 0 1 
[    1.118110] kernel: KVM setup async PF for cpu 0
[    1.118118] kernel: kvm-stealtime: cpu 0, msr 26501f1c0
[    1.118126] kernel: Built 1 zonelists, mobility grouping on.  Total pages: 2580329
[    1.118127] kernel: Policy zone: Normal
[    1.118131] kernel: Kernel command line: root=/dev/sda console=ttyS0 net.ifnames=0 ip=192.168.0.18 quiet nokaslr
[    1.123070] kernel: Dentry cache hash table entries: 2097152 (order: 12, 16777216 bytes, linear)
[    1.125437] kernel: Inode-cache hash table entries: 1048576 (order: 11, 8388608 bytes, linear)
[    1.125539] kernel: mem auto-init: stack:off, heap alloc:off, heap free:off
[    1.334042] kernel: Memory: 8822144K/10485240K available (43013K kernel code, 11267K rwdata, 6524K rodata, 2108K init, 10528K bss, 1663096K reserved, 0K cma-reserved)
[    1.334821] kernel: SLUB: HWalign=64, Order=0-3, MinObjects=0, CPUs=2, Nodes=1
[    1.335503] kernel: rcu: Hierarchical RCU implementation.
[  rly: mask: 0xffffffffffffffff max_cycles: 0x2563bf907c6, max_idle_ns: 440795319401 ns
[    1.325545] kernel: Calibrating delay loop (skipped) preset value.. 5187.81 BogoMIPS (lpj=2593906)
[    1.325552] kernel: pid_max: default: 32768 minimum: 301
[    1.325641] kernel: LSM: Security Framework initializing
[    1.325682] kernel: SELinux:  Initializing.
[    1.325828] kernel: Mount-cache hash table entries: 32768 (order: 6, 262144 bytes, linear)
[    1.325868] kernel: Mountpoint-cache hash table entries: 32768 (order: 6, 262144 bytes, linear)
[    1.327080] kernel: x86/cpu: User Mode Instruction Prevention (UMIP) activated
[    1.327234] kernel: Last level iTLB entries: 4KB 0, 2MB 0, 4MB 0
[    1.327238] kernel: Last level dTLB entries: 4KB 0, 2MB 0, 4MB 0, 1GB 0
[    1.327254] kernel: Spectre V1 : Mitigation: usercopy/swapgs barriers and __user pointer sanitization
[    1.327262] kernel: Spectre V2 : Mitigation: Enhanced IBRS
[    1.327264] kernel: Spectre V2 : Spectre v2 / SpectreRSBexecutor 0 finishes userspace_cover_open
before receiving handshake request
003765] kernel: MTRR default type: write-back
[    0.003766] kernel: MTRR fixed ranges enabled:
[    0.003769] kernel:   00000-9FFFF write-back
[    0.003771] kernel:   A0000-BFFFF uncachable
[    0.003774] kernel:   C0000-FFFFF write-protect
[    0.003776] kernel: MTRR variable ranges enabled:
[    0.003780] kernel:   0 base 00C0000000 mask FFC0000000 uncachable
[    0.003781] kernel:   1 disabled
[    0.003782] kernel:   2 disabled
[    0.003783] kernel:   3 disabled
[    0.003784] kernel:   4 disabled
[    0.003785] kernel:   5 disabled
[    0.003786] kernel:   6 disabled
[    0.003787] kernel:   7 disabled
[    0.003798] kernel: x86/PAT: Configuration [0-7]: WB  WC  UC- UC  WB  WP  UC- WT  
[    0.003805] kernel: last_pfn = 0xbffe0 max_arch_pfn = 0x10000000000
[    0.009868] kernel: found SMP MP-table at [mem 0x000f5c80-0x000f5c8f]
[    0.009927] kernel: check: Scanning 1 areas for low memory corruption
[    0.009964] kernel: Using GB pages for direct mapping
[    0.009970] kernel636296] kernel: thermal_sys: Registered thermal governor 'step_wise'
[    1.636299] kernel: thermal_sys: Registered thermal governor 'user_space'
[    1.640944] kernel: clocksource: acpi_pm: mask: 0xffffff max_cycles: 0xffffff, max_idle_ns: 2085701024 ns
[    1.640970] kernel: pci_bus 0000:00: resource 4 [io  0x0000-0x0cf7 window]
[    1.640976] kernel: pci_bus 0000:00: resource 5 [io  0x0d00-0xffff window]
[    1.640983] kernel: pci_bus 0000:00: resource 6 [mem 0x000a0000-0x000bffff window]
[    1.640989] kernel: pci_bus 0000:00: resource 7 [mem 0xc0000000-0xfebfffff window]
[    1.640995] kernel: pci_bus 0000:00: resource 8 [mem 0x2c0000000-0x33fffffff window]
[    1.641490] kernel: NET: Registered protocol family 2
[    1.642099] kernel: tcp_listen_portaddr_hash hash table entries: 8192 (order: 5, 131072 bytes, linear)
[    1.642184] kernel: TCP established hash table entries: 131072 (order: 8, 1048576 bytes, linear)
[    1.642956] kernel: TCP bind hash table entries: 65536 (order: mitigation: Filling RSB on context switch
[    1.327270] kernel: Spectre V2 : mitigation: Enabling conditional Indirect Branch Prediction Barrier
[    1.327276] kernel: Speculative Store Bypass: Mitigation: Speculative Store Bypass disabled via prctl and seccomp
[    1.327278] kernel: TAA: Mitigation: TSX disabled
[    1.327936] kernel: Freeing SMP alternatives memory: 36K
[    1.328235] kernel: TSC deadline timer enabled
[    1.328246] kernel: smpboot: CPU0: Intel(R) Xeon(R) Gold 6348 CPU @ 2.60GHz (family: 0x6, model: 0x6a, stepping: 0x6)
[    1.328540] kernel: Performance Events: Icelake events, 32-deep LBR, full-width counters, Intel PMU driver.
[    1.328540] kernel: ... version:                2
[    1.328540] kernel: ... bit width:              48
[    1.328540] kernel: ... generic registers:      8
[    1.328540] kernel: ... value mask:             0000ffffffffffff
[    1.328540] kernel: ... max period:             00007fffffffffff
[    1.328540] kernel: ... fixed-purpose eve  1.335504] kernel: rcu:         RCU event tracing is enabled.
[    1.335508] kernel: rcu:         RCU restricting CPUs from NR_CPUS=64 to nr_cpu_ids=2.
[    1.335512] kernel: rcu: RCU calculated value of scheduler-enlistment delay is 100 jiffies.
[    1.335514] kernel: rcu: Adjusting geometry for rcu_fanout_leaf=16, nr_cpu_ids=2
[    1.336885] kernel: NR_IRQS: 4352, nr_irqs: 440, preallocated irqs: 16
[    1.337263] kernel: random: get_random_bytes called from start_kernel+0x43f/0x85d with crng_init=0
[    1.341280] kernel: Console: colour VGA+ 80x25
[    1.341335] kernel: printk: console [ttyS0] enabled
[    1.341372] kernel: ACPI: Core revision 20190816
[    1.341698] kernel: clocksource: hpet: mask: 0xffffffff max_cycles: 0xffffffff, max_idle_ns: 19112604467 ns
[    1.341807] kernel: APIC: Switch to symmetric I/O mode setup
[    1.341811] kernel: KVM setup pv IPIs
[    1.343028] kernel: ..TIMER: vector=0x30 apic1=0 pin1=2 apic2=-1 pin2=-1
[    1.343057] kernel: clocksource: tsc-ea: BRK [0x06201000, 0x06201fff] PGTABLE
[    0.009973] kernel: BRK [0x06202000, 0x06202fff] PGTABLE
[    0.009976] kernel: BRK [0x06203000, 0x06203fff] PGTABLE
[    0.009978] kernel: BRK [0x06204000, 0x06204fff] PGTABLE
[    0.010847] kernel: ACPI: Early table checksum verification disabled
[    0.010856] kernel: ACPI: RSDP 0x00000000000F5A50 000014 (v00 BOCHS )
[    0.010867] kernel: ACPI: RSDT 0x00000000BFFE15C9 000030 (v01 BOCHS  BXPCRSDT 00000001 BXPC 00000001)
[    0.010881] kernel: ACPI: FACP 0x00000000BFFE149D 000074 (v01 BOCHS  BXPCFACP 00000001 BXPC 00000001)
[    0.010896] kernel: ACPI: DSDT 0x00000000BFFE0040 00145D (v01 BOCHS  BXPCDSDT 00000001 BXPC 00000001)
[    0.010905] kernel: ACPI: FACS 0x00000000BFFE0000 000040
[    0.010912] kernel: ACPI: APIC 0x00000000BFFE1511 000080 (v01 BOCHS  BXPCAPIC 00000001 BXPC 00000001)
[    0.010922] kernel: ACPI: HPET 0x00000000BFFE1591 000038 (v01 BOCHS  BXPCHPET 00000001 BXPC 00000001)
[    0.010938] kernel: ACPI: Local APIC address 0xnts:   3
[    1.328540] kernel: ... event mask:             00000007000000ff
[    1.328540] kernel: rcu: Hierarchical SRCU implementation.
[    1.328643] kernel: smp: Bringing up secondary CPUs ...
[    1.328910] kernel: x86: Booting SMP configuration:
[    1.328913] kernel: .... node  #0, CPUs:      #1
[    0.005900] kernel: kvm-clock: cpu 1, msr 57da041, secondary cpu clock
[    0.005900] kernel: smpboot: CPU 1 Converting physical 0 to logical die 1
[    1.330576] kernel: KVM setup async PF for cpu 1
[    1.330584] kernel: kvm-stealtime: cpu 1, msr 26511f1c0
[    1.330595] kernel: smp: Brought up 1 node, 2 CPUs
[    1.330595] kernel: smpboot: Max logical packages: 2
[    1.330595] kernel: smpboot: Total of 2 processors activated (10375.62 BogoMIPS)
[    1.331553] kernel: devtmpfs: initialized
[    1.335889] kernel: clocksource: jiffies: mask: 0xffffffff max_cycles: 0xffffffff, max_idle_ns: 1911260446275000 ns
[    1.335897] kernel: futex hash table entries: 512 (order: 3, 32768 byte 8, 1048576 bytes, linear)
[    1.643866] kernel: TCP: Hash tables configured (established 131072 bind 65536)
[    1.643987] kernel: UDP hash table entries: 8192 (order: 6, 262144 bytes, linear)
[    1.644108] kernel: UDP-Lite hash table entries: 8192 (order: 6, 262144 bytes, linear)
[    1.644396] kernel: NET: Registered protocol family 1
[    1.648109] kernel: pci 0000:00:01.0: PIIX3: Enabling Passive Release
[    1.648129] kernel: pci 0000:00:00.0: Limiting direct PCI/PCI transfers
[    1.648147] kernel: pci 0000:00:01.0: Activating ISA DMA hang workarounds
[    1.648222] kernel: pci 0000:00:02.0: Video device with shadowed ROM at [mem 0x000c0000-0x000dffff]
[    1.648292] kernel: PCI: CLS 0 bytes, default 64
[    1.648533] kernel: PCI-DMA: Using software bounce buffering for IO (SWIOTLB)
[    1.648537] kernel: software IO TLB: mapped [mem 0xbbfe0000-0xbffe0000] (64MB)
[    1.648690] kernel: clocksource: tsc: mask: 0xffffffffffffffff max_cycles: 0x2563bf907c6, max_idle_ns: 44079531rly: mask: 0xffffffffffffffff max_cycles: 0x2563bf907c6, max_idle_ns: 440795319401 ns
[    1.343065] kernel: Calibrating delay loop (skipped) preset value.. 5187.81 BogoMIPS (lpj=2593906)
[    1.343071] kernel: pid_max: default: 32768 minimum: 301
[    1.343158] kernel: LSM: Security Framework initializing
[    1.343199] kernel: SELinux:  Initializing.
[    1.343337] kernel: Mount-cache hash table entries: 32768 (order: 6, 262144 bytes, linear)
[    1.343373] kernel: Mountpoint-cache hash table entries: 32768 (order: 6, 262144 bytes, linear)
[    1.344551] kernel: x86/cpu: User Mode Instruction Prevention (UMIP) activated
[    1.344706] kernel: Last level iTLB entries: 4KB 0, 2MB 0, 4MB 0
[    1.344709] kernel: Last level dTLB entries: 4KB 0, 2MB 0, 4MB 0, 1GB 0
[    1.344725] kernel: Spectre V1 : Mitigation: usercopy/swapgs barriers and __user pointer sanitization
[    1.344733] kernel: Spectre V2 : Mitigation: Enhanced IBRS
[    1.344735] kernel: Spectre V2 : Spectre v2 / SpectreRSBfee00000
[    0.011549] kernel: No NUMA configuration found
[    0.011552] kernel: Faking a node at [mem 0x0000000000000000-0x00000002bfffffff]
[    0.011562] kernel: NODE_DATA(0) allocated [mem 0x2bfffa000-0x2bfffdfff]
[    0.012055] kernel: Zone ranges:
[    0.012057] kernel:   DMA      [mem 0x0000000000001000-0x0000000000ffffff]
[    0.012061] kernel:   DMA32    [mem 0x0000000001000000-0x00000000ffffffff]
[    0.012064] kernel:   Normal   [mem 0x0000000100000000-0x00000002bfffffff]
[    0.012067] kernel: Movable zone start for each node
[    0.012068] kernel: Early memory node ranges
[    0.012071] kernel:   node   0: [mem 0x0000000000001000-0x000000000009efff]
[    0.012074] kernel:   node   0: [mem 0x0000000000100000-0x00000000bffdffff]
[    0.012077] kernel:   node   0: [mem 0x0000000100000000-0x00000002bfffffff]
[    0.012815] kernel: Zeroed struct page in unavailable ranges: 130 pages
[    0.012819] kernel: Initmem setup node 0 [mem 0x0000000000001000-0x00000002bfffffff]
[    before receive testcase: 0 1
9401 ns
[    1.648737] kernel: clocksource: Switched to clocksource tsc
[    1.649906] kernel: check: Scanning for low memory corruption every 60 seconds
[    1.652127] kernel: Initialise system trusted keyrings
[    1.652274] kernel: workingset: timestamp_bits=56 max_order=22 bucket_order=0
[    1.673085] kernel: fuse: init (API version 7.31)
[    1.678919] kernel: Key type asymmetric registered
[    1.678922] kernel: Asymmetric key parser 'x509' registered
[    1.678975] kernel: Block layer SCSI generic (bsg) driver version 0.4 loaded (major 251)
[    1.678978] kernel: io scheduler mq-deadline registered
[    1.678980] kernel: io scheduler kyber registered
[    1.680276] kernel: input: Power Button as /devices/LNXSYSTM:00/LNXPWRBN:00/input/input0
[    1.680513] kernel: ACPI: Power Button [PWRF]
[    2.786765] kernel: PCI Interrupt Link [LNKC] enabled at IRQ 11
[    3.895048] kernel: PCI Interrupt Link [LNKD] enabled at IRQ 10
[    3.899417] kernel: Serial: 8250/16550 driver, 4 portss, linear)
[    1.336615] kernel: PM: RTC time: 13:41:37, date: 2023-03-25
[    1.336998] kernel: NET: Registered protocol family 16
[    1.337590] kernel: audit: initializing netlink subsys (disabled)
[    1.337649] kernel: audit: type=2000 audit(1679751697.856:1): state=initialized audit_enabled=0 res=1
[    1.338117] kernel: cpuidle: using governor menu
[    1.338117] kernel: KVM setup pv remote TLB flush
[    1.338117] kernel: ACPI: bus type PCI registered
[    1.338758] kernel: PCI: Using configuration type 1 for base access
[    1.353764] kernel: HugeTLB registered 2.00 MiB page size, pre-allocated 0 pages
[    1.353764] kernel: cryptomgr_test (25) used greatest stack depth: 30984 bytes left
[    1.353764] kernel: kworker/u4:0 (27) used greatest stack depth: 28296 bytes left
[    1.357806] kernel: ACPI: Added _OSI(Module Device)
[    1.357809] kernel: ACPI: Added _OSI(Processor Device)
[    1.357812] kernel: ACPI: Added _OSI(3.0 _SCP Extensions)
[    1.357814] kernel: ACPI: Adde mitigation: Filling RSB on context switch
[    1.344740] kernel: Spectre V2 : mitigation: Enabling conditional Indirect Branch Prediction Barrier
[    1.344746] kernel: Speculative Store Bypass: Mitigation: Speculative Store Bypass disabled via prctl and seccomp
[    1.344748] kernel: TAA: Mitigation: TSX disabled
[    1.345401] kernel: Freeing SMP alternatives memory: 36K
[    1.345683] kernel: TSC deadline timer enabled
[    1.345694] kernel: smpboot: CPU0: Intel(R) Xeon(R) Gold 6348 CPU @ 2.60GHz (family: 0x6, model: 0x6a, stepping: 0x6)
[    1.346003] kernel: Performance Events: Icelake events, 32-deep LBR, full-width counters, Intel PMU driver.
[    1.346060] kernel: ... version:                2
[    1.346060] kernel: ... bit width:              48
[    1.346060] kernel: ... generic registers:      8
[    1.346060] kernel: ... value mask:             0000ffffffffffff
[    1.346060] kernel: ... max period:             00007fffffffffff
[    1.346060] kernel: ... fixed-purpose eve0.012822] kernel: On node 0 totalpages: 2621310
[    0.012825] kernel:   DMA zone: 64 pages used for memmap
[    0.012827] kernel:   DMA zone: 21 pages reserved
[    0.012829] kernel:   DMA zone: 3998 pages, LIFO batch:0
[    0.013000] kernel:   DMA32 zone: 12224 pages used for memmap
[    0.013002] kernel:   DMA32 zone: 782304 pages, LIFO batch:63
[    0.048792] kernel:   Normal zone: 28672 pages used for memmap
[    0.048795] kernel:   Normal zone: 1835008 pages, LIFO batch:63
[    0.498047] kernel: kasan: KernelAddressSanitizer initialized
[    0.498364] kernel: ACPI: PM-Timer IO Port: 0x608
[    0.498369] kernel: ACPI: Local APIC address 0xfee00000
[    0.498382] kernel: ACPI: LAPIC_NMI (acpi_id[0xff] dfl dfl lint[0x1])
[    0.498421] kernel: IOAPIC[0]: apic_id 0, version 17, address 0xfec00000, GSI 0-23
[    0.498427] kernel: ACPI: INT_SRC_OVR (bus 0 bus_irq 0 global_irq 2 dfl dfl)
[    0.498431] kernel: ACPI: INT_SRC_OVR (bus 0 bus_irq 5 global_irq 5 high level)
[    0.498434] k, IRQ sharing enabled
[    3.922119] kernel: 00:05: ttyS0 at I/O 0x3f8 (irq = 4, base_baud = 115200) is a 16550A
[    3.924935] kernel: Non-volatile memory driver v1.3
[    3.925268] kernel: Linux agpgart interface v0.103
[    3.942110] kernel: loop: module loaded
[    3.942815] kernel: ata_piix 0000:00:01.1: version 2.13
[    3.945753] kernel: scsi host0: ata_piix
[    3.946645] kernel: scsi host1: ata_piix
[    3.946980] kernel: ata1: PATA max MWDMA2 cmd 0x1f0 ctl 0x3f6 bmdma 0xc040 irq 14
[    3.946985] kernel: ata2: PATA max MWDMA2 cmd 0x170 ctl 0x376 bmdma 0xc048 irq 15
[    3.947519] kernel: libphy: Fixed MDIO Bus: probed
[    3.951391] kernel: e100: Intel(R) PRO/100 Network Driver, 3.5.24-k2-NAPI
[    3.951394] kernel: e100: Copyright(c) 1999-2006 Intel Corporation
[    3.951857] kernel: e1000: Intel(R) PRO/1000 Network Driver - version 7.3.21-k8-NAPI
[    3.951860] kernel: e1000: Copyright (c) 1999-2006 Intel Corporation.
[    3.951948] kernel: e1000e: Intel(R) PRO/1000 Networnts:   3
[    1.346060] kernel: ... event mask:             00000007000000ff
[    1.346060] kernel: rcu: Hierarchical SRCU implementation.
[    1.346161] kernel: smp: Bringing up secondary CPUs ...
[    1.346427] kernel: x86: Booting SMP configuration:
[    1.346430] kernel: .... node  #0, CPUs:      #1
[    0.005888] kernel: kvm-clock: cpu 1, msr 57da041, secondary cpu clock
[    0.005888] kernel: smpboot: CPU 1 Converting physical 0 to logical die 1
[    1.348103] kernel: KVM setup async PF for cpu 1
[    1.348110] kernel: kvm-stealtime: cpu 1, msr 26511f1c0
[    1.348135] kernel: smp: Brought up 1 node, 2 CPUs
[    1.348140] kernel: smpboot: Max logical packages: 2
[    1.348146] kernel: smpboot: Total of 2 processors activated (10375.62 BogoMIPS)
[    1.349283] kernel: devtmpfs: initialized
[    1.355461] kernel: clocksource: jiffies: mask: 0xffffffff max_cycles: 0xffffffff, max_idle_ns: 1911260446275000 ns
[    1.355473] kernel: futex hash table entries: 512 (order: 3, 32768 byted _OSI(Processor Aggregator Device)
[    1.358586] kernel: ACPI: Added _OSI(Linux-Dell-Video)
[    1.358596] kernel: ACPI: Added _OSI(Linux-Lenovo-NV-HDMI-Audio)
[    1.358605] kernel: ACPI: Added _OSI(Linux-HPI-Hybrid-Graphics)
[    1.377182] kernel: ACPI: 1 ACPI AML tables successfully acquired and loaded
[    1.382298] kernel: ACPI: Interpreter enabled
[    1.382420] kernel: ACPI: (supports S0 S3 S4 S5)
[    1.382424] kernel: ACPI: Using IOAPIC for interrupt routing
[    1.382515] kernel: PCI: Using host bridge windows from ACPI; if necessary, use "pci=nocrs" and report a bug
[    1.384137] kernel: ACPI: Enabled 2 GPEs in block 00 to 0F
[    1.431613] kernel: ACPI: PCI Root Bridge [PCI0] (domain 0000 [bus 00-ff])
[    1.431645] kernel: acpi PNP0A03:00: _OSC: OS supports [ASPM ClockPM Segments MSI HPX-Type3]
[    1.431823] kernel: acpi PNP0A03:00: fail to add MMCONFIG information, can't access extended PCI configuration space under this bridge.
[    1.432216] kernel: PCI host bridgek Driver - 3.2.6-k
[    3.951949] kernel: e1000e: Copyright(c) 1999 - 2015 Intel Corporation.
[    3.952044] kernel: sky2: driver version 1.30
[    3.952666] kernel: ehci_hcd: USB 2.0 'Enhanced' Host Controller (EHCI) Driver
[    3.952669] kernel: ehci-pci: EHCI PCI platform driver
[    3.952716] kernel: ohci_hcd: USB 1.1 'Open' Host Controller (OHCI) Driver
[    3.952729] kernel: ohci-pci: OHCI PCI platform driver
[    3.952782] kernel: uhci_hcd: USB Universal Host Controller Interface driver
[    3.953118] kernel: usbcore: registered new interface driver usblp
[    3.953180] kernel: usbcore: registered new interface driver usb-storage
[    3.953330] kernel: i8042: PNP: PS/2 Controller [PNP0303:KBD,PNP0f13:MOU] at 0x60,0x64 irq 1,12
[    3.954080] kernel: serio: i8042 KBD port at 0x60,0x64 irq 1
[    3.954099] kernel: serio: i8042 AUX port at 0x60,0x64 irq 12
[    3.955468] kernel: input: AT Translated Set 2 keyboard as /devices/platform/i8042/serio0/input/input1
[    3.956124] kernes, linear)
[    1.355903] kernel: PM: RTC time: 13:41:37, date: 2023-03-25
[    1.356446] kernel: NET: Registered protocol family 16
[    1.357233] kernel: audit: initializing netlink subsys (disabled)
[    1.357313] kernel: audit: type=2000 audit(1679751697.871:1): state=initialized audit_enabled=0 res=1
[    1.358130] kernel: cpuidle: using governor menu
[    1.358467] kernel: KVM setup pv remote TLB flush
[    1.358471] kernel: ACPI: bus type PCI registered
[    1.358964] kernel: PCI: Using configuration type 1 for base access
[    1.389434] kernel: HugeTLB registered 2.00 MiB page size, pre-allocated 0 pages
[    1.389434] kernel: cryptomgr_test (25) used greatest stack depth: 30776 bytes left
[    1.390193] kernel: kworker/u4:0 (27) used greatest stack depth: 28296 bytes left
[    1.394281] kernel: ACPI: Added _OSI(Module Device)
[    1.394283] kernel: ACPI: Added _OSI(Processor Device)
[    1.394285] kernel: ACPI: Added _OSI(3.0 _SCP Extensions)
[    1.394287] kernel: ACPI: Adde to bus 0000:00
[    1.432229] kernel: pci_bus 0000:00: root bus resource [io  0x0000-0x0cf7 window]
[    1.432240] kernel: pci_bus 0000:00: root bus resource [io  0x0d00-0xffff window]
[    1.432251] kernel: pci_bus 0000:00: root bus resource [mem 0x000a0000-0x000bffff window]
[    1.432262] kernel: pci_bus 0000:00: root bus resource [mem 0xc0000000-0xfebfffff window]
[    1.432272] kernel: pci_bus 0000:00: root bus resource [mem 0x2c0000000-0x33fffffff window]
[    1.432283] kernel: pci_bus 0000:00: root bus resource [bus 00-ff]
[    1.432398] kernel: pci 0000:00:00.0: [8086:1237] type 00 class 0x060000
[    1.434426] kernel: pci 0000:00:01.0: [8086:7000] type 00 class 0x060100
[    1.436509] kernel: pci 0000:00:01.1: [8086:7010] type 00 class 0x010180
