2023/01/26 03:55:09 fuzzer started
2023/01/26 03:55:09 dialing manager at localhost:40269
2023/01/26 03:55:09 connecting to manager...
2023/01/26 03:55:09 syscalls: 51
2023/01/26 03:55:09 code coverage: enabled
2023/01/26 03:55:09 comparison tracing: enabled
2023/01/26 03:55:09 extra coverage: enabled
2023/01/26 03:55:09 setuid sandbox: enabled
2023/01/26 03:55:09 namespace sandbox: /proc/self/ns/user does not exist
2023/01/26 03:55:09 Android sandbox: /sys/fs/selinux/policy can't be opened (open /sys/fs/selinux/policy: invalid argument)
2023/01/26 03:55:09 fault injection: CONFIG_FAULT_INJECTION_DEBUG_FS or CONFIG_FAILSLAB are not enabled
2023/01/26 03:55:09 leak checking: CONFIG_DEBUG_KMEMLEAK is not enabled
2023/01/26 03:55:09 net packet injection: /dev/net/tun does not exist
2023/01/26 03:55:09 net device setup: enabled
2023/01/26 03:55:09 concurrency sanitizer: /sys/kernel/debug/kcsan does not exist
2023/01/26 03:55:09 devlink PCI setup: enabled
2023/01/26 03:55:09 USB emulation: /dev/raw-gadget does not exist
2023/01/26 03:55:09 hci packet injection: /dev/vhci does not exist
2023/01/26 03:55:09 wifi device emulation: /sys/class/mac80211_hwsim/ does not exist
2023/01/26 03:55:09 802.15.4 emulation: /sys/bus/platform/devices/mac802154_hwsim does not exist
2023/01/26 03:55:09 poll: candidates=0 inputs=50 signal=2000
2023/01/26 03:55:09 deserializeInput: hasCrash false hasNet false
2023/01/26 03:55:09 prog length: 3
2023/01/26 03:55:09 deserializeInput: hasCrash false hasNet false
2023/01/26 03:55:09 prog length: 4
2023/01/26 03:55:09 deserializeInput: hasCrash false hasNet false
2023/01/26 03:55:09 prog length: 2
2023/01/26 03:55:09 deserializeInput: hasCrash false hasNet false
2023/01/26 03:55:09 prog length: 1
2023/01/26 03:55:09 deserializeInput: hasCrash false hasNet false
2023/01/26 03:55:09 prog length: 4
2023/01/26 03:55:09 deserializeInput: hasCrash false hasNet false
2023/01/26 03:55:09 prog length: 2
2023/01/26 03:55:09 deserializeInput: hasCrash true hasNet false
2023/01/26 03:55:09 prog length: 6
2023/01/26 03:55:09 prog length: 3
2023/01/26 03:55:09 deserializeInput: hasCrash false hasNet false
2023/01/26 03:55:09 prog length: 2
2023/01/26 03:55:09 deserializeInput: hasCrash false hasNet false
2023/01/26 03:55:09 prog length: 4
2023/01/26 03:55:09 deserializeInput: hasCrash false hasNet false
2023/01/26 03:55:09 prog length: 2
2023/01/26 03:55:09 deserializeInput: hasCrash true hasNet false
2023/01/26 03:55:09 prog length: 6
2023/01/26 03:55:09 prog length: 3
2023/01/26 03:55:09 deserializeInput: hasCrash false hasNet false
2023/01/26 03:55:09 prog length: 2
2023/01/26 03:55:09 deserializeInput: hasCrash false hasNet false
2023/01/26 03:55:09 prog length: 2
2023/01/26 03:55:09 deserializeInput: hasCrash true hasNet false
2023/01/26 03:55:09 prog length: 6
2023/01/26 03:55:09 prog length: 4
2023/01/26 03:55:09 deserializeInput: hasCrash false hasNet false
2023/01/26 03:55:09 prog length: 4
2023/01/26 03:55:09 deserializeInput: hasCrash false hasNet false
2023/01/26 03:55:09 prog length: 4
2023/01/26 03:55:09 deserializeInput: hasCrash false hasNet false
2023/01/26 03:55:09 prog length: 2
2023/01/26 03:55:09 deserializeInput: hasCrash false hasNet false
2023/01/26 03:55:09 prog length: 2
2023/01/26 03:55:09 deserializeInput: hasCrash false hasNet false
2023/01/26 03:55:09 prog length: 2
2023/01/26 03:55:09 deserializeInput: hasCrash false hasNet true
2023/01/26 03:55:09 prog length: 6
2023/01/26 03:55:09 prog length: 12
2023/01/26 03:55:09 deserializeInput: hasCrash false hasNet false
2023/01/26 03:55:09 prog length: 1
2023/01/26 03:55:09 deserializeInput: hasCrash false hasNet false
2023/01/26 03:55:09 prog length: 2
2023/01/26 03:55:09 deserializeInput: hasCrash false hasNet false
2023/01/26 03:55:09 prog length: 3
2023/01/26 03:55:09 deserializeInput: hasCrash false hasNet false
2023/01/26 03:55:09 prog length: 6
2023/01/26 03:55:09 deserializeInput: hasCrash false hasNet false
2023/01/26 03:55:09 prog length: 4
2023/01/26 03:55:09 deserializeInput: hasCrash false hasNet false
2023/01/26 03:55:09 prog length: 2
2023/01/26 03:55:09 deserializeInput: hasCrash false hasNet false
2023/01/26 03:55:09 prog length: 2
2023/01/26 03:55:09 deserializeInput: hasCrash false hasNet false
2023/01/26 03:55:09 prog length: 2
2023/01/26 03:55:09 deserializeInput: hasCrash false hasNet false
2023/01/26 03:55:09 prog length: 2
2023/01/26 03:55:09 deserializeInput: hasCrash false hasNet false
2023/01/26 03:55:09 prog length: 2
2023/01/26 03:55:09 deserializeInput: hasCrash true hasNet true
2023/01/26 03:55:09 prog length: 6
2023/01/26 03:55:09 prog length: 6
2023/01/26 03:55:09 prog length: 5
2023/01/26 03:55:09 deserializeInput: hasCrash false hasNet true
2023/01/26 03:55:09 prog length: 6
2023/01/26 03:55:09 prog length: 12
2023/01/26 03:55:09 prog length: 10
2023/01/26 03:55:09 deserializeInput: hasCrash false hasNet false
2023/01/26 03:55:09 prog length: 2
2023/01/26 03:55:09 deserializeInput: hasCrash false hasNet false
2023/01/26 03:55:09 prog length: 2
2023/01/26 03:55:09 deserializeInput: hasCrash false hasNet false
2023/01/26 03:55:09 prog length: 2
2023/01/26 03:55:09 deserializeInput: hasCrash false hasNet false
2023/01/26 03:55:09 prog length: 3
2023/01/26 03:55:09 deserializeInput: hasCrash false hasNet false
2023/01/26 03:55:09 prog length: 2
2023/01/26 03:55:09 deserializeInput: hasCrash false hasNet false
2023/01/26 03:55:09 prog length: 2
2023/01/26 03:55:09 deserializeInput: hasCrash false hasNet false
2023/01/26 03:55:09 prog length: 4
2023/01/26 03:55:09 deserializeInput: hasCrash false hasNet true
2023/01/26 03:55:09 prog length: 6
2023/01/26 03:55:09 prog length: 7
2023/01/26 03:55:09 deserializeInput: hasCrash false hasNet false
2023/01/26 03:55:09 prog length: 2
2023/01/26 03:55:09 deserializeInput: hasCrash false hasNet false
2023/01/26 03:55:09 prog length: 2
2023/01/26 03:55:09 deserializeInput: hasCrash false hasNet false
2023/01/26 03:55:09 prog length: 2
2023/01/26 03:55:09 deserializeInput: hasCrash false hasNet false
2023/01/26 03:55:09 prog length: 1
2023/01/26 03:55:09 deserializeInput: hasCrash false hasNet false
2023/01/26 03:55:09 prog length: 4
2023/01/26 03:55:09 deserializeInput: hasCrash false hasNet false
2023/01/26 03:55:09 prog length: 1
2023/01/26 03:55:09 deserializeInput: hasCrash false hasNet false
2023/01/26 03:55:09 prog length: 3
2023/01/26 03:55:09 deserializeInput: hasCrash false hasNet false
2023/01/26 03:55:09 prog length: 2
2023/01/26 03:55:09 deserializeInput: hasCrash false hasNet false
2023/01/26 03:55:09 prog length: 2
2023/01/26 03:55:09 deserializeInput: hasCrash false hasNet false
2023/01/26 03:55:09 prog length: 1
2023/01/26 03:55:09 fetching corpus: 50, signal 6312/22212/27669 (executing program)
2023/01/26 03:55:09 poll: candidates=0 inputs=50 signal=2000
2023/01/26 03:55:09 deserializeInput: hasCrash true hasNet false
2023/01/26 03:55:09 prog length: 6
2023/01/26 03:55:09 prog length: 4
2023/01/26 03:55:09 deserializeInput: hasCrash false hasNet false
2023/01/26 03:55:09 prog length: 1
2023/01/26 03:55:09 deserializeInput: hasCrash false hasNet false
2023/01/26 03:55:09 prog length: 2
2023/01/26 03:55:09 deserializeInput: hasCrash false hasNet false
2023/01/26 03:55:09 prog length: 2
2023/01/26 03:55:09 deserializeInput: hasCrash false hasNet false
2023/01/26 03:55:09 prog length: 1
2023/01/26 03:55:09 deserializeInput: hasCrash false hasNet false
2023/01/26 03:55:09 prog length: 3
2023/01/26 03:55:09 deserializeInput: hasCrash false hasNet false
2023/01/26 03:55:09 prog length: 2
2023/01/26 03:55:09 deserializeInput: hasCrash false hasNet false
2023/01/26 03:55:09 prog length: 1
2023/01/26 03:55:09 deserializeInput: hasCrash false hasNet true
2023/01/26 03:55:09 prog length: 18
2023/01/26 03:55:09 prog length: 9
2023/01/26 03:55:09 deserializeInput: hasCrash false hasNet false
2023/01/26 03:55:09 prog length: 1
2023/01/26 03:55:09 deserializeInput: hasCrash false hasNet true
2023/01/26 03:55:09 prog length: 6
2023/01/26 03:55:09 prog length: 20
2023/01/26 03:55:09 deserializeInput: hasCrash false hasNet true
2023/01/26 03:55:09 prog length: 6
2023/01/26 03:55:09 prog length: 6
2023/01/26 03:55:09 deserializeInput: hasCrash false hasNet false
2023/01/26 03:55:09 prog length: 2
2023/01/26 03:55:09 deserializeInput: hasCrash false hasNet false
2023/01/26 03:55:09 prog length: 3
2023/01/26 03:55:09 deserializeInput: hasCrash false hasNet false
2023/01/26 03:55:09 prog length: 3
2023/01/26 03:55:09 deserializeInput: hasCrash false hasNet false
2023/01/26 03:55:09 prog length: 5
2023/01/26 03:55:09 deserializeInput: hasCrash false hasNet false
2023/01/26 03:55:09 prog length: 3
2023/01/26 03:55:09 deserializeInput: hasCrash false hasNet false
2023/01/26 03:55:09 prog length: 7
2023/01/26 03:55:09 deserializeInput: hasCrash false hasNet false
2023/01/26 03:55:09 prog length: 2
2023/01/26 03:55:09 deserializeInput: hasCrash false hasNet false
2023/01/26 03:55:09 prog length: 2
2023/01/26 03:55:09 deserializeInput: hasCrash false hasNet false
2023/01/26 03:55:09 prog length: 2
2023/01/26 03:55:09 deserializeInput: hasCrash false hasNet false
2023/01/26 03:55:09 prog length: 2
2023/01/26 03:55:09 deserializeInput: hasCrash false hasNet true
2023/01/26 03:55:09 prog length: 6
2023/01/26 03:55:09 prog length: 20
2023/01/26 03:55:09 deserializeInput: hasCrash false hasNet false
2023/01/26 03:55:09 prog length: 2
2023/01/26 03:55:09 deserializeInput: hasCrash false hasNet false
2023/01/26 03:55:09 prog length: 1
2023/01/26 03:55:09 deserializeInput: hasCrash false hasNet false
2023/01/26 03:55:09 prog length: 2
2023/01/26 03:55:09 deserializeInput: hasCrash false hasNet false
2023/01/26 03:55:09 prog length: 2
2023/01/26 03:55:09 deserializeInput: hasCrash false hasNet false
2023/01/26 03:55:09 prog length: 2
2023/01/26 03:55:09 deserializeInput: hasCrash false hasNet false
2023/01/26 03:55:09 prog length: 2
2023/01/26 03:55:09 deserializeInput: hasCrash false hasNet false
2023/01/26 03:55:09 prog length: 2
2023/01/26 03:55:09 deserializeInput: hasCrash false hasNet false
2023/01/26 03:55:09 prog length: 6
2023/01/26 03:55:09 deserializeInput: hasCrash false hasNet false
2023/01/26 03:55:09 prog length: 3
2023/01/26 03:55:09 deserializeInput: hasCrash false hasNet false
2023/01/26 03:55:09 prog length: 2
2023/01/26 03:55:09 deserializeInput: hasCrash false hasNet true
2023/01/26 03:55:09 prog length: 6
2023/01/26 03:55:09 prog length: 19
2023/01/26 03:55:09 deserializeInput: hasCrash false hasNet false
2023/01/26 03:55:09 prog length: 2
2023/01/26 03:55:09 deserializeInput: hasCrash false hasNet false
2023/01/26 03:55:09 prog length: 2
2023/01/26 03:55:09 deserializeInput: hasCrash false hasNet false
2023/01/26 03:55:09 prog length: 1
2023/01/26 03:55:09 deserializeInput: hasCrash false hasNet false
2023/01/26 03:55:09 prog length: 11
2023/01/26 03:55:09 deserializeInput: hasCrash false hasNet false
2023/01/26 03:55:09 prog length: 2
2023/01/26 03:55:09 deserializeInput: hasCrash false hasNet false
2023/01/26 03:55:09 prog length: 2
2023/01/26 03:55:09 deserializeInput: hasCrash false hasNet false
2023/01/26 03:55:09 prog length: 2
2023/01/26 03:55:09 deserializeInput: hasCrash false hasNet false
2023/01/26 03:55:09 prog length: 1
2023/01/26 03:55:09 deserializeInput: hasCrash false hasNet false
2023/01/26 03:55:09 prog length: 1
2023/01/26 03:55:09 deserializeInput: hasCrash false hasNet true
2023/01/26 03:55:09 prog length: 6
2023/01/26 03:55:09 prog length: 5
2023/01/26 03:55:09 deserializeInput: hasCrash false hasNet false
2023/01/26 03:55:09 prog length: 4
2023/01/26 03:55:09 deserializeInput: hasCrash false hasNet false
2023/01/26 03:55:09 prog length: 2
2023/01/26 03:55:09 deserializeInput: hasCrash false hasNet false
2023/01/26 03:55:09 prog length: 6
2023/01/26 03:55:09 deserializeInput: hasCrash false hasNet true
2023/01/26 03:55:09 prog length: 6
2023/01/26 03:55:09 prog length: 4
2023/01/26 03:55:09 deserializeInput: hasCrash false hasNet false
2023/01/26 03:55:09 prog length: 6
2023/01/26 03:55:09 deserializeInput: hasCrash true hasNet false
2023/01/26 03:55:09 prog length: 6
2023/01/26 03:55:09 prog length: 3
2023/01/26 03:55:09 fetching corpus: 100, signal 7738/25362/32620 (executing program)
2023/01/26 03:55:10 poll: candidates=0 inputs=50 signal=2000
2023/01/26 03:55:10 deserializeInput: hasCrash true hasNet true
2023/01/26 03:55:10 prog length: 6
2023/01/26 03:55:10 prog length: 12
2023/01/26 03:55:10 prog length: 9
2023/01/26 03:55:10 deserializeInput: hasCrash false hasNet false
2023/01/26 03:55:10 prog length: 1
2023/01/26 03:55:10 deserializeInput: hasCrash false hasNet false
2023/01/26 03:55:10 prog length: 2
2023/01/26 03:55:10 deserializeInput: hasCrash false hasNet false
2023/01/26 03:55:10 prog length: 2
2023/01/26 03:55:10 deserializeInput: hasCrash false hasNet false
2023/01/26 03:55:10 prog length: 2
2023/01/26 03:55:10 deserializeInput: hasCrash false hasNet false
2023/01/26 03:55:10 prog length: 2
2023/01/26 03:55:10 deserializeInput: hasCrash true hasNet false
2023/01/26 03:55:10 prog length: 6
2023/01/26 03:55:10 prog length: 3
2023/01/26 03:55:10 deserializeInput: hasCrash false hasNet false
2023/01/26 03:55:10 prog length: 1
2023/01/26 03:55:10 deserializeInput: hasCrash false hasNet true
2023/01/26 03:55:10 prog length: 18
2023/01/26 03:55:10 prog length: 12
2023/01/26 03:55:10 deserializeInput: hasCrash false hasNet false
2023/01/26 03:55:10 prog length: 1
2023/01/26 03:55:10 deserializeInput: hasCrash false hasNet false
2023/01/26 03:55:10 prog length: 2
2023/01/26 03:55:10 deserializeInput: hasCrash false hasNet false
2023/01/26 03:55:10 prog length: 3
2023/01/26 03:55:10 deserializeInput: hasCrash false hasNet false
2023/01/26 03:55:10 prog length: 3
2023/01/26 03:55:10 deserializeInput: hasCrash false hasNet false
2023/01/26 03:55:10 prog length: 2
2023/01/26 03:55:10 deserializeInput: hasCrash false hasNet false
2023/01/26 03:55:10 prog length: 1
2023/01/26 03:55:10 deserializeInput: hasCrash false hasNet false
2023/01/26 03:55:10 prog length: 2
2023/01/26 03:55:10 deserializeInput: hasCrash false hasNet false
2023/01/26 03:55:10 prog length: 6
2023/01/26 03:55:10 deserializeInput: hasCrash false hasNet false
2023/01/26 03:55:10 prog length: 2
2023/01/26 03:55:10 deserializeInput: hasCrash true hasNet false
2023/01/26 03:55:10 prog length: 18
2023/01/26 03:55:10 prog length: 8
2023/01/26 03:55:10 deserializeInput: hasCrash false hasNet false
2023/01/26 03:55:10 prog length: 2
2023/01/26 03:55:10 deserializeInput: hasCrash false hasNet false
2023/01/26 03:55:10 prog length: 2
2023/01/26 03:55:10 deserializeInput: hasCrash false hasNet false
2023/01/26 03:55:10 prog length: 2
2023/01/26 03:55:10 deserializeInput: hasCrash false hasNet false
2023/01/26 03:55:10 prog length: 3
2023/01/26 03:55:10 deserializeInput: hasCrash false hasNet false
2023/01/26 03:55:10 prog length: 1
2023/01/26 03:55:10 deserializeInput: hasCrash false hasNet false
2023/01/26 03:55:10 prog length: 4
2023/01/26 03:55:10 deserializeInput: hasCrash false hasNet false
2023/01/26 03:55:10 prog length: 1
2023/01/26 03:55:10 deserializeInput: hasCrash false hasNet false
2023/01/26 03:55:10 prog length: 2
2023/01/26 03:55:10 deserializeInput: hasCrash false hasNet false
2023/01/26 03:55:10 prog length: 3
2023/01/26 03:55:10 deserializeInput: hasCrash false hasNet false
2023/01/26 03:55:10 prog length: 2
2023/01/26 03:55:10 deserializeInput: hasCrash false hasNet false
2023/01/26 03:55:10 prog length: 2
2023/01/26 03:55:10 deserializeInput: hasCrash false hasNet true
2023/01/26 03:55:10 prog length: 6
2023/01/26 03:55:10 prog length: 6
2023/01/26 03:55:10 prog length: 7
2023/01/26 03:55:10 deserializeInput: hasCrash false hasNet false
2023/01/26 03:55:10 prog length: 3
2023/01/26 03:55:10 deserializeInput: hasCrash false hasNet false
2023/01/26 03:55:10 prog length: 2
2023/01/26 03:55:10 deserializeInput: hasCrash false hasNet false
2023/01/26 03:55:10 prog length: 1
2023/01/26 03:55:10 deserializeInput: hasCrash false hasNet false
2023/01/26 03:55:10 prog length: 1
2023/01/26 03:55:10 deserializeInput: hasCrash false hasNet false
2023/01/26 03:55:10 prog length: 1
2023/01/26 03:55:10 deserializeInput: hasCrash false hasNet false
2023/01/26 03:55:10 prog length: 1
2023/01/26 03:55:10 deserializeInput: hasCrash false hasNet false
2023/01/26 03:55:10 prog length: 2
2023/01/26 03:55:10 deserializeInput: hasCrash false hasNet false
2023/01/26 03:55:10 prog length: 5
2023/01/26 03:55:10 deserializeInput: hasCrash false hasNet false
2023/01/26 03:55:10 prog length: 1
2023/01/26 03:55:10 deserializeInput: hasCrash false hasNet false
2023/01/26 03:55:10 prog length: 2
2023/01/26 03:55:10 deserializeInput: hasCrash false hasNet false
2023/01/26 03:55:10 prog length: 2
2023/01/26 03:55:10 deserializeInput: hasCrash false hasNet false
2023/01/26 03:55:10 prog length: 2
2023/01/26 03:55:10 deserializeInput: hasCrash false hasNet false
2023/01/26 03:55:10 prog length: 1
2023/01/26 03:55:10 deserializeInput: hasCrash true hasNet false
2023/01/26 03:55:10 prog length: 6
2023/01/26 03:55:10 prog length: 3
2023/01/26 03:55:10 deserializeInput: hasCrash false hasNet false
2023/01/26 03:55:10 prog length: 1
2023/01/26 03:55:10 deserializeInput: hasCrash false hasNet false
2023/01/26 03:55:10 prog length: 2
2023/01/26 03:55:10 deserializeInput: hasCrash false hasNet false
2023/01/26 03:55:10 prog length: 1
2023/01/26 03:55:10 deserializeInput: hasCrash false hasNet false
2023/01/26 03:55:10 prog length: 1
2023/01/26 03:55:10 deserializeInput: hasCrash false hasNet false
2023/01/26 03:55:10 prog length: 2
2023/01/26 03:55:10 fetching corpus: 150, signal 8299/27988/36019 (executing program)
2023/01/26 03:55:10 poll: candidates=0 inputs=50 signal=2000
2023/01/26 03:55:10 deserializeInput: hasCrash false hasNet true
2023/01/26 03:55:10 prog length: 6
2023/01/26 03:55:10 prog length: 20
2023/01/26 03:55:10 deserializeInput: hasCrash false hasNet false
2023/01/26 03:55:10 prog length: 2
2023/01/26 03:55:10 deserializeInput: hasCrash false hasNet true
2023/01/26 03:55:10 prog length: 6
2023/01/26 03:55:10 prog length: 16
2023/01/26 03:55:10 deserializeInput: hasCrash false hasNet false
2023/01/26 03:55:10 prog length: 1
2023/01/26 03:55:10 deserializeInput: hasCrash false hasNet true
2023/01/26 03:55:10 prog length: 6
2023/01/26 03:55:10 prog length: 20
2023/01/26 03:55:10 deserializeInput: hasCrash false hasNet false
2023/01/26 03:55:10 prog length: 3
2023/01/26 03:55:10 deserializeInput: hasCrash false hasNet false
2023/01/26 03:55:10 prog length: 3
2023/01/26 03:55:10 deserializeInput: hasCrash false hasNet false
2023/01/26 03:55:10 prog length: 3
2023/01/26 03:55:10 deserializeInput: hasCrash false hasNet false
2023/01/26 03:55:10 prog length: 3
2023/01/26 03:55:10 deserializeInput: hasCrash false hasNet false
2023/01/26 03:55:10 prog length: 3
2023/01/26 03:55:10 deserializeInput: hasCrash false hasNet true
2023/01/26 03:55:10 prog length: 18
2023/01/26 03:55:10 prog length: 9
2023/01/26 03:55:10 deserializeInput: hasCrash false hasNet false
2023/01/26 03:55:10 prog length: 3
2023/01/26 03:55:10 deserializeInput: hasCrash false hasNet false
2023/01/26 03:55:10 prog length: 4
2023/01/26 03:55:10 deserializeInput: hasCrash false hasNet false
2023/01/26 03:55:10 prog length: 4
2023/01/26 03:55:10 deserializeInput: hasCrash false hasNet false
2023/01/26 03:55:10 prog length: 2
2023/01/26 03:55:10 deserializeInput: hasCrash false hasNet false
2023/01/26 03:55:10 prog length: 13
2023/01/26 03:55:10 deserializeInput: hasCrash false hasNet false
2023/01/26 03:55:10 prog length: 5
2023/01/26 03:55:10 deserializeInput: hasCrash false hasNet false
2023/01/26 03:55:10 prog length: 1
2023/01/26 03:55:10 deserializeInput: hasCrash false hasNet false
2023/01/26 03:55:10 prog length: 1
2023/01/26 03:55:10 deserializeInput: hasCrash false hasNet false
2023/01/26 03:55:10 prog length: 3
2023/01/26 03:55:10 deserializeInput: hasCrash false hasNet false
2023/01/26 03:55:10 prog length: 1
2023/01/26 03:55:10 deserializeInput: hasCrash false hasNet false
2023/01/26 03:55:10 prog length: 2
2023/01/26 03:55:10 deserializeInput: hasCrash false hasNet false
2023/01/26 03:55:10 prog length: 1
2023/01/26 03:55:10 deserializeInput: hasCrash false hasNet false
2023/01/26 03:55:10 prog length: 1
2023/01/26 03:55:10 deserializeInput: hasCrash false hasNet false
2023/01/26 03:55:10 prog length: 1
2023/01/26 03:55:10 deserializeInput: hasCrash false hasNet true
2023/01/26 03:55:10 prog length: 6
2023/01/26 03:55:10 prog length: 20
2023/01/26 03:55:10 deserializeInput: hasCrash false hasNet false
2023/01/26 03:55:10 prog length: 16
2023/01/26 03:55:10 deserializeInput: hasCrash false hasNet false
2023/01/26 03:55:10 prog length: 1
2023/01/26 03:55:10 deserializeInput: hasCrash false hasNet false
2023/01/26 03:55:10 prog length: 2
2023/01/26 03:55:10 deserializeInput: hasCrash false hasNet false
2023/01/26 03:55:10 prog length: 6
2023/01/26 03:55:10 deserializeInput: hasCrash false hasNet false
2023/01/26 03:55:10 prog length: 4
2023/01/26 03:55:10 deserializeInput: hasCrash false hasNet false
2023/01/26 03:55:10 prog length: 2
2023/01/26 03:55:10 deserializeInput: hasCrash false hasNet true
2023/01/26 03:55:10 prog length: 6
2023/01/26 03:55:10 prog length: 5
2023/01/26 03:55:10 deserializeInput: hasCrash false hasNet false
2023/01/26 03:55:10 prog length: 1
2023/01/26 03:55:10 deserializeInput: hasCrash true hasNet false
2023/01/26 03:55:10 prog length: 6
2023/01/26 03:55:10 prog length: 4
2023/01/26 03:55:10 deserializeInput: hasCrash false hasNet false
2023/01/26 03:55:10 prog length: 3
2023/01/26 03:55:10 deserializeInput: hasCrash false hasNet false
2023/01/26 03:55:10 prog length: 3
2023/01/26 03:55:10 deserializeInput: hasCrash false hasNet false
2023/01/26 03:55:10 prog length: 2
2023/01/26 03:55:10 deserializeInput: hasCrash false hasNet false
2023/01/26 03:55:10 prog length: 2
2023/01/26 03:55:10 deserializeInput: hasCrash false hasNet false
2023/01/26 03:55:10 prog length: 2
2023/01/26 03:55:10 deserializeInput: hasCrash false hasNet true
2023/01/26 03:55:10 prog length: 6
2023/01/26 03:55:10 prog length: 14
2023/01/26 03:55:10 deserializeInput: hasCrash false hasNet false
2023/01/26 03:55:10 prog length: 3
2023/01/26 03:55:10 deserializeInput: hasCrash true hasNet false
2023/01/26 03:55:10 prog length: 6
2023/01/26 03:55:10 prog length: 4
2023/01/26 03:55:10 deserializeInput: hasCrash false hasNet false
2023/01/26 03:55:10 prog length: 1
2023/01/26 03:55:10 deserializeInput: hasCrash false hasNet true
2023/01/26 03:55:10 prog length: 6
2023/01/26 03:55:10 prog length: 4
2023/01/26 03:55:10 deserializeInput: hasCrash false hasNet false
2023/01/26 03:55:10 prog length: 3
2023/01/26 03:55:10 deserializeInput: hasCrash false hasNet false
2023/01/26 03:55:10 prog length: 1
2023/01/26 03:55:10 deserializeInput: hasCrash false hasNet true
2023/01/26 03:55:10 prog length: 6
2023/01/26 03:55:10 prog length: 20
2023/01/26 03:55:10 deserializeInput: hasCrash false hasNet false
2023/01/26 03:55:10 prog length: 2
2023/01/26 03:55:10 deserializeInput: hasCrash true hasNet false
2023/01/26 03:55:10 prog length: 6
2023/01/26 03:55:10 prog length: 3
2023/01/26 03:55:10 fetching corpus: 200, signal 8664/28564/37310 (executing program)
2023/01/26 03:55:10 poll: candidates=0 inputs=50 signal=2000
2023/01/26 03:55:10 deserializeInput: hasCrash false hasNet false
2023/01/26 03:55:10 prog length: 3
2023/01/26 03:55:10 deserializeInput: hasCrash true hasNet false
2023/01/26 03:55:10 prog length: 6
2023/01/26 03:55:10 prog length: 4
2023/01/26 03:55:10 deserializeInput: hasCrash false hasNet true
2023/01/26 03:55:10 prog length: 6
2023/01/26 03:55:10 prog length: 20
2023/01/26 03:55:10 deserializeInput: hasCrash false hasNet false
2023/01/26 03:55:10 prog length: 2
2023/01/26 03:55:10 deserializeInput: hasCrash false hasNet false
2023/01/26 03:55:10 prog length: 2
2023/01/26 03:55:10 deserializeInput: hasCrash false hasNet false
2023/01/26 03:55:10 prog length: 6
2023/01/26 03:55:10 deserializeInput: hasCrash false hasNet false
2023/01/26 03:55:10 prog length: 2
2023/01/26 03:55:10 deserializeInput: hasCrash false hasNet false
2023/01/26 03:55:10 prog length: 2
2023/01/26 03:55:10 deserializeInput: hasCrash false hasNet false
2023/01/26 03:55:10 prog length: 1
2023/01/26 03:55:10 deserializeInput: hasCrash false hasNet false
2023/01/26 03:55:10 prog length: 2
2023/01/26 03:55:10 deserializeInput: hasCrash false hasNet false
2023/01/26 03:55:10 prog length: 1
2023/01/26 03:55:10 deserializeInput: hasCrash false hasNet false
2023/01/26 03:55:10 prog length: 2
2023/01/26 03:55:10 deserializeInput: hasCrash false hasNet false
2023/01/26 03:55:10 prog length: 2
2023/01/26 03:55:10 deserializeInput: hasCrash false hasNet false
2023/01/26 03:55:10 prog length: 2
2023/01/26 03:55:10 deserializeInput: hasCrash false hasNet false
2023/01/26 03:55:10 prog length: 2
2023/01/26 03:55:10 deserializeInput: hasCrash false hasNet false
2023/01/26 03:55:10 prog length: 3
2023/01/26 03:55:10 deserializeInput: hasCrash false hasNet false
2023/01/26 03:55:10 prog length: 2
2023/01/26 03:55:10 deserializeInput: hasCrash false hasNet false
2023/01/26 03:55:10 prog length: 1
2023/01/26 03:55:10 deserializeInput: hasCrash false hasNet true
2023/01/26 03:55:10 prog length: 6
2023/01/26 03:55:10 prog length: 18
2023/01/26 03:55:10 deserializeInput: hasCrash false hasNet false
2023/01/26 03:55:10 prog length: 2
2023/01/26 03:55:10 deserializeInput: hasCrash false hasNet false
2023/01/26 03:55:10 prog length: 2
2023/01/26 03:55:10 deserializeInput: hasCrash false hasNet false
2023/01/26 03:55:10 prog length: 2
2023/01/26 03:55:10 deserializeInput: hasCrash false hasNet false
2023/01/26 03:55:10 prog length: 1
2023/01/26 03:55:10 deserializeInput: hasCrash false hasNet false
2023/01/26 03:55:10 prog length: 9
2023/01/26 03:55:10 deserializeInput: hasCrash false hasNet false
2023/01/26 03:55:10 prog length: 4
2023/01/26 03:55:10 deserializeInput: hasCrash false hasNet false
2023/01/26 03:55:10 prog length: 2
2023/01/26 03:55:10 deserializeInput: hasCrash false hasNet false
2023/01/26 03:55:10 prog length: 3
2023/01/26 03:55:10 deserializeInput: hasCrash true hasNet false
2023/01/26 03:55:10 prog length: 6
2023/01/26 03:55:10 prog length: 3
2023/01/26 03:55:10 deserializeInput: hasCrash false hasNet false
2023/01/26 03:55:10 prog length: 1
2023/01/26 03:55:10 deserializeInput: hasCrash false hasNet false
2023/01/26 03:55:10 prog length: 2
2023/01/26 03:55:10 deserializeInput: hasCrash false hasNet false
2023/01/26 03:55:10 prog length: 1
2023/01/26 03:55:10 deserializeInput: hasCrash false hasNet false
2023/01/26 03:55:10 prog length: 2
2023/01/26 03:55:10 deserializeInput: hasCrash false hasNet false
2023/01/26 03:55:10 prog length: 1
2023/01/26 03:55:10 deserializeInput: hasCrash false hasNet false
2023/01/26 03:55:10 prog length: 2
2023/01/26 03:55:10 deserializeInput: hasCrash false hasNet false
2023/01/26 03:55:10 prog length: 4
2023/01/26 03:55:10 deserializeInput: hasCrash false hasNet false
2023/01/26 03:55:10 prog length: 2
2023/01/26 03:55:10 deserializeInput: hasCrash false hasNet true
2023/01/26 03:55:10 prog length: 6
2023/01/26 03:55:10 prog length: 14
2023/01/26 03:55:10 deserializeInput: hasCrash false hasNet false
2023/01/26 03:55:10 prog length: 3
2023/01/26 03:55:10 deserializeInput: hasCrash false hasNet false
2023/01/26 03:55:10 prog length: 5
2023/01/26 03:55:10 deserializeInput: hasCrash false hasNet false
2023/01/26 03:55:10 prog length: 1
2023/01/26 03:55:10 deserializeInput: hasCrash true hasNet true
2023/01/26 03:55:10 prog length: 12
2023/01/26 03:55:10 prog length: 6
2023/01/26 03:55:10 deserializeInput: hasCrash false hasNet false
2023/01/26 03:55:10 prog length: 1
2023/01/26 03:55:10 deserializeInput: hasCrash false hasNet false
2023/01/26 03:55:10 prog length: 6
2023/01/26 03:55:10 deserializeInput: hasCrash false hasNet false
2023/01/26 03:55:10 prog length: 2
2023/01/26 03:55:10 deserializeInput: hasCrash false hasNet false
2023/01/26 03:55:10 prog length: 2
2023/01/26 03:55:10 deserializeInput: hasCrash false hasNet true
2023/01/26 03:55:10 prog length: 6
2023/01/26 03:55:10 prog length: 20
2023/01/26 03:55:10 deserializeInput: hasCrash false hasNet true
2023/01/26 03:55:10 prog length: 6
2023/01/26 03:55:10 prog length: 16
2023/01/26 03:55:10 deserializeInput: hasCrash false hasNet false
2023/01/26 03:55:10 prog length: 4
2023/01/26 03:55:10 deserializeInput: hasCrash false hasNet false
2023/01/26 03:55:10 prog length: 2
2023/01/26 03:55:10 deserializeInput: hasCrash false hasNet false
2023/01/26 03:55:10 prog length: 1
2023/01/26 03:55:10 fetching corpus: 250, signal 8885/29528/38684 (executing program)
2023/01/26 03:55:10 poll: candidates=0 inputs=50 signal=2000
2023/01/26 03:55:10 deserializeInput: hasCrash true hasNet false
2023/01/26 03:55:10 prog length: 6
2023/01/26 03:55:10 prog length: 4
2023/01/26 03:55:10 deserializeInput: hasCrash false hasNet false
2023/01/26 03:55:10 prog length: 1
2023/01/26 03:55:10 deserializeInput: hasCrash false hasNet false
2023/01/26 03:55:10 prog length: 5
2023/01/26 03:55:10 deserializeInput: hasCrash true hasNet false
2023/01/26 03:55:10 prog length: 6
2023/01/26 03:55:10 prog length: 3
2023/01/26 03:55:10 deserializeInput: hasCrash false hasNet false
2023/01/26 03:55:10 prog length: 1
2023/01/26 03:55:10 deserializeInput: hasCrash false hasNet false
2023/01/26 03:55:10 prog length: 3
2023/01/26 03:55:10 deserializeInput: hasCrash false hasNet false
2023/01/26 03:55:10 prog length: 1
2023/01/26 03:55:10 deserializeInput: hasCrash true hasNet false
2023/01/26 03:55:10 prog length: 6
2023/01/26 03:55:10 prog length: 3
2023/01/26 03:55:10 deserializeInput: hasCrash false hasNet false
2023/01/26 03:55:10 prog length: 1
2023/01/26 03:55:10 deserializeInput: hasCrash false hasNet false
2023/01/26 03:55:10 prog length: 2
2023/01/26 03:55:10 deserializeInput: hasCrash false hasNet false
2023/01/26 03:55:10 prog length: 3
2023/01/26 03:55:10 deserializeInput: hasCrash false hasNet false
2023/01/26 03:55:10 prog length: 2
2023/01/26 03:55:10 deserializeInput: hasCrash true hasNet false
2023/01/26 03:55:10 prog length: 6
2023/01/26 03:55:10 prog length: 3
2023/01/26 03:55:10 deserializeInput: hasCrash false hasNet false
2023/01/26 03:55:10 prog length: 1
2023/01/26 03:55:10 deserializeInput: hasCrash false hasNet false
2023/01/26 03:55:10 prog length: 2
2023/01/26 03:55:10 deserializeInput: hasCrash false hasNet false
2023/01/26 03:55:10 prog length: 1
2023/01/26 03:55:10 deserializeInput: hasCrash false hasNet false
2023/01/26 03:55:10 prog length: 1
2023/01/26 03:55:10 deserializeInput: hasCrash false hasNet false
2023/01/26 03:55:10 prog length: 1
2023/01/26 03:55:10 deserializeInput: hasCrash false hasNet false
2023/01/26 03:55:10 prog length: 1
2023/01/26 03:55:10 deserializeInput: hasCrash false hasNet false
2023/01/26 03:55:10 prog length: 1
2023/01/26 03:55:10 deserializeInput: hasCrash true hasNet true
2023/01/26 03:55:10 prog length: 6
2023/01/26 03:55:10 prog length: 12
2023/01/26 03:55:10 prog length: 7
2023/01/26 03:55:10 deserializeInput: hasCrash false hasNet true
2023/01/26 03:55:10 prog length: 6
2023/01/26 03:55:10 prog length: 5
2023/01/26 03:55:10 deserializeInput: hasCrash false hasNet false
2023/01/26 03:55:10 prog length: 2
2023/01/26 03:55:10 deserializeInput: hasCrash false hasNet false
2023/01/26 03:55:10 prog length: 1
2023/01/26 03:55:10 deserializeInput: hasCrash false hasNet false
2023/01/26 03:55:10 prog length: 18
2023/01/26 03:55:10 deserializeInput: hasCrash false hasNet false
2023/01/26 03:55:10 prog length: 1
2023/01/26 03:55:10 deserializeInput: hasCrash false hasNet true
2023/01/26 03:55:10 prog length: 6
2023/01/26 03:55:10 prog length: 4
2023/01/26 03:55:10 deserializeInput: hasCrash false hasNet false
2023/01/26 03:55:10 prog length: 2
2023/01/26 03:55:10 deserializeInput: hasCrash false hasNet false
2023/01/26 03:55:10 prog length: 1
2023/01/26 03:55:10 deserializeInput: hasCrash false hasNet false
2023/01/26 03:55:10 prog length: 2
2023/01/26 03:55:10 deserializeInput: hasCrash false hasNet true
2023/01/26 03:55:10 prog length: 6
2023/01/26 03:55:10 prog length: 20
2023/01/26 03:55:10 deserializeInput: hasCrash false hasNet false
2023/01/26 03:55:10 prog length: 3
2023/01/26 03:55:10 deserializeInput: hasCrash false hasNet false
2023/01/26 03:55:10 prog length: 2
2023/01/26 03:55:10 deserializeInput: hasCrash false hasNet false
2023/01/26 03:55:10 prog length: 2
2023/01/26 03:55:10 deserializeInput: hasCrash false hasNet false
2023/01/26 03:55:10 prog length: 1
2023/01/26 03:55:10 deserializeInput: hasCrash false hasNet false
2023/01/26 03:55:10 prog length: 2
2023/01/26 03:55:10 deserializeInput: hasCrash false hasNet false
2023/01/26 03:55:10 prog length: 2
2023/01/26 03:55:10 deserializeInput: hasCrash false hasNet false
2023/01/26 03:55:10 prog length: 2
2023/01/26 03:55:10 deserializeInput: hasCrash false hasNet false
2023/01/26 03:55:10 prog length: 2
2023/01/26 03:55:10 deserializeInput: hasCrash false hasNet false
2023/01/26 03:55:10 prog length: 2
2023/01/26 03:55:10 deserializeInput: hasCrash false hasNet false
2023/01/26 03:55:10 prog length: 2
2023/01/26 03:55:10 deserializeInput: hasCrash false hasNet false
2023/01/26 03:55:10 prog length: 1
2023/01/26 03:55:10 deserializeInput: hasCrash false hasNet false
2023/01/26 03:55:10 prog length: 2
2023/01/26 03:55:10 deserializeInput: hasCrash false hasNet false
2023/01/26 03:55:10 prog length: 1
2023/01/26 03:55:10 deserializeInput: hasCrash false hasNet false
2023/01/26 03:55:10 prog length: 3
2023/01/26 03:55:10 deserializeInput: hasCrash false hasNet false
2023/01/26 03:55:10 prog length: 2
2023/01/26 03:55:10 deserializeInput: hasCrash false hasNet false
2023/01/26 03:55:10 prog length: 2
2023/01/26 03:55:10 deserializeInput: hasCrash false hasNet true
2023/01/26 03:55:10 prog length: 6
2023/01/26 03:55:10 prog length: 13
2023/01/26 03:55:10 deserializeInput: hasCrash false hasNet true
2023/01/26 03:55:10 prog length: 6
2023/01/26 03:55:10 prog length: 4
2023/01/26 03:55:10 deserializeInput: hasCrash false hasNet false
2023/01/26 03:55:10 prog length: 3
2023/01/26 03:55:10 fetching corpus: 300, signal 8904/30269/39669 (executing program)
2023/01/26 03:55:10 poll: candidates=0 inputs=50 signal=2000
2023/01/26 03:55:10 deserializeInput: hasCrash false hasNet false
2023/01/26 03:55:10 prog length: 2
2023/01/26 03:55:10 deserializeInput: hasCrash false hasNet false
2023/01/26 03:55:10 prog length: 2
2023/01/26 03:55:10 deserializeInput: hasCrash false hasNet false
2023/01/26 03:55:10 prog length: 2
2023/01/26 03:55:10 deserializeInput: hasCrash false hasNet false
2023/01/26 03:55:10 prog length: 2
2023/01/26 03:55:10 deserializeInput: hasCrash false hasNet false
2023/01/26 03:55:10 prog length: 2
2023/01/26 03:55:10 deserializeInput: hasCrash false hasNet false
2023/01/26 03:55:10 prog length: 3
2023/01/26 03:55:10 deserializeInput: hasCrash false hasNet false
2023/01/26 03:55:10 prog length: 3
2023/01/26 03:55:10 deserializeInput: hasCrash false hasNet false
2023/01/26 03:55:10 prog length: 3
2023/01/26 03:55:10 deserializeInput: hasCrash false hasNet false
2023/01/26 03:55:10 prog length: 3
2023/01/26 03:55:10 deserializeInput: hasCrash false hasNet false
2023/01/26 03:55:10 prog length: 2
2023/01/26 03:55:10 deserializeInput: hasCrash false hasNet false
2023/01/26 03:55:10 prog length: 1
2023/01/26 03:55:10 deserializeInput: hasCrash false hasNet true
2023/01/26 03:55:10 prog length: 6
2023/01/26 03:55:10 prog length: 20
2023/01/26 03:55:10 deserializeInput: hasCrash false hasNet true
2023/01/26 03:55:10 prog length: 6
2023/01/26 03:55:10 prog length: 4
2023/01/26 03:55:10 deserializeInput: hasCrash false hasNet false
2023/01/26 03:55:10 prog length: 1
2023/01/26 03:55:10 deserializeInput: hasCrash false hasNet false
2023/01/26 03:55:10 prog length: 2
2023/01/26 03:55:10 deserializeInput: hasCrash false hasNet true
2023/01/26 03:55:10 prog length: 6
2023/01/26 03:55:10 prog length: 5
2023/01/26 03:55:10 deserializeInput: hasCrash false hasNet false
2023/01/26 03:55:10 prog length: 4
2023/01/26 03:55:10 deserializeInput: hasCrash true hasNet true
2023/01/26 03:55:10 prog length: 6
2023/01/26 03:55:10 prog length: 6
2023/01/26 03:55:10 prog length: 7
2023/01/26 03:55:10 deserializeInput: hasCrash false hasNet false
2023/01/26 03:55:10 prog length: 6
2023/01/26 03:55:10 deserializeInput: hasCrash false hasNet false
2023/01/26 03:55:10 prog length: 2
2023/01/26 03:55:10 deserializeInput: hasCrash false hasNet false
2023/01/26 03:55:10 prog length: 2
2023/01/26 03:55:10 deserializeInput: hasCrash false hasNet false
2023/01/26 03:55:10 prog length: 3
2023/01/26 03:55:11 deserializeInput: hasCrash false hasNet false
2023/01/26 03:55:11 prog length: 2
2023/01/26 03:55:11 deserializeInput: hasCrash false hasNet false
2023/01/26 03:55:11 prog length: 3
2023/01/26 03:55:11 deserializeInput: hasCrash false hasNet false
2023/01/26 03:55:11 prog length: 3
2023/01/26 03:55:11 deserializeInput: hasCrash false hasNet false
2023/01/26 03:55:11 prog length: 1
2023/01/26 03:55:11 deserializeInput: hasCrash true hasNet false
2023/01/26 03:55:11 prog length: 6
2023/01/26 03:55:11 prog length: 3
2023/01/26 03:55:11 deserializeInput: hasCrash false hasNet false
2023/01/26 03:55:11 prog length: 1
2023/01/26 03:55:11 deserializeInput: hasCrash false hasNet false
2023/01/26 03:55:11 prog length: 2
2023/01/26 03:55:11 deserializeInput: hasCrash false hasNet false
2023/01/26 03:55:11 prog length: 1
2023/01/26 03:55:11 deserializeInput: hasCrash false hasNet false
2023/01/26 03:55:11 prog length: 2
2023/01/26 03:55:11 deserializeInput: hasCrash false hasNet false
2023/01/26 03:55:11 prog length: 1
2023/01/26 03:55:11 deserializeInput: hasCrash false hasNet false
2023/01/26 03:55:11 prog length: 2
2023/01/26 03:55:11 deserializeInput: hasCrash false hasNet false
2023/01/26 03:55:11 prog length: 1
2023/01/26 03:55:11 deserializeInput: hasCrash false hasNet false
2023/01/26 03:55:11 prog length: 4
2023/01/26 03:55:11 deserializeInput: hasCrash false hasNet false
2023/01/26 03:55:11 prog length: 2
2023/01/26 03:55:11 deserializeInput: hasCrash false hasNet false
2023/01/26 03:55:11 prog length: 3
2023/01/26 03:55:11 deserializeInput: hasCrash false hasNet false
2023/01/26 03:55:11 prog length: 5
2023/01/26 03:55:11 deserializeInput: hasCrash true hasNet false
2023/01/26 03:55:11 prog length: 6
2023/01/26 03:55:11 prog length: 3
2023/01/26 03:55:11 deserializeInput: hasCrash false hasNet false
2023/01/26 03:55:11 prog length: 1
2023/01/26 03:55:11 deserializeInput: hasCrash false hasNet true
2023/01/26 03:55:11 prog length: 6
2023/01/26 03:55:11 prog length: 4
2023/01/26 03:55:11 deserializeInput: hasCrash false hasNet false
2023/01/26 03:55:11 prog length: 1
2023/01/26 03:55:11 deserializeInput: hasCrash true hasNet false
2023/01/26 03:55:11 prog length: 6
2023/01/26 03:55:11 prog length: 3
2023/01/26 03:55:11 deserializeInput: hasCrash false hasNet false
2023/01/26 03:55:11 prog length: 2
2023/01/26 03:55:11 deserializeInput: hasCrash false hasNet false
2023/01/26 03:55:11 prog length: 11
2023/01/26 03:55:11 deserializeInput: hasCrash false hasNet false
2023/01/26 03:55:11 prog length: 2
2023/01/26 03:55:11 deserializeInput: hasCrash false hasNet true
2023/01/26 03:55:11 prog length: 6
2023/01/26 03:55:11 prog length: 18
2023/01/26 03:55:11 deserializeInput: hasCrash false hasNet false
2023/01/26 03:55:11 prog length: 9
2023/01/26 03:55:11 deserializeInput: hasCrash false hasNet false
2023/01/26 03:55:11 prog length: 2
2023/01/26 03:55:11 deserializeInput: hasCrash false hasNet false
2023/01/26 03:55:11 prog length: 2
2023/01/26 03:55:11 fetching corpus: 350, signal 9245/30975/40889 (executing program)
2023/01/26 03:55:11 poll: candidates=0 inputs=9 signal=2000
2023/01/26 03:55:11 deserializeInput: hasCrash false hasNet false
2023/01/26 03:55:11 prog length: 3
2023/01/26 03:55:11 deserializeInput: hasCrash false hasNet false
2023/01/26 03:55:11 prog length: 1
2023/01/26 03:55:11 deserializeInput: hasCrash false hasNet true
2023/01/26 03:55:11 prog length: 6
2023/01/26 03:55:11 prog length: 8
2023/01/26 03:55:11 deserializeInput: hasCrash false hasNet false
2023/01/26 03:55:11 prog length: 2
2023/01/26 03:55:11 deserializeInput: hasCrash true hasNet false
2023/01/26 03:55:11 prog length: 6
2023/01/26 03:55:11 prog length: 3
2023/01/26 03:55:11 deserializeInput: hasCrash false hasNet false
2023/01/26 03:55:11 prog length: 1
2023/01/26 03:55:11 deserializeInput: hasCrash false hasNet false
2023/01/26 03:55:11 prog length: 2
2023/01/26 03:55:11 deserializeInput: hasCrash false hasNet true
2023/01/26 03:55:11 prog length: 18
2023/01/26 03:55:11 prog length: 11
2023/01/26 03:55:11 deserializeInput: hasCrash false hasNet false
2023/01/26 03:55:11 prog length: 3
2023/01/26 03:55:11 fetching corpus: 359, signal 9250/31018/41328 (executing program)
2023/01/26 03:55:11 poll: candidates=0 inputs=0 signal=2000
2023/01/26 03:55:11 fetching corpus: 359, signal 9250/31018/41715 (executing program)
2023/01/26 03:55:11 poll: candidates=0 inputs=0 signal=2000
2023/01/26 03:55:11 fetching corpus: 359, signal 9250/31018/42119 (executing program)
2023/01/26 03:55:11 poll: candidates=0 inputs=0 signal=2000
2023/01/26 03:55:11 fetching corpus: 359, signal 9250/31018/42514 (executing program)
2023/01/26 03:55:11 poll: candidates=0 inputs=0 signal=2000
2023/01/26 03:55:11 fetching corpus: 359, signal 9250/31018/42914 (executing program)
2023/01/26 03:55:11 poll: candidates=0 inputs=0 signal=2000
2023/01/26 03:55:11 fetching corpus: 359, signal 9250/31018/43295 (executing program)
2023/01/26 03:55:11 poll: candidates=0 inputs=0 signal=2000
2023/01/26 03:55:11 fetching corpus: 359, signal 9250/31018/43703 (executing program)
2023/01/26 03:55:11 poll: candidates=0 inputs=0 signal=2000
2023/01/26 03:55:11 fetching corpus: 359, signal 9250/31018/44112 (executing program)
2023/01/26 03:55:11 poll: candidates=0 inputs=0 signal=85
2023/01/26 03:55:11 fetching corpus: 359, signal 9250/31018/44130 (executing program)
2023/01/26 03:55:11 poll: candidates=0 inputs=0 signal=0
2023/01/26 03:55:11 fetching corpus: 359, signal 9250/31018/44130 (executing program)
2023/01/26 03:55:11 sync: 3789, recv: 3787, send: 3788, up: 3790, down: 3784, net_up: 3786, net_down: 3785
2023/01/26 03:55:11 starting 1 fuzzer processes
2023/01/26 03:55:11 ----- generateCall 2814 rmdir rmdir
2023/01/26 03:55:11 ----- generateCall 3671 setxattr$smack_xattr_label setxattr$smack_xattr_label
2023/01/26 03:55:11 ----- generateCall 3678 setxattr$user setxattr$user
2023/01/26 03:55:11 ----- generateCall 2808 removexattr removexattr
2023/01/26 03:55:11 ----- generateCall 2458 open open
2023/01/26 03:55:11 ----- generateCall 2458 open open
2023/01/26 03:55:11 ----- generateCall 3678 setxattr$user setxattr$user
2023/01/26 03:55:11 ----- generateCall 121 chmod chmod
2023/01/26 03:55:11 ----- generateCall 2458 open open
2023/01/26 03:55:11 ----- generateCall 216 fdatasync fdatasync
2023/01/26 03:55:11 ----- generateCall 2723 pread64 pread64
2023/01/26 03:55:11 ----- generateCall 3968 unlink unlink
2023/01/26 03:55:11 ----- generateCall 3678 setxattr$user setxattr$user
2023/01/26 03:55:11 ----- generateCall 2753 read read
2023/01/26 03:55:11 ----- generateCall 4127 write$binfmt_elf64 write$binfmt_elf64
2023/01/26 03:55:11 poll: candidates=0 inputs=0 signal=0
2023/01/26 03:55:11 ----- generateCall 2753 read read
2023/01/26 03:55:11 ----- generateCall 2346 listxattr listxattr
2023/01/26 03:55:11 ----- generateCall 2458 open open
2023/01/26 03:55:11 map[./file0:true]
2023/01/26 03:55:11 #0: generated
2023/01/26 03:55:11 HasCrashFail: false, .HasNetFail: false
2023/01/26 03:55:11 before return in CmpProgs, HasNetFail: false, HasCrashFail: false
symc3 prog: v0[] = "./file0";
v1[] = "./file0";
v2[] = "security.SMACK64MMAP";
v3[100];
v4[] = "./file0";
v5[100];
v6[] = "security.SMACK64MMAP";
v7[] = "./file0";
v8[] = "@random={trusted., security.SMACK64MMAP}";
v10[] = "./file0";
v11[] = "./file0";
v12[] = "./file0";
v13[100];
v14[] = "trusted.";
v15[] = "./file0";
v17[] = "./file0";
v18[] = "160";
v19[] = "./file0";
v20[] = "./file0";
v21[100];
v22[] = "";
v23[] = "163";
v25[] = "./file0";
v26[] = "{{0x7f, 0x45, 0x4c, 0x46, 0x3, 0x1, 0x6, 0x7, 0x9, 0x1, 0x6, 0x3, 0x31d, 0x40, 0x50, 0x401, 0x9, 0x38, 0x1, 0x68, 0x6, 0xff}, [{0x5, 0x7fff, 0x3, 0x1, 0x9, 0x5, 0x7fff, 0x2}], "93843411108e51e42bd37e45696d26b221a36cba39518b06a86a040bbe8b00c74e49b06437aeacab4be2dfb24b1eac2ede65ec", [, , , , , , , , , ]}";
v28[] = "./file0";
v29[] = "103";
v30[] = "./file0";
v31[] = "34";
v32[] = "./file0";

syscall(SYS_rmdir, v0);
syscall(SYS_setxattr, v1, v2, v3, 1, 3);
syscall(SYS_setxattr, v4, v5, v6, 21, 3);
syscall(SYS_removexattr, v7, v8);
v9 = syscall(SYS_open, v10, 5255808, 42);
syscall(SYS_open, v11, 65664, 134);
syscall(SYS_setxattr, v12, v13, v14, 8, 2);
syscall(SYS_chmod, v15, 64);
v16 = syscall(SYS_open, v17, 64, 0);
syscall(SYS_fdatasync, v9);
syscall(SYS_pread64, v16, v18, 160, 4);
syscall(SYS_unlink, v19);
syscall(SYS_setxattr, v20, v21, v22, 1, 3);
syscall(SYS_read, -1, v23, 163);
v24 = syscall(SYS_open, v25, 164352, 321);
syscall(SYS_write, v24, v26, 2731);
v27 = syscall(SYS_open, v28, 128, 324);
syscall(SYS_read, v27, v29, 103);
syscall(SYS_listxattr, v30, v31, 34);
syscall(SYS_open, v32, 270336, 46);

2023/01/26 03:55:11 prog length: 20
2023/01/26 03:55:11 HasCrashFail:false HasNetFail:false
03:55:11 ---executing program 0:
---
---
---
rmdir(&(0x7f0000000000)='./file0\x00')
setxattr$smack_xattr_label(&(0x7f0000000040)='./file0\x00', &(0x7f0000000080)='security.SMACK64MMAP\x00', &(0x7f00000000c0), 0x1, 0x3)
setxattr$user(&(0x7f0000000100)='./file0\x00', &(0x7f0000000140), &(0x7f0000000180)='security.SMACK64MMAP\x00', 0x15, 0x3)
removexattr(&(0x7f00000001c0)='./file0\x00', &(0x7f0000000200)=@random={'trusted.', 'security.SMACK64MMAP\x00'})
r0 = open(&(0x7f0000000240)='./file0\x00', 0x503280, 0x2a)
open(&(0x7f0000000280)='./file0\x00', 0x10080, 0x86)
setxattr$user(&(0x7f00000002c0)='./file0\x00', &(0x7f0000000300), &(0x7f0000000340)='trusted.', 0x8, 0x2)
chmod(&(0x7f0000000380)='./file0\x00', 0x40)
r1 = open(&(0x7f00000003c0)='./file0\x00', 0x40, 0x0)
fdatasync(r0)
pread64(r1, &(0x7f0000000400)=""/160, 0xa0, 0x4)
unlink(&(0x7f00000004c0)='./file0\x00')
setxattr$user(&(0x7f0000000500)='./file0\x00', &(0x7f0000000540), &(0x7f0000000580)='\x00', 0x1, 0x3)
read(0xffffffffffffffff, &(0x7f00000005c0)=""/163, 0xa3)
r2 = open(&(0x7f0000000680)='./file0\x00', 0x28200, 0x141)
write$binfmt_elf64(r2, &(0x7f00000006c0)={{0x7f, 0x45, 0x4c, 0x46, 0x3, 0x1, 0x6, 0x7, 0x9, 0x1, 0x6, 0x3, 0x31d, 0x40, 0x50, 0x401, 0x9, 0x38, 0x1, 0x68, 0x6, 0xff}, [{0x5, 0x7fff, 0x3, 0x1, 0x9, 0x5, 0x7fff, 0x2}], "93843411108e51e42bd37e45696d26b221a36cba39518b06a86a040bbe8b00c74e49b06437aeacab4be2dfb24b1eac2ede65ec", ['\x00', '\x00', '\x00', '\x00', '\x00', '\x00', '\x00', '\x00', '\x00', '\x00']}, 0xaab)
r3 = open$dir(&(0x7f0000001180)='./file0\x00', 0x80, 0x144)
read(r3, &(0x7f00000011c0)=""/103, 0x67)
listxattr(&(0x7f0000001240)='./file0\x00', &(0x7f0000001280)=""/34, 0x22)
open(&(0x7f00000012c0)='./file0\x00', 0x42000, 0x2e)
---

end of program
2023/01/26 03:55:11 -----run executor: [/usr/bin/ssh -F /dev/null -o ConnectionAttempts=100 -o ConnectTimeout=120 -o UserKnownHostsFile=/dev/null -o BatchMode=yes -o IdentitiesOnly=yes -o StrictHostKeyChecking=no -o ConnectTimeout=100 -i /home/tlyu/dfs-fuzzing/disk-images/glusterfs-images/focal.id_rsa -v root@192.168.0.50 /root/syz-executor exec 0 0 glusterfs 3 4 192.168.0.50 0 "3 1 ''" false false false false false]
2023/01/26 03:55:11 -----run executor: [/usr/bin/ssh -F /dev/null -o ConnectionAttempts=100 -o ConnectTimeout=120 -o UserKnownHostsFile=/dev/null -o BatchMode=yes -o IdentitiesOnly=yes -o StrictHostKeyChecking=no -o ConnectTimeout=100 -i /home/tlyu/dfs-fuzzing/disk-images/glusterfs-images/focal.id_rsa -v root@192.168.0.51 /root/syz-executor exec 0 1 glusterfs 3 4 192.168.0.50 0 "3 1 ''" false false false false false]
2023/01/26 03:55:11 -----run executor: [/usr/bin/ssh -F /dev/null -o ConnectionAttempts=100 -o ConnectTimeout=120 -o UserKnownHostsFile=/dev/null -o BatchMode=yes -o IdentitiesOnly=yes -o StrictHostKeyChecking=no -o ConnectTimeout=100 -i /home/tlyu/dfs-fuzzing/disk-images/glusterfs-images/focal.id_rsa -v root@192.168.0.52 /root/syz-executor exec 0 2 glusterfs 3 4 192.168.0.50 0 "3 1 ''" false false false false false]
2023/01/26 03:55:11 -----run executor: [/usr/bin/ssh -F /dev/null -o ConnectionAttempts=100 -o ConnectTimeout=120 -o UserKnownHostsFile=/dev/null -o BatchMode=yes -o IdentitiesOnly=yes -o StrictHostKeyChecking=no -o ConnectTimeout=100 -i /home/tlyu/dfs-fuzzing/disk-images/glusterfs-images/focal.id_rsa -v root@192.168.0.53 /root/syz-executor exec 1 3 glusterfs 3 4 192.168.0.50 0 "3 1 ''" false false false false false]
OpenSSH_8.2p1 Ubuntu-4ubuntu0.5, OpenSSL 1.1.1f  31 Mar 2020
debug1: Reading configuration data /dev/null
OpenSSH_8.2p1 Ubuntu-4ubuntu0.5, OpenSSL 1.1.1f  31 Mar 2020
OpenSSH_8.2p1 Ubuntu-4ubuntu0.5, OpenSSL 1.1.1f  31 Mar 2020
debug1: Reading configuration data /dev/null
debug1: Reading configuration data /dev/null
OpenSSH_8.2p1 Ubuntu-4ubuntu0.5, OpenSSL 1.1.1f  31 Mar 2020
debug1: Reading configuration data /dev/null
debug1: Connecting to 192.168.0.52 [192.168.0.52] port 22.
debug1: Connecting to 192.168.0.50 [192.168.0.50] port 22.
debug1: Connecting to 192.168.0.51 [192.168.0.51] port 22.
debug1: Connecting to 192.168.0.53 [192.168.0.53] port 22.
debug1: fd 3 clearing O_NONBLOCK
debug1: Connection established.
debug1: identity file /home/tlyu/dfs-fuzzing/disk-images/glusterfs-images/focal.id_rsa type -1
debug1: identity file /home/tlyu/dfs-fuzzing/disk-images/glusterfs-images/focal.id_rsa-cert type -1
debug1: fd 3 clearing O_NONBLOCK
debug1: Connection established.
debug1: Local version string SSH-2.0-OpenSSH_8.2p1 Ubuntu-4ubuntu0.5
debug1: fd 3 clearing O_NONBLOCK
debug1: Connection established.
debug1: identity file /home/tlyu/dfs-fuzzing/disk-images/glusterfs-images/focal.id_rsa type -1
debug1: identity file /home/tlyu/dfs-fuzzing/disk-images/glusterfs-images/focal.id_rsa-cert type -1
debug1: fd 3 clearing O_NONBLOCK
debug1: Connection established.
debug1: Local version string SSH-2.0-OpenSSH_8.2p1 Ubuntu-4ubuntu0.5
debug1: identity file /home/tlyu/dfs-fuzzing/disk-images/glusterfs-images/focal.id_rsa type -1
debug1: identity file /home/tlyu/dfs-fuzzing/disk-images/glusterfs-images/focal.id_rsa-cert type -1
debug1: Local version string SSH-2.0-OpenSSH_8.2p1 Ubuntu-4ubuntu0.5
debug1: identity file /home/tlyu/dfs-fuzzing/disk-images/glusterfs-images/focal.id_rsa type -1
debug1: identity file /home/tlyu/dfs-fuzzing/disk-images/glusterfs-images/focal.id_rsa-cert type -1
debug1: Local version string SSH-2.0-OpenSSH_8.2p1 Ubuntu-4ubuntu0.5
debug1: Remote protocol version 2.0, remote software version OpenSSH_8.2p1 Ubuntu-4
debug1: match: OpenSSH_8.2p1 Ubuntu-4 pat OpenSSH* compat 0x04000000
debug1: Authenticating to 192.168.0.50:22 as 'root'
debug1: SSH2_MSG_KEXINIT sent
debug1: Remote protocol version 2.0, remote software version OpenSSH_8.2p1 Ubuntu-4
debug1: match: OpenSSH_8.2p1 Ubuntu-4 pat OpenSSH* compat 0x04000000
debug1: Authenticating to 192.168.0.53:22 as 'root'
debug1: SSH2_MSG_KEXINIT sent
debug1: Remote protocol version 2.0, remote software version OpenSSH_8.2p1 Ubuntu-4
debug1: match: OpenSSH_8.2p1 Ubuntu-4 pat OpenSSH* compat 0x04000000
debug1: Authenticating to 192.168.0.51:22 as 'root'
debug1: SSH2_MSG_KEXINIT sent
debug1: Remote protocol version 2.0, remote software version OpenSSH_8.2p1 Ubuntu-4
debug1: match: OpenSSH_8.2p1 Ubuntu-4 pat OpenSSH* compat 0x04000000
debug1: Authenticating to 192.168.0.52:22 as 'root'
debug1: SSH2_MSG_KEXINIT sent
debug1: SSH2_MSG_KEXINIT received
debug1: kex: algorithm: curve25519-sha256
debug1: kex: host key algorithm: ecdsa-sha2-nistp256
debug1: kex: server->client cipher: chacha20-poly1305@openssh.com MAC: <implicit> compression: none
debug1: kex: client->server cipher: chacha20-poly1305@openssh.com MAC: <implicit> compression: none
debug1: SSH2_MSG_KEXINIT received
debug1: kex: algorithm: curve25519-sha256
debug1: kex: host key algorithm: ecdsa-sha2-nistp256
debug1: kex: server->client cipher: chacha20-poly1305@openssh.com MAC: <implicit> compression: none
debug1: kex: client->server cipher: chacha20-poly1305@openssh.com MAC: <implicit> compression: none
debug1: SSH2_MSG_KEXINIT received
debug1: kex: algorithm: curve25519-sha256
debug1: kex: host key algorithm: ecdsa-sha2-nistp256
debug1: kex: server->client cipher: chacha20-poly1305@openssh.com MAC: <implicit> compression: none
debug1: kex: client->server cipher: chacha20-poly1305@openssh.com MAC: <implicit> compression: none
debug1: SSH2_MSG_KEXINIT received
debug1: kex: algorithm: curve25519-sha256
debug1: kex: host key algorithm: ecdsa-sha2-nistp256
debug1: kex: server->client cipher: chacha20-poly1305@openssh.com MAC: <implicit> compression: none
debug1: kex: client->server cipher: chacha20-poly1305@openssh.com MAC: <implicit> compression: none
debug1: expecting SSH2_MSG_KEX_ECDH_REPLY
debug1: expecting SSH2_MSG_KEX_ECDH_REPLY
debug1: expecting SSH2_MSG_KEX_ECDH_REPLY
debug1: expecting SSH2_MSG_KEX_ECDH_REPLY
debug1: Server host key: ecdsa-sha2-nistp256 SHA256:prHFi1G5XXPuzxIh2a5lJaY6ZWltf3+ajD/hEOIDid8
Warning: Permanently added '192.168.0.50' (ECDSA) to the list of known hosts.
debug1: Server host key: ecdsa-sha2-nistp256 SHA256:prHFi1G5XXPuzxIh2a5lJaY6ZWltf3+ajD/hEOIDid8
Warning: Permanently added '192.168.0.51' (ECDSA) to the list of known hosts.
debug1: Server host key: ecdsa-sha2-nistp256 SHA256:prHFi1G5XXPuzxIh2a5lJaY6ZWltf3+ajD/hEOIDid8
Warning: Permanently added '192.168.0.53' (ECDSA) to the list of known hosts.
debug1: Server host key: ecdsa-sha2-nistp256 SHA256:prHFi1G5XXPuzxIh2a5lJaY6ZWltf3+ajD/hEOIDid8
Warning: Permanently added '192.168.0.52' (ECDSA) to the list of known hosts.
debug1: rekey out after 134217728 blocks
debug1: rekey out after 134217728 blocks
debug1: SSH2_MSG_NEWKEYS sent
debug1: SSH2_MSG_NEWKEYS sent
debug1: expecting SSH2_MSG_NEWKEYS
debug1: expecting SSH2_MSG_NEWKEYS
debug1: SSH2_MSG_NEWKEYS received
debug1: rekey in after 134217728 blocks
debug1: SSH2_MSG_NEWKEYS received
debug1: rekey in after 134217728 blocks
debug1: Will attempt key: /home/tlyu/dfs-fuzzing/disk-images/glusterfs-images/focal.id_rsa  explicit
debug1: Will attempt key: /home/tlyu/dfs-fuzzing/disk-images/glusterfs-images/focal.id_rsa  explicit
debug1: SSH2_MSG_EXT_INFO received
debug1: SSH2_MSG_EXT_INFO received
debug1: kex_input_ext_info: server-sig-algs=<ssh-ed25519,sk-ssh-ed25519@openssh.com,ssh-rsa,rsa-sha2-256,rsa-sha2-512,ssh-dss,ecdsa-sha2-nistp256,ecdsa-sha2-nistp384,ecdsa-sha2-nistp521,sk-ecdsa-sha2-nistp256@openssh.com>
debug1: kex_input_ext_info: server-sig-algs=<ssh-ed25519,sk-ssh-ed25519@openssh.com,ssh-rsa,rsa-sha2-256,rsa-sha2-512,ssh-dss,ecdsa-sha2-nistp256,ecdsa-sha2-nistp384,ecdsa-sha2-nistp521,sk-ecdsa-sha2-nistp256@openssh.com>
debug1: SSH2_MSG_SERVICE_ACCEPT received
debug1: SSH2_MSG_SERVICE_ACCEPT received
debug1: rekey out after 134217728 blocks
debug1: SSH2_MSG_NEWKEYS sent
debug1: expecting SSH2_MSG_NEWKEYS
debug1: SSH2_MSG_NEWKEYS received
debug1: rekey in after 134217728 blocks
debug1: Will attempt key: /home/tlyu/dfs-fuzzing/disk-images/glusterfs-images/focal.id_rsa  explicit
debug1: SSH2_MSG_EXT_INFO received
debug1: kex_input_ext_info: server-sig-algs=<ssh-ed25519,sk-ssh-ed25519@openssh.com,ssh-rsa,rsa-sha2-256,rsa-sha2-512,ssh-dss,ecdsa-sha2-nistp256,ecdsa-sha2-nistp384,ecdsa-sha2-nistp521,sk-ecdsa-sha2-nistp256@openssh.com>
debug1: rekey out after 134217728 blocks
debug1: SSH2_MSG_NEWKEYS sent
debug1: expecting SSH2_MSG_NEWKEYS
debug1: SSH2_MSG_NEWKEYS received
debug1: rekey in after 134217728 blocks
debug1: Will attempt key: /home/tlyu/dfs-fuzzing/disk-images/glusterfs-images/focal.id_rsa  explicit
debug1: SSH2_MSG_EXT_INFO received
debug1: kex_input_ext_info: server-sig-algs=<ssh-ed25519,sk-ssh-ed25519@openssh.com,ssh-rsa,rsa-sha2-256,rsa-sha2-512,ssh-dss,ecdsa-sha2-nistp256,ecdsa-sha2-nistp384,ecdsa-sha2-nistp521,sk-ecdsa-sha2-nistp256@openssh.com>
debug1: SSH2_MSG_SERVICE_ACCEPT received
debug1: Authentications that can continue: publickey,password
debug1: Next authentication method: publickey
debug1: Trying private key: /home/tlyu/dfs-fuzzing/disk-images/glusterfs-images/focal.id_rsa
debug1: Authentications that can continue: publickey,password
debug1: Next authentication method: publickey
debug1: Trying private key: /home/tlyu/dfs-fuzzing/disk-images/glusterfs-images/focal.id_rsa
debug1: Authentications that can continue: publickey,password
debug1: Next authentication method: publickey
debug1: Trying private key: /home/tlyu/dfs-fuzzing/disk-images/glusterfs-images/focal.id_rsa
debug1: Authentication succeeded (publickey).
Authenticated to 192.168.0.50 ([192.168.0.50]:22).
debug1: channel 0: new [client-session]
debug1: Requesting no-more-sessions@openssh.com
debug1: Entering interactive session.
debug1: pledge: network
debug1: Authentication succeeded (publickey).
Authenticated to 192.168.0.51 ([192.168.0.51]:22).
debug1: channel 0: new [client-session]
debug1: Requesting no-more-sessions@openssh.com
debug1: Entering interactive session.
debug1: pledge: network
debug1: Authentication succeeded (publickey).
Authenticated to 192.168.0.52 ([192.168.0.52]:22).
debug1: channel 0: new [client-session]
debug1: Requesting no-more-sessions@openssh.com
debug1: Entering interactive session.
debug1: pledge: network
debug1: SSH2_MSG_SERVICE_ACCEPT received
debug1: Authentications that can continue: publickey,password
debug1: Next authentication method: publickey
debug1: Trying private key: /home/tlyu/dfs-fuzzing/disk-images/glusterfs-images/focal.id_rsa
debug1: Authentication succeeded (publickey).
Authenticated to 192.168.0.53 ([192.168.0.53]:22).
debug1: channel 0: new [client-session]
debug1: Requesting no-more-sessions@openssh.com
debug1: Entering interactive session.
debug1: pledge: network
debug1: client_input_global_request: rtype hostkeys-00@openssh.com want_reply 0
debug1: Remote: /root/.ssh/authorized_keys:1: key options: agent-forwarding port-forwarding pty user-rc x11-forwarding
debug1: client_input_global_request: rtype hostkeys-00@openssh.com want_reply 0
debug1: Remote: /root/.ssh/authorized_keys:1: key options: agent-forwarding port-forwarding pty user-rc x11-forwarding
debug1: client_input_global_request: rtype hostkeys-00@openssh.com want_reply 0
debug1: Remote: /root/.ssh/authorized_keys:1: key options: agent-forwarding port-forwarding pty user-rc x11-forwarding
debug1: Sending command: /root/syz-executor exec 0 1 glusterfs 3 4 192.168.0.50 0 "3 1 ''" false false false false false
debug1: client_input_global_request: rtype hostkeys-00@openssh.com want_reply 0
debug1: Remote: /root/.ssh/authorized_keys:1: key options: agent-forwarding port-forwarding pty user-rc x11-forwarding
debug1: Sending command: /root/syz-executor exec 0 0 glusterfs 3 4 192.168.0.50 0 "3 1 ''" false false false false false
debug1: Sending command: /root/syz-executor exec 0 2 glusterfs 3 4 192.168.0.50 0 "3 1 ''" false false false false false
syz_reboot() time executor starts at 1674701711:634751
----- is restarting 0
---- dfs_name glusterfs is_dfs_client 0
syz_reboot() time executor starts at 1674701711:625582
----- is restarting 0
---- dfs_name glusterfs is_dfs_client 0
unlink FIFO failed: No such file or directory
[    0.000000] kernel: Linux version 5.15.0+ (tlyu@IC-RS3-DPC07) (gcc (Ubuntu 9.4.0-1ubuntu1~20.04.1) 9.4.0, GNU ld (GNU Binutils for Ubuntu) 2.34) #8 SMP Fri Jun 3 16:18:40 CEST 2022
[    0.000000] kernel: Command line: root=/dev/sda console=ttyS0 net.ifnames=0 ip=192.168.0.51
[    0.000000] kernel: x86/fpu: Supporting XSAVE feature 0x001: 'x87 floating point registers'
[    0.000000] kernel: x86/fpu: Supporting XSAVE feature 0x002: 'SSE registers'
[    0.000000] kernel: x86/fpu: Supporting XSAVE feature 0x004: 'AVX registers'
[    0.000000] kernel: x86/fpu: Supporting XSAVE feature 0x008: 'MPX bounds registers'
[    0.000000] kernel: x86/fpu: Supporting XSAVE feature 0x010: 'MPX CSR'
[    0.000000] kernel: x86/fpu: Supporting XSAVE feature 0x020: 'AVX-512 opmask'
[    0.000000] kernel: x86/fpu: Supporting XSAVE feature 0x040: 'AVX-512 Hi256'
[    0.000000] kernel: x86/fpu: Supporting XSAVE feature 0x080: 'AVX-512 ZMM_Hi256'
[    0.000000] kernel: x86/fpu: Supporting XSAVE feature 0xunlink FIFO failed: No such file or directory
200: 'Protection Keys User registers'
[    0.000000] kernel: x86/fpu: xstate_offset[2]:  576, xstate_sizes[2]:  256
[    0.000000] kernel: x86/fpu: xstate_offset[3]:  832, xstate_sizes[3]:   64
[    0.000000] kernel: x86/fpu: xstate_offset[4]:  896, xstate_sizes[4]:   64
[    0.000000] kernel: x86/fpu: xstate_offset[5]:  960, xstate_sizes[5]:   64
[    0.000000] kernel: x86/fpu: xstate_offset[6]: 1024, xstate_sizes[6]:  512
[    0.000000] kernel: x86/fpu: xstate_offset[7]: 1536, xstate_sizes[7]: 1024
[    0.000000] kernel: x86/fpu: xstate_offset[9]: 2560, xstate_sizes[9]:    8
[    0.000000] kernel: x86/fpu: Enabled xstate features 0x2ff, context size is 2568 bytes, using 'compacted' format.
[    0.000000] kernel: signal: max sigframe size: 3632
[    0.000000] kernel: BIOS-provided physical RAM map:
[    0.000000] kernel: BIOS-e820: [mem 0x0000000000000000-0x000000000009fbff] usable
[    0.000000] kernel: BIOS-e820: [mem 0x000000000009fc00-0x000000000009ffff] reserved
[    0.000000] k[    0.000000] kernel: Linux version 5.15.0+ (tlyu@IC-RS3-DPC07) (gcc (Ubuntu 9.4.0-1ubuntu1~20.04.1) 9.4.0, GNU ld (GNU Binutils for Ubuntu) 2.34) #8 SMP Fri Jun 3 16:18:40 CEST 2022
[    0.000000] kernel: Command line: root=/dev/sda console=ttyS0 net.ifnames=0 ip=192.168.0.50
[    0.000000] kernel: x86/fpu: Supporting XSAVE feature 0x001: 'x87 floating point registers'
[    0.000000] kernel: x86/fpu: Supporting XSAVE feature 0x002: 'SSE registers'
[    0.000000] kernel: x86/fpu: Supporting XSAVE feature 0x004: 'AVX registers'
[    0.000000] kernel: x86/fpu: Supporting XSAVE feature 0x008: 'MPX bounds registers'
[    0.000000] kernel: x86/fpu: Supporting XSAVE feature 0x010: 'MPX CSR'
[    0.000000] kernel: x86/fpu: Supporting XSAVE feature 0x020: 'AVX-512 opmask'
[    0.000000] kernel: x86/fpu: Supporting XSAVE feature 0x040: 'AVX-512 Hi256'
[    0.000000] kernel: x86/fpu: Supporting XSAVE feature 0x080: 'AVX-512 ZMM_Hi256'
[    0.000000] kernel: x86/fpu: Supporting XSAVE feature 0xernel: BIOS-e820: [mem 0x00000000000f0000-0x00000000000fffff] reserved
[    0.000000] kernel: BIOS-e820: [mem 0x0000000000100000-0x00000000bffdcfff] usable
[    0.000000] kernel: BIOS-e820: [mem 0x00000000bffdd000-0x00000000bfffffff] reserved
[    0.000000] kernel: BIOS-e820: [mem 0x00000000feffc000-0x00000000feffffff] reserved
[    0.000000] kernel: BIOS-e820: [mem 0x00000000fffc0000-0x00000000ffffffff] reserved
[    0.000000] kernel: BIOS-e820: [mem 0x0000000100000000-0x00000002bfffffff] usable
[    0.000000] kernel: NX (Execute Disable) protection: active
[    0.000000] kernel: SMBIOS 2.8 present.
[    0.000000] kernel: DMI: QEMU Standard PC (i440FX + PIIX, 1996), BIOS 1.13.0-1ubuntu1.1 04/01/2014
[    0.000000] kernel: Hypervisor detected: KVM
[    0.000000] kernel: kvm-clock: Using msrs 4b564d01 and 4b564d00
[    0.000000] kernel: kvm-clock: cpu 0, msr 204558001, primary cpu clock
[    0.000002] kernel: kvm-clock: using sched offset of 382109533 cycles
[    0.000012] kernel: cloc200: 'Protection Keys User registers'
[    0.000000] kernel: x86/fpu: xstate_offset[2]:  576, xstate_sizes[2]:  256
[    0.000000] kernel: x86/fpu: xstate_offset[3]:  832, xstate_sizes[3]:   64
[    0.000000] kernel: x86/fpu: xstate_offset[4]:  896, xstate_sizes[4]:   64
[    0.000000] kernel: x86/fpu: xstate_offset[5]:  960, xstate_sizes[5]:   64
[    0.000000] kernel: x86/fpu: xstate_offset[6]: 1024, xstate_sizes[6]:  512
[    0.000000] kernel: x86/fpu: xstate_offset[7]: 1536, xstate_sizes[7]: 1024
[    0.000000] kernel: x86/fpu: xstate_offset[9]: 2560, xstate_sizes[9]:    8
[    0.000000] kernel: x86/fpu: Enabled xstate features 0x2ff, context size is 2568 bytes, using 'compacted' format.
[    0.000000] kernel: signal: max sigframe size: 3632
[    0.000000] kernel: BIOS-provided physical RAM map:
[    0.000000] kernel: BIOS-e820: [mem 0x0000000000000000-0x000000000009fbff] usable
[    0.000000] kernel: BIOS-e820: [mem 0x000000000009fc00-0x000000000009ffff] reserved
[    0.000000] ksyz_reboot() time executor starts at 1674701711:610514
----- is restarting 0
---- dfs_name glusterfs is_dfs_client 0
ksource: kvm-clock: mask: 0xffffffffffffffff max_cycles: 0x1cd42e4dffb, max_idle_ns: 881590591483 ns
[    0.000028] kernel: tsc: Detected 2496.000 MHz processor
[    0.006056] kernel: e820: update [mem 0x00000000-0x00000fff] usable ==> reserved
[    0.006079] kernel: e820: remove [mem 0x000a0000-0x000fffff] usable
[    0.006098] kernel: last_pfn = 0x2c0000 max_arch_pfn = 0x400000000
[    0.006163] kernel: x86/PAT: Configuration [0-7]: WB  WC  UC- UC  WB  WP  UC- WT  
[    0.006177] kernel: last_pfn = 0xbffdd max_arch_pfn = 0x400000000
[    0.014049] kernel: found SMP MP-table at [mem 0x000f5c70-0x000f5c7f]
[    0.014120] kernel: Using GB pages for direct mapping
[    0.014785] kernel: ACPI: Early table checksum verification disabled
[    0.014798] kernel: ACPI: RSDP 0x00000000000F5A40 000014 (v00 BOCHS )
[    0.014824] kernel: ACPI: RSDT 0x00000000BFFE15C9 000030 (v01 BOCHS  BXPCRSDT 00000001 BXPC 00000001)
[    0.014851] kernel: ACPI: FACP 0x00000000BFFE149D 000074 (v01 BOCHS  BXPCFAernel: BIOS-e820: [mem 0x00000000000f0000-0x00000000000fffff] reserved
[    0.000000] kernel: BIOS-e820: [mem 0x0000000000100000-0x00000000bffdcfff] usable
[    0.000000] kernel: BIOS-e820: [mem 0x00000000bffdd000-0x00000000bfffffff] reserved
[    0.000000] kernel: BIOS-e820: [mem 0x00000000feffc000-0x00000000feffffff] reserved
[    0.000000] kernel: BIOS-e820: [mem 0x00000000fffc0000-0x00000000ffffffff] reserved
[    0.000000] kernel: BIOS-e820: [mem 0x0000000100000000-0x00000002bfffffff] usable
[    0.000000] kernel: NX (Execute Disable) protection: active
[    0.000000] kernel: SMBIOS 2.8 present.
[    0.000000] kernel: DMI: QEMU Standard PC (i440FX + PIIX, 1996), BIOS 1.13.0-1ubuntu1.1 04/01/2014
[    0.000000] kernel: Hypervisor detected: KVM
[    0.000000] kernel: kvm-clock: Using msrs 4b564d01 and 4b564d00
[    0.000000] kernel: kvm-clock: cpu 0, msr 37158001, primary cpu clock
[    0.000002] kernel: kvm-clock: using sched offset of 384816363 cycles
[    0.000012] kernel: clockCP 00000001 BXPC 00000001)
[    0.014880] kernel: ACPI: DSDT 0x00000000BFFE0040 00145D (v01 BOCHS  BXPCDSDT 00000001 BXPC 00000001)
[    0.014903] kernel: ACPI: FACS 0x00000000BFFE0000 000040
[    0.014921] kernel: ACPI: APIC 0x00000000BFFE1511 000080 (v01 BOCHS  BXPCAPIC 00000001 BXPC 00000001)
[    0.014944] kernel: ACPI: HPET 0x00000000BFFE1591 000038 (v01 BOCHS  BXPCHPET 00000001 BXPC 00000001)
[    0.014965] kernel: ACPI: Reserving FACP table memory at [mem 0xbffe149d-0xbffe1510]
[    0.014976] kernel: ACPI: Reserving DSDT table memory at [mem 0xbffe0040-0xbffe149c]
[    0.014985] kernel: ACPI: Reserving FACS table memory at [mem 0xbffe0000-0xbffe003f]
[    0.014995] kernel: ACPI: Reserving APIC table memory at [mem 0xbffe1511-0xbffe1590]
[    0.015005] kernel: ACPI: Reserving HPET table memory at [mem 0xbffe1591-0xbffe15c8]
[    0.015879] kernel: No NUMA configuration found
[    0.015889] kernel: Faking a node at [mem 0x0000000000000000-0x00000002bfffffff]
[    0.015907] kernel:source: kvm-clock: mask: 0xffffffffffffffff max_cycles: 0x1cd42e4dffb, max_idle_ns: 881590591483 ns
[    0.000029] kernel: tsc: Detected 2496.000 MHz processor
[    0.006221] kernel: e820: update [mem 0x00000000-0x00000fff] usable ==> reserved
[    0.006250] kernel: e820: remove [mem 0x000a0000-0x000fffff] usable
[    0.006270] kernel: last_pfn = 0x2c0000 max_arch_pfn = 0x400000000
[    0.006347] kernel: x86/PAT: Configuration [0-7]: WB  WC  UC- UC  WB  WP  UC- WT  
[    0.006362] kernel: last_pfn = 0xbffdd max_arch_pfn = 0x400000000
[    0.014367] kernel: found SMP MP-table at [mem 0x000f5c70-0x000f5c7f]
[    0.014442] kernel: Using GB pages for direct mapping
[    0.015496] kernel: ACPI: Early table checksum verification disabled
[    0.015512] kernel: ACPI: RSDP 0x00000000000F5A40 000014 (v00 BOCHS )
[    0.015541] kernel: ACPI: RSDT 0x00000000BFFE15C9 000030 (v01 BOCHS  BXPCRSDT 00000001 BXPC 00000001)
[    0.015570] kernel: ACPI: FACP 0x00000000BFFE149D 000074 (v01 BOCHS  BXPCFAC NODE_DATA(0) allocated [mem 0x2bfffc000-0x2bfffffff]
[    0.016331] kernel: Zone ranges:
[    0.016339] kernel:   DMA      [mem 0x0000000000001000-0x0000000000ffffff]
[    0.016352] kernel:   DMA32    [mem 0x0000000001000000-0x00000000ffffffff]
[    0.016364] kernel:   Normal   [mem 0x0000000100000000-0x00000002bfffffff]
[    0.016375] kernel: Movable zone start for each node
[    0.016380] kernel: Early memory node ranges
[    0.016385] kernel:   node   0: [mem 0x0000000000001000-0x000000000009efff]
[    0.016395] kernel:   node   0: [mem 0x0000000000100000-0x00000000bffdcfff]
[    0.016406] kernel:   node   0: [mem 0x0000000100000000-0x00000002bfffffff]
[    0.016419] kernel: Initmem setup node 0 [mem 0x0000000000001000-0x00000002bfffffff]
[    0.016742] kernel: On node 0, zone DMA: 1 pages in unavailable ranges
[    0.016811] kernel: On node 0, zone DMA: 97 pages in unavailable ranges
[    0.084188] kernel: On node 0, zone Normal: 35 pages in unavailable ranges
[    0.444426] kernP 00000001 BXPC 00000001)
[    0.015599] kernel: ACPI: DSDT 0x00000000BFFE0040 00145D (v01 BOCHS  BXPCDSDT 00000001 BXPC 00000001)
[    0.015623] kernel: ACPI: FACS 0x00000000BFFE0000 000040
[    0.015641] kernel: ACPI: APIC 0x00000000BFFE1511 000080 (v01 BOCHS  BXPCAPIC 00000001 BXPC 00000001)
[    0.015665] kernel: ACPI: HPET 0x00000000BFFE1591 000038 (v01 BOCHS  BXPCHPET 00000001 BXPC 00000001)
[    0.015687] kernel: ACPI: Reserving FACP table memory at [mem 0xbffe149d-0xbffe1510]
[    0.015698] kernel: ACPI: Reserving DSDT table memory at [mem 0xbffe0040-0xbffe149c]
[    0.015708] kernel: ACPI: Reserving FACS table memory at [mem 0xbffe0000-0xbffe003f]
[    0.015718] kernel: ACPI: Reserving APIC table memory at [mem 0xbffe1511-0xbffe1590]
[    0.015728] kernel: ACPI: Reserving HPET table memory at [mem 0xbffe1591-0xbffe15c8]
[    0.016618] kernel: No NUMA configuration found
[    0.016627] kernel: Faking a node at [mem 0x0000000000000000-0x00000002bfffffff]
[    0.016646] kernel: el: kasan: KernelAddressSanitizer initialized
[    0.444806] kernel: ACPI: PM-Timer IO Port: 0x608
[    0.444833] kernel: ACPI: LAPIC_NMI (acpi_id[0xff] dfl dfl lint[0x1])
[    0.444892] kernel: IOAPIC[0]: apic_id 0, version 17, address 0xfec00000, GSI 0-23
[    0.444910] kernel: ACPI: INT_SRC_OVR (bus 0 bus_irq 0 global_irq 2 dfl dfl)
[    0.444922] kernel: ACPI: INT_SRC_OVR (bus 0 bus_irq 5 global_irq 5 high level)
[    0.444934] kernel: ACPI: INT_SRC_OVR (bus 0 bus_irq 9 global_irq 9 high level)
[    0.444945] kernel: ACPI: INT_SRC_OVR (bus 0 bus_irq 10 global_irq 10 high level)
[    0.444956] kernel: ACPI: INT_SRC_OVR (bus 0 bus_irq 11 global_irq 11 high level)
[    0.444977] kernel: ACPI: Using ACPI (MADT) for SMP configuration information
[    0.444984] kernel: ACPI: HPET id: 0x8086a201 base: 0xfed00000
[    0.444998] kernel: TSC deadline timer available
[    0.445005] kernel: smpboot: Allowing 2 CPUs, 0 hotplug CPUs
[    0.445041] kernel: kvm-guest: KVM setup pv remote TLB flusNODE_DATA(0) allocated [mem 0x2bfffa000-0x2bfffdfff]
[    0.016731] kernel: Zone ranges:
[    0.016737] kernel:   DMA      [mem 0x0000000000001000-0x0000000000ffffff]
[    0.016750] kernel:   DMA32    [mem 0x0000000001000000-0x00000000ffffffff]
[    0.016762] kernel:   Normal   [mem 0x0000000100000000-0x00000002bfffffff]
[    0.016773] kernel: Movable zone start for each node
[    0.016779] kernel: Early memory node ranges
[    0.016784] kernel:   node   0: [mem 0x0000000000001000-0x000000000009efff]
[    0.016794] kernel:   node   0: [mem 0x0000000000100000-0x00000000bffdcfff]
[    0.016805] kernel:   node   0: [mem 0x0000000100000000-0x00000002bfffffff]
[    0.016818] kernel: Initmem setup node 0 [mem 0x0000000000001000-0x00000002bfffffff]
[    0.017247] kernel: On node 0, zone DMA: 1 pages in unavailable ranges
[    0.017322] kernel: On node 0, zone DMA: 97 pages in unavailable ranges
[    0.091978] kernel: On node 0, zone Normal: 35 pages in unavailable ranges
[    0.444232] kerneexecutor 1 finishes userspace_cover_open
before receiving handshake request
req.flags ea3
----- executor 1 do_sandbox_none at begining
----- executor 1 do_sandbox_none before fork()
unlink FIFO failed: No such file or directory
executor 0 finishes userspace_cover_open
before receiving handshake request
[    0.000000] kernel: Linux version 5.15.0+ (tlyu@IC-RS3-DPC07) (gcc (Ubuntu 9.4.0-1ubuntu1~20.04.1) 9.4.0, GNU ld (GNU Binutils for Ubuntu) 2.34) #8 SMP Fri Jun 3 16:18:40 CEST 2022
[    0.000000] kernel: Command line: root=/dev/sda console=ttyS0 net.ifnames=0 ip=192.168.0.52
[    0.000000] kernel: x86/fpu: Supporting XSAVE feature 0x001: 'x87 floating point registers'
[    0.000000] kernel: x86/fpu: Supporting XSAVE feature 0x002: 'SSE registers'
[    0.000000] kernel: x86/fpu: Supporting XSAVE feature 0x004: 'AVX registers'
[    0.000000] kernel: x86/fpu: Supporting XSAVE feature 0x008: 'MPX bounds registers'
[    0.000000] kernel: x86/fpu: Supporting XSAVE feature 0x010: 'MPX CSR'
[    0.000000] kernel: x86/fpu: Supporting XSAVE feature 0x020: 'AVX-512 opmask'
[    0.000000] kernel: x86/fpu: Supporting XSAVE feature 0x040: 'AVX-512 Hi256'
[    0.000000] kernel: x86/fpu: Supporting XSAVE feature 0x080: 'AVX-512 ZMM_Hi256'
[    0.000000] kernel: x86/fpu: Supporting XSAVE feature 0xl: kasan: KernelAddressSanitizer initialized
[    0.444605] kernel: ACPI: PM-Timer IO Port: 0x608
[    0.444630] kernel: ACPI: LAPIC_NMI (acpi_id[0xff] dfl dfl lint[0x1])
[    0.444681] kernel: IOAPIC[0]: apic_id 0, version 17, address 0xfec00000, GSI 0-23
[    0.444698] kernel: ACPI: INT_SRC_OVR (bus 0 bus_irq 0 global_irq 2 dfl dfl)
[    0.444711] kernel: ACPI: INT_SRC_OVR (bus 0 bus_irq 5 global_irq 5 high level)
[    0.444722] kernel: ACPI: INT_SRC_OVR (bus 0 bus_irq 9 global_irq 9 high level)
[    0.444733] kernel: ACPI: INT_SRC_OVR (bus 0 bus_irq 10 global_irq 10 high level)
[    0.444745] kernel: ACPI: INT_SRC_OVR (bus 0 bus_irq 11 global_irq 11 high level)
[    0.444766] kernel: ACPI: Using ACPI (MADT) for SMP configuration information
[    0.444773] kernel: ACPI: HPET id: 0x8086a201 base: 0xfed00000
[    0.444788] kernel: TSC deadline timer available
[    0.444794] kernel: smpboot: Allowing 2 CPUs, 0 hotplug CPUs
[    0.444831] kernel: kvm-guest: KVM setup pv remote TLB flushh
[    0.445050] kernel: kvm-guest: setup PV sched yield
[    0.445087] kernel: PM: hibernation: Registered nosave memory: [mem 0x00000000-0x00000fff]
[    0.445100] kernel: PM: hibernation: Registered nosave memory: [mem 0x0009f000-0x0009ffff]
[    0.445109] kernel: PM: hibernation: Registered nosave memory: [mem 0x000a0000-0x000effff]
[    0.445118] kernel: PM: hibernation: Registered nosave memory: [mem 0x000f0000-0x000fffff]
[    0.445130] kernel: PM: hibernation: Registered nosave memory: [mem 0xbffdd000-0xbfffffff]
[    0.445139] kernel: PM: hibernation: Registered nosave memory: [mem 0xc0000000-0xfeffbfff]
[    0.445148] kernel: PM: hibernation: Registered nosave memory: [mem 0xfeffc000-0xfeffffff]
[    0.445156] kernel: PM: hibernation: Registered nosave memory: [mem 0xff000000-0xfffbffff]
[    0.445165] kernel: PM: hibernation: Registered nosave memory: [mem 0xfffc0000-0xffffffff]
[    0.445176] kernel: [mem 0xc0000000-0xfeffbfff] available for PCI devices
[    0.445185] kernspawned loop pid 342
200: 'Protection Keys User registers'
[    0.000000] kernel: x86/fpu: xstate_offset[2]:  576, xstate_sizes[2]:  256
[    0.000000] kernel: x86/fpu: xstate_offset[3]:  832, xstate_sizes[3]:   64
[    0.000000] kernel: x86/fpu: xstate_offset[4]:  896, xstate_sizes[4]:   64
[    0.000000] kernel: x86/fpu: xstate_offset[5]:  960, xstate_sizes[5]:   64
[    0.000000] kernel: x86/fpu: xstate_offset[6]: 1024, xstate_sizes[6]:  512
[    0.000000] kernel: x86/fpu: xstate_offset[7]: 1536, xstate_sizes[7]: 1024
[    0.000000] kernel: x86/fpu: xstate_offset[9]: 2560, xstate_sizes[9]:    8
[    0.000000] kernel: x86/fpu: Enabled xstate features 0x2ff, context size is 2568 bytes, using 'compacted' format.
[    0.000000] kernel: signal: max sigframe size: 3632
[    0.000000] kernel: BIOS-provided physical RAM map:
[    0.000000] kernel: BIOS-e820: [mem 0x0000000000000000-0x000000000009fbff] usable
[    0.000000] kernel: BIOS-e820: [mem 0x000000000009fc00-0x000000000009ffff] reserved
[    0.000000] kel: Booting paravirtualized kernel on KVM
[    0.445195] kernel: clocksource: refined-jiffies: mask: 0xffffffff max_cycles: 0xffffffff, max_idle_ns: 1910969940391419 ns
[    0.459620] kernel: setup_percpu: NR_CPUS:64 nr_cpumask_bits:64 nr_cpu_ids:2 nr_node_ids:1
[    0.460428] kernel: percpu: Embedded 56 pages/cpu s191576 r8192 d29608 u1048576
[    0.460470] kernel: pcpu-alloc: s191576 r8192 d29608 u1048576 alloc=1*2097152
[    0.460486] kernel: pcpu-alloc: [0] 0 1 
[    0.460586] kernel: kvm-guest: setup async PF for cpu 0
[    0.460599] kernel: kvm-guest: stealtime: cpu 0, msr 26521f140
[    0.460613] kernel: Built 1 zonelists, mobility grouping on.  Total pages: 2580189
[    0.460623] kernel: Policy zone: Normal
[    0.460631] kernel: Kernel command line: root=/dev/sda console=ttyS0 net.ifnames=0 ip=192.168.0.51
[    0.465544] kernel: Dentry cache hash table entries: 2097152 (order: 12, 16777216 bytes, linear)
[    0.469520] kernel: Inode-cache hash table entries: 1048576 (order: 1
[    0.444841] kernel: kvm-guest: setup PV sched yield
[    0.444879] kernel: PM: hibernation: Registered nosave memory: [mem 0x00000000-0x00000fff]
[    0.444892] kernel: PM: hibernation: Registered nosave memory: [mem 0x0009f000-0x0009ffff]
[    0.444901] kernel: PM: hibernation: Registered nosave memory: [mem 0x000a0000-0x000effff]
[    0.444910] kernel: PM: hibernation: Registered nosave memory: [mem 0x000f0000-0x000fffff]
[    0.444923] kernel: PM: hibernation: Registered nosave memory: [mem 0xbffdd000-0xbfffffff]
[    0.444931] kernel: PM: hibernation: Registered nosave memory: [mem 0xc0000000-0xfeffbfff]
[    0.444940] kernel: PM: hibernation: Registered nosave memory: [mem 0xfeffc000-0xfeffffff]
[    0.444949] kernel: PM: hibernation: Registered nosave memory: [mem 0xff000000-0xfffbffff]
[    0.444957] kernel: PM: hibernation: Registered nosave memory: [mem 0xfffc0000-0xffffffff]
[    0.444969] kernel: [mem 0xc0000000-0xfeffbfff] available for PCI devices
[    0.444977] kerneernel: BIOS-e820: [mem 0x00000000000f0000-0x00000000000fffff] reserved
[    0.000000] kernel: BIOS-e820: [mem 0x0000000000100000-0x00000000bffdcfff] usable
[    0.000000] kernel: BIOS-e820: [mem 0x00000000bffdd000-0x00000000bfffffff] reserved
[    0.000000] kernel: BIOS-e820: [mem 0x00000000feffc000-0x00000000feffffff] reserved
[    0.000000] kernel: BIOS-e820: [mem 0x00000000fffc0000-0x00000000ffffffff] reserved
[    0.000000] kernel: BIOS-e820: [mem 0x0000000100000000-0x00000002bfffffff] usable
[    0.000000] kernel: NX (Execute Disable) protection: active
[    0.000000] kernel: SMBIOS 2.8 present.
[    0.000000] kernel: DMI: QEMU Standard PC (i440FX + PIIX, 1996), BIOS 1.13.0-1ubuntu1.1 04/01/2014
[    0.000000] kernel: Hypervisor detected: KVM
[    0.000000] kernel: kvm-clock: Using msrs 4b564d01 and 4b564d00
[    0.000000] kernel: kvm-clock: cpu 0, msr 268358001, primary cpu clock
[    0.000003] kernel: kvm-clock: using sched offset of 495823124 cycles
[    0.000018] kernel: cloc1, 8388608 bytes, linear)
[    0.469655] kernel: mem auto-init: stack:off, heap alloc:off, heap free:off
[    0.703000] kernel: Memory: 8818312K/10485228K available (47117K kernel code, 10298K rwdata, 7204K rodata, 2068K init, 2860K bss, 1666660K reserved, 0K cma-reserved)
[    0.703379] kernel: SLUB: HWalign=64, Order=0-3, MinObjects=0, CPUs=2, Nodes=1
[    0.704183] kernel: rcu: Hierarchical RCU implementation.
[    0.704197] kernel: rcu:         RCU event tracing is enabled.
[    0.704205] kernel: rcu:         RCU restricting CPUs from NR_CPUS=64 to nr_cpu_ids=2.
[    0.704222] kernel: rcu: RCU calculated value of scheduler-enlistment delay is 100 jiffies.
[    0.704233] kernel: rcu: Adjusting geometry for rcu_fanout_leaf=16, nr_cpu_ids=2
[    0.715667] kernel: NR_IRQS: 4352, nr_irqs: 440, preallocated irqs: 16
[    0.716083] kernel: random: get_random_bytes called from start_kernel+0x22b/0x456 with crng_init=0
[    0.720051] kernel: Console: colour VGA+ 80x25
[    0.785395] kernell: Booting paravirtualized kernel on KVM
[    0.444986] kernel: clocksource: refined-jiffies: mask: 0xffffffff max_cycles: 0xffffffff, max_idle_ns: 1910969940391419 ns
[    0.459560] kernel: setup_percpu: NR_CPUS:64 nr_cpumask_bits:64 nr_cpu_ids:2 nr_node_ids:1
[    0.460259] kernel: percpu: Embedded 56 pages/cpu s191576 r8192 d29608 u1048576
[    0.460300] kernel: pcpu-alloc: s191576 r8192 d29608 u1048576 alloc=1*2097152
[    0.460317] kernel: pcpu-alloc: [0] 0 1 
[    0.460422] kernel: kvm-guest: setup async PF for cpu 0
[    0.460435] kernel: kvm-guest: stealtime: cpu 0, msr 26521f140
[    0.460448] kernel: Built 1 zonelists, mobility grouping on.  Total pages: 2580189
[    0.460459] kernel: Policy zone: Normal
[    0.460467] kernel: Kernel command line: root=/dev/sda console=ttyS0 net.ifnames=0 ip=192.168.0.50
[    0.465285] kernel: Dentry cache hash table entries: 2097152 (order: 12, 16777216 bytes, linear)
[    0.467748] kernel: Inode-cache hash table entries: 1048576 (order: 11: printk: console [ttyS0] enabled
[    0.785813] kernel: ACPI: Core revision 20210730
[    0.786418] kernel: clocksource: hpet: mask: 0xffffffff max_cycles: 0xffffffff, max_idle_ns: 19112604467 ns
[    0.787265] kernel: APIC: Switch to symmetric I/O mode setup
[    0.787676] kernel: kvm-guest: setup PV IPIs
[    0.788969] kernel: ..TIMER: vector=0x30 apic1=0 pin1=2 apic2=-1 pin2=-1
[    0.789494] kernel: clocksource: tsc-early: mask: 0xffffffffffffffff max_cycles: 0x23fa772cf26, max_idle_ns: 440795269835 ns
[    0.790451] kernel: Calibrating delay loop (skipped) preset value.. 4992.00 BogoMIPS (lpj=2496000)
[    0.791147] kernel: pid_max: default: 32768 minimum: 301
[    0.791554] kernel: LSM: Security Framework initializing
[    0.791974] kernel: SELinux:  Initializing.
[    0.792558] kernel: Mount-cache hash table entries: 32768 (order: 6, 262144 bytes, linear)
[    0.793760] kernel: Mountpoint-cache hash table entries: 32768 (order: 6, 262144 bytes, linear)
[    0.795129] kernel: x, 8388608 bytes, linear)
[    0.467883] kernel: mem auto-init: stack:off, heap alloc:off, heap free:off
[    0.691268] kernel: Memory: 8818304K/10485228K available (47117K kernel code, 10298K rwdata, 7204K rodata, 2068K init, 2860K bss, 1666668K reserved, 0K cma-reserved)
[    0.691518] kernel: SLUB: HWalign=64, Order=0-3, MinObjects=0, CPUs=2, Nodes=1
[    0.692022] kernel: rcu: Hierarchical RCU implementation.
[    0.692032] kernel: rcu:         RCU event tracing is enabled.
[    0.692038] kernel: rcu:         RCU restricting CPUs from NR_CPUS=64 to nr_cpu_ids=2.
[    0.692049] kernel: rcu: RCU calculated value of scheduler-enlistment delay is 100 jiffies.
[    0.692056] kernel: rcu: Adjusting geometry for rcu_fanout_leaf=16, nr_cpu_ids=2
[    0.700639] kernel: NR_IRQS: 4352, nr_irqs: 440, preallocated irqs: 16
[    0.701088] kernel: random: get_random_bytes called from start_kernel+0x22b/0x456 with crng_init=0
[    0.705248] kernel: Console: colour VGA+ 80x25
[    0.776978] kernel:ksource: kvm-clock: mask: 0xffffffffffffffff max_cycles: 0x1cd42e4dffb, max_idle_ns: 881590591483 ns
[    0.000045] kernel: tsc: Detected 2496.000 MHz processor
[    0.008398] kernel: e820: update [mem 0x00000000-0x00000fff] usable ==> reserved
[    0.008448] kernel: e820: remove [mem 0x000a0000-0x000fffff] usable
[    0.008481] kernel: last_pfn = 0x2c0000 max_arch_pfn = 0x400000000
[    0.008590] kernel: x86/PAT: Configuration [0-7]: WB  WC  UC- UC  WB  WP  UC- WT  
[    0.008612] kernel: last_pfn = 0xbffdd max_arch_pfn = 0x400000000
[    0.019078] kernel: found SMP MP-table at [mem 0x000f5c70-0x000f5c7f]
[    0.019195] kernel: Using GB pages for direct mapping
[    0.020229] kernel: ACPI: Early table checksum verification disabled
[    0.020247] kernel: ACPI: RSDP 0x00000000000F5A40 000014 (v00 BOCHS )
[    0.020294] kernel: ACPI: RSDT 0x00000000BFFE15C9 000030 (v01 BOCHS  BXPCRSDT 00000001 BXPC 00000001)
[    0.020337] kernel: ACPI: FACP 0x00000000BFFE149D 000074 (v01 BOCHS  BXPCFA86/cpu: User Mode Instruction Prevention (UMIP) activated
[    0.795548] kernel: Last level iTLB entries: 4KB 0, 2MB 0, 4MB 0
[    0.796034] kernel: Last level dTLB entries: 4KB 0, 2MB 0, 4MB 0, 1GB 0
[    0.796455] kernel: Spectre V1 : Mitigation: usercopy/swapgs barriers and __user pointer sanitization
[    0.797453] kernel: Spectre V2 : Mitigation: Enhanced IBRS
[    0.797855] kernel: Spectre V2 : Spectre v2 / SpectreRSB mitigation: Filling RSB on context switch
[    0.798451] kernel: Spectre V2 : mitigation: Enabling conditional Indirect Branch Prediction Barrier
[    0.799242] kernel: Speculative Store Bypass: Mitigation: Speculative Store Bypass disabled via prctl and seccomp
[    0.821768] kernel: Freeing SMP alternatives memory: 40K
[    0.822379] kernel: smpboot: CPU0: 11th Gen Intel(R) Core(TM) i7-11700 @ 2.50GHz (family: 0x6, model: 0xa7, stepping: 0x1)
[    0.822565] kernel: Performance Events: Icelake events, 32-deep LBR, full-width counters, Intel PMU driver.
[    0.8234 printk: console [ttyS0] enabled
[    0.777428] kernel: ACPI: Core revision 20210730
[    0.778047] kernel: clocksource: hpet: mask: 0xffffffff max_cycles: 0xffffffff, max_idle_ns: 19112604467 ns
[    0.778957] kernel: APIC: Switch to symmetric I/O mode setup
[    0.779401] kernel: kvm-guest: setup PV IPIs
[    0.780695] kernel: ..TIMER: vector=0x30 apic1=0 pin1=2 apic2=-1 pin2=-1
[    0.781262] kernel: clocksource: tsc-early: mask: 0xffffffffffffffff max_cycles: 0x23fa772cf26, max_idle_ns: 440795269835 ns
[    0.782223] kernel: Calibrating delay loop (skipped) preset value.. 4992.00 BogoMIPS (lpj=2496000)
[    0.783217] kernel: pid_max: default: 32768 minimum: 301
[    0.783704] kernel: LSM: Security Framework initializing
[    0.784142] kernel: SELinux:  Initializing.
[    0.784328] kernel: Mount-cache hash table entries: 32768 (order: 6, 262144 bytes, linear)
[    0.785526] kernel: Mountpoint-cache hash table entries: 32768 (order: 6, 262144 bytes, linear)
[    0.786893] kernel: x8CP 00000001 BXPC 00000001)
[    0.020382] kernel: ACPI: DSDT 0x00000000BFFE0040 00145D (v01 BOCHS  BXPCDSDT 00000001 BXPC 00000001)
[    0.020420] kernel: ACPI: FACS 0x00000000BFFE0000 000040
[    0.020449] kernel: ACPI: APIC 0x00000000BFFE1511 000080 (v01 BOCHS  BXPCAPIC 00000001 BXPC 00000001)
[    0.020487] kernel: ACPI: HPET 0x00000000BFFE1591 000038 (v01 BOCHS  BXPCHPET 00000001 BXPC 00000001)
[    0.020521] kernel: ACPI: Reserving FACP table memory at [mem 0xbffe149d-0xbffe1510]
[    0.020538] kernel: ACPI: Reserving DSDT table memory at [mem 0xbffe0040-0xbffe149c]
[    0.020555] kernel: ACPI: Reserving FACS table memory at [mem 0xbffe0000-0xbffe003f]
[    0.020570] kernel: ACPI: Reserving APIC table memory at [mem 0xbffe1511-0xbffe1590]
[    0.020586] kernel: ACPI: Reserving HPET table memory at [mem 0xbffe1591-0xbffe15c8]
[    0.022146] kernel: No NUMA configuration found
[    0.022172] kernel: Faking a node at [mem 0x0000000000000000-0x00000002bfffffff]
[    0.022201] kernel:mount of binder at /dev/binderfs failed: 19
mkdir(/syzcgroup/unified/syz0) failed: 2
49] kernel: ... version:                2
[    0.823735] kernel: ... bit width:              48
[    0.824113] kernel: ... generic registers:      8
[    0.824406] kernel: ... value mask:             0000ffffffffffff
[    0.824446] kernel: ... max period:             00007fffffffffff
[    0.824893] kernel: ... fixed-purpose events:   3
[    0.825260] kernel: ... event mask:             00000007000000ff
[    0.825650] kernel: rcu: Hierarchical SRCU implementation.
[    0.827336] kernel: smp: Bringing up secondary CPUs ...
[    0.827659] kernel: x86: Booting SMP configuration:
[    0.827961] kernel: .... node  #0, CPUs:      #1
[    0.073454] kernel: kvm-clock: cpu 1, msr 204558041, secondary cpu clock
[    0.073454] kernel: smpboot: CPU 1 Converting physical 0 to logical die 1
[    0.830486] kernel: kvm-guest: setup async PF for cpu 1
[    0.830833] kernel: kvm-guest: stealtime: cpu 1, msr 26531f140
[    0.831482] kernel: smp: Brought up 1 node, 2 CPUs
[    0.831807] kernel: smpboot: M6/cpu: User Mode Instruction Prevention (UMIP) activated
[    0.787318] kernel: Last level iTLB entries: 4KB 0, 2MB 0, 4MB 0
[    0.787781] kernel: Last level dTLB entries: 4KB 0, 2MB 0, 4MB 0, 1GB 0
[    0.788227] kernel: Spectre V1 : Mitigation: usercopy/swapgs barriers and __user pointer sanitization
[    0.789224] kernel: Spectre V2 : Mitigation: Enhanced IBRS
[    0.789593] kernel: Spectre V2 : Spectre v2 / SpectreRSB mitigation: Filling RSB on context switch
[    0.790221] kernel: Spectre V2 : mitigation: Enabling conditional Indirect Branch Prediction Barrier
[    0.790877] kernel: Speculative Store Bypass: Mitigation: Speculative Store Bypass disabled via prctl and seccomp
[    0.813535] kernel: Freeing SMP alternatives memory: 40K
[    0.814105] kernel: smpboot: CPU0: 11th Gen Intel(R) Core(TM) i7-11700 @ 2.50GHz (family: 0x6, model: 0xa7, stepping: 0x1)
[    0.814297] kernel: Performance Events: Icelake events, 32-deep LBR, full-width counters, Intel PMU driver.
[    0.81522mkdir(/syzcgroup/cpu/syz0) failed: 2
mkdir(/syzcgroup/net/syz0) failed: 2
executor 1 handshake send reply badf00d 10
 NODE_DATA(0) allocated [mem 0x2bfffc000-0x2bfffffff]
[    0.022789] kernel: Zone ranges:
[    0.022801] kernel:   DMA      [mem 0x0000000000001000-0x0000000000ffffff]
[    0.022824] kernel:   DMA32    [mem 0x0000000001000000-0x00000000ffffffff]
[    0.022843] kernel:   Normal   [mem 0x0000000100000000-0x00000002bfffffff]
[    0.022862] kernel: Movable zone start for each node
[    0.022870] kernel: Early memory node ranges
[    0.022879] kernel:   node   0: [mem 0x0000000000001000-0x000000000009efff]
[    0.022896] kernel:   node   0: [mem 0x0000000000100000-0x00000000bffdcfff]
[    0.022914] kernel:   node   0: [mem 0x0000000100000000-0x00000002bfffffff]
[    0.022935] kernel: Initmem setup node 0 [mem 0x0000000000001000-0x00000002bfffffff]
[    0.023353] kernel: On node 0, zone DMA: 1 pages in unavailable ranges
[    0.023491] kernel: On node 0, zone DMA: 97 pages in unavailable ranges
[    0.132693] kernel: On node 0, zone Normal: 35 pages in unavailable ranges
[    0.480501] kern2] kernel: ... version:                2
[    0.815542] kernel: ... bit width:              48
[    0.815869] kernel: ... generic registers:      8
[    0.816187] kernel: ... value mask:             0000ffffffffffff
[    0.816219] kernel: ... max period:             00007fffffffffff
[    0.816636] kernel: ... fixed-purpose events:   3
[    0.816958] kernel: ... event mask:             00000007000000ff
[    0.817410] kernel: rcu: Hierarchical SRCU implementation.
[    0.819132] kernel: smp: Bringing up secondary CPUs ...
[    0.819427] kernel: x86: Booting SMP configuration:
[    0.819778] kernel: .... node  #0, CPUs:      #1
[    0.080236] kernel: kvm-clock: cpu 1, msr 37158041, secondary cpu clock
[    0.080236] kernel: smpboot: CPU 1 Converting physical 0 to logical die 1
[    0.822260] kernel: kvm-guest: setup async PF for cpu 1
[    0.822746] kernel: kvm-guest: stealtime: cpu 1, msr 26531f140
[    0.823258] kernel: smp: Brought up 1 node, 2 CPUs
[    0.823658] kernel: smpboot: Maxel: kasan: KernelAddressSanitizer initialized
[    0.481033] kernel: ACPI: PM-Timer IO Port: 0x608
[    0.481069] kernel: ACPI: LAPIC_NMI (acpi_id[0xff] dfl dfl lint[0x1])
[    0.481142] kernel: IOAPIC[0]: apic_id 0, version 17, address 0xfec00000, GSI 0-23
[    0.481169] kernel: ACPI: INT_SRC_OVR (bus 0 bus_irq 0 global_irq 2 dfl dfl)
[    0.481189] kernel: ACPI: INT_SRC_OVR (bus 0 bus_irq 5 global_irq 5 high level)
[    0.481208] kernel: ACPI: INT_SRC_OVR (bus 0 bus_irq 9 global_irq 9 high level)
[    0.481227] kernel: ACPI: INT_SRC_OVR (bus 0 bus_irq 10 global_irq 10 high level)
[    0.481246] kernel: ACPI: INT_SRC_OVR (bus 0 bus_irq 11 global_irq 11 high level)
[    0.481278] kernel: ACPI: Using ACPI (MADT) for SMP configuration information
[    0.481290] kernel: ACPI: HPET id: 0x8086a201 base: 0xfed00000
[    0.481312] kernel: TSC deadline timer available
[    0.481321] kernel: smpboot: Allowing 2 CPUs, 0 hotplug CPUs
[    0.481374] kernel: kvm-guest: KVM setup pv remote TLB flus logical packages: 2
[    0.824224] kernel: smpboot: Total of 2 processors activated (9984.00 BogoMIPS)
[    0.825761] kernel: devtmpfs: initialized
[    0.830547] kernel: clocksource: jiffies: mask: 0xffffffff max_cycles: 0xffffffff, max_idle_ns: 1911260446275000 ns
[    0.831226] kernel: futex hash table entries: 512 (order: 3, 32768 bytes, linear)
[    0.832394] kernel: PM: RTC time: 02:54:59, date: 2023-01-26
[    0.833393] kernel: NET: Registered PF_NETLINK/PF_ROUTE protocol family
[    0.834811] kernel: audit: initializing netlink subsys (disabled)
[    0.835277] kernel: audit: type=2000 audit(1674701699.408:1): state=initialized audit_enabled=0 res=1
[    0.835936] kernel: thermal_sys: Registered thermal governor 'step_wise'
[    0.836224] kernel: thermal_sys: Registered thermal governor 'user_space'
[    0.836927] kernel: cpuidle: using governor menu
[    0.837866] kernel: ACPI: bus type PCI registered
[    0.838663] kernel: PCI: Using configuration type 1 for base access
[   h
[    0.481389] kernel: kvm-guest: setup PV sched yield
[    0.481444] kernel: PM: hibernation: Registered nosave memory: [mem 0x00000000-0x00000fff]
[    0.481464] kernel: PM: hibernation: Registered nosave memory: [mem 0x0009f000-0x0009ffff]
[    0.481478] kernel: PM: hibernation: Registered nosave memory: [mem 0x000a0000-0x000effff]
[    0.481493] kernel: PM: hibernation: Registered nosave memory: [mem 0x000f0000-0x000fffff]
[    0.481512] kernel: PM: hibernation: Registered nosave memory: [mem 0xbffdd000-0xbfffffff]
[    0.481527] kernel: PM: hibernation: Registered nosave memory: [mem 0xc0000000-0xfeffbfff]
[    0.481542] kernel: PM: hibernation: Registered nosave memory: [mem 0xfeffc000-0xfeffffff]
[    0.481557] kernel: PM: hibernation: Registered nosave memory: [mem 0xff000000-0xfffbffff]
[    0.481572] kernel: PM: hibernation: Registered nosave memory: [mem 0xfffc0000-0xffffffff]
[    0.481590] kernel: [mem 0xc0000000-0xfeffbfff] available for PCI devices
[    0.481604] kernexecutor 2 finishes userspace_cover_open
before receiving handshake request
 0.857415] kernel: Kprobes globally optimized
[    0.857765] kernel: HugeTLB registered 2.00 MiB page size, pre-allocated 0 pages
[    0.858326] kernel: cryptomgr_test (26) used greatest stack depth: 30544 bytes left
[    0.860376] kernel: ACPI: Added _OSI(Module Device)
[    0.861222] kernel: ACPI: Added _OSI(Processor Device)
[    0.861616] kernel: ACPI: Added _OSI(3.0 _SCP Extensions)
[    0.862092] kernel: ACPI: Added _OSI(Processor Aggregator Device)
[    0.862227] kernel: ACPI: Added _OSI(Linux-Dell-Video)
[    0.862608] kernel: ACPI: Added _OSI(Linux-Lenovo-NV-HDMI-Audio)
[    0.863066] kernel: ACPI: Added _OSI(Linux-HPI-Hybrid-Graphics)
[    0.877187] kernel: ACPI: 1 ACPI AML tables successfully acquired and loaded
[    0.881607] kernel: ACPI: Interpreter enabled
[    0.882043] kernel: ACPI: PM: (supports S0 S3 S4 S5)
[    0.882221] kernel: ACPI: Using IOAPIC for interrupt routing
[    0.882735] kernel: PCI: Using host bridge windows from ACPI; if necessary, use "pci=nocrs" anreq.flags ea3
----- executor 2 do_sandbox_none at begining
----- executor 2 do_sandbox_none before fork()
el: Booting paravirtualized kernel on KVM
[    0.481618] kernel: clocksource: refined-jiffies: mask: 0xffffffff max_cycles: 0xffffffff, max_idle_ns: 1910969940391419 ns
[    0.498339] kernel: setup_percpu: NR_CPUS:64 nr_cpumask_bits:64 nr_cpu_ids:2 nr_node_ids:1
[    0.499154] kernel: percpu: Embedded 56 pages/cpu s191576 r8192 d29608 u1048576
[    0.499212] kernel: pcpu-alloc: s191576 r8192 d29608 u1048576 alloc=1*2097152
[    0.499239] kernel: pcpu-alloc: [0] 0 1 
[    0.499374] kernel: kvm-guest: setup async PF for cpu 0
[    0.499392] kernel: kvm-guest: stealtime: cpu 0, msr 26041f140
[    0.499411] kernel: Built 1 zonelists, mobility grouping on.  Total pages: 2580189
[    0.499428] kernel: Policy zone: Normal
[    0.499439] kernel: Kernel command line: root=/dev/sda console=ttyS0 net.ifnames=0 ip=192.168.0.52
[    0.504348] kernel: Dentry cache hash table entries: 2097152 (order: 12, 16777216 bytes, linear)
[    0.506736] kernel: Inode-cache hash table entries: 1048576 (order: 1ax logical packages: 2
[    0.832125] kernel: smpboot: Total of 2 processors activated (9984.00 BogoMIPS)
[    0.833138] kernel: devtmpfs: initialized
[    0.837790] kernel: clocksource: jiffies: mask: 0xffffffff max_cycles: 0xffffffff, max_idle_ns: 1911260446275000 ns
[    0.838450] kernel: futex hash table entries: 512 (order: 3, 32768 bytes, linear)
[    0.839224] kernel: PM: RTC time: 02:54:59, date: 2023-01-26
[    0.839825] kernel: NET: Registered PF_NETLINK/PF_ROUTE protocol family
[    0.840874] kernel: audit: initializing netlink subsys (disabled)
[    0.841348] kernel: audit: type=2000 audit(1674701699.362:1): state=initialized audit_enabled=0 res=1
[    0.842202] kernel: thermal_sys: Registered thermal governor 'step_wise'
[    0.842358] kernel: thermal_sys: Registered thermal governor 'user_space'
[    0.842517] kernel: cpuidle: using governor menu
[    0.843515] kernel: ACPI: bus type PCI registered
[    0.844126] kernel: PCI: Using configuration type 1 for base access
[ d report a bug
[    0.884697] kernel: ACPI: Enabled 2 GPEs in block 00 to 0F
[    0.917875] kernel: ACPI: PCI Root Bridge [PCI0] (domain 0000 [bus 00-ff])
[    0.918243] kernel: acpi PNP0A03:00: _OSC: OS supports [ASPM ClockPM Segments MSI HPX-Type3]
[    0.918957] kernel: acpi PNP0A03:00: fail to add MMCONFIG information, can't access extended PCI configuration space under this bridge.
[    0.919531] kernel: PCI host bridge to bus 0000:00
[    0.919888] kernel: pci_bus 0000:00: root bus resource [io  0x0000-0x0cf7 window]
[    0.920224] kernel: pci_bus 0000:00: root bus resource [io  0x0d00-0xffff window]
[    0.920828] kernel: pci_bus 0000:00: root bus resource [mem 0x000a0000-0x000bffff window]
[    0.921222] kernel: pci_bus 0000:00: root bus resource [mem 0xc0000000-0xfebfffff window]
[    0.921921] kernel: pci_bus 0000:00: root bus resource [mem 0x2c0000000-0x33fffffff window]
[    0.922227] kernel: pci_bus 0000:00: root bus resource [bus 00-ff]
[    0.924028] kernel: pci 0000:00spawned loop pid 341
1, 8388608 bytes, linear)
[    0.506901] kernel: mem auto-init: stack:off, heap alloc:off, heap free:off
[    0.756122] kernel: Memory: 8818312K/10485228K available (47117K kernel code, 10298K rwdata, 7204K rodata, 2068K init, 2860K bss, 1666660K reserved, 0K cma-reserved)
[    0.756505] kernel: SLUB: HWalign=64, Order=0-3, MinObjects=0, CPUs=2, Nodes=1
