2023/03/10 07:07:29 fuzzer started
2023/03/10 07:07:30 dialing manager at localhost:42025
2023/03/10 07:07:30 syscalls: 130
2023/03/10 07:07:30 code coverage: enabled
2023/03/10 07:07:30 comparison tracing: enabled
2023/03/10 07:07:30 extra coverage: enabled
2023/03/10 07:07:30 setuid sandbox: enabled
2023/03/10 07:07:30 namespace sandbox: /proc/self/ns/user does not exist
2023/03/10 07:07:30 Android sandbox: /sys/fs/selinux/policy can't be opened (open /sys/fs/selinux/policy: invalid argument)
2023/03/10 07:07:30 fault injection: CONFIG_FAULT_INJECTION_DEBUG_FS or CONFIG_FAILSLAB are not enabled
2023/03/10 07:07:30 leak checking: CONFIG_DEBUG_KMEMLEAK is not enabled
2023/03/10 07:07:30 net packet injection: /dev/net/tun does not exist
2023/03/10 07:07:30 net device setup: enabled
2023/03/10 07:07:30 concurrency sanitizer: /sys/kernel/debug/kcsan does not exist
2023/03/10 07:07:30 devlink PCI setup: enabled
2023/03/10 07:07:30 USB emulation: /dev/raw-gadget does not exist
2023/03/10 07:07:30 hci packet injection: /dev/vhci does not exist
2023/03/10 07:07:30 wifi device emulation: /sys/class/mac80211_hwsim/ does not exist
2023/03/10 07:07:30 802.15.4 emulation: /sys/bus/platform/devices/mac802154_hwsim does not exist
2023/03/10 07:07:30 deserializeInput: hasCrash true hasNet false
2023/03/10 07:07:30 prog length: 6
2023/03/10 07:07:30 prog length: 6
2023/03/10 07:07:30 prog length: 5
2023/03/10 07:07:30 deserializeInput: hasCrash true hasNet false
2023/03/10 07:07:30 prog length: 6
2023/03/10 07:07:30 prog length: 17
2023/03/10 07:07:30 deserializeInput: hasCrash true hasNet false
2023/03/10 07:07:30 prog length: 6
2023/03/10 07:07:30 prog length: 6
2023/03/10 07:07:30 prog length: 6
2023/03/10 07:07:30 deserializeInput: hasCrash true hasNet false
2023/03/10 07:07:30 prog length: 6
2023/03/10 07:07:30 prog length: 5
2023/03/10 07:07:30 deserializeInput: hasCrash true hasNet false
2023/03/10 07:07:30 prog length: 6
2023/03/10 07:07:30 prog length: 3
2023/03/10 07:07:30 deserializeInput: hasCrash false hasNet false
2023/03/10 07:07:30 prog length: 1
2023/03/10 07:07:30 deserializeInput: hasCrash true hasNet false
2023/03/10 07:07:30 prog length: 6
2023/03/10 07:07:30 prog length: 3
2023/03/10 07:07:30 deserializeInput: hasCrash true hasNet false
2023/03/10 07:07:30 prog length: 6
2023/03/10 07:07:30 prog length: 6
2023/03/10 07:07:30 prog length: 6
2023/03/10 07:07:30 deserializeInput: hasCrash true hasNet false
2023/03/10 07:07:30 prog length: 6
2023/03/10 07:07:30 prog length: 6
2023/03/10 07:07:30 prog length: 5
2023/03/10 07:07:30 deserializeInput: hasCrash true hasNet false
2023/03/10 07:07:30 prog length: 6
2023/03/10 07:07:30 prog length: 3
2023/03/10 07:07:30 deserializeInput: hasCrash true hasNet false
2023/03/10 07:07:30 prog length: 6
2023/03/10 07:07:30 prog length: 6
2023/03/10 07:07:30 prog length: 5
2023/03/10 07:07:30 deserializeInput: hasCrash true hasNet false
2023/03/10 07:07:30 prog length: 6
2023/03/10 07:07:30 prog length: 6
2023/03/10 07:07:30 prog length: 5
2023/03/10 07:07:30 deserializeInput: hasCrash true hasNet false
2023/03/10 07:07:30 prog length: 6
2023/03/10 07:07:30 prog length: 3
2023/03/10 07:07:30 deserializeInput: hasCrash true hasNet false
2023/03/10 07:07:30 prog length: 6
2023/03/10 07:07:30 prog length: 6
2023/03/10 07:07:30 prog length: 5
2023/03/10 07:07:30 deserializeInput: hasCrash true hasNet false
2023/03/10 07:07:30 prog length: 6
2023/03/10 07:07:30 prog length: 3
2023/03/10 07:07:30 deserializeInput: hasCrash true hasNet false
2023/03/10 07:07:30 prog length: 6
2023/03/10 07:07:30 prog length: 3
2023/03/10 07:07:30 deserializeInput: hasCrash true hasNet false
2023/03/10 07:07:30 prog length: 6
2023/03/10 07:07:30 prog length: 6
2023/03/10 07:07:30 prog length: 5
2023/03/10 07:07:30 deserializeInput: hasCrash true hasNet false
2023/03/10 07:07:30 prog length: 6
2023/03/10 07:07:30 prog length: 6
2023/03/10 07:07:30 prog length: 5
2023/03/10 07:07:30 deserializeInput: hasCrash true hasNet false
2023/03/10 07:07:30 prog length: 6
2023/03/10 07:07:30 prog length: 6
2023/03/10 07:07:30 prog length: 6
2023/03/10 07:07:30 deserializeInput: hasCrash true hasNet false
2023/03/10 07:07:30 prog length: 6
2023/03/10 07:07:30 prog length: 6
2023/03/10 07:07:30 prog length: 6
2023/03/10 07:07:30 deserializeInput: hasCrash true hasNet false
2023/03/10 07:07:30 prog length: 6
2023/03/10 07:07:30 prog length: 3
2023/03/10 07:07:30 deserializeInput: hasCrash true hasNet false
2023/03/10 07:07:30 prog length: 6
2023/03/10 07:07:30 prog length: 3
2023/03/10 07:07:30 deserializeInput: hasCrash true hasNet false
2023/03/10 07:07:30 prog length: 6
2023/03/10 07:07:30 prog length: 3
2023/03/10 07:07:30 deserializeInput: hasCrash true hasNet false
2023/03/10 07:07:30 prog length: 6
2023/03/10 07:07:30 prog length: 6
2023/03/10 07:07:30 prog length: 6
2023/03/10 07:07:30 prog length: 7
2023/03/10 07:07:30 deserializeInput: hasCrash true hasNet false
2023/03/10 07:07:30 prog length: 6
2023/03/10 07:07:30 prog length: 6
2023/03/10 07:07:30 prog length: 5
2023/03/10 07:07:30 deserializeInput: hasCrash true hasNet false
2023/03/10 07:07:30 prog length: 6
2023/03/10 07:07:30 prog length: 3
2023/03/10 07:07:30 deserializeInput: hasCrash true hasNet false
2023/03/10 07:07:30 prog length: 6
2023/03/10 07:07:30 prog length: 3
2023/03/10 07:07:30 deserializeInput: hasCrash true hasNet false
2023/03/10 07:07:30 prog length: 6
2023/03/10 07:07:30 prog length: 3
2023/03/10 07:07:30 deserializeInput: hasCrash true hasNet false
2023/03/10 07:07:30 prog length: 6
2023/03/10 07:07:30 prog length: 3
2023/03/10 07:07:30 deserializeInput: hasCrash true hasNet false
2023/03/10 07:07:30 prog length: 6
2023/03/10 07:07:30 prog length: 6
2023/03/10 07:07:30 prog length: 5
2023/03/10 07:07:30 deserializeInput: hasCrash true hasNet false
2023/03/10 07:07:30 prog length: 6
2023/03/10 07:07:30 prog length: 6
2023/03/10 07:07:30 prog length: 6
2023/03/10 07:07:30 prog length: 7
2023/03/10 07:07:30 deserializeInput: hasCrash true hasNet false
2023/03/10 07:07:30 prog length: 6
2023/03/10 07:07:30 prog length: 6
2023/03/10 07:07:30 prog length: 5
2023/03/10 07:07:30 deserializeInput: hasCrash true hasNet false
2023/03/10 07:07:30 prog length: 6
2023/03/10 07:07:30 prog length: 3
2023/03/10 07:07:30 deserializeInput: hasCrash true hasNet false
2023/03/10 07:07:30 prog length: 6
2023/03/10 07:07:30 prog length: 3
2023/03/10 07:07:30 deserializeInput: hasCrash true hasNet false
2023/03/10 07:07:30 prog length: 6
2023/03/10 07:07:30 prog length: 6
2023/03/10 07:07:30 prog length: 5
2023/03/10 07:07:30 deserializeInput: hasCrash true hasNet false
2023/03/10 07:07:30 prog length: 6
2023/03/10 07:07:30 prog length: 3
2023/03/10 07:07:30 deserializeInput: hasCrash true hasNet false
2023/03/10 07:07:30 prog length: 6
2023/03/10 07:07:30 prog length: 3
2023/03/10 07:07:30 deserializeInput: hasCrash true hasNet false
2023/03/10 07:07:30 prog length: 6
2023/03/10 07:07:30 prog length: 4
2023/03/10 07:07:30 deserializeInput: hasCrash false hasNet false
2023/03/10 07:07:30 prog length: 3
2023/03/10 07:07:30 deserializeInput: hasCrash true hasNet false
2023/03/10 07:07:30 prog length: 6
2023/03/10 07:07:30 prog length: 6
2023/03/10 07:07:30 prog length: 6
2023/03/10 07:07:30 prog length: 7
2023/03/10 07:07:30 deserializeInput: hasCrash true hasNet false
2023/03/10 07:07:30 prog length: 6
2023/03/10 07:07:30 prog length: 6
2023/03/10 07:07:30 prog length: 5
2023/03/10 07:07:30 deserializeInput: hasCrash true hasNet false
2023/03/10 07:07:30 prog length: 6
2023/03/10 07:07:30 prog length: 3
2023/03/10 07:07:30 deserializeInput: hasCrash true hasNet false
2023/03/10 07:07:30 prog length: 6
2023/03/10 07:07:30 prog length: 6
2023/03/10 07:07:30 prog length: 8
2023/03/10 07:07:30 deserializeInput: hasCrash true hasNet false
2023/03/10 07:07:30 prog length: 6
2023/03/10 07:07:30 prog length: 19
2023/03/10 07:07:30 deserializeInput: hasCrash false hasNet false
2023/03/10 07:07:30 prog length: 1
2023/03/10 07:07:30 deserializeInput: hasCrash true hasNet false
2023/03/10 07:07:30 prog length: 6
2023/03/10 07:07:30 prog length: 6
2023/03/10 07:07:30 prog length: 6
2023/03/10 07:07:30 prog length: 7
2023/03/10 07:07:30 deserializeInput: hasCrash true hasNet false
2023/03/10 07:07:30 prog length: 6
2023/03/10 07:07:30 prog length: 3
2023/03/10 07:07:30 deserializeInput: hasCrash true hasNet false
2023/03/10 07:07:30 prog length: 6
2023/03/10 07:07:30 prog length: 3
2023/03/10 07:07:30 deserializeInput: hasCrash true hasNet false
2023/03/10 07:07:30 prog length: 6
2023/03/10 07:07:30 prog length: 3
2023/03/10 07:07:30 deserializeInput: hasCrash true hasNet false
2023/03/10 07:07:30 prog length: 6
2023/03/10 07:07:30 prog length: 3
2023/03/10 07:07:30 fetching corpus: 50, signal 3365/12250/17066 (executing program)
2023/03/10 07:07:31 deserializeInput: hasCrash true hasNet false
2023/03/10 07:07:31 prog length: 6
2023/03/10 07:07:31 prog length: 3
2023/03/10 07:07:31 deserializeInput: hasCrash true hasNet false
2023/03/10 07:07:31 prog length: 6
2023/03/10 07:07:31 prog length: 3
2023/03/10 07:07:31 deserializeInput: hasCrash true hasNet false
2023/03/10 07:07:31 prog length: 6
2023/03/10 07:07:31 prog length: 6
2023/03/10 07:07:31 prog length: 5
2023/03/10 07:07:31 deserializeInput: hasCrash true hasNet false
2023/03/10 07:07:31 prog length: 6
2023/03/10 07:07:31 prog length: 6
2023/03/10 07:07:31 prog length: 5
2023/03/10 07:07:31 deserializeInput: hasCrash true hasNet false
2023/03/10 07:07:31 prog length: 6
2023/03/10 07:07:31 prog length: 3
2023/03/10 07:07:31 deserializeInput: hasCrash false hasNet false
2023/03/10 07:07:31 prog length: 1
2023/03/10 07:07:31 deserializeInput: hasCrash true hasNet false
2023/03/10 07:07:31 prog length: 6
2023/03/10 07:07:31 prog length: 3
2023/03/10 07:07:31 deserializeInput: hasCrash true hasNet false
2023/03/10 07:07:31 prog length: 6
2023/03/10 07:07:31 prog length: 6
2023/03/10 07:07:31 prog length: 5
2023/03/10 07:07:31 deserializeInput: hasCrash true hasNet false
2023/03/10 07:07:31 prog length: 6
2023/03/10 07:07:31 prog length: 3
2023/03/10 07:07:31 deserializeInput: hasCrash true hasNet false
2023/03/10 07:07:31 prog length: 6
2023/03/10 07:07:31 prog length: 4
2023/03/10 07:07:31 deserializeInput: hasCrash true hasNet false
2023/03/10 07:07:31 prog length: 6
2023/03/10 07:07:31 prog length: 6
2023/03/10 07:07:31 prog length: 5
2023/03/10 07:07:31 deserializeInput: hasCrash true hasNet false
2023/03/10 07:07:31 prog length: 6
2023/03/10 07:07:31 prog length: 6
2023/03/10 07:07:31 prog length: 5
2023/03/10 07:07:31 deserializeInput: hasCrash true hasNet false
2023/03/10 07:07:31 prog length: 6
2023/03/10 07:07:31 prog length: 3
2023/03/10 07:07:31 deserializeInput: hasCrash true hasNet false
2023/03/10 07:07:31 prog length: 6
2023/03/10 07:07:31 prog length: 3
2023/03/10 07:07:31 deserializeInput: hasCrash true hasNet false
2023/03/10 07:07:31 prog length: 6
2023/03/10 07:07:31 prog length: 6
2023/03/10 07:07:31 prog length: 5
2023/03/10 07:07:31 deserializeInput: hasCrash true hasNet false
2023/03/10 07:07:31 prog length: 6
2023/03/10 07:07:31 prog length: 3
2023/03/10 07:07:31 deserializeInput: hasCrash true hasNet false
2023/03/10 07:07:31 prog length: 6
2023/03/10 07:07:31 prog length: 3
2023/03/10 07:07:31 deserializeInput: hasCrash true hasNet false
2023/03/10 07:07:31 prog length: 6
2023/03/10 07:07:31 prog length: 6
2023/03/10 07:07:31 prog length: 7
2023/03/10 07:07:31 deserializeInput: hasCrash true hasNet false
2023/03/10 07:07:31 prog length: 6
2023/03/10 07:07:31 prog length: 3
2023/03/10 07:07:31 deserializeInput: hasCrash true hasNet false
2023/03/10 07:07:31 prog length: 6
2023/03/10 07:07:31 prog length: 6
2023/03/10 07:07:31 prog length: 6
2023/03/10 07:07:31 deserializeInput: hasCrash true hasNet false
2023/03/10 07:07:31 prog length: 6
2023/03/10 07:07:31 prog length: 4
2023/03/10 07:07:31 deserializeInput: hasCrash true hasNet false
2023/03/10 07:07:31 prog length: 6
2023/03/10 07:07:31 prog length: 3
2023/03/10 07:07:31 deserializeInput: hasCrash true hasNet false
2023/03/10 07:07:31 prog length: 6
2023/03/10 07:07:31 prog length: 6
2023/03/10 07:07:31 prog length: 5
2023/03/10 07:07:31 deserializeInput: hasCrash true hasNet false
2023/03/10 07:07:31 prog length: 6
2023/03/10 07:07:31 prog length: 6
2023/03/10 07:07:31 prog length: 17
2023/03/10 07:07:31 deserializeInput: hasCrash true hasNet false
2023/03/10 07:07:31 prog length: 6
2023/03/10 07:07:31 prog length: 6
2023/03/10 07:07:31 prog length: 5
2023/03/10 07:07:31 deserializeInput: hasCrash true hasNet false
2023/03/10 07:07:31 prog length: 6
2023/03/10 07:07:31 prog length: 6
2023/03/10 07:07:31 prog length: 5
2023/03/10 07:07:31 deserializeInput: hasCrash true hasNet false
2023/03/10 07:07:31 prog length: 6
2023/03/10 07:07:31 prog length: 6
2023/03/10 07:07:31 prog length: 5
2023/03/10 07:07:31 deserializeInput: hasCrash true hasNet false
2023/03/10 07:07:31 prog length: 6
2023/03/10 07:07:31 prog length: 6
2023/03/10 07:07:31 prog length: 15
2023/03/10 07:07:31 deserializeInput: hasCrash true hasNet false
2023/03/10 07:07:31 prog length: 6
2023/03/10 07:07:31 prog length: 3
2023/03/10 07:07:31 deserializeInput: hasCrash true hasNet false
2023/03/10 07:07:31 prog length: 6
2023/03/10 07:07:31 prog length: 6
2023/03/10 07:07:31 prog length: 5
2023/03/10 07:07:31 deserializeInput: hasCrash true hasNet false
2023/03/10 07:07:31 prog length: 6
2023/03/10 07:07:31 prog length: 3
2023/03/10 07:07:31 deserializeInput: hasCrash true hasNet false
2023/03/10 07:07:31 prog length: 6
2023/03/10 07:07:31 prog length: 3
2023/03/10 07:07:31 deserializeInput: hasCrash true hasNet false
2023/03/10 07:07:31 prog length: 6
2023/03/10 07:07:31 prog length: 3
2023/03/10 07:07:31 deserializeInput: hasCrash true hasNet false
2023/03/10 07:07:31 prog length: 6
2023/03/10 07:07:31 prog length: 3
2023/03/10 07:07:31 deserializeInput: hasCrash false hasNet false
2023/03/10 07:07:31 prog length: 1
2023/03/10 07:07:31 deserializeInput: hasCrash true hasNet false
2023/03/10 07:07:31 prog length: 6
2023/03/10 07:07:31 prog length: 6
2023/03/10 07:07:31 prog length: 5
2023/03/10 07:07:31 deserializeInput: hasCrash true hasNet false
2023/03/10 07:07:31 prog length: 6
2023/03/10 07:07:31 prog length: 3
2023/03/10 07:07:31 deserializeInput: hasCrash true hasNet false
2023/03/10 07:07:31 prog length: 6
2023/03/10 07:07:31 prog length: 3
2023/03/10 07:07:31 deserializeInput: hasCrash true hasNet false
2023/03/10 07:07:31 prog length: 6
2023/03/10 07:07:31 prog length: 6
2023/03/10 07:07:31 prog length: 5
2023/03/10 07:07:31 deserializeInput: hasCrash true hasNet false
2023/03/10 07:07:31 prog length: 6
2023/03/10 07:07:31 prog length: 3
2023/03/10 07:07:31 deserializeInput: hasCrash true hasNet false
2023/03/10 07:07:31 prog length: 6
2023/03/10 07:07:31 prog length: 3
2023/03/10 07:07:31 deserializeInput: hasCrash true hasNet false
2023/03/10 07:07:31 prog length: 6
2023/03/10 07:07:31 prog length: 3
2023/03/10 07:07:31 deserializeInput: hasCrash true hasNet false
2023/03/10 07:07:31 prog length: 6
2023/03/10 07:07:31 prog length: 6
2023/03/10 07:07:31 prog length: 5
2023/03/10 07:07:31 deserializeInput: hasCrash true hasNet false
2023/03/10 07:07:31 prog length: 6
2023/03/10 07:07:31 prog length: 3
2023/03/10 07:07:31 deserializeInput: hasCrash true hasNet false
2023/03/10 07:07:31 prog length: 6
2023/03/10 07:07:31 prog length: 6
2023/03/10 07:07:31 prog length: 5
2023/03/10 07:07:31 deserializeInput: hasCrash true hasNet false
2023/03/10 07:07:31 prog length: 6
2023/03/10 07:07:31 prog length: 6
2023/03/10 07:07:31 prog length: 5
2023/03/10 07:07:31 deserializeInput: hasCrash true hasNet false
2023/03/10 07:07:31 prog length: 6
2023/03/10 07:07:31 prog length: 6
2023/03/10 07:07:31 prog length: 5
2023/03/10 07:07:31 deserializeInput: hasCrash true hasNet false
2023/03/10 07:07:31 prog length: 6
2023/03/10 07:07:31 prog length: 19
2023/03/10 07:07:31 deserializeInput: hasCrash true hasNet false
2023/03/10 07:07:31 prog length: 6
2023/03/10 07:07:31 prog length: 3
2023/03/10 07:07:31 deserializeInput: hasCrash true hasNet false
2023/03/10 07:07:31 prog length: 6
2023/03/10 07:07:31 prog length: 17
2023/03/10 07:07:31 fetching corpus: 100, signal 4401/16261/23267 (executing program)
2023/03/10 07:07:31 deserializeInput: hasCrash true hasNet false
2023/03/10 07:07:31 prog length: 6
2023/03/10 07:07:31 prog length: 6
2023/03/10 07:07:31 prog length: 5
2023/03/10 07:07:31 deserializeInput: hasCrash true hasNet false
2023/03/10 07:07:31 prog length: 6
2023/03/10 07:07:31 prog length: 6
2023/03/10 07:07:31 prog length: 5
2023/03/10 07:07:31 deserializeInput: hasCrash true hasNet false
2023/03/10 07:07:31 prog length: 6
2023/03/10 07:07:31 prog length: 3
2023/03/10 07:07:31 deserializeInput: hasCrash true hasNet false
2023/03/10 07:07:31 prog length: 6
2023/03/10 07:07:31 prog length: 3
2023/03/10 07:07:31 deserializeInput: hasCrash true hasNet false
2023/03/10 07:07:31 prog length: 6
2023/03/10 07:07:31 prog length: 6
2023/03/10 07:07:31 prog length: 5
2023/03/10 07:07:31 deserializeInput: hasCrash true hasNet false
2023/03/10 07:07:31 prog length: 6
2023/03/10 07:07:31 prog length: 3
2023/03/10 07:07:31 deserializeInput: hasCrash true hasNet false
2023/03/10 07:07:31 prog length: 6
2023/03/10 07:07:31 prog length: 3
2023/03/10 07:07:31 deserializeInput: hasCrash true hasNet false
2023/03/10 07:07:31 prog length: 6
2023/03/10 07:07:31 prog length: 3
2023/03/10 07:07:31 deserializeInput: hasCrash true hasNet false
2023/03/10 07:07:31 prog length: 6
2023/03/10 07:07:31 prog length: 6
2023/03/10 07:07:31 prog length: 5
2023/03/10 07:07:31 deserializeInput: hasCrash true hasNet false
2023/03/10 07:07:31 prog length: 6
2023/03/10 07:07:31 prog length: 6
2023/03/10 07:07:31 prog length: 5
2023/03/10 07:07:31 deserializeInput: hasCrash true hasNet false
2023/03/10 07:07:31 prog length: 6
2023/03/10 07:07:31 prog length: 3
2023/03/10 07:07:31 deserializeInput: hasCrash true hasNet false
2023/03/10 07:07:31 prog length: 6
2023/03/10 07:07:31 prog length: 8
2023/03/10 07:07:31 deserializeInput: hasCrash true hasNet false
2023/03/10 07:07:31 prog length: 6
2023/03/10 07:07:31 prog length: 3
2023/03/10 07:07:31 deserializeInput: hasCrash true hasNet false
2023/03/10 07:07:31 prog length: 6
2023/03/10 07:07:31 prog length: 3
2023/03/10 07:07:31 deserializeInput: hasCrash true hasNet false
2023/03/10 07:07:31 prog length: 6
2023/03/10 07:07:31 prog length: 3
2023/03/10 07:07:31 deserializeInput: hasCrash true hasNet false
2023/03/10 07:07:31 prog length: 6
2023/03/10 07:07:31 prog length: 6
2023/03/10 07:07:31 prog length: 5
2023/03/10 07:07:31 deserializeInput: hasCrash true hasNet false
2023/03/10 07:07:31 prog length: 6
2023/03/10 07:07:31 prog length: 3
2023/03/10 07:07:31 deserializeInput: hasCrash true hasNet false
2023/03/10 07:07:31 prog length: 6
2023/03/10 07:07:31 prog length: 3
2023/03/10 07:07:31 deserializeInput: hasCrash true hasNet false
2023/03/10 07:07:31 prog length: 6
2023/03/10 07:07:31 prog length: 5
2023/03/10 07:07:31 deserializeInput: hasCrash true hasNet false
2023/03/10 07:07:31 prog length: 6
2023/03/10 07:07:31 prog length: 3
2023/03/10 07:07:31 deserializeInput: hasCrash true hasNet false
2023/03/10 07:07:31 prog length: 6
2023/03/10 07:07:31 prog length: 6
2023/03/10 07:07:31 prog length: 6
2023/03/10 07:07:31 prog length: 7
2023/03/10 07:07:31 deserializeInput: hasCrash true hasNet false
2023/03/10 07:07:31 prog length: 6
2023/03/10 07:07:31 prog length: 3
2023/03/10 07:07:31 deserializeInput: hasCrash true hasNet false
2023/03/10 07:07:31 prog length: 6
2023/03/10 07:07:31 prog length: 6
2023/03/10 07:07:31 prog length: 5
2023/03/10 07:07:31 deserializeInput: hasCrash true hasNet false
2023/03/10 07:07:31 prog length: 6
2023/03/10 07:07:31 prog length: 6
2023/03/10 07:07:31 prog length: 5
2023/03/10 07:07:31 deserializeInput: hasCrash true hasNet false
2023/03/10 07:07:31 prog length: 6
2023/03/10 07:07:31 prog length: 3
2023/03/10 07:07:31 deserializeInput: hasCrash true hasNet false
2023/03/10 07:07:31 prog length: 6
2023/03/10 07:07:31 prog length: 6
2023/03/10 07:07:31 prog length: 5
2023/03/10 07:07:31 deserializeInput: hasCrash true hasNet false
2023/03/10 07:07:31 prog length: 6
2023/03/10 07:07:31 prog length: 3
2023/03/10 07:07:31 deserializeInput: hasCrash true hasNet false
2023/03/10 07:07:31 prog length: 6
2023/03/10 07:07:31 prog length: 3
2023/03/10 07:07:31 deserializeInput: hasCrash true hasNet false
2023/03/10 07:07:31 prog length: 6
2023/03/10 07:07:31 prog length: 3
2023/03/10 07:07:31 deserializeInput: hasCrash true hasNet false
2023/03/10 07:07:31 prog length: 6
2023/03/10 07:07:31 prog length: 6
2023/03/10 07:07:31 prog length: 5
2023/03/10 07:07:31 deserializeInput: hasCrash true hasNet false
2023/03/10 07:07:31 prog length: 6
2023/03/10 07:07:31 prog length: 3
2023/03/10 07:07:31 deserializeInput: hasCrash true hasNet false
2023/03/10 07:07:31 prog length: 6
2023/03/10 07:07:31 prog length: 6
2023/03/10 07:07:31 prog length: 5
2023/03/10 07:07:31 deserializeInput: hasCrash true hasNet false
2023/03/10 07:07:31 prog length: 6
2023/03/10 07:07:31 prog length: 6
2023/03/10 07:07:31 prog length: 5
2023/03/10 07:07:31 deserializeInput: hasCrash true hasNet false
2023/03/10 07:07:31 prog length: 6
2023/03/10 07:07:31 prog length: 3
2023/03/10 07:07:31 deserializeInput: hasCrash true hasNet false
2023/03/10 07:07:31 prog length: 6
2023/03/10 07:07:31 prog length: 6
2023/03/10 07:07:31 prog length: 5
2023/03/10 07:07:31 deserializeInput: hasCrash true hasNet false
2023/03/10 07:07:31 prog length: 6
2023/03/10 07:07:31 prog length: 17
2023/03/10 07:07:31 deserializeInput: hasCrash true hasNet false
2023/03/10 07:07:31 prog length: 6
2023/03/10 07:07:31 prog length: 17
2023/03/10 07:07:31 deserializeInput: hasCrash true hasNet false
2023/03/10 07:07:31 prog length: 6
2023/03/10 07:07:31 prog length: 3
2023/03/10 07:07:31 deserializeInput: hasCrash true hasNet false
2023/03/10 07:07:31 prog length: 6
2023/03/10 07:07:31 prog length: 6
2023/03/10 07:07:31 prog length: 5
2023/03/10 07:07:31 deserializeInput: hasCrash true hasNet false
2023/03/10 07:07:31 prog length: 6
2023/03/10 07:07:31 prog length: 3
2023/03/10 07:07:31 deserializeInput: hasCrash true hasNet false
2023/03/10 07:07:31 prog length: 6
2023/03/10 07:07:31 prog length: 3
2023/03/10 07:07:31 deserializeInput: hasCrash true hasNet false
2023/03/10 07:07:31 prog length: 6
2023/03/10 07:07:31 prog length: 3
2023/03/10 07:07:31 deserializeInput: hasCrash true hasNet false
2023/03/10 07:07:31 prog length: 6
2023/03/10 07:07:31 prog length: 6
2023/03/10 07:07:31 prog length: 5
2023/03/10 07:07:31 deserializeInput: hasCrash true hasNet false
2023/03/10 07:07:31 prog length: 6
2023/03/10 07:07:31 prog length: 6
2023/03/10 07:07:31 prog length: 8
2023/03/10 07:07:31 deserializeInput: hasCrash true hasNet false
2023/03/10 07:07:31 prog length: 6
2023/03/10 07:07:31 prog length: 3
2023/03/10 07:07:31 deserializeInput: hasCrash true hasNet false
2023/03/10 07:07:31 prog length: 6
2023/03/10 07:07:31 prog length: 3
2023/03/10 07:07:31 deserializeInput: hasCrash true hasNet false
2023/03/10 07:07:31 prog length: 6
2023/03/10 07:07:31 prog length: 6
2023/03/10 07:07:31 prog length: 5
2023/03/10 07:07:31 deserializeInput: hasCrash true hasNet false
2023/03/10 07:07:31 prog length: 6
2023/03/10 07:07:31 prog length: 6
2023/03/10 07:07:31 prog length: 6
2023/03/10 07:07:31 prog length: 7
2023/03/10 07:07:31 deserializeInput: hasCrash false hasNet false
2023/03/10 07:07:31 prog length: 1
2023/03/10 07:07:31 deserializeInput: hasCrash true hasNet false
2023/03/10 07:07:31 prog length: 6
2023/03/10 07:07:31 prog length: 3
2023/03/10 07:07:31 fetching corpus: 150, signal 4402/17159/25410 (executing program)
2023/03/10 07:07:31 deserializeInput: hasCrash true hasNet false
2023/03/10 07:07:31 prog length: 6
2023/03/10 07:07:31 prog length: 3
2023/03/10 07:07:31 deserializeInput: hasCrash true hasNet false
2023/03/10 07:07:31 prog length: 6
2023/03/10 07:07:31 prog length: 6
2023/03/10 07:07:31 prog length: 5
2023/03/10 07:07:31 deserializeInput: hasCrash true hasNet false
2023/03/10 07:07:31 prog length: 6
2023/03/10 07:07:31 prog length: 8
2023/03/10 07:07:31 deserializeInput: hasCrash true hasNet false
2023/03/10 07:07:31 prog length: 6
2023/03/10 07:07:31 prog length: 3
2023/03/10 07:07:31 deserializeInput: hasCrash true hasNet false
2023/03/10 07:07:31 prog length: 6
2023/03/10 07:07:31 prog length: 17
2023/03/10 07:07:31 deserializeInput: hasCrash true hasNet false
2023/03/10 07:07:31 prog length: 6
2023/03/10 07:07:31 prog length: 6
2023/03/10 07:07:31 prog length: 10
2023/03/10 07:07:31 deserializeInput: hasCrash true hasNet false
2023/03/10 07:07:31 prog length: 6
2023/03/10 07:07:31 prog length: 8
2023/03/10 07:07:31 deserializeInput: hasCrash true hasNet false
2023/03/10 07:07:31 prog length: 6
2023/03/10 07:07:31 prog length: 6
2023/03/10 07:07:31 prog length: 5
2023/03/10 07:07:31 deserializeInput: hasCrash true hasNet false
2023/03/10 07:07:31 prog length: 6
2023/03/10 07:07:31 prog length: 3
2023/03/10 07:07:31 deserializeInput: hasCrash true hasNet false
2023/03/10 07:07:31 prog length: 6
2023/03/10 07:07:31 prog length: 3
2023/03/10 07:07:31 deserializeInput: hasCrash true hasNet false
2023/03/10 07:07:31 prog length: 6
2023/03/10 07:07:31 prog length: 17
2023/03/10 07:07:31 deserializeInput: hasCrash true hasNet false
2023/03/10 07:07:31 prog length: 6
2023/03/10 07:07:31 prog length: 6
2023/03/10 07:07:31 prog length: 5
2023/03/10 07:07:31 deserializeInput: hasCrash true hasNet false
2023/03/10 07:07:31 prog length: 6
2023/03/10 07:07:31 prog length: 6
2023/03/10 07:07:31 prog length: 6
2023/03/10 07:07:31 prog length: 7
2023/03/10 07:07:31 deserializeInput: hasCrash true hasNet false
2023/03/10 07:07:31 prog length: 6
2023/03/10 07:07:31 prog length: 3
2023/03/10 07:07:31 deserializeInput: hasCrash true hasNet false
2023/03/10 07:07:31 prog length: 6
2023/03/10 07:07:31 prog length: 4
2023/03/10 07:07:31 deserializeInput: hasCrash true hasNet false
2023/03/10 07:07:31 prog length: 6
2023/03/10 07:07:31 prog length: 3
2023/03/10 07:07:31 deserializeInput: hasCrash true hasNet false
2023/03/10 07:07:31 prog length: 6
2023/03/10 07:07:31 prog length: 3
2023/03/10 07:07:31 deserializeInput: hasCrash true hasNet false
2023/03/10 07:07:31 prog length: 6
2023/03/10 07:07:31 prog length: 4
2023/03/10 07:07:31 deserializeInput: hasCrash true hasNet false
2023/03/10 07:07:31 prog length: 6
2023/03/10 07:07:31 prog length: 3
2023/03/10 07:07:31 deserializeInput: hasCrash true hasNet false
2023/03/10 07:07:31 prog length: 6
2023/03/10 07:07:31 prog length: 3
2023/03/10 07:07:31 deserializeInput: hasCrash true hasNet false
2023/03/10 07:07:31 prog length: 6
2023/03/10 07:07:31 prog length: 6
2023/03/10 07:07:31 prog length: 5
2023/03/10 07:07:31 deserializeInput: hasCrash true hasNet false
2023/03/10 07:07:31 prog length: 6
2023/03/10 07:07:31 prog length: 3
2023/03/10 07:07:31 deserializeInput: hasCrash true hasNet false
2023/03/10 07:07:31 prog length: 6
2023/03/10 07:07:31 prog length: 3
2023/03/10 07:07:31 deserializeInput: hasCrash true hasNet false
2023/03/10 07:07:31 prog length: 6
2023/03/10 07:07:31 prog length: 6
2023/03/10 07:07:31 prog length: 5
2023/03/10 07:07:31 deserializeInput: hasCrash true hasNet false
2023/03/10 07:07:31 prog length: 6
2023/03/10 07:07:31 prog length: 3
2023/03/10 07:07:31 deserializeInput: hasCrash true hasNet false
2023/03/10 07:07:31 prog length: 6
2023/03/10 07:07:31 prog length: 6
2023/03/10 07:07:31 prog length: 5
2023/03/10 07:07:31 deserializeInput: hasCrash true hasNet false
2023/03/10 07:07:31 prog length: 6
2023/03/10 07:07:31 prog length: 6
2023/03/10 07:07:31 prog length: 5
2023/03/10 07:07:31 deserializeInput: hasCrash true hasNet false
2023/03/10 07:07:31 prog length: 6
2023/03/10 07:07:31 prog length: 3
2023/03/10 07:07:31 deserializeInput: hasCrash true hasNet false
2023/03/10 07:07:31 prog length: 6
2023/03/10 07:07:31 prog length: 3
2023/03/10 07:07:31 deserializeInput: hasCrash true hasNet false
2023/03/10 07:07:31 prog length: 6
2023/03/10 07:07:31 prog length: 6
2023/03/10 07:07:31 prog length: 5
2023/03/10 07:07:31 deserializeInput: hasCrash true hasNet false
2023/03/10 07:07:31 prog length: 6
2023/03/10 07:07:31 prog length: 3
2023/03/10 07:07:31 deserializeInput: hasCrash true hasNet false
2023/03/10 07:07:31 prog length: 6
2023/03/10 07:07:31 prog length: 6
2023/03/10 07:07:31 prog length: 5
2023/03/10 07:07:31 deserializeInput: hasCrash true hasNet false
2023/03/10 07:07:31 prog length: 6
2023/03/10 07:07:31 prog length: 3
2023/03/10 07:07:31 deserializeInput: hasCrash true hasNet false
2023/03/10 07:07:31 prog length: 6
2023/03/10 07:07:31 prog length: 6
2023/03/10 07:07:31 prog length: 5
2023/03/10 07:07:31 deserializeInput: hasCrash true hasNet false
2023/03/10 07:07:31 prog length: 6
2023/03/10 07:07:31 prog length: 3
2023/03/10 07:07:31 deserializeInput: hasCrash true hasNet false
2023/03/10 07:07:31 prog length: 6
2023/03/10 07:07:31 prog length: 3
2023/03/10 07:07:31 deserializeInput: hasCrash true hasNet false
2023/03/10 07:07:31 prog length: 6
2023/03/10 07:07:31 prog length: 6
2023/03/10 07:07:31 prog length: 5
2023/03/10 07:07:31 deserializeInput: hasCrash true hasNet false
2023/03/10 07:07:31 prog length: 6
2023/03/10 07:07:31 prog length: 3
2023/03/10 07:07:31 deserializeInput: hasCrash true hasNet false
2023/03/10 07:07:31 prog length: 6
2023/03/10 07:07:31 prog length: 6
2023/03/10 07:07:31 prog length: 5
2023/03/10 07:07:31 deserializeInput: hasCrash true hasNet false
2023/03/10 07:07:31 prog length: 6
2023/03/10 07:07:31 prog length: 3
2023/03/10 07:07:31 deserializeInput: hasCrash true hasNet false
2023/03/10 07:07:31 prog length: 6
2023/03/10 07:07:31 prog length: 4
2023/03/10 07:07:31 deserializeInput: hasCrash true hasNet false
2023/03/10 07:07:31 prog length: 6
2023/03/10 07:07:31 prog length: 3
2023/03/10 07:07:31 deserializeInput: hasCrash true hasNet false
2023/03/10 07:07:31 prog length: 6
2023/03/10 07:07:31 prog length: 6
2023/03/10 07:07:31 prog length: 6
2023/03/10 07:07:31 prog length: 7
2023/03/10 07:07:31 deserializeInput: hasCrash true hasNet false
2023/03/10 07:07:31 prog length: 6
2023/03/10 07:07:31 prog length: 8
2023/03/10 07:07:31 deserializeInput: hasCrash true hasNet false
2023/03/10 07:07:31 prog length: 6
2023/03/10 07:07:31 prog length: 3
2023/03/10 07:07:31 deserializeInput: hasCrash true hasNet false
2023/03/10 07:07:31 prog length: 6
2023/03/10 07:07:31 prog length: 6
2023/03/10 07:07:31 prog length: 5
2023/03/10 07:07:31 deserializeInput: hasCrash true hasNet false
2023/03/10 07:07:31 prog length: 6
2023/03/10 07:07:31 prog length: 3
2023/03/10 07:07:31 deserializeInput: hasCrash true hasNet false
2023/03/10 07:07:31 prog length: 6
2023/03/10 07:07:31 prog length: 6
2023/03/10 07:07:31 prog length: 5
2023/03/10 07:07:31 deserializeInput: hasCrash true hasNet false
2023/03/10 07:07:31 prog length: 6
2023/03/10 07:07:31 prog length: 3
2023/03/10 07:07:31 deserializeInput: hasCrash true hasNet false
2023/03/10 07:07:31 prog length: 6
2023/03/10 07:07:31 prog length: 3
2023/03/10 07:07:31 fetching corpus: 200, signal 4420/18086/27469 (executing program)
2023/03/10 07:07:31 deserializeInput: hasCrash true hasNet false
2023/03/10 07:07:31 prog length: 6
2023/03/10 07:07:31 prog length: 3
2023/03/10 07:07:31 deserializeInput: hasCrash false hasNet false
2023/03/10 07:07:31 prog length: 3
2023/03/10 07:07:31 deserializeInput: hasCrash true hasNet false
2023/03/10 07:07:31 prog length: 6
2023/03/10 07:07:31 prog length: 17
2023/03/10 07:07:31 deserializeInput: hasCrash true hasNet false
2023/03/10 07:07:31 prog length: 6
2023/03/10 07:07:31 prog length: 3
2023/03/10 07:07:31 deserializeInput: hasCrash true hasNet false
2023/03/10 07:07:31 prog length: 6
2023/03/10 07:07:31 prog length: 3
2023/03/10 07:07:31 deserializeInput: hasCrash true hasNet false
2023/03/10 07:07:31 prog length: 6
2023/03/10 07:07:31 prog length: 3
2023/03/10 07:07:31 deserializeInput: hasCrash true hasNet false
2023/03/10 07:07:31 prog length: 6
2023/03/10 07:07:31 prog length: 6
2023/03/10 07:07:31 prog length: 5
2023/03/10 07:07:31 deserializeInput: hasCrash true hasNet false
2023/03/10 07:07:31 prog length: 6
2023/03/10 07:07:31 prog length: 6
2023/03/10 07:07:31 prog length: 5
2023/03/10 07:07:31 deserializeInput: hasCrash true hasNet false
2023/03/10 07:07:31 prog length: 6
2023/03/10 07:07:31 prog length: 6
2023/03/10 07:07:31 prog length: 5
2023/03/10 07:07:31 deserializeInput: hasCrash true hasNet false
2023/03/10 07:07:31 prog length: 6
2023/03/10 07:07:31 prog length: 3
2023/03/10 07:07:31 deserializeInput: hasCrash true hasNet false
2023/03/10 07:07:31 prog length: 6
2023/03/10 07:07:31 prog length: 3
2023/03/10 07:07:31 deserializeInput: hasCrash true hasNet false
2023/03/10 07:07:31 prog length: 6
2023/03/10 07:07:31 prog length: 6
2023/03/10 07:07:31 prog length: 5
2023/03/10 07:07:31 deserializeInput: hasCrash true hasNet false
2023/03/10 07:07:31 prog length: 6
2023/03/10 07:07:31 prog length: 6
2023/03/10 07:07:31 prog length: 5
2023/03/10 07:07:31 deserializeInput: hasCrash false hasNet false
2023/03/10 07:07:31 prog length: 1
2023/03/10 07:07:31 deserializeInput: hasCrash true hasNet false
2023/03/10 07:07:31 prog length: 6
2023/03/10 07:07:31 prog length: 3
2023/03/10 07:07:31 deserializeInput: hasCrash false hasNet false
2023/03/10 07:07:31 prog length: 15
2023/03/10 07:07:31 deserializeInput: hasCrash true hasNet false
2023/03/10 07:07:31 prog length: 6
2023/03/10 07:07:31 prog length: 6
2023/03/10 07:07:31 prog length: 6
2023/03/10 07:07:31 prog length: 7
2023/03/10 07:07:31 deserializeInput: hasCrash true hasNet false
2023/03/10 07:07:31 prog length: 6
2023/03/10 07:07:31 prog length: 6
2023/03/10 07:07:31 prog length: 5
2023/03/10 07:07:31 deserializeInput: hasCrash true hasNet false
2023/03/10 07:07:31 prog length: 6
2023/03/10 07:07:31 prog length: 4
2023/03/10 07:07:31 deserializeInput: hasCrash true hasNet false
2023/03/10 07:07:31 prog length: 6
2023/03/10 07:07:31 prog length: 3
2023/03/10 07:07:31 deserializeInput: hasCrash true hasNet false
2023/03/10 07:07:31 prog length: 6
2023/03/10 07:07:31 prog length: 3
2023/03/10 07:07:31 deserializeInput: hasCrash true hasNet false
2023/03/10 07:07:31 prog length: 6
2023/03/10 07:07:31 prog length: 6
2023/03/10 07:07:31 prog length: 5
2023/03/10 07:07:31 deserializeInput: hasCrash true hasNet false
2023/03/10 07:07:31 prog length: 6
2023/03/10 07:07:31 prog length: 4
2023/03/10 07:07:31 deserializeInput: hasCrash false hasNet false
2023/03/10 07:07:31 prog length: 2
2023/03/10 07:07:31 deserializeInput: hasCrash true hasNet false
2023/03/10 07:07:31 prog length: 6
2023/03/10 07:07:31 prog length: 3
2023/03/10 07:07:31 deserializeInput: hasCrash true hasNet false
2023/03/10 07:07:31 prog length: 6
2023/03/10 07:07:31 prog length: 3
2023/03/10 07:07:31 deserializeInput: hasCrash true hasNet false
2023/03/10 07:07:31 prog length: 6
2023/03/10 07:07:31 prog length: 6
2023/03/10 07:07:31 prog length: 5
2023/03/10 07:07:31 deserializeInput: hasCrash true hasNet false
2023/03/10 07:07:31 prog length: 6
2023/03/10 07:07:31 prog length: 3
2023/03/10 07:07:31 deserializeInput: hasCrash true hasNet false
2023/03/10 07:07:31 prog length: 6
2023/03/10 07:07:31 prog length: 4
2023/03/10 07:07:31 deserializeInput: hasCrash true hasNet false
2023/03/10 07:07:31 prog length: 6
2023/03/10 07:07:31 prog length: 3
2023/03/10 07:07:31 deserializeInput: hasCrash true hasNet false
2023/03/10 07:07:31 prog length: 6
2023/03/10 07:07:31 prog length: 6
2023/03/10 07:07:31 prog length: 5
2023/03/10 07:07:31 deserializeInput: hasCrash true hasNet false
2023/03/10 07:07:31 prog length: 6
2023/03/10 07:07:31 prog length: 6
2023/03/10 07:07:31 prog length: 6
2023/03/10 07:07:31 deserializeInput: hasCrash true hasNet false
2023/03/10 07:07:31 prog length: 6
2023/03/10 07:07:31 prog length: 6
2023/03/10 07:07:31 prog length: 6
2023/03/10 07:07:31 prog length: 7
2023/03/10 07:07:31 deserializeInput: hasCrash true hasNet false
2023/03/10 07:07:31 prog length: 6
2023/03/10 07:07:31 prog length: 3
2023/03/10 07:07:31 deserializeInput: hasCrash true hasNet false
2023/03/10 07:07:31 prog length: 6
2023/03/10 07:07:31 prog length: 6
2023/03/10 07:07:31 prog length: 5
2023/03/10 07:07:31 deserializeInput: hasCrash true hasNet false
2023/03/10 07:07:31 prog length: 6
2023/03/10 07:07:31 prog length: 6
2023/03/10 07:07:31 prog length: 6
2023/03/10 07:07:31 prog length: 7
2023/03/10 07:07:31 deserializeInput: hasCrash true hasNet false
2023/03/10 07:07:31 prog length: 6
2023/03/10 07:07:31 prog length: 17
2023/03/10 07:07:31 deserializeInput: hasCrash true hasNet false
2023/03/10 07:07:31 prog length: 6
2023/03/10 07:07:31 prog length: 6
2023/03/10 07:07:31 prog length: 5
2023/03/10 07:07:31 deserializeInput: hasCrash true hasNet false
2023/03/10 07:07:31 prog length: 6
2023/03/10 07:07:31 prog length: 6
2023/03/10 07:07:31 prog length: 5
2023/03/10 07:07:31 deserializeInput: hasCrash true hasNet false
2023/03/10 07:07:31 prog length: 6
2023/03/10 07:07:31 prog length: 6
2023/03/10 07:07:31 prog length: 6
2023/03/10 07:07:31 deserializeInput: hasCrash true hasNet false
2023/03/10 07:07:31 prog length: 6
2023/03/10 07:07:31 prog length: 3
2023/03/10 07:07:31 deserializeInput: hasCrash true hasNet false
2023/03/10 07:07:31 prog length: 6
2023/03/10 07:07:31 prog length: 3
2023/03/10 07:07:31 deserializeInput: hasCrash true hasNet false
2023/03/10 07:07:31 prog length: 6
2023/03/10 07:07:31 prog length: 4
2023/03/10 07:07:31 deserializeInput: hasCrash true hasNet false
2023/03/10 07:07:31 prog length: 6
2023/03/10 07:07:31 prog length: 4
2023/03/10 07:07:31 deserializeInput: hasCrash true hasNet false
2023/03/10 07:07:31 prog length: 6
2023/03/10 07:07:31 prog length: 3
2023/03/10 07:07:31 deserializeInput: hasCrash true hasNet false
2023/03/10 07:07:31 prog length: 6
2023/03/10 07:07:31 prog length: 4
2023/03/10 07:07:31 deserializeInput: hasCrash true hasNet false
2023/03/10 07:07:31 prog length: 6
2023/03/10 07:07:31 prog length: 3
2023/03/10 07:07:31 deserializeInput: hasCrash true hasNet false
2023/03/10 07:07:31 prog length: 6
2023/03/10 07:07:31 prog length: 6
2023/03/10 07:07:31 prog length: 5
2023/03/10 07:07:31 deserializeInput: hasCrash true hasNet false
2023/03/10 07:07:31 prog length: 6
2023/03/10 07:07:31 prog length: 6
2023/03/10 07:07:31 prog length: 5
2023/03/10 07:07:31 deserializeInput: hasCrash true hasNet false
2023/03/10 07:07:31 prog length: 6
2023/03/10 07:07:31 prog length: 17
2023/03/10 07:07:31 fetching corpus: 250, signal 4684/19092/29742 (executing program)
2023/03/10 07:07:31 deserializeInput: hasCrash true hasNet false
2023/03/10 07:07:31 prog length: 6
2023/03/10 07:07:31 prog length: 3
2023/03/10 07:07:31 deserializeInput: hasCrash true hasNet false
2023/03/10 07:07:31 prog length: 6
2023/03/10 07:07:31 prog length: 3
2023/03/10 07:07:31 deserializeInput: hasCrash true hasNet false
2023/03/10 07:07:31 prog length: 6
2023/03/10 07:07:31 prog length: 6
2023/03/10 07:07:31 prog length: 6
2023/03/10 07:07:31 prog length: 7
2023/03/10 07:07:31 deserializeInput: hasCrash true hasNet false
2023/03/10 07:07:31 prog length: 6
2023/03/10 07:07:31 prog length: 6
2023/03/10 07:07:31 prog length: 5
2023/03/10 07:07:31 deserializeInput: hasCrash true hasNet false
2023/03/10 07:07:31 prog length: 6
2023/03/10 07:07:31 prog length: 8
2023/03/10 07:07:31 deserializeInput: hasCrash true hasNet false
2023/03/10 07:07:31 prog length: 6
2023/03/10 07:07:31 prog length: 3
2023/03/10 07:07:31 deserializeInput: hasCrash true hasNet false
2023/03/10 07:07:31 prog length: 6
2023/03/10 07:07:31 prog length: 8
2023/03/10 07:07:31 deserializeInput: hasCrash true hasNet false
2023/03/10 07:07:31 prog length: 6
2023/03/10 07:07:31 prog length: 19
2023/03/10 07:07:31 deserializeInput: hasCrash true hasNet false
2023/03/10 07:07:31 prog length: 6
2023/03/10 07:07:31 prog length: 3
2023/03/10 07:07:31 deserializeInput: hasCrash true hasNet false
2023/03/10 07:07:31 prog length: 6
2023/03/10 07:07:31 prog length: 6
2023/03/10 07:07:31 prog length: 5
2023/03/10 07:07:31 deserializeInput: hasCrash true hasNet false
2023/03/10 07:07:31 prog length: 6
2023/03/10 07:07:31 prog length: 19
2023/03/10 07:07:31 deserializeInput: hasCrash true hasNet false
2023/03/10 07:07:31 prog length: 6
2023/03/10 07:07:31 prog length: 3
2023/03/10 07:07:31 deserializeInput: hasCrash true hasNet false
2023/03/10 07:07:31 prog length: 6
2023/03/10 07:07:31 prog length: 6
2023/03/10 07:07:31 prog length: 5
2023/03/10 07:07:31 deserializeInput: hasCrash true hasNet false
2023/03/10 07:07:31 prog length: 6
2023/03/10 07:07:31 prog length: 3
2023/03/10 07:07:31 deserializeInput: hasCrash true hasNet false
2023/03/10 07:07:31 prog length: 6
2023/03/10 07:07:31 prog length: 6
2023/03/10 07:07:31 prog length: 5
2023/03/10 07:07:31 deserializeInput: hasCrash true hasNet false
2023/03/10 07:07:31 prog length: 6
2023/03/10 07:07:31 prog length: 3
2023/03/10 07:07:31 deserializeInput: hasCrash true hasNet false
2023/03/10 07:07:31 prog length: 6
2023/03/10 07:07:31 prog length: 17
2023/03/10 07:07:31 deserializeInput: hasCrash true hasNet false
2023/03/10 07:07:31 prog length: 6
2023/03/10 07:07:31 prog length: 6
2023/03/10 07:07:31 prog length: 5
2023/03/10 07:07:31 fetching corpus: 268, signal 4691/20270/31864 (executing program)
2023/03/10 07:07:31 fetching corpus: 268, signal 4691/20270/33043 (executing program)
2023/03/10 07:07:31 fetching corpus: 268, signal 4691/20270/34158 (executing program)
2023/03/10 07:07:31 fetching corpus: 268, signal 4691/20270/35279 (executing program)
2023/03/10 07:07:31 fetching corpus: 268, signal 4691/20270/36429 (executing program)
2023/03/10 07:07:31 fetching corpus: 268, signal 4691/20270/37562 (executing program)
2023/03/10 07:07:31 fetching corpus: 268, signal 4691/20270/38689 (executing program)
2023/03/10 07:07:31 fetching corpus: 268, signal 4691/20270/39856 (executing program)
2023/03/10 07:07:31 fetching corpus: 268, signal 4691/20270/41019 (executing program)
2023/03/10 07:07:31 fetching corpus: 268, signal 4691/20270/42159 (executing program)
2023/03/10 07:07:31 fetching corpus: 268, signal 4691/20270/43292 (executing program)
2023/03/10 07:07:31 fetching corpus: 268, signal 4691/20270/43866 (executing program)
2023/03/10 07:07:31 fetching corpus: 268, signal 4691/20270/43866 (executing program)
2023/03/10 07:07:32 starting 1 fuzzer processes
2023/03/10 07:07:32 ----- generateCall 2462 openat openat
2023/03/10 07:07:32 ----- generateCall 248 fstat fstat
2023/03/10 07:07:32 ----- generateCall 238 fsetxattr$system_posix_acl fsetxattr$system_posix_acl
2023/03/10 07:07:32 ----- generateCall 216 fdatasync fdatasync
2023/03/10 07:07:32 ----- generateCall 238 fsetxattr$system_posix_acl fsetxattr$system_posix_acl
2023/03/10 07:07:32 ----- generateCall 205 fcntl$getown fcntl$getown
2023/03/10 07:07:32 ----- generateCall 205 fcntl$getown fcntl$getown
2023/03/10 07:07:32 ----- generateCall 2462 openat openat
2023/03/10 07:07:32 ----- generateCall 220 flock flock
2023/03/10 07:07:32 ----- generateCall 2462 openat openat
2023/03/10 07:07:32 ----- generateCall 541 ioctl ioctl
2023/03/10 07:07:32 ----- generateCall 541 ioctl ioctl
2023/03/10 07:07:32 map[./file0:true]
2023/03/10 07:07:32 HasCrashFail: false, .HasNetFail: false
2023/03/10 07:07:32 prog length: 20
2023/03/10 07:07:32 HasCrashFail:false HasNetFail:false
07:07:32 ---executing program 0:
---
---
---
r0 = openat(0xffffffffffffff9c, &(0x7f0000000000)='./file0\x00', 0x440100, 0x10)
fstat(r0, &(0x7f0000000040)={0x0, 0x0, 0x0, 0x0, <r1=>0x0, <r2=>0x0})
fstat(r0, &(0x7f0000000100)={0x0, 0x0, 0x0, 0x0, <r3=>0x0, <r4=>0x0})
fstat(r0, &(0x7f0000000180)={0x0, 0x0, 0x0, 0x0, <r5=>0x0, <r6=>0x0})
fstat(r0, &(0x7f0000000200)={0x0, 0x0, 0x0, 0x0, <r7=>0x0, <r8=>0x0})
stat(&(0x7f0000000280)='./file0\x00', &(0x7f00000002c0)={0x0, 0x0, 0x0, 0x0, 0x0, <r9=>0x0})
fsetxattr$system_posix_acl(r0, &(0x7f00000000c0)='system.posix_acl_access\x00', &(0x7f0000000340)={{}, {}, [{0x2, 0x7, r1}, {0x2, 0x5, r1}, {0x2, 0x6, r3}, {0x2, 0x0, r5}, {0x2, 0x0, r7}], {0x4, 0x5}, [{0x8, 0x6, r9}, {0x8, 0x1, r2}], {0x10, 0x8}, {0x20, 0x4}}, 0x5c, 0x2)
fdatasync(r0)
fstat(r0, &(0x7f0000000400)={0x0, 0x0, 0x0, 0x0, <r10=>0x0})
stat(&(0x7f0000000480)='./file0\x00', &(0x7f00000004c0)={0x0, 0x0, 0x0, 0x0, <r11=>0x0})
stat(&(0x7f0000000540)='./file0\x00', &(0x7f0000000580)={0x0, 0x0, 0x0, 0x0, 0x0, <r12=>0x0})
fsetxattr$system_posix_acl(r0, &(0x7f00000003c0)='system.posix_acl_default\x00', &(0x7f0000000600)={{}, {0x1, 0x4}, [{0x2, 0x1, r1}, {0x2, 0x0, r7}, {0x2, 0x2, r3}, {0x2, 0x3, r10}, {0x2, 0x4, r11}, {0x2, 0x0, r3}, {0x2, 0x7, r1}, {0x2, 0x4, 0xee01}, {0x2, 0x5, r7}, {0x2, 0x4, r5}], {0x4, 0x2}, [{0x8, 0x4, r2}, {0x8, 0x2, r2}, {0x8, 0x0, r2}, {0x8, 0x5, r2}, {0x8, 0x6, r8}, {0x8, 0x0, r6}, {0x8, 0x1, r12}, {0x8, 0x2, r4}], {}, {0x20, 0x4}}, 0xb4, 0x0)
fcntl$getown(r0, 0x9)
fcntl$getown(r0, 0x9)
r13 = openat(r0, &(0x7f00000006c0)='./file0\x00', 0x10080, 0x40)
flock(r13, 0x0)
r14 = dup2(r0, r0)
openat(r14, &(0x7f0000000700)='./file0\x00', 0x0, 0x23)
ioctl(r13, 0x3, &(0x7f0000000740)="120377866722fde062")
ioctl(0xffffffffffffffff, 0x400, &(0x7f00000007c0)="c911d509bd3f878bf9c75e2b033e8e73e7f1f9475b59e5958531feee3d7b496b7d199ec6660449710b1095fab49706d7c7c99dc917")
---

end of program
2023/03/10 07:07:32 -----run executor: [/usr/bin/ssh -F /dev/null -o ConnectionAttempts=100 -o ConnectTimeout=120 -o UserKnownHostsFile=/dev/null -o BatchMode=yes -o IdentitiesOnly=yes -o StrictHostKeyChecking=no -o ConnectTimeout=100 -i /home/tlyu/dfs-fuzzing/disk-images/orangefs-images/focal.id_rsa root@192.168.0.35 /root/syz-executor exec 0 0 orangefs 3 4 192.168.0.35 0 "3 1" false false false true false]
2023/03/10 07:07:32 -----run executor: [/usr/bin/ssh -F /dev/null -o ConnectionAttempts=100 -o ConnectTimeout=120 -o UserKnownHostsFile=/dev/null -o BatchMode=yes -o IdentitiesOnly=yes -o StrictHostKeyChecking=no -o ConnectTimeout=100 -i /home/tlyu/dfs-fuzzing/disk-images/orangefs-images/focal.id_rsa root@192.168.0.36 /root/syz-executor exec 0 1 orangefs 3 4 192.168.0.35 0 "3 1" false false false true false]
2023/03/10 07:07:32 -----run executor: [/usr/bin/ssh -F /dev/null -o ConnectionAttempts=100 -o ConnectTimeout=120 -o UserKnownHostsFile=/dev/null -o BatchMode=yes -o IdentitiesOnly=yes -o StrictHostKeyChecking=no -o ConnectTimeout=100 -i /home/tlyu/dfs-fuzzing/disk-images/orangefs-images/focal.id_rsa root@192.168.0.37 /root/syz-executor exec 0 2 orangefs 3 4 192.168.0.35 0 "3 1" false false false true false]
2023/03/10 07:07:32 -----run executor: [/usr/bin/ssh -F /dev/null -o ConnectionAttempts=100 -o ConnectTimeout=120 -o UserKnownHostsFile=/dev/null -o BatchMode=yes -o IdentitiesOnly=yes -o StrictHostKeyChecking=no -o ConnectTimeout=100 -i /home/tlyu/dfs-fuzzing/disk-images/orangefs-images/focal.id_rsa root@192.168.0.38 /root/syz-executor exec 1 3 orangefs 3 4 192.168.0.35 0 "3 1" false false false true false]
Warning: Permanently added '192.168.0.35' (ECDSA) to the list of known hosts.
Warning: Permanently added '192.168.0.37' (ECDSA) to the list of known hosts.
Warning: Permanently added '192.168.0.36' (ECDSA) to the list of known hosts.
Warning: Permanently added '192.168.0.38' (ECDSA) to the list of known hosts.
----- is restarting 0
---- dfs_name orangefs is_dfs_client 0
unlink FIFO failed: No such file or directory
[    0.000000] kernel: Linux version 5.15.0+ (tlyu@IC-RS3-DPC07) (gcc (Ubuntu 9.4.0-1ubuntu1~20.04.1) 9.4.0, GNU ld (GNU Binutils for Ubuntu) 2.34) #7 SMP Sat Feb 18 10:18:37 CET 2023
[    0.000000] kernel: Command line: root=/dev/sda console=ttyS0 net.ifnames=0 ip=192.168.0.37 quiet
[    0.000000] kernel: x86/fpu: Supporting XSAVE feature 0x001: 'x87 floating point registers'
[    0.000000] kernel: x86/fpu: Supporting XSAVE feature 0x002: 'SSE registers'
[    0.000000] kernel: x86/fpu: Supporting XSAVE feature 0x004: 'AVX registers'
[    0.000000] kernel: x86/fpu: Supporting XSAVE feature 0x020: 'AVX-512 opmask'
[    0.000000] kernel: x86/fpu: Supporting XSAVE feature 0x040: 'AVX-512 Hi256'
[    0.000000] kernel: x86/fpu: Supporting XSAVE feature 0x080: 'AVX-512 ZMM_Hi256'
[    0.000000] kernel: x86/fpu: Supporting XSAVE feature 0x200: 'Protection Keys User registers'
[    0.000000] kernel: x86/fpu: xstate_offset[2]:  576, xstate_sizes[2]:  256
[    0.000000] kernel: x86/fpu: xstate_[D 01/16/2023 17:42:13] PVFS2 Server version 2.9.7-orangefs-REV-65ab0d2 starting.
[E 01/16/2023 17:43:19] PVFS2 server got signal 15 (server_status_flag: 2080767)
[D 02/18/2023 14:39:31] PVFS2 Server version 2.9.7-orangefs-REV-65ab0d2 starting.
[D 02/18/2023 14:47:30] PVFS2 received server: signal 1
[E 02/18/2023 14:47:30] PVFS2 server got signal 15 (server_status_flag: 2080767)
offset[5]:  832, xstate_sizes[5]:   64
[    0.000000] kernel: x86/fpu: xstate_offset[6]:  896, xstate_sizes[6]:  512
[    0.000000] kernel: x86/fpu: xstate_offset[7]: 1408, xstate_sizes[7]: 1024
[    0.000000] kernel: x86/fpu: xstate_offset[9]: 2432, xstate_sizes[9]:    8
[    0.000000] kernel: x86/fpu: Enabled xstate features 0x2e7, context size is 2440 bytes, using 'compacted' format.
[    0.000000] kernel: signal: max sigframe size: 3632
[    0.000000] kernel: BIOS-provided physical RAM map:
[    0.000000] kernel: BIOS-e820: [mem 0x0000000000000000-0x000000000009fbff] usable
[    0.000000] kernel: BIOS-e820: [mem 0x000000000009fc00-0x000000000009ffff] reserved
[    0.000000] kernel: BIOS-e820: [mem 0x00000000000f0000-0x00000000000fffff] reserved
[    0.000000] kernel: BIOS-e820: [mem 0x0000000000100000-0x00000000bffdffff] usable
[    0.000000] kernel: BIOS-e820: [mem 0x00000000bffe0000-0x00000000bfffffff] reserved
[    0.000000] kernel: BIOS-e820: [mem 0x00000000feffc000-0x00000000executor 2 finishes userspace_cover_open
before receiving handshake request
req.flags ea2
feffffff] reserved
[    0.000000] kernel: BIOS-e820: [mem 0x00000000fffc0000-0x00000000ffffffff] reserved
[    0.000000] kernel: BIOS-e820: [mem 0x0000000100000000-0x00000002bfffffff] usable
[    0.000000] kernel: NX (Execute Disable) protection: active
[    0.000000] kernel: SMBIOS 2.8 present.
[    0.000000] kernel: DMI: QEMU Standard PC (i440FX + PIIX, 1996), BIOS 1.13.0-1ubuntu1.1 04/01/2014
[    0.000000] kernel: Hypervisor detected: KVM
[    0.000000] kernel: kvm-clock: Using msrs 4b564d01 and 4b564d00
[    0.000000] kernel: kvm-clock: cpu 0, msr 1cda6e001, primary cpu clock
[    0.000001] kernel: kvm-clock: using sched offset of 343903261 cycles
[    0.000002] kernel: clocksource: kvm-clock: mask: 0xffffffffffffffff max_cycles: 0x1cd42e4dffb, max_idle_ns: 881590591483 ns
[    0.000005] kernel: tsc: Detected 2593.906 MHz processor
[    0.000427] kernel: e820: update [mem 0x00000000-0x00000fff] usable ==> reserved
[    0.000429] kernel: e820: remove [mem 0x000a0000-0x000fffff] usable
[    0.000432] kernel: last_pfn = 0x2c0000 max_arch_pfn = 0x10000000000
[    0.000476] kernel: x86/PAT: Configuration [0-7]: WB  WC  UC- UC  WB  WP  UC- WT  
[    0.000482] kernel: last_pfn = 0xbffe0 max_arch_pfn = 0x10000000000
[    0.004830] kernel: found SMP MP-table at [mem 0x000f5c80-0x000f5c8f]
[    0.004851] kernel: Using GB pages for direct mapping
[    0.004971] kernel: ACPI: Early table checksum verification disabled
[    0.004975] kernel: ACPI: RSDP 0x00000000000F5A50 000014 (v00 BOCHS )
[    0.004982] kernel: ACPI: RSDT 0x00000000BFFE15C9 000030 (v01 BOCHS  BXPCRSDT 00000001 BXPC 00000001)
[    0.004987] kernel: ACPI: FACP 0x00000000BFFE149D 000074 (v01 BOCHS  BXPCFACP 00000001 BXPC 00000001)
[    0.004992] kernel: ACPI: DSDT 0x00000000BFFE0040 00145D (v01 BOCHS  BXPCDSDT 00000001 BXPC 00000001)
[    0.004994] kernel: ACPI: FACS 0x00000000BFFE0000 000040
[    0.004996] kernel: ACPI: APIC 0x00000000BFFE1511 000080 (v01 BOCHS  BXPCAPIC 00000001 BXPC 00000001)
[    0.004998] kernel: ACPI: HPET 0x00000000BFFE1591 000038 (v01 BOCHS  BXPCHPET 00000001 BXPC 00000001)
[    0.005000] kernel: ACPI: Reserving FACP table memory at [mem 0xbffe149d-0xbffe1510]
[    0.005001] kernel: ACPI: Reserving DSDT table memory at [mem 0xbffe0040-0xbffe149c]
[    0.005002] kernel: ACPI: Reserving FACS table memory at [mem 0xbffe0000-0xbffe003f]
[    0.005002] kernel: ACPI: Reserving APIC table memory at [mem 0xbffe1511-0xbffe1590]
[    0.005003] kernel: ACPI: Reserving HPET table memory at [mem 0xbffe1591-0xbffe15c8]
[    0.005248] kernel: No NUMA configuration found
[    0.005248] kernel: Faking a node at [mem 0x0000000000000000-0x00000002bfffffff]
[    0.005251] kernel: NODE_DATA(0) allocated [mem 0x2bfffc000-0x2bfffffff]
[    0.005804] kernel: Zone ranges:
[    0.005805] kernel:   DMA      [mem 0x0000000000001000-0x0000000000ffffff]
[    0.005807] kernel:   DMA32    [mem 0x0000000001000000-0x00000000ffffffff]
[    0.005808] kernel:   Normal   [mem 0x0000000100000000-0x00000002bfffffff]
[    0.005810] kernel: Movable zone start for each node
[    0.005810] kernel: Early memory node ranges
[    0.005811] kernel:   node   0: [mem 0x0000000000001000-0x000000000009efff]
[    0.005812] kernel:   node   0: [mem 0x0000000000100000-0x00000000bffdffff]
[    0.005813] kernel:   node   0: [mem 0x0000000100000000-0x00000002bfffffff]
[    0.005814] kernel: Initmem setup node 0 [mem 0x0000000000001000-0x00000002bfffffff]
[    0.006271] kernel: On node 0, zone DMA: 1 pages in unavailable ranges
[    0.006282] kernel: On node 0, zone DMA: 97 pages in unavailable ranges
[    0.067848] kernel: On node 0, zone Normal: 32 pages in unavailable ranges
[    0.526133] kernel: kasan: KernelAddressSanitizer initialized
[    0.526470] kernel: ACPI: PM-Timer IO Port: 0x608
[    0.526478] kernel: ACPI: LAPIC_NMI (acpi_id[0xff] dfl dfl lint[0x1])
[    0.526519] kernel: IOAPIC[0]: apic_id 0, version 17, address 0xfec00000, GSI 0-23
[    0.526521] kernel: ACPI: INT_SRC_OVR (bus 0 bus_irq 0 global_irq 2 dfl dfl)
[    0.526523] kernel: ACPI: INT_SRC_OVR (bus 0 bus_irq 5 global_irq 5 high level)
[    0.526524] kernel: ACPI: INT_SRC_OVR (bus 0 bus_irq 9 global_irq 9 high level)
[    0.526525] kernel: ACPI: INT_SRC_OVR (bus 0 bus_irq 10 global_irq 10 high level)
[    0.526526] kernel: ACPI: INT_SRC_OVR (bus 0 bus_irq 11 global_irq 11 high level)
[    0.526529] kernel: ACPI: Using ACPI (MADT) for SMP configuration information
[    0.526530] kernel: ACPI: HPET id: 0x8086a201 base: 0xfed00000
[    0.526533] kernel: TSC deadline timer available
[    0.526534] kernel: smpboot: Allowing 2 CPUs, 0 hotplug CPUs
[    0.526556] kernel: kvm-guest: KVM setup pv remote TLB flush
[    0.526560] kernel: kvm-guest: setup PV sched yield
[    0.526567] kernel: PM: hibernation: Registered nosave memory: [mem 0x00000000-0x00000fff]
[    0.526568] kernel: PM: hibernation: Registered nosave memory: [mem 0x0009f000-0x0009ffff]
[    0.526569] kernel: PM: hibernation: Registered nosave memory: [mem 0x000a0000-0x000effff]
[    0.526569] kernel: PM: hibernation: Registered nosave memory: [mem 0x000f0000-0x000fffff]
[    0.526570] kernel: PM: hibernation: Registered nosave memory: [mem 0xbffe0000-0xbfffffff]
[    0.526571] kernel: PM: hibernation: Registered nosave memory: [mem 0xc0000000-0xfeffbfff]
[    0.526572] kernel: PM: hibernation: Registered nosave memory: [mem 0xfeffc000-0xfeffffff]
[    0.526572] kernel: PM: hibernation: Registered nosave memory: [mem 0xff000000-0xfffbffff]
[    0.526573] kernel: PM: hibernation: Registered nosave memory: [mem 0xfffc0000-0xffffffff]
[    0.526574] kernel: [mem 0xc0000000-0xfeffbfff] available for PCI devices
[    0.526576] kernel: Booting paravirtualized kernel on KVM
[    0.526578] kernel: clocksource: refined-jiffies: mask: 0xffffffff max_cycles: 0xffffffff, max_idle_ns: 1910969940391419 ns
[    0.530572] kernel: setup_percpu: NR_CPUS:64 nr_cpumask_bits:64 nr_cpu_ids:2 nr_node_ids:1
[    0.531441] kernel: percpu: Embedded 56 pages/cpu s191576 r8192 d29608 u1048576
[    0.531446] kernel: pcpu-alloc: s191576 r8192 d29608 u1048576 alloc=1*2097152
[    0.531449] kernel: pcpu-alloc: [0] 0 1 
[    0.531473] kernel: kvm-guest: setup async PF for cpu 0
[    0.531479] kernel: kvm-guest: stealtime: cpu 0, msr 26561f140
[    0.531483] kernel: Built 1 zonelists, mobility grouping on.  Total pages: 2580192
[    0.531484] kernel: Policy zone: Normal
[    0.531486] kernel: Kernel command line: root=/dev/sda console=ttyS0 net.ifnames=0 ip=192.168.0.37 quiet
[    0.537961] kernel: Dentry cache hash table entries: 2097152 (order: 12, 16777216 bytes, linear)
[    0.541153] kernel: Inode-cache hash table entries: 1048576 (order: 11, 8388608 bytes, linear)
[    0.541210] kernel: mem auto-init: stack:off, heap alloc:off, heap free:off
[    0.772981] kernel: Memory: 8872652K/10485240K available (14348K kernel code, 2403K rwdata, 3568K rodata, 1384K init, 1732K bss, 1612388K reserved, 0K cma-reserved)
[    0.773066] kernel: SLUB: HWalign=64, Order=0-3, MinObjects=0, CPUs=2, Nodes=1
[    0.773648] kernel: rcu: Hierarchical RCU implementation.
[    0.773649] kernel: rcu:         RCU event tracing is enabled.
[    0.773650] kernel: rcu:         RCU restricting CPUs from NR_CPUS=64 to nr_cpu_ids=2.
[    0.773652] kernel: rcu: RCU calculated value of scheduler-enlistment delay is 100 jiffies.
[    0.773653] kernel: rcu: Adjusting geometry for rcu_fanout_leaf=16, nr_cpu_ids=2
[    0.776402] kernel: NR_IRQS: 4352, nr_irqs: 440, preallocated irqs: 16
[    0.776610] kernel: random: get_random_bytes called from start_kernel+0x4b1/0x67a with crng_init=0
[    0.780571] kernel: Console: colour VGA+ 80x25
[    0.780613] kernel: printk: console [ttyS0] enabled
[    0.780630] kernel: ACPI: Core revision 20210730
[    0.780775] kernel: clocksource: hpet: mask: 0xffffffff max_cycles: 0xffffffff, max_idle_ns: 19112604467 ns
[    0.780857] kernel: APIC: Switch to symmetric I/O mode setup
[    0.780861] kernel: kvm-guest: setup PV IPIs
[    0.781733] kernel: ..TIMER: vector=0x30 apic1=0 pin1=2 apic2=-1 pin2=-1
[    0.781752] kernel: clocksource: tsc-early: mask: 0xffffffffffffffff max_cycles: 0x2563bf907c6, max_idle_ns: 440795319401 ns
[    0.781760] kernel: Calibrating delay loop (skipped) preset value.. 5187.81 BogoMIPS (lpj=2593906)
[    0.781763] kernel: pid_max: default: 32768 minimum: 301
[    0.781794] kernel: LSM: Security Framework initializing
[    0.781808] kernel: SELinux:  Initializing.
[    0.781895] kernel: Mount-cache hash table entries: 32768 (order: 6, 262144 bytes, linear)
[    0.782765] kernel: Mountpoint-cache hash table entries: 32768 (order: 6, 262144 bytes, linear)
[    0.783178] kernel: x86/cpu: User Mode Instruction Prevention (UMIP) activated
[    0.783260] kernel: Last level iTLB entries: 4KB 0, 2MB 0, 4MB 0
[    0.783261] kernel: Last level dTLB entries: 4KB 0, 2MB 0, 4MB 0, 1GB 0
[    0.783270] kernel: Spectre V1 : Mitigation: usercopy/swapgs barriers and __user pointer sanitization
[    0.783274] kernel: Spectre V2 : Mitigation: Enhanced IBRS
[    0.783274] kernel: Spectre V2 : Spectre v2 / SpectreRSB mitigation: Filling RSB on context switch
[    0.783276] kernel: Spectre V2 : mitigation: Enabling conditional Indirect Branch Prediction Barrier
[    0.783277] kernel: Speculative Store Bypass: Mitigation: Speculative Store Bypass disabled via prctl and seccomp
[    0.783278] kernel: TAA: Mitigation: TSX disabled
[    0.786420] kernel: Freeing SMP alternatives memory: 40K
[    0.786558] kernel: smpboot: CPU0: Intel(R) Xeon(R) Gold 6348 CPU @ 2.60GHz (family: 0x6, model: 0x6a, stepping: 0x6)
[    0.786691] kernel: Performance Events: Icelake events, 32-deep LBR, full-width counters, Intel PMU driver.
[    0.786809] kernel: ... version:                2
[    0.786811] kernel: ... bit width:              48
[    0.786812] kernel: ... generic registers:      8
[    0.786812] kernel: ... value mask:             0000ffffffffffff
[    0.786813] kernel: ... max period:             00007fffffffffff
[    0.786814] kernel: ... fixed-purpose events:   3
[    0.786815] kernel: ... event mask:             00000007000000ff
[    0.786965] kernel: rcu: Hierarchical SRCU implementation.
[    0.787327] kernel: smp: Bringing up secondary CPUs ...
[    0.787446] kernel: x86: Booting SMP configuration:
[    0.787446] kernel: .... node  #0, CPUs:      #1
[    0.005175] kernel: kvm-clock: cpu 1, msr 1cda6e041, secondary cpu clock
[    0.005175] kernel: smpboot: CPU 1 Converting physical 0 to logical die 1
[    0.788780] kernel: kvm-guest: setup async PF for cpu 1
[    0.788788] kernel: kvm-guest: stealtime: cpu 1, msr 26571f140
[    0.788799] kernel: smp: Brought up 1 node, 2 CPUs
[    0.788801] kernel: smpboot: Max logical packages: 2
[    0.788802] kernel: smpboot: Total of 2 processors activated (10375.62 BogoMIPS)
[    0.790758] kernel: devtmpfs: initialized
[    0.792691] kernel: clocksource: jiffies: mask: 0xffffffff max_cycles: 0xffffffff, max_idle_ns: 1911260446275000 ns
[    0.792696] kernel: futex hash table entries: 512 (order: 3, 32768 bytes, linear)
[    0.792914] kernel: PM: RTC time: 06:07:18, date: 2023-03-10
[    0.793087] kernel: NET: Registered PF_NETLINK/PF_ROUTE protocol family
[    0.793287] kernel: audit: initializing netlink subsys (disabled)
[    0.794005] kernel: thermal_sys: Registered thermal governor 'step_wise'
[    0.794007] kernel: thermal_sys: Registered thermal governor 'user_space'
[    0.794041] kernel: audit: type=2000 audit(1678428438.669:1): state=initialized audit_enabled=0 res=1
[    0.794044] kernel: cpuidle: using governor menu
[    0.794803] kernel: ACPI: bus type PCI registered
[    0.794994] kernel: PCI: Using configuration type 1 for base access
[    0.803193] kernel: Kprobes globally optimized
[    0.803820] kernel: HugeTLB registered 2.00 MiB page size, pre-allocated 0 pages
[    0.803820] kernel: cryptomgr_test (26) used greatest stack depth: 31400 bytes left
[    0.804897] kernel: ACPI: Added _OSI(Module Device)
[    0.804897] kernel: ACPI: Added _OSI(Processor Device)
[    0.804897] kernel: ACPI: Added _OSI(3.0 _SCP Extensions)
[    0.804897] kernel: ACPI: Added _OSI(Processor Aggregator Device)
[    0.804897] kernel: ACPI: Added _OSI(Linux-Dell-Video)
[    0.804897] kernel: ACPI: Added _OSI(Linux-Lenovo-NV-HDMI-Audio)
[    0.804897] kernel: ACPI: Added _OSI(Linux-HPI-Hybrid-Graphics)
[    0.815416] kernel: ACPI: 1 ACPI AML tables successfully acquired and loaded
[    0.822103] kernel: ACPI: Interpreter enabled
[    0.822134] kernel: ACPI: PM: (supports S0 S3 S4 S5)
[    0.822136] kernel: ACPI: Using IOAPIC for interrupt routing
[    0.822170] kernel: PCI: Using host bridge windows from ACPI; if necessary, use "pci=nocrs" and report a bug
[    0.822800] kernel: ACPI: Enabled 2 GPEs in block 00 to 0F
[    0.839780] kernel: ACPI: PCI Root Bridge [PCI0] (domain 0000 [bus 00-ff])
[    0.839791] kernel: acpi PNP0A03:00: _OSC: OS supports [ASPM ClockPM Segments MSI HPX-Type3]
[    0.839836] kernel: acpi PNP0A03:00: fail to add MMCONFIG information, can't access extended PCI configuration space under this bridge.
[    0.839993] kernel: PCI host bridge to bus 0000:00
[    0.839996] kernel: pci_bus 0000:00: root bus resource [io  0x0000-0x0cf7 window]
[    0.839998] kernel: pci_bus 0000:00: root bus resource [io  0x0d00-0xffff window]
[    0.840000] kernel: pci_bus 0000:00: root bus resource [mem 0x000a0000-0x000bffff window]
[    0.840002] kernel: pci_bus 0000:00: root bus resource [mem 0xc0000000-0xfebfffff window]
[    0.840004] kernel: pci_bus 0000:00: root bus resource [mem 0x2c0000000-0x33fffffff window]
[    0.840006] kernel: pci_bus 0000:00: root bus resource [bus 00-ff]
[    0.840537] kernel: pci 0000:00:00.0: [8086:1237] type 00 class 0x060000
[    0.841994] kernel: pci 0000:00:01.0: [8086:7000] type 00 class 0x060100
[    0.843016] kernel: pci 0000:00:01.1: [8086:7010] type 00 class 0x010180
[    0.846486] kernel: pci 0000:00:01.1: reg 0x20: [io  0xc040-0xc04f]
[    0.847460] kernel: pci 0000:00:01.1: legacy IDE quirk: reg 0x10: [io  0x01f0-0x01f7]
[    0.847463] kernel: pci 0000:00:01.1: legacy IDE quirk: reg 0x14: [io  0x03f6]
[    0.847464] kernel: pci 0000:00:01.1: legacy IDE quirk: reg 0x18: [io  0x0170-0x0177]
[    0.847465] kernel: pci 0000:00:01.1: legacy IDE quirk: reg 0x1c: [io  0x0376]
[    0.848561] kernel: pci 0000:00:01.3: [8086:7113] type 00 class 0x068000
[    0.848912] kernel: pci 0000:00:01.3: quirk: [io  0x0600-0x063f] claimed by PIIX4 ACPI
[    0.848918] kernel: pci 0000:00:01.3: quirk: [io  0x0700-0x070f] claimed by PIIX4 SMB
[    0.849721] kernel: pci 0000:00:02.0: [1234:1111] type 00 class 0x030000
[    0.850248] kernel: pci 0000:00:02.0: reg 0x10: [mem 0xfd000000-0xfdffffff pref]
[    0.852239] kernel: pci 0000:00:02.0: reg 0x18: [mem 0xfeb90000-0xfeb90fff]
[    0.855760] kernel: pci 0000:00:02.0: reg 0x30: [mem 0xfeb80000-0xfeb8ffff pref]
[    0.856651] kernel: pci 0000:00:03.0: [1af4:1005] type 00 class 0x00ff00
[    0.857029] kernel: pci 0000:00:03.0: reg 0x10: [io  0xc000-0xc01f]
[    0.859056] kernel: pci 0000:00:03.0: reg 0x20: [mem 0xfe200000-0xfe203fff 64bit pref]
[    0.860670] kernel: pci 0000:00:04.0: [1af4:1000] type 00 class 0x020000
[    0.861189] kernel: pci 0000:00:04.0: reg 0x10: [io  0xc020-0xc03f]
[    0.861759] kernel: pci 0000:00:04.0: reg 0x14: [mem 0xfeb91000-0xfeb91fff]
[    0.864759] kernel: pci 0000:00:04.0: reg 0x20: [mem 0xfe204000-0xfe207fff 64bit pref]
[    0.865465] kernel: pci 0000:00:04.0: reg 0x30: [mem 0xfeb00000-0xfeb7ffff pref]
[    0.866810] kernel: pci 0000:00:10.0: [1af4:1110] type 00 class 0x050000
[    0.867594] kernel: pci 0000:00:10.0: reg 0x10: [mem 0xfeb92000-0xfeb920ff]
[    0.868759] kernel: pci 0000:00:10.0: reg 0x18: [mem 0xfe000000-0xfe0fffff 64bit pref]
[    0.871562] kernel: pci 0000:00:11.0: [1af4:1110] type 00 class 0x050000
[    0.872001] kernel: pci 0000:00:11.0: reg 0x10: [mem 0xfeb93000-0xfeb930ff]
[    0.872758] kernel: pci 0000:00:11.0: reg 0x18: [mem 0xfe208000-0xfe2083ff 64bit pref]
[    0.875779] kernel: pci 0000:00:12.0: [1af4:1110] type 00 class 0x050000
[    0.877115] kernel: pci 0000:00:12.0: reg 0x10: [mem 0xfeb94000-0xfeb940ff]
[    0.878442] kernel: pci 0000:00:12.0: reg 0x18: [mem 0xfe100000-0xfe1fffff 64bit pref]
[    0.882621] kernel: ACPI: PCI: Interrupt link LNKA configured for IRQ 10
[    0.882951] kernel: ACPI: PCI: Interrupt link LNKB configured for IRQ 10
[    0.883258] kernel: ACPI: PCI: Interrupt link LNKC configured for IRQ 11
[    0.883565] kernel: ACPI: PCI: Interrupt link LNKD configured for IRQ 11
[    0.883686] kernel: ACPI: PCI: Interrupt link LNKS configured for IRQ 9
[    0.884257] kernel: iommu: Default domain type: Translated 
[    0.884258] kernel: iommu: DMA domain TLB invalidation policy: lazy mode 
[    0.884286] kernel: pci 0000:00:02.0: vgaarb: setting as boot VGA device
[    0.884286] kernel: pci 0000:00:02.0: vgaarb: VGA device added: decodes=io+mem,owns=io+mem,locks=none
[    0.884286] kernel: pci 0000:00:02.0: vgaarb: bridge control possible
[    0.884286] kernel: vgaarb: loaded
[    0.884286] kernel: SCSI subsystem initialized
[    0.884286] kernel: libata version 3.00 loaded.
[    0.884286] kernel: ACPI: bus type USB registered
[    0.884286] kernel: usbcore: registered new interface driver usbfs
[    0.884286] kernel: usbcore: registered new interface driver hub
[    0.884286] kernel: usbcore: registered new device driver usb
[    0.884793] kernel: pps_core: LinuxPPS API ver. 1 registered
[    0.884794] kernel: pps_core: Software ver. 5.3.6 - Copyright 2005-2007 Rodolfo Giometti <giometti@linux.it>
[    0.884804] kernel: PTP clock support registered
[    0.884845] kernel: Advanced Linux Sound Architecture Driver Initialized.
[    0.885098] kernel: NetLabel: Initializing
[    0.885099] kernel: NetLabel:  domain hash size = 128
[    0.885100] kernel: NetLabel:  protocols = UNLABELED CIPSOv4 CALIPSO
[    0.885128] kernel: NetLabel:  unlabeled traffic allowed by default
[    0.885151] kernel: PCI: Using ACPI for IRQ routing
[    0.885151] kernel: PCI: pci_cache_line_size set to 64 bytes
[    0.885151] kernel: e820: reserve RAM buffer [mem 0x0009fc00-0x0009ffff]
[    0.885151] kernel: e820: reserve RAM buffer [mem 0xbffe0000-0xbfffffff]
[    0.885151] kernel: hpet0: at MMIO 0xfed00000, IRQs 2, 8, 0
[    0.885151] kernel: hpet0: 3 comparators, 64-bit 100.000000 MHz counter
[    0.886816] kernel: clocksource: Switched to clocksource kvm-clock
[    0.920794] kernel: VFS: Disk quotas dquot_6.6.0
[    0.920822] kernel: VFS: Dquot-cache hash table entries: 512 (order 0, 4096 bytes)
[    0.920934] kernel: pnp: PnP ACPI init
[    0.921205] kernel: pnp 00:03: [dma 2]
[    0.922183] kernel: pnp: PnP ACPI: found 6 devices
[    0.933577] kernel: clocksource: acpi_pm: mask: 0xffffff max_cycles: 0xffffff, max_idle_ns: 2085701024 ns
[    0.933628] kernel: NET: Registered PF_INET protocol family
[    0.934291] kernel: IP idents hash table entries: 262144 (order: 9, 2097152 bytes, linear)
[    0.948947] kernel: tcp_listen_portaddr_hash hash table entries: 8192 (order: 5, 131072 bytes, linear)
[    0.949453] kernel: TCP established hash table entries: 131072 (order: 8, 1048576 bytes, linear)
[    0.949586] kernel: TCP bind hash table entries: 65536 (order: 8, 1048576 bytes, linear)
[    0.950092] kernel: TCP: Hash tables configured (established 131072 bind 65536)
[    0.950152] kernel: UDP hash table entries: 8192 (order: 6, 262144 bytes, linear)
[    0.950187] kernel: UDP-Lite hash table entries: 8192 (order: 6, 262144 bytes, linear)
[    0.950286] kernel: NET: Registered PF_UNIX/PF_LOCAL protocol family
[    0.950603] kernel: pci_bus 0000:00: resource 4 [io  0x0000-0x0cf7 window]
[    0.950607] kernel: pci_bus 0000:00: resource 5 [io  0x0d00-0xffff window]
[    0.950608] kernel: pci_bus 0000:00: resource 6 [mem 0x000a0000-0x000bffff window]
[    0.950609] kernel: pci_bus 0000:00: resource 7 [mem 0xc0000000-0xfebfffff window]
[    0.950610] kernel: pci_bus 0000:00: resource 8 [mem 0x2c0000000-0x33fffffff window]
[    0.950711] kernel: pci 0000:00:01.0: PIIX3: Enabling Passive Release
[    0.950718] kernel: pci 0000:00:00.0: Limiting direct PCI/PCI transfers
[    0.950726] kernel: pci 0000:00:01.0: Activating ISA DMA hang workarounds
[    0.950767] kernel: pci 0000:00:02.0: Video device with shadowed ROM at [mem 0x000c0000-0x000dffff]
[    0.950800] kernel: PCI: CLS 0 bytes, default 64
[    0.950814] kernel: PCI-DMA: Using software bounce buffering for IO (SWIOTLB)
[    0.950815] kernel: software IO TLB: mapped [mem 0x00000000bbfe0000-0x00000000bffe0000] (64MB)
[    0.950948] kernel: RAPL PMU: API unit is 2^-32 Joules, 0 fixed counters, 10737418240 ms ovfl timer
[    0.950962] kernel: clocksource: tsc: mask: 0xffffffffffffffff max_cycles: 0x2563bf907c6, max_idle_ns: 440795319401 ns
[    0.950986] kernel: clocksource: Switched to clocksource tsc
[    0.952931] kernel: Initialise system trusted keyrings
[    0.953194] kernel: workingset: timestamp_bits=56 max_order=22 bucket_order=0
[    0.963560] kernel: fuse: init (API version 7.34)
[    0.965049] kernel: orangefs_debugfs_init: called with debug mask: :none: :0:
[    0.965114] kernel: orangefs_init: module version upstream loaded
[    0.992271] kernel: Key type asymmetric registered
[    0.992273] kernel: Asymmetric key parser 'x509' registered
[    0.992361] kernel: Block layer SCSI generic (bsg) driver version 0.4 loaded (major 250)
[    0.992362] kernel: io scheduler mq-deadline registered
[    0.992363] kernel: io scheduler kyber registered
[    0.992714] kernel: input: Power Button as /devices/LNXSYSTM:00/LNXPWRBN:00/input/input0
[    0.992803] kernel: ACPI: button: Power Button [PWRF]
[    1.294002] kernel: ACPI: \_SB_.LNKC: Enabled at IRQ 11
[    1.593286] kernel: ACPI: \_SB_.LNKD: Enabled at IRQ 10
[    1.594418] kernel: Serial: 8250/16550 driver, 4 ports, IRQ sharing enabled
[    1.594528] kernel: 00:05: ttyS0 at I/O 0x3f8 (irq = 4, base_baud = 115200) is a 16550A
[    1.595350] kernel: Non-volatile memory driver v1.3
[    1.595404] kernel: Linux agpgart interface v0.103
[    1.599156] kernel: loop: module loaded
[    1.599334] kernel: ata_piix 0000:00:01.1: version 2.13
[    1.612259] kernel: scsi host0: ata_piix
[    1.612548] kernel: scsi host1: ata_piix
[    1.612620] kernel: ata1: PATA max MWDMA2 cmd 0x1f0 ctl 0x3f6 bmdma 0xc040 irq 14
[    1.612622] kernel: ata2: PATA max MWDMA2 cmd 0x170 ctl 0x376 bmdma 0xc048 irq 15
[    1.612889] kernel: libphy: Fixed MDIO Bus: probed
[    1.619169] kernel: e100: Intel(R) PRO/100 Network Driver
[    1.619171] kernel: e100: Copyright(c) 1999-2006 Intel Corporation
[    1.619181] kernel: e1000: Intel(R) PRO/1000 Network Driver
[    1.619182] kernel: e1000: Copyright (c) 1999-2006 Intel Corporation.
[    1.619201] kernel: e1000e: Intel(R) PRO/1000 Network Driver
[    1.619202] kernel: e1000e: Copyright(c) 1999 - 2015 Intel Corporation.
[    1.619219] kernel: sky2: driver version 1.30
[    1.619423] kernel: ehci_hcd: USB 2.0 'Enhanced' Host Controller (EHCI) Driver
[    1.619424] kernel: ehci-pci: EHCI PCI platform driver
[    1.619436] kernel: ohci_hcd: USB 1.1 'Open' Host Controller (OHCI) Driver
[    1.619441] kernel: ohci-pci: OHCI PCI platform driver
[    1.619451] kernel: uhci_hcd: USB Universal Host Controller Interface driver
[    1.619551] kernel: usbcore: registered new interface driver usblp
[    1.619564] kernel: usbcore: registered new interface driver usb-storage
[    1.619609] kernel: i8042: PNP: PS/2 Controller [PNP0303:KBD,PNP0f13:MOU] at 0x60,0x64 irq 1,12
[    1.620562] kernel: serio: i8042 KBD port at 0x60,0x64 irq 1
[    1.620568] kernel: serio: i8042 AUX port at 0x60,0x64 irq 12
[    1.620979] kernel: input: AT Translated Set 2 keyboard as /devices/platform/i8042/serio0/input/input1
[    1.621213] kernel: rtc_cmos 00:00: RTC can wake from S4
[    1.625875] kernel: rtc_cmos 00:00: registered as rtc0
[    1.626046] kernel: rtc_cmos 00:00: alarms up to one day, y3k, 114 bytes nvram, hpet irqs
[    1.630074] kernel: device-mapper: ioctl: 4.45.0-ioctl (2021-03-22) initialised: dm-devel@redhat.com
[    1.630080] kernel: intel_pstate: CPU model not supported
[    1.630152] kernel: hid: raw HID events driver (C) Jiri Kosina
[    1.630410] kernel: usbcore: registered new interface driver usbhid
[    1.630411] kernel: usbhid: USB HID core driver
[    1.630959] kernel: netem: version 1.3
[    1.632816] kernel: Initializing XFRM netlink socket
[    1.633062] kernel: NET: Registered PF_INET6 protocol family
[    1.634159] kernel: Segment Routing with IPv6
[    1.634173] kernel: In-situ OAM (IOAM) with IPv6
[    1.634294] kernel: sit: IPv6, IPv4 and MPLS over IPv4 tunneling driver
[    1.634515] kernel: NET: Registered PF_PACKET protocol family
[    1.634556] kernel: 9pnet: Installing 9P2000 support
[    1.634581] kernel: Key type dns_resolver registered
[    1.634596] kernel: Key type ceph registered
[    1.634----- is restarting 0
---- dfs_name orangefs is_dfs_client 0
unlink FIFO failed: No such file or directory
[D 01/16/2023 17:42:13] PVFS2 Server version 2.9.7-orangefs-REV-65ab0d2 starting.
[E 01/16/2023 17:43:19] PVFS2 server got signal 15 (server_status_flag: 2080767)
[D 02/18/2023 14:39:31] PVFS2 Server version 2.9.7-orangefs-REV-65ab0d2 starting.
[D 02/18/2023 14:47:30] PVFS2 received server: signal 1
[E 02/18/2023 14:47:30] PVFS2 server got signal 15 (server_status_flag: 2080767)
[    0.000000] kernel: Linux version 5.15.0+ (tlyu@IC-RS3-DPC07) (gcc (Ubuntu 9.4.0-1ubuntu1~20.04.1) 9.4.0, GNU ld (GNU Binutils for Ubuntu) 2.34) #7 SMP Sat Feb 18 10:18:37 CET 2023
[    0.000000] kernel: Command line: root=/dev/sda console=ttyS0 net.ifnames=0 ip=192.168.0.35 quiet
[    0.000000] kernel: x86/fpu: Supporting XSAVE feature 0x001: 'x87 floating point registers'
[    0.000000] kernel: x86/fpu: Supporting XSAVE feature 0x002: 'SSE registers'
[    0.000000] kernel: x86/fpu: Supporting XSAVE feature 0x004: 'AVX registers'
[    0.000000] kernel: x86/fpu: Supporting XSAVE feature 0x020: 'AVX-512 opmask'
[    0.000000] kernel: x86/fpu: Supporting XSAVE feature 0x040: 'AVX-512 Hi256'
[    0.000000] kernel: x86/fpu: Supporting XSAVE feature 0x080: 'AVX-512 ZMM_Hi256'
[    0.000000] kernel: x86/fpu: Supporting XSAVE feature 0x200: 'Protection Keys User registers'
[    0.000000] kernel: x86/fpu: xstate_offset[2]:  576, xstate_sizes[2]:  256
[    0.000000] kernel: x86/fpu: xstate_731] kernel: libceph: loaded (mon/osd proto 15/24)
[    1.635410] kernel: IPI shorthand broadcast: enabled
[    1.635435] kernel: sched_clock: Marking stable (1630707070, 4175124)->(1783441850, -148559656)
[    1.635657] kernel: registered taskstats version 1
[    1.635658] kernel: Loading compiled-in X.509 certificates
[    1.636570] kernel: PM:   Magic number: 15:430:114
[    1.636641] kernel: printk: console [netcon0] enabled
[    1.636642] kernel: netconsole: network logging started
[    1.772286] kernel: ata1.01: NODEV after polling detection
[    1.772483] kernel: ata2.01: NODEV after polling detection
[    1.772672] kernel: ata1.00: ATA-7: QEMU HARDDISK, 2.5+, max UDMA/100
[    1.772674] kernel: ata1.00: 88078336 sectors, multi 16: LBA48 
[    1.772836] kernel: ata2.00: ATAPI: QEMU DVD-ROM, 2.5+, max UDMA/100
[    1.773401] kernel: scsi 0:0:0:0: Direct-Access     ATA      QEMU HARDDISK    2.5+ PQ: 0 ANSI: 5
[    1.773620] kernel: scsi 0:0:0:0: Attached scsi generic sg0 type 0
[    1.773782] kernel: sd 0:0:0:0: [sda] 88078336 512-byte logical blocks: (45.1 GB/42.0 GiB)
[    1.773789] kernel: sd 0:0:0:0: [sda] Write Protect is off
[    1.773791] kernel: sd 0:0:0:0: [sda] Mode Sense: 00 3a 00 00
[    1.773800] kernel: sd 0:0:0:0: [sda] Write cache: enabled, read cache: enabled, doesn't support DPO or FUA
[    1.780028] kernel: scsi 1:0:0:0: CD-ROM            QEMU     QEMU DVD-ROM     2.5+ PQ: 0 ANSI: 5
[    1.780729] kernel: sd 0:0:0:0: [sda] Attached SCSI disk
[    1.798312] kernel: sr 1:0:0:0: [sr0] scsi3-mmc drive: 4x/4x cd/rw xa/form2 tray
[    1.798321] kernel: cdrom: Uniform CD-ROM driver Revision: 3.20
[    1.815052] kernel: sr 1:0:0:0: Attached scsi CD-ROM sr0
[    1.815271] kernel: sr 1:0:0:0: Attached scsi generic sg1 type 5
[    2.253925] kernel: input: ImExPS/2 Generic Explorer Mouse as /devices/platform/i8042/serio1/input/input3
[    2.278008] kernel: IP-Config: Guessing netmask 255.255.255.0
[    2.278011] kernel: IP-Config: Complete:
[    2.278012] kernel:      device=eth0, hwaddr=e6:c8:ff:09:76:25, ipaddr=192.168.0.37, mask=255.255.255.0, gw=255.255.255.255
[    2.278014] kernel:      host=192.168.0.37, domain=, nis-domain=(none)
[    2.278015] kernel:      bootserver=255.255.255.255, rootserver=255.255.255.255, rootpath=
[    2.278113] kernel: cfg80211: Loading compiled-in X.509 certificates for regulatory database
[    2.278352] kernel: kworker/u4:0 (69) used greatest stack depth: 30480 bytes left
[    2.279408] kernel: cfg80211: Loaded X.509 cert 'sforshee: 00b28ddf47aef9cea7'
[    2.279420] kernel: ALSA device list:
[    2.279421] kernel:   No soundcards found.
[    2.279645] kernel: md: Waiting for all devices to be available before autodetect
[    2.279645] kernel: md: If you don't use raid, use raid=noautodetect
[    2.279647] kernel: md: Autodetecting RAID arrays.
[    2.279648] kernel: md: autorun ...
[    2.279648] kernel: md: ... autorun DONE.
[    2.280035] kernel: platform regulatory.0: Direct firmware load forexecutor 0 finishes userspace_cover_open
before receiving handshake request
offset[5]:  832, xstate_sizes[5]:   64
[    0.000000] kernel: x86/fpu: xstate_offset[6]:  896, xstate_sizes[6]:  512
[    0.000000] kernel: x86/fpu: xstate_offset[7]: 1408, xstate_sizes[7]: 1024
[    0.000000] kernel: x86/fpu: xstate_offset[9]: 2432, xstate_sizes[9]:    8
[    0.000000] kernel: x86/fpu: Enabled xstate features 0x2e7, context size is 2440 bytes, using 'compacted' format.
[    0.000000] kernel: signal: max sigframe size: 3632
[    0.000000] kernel: BIOS-provided physical RAM map:
[    0.000000] kernel: BIOS-e820: [mem 0x0000000000000000-0x000000000009fbff] usable
[    0.000000] kernel: BIOS-e820: [mem 0x000000000009fc00-0x000000000009ffff] reserved
[    0.000000] kernel: BIOS-e820: [mem 0x00000000000f0000-0x00000000000fffff] reserved
[    0.000000] kernel: BIOS-e820: [mem 0x0000000000100000-0x00000000bffdffff] usable
[    0.000000] kernel: BIOS-e820: [mem 0x00000000bffe0000-0x00000000bfffffff] reserved
[    0.000000] kernel: BIOS-e820: [mem 0x00000000feffc000-0x00000000 regulatory.db failed with error -2
[    2.280039] kernel: cfg80211: failed to load regulatory.db
[    2.289164] kernel: EXT4-fs (sda): mounted filesystem with ordered data mode. Opts: (null). Quota mode: none.
[    2.289192] kernel: VFS: Mounted root (ext4 filesystem) readonly on device 8:0.
[    2.289793] kernel: devtmpfs: mounted
[    2.290255] kernel: Freeing unused kernel image (initmem) memory: 1384K
[    2.291823] kernel: Write protecting the kernel read-only data: 20480k
[    2.292384] kernel: Freeing unused kernel image (text/rodata gap) memory: 2032K
[    2.292583] kernel: Freeing unused kernel image (rodata/data gap) memory: 528K
[    2.292593] kernel: Run /sbin/init as init process
[    2.292594] kernel:   with arguments:
[    2.292594] kernel:     /sbin/init
[    2.292595] kernel:   with environment:
[    2.292595] kernel:     HOME=/
[    2.292596] kernel:     TERM=linux
[    2.347828] kernel: ext4lazyinit (75) used greatest stack depth: 30400 bytes left
[    2.352053] kefeffffff] reserved
[    0.000000] kernel: BIOS-e820: [mem 0x00000000fffc0000-0x00000000ffffffff] reserved
[    0.000000] kernel: BIOS-e820: [mem 0x0000000100000000-0x00000002bfffffff] usable
[    0.000000] kernel: NX (Execute Disable) protection: active
[    0.000000] kernel: SMBIOS 2.8 present.
[    0.000000] kernel: DMI: QEMU Standard PC (i440FX + PIIX, 1996), BIOS 1.13.0-1ubuntu1.1 04/01/2014
[    0.000000] kernel: Hypervisor detected: KVM
[    0.000000] kernel: kvm-clock: Using msrs 4b564d01 and 4b564d00
[    0.000000] kernel: kvm-clock: cpu 0, msr 11186e001, primary cpu clock
[    0.000001] kernel: kvm-clock: using sched offset of 525014083 cycles
[    0.000002] kernel: clocksource: kvm-clock: mask: 0xffffffffffffffff max_cycles: 0x1cd42e4dffb, max_idle_ns: 881590591483 ns
[    0.000004] kernel: tsc: Detected 2593.906 MHz processor
[    0.000431] kernel: e820: update [mem 0x00000000-0x00000fff] usable ==> reserved
[    0.000433] kernel: e820: remove [mem 0x000a0000-0x000fffff] usable
[    0.000436] kernel: last_pfn = 0x2c0000 max_arch_pfn = 0x10000000000
[    0.000482] kernel: x86/PAT: Configuration [0-7]: WB  WC  UC- UC  WB  WP  UC- WT  
[    0.000487] kernel: last_pfn = 0xbffe0 max_arch_pfn = 0x10000000000
[    0.004918] kernel: found SMP MP-table at [mem 0x000f5c80-0x000f5c8f]
[    0.004939] kernel: Using GB pages for direct mapping
[    0.005057] kernel: ACPI: Early table checksum verification disabled
[    0.005060] kernel: ACPI: RSDP 0x00000000000F5A50 000014 (v00 BOCHS )
[    0.005068] kernel: ACPI: RSDT 0x00000000BFFE15C9 000030 (v01 BOCHS  BXPCRSDT 00000001 BXPC 00000001)
[    0.005072] kernel: ACPI: FACP 0x00000000BFFE149D 000074 (v01 BOCHS  BXPCFACP 00000001 BXPC 00000001)
[    0.005077] kernel: ACPI: DSDT 0x00000000BFFE0040 00145D (v01 BOCHS  BXPCDSDT 00000001 BXPC 00000001)
[    0.005079] kernel: ACPI: FACS 0x00000000BFFE0000 000040
[    0.005081] kernel: ACPI: APIC 0x00000000BFFE1511 000080 (v01 BOCHS  BXPCAPIC 00000001 BXPC 00000001)
[    0.005rnel: random: fast init done
[    2.419741] systemd[1]: systemd 245.4-4ubuntu3 running in system mode. (+PAM +AUDIT +SELINUX +IMA +APPARMOR +SMACK +SYSVINIT +UTMP +LIBCRYPTSETUP +GCRYPT +GNUTLS +ACL +XZ +LZ4 +SECCOMP +BLKID +ELFUTILS +KMOD +IDN2 -IDN +PCRE2 default-hierarchy=hybrid)
[    2.419814] systemd[1]: Detected virtualization kvm.
[    2.419819] systemd[1]: Detected architecture x86-64.
[    2.429301] systemd[1]: Set hostname to <dfs-fuzzing>.
[    2.593825] kernel: systemd-cryptse (79) used greatest stack depth: 29848 bytes left
[    2.597158] kernel: systemd-run-gen (86) used greatest stack depth: 29808 bytes left
[    2.617639] kernel: netplan (77) used greatest stack depth: 29584 bytes left
[    2.620769] kernel: systemd-sysv-ge (88) used greatest stack depth: 29472 bytes left
[    2.667777] kernel: IPv6: ADDRCONF(NETDEV_CHANGE): eth0: link becomes ready
[    2.743213] systemd[1]: /lib/systemd/system/dbus.socket:5: ListenStream= references a path below legacy directory /var083] kernel: ACPI: HPET 0x00000000BFFE1591 000038 (v01 BOCHS  BXPCHPET 00000001 BXPC 00000001)
[    0.005085] kernel: ACPI: Reserving FACP table memory at [mem 0xbffe149d-0xbffe1510]
[    0.005086] kernel: ACPI: Reserving DSDT table memory at [mem 0xbffe0040-0xbffe149c]
[    0.005087] kernel: ACPI: Reserving FACS table memory at [mem 0xbffe0000-0xbffe003f]
[    0.005088] kernel: ACPI: Reserving APIC table memory at [mem 0xbffe1511-0xbffe1590]
[    0.005088] kernel: ACPI: Reserving HPET table memory at [mem 0xbffe1591-0xbffe15c8]
[    0.005339] kernel: No NUMA configuration found
[    0.005340] kernel: Faking a node at [mem 0x0000000000000000-0x00000002bfffffff]
[    0.005342] kernel: NODE_DATA(0) allocated [mem 0x2bfffc000-0x2bfffffff]
[    0.005899] kernel: Zone ranges:
[    0.005900] kernel:   DMA      [mem 0x0000000000001000-0x0000000000ffffff]
[    0.005901] kernel:   DMA32    [mem 0x0000000001000000-0x00000000ffffffff]
[    0.005902] kernel:   Normal   [mem 0x0000000100000000-0x0/run/, updating /var/run/dbus/system_bus_socket  /run/dbus/system_bus_socket; please update the unit file accordingly.
[    2.820786] systemd[1]: system-modprobe.slice: unit configures an IP firewall, but the local system does not support BPF/cgroup firewalling.
[    2.820818] systemd[1]: (This warning is only shown for the first unit using IP firewalling.)
[    2.821376] systemd[1]: Created slice system-modprobe.slice.
[    2.821652] systemd[1]: Created slice system-serial\x2dgetty.slice.
[    2.822648] systemd[1]: Created slice User and Session Slice.
[    2.822789] systemd[1]: Started Dispatch Password Requests to Console Directory Watch.
[    2.822870] systemd[1]: Started Forward Password Requests to Wall Directory Watch.
[    2.823227] systemd[1]: Set up automount Arbitrary Executable File Formats File System Automount Point.
[    2.823255] systemd[1]: Reached target Local Encrypted Volumes.
[    2.823329] systemd[1]: Reached target Paths.
[    2.823339] systemd[1]: Reached ta0000002bfffffff]
[    0.005904] kernel: Movable zone start for each node
[    0.005904] kernel: Early memory node ranges
[    0.005905] kernel:   node   0: [mem 0x0000000000001000-0x000000000009efff]
[    0.005906] kernel:   node   0: [mem 0x0000000000100000-0x00000000bffdffff]
[    0.005907] kernel:   node   0: [mem 0x0000000100000000-0x00000002bfffffff]
[    0.005908] kernel: Initmem setup node 0 [mem 0x0000000000001000-0x00000002bfffffff]
[    0.006339] kernel: On node 0, zone DMA: 1 pages in unavailable ranges
[    0.006349] kernel: On node 0, zone DMA: 97 pages in unavailable ranges
[    0.056152] kernel: On node 0, zone Normal: 32 pages in unavailable ranges
[    0.542958] kernel: kasan: KernelAddressSanitizer initialized
[    0.543315] kernel: ACPI: PM-Timer IO Port: 0x608
[    0.543324] kernel: ACPI: LAPIC_NMI (acpi_id[0xff] dfl dfl lint[0x1])
[    0.543364] kernel: IOAPIC[0]: apic_id 0, version 17, address 0xfec00000, GSI 0-23
[    0.543366] kernel: ACPI: INT_SRC_OVR (bus 0 brget Remote File Systems.
[    2.823374] systemd[1]: Reached target Slices.
[    2.823384] systemd[1]: Reached target Swap.
[    2.823674] systemd[1]: Listening on Device-mapper event daemon FIFOs.
[    2.823907] systemd[1]: Listening on Syslog Socket.
[    2.824014] systemd[1]: Listening on initctl Compatibility Named Pipe.
[    2.824325] systemd[1]: Listening on Journal Audit Socket.
[    2.824481] systemd[1]: Listening on Journal Socket (/dev/log).
[    2.824853] systemd[1]: Listening on Journal Socket.
[    2.825060] systemd[1]: Listening on udev Control Socket.
[    2.825187] systemd[1]: Listening on udev Kernel Socket.
[    2.827973] systemd[1]: Mounting Huge Pages File System...
[    2.829634] systemd[1]: Mounting POSIX Message Queue File System...
[    2.834917] systemd[1]: Mounting /proc/sys/fs/binfmt_misc...
[    2.837018] systemd[1]: Mounting /sys/kernel/config...
[    2.842988] systemd[1]: Mounting /sys/kernel/debug...
[    2.850084] systemd[1]: Mounting Kernel Trace File us_irq 0 global_irq 2 dfl dfl)
[    0.543369] kernel: ACPI: INT_SRC_OVR (bus 0 bus_irq 5 global_irq 5 high level)
[    0.543370] kernel: ACPI: INT_SRC_OVR (bus 0 bus_irq 9 global_irq 9 high level)
[    0.543371] kernel: ACPI: INT_SRC_OVR (bus 0 bus_irq 10 global_irq 10 high level)
[    0.543372] kernel: ACPI: INT_SRC_OVR (bus 0 bus_irq 11 global_irq 11 high level)
[    0.543375] kernel: ACPI: Using ACPI (MADT) for SMP configuration information
[    0.543377] kernel: ACPI: HPET id: 0x8086a201 base: 0xfed00000
[    0.543380] kernel: TSC deadline timer available
[    0.543382] kernel: smpboot: Allowing 2 CPUs, 0 hotplug CPUs
[    0.543404] kernel: kvm-guest: KVM setup pv remote TLB flush
[    0.543408] kernel: kvm-guest: setup PV sched yield
[    0.543416] kernel: PM: hibernation: Registered nosave memory: [mem 0x00000000-0x00000fff]
[    0.543418] kernel: PM: hibernation: Registered nosave memory: [mem 0x0009f000-0x0009ffff]
[    0.543419] kernel: PM: hibernation: Registered nosave memory: [mem 0x000a0000-0x000effff]
[    0.543420] kernel: PM: hibernation: Registered nosave memory: [mem 0x000f0000-0x000fffff]
[    0.543421] kernel: PM: hibernation: Registered nosave memory: [mem 0xbffe0000-0xbfffffff]
[    0.543422] kernel: PM: hibernation: Registered nosave memory: [mem 0xc0000000-0xfeffbfff]
[    0.543422] kernel: PM: hibernation: Registered nosave memory: [mem 0xfeffc000-0xfeffffff]
[    0.543423] kernel: PM: hibernation: Registered nosave memory: [mem 0xff000000-0xfffbffff]
[    0.543424] kernel: PM: hibernation: Registered nosave memory: [mem 0xfffc0000-0xffffffff]
[    0.543426] kernel: [mem 0xc0000000-0xfeffbfff] available for PCI devices
[    0.543427] kernel: Booting paravirtualized kernel on KVM
[    0.543430] kernel: clocksource: refined-jiffies: mask: 0xffffffff max_cycles: 0xffffffff, max_idle_ns: 1910969940391419 ns
[    0.547681] kernel: setup_percpu: NR_CPUS:64 nr_cpumask_bits:64 nr_cpu_ids:2 nr_node_ids:1
[    0.548369] kernel: percpu: Embedded 56 pages/cpu s191576 r8192 d29608 u1048576
[    0.548374] kernel: pcpu-alloc: s191576 r8192 d29608 u1048576 alloc=1*2097152
[    0.548377] kernel: pcpu-alloc: [0] 0 1 
[    0.548400] kernel: kvm-guest: setup async PF for cpu 0
[    0.548406] kernel: kvm-guest: stealtime: cpu 0, msr 26561f140
[    0.548410] kernel: Built 1 zonelists, mobility grouping on.  Total pages: 2580192
[    0.548411] kernel: Policy zone: Normal
[    0.548413] kernel: Kernel command line: root=/dev/sda console=ttyS0 net.ifnames=0 ip=192.168.0.35 quiet
[    0.553660] kernel: Dentry cache hash table entries: 2097152 (order: 12, 16777216 bytes, linear)
[    0.556290] kernel: Inode-cache hash table entries: 1048576 (order: 11, 8388608 bytes, linear)
[    0.556344] kernel: mem auto-init: stack:off, heap alloc:off, heap free:off
[    0.749629] kernel: Memory: 8872652K/10485240K available (14348K kernel code, 2403K rwdata, 3568K rodata, 1384K init, 1732K bss, 1612388K reserved, 0K cma-reserved)
[    0.749723] kernel: SLUB: HWalign=64, Order=0-3, MinObjects=0, CPUs=2, Nodes=1
[    0.750273] kernel: rcu: Hierarchical RCU implementation.
[    0.750274] kernel: rcu:         RCU event tracing is enabled.
[    0.750276] kernel: rcu:         RCU restricting CPUs from NR_CPUS=64 to nr_cpu_ids=2.
[    0.750278] kernel: rcu: RCU calculated value of scheduler-enlistment delay is 100 jiffies.
[    0.750280] kernel: rcu: Adjusting geometry for rcu_fanout_leaf=16, nr_cpu_ids=2
[    0.753077] kernel: NR_IRQS: 4352, nr_irqs: 440, preallocated irqs: 16
[    0.753299] kernel: random: get_random_bytes called from start_kernel+0x4b1/0x67a with crng_init=0
[    0.757197] kernel: Console: colour VGA+ 80x25
[    0.757239] kernel: printk: console [ttyS0] enabled
[    0.757258] kernel: ACPI: Core revision 20210730
[    0.757405] kernel: clocksource: hpet: mask: 0xffffffff max_cycles: 0xffffffff, max_idle_ns: 19112604467 ns
[    0.757486] kernel: APIC: Switch to symmetric I/O mode setup
[    0.757490] kernel: kvm-guest: setup PV IPIs
[    0.758348] kernel: ..TIMER: vector=0x30 apic1=0 pin1=2 apic2=-1 pin2=-1
[    0.758368] kernel: clocksource: tsc-early: mask: 0xffffffffffffffff max_cycles: 0x2563bf907c6, max_idle_ns: 440795319401 ns
[    0.758378] kernel: Calibrating delay loop (skipped) preset value.. 5187.81 BogoMIPS (lpj=2593906)
[    0.758380] kernel: pid_max: default: 32768 minimum: 301
[    0.758414] kernel: LSM: Security Framework initializing
[    0.758427] kernel: SELinux:  Initializing.
[    0.759399] kernel: Mount-cache hash table entries: 32768 (order: 6, 262144 bytes, linear)
[    0.759855] kernel: Mountpoint-cache hash table entries: 32768 (order: 6, 262144 bytes, linear)
[    0.760276] kernel: x86/cpu: User Mode Instruction Prevention (UMIP) activated
[    0.760360] kernel: Last level iTLB entries: 4KB 0, 2MB 0, 4MB 0
[    0.760361] kernel: Last level dTLB entries: 4KB 0, 2MB 0, 4MB 0, 1GB 0
[    0.760370] kernel: Spectre V1 : Mitigation: usercopy/swapgs barriers and __user pointer sanitization
[    0.760374] kernel: Spectre V2 : Mitigation: Enhanced IBRS
[    0.760375] kernel: Spectre V2 : Spectre v2 / SpectreRSB mitigation: Filling RSB on context switch
[    0.760377] kernel: Spectre V2 : mitigation: Enabling conditional Indirect Branch Prediction Barrier
[    0.760379] kernel: Speculative Store Bypass: Mitigation: Speculative Store Bypass disabled via prctl and seccomp
[    0.760380] kernel: TAA: Mitigation: TSX disabled
[    0.766315] kernel: Freeing SMP alternatives memory: 40K
[    0.766444] kernel: smpboot: CPU0: Intel(R) Xeon(R) Gold 6348 CPU @ 2.60GHz (family: 0x6, model: 0x6a, stepping: 0x6)
[    0.766570] kernel: Performance Events: Icelake events, 32-deep LBR, full-width counters, Intel PMU driver.
[    0.766665] kernel: ... version:                2
[    0.766667] kernel: ... bit width:              48
[    0.766667] kernel: ... generic registers:      8
[    0.766668] kernel: ... value mask:             0000ffffffffffff
[    0.766670] kernel: ... max period:             00007fffffffffff
[    0.766671] kernel: ... fixed-purpose events:   3
[    0.766671] kernel: ... event mask:             00000007000000ff
[    0.766772] kernel: rcu: Hierarchical SRCU implementation.
[    0.767117] kernel: smp: Bringing up secondary CPUs ...
[    0.767224] kernel: x86: Booting SMP configuration:
[    0.767225] kernel: .... node  #0, CPUs:      #1
[    0.005104] kernel: kvm-clock: cpu 1, msr 11186e041, secondary cpu clock
[    0.005104] kernel: smpboot: CPU 1 Converting physical 0 to logical die 1
[    0.768395] kernel: kvm-guest: setup async PF for cpu 1
[    0.768404] kernel: kvm-guest: stealtime: cpu 1, msr 26571f140
[    0.768413] kernel: smp: Brought up 1 node, 2 CPUs
[    0.768413] kernel: smpboot: Max logical packages: 2
[    0.768413] kernel: smpboot: Total of 2 processors activated (10375.62 BogoMIPS)
[    0.768939] kernel: devtmpfs: initialized
[    0.769840] kernel: clocksource: jiffies: mask: 0xffffffff max_cycles: 0xffffffff, max_idle_ns: 191----- is restarting 0
---- dfs_name orangefs is_dfs_client 1
before receiving handshake request
[    0.000000] kernel: Linux version 5.15.0+ (tlyu@IC-RS3-DPC07) (gcc (Ubuntu 9.4.0-1ubuntu1~20.04.1) 9.4.0, GNU ld (GNU Binutils for Ubuntu) 2.34) #7 SMP Sat Feb 18 10:18:37 CET 2023
[    0.000000] kernel: Command line: root=/dev/sda console=ttyS0 net.ifnames=0 ip=192.168.0.38 quiet
[    0.000000] kernel: x86/fpu: Supporting XSAVE feature 0x001: 'x87 floating point registers'
[    0.000000] kernel: x86/fpu: Supporting XSAVE feature 0x002: 'SSE registers'
[    0.000000] kernel: x86/fpu: Supporting XSAVE feature 0x004: 'AVX registers'
[    0.000000] kernel: x86/fpu: Supporting XSAVE feature 0x020: 'AVX-512 opmask'
[    0.000000] kernel: x86/fpu: Supporting XSAVE feature 0x040: 'AVX-512 Hi256'
[    0.000000] kernel: x86/fpu: Supporting XSAVE feature 0x080: 'AVX-512 ZMM_Hi256'
[    0.000000] kernel: x86/fpu: Supporting XSAVE feature 0x200: 'Protection Keys User registers'
[    0.000000] kernel: x86/fpu: xstate_offset[2]:  576, xstate_sizes[2]:  256
[    0.000000] kernel: x86/fpu: xstate_1260446275000 ns
[    0.769840] kernel: futex hash table entries: 512 (order: 3, 32768 bytes, linear)
[    0.769840] kernel: PM: RTC time: 06:07:18, date: 2023-03-10
[    0.770434] kernel: NET: Registered PF_NETLINK/PF_ROUTE protocol family
[    0.770613] kernel: audit: initializing netlink subsys (disabled)
[    0.770640] kernel: audit: type=2000 audit(1678428438.874:1): state=initialized audit_enabled=0 res=1
[    0.770640] kernel: thermal_sys: Registered thermal governor 'step_wise'
[    0.770640] kernel: thermal_sys: Registered thermal governor 'user_space'
[    0.770640] kernel: cpuidle: using governor menu
[    0.770640] kernel: ACPI: bus type PCI registered
[    0.770648] kernel: PCI: Using configuration type 1 for base access
[    0.777354] kernel: Kprobes globally optimized
[    0.777433] kernel: HugeTLB registered 2.00 MiB page size, pre-allocated 0 pages
[    0.777434] kernel: cryptomgr_test (26) used greatest stack depth: 31400 bytes left
[    0.778435] kernel: ACPI: AddedSystem...
[    2.862084] kernel: mount (90) used greatest stack depth: 29248 bytes left
[    2.863548] systemd[1]: Starting Journal Service...
[    2.867608] systemd[1]: Starting Set the console keyboard layout...
[    2.867746] systemd[1]: Condition check resulted in Create list of static device nodes for the current kernel being skipped.
[    2.867959] systemd[1]: Condition check resulted in Load Kernel Module drm being skipped.
[    2.883200] systemd[1]: Starting Load Kernel Modules...
[    2.884949] systemd[1]: Starting Remount Root and Kernel File Systems...
[    2.886369] systemd[1]: Starting udev Coldplug all Devices...
[    2.895486] systemd[1]: Mounted Huge Pages File System.
[    2.895669] systemd[1]: Mounted POSIX Message Queue File System.
[    2.895899] systemd[1]: Mounted /proc/sys/fs/binfmt_misc.
[    2.896067] systemd[1]: Mounted /sys/kernel/config.
[    2.896388] systemd[1]: Mounted /sys/kernel/debug.
[    2.896557] systemd[1]: Mounted Kernel Trace File System.
[    2req.flags ea2
[D 01/16/2023 17:42:13] PVFS2 Server version 2.9.7-orangefs-REV-65ab0d2 starting.
[E 01/16/2023 17:43:19] PVFS2 server got signal 15 (server_status_flag: 2080767)
[D 02/18/2023 14:39:31] PVFS2 Server version 2.9.7-orangefs-REV-65ab0d2 starting.
[D 02/18/2023 14:47:30] PVFS2 received server: signal 1
[E 02/18/2023 14:47:30] PVFS2 server got signal 15 (server_status_flag: 2080767)
offset[5]:  832, xstate_sizes[5]:   64
[    0.000000] kernel: x86/fpu: xstate_offset[6]:  896, xstate_sizes[6]:  512
[    0.000000] kernel: x86/fpu: xstate_offset[7]: 1408, xstate_sizes[7]: 1024
[    0.000000] kernel: x86/fpu: xstate_offset[9]: 2432, xstate_sizes[9]:    8
[    0.000000] kernel: x86/fpu: Enabled xstate features 0x2e7, context size is 2440 bytes, using 'compacted' format.
[    0.000000] kernel: signal: max sigframe size: 3632
[    0.000000] kernel: BIOS-provided physical RAM map:
[    0.000000] kernel: BIOS-e820: [mem 0x0000000000000000-0x000000000009fbff] usable
[    0.000000] kernel: BIOS-e820: [mem 0x000000000009fc00-0x000000000009ffff] reserved
[    0.000000] kernel: BIOS-e820: [mem 0x00000000000f0000-0x00000000000fffff] reserved
