2023/03/11 02:48:09 fuzzer started
2023/03/11 02:48:10 dialing manager at localhost:42025
2023/03/11 02:48:10 syscalls: 130
2023/03/11 02:48:10 code coverage: enabled
2023/03/11 02:48:10 comparison tracing: enabled
2023/03/11 02:48:10 extra coverage: enabled
2023/03/11 02:48:10 setuid sandbox: enabled
2023/03/11 02:48:10 namespace sandbox: /proc/self/ns/user does not exist
2023/03/11 02:48:10 Android sandbox: /sys/fs/selinux/policy can't be opened (open /sys/fs/selinux/policy: invalid argument)
2023/03/11 02:48:10 fault injection: CONFIG_FAULT_INJECTION_DEBUG_FS or CONFIG_FAILSLAB are not enabled
2023/03/11 02:48:10 leak checking: CONFIG_DEBUG_KMEMLEAK is not enabled
2023/03/11 02:48:10 net packet injection: /dev/net/tun does not exist
2023/03/11 02:48:10 net device setup: enabled
2023/03/11 02:48:10 concurrency sanitizer: /sys/kernel/debug/kcsan does not exist
2023/03/11 02:48:10 devlink PCI setup: enabled
2023/03/11 02:48:10 USB emulation: /dev/raw-gadget does not exist
2023/03/11 02:48:10 hci packet injection: /dev/vhci does not exist
2023/03/11 02:48:10 wifi device emulation: /sys/class/mac80211_hwsim/ does not exist
2023/03/11 02:48:10 802.15.4 emulation: /sys/bus/platform/devices/mac802154_hwsim does not exist
2023/03/11 02:48:10 deserializeInput: hasCrash true hasNet false
2023/03/11 02:48:10 prog length: 6
2023/03/11 02:48:10 prog length: 6
2023/03/11 02:48:10 prog length: 5
2023/03/11 02:48:10 deserializeInput: hasCrash true hasNet false
2023/03/11 02:48:10 prog length: 6
2023/03/11 02:48:10 prog length: 6
2023/03/11 02:48:10 prog length: 5
2023/03/11 02:48:10 deserializeInput: hasCrash true hasNet false
2023/03/11 02:48:10 prog length: 6
2023/03/11 02:48:10 prog length: 3
2023/03/11 02:48:10 deserializeInput: hasCrash true hasNet false
2023/03/11 02:48:10 prog length: 6
2023/03/11 02:48:10 prog length: 6
2023/03/11 02:48:10 prog length: 5
2023/03/11 02:48:10 deserializeInput: hasCrash true hasNet false
2023/03/11 02:48:10 prog length: 6
2023/03/11 02:48:10 prog length: 6
2023/03/11 02:48:10 prog length: 5
2023/03/11 02:48:10 deserializeInput: hasCrash true hasNet false
2023/03/11 02:48:10 prog length: 6
2023/03/11 02:48:10 prog length: 3
2023/03/11 02:48:10 deserializeInput: hasCrash true hasNet false
2023/03/11 02:48:10 prog length: 6
2023/03/11 02:48:10 prog length: 3
2023/03/11 02:48:10 deserializeInput: hasCrash true hasNet false
2023/03/11 02:48:10 prog length: 6
2023/03/11 02:48:10 prog length: 6
2023/03/11 02:48:10 prog length: 5
2023/03/11 02:48:10 deserializeInput: hasCrash true hasNet false
2023/03/11 02:48:10 prog length: 6
2023/03/11 02:48:10 prog length: 6
2023/03/11 02:48:10 prog length: 6
2023/03/11 02:48:10 deserializeInput: hasCrash true hasNet false
2023/03/11 02:48:10 prog length: 6
2023/03/11 02:48:10 prog length: 6
2023/03/11 02:48:10 prog length: 5
2023/03/11 02:48:10 deserializeInput: hasCrash true hasNet false
2023/03/11 02:48:10 prog length: 6
2023/03/11 02:48:10 prog length: 19
2023/03/11 02:48:10 deserializeInput: hasCrash true hasNet false
2023/03/11 02:48:10 prog length: 6
2023/03/11 02:48:10 prog length: 3
2023/03/11 02:48:10 deserializeInput: hasCrash true hasNet false
2023/03/11 02:48:10 prog length: 6
2023/03/11 02:48:10 prog length: 3
2023/03/11 02:48:10 deserializeInput: hasCrash true hasNet false
2023/03/11 02:48:10 prog length: 6
2023/03/11 02:48:10 prog length: 4
2023/03/11 02:48:10 deserializeInput: hasCrash true hasNet false
2023/03/11 02:48:10 prog length: 6
2023/03/11 02:48:10 prog length: 6
2023/03/11 02:48:10 prog length: 5
2023/03/11 02:48:10 deserializeInput: hasCrash true hasNet false
2023/03/11 02:48:10 prog length: 6
2023/03/11 02:48:10 prog length: 6
2023/03/11 02:48:10 prog length: 5
2023/03/11 02:48:10 deserializeInput: hasCrash true hasNet false
2023/03/11 02:48:10 prog length: 6
2023/03/11 02:48:10 prog length: 3
2023/03/11 02:48:10 deserializeInput: hasCrash true hasNet false
2023/03/11 02:48:10 prog length: 6
2023/03/11 02:48:10 prog length: 3
2023/03/11 02:48:10 deserializeInput: hasCrash true hasNet false
2023/03/11 02:48:10 prog length: 6
2023/03/11 02:48:10 prog length: 3
2023/03/11 02:48:10 deserializeInput: hasCrash true hasNet false
2023/03/11 02:48:10 prog length: 6
2023/03/11 02:48:10 prog length: 3
2023/03/11 02:48:10 deserializeInput: hasCrash true hasNet false
2023/03/11 02:48:10 prog length: 6
2023/03/11 02:48:10 prog length: 3
2023/03/11 02:48:10 deserializeInput: hasCrash true hasNet false
2023/03/11 02:48:10 prog length: 6
2023/03/11 02:48:10 prog length: 3
2023/03/11 02:48:10 deserializeInput: hasCrash true hasNet false
2023/03/11 02:48:10 prog length: 6
2023/03/11 02:48:10 prog length: 3
2023/03/11 02:48:10 deserializeInput: hasCrash true hasNet false
2023/03/11 02:48:10 prog length: 6
2023/03/11 02:48:10 prog length: 3
2023/03/11 02:48:10 deserializeInput: hasCrash true hasNet false
2023/03/11 02:48:10 prog length: 6
2023/03/11 02:48:10 prog length: 3
2023/03/11 02:48:10 deserializeInput: hasCrash true hasNet false
2023/03/11 02:48:10 prog length: 6
2023/03/11 02:48:10 prog length: 6
2023/03/11 02:48:10 prog length: 8
2023/03/11 02:48:10 deserializeInput: hasCrash false hasNet false
2023/03/11 02:48:10 prog length: 1
2023/03/11 02:48:10 deserializeInput: hasCrash true hasNet false
2023/03/11 02:48:10 prog length: 6
2023/03/11 02:48:10 prog length: 6
2023/03/11 02:48:10 prog length: 5
2023/03/11 02:48:10 deserializeInput: hasCrash true hasNet false
2023/03/11 02:48:10 prog length: 6
2023/03/11 02:48:10 prog length: 3
2023/03/11 02:48:10 deserializeInput: hasCrash true hasNet false
2023/03/11 02:48:10 prog length: 6
2023/03/11 02:48:10 prog length: 4
2023/03/11 02:48:10 deserializeInput: hasCrash true hasNet false
2023/03/11 02:48:10 prog length: 6
2023/03/11 02:48:10 prog length: 6
2023/03/11 02:48:10 prog length: 6
2023/03/11 02:48:10 prog length: 7
2023/03/11 02:48:10 deserializeInput: hasCrash true hasNet false
2023/03/11 02:48:10 prog length: 6
2023/03/11 02:48:10 prog length: 6
2023/03/11 02:48:10 prog length: 5
2023/03/11 02:48:10 deserializeInput: hasCrash true hasNet false
2023/03/11 02:48:10 prog length: 6
2023/03/11 02:48:10 prog length: 6
2023/03/11 02:48:10 prog length: 5
2023/03/11 02:48:10 deserializeInput: hasCrash true hasNet false
2023/03/11 02:48:10 prog length: 6
2023/03/11 02:48:10 prog length: 6
2023/03/11 02:48:10 prog length: 5
2023/03/11 02:48:10 deserializeInput: hasCrash true hasNet false
2023/03/11 02:48:10 prog length: 6
2023/03/11 02:48:10 prog length: 17
2023/03/11 02:48:10 deserializeInput: hasCrash true hasNet false
2023/03/11 02:48:10 prog length: 6
2023/03/11 02:48:10 prog length: 3
2023/03/11 02:48:10 deserializeInput: hasCrash true hasNet false
2023/03/11 02:48:10 prog length: 6
2023/03/11 02:48:10 prog length: 3
2023/03/11 02:48:10 deserializeInput: hasCrash true hasNet false
2023/03/11 02:48:10 prog length: 6
2023/03/11 02:48:10 prog length: 6
2023/03/11 02:48:10 prog length: 5
2023/03/11 02:48:10 deserializeInput: hasCrash true hasNet false
2023/03/11 02:48:10 prog length: 6
2023/03/11 02:48:10 prog length: 6
2023/03/11 02:48:10 prog length: 5
2023/03/11 02:48:10 deserializeInput: hasCrash false hasNet false
2023/03/11 02:48:10 prog length: 3
2023/03/11 02:48:10 deserializeInput: hasCrash true hasNet false
2023/03/11 02:48:10 prog length: 6
2023/03/11 02:48:10 prog length: 6
2023/03/11 02:48:10 prog length: 5
2023/03/11 02:48:10 deserializeInput: hasCrash true hasNet false
2023/03/11 02:48:10 prog length: 6
2023/03/11 02:48:10 prog length: 6
2023/03/11 02:48:10 prog length: 5
2023/03/11 02:48:10 deserializeInput: hasCrash true hasNet false
2023/03/11 02:48:10 prog length: 6
2023/03/11 02:48:10 prog length: 6
2023/03/11 02:48:10 prog length: 5
2023/03/11 02:48:10 deserializeInput: hasCrash true hasNet false
2023/03/11 02:48:10 prog length: 6
2023/03/11 02:48:10 prog length: 6
2023/03/11 02:48:10 prog length: 5
2023/03/11 02:48:10 deserializeInput: hasCrash true hasNet false
2023/03/11 02:48:10 prog length: 6
2023/03/11 02:48:10 prog length: 6
2023/03/11 02:48:10 prog length: 8
2023/03/11 02:48:10 deserializeInput: hasCrash true hasNet false
2023/03/11 02:48:10 prog length: 6
2023/03/11 02:48:10 prog length: 3
2023/03/11 02:48:10 deserializeInput: hasCrash true hasNet false
2023/03/11 02:48:10 prog length: 6
2023/03/11 02:48:10 prog length: 3
2023/03/11 02:48:10 deserializeInput: hasCrash true hasNet false
2023/03/11 02:48:10 prog length: 6
2023/03/11 02:48:10 prog length: 6
2023/03/11 02:48:10 prog length: 5
2023/03/11 02:48:10 deserializeInput: hasCrash true hasNet false
2023/03/11 02:48:10 prog length: 6
2023/03/11 02:48:10 prog length: 19
2023/03/11 02:48:10 deserializeInput: hasCrash true hasNet false
2023/03/11 02:48:10 prog length: 6
2023/03/11 02:48:10 prog length: 3
2023/03/11 02:48:10 fetching corpus: 50, signal 3800/15457/20645 (executing program)
2023/03/11 02:48:10 deserializeInput: hasCrash true hasNet false
2023/03/11 02:48:10 prog length: 6
2023/03/11 02:48:10 prog length: 17
2023/03/11 02:48:10 deserializeInput: hasCrash true hasNet false
2023/03/11 02:48:10 prog length: 6
2023/03/11 02:48:10 prog length: 3
2023/03/11 02:48:10 deserializeInput: hasCrash true hasNet false
2023/03/11 02:48:10 prog length: 6
2023/03/11 02:48:10 prog length: 3
2023/03/11 02:48:10 deserializeInput: hasCrash false hasNet false
2023/03/11 02:48:10 prog length: 1
2023/03/11 02:48:10 deserializeInput: hasCrash true hasNet false
2023/03/11 02:48:10 prog length: 6
2023/03/11 02:48:10 prog length: 6
2023/03/11 02:48:10 prog length: 6
2023/03/11 02:48:10 deserializeInput: hasCrash true hasNet false
2023/03/11 02:48:10 prog length: 6
2023/03/11 02:48:10 prog length: 3
2023/03/11 02:48:10 deserializeInput: hasCrash true hasNet false
2023/03/11 02:48:10 prog length: 6
2023/03/11 02:48:10 prog length: 6
2023/03/11 02:48:10 prog length: 5
2023/03/11 02:48:10 deserializeInput: hasCrash true hasNet false
2023/03/11 02:48:10 prog length: 6
2023/03/11 02:48:10 prog length: 6
2023/03/11 02:48:10 prog length: 6
2023/03/11 02:48:10 prog length: 7
2023/03/11 02:48:10 deserializeInput: hasCrash false hasNet false
2023/03/11 02:48:10 prog length: 15
2023/03/11 02:48:10 deserializeInput: hasCrash true hasNet false
2023/03/11 02:48:10 prog length: 6
2023/03/11 02:48:10 prog length: 6
2023/03/11 02:48:10 prog length: 6
2023/03/11 02:48:10 prog length: 7
2023/03/11 02:48:10 deserializeInput: hasCrash true hasNet false
2023/03/11 02:48:10 prog length: 6
2023/03/11 02:48:10 prog length: 6
2023/03/11 02:48:10 prog length: 5
2023/03/11 02:48:10 deserializeInput: hasCrash true hasNet false
2023/03/11 02:48:10 prog length: 6
2023/03/11 02:48:10 prog length: 3
2023/03/11 02:48:10 deserializeInput: hasCrash true hasNet false
2023/03/11 02:48:10 prog length: 6
2023/03/11 02:48:10 prog length: 3
2023/03/11 02:48:10 deserializeInput: hasCrash true hasNet false
2023/03/11 02:48:10 prog length: 6
2023/03/11 02:48:10 prog length: 6
2023/03/11 02:48:10 prog length: 6
2023/03/11 02:48:10 deserializeInput: hasCrash true hasNet false
2023/03/11 02:48:10 prog length: 6
2023/03/11 02:48:10 prog length: 6
2023/03/11 02:48:10 prog length: 17
2023/03/11 02:48:10 deserializeInput: hasCrash true hasNet false
2023/03/11 02:48:10 prog length: 6
2023/03/11 02:48:10 prog length: 6
2023/03/11 02:48:10 prog length: 5
2023/03/11 02:48:10 deserializeInput: hasCrash true hasNet false
2023/03/11 02:48:10 prog length: 6
2023/03/11 02:48:10 prog length: 3
2023/03/11 02:48:10 deserializeInput: hasCrash true hasNet false
2023/03/11 02:48:10 prog length: 6
2023/03/11 02:48:10 prog length: 3
2023/03/11 02:48:10 deserializeInput: hasCrash true hasNet false
2023/03/11 02:48:10 prog length: 6
2023/03/11 02:48:10 prog length: 6
2023/03/11 02:48:10 prog length: 6
2023/03/11 02:48:10 deserializeInput: hasCrash true hasNet false
2023/03/11 02:48:10 prog length: 6
2023/03/11 02:48:10 prog length: 6
2023/03/11 02:48:10 prog length: 6
2023/03/11 02:48:10 deserializeInput: hasCrash true hasNet false
2023/03/11 02:48:10 prog length: 6
2023/03/11 02:48:10 prog length: 4
2023/03/11 02:48:10 deserializeInput: hasCrash true hasNet false
2023/03/11 02:48:10 prog length: 6
2023/03/11 02:48:10 prog length: 3
2023/03/11 02:48:10 deserializeInput: hasCrash true hasNet false
2023/03/11 02:48:10 prog length: 6
2023/03/11 02:48:10 prog length: 6
2023/03/11 02:48:10 prog length: 5
2023/03/11 02:48:10 deserializeInput: hasCrash true hasNet false
2023/03/11 02:48:10 prog length: 6
2023/03/11 02:48:10 prog length: 3
2023/03/11 02:48:10 deserializeInput: hasCrash true hasNet false
2023/03/11 02:48:10 prog length: 6
2023/03/11 02:48:10 prog length: 3
2023/03/11 02:48:10 deserializeInput: hasCrash true hasNet false
2023/03/11 02:48:10 prog length: 6
2023/03/11 02:48:10 prog length: 3
2023/03/11 02:48:10 deserializeInput: hasCrash true hasNet false
2023/03/11 02:48:10 prog length: 6
2023/03/11 02:48:10 prog length: 4
2023/03/11 02:48:10 deserializeInput: hasCrash true hasNet false
2023/03/11 02:48:10 prog length: 6
2023/03/11 02:48:10 prog length: 9
2023/03/11 02:48:10 deserializeInput: hasCrash true hasNet false
2023/03/11 02:48:10 prog length: 6
2023/03/11 02:48:10 prog length: 3
2023/03/11 02:48:10 deserializeInput: hasCrash true hasNet false
2023/03/11 02:48:10 prog length: 6
2023/03/11 02:48:10 prog length: 6
2023/03/11 02:48:10 prog length: 6
2023/03/11 02:48:10 prog length: 7
2023/03/11 02:48:10 deserializeInput: hasCrash true hasNet false
2023/03/11 02:48:10 prog length: 6
2023/03/11 02:48:10 prog length: 3
2023/03/11 02:48:10 deserializeInput: hasCrash true hasNet false
2023/03/11 02:48:10 prog length: 6
2023/03/11 02:48:10 prog length: 3
2023/03/11 02:48:10 deserializeInput: hasCrash false hasNet false
2023/03/11 02:48:10 prog length: 5
2023/03/11 02:48:10 deserializeInput: hasCrash true hasNet false
2023/03/11 02:48:10 prog length: 6
2023/03/11 02:48:10 prog length: 3
2023/03/11 02:48:10 deserializeInput: hasCrash true hasNet false
2023/03/11 02:48:10 prog length: 6
2023/03/11 02:48:10 prog length: 6
2023/03/11 02:48:10 prog length: 5
2023/03/11 02:48:10 deserializeInput: hasCrash true hasNet false
2023/03/11 02:48:10 prog length: 6
2023/03/11 02:48:10 prog length: 3
2023/03/11 02:48:10 deserializeInput: hasCrash false hasNet false
2023/03/11 02:48:10 prog length: 1
2023/03/11 02:48:10 deserializeInput: hasCrash true hasNet false
2023/03/11 02:48:10 prog length: 6
2023/03/11 02:48:10 prog length: 3
2023/03/11 02:48:10 deserializeInput: hasCrash true hasNet false
2023/03/11 02:48:10 prog length: 6
2023/03/11 02:48:10 prog length: 6
2023/03/11 02:48:10 prog length: 5
2023/03/11 02:48:10 deserializeInput: hasCrash true hasNet false
2023/03/11 02:48:10 prog length: 6
2023/03/11 02:48:10 prog length: 6
2023/03/11 02:48:10 prog length: 5
2023/03/11 02:48:10 deserializeInput: hasCrash false hasNet false
2023/03/11 02:48:10 prog length: 2
2023/03/11 02:48:10 deserializeInput: hasCrash true hasNet false
2023/03/11 02:48:10 prog length: 6
2023/03/11 02:48:10 prog length: 6
2023/03/11 02:48:10 prog length: 5
2023/03/11 02:48:10 deserializeInput: hasCrash true hasNet false
2023/03/11 02:48:10 prog length: 6
2023/03/11 02:48:10 prog length: 6
2023/03/11 02:48:10 prog length: 5
2023/03/11 02:48:10 deserializeInput: hasCrash true hasNet false
2023/03/11 02:48:10 prog length: 6
2023/03/11 02:48:10 prog length: 9
2023/03/11 02:48:10 deserializeInput: hasCrash true hasNet false
2023/03/11 02:48:10 prog length: 6
2023/03/11 02:48:10 prog length: 6
2023/03/11 02:48:10 prog length: 5
2023/03/11 02:48:10 deserializeInput: hasCrash true hasNet false
2023/03/11 02:48:10 prog length: 6
2023/03/11 02:48:10 prog length: 3
2023/03/11 02:48:10 deserializeInput: hasCrash true hasNet false
2023/03/11 02:48:10 prog length: 6
2023/03/11 02:48:10 prog length: 6
2023/03/11 02:48:10 prog length: 5
2023/03/11 02:48:10 deserializeInput: hasCrash true hasNet false
2023/03/11 02:48:10 prog length: 6
2023/03/11 02:48:10 prog length: 6
2023/03/11 02:48:10 prog length: 10
2023/03/11 02:48:10 deserializeInput: hasCrash true hasNet false
2023/03/11 02:48:10 prog length: 6
2023/03/11 02:48:10 prog length: 8
2023/03/11 02:48:10 deserializeInput: hasCrash true hasNet false
2023/03/11 02:48:10 prog length: 6
2023/03/11 02:48:10 prog length: 6
2023/03/11 02:48:10 prog length: 5
2023/03/11 02:48:10 fetching corpus: 100, signal 4603/17150/24298 (executing program)
2023/03/11 02:48:11 deserializeInput: hasCrash true hasNet false
2023/03/11 02:48:11 prog length: 6
2023/03/11 02:48:11 prog length: 3
2023/03/11 02:48:11 deserializeInput: hasCrash true hasNet false
2023/03/11 02:48:11 prog length: 6
2023/03/11 02:48:11 prog length: 3
2023/03/11 02:48:11 deserializeInput: hasCrash true hasNet false
2023/03/11 02:48:11 prog length: 6
2023/03/11 02:48:11 prog length: 8
2023/03/11 02:48:11 deserializeInput: hasCrash true hasNet false
2023/03/11 02:48:11 prog length: 6
2023/03/11 02:48:11 prog length: 3
2023/03/11 02:48:11 deserializeInput: hasCrash true hasNet false
2023/03/11 02:48:11 prog length: 6
2023/03/11 02:48:11 prog length: 3
2023/03/11 02:48:11 deserializeInput: hasCrash true hasNet false
2023/03/11 02:48:11 prog length: 6
2023/03/11 02:48:11 prog length: 6
2023/03/11 02:48:11 prog length: 5
2023/03/11 02:48:11 deserializeInput: hasCrash true hasNet false
2023/03/11 02:48:11 prog length: 6
2023/03/11 02:48:11 prog length: 3
2023/03/11 02:48:11 deserializeInput: hasCrash true hasNet false
2023/03/11 02:48:11 prog length: 6
2023/03/11 02:48:11 prog length: 5
2023/03/11 02:48:11 deserializeInput: hasCrash true hasNet false
2023/03/11 02:48:11 prog length: 6
2023/03/11 02:48:11 prog length: 3
2023/03/11 02:48:11 deserializeInput: hasCrash true hasNet false
2023/03/11 02:48:11 prog length: 6
2023/03/11 02:48:11 prog length: 3
2023/03/11 02:48:11 deserializeInput: hasCrash true hasNet false
2023/03/11 02:48:11 prog length: 6
2023/03/11 02:48:11 prog length: 3
2023/03/11 02:48:11 deserializeInput: hasCrash true hasNet false
2023/03/11 02:48:11 prog length: 6
2023/03/11 02:48:11 prog length: 3
2023/03/11 02:48:11 deserializeInput: hasCrash true hasNet false
2023/03/11 02:48:11 prog length: 6
2023/03/11 02:48:11 prog length: 17
2023/03/11 02:48:11 deserializeInput: hasCrash true hasNet false
2023/03/11 02:48:11 prog length: 6
2023/03/11 02:48:11 prog length: 6
2023/03/11 02:48:11 prog length: 5
2023/03/11 02:48:11 deserializeInput: hasCrash true hasNet false
2023/03/11 02:48:11 prog length: 6
2023/03/11 02:48:11 prog length: 6
2023/03/11 02:48:11 prog length: 6
2023/03/11 02:48:11 prog length: 7
2023/03/11 02:48:11 deserializeInput: hasCrash true hasNet false
2023/03/11 02:48:11 prog length: 6
2023/03/11 02:48:11 prog length: 3
2023/03/11 02:48:11 deserializeInput: hasCrash true hasNet false
2023/03/11 02:48:11 prog length: 6
2023/03/11 02:48:11 prog length: 6
2023/03/11 02:48:11 prog length: 5
2023/03/11 02:48:11 deserializeInput: hasCrash true hasNet false
2023/03/11 02:48:11 prog length: 6
2023/03/11 02:48:11 prog length: 3
2023/03/11 02:48:11 deserializeInput: hasCrash true hasNet false
2023/03/11 02:48:11 prog length: 6
2023/03/11 02:48:11 prog length: 4
2023/03/11 02:48:11 deserializeInput: hasCrash true hasNet false
2023/03/11 02:48:11 prog length: 6
2023/03/11 02:48:11 prog length: 3
2023/03/11 02:48:11 deserializeInput: hasCrash true hasNet false
2023/03/11 02:48:11 prog length: 6
2023/03/11 02:48:11 prog length: 7
2023/03/11 02:48:11 deserializeInput: hasCrash true hasNet false
2023/03/11 02:48:11 prog length: 6
2023/03/11 02:48:11 prog length: 6
2023/03/11 02:48:11 prog length: 5
2023/03/11 02:48:11 deserializeInput: hasCrash true hasNet false
2023/03/11 02:48:11 prog length: 6
2023/03/11 02:48:11 prog length: 4
2023/03/11 02:48:11 deserializeInput: hasCrash true hasNet false
2023/03/11 02:48:11 prog length: 6
2023/03/11 02:48:11 prog length: 3
2023/03/11 02:48:11 deserializeInput: hasCrash true hasNet false
2023/03/11 02:48:11 prog length: 6
2023/03/11 02:48:11 prog length: 3
2023/03/11 02:48:11 deserializeInput: hasCrash true hasNet false
2023/03/11 02:48:11 prog length: 6
2023/03/11 02:48:11 prog length: 6
2023/03/11 02:48:11 prog length: 5
2023/03/11 02:48:11 deserializeInput: hasCrash false hasNet false
2023/03/11 02:48:11 prog length: 3
2023/03/11 02:48:11 deserializeInput: hasCrash true hasNet false
2023/03/11 02:48:11 prog length: 6
2023/03/11 02:48:11 prog length: 3
2023/03/11 02:48:11 deserializeInput: hasCrash true hasNet false
2023/03/11 02:48:11 prog length: 6
2023/03/11 02:48:11 prog length: 3
2023/03/11 02:48:11 deserializeInput: hasCrash true hasNet false
2023/03/11 02:48:11 prog length: 6
2023/03/11 02:48:11 prog length: 3
2023/03/11 02:48:11 deserializeInput: hasCrash true hasNet false
2023/03/11 02:48:11 prog length: 6
2023/03/11 02:48:11 prog length: 3
2023/03/11 02:48:11 deserializeInput: hasCrash true hasNet false
2023/03/11 02:48:11 prog length: 6
2023/03/11 02:48:11 prog length: 6
2023/03/11 02:48:11 prog length: 5
2023/03/11 02:48:11 deserializeInput: hasCrash true hasNet false
2023/03/11 02:48:11 prog length: 6
2023/03/11 02:48:11 prog length: 3
2023/03/11 02:48:11 deserializeInput: hasCrash true hasNet false
2023/03/11 02:48:11 prog length: 6
2023/03/11 02:48:11 prog length: 3
2023/03/11 02:48:11 deserializeInput: hasCrash true hasNet false
2023/03/11 02:48:11 prog length: 6
2023/03/11 02:48:11 prog length: 6
2023/03/11 02:48:11 prog length: 5
2023/03/11 02:48:11 deserializeInput: hasCrash true hasNet false
2023/03/11 02:48:11 prog length: 6
2023/03/11 02:48:11 prog length: 6
2023/03/11 02:48:11 prog length: 5
2023/03/11 02:48:11 deserializeInput: hasCrash true hasNet false
2023/03/11 02:48:11 prog length: 6
2023/03/11 02:48:11 prog length: 6
2023/03/11 02:48:11 prog length: 5
2023/03/11 02:48:11 deserializeInput: hasCrash true hasNet false
2023/03/11 02:48:11 prog length: 6
2023/03/11 02:48:11 prog length: 6
2023/03/11 02:48:11 prog length: 5
2023/03/11 02:48:11 deserializeInput: hasCrash true hasNet false
2023/03/11 02:48:11 prog length: 6
2023/03/11 02:48:11 prog length: 3
2023/03/11 02:48:11 deserializeInput: hasCrash true hasNet false
2023/03/11 02:48:11 prog length: 6
2023/03/11 02:48:11 prog length: 3
2023/03/11 02:48:11 deserializeInput: hasCrash true hasNet false
2023/03/11 02:48:11 prog length: 6
2023/03/11 02:48:11 prog length: 6
2023/03/11 02:48:11 prog length: 15
2023/03/11 02:48:11 deserializeInput: hasCrash true hasNet false
2023/03/11 02:48:11 prog length: 6
2023/03/11 02:48:11 prog length: 6
2023/03/11 02:48:11 prog length: 6
2023/03/11 02:48:11 deserializeInput: hasCrash true hasNet false
2023/03/11 02:48:11 prog length: 6
2023/03/11 02:48:11 prog length: 6
2023/03/11 02:48:11 prog length: 5
2023/03/11 02:48:11 deserializeInput: hasCrash true hasNet false
2023/03/11 02:48:11 prog length: 6
2023/03/11 02:48:11 prog length: 3
2023/03/11 02:48:11 deserializeInput: hasCrash true hasNet false
2023/03/11 02:48:11 prog length: 6
2023/03/11 02:48:11 prog length: 8
2023/03/11 02:48:11 deserializeInput: hasCrash true hasNet false
2023/03/11 02:48:11 prog length: 6
2023/03/11 02:48:11 prog length: 3
2023/03/11 02:48:11 deserializeInput: hasCrash true hasNet false
2023/03/11 02:48:11 prog length: 6
2023/03/11 02:48:11 prog length: 3
2023/03/11 02:48:11 deserializeInput: hasCrash true hasNet false
2023/03/11 02:48:11 prog length: 6
2023/03/11 02:48:11 prog length: 3
2023/03/11 02:48:11 deserializeInput: hasCrash true hasNet false
2023/03/11 02:48:11 prog length: 6
2023/03/11 02:48:11 prog length: 6
2023/03/11 02:48:11 prog length: 5
2023/03/11 02:48:11 deserializeInput: hasCrash true hasNet false
2023/03/11 02:48:11 prog length: 6
2023/03/11 02:48:11 prog length: 6
2023/03/11 02:48:11 prog length: 5
2023/03/11 02:48:11 fetching corpus: 150, signal 4682/17935/26369 (executing program)
2023/03/11 02:48:11 deserializeInput: hasCrash true hasNet false
2023/03/11 02:48:11 prog length: 6
2023/03/11 02:48:11 prog length: 3
2023/03/11 02:48:11 deserializeInput: hasCrash true hasNet false
2023/03/11 02:48:11 prog length: 6
2023/03/11 02:48:11 prog length: 3
2023/03/11 02:48:11 deserializeInput: hasCrash true hasNet false
2023/03/11 02:48:11 prog length: 6
2023/03/11 02:48:11 prog length: 3
2023/03/11 02:48:11 deserializeInput: hasCrash true hasNet false
2023/03/11 02:48:11 prog length: 6
2023/03/11 02:48:11 prog length: 9
2023/03/11 02:48:11 deserializeInput: hasCrash true hasNet false
2023/03/11 02:48:11 prog length: 6
2023/03/11 02:48:11 prog length: 3
2023/03/11 02:48:11 deserializeInput: hasCrash true hasNet false
2023/03/11 02:48:11 prog length: 6
2023/03/11 02:48:11 prog length: 3
2023/03/11 02:48:11 deserializeInput: hasCrash true hasNet false
2023/03/11 02:48:11 prog length: 6
2023/03/11 02:48:11 prog length: 3
2023/03/11 02:48:11 deserializeInput: hasCrash true hasNet false
2023/03/11 02:48:11 prog length: 6
2023/03/11 02:48:11 prog length: 4
2023/03/11 02:48:11 deserializeInput: hasCrash true hasNet false
2023/03/11 02:48:11 prog length: 6
2023/03/11 02:48:11 prog length: 6
2023/03/11 02:48:11 prog length: 5
2023/03/11 02:48:11 deserializeInput: hasCrash true hasNet false
2023/03/11 02:48:11 prog length: 6
2023/03/11 02:48:11 prog length: 3
2023/03/11 02:48:11 deserializeInput: hasCrash false hasNet false
2023/03/11 02:48:11 prog length: 1
2023/03/11 02:48:11 deserializeInput: hasCrash false hasNet false
2023/03/11 02:48:11 prog length: 1
2023/03/11 02:48:11 deserializeInput: hasCrash true hasNet false
2023/03/11 02:48:11 prog length: 6
2023/03/11 02:48:11 prog length: 3
2023/03/11 02:48:11 deserializeInput: hasCrash true hasNet false
2023/03/11 02:48:11 prog length: 6
2023/03/11 02:48:11 prog length: 6
2023/03/11 02:48:11 prog length: 5
2023/03/11 02:48:11 deserializeInput: hasCrash true hasNet false
2023/03/11 02:48:11 prog length: 6
2023/03/11 02:48:11 prog length: 3
2023/03/11 02:48:11 deserializeInput: hasCrash true hasNet false
2023/03/11 02:48:11 prog length: 6
2023/03/11 02:48:11 prog length: 3
2023/03/11 02:48:11 deserializeInput: hasCrash true hasNet false
2023/03/11 02:48:11 prog length: 6
2023/03/11 02:48:11 prog length: 11
2023/03/11 02:48:11 deserializeInput: hasCrash true hasNet false
2023/03/11 02:48:11 prog length: 6
2023/03/11 02:48:11 prog length: 3
2023/03/11 02:48:11 deserializeInput: hasCrash true hasNet false
2023/03/11 02:48:11 prog length: 6
2023/03/11 02:48:11 prog length: 3
2023/03/11 02:48:11 deserializeInput: hasCrash true hasNet false
2023/03/11 02:48:11 prog length: 6
2023/03/11 02:48:11 prog length: 3
2023/03/11 02:48:11 deserializeInput: hasCrash true hasNet false
2023/03/11 02:48:11 prog length: 6
2023/03/11 02:48:11 prog length: 4
2023/03/11 02:48:11 deserializeInput: hasCrash true hasNet false
2023/03/11 02:48:11 prog length: 6
2023/03/11 02:48:11 prog length: 3
2023/03/11 02:48:11 deserializeInput: hasCrash true hasNet false
2023/03/11 02:48:11 prog length: 6
2023/03/11 02:48:11 prog length: 3
2023/03/11 02:48:11 deserializeInput: hasCrash true hasNet false
2023/03/11 02:48:11 prog length: 6
2023/03/11 02:48:11 prog length: 3
2023/03/11 02:48:11 deserializeInput: hasCrash true hasNet false
2023/03/11 02:48:11 prog length: 6
2023/03/11 02:48:11 prog length: 6
2023/03/11 02:48:11 prog length: 5
2023/03/11 02:48:11 deserializeInput: hasCrash true hasNet false
2023/03/11 02:48:11 prog length: 6
2023/03/11 02:48:11 prog length: 6
2023/03/11 02:48:11 prog length: 5
2023/03/11 02:48:11 deserializeInput: hasCrash true hasNet false
2023/03/11 02:48:11 prog length: 6
2023/03/11 02:48:11 prog length: 17
2023/03/11 02:48:11 deserializeInput: hasCrash true hasNet false
2023/03/11 02:48:11 prog length: 6
2023/03/11 02:48:11 prog length: 6
2023/03/11 02:48:11 prog length: 6
2023/03/11 02:48:11 prog length: 7
2023/03/11 02:48:11 deserializeInput: hasCrash true hasNet false
2023/03/11 02:48:11 prog length: 6
2023/03/11 02:48:11 prog length: 3
2023/03/11 02:48:11 deserializeInput: hasCrash true hasNet false
2023/03/11 02:48:11 prog length: 6
2023/03/11 02:48:11 prog length: 4
2023/03/11 02:48:11 deserializeInput: hasCrash true hasNet false
2023/03/11 02:48:11 prog length: 6
2023/03/11 02:48:11 prog length: 4
2023/03/11 02:48:11 deserializeInput: hasCrash true hasNet false
2023/03/11 02:48:11 prog length: 6
2023/03/11 02:48:11 prog length: 6
2023/03/11 02:48:11 prog length: 7
2023/03/11 02:48:11 deserializeInput: hasCrash true hasNet false
2023/03/11 02:48:11 prog length: 6
2023/03/11 02:48:11 prog length: 6
2023/03/11 02:48:11 prog length: 5
2023/03/11 02:48:11 deserializeInput: hasCrash true hasNet false
2023/03/11 02:48:11 prog length: 6
2023/03/11 02:48:11 prog length: 6
2023/03/11 02:48:11 prog length: 5
2023/03/11 02:48:11 deserializeInput: hasCrash true hasNet false
2023/03/11 02:48:11 prog length: 6
2023/03/11 02:48:11 prog length: 6
2023/03/11 02:48:11 prog length: 5
2023/03/11 02:48:11 deserializeInput: hasCrash true hasNet false
2023/03/11 02:48:11 prog length: 6
2023/03/11 02:48:11 prog length: 3
2023/03/11 02:48:11 deserializeInput: hasCrash true hasNet false
2023/03/11 02:48:11 prog length: 6
2023/03/11 02:48:11 prog length: 3
2023/03/11 02:48:11 deserializeInput: hasCrash true hasNet false
2023/03/11 02:48:11 prog length: 6
2023/03/11 02:48:11 prog length: 6
2023/03/11 02:48:11 prog length: 5
2023/03/11 02:48:11 deserializeInput: hasCrash true hasNet false
2023/03/11 02:48:11 prog length: 6
2023/03/11 02:48:11 prog length: 6
2023/03/11 02:48:11 prog length: 5
2023/03/11 02:48:11 deserializeInput: hasCrash true hasNet false
2023/03/11 02:48:11 prog length: 6
2023/03/11 02:48:11 prog length: 3
2023/03/11 02:48:11 deserializeInput: hasCrash true hasNet false
2023/03/11 02:48:11 prog length: 6
2023/03/11 02:48:11 prog length: 3
2023/03/11 02:48:11 deserializeInput: hasCrash true hasNet false
2023/03/11 02:48:11 prog length: 6
2023/03/11 02:48:11 prog length: 3
2023/03/11 02:48:11 deserializeInput: hasCrash true hasNet false
2023/03/11 02:48:11 prog length: 6
2023/03/11 02:48:11 prog length: 3
2023/03/11 02:48:11 deserializeInput: hasCrash false hasNet false
2023/03/11 02:48:11 prog length: 1
2023/03/11 02:48:11 deserializeInput: hasCrash true hasNet false
2023/03/11 02:48:11 prog length: 6
2023/03/11 02:48:11 prog length: 6
2023/03/11 02:48:11 prog length: 5
2023/03/11 02:48:11 deserializeInput: hasCrash true hasNet false
2023/03/11 02:48:11 prog length: 6
2023/03/11 02:48:11 prog length: 3
2023/03/11 02:48:11 deserializeInput: hasCrash true hasNet false
2023/03/11 02:48:11 prog length: 6
2023/03/11 02:48:11 prog length: 6
2023/03/11 02:48:11 prog length: 5
2023/03/11 02:48:11 deserializeInput: hasCrash true hasNet false
2023/03/11 02:48:11 prog length: 6
2023/03/11 02:48:11 prog length: 3
2023/03/11 02:48:11 deserializeInput: hasCrash true hasNet false
2023/03/11 02:48:11 prog length: 6
2023/03/11 02:48:11 prog length: 6
2023/03/11 02:48:11 prog length: 5
2023/03/11 02:48:11 deserializeInput: hasCrash true hasNet false
2023/03/11 02:48:11 prog length: 6
2023/03/11 02:48:11 prog length: 6
2023/03/11 02:48:11 prog length: 5
2023/03/11 02:48:11 fetching corpus: 200, signal 4688/19704/29175 (executing program)
2023/03/11 02:48:11 deserializeInput: hasCrash true hasNet false
2023/03/11 02:48:11 prog length: 6
2023/03/11 02:48:11 prog length: 6
2023/03/11 02:48:11 prog length: 5
2023/03/11 02:48:11 deserializeInput: hasCrash true hasNet false
2023/03/11 02:48:11 prog length: 6
2023/03/11 02:48:11 prog length: 17
2023/03/11 02:48:11 deserializeInput: hasCrash true hasNet false
2023/03/11 02:48:11 prog length: 6
2023/03/11 02:48:11 prog length: 3
2023/03/11 02:48:11 deserializeInput: hasCrash true hasNet false
2023/03/11 02:48:11 prog length: 6
2023/03/11 02:48:11 prog length: 3
2023/03/11 02:48:11 deserializeInput: hasCrash true hasNet false
2023/03/11 02:48:11 prog length: 6
2023/03/11 02:48:11 prog length: 3
2023/03/11 02:48:11 deserializeInput: hasCrash true hasNet false
2023/03/11 02:48:11 prog length: 6
2023/03/11 02:48:11 prog length: 3
2023/03/11 02:48:11 deserializeInput: hasCrash true hasNet false
2023/03/11 02:48:11 prog length: 6
2023/03/11 02:48:11 prog length: 3
2023/03/11 02:48:11 deserializeInput: hasCrash true hasNet false
2023/03/11 02:48:11 prog length: 6
2023/03/11 02:48:11 prog length: 6
2023/03/11 02:48:11 prog length: 5
2023/03/11 02:48:11 deserializeInput: hasCrash true hasNet false
2023/03/11 02:48:11 prog length: 6
2023/03/11 02:48:11 prog length: 6
2023/03/11 02:48:11 prog length: 5
2023/03/11 02:48:11 deserializeInput: hasCrash true hasNet false
2023/03/11 02:48:11 prog length: 6
2023/03/11 02:48:11 prog length: 6
2023/03/11 02:48:11 prog length: 6
2023/03/11 02:48:11 prog length: 7
2023/03/11 02:48:11 deserializeInput: hasCrash true hasNet false
2023/03/11 02:48:11 prog length: 6
2023/03/11 02:48:11 prog length: 3
2023/03/11 02:48:11 deserializeInput: hasCrash true hasNet false
2023/03/11 02:48:11 prog length: 6
2023/03/11 02:48:11 prog length: 3
2023/03/11 02:48:11 deserializeInput: hasCrash true hasNet false
2023/03/11 02:48:11 prog length: 6
2023/03/11 02:48:11 prog length: 3
2023/03/11 02:48:11 deserializeInput: hasCrash true hasNet false
2023/03/11 02:48:11 prog length: 6
2023/03/11 02:48:11 prog length: 6
2023/03/11 02:48:11 prog length: 5
2023/03/11 02:48:11 deserializeInput: hasCrash true hasNet false
2023/03/11 02:48:11 prog length: 6
2023/03/11 02:48:11 prog length: 3
2023/03/11 02:48:11 deserializeInput: hasCrash true hasNet false
2023/03/11 02:48:11 prog length: 6
2023/03/11 02:48:11 prog length: 6
2023/03/11 02:48:11 prog length: 5
2023/03/11 02:48:11 deserializeInput: hasCrash true hasNet false
2023/03/11 02:48:11 prog length: 6
2023/03/11 02:48:11 prog length: 3
2023/03/11 02:48:11 deserializeInput: hasCrash true hasNet false
2023/03/11 02:48:11 prog length: 6
2023/03/11 02:48:11 prog length: 6
2023/03/11 02:48:11 prog length: 5
2023/03/11 02:48:11 deserializeInput: hasCrash true hasNet false
2023/03/11 02:48:11 prog length: 6
2023/03/11 02:48:11 prog length: 3
2023/03/11 02:48:11 deserializeInput: hasCrash true hasNet false
2023/03/11 02:48:11 prog length: 6
2023/03/11 02:48:11 prog length: 6
2023/03/11 02:48:11 prog length: 5
2023/03/11 02:48:11 deserializeInput: hasCrash true hasNet false
2023/03/11 02:48:11 prog length: 6
2023/03/11 02:48:11 prog length: 3
2023/03/11 02:48:11 deserializeInput: hasCrash true hasNet false
2023/03/11 02:48:11 prog length: 6
2023/03/11 02:48:11 prog length: 6
2023/03/11 02:48:11 prog length: 5
2023/03/11 02:48:11 deserializeInput: hasCrash true hasNet false
2023/03/11 02:48:11 prog length: 6
2023/03/11 02:48:11 prog length: 6
2023/03/11 02:48:11 prog length: 5
2023/03/11 02:48:11 deserializeInput: hasCrash true hasNet false
2023/03/11 02:48:11 prog length: 6
2023/03/11 02:48:11 prog length: 3
2023/03/11 02:48:11 deserializeInput: hasCrash true hasNet false
2023/03/11 02:48:11 prog length: 6
2023/03/11 02:48:11 prog length: 3
2023/03/11 02:48:11 deserializeInput: hasCrash true hasNet false
2023/03/11 02:48:11 prog length: 6
2023/03/11 02:48:11 prog length: 3
2023/03/11 02:48:11 deserializeInput: hasCrash true hasNet false
2023/03/11 02:48:11 prog length: 6
2023/03/11 02:48:11 prog length: 11
2023/03/11 02:48:11 deserializeInput: hasCrash true hasNet false
2023/03/11 02:48:11 prog length: 6
2023/03/11 02:48:11 prog length: 3
2023/03/11 02:48:11 deserializeInput: hasCrash true hasNet false
2023/03/11 02:48:11 prog length: 6
2023/03/11 02:48:11 prog length: 4
2023/03/11 02:48:11 deserializeInput: hasCrash true hasNet false
2023/03/11 02:48:11 prog length: 6
2023/03/11 02:48:11 prog length: 6
2023/03/11 02:48:11 prog length: 6
2023/03/11 02:48:11 prog length: 7
2023/03/11 02:48:11 deserializeInput: hasCrash true hasNet false
2023/03/11 02:48:11 prog length: 6
2023/03/11 02:48:11 prog length: 3
2023/03/11 02:48:11 deserializeInput: hasCrash true hasNet false
2023/03/11 02:48:11 prog length: 6
2023/03/11 02:48:11 prog length: 3
2023/03/11 02:48:11 deserializeInput: hasCrash true hasNet false
2023/03/11 02:48:11 prog length: 6
2023/03/11 02:48:11 prog length: 3
2023/03/11 02:48:11 deserializeInput: hasCrash true hasNet false
2023/03/11 02:48:11 prog length: 6
2023/03/11 02:48:11 prog length: 17
2023/03/11 02:48:11 deserializeInput: hasCrash true hasNet false
2023/03/11 02:48:11 prog length: 6
2023/03/11 02:48:11 prog length: 3
2023/03/11 02:48:11 deserializeInput: hasCrash true hasNet false
2023/03/11 02:48:11 prog length: 6
2023/03/11 02:48:11 prog length: 6
2023/03/11 02:48:11 prog length: 5
2023/03/11 02:48:11 deserializeInput: hasCrash true hasNet false
2023/03/11 02:48:11 prog length: 6
2023/03/11 02:48:11 prog length: 6
2023/03/11 02:48:11 prog length: 5
2023/03/11 02:48:11 deserializeInput: hasCrash true hasNet false
2023/03/11 02:48:11 prog length: 6
2023/03/11 02:48:11 prog length: 6
2023/03/11 02:48:11 prog length: 5
2023/03/11 02:48:11 deserializeInput: hasCrash true hasNet false
2023/03/11 02:48:11 prog length: 6
2023/03/11 02:48:11 prog length: 3
2023/03/11 02:48:11 deserializeInput: hasCrash true hasNet false
2023/03/11 02:48:11 prog length: 6
2023/03/11 02:48:11 prog length: 3
2023/03/11 02:48:11 deserializeInput: hasCrash true hasNet false
2023/03/11 02:48:11 prog length: 6
2023/03/11 02:48:11 prog length: 6
2023/03/11 02:48:11 prog length: 5
2023/03/11 02:48:11 deserializeInput: hasCrash true hasNet false
2023/03/11 02:48:11 prog length: 6
2023/03/11 02:48:11 prog length: 6
2023/03/11 02:48:11 prog length: 5
2023/03/11 02:48:11 deserializeInput: hasCrash true hasNet false
2023/03/11 02:48:11 prog length: 6
2023/03/11 02:48:11 prog length: 6
2023/03/11 02:48:11 prog length: 5
2023/03/11 02:48:11 deserializeInput: hasCrash true hasNet false
2023/03/11 02:48:11 prog length: 6
2023/03/11 02:48:11 prog length: 6
2023/03/11 02:48:11 prog length: 5
2023/03/11 02:48:11 deserializeInput: hasCrash true hasNet false
2023/03/11 02:48:11 prog length: 6
2023/03/11 02:48:11 prog length: 3
2023/03/11 02:48:11 deserializeInput: hasCrash true hasNet false
2023/03/11 02:48:11 prog length: 6
2023/03/11 02:48:11 prog length: 6
2023/03/11 02:48:11 prog length: 6
2023/03/11 02:48:11 deserializeInput: hasCrash true hasNet false
2023/03/11 02:48:11 prog length: 6
2023/03/11 02:48:11 prog length: 6
2023/03/11 02:48:11 prog length: 6
2023/03/11 02:48:11 prog length: 7
2023/03/11 02:48:11 deserializeInput: hasCrash true hasNet false
2023/03/11 02:48:11 prog length: 6
2023/03/11 02:48:11 prog length: 3
2023/03/11 02:48:11 deserializeInput: hasCrash false hasNet false
2023/03/11 02:48:11 prog length: 3
2023/03/11 02:48:11 deserializeInput: hasCrash true hasNet false
2023/03/11 02:48:11 prog length: 6
2023/03/11 02:48:11 prog length: 3
2023/03/11 02:48:11 fetching corpus: 250, signal 4688/20412/30996 (executing program)
2023/03/11 02:48:11 deserializeInput: hasCrash true hasNet false
2023/03/11 02:48:11 prog length: 6
2023/03/11 02:48:11 prog length: 3
2023/03/11 02:48:11 deserializeInput: hasCrash false hasNet false
2023/03/11 02:48:11 prog length: 3
2023/03/11 02:48:11 deserializeInput: hasCrash true hasNet false
2023/03/11 02:48:11 prog length: 6
2023/03/11 02:48:11 prog length: 6
2023/03/11 02:48:11 prog length: 5
2023/03/11 02:48:11 deserializeInput: hasCrash true hasNet false
2023/03/11 02:48:11 prog length: 6
2023/03/11 02:48:11 prog length: 3
2023/03/11 02:48:11 deserializeInput: hasCrash true hasNet false
2023/03/11 02:48:11 prog length: 6
2023/03/11 02:48:11 prog length: 5
2023/03/11 02:48:11 deserializeInput: hasCrash false hasNet false
2023/03/11 02:48:11 prog length: 1
2023/03/11 02:48:11 deserializeInput: hasCrash true hasNet false
2023/03/11 02:48:11 prog length: 6
2023/03/11 02:48:11 prog length: 6
2023/03/11 02:48:11 prog length: 5
2023/03/11 02:48:11 deserializeInput: hasCrash true hasNet false
2023/03/11 02:48:11 prog length: 6
2023/03/11 02:48:11 prog length: 3
2023/03/11 02:48:11 deserializeInput: hasCrash true hasNet false
2023/03/11 02:48:11 prog length: 6
2023/03/11 02:48:11 prog length: 17
2023/03/11 02:48:11 deserializeInput: hasCrash true hasNet false
2023/03/11 02:48:11 prog length: 6
2023/03/11 02:48:11 prog length: 3
2023/03/11 02:48:11 deserializeInput: hasCrash true hasNet false
2023/03/11 02:48:11 prog length: 6
2023/03/11 02:48:11 prog length: 6
2023/03/11 02:48:11 prog length: 6
2023/03/11 02:48:11 prog length: 7
2023/03/11 02:48:11 deserializeInput: hasCrash true hasNet false
2023/03/11 02:48:11 prog length: 6
2023/03/11 02:48:11 prog length: 3
2023/03/11 02:48:11 deserializeInput: hasCrash true hasNet false
2023/03/11 02:48:11 prog length: 6
2023/03/11 02:48:11 prog length: 3
2023/03/11 02:48:11 deserializeInput: hasCrash true hasNet false
2023/03/11 02:48:12 prog length: 6
2023/03/11 02:48:12 prog length: 3
2023/03/11 02:48:12 deserializeInput: hasCrash true hasNet false
2023/03/11 02:48:12 prog length: 6
2023/03/11 02:48:12 prog length: 6
2023/03/11 02:48:12 prog length: 6
2023/03/11 02:48:12 prog length: 7
2023/03/11 02:48:12 deserializeInput: hasCrash true hasNet false
2023/03/11 02:48:12 prog length: 6
2023/03/11 02:48:12 prog length: 6
2023/03/11 02:48:12 prog length: 6
2023/03/11 02:48:12 prog length: 7
2023/03/11 02:48:12 deserializeInput: hasCrash true hasNet false
2023/03/11 02:48:12 prog length: 6
2023/03/11 02:48:12 prog length: 3
2023/03/11 02:48:12 deserializeInput: hasCrash true hasNet false
2023/03/11 02:48:12 prog length: 6
2023/03/11 02:48:12 prog length: 17
2023/03/11 02:48:12 deserializeInput: hasCrash true hasNet false
2023/03/11 02:48:12 prog length: 6
2023/03/11 02:48:12 prog length: 4
2023/03/11 02:48:12 deserializeInput: hasCrash true hasNet false
2023/03/11 02:48:12 prog length: 6
2023/03/11 02:48:12 prog length: 3
2023/03/11 02:48:12 deserializeInput: hasCrash true hasNet false
2023/03/11 02:48:12 prog length: 6
2023/03/11 02:48:12 prog length: 3
2023/03/11 02:48:12 deserializeInput: hasCrash false hasNet false
2023/03/11 02:48:12 prog length: 1
2023/03/11 02:48:12 deserializeInput: hasCrash true hasNet false
2023/03/11 02:48:12 prog length: 6
2023/03/11 02:48:12 prog length: 6
2023/03/11 02:48:12 prog length: 5
2023/03/11 02:48:12 deserializeInput: hasCrash true hasNet false
2023/03/11 02:48:12 prog length: 6
2023/03/11 02:48:12 prog length: 6
2023/03/11 02:48:12 prog length: 5
2023/03/11 02:48:12 deserializeInput: hasCrash true hasNet false
2023/03/11 02:48:12 prog length: 6
2023/03/11 02:48:12 prog length: 6
2023/03/11 02:48:12 prog length: 5
2023/03/11 02:48:12 deserializeInput: hasCrash true hasNet false
2023/03/11 02:48:12 prog length: 6
2023/03/11 02:48:12 prog length: 6
2023/03/11 02:48:12 prog length: 5
2023/03/11 02:48:12 deserializeInput: hasCrash true hasNet false
2023/03/11 02:48:12 prog length: 6
2023/03/11 02:48:12 prog length: 3
2023/03/11 02:48:12 deserializeInput: hasCrash true hasNet false
2023/03/11 02:48:12 prog length: 6
2023/03/11 02:48:12 prog length: 6
2023/03/11 02:48:12 prog length: 5
2023/03/11 02:48:12 deserializeInput: hasCrash true hasNet false
2023/03/11 02:48:12 prog length: 6
2023/03/11 02:48:12 prog length: 6
2023/03/11 02:48:12 prog length: 6
2023/03/11 02:48:12 prog length: 7
2023/03/11 02:48:12 deserializeInput: hasCrash true hasNet false
2023/03/11 02:48:12 prog length: 6
2023/03/11 02:48:12 prog length: 3
2023/03/11 02:48:12 deserializeInput: hasCrash true hasNet false
2023/03/11 02:48:12 prog length: 6
2023/03/11 02:48:12 prog length: 6
2023/03/11 02:48:12 prog length: 5
2023/03/11 02:48:12 deserializeInput: hasCrash true hasNet false
2023/03/11 02:48:12 prog length: 6
2023/03/11 02:48:12 prog length: 3
2023/03/11 02:48:12 deserializeInput: hasCrash true hasNet false
2023/03/11 02:48:12 prog length: 6
2023/03/11 02:48:12 prog length: 3
2023/03/11 02:48:12 deserializeInput: hasCrash true hasNet false
2023/03/11 02:48:12 prog length: 6
2023/03/11 02:48:12 prog length: 3
2023/03/11 02:48:12 deserializeInput: hasCrash true hasNet false
2023/03/11 02:48:12 prog length: 6
2023/03/11 02:48:12 prog length: 3
2023/03/11 02:48:12 deserializeInput: hasCrash true hasNet false
2023/03/11 02:48:12 prog length: 6
2023/03/11 02:48:12 prog length: 3
2023/03/11 02:48:12 deserializeInput: hasCrash true hasNet false
2023/03/11 02:48:12 prog length: 6
2023/03/11 02:48:12 prog length: 19
2023/03/11 02:48:12 deserializeInput: hasCrash true hasNet false
2023/03/11 02:48:12 prog length: 6
2023/03/11 02:48:12 prog length: 3
2023/03/11 02:48:12 deserializeInput: hasCrash true hasNet false
2023/03/11 02:48:12 prog length: 6
2023/03/11 02:48:12 prog length: 6
2023/03/11 02:48:12 prog length: 5
2023/03/11 02:48:12 deserializeInput: hasCrash true hasNet false
2023/03/11 02:48:12 prog length: 6
2023/03/11 02:48:12 prog length: 3
2023/03/11 02:48:12 deserializeInput: hasCrash true hasNet false
2023/03/11 02:48:12 prog length: 6
2023/03/11 02:48:12 prog length: 3
2023/03/11 02:48:12 deserializeInput: hasCrash true hasNet false
2023/03/11 02:48:12 prog length: 6
2023/03/11 02:48:12 prog length: 3
2023/03/11 02:48:12 deserializeInput: hasCrash true hasNet false
2023/03/11 02:48:12 prog length: 6
2023/03/11 02:48:12 prog length: 6
2023/03/11 02:48:12 prog length: 5
2023/03/11 02:48:12 deserializeInput: hasCrash true hasNet false
2023/03/11 02:48:12 prog length: 6
2023/03/11 02:48:12 prog length: 3
2023/03/11 02:48:12 deserializeInput: hasCrash true hasNet false
2023/03/11 02:48:12 prog length: 6
2023/03/11 02:48:12 prog length: 6
2023/03/11 02:48:12 prog length: 5
2023/03/11 02:48:12 deserializeInput: hasCrash true hasNet false
2023/03/11 02:48:12 prog length: 6
2023/03/11 02:48:12 prog length: 4
2023/03/11 02:48:12 deserializeInput: hasCrash true hasNet false
2023/03/11 02:48:12 prog length: 6
2023/03/11 02:48:12 prog length: 3
2023/03/11 02:48:12 deserializeInput: hasCrash true hasNet false
2023/03/11 02:48:12 prog length: 6
2023/03/11 02:48:12 prog length: 6
2023/03/11 02:48:12 prog length: 5
2023/03/11 02:48:12 deserializeInput: hasCrash true hasNet false
2023/03/11 02:48:12 prog length: 6
2023/03/11 02:48:12 prog length: 3
2023/03/11 02:48:12 deserializeInput: hasCrash true hasNet false
2023/03/11 02:48:12 prog length: 6
2023/03/11 02:48:12 prog length: 8
2023/03/11 02:48:12 fetching corpus: 300, signal 4692/20955/32640 (executing program)
2023/03/11 02:48:12 deserializeInput: hasCrash true hasNet false
2023/03/11 02:48:12 prog length: 6
2023/03/11 02:48:12 prog length: 8
2023/03/11 02:48:12 deserializeInput: hasCrash true hasNet false
2023/03/11 02:48:12 prog length: 6
2023/03/11 02:48:12 prog length: 6
2023/03/11 02:48:12 prog length: 5
2023/03/11 02:48:12 deserializeInput: hasCrash true hasNet false
2023/03/11 02:48:12 prog length: 6
2023/03/11 02:48:12 prog length: 3
2023/03/11 02:48:12 deserializeInput: hasCrash true hasNet false
2023/03/11 02:48:12 prog length: 6
2023/03/11 02:48:12 prog length: 6
2023/03/11 02:48:12 prog length: 5
2023/03/11 02:48:12 deserializeInput: hasCrash true hasNet false
2023/03/11 02:48:12 prog length: 6
2023/03/11 02:48:12 prog length: 6
2023/03/11 02:48:12 prog length: 5
2023/03/11 02:48:12 deserializeInput: hasCrash true hasNet false
2023/03/11 02:48:12 prog length: 6
2023/03/11 02:48:12 prog length: 3
2023/03/11 02:48:12 deserializeInput: hasCrash true hasNet false
2023/03/11 02:48:12 prog length: 6
2023/03/11 02:48:12 prog length: 6
2023/03/11 02:48:12 prog length: 5
2023/03/11 02:48:12 deserializeInput: hasCrash true hasNet false
2023/03/11 02:48:12 prog length: 6
2023/03/11 02:48:12 prog length: 6
2023/03/11 02:48:12 prog length: 5
2023/03/11 02:48:12 deserializeInput: hasCrash true hasNet false
2023/03/11 02:48:12 prog length: 6
2023/03/11 02:48:12 prog length: 6
2023/03/11 02:48:12 prog length: 6
2023/03/11 02:48:12 deserializeInput: hasCrash true hasNet false
2023/03/11 02:48:12 prog length: 6
2023/03/11 02:48:12 prog length: 11
2023/03/11 02:48:12 deserializeInput: hasCrash true hasNet false
2023/03/11 02:48:12 prog length: 6
2023/03/11 02:48:12 prog length: 6
2023/03/11 02:48:12 prog length: 5
2023/03/11 02:48:12 deserializeInput: hasCrash true hasNet false
2023/03/11 02:48:12 prog length: 6
2023/03/11 02:48:12 prog length: 3
2023/03/11 02:48:12 deserializeInput: hasCrash true hasNet false
2023/03/11 02:48:12 prog length: 6
2023/03/11 02:48:12 prog length: 6
2023/03/11 02:48:12 prog length: 5
2023/03/11 02:48:12 deserializeInput: hasCrash true hasNet false
2023/03/11 02:48:12 prog length: 6
2023/03/11 02:48:12 prog length: 6
2023/03/11 02:48:12 prog length: 6
2023/03/11 02:48:12 prog length: 7
2023/03/11 02:48:12 deserializeInput: hasCrash true hasNet false
2023/03/11 02:48:12 prog length: 6
2023/03/11 02:48:12 prog length: 4
2023/03/11 02:48:12 deserializeInput: hasCrash true hasNet false
2023/03/11 02:48:12 prog length: 6
2023/03/11 02:48:12 prog length: 6
2023/03/11 02:48:12 prog length: 6
2023/03/11 02:48:12 prog length: 7
2023/03/11 02:48:12 deserializeInput: hasCrash true hasNet false
2023/03/11 02:48:12 prog length: 6
2023/03/11 02:48:12 prog length: 6
2023/03/11 02:48:12 prog length: 5
2023/03/11 02:48:12 fetching corpus: 317, signal 4692/21167/34012 (executing program)
2023/03/11 02:48:12 fetching corpus: 317, signal 4692/21167/35209 (executing program)
2023/03/11 02:48:12 fetching corpus: 317, signal 4692/21167/36362 (executing program)
2023/03/11 02:48:12 fetching corpus: 317, signal 4692/21167/37509 (executing program)
2023/03/11 02:48:12 fetching corpus: 317, signal 4692/21167/38695 (executing program)
2023/03/11 02:48:12 fetching corpus: 317, signal 4692/21167/39858 (executing program)
2023/03/11 02:48:12 fetching corpus: 317, signal 4692/21167/41057 (executing program)
2023/03/11 02:48:12 fetching corpus: 317, signal 4692/21167/42224 (executing program)
2023/03/11 02:48:12 fetching corpus: 317, signal 4692/21167/43379 (executing program)
2023/03/11 02:48:12 fetching corpus: 317, signal 4692/21167/44519 (executing program)
2023/03/11 02:48:12 fetching corpus: 317, signal 4692/21167/45677 (executing program)
2023/03/11 02:48:12 fetching corpus: 317, signal 4692/21167/46638 (executing program)
2023/03/11 02:48:12 fetching corpus: 317, signal 4692/21167/46638 (executing program)
2023/03/11 02:48:13 starting 1 fuzzer processes
2023/03/11 02:48:13 ----- generateCall 187 faccessat faccessat
2023/03/11 02:48:13 ----- generateCall 3761 stat stat
2023/03/11 02:48:13 ----- generateCall 541 ioctl ioctl
2023/03/11 02:48:13 ----- generateCall 239 fsetxattr$trusted_overlay_nlink fsetxattr$trusted_overlay_nlink
2023/03/11 02:48:13 ----- generateCall 248 fstat fstat
2023/03/11 02:48:13 ----- generateCall 3985 write write
2023/03/11 02:48:13 ----- generateCall 170 dup dup
2023/03/11 02:48:13 ----- generateCall 205 fcntl$getown fcntl$getown
2023/03/11 02:48:13 ----- generateCall 541 ioctl ioctl
2023/03/11 02:48:13 ----- generateCall 3672 setxattr$system_posix_acl setxattr$system_posix_acl
2023/03/11 02:48:13 ----- generateCall 194 fchmod fchmod
2023/03/11 02:48:13 ----- generateCall 2782 readv readv
2023/03/11 02:48:13 ----- generateCall 198 fcntl$F_GET_FILE_RW_HINT fcntl$F_GET_FILE_RW_HINT
2023/03/11 02:48:13 map[./file0:true ./file0/file0:true]
2023/03/11 02:48:13 HasCrashFail: false, .HasNetFail: false
2023/03/11 02:48:13 prog length: 20
2023/03/11 02:48:13 HasCrashFail:false HasNetFail:false
02:48:13 ---executing program 0:
---
---
---
r0 = openat(0xffffffffffffffff, &(0x7f0000000000)='./file0\x00', 0x103d80, 0x0)
faccessat(r0, &(0x7f0000000040)='./file0\x00', 0x140)
stat(&(0x7f0000000080)='./file0\x00', &(0x7f00000000c0))
r1 = dup(r0)
ioctl(r1, 0x8001, &(0x7f0000000140)="ba8523509ee4870b7eb63f328f49625981850fec9e00883e68d717aaff24fc1c93e0853db13269080f1ff8da12eb9ced800c47cb8a0838d1f0436c034896e12cbcb99600cfc03cacf87022909ed9be76493ea3bbbdf4786512ead96eec6e5d8b94f8e66a6a08ffb174effd2f5bea33fce271c03d1d42eb52d3bbbe0edeb8a1628edb45a1afcd288529bace21be3daf01cd01e380a1d0c1f148688a1a8c9da86cc9c1d95310c35a849235d2efa881f82484")
fsetxattr$trusted_overlay_nlink(r1, &(0x7f0000000200), &(0x7f0000000240)={'L+', 0xf8000000}, 0x16, 0x3)
fstat(r0, &(0x7f0000000280)={0x0, 0x0, 0x0, 0x0, 0x0, <r2=>0x0})
write(r0, &(0x7f0000000300), 0x0)
r3 = open(&(0x7f0000000340)='./file0/file0\x00', 0x8002, 0x142)
r4 = dup(r3)
fcntl$getown(r4, 0x9)
r5 = dup(r4)
ioctl(r5, 0xf, &(0x7f0000000380)="9b740c4493be0d9d59f0c4cff05aef83cc4b323629d0a735f4f3151dc9aba9377c54")
fstat(r3, &(0x7f0000000440)={0x0, 0x0, 0x0, 0x0, 0x0, <r6=>0x0})
setxattr$system_posix_acl(&(0x7f00000003c0)='./file0/file0\x00', &(0x7f0000000400)='system.posix_acl_access\x00', &(0x7f00000004c0)={{}, {0x1, 0x1}, [{0x2, 0x0, 0xffffffffffffffff}], {0x4, 0x1}, [{0x8, 0x4, r6}, {0x8, 0x4, r2}, {0x8, 0x5}], {0x10, 0x2}, {0x20, 0x4}}, 0x44, 0x2)
r7 = openat(0xffffffffffffff9c, &(0x7f0000000540)='./file0\x00', 0x200800, 0x80)
fchmod(r7, 0x100)
r8 = dup(r7)
readv(r8, &(0x7f0000001740)=[{&(0x7f0000000580)=""/226, 0xe2}, {&(0x7f0000000680)=""/4096, 0x1000}, {&(0x7f0000001680)=""/9, 0x9}, {&(0x7f00000016c0)=""/73, 0x49}], 0x4)
fcntl$F_GET_FILE_RW_HINT(r1, 0x40d, &(0x7f0000001780))
---

end of program
2023/03/11 02:48:13 -----run executor: [/usr/bin/ssh -F /dev/null -o ConnectionAttempts=100 -o ConnectTimeout=120 -o UserKnownHostsFile=/dev/null -o BatchMode=yes -o IdentitiesOnly=yes -o StrictHostKeyChecking=no -o ConnectTimeout=100 -i /home/tlyu/dfs-fuzzing/disk-images/orangefs-images/focal.id_rsa root@192.168.0.35 /root/syz-executor exec 0 0 orangefs 3 4 192.168.0.35 0 "3 1" false false false true false]
2023/03/11 02:48:13 -----run executor: [/usr/bin/ssh -F /dev/null -o ConnectionAttempts=100 -o ConnectTimeout=120 -o UserKnownHostsFile=/dev/null -o BatchMode=yes -o IdentitiesOnly=yes -o StrictHostKeyChecking=no -o ConnectTimeout=100 -i /home/tlyu/dfs-fuzzing/disk-images/orangefs-images/focal.id_rsa root@192.168.0.36 /root/syz-executor exec 0 1 orangefs 3 4 192.168.0.35 0 "3 1" false false false true false]
2023/03/11 02:48:13 -----run executor: [/usr/bin/ssh -F /dev/null -o ConnectionAttempts=100 -o ConnectTimeout=120 -o UserKnownHostsFile=/dev/null -o BatchMode=yes -o IdentitiesOnly=yes -o StrictHostKeyChecking=no -o ConnectTimeout=100 -i /home/tlyu/dfs-fuzzing/disk-images/orangefs-images/focal.id_rsa root@192.168.0.37 /root/syz-executor exec 0 2 orangefs 3 4 192.168.0.35 0 "3 1" false false false true false]
2023/03/11 02:48:13 -----run executor: [/usr/bin/ssh -F /dev/null -o ConnectionAttempts=100 -o ConnectTimeout=120 -o UserKnownHostsFile=/dev/null -o BatchMode=yes -o IdentitiesOnly=yes -o StrictHostKeyChecking=no -o ConnectTimeout=100 -i /home/tlyu/dfs-fuzzing/disk-images/orangefs-images/focal.id_rsa root@192.168.0.38 /root/syz-executor exec 1 3 orangefs 3 4 192.168.0.35 0 "3 1" false false false true false]
Warning: Permanently added '192.168.0.38' (ECDSA) to the list of known hosts.
Warning: Permanently added '192.168.0.35' (ECDSA) to the list of known hosts.
Warning: Permanently added '192.168.0.36' (ECDSA) to the list of known hosts.
Warning: Permanently added '192.168.0.37' (ECDSA) to the list of known hosts.
----- is restarting 0
---- dfs_name orangefs is_dfs_client 0
----- is restarting 0
---- dfs_name orangefs is_dfs_client 0
unlink FIFO failed: No such file or directory
executor 0 finishes userspace_cover_open
before receiving handshake request
[    0.000000] kernel: Linux version 5.15.0+ (tlyu@IC-RS3-DPC07) (gcc (Ubuntu 9.4.0-1ubuntu1~20.04.1) 9.4.0, GNU ld (GNU Binutils for Ubuntu) 2.34) #7 SMP Sat Feb 18 10:18:37 CET 2023
[    0.000000] kernel: Command line: root=/dev/sda console=ttyS0 net.ifnames=0 ip=192.168.0.35 quiet
[    0.000000] kernel: x86/fpu: Supporting XSAVE feature 0x001: 'x87 floating point registers'
[    0.000000] kernel: x86/fpu: Supporting XSAVE feature 0x002: 'SSE registers'
[    0.000000] kernel: x86/fpu: Supporting XSAVE feature 0x004: 'AVX registers'
[    0.000000] kernel: x86/fpu: Supporting XSAVE feature 0x020: 'AVX-512 opmask'
[    0.000000] kernel: x86/fpu: Supporting XSAVE feature 0x040: 'AVX-512 Hi256'
[    0.000000] kernel: x86/fpu: Supporting XSAVE feature 0x080: 'AVX-512 ZMM_Hi256'
[    0.000000] kernel: x86/fpu: Supporting XSAVE feature 0x200: 'Protection Keys User registers'
[    0.000000] kernel: x86/fpu: xstate_offset[2]:  576, xstate_sizes[2]:  256
[    0.000000] kernel: x86/fpu: xstate_[D 01/16/2023 17:42:13] PVFS2 Server version 2.9.7-orangefs-REV-65ab0d2 starting.
[E 01/16/2023 17:43:19] PVFS2 server got signal 15 (server_status_flag: 2080767)
[D 02/18/2023 14:39:31] PVFS2 Server version 2.9.7-orangefs-REV-65ab0d2 starting.
[D 02/18/2023 14:47:30] PVFS2 received server: signal 1
[E 02/18/2023 14:47:30] PVFS2 server got signal 15 (server_status_flag: 2080767)
unlink FIFO failed: No such file or directory
executor 1 finishes userspace_cover_open
before receiving handshake request
req.flags ea2
[D 01/16/2023 17:42:13] PVFS2 Server version 2.9.7-orangefs-REV-65ab0d2 starting.
[E 01/16/2023 17:43:19] PVFS2 server got signal 15 (server_status_flag: 2080767)
[D 02/18/2023 14:39:31] PVFS2 Server version 2.9.7-orangefs-REV-65ab0d2 starting.
[D 02/18/2023 14:47:30] PVFS2 received server: signal 1
[E 02/18/2023 14:47:30] PVFS2 server got signal 15 (server_status_flag: 2080767)
[    0.000000] kernel: Linux version 5.15.0+ (tlyu@IC-RS3-DPC07) (gcc (Ubuntu 9.4.0-1ubuntu1~20.04.1) 9.4.0, GNU ld (GNU Binutils for Ubuntu) 2.34) #7 SMP Sat Feb 18 10:18:37 CET 2023
[    0.000000] kernel: Command line: root=/dev/sda console=ttyS0 net.ifnames=0 ip=192.168.0.36 quiet
[    0.000000] kernel: x86/fpu: Supporting XSAVE feature 0x001: 'x87 floating point registers'
[    0.000000] kernel: x86/fpu: Supporting XSAVE feature 0x002: 'SSE registers'
[    0.000000] kernel: x86/fpu: Supporting XSAVE feature 0x004: 'AVX registers'
[    0.000000] kernel: x86/fpu: Supporting XSAVE feature 0x020: 'AVX-512 opmask'
[    0.000000] kernel: x86/fpu: Supporting XSAVE feature 0x040: 'AVX-512 Hi256'
[    0.000000] kernel: x86/fpu: Supporting XSAVE feature 0x080: 'AVX-512 ZMM_Hi256'
[    0.000000] kernel: x86/fpu: Supporting XSAVE feature 0x200: 'Protection Keys User registers'
[    0.000000] kernel: x86/fpu: xstate_offset[2]:  576, xstate_sizes[2]:  256
[    0.000000] kernel: x86/fpu: xstate_----- is restarting 0
---- dfs_name orangefs is_dfs_client 1
before receiving handshake request
offset[5]:  832, xstate_sizes[5]:   64
[    0.000000] kernel: x86/fpu: xstate_offset[6]:  896, xstate_sizes[6]:  512
[    0.000000] kernel: x86/fpu: xstate_offset[7]: 1408, xstate_sizes[7]: 1024
[    0.000000] kernel: x86/fpu: xstate_offset[9]: 2432, xstate_sizes[9]:    8
[    0.000000] kernel: x86/fpu: Enabled xstate features 0x2e7, context size is 2440 bytes, using 'compacted' format.
[    0.000000] kernel: signal: max sigframe size: 3632
[    0.000000] kernel: BIOS-provided physical RAM map:
[    0.000000] kernel: BIOS-e820: [mem 0x0000000000000000-0x000000000009fbff] usable
[    0.000000] kernel: BIOS-e820: [mem 0x000000000009fc00-0x000000000009ffff] reserved
[    0.000000] kernel: BIOS-e820: [mem 0x00000000000f0000-0x00000000000fffff] reserved
[    0.000000] kernel: BIOS-e820: [mem 0x0000000000100000-0x00000000bffdffff] usable
[    0.000000] kernel: BIOS-e820: [mem 0x00000000bffe0000-0x00000000bfffffff] reserved
[    0.000000] kernel: BIOS-e820: [mem 0x00000000feffc000-0x00000000feffffff] reserved
[    0.000000] kernel: BIOS-e820: [mem 0x00000000fffc0000-0x00000000ffffffff] reserved
[    0.000000] kernel: BIOS-e820: [mem 0x0000000100000000-0x00000002bfffffff] usable
[    0.000000] kernel: NX (Execute Disable) protection: active
[    0.000000] kernel: SMBIOS 2.8 present.
[    0.000000] kernel: DMI: QEMU Standard PC (i440FX + PIIX, 1996), BIOS 1.13.0-1ubuntu1.1 04/01/2014
[    0.000000] kernel: Hypervisor detected: KVM
[    0.000000] kernel: kvm-clock: Using msrs 4b564d01 and 4b564d00
[    0.000000] kernel: kvm-clock: cpu 0, msr 227c6e001, primary cpu clock
[    0.000001] kernel: kvm-clock: using sched offset of 643661360 cycles
[    0.000003] kernel: clocksource: kvm-clock: mask: 0xffffffffffffffff max_cycles: 0x1cd42e4dffb, max_idle_ns: 881590591483 ns
[    0.000005] kernel: tsc: Detected 2593.906 MHz processor
[    0.000423] kernel: e820: update [mem 0x00000000-0x00000fff] usable ==> reserved
[    0.000425] kernel: e820: remove [mem 0x000a0000-0x000fffff] usable
[    0.000428] kernel: last_pfn = 0x2c0000 max_arch_pfn = 0x10000000000
[    0.000475] kernel: x86/PAT: Configuration [0-7]: WB  WC  UC- UC  WB  WP  UC- WT  
[    0.000480] kernel: last_pfn = 0xbffe0 max_arch_pfn = 0x10000000000
[    0.004744] kernel: found SMP MP-table at [mem 0x000f5c80-0x000f5c8f]
[    0.004765] kernel: Using GB pages for direct mapping
[    0.004886] kernel: ACPI: Early table checksum verification disabled
[    0.004889] kernel: ACPI: RSDP 0x00000000000F5A50 000014 (v00 BOCHS )
[    0.004896] kernel: ACPI: RSDT 0x00000000BFFE15C9 000030 (v01 BOCHS  BXPCRSDT 00000001 BXPC 00000001)
[    0.004902] kernel: ACPI: FACP 0x00000000BFFE149D 000074 (v01 BOCHS  BXPCFACP 00000001 BXPC 00000001)
[    0.004907] kernel: ACPI: DSDT 0x00000000BFFE0040 00145D (v01 BOCHS  BXPCDSDT 00000001 BXPC 00000001)
[    0.004909] kernel: ACPI: FACS 0x00000000BFFE0000 000040
[    0.004912] kernel: ACPI: APIC 0x00000000BFFE1511 000080 (v01 BOCHS  BXPCAPIC 00000001 BXPC 00000001)
[    0.004[    0.000000] kernel: Linux version 5.15.0+ (tlyu@IC-RS3-DPC07) (gcc (Ubuntu 9.4.0-1ubuntu1~20.04.1) 9.4.0, GNU ld (GNU Binutils for Ubuntu) 2.34) #7 SMP Sat Feb 18 10:18:37 CET 2023
[    0.000000] kernel: Command line: root=/dev/sda console=ttyS0 net.ifnames=0 ip=192.168.0.38 quiet
[    0.000000] kernel: x86/fpu: Supporting XSAVE feature 0x001: 'x87 floating point registers'
[    0.000000] kernel: x86/fpu: Supporting XSAVE feature 0x002: 'SSE registers'
[    0.000000] kernel: x86/fpu: Supporting XSAVE feature 0x004: 'AVX registers'
[    0.000000] kernel: x86/fpu: Supporting XSAVE feature 0x020: 'AVX-512 opmask'
[    0.000000] kernel: x86/fpu: Supporting XSAVE feature 0x040: 'AVX-512 Hi256'
[    0.000000] kernel: x86/fpu: Supporting XSAVE feature 0x080: 'AVX-512 ZMM_Hi256'
[    0.000000] kernel: x86/fpu: Supporting XSAVE feature 0x200: 'Protection Keys User registers'
[    0.000000] kernel: x86/fpu: xstate_offset[2]:  576, xstate_sizes[2]:  256
[    0.000000] kernel: x86/fpu: xstate_914] kernel: ACPI: HPET 0x00000000BFFE1591 000038 (v01 BOCHS  BXPCHPET 00000001 BXPC 00000001)
[    0.004916] kernel: ACPI: Reserving FACP table memory at [mem 0xbffe149d-0xbffe1510]
[    0.004917] kernel: ACPI: Reserving DSDT table memory at [mem 0xbffe0040-0xbffe149c]
[    0.004918] kernel: ACPI: Reserving FACS table memory at [mem 0xbffe0000-0xbffe003f]
[    0.004918] kernel: ACPI: Reserving APIC table memory at [mem 0xbffe1511-0xbffe1590]
[    0.004919] kernel: ACPI: Reserving HPET table memory at [mem 0xbffe1591-0xbffe15c8]
[    0.005169] kernel: No NUMA configuration found
[    0.005169] kernel: Faking a node at [mem 0x0000000000000000-0x00000002bfffffff]
[    0.005171] kernel: NODE_DATA(0) allocated [mem 0x2bfffc000-0x2bfffffff]
[    0.005882] kernel: Zone ranges:
[    0.005884] kernel:   DMA      [mem 0x0000000000001000-0x0000000000ffffff]
[    0.005885] kernel:   DMA32    [mem 0x0000000001000000-0x00000000ffffffff]
[    0.005886] kernel:   Normal   [mem 0x0000000100000000-0x0req.flags ea2
[D 01/16/2023 17:42:13] PVFS2 Server version 2.9.7-orangefs-REV-65ab0d2 starting.
[E 01/16/2023 17:43:19] PVFS2 server got signal 15 (server_status_flag: 2080767)
[D 02/18/2023 14:39:31] PVFS2 Server version 2.9.7-orangefs-REV-65ab0d2 starting.
[D 02/18/2023 14:47:30] PVFS2 received server: signal 1
[E 02/18/2023 14:47:30] PVFS2 server got signal 15 (server_status_flag: 2080767)
offset[5]:  832, xstate_sizes[5]:   64
[    0.000000] kernel: x86/fpu: xstate_offset[6]:  896, xstate_sizes[6]:  512
[    0.000000] kernel: x86/fpu: xstate_offset[7]: 1408, xstate_sizes[7]: 1024
[    0.000000] kernel: x86/fpu: xstate_offset[9]: 2432, xstate_sizes[9]:    8
[    0.000000] kernel: x86/fpu: Enabled xstate features 0x2e7, context size is 2440 bytes, using 'compacted' format.
[    0.000000] kernel: signal: max sigframe size: 3632
[    0.000000] kernel: BIOS-provided physical RAM map:
[    0.000000] kernel: BIOS-e820: [mem 0x0000000000000000-0x000000000009fbff] usable
[    0.000000] kernel: BIOS-e820: [mem 0x000000000009fc00-0x000000000009ffff] reserved
[    0.000000] kernel: BIOS-e820: [mem 0x00000000000f0000-0x00000000000fffff] reserved
[    0.000000] kernel: BIOS-e820: [mem 0x0000000000100000-0x00000000bffdffff] usable
[    0.000000] kernel: BIOS-e820: [mem 0x00000000bffe0000-0x00000000bfffffff] reserved
[    0.000000] kernel: BIOS-e820: [mem 0x00000000feffc000-0x000000000000002bfffffff]
[    0.005887] kernel: Movable zone start for each node
[    0.005888] kernel: Early memory node ranges
[    0.005889] kernel:   node   0: [mem 0x0000000000001000-0x000000000009efff]
[    0.005890] kernel:   node   0: [mem 0x0000000000100000-0x00000000bffdffff]
[    0.005891] kernel:   node   0: [mem 0x0000000100000000-0x00000002bfffffff]
[    0.005892] kernel: Initmem setup node 0 [mem 0x0000000000001000-0x00000002bfffffff]
[    0.006429] kernel: On node 0, zone DMA: 1 pages in unavailable ranges
[    0.006440] kernel: On node 0, zone DMA: 97 pages in unavailable ranges
[    0.137183] kernel: On node 0, zone Normal: 32 pages in unavailable ranges
[    1.091313] kernel: kasan: KernelAddressSanitizer initialized
[    1.091658] kernel: ACPI: PM-Timer IO Port: 0x608
[    1.091667] kernel: ACPI: LAPIC_NMI (acpi_id[0xff] dfl dfl lint[0x1])
[    1.091711] kernel: IOAPIC[0]: apic_id 0, version 17, address 0xfec00000, GSI 0-23
[    1.091714] kernel: ACPI: INT_SRC_OVR (bus 0 bus_irq 0 global_irq 2 dfl dfl)
[    1.091716] kernel: ACPI: INT_SRC_OVR (bus 0 bus_irq 5 global_irq 5 high level)
[    1.091718] kernel: ACPI: INT_SRC_OVR (bus 0 bus_irq 9 global_irq 9 high level)
[    1.091719] kernel: ACPI: INT_SRC_OVR (bus 0 bus_irq 10 global_irq 10 high level)
[    1.091720] kernel: ACPI: INT_SRC_OVR (bus 0 bus_irq 11 global_irq 11 high level)
[    1.091723] kernel: ACPI: Using ACPI (MADT) for SMP configuration information
[    1.091725] kernel: ACPI: HPET id: 0x8086a201 base: 0xfed00000
[    1.091729] kernel: TSC deadline timer available
[    1.091730] kernel: smpboot: Allowing 2 CPUs, 0 hotplug CPUs
[    1.091752] kernel: kvm-guest: KVM setup pv remote TLB flush
[    1.091757] kernel: kvm-guest: setup PV sched yield
[    1.091764] kernel: PM: hibernation: Registered nosave memory: [mem 0x00000000-0x00000fff]
[    1.091765] kernel: PM: hibernation: Registered nosave memory: [mem 0x0009f000-0x0009ffff]
[    1.091766] kernel: PM: hibernation: Registered nosave memory: [mem 0x000a0000-0x000effff]
[    1.091767] kernel: PM: hibernation: Registered nosave memory: [mem 0x000f0000-0x000fffff]
[    1.091768] kernel: PM: hibernation: Registered nosave memory: [mem 0xbffe0000-0xbfffffff]
[    1.091768] kernel: PM: hibernation: Registered nosave memory: [mem 0xc0000000-0xfeffbfff]
[    1.091769] kernel: PM: hibernation: Registered nosave memory: [mem 0xfeffc000-0xfeffffff]
[    1.091770] kernel: PM: hibernation: Registered nosave memory: [mem 0xff000000-0xfffbffff]
[    1.091770] kernel: PM: hibernation: Registered nosave memory: [mem 0xfffc0000-0xffffffff]
[    1.091772] kernel: [mem 0xc0000000-0xfeffbfff] available for PCI devices
[    1.091773] kernel: Booting paravirtualized kernel on KVM
[    1.091776] kernel: clocksource: refined-jiffies: mask: 0xffffffff max_cycles: 0xffffffff, max_idle_ns: 1910969940391419 ns
[    1.095749] kernel: setup_percpu: NR_CPUS:64 nr_cpumask_bits:64 nr_cpu_ids:2 nr_node_ids:1
[    1.096733] kernel: percpu: Embedded 56 poffset[5]:  832, xstate_sizes[5]:   64
[    0.000000] kernel: x86/fpu: xstate_offset[6]:  896, xstate_sizes[6]:  512
[    0.000000] kernel: x86/fpu: xstate_offset[7]: 1408, xstate_sizes[7]: 1024
[    0.000000] kernel: x86/fpu: xstate_offset[9]: 2432, xstate_sizes[9]:    8
[    0.000000] kernel: x86/fpu: Enabled xstate features 0x2e7, context size is 2440 bytes, using 'compacted' format.
[    0.000000] kernel: signal: max sigframe size: 3632
[    0.000000] kernel: BIOS-provided physical RAM map:
[    0.000000] kernel: BIOS-e820: [mem 0x0000000000000000-0x000000000009fbff] usable
[    0.000000] kernel: BIOS-e820: [mem 0x000000000009fc00-0x000000000009ffff] reserved
[    0.000000] kernel: BIOS-e820: [mem 0x00000000000f0000-0x00000000000fffff] reserved
[    0.000000] kernel: BIOS-e820: [mem 0x0000000000100000-0x00000000bffdffff] usable
[    0.000000] kernel: BIOS-e820: [mem 0x00000000bffe0000-0x00000000bfffffff] reserved
[    0.000000] kernel: BIOS-e820: [mem 0x00000000feffc000-0x00000000ages/cpu s191576 r8192 d29608 u1048576
[    1.096739] kernel: pcpu-alloc: s191576 r8192 d29608 u1048576 alloc=1*2097152
[    1.096741] kernel: pcpu-alloc: [0] 0 1 
[    1.096768] kernel: kvm-guest: setup async PF for cpu 0
[    1.096774] kernel: kvm-guest: stealtime: cpu 0, msr 26561f140
[    1.096779] kernel: Built 1 zonelists, mobility grouping on.  Total pages: 2580192
[    1.096780] kernel: Policy zone: Normal
[    1.096782] kernel: Kernel command line: root=/dev/sda console=ttyS0 net.ifnames=0 ip=192.168.0.35 quiet
[    1.119464] kernel: Dentry cache hash table entries: 2097152 (order: 12, 16777216 bytes, linear)
[    1.122506] kernel: Inode-cache hash table entries: 1048576 (order: 11, 8388608 bytes, linear)
[    1.122564] kernel: mem auto-init: stack:off, heap alloc:off, heap free:off
[    1.521828] kernel: Memory: 8872652K/10485240K available (14348K kernel code, 2403K rwdata, 3568K rodata, 1384K init, 1732K bss, 1612388K reserved, 0K cma-reserved)
[    1.521911] kernel: SLUB:feffffff] reserved
[    0.000000] kernel: BIOS-e820: [mem 0x00000000fffc0000-0x00000000ffffffff] reserved
[    0.000000] kernel: BIOS-e820: [mem 0x0000000100000000-0x00000002bfffffff] usable
[    0.000000] kernel: NX (Execute Disable) protection: active
[    0.000000] kernel: SMBIOS 2.8 present.
[    0.000000] kernel: DMI: QEMU Standard PC (i440FX + PIIX, 1996), BIOS 1.13.0-1ubuntu1.1 04/01/2014
[    0.000000] kernel: Hypervisor detected: KVM
[    0.000000] kernel: kvm-clock: Using msrs 4b564d01 and 4b564d00
[    0.000000] kernel: kvm-clock: cpu 0, msr 2ad86e001, primary cpu clock
[    0.000001] kernel: kvm-clock: using sched offset of 640243822 cycles
[    0.000003] kernel: clocksource: kvm-clock: mask: 0xffffffffffffffff max_cycles: 0x1cd42e4dffb, max_idle_ns: 881590591483 ns
[    0.000005] kernel: tsc: Detected 2593.906 MHz processor
[    0.000421] kernel: e820: update [mem 0x00000000-0x00000fff] usable ==> reserved
[    0.000423] kernel: e820: remove [mem 0x000a0000-0x000fffff] usfeffffff] reserved
[    0.000000] kernel: BIOS-e820: [mem 0x00000000fffc0000-0x00000000ffffffff] reserved
[    0.000000] kernel: BIOS-e820: [mem 0x0000000100000000-0x00000002bfffffff] usable
[    0.000000] kernel: NX (Execute Disable) protection: active
[    0.000000] kernel: SMBIOS 2.8 present.
[    0.000000] kernel: DMI: QEMU Standard PC (i440FX + PIIX, 1996), BIOS 1.13.0-1ubuntu1.1 04/01/2014
[    0.000000] kernel: Hypervisor detected: KVM
[    0.000000] kernel: kvm-clock: Using msrs 4b564d01 and 4b564d00
[    0.000000] kernel: kvm-clock: cpu 0, msr 1a986e001, primary cpu clock
[    0.000001] kernel: kvm-clock: using sched offset of 721238458 cycles
[    0.000003] kernel: clocksource: kvm-clock: mask: 0xffffffffffffffff max_cycles: 0x1cd42e4dffb, max_idle_ns: 881590591483 ns
[    0.000005] kernel: tsc: Detected 2593.906 MHz processor
[    0.000434] kernel: e820: update [mem 0x00000000-0x00000fff] usable ==> reserved
[    0.000436] kernel: e820: remove [mem 0x000a0000-0x000fffff] us HWalign=64, Order=0-3, MinObjects=0, CPUs=2, Nodes=1
[    1.528770] kernel: rcu: Hierarchical RCU implementation.
[    1.528772] kernel: rcu:         RCU event tracing is enabled.
[    1.528773] kernel: rcu:         RCU restricting CPUs from NR_CPUS=64 to nr_cpu_ids=2.
[    1.528776] kernel: rcu: RCU calculated value of scheduler-enlistment delay is 100 jiffies.
[    1.528777] kernel: rcu: Adjusting geometry for rcu_fanout_leaf=16, nr_cpu_ids=2
[    1.538736] kernel: NR_IRQS: 4352, nr_irqs: 440, preallocated irqs: 16
[    1.538945] kernel: random: get_random_bytes called from start_kernel+0x4b1/0x67a with crng_init=0
[    1.552528] kernel: Console: colour VGA+ 80x25
[    1.552570] kernel: printk: console [ttyS0] enabled
[    1.552590] kernel: ACPI: Core revision 20210730
[    1.552724] kernel: clocksource: hpet: mask: 0xffffffff max_cycles: 0xffffffff, max_idle_ns: 19112604467 ns
[    1.552919] kernel: APIC: Switch to symmetric I/O mode setup
[    1.552923] kernel: kvm-guest: setup Pable
[    0.000426] kernel: last_pfn = 0x2c0000 max_arch_pfn = 0x10000000000
[    0.000475] kernel: x86/PAT: Configuration [0-7]: WB  WC  UC- UC  WB  WP  UC- WT  
[    0.000480] kernel: last_pfn = 0xbffe0 max_arch_pfn = 0x10000000000
[    0.004648] kernel: found SMP MP-table at [mem 0x000f5c80-0x000f5c8f]
[    0.004671] kernel: Using GB pages for direct mapping
[    0.004791] kernel: ACPI: Early table checksum verification disabled
[    0.004794] kernel: ACPI: RSDP 0x00000000000F5A50 000014 (v00 BOCHS )
[    0.004802] kernel: ACPI: RSDT 0x00000000BFFE15C9 000030 (v01 BOCHS  BXPCRSDT 00000001 BXPC 00000001)
[    0.004808] kernel: ACPI: FACP 0x00000000BFFE149D 000074 (v01 BOCHS  BXPCFACP 00000001 BXPC 00000001)
[    0.004813] kernel: ACPI: DSDT 0x00000000BFFE0040 00145D (v01 BOCHS  BXPCDSDT 00000001 BXPC 00000001)
[    0.004815] kernel: ACPI: FACS 0x00000000BFFE0000 000040
[    0.004817] kernel: ACPI: APIC 0x00000000BFFE1511 000080 (v01 BOCHS  BXPCAPIC 00000001 BXPC 00000001)
[    0.004able
[    0.000439] kernel: last_pfn = 0x2c0000 max_arch_pfn = 0x10000000000
[    0.000487] kernel: x86/PAT: Configuration [0-7]: WB  WC  UC- UC  WB  WP  UC- WT  
[    0.000492] kernel: last_pfn = 0xbffe0 max_arch_pfn = 0x10000000000
[    0.020849] kernel: found SMP MP-table at [mem 0x000f5c80-0x000f5c8f]
[    0.020879] kernel: Using GB pages for direct mapping
[    0.020989] kernel: ACPI: Early table checksum verification disabled
[    0.020993] kernel: ACPI: RSDP 0x00000000000F5A50 000014 (v00 BOCHS )
[    0.021002] kernel: ACPI: RSDT 0x00000000BFFE15C9 000030 (v01 BOCHS  BXPCRSDT 00000001 BXPC 00000001)
[    0.021007] kernel: ACPI: FACP 0x00000000BFFE149D 000074 (v01 BOCHS  BXPCFACP 00000001 BXPC 00000001)
[    0.021012] kernel: ACPI: DSDT 0x00000000BFFE0040 00145D (v01 BOCHS  BXPCDSDT 00000001 BXPC 00000001)
[    0.021014] kernel: ACPI: FACS 0x00000000BFFE0000 000040
[    0.021017] kernel: ACPI: APIC 0x00000000BFFE1511 000080 (v01 BOCHS  BXPCAPIC 00000001 BXPC 00000001)
[    0.021V IPIs
[    1.553771] kernel: ..TIMER: vector=0x30 apic1=0 pin1=2 apic2=-1 pin2=-1
[    1.553818] kernel: clocksource: tsc-early: mask: 0xffffffffffffffff max_cycles: 0x2563bf907c6, max_idle_ns: 440795319401 ns
[    1.553825] kernel: Calibrating delay loop (skipped) preset value.. 5187.81 BogoMIPS (lpj=2593906)
[    1.553827] kernel: pid_max: default: 32768 minimum: 301
[    1.553861] kernel: LSM: Security Framework initializing
[    1.553874] kernel: SELinux:  Initializing.
[    1.553955] kernel: Mount-cache hash table entries: 32768 (order: 6, 262144 bytes, linear)
[    1.554485] kernel: Mountpoint-cache hash table entries: 32768 (order: 6, 262144 bytes, linear)
[    1.554963] kernel: x86/cpu: User Mode Instruction Prevention (UMIP) activated
[    1.555047] kernel: Last level iTLB entries: 4KB 0, 2MB 0, 4MB 0
[    1.555049] kernel: Last level dTLB entries: 4KB 0, 2MB 0, 4MB 0, 1GB 0
[    1.555060] kernel: Spectre V1 : Mitigation: usercopy/swapgs barriers and __user pointer sanitizat819] kernel: ACPI: HPET 0x00000000BFFE1591 000038 (v01 BOCHS  BXPCHPET 00000001 BXPC 00000001)
[    0.004821] kernel: ACPI: Reserving FACP table memory at [mem 0xbffe149d-0xbffe1510]
[    0.004822] kernel: ACPI: Reserving DSDT table memory at [mem 0xbffe0040-0xbffe149c]
[    0.004823] kernel: ACPI: Reserving FACS table memory at [mem 0xbffe0000-0xbffe003f]
[    0.004824] kernel: ACPI: Reserving APIC table memory at [mem 0xbffe1511-0xbffe1590]
[    0.004824] kernel: ACPI: Reserving HPET table memory at [mem 0xbffe1591-0xbffe15c8]
[    0.005083] kernel: No NUMA configuration found
[    0.005084] kernel: Faking a node at [mem 0x0000000000000000-0x00000002bfffffff]
[    0.005087] kernel: NODE_DATA(0) allocated [mem 0x2bfffc000-0x2bfffffff]
[    0.005750] kernel: Zone ranges:
[    0.005751] kernel:   DMA      [mem 0x0000000000001000-0x0000000000ffffff]
[    0.005753] kernel:   DMA32    [mem 0x0000000001000000-0x00000000ffffffff]
[    0.005754] kernel:   Normal   [mem 0x0000000100000000-0x0ion
[    1.555064] kernel: Spectre V2 : Mitigation: Enhanced IBRS
[    1.555065] kernel: Spectre V2 : Spectre v2 / SpectreRSB mitigation: Filling RSB on context switch
[    1.555067] kernel: Spectre V2 : mitigation: Enabling conditional Indirect Branch Prediction Barrier
[    1.555068] kernel: Speculative Store Bypass: Mitigation: Speculative Store Bypass disabled via prctl and seccomp
[    1.555069] kernel: TAA: Mitigation: TSX disabled
[    1.561052] kernel: Freeing SMP alternatives memory: 40K
[    1.561190] kernel: smpboot: CPU0: Intel(R) Xeon(R) Gold 6348 CPU @ 2.60GHz (family: 0x6, model: 0x6a, stepping: 0x6)
[    1.561315] kernel: Performance Events: Icelake events, 32-deep LBR, full-width counters, Intel PMU driver.
[    1.561418] kernel: ... version:                2
[    1.561419] kernel: ... bit width:              48
[    1.561419] kernel: ... generic registers:      8
[    1.561420] kernel: ... value mask:             0000ffffffffffff
[    1.561421] kernel: ... max period019] kernel: ACPI: HPET 0x00000000BFFE1591 000038 (v01 BOCHS  BXPCHPET 00000001 BXPC 00000001)
[    0.021021] kernel: ACPI: Reserving FACP table memory at [mem 0xbffe149d-0xbffe1510]
[    0.021022] kernel: ACPI: Reserving DSDT table memory at [mem 0xbffe0040-0xbffe149c]
[    0.021022] kernel: ACPI: Reserving FACS table memory at [mem 0xbffe0000-0xbffe003f]
[    0.021023] kernel: ACPI: Reserving APIC table memory at [mem 0xbffe1511-0xbffe1590]
[    0.021024] kernel: ACPI: Reserving HPET table memory at [mem 0xbffe1591-0xbffe15c8]
[    0.021286] kernel: No NUMA configuration found
[    0.021287] kernel: Faking a node at [mem 0x0000000000000000-0x00000002bfffffff]
[    0.021290] kernel: NODE_DATA(0) allocated [mem 0x2bfffc000-0x2bfffffff]
[    0.022006] kernel: Zone ranges:
[    0.022007] kernel:   DMA      [mem 0x0000000000001000-0x0000000000ffffff]
[    0.022009] kernel:   DMA32    [mem 0x0000000001000000-0x00000000ffffffff]
[    0.022010] kernel:   Normal   [mem 0x0000000100000000-0x00000002bfffffff]
[    0.022011] kernel: Movable zone start for each node
[    0.022012] kernel: Early memory node ranges
[    0.022012] kernel:   node   0: [mem 0x0000000000001000-0x000000000009efff]
[    0.022013] kernel:   node   0: [mem 0x0000000000100000-0x00000000bffdffff]
[    0.022014] kernel:   node   0: [mem 0x0000000100000000-0x00000002bfffffff]
[    0.022016] kernel: Initmem setup node 0 [mem 0x0000000000001000-0x00000002bfffffff]
[    0.024784] kernel: On node 0, zone DMA: 1 pages in unavailable ranges
[    0.024797] kernel: On node 0, zone DMA: 97 pages in unavailable ranges
[    0.158090] kernel: On node 0, zone Normal: 32 pages in unavailable ranges
[    1.209226] kernel: kasan: KernelAddressSanitizer initialized
[    1.209564] kernel: ACPI: PM-Timer IO Port: 0x608
[    1.209571] kernel: ACPI: LAPIC_NMI (acpi_id[0xff] dfl dfl lint[0x1])
[    1.209606] kernel: IOAPIC[0]: apic_id 0, version 17, address 0xfec00000, GSI 0-23
[    1.209608] kernel: ACPI: INT_SRC_OVR (bus 0 b0000002bfffffff]
[    0.005755] kernel: Movable zone start for each node
[    0.005756] kernel: Early memory node ranges
[    0.005756] kernel:   node   0: [mem 0x0000000000001000-0x000000000009efff]
[    0.005758] kernel:   node   0: [mem 0x0000000000100000-0x00000000bffdffff]
[    0.005759] kernel:   node   0: [mem 0x0000000100000000-0x00000002bfffffff]
[    0.005760] kernel: Initmem setup node 0 [mem 0x0000000000001000-0x00000002bfffffff]
[    0.006346] kernel: On node 0, zone DMA: 1 pages in unavailable ranges
[    0.006357] kernel: On node 0, zone DMA: 97 pages in unavailable ranges
[    0.120464] kernel: On node 0, zone Normal: 32 pages in unavailable ranges
[    0.588864] kernel: kasan: KernelAddressSanitizer initialized
[    0.589221] kernel: ACPI: PM-Timer IO Port: 0x608
[    0.589228] kernel: ACPI: LAPIC_NMI (acpi_id[0xff] dfl dfl lint[0x1])
[    0.589269] kernel: IOAPIC[0]: apic_id 0, version 17, address 0xfec00000, GSI 0-23
[    0.589272] kernel: ACPI: INT_SRC_OVR (bus 0 bus_irq 0 global_irq 2 dfl dfl)
[    1.209610] kernel: ACPI: INT_SRC_OVR (bus 0 bus_irq 5 global_irq 5 high level)
[    1.209611] kernel: ACPI: INT_SRC_OVR (bus 0 bus_irq 9 global_irq 9 high level)
[    1.209612] kernel: ACPI: INT_SRC_OVR (bus 0 bus_irq 10 global_irq 10 high level)
[    1.209613] kernel: ACPI: INT_SRC_OVR (bus 0 bus_irq 11 global_irq 11 high level)
[    1.209616] kernel: ACPI: Using ACPI (MADT) for SMP configuration information
[    1.209617] kernel: ACPI: HPET id: 0x8086a201 base: 0xfed00000
[    1.209620] kernel: TSC deadline timer available
[    1.209621] kernel: smpboot: Allowing 2 CPUs, 0 hotplug CPUs
[    1.209640] kernel: kvm-guest: KVM setup pv remote TLB flush
[    1.209644] kernel: kvm-guest: setup PV sched yield
[    1.209651] kernel: PM: hibernation: Registered nosave memory: [mem 0x00000000-0x00000fff]
[    1.209653] kernel: PM: hibernation: Registered nosave memory: [mem 0x0009f000-0x0009ffff]
[    1.209654] kernel: PM: hibernation: Registered nosave memous_irq 0 global_irq 2 dfl dfl)
[    0.589274] kernel: ACPI: INT_SRC_OVR (bus 0 bus_irq 5 global_irq 5 high level)
[    0.589275] kernel: ACPI: INT_SRC_OVR (bus 0 bus_irq 9 global_irq 9 high level)
[    0.589276] kernel: ACPI: INT_SRC_OVR (bus 0 bus_irq 10 global_irq 10 high level)
[    0.589278] kernel: ACPI: INT_SRC_OVR (bus 0 bus_irq 11 global_irq 11 high level)
[    0.589281] kernel: ACPI: Using ACPI (MADT) for SMP configuration information
[    0.589282] kernel: ACPI: HPET id: 0x8086a201 base: 0xfed00000
[    0.589286] kernel: TSC deadline timer available
[    0.589287] kernel: smpboot: Allowing 2 CPUs, 0 hotplug CPUs
[    0.589309] kernel: kvm-guest: KVM setup pv remote TLB flush
[    0.589313] kernel: kvm-guest: setup PV sched yield
[    0.589321] kernel: PM: hibernation: Registered nosave memory: [mem 0x00000000-0x00000fff]
[    0.589323] kernel: PM: hibernation: Registered nosave memory: [mem 0x0009f000-0x0009ffff]
[    0.589324] kernel: PM: hibernation: Registered nosave memory: [mem 0x000a0000-0x000effff]
[    0.589325] kernel: PM: hibernation: Registered nosave memory: [mem 0x000f0000-0x000fffff]
[    0.589326] kernel: PM: hibernation: Registered nosave memory: [mem 0xbffe0000-0xbfffffff]
[    0.589326] kernel: PM: hibernation: Registered nosave memory: [mem 0xc0000000-0xfeffbfff]
[    0.589327] kernel: PM: hibernation: Registered nosave memory: [mem 0xfeffc000-0xfeffffff]
[    0.589328] kernel: PM: hibernation: Registered nosave memory: [mem 0xff000000-0xfffbffff]
[    0.589328] kernel: PM: hibernation: Registered nosave memory: [mem 0xfffc0000-0xffffffff]
[    0.589330] kernel: [mem 0xc0000000-0xfeffbfff] available for PCI devices
[    0.589331] kernel: Booting paravirtualized kernel on KVM
[    0.589334] kernel: clocksource: refined-jiffies: mask: 0xffffffff max_cycles: 0xffffffff, max_idle_ns: 1910969940391419 ns
[    0.593310] kernel: setup_percpu: NR_CPUS:64 nr_cpumask_bits:64 nr_cpu_ids:2 nr_node_ids:1
[    0.594189] kernel: percpu: Embedded 56 pry: [mem 0x000a0000-0x000effff]
[    1.209654] kernel: PM: hibernation: Registered nosave memory: [mem 0x000f0000-0x000fffff]
[    1.209655] kernel: PM: hibernation: Registered nosave memory: [mem 0xbffe0000-0xbfffffff]
[    1.209656] kernel: PM: hibernation: Registered nosave memory: [mem 0xc0000000-0xfeffbfff]
[    1.209656] kernel: PM: hibernation: Registered nosave memory: [mem 0xfeffc000-0xfeffffff]
[    1.209657] kernel: PM: hibernation: Registered nosave memory: [mem 0xff000000-0xfffbffff]
[    1.209657] kernel: PM: hibernation: Registered nosave memory: [mem 0xfffc0000-0xffffffff]
[    1.209659] kernel: [mem 0xc0000000-0xfeffbfff] available for PCI devices
[    1.209660] kernel: Booting paravirtualized kernel on KVM
[    1.209662] kernel: clocksource: refined-jiffies: mask: 0xffffffff max_cycles: 0xffffffff, max_idle_ns: 1910969940391419 ns
[    1.245302] kernel: setup_percpu: NR_CPUS:64 nr_cpumask_bits:64 nr_cpu_ids:2 nr_node_ids:1
[    1.246100] kernel: percpu: Embedded 56 pages/cpu s191576 r8192 d29608 u1048576
[    1.246106] kernel: pcpu-alloc: s191576 r8192 d29608 u1048576 alloc=1*2097152
[    1.246109] kernel: pcpu-alloc: [0] 0 1 
[    1.246132] kernel: kvm-guest: setup async PF for cpu 0
[    1.246138] kernel: kvm-guest: stealtime: cpu 0, msr 26561f140
[    1.246142] kernel: Built 1 zonelists, mobility grouping on.  Total pages: 2580192
[    1.246144] kernel: Policy zone: Normal
[    1.246145] kernel: Kernel command line: root=/dev/sda console=ttyS0 net.ifnames=0 ip=192.168.0.38 quiet
[    1.251132] kernel: Dentry cache hash table entries: 2097152 (order: 12, 16777216 bytes, linear)
[    1.266052] kernel: Inode-cache hash table entries: 1048576 (order: 11, 8388608 bytes, linear)
[    1.266109] kernel: mem auto-init: stack:off, heap alloc:off, heap free:off
[    1.799037] kernel: Memory: 8872652K/10485240K available (14348K kernel code, 2403K rwdata, 3568K rodata, 1384K init, 1732K bss, 1612388K reserved, 0K cma-reserved)
[    1.799126] kernel: SLUB: HWalign=64, Order=0-3, MinObjects=0, CPUs=2, Nodes=1
[    1.799775] kernel: rcu: Hierarchical RCU implementation.
[    1.799777] kernel: rcu:         RCU event tracing is enabled.
[    1.799777] kernel: rcu:         RCU restricting CPUs from NR_CPUS=64 to nr_cpu_ids=2.
[    1.799780] kernel: rcu: RCU calculated value of scheduler-enlistment delay is 100 jiffies.
[    1.799781] kernel: rcu: Adjusting geometry for rcu_fanout_leaf=16, nr_cpu_ids=2
[    1.802398] kernel: NR_IRQS: 4352, nr_irqs: 440, preallocated irqs: 16
[    1.802845] kernel: random: get_random_bytes called from start_kernel+0x4b1/0x67a with crng_init=0
[    1.825991] kernel: Console: colour VGA+ 80x25
[    1.826039] kernel: printk: console [ttyS0] enabled
[    1.826065] kernel: ACPI: Core revision 20210730
[    1.826212] kernel: clocksource: hpet: mask: 0xffffffff max_cycles: 0xffffffff, max_idle_ns: 19112604467 ns
[    1.826324] kernel: APIC: Switch to symmetric I/O mode setup
[    1.826327] kernel: kvm-guest: setup Pages/cpu s191576 r8192 d29608 u1048576
[    0.594195] kernel: pcpu-alloc: s191576 r8192 d29608 u1048576 alloc=1*2097152
[    0.594198] kernel: pcpu-alloc: [0] 0 1 
[    0.594223] kernel: kvm-guest: setup async PF for cpu 0
[    0.594230] kernel: kvm-guest: stealtime: cpu 0, msr 26381f140
[    0.594233] kernel: Built 1 zonelists, mobility grouping on.  Total pages: 2580192
[    0.594235] kernel: Policy zone: Normal
[    0.594236] kernel: Kernel command line: root=/dev/sda console=ttyS0 net.ifnames=0 ip=192.168.0.36 quiet
[    0.600604] kernel: Dentry cache hash table entries: 2097152 (order: 12, 16777216 bytes, linear)
[    0.603640] kernel: Inode-cache hash table entries: 1048576 (order: 11, 8388608 bytes, linear)
[    0.603701] kernel: mem auto-init: stack:off, heap alloc:off, heap free:off
[    0.827956] kernel: Memory: 8872652K/10485240K available (14348K kernel code, 2403K rwdata, 3568K rodata, 1384K init, 1732K bss, 1612388K reserved, 0K cma-reserved)
[    0.828042] kernel: SLUB:V IPIs
[    1.827198] kernel: ..TIMER: vector=0x30 apic1=0 pin1=2 apic2=-1 pin2=-1
[    1.827218] kernel: clocksource: tsc-early: mask: 0xffffffffffffffff max_cycles: 0x2563bf907c6, max_idle_ns: 440795319401 ns
[    1.827226] kernel: Calibrating delay loop (skipped) preset value.. 5187.81 BogoMIPS (lpj=2593906)
[    1.827228] kernel: pid_max: default: 32768 minimum: 301
[    1.827262] kernel: LSM: Security Framework initializing
[    1.828230] kernel: SELinux:  Initializing.
[    1.828320] kernel: Mount-cache hash table entries: 32768 (order: 6, 262144 bytes, linear)
[    1.828899] kernel: Mountpoint-cache hash table entries: 32768 (order: 6, 262144 bytes, linear)
[    1.829756] kernel: x86/cpu: User Mode Instruction Prevention (UMIP) activated
[    1.829841] kernel: Last level iTLB entries: 4KB 0, 2MB 0, 4MB 0
[    1.829843] kernel: Last level dTLB entries: 4KB 0, 2MB 0, 4MB 0, 1GB 0
[    1.829853] kernel: Spectre V1 : Mitigation: usercopy/swapgs barriers and __user pointer sanitizat:             00007fffffffffff
[    1.561422] kernel: ... fixed-purpose events:   3
[    1.561422] kernel: ... event mask:             00000007000000ff
[    1.561520] kernel: rcu: Hierarchical SRCU implementation.
[    1.561914] kernel: smp: Bringing up secondary CPUs ...
[    1.562042] kernel: x86: Booting SMP configuration:
[    1.562043] kernel: .... node  #0, CPUs:      #1
[    0.014908] kernel: kvm-clock: cpu 1, msr 227c6e041, secondary cpu clock
[    0.014908] kernel: smpboot: CPU 1 Converting physical 0 to logical die 1
[    1.568847] kernel: kvm-guest: setup async PF for cpu 1
[    1.568855] kernel: kvm-guest: stealtime: cpu 1, msr 26571f140
[    1.568875] kernel: smp: Brought up 1 node, 2 CPUs
[    1.568878] kernel: smpboot: Max logical packages: 2
[    1.568879] kernel: smpboot: Total of 2 processors activated (10375.62 BogoMIPS)
[    1.569597] kernel: devtmpfs: initialized
[    1.571938] kernel: clocksource: jiffies: mask: 0xffffffff max_cycles: 0xffffffff, max_idle_ns: 191 HWalign=64, Order=0-3, MinObjects=0, CPUs=2, Nodes=1
[    0.828677] kernel: rcu: Hierarchical RCU implementation.
[    0.828679] kernel: rcu:         RCU event tracing is enabled.
[    0.828680] kernel: rcu:         RCU restricting CPUs from NR_CPUS=64 to nr_cpu_ids=2.
[    0.828682] kernel: rcu: RCU calculated value of scheduler-enlistment delay is 100 jiffies.
[    0.828683] kernel: rcu: Adjusting geometry for rcu_fanout_leaf=16, nr_cpu_ids=2
[    0.831332] kernel: NR_IRQS: 4352, nr_irqs: 440, preallocated irqs: 16
[    0.831540] kernel: random: get_random_bytes called from start_kernel+0x4b1/0x67a with crng_init=0
[    0.835428] kernel: Console: colour VGA+ 80x25
[    0.835472] kernel: printk: console [ttyS0] enabled
[    0.835491] kernel: ACPI: Core revision 20210730
[    0.835633] kernel: clocksource: hpet: mask: 0xffffffff max_cycles: 0xffffffff, max_idle_ns: 19112604467 ns
[    0.835751] kernel: APIC: Switch to symmetric I/O mode setup
[    0.835755] kernel: kvm-guest: setup Pion
[    1.829857] kernel: Spectre V2 : Mitigation: Enhanced IBRS
[    1.829857] kernel: Spectre V2 : Spectre v2 / SpectreRSB mitigation: Filling RSB on context switch
[    1.829859] kernel: Spectre V2 : mitigation: Enabling conditional Indirect Branch Prediction Barrier
[    1.829860] kernel: Speculative Store Bypass: Mitigation: Speculative Store Bypass disabled via prctl and seccomp
[    1.829861] kernel: TAA: Mitigation: TSX disabled
[    1.837455] kernel: Freeing SMP alternatives memory: 40K
[    1.837611] kernel: smpboot: CPU0: Intel(R) Xeon(R) Gold 6348 CPU @ 2.60GHz (family: 0x6, model: 0x6a, stepping: 0x6)
[    1.837744] kernel: Performance Events: Icelake events, 32-deep LBR, full-width counters, Intel PMU driver.
[    1.838275] kernel: ... version:                2
[    1.838276] kernel: ... bit width:              48
[    1.838277] kernel: ... generic registers:      8
[    1.838278] kernel: ... value mask:             0000ffffffffffff
[    1.838279] kernel: ... max periodV IPIs
[    0.836634] kernel: ..TIMER: vector=0x30 apic1=0 pin1=2 apic2=-1 pin2=-1
[    0.836654] kernel: clocksource: tsc-early: mask: 0xffffffffffffffff max_cycles: 0x2563bf907c6, max_idle_ns: 440795319401 ns
[    0.836661] kernel: Calibrating delay loop (skipped) preset value.. 5187.81 BogoMIPS (lpj=2593906)
[    0.836663] kernel: pid_max: default: 32768 minimum: 301
[    0.837660] kernel: LSM: Security Framework initializing
[    0.837673] kernel: SELinux:  Initializing.
[    0.837751] kernel: Mount-cache hash table entries: 32768 (order: 6, 262144 bytes, linear)
[    0.838258] kernel: Mountpoint-cache hash table entries: 32768 (order: 6, 262144 bytes, linear)
[    0.838698] kernel: x86/cpu: User Mode Instruction Prevention (UMIP) activated
[    0.838783] kernel: Last level iTLB entries: 4KB 0, 2MB 0, 4MB 0
[    0.838784] kernel: Last level dTLB entries: 4KB 0, 2MB 0, 4MB 0, 1GB 0
[    0.838794] kernel: Spectre V1 : Mitigation: usercopy/swapgs barriers and __user pointer sanitizat:             00007fffffffffff
[    1.838279] kernel: ... fixed-purpose events:   3
[    1.838280] kernel: ... event mask:             00000007000000ff
[    1.838419] kernel: rcu: Hierarchical SRCU implementation.
[    1.838771] kernel: smp: Bringing up secondary CPUs ...
[    1.838884] kernel: x86: Booting SMP configuration:
[    1.838885] kernel: .... node  #0, CPUs:      #1
[    0.024408] kernel: kvm-clock: cpu 1, msr 1a986e041, secondary cpu clock
[    0.024408] kernel: smpboot: CPU 1 Converting physical 0 to logical die 1
[    1.840252] kernel: kvm-guest: setup async PF for cpu 1
[    1.840261] kernel: kvm-guest: stealtime: cpu 1, msr 26571f140
[    1.840270] kernel: smp: Brought up 1 node, 2 CPUs
[    1.840273] kernel: smpboot: Max logical packages: 2
[    1.840274] kernel: smpboot: Total of 2 processors activated (10375.62 BogoMIPS)
[    1.842298] kernel: devtmpfs: initialized
[    1.843343] kernel: clocksource: jiffies: mask: 0xffffffff max_cycles: 0xffffffff, max_idle_ns: 191ion
[    0.838798] kernel: Spectre V2 : Mitigation: Enhanced IBRS
[    0.838799] kernel: Spectre V2 : Spectre v2 / SpectreRSB mitigation: Filling RSB on context switch
[    0.838801] kernel: Spectre V2 : mitigation: Enabling conditional Indirect Branch Prediction Barrier
[    0.838802] kernel: Speculative Store Bypass: Mitigation: Speculative Store Bypass disabled via prctl and seccomp
[    0.838803] kernel: TAA: Mitigation: TSX disabled
[    0.844679] kernel: Freeing SMP alternatives memory: 40K
[    0.844831] kernel: smpboot: CPU0: Intel(R) Xeon(R) Gold 6348 CPU @ 2.60GHz (family: 0x6, model: 0x6a, stepping: 0x6)
[    0.844969] kernel: Performance Events: Icelake events, 32-deep LBR, full-width counters, Intel PMU driver.
[    0.845723] kernel: ... version:                2
[    0.845724] kernel: ... bit width:              48
[    0.845725] kernel: ... generic registers:      8
[    0.845726] kernel: ... value mask:             0000ffffffffffff
[    0.845728] kernel: ... max period1260446275000 ns
[    1.843348] kernel: futex hash table entries: 512 (order: 3, 32768 bytes, linear)
[    1.843520] kernel: PM: RTC time: 01:47:59, date: 2023-03-11
[    1.843667] kernel: NET: Registered PF_NETLINK/PF_ROUTE protocol family
[    1.843836] kernel: audit: initializing netlink subsys (disabled)
[    1.843865] kernel: audit: type=2000 audit(1678499279.816:1): state=initialized audit_enabled=0 res=1
[    1.843865] kernel: thermal_sys: Registered thermal governor 'step_wise'
[    1.843865] kernel: thermal_sys: Registered thermal governor 'user_space'
[    1.844234] kernel: cpuidle: using governor menu
[    1.844307] kernel: ACPI: bus type PCI registered
[    1.844439] kernel: PCI: Using configuration type 1 for base access
[    1.852119] kernel: Kprobes globally optimized
[    1.855296] kernel: HugeTLB registered 2.00 MiB page size, pre-allocated 0 pages
[    1.855296] kernel: cryptomgr_test (26) used greatest stack depth: 31400 bytes left
[    1.857507] kernel: ACPI: Added:             00007fffffffffff
[    0.845728] kernel: ... fixed-purpose events:   3
[    0.845729] kernel: ... event mask:             00000007000000ff
[    0.845898] kernel: rcu: Hierarchical SRCU implementation.
[    0.846259] kernel: smp: Bringing up secondary CPUs ...
[    0.846382] kernel: x86: Booting SMP configuration:
[    0.846382] kernel: .... node  #0, CPUs:      #1
[    0.005148] kernel: kvm-clock: cpu 1, msr 2ad86e041, secondary cpu clock
[    0.005148] kernel: smpboot: CPU 1 Converting physical 0 to logical die 1
[    0.847697] kernel: kvm-guest: setup async PF for cpu 1
[    0.847707] kernel: kvm-guest: stealtime: cpu 1, msr 26391f140
[    0.847733] kernel: smp: Brought up 1 node, 2 CPUs
[    0.847738] kernel: smpboot: Max logical packages: 2
[    0.847739] kernel: smpboot: Total of 2 processors activated (10375.62 BogoMIPS)
[    0.848668] kernel: devtmpfs: initialized
[    0.850544] kernel: clocksource: jiffies: mask: 0xffffffff max_cycles: 0xffffffff, max_idle_ns: 191 _OSI(Module Device)
[    1.857507] kernel: ACPI: Added _OSI(Processor Device)
[    1.857507] kernel: ACPI: Added _OSI(3.0 _SCP Extensions)
[    1.857507] kernel: ACPI: Added _OSI(Processor Aggregator Device)
[    1.857507] kernel: ACPI: Added _OSI(Linux-Dell-Video)
[    1.857507] kernel: ACPI: Added _OSI(Linux-Lenovo-NV-HDMI-Audio)
[    1.857507] kernel: ACPI: Added _OSI(Linux-HPI-Hybrid-Graphics)
[    1.865408] kernel: ACPI: 1 ACPI AML tables successfully acquired and loaded
[    1.868662] kernel: ACPI: Interpreter enabled
[    1.868694] kernel: ACPI: PM: (supports S0 S3 S4 S5)
[    1.868696] kernel: ACPI: Using IOAPIC for interrupt routing
[    1.868728] kernel: PCI: Using host bridge windows from ACPI; if necessary, use "pci=nocrs" and report a bug
[    1.869153] kernel: ACPI: Enabled 2 GPEs in block 00 to 0F
[    1.884303] kernel: ACPI: PCI Root Bridge [PCI0] (domain 0000 [bus 00-ff])
[    1.884314] kernel: acpi PNP0A03:00: _OSC: OS supports [ASPM ClockPM Segments MSI HPX-Type3]
1260446275000 ns
[    0.850550] kernel: futex hash table entries: 512 (order: 3, 32768 bytes, linear)
[    0.850808] kernel: PM: RTC time: 01:47:58, date: 2023-03-11
[    0.850994] kernel: NET: Registered PF_NETLINK/PF_ROUTE protocol family
[    0.851170] kernel: audit: initializing netlink subsys (disabled)
[    0.851895] kernel: thermal_sys: Registered thermal governor 'step_wise'
[    0.851897] kernel: thermal_sys: Registered thermal governor 'user_space'
[    0.851931] kernel: audit: type=2000 audit(1678499278.793:1): state=initialized audit_enabled=0 res=1
[    0.851933] kernel: cpuidle: using governor menu
[    0.851933] kernel: ACPI: bus type PCI registered
[    0.851933] kernel: PCI: Using configuration type 1 for base access
[    0.859527] kernel: Kprobes globally optimized
[    0.860753] kernel: HugeTLB registered 2.00 MiB page size, pre-allocated 0 pages
[    0.860753] kernel: cryptomgr_test (26) used greatest stack depth: 31400 bytes left
[    0.862869] kernel: ACPI: Added[    1.884368] kernel: acpi PNP0A03:00: fail to add MMCONFIG information, can't access extended PCI configuration space under this bridge.
[    1.884481] kernel: PCI host bridge to bus 0000:00
[    1.884484] kernel: pci_bus 0000:00: root bus resource [io  0x0000-0x0cf7 window]
[    1.884486] kernel: pci_bus 0000:00: root bus resource [io  0x0d00-0xffff window]
[    1.884489] kernel: pci_bus 0000:00: root bus resource [mem 0x000a0000-0x000bffff window]
[    1.884490] kernel: pci_bus 0000:00: root bus resource [mem 0xc0000000-0xfebfffff window]
[    1.884492] kernel: pci_bus 0000:00: root bus resource [mem 0x2c0000000-0x33fffffff window]
[    1.884495] kernel: pci_bus 0000:00: root bus resource [bus 00-ff]
[    1.886202] kernel: pci 0000:00:00.0: [8086:1237] type 00 class 0x060000
[    1.887342] kernel: pci 0000:00:01.0: [8086:7000] type 00 class 0x060100
[    1.888053] kernel: pci 0000:00:01.1: [8086:7010] type 00 class 0x010180
[    1.890450] kernel: pci 0000:00:01.1: reg 0x20: [io  01260446275000 ns
[    1.571943] kernel: futex hash table entries: 512 (order: 3, 32768 bytes, linear)
[    1.572107] kernel: PM: RTC time: 01:47:59, date: 2023-03-11
[    1.572908] kernel: NET: Registered PF_NETLINK/PF_ROUTE protocol family
[    1.573098] kernel: audit: initializing netlink subsys (disabled)
[    1.573402] kernel: thermal_sys: Registered thermal governor 'step_wise'
[    1.573402] kernel: thermal_sys: Registered thermal governor 'user_space'
[    1.573402] kernel: audit: type=2000 audit(1678499279.433:1): state=initialized audit_enabled=0 res=1
