2023/03/09 16:23:07 fuzzer started
2023/03/09 16:23:08 dialing manager at localhost:42025
2023/03/09 16:23:08 syscalls: 130
2023/03/09 16:23:08 code coverage: enabled
2023/03/09 16:23:08 comparison tracing: enabled
2023/03/09 16:23:08 extra coverage: enabled
2023/03/09 16:23:08 setuid sandbox: enabled
2023/03/09 16:23:08 namespace sandbox: /proc/self/ns/user does not exist
2023/03/09 16:23:08 Android sandbox: /sys/fs/selinux/policy can't be opened (open /sys/fs/selinux/policy: invalid argument)
2023/03/09 16:23:08 fault injection: CONFIG_FAULT_INJECTION_DEBUG_FS or CONFIG_FAILSLAB are not enabled
2023/03/09 16:23:08 leak checking: CONFIG_DEBUG_KMEMLEAK is not enabled
2023/03/09 16:23:08 net packet injection: /dev/net/tun does not exist
2023/03/09 16:23:08 net device setup: enabled
2023/03/09 16:23:08 concurrency sanitizer: /sys/kernel/debug/kcsan does not exist
2023/03/09 16:23:08 devlink PCI setup: enabled
2023/03/09 16:23:08 USB emulation: /dev/raw-gadget does not exist
2023/03/09 16:23:08 hci packet injection: /dev/vhci does not exist
2023/03/09 16:23:08 wifi device emulation: /sys/class/mac80211_hwsim/ does not exist
2023/03/09 16:23:08 802.15.4 emulation: /sys/bus/platform/devices/mac802154_hwsim does not exist
2023/03/09 16:23:08 deserializeInput: hasCrash true hasNet false
2023/03/09 16:23:08 prog length: 6
2023/03/09 16:23:08 prog length: 6
2023/03/09 16:23:08 prog length: 5
2023/03/09 16:23:08 deserializeInput: hasCrash true hasNet false
2023/03/09 16:23:08 prog length: 6
2023/03/09 16:23:08 prog length: 3
2023/03/09 16:23:08 deserializeInput: hasCrash true hasNet false
2023/03/09 16:23:08 prog length: 6
2023/03/09 16:23:08 prog length: 6
2023/03/09 16:23:08 prog length: 5
2023/03/09 16:23:08 deserializeInput: hasCrash true hasNet false
2023/03/09 16:23:08 prog length: 6
2023/03/09 16:23:08 prog length: 6
2023/03/09 16:23:08 prog length: 5
2023/03/09 16:23:08 deserializeInput: hasCrash true hasNet false
2023/03/09 16:23:08 prog length: 6
2023/03/09 16:23:08 prog length: 6
2023/03/09 16:23:08 prog length: 5
2023/03/09 16:23:08 deserializeInput: hasCrash true hasNet false
2023/03/09 16:23:08 prog length: 6
2023/03/09 16:23:08 prog length: 6
2023/03/09 16:23:08 prog length: 5
2023/03/09 16:23:08 deserializeInput: hasCrash false hasNet false
2023/03/09 16:23:08 prog length: 1
2023/03/09 16:23:08 deserializeInput: hasCrash true hasNet false
2023/03/09 16:23:08 prog length: 6
2023/03/09 16:23:08 prog length: 3
2023/03/09 16:23:08 deserializeInput: hasCrash true hasNet false
2023/03/09 16:23:08 prog length: 6
2023/03/09 16:23:08 prog length: 3
2023/03/09 16:23:08 deserializeInput: hasCrash true hasNet false
2023/03/09 16:23:08 prog length: 6
2023/03/09 16:23:08 prog length: 6
2023/03/09 16:23:08 prog length: 6
2023/03/09 16:23:08 deserializeInput: hasCrash true hasNet false
2023/03/09 16:23:08 prog length: 6
2023/03/09 16:23:08 prog length: 3
2023/03/09 16:23:08 deserializeInput: hasCrash true hasNet false
2023/03/09 16:23:08 prog length: 6
2023/03/09 16:23:08 prog length: 6
2023/03/09 16:23:08 prog length: 5
2023/03/09 16:23:08 deserializeInput: hasCrash true hasNet false
2023/03/09 16:23:08 prog length: 6
2023/03/09 16:23:08 prog length: 3
2023/03/09 16:23:08 deserializeInput: hasCrash true hasNet false
2023/03/09 16:23:08 prog length: 6
2023/03/09 16:23:08 prog length: 17
2023/03/09 16:23:08 deserializeInput: hasCrash true hasNet false
2023/03/09 16:23:08 prog length: 6
2023/03/09 16:23:08 prog length: 6
2023/03/09 16:23:08 prog length: 5
2023/03/09 16:23:08 deserializeInput: hasCrash false hasNet false
2023/03/09 16:23:08 prog length: 1
2023/03/09 16:23:08 deserializeInput: hasCrash true hasNet false
2023/03/09 16:23:08 prog length: 6
2023/03/09 16:23:08 prog length: 6
2023/03/09 16:23:08 prog length: 5
2023/03/09 16:23:08 deserializeInput: hasCrash true hasNet false
2023/03/09 16:23:08 prog length: 6
2023/03/09 16:23:08 prog length: 6
2023/03/09 16:23:08 prog length: 5
2023/03/09 16:23:08 deserializeInput: hasCrash true hasNet false
2023/03/09 16:23:08 prog length: 6
2023/03/09 16:23:08 prog length: 3
2023/03/09 16:23:08 deserializeInput: hasCrash true hasNet false
2023/03/09 16:23:08 prog length: 6
2023/03/09 16:23:08 prog length: 3
2023/03/09 16:23:08 deserializeInput: hasCrash true hasNet false
2023/03/09 16:23:08 prog length: 6
2023/03/09 16:23:08 prog length: 3
2023/03/09 16:23:08 deserializeInput: hasCrash true hasNet false
2023/03/09 16:23:08 prog length: 6
2023/03/09 16:23:08 prog length: 3
2023/03/09 16:23:08 deserializeInput: hasCrash true hasNet false
2023/03/09 16:23:08 prog length: 6
2023/03/09 16:23:08 prog length: 3
2023/03/09 16:23:08 deserializeInput: hasCrash true hasNet false
2023/03/09 16:23:08 prog length: 6
2023/03/09 16:23:08 prog length: 6
2023/03/09 16:23:08 prog length: 5
2023/03/09 16:23:08 deserializeInput: hasCrash true hasNet false
2023/03/09 16:23:08 prog length: 6
2023/03/09 16:23:08 prog length: 3
2023/03/09 16:23:08 deserializeInput: hasCrash true hasNet false
2023/03/09 16:23:08 prog length: 6
2023/03/09 16:23:08 prog length: 3
2023/03/09 16:23:08 deserializeInput: hasCrash true hasNet false
2023/03/09 16:23:08 prog length: 6
2023/03/09 16:23:08 prog length: 3
2023/03/09 16:23:08 deserializeInput: hasCrash true hasNet false
2023/03/09 16:23:08 prog length: 6
2023/03/09 16:23:08 prog length: 3
2023/03/09 16:23:08 deserializeInput: hasCrash true hasNet false
2023/03/09 16:23:08 prog length: 6
2023/03/09 16:23:08 prog length: 6
2023/03/09 16:23:08 prog length: 6
2023/03/09 16:23:08 prog length: 7
2023/03/09 16:23:08 deserializeInput: hasCrash true hasNet false
2023/03/09 16:23:08 prog length: 6
2023/03/09 16:23:08 prog length: 3
2023/03/09 16:23:08 deserializeInput: hasCrash true hasNet false
2023/03/09 16:23:08 prog length: 6
2023/03/09 16:23:08 prog length: 3
2023/03/09 16:23:08 deserializeInput: hasCrash true hasNet false
2023/03/09 16:23:08 prog length: 6
2023/03/09 16:23:08 prog length: 5
2023/03/09 16:23:08 deserializeInput: hasCrash true hasNet false
2023/03/09 16:23:08 prog length: 6
2023/03/09 16:23:08 prog length: 3
2023/03/09 16:23:08 deserializeInput: hasCrash true hasNet false
2023/03/09 16:23:08 prog length: 6
2023/03/09 16:23:08 prog length: 6
2023/03/09 16:23:08 prog length: 5
2023/03/09 16:23:08 deserializeInput: hasCrash true hasNet false
2023/03/09 16:23:08 prog length: 6
2023/03/09 16:23:08 prog length: 3
2023/03/09 16:23:08 deserializeInput: hasCrash true hasNet false
2023/03/09 16:23:08 prog length: 6
2023/03/09 16:23:08 prog length: 4
2023/03/09 16:23:08 deserializeInput: hasCrash true hasNet false
2023/03/09 16:23:08 prog length: 6
2023/03/09 16:23:08 prog length: 8
2023/03/09 16:23:08 deserializeInput: hasCrash true hasNet false
2023/03/09 16:23:08 prog length: 6
2023/03/09 16:23:08 prog length: 6
2023/03/09 16:23:08 prog length: 10
2023/03/09 16:23:08 deserializeInput: hasCrash true hasNet false
2023/03/09 16:23:08 prog length: 6
2023/03/09 16:23:08 prog length: 3
2023/03/09 16:23:08 deserializeInput: hasCrash true hasNet false
2023/03/09 16:23:08 prog length: 6
2023/03/09 16:23:08 prog length: 3
2023/03/09 16:23:08 deserializeInput: hasCrash true hasNet false
2023/03/09 16:23:08 prog length: 6
2023/03/09 16:23:08 prog length: 3
2023/03/09 16:23:08 deserializeInput: hasCrash true hasNet false
2023/03/09 16:23:08 prog length: 6
2023/03/09 16:23:08 prog length: 6
2023/03/09 16:23:08 prog length: 5
2023/03/09 16:23:08 deserializeInput: hasCrash true hasNet false
2023/03/09 16:23:08 prog length: 6
2023/03/09 16:23:08 prog length: 6
2023/03/09 16:23:08 prog length: 5
2023/03/09 16:23:08 deserializeInput: hasCrash true hasNet false
2023/03/09 16:23:08 prog length: 6
2023/03/09 16:23:08 prog length: 3
2023/03/09 16:23:08 deserializeInput: hasCrash false hasNet false
2023/03/09 16:23:08 prog length: 3
2023/03/09 16:23:08 deserializeInput: hasCrash true hasNet false
2023/03/09 16:23:08 prog length: 6
2023/03/09 16:23:08 prog length: 3
2023/03/09 16:23:08 deserializeInput: hasCrash true hasNet false
2023/03/09 16:23:08 prog length: 6
2023/03/09 16:23:08 prog length: 3
2023/03/09 16:23:08 deserializeInput: hasCrash true hasNet false
2023/03/09 16:23:08 prog length: 6
2023/03/09 16:23:08 prog length: 6
2023/03/09 16:23:08 prog length: 15
2023/03/09 16:23:08 deserializeInput: hasCrash true hasNet false
2023/03/09 16:23:08 prog length: 6
2023/03/09 16:23:08 prog length: 3
2023/03/09 16:23:08 deserializeInput: hasCrash true hasNet false
2023/03/09 16:23:08 prog length: 6
2023/03/09 16:23:08 prog length: 3
2023/03/09 16:23:08 fetching corpus: 50, signal 4419/15401/21060 (executing program)
2023/03/09 16:23:08 deserializeInput: hasCrash true hasNet false
2023/03/09 16:23:08 prog length: 6
2023/03/09 16:23:08 prog length: 3
2023/03/09 16:23:08 deserializeInput: hasCrash false hasNet false
2023/03/09 16:23:08 prog length: 3
2023/03/09 16:23:08 deserializeInput: hasCrash true hasNet false
2023/03/09 16:23:08 prog length: 6
2023/03/09 16:23:08 prog length: 6
2023/03/09 16:23:08 prog length: 5
2023/03/09 16:23:08 deserializeInput: hasCrash true hasNet false
2023/03/09 16:23:08 prog length: 6
2023/03/09 16:23:08 prog length: 3
2023/03/09 16:23:08 deserializeInput: hasCrash true hasNet false
2023/03/09 16:23:08 prog length: 6
2023/03/09 16:23:08 prog length: 3
2023/03/09 16:23:08 deserializeInput: hasCrash true hasNet false
2023/03/09 16:23:08 prog length: 6
2023/03/09 16:23:08 prog length: 3
2023/03/09 16:23:08 deserializeInput: hasCrash true hasNet false
2023/03/09 16:23:08 prog length: 6
2023/03/09 16:23:08 prog length: 3
2023/03/09 16:23:08 deserializeInput: hasCrash true hasNet false
2023/03/09 16:23:08 prog length: 6
2023/03/09 16:23:08 prog length: 4
2023/03/09 16:23:08 deserializeInput: hasCrash true hasNet false
2023/03/09 16:23:08 prog length: 6
2023/03/09 16:23:08 prog length: 6
2023/03/09 16:23:08 prog length: 5
2023/03/09 16:23:08 deserializeInput: hasCrash true hasNet false
2023/03/09 16:23:08 prog length: 6
2023/03/09 16:23:08 prog length: 6
2023/03/09 16:23:08 prog length: 5
2023/03/09 16:23:08 deserializeInput: hasCrash true hasNet false
2023/03/09 16:23:08 prog length: 6
2023/03/09 16:23:08 prog length: 3
2023/03/09 16:23:08 deserializeInput: hasCrash true hasNet false
2023/03/09 16:23:08 prog length: 6
2023/03/09 16:23:08 prog length: 6
2023/03/09 16:23:08 prog length: 5
2023/03/09 16:23:08 deserializeInput: hasCrash true hasNet false
2023/03/09 16:23:08 prog length: 6
2023/03/09 16:23:08 prog length: 6
2023/03/09 16:23:08 prog length: 6
2023/03/09 16:23:08 prog length: 7
2023/03/09 16:23:08 deserializeInput: hasCrash true hasNet false
2023/03/09 16:23:08 prog length: 6
2023/03/09 16:23:08 prog length: 3
2023/03/09 16:23:08 deserializeInput: hasCrash true hasNet false
2023/03/09 16:23:08 prog length: 6
2023/03/09 16:23:08 prog length: 4
2023/03/09 16:23:08 deserializeInput: hasCrash true hasNet false
2023/03/09 16:23:08 prog length: 6
2023/03/09 16:23:08 prog length: 3
2023/03/09 16:23:08 deserializeInput: hasCrash true hasNet false
2023/03/09 16:23:08 prog length: 6
2023/03/09 16:23:08 prog length: 4
2023/03/09 16:23:08 deserializeInput: hasCrash true hasNet false
2023/03/09 16:23:08 prog length: 6
2023/03/09 16:23:08 prog length: 3
2023/03/09 16:23:08 deserializeInput: hasCrash false hasNet false
2023/03/09 16:23:08 prog length: 1
2023/03/09 16:23:08 deserializeInput: hasCrash true hasNet false
2023/03/09 16:23:08 prog length: 6
2023/03/09 16:23:08 prog length: 6
2023/03/09 16:23:08 prog length: 5
2023/03/09 16:23:08 deserializeInput: hasCrash true hasNet false
2023/03/09 16:23:08 prog length: 6
2023/03/09 16:23:08 prog length: 6
2023/03/09 16:23:08 prog length: 5
2023/03/09 16:23:08 deserializeInput: hasCrash true hasNet false
2023/03/09 16:23:08 prog length: 6
2023/03/09 16:23:08 prog length: 6
2023/03/09 16:23:08 prog length: 5
2023/03/09 16:23:08 deserializeInput: hasCrash true hasNet false
2023/03/09 16:23:08 prog length: 6
2023/03/09 16:23:08 prog length: 3
2023/03/09 16:23:08 deserializeInput: hasCrash true hasNet false
2023/03/09 16:23:08 prog length: 6
2023/03/09 16:23:08 prog length: 4
2023/03/09 16:23:08 deserializeInput: hasCrash false hasNet false
2023/03/09 16:23:08 prog length: 1
2023/03/09 16:23:08 deserializeInput: hasCrash true hasNet false
2023/03/09 16:23:08 prog length: 6
2023/03/09 16:23:08 prog length: 3
2023/03/09 16:23:08 deserializeInput: hasCrash true hasNet false
2023/03/09 16:23:08 prog length: 6
2023/03/09 16:23:08 prog length: 6
2023/03/09 16:23:08 prog length: 5
2023/03/09 16:23:08 deserializeInput: hasCrash true hasNet false
2023/03/09 16:23:08 prog length: 6
2023/03/09 16:23:08 prog length: 17
2023/03/09 16:23:08 deserializeInput: hasCrash true hasNet false
2023/03/09 16:23:08 prog length: 6
2023/03/09 16:23:08 prog length: 6
2023/03/09 16:23:08 prog length: 5
2023/03/09 16:23:08 deserializeInput: hasCrash true hasNet false
2023/03/09 16:23:08 prog length: 6
2023/03/09 16:23:08 prog length: 3
2023/03/09 16:23:08 deserializeInput: hasCrash true hasNet false
2023/03/09 16:23:08 prog length: 6
2023/03/09 16:23:08 prog length: 6
2023/03/09 16:23:08 prog length: 6
2023/03/09 16:23:08 deserializeInput: hasCrash true hasNet false
2023/03/09 16:23:08 prog length: 6
2023/03/09 16:23:08 prog length: 3
2023/03/09 16:23:08 deserializeInput: hasCrash true hasNet false
2023/03/09 16:23:08 prog length: 6
2023/03/09 16:23:08 prog length: 17
2023/03/09 16:23:08 deserializeInput: hasCrash true hasNet false
2023/03/09 16:23:08 prog length: 6
2023/03/09 16:23:08 prog length: 6
2023/03/09 16:23:08 prog length: 6
2023/03/09 16:23:08 deserializeInput: hasCrash true hasNet false
2023/03/09 16:23:08 prog length: 6
2023/03/09 16:23:08 prog length: 3
2023/03/09 16:23:08 deserializeInput: hasCrash true hasNet false
2023/03/09 16:23:08 prog length: 6
2023/03/09 16:23:08 prog length: 6
2023/03/09 16:23:08 prog length: 5
2023/03/09 16:23:08 deserializeInput: hasCrash true hasNet false
2023/03/09 16:23:08 prog length: 6
2023/03/09 16:23:08 prog length: 3
2023/03/09 16:23:08 deserializeInput: hasCrash true hasNet false
2023/03/09 16:23:08 prog length: 6
2023/03/09 16:23:08 prog length: 6
2023/03/09 16:23:08 prog length: 8
2023/03/09 16:23:08 deserializeInput: hasCrash true hasNet false
2023/03/09 16:23:08 prog length: 6
2023/03/09 16:23:08 prog length: 6
2023/03/09 16:23:08 prog length: 6
2023/03/09 16:23:08 prog length: 7
2023/03/09 16:23:08 deserializeInput: hasCrash true hasNet false
2023/03/09 16:23:08 prog length: 6
2023/03/09 16:23:08 prog length: 3
2023/03/09 16:23:08 deserializeInput: hasCrash true hasNet false
2023/03/09 16:23:08 prog length: 6
2023/03/09 16:23:08 prog length: 3
2023/03/09 16:23:08 deserializeInput: hasCrash true hasNet false
2023/03/09 16:23:08 prog length: 6
2023/03/09 16:23:08 prog length: 3
2023/03/09 16:23:08 deserializeInput: hasCrash true hasNet false
2023/03/09 16:23:08 prog length: 6
2023/03/09 16:23:08 prog length: 3
2023/03/09 16:23:08 deserializeInput: hasCrash true hasNet false
2023/03/09 16:23:08 prog length: 6
2023/03/09 16:23:08 prog length: 6
2023/03/09 16:23:08 prog length: 5
2023/03/09 16:23:08 deserializeInput: hasCrash true hasNet false
2023/03/09 16:23:08 prog length: 6
2023/03/09 16:23:08 prog length: 3
2023/03/09 16:23:08 deserializeInput: hasCrash true hasNet false
2023/03/09 16:23:08 prog length: 6
2023/03/09 16:23:08 prog length: 3
2023/03/09 16:23:08 deserializeInput: hasCrash true hasNet false
2023/03/09 16:23:08 prog length: 6
2023/03/09 16:23:08 prog length: 3
2023/03/09 16:23:08 deserializeInput: hasCrash true hasNet false
2023/03/09 16:23:08 prog length: 6
2023/03/09 16:23:08 prog length: 3
2023/03/09 16:23:08 deserializeInput: hasCrash true hasNet false
2023/03/09 16:23:08 prog length: 6
2023/03/09 16:23:08 prog length: 6
2023/03/09 16:23:08 prog length: 5
2023/03/09 16:23:08 deserializeInput: hasCrash true hasNet false
2023/03/09 16:23:08 prog length: 6
2023/03/09 16:23:08 prog length: 6
2023/03/09 16:23:08 prog length: 6
2023/03/09 16:23:08 prog length: 7
2023/03/09 16:23:08 fetching corpus: 100, signal 4688/16909/23948 (executing program)
2023/03/09 16:23:08 deserializeInput: hasCrash true hasNet false
2023/03/09 16:23:08 prog length: 6
2023/03/09 16:23:08 prog length: 6
2023/03/09 16:23:08 prog length: 5
2023/03/09 16:23:08 deserializeInput: hasCrash true hasNet false
2023/03/09 16:23:08 prog length: 6
2023/03/09 16:23:08 prog length: 3
2023/03/09 16:23:08 deserializeInput: hasCrash true hasNet false
2023/03/09 16:23:08 prog length: 6
2023/03/09 16:23:08 prog length: 6
2023/03/09 16:23:08 prog length: 5
2023/03/09 16:23:08 deserializeInput: hasCrash true hasNet false
2023/03/09 16:23:08 prog length: 6
2023/03/09 16:23:08 prog length: 3
2023/03/09 16:23:08 deserializeInput: hasCrash true hasNet false
2023/03/09 16:23:08 prog length: 6
2023/03/09 16:23:08 prog length: 6
2023/03/09 16:23:08 prog length: 5
2023/03/09 16:23:08 deserializeInput: hasCrash true hasNet false
2023/03/09 16:23:08 prog length: 6
2023/03/09 16:23:08 prog length: 3
2023/03/09 16:23:08 deserializeInput: hasCrash true hasNet false
2023/03/09 16:23:08 prog length: 6
2023/03/09 16:23:08 prog length: 3
2023/03/09 16:23:08 deserializeInput: hasCrash true hasNet false
2023/03/09 16:23:08 prog length: 6
2023/03/09 16:23:08 prog length: 4
2023/03/09 16:23:08 deserializeInput: hasCrash true hasNet false
2023/03/09 16:23:08 prog length: 6
2023/03/09 16:23:08 prog length: 6
2023/03/09 16:23:08 prog length: 5
2023/03/09 16:23:08 deserializeInput: hasCrash true hasNet false
2023/03/09 16:23:08 prog length: 6
2023/03/09 16:23:08 prog length: 6
2023/03/09 16:23:08 prog length: 5
2023/03/09 16:23:08 deserializeInput: hasCrash true hasNet false
2023/03/09 16:23:08 prog length: 6
2023/03/09 16:23:08 prog length: 3
2023/03/09 16:23:08 deserializeInput: hasCrash true hasNet false
2023/03/09 16:23:08 prog length: 6
2023/03/09 16:23:08 prog length: 6
2023/03/09 16:23:08 prog length: 5
2023/03/09 16:23:08 deserializeInput: hasCrash true hasNet false
2023/03/09 16:23:08 prog length: 6
2023/03/09 16:23:08 prog length: 6
2023/03/09 16:23:08 prog length: 5
2023/03/09 16:23:08 deserializeInput: hasCrash true hasNet false
2023/03/09 16:23:08 prog length: 6
2023/03/09 16:23:08 prog length: 6
2023/03/09 16:23:08 prog length: 5
2023/03/09 16:23:08 deserializeInput: hasCrash true hasNet false
2023/03/09 16:23:08 prog length: 6
2023/03/09 16:23:08 prog length: 3
2023/03/09 16:23:08 deserializeInput: hasCrash true hasNet false
2023/03/09 16:23:08 prog length: 6
2023/03/09 16:23:08 prog length: 17
2023/03/09 16:23:08 deserializeInput: hasCrash true hasNet false
2023/03/09 16:23:08 prog length: 6
2023/03/09 16:23:08 prog length: 6
2023/03/09 16:23:08 prog length: 5
2023/03/09 16:23:08 deserializeInput: hasCrash true hasNet false
2023/03/09 16:23:08 prog length: 6
2023/03/09 16:23:08 prog length: 6
2023/03/09 16:23:08 prog length: 5
2023/03/09 16:23:08 deserializeInput: hasCrash true hasNet false
2023/03/09 16:23:08 prog length: 6
2023/03/09 16:23:08 prog length: 6
2023/03/09 16:23:08 prog length: 6
2023/03/09 16:23:08 prog length: 7
2023/03/09 16:23:08 deserializeInput: hasCrash true hasNet false
2023/03/09 16:23:08 prog length: 6
2023/03/09 16:23:08 prog length: 3
2023/03/09 16:23:08 deserializeInput: hasCrash true hasNet false
2023/03/09 16:23:08 prog length: 6
2023/03/09 16:23:08 prog length: 6
2023/03/09 16:23:08 prog length: 5
2023/03/09 16:23:08 deserializeInput: hasCrash true hasNet false
2023/03/09 16:23:08 prog length: 6
2023/03/09 16:23:08 prog length: 3
2023/03/09 16:23:08 deserializeInput: hasCrash true hasNet false
2023/03/09 16:23:08 prog length: 6
2023/03/09 16:23:08 prog length: 6
2023/03/09 16:23:08 prog length: 5
2023/03/09 16:23:08 deserializeInput: hasCrash true hasNet false
2023/03/09 16:23:08 prog length: 6
2023/03/09 16:23:08 prog length: 3
2023/03/09 16:23:08 deserializeInput: hasCrash true hasNet false
2023/03/09 16:23:08 prog length: 6
2023/03/09 16:23:08 prog length: 6
2023/03/09 16:23:08 prog length: 5
2023/03/09 16:23:08 deserializeInput: hasCrash true hasNet false
2023/03/09 16:23:08 prog length: 6
2023/03/09 16:23:08 prog length: 3
2023/03/09 16:23:08 deserializeInput: hasCrash true hasNet false
2023/03/09 16:23:08 prog length: 6
2023/03/09 16:23:08 prog length: 3
2023/03/09 16:23:08 deserializeInput: hasCrash true hasNet false
2023/03/09 16:23:08 prog length: 6
2023/03/09 16:23:08 prog length: 5
2023/03/09 16:23:08 deserializeInput: hasCrash true hasNet false
2023/03/09 16:23:08 prog length: 6
2023/03/09 16:23:08 prog length: 6
2023/03/09 16:23:08 prog length: 5
2023/03/09 16:23:08 deserializeInput: hasCrash true hasNet false
2023/03/09 16:23:08 prog length: 6
2023/03/09 16:23:08 prog length: 3
2023/03/09 16:23:08 deserializeInput: hasCrash false hasNet false
2023/03/09 16:23:08 prog length: 15
2023/03/09 16:23:08 deserializeInput: hasCrash true hasNet false
2023/03/09 16:23:08 prog length: 6
2023/03/09 16:23:08 prog length: 3
2023/03/09 16:23:08 deserializeInput: hasCrash true hasNet false
2023/03/09 16:23:08 prog length: 6
2023/03/09 16:23:08 prog length: 6
2023/03/09 16:23:08 prog length: 6
2023/03/09 16:23:08 prog length: 7
2023/03/09 16:23:08 deserializeInput: hasCrash true hasNet false
2023/03/09 16:23:08 prog length: 6
2023/03/09 16:23:08 prog length: 3
2023/03/09 16:23:08 deserializeInput: hasCrash true hasNet false
2023/03/09 16:23:08 prog length: 6
2023/03/09 16:23:08 prog length: 3
2023/03/09 16:23:08 deserializeInput: hasCrash true hasNet false
2023/03/09 16:23:08 prog length: 6
2023/03/09 16:23:08 prog length: 3
2023/03/09 16:23:08 deserializeInput: hasCrash true hasNet false
2023/03/09 16:23:08 prog length: 6
2023/03/09 16:23:08 prog length: 4
2023/03/09 16:23:08 deserializeInput: hasCrash true hasNet false
2023/03/09 16:23:08 prog length: 6
2023/03/09 16:23:08 prog length: 3
2023/03/09 16:23:08 deserializeInput: hasCrash true hasNet false
2023/03/09 16:23:08 prog length: 6
2023/03/09 16:23:08 prog length: 3
2023/03/09 16:23:08 deserializeInput: hasCrash true hasNet false
2023/03/09 16:23:08 prog length: 6
2023/03/09 16:23:08 prog length: 6
2023/03/09 16:23:08 prog length: 5
2023/03/09 16:23:08 deserializeInput: hasCrash true hasNet false
2023/03/09 16:23:08 prog length: 6
2023/03/09 16:23:08 prog length: 3
2023/03/09 16:23:08 deserializeInput: hasCrash true hasNet false
2023/03/09 16:23:08 prog length: 6
2023/03/09 16:23:08 prog length: 6
2023/03/09 16:23:08 prog length: 6
2023/03/09 16:23:08 deserializeInput: hasCrash true hasNet false
2023/03/09 16:23:08 prog length: 6
2023/03/09 16:23:08 prog length: 3
2023/03/09 16:23:08 deserializeInput: hasCrash true hasNet false
2023/03/09 16:23:08 prog length: 6
2023/03/09 16:23:08 prog length: 6
2023/03/09 16:23:08 prog length: 5
2023/03/09 16:23:08 deserializeInput: hasCrash true hasNet false
2023/03/09 16:23:08 prog length: 6
2023/03/09 16:23:08 prog length: 6
2023/03/09 16:23:08 prog length: 5
2023/03/09 16:23:08 deserializeInput: hasCrash true hasNet false
2023/03/09 16:23:08 prog length: 6
2023/03/09 16:23:08 prog length: 3
2023/03/09 16:23:08 deserializeInput: hasCrash true hasNet false
2023/03/09 16:23:08 prog length: 6
2023/03/09 16:23:08 prog length: 6
2023/03/09 16:23:08 prog length: 7
2023/03/09 16:23:08 deserializeInput: hasCrash true hasNet false
2023/03/09 16:23:08 prog length: 6
2023/03/09 16:23:08 prog length: 3
2023/03/09 16:23:08 deserializeInput: hasCrash true hasNet false
2023/03/09 16:23:08 prog length: 6
2023/03/09 16:23:08 prog length: 6
2023/03/09 16:23:08 prog length: 5
2023/03/09 16:23:08 deserializeInput: hasCrash true hasNet false
2023/03/09 16:23:08 prog length: 6
2023/03/09 16:23:08 prog length: 6
2023/03/09 16:23:08 prog length: 5
2023/03/09 16:23:08 fetching corpus: 150, signal 4690/17615/25776 (executing program)
2023/03/09 16:23:09 deserializeInput: hasCrash true hasNet false
2023/03/09 16:23:09 prog length: 6
2023/03/09 16:23:09 prog length: 6
2023/03/09 16:23:09 prog length: 6
2023/03/09 16:23:09 prog length: 7
2023/03/09 16:23:09 deserializeInput: hasCrash true hasNet false
2023/03/09 16:23:09 prog length: 6
2023/03/09 16:23:09 prog length: 6
2023/03/09 16:23:09 prog length: 8
2023/03/09 16:23:09 deserializeInput: hasCrash false hasNet false
2023/03/09 16:23:09 prog length: 1
2023/03/09 16:23:09 deserializeInput: hasCrash true hasNet false
2023/03/09 16:23:09 prog length: 6
2023/03/09 16:23:09 prog length: 5
2023/03/09 16:23:09 deserializeInput: hasCrash true hasNet false
2023/03/09 16:23:09 prog length: 6
2023/03/09 16:23:09 prog length: 6
2023/03/09 16:23:09 prog length: 5
2023/03/09 16:23:09 deserializeInput: hasCrash true hasNet false
2023/03/09 16:23:09 prog length: 6
2023/03/09 16:23:09 prog length: 3
2023/03/09 16:23:09 deserializeInput: hasCrash false hasNet false
2023/03/09 16:23:09 prog length: 2
2023/03/09 16:23:09 deserializeInput: hasCrash true hasNet false
2023/03/09 16:23:09 prog length: 6
2023/03/09 16:23:09 prog length: 3
2023/03/09 16:23:09 deserializeInput: hasCrash true hasNet false
2023/03/09 16:23:09 prog length: 6
2023/03/09 16:23:09 prog length: 6
2023/03/09 16:23:09 prog length: 5
2023/03/09 16:23:09 deserializeInput: hasCrash true hasNet false
2023/03/09 16:23:09 prog length: 6
2023/03/09 16:23:09 prog length: 3
2023/03/09 16:23:09 deserializeInput: hasCrash true hasNet false
2023/03/09 16:23:09 prog length: 6
2023/03/09 16:23:09 prog length: 6
2023/03/09 16:23:09 prog length: 6
2023/03/09 16:23:09 deserializeInput: hasCrash true hasNet false
2023/03/09 16:23:09 prog length: 6
2023/03/09 16:23:09 prog length: 3
2023/03/09 16:23:09 deserializeInput: hasCrash true hasNet false
2023/03/09 16:23:09 prog length: 6
2023/03/09 16:23:09 prog length: 3
2023/03/09 16:23:09 deserializeInput: hasCrash true hasNet false
2023/03/09 16:23:09 prog length: 6
2023/03/09 16:23:09 prog length: 6
2023/03/09 16:23:09 deserializeInput: hasCrash true hasNet false
2023/03/09 16:23:09 prog length: 6
2023/03/09 16:23:09 prog length: 3
2023/03/09 16:23:09 deserializeInput: hasCrash true hasNet false
2023/03/09 16:23:09 prog length: 6
2023/03/09 16:23:09 prog length: 3
2023/03/09 16:23:09 deserializeInput: hasCrash true hasNet false
2023/03/09 16:23:09 prog length: 6
2023/03/09 16:23:09 prog length: 3
2023/03/09 16:23:09 deserializeInput: hasCrash true hasNet false
2023/03/09 16:23:09 prog length: 6
2023/03/09 16:23:09 prog length: 3
2023/03/09 16:23:09 deserializeInput: hasCrash true hasNet false
2023/03/09 16:23:09 prog length: 6
2023/03/09 16:23:09 prog length: 3
2023/03/09 16:23:09 deserializeInput: hasCrash true hasNet false
2023/03/09 16:23:09 prog length: 6
2023/03/09 16:23:09 prog length: 6
2023/03/09 16:23:09 prog length: 5
2023/03/09 16:23:09 deserializeInput: hasCrash true hasNet false
2023/03/09 16:23:09 prog length: 6
2023/03/09 16:23:09 prog length: 8
2023/03/09 16:23:09 deserializeInput: hasCrash true hasNet false
2023/03/09 16:23:09 prog length: 6
2023/03/09 16:23:09 prog length: 6
2023/03/09 16:23:09 prog length: 5
2023/03/09 16:23:09 deserializeInput: hasCrash true hasNet false
2023/03/09 16:23:09 prog length: 6
2023/03/09 16:23:09 prog length: 4
2023/03/09 16:23:09 deserializeInput: hasCrash true hasNet false
2023/03/09 16:23:09 prog length: 6
2023/03/09 16:23:09 prog length: 6
2023/03/09 16:23:09 prog length: 5
2023/03/09 16:23:09 deserializeInput: hasCrash true hasNet false
2023/03/09 16:23:09 prog length: 6
2023/03/09 16:23:09 prog length: 6
2023/03/09 16:23:09 prog length: 5
2023/03/09 16:23:09 deserializeInput: hasCrash true hasNet false
2023/03/09 16:23:09 prog length: 6
2023/03/09 16:23:09 prog length: 6
2023/03/09 16:23:09 prog length: 5
2023/03/09 16:23:09 deserializeInput: hasCrash true hasNet false
2023/03/09 16:23:09 prog length: 6
2023/03/09 16:23:09 prog length: 6
2023/03/09 16:23:09 prog length: 5
2023/03/09 16:23:09 deserializeInput: hasCrash true hasNet false
2023/03/09 16:23:09 prog length: 6
2023/03/09 16:23:09 prog length: 6
2023/03/09 16:23:09 prog length: 6
2023/03/09 16:23:09 deserializeInput: hasCrash true hasNet false
2023/03/09 16:23:09 prog length: 6
2023/03/09 16:23:09 prog length: 6
2023/03/09 16:23:09 prog length: 5
2023/03/09 16:23:09 deserializeInput: hasCrash true hasNet false
2023/03/09 16:23:09 prog length: 6
2023/03/09 16:23:09 prog length: 6
2023/03/09 16:23:09 prog length: 5
2023/03/09 16:23:09 deserializeInput: hasCrash true hasNet false
2023/03/09 16:23:09 prog length: 6
2023/03/09 16:23:09 prog length: 3
2023/03/09 16:23:09 deserializeInput: hasCrash true hasNet false
2023/03/09 16:23:09 prog length: 6
2023/03/09 16:23:09 prog length: 6
2023/03/09 16:23:09 prog length: 5
2023/03/09 16:23:09 deserializeInput: hasCrash true hasNet false
2023/03/09 16:23:09 prog length: 6
2023/03/09 16:23:09 prog length: 6
2023/03/09 16:23:09 prog length: 5
2023/03/09 16:23:09 deserializeInput: hasCrash true hasNet false
2023/03/09 16:23:09 prog length: 6
2023/03/09 16:23:09 prog length: 3
2023/03/09 16:23:09 deserializeInput: hasCrash true hasNet false
2023/03/09 16:23:09 prog length: 6
2023/03/09 16:23:09 prog length: 6
2023/03/09 16:23:09 prog length: 5
2023/03/09 16:23:09 deserializeInput: hasCrash true hasNet false
2023/03/09 16:23:09 prog length: 6
2023/03/09 16:23:09 prog length: 3
2023/03/09 16:23:09 deserializeInput: hasCrash true hasNet false
2023/03/09 16:23:09 prog length: 6
2023/03/09 16:23:09 prog length: 6
2023/03/09 16:23:09 prog length: 5
2023/03/09 16:23:09 deserializeInput: hasCrash true hasNet false
2023/03/09 16:23:09 prog length: 6
2023/03/09 16:23:09 prog length: 6
2023/03/09 16:23:09 prog length: 6
2023/03/09 16:23:09 deserializeInput: hasCrash true hasNet false
2023/03/09 16:23:09 prog length: 6
2023/03/09 16:23:09 prog length: 17
2023/03/09 16:23:09 deserializeInput: hasCrash true hasNet false
2023/03/09 16:23:09 prog length: 6
2023/03/09 16:23:09 prog length: 6
2023/03/09 16:23:09 prog length: 5
2023/03/09 16:23:09 deserializeInput: hasCrash true hasNet false
2023/03/09 16:23:09 prog length: 6
2023/03/09 16:23:09 prog length: 6
2023/03/09 16:23:09 prog length: 5
2023/03/09 16:23:09 deserializeInput: hasCrash true hasNet false
2023/03/09 16:23:09 prog length: 6
2023/03/09 16:23:09 prog length: 4
2023/03/09 16:23:09 deserializeInput: hasCrash true hasNet false
2023/03/09 16:23:09 prog length: 6
2023/03/09 16:23:09 prog length: 3
2023/03/09 16:23:09 deserializeInput: hasCrash true hasNet false
2023/03/09 16:23:09 prog length: 6
2023/03/09 16:23:09 prog length: 3
2023/03/09 16:23:09 deserializeInput: hasCrash true hasNet false
2023/03/09 16:23:09 prog length: 6
2023/03/09 16:23:09 prog length: 6
2023/03/09 16:23:09 prog length: 5
2023/03/09 16:23:09 deserializeInput: hasCrash true hasNet false
2023/03/09 16:23:09 prog length: 6
2023/03/09 16:23:09 prog length: 6
2023/03/09 16:23:09 prog length: 5
2023/03/09 16:23:09 deserializeInput: hasCrash true hasNet false
2023/03/09 16:23:09 prog length: 6
2023/03/09 16:23:09 prog length: 3
2023/03/09 16:23:09 deserializeInput: hasCrash true hasNet false
2023/03/09 16:23:09 prog length: 6
2023/03/09 16:23:09 prog length: 3
2023/03/09 16:23:09 deserializeInput: hasCrash true hasNet false
2023/03/09 16:23:09 prog length: 6
2023/03/09 16:23:09 prog length: 6
2023/03/09 16:23:09 prog length: 5
2023/03/09 16:23:09 deserializeInput: hasCrash true hasNet false
2023/03/09 16:23:09 prog length: 6
2023/03/09 16:23:09 prog length: 6
2023/03/09 16:23:09 prog length: 5
2023/03/09 16:23:09 fetching corpus: 200, signal 4690/18319/27544 (executing program)
2023/03/09 16:23:09 deserializeInput: hasCrash true hasNet false
2023/03/09 16:23:09 prog length: 6
2023/03/09 16:23:09 prog length: 3
2023/03/09 16:23:09 deserializeInput: hasCrash true hasNet false
2023/03/09 16:23:09 prog length: 6
2023/03/09 16:23:09 prog length: 3
2023/03/09 16:23:09 deserializeInput: hasCrash true hasNet false
2023/03/09 16:23:09 prog length: 6
2023/03/09 16:23:09 prog length: 6
2023/03/09 16:23:09 prog length: 5
2023/03/09 16:23:09 deserializeInput: hasCrash true hasNet false
2023/03/09 16:23:09 prog length: 6
2023/03/09 16:23:09 prog length: 6
2023/03/09 16:23:09 prog length: 6
2023/03/09 16:23:09 prog length: 7
2023/03/09 16:23:09 deserializeInput: hasCrash true hasNet false
2023/03/09 16:23:09 prog length: 6
2023/03/09 16:23:09 prog length: 4
2023/03/09 16:23:09 deserializeInput: hasCrash true hasNet false
2023/03/09 16:23:09 prog length: 6
2023/03/09 16:23:09 prog length: 17
2023/03/09 16:23:09 deserializeInput: hasCrash true hasNet false
2023/03/09 16:23:09 prog length: 6
2023/03/09 16:23:09 prog length: 3
2023/03/09 16:23:09 deserializeInput: hasCrash false hasNet false
2023/03/09 16:23:09 prog length: 1
2023/03/09 16:23:09 deserializeInput: hasCrash true hasNet false
2023/03/09 16:23:09 prog length: 6
2023/03/09 16:23:09 prog length: 3
2023/03/09 16:23:09 deserializeInput: hasCrash true hasNet false
2023/03/09 16:23:09 prog length: 6
2023/03/09 16:23:09 prog length: 4
2023/03/09 16:23:09 deserializeInput: hasCrash true hasNet false
2023/03/09 16:23:09 prog length: 6
2023/03/09 16:23:09 prog length: 3
2023/03/09 16:23:09 deserializeInput: hasCrash true hasNet false
2023/03/09 16:23:09 prog length: 6
2023/03/09 16:23:09 prog length: 3
2023/03/09 16:23:09 deserializeInput: hasCrash true hasNet false
2023/03/09 16:23:09 prog length: 6
2023/03/09 16:23:09 prog length: 3
2023/03/09 16:23:09 deserializeInput: hasCrash true hasNet false
2023/03/09 16:23:09 prog length: 6
2023/03/09 16:23:09 prog length: 3
2023/03/09 16:23:09 deserializeInput: hasCrash true hasNet false
2023/03/09 16:23:09 prog length: 6
2023/03/09 16:23:09 prog length: 3
2023/03/09 16:23:09 deserializeInput: hasCrash true hasNet false
2023/03/09 16:23:09 prog length: 6
2023/03/09 16:23:09 prog length: 3
2023/03/09 16:23:09 deserializeInput: hasCrash true hasNet false
2023/03/09 16:23:09 prog length: 6
2023/03/09 16:23:09 prog length: 3
2023/03/09 16:23:09 deserializeInput: hasCrash true hasNet false
2023/03/09 16:23:09 prog length: 6
2023/03/09 16:23:09 prog length: 6
2023/03/09 16:23:09 prog length: 5
2023/03/09 16:23:09 deserializeInput: hasCrash true hasNet false
2023/03/09 16:23:09 prog length: 6
2023/03/09 16:23:09 prog length: 3
2023/03/09 16:23:09 deserializeInput: hasCrash true hasNet false
2023/03/09 16:23:09 prog length: 6
2023/03/09 16:23:09 prog length: 3
2023/03/09 16:23:09 deserializeInput: hasCrash true hasNet false
2023/03/09 16:23:09 prog length: 6
2023/03/09 16:23:09 prog length: 3
2023/03/09 16:23:09 deserializeInput: hasCrash true hasNet false
2023/03/09 16:23:09 prog length: 6
2023/03/09 16:23:09 prog length: 3
2023/03/09 16:23:09 deserializeInput: hasCrash true hasNet false
2023/03/09 16:23:09 prog length: 6
2023/03/09 16:23:09 prog length: 6
2023/03/09 16:23:09 prog length: 6
2023/03/09 16:23:09 prog length: 7
2023/03/09 16:23:09 deserializeInput: hasCrash true hasNet false
2023/03/09 16:23:09 prog length: 6
2023/03/09 16:23:09 prog length: 3
2023/03/09 16:23:09 deserializeInput: hasCrash true hasNet false
2023/03/09 16:23:09 prog length: 6
2023/03/09 16:23:09 prog length: 3
2023/03/09 16:23:09 fetching corpus: 225, signal 4690/19498/29632 (executing program)
2023/03/09 16:23:09 fetching corpus: 225, signal 4690/19498/30752 (executing program)
2023/03/09 16:23:09 fetching corpus: 225, signal 4690/19498/31859 (executing program)
2023/03/09 16:23:09 fetching corpus: 225, signal 4690/19498/32969 (executing program)
2023/03/09 16:23:09 fetching corpus: 225, signal 4690/19498/34069 (executing program)
2023/03/09 16:23:09 fetching corpus: 225, signal 4690/19498/35183 (executing program)
2023/03/09 16:23:09 fetching corpus: 225, signal 4690/19498/36324 (executing program)
2023/03/09 16:23:09 fetching corpus: 225, signal 4690/19498/37456 (executing program)
2023/03/09 16:23:09 fetching corpus: 225, signal 4690/19498/38592 (executing program)
2023/03/09 16:23:09 fetching corpus: 225, signal 4690/19498/39733 (executing program)
2023/03/09 16:23:09 fetching corpus: 225, signal 4690/19498/40857 (executing program)
2023/03/09 16:23:09 fetching corpus: 225, signal 4690/19498/41253 (executing program)
2023/03/09 16:23:09 fetching corpus: 225, signal 4690/19498/41253 (executing program)
2023/03/09 16:23:09 starting 1 fuzzer processes
2023/03/09 16:23:09 ----- generateCall 2781 readlinkat readlinkat
2023/03/09 16:23:09 ----- generateCall 2814 rmdir rmdir
2023/03/09 16:23:09 ----- generateCall 516 getxattr getxattr
2023/03/09 16:23:09 ----- generateCall 2374 mkdirat mkdirat
2023/03/09 16:23:09 ----- generateCall 2458 open open
2023/03/09 16:23:09 ----- generateCall 3678 setxattr$user setxattr$user
2023/03/09 16:23:09 ----- generateCall 2342 lgetxattr lgetxattr
2023/03/09 16:23:09 ----- generateCall 3664 setxattr$incfs_metadata setxattr$incfs_metadata
2023/03/09 16:23:09 ----- generateCall 2353 lsetxattr$security_evm lsetxattr$security_evm
2023/03/09 16:23:09 ----- generateCall 2360 lsetxattr$trusted_overlay_opaque lsetxattr$trusted_overlay_opaque
2023/03/09 16:23:09 ----- generateCall 234 fsetxattr$security_ima fsetxattr$security_ima
2023/03/09 16:23:09 ----- generateCall 216 fdatasync fdatasync
2023/03/09 16:23:09 ----- generateCall 2342 lgetxattr lgetxattr
2023/03/09 16:23:09 ----- generateCall 2780 readlink readlink
2023/03/09 16:23:09 ----- generateCall 2462 openat openat
2023/03/09 16:23:09 ----- generateCall 3764 symlink symlink
2023/03/09 16:23:09 ----- generateCall 3667 setxattr$security_evm setxattr$security_evm
2023/03/09 16:23:09 ----- generateCall 248 fstat fstat
2023/03/09 16:23:09 map[./file0:true ./file0/file0:true ./file0/file0/file0:true ./file0/file1:true]
2023/03/09 16:23:09 HasCrashFail: false, .HasNetFail: false
2023/03/09 16:23:09 prog length: 20
2023/03/09 16:23:09 HasCrashFail:false HasNetFail:false
16:23:09 ---executing program 0:
---
---
---
r0 = openat(0xffffffffffffffff, &(0x7f0000000000)='./file0\x00', 0x0, 0x4)
readlinkat(r0, &(0x7f0000000040)='./file0\x00', &(0x7f0000000080)=""/181, 0xb5)
rmdir(&(0x7f0000000140)='./file0\x00')
getxattr(&(0x7f0000000180)='./file0\x00', &(0x7f00000001c0)=@random={'btrfs.', '\x00'}, &(0x7f0000000200)=""/133, 0x85)
r1 = dup2(r0, r0)
mkdirat(r1, &(0x7f00000002c0)='./file0\x00', 0xe4)
r2 = open(&(0x7f0000000300)='./file0\x00', 0x400000, 0x6e)
setxattr$user(&(0x7f0000000340)='./file0/file0\x00', &(0x7f0000000380), &(0x7f00000003c0)='\x00', 0x1, 0x3)
lgetxattr(&(0x7f0000000400)='./file0/file0\x00', &(0x7f0000000440)=@known='user.incfs.id\x00', &(0x7f0000000480)=""/233, 0xe9)
setxattr$incfs_metadata(&(0x7f0000000580)='./file0\x00', &(0x7f00000005c0), &(0x7f0000000600)="3a8a643c7e86e1744efeaa7fb557a999a04c9f126a5855573ff0f84107c6f0ace75cb626", 0x24, 0x1)
lsetxattr$security_evm(&(0x7f0000000640)='./file0/file0\x00', &(0x7f0000000680), &(0x7f00000006c0)=@md5={0x1, "82ea65fccaf84d93b9d93f3a5a0d7d09"}, 0x11, 0x4)
lsetxattr$trusted_overlay_opaque(&(0x7f0000000700)='./file0/file1\x00', &(0x7f0000000740), &(0x7f0000000780), 0x2, 0x3)
fsetxattr$security_ima(r2, 0x0, &(0x7f00000007c0)=@md5={0x1, "f36bed517e8f4d9e3961ddd4e7c1af3f"}, 0x11, 0x0)
fdatasync(r2)
lgetxattr(&(0x7f0000000800)='./file0/file0\x00', &(0x7f0000000840)=@random={'btrfs.', 'security.evm\x00'}, &(0x7f0000000880)=""/122, 0x7a)
readlink(&(0x7f0000000900)='./file0/file0/file0\x00', &(0x7f0000000940)=""/108, 0x6c)
openat(r0, &(0x7f00000009c0)='./file0/file1\x00', 0x200c40, 0xa0)
symlink(&(0x7f0000000a00)='./file0/file0\x00', &(0x7f0000000a40)='.\x00')
setxattr$security_evm(&(0x7f0000000a80)='./file0/file0\x00', &(0x7f0000000ac0), &(0x7f0000000b00)=@v2={0x3, 0x2, 0x8, 0x6d, 0x6a, "396824ba42e2baaafa07497f923b731adacaad7f7011fc129eaa5420636d25eeec2f708b50e29c7c6374af67afdb3f19b56aa8ef3efdd37764c86ba28d5024eb9e3a7594e641023eca193a0d72cb3458b341f1f13bf9dd2829344e4650e49c3476bed1ab07e34e8795a5"}, 0x73, 0x2)
fstat(r1, &(0x7f0000000b80))
---

end of program
2023/03/09 16:23:09 -----run executor: [/usr/bin/ssh -F /dev/null -o ConnectionAttempts=100 -o ConnectTimeout=120 -o UserKnownHostsFile=/dev/null -o BatchMode=yes -o IdentitiesOnly=yes -o StrictHostKeyChecking=no -o ConnectTimeout=100 -i /home/tlyu/dfs-fuzzing/disk-images/orangefs-images/focal.id_rsa root@192.168.0.35 /root/syz-executor exec 0 0 orangefs 3 4 192.168.0.35 0 "3 1" false false false true false]
2023/03/09 16:23:09 -----run executor: [/usr/bin/ssh -F /dev/null -o ConnectionAttempts=100 -o ConnectTimeout=120 -o UserKnownHostsFile=/dev/null -o BatchMode=yes -o IdentitiesOnly=yes -o StrictHostKeyChecking=no -o ConnectTimeout=100 -i /home/tlyu/dfs-fuzzing/disk-images/orangefs-images/focal.id_rsa root@192.168.0.36 /root/syz-executor exec 0 1 orangefs 3 4 192.168.0.35 0 "3 1" false false false true false]
2023/03/09 16:23:09 -----run executor: [/usr/bin/ssh -F /dev/null -o ConnectionAttempts=100 -o ConnectTimeout=120 -o UserKnownHostsFile=/dev/null -o BatchMode=yes -o IdentitiesOnly=yes -o StrictHostKeyChecking=no -o ConnectTimeout=100 -i /home/tlyu/dfs-fuzzing/disk-images/orangefs-images/focal.id_rsa root@192.168.0.37 /root/syz-executor exec 0 2 orangefs 3 4 192.168.0.35 0 "3 1" false false false true false]
2023/03/09 16:23:09 -----run executor: [/usr/bin/ssh -F /dev/null -o ConnectionAttempts=100 -o ConnectTimeout=120 -o UserKnownHostsFile=/dev/null -o BatchMode=yes -o IdentitiesOnly=yes -o StrictHostKeyChecking=no -o ConnectTimeout=100 -i /home/tlyu/dfs-fuzzing/disk-images/orangefs-images/focal.id_rsa root@192.168.0.38 /root/syz-executor exec 1 3 orangefs 3 4 192.168.0.35 0 "3 1" false false false true false]
Warning: Permanently added '192.168.0.37' (ECDSA) to the list of known hosts.
Warning: Permanently added '192.168.0.36' (ECDSA) to the list of known hosts.
Warning: Permanently added '192.168.0.35' (ECDSA) to the list of known hosts.
Warning: Permanently added '192.168.0.38' (ECDSA) to the list of known hosts.
----- is restarting 0
---- dfs_name orangefs is_dfs_client 0
unlink FIFO failed: No such file or directory
executor 2 finishes userspace_cover_open
before receiving handshake request
req.flags ea2
[    0.000000] kernel: Linux version 5.15.0+ (tlyu@IC-RS3-DPC07) (gcc (Ubuntu 9.4.0-1ubuntu1~20.04.1) 9.4.0, GNU ld (GNU Binutils for Ubuntu) 2.34) #7 SMP Sat Feb 18 10:18:37 CET 2023
[    0.000000] kernel: Command line: root=/dev/sda console=ttyS0 net.ifnames=0 ip=192.168.0.37 quiet
[    0.000000] kernel: x86/fpu: Supporting XSAVE feature 0x001: 'x87 floating point registers'
[    0.000000] kernel: x86/fpu: Supporting XSAVE feature 0x002: 'SSE registers'
[    0.000000] kernel: x86/fpu: Supporting XSAVE feature 0x004: 'AVX registers'
[    0.000000] kernel: x86/fpu: Supporting XSAVE feature 0x020: 'AVX-512 opmask'
[    0.000000] kernel: x86/fpu: Supporting XSAVE feature 0x040: 'AVX-512 Hi256'
[    0.000000] kernel: x86/fpu: Supporting XSAVE feature 0x080: 'AVX-512 ZMM_Hi256'
[    0.000000] kernel: x86/fpu: Supporting XSAVE feature 0x200: 'Protection Keys User registers'
[    0.000000] kernel: x86/fpu: xstate_offset[2]:  576, xstate_sizes[2]:  256
[    0.000000] kernel: x86/fpu: xstate_[D 01/16/2023 17:42:13] PVFS2 Server version 2.9.7-orangefs-REV-65ab0d2 starting.
[E 01/16/2023 17:43:19] PVFS2 server got signal 15 (server_status_flag: 2080767)
[D 02/18/2023 14:39:31] PVFS2 Server version 2.9.7-orangefs-REV-65ab0d2 starting.
[D 02/18/2023 14:47:30] PVFS2 received server: signal 1
[E 02/18/2023 14:47:30] PVFS2 server got signal 15 (server_status_flag: 2080767)
offset[5]:  832, xstate_sizes[5]:   64
[    0.000000] kernel: x86/fpu: xstate_offset[6]:  896, xstate_sizes[6]:  512
[    0.000000] kernel: x86/fpu: xstate_offset[7]: 1408, xstate_sizes[7]: 1024
[    0.000000] kernel: x86/fpu: xstate_offset[9]: 2432, xstate_sizes[9]:    8
[    0.000000] kernel: x86/fpu: Enabled xstate features 0x2e7, context size is 2440 bytes, using 'compacted' format.
[    0.000000] kernel: signal: max sigframe size: 3632
[    0.000000] kernel: BIOS-provided physical RAM map:
[    0.000000] kernel: BIOS-e820: [mem 0x0000000000000000-0x000000000009fbff] usable
[    0.000000] kernel: BIOS-e820: [mem 0x000000000009fc00-0x000000000009ffff] reserved
[    0.000000] kernel: BIOS-e820: [mem 0x00000000000f0000-0x00000000000fffff] reserved
[    0.000000] kernel: BIOS-e820: [mem 0x0000000000100000-0x00000000bffdffff] usable
[    0.000000] kernel: BIOS-e820: [mem 0x00000000bffe0000-0x00000000bfffffff] reserved
[    0.000000] kernel: BIOS-e820: [mem 0x00000000feffc000-0x00000000feffffff] reserved
[    0.000000] kernel: BIOS-e820: [mem 0x00000000fffc0000-0x00000000ffffffff] reserved
[    0.000000] kernel: BIOS-e820: [mem 0x0000000100000000-0x00000002bfffffff] usable
[    0.000000] kernel: NX (Execute Disable) protection: active
[    0.000000] kernel: SMBIOS 2.8 present.
[    0.000000] kernel: DMI: QEMU Standard PC (i440FX + PIIX, 1996), BIOS 1.13.0-1ubuntu1.1 04/01/2014
[    0.000000] kernel: Hypervisor detected: KVM
[    0.000000] kernel: kvm-clock: Using msrs 4b564d01 and 4b564d00
[    0.000000] kernel: kvm-clock: cpu 0, msr 3e66e001, primary cpu clock
[    0.000002] kernel: kvm-clock: using sched offset of 407620391 cycles
[    0.000004] kernel: clocksource: kvm-clock: mask: 0xffffffffffffffff max_cycles: 0x1cd42e4dffb, max_idle_ns: 881590591483 ns
[    0.000006] kernel: tsc: Detected 2593.906 MHz processor
[    0.000425] kernel: e820: update [mem 0x00000000-0x00000fff] usable ==> reserved
[    0.000427] kernel: e820: remove [mem 0x000a0000-0x000fffff] usable
[    0.000430] kernel: last_pfn = 0x2c0000 max_arch_pfn = 0x10000000000
[    0.000480] kernel: x86/PAT: Configuration [0-7]: WB  WC  UC- UC  WB  WP  UC- WT  
[    0.000485] kernel: last_pfn = 0xbffe0 max_arch_pfn = 0x10000000000
[    0.004660] kernel: found SMP MP-table at [mem 0x000f5c80-0x000f5c8f]
[    0.004690] kernel: Using GB pages for direct mapping
[    0.005568] kernel: ACPI: Early table checksum verification disabled
[    0.005574] kernel: ACPI: RSDP 0x00000000000F5A50 000014 (v00 BOCHS )
[    0.005583] kernel: ACPI: RSDT 0x00000000BFFE15C9 000030 (v01 BOCHS  BXPCRSDT 00000001 BXPC 00000001)
[    0.005590] kernel: ACPI: FACP 0x00000000BFFE149D 000074 (v01 BOCHS  BXPCFACP 00000001 BXPC 00000001)
[    0.005595] kernel: ACPI: DSDT 0x00000000BFFE0040 00145D (v01 BOCHS  BXPCDSDT 00000001 BXPC 00000001)
[    0.005598] kernel: ACPI: FACS 0x00000000BFFE0000 000040
[    0.005601] kernel: ACPI: APIC 0x00000000BFFE1511 000080 (v01 BOCHS  BXPCAPIC 00000001 BXPC 00000001)
[    0.005603] kernel: ACPI: HPET 0x00000000BFFE1591 000038 (v01 BOCHS  BXPCHPET 00000001 BXPC 00000001)
[    0.005605] kernel: ACPI: Reserving FACP table memory at [mem 0xbffe149d-0xbffe1510]
[    0.005607] kernel: ACPI: Reserving DSDT table memory at [mem 0xbffe0040-0xbffe149c]
[    0.005608] kernel: ACPI: Reserving FACS table memory at [mem 0xbffe0000-0xbffe003f]
[    0.005609] kernel: ACPI: Reserving APIC table memory at [mem 0xbffe1511-0xbffe1590]
[    0.005610] kernel: ACPI: Reserving HPET table memory at [mem 0xbffe1591-0xbffe15c8]
[    0.005870] kernel: No NUMA configuration found
[    0.005871] kernel: Faking a node at [mem 0x0000000000000000-0x00000002bfffffff]
[    0.005874] kernel: NODE_DATA(0) allocated [mem 0x2bfffa000-0x2bfffdfff]
[    0.005950] kernel: Zone ranges:
[    0.005951] kernel:   DMA      [mem 0x0000000000001000-0x0000000000ffffff]
[    0.005952] kernel:   DMA32    [mem 0x0000000001000000-0x00000000ffffffff]
[    0.005954] kernel:   Normal   [mem 0x0000000100000000-0x00000002bfffffff]
[    0.005955] kernel: Movable zone start for each node
[    0.005955] kernel: Early memory node ranges
[    0.005956] kernel:   node   0: [mem 0x0000000000001000-0x000000000009efff]
[    0.005957] kernel:   node   0: [mem 0x0000000000100000-0x00000000bffdffff]
[    0.005958] kernel:   node   0: [mem 0x0000000100000000-0x00000002bfffffff]
[    0.005959] kernel: Initmem setup node 0 [mem 0x0000000000001000-0x00000002bfffffff]
[    0.006684] kernel: On node 0, zone DMA: 1 pages in unavailable ranges
[    0.006695] kernel: On node 0, zone DMA: 97 pages in unavailable ranges
[    0.072700] kernel: On node 0, zone Normal: 32 pages in unavailable ranges
[    0.610823] kernel: kasan: KernelAddressSanitizer initialized
[    0.611162] kernel: ACPI: PM-Timer IO Port: 0x608
[    0.611169] kernel: ACPI: LAPIC_NMI (acpi_id[0xff] dfl dfl lint[0x1])
[    0.611209] kernel: IOAPIC[0]: apic_id 0, version 17, address 0xfec00000, GSI 0-23
[    0.611212] kernel: ACPI: INT_SRC_OVR (bus 0 bus_irq 0 global_irq 2 dfl dfl)
[    0.611213] kernel: ACPI: INT_SRC_OVR (bus 0 bus_irq 5 global_irq 5 high level)
[    0.611215] kernel: ACPI: INT_SRC_OVR (bus 0 bus_irq 9 global_irq 9 high level)
[    0.611216] kernel: ACPI: INT_SRC_OVR (bus 0 bus_irq 10 global_irq 10 high level)
[    0.611217] kernel: ACPI: INT_SRC_OVR (bus 0 bus_irq 11 global_irq 11 high level)
[    0.611220] kernel: ACPI: Using ACPI (MADT) for SMP configuration information
[    0.611222] kernel: ACPI: HPET id: 0x8086a201 base: 0xfed00000
[    0.611225] kernel: TSC deadline timer available
[    0.611227] kernel: smpboot: Allowing 2 CPUs, 0 hotplug CPUs
[    0.611249] kernel: kvm-guest: KVM setup pv remote TLB flush
[    0.611253] kernel: kvm-guest: setup PV sched yield
[    0.611261] kernel: PM: hibernation: Registered nosave memory: [mem 0x00000000-0x00000fff]
[    0.611263] kernel: PM: hibernation: Registered nosave memory: [mem 0x0009f000-0x0009ffff]
[    0.611264] kernel: PM: hibernation: Registered nosave memory: [mem 0x000a0000-0x000effff]
[    0.611264] kernel: PM: hibernation: Registered nosave memory: [mem 0x000f0000-0x000fffff]
[    0.611265] kernel: PM: hibernation: Registered nosave memory: [mem 0xbffe0000-0xbfffffff]
[    0.611266] kernel: PM: hibernation: Registered nosave memory: [mem 0xc0000000-0xfeffbfff]
[    0.611267] kernel: PM: hibernation: Registered nosave memory: [mem 0xfeffc000-0xfeffffff]
[    0.611267] kernel: PM: hibernation: Registered nosave memory: [mem 0xff000000-0xfffbffff]
[    0.611268] kernel: PM: hibernation: Registered nosave memory: [mem 0xfffc0000-0xffffffff]
[    0.611269] kernel: [mem 0xc0000000-0xfeffbfff] available for PCI devices
[    0.611270] kernel: Booting paravirtualized kernel on KVM
[    0.611272] kernel: clocksource: refined-jiffies: mask: 0xffffffff max_cycles: 0xffffffff, max_idle_ns: 1910969940391419 ns
[    0.615398] kernel: setup_percpu: NR_CPUS:64 nr_cpumask_bits:64 nr_cpu_ids:2 nr_node_ids:1
[    0.616447] kernel: percpu: Embedded 56 pages/cpu s191576 r8192 d29608 u1048576
[    0.616454] kernel: pcpu-alloc: s191576 r8192 d29608 u1048576 alloc=1*2097152
[    0.616457] kernel: pcpu-alloc: [0] 0 1 
[    0.616483] kernel: kvm-guest: setup async PF for cpu 0
[    0.616489] kernel: kvm-guest: stealtime: cpu 0, msr 26561f140
[    0.616493] kernel: Built 1 zonelists, mobility grouping on.  Total pages: 2580192
[    0.616494] kernel: Policy zone: Normal
[    0.616496] kernel: Kernel command line: root=/dev/sda console=ttyS0 net.ifnames=0 ip=192.168.0.37 quiet
[    0.623968] kernel: Dentry cache hash table entries: 2097152 (order: 12, 16777216 bytes, linear)
[    0.630265] kernel: Inode-cache hash table entries: 1048576 (order: 11, 8388608 bytes, linear)
[    0.630331] kernel: mem auto-init: stack:off, heap alloc:off, heap free:off
[    0.888527] kernel: Memory: 8872644K/10485240K available (14348K kernel code, 2403K rwdata, 3568K rodata, 1384K init, 1732K bss, 1612396K reserved, 0K cma-reserved)
[    0.888653] kernel: SLUB: ----- is restarting 0
---- dfs_name orangefs is_dfs_client 1
before receiving handshake request
[    0.000000] kernel: Linux version 5.15.0+ (tlyu@IC-RS3-DPC07) (gcc (Ubuntu 9.4.0-1ubuntu1~20.04.1) 9.4.0, GNU ld (GNU Binutils for Ubuntu) 2.34) #7 SMP Sat Feb 18 10:18:37 CET 2023
[    0.000000] kernel: Command line: root=/dev/sda console=ttyS0 net.ifnames=0 ip=192.168.0.38 quiet
[    0.000000] kernel: x86/fpu: Supporting XSAVE feature 0x001: 'x87 floating point registers'
[    0.000000] kernel: x86/fpu: Supporting XSAVE feature 0x002: 'SSE registers'
[    0.000000] kernel: x86/fpu: Supporting XSAVE feature 0x004: 'AVX registers'
[    0.000000] kernel: x86/fpu: Supporting XSAVE feature 0x020: 'AVX-512 opmask'
[    0.000000] kernel: x86/fpu: Supporting XSAVE feature 0x040: 'AVX-512 Hi256'
[    0.000000] kernel: x86/fpu: Supporting XSAVE feature 0x080: 'AVX-512 ZMM_Hi256'
[    0.000000] kernel: x86/fpu: Supporting XSAVE feature 0x200: 'Protection Keys User registers'
[    0.000000] kernel: x86/fpu: xstate_offset[2]:  576, xstate_sizes[2]:  256
[    0.000000] kernel: x86/fpu: xstate_req.flags ea2
offset[5]:  832, xstate_sizes[5]:   64
[    0.000000] kernel: x86/fpu: xstate_offset[6]:  896, xstate_sizes[6]:  512
[    0.000000] kernel: x86/fpu: xstate_offset[7]: 1408, xstate_sizes[7]: 1024
[    0.000000] kernel: x86/fpu: xstate_offset[9]: 2432, xstate_sizes[9]:    8
[    0.000000] kernel: x86/fpu: Enabled xstate features 0x2e7, context size is 2440 bytes, using 'compacted' format.
[    0.000000] kernel: signal: max sigframe size: 3632
[    0.000000] kernel: BIOS-provided physical RAM map:
[    0.000000] kernel: BIOS-e820: [mem 0x0000000000000000-0x000000000009fbff] usable
[    0.000000] kernel: BIOS-e820: [mem 0x000000000009fc00-0x000000000009ffff] reserved
[    0.000000] kernel: BIOS-e820: [mem 0x00000000000f0000-0x00000000000fffff] reserved
[    0.000000] kernel: BIOS-e820: [mem 0x0000000000100000-0x00000000bffdffff] usable
[    0.000000] kernel: BIOS-e820: [mem 0x00000000bffe0000-0x00000000bfffffff] reserved
[    0.000000] kernel: BIOS-e820: [mem 0x00000000feffc000-0x00000000[D 01/16/2023 17:42:13] PVFS2 Server version 2.9.7-orangefs-REV-65ab0d2 starting.
[E 01/16/2023 17:43:19] PVFS2 server got signal 15 (server_status_flag: 2080767)
[D 02/18/2023 14:39:31] PVFS2 Server version 2.9.7-orangefs-REV-65ab0d2 starting.
[D 02/18/2023 14:47:30] PVFS2 received server: signal 1
[E 02/18/2023 14:47:30] PVFS2 server got signal 15 (server_status_flag: 2080767)
feffffff] reserved
[    0.000000] kernel: BIOS-e820: [mem 0x00000000fffc0000-0x00000000ffffffff] reserved
[    0.000000] kernel: BIOS-e820: [mem 0x0000000100000000-0x00000002bfffffff] usable
[    0.000000] kernel: NX (Execute Disable) protection: active
[    0.000000] kernel: SMBIOS 2.8 present.
[    0.000000] kernel: DMI: QEMU Standard PC (i440FX + PIIX, 1996), BIOS 1.13.0-1ubuntu1.1 04/01/2014
[    0.000000] kernel: Hypervisor detected: KVM
[    0.000000] kernel: kvm-clock: Using msrs 4b564d01 and 4b564d00
[    0.000000] kernel: kvm-clock: cpu 0, msr 1f5a6e001, primary cpu clock
[    0.000001] kernel: kvm-clock: using sched offset of 364934542 cycles
[    0.000002] kernel: clocksource: kvm-clock: mask: 0xffffffffffffffff max_cycles: 0x1cd42e4dffb, max_idle_ns: 881590591483 ns
[    0.000004] kernel: tsc: Detected 2593.906 MHz processor
[    0.000411] kernel: e820: update [mem 0x00000000-0x00000fff] usable ==> reserved
[    0.000413] kernel: e820: remove [mem 0x000a0000-0x000fffff] usable
[    0.000416] kernel: last_pfn = 0x2c0000 max_arch_pfn = 0x10000000000
[    0.000460] kernel: x86/PAT: Configuration [0-7]: WB  WC  UC- UC  WB  WP  UC- WT  
[    0.000466] kernel: last_pfn = 0xbffe0 max_arch_pfn = 0x10000000000
[    0.005639] kernel: found SMP MP-table at [mem 0x000f5c80-0x000f5c8f]
[    0.005658] kernel: Using GB pages for direct mapping
[    0.005775] kernel: ACPI: Early table checksum verification disabled
[    0.005777] kernel: ACPI: RSDP 0x00000000000F5A50 000014 (v00 BOCHS )
[    0.005785] kernel: ACPI: RSDT 0x00000000BFFE15C9 000030 (v01 BOCHS  BXPCRSDT 00000001 BXPC 00000001)
[    0.005790] kernel: ACPI: FACP 0x00000000BFFE149D 000074 (v01 BOCHS  BXPCFACP 00000001 BXPC 00000001)
[    0.005795] kernel: ACPI: DSDT 0x00000000BFFE0040 00145D (v01 BOCHS  BXPCDSDT 00000001 BXPC 00000001)
[    0.005798] kernel: ACPI: FACS 0x00000000BFFE0000 000040
[    0.005800] kernel: ACPI: APIC 0x00000000BFFE1511 000080 (v01 BOCHS  BXPCAPIC 00000001 BXPC 00000001)
[    0.005802] kernel: ACPI: HPET 0x00000000BFFE1591 000038 (v01 BOCHS  BXPCHPET 00000001 BXPC 00000001)
[    0.005804] kernel: ACPI: Reserving FACP table memory at [mem 0xbffe149d-0xbffe1510]
[    0.005805] kernel: ACPI: Reserving DSDT table memory at [mem 0xbffe0040-0xbffe149c]
[    0.005806] kernel: ACPI: Reserving FACS table memory at [mem 0xbffe0000-0xbffe003f]
[    0.005807] kernel: ACPI: Reserving APIC table memory at [mem 0xbffe1511-0xbffe1590]
[    0.005807] kernel: ACPI: Reserving HPET table memory at [mem 0xbffe1591-0xbffe15c8]
[    0.006054] kernel: No NUMA configuration found
[    0.006055] kernel: Faking a node at [mem 0x0000000000000000-0x00000002bfffffff]
[    0.006057] kernel: NODE_DATA(0) allocated [mem 0x2bfffc000-0x2bfffffff]
[    0.006663] kernel: Zone ranges:
[    0.006664] kernel:   DMA      [mem 0x0000000000001000-0x0000000000ffffff]
[    0.006666] kernel:   DMA32    [mem 0x0000000001000000-0x00000000ffffffff]
[    0.006667] kernel:   Normal   [mem 0x0000000100000000-0x00000002bfffffff]
[    0.006668] kernel: Movable zone start for each node
[    0.006669] kernel: Early memory node ranges
[    0.006669] kernel:   node   0: [mem 0x0000000000001000-0x000000000009efff]
[    0.006670] kernel:   node   0: [mem 0x0000000000100000-0x00000000bffdffff]
[    0.006671] kernel:   node   0: [mem 0x0000000100000000-0x00000002bfffffff]
[    0.006672] kernel: Initmem setup node 0 [mem 0x0000000000001000-0x00000002bfffffff]
[    0.007169] kernel: On node 0, zone DMA: 1 pages in unavailable ranges
[    0.007180] kernel: On node 0, zone DMA: 97 pages in unavailable ranges
[    0.072382] kernel: On node 0, zone Normal: 32 pages in unavailable ranges
[    0.613973] kernel: kasan: KernelAddressSanitizer initialized
[    0.614311] kernel: ACPI: PM-Timer IO Port: 0x608
[    0.614318] kernel: ACPI: LAPIC_NMI (acpi_id[0xff] dfl dfl lint[0x1])
[    0.614357] kernel: IOAPIC[0]: apic_id 0, version 17, address 0xfec00000, GSI 0-23
[    0.614359] kernel: ACPI: INT_SRC_OVR (bus 0 bus_irq 0 global_irq 2 dfl dfl)
[    0.614361] kernel: ACPI: INT_SRC_OVR (bus 0 bus_irq 5 global_irq 5 high level)
[    0.614362] kernel: ACPI: INT_SRC_OVR (bus 0 bus_irq 9 global_irq 9 high level)
[    0.614363] kernel: ACPI: INT_SRC_OVR (bus 0 bus_irq 10 global_irq 10 high level)
[    0.614364] kernel: ACPI: INT_SRC_OVR (bus 0 bus_irq 11 global_irq 11 high level)
[    0.614367] kernel: ACPI: Using ACPI (MADT) for SMP configuration information
[    0.614368] kernel: ACPI: HPET id: 0x8086a201 base: 0xfed00000
[    0.614372] kernel: TSC deadline timer available
[    0.614373] kernel: smpboot: Allowing 2 CPUs, 0 hotplug CPUs
[    0.614395] kernel: kvm-guest: KVM setup pv remote TLB flush
[    0.614399] kernel: kvm-guest: setup PV sched yield
[    0.614406] kernel: PM: hibernation: Registered nosave memory: [mem 0x00000000-0x00000fff]
[    0.614408] kernel: PM: hibernation: Registered nosave memory: [mem 0x0009f000-0x0009ffff]
[    0.614408] kernel: PM: hibernation: Registered nosave memory: [mem 0x000a0000-0x000effff]
[    0.614409] kernel: PM: hibernation: Registered nosave memory: [mem 0x000f0000-0x000fffff]
[    0.614410] kernel: PM: hibernation: Registered nosave memory: [mem 0xbffe0000-0xbfffffff]
[    0.614411] kernel: PM: hibernation: Registered nosave memory: [mem 0xc0000000-0xfeffbfff]
[    0.614411] kernel: PM: hibernation: Registered nosave memory: [mem 0xfeffc000-0xfeffffff]
[    0.614412] kernel: PM: hibernation: Registered nosave memory: [mem 0xff000000-0xfffbffff]
[    0.614412] kernel: PM: hibernation: Registered nosave memory: [mem 0xfffc0000-0xffffffff]
[    0.614414] kernel: [mem 0xc0000000-0xfeffbfff] available for PCI devices
[    0.614415] kernel: Booting paravirtualized kernel on KVM
[    0.614418] kernel: clocksource: refined-jiffies: mask: 0xffffffff max_cycles: 0xffffffff, max_idle_ns: 1910969940391419 ns
[    0.618380] kernel: setup_percpu: NR_CPUS:64 nr_cpumask_bits:64 nr_cpu_ids:2 nr_node_ids:1
[    0.619115] kernel: percpu: Embedded 56 pHWalign=64, Order=0-3, MinObjects=0, CPUs=2, Nodes=1
[    0.889250] kernel: rcu: Hierarchical RCU implementation.
[    0.889252] kernel: rcu:         RCU event tracing is enabled.
[    0.889253] kernel: rcu:         RCU restricting CPUs from NR_CPUS=64 to nr_cpu_ids=2.
[    0.889255] kernel: rcu: RCU calculated value of scheduler-enlistment delay is 100 jiffies.
[    0.889256] kernel: rcu: Adjusting geometry for rcu_fanout_leaf=16, nr_cpu_ids=2
[    0.891950] kernel: NR_IRQS: 4352, nr_irqs: 440, preallocated irqs: 16
[    0.892158] kernel: random: get_random_bytes called from start_kernel+0x4b1/0x67a with crng_init=0
[    0.896079] kernel: Console: colour VGA+ 80x25
[    0.896128] kernel: printk: console [ttyS0] enabled
[    0.896147] kernel: ACPI: Core revision 20210730
[    0.896283] kernel: clocksource: hpet: mask: 0xffffffff max_cycles: 0xffffffff, max_idle_ns: 19112604467 ns
[    0.896365] kernel: APIC: Switch to symmetric I/O mode setup
[    0.896368] kernel: kvm-guest: setup PV IPIs
[    0.897328] kernel: ..TIMER: vector=0x30 apic1=0 pin1=2 apic2=-1 pin2=-1
[    0.897348] kernel: clocksource: tsc-early: mask: 0xffffffffffffffff max_cycles: 0x2563bf907c6, max_idle_ns: 440795319401 ns
[    0.897354] kernel: Calibrating delay loop (skipped) preset value.. 5187.81 BogoMIPS (lpj=2593906)
[    0.897357] kernel: pid_max: default: 32768 minimum: 301
[    0.898381] kernel: LSM: Security Framework initializing
[    0.898393] kernel: SELinux:  Initializing.
[    0.898472] kernel: Mount-cache hash table entries: 32768 (order: 6, 262144 bytes, linear)
[    0.899002] kernel: Mountpoint-cache hash table entries: 32768 (order: 6, 262144 bytes, linear)
[    0.899363] kernel: x86/cpu: User Mode Instruction Prevention (UMIP) activated
[    0.899442] kernel: Last level iTLB entries: 4KB 0, 2MB 0, 4MB 0
[    0.899443] kernel: Last level dTLB entries: 4KB 0, 2MB 0, 4MB 0, 1GB 0
[    0.899452] kernel: Spectre V1 : Mitigation: usercopy/swapgs barriers and __user pointer sanitization
[    0.899456] kernel: Spectre V2 : Mitigation: Enhanced IBRS
[    0.899457] kernel: Spectre V2 : Spectre v2 / SpectreRSB mitigation: Filling RSB on context switch
[    0.899458] kernel: Spectre V2 : mitigation: Enabling conditional Indirect Branch Prediction Barrier
[    0.899460] kernel: Speculative Store Bypass: Mitigation: Speculative Store Bypass disabled via prctl and seccomp
[    0.899460] kernel: TAA: Mitigation: TSX disabled
[    0.903950] kernel: Freeing SMP alternatives memory: 40K
[    0.904092] kernel: smpboot: CPU0: Intel(R) Xeon(R) Gold 6348 CPU @ 2.60GHz (family: 0x6, model: 0x6a, stepping: 0x6)
[    0.904211] kernel: Performance Events: Icelake events, 32-deep LBR, full-width counters, Intel PMU driver.
[    0.904302] kernel: ... version:                2
[    0.904303] kernel: ... bit width:              48
[    0.904304] kernel: ... generic registers:      8
[    0.904304] kernel: ... value mask:             0000ffffffffffff
[    0.904305] kernel: ... max period:             00007fffffffffff
[    0.904306] kernel: ... fixed-purpose events:   3
[    0.904307] kernel: ... event mask:             00000007000000ff
[    0.904351] kernel: rcu: Hierarchical SRCU implementation.
[    0.904351] kernel: smp: Bringing up secondary CPUs ...
[    0.904351] kernel: x86: Booting SMP configuration:
[    0.904351] kernel: .... node  #0, CPUs:      #1
[    0.005224] kernel: kvm-clock: cpu 1, msr 3e66e041, secondary cpu clock
[    0.005224] kernel: smpboot: CPU 1 Converting physical 0 to logical die 1
[    0.914395] kernel: kvm-guest: setup async PF for cpu 1
[    0.914395] kernel: kvm-guest: stealtime: cpu 1, msr 26571f140
[    0.914395] kernel: smp: Brought up 1 node, 2 CPUs
[    0.914395] kernel: smpboot: Max logical packages: 2
[    0.914395] kernel: smpboot: Total of 2 processors activated (10375.62 BogoMIPS)
[    0.914873] kernel: devtmpfs: initialized
[    0.915495] kernel: clocksource: jiffies: mask: 0xffffffff max_cycles: 0xffffffff, max_idle_ns: 1911260446275000 ns
[    0.915495] kernel: futex hash table entries: 512 (order: 3, 32768 bytes, linear)
[    0.915625] kernel: PM: RTC time: 15:22:56, date: 2023-03-09
[    0.916445] kernel: NET: Registered PF_NETLINK/PF_ROUTE protocol family
[    0.916644] kernel: audit: initializing netlink subsys (disabled)
[    0.917387] kernel: audit: type=2000 audit(1678375376.617:1): state=initialized audit_enabled=0 res=1
[    0.918454] kernel: thermal_sys: Registered thermal governor 'step_wise'
[    0.918455] kernel: thermal_sys: Registered thermal governor 'user_space'
[    0.919375] kernel: cpuidle: using governor menu
[    0.920395] kernel: ACPI: bus type PCI registered
[    0.920580] kernel: PCI: Using configuration type 1 for base access
[    0.926045] kernel: Kprobes globally optimized
[    0.931403] kernel: HugeTLB registered 2.00 MiB page size, pre-allocated 0 pages
[    0.931487] kernel: cryptomgr_test (26) used greatest stack depth: 31400 bytes left
[    0.933471] kernel: ACPI: Added _ages/cpu s191576 r8192 d29608 u1048576
[    0.619120] kernel: pcpu-alloc: s191576 r8192 d29608 u1048576 alloc=1*2097152
[    0.619122] kernel: pcpu-alloc: [0] 0 1 
[    0.619146] kernel: kvm-guest: setup async PF for cpu 0
[    0.619152] kernel: kvm-guest: stealtime: cpu 0, msr 26561f140
[    0.619156] kernel: Built 1 zonelists, mobility grouping on.  Total pages: 2580192
[    0.619157] kernel: Policy zone: Normal
[    0.619158] kernel: Kernel command line: root=/dev/sda console=ttyS0 net.ifnames=0 ip=192.168.0.38 quiet
[    0.625176] kernel: Dentry cache hash table entries: 2097152 (order: 12, 16777216 bytes, linear)
[    0.628133] kernel: Inode-cache hash table entries: 1048576 (order: 11, 8388608 bytes, linear)
[    0.628189] kernel: mem auto-init: stack:off, heap alloc:off, heap free:off
[    0.905868] kernel: Memory: 8872652K/10485240K available (14348K kernel code, 2403K rwdata, 3568K rodata, 1384K init, 1732K bss, 1612388K reserved, 0K cma-reserved)
[    0.905957] kernel: SLUB:OSI(Module Device)
[    0.933471] kernel: ACPI: Added _OSI(Processor Device)
[    0.933471] kernel: ACPI: Added _OSI(3.0 _SCP Extensions)
[    0.933471] kernel: ACPI: Added _OSI(Processor Aggregator Device)
[    0.933471] kernel: ACPI: Added _OSI(Linux-Dell-Video)
[    0.933471] kernel: ACPI: Added _OSI(Linux-Lenovo-NV-HDMI-Audio)
[    0.933471] kernel: ACPI: Added _OSI(Linux-HPI-Hybrid-Graphics)
[    0.941272] kernel: ACPI: 1 ACPI AML tables successfully acquired and loaded
[    0.945181] kernel: ACPI: Interpreter enabled
[    0.945214] kernel: ACPI: PM: (supports S0 S3 S4 S5)
[    0.945215] kernel: ACPI: Using IOAPIC for interrupt routing
[    0.945262] kernel: PCI: Using host bridge windows from ACPI; if necessary, use "pci=nocrs" and report a bug
[    0.945744] kernel: ACPI: Enabled 2 GPEs in block 00 to 0F
[    0.959992] kernel: ACPI: PCI Root Bridge [PCI0] (domain 0000 [bus 00-ff])
[    0.960019] kernel: acpi PNP0A03:00: _OSC: OS supports [ASPM ClockPM Segments MSI HPX-Type3]
[  HWalign=64, Order=0-3, MinObjects=0, CPUs=2, Nodes=1
[    0.906602] kernel: rcu: Hierarchical RCU implementation.
[    0.906604] kernel: rcu:         RCU event tracing is enabled.
[    0.906604] kernel: rcu:         RCU restricting CPUs from NR_CPUS=64 to nr_cpu_ids=2.
[    0.906606] kernel: rcu: RCU calculated value of scheduler-enlistment delay is 100 jiffies.
[    0.906607] kernel: rcu: Adjusting geometry for rcu_fanout_leaf=16, nr_cpu_ids=2
[    0.910997] kernel: NR_IRQS: 4352, nr_irqs: 440, preallocated irqs: 16
[    0.911206] kernel: random: get_random_bytes called from start_kernel+0x4b1/0x67a with crng_init=0
[    0.915054] kernel: Console: colour VGA+ 80x25
[    0.915099] kernel: printk: console [ttyS0] enabled
[    0.915116] kernel: ACPI: Core revision 20210730
[    0.915252] kernel: clocksource: hpet: mask: 0xffffffff max_cycles: 0xffffffff, max_idle_ns: 19112604467 ns
[    0.915335] kernel: APIC: Switch to symmetric I/O mode setup
[    0.915338] kernel: kvm-guest: setup PV IPIs
[    0.916173] kernel: ..TIMER: vector=0x30 apic1=0 pin1=2 apic2=-1 pin2=-1
[    0.916192] kernel: clocksource: tsc-early: mask: 0xffffffffffffffff max_cycles: 0x2563bf907c6, max_idle_ns: 440795319401 ns
[    0.916198] kernel: Calibrating delay loop (skipped) preset value.. 5187.81 BogoMIPS (lpj=2593906)
[    0.916200] kernel: pid_max: default: 32768 minimum: 301
[    0.916232] kernel: LSM: Security Framework initializing
[    0.916244] kernel: SELinux:  Initializing.
[    0.916325] kernel: Mount-cache hash table entries: 32768 (order: 6, 262144 bytes, linear)
[    0.917678] kernel: Mountpoint-cache hash table entries: 32768 (order: 6, 262144 bytes, linear)
[    0.918083] kernel: x86/cpu: User Mode Instruction Prevention (UMIP) activated
[    0.918163] kernel: Last level iTLB entries: 4KB 0, 2MB 0, 4MB 0
[    0.918164] kernel: Last level dTLB entries: 4KB 0, 2MB 0, 4MB 0, 1GB 0
[    0.918174] kernel: Spectre V1 : Mitigation: usercopy/swapgs barriers and __user pointer sanitizat   0.960063] kernel: acpi PNP0A03:00: fail to add MMCONFIG information, can't access extended PCI configuration space under this bridge.
[    0.960242] kernel: PCI host bridge to bus 0000:00
[    0.960245] kernel: pci_bus 0000:00: root bus resource [io  0x0000-0x0cf7 window]
[    0.960247] kernel: pci_bus 0000:00: root bus resource [io  0x0d00-0xffff window]
[    0.960249] kernel: pci_bus 0000:00: root bus resource [mem 0x000a0000-0x000bffff window]
[    0.960251] kernel: pci_bus 0000:00: root bus resource [mem 0xc0000000-0xfebfffff window]
[    0.960253] kernel: pci_bus 0000:00: root bus resource [mem 0x2c0000000-0x33fffffff window]
[    0.960255] kernel: pci_bus 0000:00: root bus resource [bus 00-ff]
[    0.960935] kernel: pci 0000:00:00.0: [8086:1237] type 00 class 0x060000
[    0.962207] kernel: pci 0000:00:01.0: [8086:7000] type 00 class 0x060100
[    0.963311] kernel: pci 0000:00:01.1: [8086:7010] type 00 class 0x010180
[    0.965961] kernel: pci 0000:00:01.1: reg 0x20: [io  0xc040-0xc04f]
[    0.966964] kernel: pci 0000:00:01.1: legacy IDE quirk: reg 0x10: [io  0x01f0-0x01f7]
[    0.966967] kernel: pci 0000:00:01.1: legacy IDE quirk: reg 0x14: [io  0x03f6]
[    0.966968] kernel: pci 0000:00:01.1: legacy IDE quirk: reg 0x18: [io  0x0170-0x0177]
[    0.966969] kernel: pci 0000:00:01.1: legacy IDE quirk: reg 0x1c: [io  0x0376]
[    0.968140] kernel: pci 0000:00:01.3: [8086:7113] type 00 class 0x068000
[    0.968486] kernel: pci 0000:00:01.3: quirk: [io  0x0600-0x063f] claimed by PIIX4 ACPI
[    0.968493] kernel: pci 0000:00:01.3: quirk: [io  0x0700-0x070f] claimed by PIIX4 SMB
[    0.969524] kernel: pci 0000:00:02.0: [1234:1111] type 00 class 0x030000
[    0.971015] kernel: pci 0000:00:02.0: reg 0x10: [mem 0xfd000000-0xfdffffff pref]
[    0.973126] kernel: pci 0000:00:02.0: reg 0x18: [mem 0xfeb90000-0xfeb90fff]
[    0.975740] kernel: pci 0000:00:02.0: reg 0x30: [mem 0xfeb80000-0xfeb8ffff pref]
[    0.976670] kernel: pci 0000:00:03.0: [1af4:1005] type 00 class 0x00ff00
[    0.977355] kernel: pci 0000:00:03.0: reg 0x10: [io  0xc000-0xc01f]
[    0.980244] kernel: pci 0000:00:03.0: reg 0x20: [mem 0xfe200000-0xfe203fff 64bit pref]
[    0.982409] kernel: pci 0000:00:04.0: [1af4:1000] type 00 class 0x020000
[    0.983346] kernel: pci 0000:00:04.0: reg 0x10: [io  0xc020-0xc03f]
[    0.984128] kernel: pci 0000:00:04.0: reg 0x14: [mem 0xfeb91000-0xfeb91fff]
[    0.986173] kernel: pci 0000:00:04.0: reg 0x20: [mem 0xfe204000-0xfe207fff 64bit pref]
[    0.986758] kernel: pci 0000:00:04.0: reg 0x30: [mem 0xfeb00000-0xfeb7ffff pref]
[    0.987841] kernel: pci 0000:00:10.0: [1af4:1110] type 00 class 0x050000
[    0.988355] kernel: pci 0000:00:10.0: reg 0x10: [mem 0xfeb92000-0xfeb920ff]
[    0.989830] kernel: pci 0000:00:10.0: reg 0x18: [mem 0xfe000000-0xfe0fffff 64bit pref]
[    0.992481] kernel: pci 0000:00:11.0: [1af4:1110] type 00 class 0x050000
[    0.993026] kernel: pci 0000:00:11.0: reg 0x10: [mem 0xfeb93000-0xfeb930ff]
[    0.993822] kernel: pci 00ion
[    0.918178] kernel: Spectre V2 : Mitigation: Enhanced IBRS
[    0.918179] kernel: Spectre V2 : Spectre v2 / SpectreRSB mitigation: Filling RSB on context switch
[    0.918181] kernel: Spectre V2 : mitigation: Enabling conditional Indirect Branch Prediction Barrier
[    0.918182] kernel: Speculative Store Bypass: Mitigation: Speculative Store Bypass disabled via prctl and seccomp
[    0.918197] kernel: TAA: Mitigation: TSX disabled
[    0.923546] kernel: Freeing SMP alternatives memory: 40K
[    0.923690] kernel: smpboot: CPU0: Intel(R) Xeon(R) Gold 6348 CPU @ 2.60GHz (family: 0x6, model: 0x6a, stepping: 0x6)
[    0.923812] kernel: Performance Events: Icelake events, 32-deep LBR, full-width counters, Intel PMU driver.
[    0.924250] kernel: ... version:                2
[    0.924251] kernel: ... bit width:              48
[    0.924252] kernel: ... generic registers:      8
[    0.924253] kernel: ... value mask:             0000ffffffffffff
[    0.924254] kernel: ... max period----- is restarting 0
---- dfs_name orangefs is_dfs_client 0
00:00:11.0: reg 0x18: [mem 0xfe208000-0xfe2083ff 64bit pref]
[    0.995865] kernel: pci 0000:00:12.0: [1af4:1110] type 00 class 0x050000
[    0.996355] kernel: pci 0000:00:12.0: reg 0x10: [mem 0xfeb94000-0xfeb940ff]
[    0.997354] kernel: pci 0000:00:12.0: reg 0x18: [mem 0xfe100000-0xfe1fffff 64bit pref]
[    1.002251] kernel: ACPI: PCI: Interrupt link LNKA configured for IRQ 10
[    1.002609] kernel: ACPI: PCI: Interrupt link LNKB configured for IRQ 10
[    1.002919] kernel: ACPI: PCI: Interrupt link LNKC configured for IRQ 11
[    1.003225] kernel: ACPI: PCI: Interrupt link LNKD configured for IRQ 11
[    1.003346] kernel: ACPI: PCI: Interrupt link LNKS configured for IRQ 9
[    1.003936] kernel: iommu: Default domain type: Translated 
[    1.003938] kernel: iommu: DMA domain TLB invalidation policy: lazy mode 
[    1.004028] kernel: pci 0000:00:02.0: vgaarb: setting as boot VGA device
[    1.004029] kernel: pci 0000:00:02.0: vgaarb: VGA device added: decodes=io+mem,owns=io+mem,lock----- is restarting 0
---- dfs_name orangefs is_dfs_client 0
unlink FIFO failed: No such file or directory
executor 1 finishes userspace_cover_open
before receiving handshake request
req.flags ea2
[    0.000000] kernel: Linux version 5.15.0+ (tlyu@IC-RS3-DPC07) (gcc (Ubuntu 9.4.0-1ubuntu1~20.04.1) 9.4.0, GNU ld (GNU Binutils for Ubuntu) 2.34) #7 SMP Sat Feb 18 10:18:37 CET 2023
[    0.000000] kernel: Command line: root=/dev/sda console=ttyS0 net.ifnames=0 ip=192.168.0.36 quiet
[    0.000000] kernel: x86/fpu: Supporting XSAVE feature 0x001: 'x87 floating point registers'
[    0.000000] kernel: x86/fpu: Supporting XSAVE feature 0x002: 'SSE registers'
[    0.000000] kernel: x86/fpu: Supporting XSAVE feature 0x004: 'AVX registers'
[    0.000000] kernel: x86/fpu: Supporting XSAVE feature 0x020: 'AVX-512 opmask'
[    0.000000] kernel: x86/fpu: Supporting XSAVE feature 0x040: 'AVX-512 Hi256'
[    0.000000] kernel: x86/fpu: Supporting XSAVE feature 0x080: 'AVX-512 ZMM_Hi256'
[    0.000000] kernel: x86/fpu: Supporting XSAVE feature 0x200: 'Protection Keys User registers'
[    0.000000] kernel: x86/fpu: xstate_offset[2]:  576, xstate_sizes[2]:  256
[    0.000000] kernel: x86/fpu: xstate_offset[5]:  832, xstate_sizes[5]:   64
[    0.000000] kernel: x86/fpu: xstate_offset[6]:  896, xstate_sizes[6]:  512
[    0.000000] kernel: x86/fpu: xstate_offset[7]: 1408, xstate_sizes[7]: 1024
[    0.000000] kernel: x86/fpu: xstate_offset[9]: 2432, xstate_sizes[9]:    8
[    0.000000] kernel: x86/fpu: Enabled xstate features 0x2e7, context size is 2440 bytes, using 'compacted' format.
[    0.000000] kernel: signal: max sigframe size: 3632
[    0.000000] kernel: BIOS-provided physical RAM map:
[    0.000000] kernel: BIOS-e820: [mem 0x0000000000000000-0x000000000009fbff] usable
[    0.000000] kernel: BIOS-e820: [mem 0x000000000009fc00-0x000000000009ffff] reserved
[    0.000000] kernel: BIOS-e820: [mem 0x00000000000f0000-0x00000000000fffff] reserved
[    0.000000] kernel: BIOS-e820: [mem 0x0000000000100000-0x00000000bffdffff] usable
[    0.000000] kernel: BIOS-e820: [mem 0x00000000bffe0000-0x00000000bfffffff] reserved
[    0.000000] kernel: BIOS-e820: [mem 0x00000000feffc000-0x00000000[D 01/16/2023 17:42:13] PVFS2 Server version 2.9.7-orangefs-REV-65ab0d2 starting.
[E 01/16/2023 17:43:19] PVFS2 server got signal 15 (server_status_flag: 2080767)
[D 02/18/2023 14:39:31] PVFS2 Server version 2.9.7-orangefs-REV-65ab0d2 starting.
[D 02/18/2023 14:47:30] PVFS2 received server: signal 1
[E 02/18/2023 14:47:30] PVFS2 server got signal 15 (server_status_flag: 2080767)
:             00007fffffffffff
[    0.924255] kernel: ... fixed-purpose events:   3
[    0.924256] kernel: ... event mask:             00000007000000ff
[    0.924423] kernel: rcu: Hierarchical SRCU implementation.
[    0.924783] kernel: smp: Bringing up secondary CPUs ...
[    0.924902] kernel: x86: Booting SMP configuration:
[    0.924903] kernel: .... node  #0, CPUs:      #1
[    0.005019] kernel: kvm-clock: cpu 1, msr 1f5a6e041, secondary cpu clock
[    0.005019] kernel: smpboot: CPU 1 Converting physical 0 to logical die 1
[    0.927222] kernel: kvm-guest: setup async PF for cpu 1
[    0.927230] kernel: kvm-guest: stealtime: cpu 1, msr 26571f140
[    0.927230] kernel: smp: Brought up 1 node, 2 CPUs
[    0.927230] kernel: smpboot: Max logical packages: 2
[    0.927230] kernel: smpboot: Total of 2 processors activated (10375.62 BogoMIPS)
[    0.928202] kernel: devtmpfs: initialized
[    0.929312] kernel: clocksource: jiffies: mask: 0xffffffff max_cycles: 0xffffffff, max_idle_ns: 191feffffff] reserved
[    0.000000] kernel: BIOS-e820: [mem 0x00000000fffc0000-0x00000000ffffffff] reserved
[    0.000000] kernel: BIOS-e820: [mem 0x0000000100000000-0x00000002bfffffff] usable
[    0.000000] kernel: NX (Execute Disable) protection: active
[    0.000000] kernel: SMBIOS 2.8 present.
[    0.000000] kernel: DMI: QEMU Standard PC (i440FX + PIIX, 1996), BIOS 1.13.0-1ubuntu1.1 04/01/2014
[    0.000000] kernel: Hypervisor detected: KVM
[    0.000000] kernel: kvm-clock: Using msrs 4b564d01 and 4b564d00
[    0.000000] kernel: kvm-clock: cpu 0, msr 149e6e001, primary cpu clock
[    0.000001] kernel: kvm-clock: using sched offset of 395938359 cycles
[    0.000002] kernel: clocksource: kvm-clock: mask: 0xffffffffffffffff max_cycles: 0x1cd42e4dffb, max_idle_ns: 881590591483 ns
[    0.000004] kernel: tsc: Detected 2593.906 MHz processor
[    0.000439] kernel: e820: update [mem 0x00000000-0x00000fff] usable ==> reserved
[    0.000442] kernel: e820: remove [mem 0x000a0000-0x000fffff] usable
[    0.000445] kernel: last_pfn = 0x2c0000 max_arch_pfn = 0x10000000000
[    0.000493] kernel: x86/PAT: Configuration [0-7]: WB  WC  UC- UC  WB  WP  UC- WT  
[    0.000498] kernel: last_pfn = 0xbffe0 max_arch_pfn = 0x10000000000
[    0.004802] kernel: found SMP MP-table at [mem 0x000f5c80-0x000f5c8f]
[    0.004823] kernel: Using GB pages for direct mapping
[    0.004944] kernel: ACPI: Early table checksum verification disabled
[    0.004948] kernel: ACPI: RSDP 0x00000000000F5A50 000014 (v00 BOCHS )
[    0.004957] kernel: ACPI: RSDT 0x00000000BFFE15C9 000030 (v01 BOCHS  BXPCRSDT 00000001 BXPC 00000001)
[    0.004962] kernel: ACPI: FACP 0x00000000BFFE149D 000074 (v01 BOCHS  BXPCFACP 00000001 BXPC 00000001)
[    0.004967] kernel: ACPI: DSDT 0x00000000BFFE0040 00145D (v01 BOCHS  BXPCDSDT 00000001 BXPC 00000001)
[    0.004969] kernel: ACPI: FACS 0x00000000BFFE0000 000040
[    0.004971] kernel: ACPI: APIC 0x00000000BFFE1511 000080 (v01 BOCHS  BXPCAPIC 00000001 BXPC 00000001)
[    0.0041260446275000 ns
[    0.929317] kernel: futex hash table entries: 512 (order: 3, 32768 bytes, linear)
[    0.929470] kernel: PM: RTC time: 15:22:56, date: 2023-03-09
[    0.930272] kernel: NET: Registered PF_NETLINK/PF_ROUTE protocol family
[    0.930455] kernel: audit: initializing netlink subsys (disabled)
[    0.930493] kernel: thermal_sys: Registered thermal governor 'step_wise'
[    0.930493] kernel: thermal_sys: Registered thermal governor 'user_space'
[    0.930493] kernel: audit: type=2000 audit(1678375376.546:1): state=initialized audit_enabled=0 res=1
[    0.930493] kernel: cpuidle: using governor menu
[    0.930493] kernel: ACPI: bus type PCI registered
[    0.930493] kernel: PCI: Using configuration type 1 for base access
[    0.937228] kernel: Kprobes globally optimized
[    0.938256] kernel: HugeTLB registered 2.00 MiB page size, pre-allocated 0 pages
[    0.938256] kernel: cryptomgr_test (26) used greatest stack depth: 31400 bytes left
[    0.939376] kernel: ACPI: Addedunlink FIFO failed: No such file or directory
executor 0 finishes userspace_cover_open
before receiving handshake request
 _OSI(Module Device)
[    0.939376] kernel: ACPI: Added _OSI(Processor Device)
[    0.939376] kernel: ACPI: Added _OSI(3.0 _SCP Extensions)
[    0.939376] kernel: ACPI: Added _OSI(Processor Aggregator Device)
[    0.939376] kernel: ACPI: Added _OSI(Linux-Dell-Video)
[    0.939376] kernel: ACPI: Added _OSI(Linux-Lenovo-NV-HDMI-Audio)
[    0.939376] kernel: ACPI: Added _OSI(Linux-HPI-Hybrid-Graphics)
[    0.946053] kernel: ACPI: 1 ACPI AML tables successfully acquired and loaded
[    0.949663] kernel: ACPI: Interpreter enabled
[    0.949693] kernel: ACPI: PM: (supports S0 S3 S4 S5)
[    0.949695] kernel: ACPI: Using IOAPIC for interrupt routing
[    0.949727] kernel: PCI: Using host bridge windows from ACPI; if necessary, use "pci=nocrs" and report a bug
[    0.950069] kernel: ACPI: Enabled 2 GPEs in block 00 to 0F
[    0.961231] kernel: ACPI: PCI Root Bridge [PCI0] (domain 0000 [bus 00-ff])
[    0.961244] kernel: acpi PNP0A03:00: _OSC: OS supports [ASPM ClockPM Segments MSI HPX-Type3]
974] kernel: ACPI: HPET 0x00000000BFFE1591 000038 (v01 BOCHS  BXPCHPET 00000001 BXPC 00000001)
[    0.004975] kernel: ACPI: Reserving FACP table memory at [mem 0xbffe149d-0xbffe1510]
[    0.004977] kernel: ACPI: Reserving DSDT table memory at [mem 0xbffe0040-0xbffe149c]
[    0.004977] kernel: ACPI: Reserving FACS table memory at [mem 0xbffe0000-0xbffe003f]
[    0.004978] kernel: ACPI: Reserving APIC table memory at [mem 0xbffe1511-0xbffe1590]
[    0.004978] kernel: ACPI: Reserving HPET table memory at [mem 0xbffe1591-0xbffe15c8]
[    0.005232] kernel: No NUMA configuration found
[    0.005233] kernel: Faking a node at [mem 0x0000000000000000-0x00000002bfffffff]
[    0.005236] kernel: NODE_DATA(0) allocated [mem 0x2bfffc000-0x2bfffffff]
[    0.005851] kernel: Zone ranges:
[    0.005853] kernel:   DMA      [mem 0x0000000000001000-0x0000000000ffffff]
[    0.005854] kernel:   DMA32    [mem 0x0000000001000000-0x00000000ffffffff]
[    0.005856] kernel:   Normal   [mem 0x0000000100000000-0x0[    0.961291] kernel: acpi PNP0A03:00: fail to add MMCONFIG information, can't access extended PCI configuration space under this bridge.
[    0.961405] kernel: PCI host bridge to bus 0000:00
[    0.961407] kernel: pci_bus 0000:00: root bus resource [io  0x0000-0x0cf7 window]
[    0.961410] kernel: pci_bus 0000:00: root bus resource [io  0x0d00-0xffff window]
[    0.961411] kernel: pci_bus 0000:00: root bus resource [mem 0x000a0000-0x000bffff window]
[    0.961413] kernel: pci_bus 0000:00: root bus resource [mem 0xc0000000-0xfebfffff window]
[    0.961415] kernel: pci_bus 0000:00: root bus resource [mem 0x2c0000000-0x33fffffff window]
[    0.961417] kernel: pci_bus 0000:00: root bus resource [bus 00-ff]
[    0.961907] kernel: pci 0000:00:00.0: [8086:1237] type 00 class 0x060000
[    0.962797] kernel: pci 0000:00:01.0: [8086:7000] type 00 class 0x060100
[    0.963533] kernel: pci 0000:00:01.1: [8086:7010] type 00 class 0x010180
[    0.965626] kernel: pci 0000:00:01.1: reg 0x20: [io  00000002bfffffff]
[    0.005857] kernel: Movable zone start for each node
[    0.005857] kernel: Early memory node ranges
[    0.005858] kernel:   node   0: [mem 0x0000000000001000-0x000000000009efff]
[    0.005859] kernel:   node   0: [mem 0x0000000000100000-0x00000000bffdffff]
[    0.005860] kernel:   node   0: [mem 0x0000000100000000-0x00000002bfffffff]
[    0.005861] kernel: Initmem setup node 0 [mem 0x0000000000001000-0x00000002bfffffff]
[    0.006308] kernel: On node 0, zone DMA: 1 pages in unavailable ranges
[    0.006319] kernel: On node 0, zone DMA: 97 pages in unavailable ranges
[    0.067730] kernel: On node 0, zone Normal: 32 pages in unavailable ranges
[    0.609915] kernel: kasan: KernelAddressSanitizer initialized
[    0.610256] kernel: ACPI: PM-Timer IO Port: 0x608
[    0.610264] kernel: ACPI: LAPIC_NMI (acpi_id[0xff] dfl dfl lint[0x1])
[    0.610304] kernel: IOAPIC[0]: apic_id 0, version 17, address 0xfec00000, GSI 0-23
[    0.610307] kernel: ACPI: INT_SRC_OVR (bus 0 bs=none
[    1.004031] kernel: pci 0000:00:02.0: vgaarb: bridge control possible
[    1.004032] kernel: vgaarb: loaded
[    1.004218] kernel: SCSI subsystem initialized
[    1.004382] kernel: libata version 3.00 loaded.
[    1.004443] kernel: ACPI: bus type USB registered
[    1.004483] kernel: usbcore: registered new interface driver usbfs
[    1.004502] kernel: usbcore: registered new interface driver hub
[    1.004514] kernel: usbcore: registered new device driver usb
[    1.004552] kernel: pps_core: LinuxPPS API ver. 1 registered
[    1.004553] kernel: pps_core: Software ver. 5.3.6 - Copyright 2005-2007 Rodolfo Giometti <giometti@linux.it>
[    1.004563] kernel: PTP clock support registered
[    1.004604] kernel: Advanced Linux Sound Architecture Driver Initialized.
[    1.004698] kernel: NetLabel: Initializing
[    1.004699] kernel: NetLabel:  domain hash size = 128
[    1.004699] kernel: NetLabel:  protocols = UNLABELED CIPSOv4 CALIPSO
[    1.004728] kernel: NetLabel:  unlabeled xc040-0xc04f]
[    0.966430] kernel: pci 0000:00:01.1: legacy IDE quirk: reg 0x10: [io  0x01f0-0x01f7]
[    0.966433] kernel: pci 0000:00:01.1: legacy IDE quirk: reg 0x14: [io  0x03f6]
[    0.966434] kernel: pci 0000:00:01.1: legacy IDE quirk: reg 0x18: [io  0x0170-0x0177]
[    0.966435] kernel: pci 0000:00:01.1: legacy IDE quirk: reg 0x1c: [io  0x0376]
[    0.967740] kernel: pci 0000:00:01.3: [8086:7113] type 00 class 0x068000
[    0.968008] kernel: pci 0000:00:01.3: quirk: [io  0x0600-0x063f] claimed by PIIX4 ACPI
[    0.968014] kernel: pci 0000:00:01.3: quirk: [io  0x0700-0x070f] claimed by PIIX4 SMB
[    0.968797] kernel: pci 0000:00:02.0: [1234:1111] type 00 class 0x030000
[    0.970203] kernel: pci 0000:00:02.0: reg 0x10: [mem 0xfd000000-0xfdffffff pref]
[    0.971596] kernel: pci 0000:00:02.0: reg 0x18: [mem 0xfeb90000-0xfeb90fff]
[    0.975201] kernel: pci 0000:00:02.0: reg 0x30: [mem 0xfeb80000-0xfeb8ffff pref]
[    0.976432] kernel: pci 0000:00:03.0: [1af4:1005] type 00 clasus_irq 0 global_irq 2 dfl dfl)
[    0.610309] kernel: ACPI: INT_SRC_OVR (bus 0 bus_irq 5 global_irq 5 high level)
[    0.610311] kernel: ACPI: INT_SRC_OVR (bus 0 bus_irq 9 global_irq 9 high level)
[    0.610312] kernel: ACPI: INT_SRC_OVR (bus 0 bus_irq 10 global_irq 10 high level)
[    0.610313] kernel: ACPI: INT_SRC_OVR (bus 0 bus_irq 11 global_irq 11 high level)
[    0.610315] kernel: ACPI: Using ACPI (MADT) for SMP configuration information
[    0.610316] kernel: ACPI: HPET id: 0x8086a201 base: 0xfed00000
[    0.610320] kernel: TSC deadline timer available
[    0.610321] kernel: smpboot: Allowing 2 CPUs, 0 hotplug CPUs
[    0.610345] kernel: kvm-guest: KVM setup pv remote TLB flush
[    0.610349] kernel: kvm-guest: setup PV sched yield
[    0.610357] kernel: PM: hibernation: Registered nosave memory: [mem 0x00000000-0x00000fff]
[    0.610359] kernel: PM: hibernation: Registered nosave memory: [mem 0x0009f000-0x0009ffff]
[    0.610360] kernel: PM: hibernation: Registered nosave memos 0x00ff00
[    0.977785] kernel: pci 0000:00:03.0: reg 0x10: [io  0xc000-0xc01f]
[    0.980080] kernel: pci 0000:00:03.0: reg 0x20: [mem 0xfe200000-0xfe203fff 64bit pref]
[    0.981746] kernel: pci 0000:00:04.0: [1af4:1000] type 00 class 0x020000
[    0.982643] kernel: pci 0000:00:04.0: reg 0x10: [io  0xc020-0xc03f]
[    0.983197] kernel: pci 0000:00:04.0: reg 0x14: [mem 0xfeb91000-0xfeb91fff]
[    0.985746] kernel: pci 0000:00:04.0: reg 0x20: [mem 0xfe204000-0xfe207fff 64bit pref]
[    0.986787] kernel: pci 0000:00:04.0: reg 0x30: [mem 0xfeb00000-0xfeb7ffff pref]
[    0.988153] kernel: pci 0000:00:10.0: [1af4:1110] type 00 class 0x050000
[    0.988579] kernel: pci 0000:00:10.0: reg 0x10: [mem 0xfeb92000-0xfeb920ff]
[    0.990199] kernel: pci 0000:00:10.0: reg 0x18: [mem 0xfe000000-0xfe0fffff 64bit pref]
[    0.994100] kernel: pci 0000:00:11.0: [1af4:1110] type 00 class 0x050000
[    0.994476] kernel: pci 0000:00:11.0: reg 0x10: [mem 0xfeb93000-0xfeb930ff]
[    0.995455] kernel: pci 0000:00:11.0: reg 0x18: [mem 0xfe208000-0xfe2083ff 64bit pref]
[    0.998886] kernel: pci 0000:00:12.0: [1af4:1110] type 00 class 0x050000
[    0.999671] kernel: pci 0000:00:12.0: reg 0x10: [mem 0xfeb94000-0xfeb940ff]
[    1.001652] kernel: pci 0000:00:12.0: reg 0x18: [mem 0xfe100000-0xfe1fffff 64bit pref]
[    1.008436] kernel: ACPI: PCI: Interrupt link LNKA configured for IRQ 10
[    1.009102] kernel: ACPI: PCI: Interrupt link LNKB configured for IRQ 10
[    1.009650] kernel: ACPI: PCI: Interrupt link LNKC configured for IRQ 11
[    1.010145] kernel: ACPI: PCI: Interrupt link LNKD configured for IRQ 11
[    1.010376] kernel: ACPI: PCI: Interrupt link LNKS configured for IRQ 9
[    1.011320] kernel: iommu: Default domain type: Translated 
[    1.011322] kernel: iommu: DMA domain TLB invalidation policy: lazy mode 
[    1.011437] kernel: pci 0000:00:02.0: vgaarb: setting as boot VGA device
[    1.011439] kernel: pci 0000:00:02.0: vgaarb: VGA device added: decodes=io+mem,owns=io+mem,lory: [mem 0x000a0000-0x000effff]
[    0.610360] kernel: PM: hibernation: Registered nosave memory: [mem 0x000f0000-0x000fffff]
[    0.610362] kernel: PM: hibernation: Registered nosave memory: [mem 0xbffe0000-0xbfffffff]
[    0.610362] kernel: PM: hibernation: Registered nosave memory: [mem 0xc0000000-0xfeffbfff]
[    0.610363] kernel: PM: hibernation: Registered nosave memory: [mem 0xfeffc000-0xfeffffff]
[    0.610363] kernel: PM: hibernation: Registered nosave memory: [mem 0xff000000-0xfffbffff]
[    0.610364] kernel: PM: hibernation: Registered nosave memory: [mem 0xfffc0000-0xffffffff]
[    0.610366] kernel: [mem 0xc0000000-0xfeffbfff] available for PCI devices
[    0.610367] kernel: Booting paravirtualized kernel on KVM
[    0.610369] kernel: clocksource: refined-jiffies: mask: 0xffffffff max_cycles: 0xffffffff, max_idle_ns: 1910969940391419 ns
[    0.614267] kernel: setup_percpu: NR_CPUS:64 nr_cpumask_bits:64 nr_cpu_ids:2 nr_node_ids:1
[    0.615145] kernel: percpu: Embedded 56 pages/cpu s191576 r8192 d29608 u1048576
[    0.615151] kernel: pcpu-alloc: s191576 r8192 d29608 u1048576 alloc=1*2097152
[    0.615153] kernel: pcpu-alloc: [0] 0 1 
[    0.615178] kernel: kvm-guest: setup async PF for cpu 0
[    0.615184] kernel: kvm-guest: stealtime: cpu 0, msr 26561f140
[    0.615189] kernel: Built 1 zonelists, mobility grouping on.  Total pages: 2580192
[    0.615190] kernel: Policy zone: Normal
[    0.615192] kernel: Kernel command line: root=/dev/sda console=ttyS0 net.ifnames=0 ip=192.168.0.36 quiet
[    0.621208] kernel: Dentry cache hash table entries: 2097152 (order: 12, 16777216 bytes, linear)
[    0.624452] kernel: Inode-cache hash table entries: 1048576 (order: 11, 8388608 bytes, linear)
[    0.624510] kernel: mem auto-init: stack:off, heap alloc:off, heap free:off
[    0.854179] kernel: Memory: 8872652K/10485240K available (14348K kernel code, 2403K rwdata, 3568K rodata, 1384K init, 1732K bss, 1612388K reserved, 0K cma-reserved)
[    0.854267] kernel: SLUB:cks=none
[    1.011441] kernel: pci 0000:00:02.0: vgaarb: bridge control possible
[    1.011443] kernel: vgaarb: loaded
[    1.011791] kernel: SCSI subsystem initialized
[    1.012273] kernel: libata version 3.00 loaded.
[    1.012380] kernel: ACPI: bus type USB registered
[    1.012445] kernel: usbcore: registered new interface driver usbfs
[    1.012486] kernel: usbcore: registered new interface driver hub
[    1.012500] kernel: usbcore: registered new device driver usb
[    1.012707] kernel: pps_core: LinuxPPS API ver. 1 registered
[    1.012708] kernel: pps_core: Software ver. 5.3.6 - Copyright 2005-2007 Rodolfo Giometti <giometti@linux.it>
[    1.012718] kernel: PTP clock support registered
[    1.013322] kernel: Advanced Linux Sound Architecture Driver Initialized.
[    1.013879] kernel: NetLabel: Initializing
[    1.013880] kernel: NetLabel:  domain hash size = 128
[    1.013881] kernel: NetLabel:  protocols = UNLABELED CIPSOv4 CALIPSO
[    1.013911] kernel: NetLabel:  unlabeled traffic allowed by default
[    1.014096] kernel: PCI: Using ACPI for IRQ routing
[    1.014098] kernel: PCI: pci_cache_line_size set to 64 bytes
[    1.014309] kernel: e820: reserve RAM buffer [mem 0x0009fc00-0x0009ffff]
[    1.014314] kernel: e820: reserve RAM buffer [mem 0xbffe0000-0xbfffffff]
[    1.014387] kernel: hpet0: at MMIO 0xfed00000, IRQs 2, 8, 0
[    1.014390] kernel: hpet0: 3 comparators, 64-bit 100.000000 MHz counter
[    1.017259] kernel: clocksource: Switched to clocksource kvm-clock
[    1.072069] kernel: VFS: Disk quotas dquot_6.6.0
[    1.072100] kernel: VFS: Dquot-cache hash table entries: 512 (order 0, 4096 bytes)
[    1.072291] kernel: pnp: PnP ACPI init
[    1.072879] kernel: pnp 00:03: [dma 2]
[    1.074759] kernel: pnp: PnP ACPI: found 6 devices
[    1.085469] kernel: clocksource: acpi_pm: mask: 0xffffff max_cycles: 0xffffff, max_idle_ns: 2085701024 ns
[    1.085544] kernel: NET: Registered PF_INET protocol family
[    1.086755] kernel: IP idents hash table HWalign=64, Order=0-3, MinObjects=0, CPUs=2, Nodes=1
[    0.854887] kernel: rcu: Hierarchical RCU implementation.
[    0.854888] kernel: rcu:         RCU event tracing is enabled.
[    0.854889] kernel: rcu:         RCU restricting CPUs from NR_CPUS=64 to nr_cpu_ids=2.
[    0.854892] kernel: rcu: RCU calculated value of scheduler-enlistment delay is 100 jiffies.
[    0.854893] kernel: rcu: Adjusting geometry for rcu_fanout_leaf=16, nr_cpu_ids=2
[    0.857685] kernel: NR_IRQS: 4352, nr_irqs: 440, preallocated irqs: 16
[    0.857900] kernel: random: get_random_bytes called from start_kernel+0x4b1/0x67a with crng_init=0
[    0.861913] kernel: Console: colour VGA+ 80x25
[    0.861959] kernel: printk: console [ttyS0] enabled
[    0.861978] kernel: ACPI: Core revision 20210730
[    0.862119] kernel: clocksource: hpet: mask: 0xffffffff max_cycles: 0xffffffff, max_idle_ns: 19112604467 ns
[    0.862241] kernel: APIC: Switch to symmetric I/O mode setup
[    0.862245] kernel: kvm-guest: setup P[    0.000000] kernel: Linux version 5.15.0+ (tlyu@IC-RS3-DPC07) (gcc (Ubuntu 9.4.0-1ubuntu1~20.04.1) 9.4.0, GNU ld (GNU Binutils for Ubuntu) 2.34) #7 SMP Sat Feb 18 10:18:37 CET 2023
[    0.000000] kernel: Command line: root=/dev/sda console=ttyS0 net.ifnames=0 ip=192.168.0.35 quiet
[    0.000000] kernel: x86/fpu: Supporting XSAVE feature 0x001: 'x87 floating point registers'
[    0.000000] kernel: x86/fpu: Supporting XSAVE feature 0x002: 'SSE registers'
[    0.000000] kernel: x86/fpu: Supporting XSAVE feature 0x004: 'AVX registers'
[    0.000000] kernel: x86/fpu: Supporting XSAVE feature 0x020: 'AVX-512 opmask'
[    0.000000] kernel: x86/fpu: Supporting XSAVE feature 0x040: 'AVX-512 Hi256'
[    0.000000] kernel: x86/fpu: Supporting XSAVE feature 0x080: 'AVX-512 ZMM_Hi256'
[    0.000000] kernel: x86/fpu: Supporting XSAVE feature 0x200: 'Protection Keys User registers'
[    0.000000] kernel: x86/fpu: xstate_offset[2]:  576, xstate_sizes[2]:  256
[    0.000000] kernel: x86/fpu: xstate_ entries: 262144 (order: 9, 2097152 bytes, linear)
[    1.102125] kernel: tcp_listen_portaddr_hash hash table entries: 8192 (order: 5, 131072 bytes, linear)
[    1.102900] kernel: TCP established hash table entries: 131072 (order: 8, 1048576 bytes, linear)
[    1.103062] kernel: TCP bind hash table entries: 65536 (order: 8, 1048576 bytes, linear)
[    1.103700] kernel: TCP: Hash tables configured (established 131072 bind 65536)
[    1.103765] kernel: UDP hash table entries: 8192 (order: 6, 262144 bytes, linear)
[    1.103806] kernel: UDP-Lite hash table entries: 8192 (order: 6, 262144 bytes, linear)
[    1.103971] kernel: NET: Registered PF_UNIX/PF_LOCAL protocol family
[    1.106084] kernel: pci_bus 0000:00: resource 4 [io  0x0000-0x0cf7 window]
[    1.106088] kernel: pci_bus 0000:00: resource 5 [io  0x0d00-0xffff window]
[    1.106089] kernel: pci_bus 0000:00: resource 6 [mem 0x000a0000-0x000bffff window]
[    1.106090] kernel: pci_bus 0000:00: resource 7 [mem 0xc0000000-0xfebfffff [D 01/16/2023 17:42:13] PVFS2 Server version 2.9.7-orangefs-REV-65ab0d2 starting.
[E 01/16/2023 17:43:19] PVFS2 server got signal 15 (server_status_flag: 2080767)
[D 02/18/2023 14:39:31] PVFS2 Server version 2.9.7-orangefs-REV-65ab0d2 starting.
[D 02/18/2023 14:47:30] PVFS2 received server: signal 1
[E 02/18/2023 14:47:30] PVFS2 server got signal 15 (server_status_flag: 2080767)
V IPIs
[    0.863107] kernel: ..TIMER: vector=0x30 apic1=0 pin1=2 apic2=-1 pin2=-1
[    0.863127] kernel: clocksource: tsc-early: mask: 0xffffffffffffffff max_cycles: 0x2563bf907c6, max_idle_ns: 440795319401 ns
[    0.863134] kernel: Calibrating delay loop (skipped) preset value.. 5187.81 BogoMIPS (lpj=2593906)
[    0.863136] kernel: pid_max: default: 32768 minimum: 301
[    0.863173] kernel: LSM: Security Framework initializing
[    0.864138] kernel: SELinux:  Initializing.
[    0.864243] kernel: Mount-cache hash table entries: 32768 (order: 6, 262144 bytes, linear)
[    0.864797] kernel: Mountpoint-cache hash table entries: 32768 (order: 6, 262144 bytes, linear)
[    0.865227] kernel: x86/cpu: User Mode Instruction Prevention (UMIP) activated
[    0.865310] kernel: Last level iTLB entries: 4KB 0, 2MB 0, 4MB 0
[    0.865311] kernel: Last level dTLB entries: 4KB 0, 2MB 0, 4MB 0, 1GB 0
[    0.865321] kernel: Spectre V1 : Mitigation: usercopy/swapgs barriers and __user pointer sanitizattraffic allowed by default
[    1.004751] kernel: PCI: Using ACPI for IRQ routing
[    1.004751] kernel: PCI: pci_cache_line_size set to 64 bytes
[    1.004751] kernel: e820: reserve RAM buffer [mem 0x0009fc00-0x0009ffff]
[    1.004751] kernel: e820: reserve RAM buffer [mem 0xbffe0000-0xbfffffff]
[    1.004751] kernel: hpet0: at MMIO 0xfed00000, IRQs 2, 8, 0
[    1.004751] kernel: hpet0: 3 comparators, 64-bit 100.000000 MHz counter
[    1.008375] kernel: clocksource: Switched to clocksource kvm-clock
[    1.053898] kernel: VFS: Disk quotas dquot_6.6.0
[    1.053916] kernel: VFS: Dquot-cache hash table entries: 512 (order 0, 4096 bytes)
[    1.054018] kernel: pnp: PnP ACPI init
[    1.054295] kernel: pnp 00:03: [dma 2]
[    1.055279] kernel: pnp: PnP ACPI: found 6 devices
[    1.092799] kernel: clocksource: acpi_pm: mask: 0xffffff max_cycles: 0xffffff, max_idle_ns: 2085701024 ns
[    1.092854] kernel: NET: Registered PF_INET protocol family
[    1.093669] kernel: IP idents hash table ewindow]
[    1.106092] kernel: pci_bus 0000:00: resource 8 [mem 0x2c0000000-0x33fffffff window]
[    1.106203] kernel: pci 0000:00:01.0: PIIX3: Enabling Passive Release
[    1.106212] kernel: pci 0000:00:00.0: Limiting direct PCI/PCI transfers
[    1.106219] kernel: pci 0000:00:01.0: Activating ISA DMA hang workarounds
[    1.106253] kernel: pci 0000:00:02.0: Video device with shadowed ROM at [mem 0x000c0000-0x000dffff]
[    1.106287] kernel: PCI: CLS 0 bytes, default 64
[    1.106300] kernel: PCI-DMA: Using software bounce buffering for IO (SWIOTLB)
[    1.106301] kernel: software IO TLB: mapped [mem 0x00000000bbfe0000-0x00000000bffe0000] (64MB)
[    1.106468] kernel: RAPL PMU: API unit is 2^-32 Joules, 0 fixed counters, 10737418240 ms ovfl timer
[    1.106480] kernel: clocksource: tsc: mask: 0xffffffffffffffff max_cycles: 0x2563bf907c6, max_idle_ns: 440795319401 ns
[    1.107131] kernel: clocksource: Switched to clocksource tsc
[    1.109486] kernel: Initialise system trusted keyrinion
[    0.865325] kernel: Spectre V2 : Mitigation: Enhanced IBRS
