2023/03/09 01:15:35 fuzzer started
2023/03/09 01:15:36 dialing manager at localhost:42025
2023/03/09 01:15:36 syscalls: 130
2023/03/09 01:15:36 code coverage: enabled
2023/03/09 01:15:36 comparison tracing: enabled
2023/03/09 01:15:36 extra coverage: enabled
2023/03/09 01:15:36 setuid sandbox: enabled
2023/03/09 01:15:36 namespace sandbox: /proc/self/ns/user does not exist
2023/03/09 01:15:36 Android sandbox: /sys/fs/selinux/policy can't be opened (open /sys/fs/selinux/policy: invalid argument)
2023/03/09 01:15:36 fault injection: CONFIG_FAULT_INJECTION_DEBUG_FS or CONFIG_FAILSLAB are not enabled
2023/03/09 01:15:36 leak checking: CONFIG_DEBUG_KMEMLEAK is not enabled
2023/03/09 01:15:36 net packet injection: /dev/net/tun does not exist
2023/03/09 01:15:36 net device setup: enabled
2023/03/09 01:15:36 concurrency sanitizer: /sys/kernel/debug/kcsan does not exist
2023/03/09 01:15:36 devlink PCI setup: enabled
2023/03/09 01:15:36 USB emulation: /dev/raw-gadget does not exist
2023/03/09 01:15:36 hci packet injection: /dev/vhci does not exist
2023/03/09 01:15:36 wifi device emulation: /sys/class/mac80211_hwsim/ does not exist
2023/03/09 01:15:36 802.15.4 emulation: /sys/bus/platform/devices/mac802154_hwsim does not exist
2023/03/09 01:15:36 deserializeInput: hasCrash true hasNet false
2023/03/09 01:15:36 prog length: 6
2023/03/09 01:15:36 prog length: 6
2023/03/09 01:15:36 prog length: 6
2023/03/09 01:15:36 deserializeInput: hasCrash true hasNet false
2023/03/09 01:15:36 prog length: 6
2023/03/09 01:15:36 prog length: 6
2023/03/09 01:15:36 prog length: 5
2023/03/09 01:15:36 deserializeInput: hasCrash true hasNet false
2023/03/09 01:15:36 prog length: 6
2023/03/09 01:15:36 prog length: 3
2023/03/09 01:15:36 deserializeInput: hasCrash true hasNet false
2023/03/09 01:15:36 prog length: 6
2023/03/09 01:15:36 prog length: 6
2023/03/09 01:15:36 prog length: 5
2023/03/09 01:15:36 deserializeInput: hasCrash true hasNet false
2023/03/09 01:15:36 prog length: 6
2023/03/09 01:15:36 prog length: 3
2023/03/09 01:15:36 deserializeInput: hasCrash true hasNet false
2023/03/09 01:15:36 prog length: 6
2023/03/09 01:15:36 prog length: 3
2023/03/09 01:15:36 deserializeInput: hasCrash true hasNet false
2023/03/09 01:15:36 prog length: 6
2023/03/09 01:15:36 prog length: 6
2023/03/09 01:15:36 prog length: 5
2023/03/09 01:15:36 deserializeInput: hasCrash true hasNet false
2023/03/09 01:15:36 prog length: 6
2023/03/09 01:15:36 prog length: 6
2023/03/09 01:15:36 prog length: 5
2023/03/09 01:15:36 deserializeInput: hasCrash true hasNet false
2023/03/09 01:15:36 prog length: 6
2023/03/09 01:15:36 prog length: 3
2023/03/09 01:15:36 deserializeInput: hasCrash true hasNet false
2023/03/09 01:15:36 prog length: 6
2023/03/09 01:15:36 prog length: 3
2023/03/09 01:15:36 deserializeInput: hasCrash true hasNet false
2023/03/09 01:15:36 prog length: 6
2023/03/09 01:15:36 prog length: 6
2023/03/09 01:15:36 prog length: 5
2023/03/09 01:15:36 deserializeInput: hasCrash true hasNet false
2023/03/09 01:15:36 prog length: 6
2023/03/09 01:15:36 prog length: 6
2023/03/09 01:15:36 prog length: 5
2023/03/09 01:15:36 deserializeInput: hasCrash true hasNet false
2023/03/09 01:15:36 prog length: 6
2023/03/09 01:15:36 prog length: 5
2023/03/09 01:15:36 deserializeInput: hasCrash true hasNet false
2023/03/09 01:15:36 prog length: 6
2023/03/09 01:15:36 prog length: 3
2023/03/09 01:15:36 deserializeInput: hasCrash false hasNet false
2023/03/09 01:15:36 prog length: 3
2023/03/09 01:15:36 deserializeInput: hasCrash true hasNet false
2023/03/09 01:15:36 prog length: 6
2023/03/09 01:15:36 prog length: 6
2023/03/09 01:15:36 prog length: 5
2023/03/09 01:15:36 deserializeInput: hasCrash true hasNet false
2023/03/09 01:15:36 prog length: 6
2023/03/09 01:15:36 prog length: 3
2023/03/09 01:15:36 deserializeInput: hasCrash true hasNet false
2023/03/09 01:15:36 prog length: 6
2023/03/09 01:15:36 prog length: 3
2023/03/09 01:15:36 deserializeInput: hasCrash true hasNet false
2023/03/09 01:15:36 prog length: 6
2023/03/09 01:15:36 prog length: 3
2023/03/09 01:15:36 deserializeInput: hasCrash true hasNet false
2023/03/09 01:15:36 prog length: 6
2023/03/09 01:15:36 prog length: 6
2023/03/09 01:15:36 prog length: 6
2023/03/09 01:15:36 deserializeInput: hasCrash true hasNet false
2023/03/09 01:15:36 prog length: 6
2023/03/09 01:15:36 prog length: 3
2023/03/09 01:15:36 deserializeInput: hasCrash true hasNet false
2023/03/09 01:15:36 prog length: 6
2023/03/09 01:15:36 prog length: 3
2023/03/09 01:15:36 deserializeInput: hasCrash true hasNet false
2023/03/09 01:15:36 prog length: 6
2023/03/09 01:15:36 prog length: 6
2023/03/09 01:15:36 prog length: 5
2023/03/09 01:15:36 deserializeInput: hasCrash true hasNet false
2023/03/09 01:15:36 prog length: 6
2023/03/09 01:15:36 prog length: 3
2023/03/09 01:15:36 deserializeInput: hasCrash true hasNet false
2023/03/09 01:15:36 prog length: 6
2023/03/09 01:15:36 prog length: 6
2023/03/09 01:15:36 prog length: 5
2023/03/09 01:15:36 deserializeInput: hasCrash true hasNet false
2023/03/09 01:15:36 prog length: 6
2023/03/09 01:15:36 prog length: 6
2023/03/09 01:15:36 prog length: 5
2023/03/09 01:15:36 deserializeInput: hasCrash true hasNet false
2023/03/09 01:15:36 prog length: 6
2023/03/09 01:15:36 prog length: 6
2023/03/09 01:15:36 prog length: 6
2023/03/09 01:15:36 deserializeInput: hasCrash true hasNet false
2023/03/09 01:15:36 prog length: 6
2023/03/09 01:15:36 prog length: 3
2023/03/09 01:15:36 deserializeInput: hasCrash true hasNet false
2023/03/09 01:15:36 prog length: 6
2023/03/09 01:15:36 prog length: 3
2023/03/09 01:15:36 deserializeInput: hasCrash true hasNet false
2023/03/09 01:15:36 prog length: 6
2023/03/09 01:15:36 prog length: 6
2023/03/09 01:15:36 prog length: 5
2023/03/09 01:15:36 deserializeInput: hasCrash true hasNet false
2023/03/09 01:15:36 prog length: 6
2023/03/09 01:15:36 prog length: 6
2023/03/09 01:15:36 prog length: 5
2023/03/09 01:15:36 deserializeInput: hasCrash true hasNet false
2023/03/09 01:15:36 prog length: 6
2023/03/09 01:15:36 prog length: 6
2023/03/09 01:15:36 prog length: 5
2023/03/09 01:15:36 deserializeInput: hasCrash true hasNet false
2023/03/09 01:15:36 prog length: 6
2023/03/09 01:15:36 prog length: 6
2023/03/09 01:15:36 prog length: 5
2023/03/09 01:15:36 deserializeInput: hasCrash false hasNet false
2023/03/09 01:15:36 prog length: 2
2023/03/09 01:15:36 deserializeInput: hasCrash true hasNet false
2023/03/09 01:15:36 prog length: 6
2023/03/09 01:15:36 prog length: 6
2023/03/09 01:15:36 prog length: 5
2023/03/09 01:15:36 deserializeInput: hasCrash true hasNet false
2023/03/09 01:15:36 prog length: 6
2023/03/09 01:15:36 prog length: 3
2023/03/09 01:15:36 deserializeInput: hasCrash true hasNet false
2023/03/09 01:15:36 prog length: 6
2023/03/09 01:15:36 prog length: 4
2023/03/09 01:15:36 deserializeInput: hasCrash true hasNet false
2023/03/09 01:15:36 prog length: 6
2023/03/09 01:15:36 prog length: 6
2023/03/09 01:15:36 prog length: 5
2023/03/09 01:15:36 deserializeInput: hasCrash true hasNet false
2023/03/09 01:15:36 prog length: 6
2023/03/09 01:15:36 prog length: 3
2023/03/09 01:15:36 deserializeInput: hasCrash true hasNet false
2023/03/09 01:15:36 prog length: 6
2023/03/09 01:15:36 prog length: 4
2023/03/09 01:15:36 deserializeInput: hasCrash false hasNet false
2023/03/09 01:15:36 prog length: 1
2023/03/09 01:15:36 deserializeInput: hasCrash true hasNet false
2023/03/09 01:15:36 prog length: 6
2023/03/09 01:15:36 prog length: 3
2023/03/09 01:15:36 deserializeInput: hasCrash true hasNet false
2023/03/09 01:15:36 prog length: 6
2023/03/09 01:15:36 prog length: 3
2023/03/09 01:15:36 deserializeInput: hasCrash true hasNet false
2023/03/09 01:15:36 prog length: 6
2023/03/09 01:15:36 prog length: 4
2023/03/09 01:15:36 deserializeInput: hasCrash true hasNet false
2023/03/09 01:15:36 prog length: 6
2023/03/09 01:15:36 prog length: 3
2023/03/09 01:15:36 deserializeInput: hasCrash true hasNet false
2023/03/09 01:15:36 prog length: 6
2023/03/09 01:15:36 prog length: 4
2023/03/09 01:15:36 deserializeInput: hasCrash true hasNet false
2023/03/09 01:15:36 prog length: 6
2023/03/09 01:15:36 prog length: 3
2023/03/09 01:15:36 deserializeInput: hasCrash true hasNet false
2023/03/09 01:15:36 prog length: 6
2023/03/09 01:15:36 prog length: 6
2023/03/09 01:15:36 prog length: 6
2023/03/09 01:15:36 deserializeInput: hasCrash true hasNet false
2023/03/09 01:15:36 prog length: 6
2023/03/09 01:15:36 prog length: 4
2023/03/09 01:15:36 deserializeInput: hasCrash true hasNet false
2023/03/09 01:15:36 prog length: 6
2023/03/09 01:15:36 prog length: 3
2023/03/09 01:15:36 fetching corpus: 50, signal 3636/14984/19893 (executing program)
2023/03/09 01:15:36 deserializeInput: hasCrash true hasNet false
2023/03/09 01:15:36 prog length: 6
2023/03/09 01:15:36 prog length: 6
2023/03/09 01:15:36 prog length: 5
2023/03/09 01:15:36 deserializeInput: hasCrash true hasNet false
2023/03/09 01:15:36 prog length: 6
2023/03/09 01:15:36 prog length: 6
2023/03/09 01:15:36 prog length: 5
2023/03/09 01:15:36 deserializeInput: hasCrash true hasNet false
2023/03/09 01:15:36 prog length: 6
2023/03/09 01:15:36 prog length: 6
2023/03/09 01:15:36 prog length: 5
2023/03/09 01:15:36 deserializeInput: hasCrash true hasNet false
2023/03/09 01:15:36 prog length: 6
2023/03/09 01:15:36 prog length: 3
2023/03/09 01:15:36 deserializeInput: hasCrash true hasNet false
2023/03/09 01:15:36 prog length: 6
2023/03/09 01:15:36 prog length: 6
2023/03/09 01:15:36 prog length: 5
2023/03/09 01:15:36 deserializeInput: hasCrash true hasNet false
2023/03/09 01:15:36 prog length: 6
2023/03/09 01:15:36 prog length: 6
2023/03/09 01:15:36 prog length: 5
2023/03/09 01:15:36 deserializeInput: hasCrash true hasNet false
2023/03/09 01:15:36 prog length: 6
2023/03/09 01:15:36 prog length: 3
2023/03/09 01:15:36 deserializeInput: hasCrash true hasNet false
2023/03/09 01:15:36 prog length: 6
2023/03/09 01:15:36 prog length: 6
2023/03/09 01:15:36 prog length: 5
2023/03/09 01:15:36 deserializeInput: hasCrash true hasNet false
2023/03/09 01:15:36 prog length: 6
2023/03/09 01:15:36 prog length: 3
2023/03/09 01:15:36 deserializeInput: hasCrash true hasNet false
2023/03/09 01:15:36 prog length: 6
2023/03/09 01:15:36 prog length: 6
2023/03/09 01:15:36 prog length: 5
2023/03/09 01:15:36 deserializeInput: hasCrash true hasNet false
2023/03/09 01:15:36 prog length: 6
2023/03/09 01:15:36 prog length: 6
2023/03/09 01:15:36 prog length: 6
2023/03/09 01:15:36 prog length: 7
2023/03/09 01:15:36 deserializeInput: hasCrash true hasNet false
2023/03/09 01:15:36 prog length: 6
2023/03/09 01:15:36 prog length: 4
2023/03/09 01:15:36 deserializeInput: hasCrash true hasNet false
2023/03/09 01:15:36 prog length: 6
2023/03/09 01:15:36 prog length: 3
2023/03/09 01:15:36 deserializeInput: hasCrash true hasNet false
2023/03/09 01:15:36 prog length: 6
2023/03/09 01:15:36 prog length: 4
2023/03/09 01:15:36 deserializeInput: hasCrash true hasNet false
2023/03/09 01:15:36 prog length: 6
2023/03/09 01:15:36 prog length: 3
2023/03/09 01:15:36 deserializeInput: hasCrash true hasNet false
2023/03/09 01:15:36 prog length: 6
2023/03/09 01:15:36 prog length: 8
2023/03/09 01:15:36 deserializeInput: hasCrash true hasNet false
2023/03/09 01:15:36 prog length: 6
2023/03/09 01:15:36 prog length: 6
2023/03/09 01:15:36 prog length: 5
2023/03/09 01:15:36 deserializeInput: hasCrash true hasNet false
2023/03/09 01:15:36 prog length: 6
2023/03/09 01:15:36 prog length: 3
2023/03/09 01:15:36 deserializeInput: hasCrash true hasNet false
2023/03/09 01:15:36 prog length: 6
2023/03/09 01:15:36 prog length: 3
2023/03/09 01:15:36 deserializeInput: hasCrash false hasNet false
2023/03/09 01:15:36 prog length: 1
2023/03/09 01:15:36 deserializeInput: hasCrash true hasNet false
2023/03/09 01:15:36 prog length: 6
2023/03/09 01:15:36 prog length: 3
2023/03/09 01:15:36 deserializeInput: hasCrash true hasNet false
2023/03/09 01:15:36 prog length: 6
2023/03/09 01:15:36 prog length: 3
2023/03/09 01:15:36 deserializeInput: hasCrash true hasNet false
2023/03/09 01:15:36 prog length: 6
2023/03/09 01:15:36 prog length: 3
2023/03/09 01:15:36 deserializeInput: hasCrash true hasNet false
2023/03/09 01:15:36 prog length: 6
2023/03/09 01:15:36 prog length: 6
2023/03/09 01:15:36 prog length: 15
2023/03/09 01:15:36 deserializeInput: hasCrash false hasNet false
2023/03/09 01:15:36 prog length: 3
2023/03/09 01:15:36 deserializeInput: hasCrash true hasNet false
2023/03/09 01:15:36 prog length: 6
2023/03/09 01:15:36 prog length: 3
2023/03/09 01:15:36 deserializeInput: hasCrash true hasNet false
2023/03/09 01:15:36 prog length: 6
2023/03/09 01:15:36 prog length: 3
2023/03/09 01:15:36 deserializeInput: hasCrash true hasNet false
2023/03/09 01:15:36 prog length: 6
2023/03/09 01:15:36 prog length: 6
2023/03/09 01:15:36 prog length: 5
2023/03/09 01:15:36 deserializeInput: hasCrash false hasNet false
2023/03/09 01:15:36 prog length: 1
2023/03/09 01:15:36 deserializeInput: hasCrash true hasNet false
2023/03/09 01:15:36 prog length: 6
2023/03/09 01:15:36 prog length: 6
2023/03/09 01:15:36 prog length: 5
2023/03/09 01:15:36 deserializeInput: hasCrash true hasNet false
2023/03/09 01:15:36 prog length: 6
2023/03/09 01:15:36 prog length: 3
2023/03/09 01:15:36 deserializeInput: hasCrash true hasNet false
2023/03/09 01:15:36 prog length: 6
2023/03/09 01:15:36 prog length: 4
2023/03/09 01:15:36 deserializeInput: hasCrash true hasNet false
2023/03/09 01:15:36 prog length: 6
2023/03/09 01:15:36 prog length: 4
2023/03/09 01:15:36 deserializeInput: hasCrash true hasNet false
2023/03/09 01:15:36 prog length: 6
2023/03/09 01:15:36 prog length: 6
2023/03/09 01:15:36 prog length: 5
2023/03/09 01:15:36 deserializeInput: hasCrash true hasNet false
2023/03/09 01:15:36 prog length: 6
2023/03/09 01:15:36 prog length: 3
2023/03/09 01:15:36 deserializeInput: hasCrash true hasNet false
2023/03/09 01:15:36 prog length: 6
2023/03/09 01:15:36 prog length: 6
2023/03/09 01:15:36 prog length: 5
2023/03/09 01:15:36 deserializeInput: hasCrash true hasNet false
2023/03/09 01:15:36 prog length: 6
2023/03/09 01:15:36 prog length: 3
2023/03/09 01:15:36 deserializeInput: hasCrash true hasNet false
2023/03/09 01:15:36 prog length: 6
2023/03/09 01:15:36 prog length: 3
2023/03/09 01:15:36 deserializeInput: hasCrash true hasNet false
2023/03/09 01:15:36 prog length: 6
2023/03/09 01:15:36 prog length: 3
2023/03/09 01:15:36 deserializeInput: hasCrash true hasNet false
2023/03/09 01:15:36 prog length: 6
2023/03/09 01:15:36 prog length: 3
2023/03/09 01:15:36 deserializeInput: hasCrash true hasNet false
2023/03/09 01:15:36 prog length: 6
2023/03/09 01:15:36 prog length: 6
2023/03/09 01:15:36 prog length: 6
2023/03/09 01:15:36 deserializeInput: hasCrash true hasNet false
2023/03/09 01:15:36 prog length: 6
2023/03/09 01:15:36 prog length: 3
2023/03/09 01:15:36 deserializeInput: hasCrash true hasNet false
2023/03/09 01:15:36 prog length: 6
2023/03/09 01:15:36 prog length: 3
2023/03/09 01:15:36 deserializeInput: hasCrash true hasNet false
2023/03/09 01:15:36 prog length: 6
2023/03/09 01:15:36 prog length: 3
2023/03/09 01:15:36 deserializeInput: hasCrash true hasNet false
2023/03/09 01:15:36 prog length: 6
2023/03/09 01:15:36 prog length: 4
2023/03/09 01:15:36 deserializeInput: hasCrash true hasNet false
2023/03/09 01:15:36 prog length: 6
2023/03/09 01:15:36 prog length: 3
2023/03/09 01:15:36 deserializeInput: hasCrash true hasNet false
2023/03/09 01:15:36 prog length: 6
2023/03/09 01:15:36 prog length: 3
2023/03/09 01:15:36 deserializeInput: hasCrash true hasNet false
2023/03/09 01:15:36 prog length: 6
2023/03/09 01:15:36 prog length: 3
2023/03/09 01:15:36 deserializeInput: hasCrash true hasNet false
2023/03/09 01:15:36 prog length: 6
2023/03/09 01:15:36 prog length: 3
2023/03/09 01:15:36 deserializeInput: hasCrash true hasNet false
2023/03/09 01:15:36 prog length: 6
2023/03/09 01:15:36 prog length: 4
2023/03/09 01:15:36 fetching corpus: 100, signal 4583/16376/23298 (executing program)
2023/03/09 01:15:37 deserializeInput: hasCrash true hasNet false
2023/03/09 01:15:37 prog length: 6
2023/03/09 01:15:37 prog length: 6
2023/03/09 01:15:37 prog length: 6
2023/03/09 01:15:37 prog length: 7
2023/03/09 01:15:37 deserializeInput: hasCrash true hasNet false
2023/03/09 01:15:37 prog length: 6
2023/03/09 01:15:37 prog length: 6
2023/03/09 01:15:37 prog length: 5
2023/03/09 01:15:37 deserializeInput: hasCrash true hasNet false
2023/03/09 01:15:37 prog length: 6
2023/03/09 01:15:37 prog length: 6
2023/03/09 01:15:37 prog length: 5
2023/03/09 01:15:37 deserializeInput: hasCrash true hasNet false
2023/03/09 01:15:37 prog length: 6
2023/03/09 01:15:37 prog length: 3
2023/03/09 01:15:37 deserializeInput: hasCrash true hasNet false
2023/03/09 01:15:37 prog length: 6
2023/03/09 01:15:37 prog length: 6
2023/03/09 01:15:37 prog length: 5
2023/03/09 01:15:37 deserializeInput: hasCrash true hasNet false
2023/03/09 01:15:37 prog length: 6
2023/03/09 01:15:37 prog length: 6
2023/03/09 01:15:37 prog length: 5
2023/03/09 01:15:37 deserializeInput: hasCrash true hasNet false
2023/03/09 01:15:37 prog length: 6
2023/03/09 01:15:37 prog length: 3
2023/03/09 01:15:37 deserializeInput: hasCrash true hasNet false
2023/03/09 01:15:37 prog length: 6
2023/03/09 01:15:37 prog length: 6
2023/03/09 01:15:37 prog length: 5
2023/03/09 01:15:37 deserializeInput: hasCrash true hasNet false
2023/03/09 01:15:37 prog length: 6
2023/03/09 01:15:37 prog length: 3
2023/03/09 01:15:37 deserializeInput: hasCrash true hasNet false
2023/03/09 01:15:37 prog length: 6
2023/03/09 01:15:37 prog length: 3
2023/03/09 01:15:37 deserializeInput: hasCrash true hasNet false
2023/03/09 01:15:37 prog length: 6
2023/03/09 01:15:37 prog length: 6
2023/03/09 01:15:37 prog length: 5
2023/03/09 01:15:37 deserializeInput: hasCrash true hasNet false
2023/03/09 01:15:37 prog length: 6
2023/03/09 01:15:37 prog length: 3
2023/03/09 01:15:37 deserializeInput: hasCrash true hasNet false
2023/03/09 01:15:37 prog length: 6
2023/03/09 01:15:37 prog length: 3
2023/03/09 01:15:37 deserializeInput: hasCrash true hasNet false
2023/03/09 01:15:37 prog length: 6
2023/03/09 01:15:37 prog length: 6
2023/03/09 01:15:37 prog length: 5
2023/03/09 01:15:37 deserializeInput: hasCrash true hasNet false
2023/03/09 01:15:37 prog length: 6
2023/03/09 01:15:37 prog length: 6
2023/03/09 01:15:37 prog length: 5
2023/03/09 01:15:37 deserializeInput: hasCrash false hasNet false
2023/03/09 01:15:37 prog length: 1
2023/03/09 01:15:37 deserializeInput: hasCrash true hasNet false
2023/03/09 01:15:37 prog length: 6
2023/03/09 01:15:37 prog length: 6
2023/03/09 01:15:37 prog length: 5
2023/03/09 01:15:37 deserializeInput: hasCrash true hasNet false
2023/03/09 01:15:37 prog length: 6
2023/03/09 01:15:37 prog length: 6
2023/03/09 01:15:37 prog length: 6
2023/03/09 01:15:37 deserializeInput: hasCrash true hasNet false
2023/03/09 01:15:37 prog length: 6
2023/03/09 01:15:37 prog length: 6
2023/03/09 01:15:37 prog length: 5
2023/03/09 01:15:37 deserializeInput: hasCrash true hasNet false
2023/03/09 01:15:37 prog length: 6
2023/03/09 01:15:37 prog length: 3
2023/03/09 01:15:37 deserializeInput: hasCrash true hasNet false
2023/03/09 01:15:37 prog length: 6
2023/03/09 01:15:37 prog length: 5
2023/03/09 01:15:37 deserializeInput: hasCrash true hasNet false
2023/03/09 01:15:37 prog length: 6
2023/03/09 01:15:37 prog length: 6
2023/03/09 01:15:37 prog length: 6
2023/03/09 01:15:37 deserializeInput: hasCrash true hasNet false
2023/03/09 01:15:37 prog length: 6
2023/03/09 01:15:37 prog length: 3
2023/03/09 01:15:37 deserializeInput: hasCrash true hasNet false
2023/03/09 01:15:37 prog length: 6
2023/03/09 01:15:37 prog length: 3
2023/03/09 01:15:37 deserializeInput: hasCrash false hasNet false
2023/03/09 01:15:37 prog length: 1
2023/03/09 01:15:37 deserializeInput: hasCrash true hasNet false
2023/03/09 01:15:37 prog length: 6
2023/03/09 01:15:37 prog length: 3
2023/03/09 01:15:37 deserializeInput: hasCrash true hasNet false
2023/03/09 01:15:37 prog length: 6
2023/03/09 01:15:37 prog length: 6
2023/03/09 01:15:37 prog length: 5
2023/03/09 01:15:37 deserializeInput: hasCrash true hasNet false
2023/03/09 01:15:37 prog length: 6
2023/03/09 01:15:37 prog length: 3
2023/03/09 01:15:37 deserializeInput: hasCrash true hasNet false
2023/03/09 01:15:37 prog length: 6
2023/03/09 01:15:37 prog length: 3
2023/03/09 01:15:37 deserializeInput: hasCrash true hasNet false
2023/03/09 01:15:37 prog length: 6
2023/03/09 01:15:37 prog length: 6
2023/03/09 01:15:37 prog length: 6
2023/03/09 01:15:37 prog length: 7
2023/03/09 01:15:37 deserializeInput: hasCrash false hasNet false
2023/03/09 01:15:37 prog length: 6
2023/03/09 01:15:37 deserializeInput: hasCrash true hasNet false
2023/03/09 01:15:37 prog length: 6
2023/03/09 01:15:37 prog length: 3
2023/03/09 01:15:37 deserializeInput: hasCrash true hasNet false
2023/03/09 01:15:37 prog length: 6
2023/03/09 01:15:37 prog length: 6
2023/03/09 01:15:37 prog length: 6
2023/03/09 01:15:37 prog length: 7
2023/03/09 01:15:37 deserializeInput: hasCrash true hasNet false
2023/03/09 01:15:37 prog length: 6
2023/03/09 01:15:37 prog length: 3
2023/03/09 01:15:37 deserializeInput: hasCrash true hasNet false
2023/03/09 01:15:37 prog length: 6
2023/03/09 01:15:37 prog length: 3
2023/03/09 01:15:37 deserializeInput: hasCrash true hasNet false
2023/03/09 01:15:37 prog length: 6
2023/03/09 01:15:37 prog length: 3
2023/03/09 01:15:37 deserializeInput: hasCrash true hasNet false
2023/03/09 01:15:37 prog length: 6
2023/03/09 01:15:37 prog length: 6
2023/03/09 01:15:37 prog length: 5
2023/03/09 01:15:37 deserializeInput: hasCrash true hasNet false
2023/03/09 01:15:37 prog length: 6
2023/03/09 01:15:37 prog length: 3
2023/03/09 01:15:37 deserializeInput: hasCrash true hasNet false
2023/03/09 01:15:37 prog length: 6
2023/03/09 01:15:37 prog length: 6
2023/03/09 01:15:37 prog length: 6
2023/03/09 01:15:37 prog length: 7
2023/03/09 01:15:37 deserializeInput: hasCrash true hasNet false
2023/03/09 01:15:37 prog length: 6
2023/03/09 01:15:37 prog length: 3
2023/03/09 01:15:37 deserializeInput: hasCrash true hasNet false
2023/03/09 01:15:37 prog length: 6
2023/03/09 01:15:37 prog length: 3
2023/03/09 01:15:37 deserializeInput: hasCrash true hasNet false
2023/03/09 01:15:37 prog length: 6
2023/03/09 01:15:37 prog length: 3
2023/03/09 01:15:37 deserializeInput: hasCrash true hasNet false
2023/03/09 01:15:37 prog length: 6
2023/03/09 01:15:37 prog length: 6
2023/03/09 01:15:37 prog length: 6
2023/03/09 01:15:37 prog length: 7
2023/03/09 01:15:37 deserializeInput: hasCrash true hasNet false
2023/03/09 01:15:37 prog length: 6
2023/03/09 01:15:37 prog length: 6
2023/03/09 01:15:37 prog length: 5
2023/03/09 01:15:37 deserializeInput: hasCrash true hasNet false
2023/03/09 01:15:37 prog length: 6
2023/03/09 01:15:37 prog length: 6
2023/03/09 01:15:37 prog length: 5
2023/03/09 01:15:37 deserializeInput: hasCrash true hasNet false
2023/03/09 01:15:37 prog length: 6
2023/03/09 01:15:37 prog length: 3
2023/03/09 01:15:37 deserializeInput: hasCrash true hasNet false
2023/03/09 01:15:37 prog length: 6
2023/03/09 01:15:37 prog length: 3
2023/03/09 01:15:37 deserializeInput: hasCrash true hasNet false
2023/03/09 01:15:37 prog length: 6
2023/03/09 01:15:37 prog length: 6
2023/03/09 01:15:37 prog length: 5
2023/03/09 01:15:37 deserializeInput: hasCrash true hasNet false
2023/03/09 01:15:37 prog length: 6
2023/03/09 01:15:37 prog length: 3
2023/03/09 01:15:37 deserializeInput: hasCrash true hasNet false
2023/03/09 01:15:37 prog length: 6
2023/03/09 01:15:37 prog length: 6
2023/03/09 01:15:37 prog length: 7
2023/03/09 01:15:37 fetching corpus: 150, signal 4688/17283/25323 (executing program)
2023/03/09 01:15:37 deserializeInput: hasCrash true hasNet false
2023/03/09 01:15:37 prog length: 6
2023/03/09 01:15:37 prog length: 3
2023/03/09 01:15:37 deserializeInput: hasCrash true hasNet false
2023/03/09 01:15:37 prog length: 6
2023/03/09 01:15:37 prog length: 6
2023/03/09 01:15:37 prog length: 5
2023/03/09 01:15:37 deserializeInput: hasCrash true hasNet false
2023/03/09 01:15:37 prog length: 6
2023/03/09 01:15:37 prog length: 3
2023/03/09 01:15:37 deserializeInput: hasCrash true hasNet false
2023/03/09 01:15:37 prog length: 6
2023/03/09 01:15:37 prog length: 3
2023/03/09 01:15:37 deserializeInput: hasCrash true hasNet false
2023/03/09 01:15:37 prog length: 6
2023/03/09 01:15:37 prog length: 3
2023/03/09 01:15:37 deserializeInput: hasCrash true hasNet false
2023/03/09 01:15:37 prog length: 6
2023/03/09 01:15:37 prog length: 3
2023/03/09 01:15:37 deserializeInput: hasCrash false hasNet false
2023/03/09 01:15:37 prog length: 1
2023/03/09 01:15:37 deserializeInput: hasCrash true hasNet false
2023/03/09 01:15:37 prog length: 6
2023/03/09 01:15:37 prog length: 6
2023/03/09 01:15:37 prog length: 5
2023/03/09 01:15:37 deserializeInput: hasCrash true hasNet false
2023/03/09 01:15:37 prog length: 6
2023/03/09 01:15:37 prog length: 6
2023/03/09 01:15:37 prog length: 5
2023/03/09 01:15:37 deserializeInput: hasCrash true hasNet false
2023/03/09 01:15:37 prog length: 6
2023/03/09 01:15:37 prog length: 6
2023/03/09 01:15:37 prog length: 5
2023/03/09 01:15:37 deserializeInput: hasCrash true hasNet false
2023/03/09 01:15:37 prog length: 6
2023/03/09 01:15:37 prog length: 8
2023/03/09 01:15:37 deserializeInput: hasCrash true hasNet false
2023/03/09 01:15:37 prog length: 6
2023/03/09 01:15:37 prog length: 3
2023/03/09 01:15:37 deserializeInput: hasCrash true hasNet false
2023/03/09 01:15:37 prog length: 6
2023/03/09 01:15:37 prog length: 6
2023/03/09 01:15:37 prog length: 5
2023/03/09 01:15:37 deserializeInput: hasCrash true hasNet false
2023/03/09 01:15:37 prog length: 6
2023/03/09 01:15:37 prog length: 3
2023/03/09 01:15:37 deserializeInput: hasCrash true hasNet false
2023/03/09 01:15:37 prog length: 6
2023/03/09 01:15:37 prog length: 6
2023/03/09 01:15:37 prog length: 5
2023/03/09 01:15:37 deserializeInput: hasCrash true hasNet false
2023/03/09 01:15:37 prog length: 6
2023/03/09 01:15:37 prog length: 6
2023/03/09 01:15:37 prog length: 5
2023/03/09 01:15:37 deserializeInput: hasCrash true hasNet false
2023/03/09 01:15:37 prog length: 6
2023/03/09 01:15:37 prog length: 6
2023/03/09 01:15:37 prog length: 6
2023/03/09 01:15:37 deserializeInput: hasCrash true hasNet false
2023/03/09 01:15:37 prog length: 6
2023/03/09 01:15:37 prog length: 3
2023/03/09 01:15:37 deserializeInput: hasCrash true hasNet false
2023/03/09 01:15:37 prog length: 6
2023/03/09 01:15:37 prog length: 3
2023/03/09 01:15:37 deserializeInput: hasCrash true hasNet false
2023/03/09 01:15:37 prog length: 6
2023/03/09 01:15:37 prog length: 6
2023/03/09 01:15:37 prog length: 10
2023/03/09 01:15:37 deserializeInput: hasCrash true hasNet false
2023/03/09 01:15:37 prog length: 6
2023/03/09 01:15:37 prog length: 3
2023/03/09 01:15:37 deserializeInput: hasCrash true hasNet false
2023/03/09 01:15:37 prog length: 6
2023/03/09 01:15:37 prog length: 6
2023/03/09 01:15:37 prog length: 5
2023/03/09 01:15:37 deserializeInput: hasCrash true hasNet false
2023/03/09 01:15:37 prog length: 6
2023/03/09 01:15:37 prog length: 6
2023/03/09 01:15:37 prog length: 5
2023/03/09 01:15:37 deserializeInput: hasCrash true hasNet false
2023/03/09 01:15:37 prog length: 6
2023/03/09 01:15:37 prog length: 3
2023/03/09 01:15:37 deserializeInput: hasCrash true hasNet false
2023/03/09 01:15:37 prog length: 6
2023/03/09 01:15:37 prog length: 6
2023/03/09 01:15:37 prog length: 5
2023/03/09 01:15:37 deserializeInput: hasCrash true hasNet false
2023/03/09 01:15:37 prog length: 6
2023/03/09 01:15:37 prog length: 3
2023/03/09 01:15:37 deserializeInput: hasCrash true hasNet false
2023/03/09 01:15:37 prog length: 6
2023/03/09 01:15:37 prog length: 3
2023/03/09 01:15:37 deserializeInput: hasCrash true hasNet false
2023/03/09 01:15:37 prog length: 6
2023/03/09 01:15:37 prog length: 3
2023/03/09 01:15:37 deserializeInput: hasCrash true hasNet false
2023/03/09 01:15:37 prog length: 6
2023/03/09 01:15:37 prog length: 3
2023/03/09 01:15:37 deserializeInput: hasCrash true hasNet false
2023/03/09 01:15:37 prog length: 6
2023/03/09 01:15:37 prog length: 6
2023/03/09 01:15:37 prog length: 6
2023/03/09 01:15:37 prog length: 7
2023/03/09 01:15:37 deserializeInput: hasCrash true hasNet false
2023/03/09 01:15:37 prog length: 6
2023/03/09 01:15:37 prog length: 6
2023/03/09 01:15:37 prog length: 5
2023/03/09 01:15:37 deserializeInput: hasCrash true hasNet false
2023/03/09 01:15:37 prog length: 6
2023/03/09 01:15:37 prog length: 6
2023/03/09 01:15:37 prog length: 5
2023/03/09 01:15:37 deserializeInput: hasCrash true hasNet false
2023/03/09 01:15:37 prog length: 6
2023/03/09 01:15:37 prog length: 6
2023/03/09 01:15:37 prog length: 5
2023/03/09 01:15:37 deserializeInput: hasCrash true hasNet false
2023/03/09 01:15:37 prog length: 6
2023/03/09 01:15:37 prog length: 6
2023/03/09 01:15:37 prog length: 5
2023/03/09 01:15:37 deserializeInput: hasCrash true hasNet false
2023/03/09 01:15:37 prog length: 6
2023/03/09 01:15:37 prog length: 6
2023/03/09 01:15:37 prog length: 5
2023/03/09 01:15:37 deserializeInput: hasCrash true hasNet false
2023/03/09 01:15:37 prog length: 6
2023/03/09 01:15:37 prog length: 3
2023/03/09 01:15:37 deserializeInput: hasCrash true hasNet false
2023/03/09 01:15:37 prog length: 6
2023/03/09 01:15:37 prog length: 6
2023/03/09 01:15:37 prog length: 5
2023/03/09 01:15:37 deserializeInput: hasCrash true hasNet false
2023/03/09 01:15:37 prog length: 6
2023/03/09 01:15:37 prog length: 6
2023/03/09 01:15:37 prog length: 5
2023/03/09 01:15:37 fetching corpus: 188, signal 4690/19085/27978 (executing program)
2023/03/09 01:15:37 fetching corpus: 188, signal 4690/19085/29048 (executing program)
2023/03/09 01:15:37 fetching corpus: 188, signal 4690/19085/30147 (executing program)
2023/03/09 01:15:37 fetching corpus: 188, signal 4690/19085/31246 (executing program)
2023/03/09 01:15:37 fetching corpus: 188, signal 4690/19085/32274 (executing program)
2023/03/09 01:15:37 fetching corpus: 188, signal 4690/19085/33313 (executing program)
2023/03/09 01:15:37 fetching corpus: 188, signal 4690/19085/34403 (executing program)
2023/03/09 01:15:37 fetching corpus: 188, signal 4690/19085/35471 (executing program)
2023/03/09 01:15:37 fetching corpus: 188, signal 4690/19085/36565 (executing program)
2023/03/09 01:15:37 fetching corpus: 188, signal 4690/19085/37656 (executing program)
2023/03/09 01:15:37 fetching corpus: 188, signal 4690/19085/38683 (executing program)
2023/03/09 01:15:37 fetching corpus: 188, signal 4690/19085/39053 (executing program)
2023/03/09 01:15:37 fetching corpus: 188, signal 4690/19085/39053 (executing program)
2023/03/09 01:15:37 starting 1 fuzzer processes
2023/03/09 01:15:37 ----- generateCall 2343 link link
2023/03/09 01:15:37 ----- generateCall 3761 stat stat
2023/03/09 01:15:37 ----- generateCall 3678 setxattr$user setxattr$user
2023/03/09 01:15:37 ----- generateCall 2341 lchown lchown
2023/03/09 01:15:37 ----- generateCall 3664 setxattr$incfs_metadata setxattr$incfs_metadata
2023/03/09 01:15:37 ----- generateCall 204 fcntl$getflags fcntl$getflags
2023/03/09 01:15:37 ----- generateCall 2810 renameat renameat
2023/03/09 01:15:37 ----- generateCall 2350 lseek lseek
2023/03/09 01:15:37 ----- generateCall 220 flock flock
2023/03/09 01:15:37 ----- generateCall 2362 lsetxattr$trusted_overlay_redirect lsetxattr$trusted_overlay_redirect
2023/03/09 01:15:37 ----- generateCall 541 ioctl ioctl
2023/03/09 01:15:37 ----- generateCall 222 fremovexattr fremovexattr
2023/03/09 01:15:37 ----- generateCall 240 fsetxattr$trusted_overlay_opaque fsetxattr$trusted_overlay_opaque
2023/03/09 01:15:37 ----- generateCall 231 fsetxattr fsetxattr
2023/03/09 01:15:37 ----- generateCall 2347 llistxattr llistxattr
2023/03/09 01:15:37 ----- generateCall 213 fcntl$setpipe fcntl$setpipe
2023/03/09 01:15:37 map[./file0:true ./file1:true]
2023/03/09 01:15:37 HasCrashFail: false, .HasNetFail: false
2023/03/09 01:15:37 prog length: 20
2023/03/09 01:15:37 HasCrashFail:false HasNetFail:false
01:15:37 ---executing program 0:
---
---
---
link(&(0x7f0000000000)='./file0\x00', &(0x7f0000000040)='./file0\x00')
stat(&(0x7f0000000080)='./file0\x00', &(0x7f00000000c0)={0x0, 0x0, 0x0, 0x0, 0x0, <r0=>0x0})
setxattr$user(&(0x7f0000000140)='./file0\x00', &(0x7f0000000180), &(0x7f00000001c0)='@\x00', 0x2, 0x3)
fstat(0xffffffffffffffff, &(0x7f0000000240)={0x0, 0x0, 0x0, 0x0, <r1=>0x0})
lchown(&(0x7f0000000200)='./file0\x00', r1, r0)
setxattr$incfs_metadata(&(0x7f00000002c0)='./file0\x00', &(0x7f0000000300), &(0x7f0000000340)="1015080eea54972bcde01974be6b6c22d9c5d2179525f41128f69fb89e230d2c878c645915981105a4fe09ed313952274932a5d9b81fcde1ff5b871a8b483323d34851c4b7b3b5d7ecc3a5d0d615024236fd131a3951fa249b206d4084c17367040f3e4fbd398d4c7e006bd19ae7d4675c0d5bc4580f94b6282b792378d19decb11c4e06ba8c3cc6bfba5ce301957814363ead8b783dedf929d2fc8bb1b8bb718271a4ef945e99a9ad437654af744b7fd74365bf1e4a9ef686c1d96bf65021f001c1bf35947282d88b468630e3ee", 0xce, 0x3)
fcntl$getflags(0xffffffffffffffff, 0xb)
renameat(0xffffffffffffff9c, &(0x7f0000000440)='./file0\x00', 0xffffffffffffffff, &(0x7f0000000480)='./file0\x00')
lseek(0xffffffffffffffff, 0x7, 0x4)
flock(0xffffffffffffffff, 0x3)
lsetxattr$trusted_overlay_redirect(&(0x7f00000004c0)='./file1\x00', &(0x7f0000000500), &(0x7f0000000540)='./file0\x00', 0x8, 0x3)
r2 = open(&(0x7f0000000580)='./file0\x00', 0x1, 0x4)
ioctl(r2, 0x10000, &(0x7f00000005c0)="50789948869b5207364889e800cc90c8f65e6f85804fc053424484407f8038131208797dba7b44f5e63ea6925e336779afa62d40146133718c5c327fa5d143a52c208c")
r3 = dup(r2)
fremovexattr(r3, &(0x7f0000000640)=@random={'system.', '\x00'})
fsetxattr$trusted_overlay_opaque(r2, &(0x7f0000000680), &(0x7f00000006c0), 0x2, 0x1)
fsetxattr(r2, &(0x7f0000000700)=@random={'btrfs.', '\x00'}, &(0x7f0000000740)='#.\x00', 0x3, 0x3)
llistxattr(&(0x7f0000000780)='./file1\x00', &(0x7f00000007c0)=""/13, 0xd)
r4 = dup(0xffffffffffffffff)
fcntl$setpipe(r4, 0x407, 0x0)
---

end of program
2023/03/09 01:15:37 -----run executor: [/usr/bin/ssh -F /dev/null -o ConnectionAttempts=100 -o ConnectTimeout=120 -o UserKnownHostsFile=/dev/null -o BatchMode=yes -o IdentitiesOnly=yes -o StrictHostKeyChecking=no -o ConnectTimeout=100 -i /home/tlyu/dfs-fuzzing/disk-images/orangefs-images/focal.id_rsa root@192.168.0.35 /root/syz-executor exec 0 0 orangefs 3 4 192.168.0.35 0 "3 1" false false false true false]
2023/03/09 01:15:37 -----run executor: [/usr/bin/ssh -F /dev/null -o ConnectionAttempts=100 -o ConnectTimeout=120 -o UserKnownHostsFile=/dev/null -o BatchMode=yes -o IdentitiesOnly=yes -o StrictHostKeyChecking=no -o ConnectTimeout=100 -i /home/tlyu/dfs-fuzzing/disk-images/orangefs-images/focal.id_rsa root@192.168.0.36 /root/syz-executor exec 0 1 orangefs 3 4 192.168.0.35 0 "3 1" false false false true false]
2023/03/09 01:15:37 -----run executor: [/usr/bin/ssh -F /dev/null -o ConnectionAttempts=100 -o ConnectTimeout=120 -o UserKnownHostsFile=/dev/null -o BatchMode=yes -o IdentitiesOnly=yes -o StrictHostKeyChecking=no -o ConnectTimeout=100 -i /home/tlyu/dfs-fuzzing/disk-images/orangefs-images/focal.id_rsa root@192.168.0.37 /root/syz-executor exec 0 2 orangefs 3 4 192.168.0.35 0 "3 1" false false false true false]
2023/03/09 01:15:37 -----run executor: [/usr/bin/ssh -F /dev/null -o ConnectionAttempts=100 -o ConnectTimeout=120 -o UserKnownHostsFile=/dev/null -o BatchMode=yes -o IdentitiesOnly=yes -o StrictHostKeyChecking=no -o ConnectTimeout=100 -i /home/tlyu/dfs-fuzzing/disk-images/orangefs-images/focal.id_rsa root@192.168.0.38 /root/syz-executor exec 1 3 orangefs 3 4 192.168.0.35 0 "3 1" false false false true false]
Warning: Permanently added '192.168.0.36' (ECDSA) to the list of known hosts.
Warning: Permanently added '192.168.0.37' (ECDSA) to the list of known hosts.
Warning: Permanently added '192.168.0.38' (ECDSA) to the list of known hosts.
Warning: Permanently added '192.168.0.35' (ECDSA) to the list of known hosts.
----- is restarting 0
---- dfs_name orangefs is_dfs_client 0
----- is restarting 0
---- dfs_name orangefs is_dfs_client 0
unlink FIFO failed: No such file or directory
executor 1 finishes userspace_cover_open
before receiving handshake request
req.flags ea2
[    0.000000] kernel: Linux version 5.15.0+ (tlyu@IC-RS3-DPC07) (gcc (Ubuntu 9.4.0-1ubuntu1~20.04.1) 9.4.0, GNU ld (GNU Binutils for Ubuntu) 2.34) #7 SMP Sat Feb 18 10:18:37 CET 2023
[    0.000000] kernel: Command line: root=/dev/sda console=ttyS0 net.ifnames=0 ip=192.168.0.36 quiet
[    0.000000] kernel: x86/fpu: Supporting XSAVE feature 0x001: 'x87 floating point registers'
[    0.000000] kernel: x86/fpu: Supporting XSAVE feature 0x002: 'SSE registers'
[    0.000000] kernel: x86/fpu: Supporting XSAVE feature 0x004: 'AVX registers'
[    0.000000] kernel: x86/fpu: Supporting XSAVE feature 0x020: 'AVX-512 opmask'
[    0.000000] kernel: x86/fpu: Supporting XSAVE feature 0x040: 'AVX-512 Hi256'
[    0.000000] kernel: x86/fpu: Supporting XSAVE feature 0x080: 'AVX-512 ZMM_Hi256'
[    0.000000] kernel: x86/fpu: Supporting XSAVE feature 0x200: 'Protection Keys User registers'
[    0.000000] kernel: x86/fpu: xstate_offset[2]:  576, xstate_sizes[2]:  256
[    0.000000] kernel: x86/fpu: xstate_offset[5]:  832, xstate_sizes[5]:   64
[    0.000000] kernel: x86/fpu: xstate_offset[6]:  896, xstate_sizes[6]:  512
[    0.000000] kernel: x86/fpu: xstate_offset[7]: 1408, xstate_sizes[7]: 1024
[    0.000000] kernel: x86/fpu: xstate_offset[9]: 2432, xstate_sizes[9]:    8
[    0.000000] kernel: x86/fpu: Enabled xstate features 0x2e7, context size is 2440 bytes, using 'compacted' format.
[    0.000000] kernel: signal: max sigframe size: 3632
[    0.000000] kernel: BIOS-provided physical RAM map:
[    0.000000] kernel: BIOS-e820: [mem 0x0000000000000000-0x000000000009fbff] usable
[    0.000000] kernel: BIOS-e820: [mem 0x000000000009fc00-0x000000000009ffff] reserved
[    0.000000] kernel: BIOS-e820: [mem 0x00000000000f0000-0x00000000000fffff] reserved
[    0.000000] kernel: BIOS-e820: [mem 0x0000000000100000-0x00000000bffdffff] usable
[    0.000000] kernel: BIOS-e820: [mem 0x00000000bffe0000-0x00000000bfffffff] reserved
[    0.000000] kernel: BIOS-e820: [mem 0x00000000feffc000-0x00000000feffffff] reserved
[    0.000000] kernel: BIOS-e820: [mem 0x00000000fffc0000-0x00000000ffffffff] reserved
[    0.000000] kernel: BIOS-e820: [mem 0x0000000100000000-0x00000002bfffffff] usable
[    0.000000] kernel: NX (Execute Disable) protection: active
[    0.000000] kernel: SMBIOS 2.8 present.
[    0.000000] kernel: DMI: QEMU Standard PC (i440FX + PIIX, 1996), BIOS 1.13.0-1ubuntu1.1 04/01/2014
[    0.000000] kernel: Hypervisor detected: KVM
[    0.000000] kernel: kvm-clock: Using msrs 4b564d01 and 4b564d00
[    0.000000] kernel: kvm-clock: cpu 0, msr 1e046e001, primary cpu clock
[    0.000001] kernel: kvm-clock: using sched offset of 517684473 cycles
[    0.000003] kernel: clocksource: kvm-clock: mask: 0xffffffffffffffff max_cycles: 0x1cd42e4dffb, max_idle_ns: 881590591483 ns
[    0.000005] kernel: tsc: Detected 2593.906 MHz processor
[    0.000434] kernel: e820: update [mem 0x00000000-0x00000fff] usable ==> reserved
[    0.000437] kernel: e820: remove [mem 0x000a0000-0x000fffff] us[D 01/16/2023 17:42:13] PVFS2 Server version 2.9.7-orangefs-REV-65ab0d2 starting.
[E 01/16/2023 17:43:19] PVFS2 server got signal 15 (server_status_flag: 2080767)
[D 02/18/2023 14:39:31] PVFS2 Server version 2.9.7-orangefs-REV-65ab0d2 starting.
[D 02/18/2023 14:47:30] PVFS2 received server: signal 1
[E 02/18/2023 14:47:30] PVFS2 server got signal 15 (server_status_flag: 2080767)
able
[    0.000440] kernel: last_pfn = 0x2c0000 max_arch_pfn = 0x10000000000
[    0.000489] kernel: x86/PAT: Configuration [0-7]: WB  WC  UC- UC  WB  WP  UC- WT  
[    0.000495] kernel: last_pfn = 0xbffe0 max_arch_pfn = 0x10000000000
[    0.004801] kernel: found SMP MP-table at [mem 0x000f5c80-0x000f5c8f]
[    0.004826] kernel: Using GB pages for direct mapping
[    0.004942] kernel: ACPI: Early table checksum verification disabled
[    0.004946] kernel: ACPI: RSDP 0x00000000000F5A50 000014 (v00 BOCHS )
[    0.004954] kernel: ACPI: RSDT 0x00000000BFFE15C9 000030 (v01 BOCHS  BXPCRSDT 00000001 BXPC 00000001)
[    0.004959] kernel: ACPI: FACP 0x00000000BFFE149D 000074 (v01 BOCHS  BXPCFACP 00000001 BXPC 00000001)
[    0.004964] kernel: ACPI: DSDT 0x00000000BFFE0040 00145D (v01 BOCHS  BXPCDSDT 00000001 BXPC 00000001)
[    0.004966] kernel: ACPI: FACS 0x00000000BFFE0000 000040
[    0.004968] kernel: ACPI: APIC 0x00000000BFFE1511 000080 (v01 BOCHS  BXPCAPIC 00000001 BXPC 00000001)
[    0.004971] kernel: ACPI: HPET 0x00000000BFFE1591 000038 (v01 BOCHS  BXPCHPET 00000001 BXPC 00000001)
[    0.004972] kernel: ACPI: Reserving FACP table memory at [mem 0xbffe149d-0xbffe1510]
[    0.004973] kernel: ACPI: Reserving DSDT table memory at [mem 0xbffe0040-0xbffe149c]
[    0.004974] kernel: ACPI: Reserving FACS table memory at [mem 0xbffe0000-0xbffe003f]
[    0.004975] kernel: ACPI: Reserving APIC table memory at [mem 0xbffe1511-0xbffe1590]
[    0.004975] kernel: ACPI: Reserving HPET table memory at [mem 0xbffe1591-0xbffe15c8]
[    0.005226] kernel: No NUMA configuration found
[    0.005226] kernel: Faking a node at [mem 0x0000000000000000-0x00000002bfffffff]
[    0.005229] kernel: NODE_DATA(0) allocated [mem 0x2bfffc000-0x2bfffffff]
[    0.006006] kernel: Zone ranges:
[    0.006007] kernel:   DMA      [mem 0x0000000000001000-0x0000000000ffffff]
[    0.006009] kernel:   DMA32    [mem 0x0000000001000000-0x00000000ffffffff]
[    0.006010] kernel:   Normal   [mem 0x0000000100000000-0x00000002bfffffff]
[    0.006011] kernel: Movable zone start for each node
[    0.006012] kernel: Early memory node ranges
[    0.006012] kernel:   node   0: [mem 0x0000000000001000-0x000000000009efff]
[    0.006013] kernel:   node   0: [mem 0x0000000000100000-0x00000000bffdffff]
[    0.006014] kernel:   node   0: [mem 0x0000000100000000-0x00000002bfffffff]
[    0.006016] kernel: Initmem setup node 0 [mem 0x0000000000001000-0x00000002bfffffff]
[    0.006631] kernel: On node 0, zone DMA: 1 pages in unavailable ranges
[    0.006642] kernel: On node 0, zone DMA: 97 pages in unavailable ranges
[    0.067619] kernel: On node 0, zone Normal: 32 pages in unavailable ranges
[    0.524638] kernel: kasan: KernelAddressSanitizer initialized
[    0.524968] kernel: ACPI: PM-Timer IO Port: 0x608
[    0.524975] kernel: ACPI: LAPIC_NMI (acpi_id[0xff] dfl dfl lint[0x1])
[    0.525012] kernel: IOAPIC[0]: apic_id 0, version 17, address 0xfec00000, GSI 0-23
[    0.525014] kernel: ACPI: INT_SRC_OVR (bus 0 bus_irq 0 global_irq 2 dfl dfl)
[    0.525016] kernel: ACPI: INT_SRC_OVR (bus 0 bus_irq 5 global_irq 5 high level)
[    0.525017] kernel: ACPI: INT_SRC_OVR (bus 0 bus_irq 9 global_irq 9 high level)
[    0.525018] kernel: ACPI: INT_SRC_OVR (bus 0 bus_irq 10 global_irq 10 high level)
[    0.525019] kernel: ACPI: INT_SRC_OVR (bus 0 bus_irq 11 global_irq 11 high level)
[    0.525022] kernel: ACPI: Using ACPI (MADT) for SMP configuration information
[    0.525023] kernel: ACPI: HPET id: 0x8086a201 base: 0xfed00000
[    0.525027] kernel: TSC deadline timer available
[    0.525028] kernel: smpboot: Allowing 2 CPUs, 0 hotplug CPUs
[    0.525050] kernel: kvm-guest: KVM setup pv remote TLB flush
[    0.525054] kernel: kvm-guest: setup PV sched yield
[    0.525061] kernel: PM: hibernation: Registered nosave memory: [mem 0x00000000-0x00000fff]
[    0.525062] kernel: PM: hibernation: Registered nosave memory: [mem 0x0009f000-0x0009ffff]
[    0.525063] kernel: PM: hibernation: Registered nosave memounlink FIFO failed: No such file or directory
executor 0 finishes userspace_cover_open
before receiving handshake request
ry: [mem 0x000a0000-0x000effff]
[    0.525064] kernel: PM: hibernation: Registered nosave memory: [mem 0x000f0000-0x000fffff]
[    0.525064] kernel: PM: hibernation: Registered nosave memory: [mem 0xbffe0000-0xbfffffff]
[    0.525065] kernel: PM: hibernation: Registered nosave memory: [mem 0xc0000000-0xfeffbfff]
[    0.525066] kernel: PM: hibernation: Registered nosave memory: [mem 0xfeffc000-0xfeffffff]
[    0.525066] kernel: PM: hibernation: Registered nosave memory: [mem 0xff000000-0xfffbffff]
[    0.525066] kernel: PM: hibernation: Registered nosave memory: [mem 0xfffc0000-0xffffffff]
[    0.525068] kernel: [mem 0xc0000000-0xfeffbfff] available for PCI devices
[    0.525069] kernel: Booting paravirtualized kernel on KVM
[    0.525071] kernel: clocksource: refined-jiffies: mask: 0xffffffff max_cycles: 0xffffffff, max_idle_ns: 1910969940391419 ns
[    0.529012] kernel: setup_percpu: NR_CPUS:64 nr_cpumask_bits:64 nr_cpu_ids:2 nr_node_ids:1
[    0.529680] kernel: percpu: Embedded 56 pages/cpu s191576 r8192 d29608 u1048576
[    0.529684] kernel: pcpu-alloc: s191576 r8192 d29608 u1048576 alloc=1*2097152
[    0.529687] kernel: pcpu-alloc: [0] 0 1 
[    0.529709] kernel: kvm-guest: setup async PF for cpu 0
[    0.529714] kernel: kvm-guest: stealtime: cpu 0, msr 26561f140
[    0.529718] kernel: Built 1 zonelists, mobility grouping on.  Total pages: 2580192
[    0.529719] kernel: Policy zone: Normal
[    0.529720] kernel: Kernel command line: root=/dev/sda console=ttyS0 net.ifnames=0 ip=192.168.0.36 quiet
[    0.534982] kernel: Dentry cache hash table entries: 2097152 (order: 12, 16777216 bytes, linear)
[    0.537584] kernel: Inode-cache hash table entries: 1048576 (order: 11, 8388608 bytes, linear)
[    0.537637] kernel: mem auto-init: stack:off, heap alloc:off, heap free:off
[    0.721460] kernel: Memory: 8872656K/10485240K available (14348K kernel code, 2403K rwdata, 3568K rodata, 1384K init, 1732K bss, 1612384K reserved, 0K cma-reserved)
[    0.721549] kernel: SLUB: HWalign=64, Order=0-3, MinObjects=0, CPUs=2, Nodes=1
[    0.722107] kernel: rcu: Hierarchical RCU implementation.
[    0.722109] kernel: rcu:         RCU event tracing is enabled.
[    0.722110] kernel: rcu:         RCU restricting CPUs from NR_CPUS=64 to nr_cpu_ids=2.
[    0.722112] kernel: rcu: RCU calculated value of scheduler-enlistment delay is 100 jiffies.
[    0.722113] kernel: rcu: Adjusting geometry for rcu_fanout_leaf=16, nr_cpu_ids=2
[    0.724924] kernel: NR_IRQS: 4352, nr_irqs: 440, preallocated irqs: 16
[    0.725127] kernel: random: get_random_bytes called from start_kernel+0x4b1/0x67a with crng_init=0
[    0.729028] kernel: Console: colour VGA+ 80x25
[    0.729066] kernel: printk: console [ttyS0] enabled
[    0.729084] kernel: ACPI: Core revision 20210730
[    0.729220] kernel: clocksource: hpet: mask: 0xffffffff max_cycles: 0xffffffff, max_idle_ns: 19112604467 ns
[    0.729296] kernel: APIC: Switch to symmetric I/O mode setup
[    0.729299] kernel: kvm-guest: setup PV IPIs
[    0.730152] kernel: ..TIMER: vector=0x30 apic1=0 pin1=2 apic2=-1 pin2=-1
[    0.730172] kernel: clocksource: tsc-early: mask: 0xffffffffffffffff max_cycles: 0x2563bf907c6, max_idle_ns: 440795319401 ns
[    0.730179] kernel: Calibrating delay loop (skipped) preset value.. 5187.81 BogoMIPS (lpj=2593906)
[    0.730181] kernel: pid_max: default: 32768 minimum: 301
[    0.730216] kernel: LSM: Security Framework initializing
[    0.730229] kernel: SELinux:  Initializing.
[    0.731196] kernel: Mount-cache hash table entries: 32768 (order: 6, 262144 bytes, linear)
[    0.731645] kernel: Mountpoint-cache hash table entries: 32768 (order: 6, 262144 bytes, linear)
[    0.732030] kernel: x86/cpu: User Mode Instruction Prevention (UMIP) activated
[    0.732109] kernel: Last level iTLB entries: 4KB 0, 2MB 0, 4MB 0
[    0.732110] kernel: Last level dTLB entries: 4KB 0, 2MB 0, 4MB 0, 1GB 0
[    0.732119] kernel: Spectre V1 : Mitigation: usercopy/swapgs barriers and __user pointer sanitization
[    0.732122] kernel: Spectre V2 : Mitigation: Enhanced IBRS
[    0.732123] kernel: Spectre V2 : Spectre v2 / SpectreRSB mitigation: Filling RSB on context switch
[    0.732125] kernel: Spectre V2 : mitigation: Enabling conditional Indirect Branch Prediction Barrier
[    0.732126] kernel: Speculative Store Bypass: Mitigation: Speculative Store Bypass disabled via prctl and seccomp
[    0.732127] kernel: TAA: Mitigation: TSX disabled
[    0.737406] kernel: Freeing SMP alternatives memory: 40K
[    0.737542] kernel: smpboot: CPU0: Intel(R) Xeon(R) Gold 6348 CPU @ 2.60GHz (family: 0x6, model: 0x6a, stepping: 0x6)
[    0.737657] kernel: Performance Events: Icelake events, 32-deep LBR, full-width counters, Intel PMU driver.
[    0.737751] kernel: ... version:                2
[    0.737752] kernel: ... bit width:              48
[    0.737753] kernel: ... generic registers:      8
[    0.737753] kernel: ... value mask:             0000ffffffffffff
[    0.737754] kernel: ... max period:             00007fffffffffff
[    0.737755] kernel: ... fixed-purpose events:   3
[    0.737755] kernel: ... event mask:             00000007000000ff
[    0.737849] kernel: rcu: Hierarchical SRCU implementation.
[    0.738175] kernel: smp: Bringing up secondary CPUs ...
[    0.738175] kernel: x86: Booting SMP configuration:
[    0.738175] kernel: .... node  #0, CPUs:      #1
[    0.005076] kernel: kvm-clock: cpu 1, msr 1e046e041, secondary cpu clock
[    0.005076] kernel: smpboot: CPU 1 Converting physical 0 to logical die 1
[    0.739210] kernel: kvm-guest: setup async PF for cpu 1
[    0.739218] kernel: kvm-guest: stealtime: cpu 1, msr 26571f140
[    0.739468] kernel: smp: Brought up 1 node, 2 CPUs
[    0.739474] kernel: smpboot: Max logical packages: 2
[    0.739475] kernel: smpboot: Total of 2 processors activated (10375.62 BogoMIPS)
[    0.742177] kernel: devtmpfs: initialized
[    0.743312] kernel: clocksource: jiffies: mask: 0xffffffff max_cycles: 0xffffffff, max_idle_ns: 1911260446275000 ns
[    0.743316] kernel: futex hash table entries: 512 (order: 3, 32768 bytes, linear)
[    0.743521] kernel: PM: RTC time: 00:15:23, date: 2023-03-09
[    0.743713] kernel: NET: Registered PF_NETLINK/PF_ROUTE protocol family
[    0.743943] kernel: audit: initializing netlink subsys (disabled)
[    0.743975] kernel: audit: type=2000 audit(1678320923.932:1): state=initialized audit_enabled=0 res=1
[    0.744287] kernel: thermal_sys: Registered thermal governor 'step_wise'
[    0.744289] kernel: thermal_sys: Registered thermal governor 'user_space'
[    0.744320] kernel: cpuidle: using governor menu
[    0.744320] kernel: ACPI: bus type PCI registered
[    0.744391] kernel: PCI: Using configuration type 1 for base access
[    0.750594] kernel: Kprobes globally optimized
[    0.754244] kernel: HugeTLB registered 2.00 MiB page size, pre-allocated 0 pages
[    0.754244] kernel: cryptomgr_test (26) used greatest stack depth: 31400 bytes left
[    0.757394] kernel: ACPI: Added _OSI(Module Device)
[    0.757394] kernel: ACPI: Added _OSI(Processor Device)
[    0.757394] kernel: ACPI: Added _OSI(3.0 _SCP Extensions)
[    0.757394] kernel: ACPI: Added _OSI(Processor Aggregator Device)
[    0.757394] kernel: ACPI: Added _OSI(Linux-Dell-Video)
[    0.757394] kernel: ACPI: Added _OSI(Linux-Lenovo-NV-HDMI-Audio)
[    0.757394] kernel: ACPI: Added _OSI(Linux-HPI-Hybrid-Graphics)
[    0.764507] kernel: ACPI: 1 ACPI AML tables successfully acquired and loaded
[    0.766921] kernel: ACPI: Interpreter enabled
[    0.766949] kernel: ACPI: PM: (supports S0 S3 S4 S5)
[    0.766951] kernel: ACPI: Using IOAPIC for interrupt routing
[    0.766979] kernel: PCI: Using host bridge windows from ACPI; if necessary, use "pci=nocrs" and report a bug
[    0.767353] kernel: ACPI: Enabled 2 GPEs in block 00 to 0F
[    0.777751] kernel: ACPI: PCI Root Bridge [PCI0] (domain 0000 [bus 00-ff])
[    0.777761] kernel: acpi PNP0A03:00: _OSC: OS supports [ASPM ClockPM Segments MSI HPX-Type3]
----- is restarting 0
---- dfs_name orangefs is_dfs_client 1
before receiving handshake request
[    0.000000] kernel: Linux version 5.15.0+ (tlyu@IC-RS3-DPC07) (gcc (Ubuntu 9.4.0-1ubuntu1~20.04.1) 9.4.0, GNU ld (GNU Binutils for Ubuntu) 2.34) #7 SMP Sat Feb 18 10:18:37 CET 2023
[    0.000000] kernel: Command line: root=/dev/sda console=ttyS0 net.ifnames=0 ip=192.168.0.38 quiet
[    0.000000] kernel: x86/fpu: Supporting XSAVE feature 0x001: 'x87 floating point registers'
[    0.000000] kernel: x86/fpu: Supporting XSAVE feature 0x002: 'SSE registers'
[    0.000000] kernel: x86/fpu: Supporting XSAVE feature 0x004: 'AVX registers'
[    0.000000] kernel: x86/fpu: Supporting XSAVE feature 0x020: 'AVX-512 opmask'
[    0.000000] kernel: x86/fpu: Supporting XSAVE feature 0x040: 'AVX-512 Hi256'
[    0.000000] kernel: x86/fpu: Supporting XSAVE feature 0x080: 'AVX-512 ZMM_Hi256'
[    0.000000] kernel: x86/fpu: Supporting XSAVE feature 0x200: 'Protection Keys User registers'
[    0.000000] kernel: x86/fpu: xstate_offset[2]:  576, xstate_sizes[2]:  256
[    0.000000] kernel: x86/fpu: xstate_[    0.777818] kernel: acpi PNP0A03:00: fail to add MMCONFIG information, can't access extended PCI configuration space under this bridge.
[    0.777921] kernel: PCI host bridge to bus 0000:00
[    0.777924] kernel: pci_bus 0000:00: root bus resource [io  0x0000-0x0cf7 window]
[    0.777926] kernel: pci_bus 0000:00: root bus resource [io  0x0d00-0xffff window]
[    0.777928] kernel: pci_bus 0000:00: root bus resource [mem 0x000a0000-0x000bffff window]
[    0.777930] kernel: pci_bus 0000:00: root bus resource [mem 0xc0000000-0xfebfffff window]
[    0.777931] kernel: pci_bus 0000:00: root bus resource [mem 0x2c0000000-0x33fffffff window]
[    0.777933] kernel: pci_bus 0000:00: root bus resource [bus 00-ff]
[    0.778411] kernel: pci 0000:00:00.0: [8086:1237] type 00 class 0x060000
[    0.779299] kernel: pci 0000:00:01.0: [8086:7000] type 00 class 0x060100
[    0.780013] kernel: pci 0000:00:01.1: [8086:7010] type 00 class 0x010180
[    0.782019] kernel: pci 0000:00:01.1: reg 0x20: [io  0xc040-0xc04f]
[    0.782829] kernel: pci 0000:00:01.1: legacy IDE quirk: reg 0x10: [io  0x01f0-0x01f7]
[    0.782831] kernel: pci 0000:00:01.1: legacy IDE quirk: reg 0x14: [io  0x03f6]
[    0.782832] kernel: pci 0000:00:01.1: legacy IDE quirk: reg 0x18: [io  0x0170-0x0177]
[    0.782833] kernel: pci 0000:00:01.1: legacy IDE quirk: reg 0x1c: [io  0x0376]
[    0.783702] kernel: pci 0000:00:01.3: [8086:7113] type 00 class 0x068000
[    0.783963] kernel: pci 0000:00:01.3: quirk: [io  0x0600-0x063f] claimed by PIIX4 ACPI
[    0.783969] kernel: pci 0000:00:01.3: quirk: [io  0x0700-0x070f] claimed by PIIX4 SMB
[    0.784726] kernel: pci 0000:00:02.0: [1234:1111] type 00 class 0x030000
[    0.785897] kernel: pci 0000:00:02.0: reg 0x10: [mem 0xfd000000-0xfdffffff pref]
[    0.787575] kernel: pci 0000:00:02.0: reg 0x18: [mem 0xfeb90000-0xfeb90fff]
[    0.790627] kernel: pci 0000:00:02.0: reg 0x30: [mem 0xfeb80000-0xfeb8ffff pref]
[    0.791510] kernel: pci 0000:00:03.0: [1af4:1005] type 00 clasreq.flags ea2
offset[5]:  832, xstate_sizes[5]:   64
[    0.000000] kernel: x86/fpu: xstate_offset[6]:  896, xstate_sizes[6]:  512
[    0.000000] kernel: x86/fpu: xstate_offset[7]: 1408, xstate_sizes[7]: 1024
[    0.000000] kernel: x86/fpu: xstate_offset[9]: 2432, xstate_sizes[9]:    8
[    0.000000] kernel: x86/fpu: Enabled xstate features 0x2e7, context size is 2440 bytes, using 'compacted' format.
[    0.000000] kernel: signal: max sigframe size: 3632
[    0.000000] kernel: BIOS-provided physical RAM map:
[    0.000000] kernel: BIOS-e820: [mem 0x0000000000000000-0x000000000009fbff] usable
[    0.000000] kernel: BIOS-e820: [mem 0x000000000009fc00-0x000000000009ffff] reserved
[    0.000000] kernel: BIOS-e820: [mem 0x00000000000f0000-0x00000000000fffff] reserved
[    0.000000] kernel: BIOS-e820: [mem 0x0000000000100000-0x00000000bffdffff] usable
[    0.000000] kernel: BIOS-e820: [mem 0x00000000bffe0000-0x00000000bfffffff] reserved
[    0.000000] kernel: BIOS-e820: [mem 0x00000000feffc000-0x00000000[D 01/16/2023 17:42:13] PVFS2 Server version 2.9.7-orangefs-REV-65ab0d2 starting.
[E 01/16/2023 17:43:19] PVFS2 server got signal 15 (server_status_flag: 2080767)
[D 02/18/2023 14:39:31] PVFS2 Server version 2.9.7-orangefs-REV-65ab0d2 starting.
[D 02/18/2023 14:47:30] PVFS2 received server: signal 1
[E 02/18/2023 14:47:30] PVFS2 server got signal 15 (server_status_flag: 2080767)
s 0x00ff00
[    0.792177] kernel: pci 0000:00:03.0: reg 0x10: [io  0xc000-0xc01f]
[    0.795035] kernel: pci 0000:00:03.0: reg 0x20: [mem 0xfe200000-0xfe203fff 64bit pref]
[    0.797214] kernel: pci 0000:00:04.0: [1af4:1000] type 00 class 0x020000
[    0.798178] kernel: pci 0000:00:04.0: reg 0x10: [io  0xc020-0xc03f]
[    0.799178] kernel: pci 0000:00:04.0: reg 0x14: [mem 0xfeb91000-0xfeb91fff]
[    0.802179] kernel: pci 0000:00:04.0: reg 0x20: [mem 0xfe204000-0xfe207fff 64bit pref]
[    0.802939] kernel: pci 0000:00:04.0: reg 0x30: [mem 0xfeb00000-0xfeb7ffff pref]
[    0.804144] kernel: pci 0000:00:10.0: [1af4:1110] type 00 class 0x050000
[    0.805178] kernel: pci 0000:00:10.0: reg 0x10: [mem 0xfeb92000-0xfeb920ff]
[    0.807179] kernel: pci 0000:00:10.0: reg 0x18: [mem 0xfe000000-0xfe0fffff 64bit pref]
[    0.812372] kernel: pci 0000:00:11.0: [1af4:1110] type 00 class 0x050000
[    0.812906] kernel: pci 0000:00:11.0: reg 0x10: [mem 0xfeb93000-0xfeb930ff]
[    0.813644] kernel: pci feffffff] reserved
[    0.000000] kernel: BIOS-e820: [mem 0x00000000fffc0000-0x00000000ffffffff] reserved
[    0.000000] kernel: BIOS-e820: [mem 0x0000000100000000-0x00000002bfffffff] usable
[    0.000000] kernel: NX (Execute Disable) protection: active
[    0.000000] kernel: SMBIOS 2.8 present.
[    0.000000] kernel: DMI: QEMU Standard PC (i440FX + PIIX, 1996), BIOS 1.13.0-1ubuntu1.1 04/01/2014
[    0.000000] kernel: Hypervisor detected: KVM
[    0.000000] kernel: kvm-clock: Using msrs 4b564d01 and 4b564d00
[    0.000000] kernel: kvm-clock: cpu 0, msr 2b266e001, primary cpu clock
[    0.000002] kernel: kvm-clock: using sched offset of 422904118 cycles
[    0.000003] kernel: clocksource: kvm-clock: mask: 0xffffffffffffffff max_cycles: 0x1cd42e4dffb, max_idle_ns: 881590591483 ns
[    0.000006] kernel: tsc: Detected 2593.906 MHz processor
[    0.000437] kernel: e820: update [mem 0x00000000-0x00000fff] usable ==> reserved
[    0.000439] kernel: e820: remove [mem 0x000a0000-0x000fffff] us0000:00:11.0: reg 0x18: [mem 0xfe208000-0xfe2083ff 64bit pref]
[    0.815631] kernel: pci 0000:00:12.0: [1af4:1110] type 00 class 0x050000
[    0.816178] kernel: pci 0000:00:12.0: reg 0x10: [mem 0xfeb94000-0xfeb940ff]
[    0.817178] kernel: pci 0000:00:12.0: reg 0x18: [mem 0xfe100000-0xfe1fffff 64bit pref]
[    0.821110] kernel: ACPI: PCI: Interrupt link LNKA configured for IRQ 10
[    0.821445] kernel: ACPI: PCI: Interrupt link LNKB configured for IRQ 10
[    0.821750] kernel: ACPI: PCI: Interrupt link LNKC configured for IRQ 11
[    0.822070] kernel: ACPI: PCI: Interrupt link LNKD configured for IRQ 11
[    0.822197] kernel: ACPI: PCI: Interrupt link LNKS configured for IRQ 9
[    0.822794] kernel: iommu: Default domain type: Translated 
[    0.822795] kernel: iommu: DMA domain TLB invalidation policy: lazy mode 
[    0.822895] kernel: pci 0000:00:02.0: vgaarb: setting as boot VGA device
[    0.822897] kernel: pci 0000:00:02.0: vgaarb: VGA device added: decodes=io+mem,owns=io+mem,loable
[    0.000442] kernel: last_pfn = 0x2c0000 max_arch_pfn = 0x10000000000
[    0.000499] kernel: x86/PAT: Configuration [0-7]: WB  WC  UC- UC  WB  WP  UC- WT  
[    0.000505] kernel: last_pfn = 0xbffe0 max_arch_pfn = 0x10000000000
[    0.005132] kernel: found SMP MP-table at [mem 0x000f5c80-0x000f5c8f]
[    0.005159] kernel: Using GB pages for direct mapping
[    0.005278] kernel: ACPI: Early table checksum verification disabled
[    0.005282] kernel: ACPI: RSDP 0x00000000000F5A50 000014 (v00 BOCHS )
[    0.005290] kernel: ACPI: RSDT 0x00000000BFFE15C9 000030 (v01 BOCHS  BXPCRSDT 00000001 BXPC 00000001)
[    0.005296] kernel: ACPI: FACP 0x00000000BFFE149D 000074 (v01 BOCHS  BXPCFACP 00000001 BXPC 00000001)
[    0.005301] kernel: ACPI: DSDT 0x00000000BFFE0040 00145D (v01 BOCHS  BXPCDSDT 00000001 BXPC 00000001)
[    0.005304] kernel: ACPI: FACS 0x00000000BFFE0000 000040
[    0.005306] kernel: ACPI: APIC 0x00000000BFFE1511 000080 (v01 BOCHS  BXPCAPIC 00000001 BXPC 00000001)
[    0.005308] kernel: ACPI: HPET 0x00000000BFFE1591 000038 (v01 BOCHS  BXPCHPET 00000001 BXPC 00000001)
[    0.005309] kernel: ACPI: Reserving FACP table memory at [mem 0xbffe149d-0xbffe1510]
[    0.005311] kernel: ACPI: Reserving DSDT table memory at [mem 0xbffe0040-0xbffe149c]
[    0.005311] kernel: ACPI: Reserving FACS table memory at [mem 0xbffe0000-0xbffe003f]
[    0.005312] kernel: ACPI: Reserving APIC table memory at [mem 0xbffe1511-0xbffe1590]
[    0.005313] kernel: ACPI: Reserving HPET table memory at [mem 0xbffe1591-0xbffe15c8]
[    0.005575] kernel: No NUMA configuration found
[    0.005575] kernel: Faking a node at [mem 0x0000000000000000-0x00000002bfffffff]
[    0.005578] kernel: NODE_DATA(0) allocated [mem 0x2bfffc000-0x2bfffffff]
[    0.006382] kernel: Zone ranges:
[    0.006384] kernel:   DMA      [mem 0x0000000000001000-0x0000000000ffffff]
[    0.006387] kernel:   DMA32    [mem 0x0000000001000000-0x00000000ffffffff]
[    0.006388] kernel:   Normal   [mem 0x0000000100000000-0x0cks=none
[    0.822899] kernel: pci 0000:00:02.0: vgaarb: bridge control possible
[    0.822900] kernel: vgaarb: loaded
[    0.823104] kernel: SCSI subsystem initialized
[    0.824239] kernel: libata version 3.00 loaded.
[    0.824334] kernel: ACPI: bus type USB registered
[    0.824378] kernel: usbcore: registered new interface driver usbfs
[    0.824399] kernel: usbcore: registered new interface driver hub
[    0.824415] kernel: usbcore: registered new device driver usb
[    0.824460] kernel: pps_core: LinuxPPS API ver. 1 registered
[    0.824461] kernel: pps_core: Software ver. 5.3.6 - Copyright 2005-2007 Rodolfo Giometti <giometti@linux.it>
[    0.824471] kernel: PTP clock support registered
[    0.824536] kernel: Advanced Linux Sound Architecture Driver Initialized.
[    0.824541] kernel: NetLabel: Initializing
[    0.824542] kernel: NetLabel:  domain hash size = 128
[    0.824542] kernel: NetLabel:  protocols = UNLABELED CIPSOv4 CALIPSO
[    0.824574] kernel: NetLabel:  unlabele0000002bfffffff]
[    0.006389] kernel: Movable zone start for each node
[    0.006390] kernel: Early memory node ranges
[    0.006390] kernel:   node   0: [mem 0x0000000000001000-0x000000000009efff]
[    0.006392] kernel:   node   0: [mem 0x0000000000100000-0x00000000bffdffff]
[    0.006393] kernel:   node   0: [mem 0x0000000100000000-0x00000002bfffffff]
[    0.006394] kernel: Initmem setup node 0 [mem 0x0000000000001000-0x00000002bfffffff]
[    0.007046] kernel: On node 0, zone DMA: 1 pages in unavailable ranges
[    0.007057] kernel: On node 0, zone DMA: 97 pages in unavailable ranges
[    0.092728] kernel: On node 0, zone Normal: 32 pages in unavailable ranges
[    0.556375] kernel: kasan: KernelAddressSanitizer initialized
[    0.556719] kernel: ACPI: PM-Timer IO Port: 0x608
[    0.556727] kernel: ACPI: LAPIC_NMI (acpi_id[0xff] dfl dfl lint[0x1])
[    0.556765] kernel: IOAPIC[0]: apic_id 0, version 17, address 0xfec00000, GSI 0-23
[    0.556768] kernel: ACPI: INT_SRC_OVR (bus 0 bd traffic allowed by default
[    0.824600] kernel: PCI: Using ACPI for IRQ routing
[    0.824600] kernel: PCI: pci_cache_line_size set to 64 bytes
[    0.825178] kernel: e820: reserve RAM buffer [mem 0x0009fc00-0x0009ffff]
[    0.825184] kernel: e820: reserve RAM buffer [mem 0xbffe0000-0xbfffffff]
[    0.825243] kernel: hpet0: at MMIO 0xfed00000, IRQs 2, 8, 0
[    0.825246] kernel: hpet0: 3 comparators, 64-bit 100.000000 MHz counter
[    0.830201] kernel: clocksource: Switched to clocksource kvm-clock
[    0.861642] kernel: VFS: Disk quotas dquot_6.6.0
[    0.861675] kernel: VFS: Dquot-cache hash table entries: 512 (order 0, 4096 bytes)
[    0.861795] kernel: pnp: PnP ACPI init
[    0.862085] kernel: pnp 00:03: [dma 2]
[    0.863076] kernel: pnp: PnP ACPI: found 6 devices
[    0.875207] kernel: clocksource: acpi_pm: mask: 0xffffff max_cycles: 0xffffff, max_idle_ns: 2085701024 ns
[    0.875265] kernel: NET: Registered PF_INET protocol family
[    0.876171] kernel: IP idents hash tableus_irq 0 global_irq 2 dfl dfl)
[    0.556769] kernel: ACPI: INT_SRC_OVR (bus 0 bus_irq 5 global_irq 5 high level)
[    0.556770] kernel: ACPI: INT_SRC_OVR (bus 0 bus_irq 9 global_irq 9 high level)
[    0.556771] kernel: ACPI: INT_SRC_OVR (bus 0 bus_irq 10 global_irq 10 high level)
[    0.556773] kernel: ACPI: INT_SRC_OVR (bus 0 bus_irq 11 global_irq 11 high level)
[    0.556775] kernel: ACPI: Using ACPI (MADT) for SMP configuration information
[    0.556776] kernel: ACPI: HPET id: 0x8086a201 base: 0xfed00000
[    0.556779] kernel: TSC deadline timer available
[    0.556781] kernel: smpboot: Allowing 2 CPUs, 0 hotplug CPUs
[    0.556801] kernel: kvm-guest: KVM setup pv remote TLB flush
[    0.556805] kernel: kvm-guest: setup PV sched yield
[    0.556812] kernel: PM: hibernation: Registered nosave memory: [mem 0x00000000-0x00000fff]
[    0.556813] kernel: PM: hibernation: Registered nosave memory: [mem 0x0009f000-0x0009ffff]
[    0.556814] kernel: PM: hibernation: Registered nosave memo entries: 262144 (order: 9, 2097152 bytes, linear)
[    0.905564] kernel: tcp_listen_portaddr_hash hash table entries: 8192 (order: 5, 131072 bytes, linear)
[    0.906798] kernel: TCP established hash table entries: 131072 (order: 8, 1048576 bytes, linear)
[    0.907059] kernel: TCP bind hash table entries: 65536 (order: 8, 1048576 bytes, linear)
[    0.908135] kernel: TCP: Hash tables configured (established 131072 bind 65536)
[    0.908232] kernel: UDP hash table entries: 8192 (order: 6, 262144 bytes, linear)
[    0.908279] kernel: UDP-Lite hash table entries: 8192 (order: 6, 262144 bytes, linear)
[    0.908427] kernel: NET: Registered PF_UNIX/PF_LOCAL protocol family
[    0.911407] kernel: pci_bus 0000:00: resource 4 [io  0x0000-0x0cf7 window]
[    0.911411] kernel: pci_bus 0000:00: resource 5 [io  0x0d00-0xffff window]
[    0.911412] kernel: pci_bus 0000:00: resource 6 [mem 0x000a0000-0x000bffff window]
[    0.911414] kernel: pci_bus 0000:00: resource 7 [mem 0xc0000000-0xfebfffff ry: [mem 0x000a0000-0x000effff]
[    0.556815] kernel: PM: hibernation: Registered nosave memory: [mem 0x000f0000-0x000fffff]
[    0.556815] kernel: PM: hibernation: Registered nosave memory: [mem 0xbffe0000-0xbfffffff]
[    0.556816] kernel: PM: hibernation: Registered nosave memory: [mem 0xc0000000-0xfeffbfff]
[    0.556817] kernel: PM: hibernation: Registered nosave memory: [mem 0xfeffc000-0xfeffffff]
[    0.556817] kernel: PM: hibernation: Registered nosave memory: [mem 0xff000000-0xfffbffff]
[    0.556818] kernel: PM: hibernation: Registered nosave memory: [mem 0xfffc0000-0xffffffff]
[    0.556820] kernel: [mem 0xc0000000-0xfeffbfff] available for PCI devices
[    0.556821] kernel: Booting paravirtualized kernel on KVM
[    0.556823] kernel: clocksource: refined-jiffies: mask: 0xffffffff max_cycles: 0xffffffff, max_idle_ns: 1910969940391419 ns
[    0.560840] kernel: setup_percpu: NR_CPUS:64 nr_cpumask_bits:64 nr_cpu_ids:2 nr_node_ids:1
[    0.561593] kernel: percpu: Embedded 56 pwindow]
[    0.911415] kernel: pci_bus 0000:00: resource 8 [mem 0x2c0000000-0x33fffffff window]
[    0.911648] kernel: pci 0000:00:01.0: PIIX3: Enabling Passive Release
[    0.911657] kernel: pci 0000:00:00.0: Limiting direct PCI/PCI transfers
[    0.911666] kernel: pci 0000:00:01.0: Activating ISA DMA hang workarounds
[    0.911701] kernel: pci 0000:00:02.0: Video device with shadowed ROM at [mem 0x000c0000-0x000dffff]
[    0.911736] kernel: PCI: CLS 0 bytes, default 64
[    0.911752] kernel: PCI-DMA: Using software bounce buffering for IO (SWIOTLB)
[    0.911754] kernel: software IO TLB: mapped [mem 0x00000000bbfe0000-0x00000000bffe0000] (64MB)
[    0.912006] kernel: RAPL PMU: API unit is 2^-32 Joules, 0 fixed counters, 10737418240 ms ovfl timer
[    0.912023] kernel: clocksource: tsc: mask: 0xffffffffffffffff max_cycles: 0x2563bf907c6, max_idle_ns: 440795319401 ns
[    0.912069] kernel: clocksource: Switched to clocksource tsc
[    0.917266] kernel: Initialise system trusted keyrinages/cpu s191576 r8192 d29608 u1048576
[    0.561598] kernel: pcpu-alloc: s191576 r8192 d29608 u1048576 alloc=1*2097152
[    0.561601] kernel: pcpu-alloc: [0] 0 1 
[    0.561627] kernel: kvm-guest: setup async PF for cpu 0
[    0.561634] kernel: kvm-guest: stealtime: cpu 0, msr 26381f140
[    0.561637] kernel: Built 1 zonelists, mobility grouping on.  Total pages: 2580192
[    0.561639] kernel: Policy zone: Normal
[    0.561640] kernel: Kernel command line: root=/dev/sda console=ttyS0 net.ifnames=0 ip=192.168.0.38 quiet
[    0.567182] kernel: Dentry cache hash table entries: 2097152 (order: 12, 16777216 bytes, linear)
[    0.569858] kernel: Inode-cache hash table entries: 1048576 (order: 11, 8388608 bytes, linear)
[    0.569912] kernel: mem auto-init: stack:off, heap alloc:off, heap free:off
[    0.759591] kernel: Memory: 8872652K/10485240K available (14348K kernel code, 2403K rwdata, 3568K rodata, 1384K init, 1732K bss, 1612388K reserved, 0K cma-reserved)
[    0.759678] kernel: SLUB:gs
[    0.917422] kernel: workingset: timestamp_bits=56 max_order=22 bucket_order=0
[    0.922600] kernel: fuse: init (API version 7.34)
[    0.922880] kernel: orangefs_debugfs_init: called with debug mask: :none: :0:
[    0.922954] kernel: orangefs_init: module version upstream loaded
[    0.943668] kernel: Key type asymmetric registered
[    0.943670] kernel: Asymmetric key parser 'x509' registered
[    0.943735] kernel: Block layer SCSI generic (bsg) driver version 0.4 loaded (major 250)
[    0.943736] kernel: io scheduler mq-deadline registered
[    0.943737] kernel: io scheduler kyber registered
[    0.944108] kernel: input: Power Button as /devices/LNXSYSTM:00/LNXPWRBN:00/input/input0
[    0.944206] kernel: ACPI: button: Power Button [PWRF]
[    1.245565] kernel: ACPI: \_SB_.LNKC: Enabled at IRQ 11
[    1.546958] kernel: ACPI: \_SB_.LNKD: Enabled at IRQ 10
[    1.548168] kernel: Serial: 8250/16550 driver, 4 ports, IRQ sharing enabled
[    1.548290] kernel: 00:05: ttyS0 at I/O 0x HWalign=64, Order=0-3, MinObjects=0, CPUs=2, Nodes=1
[    0.760210] kernel: rcu: Hierarchical RCU implementation.
[    0.760211] kernel: rcu:         RCU event tracing is enabled.
[    0.760211] kernel: rcu:         RCU restricting CPUs from NR_CPUS=64 to nr_cpu_ids=2.
[    0.760213] kernel: rcu: RCU calculated value of scheduler-enlistment delay is 100 jiffies.
[    0.760214] kernel: rcu: Adjusting geometry for rcu_fanout_leaf=16, nr_cpu_ids=2
[    0.763051] kernel: NR_IRQS: 4352, nr_irqs: 440, preallocated irqs: 16
[    0.763260] kernel: random: get_random_bytes called from start_kernel+0x4b1/0x67a with crng_init=0
[    0.767305] kernel: Console: colour VGA+ 80x25
[    0.767346] kernel: printk: console [ttyS0] enabled
[    0.767363] kernel: ACPI: Core revision 20210730
[    0.767505] kernel: clocksource: hpet: mask: 0xffffffff max_cycles: 0xffffffff, max_idle_ns: 19112604467 ns
[    0.767611] kernel: APIC: Switch to symmetric I/O mode setup
[    0.767614] kernel: kvm-guest: setup P3f8 (irq = 4, base_baud = 115200) is a 16550A
[    1.549031] kernel: Non-volatile memory driver v1.3
[    1.549085] kernel: Linux agpgart interface v0.103
[    1.552961] kernel: loop: module loaded
[    1.553158] kernel: ata_piix 0000:00:01.1: version 2.13
[    1.563698] kernel: scsi host0: ata_piix
[    1.563984] kernel: scsi host1: ata_piix
[    1.564058] kernel: ata1: PATA max MWDMA2 cmd 0x1f0 ctl 0x3f6 bmdma 0xc040 irq 14
[    1.564059] kernel: ata2: PATA max MWDMA2 cmd 0x170 ctl 0x376 bmdma 0xc048 irq 15
[    1.564332] kernel: libphy: Fixed MDIO Bus: probed
[    1.574797] kernel: e100: Intel(R) PRO/100 Network Driver
[    1.574800] kernel: e100: Copyright(c) 1999-2006 Intel Corporation
[    1.574811] kernel: e1000: Intel(R) PRO/1000 Network Driver
[    1.574811] kernel: e1000: Copyright (c) 1999-2006 Intel Corporation.
[    1.574833] kernel: e1000e: Intel(R) PRO/1000 Network Driver
[    1.574834] kernel: e1000e: Copyright(c) 1999 - 2015 Intel Corporation.
[    1.574853] kernel: sV IPIs
[    0.768512] kernel: ..TIMER: vector=0x30 apic1=0 pin1=2 apic2=-1 pin2=-1
[    0.768534] kernel: clocksource: tsc-early: mask: 0xffffffffffffffff max_cycles: 0x2563bf907c6, max_idle_ns: 440795319401 ns
[    0.768540] kernel: Calibrating delay loop (skipped) preset value.. 5187.81 BogoMIPS (lpj=2593906)
[    0.768542] kernel: pid_max: default: 32768 minimum: 301
[    0.769552] kernel: LSM: Security Framework initializing
[    0.769565] kernel: SELinux:  Initializing.
[    0.769640] kernel: Mount-cache hash table entries: 32768 (order: 6, 262144 bytes, linear)
[    0.770099] kernel: Mountpoint-cache hash table entries: 32768 (order: 6, 262144 bytes, linear)
[    0.770494] kernel: x86/cpu: User Mode Instruction Prevention (UMIP) activated
[    0.770595] kernel: Last level iTLB entries: 4KB 0, 2MB 0, 4MB 0
[    0.770596] kernel: Last level dTLB entries: 4KB 0, 2MB 0, 4MB 0, 1GB 0
[    0.770606] kernel: Spectre V1 : Mitigation: usercopy/swapgs barriers and __user pointer sanitizatky2: driver version 1.30
[    1.575073] kernel: ehci_hcd: USB 2.0 'Enhanced' Host Controller (EHCI) Driver
[    1.575074] kernel: ehci-pci: EHCI PCI platform driver
[    1.575088] kernel: ohci_hcd: USB 1.1 'Open' Host Controller (OHCI) Driver
[    1.575093] kernel: ohci-pci: OHCI PCI platform driver
[    1.575103] kernel: uhci_hcd: USB Universal Host Controller Interface driver
[    1.575211] kernel: usbcore: registered new interface driver usblp
[    1.575225] kernel: usbcore: registered new interface driver usb-storage
[    1.575269] kernel: i8042: PNP: PS/2 Controller [PNP0303:KBD,PNP0f13:MOU] at 0x60,0x64 irq 1,12
[    1.575891] kernel: serio: i8042 KBD port at 0x60,0x64 irq 1
[    1.575896] kernel: serio: i8042 AUX port at 0x60,0x64 irq 12
[    1.576311] kernel: input: AT Translated Set 2 keyboard as /devices/platform/i8042/serio0/input/input1
[    1.576719] kernel: rtc_cmos 00:00: RTC can wake from S4
[    1.587145] kernel: rtc_cmos 00:00: registered as rtc0
[    1.587188] kerneion
[    0.770610] kernel: Spectre V2 : Mitigation: Enhanced IBRS
[    0.770610] kernel: Spectre V2 : Spectre v2 / SpectreRSB mitigation: Filling RSB on context switch
[    0.770612] kernel: Spectre V2 : mitigation: Enabling conditional Indirect Branch Prediction Barrier
[    0.770613] kernel: Speculative Store Bypass: Mitigation: Speculative Store Bypass disabled via prctl and seccomp
[    0.770614] kernel: TAA: Mitigation: TSX disabled
[    0.776287] kernel: Freeing SMP alternatives memory: 40K
[    0.776429] kernel: smpboot: CPU0: Intel(R) Xeon(R) Gold 6348 CPU @ 2.60GHz (family: 0x6, model: 0x6a, stepping: 0x6)
[    0.776536] kernel: Performance Events: Icelake events, 32-deep LBR, full-width counters, Intel PMU driver.
[    0.776598] kernel: ... version:                2
[    0.776599] kernel: ... bit width:              48
[    0.776601] kernel: ... generic registers:      8
[    0.776601] kernel: ... value mask:             0000ffffffffffff
[    0.776605] kernel: ... max periodl: rtc_cmos 00:00: alarms up to one day, y3k, 114 bytes nvram, hpet irqs
[    1.587610] kernel: device-mapper: ioctl: 4.45.0-ioctl (2021-03-22) initialised: dm-devel@redhat.com
[    1.587614] kernel: intel_pstate: CPU model not supported
[    1.587670] kernel: hid: raw HID events driver (C) Jiri Kosina
[    1.587917] kernel: usbcore: registered new interface driver usbhid
[    1.587918] kernel: usbhid: USB HID core driver
[    1.588820] kernel: netem: version 1.3
[    1.596712] kernel: Initializing XFRM netlink socket
[    1.598859] kernel: NET: Registered PF_INET6 protocol family
[    1.609123] kernel: Segment Routing with IPv6
[    1.609137] kernel: In-situ OAM (IOAM) with IPv6
[    1.609234] kernel: sit: IPv6, IPv4 and MPLS over IPv4 tunneling driver
[    1.610414] kernel: NET: Registered PF_PACKET protocol family
[    1.610596] kernel: 9pnet: Installing 9P2000 support
[    1.610630] kernel: Key type dns_resolver registered
[    1.610649] kernel: Key type ceph registered
[    1.610:             00007fffffffffff
[    0.776606] kernel: ... fixed-purpose events:   3
[    0.776606] kernel: ... event mask:             00000007000000ff
[    0.777328] kernel: rcu: Hierarchical SRCU implementation.
[    0.778620] kernel: smp: Bringing up secondary CPUs ...
[    0.778755] kernel: x86: Booting SMP configuration:
[    0.778756] kernel: .... node  #0, CPUs:      #1
[    0.005307] kernel: kvm-clock: cpu 1, msr 2b266e041, secondary cpu clock
[    0.005307] kernel: smpboot: CPU 1 Converting physical 0 to logical die 1
[    0.781125] kernel: kvm-guest: setup async PF for cpu 1
[    0.781125] kernel: kvm-guest: stealtime: cpu 1, msr 26391f140
[    0.781125] kernel: smp: Brought up 1 node, 2 CPUs
[    0.781125] kernel: smpboot: Max logical packages: 2
[    0.781125] kernel: smpboot: Total of 2 processors activated (10375.62 BogoMIPS)
[    0.781992] kernel: devtmpfs: initialized
[    0.784047] kernel: clocksource: jiffies: mask: 0xffffffff max_cycles: 0xffffffff, max_idle_ns: 191944] kernel: libceph: loaded (mon/osd proto 15/24)
[    1.612444] kernel: IPI shorthand broadcast: enabled
[    1.612470] kernel: sched_clock: Marking stable (1608321187, 4076209)->(1675666221, -63268825)
[    1.612850] kernel: registered taskstats version 1
[    1.612852] kernel: Loading compiled-in X.509 certificates
[    1.614170] kernel: PM:   Magic number: 15:372:253
[    1.614269] kernel: printk: console [netcon0] enabled
[    1.614271] kernel: netconsole: network logging started
[    1.721499] kernel: ata1.01: NODEV after polling detection
[    1.721711] kernel: ata1.00: ATA-7: QEMU HARDDISK, 2.5+, max UDMA/100
[    1.721713] kernel: ata1.00: 88078336 sectors, multi 16: LBA48 
[    1.722152] kernel: scsi 0:0:0:0: Direct-Access     ATA      QEMU HARDDISK    2.5+ PQ: 0 ANSI: 5
[    1.722404] kernel: scsi 0:0:0:0: Attached scsi generic sg0 type 0
[    1.722568] kernel: sd 0:0:0:0: [sda] 88078336 512-byte logical blocks: (45.1 GB/42.0 GiB)
[    1.722575] kernel: sd 0:0:0:0: [sda] W[    0.000000] kernel: Linux version 5.15.0+ (tlyu@IC-RS3-DPC07) (gcc (Ubuntu 9.4.0-1ubuntu1~20.04.1) 9.4.0, GNU ld (GNU Binutils for Ubuntu) 2.34) #7 SMP Sat Feb 18 10:18:37 CET 2023
[    0.000000] kernel: Command line: root=/dev/sda console=ttyS0 net.ifnames=0 ip=192.168.0.35 quiet
[    0.000000] kernel: x86/fpu: Supporting XSAVE feature 0x001: 'x87 floating point registers'
[    0.000000] kernel: x86/fpu: Supporting XSAVE feature 0x002: 'SSE registers'
[    0.000000] kernel: x86/fpu: Supporting XSAVE feature 0x004: 'AVX registers'
[    0.000000] kernel: x86/fpu: Supporting XSAVE feature 0x020: 'AVX-512 opmask'
[    0.000000] kernel: x86/fpu: Supporting XSAVE feature 0x040: 'AVX-512 Hi256'
[    0.000000] kernel: x86/fpu: Supporting XSAVE feature 0x080: 'AVX-512 ZMM_Hi256'
[    0.000000] kernel: x86/fpu: Supporting XSAVE feature 0x200: 'Protection Keys User registers'
[    0.000000] kernel: x86/fpu: xstate_offset[2]:  576, xstate_sizes[2]:  256
[    0.000000] kernel: x86/fpu: xstate_----- is restarting 0
---- dfs_name orangefs is_dfs_client 0
unlink FIFO failed: No such file or directory
offset[5]:  832, xstate_sizes[5]:   64
[    0.000000] kernel: x86/fpu: xstate_offset[6]:  896, xstate_sizes[6]:  512
[    0.000000] kernel: x86/fpu: xstate_offset[7]: 1408, xstate_sizes[7]: 1024
[    0.000000] kernel: x86/fpu: xstate_offset[9]: 2432, xstate_sizes[9]:    8
[    0.000000] kernel: x86/fpu: Enabled xstate features 0x2e7, context size is 2440 bytes, using 'compacted' format.
[    0.000000] kernel: signal: max sigframe size: 3632
[    0.000000] kernel: BIOS-provided physical RAM map:
[    0.000000] kernel: BIOS-e820: [mem 0x0000000000000000-0x000000000009fbff] usable
[    0.000000] kernel: BIOS-e820: [mem 0x000000000009fc00-0x000000000009ffff] reserved
[    0.000000] kernel: BIOS-e820: [mem 0x00000000000f0000-0x00000000000fffff] reserved
[    0.000000] kernel: BIOS-e820: [mem 0x0000000000100000-0x00000000bffdffff] usable
[    0.000000] kernel: BIOS-e820: [mem 0x00000000bffe0000-0x00000000bfffffff] reserved
[    0.000000] kernel: BIOS-e820: [mem 0x00000000feffc000-0x00000000[D 01/16/2023 17:42:13] PVFS2 Server version 2.9.7-orangefs-REV-65ab0d2 starting.
[E 01/16/2023 17:43:19] PVFS2 server got signal 15 (server_status_flag: 2080767)
[D 02/18/2023 14:39:31] PVFS2 Server version 2.9.7-orangefs-REV-65ab0d2 starting.
[D 02/18/2023 14:47:30] PVFS2 received server: signal 1
[E 02/18/2023 14:47:30] PVFS2 server got signal 15 (server_status_flag: 2080767)
1260446275000 ns
[    0.784051] kernel: futex hash table entries: 512 (order: 3, 32768 bytes, linear)
[    0.784540] kernel: PM: RTC time: 00:15:23, date: 2023-03-09
[    0.785065] kernel: NET: Registered PF_NETLINK/PF_ROUTE protocol family
[    0.785418] kernel: audit: initializing netlink subsys (disabled)
[    0.785736] kernel: thermal_sys: Registered thermal governor 'step_wise'
[    0.785737] kernel: thermal_sys: Registered thermal governor 'user_space'
[    0.785772] kernel: audit: type=2000 audit(1678320923.871:1): state=initialized audit_enabled=0 res=1
[    0.785775] kernel: cpuidle: using governor menu
[    0.785775] kernel: ACPI: bus type PCI registered
[    0.786546] kernel: PCI: Using configuration type 1 for base access
[    0.796496] kernel: Kprobes globally optimized
[    0.796770] kernel: HugeTLB registered 2.00 MiB page size, pre-allocated 0 pages
[    0.797566] kernel: cryptomgr_test (26) used greatest stack depth: 31400 bytes left
[    0.800690] kernel: ACPI: Addedrite Protect is off
[    1.722578] kernel: sd 0:0:0:0: [sda] Mode Sense: 00 3a 00 00
[    1.722587] kernel: sd 0:0:0:0: [sda] Write cache: enabled, read cache: enabled, doesn't support DPO or FUA
[    1.723675] kernel: sd 0:0:0:0: [sda] Attached SCSI disk
[    1.729441] kernel: ata2.01: NODEV after polling detection
[    1.729643] kernel: ata2.00: ATAPI: QEMU DVD-ROM, 2.5+, max UDMA/100
[    1.730427] kernel: scsi 1:0:0:0: CD-ROM            QEMU     QEMU DVD-ROM     2.5+ PQ: 0 ANSI: 5
[    1.748688] kernel: sr 1:0:0:0: [sr0] scsi3-mmc drive: 4x/4x cd/rw xa/form2 tray
[    1.748696] kernel: cdrom: Uniform CD-ROM driver Revision: 3.20
[    1.781992] kernel: sr 1:0:0:0: Attached scsi CD-ROM sr0
[    1.782212] kernel: sr 1:0:0:0: Attached scsi generic sg1 type 5
[    2.234501] kernel: input: ImExPS/2 Generic Explorer Mouse as /devices/platform/i8042/serio1/input/input3
[    2.252295] kernel: IP-Config: Guessing netmask 255.255.255.0
[    2.252298] kernel: IP-Config: Complete:
[    2.25229 _OSI(Module Device)
[    0.800690] kernel: ACPI: Added _OSI(Processor Device)
[    0.800690] kernel: ACPI: Added _OSI(3.0 _SCP Extensions)
[    0.800690] kernel: ACPI: Added _OSI(Processor Aggregator Device)
[    0.800690] kernel: ACPI: Added _OSI(Linux-Dell-Video)
[    0.800690] kernel: ACPI: Added _OSI(Linux-Lenovo-NV-HDMI-Audio)
[    0.800690] kernel: ACPI: Added _OSI(Linux-HPI-Hybrid-Graphics)
[    0.811827] kernel: ACPI: 1 ACPI AML tables successfully acquired and loaded
[    0.816702] kernel: ACPI: Interpreter enabled
[    0.816735] kernel: ACPI: PM: (supports S0 S3 S4 S5)
[    0.816737] kernel: ACPI: Using IOAPIC for interrupt routing
[    0.816772] kernel: PCI: Using host bridge windows from ACPI; if necessary, use "pci=nocrs" and report a bug
[    0.817536] kernel: ACPI: Enabled 2 GPEs in block 00 to 0F
[    0.835803] kernel: ACPI: PCI Root Bridge [PCI0] (domain 0000 [bus 00-ff])
[    0.835813] kernel: acpi PNP0A03:00: _OSC: OS supports [ASPM ClockPM Segments MSI HPX-Type3]
9] kernel:      device=eth0, hwaddr=e6:c8:ff:09:76:24, ipaddr=192.168.0.36, mask=255.255.255.0, gw=255.255.255.255
[    2.252302] kernel:      host=192.168.0.36, domain=, nis-domain=(none)
[    2.252303] kernel:      bootserver=255.255.255.255, rootserver=255.255.255.255, rootpath=
[    2.252401] kernel: cfg80211: Loading compiled-in X.509 certificates for regulatory database
[    2.256188] kernel: kworker/u4:1 (69) used greatest stack depth: 30480 bytes left
[    2.256808] kernel: cfg80211: Loaded X.509 cert 'sforshee: 00b28ddf47aef9cea7'
[    2.256819] kernel: ALSA device list:
[    2.256820] kernel:   No soundcards found.
[    2.268453] kernel: platform regulatory.0: Direct firmware load for regulatory.db failed with error -2
[    2.268460] kernel: cfg80211: failed to load regulatory.db
[    2.268498] kernel: md: Waiting for all devices to be available before autodetect
[    2.268498] kernel: md: If you don't use raid, use raid=noautodetect
[    2.268499] kernel: md: Autodetecting feffffff] reserved
[    0.000000] kernel: BIOS-e820: [mem 0x00000000fffc0000-0x00000000ffffffff] reserved
[    0.000000] kernel: BIOS-e820: [mem 0x0000000100000000-0x00000002bfffffff] usable
[    0.000000] kernel: NX (Execute Disable) protection: active
[    0.000000] kernel: SMBIOS 2.8 present.
[    0.000000] kernel: DMI: QEMU Standard PC (i440FX + PIIX, 1996), BIOS 1.13.0-1ubuntu1.1 04/01/2014
[    0.000000] kernel: Hypervisor detected: KVM
[    0.000000] kernel: kvm-clock: Using msrs 4b564d01 and 4b564d00
[    0.000000] kernel: kvm-clock: cpu 0, msr 6126e001, primary cpu clock
[    0.000002] kernel: kvm-clock: using sched offset of 499886586 cycles
[    0.000004] kernel: clocksource: kvm-clock: mask: 0xffffffffffffffff max_cycles: 0x1cd42e4dffb, max_idle_ns: 881590591483 ns
[    0.000006] kernel: tsc: Detected 2593.906 MHz processor
[    0.001172] kernel: e820: update [mem 0x00000000-0x00000fff] usable ==> reserved
[    0.001176] kernel: e820: remove [mem 0x000a0000-0x000fffff] usaRAID arrays.
[    2.268500] kernel: md: autorun ...
[    2.268501] kernel: md: ... autorun DONE.
[    2.276504] kernel: EXT4-fs (sda): mounted filesystem with ordered data mode. Opts: (null). Quota mode: none.
[    2.276531] kernel: VFS: Mounted root (ext4 filesystem) readonly on device 8:0.
[    2.289563] kernel: devtmpfs: mounted
[    2.289920] kernel: Freeing unused kernel image (initmem) memory: 1384K
[    2.295199] kernel: Write protecting the kernel read-only data: 20480k
[    2.295689] kernel: Freeing unused kernel image (text/rodata gap) memory: 2032K
[    2.295920] kernel: Freeing unused kernel image (rodata/data gap) memory: 528K
[    2.295932] kernel: Run /sbin/init as init process
[    2.295933] kernel:   with arguments:
[    2.295933] kernel:     /sbin/init
[    2.295933] kernel:   with environment:
[    2.295934] kernel:     HOME=/
[    2.295934] kernel:     TERM=linux
[    2.383372] kernel: random: fast init done
[    2.525677] systemd[1]: systemd 245.4-4ubuntu3 runningexecutor 2 finishes userspace_cover_open
before receiving handshake request
req.flags ea2
[    0.000000] kernel: Linux version 5.15.0+ (tlyu@IC-RS3-DPC07) (gcc (Ubuntu 9.4.0-1ubuntu1~20.04.1) 9.4.0, GNU ld (GNU Binutils for Ubuntu) 2.34) #7 SMP Sat Feb 18 10:18:37 CET 2023
[    0.000000] kernel: Command line: root=/dev/sda console=ttyS0 net.ifnames=0 ip=192.168.0.37 quiet
[    0.000000] kernel: x86/fpu: Supporting XSAVE feature 0x001: 'x87 floating point registers'
[    0.000000] kernel: x86/fpu: Supporting XSAVE feature 0x002: 'SSE registers'
[    0.000000] kernel: x86/fpu: Supporting XSAVE feature 0x004: 'AVX registers'
[    0.000000] kernel: x86/fpu: Supporting XSAVE feature 0x020: 'AVX-512 opmask'
[    0.000000] kernel: x86/fpu: Supporting XSAVE feature 0x040: 'AVX-512 Hi256'
[    0.000000] kernel: x86/fpu: Supporting XSAVE feature 0x080: 'AVX-512 ZMM_Hi256'
[    0.000000] kernel: x86/fpu: Supporting XSAVE feature 0x200: 'Protection Keys User registers'
[    0.000000] kernel: x86/fpu: xstate_offset[2]:  576, xstate_sizes[2]:  256
[    0.000000] kernel: x86/fpu: xstate_[D 01/16/2023 17:42:13] PVFS2 Server version 2.9.7-orangefs-REV-65ab0d2 starting.
[E 01/16/2023 17:43:19] PVFS2 server got signal 15 (server_status_flag: 2080767)
[D 02/18/2023 14:39:31] PVFS2 Server version 2.9.7-orangefs-REV-65ab0d2 starting.
[D 02/18/2023 14:47:30] PVFS2 received server: signal 1
[E 02/18/2023 14:47:30] PVFS2 server got signal 15 (server_status_flag: 2080767)
[    0.835859] kernel: acpi PNP0A03:00: fail to add MMCONFIG information, can't access extended PCI configuration space under this bridge.
[    0.835967] kernel: PCI host bridge to bus 0000:00
[    0.835970] kernel: pci_bus 0000:00: root bus resource [io  0x0000-0x0cf7 window]
[    0.835972] kernel: pci_bus 0000:00: root bus resource [io  0x0d00-0xffff window]
[    0.835974] kernel: pci_bus 0000:00: root bus resource [mem 0x000a0000-0x000bffff window]
[    0.835976] kernel: pci_bus 0000:00: root bus resource [mem 0xc0000000-0xfebfffff window]
[    0.835978] kernel: pci_bus 0000:00: root bus resource [mem 0x2c0000000-0x33fffffff window]
[    0.835980] kernel: pci_bus 0000:00: root bus resource [bus 00-ff]
[    0.836854] kernel: pci 0000:00:00.0: [8086:1237] type 00 class 0x060000
[    0.838183] kernel: pci 0000:00:01.0: [8086:7000] type 00 class 0x060100
[    0.839712] kernel: pci 0000:00:01.1: [8086:7010] type 00 class 0x010180
[    0.842540] kernel: pci 0000:00:01.1: reg 0x20: [io  0ble
[    0.001179] kernel: last_pfn = 0x2c0000 max_arch_pfn = 0x10000000000
[    0.001254] kernel: x86/PAT: Configuration [0-7]: WB  WC  UC- UC  WB  WP  UC- WT  
[    0.001260] kernel: last_pfn = 0xbffe0 max_arch_pfn = 0x10000000000
[    0.011671] kernel: found SMP MP-table at [mem 0x000f5c80-0x000f5c8f]
[    0.011709] kernel: Using GB pages for direct mapping
[    0.013332] kernel: ACPI: Early table checksum verification disabled
[    0.013340] kernel: ACPI: RSDP 0x00000000000F5A50 000014 (v00 BOCHS )
[    0.013351] kernel: ACPI: RSDT 0x00000000BFFE15C9 000030 (v01 BOCHS  BXPCRSDT 00000001 BXPC 00000001)
[    0.013381] kernel: ACPI: FACP 0x00000000BFFE149D 000074 (v01 BOCHS  BXPCFACP 00000001 BXPC 00000001)
[    0.013387] kernel: ACPI: DSDT 0x00000000BFFE0040 00145D (v01 BOCHS  BXPCDSDT 00000001 BXPC 00000001)
[    0.013390] kernel: ACPI: FACS 0x00000000BFFE0000 000040
[    0.013392] kernel: ACPI: APIC 0x00000000BFFE1511 000080 (v01 BOCHS  BXPCAPIC 00000001 BXPC 00000001)
[    0.0133 in system mode. (+PAM +AUDIT +SELINUX +IMA +APPARMOR +SMACK +SYSVINIT +UTMP +LIBCRYPTSETUP +GCRYPT +GNUTLS +ACL +XZ +LZ4 +SECCOMP +BLKID +ELFUTILS +KMOD +IDN2 -IDN +PCRE2 default-hierarchy=hybrid)
[    2.525745] systemd[1]: Detected virtualization kvm.
[    2.525750] systemd[1]: Detected architecture x86-64.
[    2.534979] systemd[1]: Set hostname to <dfs-fuzzing>.
[    2.583315] kernel: systemd-bless-b (78) used greatest stack depth: 29808 bytes left
[    2.602827] kernel: systemd-hiberna (84) used greatest stack depth: 29120 bytes left
[    2.623464] kernel: IPv6: ADDRCONF(NETDEV_CHANGE): eth0: link becomes ready
[    2.705370] systemd[1]: /lib/systemd/system/dbus.socket:5: ListenStream= references a path below legacy directory /var/run/, updating /var/run/dbus/system_bus_socket  /run/dbus/system_bus_socket; please update the unit file accordingly.
[    2.757065] systemd[1]: system-modprobe.slice: unit configures an IP firewall, but the local system does not support BPF/cgroup fxc040-0xc04f]
[    0.843556] kernel: pci 0000:00:01.1: legacy IDE quirk: reg 0x10: [io  0x01f0-0x01f7]
[    0.843558] kernel: pci 0000:00:01.1: legacy IDE quirk: reg 0x14: [io  0x03f6]
[    0.843559] kernel: pci 0000:00:01.1: legacy IDE quirk: reg 0x18: [io  0x0170-0x0177]
[    0.843560] kernel: pci 0000:00:01.1: legacy IDE quirk: reg 0x1c: [io  0x0376]
[    0.844712] kernel: pci 0000:00:01.3: [8086:7113] type 00 class 0x068000
[    0.845131] kernel: pci 0000:00:01.3: quirk: [io  0x0600-0x063f] claimed by PIIX4 ACPI
[    0.845138] kernel: pci 0000:00:01.3: quirk: [io  0x0700-0x070f] claimed by PIIX4 SMB
[    0.846236] kernel: pci 0000:00:02.0: [1234:1111] type 00 class 0x030000
[    0.847309] kernel: pci 0000:00:02.0: reg 0x10: [mem 0xfd000000-0xfdffffff pref]
[    0.849540] kernel: pci 0000:00:02.0: reg 0x18: [mem 0xfeb90000-0xfeb90fff]
[    0.853540] kernel: pci 0000:00:02.0: reg 0x30: [mem 0xfeb80000-0xfeb8ffff pref]
[    0.854783] kernel: pci 0000:00:03.0: [1af4:1005] type 00 clasirewalling.
[    2.757071] systemd[1]: (This warning is only shown for the first unit using IP firewalling.)
[    2.757315] systemd[1]: Created slice system-modprobe.slice.
[    2.757440] systemd[1]: Created slice system-serial\x2dgetty.slice.
[    2.757518] systemd[1]: Created slice User and Session Slice.
[    2.757582] systemd[1]: Started Dispatch Password Requests to Console Directory Watch.
[    2.757626] systemd[1]: Started Forward Password Requests to Wall Directory Watch.
[    2.758563] systemd[1]: Set up automount Arbitrary Executable File Formats File System Automount Point.
[    2.758603] systemd[1]: Reached target Local Encrypted Volumes.
[    2.758622] systemd[1]: Reached target Paths.
[    2.758633] systemd[1]: Reached target Remote File Systems.
[    2.758641] systemd[1]: Reached target Slices.
[    2.758652] systemd[1]: Reached target Swap.
[    2.758749] systemd[1]: Listening on Device-mapper event daemon FIFOs.
[    2.758883] systemd[1]: Listening on Syslog Socket.
[95] kernel: ACPI: HPET 0x00000000BFFE1591 000038 (v01 BOCHS  BXPCHPET 00000001 BXPC 00000001)
[    0.013397] kernel: ACPI: Reserving FACP table memory at [mem 0xbffe149d-0xbffe1510]
[    0.013398] kernel: ACPI: Reserving DSDT table memory at [mem 0xbffe0040-0xbffe149c]
[    0.013399] kernel: ACPI: Reserving FACS table memory at [mem 0xbffe0000-0xbffe003f]
[    0.013400] kernel: ACPI: Reserving APIC table memory at [mem 0xbffe1511-0xbffe1590]
[    0.013400] kernel: ACPI: Reserving HPET table memory at [mem 0xbffe1591-0xbffe15c8]
[    0.014400] kernel: No NUMA configuration found
[    0.014401] kernel: Faking a node at [mem 0x0000000000000000-0x00000002bfffffff]
[    0.014405] kernel: NODE_DATA(0) allocated [mem 0x2bfffa000-0x2bfffdfff]
[    0.014601] kernel: Zone ranges:
[    0.014603] kernel:   DMA      [mem 0x0000000000001000-0x0000000000ffffff]
[    0.014605] kernel:   DMA32    [mem 0x0000000001000000-0x00000000ffffffff]
[    0.014607] kernel:   Normal   [mem 0x0000000100000000-0x00s 0x00ff00
[    0.855540] kernel: pci 0000:00:03.0: reg 0x10: [io  0xc000-0xc01f]
[    0.859073] kernel: pci 0000:00:03.0: reg 0x20: [mem 0xfe200000-0xfe203fff 64bit pref]
[    0.861172] kernel: pci 0000:00:04.0: [1af4:1000] type 00 class 0x020000
[    0.862217] kernel: pci 0000:00:04.0: reg 0x10: [io  0xc020-0xc03f]
[    0.863199] kernel: pci 0000:00:04.0: reg 0x14: [mem 0xfeb91000-0xfeb91fff]
[    0.866541] kernel: pci 0000:00:04.0: reg 0x20: [mem 0xfe204000-0xfe207fff 64bit pref]
[    0.867992] kernel: pci 0000:00:04.0: reg 0x30: [mem 0xfeb00000-0xfeb7ffff pref]
[    0.869156] kernel: pci 0000:00:10.0: [1af4:1110] type 00 class 0x050000
[    0.869954] kernel: pci 0000:00:10.0: reg 0x10: [mem 0xfeb92000-0xfeb920ff]
[    0.871278] kernel: pci 0000:00:10.0: reg 0x18: [mem 0xfe000000-0xfe0fffff 64bit pref]
[    0.874224] kernel: pci 0000:00:11.0: [1af4:1110] type 00 class 0x050000
[    0.874819] kernel: pci 0000:00:11.0: reg 0x10: [mem 0xfeb93000-0xfeb930ff]
[    0.875885] kernel: pci     2.758936] systemd[1]: Listening on initctl Compatibility Named Pipe.
[    2.759107] systemd[1]: Listening on Journal Audit Socket.
[    2.759203] systemd[1]: Listening on Journal Socket (/dev/log).
[    2.759311] systemd[1]: Listening on Journal Socket.
[    2.759420] systemd[1]: Listening on udev Control Socket.
[    2.759485] systemd[1]: Listening on udev Kernel Socket.
[    2.760312] systemd[1]: Mounting Huge Pages File System...
[    2.761104] systemd[1]: Mounting POSIX Message Queue File System...
[    2.761810] systemd[1]: Mounting /proc/sys/fs/binfmt_misc...
[    2.762504] systemd[1]: Mounting /sys/kernel/config...
[    2.763798] systemd[1]: Mounting /sys/kernel/debug...
[    2.764596] systemd[1]: Mounting Kernel Trace File System...
[    2.765353] systemd[1]: Starting Journal Service...
[    2.766673] systemd[1]: Starting Set the console keyboard layout...
[    2.766702] systemd[1]: Condition check resulted in Create list of static device nodes for the current kernel being skipped.
[    2.766728] systemd[1]: Condition check resulted in Load Kernel Module drm being skipped.
[    2.795105] systemd[1]: Starting Load Kernel Modules...
[    2.796495] systemd[1]: Starting Remount Root and Kernel File Systems...
[    2.797770] systemd[1]: Starting udev Coldplug all Devices...
[    2.827279] systemd[1]: Finished Load Kernel Modules.
[    2.827849] kernel: mount (95) used greatest stack depth: 28960 bytes left
[    2.829291] systemd[1]: Mounting FUSE Control File System...
[    2.830099] systemd[1]: Starting Apply Kernel Variables...
[    2.833112] systemd[1]: Mounted Huge Pages File System.
[    2.833340] systemd[1]: Mounted POSIX Message Queue File System.
[    2.833504] systemd[1]: Mounted /sys/kernel/config.
[    2.833657] systemd[1]: Mounted /sys/kernel/debug.
[    2.833830] systemd[1]: Mounted Kernel Trace File System.
[    2.840567] systemd[1]: Mounted /proc/sys/fs/binfmt_misc.
[    2.841955] systemd[1]: Condition check resulted in Set Up Additional Bina000002bfffffff]
[    0.014608] kernel: Movable zone start for each node
[    0.014609] kernel: Early memory node ranges
[    0.014609] kernel:   node   0: [mem 0x0000000000001000-0x000000000009efff]
[    0.014610] kernel:   node   0: [mem 0x0000000000100000-0x00000000bffdffff]
[    0.014611] kernel:   node   0: [mem 0x0000000100000000-0x00000002bfffffff]
[    0.014612] kernel: Initmem setup node 0 [mem 0x0000000000001000-0x00000002bfffffff]
[    0.015986] kernel: On node 0, zone DMA: 1 pages in unavailable ranges
[    0.015999] kernel: On node 0, zone DMA: 97 pages in unavailable ranges
[    0.167154] kernel: On node 0, zone Normal: 32 pages in unavailable ranges
[    0.627634] kernel: kasan: KernelAddressSanitizer initialized
[    0.627969] kernel: ACPI: PM-Timer IO Port: 0x608
[    0.627977] kernel: ACPI: LAPIC_NMI (acpi_id[0xff] dfl dfl lint[0x1])
[    0.628012] kernel: IOAPIC[0]: apic_id 0, version 17, address 0xfec00000, GSI 0-23
[    0.628015] kernel: ACPI: INT_SRC_OVR (bus 0 bury Formats being skipped.
[    2.854369] systemd[1]: Mounted FUSE Control File System.
[    2.869761] kernel: EXT4-fs (sda): re-mounted. Opts: (null). Quota mode: none.
[    2.872487] systemd[1]: Finished Remount Root and Kernel File Systems.
[    2.873217] systemd[1]: Condition check resulted in Rebuild Hardware Database being skipped.
[    2.873251] systemd[1]: Condition check resulted in Platform Persistent Storage Archival being skipped.
[    2.874045] systemd[1]: Starting Load/Save Random Seed...
[    2.874845] systemd[1]: Starting Create System Users...
[    2.880779] systemd[1]: Finished Apply Kernel Variables.
[    2.933324] systemd[1]: Finished Create System Users.
[    2.934230] systemd[1]: Starting Create Static Device Nodes in /dev...
[    2.961541] systemd[1]: Finished Create Static Device Nodes in /dev.
[    2.962569] systemd[1]: Starting udev Kernel Device Manager...
[    2.986070] systemd[1]: Finished Set the console keyboard layout.
[    2.986323] systemd[1]: Reached s_irq 0 global_irq 2 dfl dfl)
[    0.628018] kernel: ACPI: INT_SRC_OVR (bus 0 bus_irq 5 global_irq 5 high level)
[    0.628019] kernel: ACPI: INT_SRC_OVR (bus 0 bus_irq 9 global_irq 9 high level)
[    0.628020] kernel: ACPI: INT_SRC_OVR (bus 0 bus_irq 10 global_irq 10 high level)
[    0.628021] kernel: ACPI: INT_SRC_OVR (bus 0 bus_irq 11 global_irq 11 high level)
[    0.628024] kernel: ACPI: Using ACPI (MADT) for SMP configuration information
[    0.628025] kernel: ACPI: HPET id: 0x8086a201 base: 0xfed00000
[    0.628029] kernel: TSC deadline timer available
[    0.628030] kernel: smpboot: Allowing 2 CPUs, 0 hotplug CPUs
[    0.628053] kernel: kvm-guest: KVM setup pv remote TLB flush
[    0.628058] kernel: kvm-guest: setup PV sched yield
[    0.628066] kernel: PM: hibernation: Registered nosave memory: [mem 0x00000000-0x00000fff]
[    0.628067] kernel: PM: hibernation: Registered nosave memory: [mem 0x0009f000-0x0009ffff]
