2023/03/11 06:21:28 fuzzer started
2023/03/11 06:21:29 dialing manager at localhost:42025
2023/03/11 06:21:29 syscalls: 130
2023/03/11 06:21:29 code coverage: enabled
2023/03/11 06:21:29 comparison tracing: enabled
2023/03/11 06:21:29 extra coverage: enabled
2023/03/11 06:21:29 setuid sandbox: enabled
2023/03/11 06:21:29 namespace sandbox: /proc/self/ns/user does not exist
2023/03/11 06:21:29 Android sandbox: /sys/fs/selinux/policy can't be opened (open /sys/fs/selinux/policy: invalid argument)
2023/03/11 06:21:29 fault injection: CONFIG_FAULT_INJECTION_DEBUG_FS or CONFIG_FAILSLAB are not enabled
2023/03/11 06:21:29 leak checking: CONFIG_DEBUG_KMEMLEAK is not enabled
2023/03/11 06:21:29 net packet injection: /dev/net/tun does not exist
2023/03/11 06:21:29 net device setup: enabled
2023/03/11 06:21:29 concurrency sanitizer: /sys/kernel/debug/kcsan does not exist
2023/03/11 06:21:29 devlink PCI setup: enabled
2023/03/11 06:21:29 USB emulation: /dev/raw-gadget does not exist
2023/03/11 06:21:29 hci packet injection: /dev/vhci does not exist
2023/03/11 06:21:29 wifi device emulation: /sys/class/mac80211_hwsim/ does not exist
2023/03/11 06:21:29 802.15.4 emulation: /sys/bus/platform/devices/mac802154_hwsim does not exist
2023/03/11 06:21:29 deserializeInput: hasCrash true hasNet false
2023/03/11 06:21:29 prog length: 6
2023/03/11 06:21:29 prog length: 3
2023/03/11 06:21:29 deserializeInput: hasCrash true hasNet false
2023/03/11 06:21:29 prog length: 6
2023/03/11 06:21:29 prog length: 6
2023/03/11 06:21:29 prog length: 5
2023/03/11 06:21:29 deserializeInput: hasCrash true hasNet false
2023/03/11 06:21:29 prog length: 6
2023/03/11 06:21:29 prog length: 6
2023/03/11 06:21:29 prog length: 5
2023/03/11 06:21:29 deserializeInput: hasCrash true hasNet false
2023/03/11 06:21:29 prog length: 6
2023/03/11 06:21:29 prog length: 3
2023/03/11 06:21:29 deserializeInput: hasCrash true hasNet false
2023/03/11 06:21:29 prog length: 6
2023/03/11 06:21:29 prog length: 6
2023/03/11 06:21:29 prog length: 5
2023/03/11 06:21:29 deserializeInput: hasCrash true hasNet false
2023/03/11 06:21:29 prog length: 6
2023/03/11 06:21:29 prog length: 6
2023/03/11 06:21:29 prog length: 5
2023/03/11 06:21:29 deserializeInput: hasCrash true hasNet false
2023/03/11 06:21:29 prog length: 6
2023/03/11 06:21:29 prog length: 6
2023/03/11 06:21:29 prog length: 5
2023/03/11 06:21:29 deserializeInput: hasCrash true hasNet false
2023/03/11 06:21:29 prog length: 6
2023/03/11 06:21:29 prog length: 3
2023/03/11 06:21:29 deserializeInput: hasCrash true hasNet false
2023/03/11 06:21:29 prog length: 6
2023/03/11 06:21:29 prog length: 3
2023/03/11 06:21:29 deserializeInput: hasCrash true hasNet false
2023/03/11 06:21:29 prog length: 6
2023/03/11 06:21:29 prog length: 3
2023/03/11 06:21:29 deserializeInput: hasCrash true hasNet false
2023/03/11 06:21:29 prog length: 6
2023/03/11 06:21:29 prog length: 3
2023/03/11 06:21:29 deserializeInput: hasCrash true hasNet false
2023/03/11 06:21:29 prog length: 6
2023/03/11 06:21:29 prog length: 6
2023/03/11 06:21:29 prog length: 5
2023/03/11 06:21:29 deserializeInput: hasCrash true hasNet false
2023/03/11 06:21:29 prog length: 6
2023/03/11 06:21:29 prog length: 3
2023/03/11 06:21:29 deserializeInput: hasCrash true hasNet false
2023/03/11 06:21:29 prog length: 6
2023/03/11 06:21:29 prog length: 6
2023/03/11 06:21:29 prog length: 5
2023/03/11 06:21:29 deserializeInput: hasCrash true hasNet false
2023/03/11 06:21:29 prog length: 6
2023/03/11 06:21:29 prog length: 3
2023/03/11 06:21:29 deserializeInput: hasCrash true hasNet false
2023/03/11 06:21:29 prog length: 6
2023/03/11 06:21:29 prog length: 4
2023/03/11 06:21:29 deserializeInput: hasCrash true hasNet false
2023/03/11 06:21:29 prog length: 6
2023/03/11 06:21:29 prog length: 8
2023/03/11 06:21:29 deserializeInput: hasCrash true hasNet false
2023/03/11 06:21:29 prog length: 6
2023/03/11 06:21:29 prog length: 6
2023/03/11 06:21:29 prog length: 5
2023/03/11 06:21:29 deserializeInput: hasCrash true hasNet false
2023/03/11 06:21:29 prog length: 6
2023/03/11 06:21:29 prog length: 4
2023/03/11 06:21:29 deserializeInput: hasCrash true hasNet false
2023/03/11 06:21:29 prog length: 6
2023/03/11 06:21:29 prog length: 3
2023/03/11 06:21:29 deserializeInput: hasCrash true hasNet false
2023/03/11 06:21:29 prog length: 6
2023/03/11 06:21:29 prog length: 3
2023/03/11 06:21:29 deserializeInput: hasCrash true hasNet false
2023/03/11 06:21:29 prog length: 6
2023/03/11 06:21:29 prog length: 5
2023/03/11 06:21:29 deserializeInput: hasCrash true hasNet false
2023/03/11 06:21:29 prog length: 6
2023/03/11 06:21:29 prog length: 3
2023/03/11 06:21:29 deserializeInput: hasCrash true hasNet false
2023/03/11 06:21:29 prog length: 6
2023/03/11 06:21:29 prog length: 6
2023/03/11 06:21:29 prog length: 5
2023/03/11 06:21:29 deserializeInput: hasCrash true hasNet false
2023/03/11 06:21:29 prog length: 6
2023/03/11 06:21:29 prog length: 3
2023/03/11 06:21:29 deserializeInput: hasCrash true hasNet false
2023/03/11 06:21:29 prog length: 6
2023/03/11 06:21:29 prog length: 3
2023/03/11 06:21:29 deserializeInput: hasCrash true hasNet false
2023/03/11 06:21:29 prog length: 6
2023/03/11 06:21:29 prog length: 6
2023/03/11 06:21:29 prog length: 5
2023/03/11 06:21:29 deserializeInput: hasCrash true hasNet false
2023/03/11 06:21:29 prog length: 6
2023/03/11 06:21:29 prog length: 19
2023/03/11 06:21:29 deserializeInput: hasCrash true hasNet false
2023/03/11 06:21:29 prog length: 6
2023/03/11 06:21:29 prog length: 4
2023/03/11 06:21:29 deserializeInput: hasCrash true hasNet false
2023/03/11 06:21:29 prog length: 6
2023/03/11 06:21:29 prog length: 3
2023/03/11 06:21:29 deserializeInput: hasCrash false hasNet false
2023/03/11 06:21:29 prog length: 5
2023/03/11 06:21:29 deserializeInput: hasCrash true hasNet false
2023/03/11 06:21:29 prog length: 6
2023/03/11 06:21:29 prog length: 3
2023/03/11 06:21:29 deserializeInput: hasCrash true hasNet false
2023/03/11 06:21:29 prog length: 6
2023/03/11 06:21:29 prog length: 6
2023/03/11 06:21:29 prog length: 5
2023/03/11 06:21:29 deserializeInput: hasCrash false hasNet false
2023/03/11 06:21:29 prog length: 2
2023/03/11 06:21:29 deserializeInput: hasCrash true hasNet false
2023/03/11 06:21:29 prog length: 6
2023/03/11 06:21:29 prog length: 6
2023/03/11 06:21:29 prog length: 5
2023/03/11 06:21:29 deserializeInput: hasCrash true hasNet false
2023/03/11 06:21:29 prog length: 6
2023/03/11 06:21:29 prog length: 6
2023/03/11 06:21:29 prog length: 5
2023/03/11 06:21:29 deserializeInput: hasCrash true hasNet false
2023/03/11 06:21:29 prog length: 6
2023/03/11 06:21:29 prog length: 3
2023/03/11 06:21:29 deserializeInput: hasCrash true hasNet false
2023/03/11 06:21:29 prog length: 6
2023/03/11 06:21:29 prog length: 3
2023/03/11 06:21:29 deserializeInput: hasCrash true hasNet false
2023/03/11 06:21:29 prog length: 6
2023/03/11 06:21:29 prog length: 6
2023/03/11 06:21:29 prog length: 5
2023/03/11 06:21:29 deserializeInput: hasCrash true hasNet false
2023/03/11 06:21:29 prog length: 6
2023/03/11 06:21:29 prog length: 3
2023/03/11 06:21:29 deserializeInput: hasCrash true hasNet false
2023/03/11 06:21:29 prog length: 6
2023/03/11 06:21:29 prog length: 6
2023/03/11 06:21:29 prog length: 5
2023/03/11 06:21:29 deserializeInput: hasCrash true hasNet false
2023/03/11 06:21:29 prog length: 6
2023/03/11 06:21:29 prog length: 3
2023/03/11 06:21:29 deserializeInput: hasCrash true hasNet false
2023/03/11 06:21:29 prog length: 6
2023/03/11 06:21:29 prog length: 6
2023/03/11 06:21:29 prog length: 5
2023/03/11 06:21:29 deserializeInput: hasCrash true hasNet false
2023/03/11 06:21:29 prog length: 6
2023/03/11 06:21:29 prog length: 3
2023/03/11 06:21:29 deserializeInput: hasCrash true hasNet false
2023/03/11 06:21:29 prog length: 6
2023/03/11 06:21:29 prog length: 3
2023/03/11 06:21:29 deserializeInput: hasCrash true hasNet false
2023/03/11 06:21:29 prog length: 6
2023/03/11 06:21:29 prog length: 3
2023/03/11 06:21:29 deserializeInput: hasCrash true hasNet false
2023/03/11 06:21:29 prog length: 6
2023/03/11 06:21:29 prog length: 6
2023/03/11 06:21:29 prog length: 5
2023/03/11 06:21:29 deserializeInput: hasCrash true hasNet false
2023/03/11 06:21:29 prog length: 6
2023/03/11 06:21:29 prog length: 3
2023/03/11 06:21:29 deserializeInput: hasCrash true hasNet false
2023/03/11 06:21:29 prog length: 6
2023/03/11 06:21:29 prog length: 3
2023/03/11 06:21:29 deserializeInput: hasCrash true hasNet false
2023/03/11 06:21:29 prog length: 6
2023/03/11 06:21:29 prog length: 5
2023/03/11 06:21:29 fetching corpus: 50, signal 2509/11131/15205 (executing program)
2023/03/11 06:21:29 deserializeInput: hasCrash true hasNet false
2023/03/11 06:21:29 prog length: 6
2023/03/11 06:21:29 prog length: 3
2023/03/11 06:21:29 deserializeInput: hasCrash true hasNet false
2023/03/11 06:21:29 prog length: 6
2023/03/11 06:21:29 prog length: 3
2023/03/11 06:21:29 deserializeInput: hasCrash true hasNet false
2023/03/11 06:21:29 prog length: 6
2023/03/11 06:21:29 prog length: 6
2023/03/11 06:21:29 prog length: 5
2023/03/11 06:21:29 deserializeInput: hasCrash true hasNet false
2023/03/11 06:21:29 prog length: 6
2023/03/11 06:21:29 prog length: 3
2023/03/11 06:21:29 deserializeInput: hasCrash true hasNet false
2023/03/11 06:21:29 prog length: 6
2023/03/11 06:21:29 prog length: 6
2023/03/11 06:21:29 prog length: 6
2023/03/11 06:21:29 deserializeInput: hasCrash true hasNet false
2023/03/11 06:21:29 prog length: 6
2023/03/11 06:21:29 prog length: 3
2023/03/11 06:21:29 deserializeInput: hasCrash false hasNet false
2023/03/11 06:21:29 prog length: 1
2023/03/11 06:21:29 deserializeInput: hasCrash true hasNet false
2023/03/11 06:21:29 prog length: 6
2023/03/11 06:21:29 prog length: 6
2023/03/11 06:21:29 prog length: 5
2023/03/11 06:21:29 deserializeInput: hasCrash true hasNet false
2023/03/11 06:21:29 prog length: 6
2023/03/11 06:21:29 prog length: 3
2023/03/11 06:21:29 deserializeInput: hasCrash true hasNet false
2023/03/11 06:21:29 prog length: 6
2023/03/11 06:21:29 prog length: 3
2023/03/11 06:21:29 deserializeInput: hasCrash true hasNet false
2023/03/11 06:21:29 prog length: 6
2023/03/11 06:21:29 prog length: 3
2023/03/11 06:21:29 deserializeInput: hasCrash true hasNet false
2023/03/11 06:21:29 prog length: 6
2023/03/11 06:21:29 prog length: 17
2023/03/11 06:21:29 deserializeInput: hasCrash true hasNet false
2023/03/11 06:21:29 prog length: 6
2023/03/11 06:21:29 prog length: 6
2023/03/11 06:21:29 prog length: 5
2023/03/11 06:21:29 deserializeInput: hasCrash true hasNet false
2023/03/11 06:21:29 prog length: 6
2023/03/11 06:21:29 prog length: 3
2023/03/11 06:21:29 deserializeInput: hasCrash true hasNet false
2023/03/11 06:21:29 prog length: 6
2023/03/11 06:21:29 prog length: 3
2023/03/11 06:21:29 deserializeInput: hasCrash true hasNet false
2023/03/11 06:21:29 prog length: 6
2023/03/11 06:21:29 prog length: 3
2023/03/11 06:21:29 deserializeInput: hasCrash true hasNet false
2023/03/11 06:21:29 prog length: 6
2023/03/11 06:21:29 prog length: 3
2023/03/11 06:21:29 deserializeInput: hasCrash true hasNet false
2023/03/11 06:21:29 prog length: 6
2023/03/11 06:21:29 prog length: 6
2023/03/11 06:21:29 prog length: 5
2023/03/11 06:21:29 deserializeInput: hasCrash true hasNet false
2023/03/11 06:21:29 prog length: 6
2023/03/11 06:21:29 prog length: 3
2023/03/11 06:21:29 deserializeInput: hasCrash true hasNet false
2023/03/11 06:21:29 prog length: 6
2023/03/11 06:21:29 prog length: 6
2023/03/11 06:21:29 prog length: 5
2023/03/11 06:21:29 deserializeInput: hasCrash true hasNet false
2023/03/11 06:21:29 prog length: 6
2023/03/11 06:21:29 prog length: 6
2023/03/11 06:21:29 prog length: 5
2023/03/11 06:21:29 deserializeInput: hasCrash true hasNet false
2023/03/11 06:21:29 prog length: 6
2023/03/11 06:21:29 prog length: 6
2023/03/11 06:21:29 prog length: 5
2023/03/11 06:21:29 deserializeInput: hasCrash true hasNet false
2023/03/11 06:21:29 prog length: 6
2023/03/11 06:21:29 prog length: 6
2023/03/11 06:21:29 prog length: 6
2023/03/11 06:21:29 prog length: 7
2023/03/11 06:21:29 deserializeInput: hasCrash true hasNet false
2023/03/11 06:21:29 prog length: 6
2023/03/11 06:21:29 prog length: 6
2023/03/11 06:21:29 prog length: 6
2023/03/11 06:21:29 prog length: 7
2023/03/11 06:21:29 deserializeInput: hasCrash true hasNet false
2023/03/11 06:21:29 prog length: 6
2023/03/11 06:21:29 prog length: 6
2023/03/11 06:21:29 prog length: 5
2023/03/11 06:21:29 deserializeInput: hasCrash true hasNet false
2023/03/11 06:21:29 prog length: 6
2023/03/11 06:21:29 prog length: 6
2023/03/11 06:21:29 prog length: 5
2023/03/11 06:21:29 deserializeInput: hasCrash true hasNet false
2023/03/11 06:21:29 prog length: 6
2023/03/11 06:21:29 prog length: 6
2023/03/11 06:21:29 prog length: 6
2023/03/11 06:21:29 prog length: 7
2023/03/11 06:21:29 deserializeInput: hasCrash true hasNet false
2023/03/11 06:21:29 prog length: 6
2023/03/11 06:21:29 prog length: 3
2023/03/11 06:21:29 deserializeInput: hasCrash true hasNet false
2023/03/11 06:21:29 prog length: 6
2023/03/11 06:21:29 prog length: 8
2023/03/11 06:21:29 deserializeInput: hasCrash true hasNet false
2023/03/11 06:21:29 prog length: 6
2023/03/11 06:21:29 prog length: 6
2023/03/11 06:21:29 prog length: 8
2023/03/11 06:21:29 deserializeInput: hasCrash true hasNet false
2023/03/11 06:21:29 prog length: 6
2023/03/11 06:21:29 prog length: 3
2023/03/11 06:21:29 deserializeInput: hasCrash true hasNet false
2023/03/11 06:21:29 prog length: 6
2023/03/11 06:21:29 prog length: 6
2023/03/11 06:21:29 prog length: 6
2023/03/11 06:21:29 deserializeInput: hasCrash true hasNet false
2023/03/11 06:21:29 prog length: 6
2023/03/11 06:21:29 prog length: 4
2023/03/11 06:21:29 deserializeInput: hasCrash false hasNet false
2023/03/11 06:21:29 prog length: 1
2023/03/11 06:21:29 deserializeInput: hasCrash true hasNet false
2023/03/11 06:21:29 prog length: 6
2023/03/11 06:21:29 prog length: 6
2023/03/11 06:21:29 prog length: 5
2023/03/11 06:21:29 deserializeInput: hasCrash true hasNet false
2023/03/11 06:21:29 prog length: 6
2023/03/11 06:21:29 prog length: 6
2023/03/11 06:21:29 prog length: 5
2023/03/11 06:21:29 deserializeInput: hasCrash true hasNet false
2023/03/11 06:21:29 prog length: 6
2023/03/11 06:21:29 prog length: 6
2023/03/11 06:21:29 prog length: 5
2023/03/11 06:21:29 deserializeInput: hasCrash true hasNet false
2023/03/11 06:21:29 prog length: 6
2023/03/11 06:21:29 prog length: 6
2023/03/11 06:21:29 prog length: 6
2023/03/11 06:21:29 prog length: 7
2023/03/11 06:21:29 deserializeInput: hasCrash true hasNet false
2023/03/11 06:21:29 prog length: 6
2023/03/11 06:21:29 prog length: 4
2023/03/11 06:21:29 deserializeInput: hasCrash true hasNet false
2023/03/11 06:21:29 prog length: 6
2023/03/11 06:21:29 prog length: 6
2023/03/11 06:21:29 prog length: 8
2023/03/11 06:21:29 deserializeInput: hasCrash true hasNet false
2023/03/11 06:21:29 prog length: 6
2023/03/11 06:21:29 prog length: 3
2023/03/11 06:21:29 deserializeInput: hasCrash false hasNet false
2023/03/11 06:21:29 prog length: 1
2023/03/11 06:21:29 deserializeInput: hasCrash true hasNet false
2023/03/11 06:21:29 prog length: 6
2023/03/11 06:21:29 prog length: 6
2023/03/11 06:21:29 prog length: 5
2023/03/11 06:21:29 deserializeInput: hasCrash true hasNet false
2023/03/11 06:21:29 prog length: 6
2023/03/11 06:21:29 prog length: 3
2023/03/11 06:21:29 deserializeInput: hasCrash true hasNet false
2023/03/11 06:21:29 prog length: 6
2023/03/11 06:21:29 prog length: 3
2023/03/11 06:21:29 deserializeInput: hasCrash true hasNet false
2023/03/11 06:21:29 prog length: 6
2023/03/11 06:21:29 prog length: 6
2023/03/11 06:21:29 prog length: 5
2023/03/11 06:21:29 deserializeInput: hasCrash true hasNet false
2023/03/11 06:21:29 prog length: 6
2023/03/11 06:21:29 prog length: 3
2023/03/11 06:21:29 deserializeInput: hasCrash true hasNet false
2023/03/11 06:21:29 prog length: 6
2023/03/11 06:21:29 prog length: 6
2023/03/11 06:21:29 prog length: 6
2023/03/11 06:21:29 prog length: 7
2023/03/11 06:21:29 deserializeInput: hasCrash true hasNet false
2023/03/11 06:21:29 prog length: 6
2023/03/11 06:21:29 prog length: 17
2023/03/11 06:21:29 deserializeInput: hasCrash true hasNet false
2023/03/11 06:21:29 prog length: 6
2023/03/11 06:21:29 prog length: 3
2023/03/11 06:21:29 fetching corpus: 100, signal 2617/12319/18013 (executing program)
2023/03/11 06:21:29 deserializeInput: hasCrash true hasNet false
2023/03/11 06:21:29 prog length: 6
2023/03/11 06:21:29 prog length: 6
2023/03/11 06:21:29 prog length: 15
2023/03/11 06:21:29 deserializeInput: hasCrash true hasNet false
2023/03/11 06:21:29 prog length: 6
2023/03/11 06:21:29 prog length: 3
2023/03/11 06:21:29 deserializeInput: hasCrash true hasNet false
2023/03/11 06:21:29 prog length: 6
2023/03/11 06:21:29 prog length: 3
2023/03/11 06:21:29 deserializeInput: hasCrash true hasNet false
2023/03/11 06:21:29 prog length: 6
2023/03/11 06:21:29 prog length: 6
2023/03/11 06:21:29 prog length: 5
2023/03/11 06:21:29 deserializeInput: hasCrash true hasNet false
2023/03/11 06:21:29 prog length: 6
2023/03/11 06:21:29 prog length: 6
2023/03/11 06:21:29 prog length: 5
2023/03/11 06:21:29 deserializeInput: hasCrash true hasNet false
2023/03/11 06:21:29 prog length: 6
2023/03/11 06:21:29 prog length: 6
2023/03/11 06:21:29 prog length: 6
2023/03/11 06:21:29 prog length: 7
2023/03/11 06:21:29 deserializeInput: hasCrash true hasNet false
2023/03/11 06:21:29 prog length: 6
2023/03/11 06:21:29 prog length: 3
2023/03/11 06:21:29 deserializeInput: hasCrash true hasNet false
2023/03/11 06:21:29 prog length: 6
2023/03/11 06:21:29 prog length: 6
2023/03/11 06:21:29 prog length: 5
2023/03/11 06:21:29 deserializeInput: hasCrash true hasNet false
2023/03/11 06:21:29 prog length: 6
2023/03/11 06:21:29 prog length: 17
2023/03/11 06:21:29 deserializeInput: hasCrash true hasNet false
2023/03/11 06:21:29 prog length: 6
2023/03/11 06:21:29 prog length: 3
2023/03/11 06:21:29 deserializeInput: hasCrash true hasNet false
2023/03/11 06:21:29 prog length: 6
2023/03/11 06:21:29 prog length: 3
2023/03/11 06:21:29 deserializeInput: hasCrash true hasNet false
2023/03/11 06:21:29 prog length: 6
2023/03/11 06:21:29 prog length: 3
2023/03/11 06:21:29 deserializeInput: hasCrash true hasNet false
2023/03/11 06:21:29 prog length: 6
2023/03/11 06:21:29 prog length: 6
2023/03/11 06:21:29 prog length: 5
2023/03/11 06:21:29 deserializeInput: hasCrash true hasNet false
2023/03/11 06:21:29 prog length: 6
2023/03/11 06:21:29 prog length: 3
2023/03/11 06:21:29 deserializeInput: hasCrash true hasNet false
2023/03/11 06:21:29 prog length: 6
2023/03/11 06:21:29 prog length: 3
2023/03/11 06:21:29 deserializeInput: hasCrash true hasNet false
2023/03/11 06:21:29 prog length: 6
2023/03/11 06:21:29 prog length: 3
2023/03/11 06:21:29 deserializeInput: hasCrash true hasNet false
2023/03/11 06:21:29 prog length: 6
2023/03/11 06:21:29 prog length: 3
2023/03/11 06:21:29 deserializeInput: hasCrash true hasNet false
2023/03/11 06:21:29 prog length: 6
2023/03/11 06:21:29 prog length: 3
2023/03/11 06:21:29 deserializeInput: hasCrash true hasNet false
2023/03/11 06:21:29 prog length: 6
2023/03/11 06:21:29 prog length: 3
2023/03/11 06:21:29 deserializeInput: hasCrash true hasNet false
2023/03/11 06:21:29 prog length: 6
2023/03/11 06:21:29 prog length: 3
2023/03/11 06:21:29 deserializeInput: hasCrash true hasNet false
2023/03/11 06:21:29 prog length: 6
2023/03/11 06:21:29 prog length: 3
2023/03/11 06:21:29 deserializeInput: hasCrash true hasNet false
2023/03/11 06:21:29 prog length: 6
2023/03/11 06:21:29 prog length: 6
2023/03/11 06:21:29 prog length: 5
2023/03/11 06:21:29 deserializeInput: hasCrash true hasNet false
2023/03/11 06:21:29 prog length: 6
2023/03/11 06:21:29 prog length: 3
2023/03/11 06:21:29 deserializeInput: hasCrash true hasNet false
2023/03/11 06:21:29 prog length: 6
2023/03/11 06:21:29 prog length: 6
2023/03/11 06:21:29 prog length: 5
2023/03/11 06:21:29 deserializeInput: hasCrash false hasNet false
2023/03/11 06:21:29 prog length: 1
2023/03/11 06:21:29 deserializeInput: hasCrash true hasNet false
2023/03/11 06:21:29 prog length: 6
2023/03/11 06:21:29 prog length: 3
2023/03/11 06:21:29 deserializeInput: hasCrash true hasNet false
2023/03/11 06:21:29 prog length: 6
2023/03/11 06:21:29 prog length: 4
2023/03/11 06:21:29 deserializeInput: hasCrash true hasNet false
2023/03/11 06:21:29 prog length: 6
2023/03/11 06:21:29 prog length: 8
2023/03/11 06:21:29 deserializeInput: hasCrash true hasNet false
2023/03/11 06:21:29 prog length: 6
2023/03/11 06:21:29 prog length: 6
2023/03/11 06:21:29 prog length: 5
2023/03/11 06:21:29 deserializeInput: hasCrash true hasNet false
2023/03/11 06:21:29 prog length: 6
2023/03/11 06:21:29 prog length: 6
2023/03/11 06:21:29 prog length: 17
2023/03/11 06:21:29 deserializeInput: hasCrash false hasNet false
2023/03/11 06:21:29 prog length: 15
2023/03/11 06:21:29 deserializeInput: hasCrash true hasNet false
2023/03/11 06:21:29 prog length: 6
2023/03/11 06:21:29 prog length: 6
2023/03/11 06:21:29 prog length: 6
2023/03/11 06:21:29 prog length: 7
2023/03/11 06:21:29 deserializeInput: hasCrash true hasNet false
2023/03/11 06:21:29 prog length: 6
2023/03/11 06:21:29 prog length: 6
2023/03/11 06:21:29 prog length: 5
2023/03/11 06:21:29 deserializeInput: hasCrash true hasNet false
2023/03/11 06:21:29 prog length: 6
2023/03/11 06:21:29 prog length: 11
2023/03/11 06:21:29 deserializeInput: hasCrash true hasNet false
2023/03/11 06:21:29 prog length: 6
2023/03/11 06:21:29 prog length: 3
2023/03/11 06:21:29 deserializeInput: hasCrash true hasNet false
2023/03/11 06:21:29 prog length: 6
2023/03/11 06:21:29 prog length: 3
2023/03/11 06:21:29 deserializeInput: hasCrash true hasNet false
2023/03/11 06:21:29 prog length: 6
2023/03/11 06:21:29 prog length: 3
2023/03/11 06:21:29 deserializeInput: hasCrash true hasNet false
2023/03/11 06:21:29 prog length: 6
2023/03/11 06:21:29 prog length: 3
2023/03/11 06:21:29 deserializeInput: hasCrash true hasNet false
2023/03/11 06:21:29 prog length: 6
2023/03/11 06:21:29 prog length: 6
2023/03/11 06:21:29 prog length: 5
2023/03/11 06:21:29 deserializeInput: hasCrash true hasNet false
2023/03/11 06:21:29 prog length: 6
2023/03/11 06:21:29 prog length: 3
2023/03/11 06:21:29 deserializeInput: hasCrash true hasNet false
2023/03/11 06:21:29 prog length: 6
2023/03/11 06:21:29 prog length: 3
2023/03/11 06:21:29 deserializeInput: hasCrash true hasNet false
2023/03/11 06:21:29 prog length: 6
2023/03/11 06:21:29 prog length: 6
2023/03/11 06:21:29 prog length: 6
2023/03/11 06:21:29 deserializeInput: hasCrash true hasNet false
2023/03/11 06:21:29 prog length: 6
2023/03/11 06:21:29 prog length: 3
2023/03/11 06:21:29 deserializeInput: hasCrash true hasNet false
2023/03/11 06:21:29 prog length: 6
2023/03/11 06:21:29 prog length: 3
2023/03/11 06:21:29 deserializeInput: hasCrash false hasNet false
2023/03/11 06:21:29 prog length: 1
2023/03/11 06:21:29 deserializeInput: hasCrash false hasNet false
2023/03/11 06:21:29 prog length: 1
2023/03/11 06:21:29 deserializeInput: hasCrash true hasNet false
2023/03/11 06:21:29 prog length: 6
2023/03/11 06:21:29 prog length: 3
2023/03/11 06:21:29 deserializeInput: hasCrash false hasNet false
2023/03/11 06:21:29 prog length: 1
2023/03/11 06:21:29 deserializeInput: hasCrash true hasNet false
2023/03/11 06:21:29 prog length: 6
2023/03/11 06:21:29 prog length: 3
2023/03/11 06:21:29 deserializeInput: hasCrash true hasNet false
2023/03/11 06:21:29 prog length: 6
2023/03/11 06:21:29 prog length: 6
2023/03/11 06:21:29 prog length: 5
2023/03/11 06:21:29 fetching corpus: 150, signal 4577/18358/26777 (executing program)
2023/03/11 06:21:30 deserializeInput: hasCrash true hasNet false
2023/03/11 06:21:30 prog length: 6
2023/03/11 06:21:30 prog length: 3
2023/03/11 06:21:30 deserializeInput: hasCrash true hasNet false
2023/03/11 06:21:30 prog length: 6
2023/03/11 06:21:30 prog length: 6
2023/03/11 06:21:30 prog length: 5
2023/03/11 06:21:30 deserializeInput: hasCrash true hasNet false
2023/03/11 06:21:30 prog length: 6
2023/03/11 06:21:30 prog length: 3
2023/03/11 06:21:30 deserializeInput: hasCrash false hasNet false
2023/03/11 06:21:30 prog length: 3
2023/03/11 06:21:30 deserializeInput: hasCrash true hasNet false
2023/03/11 06:21:30 prog length: 6
2023/03/11 06:21:30 prog length: 4
2023/03/11 06:21:30 deserializeInput: hasCrash true hasNet false
2023/03/11 06:21:30 prog length: 6
2023/03/11 06:21:30 prog length: 3
2023/03/11 06:21:30 deserializeInput: hasCrash true hasNet false
2023/03/11 06:21:30 prog length: 6
2023/03/11 06:21:30 prog length: 8
2023/03/11 06:21:30 deserializeInput: hasCrash true hasNet false
2023/03/11 06:21:30 prog length: 6
2023/03/11 06:21:30 prog length: 6
2023/03/11 06:21:30 prog length: 5
2023/03/11 06:21:30 deserializeInput: hasCrash true hasNet false
2023/03/11 06:21:30 prog length: 6
2023/03/11 06:21:30 prog length: 3
2023/03/11 06:21:30 deserializeInput: hasCrash true hasNet false
2023/03/11 06:21:30 prog length: 6
2023/03/11 06:21:30 prog length: 6
2023/03/11 06:21:30 prog length: 5
2023/03/11 06:21:30 deserializeInput: hasCrash true hasNet false
2023/03/11 06:21:30 prog length: 6
2023/03/11 06:21:30 prog length: 6
2023/03/11 06:21:30 prog length: 5
2023/03/11 06:21:30 deserializeInput: hasCrash true hasNet false
2023/03/11 06:21:30 prog length: 6
2023/03/11 06:21:30 prog length: 3
2023/03/11 06:21:30 deserializeInput: hasCrash false hasNet false
2023/03/11 06:21:30 prog length: 1
2023/03/11 06:21:30 deserializeInput: hasCrash true hasNet false
2023/03/11 06:21:30 prog length: 6
2023/03/11 06:21:30 prog length: 6
2023/03/11 06:21:30 prog length: 5
2023/03/11 06:21:30 deserializeInput: hasCrash true hasNet false
2023/03/11 06:21:30 prog length: 6
2023/03/11 06:21:30 prog length: 3
2023/03/11 06:21:30 deserializeInput: hasCrash true hasNet false
2023/03/11 06:21:30 prog length: 6
2023/03/11 06:21:30 prog length: 3
2023/03/11 06:21:30 deserializeInput: hasCrash true hasNet false
2023/03/11 06:21:30 prog length: 6
2023/03/11 06:21:30 prog length: 3
2023/03/11 06:21:30 deserializeInput: hasCrash true hasNet false
2023/03/11 06:21:30 prog length: 6
2023/03/11 06:21:30 prog length: 4
2023/03/11 06:21:30 deserializeInput: hasCrash true hasNet false
2023/03/11 06:21:30 prog length: 6
2023/03/11 06:21:30 prog length: 6
2023/03/11 06:21:30 prog length: 6
2023/03/11 06:21:30 prog length: 7
2023/03/11 06:21:30 deserializeInput: hasCrash true hasNet false
2023/03/11 06:21:30 prog length: 6
2023/03/11 06:21:30 prog length: 6
2023/03/11 06:21:30 prog length: 5
2023/03/11 06:21:30 deserializeInput: hasCrash true hasNet false
2023/03/11 06:21:30 prog length: 6
2023/03/11 06:21:30 prog length: 6
2023/03/11 06:21:30 prog length: 5
2023/03/11 06:21:30 deserializeInput: hasCrash true hasNet false
2023/03/11 06:21:30 prog length: 6
2023/03/11 06:21:30 prog length: 6
2023/03/11 06:21:30 prog length: 5
2023/03/11 06:21:30 deserializeInput: hasCrash true hasNet false
2023/03/11 06:21:30 prog length: 6
2023/03/11 06:21:30 prog length: 19
2023/03/11 06:21:30 deserializeInput: hasCrash true hasNet false
2023/03/11 06:21:30 prog length: 6
2023/03/11 06:21:30 prog length: 6
2023/03/11 06:21:30 prog length: 5
2023/03/11 06:21:30 deserializeInput: hasCrash true hasNet false
2023/03/11 06:21:30 prog length: 6
2023/03/11 06:21:30 prog length: 17
2023/03/11 06:21:30 deserializeInput: hasCrash true hasNet false
2023/03/11 06:21:30 prog length: 6
2023/03/11 06:21:30 prog length: 6
2023/03/11 06:21:30 prog length: 5
2023/03/11 06:21:30 deserializeInput: hasCrash true hasNet false
2023/03/11 06:21:30 prog length: 6
2023/03/11 06:21:30 prog length: 3
2023/03/11 06:21:30 deserializeInput: hasCrash true hasNet false
2023/03/11 06:21:30 prog length: 6
2023/03/11 06:21:30 prog length: 6
2023/03/11 06:21:30 prog length: 5
2023/03/11 06:21:30 deserializeInput: hasCrash true hasNet false
2023/03/11 06:21:30 prog length: 6
2023/03/11 06:21:30 prog length: 3
2023/03/11 06:21:30 deserializeInput: hasCrash true hasNet false
2023/03/11 06:21:30 prog length: 6
2023/03/11 06:21:30 prog length: 3
2023/03/11 06:21:30 deserializeInput: hasCrash true hasNet false
2023/03/11 06:21:30 prog length: 6
2023/03/11 06:21:30 prog length: 3
2023/03/11 06:21:30 deserializeInput: hasCrash true hasNet false
2023/03/11 06:21:30 prog length: 6
2023/03/11 06:21:30 prog length: 3
2023/03/11 06:21:30 deserializeInput: hasCrash true hasNet false
2023/03/11 06:21:30 prog length: 6
2023/03/11 06:21:30 prog length: 3
2023/03/11 06:21:30 deserializeInput: hasCrash true hasNet false
2023/03/11 06:21:30 prog length: 6
2023/03/11 06:21:30 prog length: 6
2023/03/11 06:21:30 prog length: 6
2023/03/11 06:21:30 deserializeInput: hasCrash true hasNet false
2023/03/11 06:21:30 prog length: 6
2023/03/11 06:21:30 prog length: 6
2023/03/11 06:21:30 prog length: 6
2023/03/11 06:21:30 prog length: 7
2023/03/11 06:21:30 deserializeInput: hasCrash true hasNet false
2023/03/11 06:21:30 prog length: 6
2023/03/11 06:21:30 prog length: 6
2023/03/11 06:21:30 prog length: 6
2023/03/11 06:21:30 prog length: 7
2023/03/11 06:21:30 deserializeInput: hasCrash true hasNet false
2023/03/11 06:21:30 prog length: 6
2023/03/11 06:21:30 prog length: 3
2023/03/11 06:21:30 deserializeInput: hasCrash false hasNet false
2023/03/11 06:21:30 prog length: 3
2023/03/11 06:21:30 deserializeInput: hasCrash true hasNet false
2023/03/11 06:21:30 prog length: 6
2023/03/11 06:21:30 prog length: 6
2023/03/11 06:21:30 prog length: 5
2023/03/11 06:21:30 deserializeInput: hasCrash true hasNet false
2023/03/11 06:21:30 prog length: 6
2023/03/11 06:21:30 prog length: 3
2023/03/11 06:21:30 deserializeInput: hasCrash true hasNet false
2023/03/11 06:21:30 prog length: 6
2023/03/11 06:21:30 prog length: 4
2023/03/11 06:21:30 deserializeInput: hasCrash true hasNet false
2023/03/11 06:21:30 prog length: 6
2023/03/11 06:21:30 prog length: 6
2023/03/11 06:21:30 prog length: 5
2023/03/11 06:21:30 deserializeInput: hasCrash true hasNet false
2023/03/11 06:21:30 prog length: 6
2023/03/11 06:21:30 prog length: 3
2023/03/11 06:21:30 deserializeInput: hasCrash true hasNet false
2023/03/11 06:21:30 prog length: 6
2023/03/11 06:21:30 prog length: 6
2023/03/11 06:21:30 prog length: 5
2023/03/11 06:21:30 deserializeInput: hasCrash true hasNet false
2023/03/11 06:21:30 prog length: 6
2023/03/11 06:21:30 prog length: 6
2023/03/11 06:21:30 prog length: 5
2023/03/11 06:21:30 deserializeInput: hasCrash true hasNet false
2023/03/11 06:21:30 prog length: 6
2023/03/11 06:21:30 prog length: 3
2023/03/11 06:21:30 deserializeInput: hasCrash true hasNet false
2023/03/11 06:21:30 prog length: 6
2023/03/11 06:21:30 prog length: 4
2023/03/11 06:21:30 deserializeInput: hasCrash true hasNet false
2023/03/11 06:21:30 prog length: 6
2023/03/11 06:21:30 prog length: 6
2023/03/11 06:21:30 prog length: 5
2023/03/11 06:21:30 deserializeInput: hasCrash true hasNet false
2023/03/11 06:21:30 prog length: 6
2023/03/11 06:21:30 prog length: 6
2023/03/11 06:21:30 prog length: 6
2023/03/11 06:21:30 prog length: 7
2023/03/11 06:21:30 deserializeInput: hasCrash true hasNet false
2023/03/11 06:21:30 prog length: 6
2023/03/11 06:21:30 prog length: 3
2023/03/11 06:21:30 fetching corpus: 200, signal 4577/19311/28819 (executing program)
2023/03/11 06:21:30 deserializeInput: hasCrash true hasNet false
2023/03/11 06:21:30 prog length: 6
2023/03/11 06:21:30 prog length: 6
2023/03/11 06:21:30 prog length: 5
2023/03/11 06:21:30 deserializeInput: hasCrash true hasNet false
2023/03/11 06:21:30 prog length: 6
2023/03/11 06:21:30 prog length: 6
2023/03/11 06:21:30 prog length: 6
2023/03/11 06:21:30 deserializeInput: hasCrash true hasNet false
2023/03/11 06:21:30 prog length: 6
2023/03/11 06:21:30 prog length: 3
2023/03/11 06:21:30 deserializeInput: hasCrash true hasNet false
2023/03/11 06:21:30 prog length: 6
2023/03/11 06:21:30 prog length: 6
2023/03/11 06:21:30 prog length: 5
2023/03/11 06:21:30 deserializeInput: hasCrash true hasNet false
2023/03/11 06:21:30 prog length: 6
2023/03/11 06:21:30 prog length: 17
2023/03/11 06:21:30 deserializeInput: hasCrash true hasNet false
2023/03/11 06:21:30 prog length: 6
2023/03/11 06:21:30 prog length: 3
2023/03/11 06:21:30 deserializeInput: hasCrash true hasNet false
2023/03/11 06:21:30 prog length: 6
2023/03/11 06:21:30 prog length: 3
2023/03/11 06:21:30 deserializeInput: hasCrash true hasNet false
2023/03/11 06:21:30 prog length: 6
2023/03/11 06:21:30 prog length: 6
2023/03/11 06:21:30 prog length: 6
2023/03/11 06:21:30 deserializeInput: hasCrash true hasNet false
2023/03/11 06:21:30 prog length: 6
2023/03/11 06:21:30 prog length: 4
2023/03/11 06:21:30 deserializeInput: hasCrash true hasNet false
2023/03/11 06:21:30 prog length: 6
2023/03/11 06:21:30 prog length: 3
2023/03/11 06:21:30 deserializeInput: hasCrash true hasNet false
2023/03/11 06:21:30 prog length: 6
2023/03/11 06:21:30 prog length: 3
2023/03/11 06:21:30 deserializeInput: hasCrash true hasNet false
2023/03/11 06:21:30 prog length: 6
2023/03/11 06:21:30 prog length: 6
2023/03/11 06:21:30 prog length: 6
2023/03/11 06:21:30 deserializeInput: hasCrash true hasNet false
2023/03/11 06:21:30 prog length: 6
2023/03/11 06:21:30 prog length: 11
2023/03/11 06:21:30 deserializeInput: hasCrash true hasNet false
2023/03/11 06:21:30 prog length: 6
2023/03/11 06:21:30 prog length: 6
2023/03/11 06:21:30 prog length: 5
2023/03/11 06:21:30 deserializeInput: hasCrash true hasNet false
2023/03/11 06:21:30 prog length: 6
2023/03/11 06:21:30 prog length: 6
2023/03/11 06:21:30 prog length: 6
2023/03/11 06:21:30 prog length: 7
2023/03/11 06:21:30 deserializeInput: hasCrash true hasNet false
2023/03/11 06:21:30 prog length: 6
2023/03/11 06:21:30 prog length: 6
2023/03/11 06:21:30 prog length: 5
2023/03/11 06:21:30 deserializeInput: hasCrash true hasNet false
2023/03/11 06:21:30 prog length: 6
2023/03/11 06:21:30 prog length: 6
2023/03/11 06:21:30 prog length: 5
2023/03/11 06:21:30 deserializeInput: hasCrash true hasNet false
2023/03/11 06:21:30 prog length: 6
2023/03/11 06:21:30 prog length: 6
2023/03/11 06:21:30 prog length: 5
2023/03/11 06:21:30 deserializeInput: hasCrash true hasNet false
2023/03/11 06:21:30 prog length: 6
2023/03/11 06:21:30 prog length: 3
2023/03/11 06:21:30 deserializeInput: hasCrash true hasNet false
2023/03/11 06:21:30 prog length: 6
2023/03/11 06:21:30 prog length: 6
2023/03/11 06:21:30 prog length: 6
2023/03/11 06:21:30 prog length: 7
2023/03/11 06:21:30 deserializeInput: hasCrash true hasNet false
2023/03/11 06:21:30 prog length: 6
2023/03/11 06:21:30 prog length: 6
2023/03/11 06:21:30 prog length: 5
2023/03/11 06:21:30 deserializeInput: hasCrash true hasNet false
2023/03/11 06:21:30 prog length: 6
2023/03/11 06:21:30 prog length: 6
2023/03/11 06:21:30 prog length: 5
2023/03/11 06:21:30 deserializeInput: hasCrash true hasNet false
2023/03/11 06:21:30 prog length: 6
2023/03/11 06:21:30 prog length: 3
2023/03/11 06:21:30 deserializeInput: hasCrash true hasNet false
2023/03/11 06:21:30 prog length: 6
2023/03/11 06:21:30 prog length: 6
2023/03/11 06:21:30 prog length: 5
2023/03/11 06:21:30 deserializeInput: hasCrash true hasNet false
2023/03/11 06:21:30 prog length: 6
2023/03/11 06:21:30 prog length: 17
2023/03/11 06:21:30 deserializeInput: hasCrash true hasNet false
2023/03/11 06:21:30 prog length: 6
2023/03/11 06:21:30 prog length: 3
2023/03/11 06:21:30 deserializeInput: hasCrash true hasNet false
2023/03/11 06:21:30 prog length: 6
2023/03/11 06:21:30 prog length: 3
2023/03/11 06:21:30 deserializeInput: hasCrash true hasNet false
2023/03/11 06:21:30 prog length: 6
2023/03/11 06:21:30 prog length: 3
2023/03/11 06:21:30 deserializeInput: hasCrash true hasNet false
2023/03/11 06:21:30 prog length: 6
2023/03/11 06:21:30 prog length: 6
2023/03/11 06:21:30 prog length: 5
2023/03/11 06:21:30 deserializeInput: hasCrash true hasNet false
2023/03/11 06:21:30 prog length: 6
2023/03/11 06:21:30 prog length: 6
2023/03/11 06:21:30 prog length: 5
2023/03/11 06:21:30 deserializeInput: hasCrash true hasNet false
2023/03/11 06:21:30 prog length: 6
2023/03/11 06:21:30 prog length: 6
2023/03/11 06:21:30 prog length: 7
2023/03/11 06:21:30 deserializeInput: hasCrash true hasNet false
2023/03/11 06:21:30 prog length: 6
2023/03/11 06:21:30 prog length: 6
2023/03/11 06:21:30 prog length: 6
2023/03/11 06:21:30 prog length: 7
2023/03/11 06:21:30 deserializeInput: hasCrash true hasNet false
2023/03/11 06:21:30 prog length: 6
2023/03/11 06:21:30 prog length: 3
2023/03/11 06:21:30 deserializeInput: hasCrash true hasNet false
2023/03/11 06:21:30 prog length: 6
2023/03/11 06:21:30 prog length: 3
2023/03/11 06:21:30 deserializeInput: hasCrash true hasNet false
2023/03/11 06:21:30 prog length: 6
2023/03/11 06:21:30 prog length: 6
2023/03/11 06:21:30 prog length: 5
2023/03/11 06:21:30 deserializeInput: hasCrash true hasNet false
2023/03/11 06:21:30 prog length: 6
2023/03/11 06:21:30 prog length: 6
2023/03/11 06:21:30 prog length: 6
2023/03/11 06:21:30 prog length: 7
2023/03/11 06:21:30 deserializeInput: hasCrash true hasNet false
2023/03/11 06:21:30 prog length: 6
2023/03/11 06:21:30 prog length: 3
2023/03/11 06:21:30 deserializeInput: hasCrash true hasNet false
2023/03/11 06:21:30 prog length: 6
2023/03/11 06:21:30 prog length: 6
2023/03/11 06:21:30 prog length: 6
2023/03/11 06:21:30 prog length: 7
2023/03/11 06:21:30 deserializeInput: hasCrash true hasNet false
2023/03/11 06:21:30 prog length: 6
2023/03/11 06:21:30 prog length: 9
2023/03/11 06:21:30 deserializeInput: hasCrash true hasNet false
2023/03/11 06:21:30 prog length: 6
2023/03/11 06:21:30 prog length: 3
2023/03/11 06:21:30 deserializeInput: hasCrash true hasNet false
2023/03/11 06:21:30 prog length: 6
2023/03/11 06:21:30 prog length: 3
2023/03/11 06:21:30 deserializeInput: hasCrash true hasNet false
2023/03/11 06:21:30 prog length: 6
2023/03/11 06:21:30 prog length: 3
2023/03/11 06:21:30 deserializeInput: hasCrash true hasNet false
2023/03/11 06:21:30 prog length: 6
2023/03/11 06:21:30 prog length: 6
2023/03/11 06:21:30 prog length: 5
2023/03/11 06:21:30 deserializeInput: hasCrash true hasNet false
2023/03/11 06:21:30 prog length: 6
2023/03/11 06:21:30 prog length: 4
2023/03/11 06:21:30 deserializeInput: hasCrash true hasNet false
2023/03/11 06:21:30 prog length: 6
2023/03/11 06:21:30 prog length: 3
2023/03/11 06:21:30 deserializeInput: hasCrash true hasNet false
2023/03/11 06:21:30 prog length: 6
2023/03/11 06:21:30 prog length: 6
2023/03/11 06:21:30 prog length: 5
2023/03/11 06:21:30 deserializeInput: hasCrash true hasNet false
2023/03/11 06:21:30 prog length: 6
2023/03/11 06:21:30 prog length: 17
2023/03/11 06:21:30 deserializeInput: hasCrash true hasNet false
2023/03/11 06:21:30 prog length: 6
2023/03/11 06:21:30 prog length: 6
2023/03/11 06:21:30 prog length: 5
2023/03/11 06:21:30 deserializeInput: hasCrash false hasNet false
2023/03/11 06:21:30 prog length: 3
2023/03/11 06:21:30 deserializeInput: hasCrash true hasNet false
2023/03/11 06:21:30 prog length: 6
2023/03/11 06:21:30 prog length: 3
2023/03/11 06:21:30 fetching corpus: 250, signal 4683/20111/30871 (executing program)
2023/03/11 06:21:30 deserializeInput: hasCrash true hasNet false
2023/03/11 06:21:30 prog length: 6
2023/03/11 06:21:30 prog length: 3
2023/03/11 06:21:30 deserializeInput: hasCrash true hasNet false
2023/03/11 06:21:30 prog length: 6
2023/03/11 06:21:30 prog length: 6
2023/03/11 06:21:30 prog length: 5
2023/03/11 06:21:30 deserializeInput: hasCrash true hasNet false
2023/03/11 06:21:30 prog length: 6
2023/03/11 06:21:30 prog length: 6
2023/03/11 06:21:30 prog length: 5
2023/03/11 06:21:30 deserializeInput: hasCrash true hasNet false
2023/03/11 06:21:30 prog length: 6
2023/03/11 06:21:30 prog length: 3
2023/03/11 06:21:30 deserializeInput: hasCrash true hasNet false
2023/03/11 06:21:30 prog length: 6
2023/03/11 06:21:30 prog length: 6
2023/03/11 06:21:30 prog length: 5
2023/03/11 06:21:30 deserializeInput: hasCrash true hasNet false
2023/03/11 06:21:30 prog length: 6
2023/03/11 06:21:30 prog length: 6
2023/03/11 06:21:30 prog length: 5
2023/03/11 06:21:30 deserializeInput: hasCrash true hasNet false
2023/03/11 06:21:30 prog length: 6
2023/03/11 06:21:30 prog length: 3
2023/03/11 06:21:30 deserializeInput: hasCrash true hasNet false
2023/03/11 06:21:30 prog length: 6
2023/03/11 06:21:30 prog length: 3
2023/03/11 06:21:30 deserializeInput: hasCrash true hasNet false
2023/03/11 06:21:30 prog length: 6
2023/03/11 06:21:30 prog length: 3
2023/03/11 06:21:30 deserializeInput: hasCrash true hasNet false
2023/03/11 06:21:30 prog length: 6
2023/03/11 06:21:30 prog length: 6
2023/03/11 06:21:30 prog length: 5
2023/03/11 06:21:30 deserializeInput: hasCrash true hasNet false
2023/03/11 06:21:30 prog length: 6
2023/03/11 06:21:30 prog length: 3
2023/03/11 06:21:30 deserializeInput: hasCrash true hasNet false
2023/03/11 06:21:30 prog length: 6
2023/03/11 06:21:30 prog length: 4
2023/03/11 06:21:30 deserializeInput: hasCrash true hasNet false
2023/03/11 06:21:30 prog length: 6
2023/03/11 06:21:30 prog length: 3
2023/03/11 06:21:30 deserializeInput: hasCrash true hasNet false
2023/03/11 06:21:30 prog length: 6
2023/03/11 06:21:30 prog length: 3
2023/03/11 06:21:30 deserializeInput: hasCrash true hasNet false
2023/03/11 06:21:30 prog length: 6
2023/03/11 06:21:30 prog length: 3
2023/03/11 06:21:30 deserializeInput: hasCrash true hasNet false
2023/03/11 06:21:30 prog length: 6
2023/03/11 06:21:30 prog length: 6
2023/03/11 06:21:30 prog length: 5
2023/03/11 06:21:30 deserializeInput: hasCrash true hasNet false
2023/03/11 06:21:30 prog length: 6
2023/03/11 06:21:30 prog length: 6
2023/03/11 06:21:30 prog length: 6
2023/03/11 06:21:30 deserializeInput: hasCrash true hasNet false
2023/03/11 06:21:30 prog length: 6
2023/03/11 06:21:30 prog length: 6
2023/03/11 06:21:30 prog length: 5
2023/03/11 06:21:30 deserializeInput: hasCrash true hasNet false
2023/03/11 06:21:30 prog length: 6
2023/03/11 06:21:30 prog length: 6
2023/03/11 06:21:30 prog length: 5
2023/03/11 06:21:30 deserializeInput: hasCrash true hasNet false
2023/03/11 06:21:30 prog length: 6
2023/03/11 06:21:30 prog length: 3
2023/03/11 06:21:30 deserializeInput: hasCrash true hasNet false
2023/03/11 06:21:30 prog length: 6
2023/03/11 06:21:30 prog length: 6
2023/03/11 06:21:30 prog length: 10
2023/03/11 06:21:30 deserializeInput: hasCrash true hasNet false
2023/03/11 06:21:30 prog length: 6
2023/03/11 06:21:30 prog length: 3
2023/03/11 06:21:30 deserializeInput: hasCrash true hasNet false
2023/03/11 06:21:30 prog length: 6
2023/03/11 06:21:30 prog length: 6
2023/03/11 06:21:30 prog length: 5
2023/03/11 06:21:30 deserializeInput: hasCrash true hasNet false
2023/03/11 06:21:30 prog length: 6
2023/03/11 06:21:30 prog length: 6
2023/03/11 06:21:30 prog length: 5
2023/03/11 06:21:30 deserializeInput: hasCrash false hasNet false
2023/03/11 06:21:30 prog length: 3
2023/03/11 06:21:30 deserializeInput: hasCrash true hasNet false
2023/03/11 06:21:30 prog length: 6
2023/03/11 06:21:30 prog length: 3
2023/03/11 06:21:30 deserializeInput: hasCrash true hasNet false
2023/03/11 06:21:30 prog length: 6
2023/03/11 06:21:30 prog length: 3
2023/03/11 06:21:30 deserializeInput: hasCrash true hasNet false
2023/03/11 06:21:30 prog length: 6
2023/03/11 06:21:30 prog length: 6
2023/03/11 06:21:30 prog length: 5
2023/03/11 06:21:30 deserializeInput: hasCrash true hasNet false
2023/03/11 06:21:30 prog length: 6
2023/03/11 06:21:30 prog length: 3
2023/03/11 06:21:30 deserializeInput: hasCrash true hasNet false
2023/03/11 06:21:30 prog length: 6
2023/03/11 06:21:30 prog length: 6
2023/03/11 06:21:30 prog length: 5
2023/03/11 06:21:30 deserializeInput: hasCrash true hasNet false
2023/03/11 06:21:30 prog length: 6
2023/03/11 06:21:30 prog length: 3
2023/03/11 06:21:30 deserializeInput: hasCrash true hasNet false
2023/03/11 06:21:30 prog length: 6
2023/03/11 06:21:30 prog length: 6
2023/03/11 06:21:30 prog length: 5
2023/03/11 06:21:30 deserializeInput: hasCrash true hasNet false
2023/03/11 06:21:30 prog length: 6
2023/03/11 06:21:30 prog length: 3
2023/03/11 06:21:30 deserializeInput: hasCrash true hasNet false
2023/03/11 06:21:30 prog length: 6
2023/03/11 06:21:30 prog length: 3
2023/03/11 06:21:30 deserializeInput: hasCrash true hasNet false
2023/03/11 06:21:30 prog length: 6
2023/03/11 06:21:30 prog length: 3
2023/03/11 06:21:30 deserializeInput: hasCrash true hasNet false
2023/03/11 06:21:30 prog length: 6
2023/03/11 06:21:30 prog length: 6
2023/03/11 06:21:30 prog length: 5
2023/03/11 06:21:30 deserializeInput: hasCrash true hasNet false
2023/03/11 06:21:30 prog length: 6
2023/03/11 06:21:30 prog length: 3
2023/03/11 06:21:30 deserializeInput: hasCrash true hasNet false
2023/03/11 06:21:30 prog length: 6
2023/03/11 06:21:30 prog length: 3
2023/03/11 06:21:30 deserializeInput: hasCrash true hasNet false
2023/03/11 06:21:30 prog length: 6
2023/03/11 06:21:30 prog length: 3
2023/03/11 06:21:30 deserializeInput: hasCrash true hasNet false
2023/03/11 06:21:30 prog length: 6
2023/03/11 06:21:30 prog length: 6
2023/03/11 06:21:30 prog length: 5
2023/03/11 06:21:30 deserializeInput: hasCrash true hasNet false
2023/03/11 06:21:30 prog length: 6
2023/03/11 06:21:30 prog length: 3
2023/03/11 06:21:30 deserializeInput: hasCrash true hasNet false
2023/03/11 06:21:30 prog length: 6
2023/03/11 06:21:30 prog length: 4
2023/03/11 06:21:30 deserializeInput: hasCrash true hasNet false
2023/03/11 06:21:30 prog length: 6
2023/03/11 06:21:30 prog length: 11
2023/03/11 06:21:30 deserializeInput: hasCrash true hasNet false
2023/03/11 06:21:30 prog length: 6
2023/03/11 06:21:30 prog length: 3
2023/03/11 06:21:30 deserializeInput: hasCrash true hasNet false
2023/03/11 06:21:30 prog length: 6
2023/03/11 06:21:30 prog length: 3
2023/03/11 06:21:30 deserializeInput: hasCrash true hasNet false
2023/03/11 06:21:30 prog length: 6
2023/03/11 06:21:30 prog length: 3
2023/03/11 06:21:30 deserializeInput: hasCrash true hasNet false
2023/03/11 06:21:30 prog length: 6
2023/03/11 06:21:30 prog length: 6
2023/03/11 06:21:30 prog length: 5
2023/03/11 06:21:30 deserializeInput: hasCrash true hasNet false
2023/03/11 06:21:30 prog length: 6
2023/03/11 06:21:30 prog length: 7
2023/03/11 06:21:30 deserializeInput: hasCrash true hasNet false
2023/03/11 06:21:30 prog length: 6
2023/03/11 06:21:30 prog length: 3
2023/03/11 06:21:30 deserializeInput: hasCrash true hasNet false
2023/03/11 06:21:30 prog length: 6
2023/03/11 06:21:30 prog length: 3
2023/03/11 06:21:30 fetching corpus: 300, signal 4685/21039/32845 (executing program)
2023/03/11 06:21:30 deserializeInput: hasCrash true hasNet false
2023/03/11 06:21:30 prog length: 6
2023/03/11 06:21:30 prog length: 3
2023/03/11 06:21:30 deserializeInput: hasCrash true hasNet false
2023/03/11 06:21:30 prog length: 6
2023/03/11 06:21:30 prog length: 6
2023/03/11 06:21:30 prog length: 5
2023/03/11 06:21:30 deserializeInput: hasCrash true hasNet false
2023/03/11 06:21:30 prog length: 6
2023/03/11 06:21:30 prog length: 3
2023/03/11 06:21:30 deserializeInput: hasCrash true hasNet false
2023/03/11 06:21:30 prog length: 6
2023/03/11 06:21:30 prog length: 6
2023/03/11 06:21:30 prog length: 5
2023/03/11 06:21:30 deserializeInput: hasCrash true hasNet false
2023/03/11 06:21:30 prog length: 6
2023/03/11 06:21:30 prog length: 3
2023/03/11 06:21:30 deserializeInput: hasCrash true hasNet false
2023/03/11 06:21:30 prog length: 6
2023/03/11 06:21:30 prog length: 6
2023/03/11 06:21:30 prog length: 5
2023/03/11 06:21:30 deserializeInput: hasCrash true hasNet false
2023/03/11 06:21:30 prog length: 6
2023/03/11 06:21:30 prog length: 3
2023/03/11 06:21:30 deserializeInput: hasCrash true hasNet false
2023/03/11 06:21:30 prog length: 6
2023/03/11 06:21:30 prog length: 3
2023/03/11 06:21:30 deserializeInput: hasCrash true hasNet false
2023/03/11 06:21:30 prog length: 6
2023/03/11 06:21:30 prog length: 3
2023/03/11 06:21:30 deserializeInput: hasCrash true hasNet false
2023/03/11 06:21:30 prog length: 6
2023/03/11 06:21:30 prog length: 6
2023/03/11 06:21:30 prog length: 5
2023/03/11 06:21:30 deserializeInput: hasCrash true hasNet false
2023/03/11 06:21:30 prog length: 6
2023/03/11 06:21:30 prog length: 3
2023/03/11 06:21:30 deserializeInput: hasCrash true hasNet false
2023/03/11 06:21:30 prog length: 6
2023/03/11 06:21:30 prog length: 3
2023/03/11 06:21:30 deserializeInput: hasCrash true hasNet false
2023/03/11 06:21:30 prog length: 6
2023/03/11 06:21:30 prog length: 8
2023/03/11 06:21:30 deserializeInput: hasCrash true hasNet false
2023/03/11 06:21:30 prog length: 6
2023/03/11 06:21:30 prog length: 9
2023/03/11 06:21:30 deserializeInput: hasCrash true hasNet false
2023/03/11 06:21:30 prog length: 6
2023/03/11 06:21:30 prog length: 19
2023/03/11 06:21:30 deserializeInput: hasCrash true hasNet false
2023/03/11 06:21:30 prog length: 6
2023/03/11 06:21:30 prog length: 3
2023/03/11 06:21:30 deserializeInput: hasCrash true hasNet false
2023/03/11 06:21:30 prog length: 6
2023/03/11 06:21:30 prog length: 3
2023/03/11 06:21:30 deserializeInput: hasCrash true hasNet false
2023/03/11 06:21:30 prog length: 6
2023/03/11 06:21:30 prog length: 6
2023/03/11 06:21:30 prog length: 5
2023/03/11 06:21:30 deserializeInput: hasCrash true hasNet false
2023/03/11 06:21:30 prog length: 6
2023/03/11 06:21:30 prog length: 6
2023/03/11 06:21:30 prog length: 5
2023/03/11 06:21:30 deserializeInput: hasCrash true hasNet false
2023/03/11 06:21:30 prog length: 6
2023/03/11 06:21:30 prog length: 3
2023/03/11 06:21:30 deserializeInput: hasCrash true hasNet false
2023/03/11 06:21:30 prog length: 6
2023/03/11 06:21:30 prog length: 3
2023/03/11 06:21:30 deserializeInput: hasCrash true hasNet false
2023/03/11 06:21:30 prog length: 6
2023/03/11 06:21:30 prog length: 17
2023/03/11 06:21:30 deserializeInput: hasCrash true hasNet false
2023/03/11 06:21:30 prog length: 6
2023/03/11 06:21:30 prog length: 3
2023/03/11 06:21:30 deserializeInput: hasCrash true hasNet false
2023/03/11 06:21:30 prog length: 6
2023/03/11 06:21:30 prog length: 6
2023/03/11 06:21:30 prog length: 5
2023/03/11 06:21:30 fetching corpus: 324, signal 4692/21283/34227 (executing program)
2023/03/11 06:21:30 fetching corpus: 324, signal 4692/21283/35412 (executing program)
2023/03/11 06:21:30 fetching corpus: 324, signal 4692/21283/36564 (executing program)
2023/03/11 06:21:30 fetching corpus: 324, signal 4692/21283/37778 (executing program)
2023/03/11 06:21:30 fetching corpus: 324, signal 4692/21283/38988 (executing program)
2023/03/11 06:21:30 fetching corpus: 324, signal 4692/21283/40154 (executing program)
2023/03/11 06:21:30 fetching corpus: 324, signal 4692/21283/41280 (executing program)
2023/03/11 06:21:30 fetching corpus: 324, signal 4692/21283/42475 (executing program)
2023/03/11 06:21:30 fetching corpus: 324, signal 4692/21283/43671 (executing program)
2023/03/11 06:21:30 fetching corpus: 324, signal 4692/21283/44833 (executing program)
2023/03/11 06:21:30 fetching corpus: 324, signal 4692/21283/45977 (executing program)
2023/03/11 06:21:30 fetching corpus: 324, signal 4692/21283/47110 (executing program)
2023/03/11 06:21:30 fetching corpus: 324, signal 4692/21283/47157 (executing program)
2023/03/11 06:21:30 fetching corpus: 324, signal 4692/21283/47157 (executing program)
2023/03/11 06:21:31 starting 1 fuzzer processes
2023/03/11 06:21:31 ----- generateCall 3672 setxattr$system_posix_acl setxattr$system_posix_acl
2023/03/11 06:21:31 ----- generateCall 216 fdatasync fdatasync
2023/03/11 06:21:31 ----- generateCall 236 fsetxattr$security_smack_transmute fsetxattr$security_smack_transmute
2023/03/11 06:21:31 ----- generateCall 238 fsetxattr$system_posix_acl fsetxattr$system_posix_acl
2023/03/11 06:21:31 ----- generateCall 2462 openat openat
2023/03/11 06:21:31 ----- generateCall 213 fcntl$setpipe fcntl$setpipe
2023/03/11 06:21:31 ----- generateCall 2462 openat openat
2023/03/11 06:21:31 ----- generateCall 2462 openat openat
2023/03/11 06:21:31 ----- generateCall 4129 write$binfmt_elf64 write$binfmt_elf64
2023/03/11 06:21:31 ----- generateCall 2749 pwrite64 pwrite64
2023/03/11 06:21:31 ----- generateCall 541 ioctl ioctl
2023/03/11 06:21:31 ----- generateCall 2462 openat openat
2023/03/11 06:21:31 map[./file0:true ./file1:true]
2023/03/11 06:21:31 HasCrashFail: false, .HasNetFail: false
2023/03/11 06:21:31 prog length: 20
2023/03/11 06:21:31 HasCrashFail:false HasNetFail:false
06:21:31 ---executing program 0:
---
---
---
fstat(0xffffffffffffffff, &(0x7f0000000080)={0x0, 0x0, 0x0, 0x0, <r0=>0x0, <r1=>0x0})
fstat(0xffffffffffffffff, &(0x7f0000000100)={0x0, 0x0, 0x0, 0x0, <r2=>0x0, <r3=>0x0})
setxattr$system_posix_acl(&(0x7f0000000000)='./file0\x00', &(0x7f0000000040)='system.posix_acl_default\x00', &(0x7f0000000180)={{}, {}, [{0x2, 0x2, 0xee00}, {0x2, 0x2, 0xee00}, {0x2, 0x7, r0}, {0x2, 0x4, r2}], {}, [{0x8, 0x6, 0xee00}, {0x8, 0x0, 0xffffffffffffffff}, {}], {0x10, 0x2}, {0x20, 0x1}}, 0x5c, 0x1)
fdatasync(0xffffffffffffffff)
r4 = open$dir(&(0x7f0000000200)='./file0\x00', 0x200042, 0x110)
fsetxattr$security_smack_transmute(r4, &(0x7f0000000240), &(0x7f0000000280), 0x4, 0x3)
stat(&(0x7f0000000300)='./file0\x00', &(0x7f0000000340)={0x0, 0x0, 0x0, 0x0, 0x0, <r5=>0x0})
stat(&(0x7f00000003c0)='./file0\x00', &(0x7f0000000400)={0x0, 0x0, 0x0, 0x0, 0x0, <r6=>0x0})
stat(&(0x7f0000000480)='./file1\x00', &(0x7f00000004c0)={0x0, 0x0, 0x0, 0x0, 0x0, <r7=>0x0})
fsetxattr$system_posix_acl(r4, &(0x7f00000002c0)='system.posix_acl_default\x00', &(0x7f0000000540)={{}, {0x1, 0x3}, [], {}, [{0x8, 0x6, r5}, {0x8, 0x1, r3}, {0x8, 0x3, r6}, {0x8, 0x3, r1}, {0x8, 0x4, r3}, {0x8, 0xf, r7}], {0x10, 0x1}, {0x20, 0x1}}, 0x54, 0x3)
r8 = openat(r4, &(0x7f00000005c0)='./file1\x00', 0x42, 0x1)
fcntl$setpipe(r8, 0x407, 0x8)
r9 = openat(r4, &(0x7f0000000600)='./file0\x00', 0x8c00, 0x6)
r10 = open$dir(&(0x7f0000000640)='./file0\x00', 0x2a80, 0x0)
r11 = openat(r10, &(0x7f0000000680)='./file1\x00', 0x40, 0xd0)
write$binfmt_elf64(r8, &(0x7f00000006c0)={{0x7f, 0x45, 0x4c, 0x46, 0x3, 0x8e, 0x81, 0x57, 0x6, 0x3, 0x3e, 0xfffffffa, 0x67, 0x40, 0x144, 0x0, 0x6, 0x38, 0x2, 0xffff, 0x6fb, 0x3}, [{0x70000000, 0x7, 0x200, 0xffff, 0xff, 0xfffffffffffffff9, 0x9d4, 0xed99}, {0x3, 0x9, 0x2, 0x0, 0x7fff, 0x8, 0x6, 0x1}], "384a71d2abbeed5adf9ae05604d8b1dc88f1d60a1c718e880fabfb5e6f741ade9c4604ee8fc67fcee333ac86f7504cf045ba2493244bd135936b945aa89c04a22f922e7f6d4a6439e4eefa17278a934a13da", ['\x00', '\x00', '\x00', '\x00', '\x00']}, 0x602)
pwrite64(r9, &(0x7f0000000d00)="d183cb710bfef943a4b77a6e9c56ff102472d4cd5a98921876b0df0e092f3baf3459b3f01333cf08c84f31c61286477d68a8db163c20ddea0e316544ab5e761fa2fac896f88d550cbacbeda156ef62b3287d65f7f80b2369e5f820d233dd9c61d93fb2d43f7572895d3ee74a38b416cee1378da7fb605f166cbd25aa21", 0x7d, 0x6)
r12 = fcntl$dupfd(r9, 0x0, r9)
ioctl(r12, 0x1, &(0x7f0000000d80)="2cb7802c43e91fe26eb19e2191c14e12af6e1b69a351c7e04126630543422446be0362402601e829654f767f625cfac70298d8a827feecc5b1d80a20c075a5dbddc2da8de914a6cdfd33cf98eac04cb28d43e453a54bd68c3f1e23a62739063b82714a555c5eebf02c3279401e4e9324578f7fd042bde5ea2681404983c222f4859cacbdaf29a9a8adde36abf5a80a")
openat(r11, &(0x7f0000000e40)='./file0\x00', 0x2000, 0x68)
---

end of program
2023/03/11 06:21:31 -----run executor: [/usr/bin/ssh -F /dev/null -o ConnectionAttempts=100 -o ConnectTimeout=120 -o UserKnownHostsFile=/dev/null -o BatchMode=yes -o IdentitiesOnly=yes -o StrictHostKeyChecking=no -o ConnectTimeout=100 -i /home/tlyu/dfs-fuzzing/disk-images/orangefs-images/focal.id_rsa root@192.168.0.35 /root/syz-executor exec 0 0 orangefs 3 4 192.168.0.35 0 "3 1" false false false true false]
2023/03/11 06:21:31 -----run executor: [/usr/bin/ssh -F /dev/null -o ConnectionAttempts=100 -o ConnectTimeout=120 -o UserKnownHostsFile=/dev/null -o BatchMode=yes -o IdentitiesOnly=yes -o StrictHostKeyChecking=no -o ConnectTimeout=100 -i /home/tlyu/dfs-fuzzing/disk-images/orangefs-images/focal.id_rsa root@192.168.0.36 /root/syz-executor exec 0 1 orangefs 3 4 192.168.0.35 0 "3 1" false false false true false]
2023/03/11 06:21:31 -----run executor: [/usr/bin/ssh -F /dev/null -o ConnectionAttempts=100 -o ConnectTimeout=120 -o UserKnownHostsFile=/dev/null -o BatchMode=yes -o IdentitiesOnly=yes -o StrictHostKeyChecking=no -o ConnectTimeout=100 -i /home/tlyu/dfs-fuzzing/disk-images/orangefs-images/focal.id_rsa root@192.168.0.37 /root/syz-executor exec 0 2 orangefs 3 4 192.168.0.35 0 "3 1" false false false true false]
2023/03/11 06:21:31 -----run executor: [/usr/bin/ssh -F /dev/null -o ConnectionAttempts=100 -o ConnectTimeout=120 -o UserKnownHostsFile=/dev/null -o BatchMode=yes -o IdentitiesOnly=yes -o StrictHostKeyChecking=no -o ConnectTimeout=100 -i /home/tlyu/dfs-fuzzing/disk-images/orangefs-images/focal.id_rsa root@192.168.0.38 /root/syz-executor exec 1 3 orangefs 3 4 192.168.0.35 0 "3 1" false false false true false]
Warning: Permanently added '192.168.0.35' (ECDSA) to the list of known hosts.
Warning: Permanently added '192.168.0.36' (ECDSA) to the list of known hosts.
Warning: Permanently added '192.168.0.37' (ECDSA) to the list of known hosts.
Warning: Permanently added '192.168.0.38' (ECDSA) to the list of known hosts.
----- is restarting 0
---- dfs_name orangefs is_dfs_client 0
unlink FIFO failed: No such file or directory
executor 1 finishes userspace_cover_open
before receiving handshake request
req.flags ea2
[    0.000000] kernel: Linux version 5.15.0+ (tlyu@IC-RS3-DPC07) (gcc (Ubuntu 9.4.0-1ubuntu1~20.04.1) 9.4.0, GNU ld (GNU Binutils for Ubuntu) 2.34) #7 SMP Sat Feb 18 10:18:37 CET 2023
[    0.000000] kernel: Command line: root=/dev/sda console=ttyS0 net.ifnames=0 ip=192.168.0.36 quiet
[    0.000000] kernel: x86/fpu: Supporting XSAVE feature 0x001: 'x87 floating point registers'
[    0.000000] kernel: x86/fpu: Supporting XSAVE feature 0x002: 'SSE registers'
[    0.000000] kernel: x86/fpu: Supporting XSAVE feature 0x004: 'AVX registers'
[    0.000000] kernel: x86/fpu: Supporting XSAVE feature 0x020: 'AVX-512 opmask'
[    0.000000] kernel: x86/fpu: Supporting XSAVE feature 0x040: 'AVX-512 Hi256'
[    0.000000] kernel: x86/fpu: Supporting XSAVE feature 0x080: 'AVX-512 ZMM_Hi256'
[    0.000000] kernel: x86/fpu: Supporting XSAVE feature 0x200: 'Protection Keys User registers'
[    0.000000] kernel: x86/fpu: xstate_offset[2]:  576, xstate_sizes[2]:  256
[    0.000000] kernel: x86/fpu: xstate_[D 01/16/2023 17:42:13] PVFS2 Server version 2.9.7-orangefs-REV-65ab0d2 starting.
[E 01/16/2023 17:43:19] PVFS2 server got signal 15 (server_status_flag: 2080767)
[D 02/18/2023 14:39:31] PVFS2 Server version 2.9.7-orangefs-REV-65ab0d2 starting.
[D 02/18/2023 14:47:30] PVFS2 received server: signal 1
[E 02/18/2023 14:47:30] PVFS2 server got signal 15 (server_status_flag: 2080767)
offset[5]:  832, xstate_sizes[5]:   64
[    0.000000] kernel: x86/fpu: xstate_offset[6]:  896, xstate_sizes[6]:  512
[    0.000000] kernel: x86/fpu: xstate_offset[7]: 1408, xstate_sizes[7]: 1024
[    0.000000] kernel: x86/fpu: xstate_offset[9]: 2432, xstate_sizes[9]:    8
[    0.000000] kernel: x86/fpu: Enabled xstate features 0x2e7, context size is 2440 bytes, using 'compacted' format.
[    0.000000] kernel: signal: max sigframe size: 3632
[    0.000000] kernel: BIOS-provided physical RAM map:
[    0.000000] kernel: BIOS-e820: [mem 0x0000000000000000-0x000000000009fbff] usable
[    0.000000] kernel: BIOS-e820: [mem 0x000000000009fc00-0x000000000009ffff] reserved
[    0.000000] kernel: BIOS-e820: [mem 0x00000000000f0000-0x00000000000fffff] reserved
[    0.000000] kernel: BIOS-e820: [mem 0x0000000000100000-0x00000000bffdffff] usable
[    0.000000] kernel: BIOS-e820: [mem 0x00000000bffe0000-0x00000000bfffffff] reserved
[    0.000000] kernel: BIOS-e820: [mem 0x00000000feffc000-0x00000000feffffff] reserved
[    0.000000] kernel: BIOS-e820: [mem 0x00000000fffc0000-0x00000000ffffffff] reserved
[    0.000000] kernel: BIOS-e820: [mem 0x0000000100000000-0x00000002bfffffff] usable
[    0.000000] kernel: NX (Execute Disable) protection: active
[    0.000000] kernel: SMBIOS 2.8 present.
[    0.000000] kernel: DMI: QEMU Standard PC (i440FX + PIIX, 1996), BIOS 1.13.0-1ubuntu1.1 04/01/2014
[    0.000000] kernel: Hypervisor detected: KVM
[    0.000000] kernel: kvm-clock: Using msrs 4b564d01 and 4b564d00
[    0.000000] kernel: kvm-clock: cpu 0, msr 29386e001, primary cpu clock
[    0.000001] kernel: kvm-clock: using sched offset of 335336154 cycles
[    0.000002] kernel: clocksource: kvm-clock: mask: 0xffffffffffffffff max_cycles: 0x1cd42e4dffb, max_idle_ns: 881590591483 ns
[    0.000004] kernel: tsc: Detected 2593.906 MHz processor
[    0.000420] kernel: e820: update [mem 0x00000000-0x00000fff] usable ==> reserved
[    0.000422] kernel: e820: remove [mem 0x000a0000-0x000fffff] us----- is restarting 0
---- dfs_name orangefs is_dfs_client 0
unlink FIFO failed: No such file or directory
executor 0 finishes userspace_cover_open
before receiving handshake request
[    0.000000] kernel: Linux version 5.15.0+ (tlyu@IC-RS3-DPC07) (gcc (Ubuntu 9.4.0-1ubuntu1~20.04.1) 9.4.0, GNU ld (GNU Binutils for Ubuntu) 2.34) #7 SMP Sat Feb 18 10:18:37 CET 2023
[    0.000000] kernel: Command line: root=/dev/sda console=ttyS0 net.ifnames=0 ip=192.168.0.35 quiet
[    0.000000] kernel: x86/fpu: Supporting XSAVE feature 0x001: 'x87 floating point registers'
[    0.000000] kernel: x86/fpu: Supporting XSAVE feature 0x002: 'SSE registers'
[    0.000000] kernel: x86/fpu: Supporting XSAVE feature 0x004: 'AVX registers'
[    0.000000] kernel: x86/fpu: Supporting XSAVE feature 0x020: 'AVX-512 opmask'
[    0.000000] kernel: x86/fpu: Supporting XSAVE feature 0x040: 'AVX-512 Hi256'
[    0.000000] kernel: x86/fpu: Supporting XSAVE feature 0x080: 'AVX-512 ZMM_Hi256'
[    0.000000] kernel: x86/fpu: Supporting XSAVE feature 0x200: 'Protection Keys User registers'
[    0.000000] kernel: x86/fpu: xstate_offset[2]:  576, xstate_sizes[2]:  256
[    0.000000] kernel: x86/fpu: xstate_able
[    0.000425] kernel: last_pfn = 0x2c0000 max_arch_pfn = 0x10000000000
[    0.000470] kernel: x86/PAT: Configuration [0-7]: WB  WC  UC- UC  WB  WP  UC- WT  
[    0.000475] kernel: last_pfn = 0xbffe0 max_arch_pfn = 0x10000000000
[    0.004841] kernel: found SMP MP-table at [mem 0x000f5c80-0x000f5c8f]
[    0.004867] kernel: Using GB pages for direct mapping
[    0.004987] kernel: ACPI: Early table checksum verification disabled
[    0.004991] kernel: ACPI: RSDP 0x00000000000F5A50 000014 (v00 BOCHS )
[    0.004999] kernel: ACPI: RSDT 0x00000000BFFE15C9 000030 (v01 BOCHS  BXPCRSDT 00000001 BXPC 00000001)
[    0.005004] kernel: ACPI: FACP 0x00000000BFFE149D 000074 (v01 BOCHS  BXPCFACP 00000001 BXPC 00000001)
[    0.005009] kernel: ACPI: DSDT 0x00000000BFFE0040 00145D (v01 BOCHS  BXPCDSDT 00000001 BXPC 00000001)
[    0.005012] kernel: ACPI: FACS 0x00000000BFFE0000 000040
[    0.005014] kernel: ACPI: APIC 0x00000000BFFE1511 000080 (v01 BOCHS  BXPCAPIC 00000001 BXPC 00000001)
[    0.005016] kernel: ACPI: HPET 0x00000000BFFE1591 000038 (v01 BOCHS  BXPCHPET 00000001 BXPC 00000001)
[    0.005018] kernel: ACPI: Reserving FACP table memory at [mem 0xbffe149d-0xbffe1510]
[    0.005019] kernel: ACPI: Reserving DSDT table memory at [mem 0xbffe0040-0xbffe149c]
[    0.005020] kernel: ACPI: Reserving FACS table memory at [mem 0xbffe0000-0xbffe003f]
[    0.005020] kernel: ACPI: Reserving APIC table memory at [mem 0xbffe1511-0xbffe1590]
[    0.005021] kernel: ACPI: Reserving HPET table memory at [mem 0xbffe1591-0xbffe15c8]
[    0.005269] kernel: No NUMA configuration found
[    0.005269] kernel: Faking a node at [mem 0x0000000000000000-0x00000002bfffffff]
[    0.005272] kernel: NODE_DATA(0) allocated [mem 0x2bfffc000-0x2bfffffff]
[    0.005872] kernel: Zone ranges:
[    0.005873] kernel:   DMA      [mem 0x0000000000001000-0x0000000000ffffff]
[    0.005875] kernel:   DMA32    [mem 0x0000000001000000-0x00000000ffffffff]
[    0.005876] kernel:   Normal   [mem 0x0000000100000000-0x0[D 01/16/2023 17:42:13] PVFS2 Server version 2.9.7-orangefs-REV-65ab0d2 starting.
[E 01/16/2023 17:43:19] PVFS2 server got signal 15 (server_status_flag: 2080767)
[D 02/18/2023 14:39:31] PVFS2 Server version 2.9.7-orangefs-REV-65ab0d2 starting.
[D 02/18/2023 14:47:30] PVFS2 received server: signal 1
[E 02/18/2023 14:47:30] PVFS2 server got signal 15 (server_status_flag: 2080767)
0000002bfffffff]
[    0.005877] kernel: Movable zone start for each node
[    0.005878] kernel: Early memory node ranges
[    0.005878] kernel:   node   0: [mem 0x0000000000001000-0x000000000009efff]
[    0.005879] kernel:   node   0: [mem 0x0000000000100000-0x00000000bffdffff]
[    0.005880] kernel:   node   0: [mem 0x0000000100000000-0x00000002bfffffff]
[    0.005882] kernel: Initmem setup node 0 [mem 0x0000000000001000-0x00000002bfffffff]
[    0.006360] kernel: On node 0, zone DMA: 1 pages in unavailable ranges
[    0.006371] kernel: On node 0, zone DMA: 97 pages in unavailable ranges
[    0.058689] kernel: On node 0, zone Normal: 32 pages in unavailable ranges
[    0.537708] kernel: kasan: KernelAddressSanitizer initialized
[    0.538036] kernel: ACPI: PM-Timer IO Port: 0x608
[    0.538042] kernel: ACPI: LAPIC_NMI (acpi_id[0xff] dfl dfl lint[0x1])
[    0.538080] kernel: IOAPIC[0]: apic_id 0, version 17, address 0xfec00000, GSI 0-23
[    0.538083] kernel: ACPI: INT_SRC_OVR (bus 0 boffset[5]:  832, xstate_sizes[5]:   64
[    0.000000] kernel: x86/fpu: xstate_offset[6]:  896, xstate_sizes[6]:  512
[    0.000000] kernel: x86/fpu: xstate_offset[7]: 1408, xstate_sizes[7]: 1024
[    0.000000] kernel: x86/fpu: xstate_offset[9]: 2432, xstate_sizes[9]:    8
[    0.000000] kernel: x86/fpu: Enabled xstate features 0x2e7, context size is 2440 bytes, using 'compacted' format.
[    0.000000] kernel: signal: max sigframe size: 3632
[    0.000000] kernel: BIOS-provided physical RAM map:
[    0.000000] kernel: BIOS-e820: [mem 0x0000000000000000-0x000000000009fbff] usable
[    0.000000] kernel: BIOS-e820: [mem 0x000000000009fc00-0x000000000009ffff] reserved
[    0.000000] kernel: BIOS-e820: [mem 0x00000000000f0000-0x00000000000fffff] reserved
[    0.000000] kernel: BIOS-e820: [mem 0x0000000000100000-0x00000000bffdffff] usable
[    0.000000] kernel: BIOS-e820: [mem 0x00000000bffe0000-0x00000000bfffffff] reserved
[    0.000000] kernel: BIOS-e820: [mem 0x00000000feffc000-0x00000000feffffff] reserved
[    0.000000] kernel: BIOS-e820: [mem 0x00000000fffc0000-0x00000000ffffffff] reserved
[    0.000000] kernel: BIOS-e820: [mem 0x0000000100000000-0x00000002bfffffff] usable
[    0.000000] kernel: NX (Execute Disable) protection: active
[    0.000000] kernel: SMBIOS 2.8 present.
[    0.000000] kernel: DMI: QEMU Standard PC (i440FX + PIIX, 1996), BIOS 1.13.0-1ubuntu1.1 04/01/2014
[    0.000000] kernel: Hypervisor detected: KVM
[    0.000000] kernel: kvm-clock: Using msrs 4b564d01 and 4b564d00
[    0.000000] kernel: kvm-clock: cpu 0, msr 5ca6e001, primary cpu clock
[    0.000001] kernel: kvm-clock: using sched offset of 463916004 cycles
[    0.000003] kernel: clocksource: kvm-clock: mask: 0xffffffffffffffff max_cycles: 0x1cd42e4dffb, max_idle_ns: 881590591483 ns
[    0.000005] kernel: tsc: Detected 2593.906 MHz processor
[    0.000414] kernel: e820: update [mem 0x00000000-0x00000fff] usable ==> reserved
[    0.000417] kernel: e820: remove [mem 0x000a0000-0x000fffff] usaus_irq 0 global_irq 2 dfl dfl)
[    0.538085] kernel: ACPI: INT_SRC_OVR (bus 0 bus_irq 5 global_irq 5 high level)
[    0.538086] kernel: ACPI: INT_SRC_OVR (bus 0 bus_irq 9 global_irq 9 high level)
[    0.538087] kernel: ACPI: INT_SRC_OVR (bus 0 bus_irq 10 global_irq 10 high level)
[    0.538089] kernel: ACPI: INT_SRC_OVR (bus 0 bus_irq 11 global_irq 11 high level)
[    0.538091] kernel: ACPI: Using ACPI (MADT) for SMP configuration information
[    0.538093] kernel: ACPI: HPET id: 0x8086a201 base: 0xfed00000
[    0.538096] kernel: TSC deadline timer available
[    0.538097] kernel: smpboot: Allowing 2 CPUs, 0 hotplug CPUs
[    0.538117] kernel: kvm-guest: KVM setup pv remote TLB flush
[    0.538121] kernel: kvm-guest: setup PV sched yield
[    0.538129] kernel: PM: hibernation: Registered nosave memory: [mem 0x00000000-0x00000fff]
[    0.538131] kernel: PM: hibernation: Registered nosave memory: [mem 0x0009f000-0x0009ffff]
[    0.538132] kernel: PM: hibernation: Registered nosave memory: [mem 0x000a0000-0x000effff]
[    0.538132] kernel: PM: hibernation: Registered nosave memory: [mem 0x000f0000-0x000fffff]
[    0.538133] kernel: PM: hibernation: Registered nosave memory: [mem 0xbffe0000-0xbfffffff]
[    0.538134] kernel: PM: hibernation: Registered nosave memory: [mem 0xc0000000-0xfeffbfff]
[    0.538135] kernel: PM: hibernation: Registered nosave memory: [mem 0xfeffc000-0xfeffffff]
[    0.538135] kernel: PM: hibernation: Registered nosave memory: [mem 0xff000000-0xfffbffff]
[    0.538136] kernel: PM: hibernation: Registered nosave memory: [mem 0xfffc0000-0xffffffff]
[    0.538137] kernel: [mem 0xc0000000-0xfeffbfff] available for PCI devices
[    0.538138] kernel: Booting paravirtualized kernel on KVM
[    0.538141] kernel: clocksource: refined-jiffies: mask: 0xffffffff max_cycles: 0xffffffff, max_idle_ns: 1910969940391419 ns
[    0.542159] kernel: setup_percpu: NR_CPUS:64 nr_cpumask_bits:64 nr_cpu_ids:2 nr_node_ids:1
[    0.543058] kernel: percpu: Embedded 56 pages/cpu s191576 r8192 d29608 u1048576
[    0.543065] kernel: pcpu-alloc: s191576 r8192 d29608 u1048576 alloc=1*2097152
[    0.543068] kernel: pcpu-alloc: [0] 0 1 
[    0.543093] kernel: kvm-guest: setup async PF for cpu 0
[    0.543098] kernel: kvm-guest: stealtime: cpu 0, msr 26381f140
[    0.543102] kernel: Built 1 zonelists, mobility grouping on.  Total pages: 2580192
[    0.543103] kernel: Policy zone: Normal
[    0.543105] kernel: Kernel command line: root=/dev/sda console=ttyS0 net.ifnames=0 ip=192.168.0.36 quiet
[    0.549455] kernel: Dentry cache hash table entries: 2097152 (order: 12, 16777216 bytes, linear)
[    0.552562] kernel: Inode-cache hash table entries: 1048576 (order: 11, 8388608 bytes, linear)
[    0.552616] kernel: mem auto-init: stack:off, heap alloc:off, heap free:off
[    0.785252] kernel: Memory: 8872652K/10485240K available (14348K kernel code, 2403K rwdata, 3568K rodata, 1384K init, 1732K bss, 1612388K reserved, 0K cma-reserved)
[    0.785337] kernel: SLUB: HWalign=64, Order=0-3, MinObjects=0, CPUs=2, Nodes=1
[    0.786007] kernel: rcu: Hierarchical RCU implementation.
[    0.786009] kernel: rcu:         RCU event tracing is enabled.
[    0.786010] kernel: rcu:         RCU restricting CPUs from NR_CPUS=64 to nr_cpu_ids=2.
[    0.786012] kernel: rcu: RCU calculated value of scheduler-enlistment delay is 100 jiffies.
[    0.786013] kernel: rcu: Adjusting geometry for rcu_fanout_leaf=16, nr_cpu_ids=2
[    0.788734] kernel: NR_IRQS: 4352, nr_irqs: 440, preallocated irqs: 16
[    0.788948] kernel: random: get_random_bytes called from start_kernel+0x4b1/0x67a with crng_init=0
[    0.792899] kernel: Console: colour VGA+ 80x25
[    0.792941] kernel: printk: console [ttyS0] enabled
[    0.792959] kernel: ACPI: Core revision 20210730
[    0.793102] kernel: clocksource: hpet: mask: 0xffffffff max_cycles: 0xffffffff, max_idle_ns: 19112604467 ns
[    0.793185] kernel: APIC: Switch to symmetric I/O mode setup
[    0.793188] kernel: kvm-guest: setup PV IPIs
[    0.794044] kernel: ..TIMER: vector=0x30 apic1=0 pin1=2 apic2=-1 pin2=-1
[    0.794063] kernel: clocksource: tsc-early: mask: 0xffffffffffffffff max_cycles: 0x2563bf907c6, max_idle_ns: 440795319401 ns
[    0.794070] kernel: Calibrating delay loop (skipped) preset value.. 5187.81 BogoMIPS (lpj=2593906)
[    0.794072] kernel: pid_max: default: 32768 minimum: 301
[    0.794105] kernel: LSM: Security Framework initializing
[    0.794119] kernel: SELinux:  Initializing.
[    0.795105] kernel: Mount-cache hash table entries: 32768 (order: 6, 262144 bytes, linear)
[    0.795717] kernel: Mountpoint-cache hash table entries: 32768 (order: 6, 262144 bytes, linear)
[    0.796167] kernel: x86/cpu: User Mode Instruction Prevention (UMIP) activated
[    0.796252] kernel: Last level iTLB entries: 4KB 0, 2MB 0, 4MB 0
[    0.796253] kernel: Last level dTLB entries: 4KB 0, 2MB 0, 4MB 0, 1GB 0
[    0.796263] kernel: Spectre V1 : Mitigation: usercopy/swapgs barriers and __user pointer sanitization
[    0.796267] kernel: Spectre V2 : Mitigation: Enhanced IBRS
[    0.796268] kernel: Spectre V2 : Spectre v2 / SpectreRSB mitigation: Filling RSB on context switch
[    0.796269] kernel: Spectre V2 : mitigation: Enabling conditional Indirect Branch Prediction Barrier
[    0.796270] kernel: Speculative Store Bypass: Mitigation: Speculative Store Bypass disabled via prctl and seccomp
[    0.796271] kernel: TAA: Mitigation: TSX disabled
[    0.801066] kernel: Freeing SMP alternatives memory: 40K
[    0.801066] kernel: smpboot: CPU0: Intel(R) Xeon(R) Gold 6348 CPU @ 2.60GHz (family: 0x6, model: 0x6a, stepping: 0x6)
[    0.801066] kernel: Performance Events: Icelake events, 32-deep LBR, full-width counters, Intel PMU driver.
[    0.801125] kernel: ... version:                2
[    0.801126] kernel: ... bit width:              48
[    0.801127] kernel: ... generic registers:      8
[    0.801128] kernel: ... value mask:             0000ffffffffffff
[    0.801129] kernel: ... max period:             00007fffffffffff
[    0.801130] kernel: ... fixed-purpose events:   3
[    0.801131] kernel: ... event mask:             00000007000000ff
[    0.801281] kernel: rcu: Hierarchical SRCU implementation.
[    0.801636] kernel: smp: Bringing up secondary CPUs ...
[    0.801758] kernel: x86: Booting SMP configuration:
[    0.801759] kernel: .... node  #0, CPUs:      #1
[    0.005150] kernel: kvm-clock: cpu 1, msr 29386e041, secondary cpu clock
[    0.005150] kernel: smpboot: CPU 1 Converting physical 0 to logical die 1
[    0.814122] kernel: kvm-guest: setup async PF for cpu 1
[    0.814122] kernel: kvm-guest: stealtime: cpu 1, msr 26391f140
[    0.814122] kernel: smp: Brought up 1 node, 2 CPUs
[    0.814122] kernel: smpboot: Max logical packages: 2
[    0.814122] kernel: smpboot: Total of 2 processors activated (10375.62 BogoMIPS)
[    0.815698] kernel: devtmpfs: initialized
[    0.817178] kernel: clocksource: jiffies: mask: 0xffffffff max_cycles: 0xffffffff, max_idle_ns: 1911260446275000 ns
[    0.817183] kernel: futex hash table entries: 512 (order: 3, 32768 bytes, linear)
[    0.817376] kernel: PM: RTC time: 05:21:17, date: 2023-03-11
[    0.817550] kernel: NET: Registered PF_NETLINK/PF_ROUTE protocol family
[    0.817791] kernel: audit: initializing netlink subsys (disabled)
[    0.818080] kernel: thermal_sys: Registered thermal governor 'step_wise'
[    0.818081] kernel: thermal_sys: Registered thermal governor 'user_space'
[    0.818113] kernel: audit: type=2000 audit(1678512077.167:1): state=initialized audit_enabled=0 res=1
[    0.818113] kernel: cpuidle: using governor menu
[    0.818175] kernel: ACPI: bus type PCI registered
[    0.818325] kernel: PCI: Using configuration type 1 for base access
[    0.825564] kernel: Kprobes globally optimized
[    0.826136] kernel: HugeTLB registered 2.00 MiB page size, pre-allocated 0 pages
[    0.826136] kernel: cryptomgr_test (26) used greatest stack depth: 31400 bytes left
[    0.828177] kernel: ACPI: Addedble
[    0.000419] kernel: last_pfn = 0x2c0000 max_arch_pfn = 0x10000000000
[    0.000464] kernel: x86/PAT: Configuration [0-7]: WB  WC  UC- UC  WB  WP  UC- WT  
[    0.000469] kernel: last_pfn = 0xbffe0 max_arch_pfn = 0x10000000000
[    0.004712] kernel: found SMP MP-table at [mem 0x000f5c80-0x000f5c8f]
[    0.004733] kernel: Using GB pages for direct mapping
[    0.005382] kernel: ACPI: Early table checksum verification disabled
[    0.005387] kernel: ACPI: RSDP 0x00000000000F5A50 000014 (v00 BOCHS )
[    0.005394] kernel: ACPI: RSDT 0x00000000BFFE15C9 000030 (v01 BOCHS  BXPCRSDT 00000001 BXPC 00000001)
[    0.005399] kernel: ACPI: FACP 0x00000000BFFE149D 000074 (v01 BOCHS  BXPCFACP 00000001 BXPC 00000001)
[    0.005404] kernel: ACPI: DSDT 0x00000000BFFE0040 00145D (v01 BOCHS  BXPCDSDT 00000001 BXPC 00000001)
[    0.005407] kernel: ACPI: FACS 0x00000000BFFE0000 000040
[    0.005409] kernel: ACPI: APIC 0x00000000BFFE1511 000080 (v01 BOCHS  BXPCAPIC 00000001 BXPC 00000001)
[    0.0054 _OSI(Module Device)
[    0.828177] kernel: ACPI: Added _OSI(Processor Device)
[    0.828177] kernel: ACPI: Added _OSI(3.0 _SCP Extensions)
[    0.828177] kernel: ACPI: Added _OSI(Processor Aggregator Device)
[    0.828177] kernel: ACPI: Added _OSI(Linux-Dell-Video)
[    0.828177] kernel: ACPI: Added _OSI(Linux-Lenovo-NV-HDMI-Audio)
[    0.828177] kernel: ACPI: Added _OSI(Linux-HPI-Hybrid-Graphics)
[    0.834733] kernel: ACPI: 1 ACPI AML tables successfully acquired and loaded
[    0.838373] kernel: ACPI: Interpreter enabled
[    0.838403] kernel: ACPI: PM: (supports S0 S3 S4 S5)
[    0.838404] kernel: ACPI: Using IOAPIC for interrupt routing
[    0.838434] kernel: PCI: Using host bridge windows from ACPI; if necessary, use "pci=nocrs" and report a bug
[    0.838789] kernel: ACPI: Enabled 2 GPEs in block 00 to 0F
[    0.849654] kernel: ACPI: PCI Root Bridge [PCI0] (domain 0000 [bus 00-ff])
[    0.849666] kernel: acpi PNP0A03:00: _OSC: OS supports [ASPM ClockPM Segments MSI HPX-Type3]
11] kernel: ACPI: HPET 0x00000000BFFE1591 000038 (v01 BOCHS  BXPCHPET 00000001 BXPC 00000001)
[    0.005413] kernel: ACPI: Reserving FACP table memory at [mem 0xbffe149d-0xbffe1510]
[    0.005414] kernel: ACPI: Reserving DSDT table memory at [mem 0xbffe0040-0xbffe149c]
[    0.005415] kernel: ACPI: Reserving FACS table memory at [mem 0xbffe0000-0xbffe003f]
[    0.005416] kernel: ACPI: Reserving APIC table memory at [mem 0xbffe1511-0xbffe1590]
[    0.005417] kernel: ACPI: Reserving HPET table memory at [mem 0xbffe1591-0xbffe15c8]
[    0.009528] kernel: No NUMA configuration found
[    0.009530] kernel: Faking a node at [mem 0x0000000000000000-0x00000002bfffffff]
[    0.009534] kernel: NODE_DATA(0) allocated [mem 0x2bfffa000-0x2bfffdfff]
[    0.009653] kernel: Zone ranges:
[    0.009654] kernel:   DMA      [mem 0x0000000000001000-0x0000000000ffffff]
[    0.009656] kernel:   DMA32    [mem 0x0000000001000000-0x00000000ffffffff]
[    0.009657] kernel:   Normal   [mem 0x0000000100000000-0x00[    0.849710] kernel: acpi PNP0A03:00: fail to add MMCONFIG information, can't access extended PCI configuration space under this bridge.
[    0.849814] kernel: PCI host bridge to bus 0000:00
[    0.849817] kernel: pci_bus 0000:00: root bus resource [io  0x0000-0x0cf7 window]
[    0.849819] kernel: pci_bus 0000:00: root bus resource [io  0x0d00-0xffff window]
[    0.849821] kernel: pci_bus 0000:00: root bus resource [mem 0x000a0000-0x000bffff window]
[    0.849823] kernel: pci_bus 0000:00: root bus resource [mem 0xc0000000-0xfebfffff window]
[    0.849825] kernel: pci_bus 0000:00: root bus resource [mem 0x2c0000000-0x33fffffff window]
[    0.849827] kernel: pci_bus 0000:00: root bus resource [bus 00-ff]
[    0.850316] kernel: pci 0000:00:00.0: [8086:1237] type 00 class 0x060000
[    0.851209] kernel: pci 0000:00:01.0: [8086:7000] type 00 class 0x060100
[    0.851938] kernel: pci 0000:00:01.1: [8086:7010] type 00 class 0x010180
[    0.853819] kernel: pci 0000:00:01.1: reg 0x20: [io  0000002bfffffff]
[    0.009658] kernel: Movable zone start for each node
[    0.009659] kernel: Early memory node ranges
[    0.009659] kernel:   node   0: [mem 0x0000000000001000-0x000000000009efff]
[    0.009660] kernel:   node   0: [mem 0x0000000000100000-0x00000000bffdffff]
[    0.009661] kernel:   node   0: [mem 0x0000000100000000-0x00000002bfffffff]
[    0.009662] kernel: Initmem setup node 0 [mem 0x0000000000001000-0x00000002bfffffff]
[    0.010146] kernel: On node 0, zone DMA: 1 pages in unavailable ranges
[    0.010157] kernel: On node 0, zone DMA: 97 pages in unavailable ranges
[    0.067797] kernel: On node 0, zone Normal: 32 pages in unavailable ranges
[    0.554583] kernel: kasan: KernelAddressSanitizer initialized
[    0.554936] kernel: ACPI: PM-Timer IO Port: 0x608
[    0.554946] kernel: ACPI: LAPIC_NMI (acpi_id[0xff] dfl dfl lint[0x1])
[    0.554986] kernel: IOAPIC[0]: apic_id 0, version 17, address 0xfec00000, GSI 0-23
[    0.554989] kernel: ACPI: INT_SRC_OVR (bus 0 buxc040-0xc04f]
[    0.854502] kernel: pci 0000:00:01.1: legacy IDE quirk: reg 0x10: [io  0x01f0-0x01f7]
[    0.854504] kernel: pci 0000:00:01.1: legacy IDE quirk: reg 0x14: [io  0x03f6]
[    0.854505] kernel: pci 0000:00:01.1: legacy IDE quirk: reg 0x18: [io  0x0170-0x0177]
[    0.854506] kernel: pci 0000:00:01.1: legacy IDE quirk: reg 0x1c: [io  0x0376]
[    0.855338] kernel: pci 0000:00:01.3: [8086:7113] type 00 class 0x068000
[    0.855593] kernel: pci 0000:00:01.3: quirk: [io  0x0600-0x063f] claimed by PIIX4 ACPI
[    0.855599] kernel: pci 0000:00:01.3: quirk: [io  0x0700-0x070f] claimed by PIIX4 SMB
[    0.856493] kernel: pci 0000:00:02.0: [1234:1111] type 00 class 0x030000
[    0.857474] kernel: pci 0000:00:02.0: reg 0x10: [mem 0xfd000000-0xfdffffff pref]
[    0.858850] kernel: pci 0000:00:02.0: reg 0x18: [mem 0xfeb90000-0xfeb90fff]
[    0.861553] kernel: pci 0000:00:02.0: reg 0x30: [mem 0xfeb80000-0xfeb8ffff pref]
[    0.862493] kernel: pci 0000:00:03.0: [1af4:1005] type 00 class_irq 0 global_irq 2 dfl dfl)
[    0.554991] kernel: ACPI: INT_SRC_OVR (bus 0 bus_irq 5 global_irq 5 high level)
[    0.554992] kernel: ACPI: INT_SRC_OVR (bus 0 bus_irq 9 global_irq 9 high level)
[    0.554994] kernel: ACPI: INT_SRC_OVR (bus 0 bus_irq 10 global_irq 10 high level)
[    0.554995] kernel: ACPI: INT_SRC_OVR (bus 0 bus_irq 11 global_irq 11 high level)
[    0.554998] kernel: ACPI: Using ACPI (MADT) for SMP configuration information
[    0.554999] kernel: ACPI: HPET id: 0x8086a201 base: 0xfed00000
[    0.555003] kernel: TSC deadline timer available
[    0.555004] kernel: smpboot: Allowing 2 CPUs, 0 hotplug CPUs
[    0.555027] kernel: kvm-guest: KVM setup pv remote TLB flush
[    0.555031] kernel: kvm-guest: setup PV sched yield
[    0.555038] kernel: PM: hibernation: Registered nosave memory: [mem 0x00000000-0x00000fff]
[    0.555040] kernel: PM: hibernation: Registered nosave memory: [mem 0x0009f000-0x0009ffff]
[    0.555041] kernel: PM: hibernation: Registered nosave memors 0x00ff00
[    0.863394] kernel: pci 0000:00:03.0: reg 0x10: [io  0xc000-0xc01f]
[    0.865386] kernel: pci 0000:00:03.0: reg 0x20: [mem 0xfe200000-0xfe203fff 64bit pref]
[    0.866947] kernel: pci 0000:00:04.0: [1af4:1000] type 00 class 0x020000
[    0.867425] kernel: pci 0000:00:04.0: reg 0x10: [io  0xc020-0xc03f]
[    0.868069] kernel: pci 0000:00:04.0: reg 0x14: [mem 0xfeb91000-0xfeb91fff]
[    0.871070] kernel: pci 0000:00:04.0: reg 0x20: [mem 0xfe204000-0xfe207fff 64bit pref]
[    0.872574] kernel: pci 0000:00:04.0: reg 0x30: [mem 0xfeb00000-0xfeb7ffff pref]
[    0.873667] kernel: pci 0000:00:10.0: [1af4:1110] type 00 class 0x050000
[    0.874428] kernel: pci 0000:00:10.0: reg 0x10: [mem 0xfeb92000-0xfeb920ff]
[    0.875834] kernel: pci 0000:00:10.0: reg 0x18: [mem 0xfe000000-0xfe0fffff 64bit pref]
[    0.878670] kernel: pci 0000:00:11.0: [1af4:1110] type 00 class 0x050000
[    0.879069] kernel: pci 0000:00:11.0: reg 0x10: [mem 0xfeb93000-0xfeb930ff]
[    0.880068] kernel: pci y: [mem 0x000a0000-0x000effff]
[    0.555042] kernel: PM: hibernation: Registered nosave memory: [mem 0x000f0000-0x000fffff]
[    0.555042] kernel: PM: hibernation: Registered nosave memory: [mem 0xbffe0000-0xbfffffff]
[    0.555043] kernel: PM: hibernation: Registered nosave memory: [mem 0xc0000000-0xfeffbfff]
[    0.555044] kernel: PM: hibernation: Registered nosave memory: [mem 0xfeffc000-0xfeffffff]
[    0.555045] kernel: PM: hibernation: Registered nosave memory: [mem 0xff000000-0xfffbffff]
[    0.555045] kernel: PM: hibernation: Registered nosave memory: [mem 0xfffc0000-0xffffffff]
[    0.555047] kernel: [mem 0xc0000000-0xfeffbfff] available for PCI devices
[    0.555048] kernel: Booting paravirtualized kernel on KVM
[    0.555050] kernel: clocksource: refined-jiffies: mask: 0xffffffff max_cycles: 0xffffffff, max_idle_ns: 1910969940391419 ns
[    0.558988] kernel: setup_percpu: NR_CPUS:64 nr_cpumask_bits:64 nr_cpu_ids:2 nr_node_ids:1
[    0.559801] kernel: percpu: Embedded 56 pa0000:00:11.0: reg 0x18: [mem 0xfe208000-0xfe2083ff 64bit pref]
[    0.882886] kernel: pci 0000:00:12.0: [1af4:1110] type 00 class 0x050000
[    0.883419] kernel: pci 0000:00:12.0: reg 0x10: [mem 0xfeb94000-0xfeb940ff]
[    0.884773] kernel: pci 0000:00:12.0: reg 0x18: [mem 0xfe100000-0xfe1fffff 64bit pref]
[    0.890095] kernel: ACPI: PCI: Interrupt link LNKA configured for IRQ 10
[    0.890478] kernel: ACPI: PCI: Interrupt link LNKB configured for IRQ 10
[    0.890820] kernel: ACPI: PCI: Interrupt link LNKC configured for IRQ 11
[    0.891260] kernel: ACPI: PCI: Interrupt link LNKD configured for IRQ 11
[    0.891388] kernel: ACPI: PCI: Interrupt link LNKS configured for IRQ 9
[    0.892695] kernel: iommu: Default domain type: Translated 
[    0.892698] kernel: iommu: DMA domain TLB invalidation policy: lazy mode 
[    0.893131] kernel: pci 0000:00:02.0: vgaarb: setting as boot VGA device
[    0.893131] kernel: pci 0000:00:02.0: vgaarb: VGA device added: decodes=io+mem,owns=io+mem,locks=none
[    0.893131] kernel: pci 0000:00:02.0: vgaarb: bridge control possible
[    0.893131] kernel: vgaarb: loaded
[    0.894125] kernel: SCSI subsystem initialized
[    0.894180] kernel: libata version 3.00 loaded.
[    0.894247] kernel: ACPI: bus type USB registered
[    0.894294] kernel: usbcore: registered new interface driver usbfs
[    0.894317] kernel: usbcore: registered new interface driver hub
[    0.894332] kernel: usbcore: registered new device driver usb
[    0.894378] kernel: pps_core: LinuxPPS API ver. 1 registered
[    0.894379] kernel: pps_core: Software ver. 5.3.6 - Copyright 2005-2007 Rodolfo Giometti <giometti@linux.it>
[    0.894389] kernel: PTP clock support registered
[    0.894454] kernel: Advanced Linux Sound Architecture Driver Initialized.
[    0.894455] kernel: NetLabel: Initializing
[    0.894455] kernel: NetLabel:  domain hash size = 128
[    0.894456] kernel: NetLabel:  protocols = UNLABELED CIPSOv4 CALIPSO
[    0.894491] kernel: NetLabel:  unlabeled traffic allowed by default
[    0.895086] kernel: PCI: Using ACPI for IRQ routing
[    0.895086] kernel: PCI: pci_cache_line_size set to 64 bytes
[    0.895196] kernel: e820: reserve RAM buffer [mem 0x0009fc00-0x0009ffff]
[    0.895202] kernel: e820: reserve RAM buffer [mem 0xbffe0000-0xbfffffff]
[    0.895263] kernel: hpet0: at MMIO 0xfed00000, IRQs 2, 8, 0
[    0.895267] kernel: hpet0: 3 comparators, 64-bit 100.000000 MHz counter
[    0.898137] kernel: clocksource: Switched to clocksource kvm-clock
[    1.007260] kernel: VFS: Disk quotas dquot_6.6.0
[    1.007291] kernel: VFS: Dquot-cache hash table entries: 512 (order 0, 4096 bytes)
[    1.007406] kernel: pnp: PnP ACPI init
[    1.007696] kernel: pnp 00:03: [dma 2]
[    1.008720] kernel: pnp: PnP ACPI: found 6 devices
[    1.021885] kernel: clocksource: acpi_pm: mask: 0xffffff max_cycles: 0xffffff, max_idle_ns: 2085701024 ns
[    1.021938] kernel: NET: Registered PF_INET protocol family
[    1.022699] kernel: IP idents hash tableges/cpu s191576 r8192 d29608 u1048576
[    0.559806] kernel: pcpu-alloc: s191576 r8192 d29608 u1048576 alloc=1*2097152
[    0.559809] kernel: pcpu-alloc: [0] 0 1 
[    0.559834] kernel: kvm-guest: setup async PF for cpu 0
[    0.559841] kernel: kvm-guest: stealtime: cpu 0, msr 26561f140
[    0.559845] kernel: Built 1 zonelists, mobility grouping on.  Total pages: 2580192
[    0.559846] kernel: Policy zone: Normal
[    0.559847] kernel: Kernel command line: root=/dev/sda console=ttyS0 net.ifnames=0 ip=192.168.0.35 quiet
[    0.566024] kernel: Dentry cache hash table entries: 2097152 (order: 12, 16777216 bytes, linear)
[    0.569026] kernel: Inode-cache hash table entries: 1048576 (order: 11, 8388608 bytes, linear)
[    0.569082] kernel: mem auto-init: stack:off, heap alloc:off, heap free:off
[    0.778027] kernel: Memory: 8872644K/10485240K available (14348K kernel code, 2403K rwdata, 3568K rodata, 1384K init, 1732K bss, 1612396K reserved, 0K cma-reserved)
[    0.778115] kernel: SLUB: HWalign=64, Order=0-3, MinObjects=0, CPUs=2, Nodes=1
[    0.778675] kernel: rcu: Hierarchical RCU implementation.
[    0.778676] kernel: rcu:         RCU event tracing is enabled.
[    0.778677] kernel: rcu:         RCU restricting CPUs from NR_CPUS=64 to nr_cpu_ids=2.
[    0.778679] kernel: rcu: RCU calculated value of scheduler-enlistment delay is 100 jiffies.
[    0.778680] kernel: rcu: Adjusting geometry for rcu_fanout_leaf=16, nr_cpu_ids=2
[    0.781463] kernel: NR_IRQS: 4352, nr_irqs: 440, preallocated irqs: 16
[    0.781668] kernel: random: get_random_bytes called from start_kernel+0x4b1/0x67a with crng_init=0
[    0.785674] kernel: Console: colour VGA+ 80x25
[    0.785715] kernel: printk: console [ttyS0] enabled
[    0.785732] kernel: ACPI: Core revision 20210730
[    0.785872] kernel: clocksource: hpet: mask: 0xffffffff max_cycles: 0xffffffff, max_idle_ns: 19112604467 ns
[    0.785975] kernel: APIC: Switch to symmetric I/O mode setup
[    0.785978] kernel: kvm-guest: setup PV entries: 262144 (order: 9, 2097152 bytes, linear)
[    1.024375] kernel: tcp_listen_portaddr_hash hash table entries: 8192 (order: 5, 131072 bytes, linear)
[    1.024922] kernel: TCP established hash table entries: 131072 (order: 8, 1048576 bytes, linear)
[    1.025082] kernel: TCP bind hash table entries: 65536 (order: 8, 1048576 bytes, linear)
[    1.025643] kernel: TCP: Hash tables configured (established 131072 bind 65536)
[    1.025705] kernel: UDP hash table entries: 8192 (order: 6, 262144 bytes, linear)
[    1.025745] kernel: UDP-Lite hash table entries: 8192 (order: 6, 262144 bytes, linear)
[    1.025853] kernel: NET: Registered PF_UNIX/PF_LOCAL protocol family
[    1.026144] kernel: pci_bus 0000:00: resource 4 [io  0x0000-0x0cf7 window]
[    1.026147] kernel: pci_bus 0000:00: resource 5 [io  0x0d00-0xffff window]
[    1.026148] kernel: pci_bus 0000:00: resource 6 [mem 0x000a0000-0x000bffff window]
[    1.026149] kernel: pci_bus 0000:00: resource 7 [mem 0xc0000000-0xfebfffff window]
[    1.026150] kernel: pci_bus 0000:00: resource 8 [mem 0x2c0000000-0x33fffffff window]
[    1.026251] kernel: pci 0000:00:01.0: PIIX3: Enabling Passive Release
[    1.026259] kernel: pci 0000:00:00.0: Limiting direct PCI/PCI transfers
[    1.026267] kernel: pci 0000:00:01.0: Activating ISA DMA hang workarounds
[    1.026299] kernel: pci 0000:00:02.0: Video device with shadowed ROM at [mem 0x000c0000-0x000dffff]
[    1.026337] kernel: PCI: CLS 0 bytes, default 64
[    1.037584] kernel: PCI-DMA: Using software bounce buffering for IO (SWIOTLB)
[    1.037586] kernel: software IO TLB: mapped [mem 0x00000000bbfe0000-0x00000000bffe0000] (64MB)
[    1.037787] kernel: RAPL PMU: API unit is 2^-32 Joules, 0 fixed counters, 10737418240 ms ovfl timer
[    1.037799] kernel: clocksource: tsc: mask: 0xffffffffffffffff max_cycles: 0x2563bf907c6, max_idle_ns: 440795319401 ns
[    1.037841] kernel: clocksource: Switched to clocksource tsc
[    1.039923] kernel: Initialise system trusted keyrin IPIs
[    0.786856] kernel: ..TIMER: vector=0x30 apic1=0 pin1=2 apic2=-1 pin2=-1
[    0.786877] kernel: clocksource: tsc-early: mask: 0xffffffffffffffff max_cycles: 0x2563bf907c6, max_idle_ns: 440795319401 ns
[    0.786883] kernel: Calibrating delay loop (skipped) preset value.. 5187.81 BogoMIPS (lpj=2593906)
[    0.786886] kernel: pid_max: default: 32768 minimum: 301
[    0.786919] kernel: LSM: Security Framework initializing
[    0.787885] kernel: SELinux:  Initializing.
[    0.787959] kernel: Mount-cache hash table entries: 32768 (order: 6, 262144 bytes, linear)
[    0.788438] kernel: Mountpoint-cache hash table entries: 32768 (order: 6, 262144 bytes, linear)
[    0.788837] kernel: x86/cpu: User Mode Instruction Prevention (UMIP) activated
[    0.788940] kernel: Last level iTLB entries: 4KB 0, 2MB 0, 4MB 0
[    0.788941] kernel: Last level dTLB entries: 4KB 0, 2MB 0, 4MB 0, 1GB 0
[    0.788951] kernel: Spectre V1 : Mitigation: usercopy/swapgs barriers and __user pointer sanitization
[    0.788955] kernel: Spectre V2 : Mitigation: Enhanced IBRS
[    0.788956] kernel: Spectre V2 : Spectre v2 / SpectreRSB mitigation: Filling RSB on context switch
[    0.788958] kernel: Spectre V2 : mitigation: Enabling conditional Indirect Branch Prediction Barrier
[    0.788959] kernel: Speculative Store Bypass: Mitigation: Speculative Store Bypass disabled via prctl and seccomp
[    0.788960] kernel: TAA: Mitigation: TSX disabled
[    0.794681] kernel: Freeing SMP alternatives memory: 40K
[    0.794827] kernel: smpboot: CPU0: Intel(R) Xeon(R) Gold 6348 CPU @ 2.60GHz (family: 0x6, model: 0x6a, stepping: 0x6)
[    0.794879] kernel: Performance Events: Icelake events, 32-deep LBR, full-width counters, Intel PMU driver.
[    0.794879] kernel: ... version:                2
[    0.794879] kernel: ... bit width:              48
[    0.794879] kernel: ... generic registers:      8
[    0.794879] kernel: ... value mask:             0000ffffffffffff
[    0.794879] kernel: ... max period:gs
[    1.040034] kernel: workingset: timestamp_bits=56 max_order=22 bucket_order=0
[    1.045162] kernel: fuse: init (API version 7.34)
[    1.045433] kernel: orangefs_debugfs_init: called with debug mask: :none: :0:
[    1.045500] kernel: orangefs_init: module version upstream loaded
[    1.065657] kernel: Key type asymmetric registered
[    1.065660] kernel: Asymmetric key parser 'x509' registered
[    1.065759] kernel: Block layer SCSI generic (bsg) driver version 0.4 loaded (major 250)
[    1.065761] kernel: io scheduler mq-deadline registered
[    1.065762] kernel: io scheduler kyber registered
[    1.066159] kernel: input: Power Button as /devices/LNXSYSTM:00/LNXPWRBN:00/input/input0
[    1.066242] kernel: ACPI: button: Power Button [PWRF]
[    1.378730] kernel: ACPI: \_SB_.LNKC: Enabled at IRQ 11
[    1.979334] kernel: ACPI: \_SB_.LNKD: Enabled at IRQ 10
[    1.980691] kernel: Serial: 8250/16550 driver, 4 ports, IRQ sharing enabled
[    1.980811] kernel: 00:05: ttyS0 at I/O 0x             00007fffffffffff
[    0.794879] kernel: ... fixed-purpose events:   3
[    0.794879] kernel: ... event mask:             00000007000000ff
[    0.794879] kernel: rcu: Hierarchical SRCU implementation.
[    0.794879] kernel: smp: Bringing up secondary CPUs ...
[    0.794879] kernel: x86: Booting SMP configuration:
[    0.794879] kernel: .... node  #0, CPUs:      #1
[    0.005242] kernel: kvm-clock: cpu 1, msr 5ca6e041, secondary cpu clock
[    0.005242] kernel: smpboot: CPU 1 Converting physical 0 to logical die 1
[    0.795899] kernel: kvm-guest: setup async PF for cpu 1
[    0.795908] kernel: kvm-guest: stealtime: cpu 1, msr 26571f140
[    0.795931] kernel: smp: Brought up 1 node, 2 CPUs
[    0.795933] kernel: smpboot: Max logical packages: 2
[    0.795934] kernel: smpboot: Total of 2 processors activated (10375.62 BogoMIPS)
[    0.796409] kernel: devtmpfs: initialized
[    0.796999] kernel: clocksource: jiffies: mask: 0xffffffff max_cycles: 0xffffffff, max_idle_ns: 191123f8 (irq = 4, base_baud = 115200) is a 16550A
[    1.981678] kernel: Non-volatile memory driver v1.3
[    1.981734] kernel: Linux agpgart interface v0.103
[    1.985496] kernel: loop: module loaded
[    1.985690] kernel: ata_piix 0000:00:01.1: version 2.13
[    1.998567] kernel: scsi host0: ata_piix
[    1.999825] kernel: scsi host1: ata_piix
[    2.000033] kernel: ata1: PATA max MWDMA2 cmd 0x1f0 ctl 0x3f6 bmdma 0xc040 irq 14
[    2.000036] kernel: ata2: PATA max MWDMA2 cmd 0x170 ctl 0x376 bmdma 0xc048 irq 15
[    2.001108] kernel: libphy: Fixed MDIO Bus: probed
[    2.008866] kernel: e100: Intel(R) PRO/100 Network Driver
[    2.008869] kernel: e100: Copyright(c) 1999-2006 Intel Corporation
[    2.008879] kernel: e1000: Intel(R) PRO/1000 Network Driver
[    2.008880] kernel: e1000: Copyright (c) 1999-2006 Intel Corporation.
[    2.008902] kernel: e1000e: Intel(R) PRO/1000 Network Driver
[    2.008903] kernel: e1000e: Copyright(c) 1999 - 2015 Intel Corporation.
[    2.008959] kernel: s60446275000 ns
[    0.797005] kernel: futex hash table entries: 512 (order: 3, 32768 bytes, linear)
[    0.797977] kernel: PM: RTC time: 05:21:17, date: 2023-03-11
[    0.798612] kernel: NET: Registered PF_NETLINK/PF_ROUTE protocol family
[    0.798798] kernel: audit: initializing netlink subsys (disabled)
[    0.799090] kernel: thermal_sys: Registered thermal governor 'step_wise'
[    0.799092] kernel: thermal_sys: Registered thermal governor 'user_space'
[    0.799120] kernel: audit: type=2000 audit(1678512077.305:1): state=initialized audit_enabled=0 res=1
[    0.799912] kernel: cpuidle: using governor menu
[    0.800058] kernel: ACPI: bus type PCI registered
[    0.800241] kernel: PCI: Using configuration type 1 for base access
[    0.806580] kernel: Kprobes globally optimized
[    0.807952] kernel: HugeTLB registered 2.00 MiB page size, pre-allocated 0 pages
[    0.807952] kernel: cryptomgr_test (26) used greatest stack depth: 31400 bytes left
[    0.808950] kernel: ACPI: Added _ky2: driver version 1.30
[    2.009270] kernel: ehci_hcd: USB 2.0 'Enhanced' Host Controller (EHCI) Driver
[    2.009272] kernel: ehci-pci: EHCI PCI platform driver
[    2.009295] kernel: ohci_hcd: USB 1.1 'Open' Host Controller (OHCI) Driver
[    2.009301] kernel: ohci-pci: OHCI PCI platform driver
[    2.009312] kernel: uhci_hcd: USB Universal Host Controller Interface driver
[    2.009426] kernel: usbcore: registered new interface driver usblp
[    2.009448] kernel: usbcore: registered new interface driver usb-storage
[    2.010049] kernel: i8042: PNP: PS/2 Controller [PNP0303:KBD,PNP0f13:MOU] at 0x60,0x64 irq 1,12
[    2.011299] kernel: serio: i8042 KBD port at 0x60,0x64 irq 1
[    2.011307] kernel: serio: i8042 AUX port at 0x60,0x64 irq 12
[    2.012602] kernel: input: AT Translated Set 2 keyboard as /devices/platform/i8042/serio0/input/input1
[    2.013445] kernel: rtc_cmos 00:00: RTC can wake from S4
[    2.015360] kernel: rtc_cmos 00:00: registered as rtc0
[    2.015743] kernel: rtc_cmos 00:00: alarms up to one day, y3k, 114 bytes nvram, hpet irqs
[    2.016538] kernel: device-mapper: ioctl: 4.45.0-ioctl (2021-03-22) initialised: dm-devel@redhat.com
[    2.016543] kernel: intel_pstate: CPU model not supported
[    2.016657] kernel: hid: raw HID events driver (C) Jiri Kosina
[    2.017456] kernel: usbcore: registered new interface driver usbhid
[    2.017458] kernel: usbhid: USB HID core driver
[    2.032668] kernel: netem: version 1.3
[    2.036710] kernel: Initializing XFRM netlink socket
[    2.037651] kernel: NET: Registered PF_INET6 protocol family
[    2.040668] kernel: Segment Routing with IPv6
[    2.040686] kernel: In-situ OAM (IOAM) with IPv6
[    2.040819] kernel: sit: IPv6, IPv4 and MPLS over IPv4 tunneling driver
[    2.041634] kernel: NET: Registered PF_PACKET protocol family
[    2.041682] kernel: 9pnet: Installing 9P2000 support
[    2.041717] kernel: Key type dns_resolver registered
[    2.041734] kernel: Key type ceph registered
[    2.045OSI(Module Device)
[    0.808950] kernel: ACPI: Added _OSI(Processor Device)
[    0.808950] kernel: ACPI: Added _OSI(3.0 _SCP Extensions)
[    0.808950] kernel: ACPI: Added _OSI(Processor Aggregator Device)
[    0.808950] kernel: ACPI: Added _OSI(Linux-Dell-Video)
[    0.808950] kernel: ACPI: Added _OSI(Linux-Lenovo-NV-HDMI-Audio)
[    0.808950] kernel: ACPI: Added _OSI(Linux-HPI-Hybrid-Graphics)
[    0.815245] kernel: ACPI: 1 ACPI AML tables successfully acquired and loaded
[    0.818153] kernel: ACPI: Interpreter enabled
[    0.818183] kernel: ACPI: PM: (supports S0 S3 S4 S5)
[    0.818185] kernel: ACPI: Using IOAPIC for interrupt routing
[    0.818214] kernel: PCI: Using host bridge windows from ACPI; if necessary, use "pci=nocrs" and report a bug
[    0.818550] kernel: ACPI: Enabled 2 GPEs in block 00 to 0F
[    0.829092] kernel: ACPI: PCI Root Bridge [PCI0] (domain 0000 [bus 00-ff])
