2023/03/09 14:04:05 fuzzer started
2023/03/09 14:04:05 dialing manager at localhost:42025
2023/03/09 14:04:05 syscalls: 130
2023/03/09 14:04:05 code coverage: enabled
2023/03/09 14:04:05 comparison tracing: enabled
2023/03/09 14:04:05 extra coverage: enabled
2023/03/09 14:04:05 setuid sandbox: enabled
2023/03/09 14:04:05 namespace sandbox: /proc/self/ns/user does not exist
2023/03/09 14:04:05 Android sandbox: /sys/fs/selinux/policy can't be opened (open /sys/fs/selinux/policy: invalid argument)
2023/03/09 14:04:05 fault injection: CONFIG_FAULT_INJECTION_DEBUG_FS or CONFIG_FAILSLAB are not enabled
2023/03/09 14:04:05 leak checking: CONFIG_DEBUG_KMEMLEAK is not enabled
2023/03/09 14:04:05 net packet injection: /dev/net/tun does not exist
2023/03/09 14:04:05 net device setup: enabled
2023/03/09 14:04:05 concurrency sanitizer: /sys/kernel/debug/kcsan does not exist
2023/03/09 14:04:05 devlink PCI setup: enabled
2023/03/09 14:04:05 USB emulation: /dev/raw-gadget does not exist
2023/03/09 14:04:05 hci packet injection: /dev/vhci does not exist
2023/03/09 14:04:05 wifi device emulation: /sys/class/mac80211_hwsim/ does not exist
2023/03/09 14:04:05 802.15.4 emulation: /sys/bus/platform/devices/mac802154_hwsim does not exist
2023/03/09 14:04:06 deserializeInput: hasCrash true hasNet false
2023/03/09 14:04:06 prog length: 6
2023/03/09 14:04:06 prog length: 3
2023/03/09 14:04:06 deserializeInput: hasCrash true hasNet false
2023/03/09 14:04:06 prog length: 6
2023/03/09 14:04:06 prog length: 3
2023/03/09 14:04:06 deserializeInput: hasCrash true hasNet false
2023/03/09 14:04:06 prog length: 6
2023/03/09 14:04:06 prog length: 6
2023/03/09 14:04:06 prog length: 5
2023/03/09 14:04:06 deserializeInput: hasCrash true hasNet false
2023/03/09 14:04:06 prog length: 6
2023/03/09 14:04:06 prog length: 6
2023/03/09 14:04:06 prog length: 15
2023/03/09 14:04:06 deserializeInput: hasCrash true hasNet false
2023/03/09 14:04:06 prog length: 6
2023/03/09 14:04:06 prog length: 6
2023/03/09 14:04:06 prog length: 5
2023/03/09 14:04:06 deserializeInput: hasCrash false hasNet false
2023/03/09 14:04:06 prog length: 2
2023/03/09 14:04:06 deserializeInput: hasCrash true hasNet false
2023/03/09 14:04:06 prog length: 6
2023/03/09 14:04:06 prog length: 4
2023/03/09 14:04:06 deserializeInput: hasCrash true hasNet false
2023/03/09 14:04:06 prog length: 6
2023/03/09 14:04:06 prog length: 6
2023/03/09 14:04:06 prog length: 5
2023/03/09 14:04:06 deserializeInput: hasCrash true hasNet false
2023/03/09 14:04:06 prog length: 6
2023/03/09 14:04:06 prog length: 3
2023/03/09 14:04:06 deserializeInput: hasCrash false hasNet false
2023/03/09 14:04:06 prog length: 1
2023/03/09 14:04:06 deserializeInput: hasCrash true hasNet false
2023/03/09 14:04:06 prog length: 6
2023/03/09 14:04:06 prog length: 6
2023/03/09 14:04:06 prog length: 5
2023/03/09 14:04:06 deserializeInput: hasCrash true hasNet false
2023/03/09 14:04:06 prog length: 6
2023/03/09 14:04:06 prog length: 6
2023/03/09 14:04:06 prog length: 5
2023/03/09 14:04:06 deserializeInput: hasCrash true hasNet false
2023/03/09 14:04:06 prog length: 6
2023/03/09 14:04:06 prog length: 3
2023/03/09 14:04:06 deserializeInput: hasCrash true hasNet false
2023/03/09 14:04:06 prog length: 6
2023/03/09 14:04:06 prog length: 3
2023/03/09 14:04:06 deserializeInput: hasCrash true hasNet false
2023/03/09 14:04:06 prog length: 6
2023/03/09 14:04:06 prog length: 3
2023/03/09 14:04:06 deserializeInput: hasCrash false hasNet false
2023/03/09 14:04:06 prog length: 1
2023/03/09 14:04:06 deserializeInput: hasCrash true hasNet false
2023/03/09 14:04:06 prog length: 6
2023/03/09 14:04:06 prog length: 3
2023/03/09 14:04:06 deserializeInput: hasCrash true hasNet false
2023/03/09 14:04:06 prog length: 6
2023/03/09 14:04:06 prog length: 3
2023/03/09 14:04:06 deserializeInput: hasCrash true hasNet false
2023/03/09 14:04:06 prog length: 6
2023/03/09 14:04:06 prog length: 6
2023/03/09 14:04:06 prog length: 5
2023/03/09 14:04:06 deserializeInput: hasCrash true hasNet false
2023/03/09 14:04:06 prog length: 6
2023/03/09 14:04:06 prog length: 3
2023/03/09 14:04:06 deserializeInput: hasCrash true hasNet false
2023/03/09 14:04:06 prog length: 6
2023/03/09 14:04:06 prog length: 3
2023/03/09 14:04:06 deserializeInput: hasCrash true hasNet false
2023/03/09 14:04:06 prog length: 6
2023/03/09 14:04:06 prog length: 3
2023/03/09 14:04:06 deserializeInput: hasCrash true hasNet false
2023/03/09 14:04:06 prog length: 6
2023/03/09 14:04:06 prog length: 3
2023/03/09 14:04:06 deserializeInput: hasCrash true hasNet false
2023/03/09 14:04:06 prog length: 6
2023/03/09 14:04:06 prog length: 3
2023/03/09 14:04:06 deserializeInput: hasCrash true hasNet false
2023/03/09 14:04:06 prog length: 6
2023/03/09 14:04:06 prog length: 6
2023/03/09 14:04:06 prog length: 5
2023/03/09 14:04:06 deserializeInput: hasCrash true hasNet false
2023/03/09 14:04:06 prog length: 6
2023/03/09 14:04:06 prog length: 6
2023/03/09 14:04:06 prog length: 5
2023/03/09 14:04:06 deserializeInput: hasCrash true hasNet false
2023/03/09 14:04:06 prog length: 6
2023/03/09 14:04:06 prog length: 6
2023/03/09 14:04:06 prog length: 5
2023/03/09 14:04:06 deserializeInput: hasCrash true hasNet false
2023/03/09 14:04:06 prog length: 6
2023/03/09 14:04:06 prog length: 8
2023/03/09 14:04:06 deserializeInput: hasCrash true hasNet false
2023/03/09 14:04:06 prog length: 6
2023/03/09 14:04:06 prog length: 6
2023/03/09 14:04:06 prog length: 5
2023/03/09 14:04:06 deserializeInput: hasCrash true hasNet false
2023/03/09 14:04:06 prog length: 6
2023/03/09 14:04:06 prog length: 6
2023/03/09 14:04:06 prog length: 5
2023/03/09 14:04:06 deserializeInput: hasCrash true hasNet false
2023/03/09 14:04:06 prog length: 6
2023/03/09 14:04:06 prog length: 6
2023/03/09 14:04:06 prog length: 8
2023/03/09 14:04:06 deserializeInput: hasCrash true hasNet false
2023/03/09 14:04:06 prog length: 6
2023/03/09 14:04:06 prog length: 3
2023/03/09 14:04:06 deserializeInput: hasCrash true hasNet false
2023/03/09 14:04:06 prog length: 6
2023/03/09 14:04:06 prog length: 4
2023/03/09 14:04:06 deserializeInput: hasCrash true hasNet false
2023/03/09 14:04:06 prog length: 6
2023/03/09 14:04:06 prog length: 3
2023/03/09 14:04:06 deserializeInput: hasCrash true hasNet false
2023/03/09 14:04:06 prog length: 6
2023/03/09 14:04:06 prog length: 6
2023/03/09 14:04:06 prog length: 5
2023/03/09 14:04:06 deserializeInput: hasCrash true hasNet false
2023/03/09 14:04:06 prog length: 6
2023/03/09 14:04:06 prog length: 6
2023/03/09 14:04:06 prog length: 5
2023/03/09 14:04:06 deserializeInput: hasCrash true hasNet false
2023/03/09 14:04:06 prog length: 6
2023/03/09 14:04:06 prog length: 6
2023/03/09 14:04:06 prog length: 6
2023/03/09 14:04:06 deserializeInput: hasCrash true hasNet false
2023/03/09 14:04:06 prog length: 6
2023/03/09 14:04:06 prog length: 6
2023/03/09 14:04:06 prog length: 6
2023/03/09 14:04:06 deserializeInput: hasCrash true hasNet false
2023/03/09 14:04:06 prog length: 6
2023/03/09 14:04:06 prog length: 3
2023/03/09 14:04:06 deserializeInput: hasCrash true hasNet false
2023/03/09 14:04:06 prog length: 6
2023/03/09 14:04:06 prog length: 4
2023/03/09 14:04:06 deserializeInput: hasCrash true hasNet false
2023/03/09 14:04:06 prog length: 6
2023/03/09 14:04:06 prog length: 6
2023/03/09 14:04:06 prog length: 5
2023/03/09 14:04:06 deserializeInput: hasCrash false hasNet false
2023/03/09 14:04:06 prog length: 1
2023/03/09 14:04:06 deserializeInput: hasCrash true hasNet false
2023/03/09 14:04:06 prog length: 6
2023/03/09 14:04:06 prog length: 3
2023/03/09 14:04:06 deserializeInput: hasCrash true hasNet false
2023/03/09 14:04:06 prog length: 6
2023/03/09 14:04:06 prog length: 3
2023/03/09 14:04:06 deserializeInput: hasCrash true hasNet false
2023/03/09 14:04:06 prog length: 6
2023/03/09 14:04:06 prog length: 6
2023/03/09 14:04:06 prog length: 5
2023/03/09 14:04:06 deserializeInput: hasCrash true hasNet false
2023/03/09 14:04:06 prog length: 6
2023/03/09 14:04:06 prog length: 6
2023/03/09 14:04:06 prog length: 6
2023/03/09 14:04:06 prog length: 7
2023/03/09 14:04:06 deserializeInput: hasCrash true hasNet false
2023/03/09 14:04:06 prog length: 6
2023/03/09 14:04:06 prog length: 5
2023/03/09 14:04:06 deserializeInput: hasCrash true hasNet false
2023/03/09 14:04:06 prog length: 6
2023/03/09 14:04:06 prog length: 6
2023/03/09 14:04:06 prog length: 5
2023/03/09 14:04:06 deserializeInput: hasCrash true hasNet false
2023/03/09 14:04:06 prog length: 6
2023/03/09 14:04:06 prog length: 3
2023/03/09 14:04:06 deserializeInput: hasCrash true hasNet false
2023/03/09 14:04:06 prog length: 6
2023/03/09 14:04:06 prog length: 4
2023/03/09 14:04:06 fetching corpus: 50, signal 4560/15939/21716 (executing program)
2023/03/09 14:04:06 deserializeInput: hasCrash true hasNet false
2023/03/09 14:04:06 prog length: 6
2023/03/09 14:04:06 prog length: 3
2023/03/09 14:04:06 deserializeInput: hasCrash true hasNet false
2023/03/09 14:04:06 prog length: 6
2023/03/09 14:04:06 prog length: 3
2023/03/09 14:04:06 deserializeInput: hasCrash true hasNet false
2023/03/09 14:04:06 prog length: 6
2023/03/09 14:04:06 prog length: 17
2023/03/09 14:04:06 deserializeInput: hasCrash true hasNet false
2023/03/09 14:04:06 prog length: 6
2023/03/09 14:04:06 prog length: 3
2023/03/09 14:04:06 deserializeInput: hasCrash true hasNet false
2023/03/09 14:04:06 prog length: 6
2023/03/09 14:04:06 prog length: 3
2023/03/09 14:04:06 deserializeInput: hasCrash true hasNet false
2023/03/09 14:04:06 prog length: 6
2023/03/09 14:04:06 prog length: 6
2023/03/09 14:04:06 prog length: 5
2023/03/09 14:04:06 deserializeInput: hasCrash true hasNet false
2023/03/09 14:04:06 prog length: 6
2023/03/09 14:04:06 prog length: 3
2023/03/09 14:04:06 deserializeInput: hasCrash true hasNet false
2023/03/09 14:04:06 prog length: 6
2023/03/09 14:04:06 prog length: 3
2023/03/09 14:04:06 deserializeInput: hasCrash true hasNet false
2023/03/09 14:04:06 prog length: 6
2023/03/09 14:04:06 prog length: 3
2023/03/09 14:04:06 deserializeInput: hasCrash true hasNet false
2023/03/09 14:04:06 prog length: 6
2023/03/09 14:04:06 prog length: 3
2023/03/09 14:04:06 deserializeInput: hasCrash true hasNet false
2023/03/09 14:04:06 prog length: 6
2023/03/09 14:04:06 prog length: 3
2023/03/09 14:04:06 deserializeInput: hasCrash true hasNet false
2023/03/09 14:04:06 prog length: 6
2023/03/09 14:04:06 prog length: 6
2023/03/09 14:04:06 prog length: 5
2023/03/09 14:04:06 deserializeInput: hasCrash true hasNet false
2023/03/09 14:04:06 prog length: 6
2023/03/09 14:04:06 prog length: 6
2023/03/09 14:04:06 prog length: 5
2023/03/09 14:04:06 deserializeInput: hasCrash true hasNet false
2023/03/09 14:04:06 prog length: 6
2023/03/09 14:04:06 prog length: 3
2023/03/09 14:04:06 deserializeInput: hasCrash true hasNet false
2023/03/09 14:04:06 prog length: 6
2023/03/09 14:04:06 prog length: 6
2023/03/09 14:04:06 prog length: 5
2023/03/09 14:04:06 deserializeInput: hasCrash true hasNet false
2023/03/09 14:04:06 prog length: 6
2023/03/09 14:04:06 prog length: 6
2023/03/09 14:04:06 prog length: 5
2023/03/09 14:04:06 deserializeInput: hasCrash true hasNet false
2023/03/09 14:04:06 prog length: 6
2023/03/09 14:04:06 prog length: 6
2023/03/09 14:04:06 prog length: 5
2023/03/09 14:04:06 deserializeInput: hasCrash true hasNet false
2023/03/09 14:04:06 prog length: 6
2023/03/09 14:04:06 prog length: 17
2023/03/09 14:04:06 deserializeInput: hasCrash true hasNet false
2023/03/09 14:04:06 prog length: 6
2023/03/09 14:04:06 prog length: 6
2023/03/09 14:04:06 prog length: 5
2023/03/09 14:04:06 deserializeInput: hasCrash true hasNet false
2023/03/09 14:04:06 prog length: 6
2023/03/09 14:04:06 prog length: 6
2023/03/09 14:04:06 prog length: 5
2023/03/09 14:04:06 deserializeInput: hasCrash true hasNet false
2023/03/09 14:04:06 prog length: 6
2023/03/09 14:04:06 prog length: 6
2023/03/09 14:04:06 prog length: 6
2023/03/09 14:04:06 deserializeInput: hasCrash true hasNet false
2023/03/09 14:04:06 prog length: 6
2023/03/09 14:04:06 prog length: 6
2023/03/09 14:04:06 prog length: 5
2023/03/09 14:04:06 deserializeInput: hasCrash true hasNet false
2023/03/09 14:04:06 prog length: 6
2023/03/09 14:04:06 prog length: 3
2023/03/09 14:04:06 deserializeInput: hasCrash true hasNet false
2023/03/09 14:04:06 prog length: 6
2023/03/09 14:04:06 prog length: 3
2023/03/09 14:04:06 deserializeInput: hasCrash true hasNet false
2023/03/09 14:04:06 prog length: 6
2023/03/09 14:04:06 prog length: 3
2023/03/09 14:04:06 deserializeInput: hasCrash true hasNet false
2023/03/09 14:04:06 prog length: 6
2023/03/09 14:04:06 prog length: 3
2023/03/09 14:04:06 deserializeInput: hasCrash true hasNet false
2023/03/09 14:04:06 prog length: 6
2023/03/09 14:04:06 prog length: 3
2023/03/09 14:04:06 deserializeInput: hasCrash true hasNet false
2023/03/09 14:04:06 prog length: 6
2023/03/09 14:04:06 prog length: 17
2023/03/09 14:04:06 deserializeInput: hasCrash true hasNet false
2023/03/09 14:04:06 prog length: 6
2023/03/09 14:04:06 prog length: 6
2023/03/09 14:04:06 prog length: 10
2023/03/09 14:04:06 deserializeInput: hasCrash true hasNet false
2023/03/09 14:04:06 prog length: 6
2023/03/09 14:04:06 prog length: 17
2023/03/09 14:04:06 deserializeInput: hasCrash true hasNet false
2023/03/09 14:04:06 prog length: 6
2023/03/09 14:04:06 prog length: 6
2023/03/09 14:04:06 prog length: 5
2023/03/09 14:04:06 deserializeInput: hasCrash true hasNet false
2023/03/09 14:04:06 prog length: 6
2023/03/09 14:04:06 prog length: 6
2023/03/09 14:04:06 prog length: 5
2023/03/09 14:04:06 deserializeInput: hasCrash true hasNet false
2023/03/09 14:04:06 prog length: 6
2023/03/09 14:04:06 prog length: 3
2023/03/09 14:04:06 deserializeInput: hasCrash true hasNet false
2023/03/09 14:04:06 prog length: 6
2023/03/09 14:04:06 prog length: 3
2023/03/09 14:04:06 deserializeInput: hasCrash true hasNet false
2023/03/09 14:04:06 prog length: 6
2023/03/09 14:04:06 prog length: 6
2023/03/09 14:04:06 prog length: 5
2023/03/09 14:04:06 deserializeInput: hasCrash true hasNet false
2023/03/09 14:04:06 prog length: 6
2023/03/09 14:04:06 prog length: 3
2023/03/09 14:04:06 deserializeInput: hasCrash true hasNet false
2023/03/09 14:04:06 prog length: 6
2023/03/09 14:04:06 prog length: 3
2023/03/09 14:04:06 deserializeInput: hasCrash true hasNet false
2023/03/09 14:04:06 prog length: 6
2023/03/09 14:04:06 prog length: 3
2023/03/09 14:04:06 deserializeInput: hasCrash true hasNet false
2023/03/09 14:04:06 prog length: 6
2023/03/09 14:04:06 prog length: 6
2023/03/09 14:04:06 prog length: 5
2023/03/09 14:04:06 deserializeInput: hasCrash true hasNet false
2023/03/09 14:04:06 prog length: 6
2023/03/09 14:04:06 prog length: 3
2023/03/09 14:04:06 deserializeInput: hasCrash true hasNet false
2023/03/09 14:04:06 prog length: 6
2023/03/09 14:04:06 prog length: 6
2023/03/09 14:04:06 prog length: 5
2023/03/09 14:04:06 deserializeInput: hasCrash true hasNet false
2023/03/09 14:04:06 prog length: 6
2023/03/09 14:04:06 prog length: 3
2023/03/09 14:04:06 deserializeInput: hasCrash true hasNet false
2023/03/09 14:04:06 prog length: 6
2023/03/09 14:04:06 prog length: 3
2023/03/09 14:04:06 deserializeInput: hasCrash true hasNet false
2023/03/09 14:04:06 prog length: 6
2023/03/09 14:04:06 prog length: 3
2023/03/09 14:04:06 deserializeInput: hasCrash true hasNet false
2023/03/09 14:04:06 prog length: 6
2023/03/09 14:04:06 prog length: 6
2023/03/09 14:04:06 prog length: 5
2023/03/09 14:04:06 deserializeInput: hasCrash true hasNet false
2023/03/09 14:04:06 prog length: 6
2023/03/09 14:04:06 prog length: 6
2023/03/09 14:04:06 prog length: 7
2023/03/09 14:04:06 deserializeInput: hasCrash true hasNet false
2023/03/09 14:04:06 prog length: 6
2023/03/09 14:04:06 prog length: 3
2023/03/09 14:04:06 deserializeInput: hasCrash true hasNet false
2023/03/09 14:04:06 prog length: 6
2023/03/09 14:04:06 prog length: 6
2023/03/09 14:04:06 prog length: 5
2023/03/09 14:04:06 deserializeInput: hasCrash true hasNet false
2023/03/09 14:04:06 prog length: 6
2023/03/09 14:04:06 prog length: 3
2023/03/09 14:04:06 deserializeInput: hasCrash true hasNet false
2023/03/09 14:04:06 prog length: 6
2023/03/09 14:04:06 prog length: 3
2023/03/09 14:04:06 fetching corpus: 100, signal 4587/16770/23784 (executing program)
2023/03/09 14:04:06 deserializeInput: hasCrash true hasNet false
2023/03/09 14:04:06 prog length: 6
2023/03/09 14:04:06 prog length: 6
2023/03/09 14:04:06 deserializeInput: hasCrash true hasNet false
2023/03/09 14:04:06 prog length: 6
2023/03/09 14:04:06 prog length: 3
2023/03/09 14:04:06 deserializeInput: hasCrash true hasNet false
2023/03/09 14:04:06 prog length: 6
2023/03/09 14:04:06 prog length: 6
2023/03/09 14:04:06 prog length: 5
2023/03/09 14:04:06 deserializeInput: hasCrash true hasNet false
2023/03/09 14:04:06 prog length: 6
2023/03/09 14:04:06 prog length: 6
2023/03/09 14:04:06 prog length: 6
2023/03/09 14:04:06 prog length: 7
2023/03/09 14:04:06 deserializeInput: hasCrash true hasNet false
2023/03/09 14:04:06 prog length: 6
2023/03/09 14:04:06 prog length: 3
2023/03/09 14:04:06 deserializeInput: hasCrash true hasNet false
2023/03/09 14:04:06 prog length: 6
2023/03/09 14:04:06 prog length: 3
2023/03/09 14:04:06 deserializeInput: hasCrash true hasNet false
2023/03/09 14:04:06 prog length: 6
2023/03/09 14:04:06 prog length: 3
2023/03/09 14:04:06 deserializeInput: hasCrash true hasNet false
2023/03/09 14:04:06 prog length: 6
2023/03/09 14:04:06 prog length: 6
2023/03/09 14:04:06 prog length: 5
2023/03/09 14:04:06 deserializeInput: hasCrash true hasNet false
2023/03/09 14:04:06 prog length: 6
2023/03/09 14:04:06 prog length: 3
2023/03/09 14:04:06 deserializeInput: hasCrash true hasNet false
2023/03/09 14:04:06 prog length: 6
2023/03/09 14:04:06 prog length: 4
2023/03/09 14:04:06 deserializeInput: hasCrash true hasNet false
2023/03/09 14:04:06 prog length: 6
2023/03/09 14:04:06 prog length: 5
2023/03/09 14:04:06 deserializeInput: hasCrash true hasNet false
2023/03/09 14:04:06 prog length: 6
2023/03/09 14:04:06 prog length: 3
2023/03/09 14:04:06 deserializeInput: hasCrash true hasNet false
2023/03/09 14:04:06 prog length: 6
2023/03/09 14:04:06 prog length: 3
2023/03/09 14:04:06 deserializeInput: hasCrash true hasNet false
2023/03/09 14:04:06 prog length: 6
2023/03/09 14:04:06 prog length: 3
2023/03/09 14:04:06 deserializeInput: hasCrash true hasNet false
2023/03/09 14:04:06 prog length: 6
2023/03/09 14:04:06 prog length: 17
2023/03/09 14:04:06 deserializeInput: hasCrash true hasNet false
2023/03/09 14:04:06 prog length: 6
2023/03/09 14:04:06 prog length: 17
2023/03/09 14:04:06 deserializeInput: hasCrash true hasNet false
2023/03/09 14:04:06 prog length: 6
2023/03/09 14:04:06 prog length: 3
2023/03/09 14:04:06 deserializeInput: hasCrash true hasNet false
2023/03/09 14:04:06 prog length: 6
2023/03/09 14:04:06 prog length: 6
2023/03/09 14:04:06 prog length: 5
2023/03/09 14:04:06 deserializeInput: hasCrash true hasNet false
2023/03/09 14:04:06 prog length: 6
2023/03/09 14:04:06 prog length: 3
2023/03/09 14:04:06 deserializeInput: hasCrash true hasNet false
2023/03/09 14:04:06 prog length: 6
2023/03/09 14:04:06 prog length: 6
2023/03/09 14:04:06 prog length: 5
2023/03/09 14:04:06 deserializeInput: hasCrash true hasNet false
2023/03/09 14:04:06 prog length: 6
2023/03/09 14:04:06 prog length: 3
2023/03/09 14:04:06 deserializeInput: hasCrash true hasNet false
2023/03/09 14:04:06 prog length: 6
2023/03/09 14:04:06 prog length: 3
2023/03/09 14:04:06 deserializeInput: hasCrash false hasNet false
2023/03/09 14:04:06 prog length: 3
2023/03/09 14:04:06 deserializeInput: hasCrash true hasNet false
2023/03/09 14:04:06 prog length: 6
2023/03/09 14:04:06 prog length: 6
2023/03/09 14:04:06 prog length: 5
2023/03/09 14:04:06 deserializeInput: hasCrash true hasNet false
2023/03/09 14:04:06 prog length: 6
2023/03/09 14:04:06 prog length: 6
2023/03/09 14:04:06 prog length: 5
2023/03/09 14:04:06 deserializeInput: hasCrash false hasNet false
2023/03/09 14:04:06 prog length: 1
2023/03/09 14:04:06 deserializeInput: hasCrash true hasNet false
2023/03/09 14:04:06 prog length: 6
2023/03/09 14:04:06 prog length: 6
2023/03/09 14:04:06 prog length: 5
2023/03/09 14:04:06 deserializeInput: hasCrash true hasNet false
2023/03/09 14:04:06 prog length: 6
2023/03/09 14:04:06 prog length: 6
2023/03/09 14:04:06 prog length: 5
2023/03/09 14:04:06 deserializeInput: hasCrash true hasNet false
2023/03/09 14:04:06 prog length: 6
2023/03/09 14:04:06 prog length: 3
2023/03/09 14:04:06 deserializeInput: hasCrash true hasNet false
2023/03/09 14:04:06 prog length: 6
2023/03/09 14:04:06 prog length: 6
2023/03/09 14:04:06 prog length: 5
2023/03/09 14:04:06 deserializeInput: hasCrash true hasNet false
2023/03/09 14:04:06 prog length: 6
2023/03/09 14:04:06 prog length: 6
2023/03/09 14:04:06 prog length: 5
2023/03/09 14:04:06 deserializeInput: hasCrash true hasNet false
2023/03/09 14:04:06 prog length: 6
2023/03/09 14:04:06 prog length: 6
2023/03/09 14:04:06 prog length: 5
2023/03/09 14:04:06 deserializeInput: hasCrash true hasNet false
2023/03/09 14:04:06 prog length: 6
2023/03/09 14:04:06 prog length: 6
2023/03/09 14:04:06 prog length: 5
2023/03/09 14:04:06 deserializeInput: hasCrash true hasNet false
2023/03/09 14:04:06 prog length: 6
2023/03/09 14:04:06 prog length: 3
2023/03/09 14:04:06 deserializeInput: hasCrash true hasNet false
2023/03/09 14:04:06 prog length: 6
2023/03/09 14:04:06 prog length: 6
2023/03/09 14:04:06 prog length: 8
2023/03/09 14:04:06 deserializeInput: hasCrash true hasNet false
2023/03/09 14:04:06 prog length: 6
2023/03/09 14:04:06 prog length: 6
2023/03/09 14:04:06 prog length: 6
2023/03/09 14:04:06 prog length: 7
2023/03/09 14:04:06 deserializeInput: hasCrash true hasNet false
2023/03/09 14:04:06 prog length: 6
2023/03/09 14:04:06 prog length: 6
2023/03/09 14:04:06 prog length: 5
2023/03/09 14:04:06 deserializeInput: hasCrash true hasNet false
2023/03/09 14:04:06 prog length: 6
2023/03/09 14:04:06 prog length: 6
2023/03/09 14:04:06 prog length: 5
2023/03/09 14:04:06 deserializeInput: hasCrash true hasNet false
2023/03/09 14:04:06 prog length: 6
2023/03/09 14:04:06 prog length: 6
2023/03/09 14:04:06 prog length: 5
2023/03/09 14:04:06 deserializeInput: hasCrash true hasNet false
2023/03/09 14:04:06 prog length: 6
2023/03/09 14:04:06 prog length: 6
2023/03/09 14:04:06 prog length: 5
2023/03/09 14:04:06 deserializeInput: hasCrash true hasNet false
2023/03/09 14:04:06 prog length: 6
2023/03/09 14:04:06 prog length: 3
2023/03/09 14:04:06 deserializeInput: hasCrash true hasNet false
2023/03/09 14:04:06 prog length: 6
2023/03/09 14:04:06 prog length: 6
2023/03/09 14:04:06 prog length: 5
2023/03/09 14:04:06 deserializeInput: hasCrash true hasNet false
2023/03/09 14:04:06 prog length: 6
2023/03/09 14:04:06 prog length: 3
2023/03/09 14:04:06 deserializeInput: hasCrash true hasNet false
2023/03/09 14:04:06 prog length: 6
2023/03/09 14:04:06 prog length: 3
2023/03/09 14:04:06 deserializeInput: hasCrash true hasNet false
2023/03/09 14:04:06 prog length: 6
2023/03/09 14:04:06 prog length: 3
2023/03/09 14:04:06 deserializeInput: hasCrash true hasNet false
2023/03/09 14:04:06 prog length: 6
2023/03/09 14:04:06 prog length: 3
2023/03/09 14:04:06 deserializeInput: hasCrash true hasNet false
2023/03/09 14:04:06 prog length: 6
2023/03/09 14:04:06 prog length: 4
2023/03/09 14:04:06 deserializeInput: hasCrash true hasNet false
2023/03/09 14:04:06 prog length: 6
2023/03/09 14:04:06 prog length: 3
2023/03/09 14:04:06 deserializeInput: hasCrash true hasNet false
2023/03/09 14:04:06 prog length: 6
2023/03/09 14:04:06 prog length: 3
2023/03/09 14:04:06 deserializeInput: hasCrash true hasNet false
2023/03/09 14:04:06 prog length: 6
2023/03/09 14:04:06 prog length: 6
2023/03/09 14:04:06 prog length: 5
2023/03/09 14:04:06 fetching corpus: 150, signal 4671/18343/26504 (executing program)
2023/03/09 14:04:07 deserializeInput: hasCrash true hasNet false
2023/03/09 14:04:07 prog length: 6
2023/03/09 14:04:07 prog length: 3
2023/03/09 14:04:07 deserializeInput: hasCrash true hasNet false
2023/03/09 14:04:07 prog length: 6
2023/03/09 14:04:07 prog length: 3
2023/03/09 14:04:07 deserializeInput: hasCrash true hasNet false
2023/03/09 14:04:07 prog length: 6
2023/03/09 14:04:07 prog length: 3
2023/03/09 14:04:07 deserializeInput: hasCrash true hasNet false
2023/03/09 14:04:07 prog length: 6
2023/03/09 14:04:07 prog length: 6
2023/03/09 14:04:07 prog length: 5
2023/03/09 14:04:07 deserializeInput: hasCrash true hasNet false
2023/03/09 14:04:07 prog length: 6
2023/03/09 14:04:07 prog length: 8
2023/03/09 14:04:07 deserializeInput: hasCrash true hasNet false
2023/03/09 14:04:07 prog length: 6
2023/03/09 14:04:07 prog length: 3
2023/03/09 14:04:07 deserializeInput: hasCrash true hasNet false
2023/03/09 14:04:07 prog length: 6
2023/03/09 14:04:07 prog length: 3
2023/03/09 14:04:07 deserializeInput: hasCrash true hasNet false
2023/03/09 14:04:07 prog length: 6
2023/03/09 14:04:07 prog length: 6
2023/03/09 14:04:07 prog length: 5
2023/03/09 14:04:07 deserializeInput: hasCrash false hasNet false
2023/03/09 14:04:07 prog length: 15
2023/03/09 14:04:07 deserializeInput: hasCrash true hasNet false
2023/03/09 14:04:07 prog length: 6
2023/03/09 14:04:07 prog length: 6
2023/03/09 14:04:07 prog length: 5
2023/03/09 14:04:07 deserializeInput: hasCrash true hasNet false
2023/03/09 14:04:07 prog length: 6
2023/03/09 14:04:07 prog length: 6
2023/03/09 14:04:07 prog length: 6
2023/03/09 14:04:07 prog length: 7
2023/03/09 14:04:07 deserializeInput: hasCrash true hasNet false
2023/03/09 14:04:07 prog length: 6
2023/03/09 14:04:07 prog length: 6
2023/03/09 14:04:07 prog length: 6
2023/03/09 14:04:07 deserializeInput: hasCrash true hasNet false
2023/03/09 14:04:07 prog length: 6
2023/03/09 14:04:07 prog length: 6
2023/03/09 14:04:07 prog length: 5
2023/03/09 14:04:07 deserializeInput: hasCrash true hasNet false
2023/03/09 14:04:07 prog length: 6
2023/03/09 14:04:07 prog length: 6
2023/03/09 14:04:07 prog length: 6
2023/03/09 14:04:07 prog length: 7
2023/03/09 14:04:07 deserializeInput: hasCrash true hasNet false
2023/03/09 14:04:07 prog length: 6
2023/03/09 14:04:07 prog length: 3
2023/03/09 14:04:07 deserializeInput: hasCrash true hasNet false
2023/03/09 14:04:07 prog length: 6
2023/03/09 14:04:07 prog length: 3
2023/03/09 14:04:07 deserializeInput: hasCrash true hasNet false
2023/03/09 14:04:07 prog length: 6
2023/03/09 14:04:07 prog length: 3
2023/03/09 14:04:07 deserializeInput: hasCrash true hasNet false
2023/03/09 14:04:07 prog length: 6
2023/03/09 14:04:07 prog length: 3
2023/03/09 14:04:07 deserializeInput: hasCrash true hasNet false
2023/03/09 14:04:07 prog length: 6
2023/03/09 14:04:07 prog length: 4
2023/03/09 14:04:07 deserializeInput: hasCrash true hasNet false
2023/03/09 14:04:07 prog length: 6
2023/03/09 14:04:07 prog length: 3
2023/03/09 14:04:07 deserializeInput: hasCrash true hasNet false
2023/03/09 14:04:07 prog length: 6
2023/03/09 14:04:07 prog length: 6
2023/03/09 14:04:07 prog length: 6
2023/03/09 14:04:07 prog length: 7
2023/03/09 14:04:07 deserializeInput: hasCrash true hasNet false
2023/03/09 14:04:07 prog length: 6
2023/03/09 14:04:07 prog length: 3
2023/03/09 14:04:07 deserializeInput: hasCrash true hasNet false
2023/03/09 14:04:07 prog length: 6
2023/03/09 14:04:07 prog length: 3
2023/03/09 14:04:07 deserializeInput: hasCrash true hasNet false
2023/03/09 14:04:07 prog length: 6
2023/03/09 14:04:07 prog length: 3
2023/03/09 14:04:07 deserializeInput: hasCrash true hasNet false
2023/03/09 14:04:07 prog length: 6
2023/03/09 14:04:07 prog length: 4
2023/03/09 14:04:07 deserializeInput: hasCrash true hasNet false
2023/03/09 14:04:07 prog length: 6
2023/03/09 14:04:07 prog length: 3
2023/03/09 14:04:07 deserializeInput: hasCrash true hasNet false
2023/03/09 14:04:07 prog length: 6
2023/03/09 14:04:07 prog length: 6
2023/03/09 14:04:07 prog length: 5
2023/03/09 14:04:07 deserializeInput: hasCrash true hasNet false
2023/03/09 14:04:07 prog length: 6
2023/03/09 14:04:07 prog length: 6
2023/03/09 14:04:07 prog length: 6
2023/03/09 14:04:07 prog length: 7
2023/03/09 14:04:07 deserializeInput: hasCrash true hasNet false
2023/03/09 14:04:07 prog length: 6
2023/03/09 14:04:07 prog length: 6
2023/03/09 14:04:07 prog length: 6
2023/03/09 14:04:07 deserializeInput: hasCrash true hasNet false
2023/03/09 14:04:07 prog length: 6
2023/03/09 14:04:07 prog length: 3
2023/03/09 14:04:07 deserializeInput: hasCrash true hasNet false
2023/03/09 14:04:07 prog length: 6
2023/03/09 14:04:07 prog length: 3
2023/03/09 14:04:07 deserializeInput: hasCrash true hasNet false
2023/03/09 14:04:07 prog length: 6
2023/03/09 14:04:07 prog length: 5
2023/03/09 14:04:07 deserializeInput: hasCrash false hasNet false
2023/03/09 14:04:07 prog length: 1
2023/03/09 14:04:07 deserializeInput: hasCrash true hasNet false
2023/03/09 14:04:07 prog length: 6
2023/03/09 14:04:07 prog length: 6
2023/03/09 14:04:07 prog length: 5
2023/03/09 14:04:07 deserializeInput: hasCrash true hasNet false
2023/03/09 14:04:07 prog length: 6
2023/03/09 14:04:07 prog length: 6
2023/03/09 14:04:07 prog length: 5
2023/03/09 14:04:07 deserializeInput: hasCrash true hasNet false
2023/03/09 14:04:07 prog length: 6
2023/03/09 14:04:07 prog length: 3
2023/03/09 14:04:07 deserializeInput: hasCrash true hasNet false
2023/03/09 14:04:07 prog length: 6
2023/03/09 14:04:07 prog length: 6
2023/03/09 14:04:07 prog length: 5
2023/03/09 14:04:07 deserializeInput: hasCrash false hasNet false
2023/03/09 14:04:07 prog length: 3
2023/03/09 14:04:07 deserializeInput: hasCrash true hasNet false
2023/03/09 14:04:07 prog length: 6
2023/03/09 14:04:07 prog length: 3
2023/03/09 14:04:07 deserializeInput: hasCrash true hasNet false
2023/03/09 14:04:07 prog length: 6
2023/03/09 14:04:07 prog length: 3
2023/03/09 14:04:07 deserializeInput: hasCrash true hasNet false
2023/03/09 14:04:07 prog length: 6
2023/03/09 14:04:07 prog length: 3
2023/03/09 14:04:07 deserializeInput: hasCrash true hasNet false
2023/03/09 14:04:07 prog length: 6
2023/03/09 14:04:07 prog length: 3
2023/03/09 14:04:07 deserializeInput: hasCrash true hasNet false
2023/03/09 14:04:07 prog length: 6
2023/03/09 14:04:07 prog length: 6
2023/03/09 14:04:07 prog length: 6
2023/03/09 14:04:07 prog length: 7
2023/03/09 14:04:07 deserializeInput: hasCrash true hasNet false
2023/03/09 14:04:07 prog length: 6
2023/03/09 14:04:07 prog length: 6
2023/03/09 14:04:07 prog length: 5
2023/03/09 14:04:07 deserializeInput: hasCrash true hasNet false
2023/03/09 14:04:07 prog length: 6
2023/03/09 14:04:07 prog length: 6
2023/03/09 14:04:07 prog length: 6
2023/03/09 14:04:07 prog length: 7
2023/03/09 14:04:07 deserializeInput: hasCrash true hasNet false
2023/03/09 14:04:07 prog length: 6
2023/03/09 14:04:07 prog length: 3
2023/03/09 14:04:07 deserializeInput: hasCrash true hasNet false
2023/03/09 14:04:07 prog length: 6
2023/03/09 14:04:07 prog length: 3
2023/03/09 14:04:07 deserializeInput: hasCrash true hasNet false
2023/03/09 14:04:07 prog length: 6
2023/03/09 14:04:07 prog length: 4
2023/03/09 14:04:07 deserializeInput: hasCrash true hasNet false
2023/03/09 14:04:07 prog length: 6
2023/03/09 14:04:07 prog length: 3
2023/03/09 14:04:07 deserializeInput: hasCrash true hasNet false
2023/03/09 14:04:07 prog length: 6
2023/03/09 14:04:07 prog length: 6
2023/03/09 14:04:07 prog length: 5
2023/03/09 14:04:07 fetching corpus: 200, signal 4690/19236/28445 (executing program)
2023/03/09 14:04:07 deserializeInput: hasCrash true hasNet false
2023/03/09 14:04:07 prog length: 6
2023/03/09 14:04:07 prog length: 3
2023/03/09 14:04:07 deserializeInput: hasCrash true hasNet false
2023/03/09 14:04:07 prog length: 6
2023/03/09 14:04:07 prog length: 3
2023/03/09 14:04:07 deserializeInput: hasCrash true hasNet false
2023/03/09 14:04:07 prog length: 6
2023/03/09 14:04:07 prog length: 6
2023/03/09 14:04:07 prog length: 5
2023/03/09 14:04:07 deserializeInput: hasCrash true hasNet false
2023/03/09 14:04:07 prog length: 6
2023/03/09 14:04:07 prog length: 3
2023/03/09 14:04:07 deserializeInput: hasCrash true hasNet false
2023/03/09 14:04:07 prog length: 6
2023/03/09 14:04:07 prog length: 4
2023/03/09 14:04:07 deserializeInput: hasCrash true hasNet false
2023/03/09 14:04:07 prog length: 6
2023/03/09 14:04:07 prog length: 6
2023/03/09 14:04:07 prog length: 5
2023/03/09 14:04:07 deserializeInput: hasCrash true hasNet false
2023/03/09 14:04:07 prog length: 6
2023/03/09 14:04:07 prog length: 6
2023/03/09 14:04:07 prog length: 6
2023/03/09 14:04:07 prog length: 7
2023/03/09 14:04:07 deserializeInput: hasCrash true hasNet false
2023/03/09 14:04:07 prog length: 6
2023/03/09 14:04:07 prog length: 6
2023/03/09 14:04:07 prog length: 5
2023/03/09 14:04:07 deserializeInput: hasCrash true hasNet false
2023/03/09 14:04:07 prog length: 6
2023/03/09 14:04:07 prog length: 3
2023/03/09 14:04:07 deserializeInput: hasCrash true hasNet false
2023/03/09 14:04:07 prog length: 6
2023/03/09 14:04:07 prog length: 3
2023/03/09 14:04:07 deserializeInput: hasCrash true hasNet false
2023/03/09 14:04:07 prog length: 6
2023/03/09 14:04:07 prog length: 6
2023/03/09 14:04:07 prog length: 6
2023/03/09 14:04:07 deserializeInput: hasCrash true hasNet false
2023/03/09 14:04:07 prog length: 6
2023/03/09 14:04:07 prog length: 3
2023/03/09 14:04:07 deserializeInput: hasCrash true hasNet false
2023/03/09 14:04:07 prog length: 6
2023/03/09 14:04:07 prog length: 3
2023/03/09 14:04:07 deserializeInput: hasCrash true hasNet false
2023/03/09 14:04:07 prog length: 6
2023/03/09 14:04:07 prog length: 4
2023/03/09 14:04:07 deserializeInput: hasCrash true hasNet false
2023/03/09 14:04:07 prog length: 6
2023/03/09 14:04:07 prog length: 6
2023/03/09 14:04:07 prog length: 5
2023/03/09 14:04:07 deserializeInput: hasCrash false hasNet false
2023/03/09 14:04:07 prog length: 1
2023/03/09 14:04:07 deserializeInput: hasCrash true hasNet false
2023/03/09 14:04:07 prog length: 6
2023/03/09 14:04:07 prog length: 6
2023/03/09 14:04:07 prog length: 6
2023/03/09 14:04:07 deserializeInput: hasCrash true hasNet false
2023/03/09 14:04:07 prog length: 6
2023/03/09 14:04:07 prog length: 6
2023/03/09 14:04:07 prog length: 5
2023/03/09 14:04:07 deserializeInput: hasCrash true hasNet false
2023/03/09 14:04:07 prog length: 6
2023/03/09 14:04:07 prog length: 3
2023/03/09 14:04:07 deserializeInput: hasCrash true hasNet false
2023/03/09 14:04:07 prog length: 6
2023/03/09 14:04:07 prog length: 3
2023/03/09 14:04:07 deserializeInput: hasCrash true hasNet false
2023/03/09 14:04:07 prog length: 6
2023/03/09 14:04:07 prog length: 3
2023/03/09 14:04:07 fetching corpus: 221, signal 4690/19469/29718 (executing program)
2023/03/09 14:04:07 fetching corpus: 221, signal 4690/19469/30832 (executing program)
2023/03/09 14:04:07 fetching corpus: 221, signal 4690/19469/31930 (executing program)
2023/03/09 14:04:07 fetching corpus: 221, signal 4690/19469/33065 (executing program)
2023/03/09 14:04:07 fetching corpus: 221, signal 4690/19469/34134 (executing program)
2023/03/09 14:04:07 fetching corpus: 221, signal 4690/19469/35252 (executing program)
2023/03/09 14:04:07 fetching corpus: 221, signal 4690/19469/36393 (executing program)
2023/03/09 14:04:07 fetching corpus: 221, signal 4690/19469/37481 (executing program)
2023/03/09 14:04:07 fetching corpus: 221, signal 4690/19469/38587 (executing program)
2023/03/09 14:04:07 fetching corpus: 221, signal 4690/19469/39701 (executing program)
2023/03/09 14:04:07 fetching corpus: 221, signal 4690/19469/40779 (executing program)
2023/03/09 14:04:07 fetching corpus: 221, signal 4690/19469/41020 (executing program)
2023/03/09 14:04:07 fetching corpus: 221, signal 4690/19469/41020 (executing program)
2023/03/09 14:04:07 starting 1 fuzzer processes
2023/03/09 14:04:07 ----- generateCall 2750 pwritev pwritev
2023/03/09 14:04:07 ----- generateCall 2724 preadv preadv
2023/03/09 14:04:07 ----- generateCall 220 flock flock
2023/03/09 14:04:07 ----- generateCall 211 fcntl$setown fcntl$setown
2023/03/09 14:04:07 ----- generateCall 211 fcntl$setown fcntl$setown
2023/03/09 14:04:07 ----- generateCall 198 fcntl$F_GET_FILE_RW_HINT fcntl$F_GET_FILE_RW_HINT
2023/03/09 14:04:07 ----- generateCall 2462 openat openat
2023/03/09 14:04:07 ----- generateCall 2749 pwrite64 pwrite64
2023/03/09 14:04:07 ----- generateCall 3985 write write
2023/03/09 14:04:07 ----- generateCall 2462 openat openat
2023/03/09 14:04:07 ----- generateCall 131 close close
2023/03/09 14:04:07 ----- generateCall 250 fsync fsync
2023/03/09 14:04:07 ----- generateCall 242 fsetxattr$trusted_overlay_redirect fsetxattr$trusted_overlay_redirect
2023/03/09 14:04:07 ----- generateCall 205 fcntl$getown fcntl$getown
2023/03/09 14:04:07 map[./file0:true ./file0/file0:true]
2023/03/09 14:04:07 HasCrashFail: false, .HasNetFail: false
2023/03/09 14:04:07 prog length: 20
2023/03/09 14:04:07 HasCrashFail:false HasNetFail:false
14:04:07 ---executing program 0:
---
---
---
pwritev(0xffffffffffffffff, &(0x7f0000002300)=[{&(0x7f0000000000)="611e498df3c5273089cc7260398c939cb51636ccd7baddb5940013842efde4dd25760e1780c15a3a53c013e74018e1b57b795b574b63846e0aca90133a05244147f2f5850816595c9d46837490bce2dd801fdeeb9ca6357325b2ffb7eb5c62e9f3dfeb9db1c82dbec441027ab18f581b8f64c289abc22701692ad1e6692c39e7db2909ee12896ac3214331051adf7e9c8725221927bb410a54670c01b7cb1ee38b47375b61d57a266eb9743239d35efd64aca67bbc6a87991b9b4edddc1f360f6ee4cc8a468ef654c5e429b33ae9b7416d5d6bb2409ee5beb63ac801e3b88ff08c06d04bd44b7c0e59f8d73331ad3ad12108ed76686a31879dc5cca80c7842953f5832d7cbd27cd283e0f5c7e90e79bb3492a05e8a5836c98ec4d9cb929d18c4b04b85b8ea61b3be7e833202d9f7f36123b811c55918dbd462c9556120b0f9a6029ef72e4288a518c38eb5f30f8d4026bfbb0c4a67f1d6df5d52b23ec5e4ac10fe1801fa0b93e1b1cd91b292e961623957e1f9410c392416a226e94c9fd9634f011a417e86f2043d8534d0ac63961c9dff46760e9641fc7171a0adf7114e6415888306027cd61b7e9b8df31725136894a47d04df831c6a3fbfa2ef0af4c45e7dec57873904cc932e44ff82071c6b81e4e7a4fcfc047348198a8d954a500d2017aca8dfd3b73c36738465b09fa0a5ccffe7c08a747ff5fc8a79453e74ad1bd9ce1e9d6f347ed9da14bacae30755d4c2b087d0c5fbffc49bde806c1c05baf9ed7f62b8c1c75a954cc8629f6cf88b5c0a86529c823dd99ce4cde96ae65398cc4d26aa71eed949ad30e656e1b054c0334383fa44bb53d03f782088328f65ffd1c7a2450848ff0f8e215fabcfb2ecca5880612735e4d9b4e94976b1e116e090ce3f87af66f97a03677378d7b50e2965808edfc85d728ce20b600e0816480ab287d8648ff4cb7e24ef9d99b7f5143eb3f42be434676fa2a9b14a40319a44de7388fd5c74901ab5a8b0db2f80c11da09a4de0eee2afe133fc2bcefc5815e6ec3355525c0df0920e866e366a5cbc93b02acfa9a83dcec1068ff8478bdb9066676bbf8858471f1beb49f91c6a44ee7777470b183e7bc4192c9e0672f6b009a8bf278be33094545b0c89f61960c3aa2056ef713b5bddcd6a0166405302022ba050b01b4c968d22e7568956ab3ec5c19d1800d39d6f2e98e857437a34cdac2389bccd02c882db2c1b86254c11fc007df97873798cfb35e567d2584657b023859b448ae21d30acadeece3a68a7c7f9e4e3f0d7832f623fc02b5392de3bd6412c172fda5e27907ec08cb4148824249dbd0a5798f3ae981f9b3f326ffacffaeb6a33d9225f042afc36617b368a6218d2e32d2e40d5c1553e6dd226efcdc77d566a0dbc7afe9ce209232d67250168543029c2498350f352a384ff284f82e0a80a09b3a5fe8ee4322c43d13dddaa76e218cea78c7bd4542dd54bfe9e08b438db0d34f96b3ca689059602fe1df83234b7f63311c42aa870cad490515f80d20fa3ee59f571641089e703bca1223d9cb3d767b3ca41f67d1b34561796664c85e0248303354b33daa1bc0d9dcc67311e8eef978f2bde918fb25053a1281b4bc12b92681d83b47261f8efb3f6acc267a40fba4f907e26a094696fcc2eeac76b1e359032e0377bbc25aadad42e9a7400c3c592b7f281d8621ee122d439135df48da8ac562c2309295f95f3a0689b4ec1915a7bca9e57fd32a3c12c5fe11016647f0014f9e9c4befc7f5d70bb37e7d58d63459e336494733d08dd653f7baf0f738610716a783374d15bb582476f032318ed1c989d1e4867992a7219999be57aef27eba77d5cac1b147830c8bef000a74fe4e4b99d2bd594b81c946bb47736fb48c72f8dccdc1f45197d057ebb679fd7ceb73c6b6082091f400db9c6b6c4c2301a85288f68ce1a35007fd562537202e06068f02413fa7a7c564b181d8126ca6b6da3143ff8404f526a74c047a5aeaeb2116422ee3c88747226adbcd5bc1ef71202bba611e5efe12e41ed2af692b485741d165cfa51cff8384f5a94d872bc86ddee349071b541af4edb2ba1bc4ff0c039aa0689a92a50a49783b55acad8083af39518427e0065e2e1e050d36ed94daf4a7e0c47f9f8dcda9b422ce29d31e78a7ab4c93987cb4b936fd164995b25cc30c49897aaad2f74d0cb6780f3d51e86a2731ee8e70702d1f86ac79e546f50fb171b05513fbd8baa8bedf0d6cd6f369017f07417623a23abe74f9255ff9d8ee1df5bfcb11b5fb68f26a3960dcfa802bb90ef59ae604675132807ad253fe5098702a0db9167405d105b960a55acabad52110b949944fe590c66b722e051ae1f7f44c39da25b0b7209047afbda3f95d7f60d2e852108104731f9d883af94c0915e4035afb6930ec5af30d7ac5d21810d281bd1f9fe3be0fe861b2c12f016a2763e24b7fb7d232800e12040dd8d7bf45d770b0bfad598f1c6ae0416f87ba40ec185caa298a4d3910e7e8c83764ac0a09dc4151a69b39d79da2f5896c1ec06b7cbcb5c8a3d795bf1794d23f68db3866e9539292551404401d9527ef92afd74943dbad463047963b1a55acf2b0e88cab45060117c9b056538a74f68876d4d4789a61e65a553b9b6959fb71e255770ba3f193ef152e10c2385d8ea03f8ff4b90171705dfa9dc7546fe65be7bc1311f3ed981ef02f1c7c639e49d0a2b700e3b1e6b9baef961ef7952e2292ea01fd3b74c0526567a8d8acc2f27e7914f1ef70058fbfc77cddce5c18c689351503ae63c754a84548e5bbad745fcdde0e5315681bf74f410097b3aea224eda790372782b0d97c840aa925b10bc1c684f338ab49dd520a20c2a1c701cc4d57a3b212ac3b551612db998cd5e3fb6b881f0adce70a140525522383231c6aeef49d267a7f156c5787452a94bbfcdea1132289bfe212e6fd55e5572d32bdbe96e517ee902af85c84d9d78ae6a7c47f76417883caf7ce1f6a40100aa9088e2ff5e1581ebaab34fea78713198196e8c4082e13327f089f0ccdf0b4a038ae98bb952faa9b56b78f220af9dba78fe91c47d49cf5e294260868f8ed4980a07430784c58f28f71b46dcaa54fbb29e6d7851b3768d117d3374d354dbe705b1773ea52ce6b60e34e52bc7a95bb68d66278a4508027bbb59fd5f25217ed287f46aed2217a20c3976f086032c6cc6051c9e147fe87c5b41302552c9d92d170d034734b61b2e266cc92f65f433ad17b03aaf3e782d0c067414a4d95875e3bf6dee4783f14e7b68b2c7592b92234e7b70f432306ca6ad7564fe799708f83cb79809a5c8e2f5ebf25268798c9d22cd4d69616ca8c4cdb01c5695e27e549489d2681b460e4fd806e2a30bb2fa3c829368171a1443265bd98d6d18ac97b907b644cdbcd693ca7db9cf0429b4a3105e6219347055ca2d8d93a479a2e068ed875e69721d7d77f47623a39e8a37cb2b3ae0efe614a60da9402b14f8b065698d6651736157f2262fe7522eac36d4a42e126e19d9579283612b05d0ba063330bbdec1619536439dd1436ec0f77d8b1d9efea36dd578bc312607b5ad37a9842ba56ec81bbf660b17676112aafb6004dd9ece0083929a8e1464de03c0758ac12fbeef2f24e58c2071cbe0c15d57affae04fa2fa384ec9a91fc8ed2b5b4ee41edbea06175f85ec2f1c53ba812679d677a4a59fc07c612a65b585fe5d3b26dd1d1761bec4d97786d1896d9947ec3d805998cfb5c1426b357986c5085af690717c543b8fd7b6a0494cdaf215a4acf41409025c327b08ee187ba47edbb0e26a034be213e6bdb88b089c30b49cde118e7b5166303a25d617dc99c46f588dacdf4e0619c1cf3ce099769d880d0755ad00a363b45306d7830c7ac67e66b1c885559dc0c5700e1eb91d63411e3db425ae85257e26516a7b7bda93c8071b1a13ccea39de11ad2cd33b78dcbcc4b5ec96dda553f061d5fa6a7bba2ddf5dcaddef24272fd4d7327ab6053509d933404a9511f55ab589d91aa6bd8b0c17657acd5c7db6550e1f02cd75822db9b6cc376bfa64d23e6a210857cd1c7b2301ae05cf15c2579f28407ed3b7ce80a85f1bd1b424ca055543114a0fd5751427c44ab6799fbc00e15ab10db3752f31b3b96ad441700cbdea9c0e77890b48aad27ab8809f8b08ab6eac11fa98e9131193e15d9a69ce034ae490e905e1332719f8b160fd65b934a670f9a5faba0d8df15eebe99d753b30b79248439b553753fbadb9c3e3e794c2c5ac3a1dbb0a4ba53fe20e90fc2080cdaf0940d124d2285329722e6fabd0589f50668e6caeafd4ee99570bbd7d3fbeb1572104094c8d1bb9501eea6504e1018f8d0abd7dc7276dcbd3ac530e451d0b9c5bfcd303eaa0938f5dc88d3a5f461a5017298a71689a7b3cf3ceaae9a9e88e53fa4172ac1ea53b4afae9eaddd3ec18310e56691090d0738d82873a6810187911235b7cc70e7f5749680fbdc3fad4749954c68502017a33ba0234988f2a77d6f76bfac2a95408ebc4f8dbd28158ff9cbff0dcc587158ee89035daefce7202c504de221351b1bb154a3e7749675cf8a4f4e168fbf2a7cabbabaeeb811ef94551f6b5ff08c95bbcfc78c36ae4b0f1f76bcca234e783d3730bd89d4788acd8889389d7ceaf974f371239bdba878c6cad02ebd1fbec54b7e28ab35bc5a3e20b8ae2e71aa2ccbfa6d486ecca321c7a160beb9e005d3ac6d8886db52feda7f86d5a8e0132f1bf10849faa7946992abac00da360391cc143120859b1f29ee7caef84f4a0769650dcdbe41555cfbcd6c603bcb5788dd95320d9f1e0b427b7ae9fc96acabe85feb73f0afa4b2dba62e40546ff3ca140f733ae41c4848c524143fe0d8fe66af30a505e1da737bfc7199a135d87f48d4c791ac477c98a187dafa70aec52646efd5bfdcddee2ab64b43688f59d88c41da307629125698996f39d921a1b80c2a94a247a46017d3fcfd373353897990151d80fb1167cd0eb2e2b7cd5b8f1620429b63f435e0ddebcb6aa17ff094b63903ff783e0a930394a24cc9f1821f53ab04dd061e4f135eb09a4ac0c25a047c4bf88571347c779b361774ab61cb9ef513ca33149a0d61c10dc6863e9b08adf011c53ad6d0f7b1bcf44e95c542a27db41db536a7aede6163a5b8323200e939b472345060402ff8bb0d2aeaddb795405c26e0c9a92e29fadf5aa30d2121db281caf958c8427c7f6677c61fd90e702a23519c989d13fb1d4fd554e254e07ca24428e0fd937e7bb8f898e42b8d720343fbecdbefcfbe263969b2148502678c7bf6058472c5676b8e9d51702debef9f980d179ae8781fcf71107cb2f1a6b1618cef901a1770cf277bc0353741046c0360b06e906d4b9bb9051f6794e309fefe2eb88e21f5067bc658edf66ff1919ae5720b11676f610ad592654684899b150674199a2f91b5cc548bbcf197b7902e2a1fe698bb758860dda283762c25e22f660db15b1dded718cc744a28e87ab0eb958812738bf4225d045fb22e0801a4e3e096d4dd2cac4e57cea5c8a1eeb748c703191d7d2f3ee7d3c3a8d3119c9ce1c9558f5ff0606e6ad459bb281babda1d790a8a0c0fcc2c498753001e11f00db804c83137c6b2d5b45f570e26a98746813caa6b2639c85694e45a579c0eeeb4e764380600b16569c822df002a49663b3cb00756e6c0c309707da67689e97f2a90d0f4e5984ab8dae0abce113695090533e9af6f1cd5fa0e21c02d4423f8f4ff5b9e7f60e8a4fbdce6665f30cfaa7f1293b008ea801dfd1e500348a53b985a2428198f83fbd02e0b77c39cfafbefdd", 0x1000}, {&(0x7f0000001000)="3022f5dc447ab62f125508fbc16b2ac566c2b9e8e99385397759736ea458a2b8e85870b685d31e1a77da5206df92", 0x2e}, {&(0x7f0000001040)="e1eca3b3827703063598fd52d5a1bd05d6d1842bfd0e32480491d2469bc36e684adedd0686522e9a3d5c3589e653fe8345e19c9391b70bab75cb05830fc3ce04ea8c29637a9958036ed062fb4d62e22ba37213191d4fa1466e49812cab678fcf45b34a7ecf5a96e3e6076ebd9b8f61b83dc96ebefffbabc28cf6d57a394d59628821df188b4cecfd0ded5009583901fa173734e256eedbc91de68a775ee5af8bf398fcd38e8c9d7826dd072382725ee27a4dc394ca9b0d9fc8e2e32f8179202bfff0048fc386bc92e6f7abc64613c7b29c9b95b8a72b4635ad77ade1832989bb20b210f3b549deabd28b403dc5d72d2616304a55", 0xf4}, {&(0x7f0000001140)="3f96c00752ad56a0e6a0e791ab8b4ee47364d1c2f8702d782100f35413148d4c956c7b1d86eeeba7311f710116e0c962bd04f52889d6c9ee8e4ee399528ee72fd11eb4895a6c16b90b35a0fe7b6aaa847ff59db37f33fa5956175e171e86d79eb7b59cd864a030437900819fbf67741e470e10383875726ba8ecc3e28966a31e3fb6f7a30b9f65e4f0182e29dd28d45466eba7a1af98b358e46f98ed0c62139fed1b1fde5dc15c013232deea0a96b646eaf0c66ed1f89a901bb22c61526772e7f51435cbbb0be6aa65e32cb22c5ded7b0dca12491f6c32817611bfb30e00402c321bd076d6561608ac4be754709853f9586b4380b3146cd8f8d8f6ad1e15757722ceca7f409964568e0fbb2b273c9b8e6e0e41401ae55e5f8b66bee4b0fb8f978aaefc2be6208abcfb1dd0215f8bd82a47915b5995ae1d1cc927fbb57bcc10dbb8c600b694b49c30b04736cd2dd7c85f88448d58e1fc24fe127beb26d29985215fd1fb7c4611e3ef3a43bb119a9589ddd450b2efae055d35194a85ad9cce99bd23d8e056d3fce4dab687cac969db953e5c9ceb818a5e9de829d2b4c1bb94337fc932f02bb07366b8427099fc68a6bb160ebd7e1a2bbfa488a5a445f8075a38fcb53472f219398869d6cefcab30adfe55cdfd83f2664a6c9fe82f51eab22808af07049f8d836cc6940a98f1d83f5aed3d3a206bd9ce0f57101fe380c9aa5f741d173ff6bbdf99c4f7cb90d5ca3cabb3ee9effd6ee02b2f846d1dcd250f6c3493b5751f270c294068a5e7b6b4da836b8227d815ac372f9e73d5996b288c98bd10dd8be3f3cdcbe37d83c7c37ef6ac5aabbae44073e7c6be2c346e1918b025c1607f6494cdf06379c0a9ffa0d96b1217df8863094f4ec738905ef2d97ce2527e11f4a4f6d39de99ad8f548a4b9b8e653157c219016a2d9ceb722899201d57510a665c102545eda018a91ecad12f2c6519b27467e5705fabccbdcfa088b8823f4473ccab96e2ba5c021d892743055f7b787f0bc66cab688ba4315699b08511d4cc3e0cc5a08e92cb2f5db816582f12867c6f9bafa54f2537c4aa04a286fe3b53fada5959ffc99b2b118943fece8a6060a55e0dddadc7b47a29dfa9f8f12831af92a803d3cb92f9e95d5e29fd8effade33e57056a9b11ddf4157c9c1e2f7a4de862eb3d4ef731198801948840ea22211c842a791b3ff25149962fb0332a5504e03ccd8a79c347d7e0c271d2020cb9c79eea8416378966c5649627715ddebd9241b908a7825c7b1477308522bf4ff759fe5228b0a5a803e7fbb677b65040c7689e40ea1ec2d0951fc9cc9bba5e674ef520b092aae9680642119e2a2509f0a3c9b287788470e32c82429a07008bb2224d0c1d18c37f9b44e817911c680ed4dfd3f9399c58eb1c3fa74c655ab820621a61a61228daf7462bec2fb4592f6dd814c3450546a18bda56c38cef071b9e9feea4f66a0997d7742a883fb4b72e88f6d5e4985d5b927fd0c6003ce3ffada6a422d530055fa587c632dd6688458d7be84128b592455ba5f71e7ea48920158ef76fd53b269d0ba927c64171992178080a958195399b696fd61e8b154062c086fd6601b8cfdbcd6167c6facf27934da552027c11d942d609a84bfacbeef5a3dcaa87f34a6336890246ce75fcb4891cd44818822b0c2ae7efe285c11ed4f2f3ed3fab8c135aef2e25014c00028c137d4bea6aaa0b27a6dbf7c96e3edf1c3e24329fa2c547ab0da81864d09f0b488a359759d84a2f2b676831b879de95a6e6a7b4aa62450550fbb559564adc92be8ef4d93eb96b6b0d6e38ff3d34cc05d8d223009d057addf87aad87fc39019049bfa8a356212de96936b42dba2e868b5d3ddf718e56515d186821ff2a3851a56d3a985e2cb6f6a26e1125461558fe0cc3415ce5aafac7a4252ef401f41d56424e8ec29c8c32c2cf1580f70a72c2f252fbdc2046936af627f4467916378a99b4f4ea5bb2ae2f159360d3af98f361af572d5091dca5ffe6ba68dfac711a854010488a13d257f8705635a18481335f5676903dca06f76a340655854526e233ce584e85251d43448cc9e1e568f26dd82dc2735f168a04b108958f3edd655d8fd3d5078d9b03ef32e37e4f539004937948cf916a4a848eb3d69c58dc0d1134a075940c5d36e77b130186ef6ebe85ee7613a92e78ec5b2733da1bfeb858a1067f466b2ffddc13a466b801557cea91b37e7c9c974a4a5ac5a42d4b022db54f72a24618a8c64cb451624f8af970543e3fd185b700255bfa788d5c08ca49086c710288b265f2ae35fa6e40cdebc6bacf57b8a945496a2d628b30292cd9ad586b35fb02a60a2965161b7703538287c549dc38c67cb3a291ffd4845f1bf3065a75cad0c7389dbacc791dcdb579ffc484a3909829c9305e180a422c3497f3414aac4774d1f0980846d49c79ff6ea2bef51c456d480fbb0e0b238444fc5ca4ae46d0b867a75456c104688d81c2e2d7664785b1585bc1caaa6a468be27c47b5d855d6d20875fc59ad3f939d10dfe3c63fcbef96f6be4987004b759207275c751d94bfd2ef78a0bdabc4d7c5d13e01c1daaf2210445e62a954307bb569ad630efe944f62528ac426cce1a43210d359b26a5f6ec95038edfe4f7af6169767a086afc9aa881b644345f4fe99b4e4f96a77034945a13e07608588f34b3b744b3847994db6085848f205f10d8483b81a93638dda129abc8760e4e99bf46c6dd51bbba486f0822edd34b74c01beb5cb26ce2c194c70cec8dd8a79f9a07674e572daa7f4c579c1e6db7857f3faa53c04fc4917ea4bbd6f39c7ccccb94ed93f92a0f4b51cd52ca6de223df917c0b95299d85c2f53473a3167bfd5a4e79da968733b2bc184d8620af168a44cdd7dc13ffb38b2e83a598936297f053924b437fdd21735680c66ad23654f0dcead1d8eba1fd10841de0f0197ffb1ec00d336c988ce67ce409f3f0db1e31a65f044581fad99e7fcb69f0328c8aa221b2f7051705809ac2b35bf7c940e3ee4444a3536f60a181d560f4535b8219cc593bc315026cc8efff722d0a54fc5e7a9375e619c97b2f375a1b5322a003585f5df3c504cd328b1031cc118dd4db5e0d52f26309eed56bcf8cf8c0fe3c5c108e5dd5a1246794c12d4f1183585be72567b437d282f9ae5b5b25da161c31c316a2c25e3855585d66631d5f66f5681b971e0d2f632cf6a5143e5237b7a66b1646d5bd6e08b16953eb2b5cc638ac9110bf8a05c907061bb761dec3aef462868fb34bb990265e8bfee73922cf333e6a1fd0719180d7ff950b0fc40baf45e28ac1b6b740a1cd9d0a1d3b67b75b688aec8693f5308ad043bc34a4bb13e348824f1660ca5e4105a8be3022ae19cd40c75d6313da67cc96e04ee8137ec736b01af138bcd886c4495abc9fd31749374a30408a7993d823f810916f70b90c1d1d2f2b594244a528c8edd52005f56849f49828c53bf491bac1ef57ee3fc0ab6872086a79dedcdd47ea027b484be5c7e7e56ba6be1264b2ad259acfb5d457d4bf4617b26fc7ab700cc70746a0f31eefaf6ee17cc75795d3217f009d93ef0f99563d182f03e40d1c4bc91263cd7265ea0c8016ae9e042a11322e14acc606481e1e5affa98dae883195630e7d6a0e9f8932fb5bfe94fd7ad138cfd0a25c4eabda9173ff055dbc5d4e6d15c5938e350f0f5d7c98bcf8b3da96e21dd93223bac13abc9fdc2e0302815f8f04baea336857773c30ceb2fe3ceb0f2c28e1ccbdf3bdcc9d62e95abffb043e0a07da501c0996d5580d1afd278dada5619622465e9cf39b67184a59c0759853d55754b92e45ed9d16011dfa399ae8a3a97e5ae8bece85b0d23a2724a3676db788cfe8f4d889028407503b595e682321809b59631cda1156bc3b40edb08a6ba085c227f788a5d3d9f1b99b1410da5b116626807265d85d2a32d21ef4c516a59998263c4318a420cbaae411e37d1136ff7f55a7e7df9cff5ebb0abc72cf1c520fb25695a96df345599176a6e6def552b004186cbcc8b534699f4f2d2f0537cfc9098e183e08bf6c0b3196dc0a9c7bc97ca19a1c6aa7bc8746c703d7bf03de61489f93872d1d4f0787635930fced8d085a569520625c122c067b9eb75e7639f68b357aa4d0a3e7168d0fdbdd093b319c9516099ce55fd015461b4a97ecb3eece5f630e903f81c6444f03e204c0edc5b613342903895dd969d0e59840345b03e939a9522c9b1b6cd8430199978a388ddf3a5e790ec118575049342241740626eef77adb47f94624134890fc8bcb6744528f98a653876831a1e0f710d4f466558f83da53fbb0785b40972edafae430c9a8606b878e2a82d95f994db34e9bc259ee7ee981c0f023b564e74416a17a8533deff254d164b8dc5c804afb92916be7a756f771b5f0dafd794d3d880cbf486ab0ae1481a1bac2d1848b24859c5effea9880535b3fde9ed0da693c6edb265b32def9366a4305d33556d25e26302beab65ceadcd65028a70eb9b6f01d78d4c4be11b2f4b062cf12f5fb1b7f0fed13ab5887009badb9d2b1a6eef72b2a3f780908e75b07d3c30c3fa52f0f0eed01007c37f154527ff0346e1b5509611b45b3e71461305529b1eea8ec92975b5faf457854cbbd93238c91adaaf2ca8465f1f78f1b3cc508d9d21a68639cf8a60eb464c40ffa837e6fd5f71dd55deb7e2151b1e8f5ef928f2354cba7efe1c22d155ff9e4b9e813130448c56b3855d56f9890c9cf3f57b7f0a32f4edca451c212284f451f4f0d454b14d34aef1619fc9ce4add39f1198beb96078dc4e5fd01c7a5f775910b3c44a317745d34504de3f3965a4d42f12599075aedabdd76ec6c51ae73508172052da1fa0c5dae5088befe9c9949d1b40e25d2b62a11db4fa5552aae2ef682840bba14ad634435a08b6af34edd097da68f051193c74634e7a1a5a6768a52fb6ef1d7154404695e1301ea645a1fdcfd94dbd97bda48616f591dcbcc24c902c17867c14880076bc2c19546394193042f8921d1d1e2df1e28faefe547f2de3bc357c0033f5f1ddcb36cda88c36c65ac34120712ec60ea76bd5b3736b450325976127888a27b2ec0581757412dcc78e0382c2ac8dfaa3f1594be03de91794afd12c3e2ece65a523c3b01ed9dad1dae505ba657807d0b04d4ace0934296eaa33f438f709d663f81b8062026942092a0dba66ab39ca03a95aee00dafe721a6e4e60f9cef9482992bdddf92dbd3a0785fede5b5410452ff1057eb64289d6eb7c5a0084c296d9cee1527b1a2d4893dab7a238d3d8efcf22ec91f614df93da35d04bcf8173e844ad591b133428e457c9428f016294e953db98451acb37027ccd75cde7863537996d0dcc2d24ae47ccd93a2155ea283871c5ebcf89b22834d473822cdc9a8092b9cbd7ffa3897ea62a7ebea6ecc51cd70807b9fd1c7066ddb77a38c6d7fa3374c3adb64316872abcd4868ab70cacc357deb3d9a094f1140cd0728b0c06574e8040b087359e033eabc14f098b3fed680336a837c08b274d167fe9863faa15b5e8f676a5a86a202cf5b34abf5b1be9288999f9b8c4c37043c596576923f2744ebf4dcf4b6ec52656af6d0aab381ea05185eaec58e099824af0cf6357ca1e2e699a5b5a033bf494d03e25ba984ffa111c80503a46bea1dbea4ac3f25210b2eb9723204767bfd6fbf21ecd3fd9a57ae2db035ef28816f382faeeff3eff4ba621b46f09f3a1732b225726eb456212e927689262fc0f2b80277a01f2afc9a34995a6c98347f92e2a9168d869c1441a07448bd2abf53f3b4d1ea3d90d9224ed", 0x1000}, {&(0x7f0000002140)="8d2c484d4fdf4d8e0d225977079f24b8ca316834cd38a763e77e2117b6ce9228d8e0de2a95cdad4677a1e9a2cd0498756b9e6da26ac54d02922aef32c6c0bced9bf9288603f658d0d94d45434980ca87e4ae051e117d1d93973bb66f57bd4372b3b14ce5bd4538e556a15ee66ca6b421dcbaf1c0a4baa56440c701ba7d645ccf20ea900f1c91b85b25c1a9495c8583a6706a0ca74d0afdc9faaccfed8c88f11af3e44956c720a3442d54edff0c765e256226c9a256c0b0f965383b8e3a9e48db242df1af650f213f34f5843ddda6fb31fa9ffaf820296dac2d1167a06296abbe4260", 0xe2}, {&(0x7f0000002240)="45ae6f0ddba9510176228476ec6fd8f0430925420d3a0c149c7a2dcf800411536f7603fba25021254ff1c63669c58e681a164f0ada98265e8dd55b51383f3461f2e7ef30c0b9426ca1f7ca9a9ecbaeb347f6e21aea23167e68852b2e36756d46f343f32c11e8961f8cdc93f5a2b326a2735d358753850c1b44b33e4b9265483499a7da681ec56e7c0381", 0x8a}], 0x6, 0x97e2, 0x9)
preadv(0xffffffffffffffff, &(0x7f00000048c0)=[{&(0x7f0000002380)=""/4096, 0x1000}, {&(0x7f0000003380)=""/38, 0x26}, {&(0x7f00000033c0)=""/140, 0x8c}, {&(0x7f0000003480)=""/204, 0xcc}, {&(0x7f0000003580)=""/200, 0xc8}, {&(0x7f0000003680)=""/155, 0x9b}, {&(0x7f0000003740)=""/207, 0xcf}, {&(0x7f0000003840)=""/71, 0x47}, {&(0x7f00000038c0)=""/4096, 0x1000}], 0x9, 0x0, 0x519)
flock(0xffffffffffffffff, 0x9)
r0 = dup(0xffffffffffffffff)
fcntl$setown(r0, 0x8, 0xffffffffffffffff)
r1 = fcntl$getown(0xffffffffffffffff, 0x9)
fcntl$setown(r0, 0x8, r1)
fcntl$F_GET_FILE_RW_HINT(r0, 0x40d, &(0x7f0000004980))
r2 = openat(r0, &(0x7f00000049c0)='./file0\x00', 0x109a83, 0x10)
pwrite64(r0, &(0x7f0000004a00)="1b04d56964023aa1", 0x8, 0x10000)
r3 = open$dir(&(0x7f0000004a40)='./file0\x00', 0x113000, 0x60)
write(r3, &(0x7f0000004a80)="2f3e1dc2f357d62476b1ba64971d01bf35d6f3fb6e6ac03ef00205ef016a58e0cb8cab3ffc7e6fb3c63381dcfd8f5989357c3d0e2c597b2f9120ba28f5d0e69f6bfa6f853a5fd3cf2facecadaa8b7b15c2974cb657685a2e4e2546f314b81c20519069bdf91f1ba10522322f01ce2e34b4c3e94ce8642c00d25952521cba0a396b2ab7a7a2a1d763f116f20de15728672a61d709a910b85620a26202437ed2b8e1a9d5dfb281009afbf040ea7ef459a1d537408c8ea61057d26e2294aa5e4e20ff3a2f6211706c6e60aaef5fe49b602e10207dcfd29cab7c716d2b", 0xdb)
r4 = openat(0xffffffffffffff9c, &(0x7f0000004b80)='./file0\x00', 0x20000, 0x19)
r5 = fcntl$dupfd(r4, 0x406, r0)
close(r5)
fsync(r2)
r6 = openat(r3, &(0x7f0000004bc0)='./file0/file0\x00', 0x1, 0x81)
fsetxattr$trusted_overlay_redirect(r6, &(0x7f0000004c00), &(0x7f0000004c40)='./file0\x00', 0x8, 0x3)
r7 = open(&(0x7f0000004c80)='./file0/file0\x00', 0x440000, 0x0)
fcntl$getown(r7, 0x9)
---

end of program
2023/03/09 14:04:07 -----run executor: [/usr/bin/ssh -F /dev/null -o ConnectionAttempts=100 -o ConnectTimeout=120 -o UserKnownHostsFile=/dev/null -o BatchMode=yes -o IdentitiesOnly=yes -o StrictHostKeyChecking=no -o ConnectTimeout=100 -i /home/tlyu/dfs-fuzzing/disk-images/orangefs-images/focal.id_rsa root@192.168.0.35 /root/syz-executor exec 0 0 orangefs 3 4 192.168.0.35 0 "3 1" false false false true false]
2023/03/09 14:04:07 -----run executor: [/usr/bin/ssh -F /dev/null -o ConnectionAttempts=100 -o ConnectTimeout=120 -o UserKnownHostsFile=/dev/null -o BatchMode=yes -o IdentitiesOnly=yes -o StrictHostKeyChecking=no -o ConnectTimeout=100 -i /home/tlyu/dfs-fuzzing/disk-images/orangefs-images/focal.id_rsa root@192.168.0.36 /root/syz-executor exec 0 1 orangefs 3 4 192.168.0.35 0 "3 1" false false false true false]
2023/03/09 14:04:07 -----run executor: [/usr/bin/ssh -F /dev/null -o ConnectionAttempts=100 -o ConnectTimeout=120 -o UserKnownHostsFile=/dev/null -o BatchMode=yes -o IdentitiesOnly=yes -o StrictHostKeyChecking=no -o ConnectTimeout=100 -i /home/tlyu/dfs-fuzzing/disk-images/orangefs-images/focal.id_rsa root@192.168.0.37 /root/syz-executor exec 0 2 orangefs 3 4 192.168.0.35 0 "3 1" false false false true false]
2023/03/09 14:04:07 -----run executor: [/usr/bin/ssh -F /dev/null -o ConnectionAttempts=100 -o ConnectTimeout=120 -o UserKnownHostsFile=/dev/null -o BatchMode=yes -o IdentitiesOnly=yes -o StrictHostKeyChecking=no -o ConnectTimeout=100 -i /home/tlyu/dfs-fuzzing/disk-images/orangefs-images/focal.id_rsa root@192.168.0.38 /root/syz-executor exec 1 3 orangefs 3 4 192.168.0.35 0 "3 1" false false false true false]
Warning: Permanently added '192.168.0.35' (ECDSA) to the list of known hosts.
Warning: Permanently added '192.168.0.36' (ECDSA) to the list of known hosts.
Warning: Permanently added '192.168.0.37' (ECDSA) to the list of known hosts.
Warning: Permanently added '192.168.0.38' (ECDSA) to the list of known hosts.
----- is restarting 0
---- dfs_name orangefs is_dfs_client 0
unlink FIFO failed: No such file or directory
[    0.000000] kernel: Linux version 5.15.0+ (tlyu@IC-RS3-DPC07) (gcc (Ubuntu 9.4.0-1ubuntu1~20.04.1) 9.4.0, GNU ld (GNU Binutils for Ubuntu) 2.34) #7 SMP Sat Feb 18 10:18:37 CET 2023
[    0.000000] kernel: Command line: root=/dev/sda console=ttyS0 net.ifnames=0 ip=192.168.0.36 quiet
[    0.000000] kernel: x86/fpu: Supporting XSAVE feature 0x001: 'x87 floating point registers'
[    0.000000] kernel: x86/fpu: Supporting XSAVE feature 0x002: 'SSE registers'
[    0.000000] kernel: x86/fpu: Supporting XSAVE feature 0x004: 'AVX registers'
[    0.000000] kernel: x86/fpu: Supporting XSAVE feature 0x020: 'AVX-512 opmask'
[    0.000000] kernel: x86/fpu: Supporting XSAVE feature 0x040: 'AVX-512 Hi256'
[    0.000000] kernel: x86/fpu: Supporting XSAVE feature 0x080: 'AVX-512 ZMM_Hi256'
[    0.000000] kernel: x86/fpu: Supporting XSAVE feature 0x200: 'Protection Keys User registers'
[    0.000000] kernel: x86/fpu: xstate_offset[2]:  576, xstate_sizes[2]:  256
[    0.000000] kernel: x86/fpu: xstate_[D 01/16/2023 17:42:13] PVFS2 Server version 2.9.7-orangefs-REV-65ab0d2 starting.
[E 01/16/2023 17:43:19] PVFS2 server got signal 15 (server_status_flag: 2080767)
[D 02/18/2023 14:39:31] PVFS2 Server version 2.9.7-orangefs-REV-65ab0d2 starting.
[D 02/18/2023 14:47:30] PVFS2 received server: signal 1
[E 02/18/2023 14:47:30] PVFS2 server got signal 15 (server_status_flag: 2080767)
offset[5]:  832, xstate_sizes[5]:   64
[    0.000000] kernel: x86/fpu: xstate_offset[6]:  896, xstate_sizes[6]:  512
[    0.000000] kernel: x86/fpu: xstate_offset[7]: 1408, xstate_sizes[7]: 1024
[    0.000000] kernel: x86/fpu: xstate_offset[9]: 2432, xstate_sizes[9]:    8
[    0.000000] kernel: x86/fpu: Enabled xstate features 0x2e7, context size is 2440 bytes, using 'compacted' format.
[    0.000000] kernel: signal: max sigframe size: 3632
[    0.000000] kernel: BIOS-provided physical RAM map:
[    0.000000] kernel: BIOS-e820: [mem 0x0000000000000000-0x000000000009fbff] usable
[    0.000000] kernel: BIOS-e820: [mem 0x000000000009fc00-0x000000000009ffff] reserved
[    0.000000] kernel: BIOS-e820: [mem 0x00000000000f0000-0x00000000000fffff] reserved
[    0.000000] kernel: BIOS-e820: [mem 0x0000000000100000-0x00000000bffdffff] usable
[    0.000000] kernel: BIOS-e820: [mem 0x00000000bffe0000-0x00000000bfffffff] reserved
[    0.000000] kernel: BIOS-e820: [mem 0x00000000feffc000-0x00000000feffffff] reserved
[    0.000000] kernel: BIOS-e820: [mem 0x00000000fffc0000-0x00000000ffffffff] reserved
[    0.000000] kernel: BIOS-e820: [mem 0x0000000100000000-0x00000002bfffffff] usable
[    0.000000] kernel: NX (Execute Disable) protection: active
[    0.000000] kernel: SMBIOS 2.8 present.
[    0.000000] kernel: DMI: QEMU Standard PC (i440FX + PIIX, 1996), BIOS 1.13.0-1ubuntu1.1 04/01/2014
[    0.000000] kernel: Hypervisor detected: KVM
[    0.000000] kernel: kvm-clock: Using msrs 4b564d01 and 4b564d00
[    0.000000] kernel: kvm-clock: cpu 0, msr 16c86e001, primary cpu clock
[    0.000001] kernel: kvm-clock: using sched offset of 311350579 cycles
[    0.000003] kernel: clocksource: kvm-clock: mask: 0xffffffffffffffff max_cycles: 0x1cd42e4dffb, max_idle_ns: 881590591483 ns
[    0.000005] kernel: tsc: Detected 2593.906 MHz processor
[    0.000421] kernel: e820: update [mem 0x00000000-0x00000fff] usable ==> reserved
[    0.000423] kernel: e820: remove [mem 0x000a0000-0x000fffff] us----- is restarting 0
---- dfs_name orangefs is_dfs_client 0
[    0.000000] kernel: Linux version 5.15.0+ (tlyu@IC-RS3-DPC07) (gcc (Ubuntu 9.4.0-1ubuntu1~20.04.1) 9.4.0, GNU ld (GNU Binutils for Ubuntu) 2.34) #7 SMP Sat Feb 18 10:18:37 CET 2023
[    0.000000] kernel: Command line: root=/dev/sda console=ttyS0 net.ifnames=0 ip=192.168.0.35 quiet
[    0.000000] kernel: x86/fpu: Supporting XSAVE feature 0x001: 'x87 floating point registers'
[    0.000000] kernel: x86/fpu: Supporting XSAVE feature 0x002: 'SSE registers'
[    0.000000] kernel: x86/fpu: Supporting XSAVE feature 0x004: 'AVX registers'
[    0.000000] kernel: x86/fpu: Supporting XSAVE feature 0x020: 'AVX-512 opmask'
[    0.000000] kernel: x86/fpu: Supporting XSAVE feature 0x040: 'AVX-512 Hi256'
[    0.000000] kernel: x86/fpu: Supporting XSAVE feature 0x080: 'AVX-512 ZMM_Hi256'
[    0.000000] kernel: x86/fpu: Supporting XSAVE feature 0x200: 'Protection Keys User registers'
[    0.000000] kernel: x86/fpu: xstate_offset[2]:  576, xstate_sizes[2]:  256
[    0.000000] kernel: x86/fpu: xstate_unlink FIFO failed: No such file or directory
executor 0 finishes userspace_cover_open
before receiving handshake request
offset[5]:  832, xstate_sizes[5]:   64
[    0.000000] kernel: x86/fpu: xstate_offset[6]:  896, xstate_sizes[6]:  512
[    0.000000] kernel: x86/fpu: xstate_offset[7]: 1408, xstate_sizes[7]: 1024
[    0.000000] kernel: x86/fpu: xstate_offset[9]: 2432, xstate_sizes[9]:    8
[    0.000000] kernel: x86/fpu: Enabled xstate features 0x2e7, context size is 2440 bytes, using 'compacted' format.
[    0.000000] kernel: signal: max sigframe size: 3632
[    0.000000] kernel: BIOS-provided physical RAM map:
[    0.000000] kernel: BIOS-e820: [mem 0x0000000000000000-0x000000000009fbff] usable
[    0.000000] kernel: BIOS-e820: [mem 0x000000000009fc00-0x000000000009ffff] reserved
[    0.000000] kernel: BIOS-e820: [mem 0x00000000000f0000-0x00000000000fffff] reserved
[    0.000000] kernel: BIOS-e820: [mem 0x0000000000100000-0x00000000bffdffff] usable
[    0.000000] kernel: BIOS-e820: [mem 0x00000000bffe0000-0x00000000bfffffff] reserved
[    0.000000] kernel: BIOS-e820: [mem 0x00000000feffc000-0x00000000[D 01/16/2023 17:42:13] PVFS2 Server version 2.9.7-orangefs-REV-65ab0d2 starting.
[E 01/16/2023 17:43:19] PVFS2 server got signal 15 (server_status_flag: 2080767)
[D 02/18/2023 14:39:31] PVFS2 Server version 2.9.7-orangefs-REV-65ab0d2 starting.
[D 02/18/2023 14:47:30] PVFS2 received server: signal 1
[E 02/18/2023 14:47:30] PVFS2 server got signal 15 (server_status_flag: 2080767)
executor 1 finishes userspace_cover_open
before receiving handshake request
req.flags ea2
able
[    0.000426] kernel: last_pfn = 0x2c0000 max_arch_pfn = 0x10000000000
[    0.000475] kernel: x86/PAT: Configuration [0-7]: WB  WC  UC- UC  WB  WP  UC- WT  
[    0.000481] kernel: last_pfn = 0xbffe0 max_arch_pfn = 0x10000000000
[    0.004716] kernel: found SMP MP-table at [mem 0x000f5c80-0x000f5c8f]
[    0.004742] kernel: Using GB pages for direct mapping
[    0.004858] kernel: ACPI: Early table checksum verification disabled
[    0.004862] kernel: ACPI: RSDP 0x00000000000F5A50 000014 (v00 BOCHS )
[    0.004870] kernel: ACPI: RSDT 0x00000000BFFE15C9 000030 (v01 BOCHS  BXPCRSDT 00000001 BXPC 00000001)
[    0.004875] kernel: ACPI: FACP 0x00000000BFFE149D 000074 (v01 BOCHS  BXPCFACP 00000001 BXPC 00000001)
[    0.004880] kernel: ACPI: DSDT 0x00000000BFFE0040 00145D (v01 BOCHS  BXPCDSDT 00000001 BXPC 00000001)
[    0.004882] kernel: ACPI: FACS 0x00000000BFFE0000 000040
[    0.004885] kernel: ACPI: APIC 0x00000000BFFE1511 000080 (v01 BOCHS  BXPCAPIC 00000001 BXPC 00000001)
[    0.004887] kernel: ACPI: HPET 0x00000000BFFE1591 000038 (v01 BOCHS  BXPCHPET 00000001 BXPC 00000001)
[    0.004888] kernel: ACPI: Reserving FACP table memory at [mem 0xbffe149d-0xbffe1510]
[    0.004890] kernel: ACPI: Reserving DSDT table memory at [mem 0xbffe0040-0xbffe149c]
[    0.004890] kernel: ACPI: Reserving FACS table memory at [mem 0xbffe0000-0xbffe003f]
[    0.004891] kernel: ACPI: Reserving APIC table memory at [mem 0xbffe1511-0xbffe1590]
[    0.004892] kernel: ACPI: Reserving HPET table memory at [mem 0xbffe1591-0xbffe15c8]
[    0.005140] kernel: No NUMA configuration found
[    0.005141] kernel: Faking a node at [mem 0x0000000000000000-0x00000002bfffffff]
[    0.005143] kernel: NODE_DATA(0) allocated [mem 0x2bfffc000-0x2bfffffff]
[    0.005888] kernel: Zone ranges:
[    0.005890] kernel:   DMA      [mem 0x0000000000001000-0x0000000000ffffff]
[    0.005892] kernel:   DMA32    [mem 0x0000000001000000-0x00000000ffffffff]
[    0.005893] kernel:   Normal   [mem 0x0000000100000000-0x00000002bfffffff]
[    0.005894] kernel: Movable zone start for each node
[    0.005894] kernel: Early memory node ranges
[    0.005895] kernel:   node   0: [mem 0x0000000000001000-0x000000000009efff]
[    0.005896] kernel:   node   0: [mem 0x0000000000100000-0x00000000bffdffff]
[    0.005897] kernel:   node   0: [mem 0x0000000100000000-0x00000002bfffffff]
[    0.005898] kernel: Initmem setup node 0 [mem 0x0000000000001000-0x00000002bfffffff]
[    0.006467] kernel: On node 0, zone DMA: 1 pages in unavailable ranges
[    0.006479] kernel: On node 0, zone DMA: 97 pages in unavailable ranges
[    0.071885] kernel: On node 0, zone Normal: 32 pages in unavailable ranges
[    0.607893] kernel: kasan: KernelAddressSanitizer initialized
[    0.608235] kernel: ACPI: PM-Timer IO Port: 0x608
[    0.608244] kernel: ACPI: LAPIC_NMI (acpi_id[0xff] dfl dfl lint[0x1])
[    0.608286] kernel: IOAPIC[0]: apic_id 0, version 17, address 0xfec00000, GSI 0-23
[    0.608289] kernel: ACPI: INT_SRC_OVR (bus 0 bus_irq 0 global_irq 2 dfl dfl)
[    0.608291] kernel: ACPI: INT_SRC_OVR (bus 0 bus_irq 5 global_irq 5 high level)
[    0.608292] kernel: ACPI: INT_SRC_OVR (bus 0 bus_irq 9 global_irq 9 high level)
[    0.608293] kernel: ACPI: INT_SRC_OVR (bus 0 bus_irq 10 global_irq 10 high level)
[    0.608294] kernel: ACPI: INT_SRC_OVR (bus 0 bus_irq 11 global_irq 11 high level)
[    0.608296] kernel: ACPI: Using ACPI (MADT) for SMP configuration information
[    0.608297] kernel: ACPI: HPET id: 0x8086a201 base: 0xfed00000
[    0.608301] kernel: TSC deadline timer available
[    0.608303] kernel: smpboot: Allowing 2 CPUs, 0 hotplug CPUs
[    0.608324] kernel: kvm-guest: KVM setup pv remote TLB flush
[    0.608328] kernel: kvm-guest: setup PV sched yield
[    0.608335] kernel: PM: hibernation: Registered nosave memory: [mem 0x00000000-0x00000fff]
[    0.608337] kernel: PM: hibernation: Registered nosave memory: [mem 0x0009f000-0x0009ffff]
[    0.608337] kernel: PM: hibernation: Registered nosave memory: [mem 0x000a0000-0x000effff]
[    0.608338] kernel: PM: hibernation: Registered nosave memory: [mem 0x000f0000-0x000fffff]
[    0.608339] kernel: PM: hibernation: Registered nosave memory: [mem 0xbffe0000-0xbfffffff]
[    0.608340] kernel: PM: hibernation: Registered nosave memory: [mem 0xc0000000-0xfeffbfff]
[    0.608340] kernel: PM: hibernation: Registered nosave memory: [mem 0xfeffc000-0xfeffffff]
[    0.608341] kernel: PM: hibernation: Registered nosave memory: [mem 0xff000000-0xfffbffff]
[    0.608341] kernel: PM: hibernation: Registered nosave memory: [mem 0xfffc0000-0xffffffff]
[    0.608343] kernel: [mem 0xc0000000-0xfeffbfff] available for PCI devices
[    0.608344] kernel: Booting paravirtualized kernel on KVM
[    0.608347] kernel: clocksource: refined-jiffies: mask: 0xffffffff max_cycles: 0xffffffff, max_idle_ns: 1910969940391419 ns
[    0.612336] kernel: setup_percpu: NR_CPUS:64 nr_cpumask_bits:64 nr_cpu_ids:2 nr_node_ids:1
[    0.613265] kernel: percpu: Embedded 56 pfeffffff] reserved
[    0.000000] kernel: BIOS-e820: [mem 0x00000000fffc0000-0x00000000ffffffff] reserved
[    0.000000] kernel: BIOS-e820: [mem 0x0000000100000000-0x00000002bfffffff] usable
[    0.000000] kernel: NX (Execute Disable) protection: active
[    0.000000] kernel: SMBIOS 2.8 present.
[    0.000000] kernel: DMI: QEMU Standard PC (i440FX + PIIX, 1996), BIOS 1.13.0-1ubuntu1.1 04/01/2014
[    0.000000] kernel: Hypervisor detected: KVM
[    0.000000] kernel: kvm-clock: Using msrs 4b564d01 and 4b564d00
[    0.000000] kernel: kvm-clock: cpu 0, msr 1d666e001, primary cpu clock
[    0.000001] kernel: kvm-clock: using sched offset of 438935234 cycles
[    0.000003] kernel: clocksource: kvm-clock: mask: 0xffffffffffffffff max_cycles: 0x1cd42e4dffb, max_idle_ns: 881590591483 ns
[    0.000005] kernel: tsc: Detected 2593.906 MHz processor
[    0.000415] kernel: e820: update [mem 0x00000000-0x00000fff] usable ==> reserved
[    0.000417] kernel: e820: remove [mem 0x000a0000-0x000fffff] usages/cpu s191576 r8192 d29608 u1048576
[    0.613270] kernel: pcpu-alloc: s191576 r8192 d29608 u1048576 alloc=1*2097152
[    0.613273] kernel: pcpu-alloc: [0] 0 1 
[    0.613300] kernel: kvm-guest: setup async PF for cpu 0
[    0.613307] kernel: kvm-guest: stealtime: cpu 0, msr 26561f140
[    0.613311] kernel: Built 1 zonelists, mobility grouping on.  Total pages: 2580192
[    0.613312] kernel: Policy zone: Normal
[    0.613314] kernel: Kernel command line: root=/dev/sda console=ttyS0 net.ifnames=0 ip=192.168.0.36 quiet
[    0.620099] kernel: Dentry cache hash table entries: 2097152 (order: 12, 16777216 bytes, linear)
[    0.623406] kernel: Inode-cache hash table entries: 1048576 (order: 11, 8388608 bytes, linear)
[    0.623466] kernel: mem auto-init: stack:off, heap alloc:off, heap free:off
[    0.882864] kernel: Memory: 8872652K/10485240K available (14348K kernel code, 2403K rwdata, 3568K rodata, 1384K init, 1732K bss, 1612388K reserved, 0K cma-reserved)
[    0.882953] kernel: SLUB:able
[    0.000420] kernel: last_pfn = 0x2c0000 max_arch_pfn = 0x10000000000
[    0.000467] kernel: x86/PAT: Configuration [0-7]: WB  WC  UC- UC  WB  WP  UC- WT  
[    0.000473] kernel: last_pfn = 0xbffe0 max_arch_pfn = 0x10000000000
[    0.004698] kernel: found SMP MP-table at [mem 0x000f5c80-0x000f5c8f]
[    0.004725] kernel: Using GB pages for direct mapping
[    0.004850] kernel: ACPI: Early table checksum verification disabled
[    0.004854] kernel: ACPI: RSDP 0x00000000000F5A50 000014 (v00 BOCHS )
[    0.004862] kernel: ACPI: RSDT 0x00000000BFFE15C9 000030 (v01 BOCHS  BXPCRSDT 00000001 BXPC 00000001)
[    0.004867] kernel: ACPI: FACP 0x00000000BFFE149D 000074 (v01 BOCHS  BXPCFACP 00000001 BXPC 00000001)
[    0.004872] kernel: ACPI: DSDT 0x00000000BFFE0040 00145D (v01 BOCHS  BXPCDSDT 00000001 BXPC 00000001)
[    0.004874] kernel: ACPI: FACS 0x00000000BFFE0000 000040
[    0.004876] kernel: ACPI: APIC 0x00000000BFFE1511 000080 (v01 BOCHS  BXPCAPIC 00000001 BXPC 00000001)
[    0.004 HWalign=64, Order=0-3, MinObjects=0, CPUs=2, Nodes=1
[    0.883664] kernel: rcu: Hierarchical RCU implementation.
[    0.883666] kernel: rcu:         RCU event tracing is enabled.
[    0.883667] kernel: rcu:         RCU restricting CPUs from NR_CPUS=64 to nr_cpu_ids=2.
[    0.883669] kernel: rcu: RCU calculated value of scheduler-enlistment delay is 100 jiffies.
[    0.883670] kernel: rcu: Adjusting geometry for rcu_fanout_leaf=16, nr_cpu_ids=2
[    0.886342] kernel: NR_IRQS: 4352, nr_irqs: 440, preallocated irqs: 16
[    0.886551] kernel: random: get_random_bytes called from start_kernel+0x4b1/0x67a with crng_init=0
[    0.890482] kernel: Console: colour VGA+ 80x25
[    0.890529] kernel: printk: console [ttyS0] enabled
[    0.890549] kernel: ACPI: Core revision 20210730
[    0.890694] kernel: clocksource: hpet: mask: 0xffffffff max_cycles: 0xffffffff, max_idle_ns: 19112604467 ns
[    0.890781] kernel: APIC: Switch to symmetric I/O mode setup
[    0.890784] kernel: kvm-guest: setup P879] kernel: ACPI: HPET 0x00000000BFFE1591 000038 (v01 BOCHS  BXPCHPET 00000001 BXPC 00000001)
[    0.004880] kernel: ACPI: Reserving FACP table memory at [mem 0xbffe149d-0xbffe1510]
[    0.004882] kernel: ACPI: Reserving DSDT table memory at [mem 0xbffe0040-0xbffe149c]
[    0.004882] kernel: ACPI: Reserving FACS table memory at [mem 0xbffe0000-0xbffe003f]
[    0.004883] kernel: ACPI: Reserving APIC table memory at [mem 0xbffe1511-0xbffe1590]
[    0.004883] kernel: ACPI: Reserving HPET table memory at [mem 0xbffe1591-0xbffe15c8]
[    0.005133] kernel: No NUMA configuration found
[    0.005133] kernel: Faking a node at [mem 0x0000000000000000-0x00000002bfffffff]
[    0.005136] kernel: NODE_DATA(0) allocated [mem 0x2bfffc000-0x2bfffffff]
[    0.008173] kernel: Zone ranges:
[    0.008177] kernel:   DMA      [mem 0x0000000000001000-0x0000000000ffffff]
[    0.008179] kernel:   DMA32    [mem 0x0000000001000000-0x00000000ffffffff]
[    0.008180] kernel:   Normal   [mem 0x0000000100000000-0x0V IPIs
[    0.891667] kernel: ..TIMER: vector=0x30 apic1=0 pin1=2 apic2=-1 pin2=-1
[    0.891688] kernel: clocksource: tsc-early: mask: 0xffffffffffffffff max_cycles: 0x2563bf907c6, max_idle_ns: 440795319401 ns
[    0.891695] kernel: Calibrating delay loop (skipped) preset value.. 5187.81 BogoMIPS (lpj=2593906)
[    0.891697] kernel: pid_max: default: 32768 minimum: 301
[    0.891731] kernel: LSM: Security Framework initializing
[    0.891745] kernel: SELinux:  Initializing.
[    0.892761] kernel: Mount-cache hash table entries: 32768 (order: 6, 262144 bytes, linear)
[    0.893415] kernel: Mountpoint-cache hash table entries: 32768 (order: 6, 262144 bytes, linear)
[    0.893878] kernel: x86/cpu: User Mode Instruction Prevention (UMIP) activated
[    0.893964] kernel: Last level iTLB entries: 4KB 0, 2MB 0, 4MB 0
[    0.893965] kernel: Last level dTLB entries: 4KB 0, 2MB 0, 4MB 0, 1GB 0
[    0.893975] kernel: Spectre V1 : Mitigation: usercopy/swapgs barriers and __user pointer sanitizat0000002bfffffff]
[    0.008181] kernel: Movable zone start for each node
[    0.008182] kernel: Early memory node ranges
[    0.008182] kernel:   node   0: [mem 0x0000000000001000-0x000000000009efff]
[    0.008184] kernel:   node   0: [mem 0x0000000000100000-0x00000000bffdffff]
[    0.008185] kernel:   node   0: [mem 0x0000000100000000-0x00000002bfffffff]
[    0.008186] kernel: Initmem setup node 0 [mem 0x0000000000001000-0x00000002bfffffff]
[    0.008769] kernel: On node 0, zone DMA: 1 pages in unavailable ranges
[    0.008781] kernel: On node 0, zone DMA: 97 pages in unavailable ranges
[    0.071844] kernel: On node 0, zone Normal: 32 pages in unavailable ranges
[    0.599660] kernel: kasan: KernelAddressSanitizer initialized
[    0.600005] kernel: ACPI: PM-Timer IO Port: 0x608
[    0.600013] kernel: ACPI: LAPIC_NMI (acpi_id[0xff] dfl dfl lint[0x1])
[    0.600059] kernel: IOAPIC[0]: apic_id 0, version 17, address 0xfec00000, GSI 0-23
[    0.600063] kernel: ACPI: INT_SRC_OVR (bus 0 bion
[    0.893980] kernel: Spectre V2 : Mitigation: Enhanced IBRS
[    0.893980] kernel: Spectre V2 : Spectre v2 / SpectreRSB mitigation: Filling RSB on context switch
[    0.893982] kernel: Spectre V2 : mitigation: Enabling conditional Indirect Branch Prediction Barrier
[    0.893983] kernel: Speculative Store Bypass: Mitigation: Speculative Store Bypass disabled via prctl and seccomp
[    0.893985] kernel: TAA: Mitigation: TSX disabled
[    0.894691] kernel: Freeing SMP alternatives memory: 40K
[    0.894691] kernel: smpboot: CPU0: Intel(R) Xeon(R) Gold 6348 CPU @ 2.60GHz (family: 0x6, model: 0x6a, stepping: 0x6)
[    0.894691] kernel: Performance Events: Icelake events, 32-deep LBR, full-width counters, Intel PMU driver.
[    0.894751] kernel: ... version:                2
[    0.894752] kernel: ... bit width:              48
[    0.894753] kernel: ... generic registers:      8
[    0.894754] kernel: ... value mask:             0000ffffffffffff
[    0.894755] kernel: ... max periodus_irq 0 global_irq 2 dfl dfl)
[    0.600065] kernel: ACPI: INT_SRC_OVR (bus 0 bus_irq 5 global_irq 5 high level)
[    0.600066] kernel: ACPI: INT_SRC_OVR (bus 0 bus_irq 9 global_irq 9 high level)
[    0.600067] kernel: ACPI: INT_SRC_OVR (bus 0 bus_irq 10 global_irq 10 high level)
[    0.600068] kernel: ACPI: INT_SRC_OVR (bus 0 bus_irq 11 global_irq 11 high level)
[    0.600071] kernel: ACPI: Using ACPI (MADT) for SMP configuration information
[    0.600072] kernel: ACPI: HPET id: 0x8086a201 base: 0xfed00000
[    0.600075] kernel: TSC deadline timer available
[    0.600077] kernel: smpboot: Allowing 2 CPUs, 0 hotplug CPUs
[    0.600100] kernel: kvm-guest: KVM setup pv remote TLB flush
[    0.600104] kernel: kvm-guest: setup PV sched yield
[    0.600111] kernel: PM: hibernation: Registered nosave memory: [mem 0x00000000-0x00000fff]
[    0.600113] kernel: PM: hibernation: Registered nosave memory: [mem 0x0009f000-0x0009ffff]
[    0.600114] kernel: PM: hibernation: Registered nosave memo:             00007fffffffffff
[    0.894756] kernel: ... fixed-purpose events:   3
[    0.894756] kernel: ... event mask:             00000007000000ff
[    0.894934] kernel: rcu: Hierarchical SRCU implementation.
[    0.895308] kernel: smp: Bringing up secondary CPUs ...
[    0.895454] kernel: x86: Booting SMP configuration:
[    0.895454] kernel: .... node  #0, CPUs:      #1
[    0.005171] kernel: kvm-clock: cpu 1, msr 16c86e041, secondary cpu clock
[    0.005171] kernel: smpboot: CPU 1 Converting physical 0 to logical die 1
[    0.897725] kernel: kvm-guest: setup async PF for cpu 1
[    0.897732] kernel: kvm-guest: stealtime: cpu 1, msr 26571f140
[    0.898755] kernel: smp: Brought up 1 node, 2 CPUs
[    0.898758] kernel: smpboot: Max logical packages: 2
[    0.898760] kernel: smpboot: Total of 2 processors activated (10375.62 BogoMIPS)
[    0.902841] kernel: devtmpfs: initialized
[    0.903817] kernel: clocksource: jiffies: mask: 0xffffffff max_cycles: 0xffffffff, max_idle_ns: 1911260446275000 ns
[    0.903822] kernel: futex hash table entries: 512 (order: 3, 32768 bytes, linear)
[    0.903995] kernel: PM: RTC time: 13:03:53, date: 2023-03-09
[    0.904172] kernel: NET: Registered PF_NETLINK/PF_ROUTE protocol family
[    0.904345] kernel: audit: initializing netlink subsys (disabled)
[    0.904377] kernel: thermal_sys: Registered thermal governor 'step_wise'
[    0.904377] kernel: thermal_sys: Registered thermal governor 'user_space'
[    0.904726] kernel: audit: type=2000 audit(1678367033.927:1): state=initialized audit_enabled=0 res=1
[    0.904729] kernel: cpuidle: using governor menu
[    0.904803] kernel: ACPI: bus type PCI registered
[    0.904959] kernel: PCI: Using configuration type 1 for base access
[    0.911838] kernel: Kprobes globally optimized
[    0.912762] kernel: HugeTLB registered 2.00 MiB page size, pre-allocated 0 pages
[    0.912762] kernel: cryptomgr_test (26) used greatest stack depth: 31400 bytes left
[    0.913766] kernel: ACPI: Addedry: [mem 0x000a0000-0x000effff]
[    0.600114] kernel: PM: hibernation: Registered nosave memory: [mem 0x000f0000-0x000fffff]
[    0.600116] kernel: PM: hibernation: Registered nosave memory: [mem 0xbffe0000-0xbfffffff]
[    0.600117] kernel: PM: hibernation: Registered nosave memory: [mem 0xc0000000-0xfeffbfff]
[    0.600117] kernel: PM: hibernation: Registered nosave memory: [mem 0xfeffc000-0xfeffffff]
[    0.600118] kernel: PM: hibernation: Registered nosave memory: [mem 0xff000000-0xfffbffff]
[    0.600118] kernel: PM: hibernation: Registered nosave memory: [mem 0xfffc0000-0xffffffff]
[    0.600121] kernel: [mem 0xc0000000-0xfeffbfff] available for PCI devices
[    0.600122] kernel: Booting paravirtualized kernel on KVM
[    0.600124] kernel: clocksource: refined-jiffies: mask: 0xffffffff max_cycles: 0xffffffff, max_idle_ns: 1910969940391419 ns
[    0.604201] kernel: setup_percpu: NR_CPUS:64 nr_cpumask_bits:64 nr_cpu_ids:2 nr_node_ids:1
[    0.605114] kernel: percpu: Embedded 56 pages/cpu s191576 r8192 d29608 u1048576
[    0.605120] kernel: pcpu-alloc: s191576 r8192 d29608 u1048576 alloc=1*2097152
[    0.605122] kernel: pcpu-alloc: [0] 0 1 
[    0.605147] kernel: kvm-guest: setup async PF for cpu 0
[    0.605153] kernel: kvm-guest: stealtime: cpu 0, msr 26561f140
[    0.605158] kernel: Built 1 zonelists, mobility grouping on.  Total pages: 2580192
[    0.605159] kernel: Policy zone: Normal
[    0.605160] kernel: Kernel command line: root=/dev/sda console=ttyS0 net.ifnames=0 ip=192.168.0.35 quiet
[    0.612253] kernel: Dentry cache hash table entries: 2097152 (order: 12, 16777216 bytes, linear)
[    0.615779] kernel: Inode-cache hash table entries: 1048576 (order: 11, 8388608 bytes, linear)
[    0.615839] kernel: mem auto-init: stack:off, heap alloc:off, heap free:off
[    0.853290] kernel: Memory: 8872652K/10485240K available (14348K kernel code, 2403K rwdata, 3568K rodata, 1384K init, 1732K bss, 1612388K reserved, 0K cma-reserved)
[    0.853379] kernel: SLUB: _OSI(Module Device)
[    0.913766] kernel: ACPI: Added _OSI(Processor Device)
[    0.913766] kernel: ACPI: Added _OSI(3.0 _SCP Extensions)
[    0.913766] kernel: ACPI: Added _OSI(Processor Aggregator Device)
[    0.913766] kernel: ACPI: Added _OSI(Linux-Dell-Video)
[    0.913766] kernel: ACPI: Added _OSI(Linux-Lenovo-NV-HDMI-Audio)
[    0.913766] kernel: ACPI: Added _OSI(Linux-HPI-Hybrid-Graphics)
[    0.919836] kernel: ACPI: 1 ACPI AML tables successfully acquired and loaded
[    0.922216] kernel: ACPI: Interpreter enabled
[    0.922245] kernel: ACPI: PM: (supports S0 S3 S4 S5)
[    0.922247] kernel: ACPI: Using IOAPIC for interrupt routing
[    0.922276] kernel: PCI: Using host bridge windows from ACPI; if necessary, use "pci=nocrs" and report a bug
[    0.922640] kernel: ACPI: Enabled 2 GPEs in block 00 to 0F
[    0.932909] kernel: ACPI: PCI Root Bridge [PCI0] (domain 0000 [bus 00-ff])
[    0.932921] kernel: acpi PNP0A03:00: _OSC: OS supports [ASPM ClockPM Segments MSI HPX-Type3]
[    0.932964] kernel: acpi PNP0A03:00: fail to add MMCONFIG information, can't access extended PCI configuration space under this bridge.
[    0.933069] kernel: PCI host bridge to bus 0000:00
[    0.933072] kernel: pci_bus 0000:00: root bus resource [io  0x0000-0x0cf7 window]
[    0.933074] kernel: pci_bus 0000:00: root bus resource [io  0x0d00-0xffff window]
[    0.933076] kernel: pci_bus 0000:00: root bus resource [mem 0x000a0000-0x000bffff window]
[    0.933078] kernel: pci_bus 0000:00: root bus resource [mem 0xc0000000-0xfebfffff window]
[    0.933079] kernel: pci_bus 0000:00: root bus resource [mem 0x2c0000000-0x33fffffff window]
[    0.933081] kernel: pci_bus 0000:00: root bus resource [bus 00-ff]
[    0.933554] kernel: pci 0000:00:00.0: [8086:1237] type 00 class 0x060000
[    0.934426] kernel: pci 0000:00:01.0: [8086:7000] type 00 class 0x060100
[    0.935135] kernel: pci 0000:00:01.1: [8086:7010] type 00 class 0x010180
[    0.937109] kernel: pci 0000:00:01.1: reg 0x20: [io  0 HWalign=64, Order=0-3, MinObjects=0, CPUs=2, Nodes=1
[    0.856375] kernel: rcu: Hierarchical RCU implementation.
[    0.856377] kernel: rcu:         RCU event tracing is enabled.
[    0.856378] kernel: rcu:         RCU restricting CPUs from NR_CPUS=64 to nr_cpu_ids=2.
[    0.856381] kernel: rcu: RCU calculated value of scheduler-enlistment delay is 100 jiffies.
[    0.856382] kernel: rcu: Adjusting geometry for rcu_fanout_leaf=16, nr_cpu_ids=2
[    0.859124] kernel: NR_IRQS: 4352, nr_irqs: 440, preallocated irqs: 16
[    0.859336] kernel: random: get_random_bytes called from start_kernel+0x4b1/0x67a with crng_init=0
[    0.863274] kernel: Console: colour VGA+ 80x25
[    0.863319] kernel: printk: console [ttyS0] enabled
[    0.863336] kernel: ACPI: Core revision 20210730
[    0.863475] kernel: clocksource: hpet: mask: 0xffffffff max_cycles: 0xffffffff, max_idle_ns: 19112604467 ns
[    0.863562] kernel: APIC: Switch to symmetric I/O mode setup
[    0.863565] kernel: kvm-guest: setup PV IPIs
[    0.864425] kernel: ..TIMER: vector=0x30 apic1=0 pin1=2 apic2=-1 pin2=-1
[    0.864446] kernel: clocksource: tsc-early: mask: 0xffffffffffffffff max_cycles: 0x2563bf907c6, max_idle_ns: 440795319401 ns
[    0.864453] kernel: Calibrating delay loop (skipped) preset value.. 5187.81 BogoMIPS (lpj=2593906)
[    0.864455] kernel: pid_max: default: 32768 minimum: 301
[    0.864487] kernel: LSM: Security Framework initializing
[    0.864500] kernel: SELinux:  Initializing.
[    0.865476] kernel: Mount-cache hash table entries: 32768 (order: 6, 262144 bytes, linear)
[    0.865966] kernel: Mountpoint-cache hash table entries: 32768 (order: 6, 262144 bytes, linear)
[    0.866373] kernel: x86/cpu: User Mode Instruction Prevention (UMIP) activated
[    0.866473] kernel: Last level iTLB entries: 4KB 0, 2MB 0, 4MB 0
[    0.866474] kernel: Last level dTLB entries: 4KB 0, 2MB 0, 4MB 0, 1GB 0
[    0.866483] kernel: Spectre V1 : Mitigation: usercopy/swapgs barriers and __user pointer sanitizatxc040-0xc04f]
[    0.937928] kernel: pci 0000:00:01.1: legacy IDE quirk: reg 0x10: [io  0x01f0-0x01f7]
[    0.937931] kernel: pci 0000:00:01.1: legacy IDE quirk: reg 0x14: [io  0x03f6]
[    0.937932] kernel: pci 0000:00:01.1: legacy IDE quirk: reg 0x18: [io  0x0170-0x0177]
[    0.937933] kernel: pci 0000:00:01.1: legacy IDE quirk: reg 0x1c: [io  0x0376]
[    0.938758] kernel: pci 0000:00:01.3: [8086:7113] type 00 class 0x068000
[    0.939029] kernel: pci 0000:00:01.3: quirk: [io  0x0600-0x063f] claimed by PIIX4 ACPI
[    0.939035] kernel: pci 0000:00:01.3: quirk: [io  0x0700-0x070f] claimed by PIIX4 SMB
[    0.939784] kernel: pci 0000:00:02.0: [1234:1111] type 00 class 0x030000
[    0.941091] kernel: pci 0000:00:02.0: reg 0x10: [mem 0xfd000000-0xfdffffff pref]
[    0.942465] kernel: pci 0000:00:02.0: reg 0x18: [mem 0xfeb90000-0xfeb90fff]
[    0.945215] kernel: pci 0000:00:02.0: reg 0x30: [mem 0xfeb80000-0xfeb8ffff pref]
[    0.946132] kernel: pci 0000:00:03.0: [1af4:1005] type 00 clasion
[    0.866488] kernel: Spectre V2 : Mitigation: Enhanced IBRS
[    0.866489] kernel: Spectre V2 : Spectre v2 / SpectreRSB mitigation: Filling RSB on context switch
[    0.866490] kernel: Spectre V2 : mitigation: Enabling conditional Indirect Branch Prediction Barrier
[    0.866491] kernel: Speculative Store Bypass: Mitigation: Speculative Store Bypass disabled via prctl and seccomp
[    0.866492] kernel: TAA: Mitigation: TSX disabled
[    0.872115] kernel: Freeing SMP alternatives memory: 40K
[    0.872266] kernel: smpboot: CPU0: Intel(R) Xeon(R) Gold 6348 CPU @ 2.60GHz (family: 0x6, model: 0x6a, stepping: 0x6)
[    0.872387] kernel: Performance Events: Icelake events, 32-deep LBR, full-width counters, Intel PMU driver.
[    0.872448] kernel: ... version:                2
[    0.872448] kernel: ... bit width:              48
[    0.872448] kernel: ... generic registers:      8
[    0.872448] kernel: ... value mask:             0000ffffffffffff
[    0.872448] kernel: ... max periods 0x00ff00
[    0.946694] kernel: pci 0000:00:03.0: reg 0x10: [io  0xc000-0xc01f]
[    0.949995] kernel: pci 0000:00:03.0: reg 0x20: [mem 0xfe200000-0xfe203fff 64bit pref]
[    0.951572] kernel: pci 0000:00:04.0: [1af4:1000] type 00 class 0x020000
[    0.952076] kernel: pci 0000:00:04.0: reg 0x10: [io  0xc020-0xc03f]
[    0.952694] kernel: pci 0000:00:04.0: reg 0x14: [mem 0xfeb91000-0xfeb91fff]
[    0.954693] kernel: pci 0000:00:04.0: reg 0x20: [mem 0xfe204000-0xfe207fff 64bit pref]
[    0.955415] kernel: pci 0000:00:04.0: reg 0x30: [mem 0xfeb00000-0xfeb7ffff pref]
[    0.956462] kernel: pci 0000:00:10.0: [1af4:1110] type 00 class 0x050000
[    0.957155] kernel: pci 0000:00:10.0: reg 0x10: [mem 0xfeb92000-0xfeb920ff]
[    0.958694] kernel: pci 0000:00:10.0: reg 0x18: [mem 0xfe000000-0xfe0fffff 64bit pref]
[    0.961107] kernel: pci 0000:00:11.0: [1af4:1110] type 00 class 0x050000
[    0.961645] kernel: pci 0000:00:11.0: reg 0x10: [mem 0xfeb93000-0xfeb930ff]
[    0.962512] kernel: pci 0000:00:11.0: reg 0x18: [mem 0xfe208000-0xfe2083ff 64bit pref]
[    0.964725] kernel: pci 0000:00:12.0: [1af4:1110] type 00 class 0x050000
[    0.965550] kernel: pci 0000:00:12.0: reg 0x10: [mem 0xfeb94000-0xfeb940ff]
[    0.966695] kernel: pci 0000:00:12.0: reg 0x18: [mem 0xfe100000-0xfe1fffff 64bit pref]
[    0.970636] kernel: ACPI: PCI: Interrupt link LNKA configured for IRQ 10
[    0.970973] kernel: ACPI: PCI: Interrupt link LNKB configured for IRQ 10
[    0.971306] kernel: ACPI: PCI: Interrupt link LNKC configured for IRQ 11
[    0.971630] kernel: ACPI: PCI: Interrupt link LNKD configured for IRQ 11
[    0.971760] kernel: ACPI: PCI: Interrupt link LNKS configured for IRQ 9
[    0.972384] kernel: iommu: Default domain type: Translated 
[    0.972386] kernel: iommu: DMA domain TLB invalidation policy: lazy mode 
[    0.972484] kernel: pci 0000:00:02.0: vgaarb: setting as boot VGA device
[    0.972486] kernel: pci 0000:00:02.0: vgaarb: VGA device added: decodes=io+mem,owns=io+mem,locks=none
[    0.972488] kernel: pci 0000:00:02.0: vgaarb: bridge control possible
[    0.972489] kernel: vgaarb: loaded
[    0.972677] kernel: SCSI subsystem initialized
[    0.973726] kernel: libata version 3.00 loaded.
[    0.973796] kernel: ACPI: bus type USB registered
[    0.973839] kernel: usbcore: registered new interface driver usbfs
[    0.973858] kernel: usbcore: registered new interface driver hub
[    0.973872] kernel: usbcore: registered new device driver usb
[    0.973912] kernel: pps_core: LinuxPPS API ver. 1 registered
[    0.973914] kernel: pps_core: Software ver. 5.3.6 - Copyright 2005-2007 Rodolfo Giometti <giometti@linux.it>
[    0.973923] kernel: PTP clock support registered
[    0.973970] kernel: Advanced Linux Sound Architecture Driver Initialized.
[    0.974049] kernel: NetLabel: Initializing
[    0.974049] kernel: NetLabel:  domain hash size = 128
[    0.974050] kernel: NetLabel:  protocols = UNLABELED CIPSOv4 CALIPSO
[    0.974082] kernel: NetLabel:  unlabeled traffic allowed by default
[    0.974107] kernel: PCI: Using ACPI for IRQ routing
[    0.974107] kernel: PCI: pci_cache_line_size set to 64 bytes
[    0.974107] kernel: e820: reserve RAM buffer [mem 0x0009fc00-0x0009ffff]
[    0.974107] kernel: e820: reserve RAM buffer [mem 0xbffe0000-0xbfffffff]
[    0.974107] kernel: hpet0: at MMIO 0xfed00000, IRQs 2, 8, 0
[    0.974107] kernel: hpet0: 3 comparators, 64-bit 100.000000 MHz counter
[    0.978716] kernel: clocksource: Switched to clocksource kvm-clock
[    1.010010] kernel: VFS: Disk quotas dquot_6.6.0
[    1.010044] kernel: VFS: Dquot-cache hash table entries: 512 (order 0, 4096 bytes)
[    1.010163] kernel: pnp: PnP ACPI init
[    1.010456] kernel: pnp 00:03: [dma 2]
[    1.011454] kernel: pnp: PnP ACPI: found 6 devices
[    1.026523] kernel: clocksource: acpi_pm: mask: 0xffffff max_cycles: 0xffffff, max_idle_ns: 2085701024 ns
[    1.026583] kernel: NET: Registered PF_INET protocol family
[    1.027534] kernel: IP idents hash table entries: 262144 (order: 9, 2097152 bytes, linear)
[    1.039643] kernel: tcp_listen_portaddr_hash hash table entries: 8192 (order: 5, 131072 bytes, linear)
[    1.040281] kernel: TCP established hash table entries: 131072 (order: 8, 1048576 bytes, linear)
[    1.040463] kernel: TCP bind hash table entries: 65536 (order: 8, 1048576 bytes, linear)
[    1.041095] kernel: TCP: Hash tables configured (established 131072 bind 65536)
[    1.041163] kernel: UDP hash table entries: 8192 (order: 6, 262144 bytes, linear)
[    1.041207] kernel: UDP-Lite hash table entries: 8192 (order: 6, 262144 bytes, linear)
[    1.041324] kernel: NET: Registered PF_UNIX/PF_LOCAL protocol family
[    1.041654] kernel: pci_bus 0000:00: resource 4 [io  0x0000-0x0cf7 window]
[    1.041657] kernel: pci_bus 0000:00: resource 5 [io  0x0d00-0xffff window]
[    1.041658] kernel: pci_bus 0000:00: resource 6 [mem 0x000a0000-0x000bffff window]
[    1.041659] kernel: pci_bus 0000:00: resource 7 [mem 0xc0000000-0xfebfffff window]
[    1.041661] kernel: pci_bus 0000:00: resource 8 [mem 0x2c0000000-0x33fffffff window]
[    1.041768] kernel: pci 0000:00:01.0: PIIX3: Enabling Passive Release
[    1.041776] kernel: pci 0000:00:00.0: Limiting direct PCI/PCI transfers
[    1.041785] kernel: pci 0000:00:01.0: Activating ISA DMA hang workarounds
[    1.041819] kernel: pci 0000:00:02.0: Video device with shadowed ROM at [mem 0x000c0000-0x000dffff]
[    1.041851] kernel: PCI: CLS 0 bytes, default 64
[    1.041863] kernel: PCI-DMA: Using software bounce buffering for IO (SWIOTLB)
[    1.041864] kernel: software IO TLB: mapped [mem 0x00000000bbfe0000-0x00000000bffe0000] (64MB)
[    1.042044] kernel: RAPL PMU: API unit is 2^-32 Joules, 0 fixed counters, 10737418240 ms ovfl timer
[    1.042057] kernel: clocksource: tsc: mask: 0xffffffffffffffff max_cycles: 0x2563bf907c6, max_idle_ns: 440795319401 ns
[    1.042100] kernel: clocksource: Switched to clocksource tsc
[    1.044332] kernel: Initialise system trusted keyrings
[    1.046133] kernel: workingset: timestamp_bits=56 max_order=22 bucket_order=0
[    1.051140] kernel: fuse: init (API version 7.34)
[    1.051399] kernel: orangefs_debugfs_init: called with debug mask: :none: :0:
[    1.051468] kernel: orangefs_init: module version upstream loaded
[    1.072441] kernel: Key type asymmetric registered
[    1.072443] kernel: Asymmetric key parser 'x509' registered
[    1.072504] kernel: Block layer SCSI generic (bsg) driver version 0.4 loaded (major 250)
[    1.072506] kernel: io scheduler mq-deadline registered
[    1.072507] kernel: io scheduler kyber registered
[    1.072869] kernel: input: Power Button as /devices/LNXSYSTM:00/LNXPWRBN:00/input/input0
[    1.072948] kernel: ACPI: button: Power Button [PWRF]
[    1.377466] kernel: ACPI: \_SB_.LNKC: Enabled at IRQ 11
[    1.747998] kernel: ACPI: \_SB_.LNKD: Enabled at IRQ 10
[    1.749316] kernel: Serial: 8250/16550 driver, 4 ports, IRQ sharing enabled
[    1.749406] kernel: 00:05: ttyS0 at I/O 0x:             00007fffffffffff
[    0.872448] kernel: ... fixed-purpose events:   3
[    0.872448] kernel: ... event mask:             00000007000000ff
[    0.872448] kernel: rcu: Hierarchical SRCU implementation.
[    0.872448] kernel: smp: Bringing up secondary CPUs ...
[    0.872448] kernel: x86: Booting SMP configuration:
[    0.872448] kernel: .... node  #0, CPUs:      #1
[    0.005144] kernel: kvm-clock: cpu 1, msr 1d666e041, secondary cpu clock
[    0.005144] kernel: smpboot: CPU 1 Converting physical 0 to logical die 1
[    0.886489] kernel: kvm-guest: setup async PF for cpu 1
[    0.886489] kernel: kvm-guest: stealtime: cpu 1, msr 26571f140
[    0.886499] kernel: smp: Brought up 1 node, 2 CPUs
[    0.886500] kernel: smpboot: Max logical packages: 2
[    0.886501] kernel: smpboot: Total of 2 processors activated (10375.62 BogoMIPS)
[    0.886996] kernel: devtmpfs: initialized
[    0.888041] kernel: clocksource: jiffies: mask: 0xffffffff max_cycles: 0xffffffff, max_idle_ns: 1913f8 (irq = 4, base_baud = 115200) is a 16550A
[    1.750358] kernel: Non-volatile memory driver v1.3
[    1.750413] kernel: Linux agpgart interface v0.103
[    1.755424] kernel: loop: module loaded
[    1.755637] kernel: ata_piix 0000:00:01.1: version 2.13
[    1.757179] kernel: scsi host0: ata_piix
[    1.757426] kernel: scsi host1: ata_piix
[    1.757499] kernel: ata1: PATA max MWDMA2 cmd 0x1f0 ctl 0x3f6 bmdma 0xc040 irq 14
[    1.757501] kernel: ata2: PATA max MWDMA2 cmd 0x170 ctl 0x376 bmdma 0xc048 irq 15
[    1.767468] kernel: libphy: Fixed MDIO Bus: probed
[    1.773220] kernel: e100: Intel(R) PRO/100 Network Driver
[    1.773222] kernel: e100: Copyright(c) 1999-2006 Intel Corporation
[    1.773232] kernel: e1000: Intel(R) PRO/1000 Network Driver
[    1.773233] kernel: e1000: Copyright (c) 1999-2006 Intel Corporation.
[    1.773252] kernel: e1000e: Intel(R) PRO/1000 Network Driver
[    1.773253] kernel: e1000e: Copyright(c) 1999 - 2015 Intel Corporation.
[    1.773272] kernel: s1260446275000 ns
[    0.888041] kernel: futex hash table entries: 512 (order: 3, 32768 bytes, linear)
[    0.888452] kernel: PM: RTC time: 13:03:53, date: 2023-03-09
[    0.888643] kernel: NET: Registered PF_NETLINK/PF_ROUTE protocol family
[    0.888819] kernel: audit: initializing netlink subsys (disabled)
[    0.888849] kernel: thermal_sys: Registered thermal governor 'step_wise'
[    0.888849] kernel: thermal_sys: Registered thermal governor 'user_space'
[    0.888849] kernel: audit: type=2000 audit(1678367034.051:1): state=initialized audit_enabled=0 res=1
[    0.888849] kernel: cpuidle: using governor menu
[    0.888849] kernel: ACPI: bus type PCI registered
[    0.888849] kernel: PCI: Using configuration type 1 for base access
[    0.895742] kernel: Kprobes globally optimized
[    0.896514] kernel: HugeTLB registered 2.00 MiB page size, pre-allocated 0 pages
[    0.896514] kernel: cryptomgr_test (26) used greatest stack depth: 31400 bytes left
[    0.897525] kernel: ACPI: Addedky2: driver version 1.30
[    1.773457] kernel: ehci_hcd: USB 2.0 'Enhanced' Host Controller (EHCI) Driver
[    1.773458] kernel: ehci-pci: EHCI PCI platform driver
[    1.773471] kernel: ohci_hcd: USB 1.1 'Open' Host Controller (OHCI) Driver
[    1.773475] kernel: ohci-pci: OHCI PCI platform driver
[    1.773485] kernel: uhci_hcd: USB Universal Host Controller Interface driver
[    1.773586] kernel: usbcore: registered new interface driver usblp
[    1.773600] kernel: usbcore: registered new interface driver usb-storage
[    1.773645] kernel: i8042: PNP: PS/2 Controller [PNP0303:KBD,PNP0f13:MOU] at 0x60,0x64 irq 1,12
[    1.774218] kernel: serio: i8042 KBD port at 0x60,0x64 irq 1
[    1.774223] kernel: serio: i8042 AUX port at 0x60,0x64 irq 12
[    1.774581] kernel: input: AT Translated Set 2 keyboard as /devices/platform/i8042/serio0/input/input1
[    1.788464] kernel: rtc_cmos 00:00: RTC can wake from S4
[    1.789621] kernel: rtc_cmos 00:00: registered as rtc0
[    1.789654] kerne _OSI(Module Device)
[    0.897525] kernel: ACPI: Added _OSI(Processor Device)
[    0.897525] kernel: ACPI: Added _OSI(3.0 _SCP Extensions)
[    0.897525] kernel: ACPI: Added _OSI(Processor Aggregator Device)
[    0.897525] kernel: ACPI: Added _OSI(Linux-Dell-Video)
[    0.897525] kernel: ACPI: Added _OSI(Linux-Lenovo-NV-HDMI-Audio)
[    0.897525] kernel: ACPI: Added _OSI(Linux-HPI-Hybrid-Graphics)
[    0.903688] kernel: ACPI: 1 ACPI AML tables successfully acquired and loaded
