2023/03/09 00:54:58 fuzzer started
2023/03/09 00:54:58 dialing manager at localhost:42025
2023/03/09 00:54:58 syscalls: 130
2023/03/09 00:54:58 code coverage: enabled
2023/03/09 00:54:58 comparison tracing: enabled
2023/03/09 00:54:58 extra coverage: enabled
2023/03/09 00:54:58 setuid sandbox: enabled
2023/03/09 00:54:58 namespace sandbox: /proc/self/ns/user does not exist
2023/03/09 00:54:58 Android sandbox: /sys/fs/selinux/policy can't be opened (open /sys/fs/selinux/policy: invalid argument)
2023/03/09 00:54:58 fault injection: CONFIG_FAULT_INJECTION_DEBUG_FS or CONFIG_FAILSLAB are not enabled
2023/03/09 00:54:58 leak checking: CONFIG_DEBUG_KMEMLEAK is not enabled
2023/03/09 00:54:58 net packet injection: /dev/net/tun does not exist
2023/03/09 00:54:58 net device setup: enabled
2023/03/09 00:54:58 concurrency sanitizer: /sys/kernel/debug/kcsan does not exist
2023/03/09 00:54:58 devlink PCI setup: enabled
2023/03/09 00:54:58 USB emulation: /dev/raw-gadget does not exist
2023/03/09 00:54:58 hci packet injection: /dev/vhci does not exist
2023/03/09 00:54:58 wifi device emulation: /sys/class/mac80211_hwsim/ does not exist
2023/03/09 00:54:58 802.15.4 emulation: /sys/bus/platform/devices/mac802154_hwsim does not exist
2023/03/09 00:54:59 deserializeInput: hasCrash true hasNet false
2023/03/09 00:54:59 prog length: 6
2023/03/09 00:54:59 prog length: 6
2023/03/09 00:54:59 prog length: 6
2023/03/09 00:54:59 deserializeInput: hasCrash true hasNet false
2023/03/09 00:54:59 prog length: 6
2023/03/09 00:54:59 prog length: 4
2023/03/09 00:54:59 deserializeInput: hasCrash true hasNet false
2023/03/09 00:54:59 prog length: 6
2023/03/09 00:54:59 prog length: 6
2023/03/09 00:54:59 prog length: 5
2023/03/09 00:54:59 deserializeInput: hasCrash true hasNet false
2023/03/09 00:54:59 prog length: 6
2023/03/09 00:54:59 prog length: 3
2023/03/09 00:54:59 deserializeInput: hasCrash true hasNet false
2023/03/09 00:54:59 prog length: 6
2023/03/09 00:54:59 prog length: 6
2023/03/09 00:54:59 prog length: 5
2023/03/09 00:54:59 deserializeInput: hasCrash true hasNet false
2023/03/09 00:54:59 prog length: 6
2023/03/09 00:54:59 prog length: 6
2023/03/09 00:54:59 prog length: 5
2023/03/09 00:54:59 deserializeInput: hasCrash true hasNet false
2023/03/09 00:54:59 prog length: 6
2023/03/09 00:54:59 prog length: 3
2023/03/09 00:54:59 deserializeInput: hasCrash true hasNet false
2023/03/09 00:54:59 prog length: 6
2023/03/09 00:54:59 prog length: 6
2023/03/09 00:54:59 prog length: 5
2023/03/09 00:54:59 deserializeInput: hasCrash true hasNet false
2023/03/09 00:54:59 prog length: 6
2023/03/09 00:54:59 prog length: 3
2023/03/09 00:54:59 deserializeInput: hasCrash true hasNet false
2023/03/09 00:54:59 prog length: 6
2023/03/09 00:54:59 prog length: 6
2023/03/09 00:54:59 prog length: 5
2023/03/09 00:54:59 deserializeInput: hasCrash true hasNet false
2023/03/09 00:54:59 prog length: 6
2023/03/09 00:54:59 prog length: 6
2023/03/09 00:54:59 prog length: 5
2023/03/09 00:54:59 deserializeInput: hasCrash true hasNet false
2023/03/09 00:54:59 prog length: 6
2023/03/09 00:54:59 prog length: 3
2023/03/09 00:54:59 deserializeInput: hasCrash true hasNet false
2023/03/09 00:54:59 prog length: 6
2023/03/09 00:54:59 prog length: 6
2023/03/09 00:54:59 prog length: 5
2023/03/09 00:54:59 deserializeInput: hasCrash true hasNet false
2023/03/09 00:54:59 prog length: 6
2023/03/09 00:54:59 prog length: 6
2023/03/09 00:54:59 prog length: 6
2023/03/09 00:54:59 prog length: 7
2023/03/09 00:54:59 deserializeInput: hasCrash true hasNet false
2023/03/09 00:54:59 prog length: 6
2023/03/09 00:54:59 prog length: 8
2023/03/09 00:54:59 deserializeInput: hasCrash true hasNet false
2023/03/09 00:54:59 prog length: 6
2023/03/09 00:54:59 prog length: 6
2023/03/09 00:54:59 prog length: 5
2023/03/09 00:54:59 deserializeInput: hasCrash true hasNet false
2023/03/09 00:54:59 prog length: 6
2023/03/09 00:54:59 prog length: 3
2023/03/09 00:54:59 deserializeInput: hasCrash true hasNet false
2023/03/09 00:54:59 prog length: 6
2023/03/09 00:54:59 prog length: 3
2023/03/09 00:54:59 deserializeInput: hasCrash true hasNet false
2023/03/09 00:54:59 prog length: 6
2023/03/09 00:54:59 prog length: 4
2023/03/09 00:54:59 deserializeInput: hasCrash true hasNet false
2023/03/09 00:54:59 prog length: 6
2023/03/09 00:54:59 prog length: 3
2023/03/09 00:54:59 deserializeInput: hasCrash true hasNet false
2023/03/09 00:54:59 prog length: 6
2023/03/09 00:54:59 prog length: 4
2023/03/09 00:54:59 deserializeInput: hasCrash true hasNet false
2023/03/09 00:54:59 prog length: 6
2023/03/09 00:54:59 prog length: 3
2023/03/09 00:54:59 deserializeInput: hasCrash true hasNet false
2023/03/09 00:54:59 prog length: 6
2023/03/09 00:54:59 prog length: 6
2023/03/09 00:54:59 prog length: 15
2023/03/09 00:54:59 deserializeInput: hasCrash false hasNet false
2023/03/09 00:54:59 prog length: 3
2023/03/09 00:54:59 deserializeInput: hasCrash true hasNet false
2023/03/09 00:54:59 prog length: 6
2023/03/09 00:54:59 prog length: 3
2023/03/09 00:54:59 deserializeInput: hasCrash true hasNet false
2023/03/09 00:54:59 prog length: 6
2023/03/09 00:54:59 prog length: 3
2023/03/09 00:54:59 deserializeInput: hasCrash false hasNet false
2023/03/09 00:54:59 prog length: 1
2023/03/09 00:54:59 deserializeInput: hasCrash true hasNet false
2023/03/09 00:54:59 prog length: 6
2023/03/09 00:54:59 prog length: 3
2023/03/09 00:54:59 deserializeInput: hasCrash true hasNet false
2023/03/09 00:54:59 prog length: 6
2023/03/09 00:54:59 prog length: 3
2023/03/09 00:54:59 deserializeInput: hasCrash true hasNet false
2023/03/09 00:54:59 prog length: 6
2023/03/09 00:54:59 prog length: 3
2023/03/09 00:54:59 deserializeInput: hasCrash true hasNet false
2023/03/09 00:54:59 prog length: 6
2023/03/09 00:54:59 prog length: 6
2023/03/09 00:54:59 prog length: 5
2023/03/09 00:54:59 deserializeInput: hasCrash false hasNet false
2023/03/09 00:54:59 prog length: 1
2023/03/09 00:54:59 deserializeInput: hasCrash true hasNet false
2023/03/09 00:54:59 prog length: 6
2023/03/09 00:54:59 prog length: 6
2023/03/09 00:54:59 prog length: 5
2023/03/09 00:54:59 deserializeInput: hasCrash true hasNet false
2023/03/09 00:54:59 prog length: 6
2023/03/09 00:54:59 prog length: 3
2023/03/09 00:54:59 deserializeInput: hasCrash true hasNet false
2023/03/09 00:54:59 prog length: 6
2023/03/09 00:54:59 prog length: 6
2023/03/09 00:54:59 prog length: 5
2023/03/09 00:54:59 deserializeInput: hasCrash true hasNet false
2023/03/09 00:54:59 prog length: 6
2023/03/09 00:54:59 prog length: 3
2023/03/09 00:54:59 deserializeInput: hasCrash true hasNet false
2023/03/09 00:54:59 prog length: 6
2023/03/09 00:54:59 prog length: 3
2023/03/09 00:54:59 deserializeInput: hasCrash true hasNet false
2023/03/09 00:54:59 prog length: 6
2023/03/09 00:54:59 prog length: 3
2023/03/09 00:54:59 deserializeInput: hasCrash true hasNet false
2023/03/09 00:54:59 prog length: 6
2023/03/09 00:54:59 prog length: 4
2023/03/09 00:54:59 deserializeInput: hasCrash true hasNet false
2023/03/09 00:54:59 prog length: 6
2023/03/09 00:54:59 prog length: 4
2023/03/09 00:54:59 deserializeInput: hasCrash true hasNet false
2023/03/09 00:54:59 prog length: 6
2023/03/09 00:54:59 prog length: 6
2023/03/09 00:54:59 prog length: 5
2023/03/09 00:54:59 deserializeInput: hasCrash true hasNet false
2023/03/09 00:54:59 prog length: 6
2023/03/09 00:54:59 prog length: 3
2023/03/09 00:54:59 deserializeInput: hasCrash true hasNet false
2023/03/09 00:54:59 prog length: 6
2023/03/09 00:54:59 prog length: 3
2023/03/09 00:54:59 deserializeInput: hasCrash true hasNet false
2023/03/09 00:54:59 prog length: 6
2023/03/09 00:54:59 prog length: 3
2023/03/09 00:54:59 deserializeInput: hasCrash true hasNet false
2023/03/09 00:54:59 prog length: 6
2023/03/09 00:54:59 prog length: 3
2023/03/09 00:54:59 deserializeInput: hasCrash true hasNet false
2023/03/09 00:54:59 prog length: 6
2023/03/09 00:54:59 prog length: 6
2023/03/09 00:54:59 prog length: 6
2023/03/09 00:54:59 deserializeInput: hasCrash true hasNet false
2023/03/09 00:54:59 prog length: 6
2023/03/09 00:54:59 prog length: 3
2023/03/09 00:54:59 deserializeInput: hasCrash true hasNet false
2023/03/09 00:54:59 prog length: 6
2023/03/09 00:54:59 prog length: 3
2023/03/09 00:54:59 deserializeInput: hasCrash true hasNet false
2023/03/09 00:54:59 prog length: 6
2023/03/09 00:54:59 prog length: 3
2023/03/09 00:54:59 deserializeInput: hasCrash true hasNet false
2023/03/09 00:54:59 prog length: 6
2023/03/09 00:54:59 prog length: 4
2023/03/09 00:54:59 fetching corpus: 50, signal 4188/14848/20322 (executing program)
2023/03/09 00:54:59 deserializeInput: hasCrash true hasNet false
2023/03/09 00:54:59 prog length: 6
2023/03/09 00:54:59 prog length: 3
2023/03/09 00:54:59 deserializeInput: hasCrash true hasNet false
2023/03/09 00:54:59 prog length: 6
2023/03/09 00:54:59 prog length: 4
2023/03/09 00:54:59 deserializeInput: hasCrash true hasNet false
2023/03/09 00:54:59 prog length: 6
2023/03/09 00:54:59 prog length: 3
2023/03/09 00:54:59 deserializeInput: hasCrash true hasNet false
2023/03/09 00:54:59 prog length: 6
2023/03/09 00:54:59 prog length: 6
2023/03/09 00:54:59 prog length: 6
2023/03/09 00:54:59 prog length: 7
2023/03/09 00:54:59 deserializeInput: hasCrash true hasNet false
2023/03/09 00:54:59 prog length: 6
2023/03/09 00:54:59 prog length: 6
2023/03/09 00:54:59 prog length: 5
2023/03/09 00:54:59 deserializeInput: hasCrash true hasNet false
2023/03/09 00:54:59 prog length: 6
2023/03/09 00:54:59 prog length: 6
2023/03/09 00:54:59 prog length: 5
2023/03/09 00:54:59 deserializeInput: hasCrash true hasNet false
2023/03/09 00:54:59 prog length: 6
2023/03/09 00:54:59 prog length: 3
2023/03/09 00:54:59 deserializeInput: hasCrash true hasNet false
2023/03/09 00:54:59 prog length: 6
2023/03/09 00:54:59 prog length: 3
2023/03/09 00:54:59 deserializeInput: hasCrash true hasNet false
2023/03/09 00:54:59 prog length: 6
2023/03/09 00:54:59 prog length: 6
2023/03/09 00:54:59 prog length: 5
2023/03/09 00:54:59 deserializeInput: hasCrash true hasNet false
2023/03/09 00:54:59 prog length: 6
2023/03/09 00:54:59 prog length: 3
2023/03/09 00:54:59 deserializeInput: hasCrash true hasNet false
2023/03/09 00:54:59 prog length: 6
2023/03/09 00:54:59 prog length: 6
2023/03/09 00:54:59 prog length: 5
2023/03/09 00:54:59 deserializeInput: hasCrash true hasNet false
2023/03/09 00:54:59 prog length: 6
2023/03/09 00:54:59 prog length: 6
2023/03/09 00:54:59 prog length: 5
2023/03/09 00:54:59 deserializeInput: hasCrash true hasNet false
2023/03/09 00:54:59 prog length: 6
2023/03/09 00:54:59 prog length: 3
2023/03/09 00:54:59 deserializeInput: hasCrash true hasNet false
2023/03/09 00:54:59 prog length: 6
2023/03/09 00:54:59 prog length: 6
2023/03/09 00:54:59 prog length: 5
2023/03/09 00:54:59 deserializeInput: hasCrash true hasNet false
2023/03/09 00:54:59 prog length: 6
2023/03/09 00:54:59 prog length: 6
2023/03/09 00:54:59 prog length: 5
2023/03/09 00:54:59 deserializeInput: hasCrash true hasNet false
2023/03/09 00:54:59 prog length: 6
2023/03/09 00:54:59 prog length: 6
2023/03/09 00:54:59 prog length: 6
2023/03/09 00:54:59 deserializeInput: hasCrash true hasNet false
2023/03/09 00:54:59 prog length: 6
2023/03/09 00:54:59 prog length: 6
2023/03/09 00:54:59 prog length: 5
2023/03/09 00:54:59 deserializeInput: hasCrash true hasNet false
2023/03/09 00:54:59 prog length: 6
2023/03/09 00:54:59 prog length: 3
2023/03/09 00:54:59 deserializeInput: hasCrash true hasNet false
2023/03/09 00:54:59 prog length: 6
2023/03/09 00:54:59 prog length: 6
2023/03/09 00:54:59 prog length: 5
2023/03/09 00:54:59 deserializeInput: hasCrash true hasNet false
2023/03/09 00:54:59 prog length: 6
2023/03/09 00:54:59 prog length: 6
2023/03/09 00:54:59 prog length: 5
2023/03/09 00:54:59 deserializeInput: hasCrash false hasNet false
2023/03/09 00:54:59 prog length: 1
2023/03/09 00:54:59 deserializeInput: hasCrash true hasNet false
2023/03/09 00:54:59 prog length: 6
2023/03/09 00:54:59 prog length: 3
2023/03/09 00:54:59 deserializeInput: hasCrash true hasNet false
2023/03/09 00:54:59 prog length: 6
2023/03/09 00:54:59 prog length: 6
2023/03/09 00:54:59 prog length: 5
2023/03/09 00:54:59 deserializeInput: hasCrash true hasNet false
2023/03/09 00:54:59 prog length: 6
2023/03/09 00:54:59 prog length: 3
2023/03/09 00:54:59 deserializeInput: hasCrash true hasNet false
2023/03/09 00:54:59 prog length: 6
2023/03/09 00:54:59 prog length: 5
2023/03/09 00:54:59 deserializeInput: hasCrash true hasNet false
2023/03/09 00:54:59 prog length: 6
2023/03/09 00:54:59 prog length: 6
2023/03/09 00:54:59 prog length: 6
2023/03/09 00:54:59 deserializeInput: hasCrash true hasNet false
2023/03/09 00:54:59 prog length: 6
2023/03/09 00:54:59 prog length: 3
2023/03/09 00:54:59 deserializeInput: hasCrash true hasNet false
2023/03/09 00:54:59 prog length: 6
2023/03/09 00:54:59 prog length: 3
2023/03/09 00:54:59 deserializeInput: hasCrash true hasNet false
2023/03/09 00:54:59 prog length: 6
2023/03/09 00:54:59 prog length: 3
2023/03/09 00:54:59 deserializeInput: hasCrash true hasNet false
2023/03/09 00:54:59 prog length: 6
2023/03/09 00:54:59 prog length: 6
2023/03/09 00:54:59 prog length: 6
2023/03/09 00:54:59 prog length: 7
2023/03/09 00:54:59 deserializeInput: hasCrash true hasNet false
2023/03/09 00:54:59 prog length: 6
2023/03/09 00:54:59 prog length: 3
2023/03/09 00:54:59 deserializeInput: hasCrash true hasNet false
2023/03/09 00:54:59 prog length: 6
2023/03/09 00:54:59 prog length: 3
2023/03/09 00:54:59 deserializeInput: hasCrash true hasNet false
2023/03/09 00:54:59 prog length: 6
2023/03/09 00:54:59 prog length: 6
2023/03/09 00:54:59 prog length: 6
2023/03/09 00:54:59 prog length: 7
2023/03/09 00:54:59 deserializeInput: hasCrash false hasNet false
2023/03/09 00:54:59 prog length: 6
2023/03/09 00:54:59 deserializeInput: hasCrash true hasNet false
2023/03/09 00:54:59 prog length: 6
2023/03/09 00:54:59 prog length: 3
2023/03/09 00:54:59 deserializeInput: hasCrash true hasNet false
2023/03/09 00:54:59 prog length: 6
2023/03/09 00:54:59 prog length: 3
2023/03/09 00:54:59 deserializeInput: hasCrash true hasNet false
2023/03/09 00:54:59 prog length: 6
2023/03/09 00:54:59 prog length: 3
2023/03/09 00:54:59 deserializeInput: hasCrash true hasNet false
2023/03/09 00:54:59 prog length: 6
2023/03/09 00:54:59 prog length: 6
2023/03/09 00:54:59 prog length: 5
2023/03/09 00:54:59 deserializeInput: hasCrash true hasNet false
2023/03/09 00:54:59 prog length: 6
2023/03/09 00:54:59 prog length: 6
2023/03/09 00:54:59 prog length: 6
2023/03/09 00:54:59 prog length: 7
2023/03/09 00:54:59 deserializeInput: hasCrash true hasNet false
2023/03/09 00:54:59 prog length: 6
2023/03/09 00:54:59 prog length: 3
2023/03/09 00:54:59 deserializeInput: hasCrash true hasNet false
2023/03/09 00:54:59 prog length: 6
2023/03/09 00:54:59 prog length: 3
2023/03/09 00:54:59 deserializeInput: hasCrash true hasNet false
2023/03/09 00:54:59 prog length: 6
2023/03/09 00:54:59 prog length: 3
2023/03/09 00:54:59 deserializeInput: hasCrash true hasNet false
2023/03/09 00:54:59 prog length: 6
2023/03/09 00:54:59 prog length: 3
2023/03/09 00:54:59 deserializeInput: hasCrash true hasNet false
2023/03/09 00:54:59 prog length: 6
2023/03/09 00:54:59 prog length: 3
2023/03/09 00:54:59 deserializeInput: hasCrash true hasNet false
2023/03/09 00:54:59 prog length: 6
2023/03/09 00:54:59 prog length: 6
2023/03/09 00:54:59 prog length: 5
2023/03/09 00:54:59 deserializeInput: hasCrash true hasNet false
2023/03/09 00:54:59 prog length: 6
2023/03/09 00:54:59 prog length: 3
2023/03/09 00:54:59 deserializeInput: hasCrash true hasNet false
2023/03/09 00:54:59 prog length: 6
2023/03/09 00:54:59 prog length: 6
2023/03/09 00:54:59 prog length: 6
2023/03/09 00:54:59 prog length: 7
2023/03/09 00:54:59 deserializeInput: hasCrash true hasNet false
2023/03/09 00:54:59 prog length: 6
2023/03/09 00:54:59 prog length: 6
2023/03/09 00:54:59 prog length: 5
2023/03/09 00:54:59 deserializeInput: hasCrash true hasNet false
2023/03/09 00:54:59 prog length: 6
2023/03/09 00:54:59 prog length: 6
2023/03/09 00:54:59 prog length: 5
2023/03/09 00:54:59 deserializeInput: hasCrash true hasNet false
2023/03/09 00:54:59 prog length: 6
2023/03/09 00:54:59 prog length: 3
2023/03/09 00:54:59 fetching corpus: 100, signal 4669/16485/23509 (executing program)
2023/03/09 00:54:59 deserializeInput: hasCrash true hasNet false
2023/03/09 00:54:59 prog length: 6
2023/03/09 00:54:59 prog length: 6
2023/03/09 00:54:59 prog length: 7
2023/03/09 00:54:59 deserializeInput: hasCrash true hasNet false
2023/03/09 00:54:59 prog length: 6
2023/03/09 00:54:59 prog length: 3
2023/03/09 00:54:59 deserializeInput: hasCrash true hasNet false
2023/03/09 00:54:59 prog length: 6
2023/03/09 00:54:59 prog length: 6
2023/03/09 00:54:59 prog length: 5
2023/03/09 00:54:59 deserializeInput: hasCrash true hasNet false
2023/03/09 00:54:59 prog length: 6
2023/03/09 00:54:59 prog length: 3
2023/03/09 00:55:00 deserializeInput: hasCrash true hasNet false
2023/03/09 00:55:00 prog length: 6
2023/03/09 00:55:00 prog length: 3
2023/03/09 00:55:00 deserializeInput: hasCrash true hasNet false
2023/03/09 00:55:00 prog length: 6
2023/03/09 00:55:00 prog length: 3
2023/03/09 00:55:00 deserializeInput: hasCrash true hasNet false
2023/03/09 00:55:00 prog length: 6
2023/03/09 00:55:00 prog length: 8
2023/03/09 00:55:00 deserializeInput: hasCrash true hasNet false
2023/03/09 00:55:00 prog length: 6
2023/03/09 00:55:00 prog length: 3
2023/03/09 00:55:00 deserializeInput: hasCrash true hasNet false
2023/03/09 00:55:00 prog length: 6
2023/03/09 00:55:00 prog length: 6
2023/03/09 00:55:00 prog length: 5
2023/03/09 00:55:00 deserializeInput: hasCrash true hasNet false
2023/03/09 00:55:00 prog length: 6
2023/03/09 00:55:00 prog length: 6
2023/03/09 00:55:00 prog length: 5
2023/03/09 00:55:00 deserializeInput: hasCrash true hasNet false
2023/03/09 00:55:00 prog length: 6
2023/03/09 00:55:00 prog length: 6
2023/03/09 00:55:00 prog length: 5
2023/03/09 00:55:00 deserializeInput: hasCrash true hasNet false
2023/03/09 00:55:00 prog length: 6
2023/03/09 00:55:00 prog length: 6
2023/03/09 00:55:00 prog length: 5
2023/03/09 00:55:00 deserializeInput: hasCrash true hasNet false
2023/03/09 00:55:00 prog length: 6
2023/03/09 00:55:00 prog length: 6
2023/03/09 00:55:00 prog length: 6
2023/03/09 00:55:00 deserializeInput: hasCrash true hasNet false
2023/03/09 00:55:00 prog length: 6
2023/03/09 00:55:00 prog length: 3
2023/03/09 00:55:00 deserializeInput: hasCrash true hasNet false
2023/03/09 00:55:00 prog length: 6
2023/03/09 00:55:00 prog length: 3
2023/03/09 00:55:00 deserializeInput: hasCrash true hasNet false
2023/03/09 00:55:00 prog length: 6
2023/03/09 00:55:00 prog length: 3
2023/03/09 00:55:00 deserializeInput: hasCrash true hasNet false
2023/03/09 00:55:00 prog length: 6
2023/03/09 00:55:00 prog length: 6
2023/03/09 00:55:00 prog length: 5
2023/03/09 00:55:00 deserializeInput: hasCrash true hasNet false
2023/03/09 00:55:00 prog length: 6
2023/03/09 00:55:00 prog length: 6
2023/03/09 00:55:00 prog length: 5
2023/03/09 00:55:00 deserializeInput: hasCrash true hasNet false
2023/03/09 00:55:00 prog length: 6
2023/03/09 00:55:00 prog length: 6
2023/03/09 00:55:00 prog length: 10
2023/03/09 00:55:00 deserializeInput: hasCrash true hasNet false
2023/03/09 00:55:00 prog length: 6
2023/03/09 00:55:00 prog length: 3
2023/03/09 00:55:00 deserializeInput: hasCrash true hasNet false
2023/03/09 00:55:00 prog length: 6
2023/03/09 00:55:00 prog length: 6
2023/03/09 00:55:00 prog length: 5
2023/03/09 00:55:00 deserializeInput: hasCrash true hasNet false
2023/03/09 00:55:00 prog length: 6
2023/03/09 00:55:00 prog length: 3
2023/03/09 00:55:00 deserializeInput: hasCrash true hasNet false
2023/03/09 00:55:00 prog length: 6
2023/03/09 00:55:00 prog length: 3
2023/03/09 00:55:00 deserializeInput: hasCrash true hasNet false
2023/03/09 00:55:00 prog length: 6
2023/03/09 00:55:00 prog length: 3
2023/03/09 00:55:00 deserializeInput: hasCrash true hasNet false
2023/03/09 00:55:00 prog length: 6
2023/03/09 00:55:00 prog length: 6
2023/03/09 00:55:00 prog length: 6
2023/03/09 00:55:00 prog length: 7
2023/03/09 00:55:00 deserializeInput: hasCrash true hasNet false
2023/03/09 00:55:00 prog length: 6
2023/03/09 00:55:00 prog length: 6
2023/03/09 00:55:00 prog length: 5
2023/03/09 00:55:00 deserializeInput: hasCrash true hasNet false
2023/03/09 00:55:00 prog length: 6
2023/03/09 00:55:00 prog length: 3
2023/03/09 00:55:00 deserializeInput: hasCrash true hasNet false
2023/03/09 00:55:00 prog length: 6
2023/03/09 00:55:00 prog length: 6
2023/03/09 00:55:00 prog length: 5
2023/03/09 00:55:00 deserializeInput: hasCrash true hasNet false
2023/03/09 00:55:00 prog length: 6
2023/03/09 00:55:00 prog length: 6
2023/03/09 00:55:00 prog length: 5
2023/03/09 00:55:00 deserializeInput: hasCrash true hasNet false
2023/03/09 00:55:00 prog length: 6
2023/03/09 00:55:00 prog length: 3
2023/03/09 00:55:00 deserializeInput: hasCrash true hasNet false
2023/03/09 00:55:00 prog length: 6
2023/03/09 00:55:00 prog length: 6
2023/03/09 00:55:00 prog length: 5
2023/03/09 00:55:00 deserializeInput: hasCrash true hasNet false
2023/03/09 00:55:00 prog length: 6
2023/03/09 00:55:00 prog length: 6
2023/03/09 00:55:00 prog length: 5
2023/03/09 00:55:00 deserializeInput: hasCrash true hasNet false
2023/03/09 00:55:00 prog length: 6
2023/03/09 00:55:00 prog length: 6
2023/03/09 00:55:00 prog length: 5
2023/03/09 00:55:00 deserializeInput: hasCrash true hasNet false
2023/03/09 00:55:00 prog length: 6
2023/03/09 00:55:00 prog length: 6
2023/03/09 00:55:00 prog length: 5
2023/03/09 00:55:00 deserializeInput: hasCrash true hasNet false
2023/03/09 00:55:00 prog length: 6
2023/03/09 00:55:00 prog length: 6
2023/03/09 00:55:00 prog length: 5
2023/03/09 00:55:00 deserializeInput: hasCrash true hasNet false
2023/03/09 00:55:00 prog length: 6
2023/03/09 00:55:00 prog length: 6
2023/03/09 00:55:00 prog length: 5
2023/03/09 00:55:00 deserializeInput: hasCrash true hasNet false
2023/03/09 00:55:00 prog length: 6
2023/03/09 00:55:00 prog length: 6
2023/03/09 00:55:00 prog length: 5
2023/03/09 00:55:00 deserializeInput: hasCrash true hasNet false
2023/03/09 00:55:00 prog length: 6
2023/03/09 00:55:00 prog length: 3
2023/03/09 00:55:00 deserializeInput: hasCrash true hasNet false
2023/03/09 00:55:00 prog length: 6
2023/03/09 00:55:00 prog length: 3
2023/03/09 00:55:00 deserializeInput: hasCrash true hasNet false
2023/03/09 00:55:00 prog length: 6
2023/03/09 00:55:00 prog length: 6
2023/03/09 00:55:00 prog length: 6
2023/03/09 00:55:00 deserializeInput: hasCrash true hasNet false
2023/03/09 00:55:00 prog length: 6
2023/03/09 00:55:00 prog length: 6
2023/03/09 00:55:00 prog length: 5
2023/03/09 00:55:00 deserializeInput: hasCrash true hasNet false
2023/03/09 00:55:00 prog length: 6
2023/03/09 00:55:00 prog length: 3
2023/03/09 00:55:00 deserializeInput: hasCrash true hasNet false
2023/03/09 00:55:00 prog length: 6
2023/03/09 00:55:00 prog length: 6
2023/03/09 00:55:00 prog length: 5
2023/03/09 00:55:00 deserializeInput: hasCrash true hasNet false
2023/03/09 00:55:00 prog length: 6
2023/03/09 00:55:00 prog length: 6
2023/03/09 00:55:00 prog length: 5
2023/03/09 00:55:00 deserializeInput: hasCrash true hasNet false
2023/03/09 00:55:00 prog length: 6
2023/03/09 00:55:00 prog length: 3
2023/03/09 00:55:00 deserializeInput: hasCrash true hasNet false
2023/03/09 00:55:00 prog length: 6
2023/03/09 00:55:00 prog length: 3
2023/03/09 00:55:00 deserializeInput: hasCrash false hasNet false
2023/03/09 00:55:00 prog length: 3
2023/03/09 00:55:00 deserializeInput: hasCrash true hasNet false
2023/03/09 00:55:00 prog length: 6
2023/03/09 00:55:00 prog length: 6
2023/03/09 00:55:00 prog length: 5
2023/03/09 00:55:00 deserializeInput: hasCrash true hasNet false
2023/03/09 00:55:00 prog length: 6
2023/03/09 00:55:00 prog length: 3
2023/03/09 00:55:00 deserializeInput: hasCrash true hasNet false
2023/03/09 00:55:00 prog length: 6
2023/03/09 00:55:00 prog length: 3
2023/03/09 00:55:00 fetching corpus: 150, signal 4690/18551/26494 (executing program)
2023/03/09 00:55:00 deserializeInput: hasCrash true hasNet false
2023/03/09 00:55:00 prog length: 6
2023/03/09 00:55:00 prog length: 6
2023/03/09 00:55:00 prog length: 5
2023/03/09 00:55:00 deserializeInput: hasCrash true hasNet false
2023/03/09 00:55:00 prog length: 6
2023/03/09 00:55:00 prog length: 6
2023/03/09 00:55:00 prog length: 5
2023/03/09 00:55:00 deserializeInput: hasCrash true hasNet false
2023/03/09 00:55:00 prog length: 6
2023/03/09 00:55:00 prog length: 5
2023/03/09 00:55:00 deserializeInput: hasCrash true hasNet false
2023/03/09 00:55:00 prog length: 6
2023/03/09 00:55:00 prog length: 3
2023/03/09 00:55:00 deserializeInput: hasCrash true hasNet false
2023/03/09 00:55:00 prog length: 6
2023/03/09 00:55:00 prog length: 6
2023/03/09 00:55:00 prog length: 5
2023/03/09 00:55:00 deserializeInput: hasCrash true hasNet false
2023/03/09 00:55:00 prog length: 6
2023/03/09 00:55:00 prog length: 3
2023/03/09 00:55:00 deserializeInput: hasCrash true hasNet false
2023/03/09 00:55:00 prog length: 6
2023/03/09 00:55:00 prog length: 6
2023/03/09 00:55:00 prog length: 5
2023/03/09 00:55:00 deserializeInput: hasCrash true hasNet false
2023/03/09 00:55:00 prog length: 6
2023/03/09 00:55:00 prog length: 3
2023/03/09 00:55:00 deserializeInput: hasCrash true hasNet false
2023/03/09 00:55:00 prog length: 6
2023/03/09 00:55:00 prog length: 3
2023/03/09 00:55:00 deserializeInput: hasCrash true hasNet false
2023/03/09 00:55:00 prog length: 6
2023/03/09 00:55:00 prog length: 6
2023/03/09 00:55:00 prog length: 6
2023/03/09 00:55:00 deserializeInput: hasCrash true hasNet false
2023/03/09 00:55:00 prog length: 6
2023/03/09 00:55:00 prog length: 3
2023/03/09 00:55:00 deserializeInput: hasCrash true hasNet false
2023/03/09 00:55:00 prog length: 6
2023/03/09 00:55:00 prog length: 6
2023/03/09 00:55:00 prog length: 5
2023/03/09 00:55:00 deserializeInput: hasCrash true hasNet false
2023/03/09 00:55:00 prog length: 6
2023/03/09 00:55:00 prog length: 6
2023/03/09 00:55:00 prog length: 5
2023/03/09 00:55:00 deserializeInput: hasCrash true hasNet false
2023/03/09 00:55:00 prog length: 6
2023/03/09 00:55:00 prog length: 6
2023/03/09 00:55:00 prog length: 5
2023/03/09 00:55:00 deserializeInput: hasCrash true hasNet false
2023/03/09 00:55:00 prog length: 6
2023/03/09 00:55:00 prog length: 6
2023/03/09 00:55:00 prog length: 5
2023/03/09 00:55:00 deserializeInput: hasCrash true hasNet false
2023/03/09 00:55:00 prog length: 6
2023/03/09 00:55:00 prog length: 6
2023/03/09 00:55:00 prog length: 5
2023/03/09 00:55:00 deserializeInput: hasCrash true hasNet false
2023/03/09 00:55:00 prog length: 6
2023/03/09 00:55:00 prog length: 6
2023/03/09 00:55:00 prog length: 6
2023/03/09 00:55:00 deserializeInput: hasCrash true hasNet false
2023/03/09 00:55:00 prog length: 6
2023/03/09 00:55:00 prog length: 3
2023/03/09 00:55:00 deserializeInput: hasCrash true hasNet false
2023/03/09 00:55:00 prog length: 6
2023/03/09 00:55:00 prog length: 3
2023/03/09 00:55:00 deserializeInput: hasCrash true hasNet false
2023/03/09 00:55:00 prog length: 6
2023/03/09 00:55:00 prog length: 4
2023/03/09 00:55:00 deserializeInput: hasCrash true hasNet false
2023/03/09 00:55:00 prog length: 6
2023/03/09 00:55:00 prog length: 6
2023/03/09 00:55:00 prog length: 5
2023/03/09 00:55:00 deserializeInput: hasCrash false hasNet false
2023/03/09 00:55:00 prog length: 2
2023/03/09 00:55:00 deserializeInput: hasCrash true hasNet false
2023/03/09 00:55:00 prog length: 6
2023/03/09 00:55:00 prog length: 6
2023/03/09 00:55:00 prog length: 5
2023/03/09 00:55:00 deserializeInput: hasCrash true hasNet false
2023/03/09 00:55:00 prog length: 6
2023/03/09 00:55:00 prog length: 3
2023/03/09 00:55:00 deserializeInput: hasCrash true hasNet false
2023/03/09 00:55:00 prog length: 6
2023/03/09 00:55:00 prog length: 3
2023/03/09 00:55:00 deserializeInput: hasCrash true hasNet false
2023/03/09 00:55:00 prog length: 6
2023/03/09 00:55:00 prog length: 4
2023/03/09 00:55:00 deserializeInput: hasCrash true hasNet false
2023/03/09 00:55:00 prog length: 6
2023/03/09 00:55:00 prog length: 3
2023/03/09 00:55:00 deserializeInput: hasCrash true hasNet false
2023/03/09 00:55:00 prog length: 6
2023/03/09 00:55:00 prog length: 4
2023/03/09 00:55:00 deserializeInput: hasCrash true hasNet false
2023/03/09 00:55:00 prog length: 6
2023/03/09 00:55:00 prog length: 3
2023/03/09 00:55:00 deserializeInput: hasCrash true hasNet false
2023/03/09 00:55:00 prog length: 6
2023/03/09 00:55:00 prog length: 4
2023/03/09 00:55:00 deserializeInput: hasCrash false hasNet false
2023/03/09 00:55:00 prog length: 1
2023/03/09 00:55:00 deserializeInput: hasCrash true hasNet false
2023/03/09 00:55:00 prog length: 6
2023/03/09 00:55:00 prog length: 3
2023/03/09 00:55:00 deserializeInput: hasCrash true hasNet false
2023/03/09 00:55:00 prog length: 6
2023/03/09 00:55:00 prog length: 3
2023/03/09 00:55:00 fetching corpus: 183, signal 4690/19081/28019 (executing program)
2023/03/09 00:55:00 fetching corpus: 183, signal 4690/19081/29080 (executing program)
2023/03/09 00:55:00 fetching corpus: 183, signal 4690/19081/30157 (executing program)
2023/03/09 00:55:00 fetching corpus: 183, signal 4690/19081/31234 (executing program)
2023/03/09 00:55:00 fetching corpus: 183, signal 4690/19081/32312 (executing program)
2023/03/09 00:55:00 fetching corpus: 183, signal 4690/19081/33352 (executing program)
2023/03/09 00:55:00 fetching corpus: 183, signal 4690/19081/34386 (executing program)
2023/03/09 00:55:00 fetching corpus: 183, signal 4690/19081/35441 (executing program)
2023/03/09 00:55:00 fetching corpus: 183, signal 4690/19081/36491 (executing program)
2023/03/09 00:55:00 fetching corpus: 183, signal 4690/19081/37587 (executing program)
2023/03/09 00:55:00 fetching corpus: 183, signal 4690/19081/38667 (executing program)
2023/03/09 00:55:00 fetching corpus: 183, signal 4690/19081/39020 (executing program)
2023/03/09 00:55:00 fetching corpus: 183, signal 4690/19081/39020 (executing program)
2023/03/09 00:55:01 starting 1 fuzzer processes
2023/03/09 00:55:01 ----- generateCall 170 dup dup
2023/03/09 00:55:01 ----- generateCall 194 fchmod fchmod
2023/03/09 00:55:01 ----- generateCall 170 dup dup
2023/03/09 00:55:01 ----- generateCall 4129 write$binfmt_elf64 write$binfmt_elf64
2023/03/09 00:55:01 ----- generateCall 2753 read read
2023/03/09 00:55:01 ----- generateCall 2858 sendfile sendfile
2023/03/09 00:55:01 ----- generateCall 3765 symlinkat symlinkat
2023/03/09 00:55:01 ----- generateCall 236 fsetxattr$security_smack_transmute fsetxattr$security_smack_transmute
2023/03/09 00:55:01 ----- generateCall 2750 pwritev pwritev
2023/03/09 00:55:01 ----- generateCall 2462 openat openat
2023/03/09 00:55:01 ----- generateCall 204 fcntl$getflags fcntl$getflags
2023/03/09 00:55:01 ----- generateCall 236 fsetxattr$security_smack_transmute fsetxattr$security_smack_transmute
2023/03/09 00:55:01 ----- generateCall 196 fchown fchown
2023/03/09 00:55:01 ----- generateCall 2753 read read
2023/03/09 00:55:01 ----- generateCall 2458 open open
2023/03/09 00:55:01 ----- generateCall 259 getdents64 getdents64
2023/03/09 00:55:01 map[./file0:true ./file0/file0:true ./file1:true]
2023/03/09 00:55:01 HasCrashFail: false, .HasNetFail: false
2023/03/09 00:55:01 prog length: 20
2023/03/09 00:55:01 HasCrashFail:false HasNetFail:false
00:55:01 ---executing program 0:
---
---
---
r0 = dup(0xffffffffffffffff)
fchmod(r0, 0x0)
r1 = dup(r0)
r2 = open(&(0x7f0000000000)='./file0\x00', 0x8000, 0x4)
write$binfmt_elf64(r2, &(0x7f0000000040)={{0x7f, 0x45, 0x4c, 0x46, 0x80, 0x94, 0x8, 0xd8, 0x3, 0x2, 0x6, 0x0, 0xf6, 0x40, 0x3d2, 0x3, 0x7ff, 0x38, 0x2, 0x2, 0x7fff, 0x8}, [{0x1, 0x81, 0x80000000, 0x1000, 0x3, 0x5, 0x8}], "0c8aee1d2a825abdd8f3bba6746c7ac2d787146ed8048776ee4e25", ['\x00', '\x00', '\x00', '\x00', '\x00', '\x00']}, 0x693)
read(r1, &(0x7f0000000700)=""/106, 0x6a)
r3 = openat(r1, &(0x7f0000000780)='./file0\x00', 0x20400, 0x8)
sendfile(r3, r2, &(0x7f00000007c0)=0x2, 0x6)
symlinkat(&(0x7f0000000800)='./file0\x00', r3, &(0x7f0000000840)='./file0\x00')
fsetxattr$security_smack_transmute(r1, &(0x7f0000000880), &(0x7f00000008c0), 0x4, 0x1)
r4 = open(&(0x7f0000000900)='./file0\x00', 0x400001, 0x141)
pwritev(r4, &(0x7f0000000a80)=[{&(0x7f0000000940)="0204bbe82780d37a3ebf18127d3df0b9b7763d79a4b9d5173a7ec51bbb0e158b026b0a96f73624ba1b02932622", 0x2d}, {&(0x7f0000000980)="b6fdd82764ea9cde17852237a3ccfee0256706607bb7bf2bbc893c28e233e4004ebe3be114390b76ec2800cd9ceb40515738d73d933bb9a37c3c927b9e3b2e97dbaaf3fc8488dac34f4f94c5df6c499f80", 0x51}, {&(0x7f0000000a00)="58ab0d80e4de64cd4d16481867c1930ed6939a8502e7f752173cedf2e688de084d2506c239effb8ca9176b12f6eb56cb382b8b1e82eb217bc322e505129bf4827b3acda45253f6a439b94d1fb4e31f747058f5c91771f7335d204385ecce7d61b6b991123ea304c016603ee7cba082", 0x6f}], 0x3, 0x40, 0x4)
openat(0xffffffffffffff9c, &(0x7f0000000ac0)='./file1\x00', 0x490800, 0xa0)
fcntl$getflags(r2, 0x3)
r5 = openat(r4, &(0x7f0000000b00)='./file1\x00', 0x602403, 0x140)
fsetxattr$security_smack_transmute(r5, &(0x7f0000000b40), &(0x7f0000000b80), 0x4, 0x1)
fchown(r5, 0xee01, 0xffffffffffffffff)
read(0xffffffffffffffff, &(0x7f0000000bc0)=""/246, 0xf6)
open(&(0x7f0000000cc0)='./file0/file0\x00', 0x141000, 0x21)
getdents64(r2, &(0x7f0000000d00)=""/138, 0x8a)
---

end of program
2023/03/09 00:55:01 -----run executor: [/usr/bin/ssh -F /dev/null -o ConnectionAttempts=100 -o ConnectTimeout=120 -o UserKnownHostsFile=/dev/null -o BatchMode=yes -o IdentitiesOnly=yes -o StrictHostKeyChecking=no -o ConnectTimeout=100 -i /home/tlyu/dfs-fuzzing/disk-images/orangefs-images/focal.id_rsa root@192.168.0.35 /root/syz-executor exec 0 0 orangefs 3 4 192.168.0.35 0 "3 1" false false false true false]
2023/03/09 00:55:01 -----run executor: [/usr/bin/ssh -F /dev/null -o ConnectionAttempts=100 -o ConnectTimeout=120 -o UserKnownHostsFile=/dev/null -o BatchMode=yes -o IdentitiesOnly=yes -o StrictHostKeyChecking=no -o ConnectTimeout=100 -i /home/tlyu/dfs-fuzzing/disk-images/orangefs-images/focal.id_rsa root@192.168.0.36 /root/syz-executor exec 0 1 orangefs 3 4 192.168.0.35 0 "3 1" false false false true false]
2023/03/09 00:55:01 -----run executor: [/usr/bin/ssh -F /dev/null -o ConnectionAttempts=100 -o ConnectTimeout=120 -o UserKnownHostsFile=/dev/null -o BatchMode=yes -o IdentitiesOnly=yes -o StrictHostKeyChecking=no -o ConnectTimeout=100 -i /home/tlyu/dfs-fuzzing/disk-images/orangefs-images/focal.id_rsa root@192.168.0.37 /root/syz-executor exec 0 2 orangefs 3 4 192.168.0.35 0 "3 1" false false false true false]
Warning: Permanently added '192.168.0.35' (ECDSA) to the list of known hosts.
2023/03/09 00:55:01 -----run executor: [/usr/bin/ssh -F /dev/null -o ConnectionAttempts=100 -o ConnectTimeout=120 -o UserKnownHostsFile=/dev/null -o BatchMode=yes -o IdentitiesOnly=yes -o StrictHostKeyChecking=no -o ConnectTimeout=100 -i /home/tlyu/dfs-fuzzing/disk-images/orangefs-images/focal.id_rsa root@192.168.0.38 /root/syz-executor exec 1 3 orangefs 3 4 192.168.0.35 0 "3 1" false false false true false]
Warning: Permanently added '192.168.0.36' (ECDSA) to the list of known hosts.
Warning: Permanently added '192.168.0.37' (ECDSA) to the list of known hosts.
Warning: Permanently added '192.168.0.38' (ECDSA) to the list of known hosts.
----- is restarting 0
---- dfs_name orangefs is_dfs_client 0
unlink FIFO failed: No such file or directory
executor 0 finishes userspace_cover_open
before receiving handshake request
[    0.000000] kernel: Linux version 5.15.0+ (tlyu@IC-RS3-DPC07) (gcc (Ubuntu 9.4.0-1ubuntu1~20.04.1) 9.4.0, GNU ld (GNU Binutils for Ubuntu) 2.34) #7 SMP Sat Feb 18 10:18:37 CET 2023
[    0.000000] kernel: Command line: root=/dev/sda console=ttyS0 net.ifnames=0 ip=192.168.0.35 quiet
[    0.000000] kernel: x86/fpu: Supporting XSAVE feature 0x001: 'x87 floating point registers'
[    0.000000] kernel: x86/fpu: Supporting XSAVE feature 0x002: 'SSE registers'
[    0.000000] kernel: x86/fpu: Supporting XSAVE feature 0x004: 'AVX registers'
[    0.000000] kernel: x86/fpu: Supporting XSAVE feature 0x020: 'AVX-512 opmask'
[    0.000000] kernel: x86/fpu: Supporting XSAVE feature 0x040: 'AVX-512 Hi256'
[    0.000000] kernel: x86/fpu: Supporting XSAVE feature 0x080: 'AVX-512 ZMM_Hi256'
[    0.000000] kernel: x86/fpu: Supporting XSAVE feature 0x200: 'Protection Keys User registers'
[    0.000000] kernel: x86/fpu: xstate_offset[2]:  576, xstate_sizes[2]:  256
[    0.000000] kernel: x86/fpu: xstate_[D 01/16/2023 17:42:13] PVFS2 Server version 2.9.7-orangefs-REV-65ab0d2 starting.
[E 01/16/2023 17:43:19] PVFS2 server got signal 15 (server_status_flag: 2080767)
[D 02/18/2023 14:39:31] PVFS2 Server version 2.9.7-orangefs-REV-65ab0d2 starting.
[D 02/18/2023 14:47:30] PVFS2 received server: signal 1
[E 02/18/2023 14:47:30] PVFS2 server got signal 15 (server_status_flag: 2080767)
offset[5]:  832, xstate_sizes[5]:   64
[    0.000000] kernel: x86/fpu: xstate_offset[6]:  896, xstate_sizes[6]:  512
[    0.000000] kernel: x86/fpu: xstate_offset[7]: 1408, xstate_sizes[7]: 1024
[    0.000000] kernel: x86/fpu: xstate_offset[9]: 2432, xstate_sizes[9]:    8
[    0.000000] kernel: x86/fpu: Enabled xstate features 0x2e7, context size is 2440 bytes, using 'compacted' format.
[    0.000000] kernel: signal: max sigframe size: 3632
[    0.000000] kernel: BIOS-provided physical RAM map:
[    0.000000] kernel: BIOS-e820: [mem 0x0000000000000000-0x000000000009fbff] usable
[    0.000000] kernel: BIOS-e820: [mem 0x000000000009fc00-0x000000000009ffff] reserved
[    0.000000] kernel: BIOS-e820: [mem 0x00000000000f0000-0x00000000000fffff] reserved
[    0.000000] kernel: BIOS-e820: [mem 0x0000000000100000-0x00000000bffdffff] usable
[    0.000000] kernel: BIOS-e820: [mem 0x00000000bffe0000-0x00000000bfffffff] reserved
[    0.000000] kernel: BIOS-e820: [mem 0x00000000feffc000-0x00000000feffffff] reserved
[    0.000000] kernel: BIOS-e820: [mem 0x00000000fffc0000-0x00000000ffffffff] reserved
[    0.000000] kernel: BIOS-e820: [mem 0x0000000100000000-0x00000002bfffffff] usable
[    0.000000] kernel: NX (Execute Disable) protection: active
[    0.000000] kernel: SMBIOS 2.8 present.
[    0.000000] kernel: DMI: QEMU Standard PC (i440FX + PIIX, 1996), BIOS 1.13.0-1ubuntu1.1 04/01/2014
[    0.000000] kernel: Hypervisor detected: KVM
[    0.000000] kernel: kvm-clock: Using msrs 4b564d01 and 4b564d00
[    0.000000] kernel: kvm-clock: cpu 0, msr f86e001, primary cpu clock
[    0.000001] kernel: kvm-clock: using sched offset of 645759200 cycles
[    0.000003] kernel: clocksource: kvm-clock: mask: 0xffffffffffffffff max_cycles: 0x1cd42e4dffb, max_idle_ns: 881590591483 ns
[    0.000005] kernel: tsc: Detected 2593.906 MHz processor
[    0.000428] kernel: e820: update [mem 0x00000000-0x00000fff] usable ==> reserved
[    0.000431] kernel: e820: remove [mem 0x000a0000-0x000fffff] usable
[    0.000434] kernel: last_pfn = 0x2c0000 max_arch_pfn = 0x10000000000
[    0.000478] kernel: x86/PAT: Configuration [0-7]: WB  WC  UC- UC  WB  WP  UC- WT  
[    0.000483] kernel: last_pfn = 0xbffe0 max_arch_pfn = 0x10000000000
[    0.004840] kernel: found SMP MP-table at [mem 0x000f5c80-0x000f5c8f]
[    0.004861] kernel: Using GB pages for direct mapping
[    0.005470] kernel: ACPI: Early table checksum verification disabled
[    0.005475] kernel: ACPI: RSDP 0x00000000000F5A50 000014 (v00 BOCHS )
[    0.005482] kernel: ACPI: RSDT 0x00000000BFFE15C9 000030 (v01 BOCHS  BXPCRSDT 00000001 BXPC 00000001)
[    0.005486] kernel: ACPI: FACP 0x00000000BFFE149D 000074 (v01 BOCHS  BXPCFACP 00000001 BXPC 00000001)
[    0.005491] kernel: ACPI: DSDT 0x00000000BFFE0040 00145D (v01 BOCHS  BXPCDSDT 00000001 BXPC 00000001)
[    0.005494] kernel: ACPI: FACS 0x00000000BFFE0000 000040
[    0.005496] kernel: ACPI: APIC 0x00000000BFFE1511 000080 (v01 BOCHS  BXPCAPIC 00000001 BXPC 00000001)
[    0.00549----- is restarting 0
---- dfs_name orangefs is_dfs_client 0
unlink FIFO failed: No such file or directory
[    0.000000] kernel: Linux version 5.15.0+ (tlyu@IC-RS3-DPC07) (gcc (Ubuntu 9.4.0-1ubuntu1~20.04.1) 9.4.0, GNU ld (GNU Binutils for Ubuntu) 2.34) #7 SMP Sat Feb 18 10:18:37 CET 2023
[    0.000000] kernel: Command line: root=/dev/sda console=ttyS0 net.ifnames=0 ip=192.168.0.36 quiet
[    0.000000] kernel: x86/fpu: Supporting XSAVE feature 0x001: 'x87 floating point registers'
[    0.000000] kernel: x86/fpu: Supporting XSAVE feature 0x002: 'SSE registers'
[    0.000000] kernel: x86/fpu: Supporting XSAVE feature 0x004: 'AVX registers'
[    0.000000] kernel: x86/fpu: Supporting XSAVE feature 0x020: 'AVX-512 opmask'
[    0.000000] kernel: x86/fpu: Supporting XSAVE feature 0x040: 'AVX-512 Hi256'
[    0.000000] kernel: x86/fpu: Supporting XSAVE feature 0x080: 'AVX-512 ZMM_Hi256'
[    0.000000] kernel: x86/fpu: Supporting XSAVE feature 0x200: 'Protection Keys User registers'
[    0.000000] kernel: x86/fpu: xstate_offset[2]:  576, xstate_sizes[2]:  256
[    0.000000] kernel: x86/fpu: xstate_[D 01/16/2023 17:42:13] PVFS2 Server version 2.9.7-orangefs-REV-65ab0d2 starting.
[E 01/16/2023 17:43:19] PVFS2 server got signal 15 (server_status_flag: 2080767)
[D 02/18/2023 14:39:31] PVFS2 Server version 2.9.7-orangefs-REV-65ab0d2 starting.
[D 02/18/2023 14:47:30] PVFS2 received server: signal 1
[E 02/18/2023 14:47:30] PVFS2 server got signal 15 (server_status_flag: 2080767)
offset[5]:  832, xstate_sizes[5]:   64
[    0.000000] kernel: x86/fpu: xstate_offset[6]:  896, xstate_sizes[6]:  512
[    0.000000] kernel: x86/fpu: xstate_offset[7]: 1408, xstate_sizes[7]: 1024
[    0.000000] kernel: x86/fpu: xstate_offset[9]: 2432, xstate_sizes[9]:    8
[    0.000000] kernel: x86/fpu: Enabled xstate features 0x2e7, context size is 2440 bytes, using 'compacted' format.
[    0.000000] kernel: signal: max sigframe size: 3632
[    0.000000] kernel: BIOS-provided physical RAM map:
[    0.000000] kernel: BIOS-e820: [mem 0x0000000000000000-0x000000000009fbff] usable
[    0.000000] kernel: BIOS-e820: [mem 0x000000000009fc00-0x000000000009ffff] reserved
[    0.000000] kernel: BIOS-e820: [mem 0x00000000000f0000-0x00000000000fffff] reserved
[    0.000000] kernel: BIOS-e820: [mem 0x0000000000100000-0x00000000bffdffff] usable
[    0.000000] kernel: BIOS-e820: [mem 0x00000000bffe0000-0x00000000bfffffff] reserved
[    0.000000] kernel: BIOS-e820: [mem 0x00000000feffc000-0x000000008] kernel: ACPI: HPET 0x00000000BFFE1591 000038 (v01 BOCHS  BXPCHPET 00000001 BXPC 00000001)
[    0.005500] kernel: ACPI: Reserving FACP table memory at [mem 0xbffe149d-0xbffe1510]
[    0.005502] kernel: ACPI: Reserving DSDT table memory at [mem 0xbffe0040-0xbffe149c]
[    0.005502] kernel: ACPI: Reserving FACS table memory at [mem 0xbffe0000-0xbffe003f]
[    0.005503] kernel: ACPI: Reserving APIC table memory at [mem 0xbffe1511-0xbffe1590]
[    0.005504] kernel: ACPI: Reserving HPET table memory at [mem 0xbffe1591-0xbffe15c8]
[    0.005760] kernel: No NUMA configuration found
[    0.005761] kernel: Faking a node at [mem 0x0000000000000000-0x00000002bfffffff]
[    0.005764] kernel: NODE_DATA(0) allocated [mem 0x2bfffa000-0x2bfffdfff]
[    0.005810] kernel: Zone ranges:
[    0.005811] kernel:   DMA      [mem 0x0000000000001000-0x0000000000ffffff]
[    0.005812] kernel:   DMA32    [mem 0x0000000001000000-0x00000000ffffffff]
[    0.005813] kernel:   Normal   [mem 0x0000000100000000-0x00000002bfffffff]
[    0.005814] kernel: Movable zone start for each node
[    0.005815] kernel: Early memory node ranges
[    0.005815] kernel:   node   0: [mem 0x0000000000001000-0x000000000009efff]
[    0.005817] kernel:   node   0: [mem 0x0000000000100000-0x00000000bffdffff]
[    0.005817] kernel:   node   0: [mem 0x0000000100000000-0x00000002bfffffff]
[    0.005819] kernel: Initmem setup node 0 [mem 0x0000000000001000-0x00000002bfffffff]
[    0.006282] kernel: On node 0, zone DMA: 1 pages in unavailable ranges
[    0.006294] kernel: On node 0, zone DMA: 97 pages in unavailable ranges
[    0.068760] kernel: On node 0, zone Normal: 32 pages in unavailable ranges
[    0.479286] kernel: kasan: KernelAddressSanitizer initialized
[    0.479617] kernel: ACPI: PM-Timer IO Port: 0x608
[    0.479624] kernel: ACPI: LAPIC_NMI (acpi_id[0xff] dfl dfl lint[0x1])
[    0.479659] kernel: IOAPIC[0]: apic_id 0, version 17, address 0xfec00000, GSI 0-23
[    0.479662] kernel: ACPI: INT_SRC_OVR (bus 0 bus_irq 0 global_irq 2 dfl dfl)
[    0.479663] kernel: ACPI: INT_SRC_OVR (bus 0 bus_irq 5 global_irq 5 high level)
[    0.479664] kernel: ACPI: INT_SRC_OVR (bus 0 bus_irq 9 global_irq 9 high level)
[    0.479665] kernel: ACPI: INT_SRC_OVR (bus 0 bus_irq 10 global_irq 10 high level)
[    0.479667] kernel: ACPI: INT_SRC_OVR (bus 0 bus_irq 11 global_irq 11 high level)
[    0.479669] kernel: ACPI: Using ACPI (MADT) for SMP configuration information
[    0.479670] kernel: ACPI: HPET id: 0x8086a201 base: 0xfed00000
[    0.479674] kernel: TSC deadline timer available
[    0.479675] kernel: smpboot: Allowing 2 CPUs, 0 hotplug CPUs
[    0.479695] kernel: kvm-guest: KVM setup pv remote TLB flush
[    0.479699] kernel: kvm-guest: setup PV sched yield
[    0.479706] kernel: PM: hibernation: Registered nosave memory: [mem 0x00000000-0x00000fff]
[    0.479708] kernel: PM: hibernation: Registered nosave memory: [mem 0x0009f000-0x0009ffff]
[    0.479709] kernel: PM: hibernation: Registered nosave memory: [mem 0x000a0000-0x000effff]
[    0.479709] kernel: PM: hibernation: Registered nosave memory: [mem 0x000f0000-0x000fffff]
[    0.479710] kernel: PM: hibernation: Registered nosave memory: [mem 0xbffe0000-0xbfffffff]
[    0.479711] kernel: PM: hibernation: Registered nosave memory: [mem 0xc0000000-0xfeffbfff]
[    0.479711] kernel: PM: hibernation: Registered nosave memory: [mem 0xfeffc000-0xfeffffff]
[    0.479712] kernel: PM: hibernation: Registered nosave memory: [mem 0xff000000-0xfffbffff]
[    0.479712] kernel: PM: hibernation: Registered nosave memory: [mem 0xfffc0000-0xffffffff]
[    0.479714] kernel: [mem 0xc0000000-0xfeffbfff] available for PCI devices
[    0.479720] kernel: Booting paravirtualized kernel on KVM
[    0.479722] kernel: clocksource: refined-jiffies: mask: 0xffffffff max_cycles: 0xffffffff, max_idle_ns: 1910969940391419 ns
[    0.483746] kernel: setup_percpu: NR_CPUS:64 nr_cpumask_bits:64 nr_cpu_ids:2 nr_node_ids:1
[    0.484449] kernel: percpu: Embedded 56 pages/cpu s191576 r8192 d29608 u1048576
[    0.484455] kernel: pcpu-alloc: s191576 r8192 d29608 u1048576 alloc=1*2097152
[    0.484457] kernel: pcpu-alloc: [0] 0 1 
[    0.484480] kernel: kvm-guest: setup async PF for cpu 0
[    0.484485] kernel: kvm-guest: stealtime: cpu 0, msr 26561f140
[    0.484490] kernel: Built 1 zonelists, mobility grouping on.  Total pages: 2580192
[    0.484491] kernel: Policy zone: Normal
[    0.484492] kernel: Kernel command line: root=/dev/sda console=ttyS0 net.ifnames=0 ip=192.168.0.35 quiet
[    0.489749] kernel: Dentry cache hash table entries: 2097152 (order: 12, 16777216 bytes, linear)
[    0.492347] kernel: Inode-cache hash table entries: 1048576 (order: 11, 8388608 bytes, linear)
[    0.492401] kernel: mem auto-init: stack:off, heap alloc:off, heap free:off
[    0.692234] kernel: Memory: 8872644K/10485240K available (14348K kernel code, 2403K rwdata, 3568K rodata, 1384K init, 1732K bss, 1612396K reserved, 0K cma-reserved)
[    0.692317] kernel: SLUB: HWalign=64, Order=0-3, MinObjects=0, CPUs=2, Nodes=1
[    0.692875] kernel: rcu: Hierarchical RCU implementation.
[    0.692876] kernel: rcu:         RCU event tracing is enabled.
[    0.692877] kernel: rcu:         RCU restricting CPUs from NR_CPUS=64 to nr_cpu_ids=2.
[    0.692879] kernel: rcu: RCU calculated value of scheduler-enlistment delay is 100 jiffies.
[    0.692880] kernel: rcu: Adjusting geometry for rcu_fanout_leaf=16, nr_cpu_ids=2
[    0.695486] kernel: NR_IRQS: 4352, nr_irqs: 440, preallocated irqs: 16
[    0.695676] kernel: random: get_random_bytes called from start_kernel+0x4b1/0x67a with crng_init=0
[    0.699403] kernel: Console: colour VGA+ 80x25
[    0.699440] kernel: printk: console [ttyS0] enabled
[    0.699455] kernel: ACPI: Core revision 20210730
[    0.699584] kernel: clocksource: hpet: mask: 0xffffffff max_cycles: 0xffffffff, max_idle_ns: 19112604467 ns
[    0.699657] kernel: APIC: Switch to symmetric I/O mode setup
[    0.699660] kernel: kvm-guest: setup PV IPIs
[    0.700488] kernel: ..TIMER: vector=0x30 apic1=0 pin1=2 apic2=-1 pin2=-1
[    0.700507] kernel: clocksource: tsc-early: mask: 0xffffffffffffffff max_cycles: 0x2563bf907c6, max_idle_ns: 440795319401 ns
[    0.700513] kernel: Calibrating delay loop (skipped) preset value.. 5187.81 BogoMIPS (lpj=2593906)
[    0.700515] kernel: pid_max: default: 32768 minimum: 301
[    0.700544] kernel: LSM: Security Framework initializing
[    0.700556] kernel: SELinux:  Initializing.
[    0.700629] kernel: Mount-cache hash table entries: 32768 (order: 6, 262144 bytes, linear)
[    0.701518] kernel: Mountpoint-cache hash table entries: 32768 (order: 6, 262144 bytes, linear)
[    0.701889] kernel: x86/cpu: User Mode Instruction Prevention (UMIP) activated
[    0.701967] kernel: Last level iTLB entries: 4KB 0, 2MB 0, 4MB 0
[    0.701968] kernel: Last level dTLB entries: 4KB 0, 2MB 0, 4MB 0, 1GB 0
[    0.701976] kernel: Spectre V1 : Mitigation: usercopy/swapgs barriers and __user pointer sanitization
[    0.701981] kernel: Spectre V2 : Mitigation: Enhanced IBRS
[    0.701981] kernel: Spectre V2 : Spectre v2 / SpectreRSB mitigation: Filling RSB on context switch
[    0.701983] kernel: Spectre V2 : mitigation: Enabling conditional Indirect Branch Prediction Barrier
[    0.701984] kernel: Speculative Store Bypass: Mitigation: Speculative Store Bypass disabled via prctl and seccomp
[    0.701985] kernel: TAA: Mitigation: TSX disabled
[    0.707564] kernel: Freeing SMP alternatives memory: 40K
[    0.707695] kernel: smpboot: CPU0: Intel(R) Xeon(R) Gold 6348 CPU @ 2.60GHz (family: 0x6, model: 0x6a, stepping: 0x6)
[    0.707812] kernel: Performance Events: Icelake events, 32-deep LBR, full-width counters, Intel PMU driver.
[    0.707900] kernel: ... version:                2
[    0.707901] kernel: ... bit width:              48
[    0.707902] kernel: ... generic registers:      8
[    0.707903] kernel: ... value mask:             0000ffffffffffff
[    0.707904] kernel: ... max period: ----- is restarting 0
---- dfs_name orangefs is_dfs_client 0
executor 1 finishes userspace_cover_open
before receiving handshake request
req.flags ea2
feffffff] reserved
[    0.000000] kernel: BIOS-e820: [mem 0x00000000fffc0000-0x00000000ffffffff] reserved
[    0.000000] kernel: BIOS-e820: [mem 0x0000000100000000-0x00000002bfffffff] usable
[    0.000000] kernel: NX (Execute Disable) protection: active
[    0.000000] kernel: SMBIOS 2.8 present.
[    0.000000] kernel: DMI: QEMU Standard PC (i440FX + PIIX, 1996), BIOS 1.13.0-1ubuntu1.1 04/01/2014
[    0.000000] kernel: Hypervisor detected: KVM
[    0.000000] kernel: kvm-clock: Using msrs 4b564d01 and 4b564d00
[    0.000000] kernel: kvm-clock: cpu 0, msr 9546e001, primary cpu clock
[    0.000001] kernel: kvm-clock: using sched offset of 347255111 cycles
[    0.000002] kernel: clocksource: kvm-clock: mask: 0xffffffffffffffff max_cycles: 0x1cd42e4dffb, max_idle_ns: 881590591483 ns
[    0.000004] kernel: tsc: Detected 2593.906 MHz processor
[    0.000409] kernel: e820: update [mem 0x00000000-0x00000fff] usable ==> reserved
[    0.000411] kernel: e820: remove [mem 0x000a0000-0x000fffff] usa            00007fffffffffff
[    0.707904] kernel: ... fixed-purpose events:   3
[    0.707905] kernel: ... event mask:             00000007000000ff
[    0.707998] kernel: rcu: Hierarchical SRCU implementation.
[    0.708319] kernel: smp: Bringing up secondary CPUs ...
[    0.708428] kernel: x86: Booting SMP configuration:
[    0.708429] kernel: .... node  #0, CPUs:      #1
[    0.004861] kernel: kvm-clock: cpu 1, msr f86e041, secondary cpu clock
[    0.004861] kernel: smpboot: CPU 1 Converting physical 0 to logical die 1
[    0.741532] kernel: kvm-guest: setup async PF for cpu 1
[    0.741537] kernel: kvm-guest: stealtime: cpu 1, msr 26571f140
[    0.741558] kernel: smp: Brought up 1 node, 2 CPUs
[    0.741560] kernel: smpboot: Max logical packages: 2
[    0.741561] kernel: smpboot: Total of 2 processors activated (10375.62 BogoMIPS)
[    0.742012] kernel: devtmpfs: initialized
[    0.742913] kernel: clocksource: jiffies: mask: 0xffffffff max_cycles: 0xffffffff, max_idle_ns: 1911260446275000 ns
[    0.742913] kernel: futex hash table entries: 512 (order: 3, 32768 bytes, linear)
[    0.742913] kernel: PM: RTC time: 23:54:46, date: 2023-03-08
[    0.743582] kernel: NET: Registered PF_NETLINK/PF_ROUTE protocol family
[    0.743765] kernel: audit: initializing netlink subsys (disabled)
[    0.743792] kernel: thermal_sys: Registered thermal governor 'step_wise'
[    0.743792] kernel: thermal_sys: Registered thermal governor 'user_space'
[    0.743792] kernel: audit: type=2000 audit(1678319687.021:1): state=initialized audit_enabled=0 res=1
[    0.743792] kernel: cpuidle: using governor menu
[    0.743792] kernel: ACPI: bus type PCI registered
[    0.743792] kernel: PCI: Using configuration type 1 for base access
[    0.750209] kernel: Kprobes globally optimized
[    0.751577] kernel: HugeTLB registered 2.00 MiB page size, pre-allocated 0 pages
[    0.751577] kernel: cryptomgr_test (26) used greatest stack depth: 31400 bytes left
[    0.752576] kernel: ACPI: Added _OSI(Module Device)
[    0.752576] kernel: ACPI: Added _OSI(Processor Device)
[    0.752576] kernel: ACPI: Added _OSI(3.0 _SCP Extensions)
[    0.752576] kernel: ACPI: Added _OSI(Processor Aggregator Device)
[    0.752576] kernel: ACPI: Added _OSI(Linux-Dell-Video)
[    0.752576] kernel: ACPI: Added _OSI(Linux-Lenovo-NV-HDMI-Audio)
[    0.752576] kernel: ACPI: Added _OSI(Linux-HPI-Hybrid-Graphics)
[    0.758343] kernel: ACPI: 1 ACPI AML tables successfully acquired and loaded
[    0.760668] kernel: ACPI: Interpreter enabled
[    0.760698] kernel: ACPI: PM: (supports S0 S3 S4 S5)
[    0.760700] kernel: ACPI: Using IOAPIC for interrupt routing
[    0.760728] kernel: PCI: Using host bridge windows from ACPI; if necessary, use "pci=nocrs" and report a bug
[    0.761099] kernel: ACPI: Enabled 2 GPEs in block 00 to 0F
[    0.771768] kernel: ACPI: PCI Root Bridge [PCI0] (domain 0000 [bus 00-ff])
[    0.771778] kernel: acpi PNP0A03:00: _OSC: OS supports [ASPM ClockPM Segments MSI HPX-Type3]
[   ble
[    0.000413] kernel: last_pfn = 0x2c0000 max_arch_pfn = 0x10000000000
[    0.000458] kernel: x86/PAT: Configuration [0-7]: WB  WC  UC- UC  WB  WP  UC- WT  
[    0.000464] kernel: last_pfn = 0xbffe0 max_arch_pfn = 0x10000000000
[    0.004694] kernel: found SMP MP-table at [mem 0x000f5c80-0x000f5c8f]
[    0.004714] kernel: Using GB pages for direct mapping
[    0.005415] kernel: ACPI: Early table checksum verification disabled
[    0.005421] kernel: ACPI: RSDP 0x00000000000F5A50 000014 (v00 BOCHS )
[    0.005428] kernel: ACPI: RSDT 0x00000000BFFE15C9 000030 (v01 BOCHS  BXPCRSDT 00000001 BXPC 00000001)
[    0.005433] kernel: ACPI: FACP 0x00000000BFFE149D 000074 (v01 BOCHS  BXPCFACP 00000001 BXPC 00000001)
[    0.005438] kernel: ACPI: DSDT 0x00000000BFFE0040 00145D (v01 BOCHS  BXPCDSDT 00000001 BXPC 00000001)
[    0.005441] kernel: ACPI: FACS 0x00000000BFFE0000 000040
[    0.005443] kernel: ACPI: APIC 0x00000000BFFE1511 000080 (v01 BOCHS  BXPCAPIC 00000001 BXPC 00000001)
[    0.0054 0.771822] kernel: acpi PNP0A03:00: fail to add MMCONFIG information, can't access extended PCI configuration space under this bridge.
[    0.771924] kernel: PCI host bridge to bus 0000:00
[    0.771927] kernel: pci_bus 0000:00: root bus resource [io  0x0000-0x0cf7 window]
[    0.771929] kernel: pci_bus 0000:00: root bus resource [io  0x0d00-0xffff window]
[    0.771931] kernel: pci_bus 0000:00: root bus resource [mem 0x000a0000-0x000bffff window]
[    0.771933] kernel: pci_bus 0000:00: root bus resource [mem 0xc0000000-0xfebfffff window]
[    0.771935] kernel: pci_bus 0000:00: root bus resource [mem 0x2c0000000-0x33fffffff window]
[    0.771937] kernel: pci_bus 0000:00: root bus resource [bus 00-ff]
[    0.772419] kernel: pci 0000:00:00.0: [8086:1237] type 00 class 0x060000
[    0.773307] kernel: pci 0000:00:01.0: [8086:7000] type 00 class 0x060100
[    0.774023] kernel: pci 0000:00:01.1: [8086:7010] type 00 class 0x010180
[    0.776131] kernel: pci 0000:00:01.1: reg 0x20: [io  0xc04unlink FIFO failed: No such file or directory
executor 2 finishes userspace_cover_open
before receiving handshake request
req.flags ea2
[    0.000000] kernel: Linux version 5.15.0+ (tlyu@IC-RS3-DPC07) (gcc (Ubuntu 9.4.0-1ubuntu1~20.04.1) 9.4.0, GNU ld (GNU Binutils for Ubuntu) 2.34) #7 SMP Sat Feb 18 10:18:37 CET 2023
[    0.000000] kernel: Command line: root=/dev/sda console=ttyS0 net.ifnames=0 ip=192.168.0.37 quiet
[    0.000000] kernel: x86/fpu: Supporting XSAVE feature 0x001: 'x87 floating point registers'
[    0.000000] kernel: x86/fpu: Supporting XSAVE feature 0x002: 'SSE registers'
[    0.000000] kernel: x86/fpu: Supporting XSAVE feature 0x004: 'AVX registers'
[    0.000000] kernel: x86/fpu: Supporting XSAVE feature 0x020: 'AVX-512 opmask'
[    0.000000] kernel: x86/fpu: Supporting XSAVE feature 0x040: 'AVX-512 Hi256'
[    0.000000] kernel: x86/fpu: Supporting XSAVE feature 0x080: 'AVX-512 ZMM_Hi256'
[    0.000000] kernel: x86/fpu: Supporting XSAVE feature 0x200: 'Protection Keys User registers'
[    0.000000] kernel: x86/fpu: xstate_offset[2]:  576, xstate_sizes[2]:  256
[    0.000000] kernel: x86/fpu: xstate_offset[5]:  832, xstate_sizes[5]:   64
[    0.000000] kernel: x86/fpu: xstate_offset[6]:  896, xstate_sizes[6]:  512
[    0.000000] kernel: x86/fpu: xstate_offset[7]: 1408, xstate_sizes[7]: 1024
[    0.000000] kernel: x86/fpu: xstate_offset[9]: 2432, xstate_sizes[9]:    8
[    0.000000] kernel: x86/fpu: Enabled xstate features 0x2e7, context size is 2440 bytes, using 'compacted' format.
[    0.000000] kernel: signal: max sigframe size: 3632
[    0.000000] kernel: BIOS-provided physical RAM map:
[    0.000000] kernel: BIOS-e820: [mem 0x0000000000000000-0x000000000009fbff] usable
[    0.000000] kernel: BIOS-e820: [mem 0x000000000009fc00-0x000000000009ffff] reserved
[    0.000000] kernel: BIOS-e820: [mem 0x00000000000f0000-0x00000000000fffff] reserved
[    0.000000] kernel: BIOS-e820: [mem 0x0000000000100000-0x00000000bffdffff] usable
[    0.000000] kernel: BIOS-e820: [mem 0x00000000bffe0000-0x00000000bfffffff] reserved
[    0.000000] kernel: BIOS-e820: [mem 0x00000000feffc000-0x0000000045] kernel: ACPI: HPET 0x00000000BFFE1591 000038 (v01 BOCHS  BXPCHPET 00000001 BXPC 00000001)
[    0.005447] kernel: ACPI: Reserving FACP table memory at [mem 0xbffe149d-0xbffe1510]
[    0.005448] kernel: ACPI: Reserving DSDT table memory at [mem 0xbffe0040-0xbffe149c]
[    0.005449] kernel: ACPI: Reserving FACS table memory at [mem 0xbffe0000-0xbffe003f]
[    0.005449] kernel: ACPI: Reserving APIC table memory at [mem 0xbffe1511-0xbffe1590]
[    0.005450] kernel: ACPI: Reserving HPET table memory at [mem 0xbffe1591-0xbffe15c8]
[    0.005705] kernel: No NUMA configuration found
[    0.005705] kernel: Faking a node at [mem 0x0000000000000000-0x00000002bfffffff]
[    0.005708] kernel: NODE_DATA(0) allocated [mem 0x2bfffa000-0x2bfffdfff]
[    0.005755] kernel: Zone ranges:
[    0.005756] kernel:   DMA      [mem 0x0000000000001000-0x0000000000ffffff]
[    0.005758] kernel:   DMA32    [mem 0x0000000001000000-0x00000000ffffffff]
[    0.005759] kernel:   Normal   [mem 0x0000000100000000-0x00000002bfffffff]
[    0.005760] kernel: Movable zone start for each node
[    0.005760] kernel: Early memory node ranges
[    0.005761] kernel:   node   0: [mem 0x0000000000001000-0x000000000009efff]
[    0.005762] kernel:   node   0: [mem 0x0000000000100000-0x00000000bffdffff]
[    0.005763] kernel:   node   0: [mem 0x0000000100000000-0x00000002bfffffff]
[    0.005764] kernel: Initmem setup node 0 [mem 0x0000000000001000-0x00000002bfffffff]
[    0.006327] kernel: On node 0, zone DMA: 1 pages in unavailable ranges
[    0.006338] kernel: On node 0, zone DMA: 97 pages in unavailable ranges
[    0.056093] kernel: On node 0, zone Normal: 32 pages in unavailable ranges
[    0.441143] kernel: kasan: KernelAddressSanitizer initialized
[    0.441480] kernel: ACPI: PM-Timer IO Port: 0x608
[    0.441487] kernel: ACPI: LAPIC_NMI (acpi_id[0xff] dfl dfl lint[0x1])
[    0.441521] kernel: IOAPIC[0]: apic_id 0, version 17, address 0xfec00000, GSI 0-23
[    0.441523] kernel: ACPI: INT_SRC_OVR (bus 0 bu[D 01/16/2023 17:42:13] PVFS2 Server version 2.9.7-orangefs-REV-65ab0d2 starting.
[E 01/16/2023 17:43:19] PVFS2 server got signal 15 (server_status_flag: 2080767)
[D 02/18/2023 14:39:31] PVFS2 Server version 2.9.7-orangefs-REV-65ab0d2 starting.
[D 02/18/2023 14:47:30] PVFS2 received server: signal 1
[E 02/18/2023 14:47:30] PVFS2 server got signal 15 (server_status_flag: 2080767)
feffffff] reserved
[    0.000000] kernel: BIOS-e820: [mem 0x00000000fffc0000-0x00000000ffffffff] reserved
[    0.000000] kernel: BIOS-e820: [mem 0x0000000100000000-0x00000002bfffffff] usable
[    0.000000] kernel: NX (Execute Disable) protection: active
[    0.000000] kernel: SMBIOS 2.8 present.
[    0.000000] kernel: DMI: QEMU Standard PC (i440FX + PIIX, 1996), BIOS 1.13.0-1ubuntu1.1 04/01/2014
[    0.000000] kernel: Hypervisor detected: KVM
[    0.000000] kernel: kvm-clock: Using msrs 4b564d01 and 4b564d00
[    0.000000] kernel: kvm-clock: cpu 0, msr b966e001, primary cpu clock
[    0.000001] kernel: kvm-clock: using sched offset of 363315601 cycles
[    0.000002] kernel: clocksource: kvm-clock: mask: 0xffffffffffffffff max_cycles: 0x1cd42e4dffb, max_idle_ns: 881590591483 ns
[    0.000005] kernel: tsc: Detected 2593.906 MHz processor
[    0.000429] kernel: e820: update [mem 0x00000000-0x00000fff] usable ==> reserved
[    0.000432] kernel: e820: remove [mem 0x000a0000-0x000fffff] usas_irq 0 global_irq 2 dfl dfl)
[    0.441525] kernel: ACPI: INT_SRC_OVR (bus 0 bus_irq 5 global_irq 5 high level)
[    0.441526] kernel: ACPI: INT_SRC_OVR (bus 0 bus_irq 9 global_irq 9 high level)
[    0.441527] kernel: ACPI: INT_SRC_OVR (bus 0 bus_irq 10 global_irq 10 high level)
[    0.441528] kernel: ACPI: INT_SRC_OVR (bus 0 bus_irq 11 global_irq 11 high level)
[    0.441531] kernel: ACPI: Using ACPI (MADT) for SMP configuration information
[    0.441531] kernel: ACPI: HPET id: 0x8086a201 base: 0xfed00000
[    0.441535] kernel: TSC deadline timer available
[    0.441536] kernel: smpboot: Allowing 2 CPUs, 0 hotplug CPUs
[    0.441557] kernel: kvm-guest: KVM setup pv remote TLB flush
[    0.441561] kernel: kvm-guest: setup PV sched yield
[    0.441568] kernel: PM: hibernation: Registered nosave memory: [mem 0x00000000-0x00000fff]
[    0.441569] kernel: PM: hibernation: Registered nosave memory: [mem 0x0009f000-0x0009ffff]
[    0.441570] kernel: PM: hibernation: Registered nosave memory: [mem 0x000a0000-0x000effff]
[    0.441571] kernel: PM: hibernation: Registered nosave memory: [mem 0x000f0000-0x000fffff]
[    0.441572] kernel: PM: hibernation: Registered nosave memory: [mem 0xbffe0000-0xbfffffff]
[    0.441573] kernel: PM: hibernation: Registered nosave memory: [mem 0xc0000000-0xfeffbfff]
[    0.441573] kernel: PM: hibernation: Registered nosave memory: [mem 0xfeffc000-0xfeffffff]
[    0.441574] kernel: PM: hibernation: Registered nosave memory: [mem 0xff000000-0xfffbffff]
[    0.441574] kernel: PM: hibernation: Registered nosave memory: [mem 0xfffc0000-0xffffffff]
[    0.441576] kernel: [mem 0xc0000000-0xfeffbfff] available for PCI devices
[    0.441577] kernel: Booting paravirtualized kernel on KVM
[    0.441579] kernel: clocksource: refined-jiffies: mask: 0xffffffff max_cycles: 0xffffffff, max_idle_ns: 1910969940391419 ns
[    0.445764] kernel: setup_percpu: NR_CPUS:64 nr_cpumask_bits:64 nr_cpu_ids:2 nr_node_ids:1
[    0.446508] kernel: percpu: Embedded 56 pable
[    0.000435] kernel: last_pfn = 0x2c0000 max_arch_pfn = 0x10000000000
[    0.000480] kernel: x86/PAT: Configuration [0-7]: WB  WC  UC- UC  WB  WP  UC- WT  
[    0.000486] kernel: last_pfn = 0xbffe0 max_arch_pfn = 0x10000000000
[    0.004749] kernel: found SMP MP-table at [mem 0x000f5c80-0x000f5c8f]
[    0.004769] kernel: Using GB pages for direct mapping
[    0.005421] kernel: ACPI: Early table checksum verification disabled
[    0.005426] kernel: ACPI: RSDP 0x00000000000F5A50 000014 (v00 BOCHS )
[    0.005433] kernel: ACPI: RSDT 0x00000000BFFE15C9 000030 (v01 BOCHS  BXPCRSDT 00000001 BXPC 00000001)
[    0.005438] kernel: ACPI: FACP 0x00000000BFFE149D 000074 (v01 BOCHS  BXPCFACP 00000001 BXPC 00000001)
[    0.005443] kernel: ACPI: DSDT 0x00000000BFFE0040 00145D (v01 BOCHS  BXPCDSDT 00000001 BXPC 00000001)
[    0.005445] kernel: ACPI: FACS 0x00000000BFFE0000 000040
[    0.005447] kernel: ACPI: APIC 0x00000000BFFE1511 000080 (v01 BOCHS  BXPCAPIC 00000001 BXPC 00000001)
[    0.005450] kernel: ACPI: HPET 0x00000000BFFE1591 000038 (v01 BOCHS  BXPCHPET 00000001 BXPC 00000001)
[    0.005451] kernel: ACPI: Reserving FACP table memory at [mem 0xbffe149d-0xbffe1510]
[    0.005452] kernel: ACPI: Reserving DSDT table memory at [mem 0xbffe0040-0xbffe149c]
[    0.005453] kernel: ACPI: Reserving FACS table memory at [mem 0xbffe0000-0xbffe003f]
[    0.005454] kernel: ACPI: Reserving APIC table memory at [mem 0xbffe1511-0xbffe1590]
[    0.005454] kernel: ACPI: Reserving HPET table memory at [mem 0xbffe1591-0xbffe15c8]
[    0.005700] kernel: No NUMA configuration found
[    0.005701] kernel: Faking a node at [mem 0x0000000000000000-0x00000002bfffffff]
[    0.005703] kernel: NODE_DATA(0) allocated [mem 0x2bfffa000-0x2bfffdfff]
[    0.005753] kernel: Zone ranges:
[    0.005754] kernel:   DMA      [mem 0x0000000000001000-0x0000000000ffffff]
[    0.005755] kernel:   DMA32    [mem 0x0000000001000000-0x00000000ffffffff]
[    0.005757] kernel:   Normal   [mem 0x0000000100000000-0x000-0xc04f]
[    0.776961] kernel: pci 0000:00:01.1: legacy IDE quirk: reg 0x10: [io  0x01f0-0x01f7]
[    0.776963] kernel: pci 0000:00:01.1: legacy IDE quirk: reg 0x14: [io  0x03f6]
[    0.776964] kernel: pci 0000:00:01.1: legacy IDE quirk: reg 0x18: [io  0x0170-0x0177]
[    0.776965] kernel: pci 0000:00:01.1: legacy IDE quirk: reg 0x1c: [io  0x0376]
[    0.777777] kernel: pci 0000:00:01.3: [8086:7113] type 00 class 0x068000
[    0.778032] kernel: pci 0000:00:01.3: quirk: [io  0x0600-0x063f] claimed by PIIX4 ACPI
[    0.778038] kernel: pci 0000:00:01.3: quirk: [io  0x0700-0x070f] claimed by PIIX4 SMB
[    0.778758] kernel: pci 0000:00:02.0: [1234:1111] type 00 class 0x030000
[    0.779989] kernel: pci 0000:00:02.0: reg 0x10: [mem 0xfd000000-0xfdffffff pref]
[    0.781451] kernel: pci 0000:00:02.0: reg 0x18: [mem 0xfeb90000-0xfeb90fff]
[    0.783850] kernel: pci 0000:00:02.0: reg 0x30: [mem 0xfeb80000-0xfeb8ffff pref]
[    0.784739] kernel: pci 0000:00:03.0: [1af4:1005] type 00 class 0x00ff00
[    0.785393] kernel: pci 0000:00:03.0: reg 0x10: [io  0xc000-0xc01f]
[    0.787512] kernel: pci 0000:00:03.0: reg 0x20: [mem 0xfe200000-0xfe203fff 64bit pref]
[    0.789327] kernel: pci 0000:00:04.0: [1af4:1000] type 00 class 0x020000
[    0.790082] kernel: pci 0000:00:04.0: reg 0x10: [io  0xc020-0xc03f]
[    0.791513] kernel: pci 0000:00:04.0: reg 0x14: [mem 0xfeb91000-0xfeb91fff]
[    0.793512] kernel: pci 0000:00:04.0: reg 0x20: [mem 0xfe204000-0xfe207fff 64bit pref]
[    0.794221] kernel: pci 0000:00:04.0: reg 0x30: [mem 0xfeb00000-0xfeb7ffff pref]
[    0.795262] kernel: pci 0000:00:10.0: [1af4:1110] type 00 class 0x050000
[    0.795859] kernel: pci 0000:00:10.0: reg 0x10: [mem 0xfeb92000-0xfeb920ff]
[    0.797293] kernel: pci 0000:00:10.0: reg 0x18: [mem 0xfe000000-0xfe0fffff 64bit pref]
[    0.799747] kernel: pci 0000:00:11.0: [1af4:1110] type 00 class 0x050000
[    0.800808] kernel: pci 0000:00:11.0: reg 0x10: [mem 0xfeb93000-0xfeb930ff]
[    0.801512] kernel: pci 0000:00:11.0: reg 0x18: [mem 0xfe208000-0xfe2083ff 64bit pref]
[    0.803500] kernel: pci 0000:00:12.0: [1af4:1110] type 00 class 0x050000
[    0.804207] kernel: pci 0000:00:12.0: reg 0x10: [mem 0xfeb94000-0xfeb940ff]
[    0.805462] kernel: pci 0000:00:12.0: reg 0x18: [mem 0xfe100000-0xfe1fffff 64bit pref]
[    0.812027] kernel: ACPI: PCI: Interrupt link LNKA configured for IRQ 10
[    0.812371] kernel: ACPI: PCI: Interrupt link LNKB configured for IRQ 10
[    0.812681] kernel: ACPI: PCI: Interrupt link LNKC configured for IRQ 11
[    0.812990] kernel: ACPI: PCI: Interrupt link LNKD configured for IRQ 11
[    0.813114] kernel: ACPI: PCI: Interrupt link LNKS configured for IRQ 9
[    0.813703] kernel: iommu: Default domain type: Translated 
[    0.813705] kernel: iommu: DMA domain TLB invalidation policy: lazy mode 
[    0.813858] kernel: pci 0000:00:02.0: vgaarb: setting as boot VGA device
[    0.813860] kernel: pci 0000:00:02.0: vgaarb: VGA device added: decodes=io+mem,owns=io+mem,locks=none
[    0.813863] kernel: pci 0000:00:02.0: vgaarb: bridge control possible
[    0.813864] kernel: vgaarb: loaded
[    0.814055] kernel: SCSI subsystem initialized
[    0.823573] kernel: libata version 3.00 loaded.
[    0.823661] kernel: ACPI: bus type USB registered
[    0.823704] kernel: usbcore: registered new interface driver usbfs
[    0.823724] kernel: usbcore: registered new interface driver hub
[    0.823738] kernel: usbcore: registered new device driver usb
[    0.823780] kernel: pps_core: LinuxPPS API ver. 1 registered
[    0.823781] kernel: pps_core: Software ver. 5.3.6 - Copyright 2005-2007 Rodolfo Giometti <giometti@linux.it>
[    0.823792] kernel: PTP clock support registered
[    0.823852] kernel: Advanced Linux Sound Architecture Driver Initialized.
[    0.823874] kernel: NetLabel: Initializing
[    0.823874] kernel: NetLabel:  domain hash size = 128
[    0.823875] kernel: NetLabel:  protocols = UNLABELED CIPSOv4 CALIPSO
[    0.823907] kernel: NetLabel:  unlabeled traffic allowed by default
[    0.823936] kernel: PCI: Using ACPI for IRQ routing
[    0.823936] kernel: PCI: pci_cache_line_size set to 64 bytes
[    0.824554] kernel: e820: reserve RAM buffer [mem 0x0009fc00-0x0009ffff]
[    0.824559] kernel: e820: reserve RAM buffer [mem 0xbffe0000-0xbfffffff]
[    0.824618] kernel: hpet0: at MMIO 0xfed00000, IRQs 2, 8, 0
[    0.824621] kernel: hpet0: 3 comparators, 64-bit 100.000000 MHz counter
[    0.827582] kernel: clocksource: Switched to clocksource kvm-clock
[    0.889569] kernel: VFS: Disk quotas dquot_6.6.0
[    0.889588] kernel: VFS: Dquot-cache hash table entries: 512 (order 0, 4096 bytes)
[    0.889692] kernel: pnp: PnP ACPI init
[    0.889976] kernel: pnp 00:03: [dma 2]
[    0.890999] kernel: pnp: PnP ACPI: found 6 devices
[    0.903040] kernel: clocksource: acpi_pm: mask: 0xffffff max_cycles: 0xffffff, max_idle_ns: 2085701024 ns
[    0.903093] kernel: NET: Registered PF_INET protocol family
[    0.903757] kernel: IP idents hash table entges/cpu s191576 r8192 d29608 u1048576
[    0.446514] kernel: pcpu-alloc: s191576 r8192 d29608 u1048576 alloc=1*2097152
[    0.446516] kernel: pcpu-alloc: [0] 0 1 
[    0.446539] kernel: kvm-guest: setup async PF for cpu 0
[    0.446545] kernel: kvm-guest: stealtime: cpu 0, msr 26561f140
[    0.446550] kernel: Built 1 zonelists, mobility grouping on.  Total pages: 2580192
[    0.446551] kernel: Policy zone: Normal
[    0.446552] kernel: Kernel command line: root=/dev/sda console=ttyS0 net.ifnames=0 ip=192.168.0.36 quiet
[    0.451828] kernel: Dentry cache hash table entries: 2097152 (order: 12, 16777216 bytes, linear)
[    0.454394] kernel: Inode-cache hash table entries: 1048576 (order: 11, 8388608 bytes, linear)
[    0.454449] kernel: mem auto-init: stack:off, heap alloc:off, heap free:off
[    0.650752] kernel: Memory: 8872644K/10485240K available (14348K kernel code, 2403K rwdata, 3568K rodata, 1384K init, 1732K bss, 1612396K reserved, 0K cma-reserved)
[    0.650837] kernel: SLUB: HWalign=64, Order=0-3, MinObjects=0, CPUs=2, Nodes=1
[    0.651366] kernel: rcu: Hierarchical RCU implementation.
[    0.651367] kernel: rcu:         RCU event tracing is enabled.
[    0.651368] kernel: rcu:         RCU restricting CPUs from NR_CPUS=64 to nr_cpu_ids=2.
[    0.651370] kernel: rcu: RCU calculated value of scheduler-enlistment delay is 100 jiffies.
[    0.651371] kernel: rcu: Adjusting geometry for rcu_fanout_leaf=16, nr_cpu_ids=2
[    0.654108] kernel: NR_IRQS: 4352, nr_irqs: 440, preallocated irqs: 16
[    0.654306] kernel: random: get_random_bytes called from start_kernel+0x4b1/0x67a with crng_init=0
[    0.658152] kernel: Console: colour VGA+ 80x25
[    0.658189] kernel: printk: console [ttyS0] enabled
[    0.658205] kernel: ACPI: Core revision 20210730
[    0.658341] kernel: clocksource: hpet: mask: 0xffffffff max_cycles: 0xffffffff, max_idle_ns: 19112604467 ns
[    0.658436] kernel: APIC: Switch to symmetric I/O mode setup
[    0.658439] kernel: kvm-guest: setup PV000002bfffffff]
[    0.005758] kernel: Movable zone start for each node
[    0.005759] kernel: Early memory node ranges
[    0.005759] kernel:   node   0: [mem 0x0000000000001000-0x000000000009efff]
[    0.005760] kernel:   node   0: [mem 0x0000000000100000-0x00000000bffdffff]
[    0.005761] kernel:   node   0: [mem 0x0000000100000000-0x00000002bfffffff]
[    0.005762] kernel: Initmem setup node 0 [mem 0x0000000000001000-0x00000002bfffffff]
[    0.006292] kernel: On node 0, zone DMA: 1 pages in unavailable ranges
[    0.006303] kernel: On node 0, zone DMA: 97 pages in unavailable ranges
[    0.060262] kernel: On node 0, zone Normal: 32 pages in unavailable ranges
[    0.455787] kernel: kasan: KernelAddressSanitizer initialized
[    0.456106] kernel: ACPI: PM-Timer IO Port: 0x608
[    0.456113] kernel: ACPI: LAPIC_NMI (acpi_id[0xff] dfl dfl lint[0x1])
[    0.456147] kernel: IOAPIC[0]: apic_id 0, version 17, address 0xfec00000, GSI 0-23
[    0.456150] kernel: ACPI: INT_SRC_OVR (bus 0 buries: 262144 (order: 9, 2097152 bytes, linear)
[    0.905385] kernel: tcp_listen_portaddr_hash hash table entries: 8192 (order: 5, 131072 bytes, linear)
[    0.905992] kernel: TCP established hash table entries: 131072 (order: 8, 1048576 bytes, linear)
[    0.906136] kernel: TCP bind hash table entries: 65536 (order: 8, 1048576 bytes, linear)
[    0.906667] kernel: TCP: Hash tables configured (established 131072 bind 65536)
[    0.906729] kernel: UDP hash table entries: 8192 (order: 6, 262144 bytes, linear)
[    0.906760] kernel: UDP-Lite hash table entries: 8192 (order: 6, 262144 bytes, linear)
[    0.906867] kernel: NET: Registered PF_UNIX/PF_LOCAL protocol family
[    0.916633] kernel: pci_bus 0000:00: resource 4 [io  0x0000-0x0cf7 window]
[    0.916636] kernel: pci_bus 0000:00: resource 5 [io  0x0d00-0xffff window]
[    0.916637] kernel: pci_bus 0000:00: resource 6 [mem 0x000a0000-0x000bffff window]
[    0.916639] kernel: pci_bus 0000:00: resource 7 [mem 0xc0000000-0xfebfffff window]
[    0.916640] kernel: pci_bus 0000:00: resource 8 [mem 0x2c0000000-0x33fffffff window]
[    0.916755] kernel: pci 0000:00:01.0: PIIX3: Enabling Passive Release
[    0.916763] kernel: pci 0000:00:00.0: Limiting direct PCI/PCI transfers
[    0.916771] kernel: pci 0000:00:01.0: Activating ISA DMA hang workarounds
[    0.916811] kernel: pci 0000:00:02.0: Video device with shadowed ROM at [mem 0x000c0000-0x000dffff]
[    0.916843] kernel: PCI: CLS 0 bytes, default 64
[    0.916858] kernel: PCI-DMA: Using software bounce buffering for IO (SWIOTLB)
[    0.916859] kernel: software IO TLB: mapped [mem 0x00000000bbfe0000-0x00000000bffe0000] (64MB)
[    0.917060] kernel: RAPL PMU: API unit is 2^-32 Joules, 0 fixed counters, 10737418240 ms ovfl timer
[    0.917075] kernel: clocksource: tsc: mask: 0xffffffffffffffff max_cycles: 0x2563bf907c6, max_idle_ns: 440795319401 ns
[    0.917118] kernel: clocksource: Switched to clocksource tsc
[    0.919274] kernel: Initialise system trusted keyrings
[ IPIs
[    0.659275] kernel: ..TIMER: vector=0x30 apic1=0 pin1=2 apic2=-1 pin2=-1
[    0.659295] kernel: clocksource: tsc-early: mask: 0xffffffffffffffff max_cycles: 0x2563bf907c6, max_idle_ns: 440795319401 ns
[    0.659301] kernel: Calibrating delay loop (skipped) preset value.. 5187.81 BogoMIPS (lpj=2593906)
[    0.659303] kernel: pid_max: default: 32768 minimum: 301
[    0.659336] kernel: LSM: Security Framework initializing
[    0.659349] kernel: SELinux:  Initializing.
[    0.660333] kernel: Mount-cache hash table entries: 32768 (order: 6, 262144 bytes, linear)
[    0.660790] kernel: Mountpoint-cache hash table entries: 32768 (order: 6, 262144 bytes, linear)
[    0.661173] kernel: x86/cpu: User Mode Instruction Prevention (UMIP) activated
[    0.661252] kernel: Last level iTLB entries: 4KB 0, 2MB 0, 4MB 0
[    0.661253] kernel: Last level dTLB entries: 4KB 0, 2MB 0, 4MB 0, 1GB 0
[    0.661263] kernel: Spectre V1 : Mitigation: usercopy/swapgs barriers and __user pointer sanitizatis_irq 0 global_irq 2 dfl dfl)
[    0.456151] kernel: ACPI: INT_SRC_OVR (bus 0 bus_irq 5 global_irq 5 high level)
[    0.456152] kernel: ACPI: INT_SRC_OVR (bus 0 bus_irq 9 global_irq 9 high level)
[    0.456153] kernel: ACPI: INT_SRC_OVR (bus 0 bus_irq 10 global_irq 10 high level)
[    0.456154] kernel: ACPI: INT_SRC_OVR (bus 0 bus_irq 11 global_irq 11 high level)
[    0.456157] kernel: ACPI: Using ACPI (MADT) for SMP configuration information
[    0.456158] kernel: ACPI: HPET id: 0x8086a201 base: 0xfed00000
[    0.456161] kernel: TSC deadline timer available
[    0.456162] kernel: smpboot: Allowing 2 CPUs, 0 hotplug CPUs
[    0.456180] kernel: kvm-guest: KVM setup pv remote TLB flush
[    0.456184] kernel: kvm-guest: setup PV sched yield
[    0.456190] kernel: PM: hibernation: Registered nosave memory: [mem 0x00000000-0x00000fff]
[    0.456192] kernel: PM: hibernation: Registered nosave memory: [mem 0x0009f000-0x0009ffff]
[    0.456193] kernel: PM: hibernation: Registered nosave memoron
[    0.661267] kernel: Spectre V2 : Mitigation: Enhanced IBRS
[    0.661268] kernel: Spectre V2 : Spectre v2 / SpectreRSB mitigation: Filling RSB on context switch
[    0.661269] kernel: Spectre V2 : mitigation: Enabling conditional Indirect Branch Prediction Barrier
[    0.661270] kernel: Speculative Store Bypass: Mitigation: Speculative Store Bypass disabled via prctl and seccomp
[    0.661271] kernel: TAA: Mitigation: TSX disabled
[    0.666686] kernel: Freeing SMP alternatives memory: 40K
[    0.666812] kernel: smpboot: CPU0: Intel(R) Xeon(R) Gold 6348 CPU @ 2.60GHz (family: 0x6, model: 0x6a, stepping: 0x6)
[    0.666942] kernel: Performance Events: Icelake events, 32-deep LBR, full-width counters, Intel PMU driver.
[    0.667353] kernel: ... version:                2
[    0.667354] kernel: ... bit width:              48
[    0.667355] kernel: ... generic registers:      8
[    0.667356] kernel: ... value mask:             0000ffffffffffff
[    0.667357] kernel: ... max period:             00007fffffffffff
[    0.667358] kernel: ... fixed-purpose events:   3
[    0.667358] kernel: ... event mask:             00000007000000ff
[    0.667498] kernel: rcu: Hierarchical SRCU implementation.
[    0.667853] kernel: smp: Bringing up secondary CPUs ...
[    0.667967] kernel: x86: Booting SMP configuration:
[    0.667968] kernel: .... node  #0, CPUs:      #1
[    0.005019] kernel: kvm-clock: cpu 1, msr 9546e041, secondary cpu clock
[    0.005019] kernel: smpboot: CPU 1 Converting physical 0 to logical die 1
[    0.669323] kernel: kvm-guest: setup async PF for cpu 1
[    0.669332] kernel: kvm-guest: stealtime: cpu 1, msr 26571f140
[    0.669340] kernel: smp: Brought up 1 node, 2 CPUs
[    0.669340] kernel: smpboot: Max logical packages: 2
[    0.669340] kernel: smpboot: Total of 2 processors activated (10375.62 BogoMIPS)
[    0.669750] kernel: devtmpfs: initialized
[    0.670396] kernel: clocksource: jiffies: mask: 0xffffffff max_cycles: 0xffffffff, max_idle_ns: 1911260446275000 ns
[    0.670401] kernel: futex hash table entries: 512 (order: 3, 32768 bytes, linear)
[    0.670551] kernel: PM: RTC time: 23:54:45, date: 2023-03-08
[    0.671177] kernel: NET: Registered PF_NETLINK/PF_ROUTE protocol family
[    0.671459] kernel: audit: initializing netlink subsys (disabled)
[    0.671513] kernel: thermal_sys: Registered thermal governor 'step_wise'
[    0.671514] kernel: thermal_sys: Registered thermal governor 'user_space'
[    0.671541] kernel: audit: type=2000 audit(1678319686.698:1): state=initialized audit_enabled=0 res=1
[    0.671543] kernel: cpuidle: using governor menu
[    0.671543] kernel: ACPI: bus type PCI registered
[    0.671543] kernel: PCI: Using configuration type 1 for base access
[    0.678624] kernel: Kprobes globally optimized
[    0.679375] kernel: HugeTLB registered 2.00 MiB page size, pre-allocated 0 pages
[    0.679375] kernel: cryptomgr_test (26) used greatest stack depth: 31400 bytes left
[    0.680351] kernel: ACPI: Added _OSI(Module Device)
[    0.680352] kernel: ACPI: Added _OSI(Processor Device)
[    0.680353] kernel: ACPI: Added _OSI(3.0 _SCP Extensions)
[    0.680354] kernel: ACPI: Added _OSI(Processor Aggregator Device)
[    0.680358] kernel: ACPI: Added _OSI(Linux-Dell-Video)
[    0.680360] kernel: ACPI: Added _OSI(Linux-Lenovo-NV-HDMI-Audio)
[    0.680362] kernel: ACPI: Added _OSI(Linux-HPI-Hybrid-Graphics)
[    0.685760] kernel: ACPI: 1 ACPI AML tables successfully acquired and loaded
[    0.688607] kernel: ACPI: Interpreter enabled
[    0.688635] kernel: ACPI: PM: (supports S0 S3 S4 S5)
[    0.688637] kernel: ACPI: Using IOAPIC for interrupt routing
[    0.688667] kernel: PCI: Using host bridge windows from ACPI; if necessary, use "pci=nocrs" and report a bug
[    0.689013] kernel: ACPI: Enabled 2 GPEs in block 00 to 0F
[    0.699131] kernel: ACPI: PCI Root Bridge [PCI0] (domain 0000 [bus 00-ff])
[    0.699143] kernel: acpi PNP0A03:00: _OSC: OS supports [ASPM ClockPM Segments MSI HPX-Type3]
[    0.699187] kernel: acpi PNP0A03:00: fail to add MMCONFIG information, can't access extended PCI configuration space under this bridge.
[    0.699292] kernel: PCI host bridge to bus 0000:00
[    0.699295] kernel: pci_bus 0000:00: root bus resource [io  0x0000-0x0cf7 window]
[    0.699300] kernel: pci_bus 0000:00: root bus resource [io  0x0d00-0xffff window]
[    0.699302] kernel: pci_bus 0000:00: root bus resource [mem 0x000a0000-0x000bffff window]
[    0.699303] kernel: pci_bus 0000:00: root bus resource [mem 0xc0000000-0xfebfffff window]
[    0.699305] kernel: pci_bus 0000:00: root bus resource [mem 0x2c0000000-0x33fffffff window]
[    0.699307] kernel: pci_bus 0000:00: root bus resource [bus 00-ff]
[    0.699797] kernel: pci 0000:00:00.0: [8086:1237] type 00 class 0x060000
[    0.700713] kernel: pci 0000:00:01.0: [8086:7000] type 00 class 0x060100
[    0.701445] kernel: pci 0000:00:01.1: [8086:7010] type 00 class 0x010180
[    0.703300] kernel: pci 0000:00:01.1: reg 0x20: [io  0xc040-0xc04f]
[    0.704196] kernel: pci 0000:00:01.1: legacy IDE quirk: reg 0x10: [io  0x01f0-0x01f7]
[    0.704199] kernel: pci 0000:00:01.1: legacy IDE quirk: reg 0x14: [io  0x03f6]
[    0.704200] kernel: pci 0000:00:01.1: legacy IDE quirk: reg 0x18: [io  0x0170-0x0177]
[    0.704201] kernel: pci 0000:00:01.1: legacy IDE quirk: reg 0x1c: [io  0x0376]
[    0.705050] kernel: pci 0000:00:01.3: [8086:7113] type 00 class 0x068000
[    0.705322] kernel: pci 0000:00:01.3: quirk: [io  0x0600-0x063f] claimed by PIIX4 ACPI
[    0.705328] kernel: pci 0000:00:01.3: quirk: [io  0x0700-0x070f] claimed by PIIX4 SMB
[    0.706086] kernel: pci 0000:00:02.0: [1234:1111] type 00 class 0x030000
[    0.707208] kernel: pci 0000:00:02.0: reg 0x10: [mem 0xfd000000-0xfdffffff pref]
[    0.708302] kernel: pci 0000:00:02.0: reg 0x18: [mem 0xfeb90000-0xfeb90fff]
[    0.711243] kernel: pci 0000:00:02.0: reg 0x30: [mem 0xfeb80000-0xfeb8ffff pref]
[    0.712136] kernel: pci 0000:00:03.0: [1af4:1005] type 00 class 0x00ff00
[    0.712711] kernel: pci 0000:00:03.0: reg 0x10: [io  0xc000-0xc01f]
[    0.715635] kernel: pci 0000:00:03.0: reg 0x20: [mem 0xfe200000-0xfe203fff 64bit pref]
[    0.717266] kernel: pci 0000:00:04.0: [1af4:1000] type 00 class 0x020000
[    0.718418] kernel: pci 0000:00:04.0: reg 0x10: [io  0xc020-0xc03f]
[    0.719266] kernel: pci 0000:00:04.0: reg 0x14: [mem 0xfeb91000-0xfeb91fff]
[    0.721141] kernel: pci 0000:00:04.0: reg 0x20: [mem 0xfe204000-0xfe207fff 64bit pref]
[    0.721686] kernel: pci 0000:00:04.0: reg 0x30: [mem 0xfeb00000-0xfeb7ffff pref]
[    0.722767] kernel: pci 0000:00:10.0: [1af4:1110] type 00 class 0x050000
[    0.723301] kernel: pci 0000:00:10.0: reg 0x10: [mem 0xfeb92000-0xfeb920ff]
[    0.725301] kernel: pci 0000:00:10.0: reg 0x18: [mem 0xfe000000-0xfe0fffff 64bit pref]
[    0.729184] kernel: pci 0000:00:11.0: [1af4:1110] type 00 class 0x050000
[    0.729553] kernel: pci 0000:00:11.0: reg 0x10: [mem 0xfeb93000-0xfeb930ff]
[    0.730581] kernel: pci 0000:00:11.0: reg 0x18: [mem 0xfe208000-0xfe2083ff 64bit pref]
[    0.732976] kernel: pci 0000:00:12.0: [1af4:1110] type 00 class 0x050000
[    0.733705] kernel: pci 0000:00:12.0: reg 0x10: [mem 0xfeb94000-0xfeb940ff]
[    0.735034] kernel: pci 0000:00:12.0: reg 0x18: [mem 0xfe100000-0xfe1fffff 64bit pref]
[    0.739183] kernel: ACPI: PCI: Interrupt link LNKA configured for IRQ 10
[    0.739518] kernel: ACPI: PCI: Interrupt link LNKB configured for IRQ 10
[    0.739823] kernel: ACPI: PCI: Interrupt link LNKC configured for IRQ 11
[    0.740128] kernel: ACPI: PCI: Interrupt link LNKD configured for IRQ 11
[    0.740249] kernel: ACPI: PCI: Interrupt link LNKS configured for IRQ 9
[    0.740829] kernel: iommu: Default domain type: Translated 
[    0.740830] kernel: iommu: DMA domain TLB invalidation policy: lazy mode 
[    0.740859] kernel: pci 0000:00:02.0: vgaarb: setting as boot VGA device
[    0.740859] kernel: pci 0000:00:02.0: vgaarb: VGA device added: decodes=io+mem,owns=io+mem,lock    0.919375] kernel: workingset: timestamp_bits=56 max_order=22 bucket_order=0
[    0.924344] kernel: fuse: init (API version 7.34)
[    0.924619] kernel: orangefs_debugfs_init: called with debug mask: :none: :0:
[    0.924686] kernel: orangefs_init: module version upstream loaded
[    0.949500] kernel: Key type asymmetric registered
[    0.949503] kernel: Asymmetric key parser 'x509' registered
[    0.949584] kernel: Block layer SCSI generic (bsg) driver version 0.4 loaded (major 250)
[    0.949585] kernel: io scheduler mq-deadline registered
[    0.949587] kernel: io scheduler kyber registered
[    0.949940] kernel: input: Power Button as /devices/LNXSYSTM:00/LNXPWRBN:00/input/input0
[    0.950023] kernel: ACPI: button: Power Button [PWRF]
[    1.250051] kernel: ACPI: \_SB_.LNKC: Enabled at IRQ 11
[    1.550930] kernel: ACPI: \_SB_.LNKD: Enabled at IRQ 10
[    1.552146] kernel: Serial: 8250/16550 driver, 4 ports, IRQ sharing enabled
[    1.552264] kernel: 00:05: ttyS0 at I/O 0x3f8 (irq = 4, base_baud = 115200) is a 16550A
[    1.553004] kernel: Non-volatile memory driver v1.3
[    1.553059] kernel: Linux agpgart interface v0.103
[    1.557082] kernel: loop: module loaded
[    1.557278] kernel: ata_piix 0000:00:01.1: version 2.13
[    1.567238] kernel: scsi host0: ata_piix
[    1.567743] kernel: scsi host1: ata_piix
[    1.567817] kernel: ata1: PATA max MWDMA2 cmd 0x1f0 ctl 0x3f6 bmdma 0xc040 irq 14
[    1.567819] kernel: ata2: PATA max MWDMA2 cmd 0x170 ctl 0x376 bmdma 0xc048 irq 15
[    1.568088] kernel: libphy: Fixed MDIO Bus: probed
[    1.573447] kernel: e100: Intel(R) PRO/100 Network Driver
[    1.573450] kernel: e100: Copyright(c) 1999-2006 Intel Corporation
[    1.573460] kernel: e1000: Intel(R) PRO/1000 Network Driver
[    1.573461] kernel: e1000: Copyright (c) 1999-2006 Intel Corporation.
[    1.573483] kernel: e1000e: Intel(R) PRO/1000 Network Driver
[    1.573484] kernel: e1000e: Copyright(c) 1999 - 2015 Intel Corporation.
[    1.573503] kernel: sky2: driver version 1.30
[    1.573741] kernel: ehci_hcd: USB 2.0 'Enhanced' Host Controller (EHCI) Driver
[    1.573742] kernel: ehci-pci: EHCI PCI platform driver
[    1.573755] kernel: ohci_hcd: USB 1.1 'Open' Host Controller (OHCI) Driver
[    1.573760] kernel: ohci-pci: OHCI PCI platform driver
[    1.573769] kernel: uhci_hcd: USB Universal Host Controller Interface driver
[    1.573877] kernel: usbcore: registered new interface driver usblp
[    1.573891] kernel: usbcore: registered new interface driver usb-storage
[    1.573938] kernel: i8042: PNP: PS/2 Controller [PNP0303:KBD,PNP0f13:MOU] at 0x60,0x64 irq 1,12
[    1.583668] kernel: serio: i8042 KBD port at 0x60,0x64 irq 1
[    1.583675] kernel: serio: i8042 AUX port at 0x60,0x64 irq 12
[    1.584067] kernel: input: AT Translated Set 2 keyboard as /devices/platform/i8042/serio0/input/input1
[    1.584313] kernel: rtc_cmos 00:00: RTC can wake from S4
[    1.584892] kernel: rtc_cmos 00:00: registered as rtc0
[    1.584923] kernel: rs=none
[    0.740859] kernel: pci 0000:00:02.0: vgaarb: bridge control possible
[    0.740859] kernel: vgaarb: loaded
[    0.740859] kernel: SCSI subsystem initialized
[    0.741361] kernel: libata version 3.00 loaded.
[    0.741447] kernel: ACPI: bus type USB registered
[    0.741491] kernel: usbcore: registered new interface driver usbfs
[    0.741511] kernel: usbcore: registered new interface driver hub
[    0.741526] kernel: usbcore: registered new device driver usb
[    0.741568] kernel: pps_core: LinuxPPS API ver. 1 registered
[    0.741569] kernel: pps_core: Software ver. 5.3.6 - Copyright 2005-2007 Rodolfo Giometti <giometti@linux.it>
[    0.741579] kernel: PTP clock support registered
[    0.744434] kernel: Advanced Linux Sound Architecture Driver Initialized.
[    0.744822] kernel: NetLabel: Initializing
[    0.744823] kernel: NetLabel:  domain hash size = 128
[    0.744824] kernel: NetLabel:  protocols = UNLABELED CIPSOv4 CALIPSO
[    0.744856] kernel: NetLabel:  unlabeled traffic allowed by default
[    0.745329] kernel: PCI: Using ACPI for IRQ routing
[    0.745329] kernel: PCI: pci_cache_line_size set to 64 bytes
[    0.745455] kernel: e820: reserve RAM buffer [mem 0x0009fc00-0x0009ffff]
[    0.745461] kernel: e820: reserve RAM buffer [mem 0xbffe0000-0xbfffffff]
[    0.745526] kernel: hpet0: at MMIO 0xfed00000, IRQs 2, 8, 0
[    0.745529] kernel: hpet0: 3 comparators, 64-bit 100.000000 MHz counter
[    0.749375] kernel: clocksource: Switched to clocksource kvm-clock
[    0.799022] kernel: VFS: Disk quotas dquot_6.6.0
[    0.799041] kernel: VFS: Dquot-cache hash table entries: 512 (order 0, 4096 bytes)
[    0.799143] kernel: pnp: PnP ACPI init
[    0.799445] kernel: pnp 00:03: [dma 2]
[    0.800490] kernel: pnp: PnP ACPI: found 6 devices
[    0.821238] kernel: clocksource: acpi_pm: mask: 0xffffff max_cycles: 0xffffff, max_idle_ns: 2085701024 ns
[    0.821294] kernel: NET: Registered PF_INET protocol family
[    0.822006] kernel: IP idents hash table ey: [mem 0x000a0000-0x000effff]
[    0.456193] kernel: PM: hibernation: Registered nosave memory: [mem 0x000f0000-0x000fffff]
[    0.456194] kernel: PM: hibernation: Registered nosave memory: [mem 0xbffe0000-0xbfffffff]
[    0.456195] kernel: PM: hibernation: Registered nosave memory: [mem 0xc0000000-0xfeffbfff]
[    0.456196] kernel: PM: hibernation: Registered nosave memory: [mem 0xfeffc000-0xfeffffff]
[    0.456196] kernel: PM: hibernation: Registered nosave memory: [mem 0xff000000-0xfffbffff]
[    0.456197] kernel: PM: hibernation: Registered nosave memory: [mem 0xfffc0000-0xffffffff]
[    0.456199] kernel: [mem 0xc0000000-0xfeffbfff] available for PCI devices
[    0.456200] kernel: Booting paravirtualized kernel on KVM
[    0.456202] kernel: clocksource: refined-jiffies: mask: 0xffffffff max_cycles: 0xffffffff, max_idle_ns: 1910969940391419 ns
[    0.460267] kernel: setup_percpu: NR_CPUS:64 nr_cpumask_bits:64 nr_cpu_ids:2 nr_node_ids:1
[    0.460952] kernel: percpu: Embedded 56 pages/cpu s191576 r8192 d29608 u1048576
[    0.460957] kernel: pcpu-alloc: s191576 r8192 d29608 u1048576 alloc=1*2097152
[    0.460960] kernel: pcpu-alloc: [0] 0 1 
[    0.460984] kernel: kvm-guest: setup async PF for cpu 0
[    0.460989] kernel: kvm-guest: stealtime: cpu 0, msr 26561f140
[    0.460993] kernel: Built 1 zonelists, mobility grouping on.  Total pages: 2580192
[    0.460995] kernel: Policy zone: Normal
[    0.460996] kernel: Kernel command line: root=/dev/sda console=ttyS0 net.ifnames=0 ip=192.168.0.37 quiet
[    0.466256] kernel: Dentry cache hash table entries: 2097152 (order: 12, 16777216 bytes, linear)
[    0.468880] kernel: Inode-cache hash table entries: 1048576 (order: 11, 8388608 bytes, linear)
[    0.468936] kernel: mem auto-init: stack:off, heap alloc:off, heap free:off
[    0.672661] kernel: Memory: 8872644K/10485240K available (14348K kernel code, 2403K rwdata, 3568K rodata, 1384K init, 1732K bss, 1612396K reserved, 0K cma-reserved)
[    0.672751] kernel: SLUB: ntries: 262144 (order: 9, 2097152 bytes, linear)
[    0.823640] kernel: tcp_listen_portaddr_hash hash table entries: 8192 (order: 5, 131072 bytes, linear)
[    0.823687] kernel: TCP established hash table entries: 131072 (order: 8, 1048576 bytes, linear)
[    0.823840] kernel: TCP bind hash table entries: 65536 (order: 8, 1048576 bytes, linear)
[    0.824399] kernel: TCP: Hash tables configured (established 131072 bind 65536)
[    0.824466] kernel: UDP hash table entries: 8192 (order: 6, 262144 bytes, linear)
[    0.824517] kernel: UDP-Lite hash table entries: 8192 (order: 6, 262144 bytes, linear)
[    0.824629] kernel: NET: Registered PF_UNIX/PF_LOCAL protocol family
[    0.833401] kernel: pci_bus 0000:00: resource 4 [io  0x0000-0x0cf7 window]
[    0.833404] kernel: pci_bus 0000:00: resource 5 [io  0x0d00-0xffff window]
[    0.833405] kernel: pci_bus 0000:00: resource 6 [mem 0x000a0000-0x000bffff window]
[    0.833407] kernel: pci_bus 0000:00: resource 7 [mem 0xc0000000-0xfebfffff wiHWalign=64, Order=0-3, MinObjects=0, CPUs=2, Nodes=1
[    0.673375] kernel: rcu: Hierarchical RCU implementation.
[    0.673376] kernel: rcu:         RCU event tracing is enabled.
[    0.673377] kernel: rcu:         RCU restricting CPUs from NR_CPUS=64 to nr_cpu_ids=2.
[    0.673379] kernel: rcu: RCU calculated value of scheduler-enlistment delay is 100 jiffies.
[    0.673380] kernel: rcu: Adjusting geometry for rcu_fanout_leaf=16, nr_cpu_ids=2
[    0.676170] kernel: NR_IRQS: 4352, nr_irqs: 440, preallocated irqs: 16
[    0.676382] kernel: random: get_random_bytes called from start_kernel+0x4b1/0x67a with crng_init=0
[    0.680249] kernel: Console: colour VGA+ 80x25
[    0.680294] kernel: printk: console [ttyS0] enabled
[    0.680312] kernel: ACPI: Core revision 20210730
[    0.680451] kernel: clocksource: hpet: mask: 0xffffffff max_cycles: 0xffffffff, max_idle_ns: 19112604467 ns
[    0.680556] kernel: APIC: Switch to symmetric I/O mode setup
[    0.680559] kernel: kvm-guest: setup PVndow]
[    0.833408] kernel: pci_bus 0000:00: resource 8 [mem 0x2c0000000-0x33fffffff window]
[    0.833521] kernel: pci 0000:00:01.0: PIIX3: Enabling Passive Release
[    0.833530] kernel: pci 0000:00:00.0: Limiting direct PCI/PCI transfers
[    0.833538] kernel: pci 0000:00:01.0: Activating ISA DMA hang workarounds
[    0.833572] kernel: pci 0000:00:02.0: Video device with shadowed ROM at [mem 0x000c0000-0x000dffff]
[    0.833606] kernel: PCI: CLS 0 bytes, default 64
[    0.833620] kernel: PCI-DMA: Using software bounce buffering for IO (SWIOTLB)
[    0.833621] kernel: software IO TLB: mapped [mem 0x00000000bbfe0000-0x00000000bffe0000] (64MB)
[    0.833799] kernel: RAPL PMU: API unit is 2^-32 Joules, 0 fixed counters, 10737418240 ms ovfl timer
[    0.833811] kernel: clocksource: tsc: mask: 0xffffffffffffffff max_cycles: 0x2563bf907c6, max_idle_ns: 440795319401 ns
[    0.833868] kernel: clocksource: Switched to clocksource tsc
[    0.857717] kernel: Initialise system trusted keyrings IPIs
[    0.681415] kernel: ..TIMER: vector=0x30 apic1=0 pin1=2 apic2=-1 pin2=-1
[    0.681435] kernel: clocksource: tsc-early: mask: 0xffffffffffffffff max_cycles: 0x2563bf907c6, max_idle_ns: 440795319401 ns
[    0.681442] kernel: Calibrating delay loop (skipped) preset value.. 5187.81 BogoMIPS (lpj=2593906)
[    0.681445] kernel: pid_max: default: 32768 minimum: 301
[    0.681478] kernel: LSM: Security Framework initializing
[    0.681491] kernel: SELinux:  Initializing.
[    0.682505] kernel: Mount-cache hash table entries: 32768 (order: 6, 262144 bytes, linear)
[    0.683044] kernel: Mountpoint-cache hash table entries: 32768 (order: 6, 262144 bytes, linear)
[    0.683471] kernel: x86/cpu: User Mode Instruction Prevention (UMIP) activated
[    0.683552] kernel: Last level iTLB entries: 4KB 0, 2MB 0, 4MB 0
[    0.683553] kernel: Last level dTLB entries: 4KB 0, 2MB 0, 4MB 0, 1GB 0
[    0.683562] kernel: Spectre V1 : Mitigation: usercopy/swapgs barriers and __user pointer sanitizati
[    0.859883] kernel: workingset: timestamp_bits=56 max_order=22 bucket_order=0
[    0.864674] kernel: fuse: init (API version 7.34)
[    0.864890] kernel: orangefs_debugfs_init: called with debug mask: :none: :0:
[    0.864952] kernel: orangefs_init: module version upstream loaded
[    0.881402] kernel: Key type asymmetric registered
[    0.881404] kernel: Asymmetric key parser 'x509' registered
[    0.881465] kernel: Block layer SCSI generic (bsg) driver version 0.4 loaded (major 250)
[    0.881466] kernel: io scheduler mq-deadline registered
[    0.881467] kernel: io scheduler kyber registered
[    0.881810] kernel: input: Power Button as /devices/LNXSYSTM:00/LNXPWRBN:00/input/input0
[    0.881892] kernel: ACPI: button: Power Button [PWRF]
[    1.361419] kernel: ACPI: \_SB_.LNKC: Enabled at IRQ 11
[    1.664361] kernel: ACPI: \_SB_.LNKD: Enabled at IRQ 10
[    1.665431] kernel: Serial: 8250/16550 driver, 4 ports, IRQ sharing enabled
[    1.665523] kernel: 00:05: ttyS0 at I/O 0x3fon
[    0.683567] kernel: Spectre V2 : Mitigation: Enhanced IBRS
[    0.683567] kernel: Spectre V2 : Spectre v2 / SpectreRSB mitigation: Filling RSB on context switch
[    0.683569] kernel: Spectre V2 : mitigation: Enabling conditional Indirect Branch Prediction Barrier
[    0.683570] kernel: Speculative Store Bypass: Mitigation: Speculative Store Bypass disabled via prctl and seccomp
[    0.683571] kernel: TAA: Mitigation: TSX disabled
[    0.689205] kernel: Freeing SMP alternatives memory: 40K
[    0.689351] kernel: smpboot: CPU0: Intel(R) Xeon(R) Gold 6348 CPU @ 2.60GHz (family: 0x6, model: 0x6a, stepping: 0x6)
[    0.689438] kernel: Performance Events: Icelake events, 32-deep LBR, full-width counters, Intel PMU driver.
[    0.689497] kernel: ... version:                2
[    0.689498] kernel: ... bit width:              48
[    0.689499] kernel: ... generic registers:      8
[    0.689500] kernel: ... value mask:             0000ffffffffffff
[    0.689501] kernel: ... max period:8 (irq = 4, base_baud = 115200) is a 16550A
[    1.666569] kernel: Non-volatile memory driver v1.3
[    1.666601] kernel: Linux agpgart interface v0.103
[    1.669395] kernel: loop: module loaded
[    1.669556] kernel: ata_piix 0000:00:01.1: version 2.13
[    1.679862] kernel: scsi host0: ata_piix
[    1.680651] kernel: scsi host1: ata_piix
[    1.680740] kernel: ata1: PATA max MWDMA2 cmd 0x1f0 ctl 0x3f6 bmdma 0xc040 irq 14
[    1.680742] kernel: ata2: PATA max MWDMA2 cmd 0x170 ctl 0x376 bmdma 0xc048 irq 15
[    1.680997] kernel: libphy: Fixed MDIO Bus: probed
[    1.686080] kernel: e100: Intel(R) PRO/100 Network Driver
[    1.686082] kernel: e100: Copyright(c) 1999-2006 Intel Corporation
[    1.686093] kernel: e1000: Intel(R) PRO/1000 Network Driver
[    1.686093] kernel: e1000: Copyright (c) 1999-2006 Intel Corporation.
[    1.686113] kernel: e1000e: Intel(R) PRO/1000 Network Driver
[    1.686114] kernel: e1000e: Copyright(c) 1999 - 2015 Intel Corporation.
[    1.686131] kernel: sky             00007fffffffffff
