2023/03/07 10:46:24 fuzzer started
2023/03/07 10:46:24 dialing manager at localhost:42025
2023/03/07 10:46:24 syscalls: 130
2023/03/07 10:46:24 code coverage: enabled
2023/03/07 10:46:24 comparison tracing: enabled
2023/03/07 10:46:24 extra coverage: enabled
2023/03/07 10:46:24 setuid sandbox: enabled
2023/03/07 10:46:24 namespace sandbox: /proc/self/ns/user does not exist
2023/03/07 10:46:24 Android sandbox: /sys/fs/selinux/policy can't be opened (open /sys/fs/selinux/policy: invalid argument)
2023/03/07 10:46:24 fault injection: CONFIG_FAULT_INJECTION_DEBUG_FS or CONFIG_FAILSLAB are not enabled
2023/03/07 10:46:24 leak checking: CONFIG_DEBUG_KMEMLEAK is not enabled
2023/03/07 10:46:24 net packet injection: /dev/net/tun does not exist
2023/03/07 10:46:24 net device setup: enabled
2023/03/07 10:46:24 concurrency sanitizer: /sys/kernel/debug/kcsan does not exist
2023/03/07 10:46:24 devlink PCI setup: enabled
2023/03/07 10:46:24 USB emulation: /dev/raw-gadget does not exist
2023/03/07 10:46:24 hci packet injection: /dev/vhci does not exist
2023/03/07 10:46:24 wifi device emulation: /sys/class/mac80211_hwsim/ does not exist
2023/03/07 10:46:24 802.15.4 emulation: /sys/bus/platform/devices/mac802154_hwsim does not exist
2023/03/07 10:46:24 deserializeInput: hasCrash true hasNet false
2023/03/07 10:46:24 prog length: 6
2023/03/07 10:46:24 prog length: 6
2023/03/07 10:46:24 prog length: 7
2023/03/07 10:46:24 deserializeInput: hasCrash true hasNet false
2023/03/07 10:46:24 prog length: 6
2023/03/07 10:46:24 prog length: 6
2023/03/07 10:46:24 prog length: 6
2023/03/07 10:46:24 prog length: 7
2023/03/07 10:46:24 deserializeInput: hasCrash true hasNet false
2023/03/07 10:46:24 prog length: 6
2023/03/07 10:46:24 prog length: 3
2023/03/07 10:46:24 deserializeInput: hasCrash true hasNet false
2023/03/07 10:46:24 prog length: 6
2023/03/07 10:46:24 prog length: 6
2023/03/07 10:46:24 prog length: 6
2023/03/07 10:46:24 prog length: 7
2023/03/07 10:46:24 deserializeInput: hasCrash true hasNet false
2023/03/07 10:46:24 prog length: 6
2023/03/07 10:46:24 prog length: 6
2023/03/07 10:46:24 prog length: 5
2023/03/07 10:46:24 deserializeInput: hasCrash true hasNet false
2023/03/07 10:46:24 prog length: 6
2023/03/07 10:46:24 prog length: 6
2023/03/07 10:46:24 prog length: 6
2023/03/07 10:46:24 prog length: 7
2023/03/07 10:46:24 deserializeInput: hasCrash true hasNet false
2023/03/07 10:46:24 prog length: 6
2023/03/07 10:46:24 prog length: 3
2023/03/07 10:46:24 deserializeInput: hasCrash true hasNet false
2023/03/07 10:46:24 prog length: 6
2023/03/07 10:46:24 prog length: 3
2023/03/07 10:46:24 deserializeInput: hasCrash true hasNet false
2023/03/07 10:46:24 prog length: 6
2023/03/07 10:46:24 prog length: 3
2023/03/07 10:46:24 deserializeInput: hasCrash true hasNet false
2023/03/07 10:46:24 prog length: 6
2023/03/07 10:46:24 prog length: 3
2023/03/07 10:46:24 deserializeInput: hasCrash true hasNet false
2023/03/07 10:46:24 prog length: 6
2023/03/07 10:46:24 prog length: 6
2023/03/07 10:46:24 prog length: 5
2023/03/07 10:46:24 deserializeInput: hasCrash true hasNet false
2023/03/07 10:46:24 prog length: 6
2023/03/07 10:46:24 prog length: 3
2023/03/07 10:46:24 deserializeInput: hasCrash true hasNet false
2023/03/07 10:46:24 prog length: 6
2023/03/07 10:46:24 prog length: 6
2023/03/07 10:46:24 prog length: 5
2023/03/07 10:46:24 deserializeInput: hasCrash true hasNet false
2023/03/07 10:46:24 prog length: 6
2023/03/07 10:46:24 prog length: 6
2023/03/07 10:46:24 prog length: 5
2023/03/07 10:46:24 deserializeInput: hasCrash true hasNet false
2023/03/07 10:46:24 prog length: 6
2023/03/07 10:46:24 prog length: 6
2023/03/07 10:46:24 prog length: 5
2023/03/07 10:46:25 deserializeInput: hasCrash true hasNet false
2023/03/07 10:46:25 prog length: 6
2023/03/07 10:46:25 prog length: 3
2023/03/07 10:46:25 deserializeInput: hasCrash true hasNet false
2023/03/07 10:46:25 prog length: 6
2023/03/07 10:46:25 prog length: 3
2023/03/07 10:46:25 deserializeInput: hasCrash true hasNet false
2023/03/07 10:46:25 prog length: 6
2023/03/07 10:46:25 prog length: 6
2023/03/07 10:46:25 prog length: 5
2023/03/07 10:46:25 deserializeInput: hasCrash true hasNet false
2023/03/07 10:46:25 prog length: 6
2023/03/07 10:46:25 prog length: 6
2023/03/07 10:46:25 prog length: 5
2023/03/07 10:46:25 deserializeInput: hasCrash true hasNet false
2023/03/07 10:46:25 prog length: 6
2023/03/07 10:46:25 prog length: 6
2023/03/07 10:46:25 prog length: 6
2023/03/07 10:46:25 deserializeInput: hasCrash true hasNet false
2023/03/07 10:46:25 prog length: 6
2023/03/07 10:46:25 prog length: 3
2023/03/07 10:46:25 deserializeInput: hasCrash true hasNet false
2023/03/07 10:46:25 prog length: 6
2023/03/07 10:46:25 prog length: 3
2023/03/07 10:46:25 deserializeInput: hasCrash true hasNet false
2023/03/07 10:46:25 prog length: 6
2023/03/07 10:46:25 prog length: 6
2023/03/07 10:46:25 prog length: 7
2023/03/07 10:46:25 deserializeInput: hasCrash true hasNet false
2023/03/07 10:46:25 prog length: 6
2023/03/07 10:46:25 prog length: 4
2023/03/07 10:46:25 deserializeInput: hasCrash true hasNet false
2023/03/07 10:46:25 prog length: 6
2023/03/07 10:46:25 prog length: 6
2023/03/07 10:46:25 prog length: 5
2023/03/07 10:46:25 deserializeInput: hasCrash true hasNet false
2023/03/07 10:46:25 prog length: 6
2023/03/07 10:46:25 prog length: 3
2023/03/07 10:46:25 deserializeInput: hasCrash true hasNet false
2023/03/07 10:46:25 prog length: 6
2023/03/07 10:46:25 prog length: 4
2023/03/07 10:46:25 deserializeInput: hasCrash true hasNet false
2023/03/07 10:46:25 prog length: 6
2023/03/07 10:46:25 prog length: 4
2023/03/07 10:46:25 deserializeInput: hasCrash true hasNet false
2023/03/07 10:46:25 prog length: 6
2023/03/07 10:46:25 prog length: 6
2023/03/07 10:46:25 prog length: 5
2023/03/07 10:46:25 deserializeInput: hasCrash true hasNet false
2023/03/07 10:46:25 prog length: 6
2023/03/07 10:46:25 prog length: 6
2023/03/07 10:46:25 prog length: 5
2023/03/07 10:46:25 deserializeInput: hasCrash true hasNet false
2023/03/07 10:46:25 prog length: 6
2023/03/07 10:46:25 prog length: 6
2023/03/07 10:46:25 prog length: 5
2023/03/07 10:46:25 deserializeInput: hasCrash true hasNet false
2023/03/07 10:46:25 prog length: 6
2023/03/07 10:46:25 prog length: 3
2023/03/07 10:46:25 deserializeInput: hasCrash true hasNet false
2023/03/07 10:46:25 prog length: 6
2023/03/07 10:46:25 prog length: 6
2023/03/07 10:46:25 prog length: 6
2023/03/07 10:46:25 deserializeInput: hasCrash false hasNet false
2023/03/07 10:46:25 prog length: 1
2023/03/07 10:46:25 deserializeInput: hasCrash true hasNet false
2023/03/07 10:46:25 prog length: 6
2023/03/07 10:46:25 prog length: 3
2023/03/07 10:46:25 deserializeInput: hasCrash true hasNet false
2023/03/07 10:46:25 prog length: 6
2023/03/07 10:46:25 prog length: 3
2023/03/07 10:46:25 deserializeInput: hasCrash true hasNet false
2023/03/07 10:46:25 prog length: 6
2023/03/07 10:46:25 prog length: 6
2023/03/07 10:46:25 prog length: 5
2023/03/07 10:46:25 deserializeInput: hasCrash true hasNet false
2023/03/07 10:46:25 prog length: 6
2023/03/07 10:46:25 prog length: 6
2023/03/07 10:46:25 prog length: 5
2023/03/07 10:46:25 deserializeInput: hasCrash true hasNet false
2023/03/07 10:46:25 prog length: 6
2023/03/07 10:46:25 prog length: 3
2023/03/07 10:46:25 deserializeInput: hasCrash true hasNet false
2023/03/07 10:46:25 prog length: 6
2023/03/07 10:46:25 prog length: 3
2023/03/07 10:46:25 deserializeInput: hasCrash true hasNet false
2023/03/07 10:46:25 prog length: 6
2023/03/07 10:46:25 prog length: 5
2023/03/07 10:46:25 deserializeInput: hasCrash true hasNet false
2023/03/07 10:46:25 prog length: 6
2023/03/07 10:46:25 prog length: 6
2023/03/07 10:46:25 prog length: 5
2023/03/07 10:46:25 deserializeInput: hasCrash true hasNet false
2023/03/07 10:46:25 prog length: 6
2023/03/07 10:46:25 prog length: 3
2023/03/07 10:46:25 deserializeInput: hasCrash true hasNet false
2023/03/07 10:46:25 prog length: 6
2023/03/07 10:46:25 prog length: 6
2023/03/07 10:46:25 prog length: 5
2023/03/07 10:46:25 deserializeInput: hasCrash true hasNet false
2023/03/07 10:46:25 prog length: 6
2023/03/07 10:46:25 prog length: 3
2023/03/07 10:46:25 deserializeInput: hasCrash true hasNet false
2023/03/07 10:46:25 prog length: 6
2023/03/07 10:46:25 prog length: 3
2023/03/07 10:46:25 deserializeInput: hasCrash true hasNet false
2023/03/07 10:46:25 prog length: 6
2023/03/07 10:46:25 prog length: 3
2023/03/07 10:46:25 deserializeInput: hasCrash true hasNet false
2023/03/07 10:46:25 prog length: 6
2023/03/07 10:46:25 prog length: 6
2023/03/07 10:46:25 prog length: 5
2023/03/07 10:46:25 deserializeInput: hasCrash true hasNet false
2023/03/07 10:46:25 prog length: 6
2023/03/07 10:46:25 prog length: 6
2023/03/07 10:46:25 prog length: 5
2023/03/07 10:46:25 deserializeInput: hasCrash false hasNet false
2023/03/07 10:46:25 prog length: 3
2023/03/07 10:46:25 fetching corpus: 50, signal 3681/15133/19760 (executing program)
2023/03/07 10:46:25 deserializeInput: hasCrash true hasNet false
2023/03/07 10:46:25 prog length: 6
2023/03/07 10:46:25 prog length: 3
2023/03/07 10:46:25 deserializeInput: hasCrash true hasNet false
2023/03/07 10:46:25 prog length: 6
2023/03/07 10:46:25 prog length: 3
2023/03/07 10:46:25 deserializeInput: hasCrash true hasNet false
2023/03/07 10:46:25 prog length: 6
2023/03/07 10:46:25 prog length: 3
2023/03/07 10:46:25 deserializeInput: hasCrash true hasNet false
2023/03/07 10:46:25 prog length: 6
2023/03/07 10:46:25 prog length: 6
2023/03/07 10:46:25 prog length: 5
2023/03/07 10:46:25 deserializeInput: hasCrash true hasNet false
2023/03/07 10:46:25 prog length: 6
2023/03/07 10:46:25 prog length: 3
2023/03/07 10:46:25 deserializeInput: hasCrash true hasNet false
2023/03/07 10:46:25 prog length: 6
2023/03/07 10:46:25 prog length: 3
2023/03/07 10:46:25 deserializeInput: hasCrash false hasNet false
2023/03/07 10:46:25 prog length: 3
2023/03/07 10:46:25 deserializeInput: hasCrash true hasNet false
2023/03/07 10:46:25 prog length: 6
2023/03/07 10:46:25 prog length: 3
2023/03/07 10:46:25 deserializeInput: hasCrash true hasNet false
2023/03/07 10:46:25 prog length: 6
2023/03/07 10:46:25 prog length: 3
2023/03/07 10:46:25 deserializeInput: hasCrash true hasNet false
2023/03/07 10:46:25 prog length: 6
2023/03/07 10:46:25 prog length: 3
2023/03/07 10:46:25 deserializeInput: hasCrash true hasNet false
2023/03/07 10:46:25 prog length: 6
2023/03/07 10:46:25 prog length: 3
2023/03/07 10:46:25 deserializeInput: hasCrash true hasNet false
2023/03/07 10:46:25 prog length: 6
2023/03/07 10:46:25 prog length: 3
2023/03/07 10:46:25 deserializeInput: hasCrash true hasNet false
2023/03/07 10:46:25 prog length: 6
2023/03/07 10:46:25 prog length: 4
2023/03/07 10:46:25 deserializeInput: hasCrash true hasNet false
2023/03/07 10:46:25 prog length: 6
2023/03/07 10:46:25 prog length: 4
2023/03/07 10:46:25 deserializeInput: hasCrash true hasNet false
2023/03/07 10:46:25 prog length: 6
2023/03/07 10:46:25 prog length: 3
2023/03/07 10:46:25 deserializeInput: hasCrash true hasNet false
2023/03/07 10:46:25 prog length: 6
2023/03/07 10:46:25 prog length: 3
2023/03/07 10:46:25 deserializeInput: hasCrash true hasNet false
2023/03/07 10:46:25 prog length: 6
2023/03/07 10:46:25 prog length: 6
2023/03/07 10:46:25 prog length: 5
2023/03/07 10:46:25 deserializeInput: hasCrash true hasNet false
2023/03/07 10:46:25 prog length: 6
2023/03/07 10:46:25 prog length: 3
2023/03/07 10:46:25 deserializeInput: hasCrash true hasNet false
2023/03/07 10:46:25 prog length: 6
2023/03/07 10:46:25 prog length: 6
2023/03/07 10:46:25 prog length: 5
2023/03/07 10:46:25 deserializeInput: hasCrash true hasNet false
2023/03/07 10:46:25 prog length: 6
2023/03/07 10:46:25 prog length: 6
2023/03/07 10:46:25 prog length: 6
2023/03/07 10:46:25 deserializeInput: hasCrash true hasNet false
2023/03/07 10:46:25 prog length: 6
2023/03/07 10:46:25 prog length: 6
2023/03/07 10:46:25 prog length: 5
2023/03/07 10:46:25 deserializeInput: hasCrash true hasNet false
2023/03/07 10:46:25 prog length: 6
2023/03/07 10:46:25 prog length: 3
2023/03/07 10:46:25 deserializeInput: hasCrash true hasNet false
2023/03/07 10:46:25 prog length: 6
2023/03/07 10:46:25 prog length: 3
2023/03/07 10:46:25 deserializeInput: hasCrash true hasNet false
2023/03/07 10:46:25 prog length: 6
2023/03/07 10:46:25 prog length: 6
2023/03/07 10:46:25 prog length: 5
2023/03/07 10:46:25 deserializeInput: hasCrash true hasNet false
2023/03/07 10:46:25 prog length: 6
2023/03/07 10:46:25 prog length: 4
2023/03/07 10:46:25 deserializeInput: hasCrash false hasNet false
2023/03/07 10:46:25 prog length: 2
2023/03/07 10:46:25 deserializeInput: hasCrash true hasNet false
2023/03/07 10:46:25 prog length: 6
2023/03/07 10:46:25 prog length: 6
2023/03/07 10:46:25 prog length: 5
2023/03/07 10:46:25 deserializeInput: hasCrash true hasNet false
2023/03/07 10:46:25 prog length: 6
2023/03/07 10:46:25 prog length: 3
2023/03/07 10:46:25 deserializeInput: hasCrash true hasNet false
2023/03/07 10:46:25 prog length: 6
2023/03/07 10:46:25 prog length: 3
2023/03/07 10:46:25 deserializeInput: hasCrash true hasNet false
2023/03/07 10:46:25 prog length: 6
2023/03/07 10:46:25 prog length: 3
2023/03/07 10:46:25 deserializeInput: hasCrash true hasNet false
2023/03/07 10:46:25 prog length: 6
2023/03/07 10:46:25 prog length: 3
2023/03/07 10:46:25 deserializeInput: hasCrash true hasNet false
2023/03/07 10:46:25 prog length: 6
2023/03/07 10:46:25 prog length: 6
2023/03/07 10:46:25 prog length: 5
2023/03/07 10:46:25 deserializeInput: hasCrash true hasNet false
2023/03/07 10:46:25 prog length: 6
2023/03/07 10:46:25 prog length: 3
2023/03/07 10:46:25 deserializeInput: hasCrash true hasNet false
2023/03/07 10:46:25 prog length: 6
2023/03/07 10:46:25 prog length: 3
2023/03/07 10:46:25 deserializeInput: hasCrash true hasNet false
2023/03/07 10:46:25 prog length: 6
2023/03/07 10:46:25 prog length: 6
2023/03/07 10:46:25 prog length: 5
2023/03/07 10:46:25 deserializeInput: hasCrash true hasNet false
2023/03/07 10:46:25 prog length: 6
2023/03/07 10:46:25 prog length: 5
2023/03/07 10:46:25 deserializeInput: hasCrash true hasNet false
2023/03/07 10:46:25 prog length: 6
2023/03/07 10:46:25 prog length: 6
2023/03/07 10:46:25 prog length: 5
2023/03/07 10:46:25 deserializeInput: hasCrash true hasNet false
2023/03/07 10:46:25 prog length: 6
2023/03/07 10:46:25 prog length: 3
2023/03/07 10:46:25 deserializeInput: hasCrash true hasNet false
2023/03/07 10:46:25 prog length: 6
2023/03/07 10:46:25 prog length: 6
2023/03/07 10:46:25 prog length: 5
2023/03/07 10:46:25 deserializeInput: hasCrash true hasNet false
2023/03/07 10:46:25 prog length: 6
2023/03/07 10:46:25 prog length: 6
2023/03/07 10:46:25 prog length: 5
2023/03/07 10:46:25 fetching corpus: 90, signal 3844/16733/22226 (executing program)
2023/03/07 10:46:25 fetching corpus: 90, signal 3844/16733/23034 (executing program)
2023/03/07 10:46:25 fetching corpus: 90, signal 3844/16733/23835 (executing program)
2023/03/07 10:46:25 fetching corpus: 90, signal 3844/16733/24698 (executing program)
2023/03/07 10:46:25 fetching corpus: 90, signal 3844/16733/25526 (executing program)
2023/03/07 10:46:25 fetching corpus: 90, signal 3844/16733/26394 (executing program)
2023/03/07 10:46:25 fetching corpus: 90, signal 3844/16733/27212 (executing program)
2023/03/07 10:46:25 fetching corpus: 90, signal 3844/16733/28013 (executing program)
2023/03/07 10:46:25 fetching corpus: 90, signal 3844/16733/28392 (executing program)
2023/03/07 10:46:25 fetching corpus: 90, signal 3844/16733/28392 (executing program)
2023/03/07 10:46:26 starting 1 fuzzer processes
2023/03/07 10:46:26 ----- generateCall 3670 setxattr$security_smack_transmute setxattr$security_smack_transmute
2023/03/07 10:46:26 ----- generateCall 2374 mkdirat mkdirat
2023/03/07 10:46:26 ----- generateCall 2458 open open
2023/03/07 10:46:26 ----- generateCall 2347 llistxattr llistxattr
2023/03/07 10:46:26 ----- generateCall 2458 open open
2023/03/07 10:46:26 ----- generateCall 220 flock flock
2023/03/07 10:46:26 ----- generateCall 3667 setxattr$security_evm setxattr$security_evm
2023/03/07 10:46:26 ----- generateCall 4131 write$binfmt_script write$binfmt_script
2023/03/07 10:46:26 ----- generateCall 2781 readlinkat readlinkat
2023/03/07 10:46:26 ----- generateCall 2354 lsetxattr$security_ima lsetxattr$security_ima
2023/03/07 10:46:26 ----- generateCall 194 fchmod fchmod
2023/03/07 10:46:26 ----- generateCall 233 fsetxattr$security_evm fsetxattr$security_evm
2023/03/07 10:46:26 ----- generateCall 2809 rename rename
2023/03/07 10:46:26 ----- generateCall 2341 lchown lchown
2023/03/07 10:46:26 ----- generateCall 217 fgetxattr fgetxattr
2023/03/07 10:46:26 map[./file0:true ./file1:true]
2023/03/07 10:46:26 HasCrashFail: false, .HasNetFail: false
2023/03/07 10:46:26 prog length: 20
2023/03/07 10:46:26 HasCrashFail:false HasNetFail:false
10:46:26 ---executing program 0:
---
---
---
setxattr$security_smack_transmute(&(0x7f0000000000)='./file0\x00', &(0x7f0000000040), &(0x7f0000000080), 0x4, 0x4)
r0 = open(&(0x7f00000000c0)='./file0\x00', 0x0, 0x0)
mkdirat(r0, &(0x7f0000000100)='./file0\x00', 0xf9)
r1 = open(&(0x7f0000000140)='./file0\x00', 0x280, 0x61)
llistxattr(&(0x7f0000000180)='./file0\x00', &(0x7f00000001c0)=""/252, 0xfc)
r2 = open(&(0x7f00000002c0)='./file0\x00', 0xa00, 0x1a0)
flock(r2, 0x0)
setxattr$security_evm(&(0x7f0000000300)='./file0\x00', &(0x7f0000000340), &(0x7f0000000380)=@ng={0x4, 0x1, '}\v'}, 0x4, 0x1)
write$binfmt_script(r2, &(0x7f00000003c0)={'#! ', './file0', [{0x20, 'TRUE'}, {0x20, 'security.evm\x00'}, {0x20, 'security.evm\x00'}, {0x20, ',)'}, {0x20, '}'}, {0x20, 'TRUE'}], 0xa, "7afa5f360d7027afb90524bb72c5e54e53b3de57038c8461857aa8628ceb5c153e4a12f08a33"}, 0x5c)
r3 = dup(r0)
readlinkat(r3, &(0x7f0000000440)='./file1\x00', &(0x7f0000000480)=""/254, 0xfe)
lsetxattr$security_ima(&(0x7f0000000580)='./file1\x00', &(0x7f00000005c0), &(0x7f0000000600)=@md5={0x1, "2ae290f277b24c89071e49e5d346fae9"}, 0x11, 0x3)
fchmod(0xffffffffffffffff, 0x101)
r4 = open(&(0x7f0000000640)='./file0\x00', 0x0, 0x0)
fsetxattr$security_evm(r4, &(0x7f0000000680), &(0x7f00000006c0)=@v1={0x2, "39fa700bad"}, 0x6, 0x2)
rename(&(0x7f0000000700)='./file0\x00', &(0x7f0000000740)='./file1\x00')
fstat(r1, &(0x7f00000007c0)={0x0, 0x0, 0x0, 0x0, <r5=>0x0})
fstat(r0, &(0x7f0000000840)={0x0, 0x0, 0x0, 0x0, 0x0, <r6=>0x0})
lchown(&(0x7f0000000780)='./file1\x00', r5, r6)
fgetxattr(0xffffffffffffffff, &(0x7f00000008c0)=@known='security.apparmor\x00', &(0x7f0000000900), 0x0)
---

end of program
2023/03/07 10:46:26 -----run executor: [/usr/bin/ssh -F /dev/null -o ConnectionAttempts=100 -o ConnectTimeout=120 -o UserKnownHostsFile=/dev/null -o BatchMode=yes -o IdentitiesOnly=yes -o StrictHostKeyChecking=no -o ConnectTimeout=100 -i /home/tlyu/dfs-fuzzing/disk-images/orangefs-images/focal.id_rsa root@192.168.0.35 /root/syz-executor exec 0 0 orangefs 3 4 192.168.0.35 0 "3 1" false false false true false]
2023/03/07 10:46:26 -----run executor: [/usr/bin/ssh -F /dev/null -o ConnectionAttempts=100 -o ConnectTimeout=120 -o UserKnownHostsFile=/dev/null -o BatchMode=yes -o IdentitiesOnly=yes -o StrictHostKeyChecking=no -o ConnectTimeout=100 -i /home/tlyu/dfs-fuzzing/disk-images/orangefs-images/focal.id_rsa root@192.168.0.36 /root/syz-executor exec 0 1 orangefs 3 4 192.168.0.35 0 "3 1" false false false true false]
2023/03/07 10:46:26 -----run executor: [/usr/bin/ssh -F /dev/null -o ConnectionAttempts=100 -o ConnectTimeout=120 -o UserKnownHostsFile=/dev/null -o BatchMode=yes -o IdentitiesOnly=yes -o StrictHostKeyChecking=no -o ConnectTimeout=100 -i /home/tlyu/dfs-fuzzing/disk-images/orangefs-images/focal.id_rsa root@192.168.0.37 /root/syz-executor exec 0 2 orangefs 3 4 192.168.0.35 0 "3 1" false false false true false]
2023/03/07 10:46:26 -----run executor: [/usr/bin/ssh -F /dev/null -o ConnectionAttempts=100 -o ConnectTimeout=120 -o UserKnownHostsFile=/dev/null -o BatchMode=yes -o IdentitiesOnly=yes -o StrictHostKeyChecking=no -o ConnectTimeout=100 -i /home/tlyu/dfs-fuzzing/disk-images/orangefs-images/focal.id_rsa root@192.168.0.38 /root/syz-executor exec 1 3 orangefs 3 4 192.168.0.35 0 "3 1" false false false true false]
Warning: Permanently added '192.168.0.35' (ECDSA) to the list of known hosts.
Warning: Permanently added '192.168.0.36' (ECDSA) to the list of known hosts.
Warning: Permanently added '192.168.0.37' (ECDSA) to the list of known hosts.
Warning: Permanently added '192.168.0.38' (ECDSA) to the list of known hosts.
----- is restarting 0
---- dfs_name orangefs is_dfs_client 0
unlink FIFO failed: No such file or directory
executor 0 finishes userspace_cover_open
before receiving handshake request
[    0.000000] kernel: Linux version 5.15.0+ (tlyu@IC-RS3-DPC07) (gcc (Ubuntu 9.4.0-1ubuntu1~20.04.1) 9.4.0, GNU ld (GNU Binutils for Ubuntu) 2.34) #7 SMP Sat Feb 18 10:18:37 CET 2023
[    0.000000] kernel: Command line: root=/dev/sda console=ttyS0 net.ifnames=0 ip=192.168.0.35 quiet
[    0.000000] kernel: x86/fpu: Supporting XSAVE feature 0x001: 'x87 floating point registers'
[    0.000000] kernel: x86/fpu: Supporting XSAVE feature 0x002: 'SSE registers'
[    0.000000] kernel: x86/fpu: Supporting XSAVE feature 0x004: 'AVX registers'
[    0.000000] kernel: x86/fpu: Supporting XSAVE feature 0x020: 'AVX-512 opmask'
[    0.000000] kernel: x86/fpu: Supporting XSAVE feature 0x040: 'AVX-512 Hi256'
[    0.000000] kernel: x86/fpu: Supporting XSAVE feature 0x080: 'AVX-512 ZMM_Hi256'
[    0.000000] kernel: x86/fpu: Supporting XSAVE feature 0x200: 'Protection Keys User registers'
[    0.000000] kernel: x86/fpu: xstate_offset[2]:  576, xstate_sizes[2]:  256
[    0.000000] kernel: x86/fpu: xstate_offset[5]:  832, xstate_sizes[5]:   64
[    0.000000] kernel: x86/fpu: xstate_offset[6]:  896, xstate_sizes[6]:  512
[    0.000000] kernel: x86/fpu: xstate_offset[7]: 1408, xstate_sizes[7]: 1024
[    0.000000] kernel: x86/fpu: xstate_offset[9]: 2432, xstate_sizes[9]:    8
[    0.000000] kernel: x86/fpu: Enabled xstate features 0x2e7, context size is 2440 bytes, using 'compacted' format.
[    0.000000] kernel: signal: max sigframe size: 3632
[    0.000000] kernel: BIOS-provided physical RAM map:
[    0.000000] kernel: BIOS-e820: [mem 0x0000000000000000-0x000000000009fbff] usable
[    0.000000] kernel: BIOS-e820: [mem 0x000000000009fc00-0x000000000009ffff] reserved
[    0.000000] kernel: BIOS-e820: [mem 0x00000000000f0000-0x00000000000fffff] reserved
[    0.000000] kernel: BIOS-e820: [mem 0x0000000000100000-0x00000000bffdffff] usable
[    0.000000] kernel: BIOS-e820: [mem 0x00000000bffe0000-0x00000000bfffffff] reserved
[    0.000000] kernel: BIOS-e820: [mem 0x00000000feffc000-0x00000000[D 01/16/2023 17:42:13] PVFS2 Server version 2.9.7-orangefs-REV-65ab0d2 starting.
[E 01/16/2023 17:43:19] PVFS2 server got signal 15 (server_status_flag: 2080767)
[D 02/18/2023 14:39:31] PVFS2 Server version 2.9.7-orangefs-REV-65ab0d2 starting.
[D 02/18/2023 14:47:30] PVFS2 received server: signal 1
[E 02/18/2023 14:47:30] PVFS2 server got signal 15 (server_status_flag: 2080767)
feffffff] reserved
[    0.000000] kernel: BIOS-e820: [mem 0x00000000fffc0000-0x00000000ffffffff] reserved
[    0.000000] kernel: BIOS-e820: [mem 0x0000000100000000-0x00000002bfffffff] usable
[    0.000000] kernel: NX (Execute Disable) protection: active
[    0.000000] kernel: SMBIOS 2.8 present.
[    0.000000] kernel: DMI: QEMU Standard PC (i440FX + PIIX, 1996), BIOS 1.13.0-1ubuntu1.1 04/01/2014
[    0.000000] kernel: Hypervisor detected: KVM
[    0.000000] kernel: kvm-clock: Using msrs 4b564d01 and 4b564d00
[    0.000000] kernel: kvm-clock: cpu 0, msr 1d246e001, primary cpu clock
[    0.000001] kernel: kvm-clock: using sched offset of 369544767 cycles
[    0.000002] kernel: clocksource: kvm-clock: mask: 0xffffffffffffffff max_cycles: 0x1cd42e4dffb, max_idle_ns: 881590591483 ns
[    0.000005] kernel: tsc: Detected 2593.906 MHz processor
[    0.000433] kernel: e820: update [mem 0x00000000-0x00000fff] usable ==> reserved
[    0.000435] kernel: e820: remove [mem 0x000a0000-0x000fffff] usable
[    0.000438] kernel: last_pfn = 0x2c0000 max_arch_pfn = 0x10000000000
[    0.000484] kernel: x86/PAT: Configuration [0-7]: WB  WC  UC- UC  WB  WP  UC- WT  
[    0.000491] kernel: last_pfn = 0xbffe0 max_arch_pfn = 0x10000000000
[    0.004655] kernel: found SMP MP-table at [mem 0x000f5c80-0x000f5c8f]
[    0.004674] kernel: Using GB pages for direct mapping
[    0.004792] kernel: ACPI: Early table checksum verification disabled
[    0.004795] kernel: ACPI: RSDP 0x00000000000F5A50 000014 (v00 BOCHS )
[    0.004802] kernel: ACPI: RSDT 0x00000000BFFE15C9 000030 (v01 BOCHS  BXPCRSDT 00000001 BXPC 00000001)
[    0.004807] kernel: ACPI: FACP 0x00000000BFFE149D 000074 (v01 BOCHS  BXPCFACP 00000001 BXPC 00000001)
[    0.004812] kernel: ACPI: DSDT 0x00000000BFFE0040 00145D (v01 BOCHS  BXPCDSDT 00000001 BXPC 00000001)
[    0.004814] kernel: ACPI: FACS 0x00000000BFFE0000 000040
[    0.004816] kernel: ACPI: APIC 0x00000000BFFE1511 000080 (v01 BOCHS  BXPCAPIC 00000001 BXPC 00000001)
[    0.004819] kernel: ACPI: HPET 0x00000000BFFE1591 000038 (v01 BOCHS  BXPCHPET 00000001 BXPC 00000001)
[    0.004821] kernel: ACPI: Reserving FACP table memory at [mem 0xbffe149d-0xbffe1510]
[    0.004822] kernel: ACPI: Reserving DSDT table memory at [mem 0xbffe0040-0xbffe149c]
[    0.004822] kernel: ACPI: Reserving FACS table memory at [mem 0xbffe0000-0xbffe003f]
[    0.004823] kernel: ACPI: Reserving APIC table memory at [mem 0xbffe1511-0xbffe1590]
[    0.004824] kernel: ACPI: Reserving HPET table memory at [mem 0xbffe1591-0xbffe15c8]
[    0.005068] kernel: No NUMA configuration found
[    0.005068] kernel: Faking a node at [mem 0x0000000000000000-0x00000002bfffffff]
[    0.005071] kernel: NODE_DATA(0) allocated [mem 0x2bfffc000-0x2bfffffff]
[    0.005741] kernel: Zone ranges:
[    0.005742] kernel:   DMA      [mem 0x0000000000001000-0x0000000000ffffff]
[    0.005744] kernel:   DMA32    [mem 0x0000000001000000-0x00000000ffffffff]
[    0.005745] kernel:   Normal   [mem 0x0000000100000000-0x00000002bfffffff]
[    0.005746] kernel: Movable zone start for each node
[    0.005747] kernel: Early memory node ranges
[    0.005747] kernel:   node   0: [mem 0x0000000000001000-0x000000000009efff]
[    0.005748] kernel:   node   0: [mem 0x0000000000100000-0x00000000bffdffff]
[    0.005749] kernel:   node   0: [mem 0x0000000100000000-0x00000002bfffffff]
[    0.005750] kernel: Initmem setup node 0 [mem 0x0000000000001000-0x00000002bfffffff]
[    0.006217] kernel: On node 0, zone DMA: 1 pages in unavailable ranges
[    0.006228] kernel: On node 0, zone DMA: 97 pages in unavailable ranges
[    0.112406] kernel: On node 0, zone Normal: 32 pages in unavailable ranges
[    0.589915] kernel: kasan: KernelAddressSanitizer initialized
[    0.590248] kernel: ACPI: PM-Timer IO Port: 0x608
[    0.590255] kernel: ACPI: LAPIC_NMI (acpi_id[0xff] dfl dfl lint[0x1])
[    0.590291] kernel: IOAPIC[0]: apic_id 0, version 17, address 0xfec00000, GSI 0-23
[    0.590294] kernel: ACPI: INT_SRC_OVR (bus 0 b----- is restarting 0
---- dfs_name orangefs is_dfs_client 0
unlink FIFO failed: No such file or directory
executor 1 finishes userspace_cover_open
before receiving handshake request
req.flags ea2
[    0.000000] kernel: Linux version 5.15.0+ (tlyu@IC-RS3-DPC07) (gcc (Ubuntu 9.4.0-1ubuntu1~20.04.1) 9.4.0, GNU ld (GNU Binutils for Ubuntu) 2.34) #7 SMP Sat Feb 18 10:18:37 CET 2023
[    0.000000] kernel: Command line: root=/dev/sda console=ttyS0 net.ifnames=0 ip=192.168.0.36 quiet
[    0.000000] kernel: x86/fpu: Supporting XSAVE feature 0x001: 'x87 floating point registers'
[    0.000000] kernel: x86/fpu: Supporting XSAVE feature 0x002: 'SSE registers'
[    0.000000] kernel: x86/fpu: Supporting XSAVE feature 0x004: 'AVX registers'
[    0.000000] kernel: x86/fpu: Supporting XSAVE feature 0x020: 'AVX-512 opmask'
[    0.000000] kernel: x86/fpu: Supporting XSAVE feature 0x040: 'AVX-512 Hi256'
[    0.000000] kernel: x86/fpu: Supporting XSAVE feature 0x080: 'AVX-512 ZMM_Hi256'
[    0.000000] kernel: x86/fpu: Supporting XSAVE feature 0x200: 'Protection Keys User registers'
[    0.000000] kernel: x86/fpu: xstate_offset[2]:  576, xstate_sizes[2]:  256
[    0.000000] kernel: x86/fpu: xstate_[D 01/16/2023 17:42:13] PVFS2 Server version 2.9.7-orangefs-REV-65ab0d2 starting.
[E 01/16/2023 17:43:19] PVFS2 server got signal 15 (server_status_flag: 2080767)
[D 02/18/2023 14:39:31] PVFS2 Server version 2.9.7-orangefs-REV-65ab0d2 starting.
[D 02/18/2023 14:47:30] PVFS2 received server: signal 1
[E 02/18/2023 14:47:30] PVFS2 server got signal 15 (server_status_flag: 2080767)
offset[5]:  832, xstate_sizes[5]:   64
[    0.000000] kernel: x86/fpu: xstate_offset[6]:  896, xstate_sizes[6]:  512
[    0.000000] kernel: x86/fpu: xstate_offset[7]: 1408, xstate_sizes[7]: 1024
[    0.000000] kernel: x86/fpu: xstate_offset[9]: 2432, xstate_sizes[9]:    8
[    0.000000] kernel: x86/fpu: Enabled xstate features 0x2e7, context size is 2440 bytes, using 'compacted' format.
[    0.000000] kernel: signal: max sigframe size: 3632
[    0.000000] kernel: BIOS-provided physical RAM map:
[    0.000000] kernel: BIOS-e820: [mem 0x0000000000000000-0x000000000009fbff] usable
[    0.000000] kernel: BIOS-e820: [mem 0x000000000009fc00-0x000000000009ffff] reserved
[    0.000000] kernel: BIOS-e820: [mem 0x00000000000f0000-0x00000000000fffff] reserved
[    0.000000] kernel: BIOS-e820: [mem 0x0000000000100000-0x00000000bffdffff] usable
[    0.000000] kernel: BIOS-e820: [mem 0x00000000bffe0000-0x00000000bfffffff] reserved
[    0.000000] kernel: BIOS-e820: [mem 0x00000000feffc000-0x00000000----- is restarting 0
---- dfs_name orangefs is_dfs_client 1
before receiving handshake request
[    0.000000] kernel: Linux version 5.15.0+ (tlyu@IC-RS3-DPC07) (gcc (Ubuntu 9.4.0-1ubuntu1~20.04.1) 9.4.0, GNU ld (GNU Binutils for Ubuntu) 2.34) #7 SMP Sat Feb 18 10:18:37 CET 2023
[    0.000000] kernel: Command line: root=/dev/sda console=ttyS0 net.ifnames=0 ip=192.168.0.38 quiet
[    0.000000] kernel: x86/fpu: Supporting XSAVE feature 0x001: 'x87 floating point registers'
[    0.000000] kernel: x86/fpu: Supporting XSAVE feature 0x002: 'SSE registers'
[    0.000000] kernel: x86/fpu: Supporting XSAVE feature 0x004: 'AVX registers'
[    0.000000] kernel: x86/fpu: Supporting XSAVE feature 0x020: 'AVX-512 opmask'
[    0.000000] kernel: x86/fpu: Supporting XSAVE feature 0x040: 'AVX-512 Hi256'
[    0.000000] kernel: x86/fpu: Supporting XSAVE feature 0x080: 'AVX-512 ZMM_Hi256'
[    0.000000] kernel: x86/fpu: Supporting XSAVE feature 0x200: 'Protection Keys User registers'
[    0.000000] kernel: x86/fpu: xstate_offset[2]:  576, xstate_sizes[2]:  256
[    0.000000] kernel: x86/fpu: xstate_feffffff] reserved
[    0.000000] kernel: BIOS-e820: [mem 0x00000000fffc0000-0x00000000ffffffff] reserved
[    0.000000] kernel: BIOS-e820: [mem 0x0000000100000000-0x00000002bfffffff] usable
[    0.000000] kernel: NX (Execute Disable) protection: active
[    0.000000] kernel: SMBIOS 2.8 present.
[    0.000000] kernel: DMI: QEMU Standard PC (i440FX + PIIX, 1996), BIOS 1.13.0-1ubuntu1.1 04/01/2014
[    0.000000] kernel: Hypervisor detected: KVM
[    0.000000] kernel: kvm-clock: Using msrs 4b564d01 and 4b564d00
[    0.000000] kernel: kvm-clock: cpu 0, msr 16b86e001, primary cpu clock
[    0.000001] kernel: kvm-clock: using sched offset of 423881846 cycles
[    0.000003] kernel: clocksource: kvm-clock: mask: 0xffffffffffffffff max_cycles: 0x1cd42e4dffb, max_idle_ns: 881590591483 ns
[    0.000005] kernel: tsc: Detected 2593.906 MHz processor
[    0.000458] kernel: e820: update [mem 0x00000000-0x00000fff] usable ==> reserved
[    0.000460] kernel: e820: remove [mem 0x000a0000-0x000fffff] usus_irq 0 global_irq 2 dfl dfl)
[    0.590296] kernel: ACPI: INT_SRC_OVR (bus 0 bus_irq 5 global_irq 5 high level)
[    0.590297] kernel: ACPI: INT_SRC_OVR (bus 0 bus_irq 9 global_irq 9 high level)
[    0.590298] kernel: ACPI: INT_SRC_OVR (bus 0 bus_irq 10 global_irq 10 high level)
[    0.590299] kernel: ACPI: INT_SRC_OVR (bus 0 bus_irq 11 global_irq 11 high level)
[    0.590302] kernel: ACPI: Using ACPI (MADT) for SMP configuration information
[    0.590303] kernel: ACPI: HPET id: 0x8086a201 base: 0xfed00000
[    0.590306] kernel: TSC deadline timer available
[    0.590307] kernel: smpboot: Allowing 2 CPUs, 0 hotplug CPUs
[    0.590327] kernel: kvm-guest: KVM setup pv remote TLB flush
[    0.590331] kernel: kvm-guest: setup PV sched yield
[    0.590338] kernel: PM: hibernation: Registered nosave memory: [mem 0x00000000-0x00000fff]
[    0.590339] kernel: PM: hibernation: Registered nosave memory: [mem 0x0009f000-0x0009ffff]
[    0.590340] kernel: PM: hibernation: Registered nosave memoreq.flags ea2
[D 01/16/2023 17:42:13] PVFS2 Server version 2.9.7-orangefs-REV-65ab0d2 starting.
[E 01/16/2023 17:43:19] PVFS2 server got signal 15 (server_status_flag: 2080767)
[D 02/18/2023 14:39:31] PVFS2 Server version 2.9.7-orangefs-REV-65ab0d2 starting.
[D 02/18/2023 14:47:30] PVFS2 received server: signal 1
[E 02/18/2023 14:47:30] PVFS2 server got signal 15 (server_status_flag: 2080767)
offset[5]:  832, xstate_sizes[5]:   64
[    0.000000] kernel: x86/fpu: xstate_offset[6]:  896, xstate_sizes[6]:  512
[    0.000000] kernel: x86/fpu: xstate_offset[7]: 1408, xstate_sizes[7]: 1024
[    0.000000] kernel: x86/fpu: xstate_offset[9]: 2432, xstate_sizes[9]:    8
[    0.000000] kernel: x86/fpu: Enabled xstate features 0x2e7, context size is 2440 bytes, using 'compacted' format.
[    0.000000] kernel: signal: max sigframe size: 3632
[    0.000000] kernel: BIOS-provided physical RAM map:
[    0.000000] kernel: BIOS-e820: [mem 0x0000000000000000-0x000000000009fbff] usable
[    0.000000] kernel: BIOS-e820: [mem 0x000000000009fc00-0x000000000009ffff] reserved
[    0.000000] kernel: BIOS-e820: [mem 0x00000000000f0000-0x00000000000fffff] reserved
[    0.000000] kernel: BIOS-e820: [mem 0x0000000000100000-0x00000000bffdffff] usable
[    0.000000] kernel: BIOS-e820: [mem 0x00000000bffe0000-0x00000000bfffffff] reserved
[    0.000000] kernel: BIOS-e820: [mem 0x00000000feffc000-0x00000000able
[    0.000463] kernel: last_pfn = 0x2c0000 max_arch_pfn = 0x10000000000
[    0.000518] kernel: x86/PAT: Configuration [0-7]: WB  WC  UC- UC  WB  WP  UC- WT  
[    0.000523] kernel: last_pfn = 0xbffe0 max_arch_pfn = 0x10000000000
[    0.004707] kernel: found SMP MP-table at [mem 0x000f5c80-0x000f5c8f]
[    0.004733] kernel: Using GB pages for direct mapping
[    0.004849] kernel: ACPI: Early table checksum verification disabled
[    0.004853] kernel: ACPI: RSDP 0x00000000000F5A50 000014 (v00 BOCHS )
[    0.004862] kernel: ACPI: RSDT 0x00000000BFFE15C9 000030 (v01 BOCHS  BXPCRSDT 00000001 BXPC 00000001)
[    0.004868] kernel: ACPI: FACP 0x00000000BFFE149D 000074 (v01 BOCHS  BXPCFACP 00000001 BXPC 00000001)
[    0.004873] kernel: ACPI: DSDT 0x00000000BFFE0040 00145D (v01 BOCHS  BXPCDSDT 00000001 BXPC 00000001)
[    0.004876] kernel: ACPI: FACS 0x00000000BFFE0000 000040
[    0.004878] kernel: ACPI: APIC 0x00000000BFFE1511 000080 (v01 BOCHS  BXPCAPIC 00000001 BXPC 00000001)
[    0.004881] kernel: ACPI: HPET 0x00000000BFFE1591 000038 (v01 BOCHS  BXPCHPET 00000001 BXPC 00000001)
[    0.004882] kernel: ACPI: Reserving FACP table memory at [mem 0xbffe149d-0xbffe1510]
[    0.004883] kernel: ACPI: Reserving DSDT table memory at [mem 0xbffe0040-0xbffe149c]
[    0.004884] kernel: ACPI: Reserving FACS table memory at [mem 0xbffe0000-0xbffe003f]
[    0.004885] kernel: ACPI: Reserving APIC table memory at [mem 0xbffe1511-0xbffe1590]
[    0.004885] kernel: ACPI: Reserving HPET table memory at [mem 0xbffe1591-0xbffe15c8]
[    0.005154] kernel: No NUMA configuration found
[    0.005155] kernel: Faking a node at [mem 0x0000000000000000-0x00000002bfffffff]
[    0.005157] kernel: NODE_DATA(0) allocated [mem 0x2bfffc000-0x2bfffffff]
[    0.006070] kernel: Zone ranges:
[    0.006072] kernel:   DMA      [mem 0x0000000000001000-0x0000000000ffffff]
[    0.006074] kernel:   DMA32    [mem 0x0000000001000000-0x00000000ffffffff]
[    0.006075] kernel:   Normal   [mem 0x0000000100000000-0x0----- is restarting 0
---- dfs_name orangefs is_dfs_client 0
unlink FIFO failed: No such file or directory
ry: [mem 0x000a0000-0x000effff]
[    0.590340] kernel: PM: hibernation: Registered nosave memory: [mem 0x000f0000-0x000fffff]
[    0.590341] kernel: PM: hibernation: Registered nosave memory: [mem 0xbffe0000-0xbfffffff]
[    0.590342] kernel: PM: hibernation: Registered nosave memory: [mem 0xc0000000-0xfeffbfff]
[    0.590343] kernel: PM: hibernation: Registered nosave memory: [mem 0xfeffc000-0xfeffffff]
[    0.590343] kernel: PM: hibernation: Registered nosave memory: [mem 0xff000000-0xfffbffff]
[    0.590344] kernel: PM: hibernation: Registered nosave memory: [mem 0xfffc0000-0xffffffff]
[    0.590345] kernel: [mem 0xc0000000-0xfeffbfff] available for PCI devices
[    0.590346] kernel: Booting paravirtualized kernel on KVM
[    0.590348] kernel: clocksource: refined-jiffies: mask: 0xffffffff max_cycles: 0xffffffff, max_idle_ns: 1910969940391419 ns
[    0.594351] kernel: setup_percpu: NR_CPUS:64 nr_cpumask_bits:64 nr_cpu_ids:2 nr_node_ids:1
[    0.595039] kernel: percpu: Embedded 56 p0000002bfffffff]
[    0.006076] kernel: Movable zone start for each node
[    0.006076] kernel: Early memory node ranges
[    0.006077] kernel:   node   0: [mem 0x0000000000001000-0x000000000009efff]
[    0.006078] kernel:   node   0: [mem 0x0000000000100000-0x00000000bffdffff]
[    0.006079] kernel:   node   0: [mem 0x0000000100000000-0x00000002bfffffff]
[    0.006080] kernel: Initmem setup node 0 [mem 0x0000000000001000-0x00000002bfffffff]
[    0.006807] kernel: On node 0, zone DMA: 1 pages in unavailable ranges
[    0.006818] kernel: On node 0, zone DMA: 97 pages in unavailable ranges
[    0.089011] kernel: On node 0, zone Normal: 32 pages in unavailable ranges
[    0.571335] kernel: kasan: KernelAddressSanitizer initialized
[    0.571687] kernel: ACPI: PM-Timer IO Port: 0x608
[    0.571696] kernel: ACPI: LAPIC_NMI (acpi_id[0xff] dfl dfl lint[0x1])
[    0.571735] kernel: IOAPIC[0]: apic_id 0, version 17, address 0xfec00000, GSI 0-23
[    0.571738] kernel: ACPI: INT_SRC_OVR (bus 0 bfeffffff] reserved
[    0.000000] kernel: BIOS-e820: [mem 0x00000000fffc0000-0x00000000ffffffff] reserved
[    0.000000] kernel: BIOS-e820: [mem 0x0000000100000000-0x00000002bfffffff] usable
[    0.000000] kernel: NX (Execute Disable) protection: active
[    0.000000] kernel: SMBIOS 2.8 present.
[    0.000000] kernel: DMI: QEMU Standard PC (i440FX + PIIX, 1996), BIOS 1.13.0-1ubuntu1.1 04/01/2014
[    0.000000] kernel: Hypervisor detected: KVM
[    0.000000] kernel: kvm-clock: Using msrs 4b564d01 and 4b564d00
[    0.000000] kernel: kvm-clock: cpu 0, msr 5846e001, primary cpu clock
[    0.000001] kernel: kvm-clock: using sched offset of 448189210 cycles
[    0.000003] kernel: clocksource: kvm-clock: mask: 0xffffffffffffffff max_cycles: 0x1cd42e4dffb, max_idle_ns: 881590591483 ns
[    0.000005] kernel: tsc: Detected 2593.906 MHz processor
[    0.000431] kernel: e820: update [mem 0x00000000-0x00000fff] usable ==> reserved
[    0.000434] kernel: e820: remove [mem 0x000a0000-0x000fffff] usaages/cpu s191576 r8192 d29608 u1048576
[    0.595044] kernel: pcpu-alloc: s191576 r8192 d29608 u1048576 alloc=1*2097152
[    0.595047] kernel: pcpu-alloc: [0] 0 1 
[    0.595070] kernel: kvm-guest: setup async PF for cpu 0
[    0.595076] kernel: kvm-guest: stealtime: cpu 0, msr 26561f140
[    0.595080] kernel: Built 1 zonelists, mobility grouping on.  Total pages: 2580192
[    0.595081] kernel: Policy zone: Normal
[    0.595082] kernel: Kernel command line: root=/dev/sda console=ttyS0 net.ifnames=0 ip=192.168.0.35 quiet
[    0.600449] kernel: Dentry cache hash table entries: 2097152 (order: 12, 16777216 bytes, linear)
[    0.603092] kernel: Inode-cache hash table entries: 1048576 (order: 11, 8388608 bytes, linear)
[    0.603147] kernel: mem auto-init: stack:off, heap alloc:off, heap free:off
[    0.842246] kernel: Memory: 8872652K/10485240K available (14348K kernel code, 2403K rwdata, 3568K rodata, 1384K init, 1732K bss, 1612388K reserved, 0K cma-reserved)
[    0.842334] kernel: SLUB:us_irq 0 global_irq 2 dfl dfl)
[    0.571741] kernel: ACPI: INT_SRC_OVR (bus 0 bus_irq 5 global_irq 5 high level)
[    0.571742] kernel: ACPI: INT_SRC_OVR (bus 0 bus_irq 9 global_irq 9 high level)
[    0.571743] kernel: ACPI: INT_SRC_OVR (bus 0 bus_irq 10 global_irq 10 high level)
[    0.571744] kernel: ACPI: INT_SRC_OVR (bus 0 bus_irq 11 global_irq 11 high level)
[    0.571747] kernel: ACPI: Using ACPI (MADT) for SMP configuration information
[    0.571749] kernel: ACPI: HPET id: 0x8086a201 base: 0xfed00000
[    0.571753] kernel: TSC deadline timer available
[    0.571754] kernel: smpboot: Allowing 2 CPUs, 0 hotplug CPUs
[    0.571780] kernel: kvm-guest: KVM setup pv remote TLB flush
[    0.571784] kernel: kvm-guest: setup PV sched yield
[    0.571793] kernel: PM: hibernation: Registered nosave memory: [mem 0x00000000-0x00000fff]
[    0.571795] kernel: PM: hibernation: Registered nosave memory: [mem 0x0009f000-0x0009ffff]
[    0.571796] kernel: PM: hibernation: Registered nosave memoble
[    0.000437] kernel: last_pfn = 0x2c0000 max_arch_pfn = 0x10000000000
[    0.000484] kernel: x86/PAT: Configuration [0-7]: WB  WC  UC- UC  WB  WP  UC- WT  
[    0.000490] kernel: last_pfn = 0xbffe0 max_arch_pfn = 0x10000000000
[    0.005045] kernel: found SMP MP-table at [mem 0x000f5c80-0x000f5c8f]
[    0.005069] kernel: Using GB pages for direct mapping
[    0.005732] kernel: ACPI: Early table checksum verification disabled
[    0.005737] kernel: ACPI: RSDP 0x00000000000F5A50 000014 (v00 BOCHS )
[    0.005745] kernel: ACPI: RSDT 0x00000000BFFE15C9 000030 (v01 BOCHS  BXPCRSDT 00000001 BXPC 00000001)
[    0.005750] kernel: ACPI: FACP 0x00000000BFFE149D 000074 (v01 BOCHS  BXPCFACP 00000001 BXPC 00000001)
[    0.005754] kernel: ACPI: DSDT 0x00000000BFFE0040 00145D (v01 BOCHS  BXPCDSDT 00000001 BXPC 00000001)
[    0.005757] kernel: ACPI: FACS 0x00000000BFFE0000 000040
[    0.005759] kernel: ACPI: APIC 0x00000000BFFE1511 000080 (v01 BOCHS  BXPCAPIC 00000001 BXPC 00000001)
[    0.0057ry: [mem 0x000a0000-0x000effff]
[    0.571797] kernel: PM: hibernation: Registered nosave memory: [mem 0x000f0000-0x000fffff]
[    0.571798] kernel: PM: hibernation: Registered nosave memory: [mem 0xbffe0000-0xbfffffff]
[    0.571798] kernel: PM: hibernation: Registered nosave memory: [mem 0xc0000000-0xfeffbfff]
[    0.571799] kernel: PM: hibernation: Registered nosave memory: [mem 0xfeffc000-0xfeffffff]
[    0.571800] kernel: PM: hibernation: Registered nosave memory: [mem 0xff000000-0xfffbffff]
[    0.571800] kernel: PM: hibernation: Registered nosave memory: [mem 0xfffc0000-0xffffffff]
[    0.571803] kernel: [mem 0xc0000000-0xfeffbfff] available for PCI devices
[    0.571804] kernel: Booting paravirtualized kernel on KVM
[    0.571807] kernel: clocksource: refined-jiffies: mask: 0xffffffff max_cycles: 0xffffffff, max_idle_ns: 1910969940391419 ns
[    0.575988] kernel: setup_percpu: NR_CPUS:64 nr_cpumask_bits:64 nr_cpu_ids:2 nr_node_ids:1
[    0.576800] kernel: percpu: Embedded 56 p62] kernel: ACPI: HPET 0x00000000BFFE1591 000038 (v01 BOCHS  BXPCHPET 00000001 BXPC 00000001)
[    0.005763] kernel: ACPI: Reserving FACP table memory at [mem 0xbffe149d-0xbffe1510]
[    0.005765] kernel: ACPI: Reserving DSDT table memory at [mem 0xbffe0040-0xbffe149c]
[    0.005766] kernel: ACPI: Reserving FACS table memory at [mem 0xbffe0000-0xbffe003f]
[    0.005766] kernel: ACPI: Reserving APIC table memory at [mem 0xbffe1511-0xbffe1590]
[    0.005767] kernel: ACPI: Reserving HPET table memory at [mem 0xbffe1591-0xbffe15c8]
[    0.006073] kernel: No NUMA configuration found
[    0.006073] kernel: Faking a node at [mem 0x0000000000000000-0x00000002bfffffff]
[    0.006076] kernel: NODE_DATA(0) allocated [mem 0x2bfffa000-0x2bfffdfff]
[    0.006135] kernel: Zone ranges:
[    0.006136] kernel:   DMA      [mem 0x0000000000001000-0x0000000000ffffff]
[    0.006137] kernel:   DMA32    [mem 0x0000000001000000-0x00000000ffffffff]
[    0.006139] kernel:   Normal   [mem 0x0000000100000000-0x00ages/cpu s191576 r8192 d29608 u1048576
[    0.576807] kernel: pcpu-alloc: s191576 r8192 d29608 u1048576 alloc=1*2097152
[    0.576810] kernel: pcpu-alloc: [0] 0 1 
[    0.576838] kernel: kvm-guest: setup async PF for cpu 0
[    0.576843] kernel: kvm-guest: stealtime: cpu 0, msr 26561f140
[    0.576849] kernel: Built 1 zonelists, mobility grouping on.  Total pages: 2580192
[    0.576850] kernel: Policy zone: Normal
[    0.576852] kernel: Kernel command line: root=/dev/sda console=ttyS0 net.ifnames=0 ip=192.168.0.36 quiet
[    0.582817] kernel: Dentry cache hash table entries: 2097152 (order: 12, 16777216 bytes, linear)
[    0.585899] kernel: Inode-cache hash table entries: 1048576 (order: 11, 8388608 bytes, linear)
[    0.585960] kernel: mem auto-init: stack:off, heap alloc:off, heap free:off
[    0.807615] kernel: Memory: 8872652K/10485240K available (14348K kernel code, 2403K rwdata, 3568K rodata, 1384K init, 1732K bss, 1612388K reserved, 0K cma-reserved)
[    0.807712] kernel: SLUB: HWalign=64, Order=0-3, MinObjects=0, CPUs=2, Nodes=1
[    0.842938] kernel: rcu: Hierarchical RCU implementation.
[    0.842940] kernel: rcu:         RCU event tracing is enabled.
[    0.842941] kernel: rcu:         RCU restricting CPUs from NR_CPUS=64 to nr_cpu_ids=2.
[    0.842942] kernel: rcu: RCU calculated value of scheduler-enlistment delay is 100 jiffies.
[    0.842944] kernel: rcu: Adjusting geometry for rcu_fanout_leaf=16, nr_cpu_ids=2
[    0.845619] kernel: NR_IRQS: 4352, nr_irqs: 440, preallocated irqs: 16
[    0.845827] kernel: random: get_random_bytes called from start_kernel+0x4b1/0x67a with crng_init=0
[    0.849778] kernel: Console: colour VGA+ 80x25
[    0.849817] kernel: printk: console [ttyS0] enabled
[    0.849834] kernel: ACPI: Core revision 20210730
[    0.849973] kernel: clocksource: hpet: mask: 0xffffffff max_cycles: 0xffffffff, max_idle_ns: 19112604467 ns
[    0.850055] kernel: APIC: Switch to symmetric I/O mode setup
[    0.850058] kernel: kvm-guest: setup P000002bfffffff]
[    0.006139] kernel: Movable zone start for each node
[    0.006140] kernel: Early memory node ranges
[    0.006140] kernel:   node   0: [mem 0x0000000000001000-0x000000000009efff]
[    0.006142] kernel:   node   0: [mem 0x0000000000100000-0x00000000bffdffff]
[    0.006143] kernel:   node   0: [mem 0x0000000100000000-0x00000002bfffffff]
[    0.006144] kernel: Initmem setup node 0 [mem 0x0000000000001000-0x00000002bfffffff]
[    0.006628] kernel: On node 0, zone DMA: 1 pages in unavailable ranges
[    0.006639] kernel: On node 0, zone DMA: 97 pages in unavailable ranges
[    0.064134] kernel: On node 0, zone Normal: 32 pages in unavailable ranges
[    0.559541] kernel: kasan: KernelAddressSanitizer initialized
[    0.559875] kernel: ACPI: PM-Timer IO Port: 0x608
[    0.559882] kernel: ACPI: LAPIC_NMI (acpi_id[0xff] dfl dfl lint[0x1])
[    0.559916] kernel: IOAPIC[0]: apic_id 0, version 17, address 0xfec00000, GSI 0-23
[    0.559918] kernel: ACPI: INT_SRC_OVR (bus 0 buV IPIs
[    0.850939] kernel: ..TIMER: vector=0x30 apic1=0 pin1=2 apic2=-1 pin2=-1
[    0.850959] kernel: clocksource: tsc-early: mask: 0xffffffffffffffff max_cycles: 0x2563bf907c6, max_idle_ns: 440795319401 ns
[    0.850965] kernel: Calibrating delay loop (skipped) preset value.. 5187.81 BogoMIPS (lpj=2593906)
[    0.850968] kernel: pid_max: default: 32768 minimum: 301
[    0.851001] kernel: LSM: Security Framework initializing
[    0.851014] kernel: SELinux:  Initializing.
[    0.852016] kernel: Mount-cache hash table entries: 32768 (order: 6, 262144 bytes, linear)
[    0.852588] kernel: Mountpoint-cache hash table entries: 32768 (order: 6, 262144 bytes, linear)
[    0.853016] kernel: x86/cpu: User Mode Instruction Prevention (UMIP) activated
[    0.853098] kernel: Last level iTLB entries: 4KB 0, 2MB 0, 4MB 0
[    0.853100] kernel: Last level dTLB entries: 4KB 0, 2MB 0, 4MB 0, 1GB 0
[    0.853110] kernel: Spectre V1 : Mitigation: usercopy/swapgs barriers and __user pointer sanitizat HWalign=64, Order=0-3, MinObjects=0, CPUs=2, Nodes=1
[    0.808322] kernel: rcu: Hierarchical RCU implementation.
[    0.808323] kernel: rcu:         RCU event tracing is enabled.
[    0.808325] kernel: rcu:         RCU restricting CPUs from NR_CPUS=64 to nr_cpu_ids=2.
[    0.808328] kernel: rcu: RCU calculated value of scheduler-enlistment delay is 100 jiffies.
[    0.808329] kernel: rcu: Adjusting geometry for rcu_fanout_leaf=16, nr_cpu_ids=2
[    0.811570] kernel: NR_IRQS: 4352, nr_irqs: 440, preallocated irqs: 16
[    0.811787] kernel: random: get_random_bytes called from start_kernel+0x4b1/0x67a with crng_init=0
[    0.815779] kernel: Console: colour VGA+ 80x25
[    0.815825] kernel: printk: console [ttyS0] enabled
[    0.815844] kernel: ACPI: Core revision 20210730
[    0.815994] kernel: clocksource: hpet: mask: 0xffffffff max_cycles: 0xffffffff, max_idle_ns: 19112604467 ns
[    0.816078] kernel: APIC: Switch to symmetric I/O mode setup
[    0.816082] kernel: kvm-guest: setup Pion
[    0.853114] kernel: Spectre V2 : Mitigation: Enhanced IBRS
[    0.853115] kernel: Spectre V2 : Spectre v2 / SpectreRSB mitigation: Filling RSB on context switch
[    0.853117] kernel: Spectre V2 : mitigation: Enabling conditional Indirect Branch Prediction Barrier
[    0.853118] kernel: Speculative Store Bypass: Mitigation: Speculative Store Bypass disabled via prctl and seccomp
[    0.853119] kernel: TAA: Mitigation: TSX disabled
[    0.858619] kernel: Freeing SMP alternatives memory: 40K
[    0.858754] kernel: smpboot: CPU0: Intel(R) Xeon(R) Gold 6348 CPU @ 2.60GHz (family: 0x6, model: 0x6a, stepping: 0x6)
[    0.858877] kernel: Performance Events: Icelake events, 32-deep LBR, full-width counters, Intel PMU driver.
[    0.859019] kernel: ... version:                2
[    0.859020] kernel: ... bit width:              48
[    0.859021] kernel: ... generic registers:      8
[    0.859022] kernel: ... value mask:             0000ffffffffffff
[    0.859023] kernel: ... max periodV IPIs
[    0.816946] kernel: ..TIMER: vector=0x30 apic1=0 pin1=2 apic2=-1 pin2=-1
[    0.816967] kernel: clocksource: tsc-early: mask: 0xffffffffffffffff max_cycles: 0x2563bf907c6, max_idle_ns: 440795319401 ns
[    0.816975] kernel: Calibrating delay loop (skipped) preset value.. 5187.81 BogoMIPS (lpj=2593906)
[    0.816978] kernel: pid_max: default: 32768 minimum: 301
[    0.817014] kernel: LSM: Security Framework initializing
[    0.817028] kernel: SELinux:  Initializing.
[    0.817115] kernel: Mount-cache hash table entries: 32768 (order: 6, 262144 bytes, linear)
[    0.817979] kernel: Mountpoint-cache hash table entries: 32768 (order: 6, 262144 bytes, linear)
[    0.818993] kernel: x86/cpu: User Mode Instruction Prevention (UMIP) activated
[    0.819081] kernel: Last level iTLB entries: 4KB 0, 2MB 0, 4MB 0
[    0.819082] kernel: Last level dTLB entries: 4KB 0, 2MB 0, 4MB 0, 1GB 0
[    0.819092] kernel: Spectre V1 : Mitigation: usercopy/swapgs barriers and __user pointer sanitizat:             00007fffffffffff
[    0.859024] kernel: ... fixed-purpose events:   3
[    0.859024] kernel: ... event mask:             00000007000000ff
[    0.859173] kernel: rcu: Hierarchical SRCU implementation.
[    0.859548] kernel: smp: Bringing up secondary CPUs ...
[    0.859663] kernel: x86: Booting SMP configuration:
[    0.859664] kernel: .... node  #0, CPUs:      #1
[    0.005164] kernel: kvm-clock: cpu 1, msr 1d246e041, secondary cpu clock
[    0.005164] kernel: smpboot: CPU 1 Converting physical 0 to logical die 1
[    0.860986] kernel: kvm-guest: setup async PF for cpu 1
[    0.860994] kernel: kvm-guest: stealtime: cpu 1, msr 26571f140
[    0.861004] kernel: smp: Brought up 1 node, 2 CPUs
[    0.861004] kernel: smpboot: Max logical packages: 2
[    0.861004] kernel: smpboot: Total of 2 processors activated (10375.62 BogoMIPS)
[    0.872967] kernel: devtmpfs: initialized
[    0.879096] kernel: clocksource: jiffies: mask: 0xffffffff max_cycles: 0xffffffff, max_idle_ns: 191ion
[    0.819096] kernel: Spectre V2 : Mitigation: Enhanced IBRS
[    0.819097] kernel: Spectre V2 : Spectre v2 / SpectreRSB mitigation: Filling RSB on context switch
[    0.819099] kernel: Spectre V2 : mitigation: Enabling conditional Indirect Branch Prediction Barrier
[    0.819101] kernel: Speculative Store Bypass: Mitigation: Speculative Store Bypass disabled via prctl and seccomp
[    0.819102] kernel: TAA: Mitigation: TSX disabled
[    0.825226] kernel: Freeing SMP alternatives memory: 40K
[    0.825394] kernel: smpboot: CPU0: Intel(R) Xeon(R) Gold 6348 CPU @ 2.60GHz (family: 0x6, model: 0x6a, stepping: 0x6)
[    0.825523] kernel: Performance Events: Icelake events, 32-deep LBR, full-width counters, Intel PMU driver.
[    0.826027] kernel: ... version:                2
[    0.826029] kernel: ... bit width:              48
[    0.826030] kernel: ... generic registers:      8
[    0.826030] kernel: ... value mask:             0000ffffffffffff
[    0.826032] kernel: ... max period1260446275000 ns
[    0.879101] kernel: futex hash table entries: 512 (order: 3, 32768 bytes, linear)
[    0.879307] kernel: PM: RTC time: 09:46:13, date: 2023-03-07
[    0.879528] kernel: NET: Registered PF_NETLINK/PF_ROUTE protocol family
[    0.879702] kernel: audit: initializing netlink subsys (disabled)
[    0.880000] kernel: thermal_sys: Registered thermal governor 'step_wise'
[    0.880001] kernel: thermal_sys: Registered thermal governor 'user_space'
[    0.880040] kernel: cpuidle: using governor menu
[    0.879964] kernel: audit: type=2000 audit(1678182373.251:1): state=initialized audit_enabled=0 res=1
[    0.880137] kernel: ACPI: bus type PCI registered
[    0.880284] kernel: PCI: Using configuration type 1 for base access
[    0.886367] kernel: Kprobes globally optimized
[    0.886399] kernel: HugeTLB registered 2.00 MiB page size, pre-allocated 0 pages
[    0.886399] kernel: cryptomgr_test (26) used greatest stack depth: 31400 bytes left
[    0.890097] kernel: ACPI: Added:             00007fffffffffff
[    0.826033] kernel: ... fixed-purpose events:   3
[    0.826033] kernel: ... event mask:             00000007000000ff
[    0.826176] kernel: rcu: Hierarchical SRCU implementation.
[    0.826554] kernel: smp: Bringing up secondary CPUs ...
[    0.826675] kernel: x86: Booting SMP configuration:
[    0.826675] kernel: .... node  #0, CPUs:      #1
[    0.005216] kernel: kvm-clock: cpu 1, msr 16b86e041, secondary cpu clock
[    0.005216] kernel: smpboot: CPU 1 Converting physical 0 to logical die 1
[    0.834036] kernel: kvm-guest: setup async PF for cpu 1
[    0.834036] kernel: kvm-guest: stealtime: cpu 1, msr 26571f140
[    0.834036] kernel: smp: Brought up 1 node, 2 CPUs
[    0.834036] kernel: smpboot: Max logical packages: 2
[    0.834036] kernel: smpboot: Total of 2 processors activated (10375.62 BogoMIPS)
[    0.836053] kernel: devtmpfs: initialized
[    0.837090] kernel: clocksource: jiffies: mask: 0xffffffff max_cycles: 0xffffffff, max_idle_ns: 191 _OSI(Module Device)
[    0.890099] kernel: ACPI: Added _OSI(Processor Device)
[    0.890100] kernel: ACPI: Added _OSI(3.0 _SCP Extensions)
[    0.890101] kernel: ACPI: Added _OSI(Processor Aggregator Device)
[    0.890103] kernel: ACPI: Added _OSI(Linux-Dell-Video)
[    0.890105] kernel: ACPI: Added _OSI(Linux-Lenovo-NV-HDMI-Audio)
[    0.890108] kernel: ACPI: Added _OSI(Linux-HPI-Hybrid-Graphics)
[    0.896057] kernel: ACPI: 1 ACPI AML tables successfully acquired and loaded
[    0.898619] kernel: ACPI: Interpreter enabled
[    0.898646] kernel: ACPI: PM: (supports S0 S3 S4 S5)
[    0.898648] kernel: ACPI: Using IOAPIC for interrupt routing
[    0.898675] kernel: PCI: Using host bridge windows from ACPI; if necessary, use "pci=nocrs" and report a bug
[    0.899019] kernel: ACPI: Enabled 2 GPEs in block 00 to 0F
[    0.909525] kernel: ACPI: PCI Root Bridge [PCI0] (domain 0000 [bus 00-ff])
[    0.909535] kernel: acpi PNP0A03:00: _OSC: OS supports [ASPM ClockPM Segments MSI HPX-Type3]
1260446275000 ns
[    0.837096] kernel: futex hash table entries: 512 (order: 3, 32768 bytes, linear)
[    0.837320] kernel: PM: RTC time: 09:46:13, date: 2023-03-07
[    0.837512] kernel: NET: Registered PF_NETLINK/PF_ROUTE protocol family
[    0.837690] kernel: audit: initializing netlink subsys (disabled)
[    0.838006] kernel: thermal_sys: Registered thermal governor 'step_wise'
[    0.838007] kernel: thermal_sys: Registered thermal governor 'user_space'
[    0.838037] kernel: audit: type=2000 audit(1678182373.280:1): state=initialized audit_enabled=0 res=1
[    0.838039] kernel: cpuidle: using governor menu
[    0.838081] kernel: ACPI: bus type PCI registered
[    0.838264] kernel: PCI: Using configuration type 1 for base access
[    0.844372] kernel: Kprobes globally optimized
[    0.844401] kernel: HugeTLB registered 2.00 MiB page size, pre-allocated 0 pages
[    0.844401] kernel: cryptomgr_test (26) used greatest stack depth: 31400 bytes left
[    0.845024] kernel: ACPI: Addeds_irq 0 global_irq 2 dfl dfl)
[    0.559920] kernel: ACPI: INT_SRC_OVR (bus 0 bus_irq 5 global_irq 5 high level)
[    0.559922] kernel: ACPI: INT_SRC_OVR (bus 0 bus_irq 9 global_irq 9 high level)
[    0.559923] kernel: ACPI: INT_SRC_OVR (bus 0 bus_irq 10 global_irq 10 high level)
[    0.559924] kernel: ACPI: INT_SRC_OVR (bus 0 bus_irq 11 global_irq 11 high level)
[    0.559927] kernel: ACPI: Using ACPI (MADT) for SMP configuration information
[    0.559928] kernel: ACPI: HPET id: 0x8086a201 base: 0xfed00000
[    0.559932] kernel: TSC deadline timer available
[    0.559933] kernel: smpboot: Allowing 2 CPUs, 0 hotplug CPUs
[    0.559956] kernel: kvm-guest: KVM setup pv remote TLB flush
[    0.559960] kernel: kvm-guest: setup PV sched yield
[    0.559968] kernel: PM: hibernation: Registered nosave memory: [mem 0x00000000-0x00000fff]
[    0.559969] kernel: PM: hibernation: Registered nosave memory: [mem 0x0009f000-0x0009ffff]
[    0.559970] kernel: PM: hibernation: Registered nosave memor[    0.909578] kernel: acpi PNP0A03:00: fail to add MMCONFIG information, can't access extended PCI configuration space under this bridge.
[    0.909677] kernel: PCI host bridge to bus 0000:00
[    0.909680] kernel: pci_bus 0000:00: root bus resource [io  0x0000-0x0cf7 window]
[    0.909683] kernel: pci_bus 0000:00: root bus resource [io  0x0d00-0xffff window]
[    0.909684] kernel: pci_bus 0000:00: root bus resource [mem 0x000a0000-0x000bffff window]
[    0.909686] kernel: pci_bus 0000:00: root bus resource [mem 0xc0000000-0xfebfffff window]
[    0.909688] kernel: pci_bus 0000:00: root bus resource [mem 0x2c0000000-0x33fffffff window]
[    0.909690] kernel: pci_bus 0000:00: root bus resource [bus 00-ff]
[    0.910169] kernel: pci 0000:00:00.0: [8086:1237] type 00 class 0x060000
[    0.911037] kernel: pci 0000:00:01.0: [8086:7000] type 00 class 0x060100
[    0.911756] kernel: pci 0000:00:01.1: [8086:7010] type 00 class 0x010180
[    0.913797] kernel: pci 0000:00:01.1: reg 0x20: [io  0 _OSI(Module Device)
[    0.845024] kernel: ACPI: Added _OSI(Processor Device)
[    0.845024] kernel: ACPI: Added _OSI(3.0 _SCP Extensions)
[    0.845024] kernel: ACPI: Added _OSI(Processor Aggregator Device)
[    0.845026] kernel: ACPI: Added _OSI(Linux-Dell-Video)
[    0.845028] kernel: ACPI: Added _OSI(Linux-Lenovo-NV-HDMI-Audio)
[    0.845030] kernel: ACPI: Added _OSI(Linux-HPI-Hybrid-Graphics)
[    0.851097] kernel: ACPI: 1 ACPI AML tables successfully acquired and loaded
[    0.853340] kernel: ACPI: Interpreter enabled
[    0.853371] kernel: ACPI: PM: (supports S0 S3 S4 S5)
[    0.853372] kernel: ACPI: Using IOAPIC for interrupt routing
[    0.853400] kernel: PCI: Using host bridge windows from ACPI; if necessary, use "pci=nocrs" and report a bug
[    0.853751] kernel: ACPI: Enabled 2 GPEs in block 00 to 0F
[    0.864336] kernel: ACPI: PCI Root Bridge [PCI0] (domain 0000 [bus 00-ff])
[    0.864346] kernel: acpi PNP0A03:00: _OSC: OS supports [ASPM ClockPM Segments MSI HPX-Type3]
y: [mem 0x000a0000-0x000effff]
[    0.559971] kernel: PM: hibernation: Registered nosave memory: [mem 0x000f0000-0x000fffff]
[    0.559972] kernel: PM: hibernation: Registered nosave memory: [mem 0xbffe0000-0xbfffffff]
[    0.559973] kernel: PM: hibernation: Registered nosave memory: [mem 0xc0000000-0xfeffbfff]
[    0.559974] kernel: PM: hibernation: Registered nosave memory: [mem 0xfeffc000-0xfeffffff]
[    0.559974] kernel: PM: hibernation: Registered nosave memory: [mem 0xff000000-0xfffbffff]
[    0.559975] kernel: PM: hibernation: Registered nosave memory: [mem 0xfffc0000-0xffffffff]
[    0.559976] kernel: [mem 0xc0000000-0xfeffbfff] available for PCI devices
[    0.559977] kernel: Booting paravirtualized kernel on KVM
[    0.559980] kernel: clocksource: refined-jiffies: mask: 0xffffffff max_cycles: 0xffffffff, max_idle_ns: 1910969940391419 ns
[    0.563871] kernel: setup_percpu: NR_CPUS:64 nr_cpumask_bits:64 nr_cpu_ids:2 nr_node_ids:1
[    0.564723] kernel: percpu: Embedded 56 paexecutor 2 finishes userspace_cover_open
before receiving handshake request
req.flags ea2
[    0.000000] kernel: Linux version 5.15.0+ (tlyu@IC-RS3-DPC07) (gcc (Ubuntu 9.4.0-1ubuntu1~20.04.1) 9.4.0, GNU ld (GNU Binutils for Ubuntu) 2.34) #7 SMP Sat Feb 18 10:18:37 CET 2023
[    0.000000] kernel: Command line: root=/dev/sda console=ttyS0 net.ifnames=0 ip=192.168.0.37 quiet
[    0.000000] kernel: x86/fpu: Supporting XSAVE feature 0x001: 'x87 floating point registers'
[    0.000000] kernel: x86/fpu: Supporting XSAVE feature 0x002: 'SSE registers'
[    0.000000] kernel: x86/fpu: Supporting XSAVE feature 0x004: 'AVX registers'
[    0.000000] kernel: x86/fpu: Supporting XSAVE feature 0x020: 'AVX-512 opmask'
[    0.000000] kernel: x86/fpu: Supporting XSAVE feature 0x040: 'AVX-512 Hi256'
[    0.000000] kernel: x86/fpu: Supporting XSAVE feature 0x080: 'AVX-512 ZMM_Hi256'
[    0.000000] kernel: x86/fpu: Supporting XSAVE feature 0x200: 'Protection Keys User registers'
[    0.000000] kernel: x86/fpu: xstate_offset[2]:  576, xstate_sizes[2]:  256
[    0.000000] kernel: x86/fpu: xstate_offset[5]:  832, xstate_sizes[5]:   64
[    0.000000] kernel: x86/fpu: xstate_offset[6]:  896, xstate_sizes[6]:  512
[    0.000000] kernel: x86/fpu: xstate_offset[7]: 1408, xstate_sizes[7]: 1024
[    0.000000] kernel: x86/fpu: xstate_offset[9]: 2432, xstate_sizes[9]:    8
[    0.000000] kernel: x86/fpu: Enabled xstate features 0x2e7, context size is 2440 bytes, using 'compacted' format.
[    0.000000] kernel: signal: max sigframe size: 3632
[    0.000000] kernel: BIOS-provided physical RAM map:
[    0.000000] kernel: BIOS-e820: [mem 0x0000000000000000-0x000000000009fbff] usable
[    0.000000] kernel: BIOS-e820: [mem 0x000000000009fc00-0x000000000009ffff] reserved
[    0.000000] kernel: BIOS-e820: [mem 0x00000000000f0000-0x00000000000fffff] reserved
[    0.000000] kernel: BIOS-e820: [mem 0x0000000000100000-0x00000000bffdffff] usable
[    0.000000] kernel: BIOS-e820: [mem 0x00000000bffe0000-0x00000000bfffffff] reserved
[    0.000000] kernel: BIOS-e820: [mem 0x00000000feffc000-0x00000000feffffff] reserved
[    0.000000] kernel: BIOS-e820: [mem 0x00000000fffc0000-0x00000000ffffffff] reserved
[    0.000000] kernel: BIOS-e820: [mem 0x0000000100000000-0x00000002bfffffff] usable
[    0.000000] kernel: NX (Execute Disable) protection: active
[    0.000000] kernel: SMBIOS 2.8 present.
[    0.000000] kernel: DMI: QEMU Standard PC (i440FX + PIIX, 1996), BIOS 1.13.0-1ubuntu1.1 04/01/2014
[    0.000000] kernel: Hypervisor detected: KVM
[    0.000000] kernel: kvm-clock: Using msrs 4b564d01 and 4b564d00
[    0.000000] kernel: kvm-clock: cpu 0, msr 1d1a6e001, primary cpu clock
[    0.000001] kernel: kvm-clock: using sched offset of 555524229 cycles
[    0.000004] kernel: clocksource: kvm-clock: mask: 0xffffffffffffffff max_cycles: 0x1cd42e4dffb, max_idle_ns: 881590591483 ns
[    0.000006] kernel: tsc: Detected 2593.906 MHz processor
[    0.000426] kernel: e820: update [mem 0x00000000-0x00000fff] usable ==> reserved
[    0.000428] kernel: e820: remove [mem 0x000a0000-0x000fffff] usxc040-0xc04f]
[    0.914598] kernel: pci 0000:00:01.1: legacy IDE quirk: reg 0x10: [io  0x01f0-0x01f7]
[    0.914600] kernel: pci 0000:00:01.1: legacy IDE quirk: reg 0x14: [io  0x03f6]
[    0.914601] kernel: pci 0000:00:01.1: legacy IDE quirk: reg 0x18: [io  0x0170-0x0177]
[    0.914603] kernel: pci 0000:00:01.1: legacy IDE quirk: reg 0x1c: [io  0x0376]
[    0.915432] kernel: pci 0000:00:01.3: [8086:7113] type 00 class 0x068000
[    0.915693] kernel: pci 0000:00:01.3: quirk: [io  0x0600-0x063f] claimed by PIIX4 ACPI
[    0.915698] kernel: pci 0000:00:01.3: quirk: [io  0x0700-0x070f] claimed by PIIX4 SMB
[    0.916427] kernel: pci 0000:00:02.0: [1234:1111] type 00 class 0x030000
[    0.917335] kernel: pci 0000:00:02.0: reg 0x10: [mem 0xfd000000-0xfdffffff pref]
[    0.918654] kernel: pci 0000:00:02.0: reg 0x18: [mem 0xfeb90000-0xfeb90fff]
[    0.921952] kernel: pci 0000:00:02.0: reg 0x30: [mem 0xfeb80000-0xfeb8ffff pref]
[    0.922852] kernel: pci 0000:00:03.0: [1af4:1005] type 00 clas[    0.864392] kernel: acpi PNP0A03:00: fail to add MMCONFIG information, can't access extended PCI configuration space under this bridge.
[    0.864499] kernel: PCI host bridge to bus 0000:00
[    0.864503] kernel: pci_bus 0000:00: root bus resource [io  0x0000-0x0cf7 window]
[    0.864505] kernel: pci_bus 0000:00: root bus resource [io  0x0d00-0xffff window]
[    0.864507] kernel: pci_bus 0000:00: root bus resource [mem 0x000a0000-0x000bffff window]
[    0.864509] kernel: pci_bus 0000:00: root bus resource [mem 0xc0000000-0xfebfffff window]
[    0.864511] kernel: pci_bus 0000:00: root bus resource [mem 0x2c0000000-0x33fffffff window]
[    0.864513] kernel: pci_bus 0000:00: root bus resource [bus 00-ff]
[    0.865009] kernel: pci 0000:00:00.0: [8086:1237] type 00 class 0x060000
[    0.865908] kernel: pci 0000:00:01.0: [8086:7000] type 00 class 0x060100
[    0.866630] kernel: pci 0000:00:01.1: [8086:7010] type 00 class 0x010180
[    0.868599] kernel: pci 0000:00:01.1: reg 0x20: [io  0ges/cpu s191576 r8192 d29608 u1048576
[    0.564728] kernel: pcpu-alloc: s191576 r8192 d29608 u1048576 alloc=1*2097152
[    0.564731] kernel: pcpu-alloc: [0] 0 1 
[    0.564757] kernel: kvm-guest: setup async PF for cpu 0
[    0.564763] kernel: kvm-guest: stealtime: cpu 0, msr 26561f140
[    0.564767] kernel: Built 1 zonelists, mobility grouping on.  Total pages: 2580192
[    0.564768] kernel: Policy zone: Normal
[    0.564770] kernel: Kernel command line: root=/dev/sda console=ttyS0 net.ifnames=0 ip=192.168.0.38 quiet
[    0.571400] kernel: Dentry cache hash table entries: 2097152 (order: 12, 16777216 bytes, linear)
[    0.574747] kernel: Inode-cache hash table entries: 1048576 (order: 11, 8388608 bytes, linear)
[    0.574804] kernel: mem auto-init: stack:off, heap alloc:off, heap free:off
[    0.792855] kernel: Memory: 8872648K/10485240K available (14348K kernel code, 2403K rwdata, 3568K rodata, 1384K init, 1732K bss, 1612392K reserved, 0K cma-reserved)
[    0.792947] kernel: SLUB: s 0x00ff00
[    0.923386] kernel: pci 0000:00:03.0: reg 0x10: [io  0xc000-0xc01f]
[    0.926262] kernel: pci 0000:00:03.0: reg 0x20: [mem 0xfe200000-0xfe203fff 64bit pref]
[    0.927796] kernel: pci 0000:00:04.0: [1af4:1000] type 00 class 0x020000
[    0.928362] kernel: pci 0000:00:04.0: reg 0x10: [io  0xc020-0xc03f]
[    0.928964] kernel: pci 0000:00:04.0: reg 0x14: [mem 0xfeb91000-0xfeb91fff]
[    0.930964] kernel: pci 0000:00:04.0: reg 0x20: [mem 0xfe204000-0xfe207fff 64bit pref]
[    0.931642] kernel: pci 0000:00:04.0: reg 0x30: [mem 0xfeb00000-0xfeb7ffff pref]
[    0.932661] kernel: pci 0000:00:10.0: [1af4:1110] type 00 class 0x050000
[    0.933347] kernel: pci 0000:00:10.0: reg 0x10: [mem 0xfeb92000-0xfeb920ff]
[    0.934966] kernel: pci 0000:00:10.0: reg 0x18: [mem 0xfe000000-0xfe0fffff 64bit pref]
[    0.937760] kernel: pci 0000:00:11.0: [1af4:1110] type 00 class 0x050000
[    0.938221] kernel: pci 0000:00:11.0: reg 0x10: [mem 0xfeb93000-0xfeb930ff]
[    0.939217] kernel: pci able
[    0.000431] kernel: last_pfn = 0x2c0000 max_arch_pfn = 0x10000000000
[    0.000480] kernel: x86/PAT: Configuration [0-7]: WB  WC  UC- UC  WB  WP  UC- WT  
[    0.000486] kernel: last_pfn = 0xbffe0 max_arch_pfn = 0x10000000000
[    0.004732] kernel: found SMP MP-table at [mem 0x000f5c80-0x000f5c8f]
[    0.004756] kernel: Using GB pages for direct mapping
[    0.004875] kernel: ACPI: Early table checksum verification disabled
[    0.004879] kernel: ACPI: RSDP 0x00000000000F5A50 000014 (v00 BOCHS )
[    0.004889] kernel: ACPI: RSDT 0x00000000BFFE15C9 000030 (v01 BOCHS  BXPCRSDT 00000001 BXPC 00000001)
[    0.004896] kernel: ACPI: FACP 0x00000000BFFE149D 000074 (v01 BOCHS  BXPCFACP 00000001 BXPC 00000001)
[    0.004901] kernel: ACPI: DSDT 0x00000000BFFE0040 00145D (v01 BOCHS  BXPCDSDT 00000001 BXPC 00000001)
[    0.004904] kernel: ACPI: FACS 0x00000000BFFE0000 000040
[    0.004906] kernel: ACPI: APIC 0x00000000BFFE1511 000080 (v01 BOCHS  BXPCAPIC 00000001 BXPC 00000001)
[    0.004[D 01/16/2023 17:42:13] PVFS2 Server version 2.9.7-orangefs-REV-65ab0d2 starting.
[E 01/16/2023 17:43:19] PVFS2 server got signal 15 (server_status_flag: 2080767)
[D 02/18/2023 14:39:31] PVFS2 Server version 2.9.7-orangefs-REV-65ab0d2 starting.
[D 02/18/2023 14:47:30] PVFS2 received server: signal 1
[E 02/18/2023 14:47:30] PVFS2 server got signal 15 (server_status_flag: 2080767)
xc040-0xc04f]
[    0.869404] kernel: pci 0000:00:01.1: legacy IDE quirk: reg 0x10: [io  0x01f0-0x01f7]
[    0.869407] kernel: pci 0000:00:01.1: legacy IDE quirk: reg 0x14: [io  0x03f6]
[    0.869407] kernel: pci 0000:00:01.1: legacy IDE quirk: reg 0x18: [io  0x0170-0x0177]
[    0.869408] kernel: pci 0000:00:01.1: legacy IDE quirk: reg 0x1c: [io  0x0376]
[    0.870220] kernel: pci 0000:00:01.3: [8086:7113] type 00 class 0x068000
[    0.870474] kernel: pci 0000:00:01.3: quirk: [io  0x0600-0x063f] claimed by PIIX4 ACPI
[    0.870480] kernel: pci 0000:00:01.3: quirk: [io  0x0700-0x070f] claimed by PIIX4 SMB
[    0.871681] kernel: pci 0000:00:02.0: [1234:1111] type 00 class 0x030000
[    0.872418] kernel: pci 0000:00:02.0: reg 0x10: [mem 0xfd000000-0xfdffffff pref]
[    0.873792] kernel: pci 0000:00:02.0: reg 0x18: [mem 0xfeb90000-0xfeb90fff]
[    0.876974] kernel: pci 0000:00:02.0: reg 0x30: [mem 0xfeb80000-0xfeb8ffff pref]
[    0.877883] kernel: pci 0000:00:03.0: [1af4:1005] type 00 clas0000:00:11.0: reg 0x18: [mem 0xfe208000-0xfe2083ff 64bit pref]
[    0.941472] kernel: pci 0000:00:12.0: [1af4:1110] type 00 class 0x050000
[    0.941965] kernel: pci 0000:00:12.0: reg 0x10: [mem 0xfeb94000-0xfeb940ff]
[    0.943306] kernel: pci 0000:00:12.0: reg 0x18: [mem 0xfe100000-0xfe1fffff 64bit pref]
[    0.947999] kernel: ACPI: PCI: Interrupt link LNKA configured for IRQ 10
[    0.948340] kernel: ACPI: PCI: Interrupt link LNKB configured for IRQ 10
[    0.948650] kernel: ACPI: PCI: Interrupt link LNKC configured for IRQ 11
[    0.948989] kernel: ACPI: PCI: Interrupt link LNKD configured for IRQ 11
[    0.949120] kernel: ACPI: PCI: Interrupt link LNKS configured for IRQ 9
[    0.949727] kernel: iommu: Default domain type: Translated 
[    0.949728] kernel: iommu: DMA domain TLB invalidation policy: lazy mode 
[    0.949821] kernel: pci 0000:00:02.0: vgaarb: setting as boot VGA device
[    0.949823] kernel: pci 0000:00:02.0: vgaarb: VGA device added: decodes=io+mem,owns=io+mem,loHWalign=64, Order=0-3, MinObjects=0, CPUs=2, Nodes=1
[    0.793539] kernel: rcu: Hierarchical RCU implementation.
[    0.793540] kernel: rcu:         RCU event tracing is enabled.
[    0.793541] kernel: rcu:         RCU restricting CPUs from NR_CPUS=64 to nr_cpu_ids=2.
[    0.793544] kernel: rcu: RCU calculated value of scheduler-enlistment delay is 100 jiffies.
[    0.793545] kernel: rcu: Adjusting geometry for rcu_fanout_leaf=16, nr_cpu_ids=2
[    0.796171] kernel: NR_IRQS: 4352, nr_irqs: 440, preallocated irqs: 16
[    0.796366] kernel: random: get_random_bytes called from start_kernel+0x4b1/0x67a with crng_init=0
[    0.800252] kernel: Console: colour VGA+ 80x25
[    0.800290] kernel: printk: console [ttyS0] enabled
[    0.800306] kernel: ACPI: Core revision 20210730
[    0.800438] kernel: clocksource: hpet: mask: 0xffffffff max_cycles: 0xffffffff, max_idle_ns: 19112604467 ns
[    0.800514] kernel: APIC: Switch to symmetric I/O mode setup
[    0.800517] kernel: kvm-guest: setup PV908] kernel: ACPI: HPET 0x00000000BFFE1591 000038 (v01 BOCHS  BXPCHPET 00000001 BXPC 00000001)
[    0.004910] kernel: ACPI: Reserving FACP table memory at [mem 0xbffe149d-0xbffe1510]
[    0.004911] kernel: ACPI: Reserving DSDT table memory at [mem 0xbffe0040-0xbffe149c]
[    0.004912] kernel: ACPI: Reserving FACS table memory at [mem 0xbffe0000-0xbffe003f]
[    0.004912] kernel: ACPI: Reserving APIC table memory at [mem 0xbffe1511-0xbffe1590]
[    0.004913] kernel: ACPI: Reserving HPET table memory at [mem 0xbffe1591-0xbffe15c8]
[    0.005170] kernel: No NUMA configuration found
[    0.005171] kernel: Faking a node at [mem 0x0000000000000000-0x00000002bfffffff]
[    0.005174] kernel: NODE_DATA(0) allocated [mem 0x2bfffc000-0x2bfffffff]
[    0.005862] kernel: Zone ranges:
[    0.005865] kernel:   DMA      [mem 0x0000000000001000-0x0000000000ffffff]
[    0.005868] kernel:   DMA32    [mem 0x0000000001000000-0x00000000ffffffff]
[    0.005869] kernel:   Normal   [mem 0x0000000100000000-0x0s 0x00ff00
[    0.878394] kernel: pci 0000:00:03.0: reg 0x10: [io  0xc000-0xc01f]
[    0.880972] kernel: pci 0000:00:03.0: reg 0x20: [mem 0xfe200000-0xfe203fff 64bit pref]
[    0.882834] kernel: pci 0000:00:04.0: [1af4:1000] type 00 class 0x020000
[    0.883549] kernel: pci 0000:00:04.0: reg 0x10: [io  0xc020-0xc03f]
[    0.884546] kernel: pci 0000:00:04.0: reg 0x14: [mem 0xfeb91000-0xfeb91fff]
[    0.888397] kernel: pci 0000:00:04.0: reg 0x20: [mem 0xfe204000-0xfe207fff 64bit pref]
[    0.888973] kernel: pci 0000:00:04.0: reg 0x30: [mem 0xfeb00000-0xfeb7ffff pref]
[    0.890144] kernel: pci 0000:00:10.0: [1af4:1110] type 00 class 0x050000
[    0.890974] kernel: pci 0000:00:10.0: reg 0x10: [mem 0xfeb92000-0xfeb920ff]
[    0.892702] kernel: pci 0000:00:10.0: reg 0x18: [mem 0xfe000000-0xfe0fffff 64bit pref]
[    0.895199] kernel: pci 0000:00:11.0: [1af4:1110] type 00 class 0x050000
[    0.895768] kernel: pci 0000:00:11.0: reg 0x10: [mem 0xfeb93000-0xfeb930ff]
[    0.896798] kernel: pci cks=none
[    0.949826] kernel: pci 0000:00:02.0: vgaarb: bridge control possible
[    0.949827] kernel: vgaarb: loaded
[    0.950029] kernel: SCSI subsystem initialized
[    0.951005] kernel: libata version 3.00 loaded.
[    0.951066] kernel: ACPI: bus type USB registered
[    0.951105] kernel: usbcore: registered new interface driver usbfs
[    0.951123] kernel: usbcore: registered new interface driver hub
[    0.951135] kernel: usbcore: registered new device driver usb
[    0.951170] kernel: pps_core: LinuxPPS API ver. 1 registered
[    0.951171] kernel: pps_core: Software ver. 5.3.6 - Copyright 2005-2007 Rodolfo Giometti <giometti@linux.it>
[    0.951180] kernel: PTP clock support registered
[    0.951986] kernel: Advanced Linux Sound Architecture Driver Initialized.
[    0.952986] kernel: NetLabel: Initializing
[    0.952988] kernel: NetLabel:  domain hash size = 128
[    0.952988] kernel: NetLabel:  protocols = UNLABELED CIPSOv4 CALIPSO
[    0.953027] kernel: NetLabel:  unlabele0000002bfffffff]
[    0.005870] kernel: Movable zone start for each node
[    0.005871] kernel: Early memory node ranges
[    0.005871] kernel:   node   0: [mem 0x0000000000001000-0x000000000009efff]
[    0.005873] kernel:   node   0: [mem 0x0000000000100000-0x00000000bffdffff]
[    0.005874] kernel:   node   0: [mem 0x0000000100000000-0x00000002bfffffff]
[    0.005875] kernel: Initmem setup node 0 [mem 0x0000000000001000-0x00000002bfffffff]
[    0.006465] kernel: On node 0, zone DMA: 1 pages in unavailable ranges
[    0.006477] kernel: On node 0, zone DMA: 97 pages in unavailable ranges
[    0.137453] kernel: On node 0, zone Normal: 32 pages in unavailable ranges
[    0.622257] kernel: kasan: KernelAddressSanitizer initialized
[    0.622591] kernel: ACPI: PM-Timer IO Port: 0x608
[    0.622599] kernel: ACPI: LAPIC_NMI (acpi_id[0xff] dfl dfl lint[0x1])
[    0.622637] kernel: IOAPIC[0]: apic_id 0, version 17, address 0xfec00000, GSI 0-23
[    0.622639] kernel: ACPI: INT_SRC_OVR (bus 0 b IPIs
[    0.801371] kernel: ..TIMER: vector=0x30 apic1=0 pin1=2 apic2=-1 pin2=-1
[    0.801390] kernel: clocksource: tsc-early: mask: 0xffffffffffffffff max_cycles: 0x2563bf907c6, max_idle_ns: 440795319401 ns
[    0.801396] kernel: Calibrating delay loop (skipped) preset value.. 5187.81 BogoMIPS (lpj=2593906)
[    0.801398] kernel: pid_max: default: 32768 minimum: 301
[    0.801433] kernel: LSM: Security Framework initializing
[    0.801446] kernel: SELinux:  Initializing.
[    0.802407] kernel: Mount-cache hash table entries: 32768 (order: 6, 262144 bytes, linear)
[    0.802851] kernel: Mountpoint-cache hash table entries: 32768 (order: 6, 262144 bytes, linear)
[    0.803232] kernel: x86/cpu: User Mode Instruction Prevention (UMIP) activated
[    0.803314] kernel: Last level iTLB entries: 4KB 0, 2MB 0, 4MB 0
[    0.803315] kernel: Last level dTLB entries: 4KB 0, 2MB 0, 4MB 0, 1GB 0
[    0.803324] kernel: Spectre V1 : Mitigation: usercopy/swapgs barriers and __user pointer sanitizati0000:00:11.0: reg 0x18: [mem 0xfe208000-0xfe2083ff 64bit pref]
[    0.899082] kernel: pci 0000:00:12.0: [1af4:1110] type 00 class 0x050000
[    0.899859] kernel: pci 0000:00:12.0: reg 0x10: [mem 0xfeb94000-0xfeb940ff]
[    0.900974] kernel: pci 0000:00:12.0: reg 0x18: [mem 0xfe100000-0xfe1fffff 64bit pref]
[    0.904864] kernel: ACPI: PCI: Interrupt link LNKA configured for IRQ 10
[    0.905223] kernel: ACPI: PCI: Interrupt link LNKB configured for IRQ 10
[    0.905531] kernel: ACPI: PCI: Interrupt link LNKC configured for IRQ 11
[    0.905840] kernel: ACPI: PCI: Interrupt link LNKD configured for IRQ 11
[    0.905961] kernel: ACPI: PCI: Interrupt link LNKS configured for IRQ 9
[    0.906549] kernel: iommu: Default domain type: Translated 
[    0.906550] kernel: iommu: DMA domain TLB invalidation policy: lazy mode 
[    0.906670] kernel: pci 0000:00:02.0: vgaarb: setting as boot VGA device
[    0.906671] kernel: pci 0000:00:02.0: vgaarb: VGA device added: decodes=io+mem,owns=io+mem,lod traffic allowed by default
[    0.953066] kernel: PCI: Using ACPI for IRQ routing
[    0.953066] kernel: PCI: pci_cache_line_size set to 64 bytes
[    0.953083] kernel: e820: reserve RAM buffer [mem 0x0009fc00-0x0009ffff]
[    0.953088] kernel: e820: reserve RAM buffer [mem 0xbffe0000-0xbfffffff]
[    0.953143] kernel: hpet0: at MMIO 0xfed00000, IRQs 2, 8, 0
[    0.953146] kernel: hpet0: 3 comparators, 64-bit 100.000000 MHz counter
[    0.957037] kernel: clocksource: Switched to clocksource kvm-clock
[    1.002702] kernel: VFS: Disk quotas dquot_6.6.0
[    1.002721] kernel: VFS: Dquot-cache hash table entries: 512 (order 0, 4096 bytes)
[    1.003361] kernel: pnp: PnP ACPI init
[    1.003646] kernel: pnp 00:03: [dma 2]
[    1.004646] kernel: pnp: PnP ACPI: found 6 devices
[    1.015552] kernel: clocksource: acpi_pm: mask: 0xffffff max_cycles: 0xffffff, max_idle_ns: 2085701024 ns
[    1.015602] kernel: NET: Registered PF_INET protocol family
[    1.016306] kernel: IP idents hash tableon
[    0.803328] kernel: Spectre V2 : Mitigation: Enhanced IBRS
[    0.803328] kernel: Spectre V2 : Spectre v2 / SpectreRSB mitigation: Filling RSB on context switch
[    0.803330] kernel: Spectre V2 : mitigation: Enabling conditional Indirect Branch Prediction Barrier
[    0.803331] kernel: Speculative Store Bypass: Mitigation: Speculative Store Bypass disabled via prctl and seccomp
[    0.803332] kernel: TAA: Mitigation: TSX disabled
[    0.808717] kernel: Freeing SMP alternatives memory: 40K
[    0.808838] kernel: smpboot: CPU0: Intel(R) Xeon(R) Gold 6348 CPU @ 2.60GHz (family: 0x6, model: 0x6a, stepping: 0x6)
[    0.808947] kernel: Performance Events: Icelake events, 32-deep LBR, full-width counters, Intel PMU driver.
[    0.809035] kernel: ... version:                2
[    0.809036] kernel: ... bit width:              48
[    0.809037] kernel: ... generic registers:      8
[    0.809038] kernel: ... value mask:             0000ffffffffffff
[    0.809039] kernel: ... max period:us_irq 0 global_irq 2 dfl dfl)
[    0.622641] kernel: ACPI: INT_SRC_OVR (bus 0 bus_irq 5 global_irq 5 high level)
[    0.622643] kernel: ACPI: INT_SRC_OVR (bus 0 bus_irq 9 global_irq 9 high level)
[    0.622644] kernel: ACPI: INT_SRC_OVR (bus 0 bus_irq 10 global_irq 10 high level)
[    0.622645] kernel: ACPI: INT_SRC_OVR (bus 0 bus_irq 11 global_irq 11 high level)
[    0.622648] kernel: ACPI: Using ACPI (MADT) for SMP configuration information
[    0.622649] kernel: ACPI: HPET id: 0x8086a201 base: 0xfed00000
[    0.622653] kernel: TSC deadline timer available
[    0.622654] kernel: smpboot: Allowing 2 CPUs, 0 hotplug CPUs
[    0.622677] kernel: kvm-guest: KVM setup pv remote TLB flush
[    0.622681] kernel: kvm-guest: setup PV sched yield
[    0.622689] kernel: PM: hibernation: Registered nosave memory: [mem 0x00000000-0x00000fff]
[    0.622691] kernel: PM: hibernation: Registered nosave memory: [mem 0x0009f000-0x0009ffff]
[    0.622692] kernel: PM: hibernation: Registered nosave memo entries: 262144 (order: 9, 2097152 bytes, linear)
[    1.017876] kernel: tcp_listen_portaddr_hash hash table entries: 8192 (order: 5, 131072 bytes, linear)
[    1.017914] kernel: TCP established hash table entries: 131072 (order: 8, 1048576 bytes, linear)
[    1.018478] kernel: TCP bind hash table entries: 65536 (order: 8, 1048576 bytes, linear)
[    1.018601] kernel: TCP: Hash tables configured (established 131072 bind 65536)
[    1.019133] kernel: UDP hash table entries: 8192 (order: 6, 262144 bytes, linear)
[    1.019153] kernel: UDP-Lite hash table entries: 8192 (order: 6, 262144 bytes, linear)
[    1.019245] kernel: NET: Registered PF_UNIX/PF_LOCAL protocol family
[    1.019570] kernel: pci_bus 0000:00: resource 4 [io  0x0000-0x0cf7 window]
[    1.019573] kernel: pci_bus 0000:00: resource 5 [io  0x0d00-0xffff window]
[    1.019574] kernel: pci_bus 0000:00: resource 6 [mem 0x000a0000-0x000bffff window]
[    1.019575] kernel: pci_bus 0000:00: resource 7 [mem 0xc0000000-0xfebfffff cks=none
[    0.906675] kernel: pci 0000:00:02.0: vgaarb: bridge control possible
[    0.906675] kernel: vgaarb: loaded
[    0.906877] kernel: SCSI subsystem initialized
[    0.906924] kernel: libata version 3.00 loaded.
[    0.907031] kernel: ACPI: bus type USB registered
[    0.907071] kernel: usbcore: registered new interface driver usbfs
[    0.907090] kernel: usbcore: registered new interface driver hub
[    0.907101] kernel: usbcore: registered new device driver usb
[    0.907138] kernel: pps_core: LinuxPPS API ver. 1 registered
[    0.907139] kernel: pps_core: Software ver. 5.3.6 - Copyright 2005-2007 Rodolfo Giometti <giometti@linux.it>
[    0.907149] kernel: PTP clock support registered
[    0.907188] kernel: Advanced Linux Sound Architecture Driver Initialized.
[    0.907319] kernel: NetLabel: Initializing
[    0.907320] kernel: NetLabel:  domain hash size = 128
[    0.907320] kernel: NetLabel:  protocols = UNLABELED CIPSOv4 CALIPSO
[    0.907351] kernel: NetLabel:  unlabelery: [mem 0x000a0000-0x000effff]
[    0.622692] kernel: PM: hibernation: Registered nosave memory: [mem 0x000f0000-0x000fffff]
[    0.622693] kernel: PM: hibernation: Registered nosave memory: [mem 0xbffe0000-0xbfffffff]
[    0.622694] kernel: PM: hibernation: Registered nosave memory: [mem 0xc0000000-0xfeffbfff]
[    0.622695] kernel: PM: hibernation: Registered nosave memory: [mem 0xfeffc000-0xfeffffff]
[    0.622695] kernel: PM: hibernation: Registered nosave memory: [mem 0xff000000-0xfffbffff]
[    0.622696] kernel: PM: hibernation: Registered nosave memory: [mem 0xfffc0000-0xffffffff]
[    0.622698] kernel: [mem 0xc0000000-0xfeffbfff] available for PCI devices
[    0.622699] kernel: Booting paravirtualized kernel on KVM
[    0.622702] kernel: clocksource: refined-jiffies: mask: 0xffffffff max_cycles: 0xffffffff, max_idle_ns: 1910969940391419 ns
[    0.626762] kernel: setup_percpu: NR_CPUS:64 nr_cpumask_bits:64 nr_cpu_ids:2 nr_node_ids:1
[    0.627510] kernel: percpu: Embedded 56 p             00007fffffffffff
[    0.809040] kernel: ... fixed-purpose events:   3
[    0.809040] kernel: ... event mask:             00000007000000ff
[    0.809135] kernel: rcu: Hierarchical SRCU implementation.
[    0.809393] kernel: smp: Bringing up secondary CPUs ...
[    0.809393] kernel: x86: Booting SMP configuration:
[    0.809393] kernel: .... node  #0, CPUs:      #1
[    0.005056] kernel: kvm-clock: cpu 1, msr 5846e041, secondary cpu clock
[    0.005056] kernel: smpboot: CPU 1 Converting physical 0 to logical die 1
[    0.839395] kernel: kvm-guest: setup async PF for cpu 1
[    0.839395] kernel: kvm-guest: stealtime: cpu 1, msr 26571f140
[    0.839429] kernel: smp: Brought up 1 node, 2 CPUs
[    0.839432] kernel: smpboot: Max logical packages: 2
[    0.839433] kernel: smpboot: Total of 2 processors activated (10375.62 BogoMIPS)
[    0.839911] kernel: devtmpfs: initialized
[    0.840513] kernel: clocksource: jiffies: mask: 0xffffffff max_cycles: 0xffffffff, max_idle_ns: 19112window]
[    1.019576] kernel: pci_bus 0000:00: resource 8 [mem 0x2c0000000-0x33fffffff window]
[    1.019681] kernel: pci 0000:00:01.0: PIIX3: Enabling Passive Release
[    1.019689] kernel: pci 0000:00:00.0: Limiting direct PCI/PCI transfers
[    1.019697] kernel: pci 0000:00:01.0: Activating ISA DMA hang workarounds
[    1.019731] kernel: pci 0000:00:02.0: Video device with shadowed ROM at [mem 0x000c0000-0x000dffff]
[    1.019765] kernel: PCI: CLS 0 bytes, default 64
[    1.019776] kernel: PCI-DMA: Using software bounce buffering for IO (SWIOTLB)
[    1.019777] kernel: software IO TLB: mapped [mem 0x00000000bbfe0000-0x00000000bffe0000] (64MB)
[    1.019950] kernel: RAPL PMU: API unit is 2^-32 Joules, 0 fixed counters, 10737418240 ms ovfl timer
[    1.019989] kernel: clocksource: tsc: mask: 0xffffffffffffffff max_cycles: 0x2563bf907c6, max_idle_ns: 440795319401 ns
[    1.020279] kernel: clocksource: Switched to clocksource tsc
[    1.023261] kernel: Initialise system trusted keyrinages/cpu s191576 r8192 d29608 u1048576
[    0.627516] kernel: pcpu-alloc: s191576 r8192 d29608 u1048576 alloc=1*2097152
[    0.627519] kernel: pcpu-alloc: [0] 0 1 
[    0.627543] kernel: kvm-guest: setup async PF for cpu 0
[    0.627549] kernel: kvm-guest: stealtime: cpu 0, msr 26561f140
[    0.627553] kernel: Built 1 zonelists, mobility grouping on.  Total pages: 2580192
[    0.627554] kernel: Policy zone: Normal
[    0.627556] kernel: Kernel command line: root=/dev/sda console=ttyS0 net.ifnames=0 ip=192.168.0.37 quiet
[    0.633144] kernel: Dentry cache hash table entries: 2097152 (order: 12, 16777216 bytes, linear)
[    0.635982] kernel: Inode-cache hash table entries: 1048576 (order: 11, 8388608 bytes, linear)
[    0.636035] kernel: mem auto-init: stack:off, heap alloc:off, heap free:off
[    1.054451] kernel: Memory: 8872652K/10485240K available (14348K kernel code, 2403K rwdata, 3568K rodata, 1384K init, 1732K bss, 1612388K reserved, 0K cma-reserved)
[    1.054545] kernel: SLUB:d traffic allowed by default
[    0.907375] kernel: PCI: Using ACPI for IRQ routing
[    0.907375] kernel: PCI: pci_cache_line_size set to 64 bytes
[    0.907375] kernel: e820: reserve RAM buffer [mem 0x0009fc00-0x0009ffff]
[    0.907375] kernel: e820: reserve RAM buffer [mem 0xbffe0000-0xbfffffff]
[    0.907375] kernel: hpet0: at MMIO 0xfed00000, IRQs 2, 8, 0
[    0.907375] kernel: hpet0: 3 comparators, 64-bit 100.000000 MHz counter
[    0.910054] kernel: clocksource: Switched to clocksource kvm-clock
[    0.943511] kernel: VFS: Disk quotas dquot_6.6.0
[    0.943545] kernel: VFS: Dquot-cache hash table entries: 512 (order 0, 4096 bytes)
[    0.943681] kernel: pnp: PnP ACPI init
[    0.943991] kernel: pnp 00:03: [dma 2]
[    0.944974] kernel: pnp: PnP ACPI: found 6 devices
[    0.955979] kernel: clocksource: acpi_pm: mask: 0xffffff max_cycles: 0xffffff, max_idle_ns: 2085701024 ns
[    0.956040] kernel: NET: Registered PF_INET protocol family
[    0.956718] kernel: IP idents hash table60446275000 ns
[    0.840518] kernel: futex hash table entries: 512 (order: 3, 32768 bytes, linear)
[    0.841533] kernel: PM: RTC time: 09:46:13, date: 2023-03-07
[    0.841697] kernel: NET: Registered PF_NETLINK/PF_ROUTE protocol family
[    0.841912] kernel: audit: initializing netlink subsys (disabled)
[    0.841946] kernel: audit: type=2000 audit(1678182373.373:1): state=initialized audit_enabled=0 res=1
[    0.842433] kernel: thermal_sys: Registered thermal governor 'step_wise'
[    0.842435] kernel: thermal_sys: Registered thermal governor 'user_space'
[    0.842475] kernel: cpuidle: using governor menu
[    0.842483] kernel: ACPI: bus type PCI registered
[    0.842652] kernel: PCI: Using configuration type 1 for base access
[    0.850247] kernel: Kprobes globally optimized
[    0.854427] kernel: HugeTLB registered 2.00 MiB page size, pre-allocated 0 pages
[    0.854496] kernel: cryptomgr_test (26) used greatest stack depth: 31400 bytes left
[    0.858473] kernel: ACPI: Added _gs
[    1.023788] kernel: workingset: timestamp_bits=56 max_order=22 bucket_order=0
[    1.028998] kernel: fuse: init (API version 7.34)
[    1.029293] kernel: orangefs_debugfs_init: called with debug mask: :none: :0:
[    1.029358] kernel: orangefs_init: module version upstream loaded
[    1.040433] kernel: Key type asymmetric registered
[    1.040435] kernel: Asymmetric key parser 'x509' registered
[    1.040502] kernel: Block layer SCSI generic (bsg) driver version 0.4 loaded (major 250)
[    1.040504] kernel: io scheduler mq-deadline registered
[    1.040505] kernel: io scheduler kyber registered
[    1.040857] kernel: input: Power Button as /devices/LNXSYSTM:00/LNXPWRBN:00/input/input0
[    1.040936] kernel: ACPI: button: Power Button [PWRF]
[    1.340985] kernel: ACPI: \_SB_.LNKC: Enabled at IRQ 11
[    1.641301] kernel: ACPI: \_SB_.LNKD: Enabled at IRQ 10
[    1.642542] kernel: Serial: 8250/16550 driver, 4 ports, IRQ sharing enabled
[    1.642641] kernel: 00:05: ttyS0 at I/O 0x HWalign=64, Order=0-3, MinObjects=0, CPUs=2, Nodes=1
[    1.055119] kernel: rcu: Hierarchical RCU implementation.
[    1.055120] kernel: rcu:         RCU event tracing is enabled.
[    1.055121] kernel: rcu:         RCU restricting CPUs from NR_CPUS=64 to nr_cpu_ids=2.
[    1.055124] kernel: rcu: RCU calculated value of scheduler-enlistment delay is 100 jiffies.
[    1.055126] kernel: rcu: Adjusting geometry for rcu_fanout_leaf=16, nr_cpu_ids=2
[    1.057860] kernel: NR_IRQS: 4352, nr_irqs: 440, preallocated irqs: 16
[    1.058062] kernel: random: get_random_bytes called from start_kernel+0x4b1/0x67a with crng_init=0
[    1.077953] kernel: Console: colour VGA+ 80x25
[    1.077996] kernel: printk: console [ttyS0] enabled
[    1.078019] kernel: ACPI: Core revision 20210730
[    1.078176] kernel: clocksource: hpet: mask: 0xffffffff max_cycles: 0xffffffff, max_idle_ns: 19112604467 ns
[    1.082098] kernel: APIC: Switch to symmetric I/O mode setup
[    1.082102] kernel: kvm-guest: setup POSI(Module Device)
[    0.858473] kernel: ACPI: Added _OSI(Processor Device)
[    0.858473] kernel: ACPI: Added _OSI(3.0 _SCP Extensions)
[    0.858473] kernel: ACPI: Added _OSI(Processor Aggregator Device)
[    0.858473] kernel: ACPI: Added _OSI(Linux-Dell-Video)
[    0.858473] kernel: ACPI: Added _OSI(Linux-Lenovo-NV-HDMI-Audio)
[    0.858473] kernel: ACPI: Added _OSI(Linux-HPI-Hybrid-Graphics)
[    0.863954] kernel: ACPI: 1 ACPI AML tables successfully acquired and loaded
[    0.866779] kernel: ACPI: Interpreter enabled
[    0.866809] kernel: ACPI: PM: (supports S0 S3 S4 S5)
[    0.866810] kernel: ACPI: Using IOAPIC for interrupt routing
[    0.866840] kernel: PCI: Using host bridge windows from ACPI; if necessary, use "pci=nocrs" and report a bug
[    0.867188] kernel: ACPI: Enabled 2 GPEs in block 00 to 0F
[    0.878501] kernel: ACPI: PCI Root Bridge [PCI0] (domain 0000 [bus 00-ff])
[    0.878513] kernel: acpi PNP0A03:00: _OSC: OS supports [ASPM ClockPM Segments MSI HPX-Type3]
[ 3f8 (irq = 4, base_baud = 115200) is a 16550A
[    1.643460] kernel: Non-volatile memory driver v1.3
[    1.643518] kernel: Linux agpgart interface v0.103
[    1.647583] kernel: loop: module loaded
[    1.647770] kernel: ata_piix 0000:00:01.1: version 2.13
[    1.657906] kernel: scsi host0: ata_piix
[    1.658278] kernel: scsi host1: ata_piix
[    1.658353] kernel: ata1: PATA max MWDMA2 cmd 0x1f0 ctl 0x3f6 bmdma 0xc040 irq 14
[    1.658354] kernel: ata2: PATA max MWDMA2 cmd 0x170 ctl 0x376 bmdma 0xc048 irq 15
[    1.658797] kernel: libphy: Fixed MDIO Bus: probed
[    1.661877] kernel: e100: Intel(R) PRO/100 Network Driver
[    1.661879] kernel: e100: Copyright(c) 1999-2006 Intel Corporation
[    1.661889] kernel: e1000: Intel(R) PRO/1000 Network Driver
[    1.661890] kernel: e1000: Copyright (c) 1999-2006 Intel Corporation.
[    1.661909] kernel: e1000e: Intel(R) PRO/1000 Network Driver
[    1.661909] kernel: e1000e: Copyright(c) 1999 - 2015 Intel Corporation.
[    1.661927] kernel: s entries: 262144 (order: 9, 2097152 bytes, linear)
[    0.966871] kernel: tcp_listen_portaddr_hash hash table entries: 8192 (order: 5, 131072 bytes, linear)
[    0.967366] kernel: TCP established hash table entries: 131072 (order: 8, 1048576 bytes, linear)
[    0.967505] kernel: TCP bind hash table entries: 65536 (order: 8, 1048576 bytes, linear)
[    0.968042] kernel: TCP: Hash tables configured (established 131072 bind 65536)
[    0.968104] kernel: UDP hash table entries: 8192 (order: 6, 262144 bytes, linear)
[    0.968141] kernel: UDP-Lite hash table entries: 8192 (order: 6, 262144 bytes, linear)
[    0.968252] kernel: NET: Registered PF_UNIX/PF_LOCAL protocol family
[    0.970406] kernel: pci_bus 0000:00: resource 4 [io  0x0000-0x0cf7 window]
[    0.970410] kernel: pci_bus 0000:00: resource 5 [io  0x0d00-0xffff window]
[    0.970411] kernel: pci_bus 0000:00: resource 6 [mem 0x000a0000-0x000bffff window]
[    0.970413] kernel: pci_bus 0000:00: resource 7 [mem 0xc0000000-0xfebfffff V IPIs
[    1.082997] kernel: ..TIMER: vector=0x30 apic1=0 pin1=2 apic2=-1 pin2=-1
[    1.083018] kernel: clocksource: tsc-early: mask: 0xffffffffffffffff max_cycles: 0x2563bf907c6, max_idle_ns: 440795319401 ns
[    1.083026] kernel: Calibrating delay loop (skipped) preset value.. 5187.81 BogoMIPS (lpj=2593906)
[    1.083029] kernel: pid_max: default: 32768 minimum: 301
[    1.083064] kernel: LSM: Security Framework initializing
[    1.083077] kernel: SELinux:  Initializing.
[    1.083157] kernel: Mount-cache hash table entries: 32768 (order: 6, 262144 bytes, linear)
[    1.084029] kernel: Mountpoint-cache hash table entries: 32768 (order: 6, 262144 bytes, linear)
[    1.084457] kernel: x86/cpu: User Mode Instruction Prevention (UMIP) activated
[    1.084544] kernel: Last level iTLB entries: 4KB 0, 2MB 0, 4MB 0
[    1.084545] kernel: Last level dTLB entries: 4KB 0, 2MB 0, 4MB 0, 1GB 0
[    1.084556] kernel: Spectre V1 : Mitigation: usercopy/swapgs barriers and __user pointer sanitizat   0.878561] kernel: acpi PNP0A03:00: fail to add MMCONFIG information, can't access extended PCI configuration space under this bridge.
[    0.878686] kernel: PCI host bridge to bus 0000:00
[    0.878688] kernel: pci_bus 0000:00: root bus resource [io  0x0000-0x0cf7 window]
[    0.878691] kernel: pci_bus 0000:00: root bus resource [io  0x0d00-0xffff window]
[    0.878693] kernel: pci_bus 0000:00: root bus resource [mem 0x000a0000-0x000bffff window]
[    0.878695] kernel: pci_bus 0000:00: root bus resource [mem 0xc0000000-0xfebfffff window]
[    0.878696] kernel: pci_bus 0000:00: root bus resource [mem 0x2c0000000-0x33fffffff window]
[    0.878699] kernel: pci_bus 0000:00: root bus resource [bus 00-ff]
[    0.879207] kernel: pci 0000:00:00.0: [8086:1237] type 00 class 0x060000
[    0.880110] kernel: pci 0000:00:01.0: [8086:7000] type 00 class 0x060100
[    0.880851] kernel: pci 0000:00:01.1: [8086:7010] type 00 class 0x010180
[    0.882758] kernel: pci 0000:00:01.1: reg 0x20: [io  0xcky2: driver version 1.30
[    1.662111] kernel: ehci_hcd: USB 2.0 'Enhanced' Host Controller (EHCI) Driver
[    1.662112] kernel: ehci-pci: EHCI PCI platform driver
[    1.662123] kernel: ohci_hcd: USB 1.1 'Open' Host Controller (OHCI) Driver
[    1.662128] kernel: ohci-pci: OHCI PCI platform driver
[    1.662138] kernel: uhci_hcd: USB Universal Host Controller Interface driver
[    1.662231] kernel: usbcore: registered new interface driver usblp
[    1.662244] kernel: usbcore: registered new interface driver usb-storage
[    1.662287] kernel: i8042: PNP: PS/2 Controller [PNP0303:KBD,PNP0f13:MOU] at 0x60,0x64 irq 1,12
[    1.662807] kernel: serio: i8042 KBD port at 0x60,0x64 irq 1
[    1.662812] kernel: serio: i8042 AUX port at 0x60,0x64 irq 12
[    1.663177] kernel: input: AT Translated Set 2 keyboard as /devices/platform/i8042/serio0/input/input1
[    1.663458] kernel: rtc_cmos 00:00: RTC can wake from S4
[    1.664912] kernel: rtc_cmos 00:00: registered as rtc0
[    1.665014] kernewindow]
[    0.970414] kernel: pci_bus 0000:00: resource 8 [mem 0x2c0000000-0x33fffffff window]
[    0.970519] kernel: pci 0000:00:01.0: PIIX3: Enabling Passive Release
[    0.970528] kernel: pci 0000:00:00.0: Limiting direct PCI/PCI transfers
[    0.970536] kernel: pci 0000:00:01.0: Activating ISA DMA hang workarounds
[    0.970571] kernel: pci 0000:00:02.0: Video device with shadowed ROM at [mem 0x000c0000-0x000dffff]
[    0.970604] kernel: PCI: CLS 0 bytes, default 64
[    0.970619] kernel: PCI-DMA: Using software bounce buffering for IO (SWIOTLB)
[    0.970621] kernel: software IO TLB: mapped [mem 0x00000000bbfe0000-0x00000000bffe0000] (64MB)
[    0.970814] kernel: RAPL PMU: API unit is 2^-32 Joules, 0 fixed counters, 10737418240 ms ovfl timer
[    0.970828] kernel: clocksource: tsc: mask: 0xffffffffffffffff max_cycles: 0x2563bf907c6, max_idle_ns: 440795319401 ns
[    0.970872] kernel: clocksource: Switched to clocksource tsc
[    0.973113] kernel: Initialise system trusted keyrinion
[    1.084560] kernel: Spectre V2 : Mitigation: Enhanced IBRS
[    1.084560] kernel: Spectre V2 : Spectre v2 / SpectreRSB mitigation: Filling RSB on context switch
[    1.084562] kernel: Spectre V2 : mitigation: Enabling conditional Indirect Branch Prediction Barrier
[    1.084564] kernel: Speculative Store Bypass: Mitigation: Speculative Store Bypass disabled via prctl and seccomp
[    1.084565] kernel: TAA: Mitigation: TSX disabled
[    1.091031] kernel: Freeing SMP alternatives memory: 40K
[    1.091182] kernel: smpboot: CPU0: Intel(R) Xeon(R) Gold 6348 CPU @ 2.60GHz (family: 0x6, model: 0x6a, stepping: 0x6)
[    1.091307] kernel: Performance Events: Icelake events, 32-deep LBR, full-width counters, Intel PMU driver.
[    1.091405] kernel: ... version:                2
[    1.091406] kernel: ... bit width:              48
[    1.091407] kernel: ... generic registers:      8
[    1.091408] kernel: ... value mask:             0000ffffffffffff
[    1.091409] kernel: ... max period040-0xc04f]
[    0.883612] kernel: pci 0000:00:01.1: legacy IDE quirk: reg 0x10: [io  0x01f0-0x01f7]
[    0.883614] kernel: pci 0000:00:01.1: legacy IDE quirk: reg 0x14: [io  0x03f6]
[    0.883615] kernel: pci 0000:00:01.1: legacy IDE quirk: reg 0x18: [io  0x0170-0x0177]
[    0.883616] kernel: pci 0000:00:01.1: legacy IDE quirk: reg 0x1c: [io  0x0376]
