2023/03/07 10:51:55 fuzzer started
2023/03/07 10:51:56 dialing manager at localhost:42025
2023/03/07 10:51:56 syscalls: 130
2023/03/07 10:51:56 code coverage: enabled
2023/03/07 10:51:56 comparison tracing: enabled
2023/03/07 10:51:56 extra coverage: enabled
2023/03/07 10:51:56 setuid sandbox: enabled
2023/03/07 10:51:56 namespace sandbox: /proc/self/ns/user does not exist
2023/03/07 10:51:56 Android sandbox: /sys/fs/selinux/policy can't be opened (open /sys/fs/selinux/policy: invalid argument)
2023/03/07 10:51:56 fault injection: CONFIG_FAULT_INJECTION_DEBUG_FS or CONFIG_FAILSLAB are not enabled
2023/03/07 10:51:56 leak checking: CONFIG_DEBUG_KMEMLEAK is not enabled
2023/03/07 10:51:56 net packet injection: /dev/net/tun does not exist
2023/03/07 10:51:56 net device setup: enabled
2023/03/07 10:51:56 concurrency sanitizer: /sys/kernel/debug/kcsan does not exist
2023/03/07 10:51:56 devlink PCI setup: enabled
2023/03/07 10:51:56 USB emulation: /dev/raw-gadget does not exist
2023/03/07 10:51:56 hci packet injection: /dev/vhci does not exist
2023/03/07 10:51:56 wifi device emulation: /sys/class/mac80211_hwsim/ does not exist
2023/03/07 10:51:56 802.15.4 emulation: /sys/bus/platform/devices/mac802154_hwsim does not exist
2023/03/07 10:51:56 deserializeInput: hasCrash true hasNet false
2023/03/07 10:51:56 prog length: 6
2023/03/07 10:51:56 prog length: 3
2023/03/07 10:51:56 deserializeInput: hasCrash true hasNet false
2023/03/07 10:51:56 prog length: 6
2023/03/07 10:51:56 prog length: 6
2023/03/07 10:51:56 prog length: 5
2023/03/07 10:51:56 deserializeInput: hasCrash true hasNet false
2023/03/07 10:51:56 prog length: 6
2023/03/07 10:51:56 prog length: 5
2023/03/07 10:51:56 deserializeInput: hasCrash true hasNet false
2023/03/07 10:51:56 prog length: 6
2023/03/07 10:51:56 prog length: 4
2023/03/07 10:51:56 deserializeInput: hasCrash true hasNet false
2023/03/07 10:51:56 prog length: 6
2023/03/07 10:51:56 prog length: 6
2023/03/07 10:51:56 prog length: 5
2023/03/07 10:51:56 deserializeInput: hasCrash false hasNet false
2023/03/07 10:51:56 prog length: 1
2023/03/07 10:51:56 deserializeInput: hasCrash true hasNet false
2023/03/07 10:51:56 prog length: 6
2023/03/07 10:51:56 prog length: 3
2023/03/07 10:51:56 deserializeInput: hasCrash true hasNet false
2023/03/07 10:51:56 prog length: 6
2023/03/07 10:51:56 prog length: 6
2023/03/07 10:51:56 prog length: 5
2023/03/07 10:51:56 deserializeInput: hasCrash true hasNet false
2023/03/07 10:51:56 prog length: 6
2023/03/07 10:51:56 prog length: 6
2023/03/07 10:51:56 prog length: 7
2023/03/07 10:51:56 deserializeInput: hasCrash true hasNet false
2023/03/07 10:51:56 prog length: 6
2023/03/07 10:51:56 prog length: 4
2023/03/07 10:51:56 deserializeInput: hasCrash true hasNet false
2023/03/07 10:51:56 prog length: 6
2023/03/07 10:51:56 prog length: 4
2023/03/07 10:51:56 deserializeInput: hasCrash true hasNet false
2023/03/07 10:51:56 prog length: 6
2023/03/07 10:51:56 prog length: 3
2023/03/07 10:51:56 deserializeInput: hasCrash true hasNet false
2023/03/07 10:51:56 prog length: 6
2023/03/07 10:51:56 prog length: 3
2023/03/07 10:51:56 deserializeInput: hasCrash true hasNet false
2023/03/07 10:51:56 prog length: 6
2023/03/07 10:51:56 prog length: 3
2023/03/07 10:51:56 deserializeInput: hasCrash true hasNet false
2023/03/07 10:51:56 prog length: 6
2023/03/07 10:51:56 prog length: 3
2023/03/07 10:51:56 deserializeInput: hasCrash true hasNet false
2023/03/07 10:51:56 prog length: 6
2023/03/07 10:51:56 prog length: 6
2023/03/07 10:51:56 prog length: 5
2023/03/07 10:51:56 deserializeInput: hasCrash true hasNet false
2023/03/07 10:51:56 prog length: 6
2023/03/07 10:51:56 prog length: 6
2023/03/07 10:51:56 prog length: 5
2023/03/07 10:51:56 deserializeInput: hasCrash true hasNet false
2023/03/07 10:51:56 prog length: 6
2023/03/07 10:51:56 prog length: 3
2023/03/07 10:51:56 deserializeInput: hasCrash true hasNet false
2023/03/07 10:51:56 prog length: 6
2023/03/07 10:51:56 prog length: 6
2023/03/07 10:51:56 prog length: 5
2023/03/07 10:51:56 deserializeInput: hasCrash true hasNet false
2023/03/07 10:51:56 prog length: 6
2023/03/07 10:51:56 prog length: 6
2023/03/07 10:51:56 prog length: 5
2023/03/07 10:51:56 deserializeInput: hasCrash true hasNet false
2023/03/07 10:51:56 prog length: 6
2023/03/07 10:51:56 prog length: 6
2023/03/07 10:51:56 prog length: 5
2023/03/07 10:51:56 deserializeInput: hasCrash true hasNet false
2023/03/07 10:51:56 prog length: 6
2023/03/07 10:51:56 prog length: 3
2023/03/07 10:51:56 deserializeInput: hasCrash true hasNet false
2023/03/07 10:51:56 prog length: 6
2023/03/07 10:51:56 prog length: 6
2023/03/07 10:51:56 prog length: 6
2023/03/07 10:51:56 deserializeInput: hasCrash true hasNet false
2023/03/07 10:51:56 prog length: 6
2023/03/07 10:51:56 prog length: 6
2023/03/07 10:51:56 prog length: 6
2023/03/07 10:51:56 prog length: 7
2023/03/07 10:51:56 deserializeInput: hasCrash true hasNet false
2023/03/07 10:51:56 prog length: 6
2023/03/07 10:51:56 prog length: 3
2023/03/07 10:51:56 deserializeInput: hasCrash true hasNet false
2023/03/07 10:51:56 prog length: 6
2023/03/07 10:51:56 prog length: 3
2023/03/07 10:51:56 deserializeInput: hasCrash true hasNet false
2023/03/07 10:51:56 prog length: 6
2023/03/07 10:51:56 prog length: 6
2023/03/07 10:51:56 prog length: 5
2023/03/07 10:51:56 deserializeInput: hasCrash false hasNet false
2023/03/07 10:51:56 prog length: 3
2023/03/07 10:51:56 deserializeInput: hasCrash true hasNet false
2023/03/07 10:51:56 prog length: 6
2023/03/07 10:51:56 prog length: 6
2023/03/07 10:51:56 prog length: 5
2023/03/07 10:51:56 deserializeInput: hasCrash true hasNet false
2023/03/07 10:51:56 prog length: 6
2023/03/07 10:51:56 prog length: 3
2023/03/07 10:51:56 deserializeInput: hasCrash true hasNet false
2023/03/07 10:51:56 prog length: 6
2023/03/07 10:51:56 prog length: 3
2023/03/07 10:51:56 deserializeInput: hasCrash true hasNet false
2023/03/07 10:51:56 prog length: 6
2023/03/07 10:51:56 prog length: 3
2023/03/07 10:51:56 deserializeInput: hasCrash true hasNet false
2023/03/07 10:51:56 prog length: 6
2023/03/07 10:51:56 prog length: 3
2023/03/07 10:51:56 deserializeInput: hasCrash true hasNet false
2023/03/07 10:51:56 prog length: 6
2023/03/07 10:51:56 prog length: 6
2023/03/07 10:51:56 prog length: 7
2023/03/07 10:51:56 deserializeInput: hasCrash true hasNet false
2023/03/07 10:51:56 prog length: 6
2023/03/07 10:51:56 prog length: 3
2023/03/07 10:51:56 deserializeInput: hasCrash true hasNet false
2023/03/07 10:51:56 prog length: 6
2023/03/07 10:51:56 prog length: 6
2023/03/07 10:51:56 prog length: 5
2023/03/07 10:51:56 deserializeInput: hasCrash true hasNet false
2023/03/07 10:51:56 prog length: 6
2023/03/07 10:51:56 prog length: 3
2023/03/07 10:51:56 deserializeInput: hasCrash true hasNet false
2023/03/07 10:51:56 prog length: 6
2023/03/07 10:51:56 prog length: 4
2023/03/07 10:51:56 deserializeInput: hasCrash true hasNet false
2023/03/07 10:51:56 prog length: 6
2023/03/07 10:51:56 prog length: 3
2023/03/07 10:51:56 deserializeInput: hasCrash true hasNet false
2023/03/07 10:51:56 prog length: 6
2023/03/07 10:51:56 prog length: 6
2023/03/07 10:51:56 prog length: 5
2023/03/07 10:51:56 deserializeInput: hasCrash true hasNet false
2023/03/07 10:51:56 prog length: 6
2023/03/07 10:51:56 prog length: 6
2023/03/07 10:51:56 prog length: 5
2023/03/07 10:51:56 deserializeInput: hasCrash true hasNet false
2023/03/07 10:51:56 prog length: 6
2023/03/07 10:51:56 prog length: 3
2023/03/07 10:51:56 deserializeInput: hasCrash false hasNet false
2023/03/07 10:51:56 prog length: 2
2023/03/07 10:51:56 deserializeInput: hasCrash true hasNet false
2023/03/07 10:51:56 prog length: 6
2023/03/07 10:51:56 prog length: 6
2023/03/07 10:51:56 prog length: 5
2023/03/07 10:51:56 deserializeInput: hasCrash true hasNet false
2023/03/07 10:51:56 prog length: 6
2023/03/07 10:51:56 prog length: 3
2023/03/07 10:51:56 deserializeInput: hasCrash true hasNet false
2023/03/07 10:51:56 prog length: 6
2023/03/07 10:51:56 prog length: 3
2023/03/07 10:51:56 deserializeInput: hasCrash true hasNet false
2023/03/07 10:51:56 prog length: 6
2023/03/07 10:51:56 prog length: 3
2023/03/07 10:51:56 deserializeInput: hasCrash true hasNet false
2023/03/07 10:51:56 prog length: 6
2023/03/07 10:51:56 prog length: 6
2023/03/07 10:51:56 prog length: 5
2023/03/07 10:51:56 deserializeInput: hasCrash true hasNet false
2023/03/07 10:51:56 prog length: 6
2023/03/07 10:51:56 prog length: 6
2023/03/07 10:51:56 prog length: 5
2023/03/07 10:51:56 deserializeInput: hasCrash true hasNet false
2023/03/07 10:51:56 prog length: 6
2023/03/07 10:51:56 prog length: 6
2023/03/07 10:51:56 prog length: 5
2023/03/07 10:51:56 fetching corpus: 50, signal 3571/15016/19524 (executing program)
2023/03/07 10:51:56 deserializeInput: hasCrash true hasNet false
2023/03/07 10:51:56 prog length: 6
2023/03/07 10:51:56 prog length: 6
2023/03/07 10:51:56 prog length: 5
2023/03/07 10:51:56 deserializeInput: hasCrash true hasNet false
2023/03/07 10:51:56 prog length: 6
2023/03/07 10:51:56 prog length: 5
2023/03/07 10:51:56 deserializeInput: hasCrash true hasNet false
2023/03/07 10:51:56 prog length: 6
2023/03/07 10:51:56 prog length: 3
2023/03/07 10:51:56 deserializeInput: hasCrash true hasNet false
2023/03/07 10:51:56 prog length: 6
2023/03/07 10:51:56 prog length: 3
2023/03/07 10:51:56 deserializeInput: hasCrash true hasNet false
2023/03/07 10:51:56 prog length: 6
2023/03/07 10:51:56 prog length: 3
2023/03/07 10:51:56 deserializeInput: hasCrash true hasNet false
2023/03/07 10:51:56 prog length: 6
2023/03/07 10:51:56 prog length: 3
2023/03/07 10:51:56 deserializeInput: hasCrash true hasNet false
2023/03/07 10:51:56 prog length: 6
2023/03/07 10:51:56 prog length: 3
2023/03/07 10:51:56 deserializeInput: hasCrash true hasNet false
2023/03/07 10:51:56 prog length: 6
2023/03/07 10:51:56 prog length: 6
2023/03/07 10:51:56 prog length: 5
2023/03/07 10:51:56 deserializeInput: hasCrash true hasNet false
2023/03/07 10:51:56 prog length: 6
2023/03/07 10:51:56 prog length: 3
2023/03/07 10:51:56 deserializeInput: hasCrash true hasNet false
2023/03/07 10:51:56 prog length: 6
2023/03/07 10:51:56 prog length: 3
2023/03/07 10:51:56 deserializeInput: hasCrash true hasNet false
2023/03/07 10:51:56 prog length: 6
2023/03/07 10:51:56 prog length: 3
2023/03/07 10:51:56 deserializeInput: hasCrash true hasNet false
2023/03/07 10:51:56 prog length: 6
2023/03/07 10:51:56 prog length: 3
2023/03/07 10:51:56 deserializeInput: hasCrash true hasNet false
2023/03/07 10:51:56 prog length: 6
2023/03/07 10:51:56 prog length: 3
2023/03/07 10:51:56 deserializeInput: hasCrash true hasNet false
2023/03/07 10:51:56 prog length: 6
2023/03/07 10:51:56 prog length: 3
2023/03/07 10:51:56 deserializeInput: hasCrash true hasNet false
2023/03/07 10:51:56 prog length: 6
2023/03/07 10:51:56 prog length: 3
2023/03/07 10:51:56 deserializeInput: hasCrash true hasNet false
2023/03/07 10:51:56 prog length: 6
2023/03/07 10:51:56 prog length: 4
2023/03/07 10:51:56 deserializeInput: hasCrash true hasNet false
2023/03/07 10:51:56 prog length: 6
2023/03/07 10:51:56 prog length: 6
2023/03/07 10:51:56 prog length: 5
2023/03/07 10:51:56 deserializeInput: hasCrash true hasNet false
2023/03/07 10:51:56 prog length: 6
2023/03/07 10:51:56 prog length: 3
2023/03/07 10:51:56 deserializeInput: hasCrash true hasNet false
2023/03/07 10:51:56 prog length: 6
2023/03/07 10:51:56 prog length: 6
2023/03/07 10:51:56 prog length: 5
2023/03/07 10:51:56 deserializeInput: hasCrash true hasNet false
2023/03/07 10:51:56 prog length: 6
2023/03/07 10:51:56 prog length: 3
2023/03/07 10:51:56 deserializeInput: hasCrash true hasNet false
2023/03/07 10:51:56 prog length: 6
2023/03/07 10:51:56 prog length: 4
2023/03/07 10:51:56 deserializeInput: hasCrash true hasNet false
2023/03/07 10:51:56 prog length: 6
2023/03/07 10:51:56 prog length: 3
2023/03/07 10:51:56 deserializeInput: hasCrash true hasNet false
2023/03/07 10:51:56 prog length: 6
2023/03/07 10:51:56 prog length: 6
2023/03/07 10:51:56 prog length: 5
2023/03/07 10:51:56 deserializeInput: hasCrash true hasNet false
2023/03/07 10:51:56 prog length: 6
2023/03/07 10:51:56 prog length: 3
2023/03/07 10:51:56 deserializeInput: hasCrash true hasNet false
2023/03/07 10:51:56 prog length: 6
2023/03/07 10:51:56 prog length: 3
2023/03/07 10:51:56 deserializeInput: hasCrash true hasNet false
2023/03/07 10:51:56 prog length: 6
2023/03/07 10:51:56 prog length: 3
2023/03/07 10:51:56 deserializeInput: hasCrash true hasNet false
2023/03/07 10:51:56 prog length: 6
2023/03/07 10:51:56 prog length: 6
2023/03/07 10:51:56 prog length: 6
2023/03/07 10:51:56 deserializeInput: hasCrash false hasNet false
2023/03/07 10:51:56 prog length: 3
2023/03/07 10:51:56 deserializeInput: hasCrash true hasNet false
2023/03/07 10:51:56 prog length: 6
2023/03/07 10:51:56 prog length: 6
2023/03/07 10:51:56 prog length: 5
2023/03/07 10:51:56 deserializeInput: hasCrash true hasNet false
2023/03/07 10:51:56 prog length: 6
2023/03/07 10:51:56 prog length: 3
2023/03/07 10:51:56 deserializeInput: hasCrash true hasNet false
2023/03/07 10:51:56 prog length: 6
2023/03/07 10:51:56 prog length: 6
2023/03/07 10:51:56 prog length: 5
2023/03/07 10:51:56 deserializeInput: hasCrash true hasNet false
2023/03/07 10:51:56 prog length: 6
2023/03/07 10:51:56 prog length: 6
2023/03/07 10:51:56 prog length: 5
2023/03/07 10:51:56 deserializeInput: hasCrash true hasNet false
2023/03/07 10:51:56 prog length: 6
2023/03/07 10:51:56 prog length: 6
2023/03/07 10:51:56 prog length: 5
2023/03/07 10:51:56 deserializeInput: hasCrash true hasNet false
2023/03/07 10:51:56 prog length: 6
2023/03/07 10:51:56 prog length: 3
2023/03/07 10:51:56 deserializeInput: hasCrash true hasNet false
2023/03/07 10:51:56 prog length: 6
2023/03/07 10:51:56 prog length: 3
2023/03/07 10:51:56 deserializeInput: hasCrash true hasNet false
2023/03/07 10:51:56 prog length: 6
2023/03/07 10:51:56 prog length: 3
2023/03/07 10:51:56 deserializeInput: hasCrash true hasNet false
2023/03/07 10:51:56 prog length: 6
2023/03/07 10:51:56 prog length: 6
2023/03/07 10:51:56 prog length: 6
2023/03/07 10:51:56 prog length: 7
2023/03/07 10:51:56 deserializeInput: hasCrash true hasNet false
2023/03/07 10:51:56 prog length: 6
2023/03/07 10:51:56 prog length: 6
2023/03/07 10:51:56 prog length: 5
2023/03/07 10:51:56 deserializeInput: hasCrash true hasNet false
2023/03/07 10:51:56 prog length: 6
2023/03/07 10:51:56 prog length: 6
2023/03/07 10:51:56 prog length: 5
2023/03/07 10:51:56 deserializeInput: hasCrash true hasNet false
2023/03/07 10:51:56 prog length: 6
2023/03/07 10:51:56 prog length: 6
2023/03/07 10:51:56 prog length: 6
2023/03/07 10:51:56 deserializeInput: hasCrash true hasNet false
2023/03/07 10:51:56 prog length: 6
2023/03/07 10:51:56 prog length: 3
2023/03/07 10:51:56 fetching corpus: 91, signal 3844/16736/22229 (executing program)
2023/03/07 10:51:56 fetching corpus: 91, signal 3844/16736/23038 (executing program)
2023/03/07 10:51:56 fetching corpus: 91, signal 3844/16736/23855 (executing program)
2023/03/07 10:51:56 fetching corpus: 91, signal 3844/16736/24700 (executing program)
2023/03/07 10:51:56 fetching corpus: 91, signal 3844/16736/25546 (executing program)
2023/03/07 10:51:56 fetching corpus: 91, signal 3844/16736/26377 (executing program)
2023/03/07 10:51:56 fetching corpus: 91, signal 3844/16736/27186 (executing program)
2023/03/07 10:51:56 fetching corpus: 91, signal 3844/16736/28030 (executing program)
2023/03/07 10:51:56 fetching corpus: 91, signal 3844/16736/28403 (executing program)
2023/03/07 10:51:56 fetching corpus: 91, signal 3844/16736/28403 (executing program)
2023/03/07 10:51:57 starting 1 fuzzer processes
2023/03/07 10:51:57 ----- generateCall 170 dup dup
2023/03/07 10:51:57 ----- generateCall 237 fsetxattr$smack_xattr_label fsetxattr$smack_xattr_label
2023/03/07 10:51:57 ----- generateCall 243 fsetxattr$trusted_overlay_upper fsetxattr$trusted_overlay_upper
2023/03/07 10:51:57 ----- generateCall 2724 preadv preadv
2023/03/07 10:51:57 ----- generateCall 200 fcntl$F_SET_FILE_RW_HINT fcntl$F_SET_FILE_RW_HINT
2023/03/07 10:51:57 ----- generateCall 259 getdents64 getdents64
2023/03/07 10:51:57 ----- generateCall 2344 linkat linkat
2023/03/07 10:51:57 ----- generateCall 242 fsetxattr$trusted_overlay_redirect fsetxattr$trusted_overlay_redirect
2023/03/07 10:51:57 ----- generateCall 204 fcntl$getflags fcntl$getflags
2023/03/07 10:51:57 ----- generateCall 235 fsetxattr$security_selinux fsetxattr$security_selinux
2023/03/07 10:51:57 ----- generateCall 212 fcntl$setownex fcntl$setownex
2023/03/07 10:51:57 ----- generateCall 235 fsetxattr$security_selinux fsetxattr$security_selinux
2023/03/07 10:51:57 ----- generateCall 171 dup2 dup2
2023/03/07 10:51:57 map[./file0:true]
2023/03/07 10:51:57 HasCrashFail: false, .HasNetFail: false
2023/03/07 10:51:57 prog length: 20
2023/03/07 10:51:57 HasCrashFail:false HasNetFail:false
10:51:57 ---executing program 0:
---
---
---
r0 = dup(0xffffffffffffffff)
r1 = openat(r0, &(0x7f0000000000)='./file0\x00', 0x10000, 0x140)
fsetxattr$smack_xattr_label(r1, &(0x7f0000000040)='security.SMACK64IPOUT\x00', &(0x7f0000000080)={'&:\\#:\'+,'}, 0x9, 0x0)
fsetxattr$trusted_overlay_upper(r0, &(0x7f00000000c0), &(0x7f0000000100)={0x0, 0xfb, 0x1015, 0x7, 0xc6, "9c2c3addc156ba68072bd71f5b16bfeb", "542782761f10048d36020ac1df171a0c48555d6d82f5280b64447227a752fc1d5bdaf0caa6e6663ddc5f224c941069b8cd17117f1c14fb46ef852c96dc062583b47266e88c68bbb1e5218f3a37e0cdfa19d08ecb4adcb84540dbca71662150a1b277fd9e5293463ee2aaa5e589061c787f455c6963cf6f5c11e92aeff05283605d342b84e4a9292f280993c41de12267e04eacadbb0749f713cbaf934722e2dbecf86605f7cab77457590816962fb902e1105577f9b8bf0ff2bf4fbd6ec9b396012894a4a1d10344cf44acedda6f6bba2bd64f0dd83d2dd3497cdea848e03e8e15632f81b4b677c91008e6d23e02413bffaee806db2fec6d2306409a025942c2f2929858e27524f2d45cf7099162122bd5919cd9ab9effc4dba6c584253411a71b0979075a9d0ffc5a318c03d9be3b94de08ab09210b52dfd4fab1d3c05328da0fca8bfb62d490fb424f6902b5535bbded88ef5e6f77828133b91cd88b3ae89dcf2c2eab9b88d7f17654eaa175b47434e9e8421249e8dfd6791ade64b383491338c494a89b223d2fb385df77860c39801c12c85d2ce09393b166e125011f06e65290a3df22b3ea4016b1ca56eb8fff7bfb7a29929a9fae12063f63fba60b2f575632494fbf89072bbaa88388ce0ec6eb45f4ccc8ba3b466579506107e420258c130ccd04498aa6e89dd944857436ba0ecd5200eb06c4564aacdcd92a13ae212b03dd68bfce249d245cc7089360c8af9bc25e5813ffd614cfd5eefb41d80ad45aff22f77a23f6825fff7ade85b6d4c0c40bad492999c9d2119ca04b13273c624ae03d8d5dca62bc09a53bcfb54b5c8063b8d12046636900681a9d6629ed28f1afe46ffe0f6e7305b8833e7bfbf0a54631f22d99b0a1c3943c35e87c91f471d2cf0fdab2e8f9b025bc359c6772741d3c172b4943b0bd97692db5df1bbb7eac8fedf382fa55c6e79178b440a11906ce191fb7e05ceebcdaf82a1be12330783c31b2f2f9197c26e1de90bdac25ec01c383af9cb39cac1e2fe61915e59873da516e23207079b071e46b6f6e0d157ee9068805dabfb9890c9282b9b44d6d8ca75611a6063357f8b5be39ada3b4f2705accb0033c585562778e3490e3ab85765d135eb0c45702fae4031be41381dcd5b144c4ff304f2fd0b850cacbdbdd222765f562d6273a2efedf1193e21a82728915687862f8c943698cb7d0e00fe6d5d10f8e1f72f5502a03bb885cd5c411a7f78bff54c7418149aaad6e37e05f48c2a030014c623b6c34f34eb0bfee6dc2ec554f3006b0d8bae4d4f44b8ffab7e77027c69df84be1b645a6854e92ab7c1fe1d00fd9697c76e3e069cc4869c532d1192c53ef6ce94be58bf77794cc6f7f058298e4ed701a9a350b636506b758ab9b10d8704ad7bc74315c37ce5b5f999ef55c1e7f14d28a36e9cea59104771cd55033169ef0edda967e9fdb3cf6d2996b7ea4591ca7d20d2130c6f29863d03fed06af997b8a24063685a815ec7fbaef396633538523ffa4a4901fbd362b6895357589c0f5d6d1d70cfe54795b5f3968a52063975d1f043028282635c2355b3fbef4ad863737947c406188128e29db2ca818793599be29e2d04e632adad05831c3bf538002605a54e939fc6ca130ce365a3dcd7974f0c558108495cebd20c25b8eb9d51392b27ae6ed6617ae37b0543535869dbc844600b01d02fda90f86b6ac49e248cff901894dec74f24fddd201ed03adcd0ad299205e16e4962cba0bd00258fb96770ab6bc7ff54d1d04148ac2ecf5120e85f6ac620206b8e119ce37891478b9b1dbca0e02c60c303e948d237d2b5d77693ae5b80fa4bbf26c5bb63521ee7b8eae1c954d59c5063bacecd376f48deb12f3b15dff3ac0bad231c744d298d0d4d1d90ea5f3461f151d4091a1a29bd7a24af473c77edcab97c588610cde18edb513ad0aee6ec60b637f21dbf3fbe3fff4b1640853e83ad0d595c4ffa0c2b9bed82d8fd649f86eed39d249482df5b46cb3a09404c5c7608aa31909b4bd6bfca9147d64336fd7c6ed933f8374df5102ddde0143ea7c0a1472af30cfa4660791641b0a58ac4aa3b8f6004706b9316b5b7abef1dad4cf4dc8cacf351f9fbd15b26036c64efd0b1ffc5cca4bd8e4dd7afa3ec44451e6a71066953ad9211150a3857ad46539d422eef843b94b5e676760e305345a8ac0b4338b78a9ed9a0bddf6e8b0fc77a3bc2951a15b8a47eae4ef83a5a0f4fe2793090668f3fa119e12f28bcea029fceb63fc34bcaef116090023a36b37c531ef5922787e7d08e3c3d29618bf7028d6619263b459722a36a1c458de77846b596ccab2c17ce83b2972b93fc43bd105a44be09277ef70567daab07e5ab2f2250c8114f9489d137e598f8074958beae13d618adb969f6c89f8936513f6d4a2ca7715c1537307ef15b97445aa3b91c1d18b887b22108654d437435dce4133397c9540f26b748689456371e0898a9d1f3a1172dd3429a2b203cba2c0d08b4b0d9d0440c2edd1780ce1601a9604a0d589f79958e39822f654fc528858c2a4d9ba017122bd1a239e1546b6f46ded1d0d2de87c2a84c13d8178ed9b3c77dddee4ec5dc98176564ab0b8402074a5f0bf85fd9b8b75314ac6865d401816b39cb578c4b23781e1105e36c266d32fd738acb8e4f0770cba67253e8bad477850f514441de89210474b73591465979157fa79cdf2121a7502170b868223e8164630345227e4f955a8e0cd37a9428745ef82172b87c4ff1a27084068b331bfeb31230f6d2e35d5b02809b742363211599f432ce489b578820330197f6a6f379468418d3a85723693db635de15bea9837e32088000c670c6c89ebda62bf5b8fac9ed63ef650bfce1637a495b445cb0d805f2ccc35608b0137b099b4be0b4b64d4fae7077db38a3a84d5eeac95a684ccf6ee5f5309f5c5591e6c61d31a9e5c4c6f26d94998cc1fc251f9d28a0850ae0c3bf98c903e1ab3abc78d9653a67b041805511feafe4942ed711d41b15cc036622a665622304c29ec0ca3d008a2f00dc53b96381cb2ec3e7b38c1edf39de77848525546ddc441958c4f3a99edcfe35b507b81da9f19c1f03aae7f087fff8194c2fa09d1ffd47b23d05d52dd9c7b29bf4c886892ee4ef1b8b3583d9f87bd7196f491814ae2809604966814dd622a6c6cd3d6b17dbbb150e3224234c4ac01ba94e1f0d42d7d5f4029bd16265352ce37d99448b63ed27b2518e82166d288ede018eb1020346128d78d2059f2cd43013e3e5e729356006e00d7a0c38a24a1a4d4c4c0a97e3578c84f3f13b5a6e5750169ddc82ac52f938c868b064c89e1e75c6002ce2df9b07668d2dd919f8623743c0b1b50cc0b85d89edc1ef46eb55e0e5f87db1eaf09f1f573f5e39ad0093f37055813bebaec0b30dd31bd4baa27c76e1de9a6023228b4454a9a6968fffaff6f6b8a83b4bf30342bca220b1702a68449a50f03cff56b41609db44c666bf9468fdd3f99ab7597bf49c386b3a4b26db0145ee2fcef23c1154bd23f68c56dbf62dd126bb90f4586968f00682815deb48836769003fe2bd12a4baec46a59245a404a2f24a3ab2720087fa443397f66f7f38afc11bf1f83cacd69593f2432102aa73b3c1fa0041d332fa28f5dad3e4962aa1079335097fdb6c03b8a24785aa3f3a4a30c130b5929eb0c6ffe3b85d2ee1904c7d1eb0114ab4a4d2fa0f392f790376343a7b8f0ae6c0337a6c627a1f4c8441bd8b907199bb0f9d8ba3929de56a4086a1d19abebb01996116ea9fe2f676fbfb6d4de8a250aad1a401425a28bdbb80bfae20d7a3615280c714d11695cbb62d18407bf1996beae4cc072457eced3a499f92bc5aa28092115553fa9dfa1be83acaaa25013a2c412ccbaef95ec72bf48827553046ca737865bddc73811bba0875bb3ffc58ab30c648c645bd195f4774f77a1571ad2e07f800571440d9ffe19d82dd93fccc3e79eb4f91fdcfbc71397d143936fb4bb5d478816b91c5b12f37c70afb164add21331866716af3894f4165327c4d47ce60626497b71718b6e47bb8f68a0a55ea1f5fc2d56686cb027f99cf9416bd2feab7f49caea1dc855b8dcb45d62c05124c0a400cfa165607e5448fbe796871c16f8668b2f07f947ba10caa1e1c8a90ef2de6b952f4e0fd9bde811e50e5535b73ebb524fcfdcaecc9bb0a9d86499f357421048630ed982d91feffafc418645c012db6a63ca33255e4e64723c8803a758b2a1c8d712120ac9358c7972c8c3e4b0fb63d25cb01dfd972152381ce610f0933caa6fda603ba12862a179ba9a86ca1f8a493f733c98b72f7ddcacf71dd3c147661ea1d6eac1660ef85a0569121fbcb67f666f5d367442e263af6cc5048258f252b0ab81099d628c5bc3d8613cd28dc4d066e158b71cf6171761a9d2cadb5e3b6580e431f874c72036f6c76b15cfb3cfca014c1d1c36d60cafe9a76093edcc67e3beca03149854770779ebecde049efc70c4c4c134fe43f4bd2b93925d91a6015067906442f042846b336b6e95856bb522fe3795803cbe0d1543bb00fe121c06a33fd0fe9a1c0c4ec02ea8390fc8dd9a1032beb567467f4901c1e4c3405c5effc72b771b5ca2ee5e882dbb1644f220c1039e51e16e2481b4c865f4e9327e98c23b206d7f77f032223aad2ef128e1f2fe0d72c098e6d288b391be5cdc8c1e8d8a392008eec0fd0bfcad4baf509016fe87f18f27c2eb40010fee9a188915bdc10cca212a8129f064d8cfd66fb5477ad55c5ff9e831dce6659a9d17645fbcf0d2534e847246e41c77c7ac0cd8f84a6b32780d46ff643769b8d4bf340fa099ee0f7f93b1a001163c13d2d4c38178a4275c80234106521acdb4af8afaf65b9b8f694bcf83f54a294bae7b88b141e6b9226623e7578dd9e0b462cdf2b2eefad6362bca5717fa65ebe8a86e350edfb5426ae51bb122899be9b8e462079de2059ccf19025ab4338e56cca6fd9d49bccb5ac87975f72eb7a62256e9a86f53ce9cdfee0012a06f3380307dfe3f9dda4a023f6736d67e8d703c5c26bdcdd3e385938b1b39340e56d6cf7168aca7a28cbb9e62d1dea066a384d221e55c5a601f883853386fb128b9663ad5f60a369c670de04cfa6dbc709d7eda9e2687852a08f356c5380d1107ced4496c7e0fc73b17d1fee5870f5d9c8ef7aedf9b4bf5a45903f6cb0cb29996af1cea269d78b12ec49d22bf55a58fe5020fd676591e7681408985fbfc1aae31cfc20ff07c591073625b332e29533ab2b1dcad662062c6dd31840bc1175dcba3cc89854ea8d498c4ba1e03c98a06f6cba334179cc2f55758dc6e73a20ed1c8d97c269d333d2fecdcf289c00a3acc89c61e76688d99c1632930dc1a5c00c9cadc8793fa9765da55dcdac264224ba42211d804b4bcef8a138358da49145b6ed9164e8c0a5869747efc7c1c955b69b64967cd0b3d15f0b2ae688750fcfbc0d1a6ccddbee0751044e5871c36cd2a74fa734f799bd45e57aad29b9051405fe5bca8dddd1df6cbd149c13359fa1b37b7361b84c767bb1bf531a18698f35e1d7212487da47db7aceb98f84054a9940dca93a328bd71082a28ad664c474eb3df806270b0108438c6da31ee4cf0f5d000d0597aa81a009ff65616f727d7c11823017ca2be24f7c1cadee70fd2b52acf77f48f6b12a331c1ef077c93ccd35ab7f2d90999a86ba54b53af94ca1bd955129bff8ff509e0ce416be8edb9e7d24e255074869b0dbc689fb33b1549156a17953cc224b1216a6173aef932cd08cad4999a4e15fb3a0b3df09d645dbf22630e1cb3f9771ffc9f"}, 0x1015, 0x0)
preadv(r0, &(0x7f00000021c0)=[{&(0x7f0000001140)=""/4096, 0x1000}, {&(0x7f0000002140)=""/91, 0x5b}], 0x2, 0x1, 0x4)
fcntl$F_SET_FILE_RW_HINT(r1, 0x40e, &(0x7f0000002200))
r2 = openat(0xffffffffffffffff, &(0x7f0000002240)='./file0\x00', 0x40000, 0x196)
getdents64(r2, &(0x7f0000002280)=""/4096, 0x1000)
linkat(r0, &(0x7f0000003280)='./file0\x00', r2, &(0x7f00000032c0)='./file0\x00', 0x400)
r3 = dup2(r2, r0)
fsetxattr$trusted_overlay_redirect(r3, &(0x7f0000003300), &(0x7f0000003340)='./file0\x00', 0x8, 0x2)
fcntl$getflags(r3, 0x1)
fsetxattr$security_selinux(r2, &(0x7f0000003380), &(0x7f00000033c0)='system_u:object_r:locale_t:s0\x00', 0x1e, 0x3)
r4 = fcntl$getown(r0, 0x9)
fcntl$setownex(r0, 0xf, &(0x7f0000003400)={0x2, r4})
r5 = fcntl$dupfd(r2, 0x0, r2)
fsetxattr$security_selinux(r5, &(0x7f0000003440), &(0x7f0000003480)='system_u:object_r:systemd_logind_var_run_t:s0\x00', 0x2e, 0x1)
r6 = openat(r1, &(0x7f00000034c0)='./file0\x00', 0x40, 0x100)
r7 = open$dir(&(0x7f0000003500)='./file0\x00', 0x20100, 0x1)
dup2(r6, r7)
---

end of program
2023/03/07 10:51:57 -----run executor: [/usr/bin/ssh -F /dev/null -o ConnectionAttempts=100 -o ConnectTimeout=120 -o UserKnownHostsFile=/dev/null -o BatchMode=yes -o IdentitiesOnly=yes -o StrictHostKeyChecking=no -o ConnectTimeout=100 -i /home/tlyu/dfs-fuzzing/disk-images/orangefs-images/focal.id_rsa root@192.168.0.35 /root/syz-executor exec 0 0 orangefs 3 4 192.168.0.35 0 "3 1" false false false true false]
2023/03/07 10:51:57 -----run executor: [/usr/bin/ssh -F /dev/null -o ConnectionAttempts=100 -o ConnectTimeout=120 -o UserKnownHostsFile=/dev/null -o BatchMode=yes -o IdentitiesOnly=yes -o StrictHostKeyChecking=no -o ConnectTimeout=100 -i /home/tlyu/dfs-fuzzing/disk-images/orangefs-images/focal.id_rsa root@192.168.0.36 /root/syz-executor exec 0 1 orangefs 3 4 192.168.0.35 0 "3 1" false false false true false]
2023/03/07 10:51:57 -----run executor: [/usr/bin/ssh -F /dev/null -o ConnectionAttempts=100 -o ConnectTimeout=120 -o UserKnownHostsFile=/dev/null -o BatchMode=yes -o IdentitiesOnly=yes -o StrictHostKeyChecking=no -o ConnectTimeout=100 -i /home/tlyu/dfs-fuzzing/disk-images/orangefs-images/focal.id_rsa root@192.168.0.37 /root/syz-executor exec 0 2 orangefs 3 4 192.168.0.35 0 "3 1" false false false true false]
2023/03/07 10:51:57 -----run executor: [/usr/bin/ssh -F /dev/null -o ConnectionAttempts=100 -o ConnectTimeout=120 -o UserKnownHostsFile=/dev/null -o BatchMode=yes -o IdentitiesOnly=yes -o StrictHostKeyChecking=no -o ConnectTimeout=100 -i /home/tlyu/dfs-fuzzing/disk-images/orangefs-images/focal.id_rsa root@192.168.0.38 /root/syz-executor exec 1 3 orangefs 3 4 192.168.0.35 0 "3 1" false false false true false]
Warning: Permanently added '192.168.0.35' (ECDSA) to the list of known hosts.
Warning: Permanently added '192.168.0.36' (ECDSA) to the list of known hosts.
Warning: Permanently added '192.168.0.37' (ECDSA) to the list of known hosts.
Warning: Permanently added '192.168.0.38' (ECDSA) to the list of known hosts.
----- is restarting 0
---- dfs_name orangefs is_dfs_client 0
unlink FIFO failed: No such file or directory
executor 0 finishes userspace_cover_open
before receiving handshake request
[    0.000000] kernel: Linux version 5.15.0+ (tlyu@IC-RS3-DPC07) (gcc (Ubuntu 9.4.0-1ubuntu1~20.04.1) 9.4.0, GNU ld (GNU Binutils for Ubuntu) 2.34) #7 SMP Sat Feb 18 10:18:37 CET 2023
[    0.000000] kernel: Command line: root=/dev/sda console=ttyS0 net.ifnames=0 ip=192.168.0.35 quiet
[    0.000000] kernel: x86/fpu: Supporting XSAVE feature 0x001: 'x87 floating point registers'
[    0.000000] kernel: x86/fpu: Supporting XSAVE feature 0x002: 'SSE registers'
[    0.000000] kernel: x86/fpu: Supporting XSAVE feature 0x004: 'AVX registers'
[    0.000000] kernel: x86/fpu: Supporting XSAVE feature 0x020: 'AVX-512 opmask'
[    0.000000] kernel: x86/fpu: Supporting XSAVE feature 0x040: 'AVX-512 Hi256'
[    0.000000] kernel: x86/fpu: Supporting XSAVE feature 0x080: 'AVX-512 ZMM_Hi256'
[    0.000000] kernel: x86/fpu: Supporting XSAVE feature 0x200: 'Protection Keys User registers'
[    0.000000] kernel: x86/fpu: xstate_offset[2]:  576, xstate_sizes[2]:  256
[    0.000000] kernel: x86/fpu: xstate_[D 01/16/2023 17:42:13] PVFS2 Server version 2.9.7-orangefs-REV-65ab0d2 starting.
[E 01/16/2023 17:43:19] PVFS2 server got signal 15 (server_status_flag: 2080767)
[D 02/18/2023 14:39:31] PVFS2 Server version 2.9.7-orangefs-REV-65ab0d2 starting.
[D 02/18/2023 14:47:30] PVFS2 received server: signal 1
[E 02/18/2023 14:47:30] PVFS2 server got signal 15 (server_status_flag: 2080767)
offset[5]:  832, xstate_sizes[5]:   64
[    0.000000] kernel: x86/fpu: xstate_offset[6]:  896, xstate_sizes[6]:  512
[    0.000000] kernel: x86/fpu: xstate_offset[7]: 1408, xstate_sizes[7]: 1024
[    0.000000] kernel: x86/fpu: xstate_offset[9]: 2432, xstate_sizes[9]:    8
[    0.000000] kernel: x86/fpu: Enabled xstate features 0x2e7, context size is 2440 bytes, using 'compacted' format.
[    0.000000] kernel: signal: max sigframe size: 3632
[    0.000000] kernel: BIOS-provided physical RAM map:
[    0.000000] kernel: BIOS-e820: [mem 0x0000000000000000-0x000000000009fbff] usable
[    0.000000] kernel: BIOS-e820: [mem 0x000000000009fc00-0x000000000009ffff] reserved
[    0.000000] kernel: BIOS-e820: [mem 0x00000000000f0000-0x00000000000fffff] reserved
[    0.000000] kernel: BIOS-e820: [mem 0x0000000000100000-0x00000000bffdffff] usable
[    0.000000] kernel: BIOS-e820: [mem 0x00000000bffe0000-0x00000000bfffffff] reserved
[    0.000000] kernel: BIOS-e820: [mem 0x00000000feffc000-0x00000000feffffff] reserved
[    0.000000] kernel: BIOS-e820: [mem 0x00000000fffc0000-0x00000000ffffffff] reserved
[    0.000000] kernel: BIOS-e820: [mem 0x0000000100000000-0x00000002bfffffff] usable
[    0.000000] kernel: NX (Execute Disable) protection: active
[    0.000000] kernel: SMBIOS 2.8 present.
[    0.000000] kernel: DMI: QEMU Standard PC (i440FX + PIIX, 1996), BIOS 1.13.0-1ubuntu1.1 04/01/2014
[    0.000000] kernel: Hypervisor detected: KVM
[    0.000000] kernel: kvm-clock: Using msrs 4b564d01 and 4b564d00
[    0.000000] kernel: kvm-clock: cpu 0, msr 8f66e001, primary cpu clock
[    0.000001] kernel: kvm-clock: using sched offset of 457661599 cycles
[    0.000003] kernel: clocksource: kvm-clock: mask: 0xffffffffffffffff max_cycles: 0x1cd42e4dffb, max_idle_ns: 881590591483 ns
[    0.000006] kernel: tsc: Detected 2593.906 MHz processor
[    0.000429] kernel: e820: update [mem 0x00000000-0x00000fff] usable ==> reserved
[    0.000431] kernel: e820: remove [mem 0x000a0000-0x000fffff] usable
[    0.000434] kernel: last_pfn = 0x2c0000 max_arch_pfn = 0x10000000000
[    0.000486] kernel: x86/PAT: Configuration [0-7]: WB  WC  UC- UC  WB  WP  UC- WT  
[    0.000491] kernel: last_pfn = 0xbffe0 max_arch_pfn = 0x10000000000
[    0.004729] kernel: found SMP MP-table at [mem 0x000f5c80-0x000f5c8f]
[    0.004759] kernel: Using GB pages for direct mapping
[    0.005622] kernel: ACPI: Early table checksum verification disabled
[    0.005629] kernel: ACPI: RSDP 0x00000000000F5A50 000014 (v00 BOCHS )
[    0.005637] kernel: ACPI: RSDT 0x00000000BFFE15C9 000030 (v01 BOCHS  BXPCRSDT 00000001 BXPC 00000001)
[    0.005643] kernel: ACPI: FACP 0x00000000BFFE149D 000074 (v01 BOCHS  BXPCFACP 00000001 BXPC 00000001)
[    0.005648] kernel: ACPI: DSDT 0x00000000BFFE0040 00145D (v01 BOCHS  BXPCDSDT 00000001 BXPC 00000001)
[    0.005651] kernel: ACPI: FACS 0x00000000BFFE0000 000040
[    0.005653] kernel: ACPI: APIC 0x00000000BFFE1511 000080 (v01 BOCHS  BXPCAPIC 00000001 BXPC 00000001)
[    0.005656] kernel: ACPI: HPET 0x00000000BFFE1591 000038 (v01 BOCHS  BXPCHPET 00000001 BXPC 00000001)
[    0.005658] kernel: ACPI: Reserving FACP table memory at [mem 0xbffe149d-0xbffe1510]
[    0.005659] kernel: ACPI: Reserving DSDT table memory at [mem 0xbffe0040-0xbffe149c]
[    0.005660] kernel: ACPI: Reserving FACS table memory at [mem 0xbffe0000-0xbffe003f]
[    0.005661] kernel: ACPI: Reserving APIC table memory at [mem 0xbffe1511-0xbffe1590]
[    0.005661] kernel: ACPI: Reserving HPET table memory at [mem 0xbffe1591-0xbffe15c8]
[    0.005925] kernel: No NUMA configuration found
[    0.005926] kernel: Faking a node at [mem 0x0000000000000000-0x00000002bfffffff]
[    0.005929] kernel: NODE_DATA(0) allocated [mem 0x2bfffa000-0x2bfffdfff]
[    0.005996] kernel: Zone ranges:
[    0.005997] kernel:   DMA      [mem 0x0000000000001000-0x0000000000ffffff]
[    0.005998] kernel:   DMA32    [mem 0x0000000001000000-0x00000000ffffffff]
[    0.006000] kernel:   Normal   [mem 0x0000000100000000-0x00000002bfffffff]
[    0.006001] kernel: Movable zone start for each node
[    0.006001] kernel: Early memory node ranges
[    0.006002] kernel:   node   0: [mem 0x0000000000001000-0x000000000009efff]
[    0.006003] kernel:   node   0: [mem 0x0000000000100000-0x00000000bffdffff]
[    0.006004] kernel:   node   0: [mem 0x0000000100000000-0x00000002bfffffff]
[    0.006006] kernel: Initmem setup node 0 [mem 0x0000000000001000-0x00000002bfffffff]
[    0.006756] kernel: On node 0, zone DMA: 1 pages in unavailable ranges
[    0.006768] kernel: On node 0, zone DMA: 97 pages in unavailable ranges
[    0.072392] kernel: On node 0, zone Normal: 32 pages in unavailable ranges
[    0.687606] kernel: kasan: KernelAddressSanitizer initialized
[    0.687953] kernel: ACPI: PM-Timer IO Port: 0x608
[    0.687962] kernel: ACPI: LAPIC_NMI (acpi_id[0xff] dfl dfl lint[0x1])
[    0.688001] kernel: IOAPIC[0]: apic_id 0, version 17, address 0xfec00000, GSI 0-23
[    0.688004] kernel: ACPI: INT_SRC_OVR (bus 0 bu----- is restarting 0
---- dfs_name orangefs is_dfs_client 0
unlink FIFO failed: No such file or directory
executor 1 finishes userspace_cover_open
before receiving handshake request
req.flags ea2
[    0.000000] kernel: Linux version 5.15.0+ (tlyu@IC-RS3-DPC07) (gcc (Ubuntu 9.4.0-1ubuntu1~20.04.1) 9.4.0, GNU ld (GNU Binutils for Ubuntu) 2.34) #7 SMP Sat Feb 18 10:18:37 CET 2023
[    0.000000] kernel: Command line: root=/dev/sda console=ttyS0 net.ifnames=0 ip=192.168.0.36 quiet
[    0.000000] kernel: x86/fpu: Supporting XSAVE feature 0x001: 'x87 floating point registers'
[    0.000000] kernel: x86/fpu: Supporting XSAVE feature 0x002: 'SSE registers'
[    0.000000] kernel: x86/fpu: Supporting XSAVE feature 0x004: 'AVX registers'
[    0.000000] kernel: x86/fpu: Supporting XSAVE feature 0x020: 'AVX-512 opmask'
[    0.000000] kernel: x86/fpu: Supporting XSAVE feature 0x040: 'AVX-512 Hi256'
[    0.000000] kernel: x86/fpu: Supporting XSAVE feature 0x080: 'AVX-512 ZMM_Hi256'
[    0.000000] kernel: x86/fpu: Supporting XSAVE feature 0x200: 'Protection Keys User registers'
[    0.000000] kernel: x86/fpu: xstate_offset[2]:  576, xstate_sizes[2]:  256
[    0.000000] kernel: x86/fpu: xstate_[D 01/16/2023 17:42:13] PVFS2 Server version 2.9.7-orangefs-REV-65ab0d2 starting.
[E 01/16/2023 17:43:19] PVFS2 server got signal 15 (server_status_flag: 2080767)
[D 02/18/2023 14:39:31] PVFS2 Server version 2.9.7-orangefs-REV-65ab0d2 starting.
[D 02/18/2023 14:47:30] PVFS2 received server: signal 1
[E 02/18/2023 14:47:30] PVFS2 server got signal 15 (server_status_flag: 2080767)
offset[5]:  832, xstate_sizes[5]:   64
[    0.000000] kernel: x86/fpu: xstate_offset[6]:  896, xstate_sizes[6]:  512
[    0.000000] kernel: x86/fpu: xstate_offset[7]: 1408, xstate_sizes[7]: 1024
[    0.000000] kernel: x86/fpu: xstate_offset[9]: 2432, xstate_sizes[9]:    8
[    0.000000] kernel: x86/fpu: Enabled xstate features 0x2e7, context size is 2440 bytes, using 'compacted' format.
[    0.000000] kernel: signal: max sigframe size: 3632
[    0.000000] kernel: BIOS-provided physical RAM map:
[    0.000000] kernel: BIOS-e820: [mem 0x0000000000000000-0x000000000009fbff] usable
[    0.000000] kernel: BIOS-e820: [mem 0x000000000009fc00-0x000000000009ffff] reserved
[    0.000000] kernel: BIOS-e820: [mem 0x00000000000f0000-0x00000000000fffff] reserved
[    0.000000] kernel: BIOS-e820: [mem 0x0000000000100000-0x00000000bffdffff] usable
[    0.000000] kernel: BIOS-e820: [mem 0x00000000bffe0000-0x00000000bfffffff] reserved
[    0.000000] kernel: BIOS-e820: [mem 0x00000000feffc000-0x00000000feffffff] reserved
[    0.000000] kernel: BIOS-e820: [mem 0x00000000fffc0000-0x00000000ffffffff] reserved
[    0.000000] kernel: BIOS-e820: [mem 0x0000000100000000-0x00000002bfffffff] usable
[    0.000000] kernel: NX (Execute Disable) protection: active
[    0.000000] kernel: SMBIOS 2.8 present.
[    0.000000] kernel: DMI: QEMU Standard PC (i440FX + PIIX, 1996), BIOS 1.13.0-1ubuntu1.1 04/01/2014
[    0.000000] kernel: Hypervisor detected: KVM
[    0.000000] kernel: kvm-clock: Using msrs 4b564d01 and 4b564d00
[    0.000000] kernel: kvm-clock: cpu 0, msr 1c346e001, primary cpu clock
[    0.000001] kernel: kvm-clock: using sched offset of 389864125 cycles
[    0.000003] kernel: clocksource: kvm-clock: mask: 0xffffffffffffffff max_cycles: 0x1cd42e4dffb, max_idle_ns: 881590591483 ns
[    0.000005] kernel: tsc: Detected 2593.906 MHz processor
[    0.000429] kernel: e820: update [mem 0x00000000-0x00000fff] usable ==> reserved
[    0.000431] kernel: e820: remove [mem 0x000a0000-0x000fffff] usable
[    0.000434] kernel: last_pfn = 0x2c0000 max_arch_pfn = 0x10000000000
[    0.000481] kernel: x86/PAT: Configuration [0-7]: WB  WC  UC- UC  WB  WP  UC- WT  
[    0.000486] kernel: last_pfn = 0xbffe0 max_arch_pfn = 0x10000000000
[    0.004935] kernel: found SMP MP-table at [mem 0x000f5c80-0x000f5c8f]
[    0.004959] kernel: Using GB pages for direct mapping
[    0.005068] kernel: ACPI: Early table checksum verification disabled
[    0.005071] kernel: ACPI: RSDP 0x00000000000F5A50 000014 (v00 BOCHS )
[    0.005079] kernel: ACPI: RSDT 0x00000000BFFE15C9 000030 (v01 BOCHS  BXPCRSDT 00000001 BXPC 00000001)
[    0.005083] kernel: ACPI: FACP 0x00000000BFFE149D 000074 (v01 BOCHS  BXPCFACP 00000001 BXPC 00000001)
[    0.005087] kernel: ACPI: DSDT 0x00000000BFFE0040 00145D (v01 BOCHS  BXPCDSDT 00000001 BXPC 00000001)
[    0.005090] kernel: ACPI: FACS 0x00000000BFFE0000 000040
[    0.005092] kernel: ACPI: APIC 0x00000000BFFE1511 000080 (v01 BOCHS  BXPCAPIC 00000001 BXPC 00000001)
[    0.005094] kernel: ACPI: HPET 0x00000000BFFE1591 000038 (v01 BOCHS  BXPCHPET 00000001 BXPC 00000001)
[    0.005096] kernel: ACPI: Reserving FACP table memory at [mem 0xbffe149d-0xbffe1510]
[    0.005097] kernel: ACPI: Reserving DSDT table memory at [mem 0xbffe0040-0xbffe149c]
[    0.005098] kernel: ACPI: Reserving FACS table memory at [mem 0xbffe0000-0xbffe003f]
[    0.005098] kernel: ACPI: Reserving APIC table memory at [mem 0xbffe1511-0xbffe1590]
[    0.005099] kernel: ACPI: Reserving HPET table memory at [mem 0xbffe1591-0xbffe15c8]
[    0.005351] kernel: No NUMA configuration found
[    0.005351] kernel: Faking a node at [mem 0x0000000000000000-0x00000002bfffffff]
[    0.005354] kernel: NODE_DATA(0) allocated [mem 0x2bfffc000-0x2bfffffff]
[    0.008276] kernel: Zone ranges:
[    0.008278] kernel:   DMA      [mem 0x0000000000001000-0x0000000000ffffff]
[    0.008280] kernel:   DMA32    [mem 0x0000000001000000-0x00000000ffffffff]
[    0.008281] kernel:   Normal   [mem 0x0000000100000000-0x00000002bfffffff]
[    0.008282] kernel: Movable zone start for each node
[    0.008283] kernel: Early memory node ranges
[    0.008283] kernel:   node   0: [mem 0x0000000000001000-0x000000000009efff]
[    0.008285] kernel:   node   0: [mem 0x0000000000100000-0x00000000bffdffff]
[    0.008286] kernel:   node   0: [mem 0x0000000100000000-0x00000002bfffffff]
[    0.008287] kernel: Initmem setup node 0 [mem 0x0000000000001000-0x00000002bfffffff]
[    0.008797] kernel: On node 0, zone DMA: 1 pages in unavailable ranges
[    0.008809] kernel: On node 0, zone DMA: 97 pages in unavailable ranges
[    0.061968] kernel: On node 0, zone Normal: 32 pages in unavailable ranges
[    0.532613] kernel: kasan: KernelAddressSanitizer initialized
[    0.532967] kernel: ACPI: PM-Timer IO Port: 0x608
[    0.532974] kernel: ACPI: LAPIC_NMI (acpi_id[0xff] dfl dfl lint[0x1])
[    0.533022] kernel: IOAPIC[0]: apic_id 0, version 17, address 0xfec00000, GSI 0-23
[    0.533025] kernel: ACPI: INT_SRC_OVR (bus 0 bus_irq 0 global_irq 2 dfl dfl)
[    0.533027] kernel: ACPI: INT_SRC_OVR (bus 0 bus_irq 5 global_irq 5 high level)
[    0.533028] kernel: ACPI: INT_SRC_OVR (bus 0 bus_irq 9 global_irq 9 high level)
[    0.533029] kernel: ACPI: INT_SRC_OVR (bus 0 bus_irq 10 global_irq 10 high level)
[    0.533030] kernel: ACPI: INT_SRC_OVR (bus 0 bus_irq 11 global_irq 11 high level)
[    0.533033] kernel: ACPI: Using ACPI (MADT) for SMP configuration information
[    0.533034] kernel: ACPI: HPET id: 0x8086a201 base: 0xfed00000
[    0.533038] kernel: TSC deadline timer available
[    0.533039] kernel: smpboot: Allowing 2 CPUs, 0 hotplug CPUs
[    0.533062] kernel: kvm-guest: KVM setup pv remote TLB flush
[    0.533066] kernel: kvm-guest: setup PV sched yield
[    0.533074] kernel: PM: hibernation: Registered nosave memory: [mem 0x00000000-0x00000fff]
[    0.533076] kernel: PM: hibernation: Registered nosave memory: [mem 0x0009f000-0x0009ffff]
[    0.533077] kernel: PM: hibernation: Registered nosave memory: [mem 0x000a0000-0x000effff]
[    0.533077] kernel: PM: hibernation: Registered nosave memory: [mem 0x000f0000-0x000fffff]
[    0.533078] kernel: PM: hibernation: Registered nosave memory: [mem 0xbffe0000-0xbfffffff]
[    0.533079] kernel: PM: hibernation: Registered nosave memory: [mem 0xc0000000-0xfeffbfff]
[    0.533080] kernel: PM: hibernation: Registered nosave memory: [mem 0xfeffc000-0xfeffffff]
[    0.533080] kernel: PM: hibernation: Registered nosave memory: [mem 0xff000000-0xfffbffff]
[    0.533081] kernel: PM: hibernation: Registered nosave memory: [mem 0xfffc0000-0xffffffff]
[    0.533083] kernel: [mem 0xc0000000-0xfeffbfff] available for PCI devices
[    0.533084] kernel: Booting paravirtualized kernel on KVM
[    0.533086] kernel: clocksource: refined-jiffies: mask: 0xffffffff max_cycles: 0xffffffff, max_idle_ns: 1910969940391419 ns
[    0.537475] kernel: setup_percpu: NR_CPUS:64 nr_cpumask_bits:64 nr_cpu_ids:2 nr_node_ids:1
[    0.538672] kernel: percpu: Embedded 56 pages/cpu s191576 r8192 d29608 u1048576
[    0.538712] kernel: pcpu-alloc: s191576 r8192 d29608 u1048576 alloc=1*2097152
[    0.538715] kernel: pcpu-alloc: [0] 0 1 
[    0.538741] kernel: kvm-guest: setup async PF for cpu 0
[    0.538747] kernel: kvm-guest: stealtime: cpu 0, msr 26561f140
[    0.538751] kernel: Built 1 zonelists, mobility grouping on.  Total pages: 2580192
[    0.538753] kernel: Policy zone: Normal
[    0.538780] kernel: Kernel command line: root=/dev/sda console=ttyS0 net.ifnames=0 ip=192.168.0.36 quiet
[    0.545969] kernel: Dentry cache hash table entries: 2097152 (order: 12, 16777216 bytes, linear)
[    0.549331] kernel: Inode-cache hash table entries: 1048576 (order: 11, 8388608 bytes, linear)
[    0.549395] kernel: mem auto-init: stack:off, heap alloc:off, heap free:off
[    0.785369] kernel: Memory: 8872652K/10485240K available (14348K kernel code, 2403K rwdata, 3568K rodata, 1384K init, 1732K bss, 1612388K reserved, 0K cma-reserved)
[    0.785459] kernel: SLUB: HWalign=64, Order=0-3, MinObjects=0, CPUs=2, Nodes=1
[    0.788420] kernel: rcu: Hierarchical RCU implementation.
[    0.788422] kernel: rcu:         RCU event tracing is enabled.
[    0.788423] kernel: rcu:         RCU restricting CPUs from NR_CPUS=64 to nr_cpu_ids=2.
[    0.788426] kernel: rcu: RCU calculated value of scheduler-enlistment delay is 100 jiffies.
[    0.788427] kernel: rcu: Adjusting geometry for rcu_fanout_leaf=16, nr_cpu_ids=2
[    0.791101] kernel: NR_IRQS: 4352, nr_irqs: 440, preallocated irqs: 16
[    0.791322] kernel: random: get_random_bytes called from start_kernel+0x4b1/0x67a with crng_init=0
[    0.808334] kernel: Console: colour VGA+ 80x25
[    0.808383] kernel: printk: console [ttyS0] enabled
[    0.808417] kernel: ACPI: Core revision 20210730
[    0.808585] kernel: clocksource: hpet: mask: 0xffffffff max_cycles: 0xffffffff, max_idle_ns: 19112604467 ns
[    0.808676] kernel: APIC: Switch to symmetric I/O mode setup
[    0.808679] kernel: kvm-guest: setup PV IPIs
[    0.809563] kernel: ..TIMER: vector=0x30 apic1=0 pin1=2 apic2=-1 pin2=-1
[    0.809584] kernel: clocksource: tsc-early: mask: 0xffffffffffffffff max_cycles: 0x2563bf907c6, max_idle_ns: 440795319401 ns
[    0.809592] kernel: Calibrating delay loop (skipped) preset value.. 5187.81 BogoMIPS (lpj=2593906)
[    0.809595] kernel: pid_max: default: 32768 minimum: 301
[    0.809633] kernel: LSM: Security Framework initializing
[    0.809647] kernel: SELinux:  Initializing.
[    0.810671] kernel: Mount-cache hash table entries: 32768 (order: 6, 262144 bytes, linear)
[    0.811176] kernel: Mountpoint-cache hash table entries: 32768 (order: 6, 262144 bytes, linear)
[    0.811652] kernel: x86/cpu: User Mode Instruction Prevention (UMIP) activated
[    0.811738] kernel: Last level iTLB entries: 4KB 0, 2MB 0, 4MB 0
[    0.811739] kernel: Last level dTLB entries: 4KB 0, 2MB 0, 4MB 0, 1GB 0
[    0.811749] kernel: Spectre V1 : Mitigation: usercopy/swapgs barriers and __user pointer sanitization
[    0.811753] kernel: Spectre V2 : Mitigation: Enhanced IBRS
[    0.811754] kernel: Spectre V2 : Spectre v2 / SpectreRSB mitigation: Filling RSB on context switch
[    0.811756] kernel: Spectre V2 : mitigation: Enabling conditional Indirect Branch Prediction Barrier
[    0.811757] kernel: Speculative Store Bypass: Mitigation: Speculative Store Bypass disabled via prctl and seccomp
[    0.811758] kernel: TAA: Mitigation: TSX disabled
[    0.817903] kernel: Freeing SMP alternatives memory: 40K
[    0.818075] kernel: smpboot: CPU0: Intel(R) Xeon(R) Gold 6348 CPU @ 2.60GHz (family: 0x6, model: 0x6a, stepping: 0x6)
[    0.818215] kernel: Performance Events: Icelake events, 32-deep LBR, full-width counters, Intel PMU driver.
[    0.818642] kernel: ... version:                2
[    0.818643] kernel: ... bit width:              48
[    0.818644] kernel: ... generic registers:      8
[    0.818645] kernel: ... value mask:             0000ffffffffffff
[    0.818647] kernel: ... max periods_irq 0 global_irq 2 dfl dfl)
[    0.688006] kernel: ACPI: INT_SRC_OVR (bus 0 bus_irq 5 global_irq 5 high level)
[    0.688008] kernel: ACPI: INT_SRC_OVR (bus 0 bus_irq 9 global_irq 9 high level)
[    0.688009] kernel: ACPI: INT_SRC_OVR (bus 0 bus_irq 10 global_irq 10 high level)
[    0.688010] kernel: ACPI: INT_SRC_OVR (bus 0 bus_irq 11 global_irq 11 high level)
[    0.688013] kernel: ACPI: Using ACPI (MADT) for SMP configuration information
[    0.688014] kernel: ACPI: HPET id: 0x8086a201 base: 0xfed00000
[    0.688018] kernel: TSC deadline timer available
[    0.688019] kernel: smpboot: Allowing 2 CPUs, 0 hotplug CPUs
[    0.688044] kernel: kvm-guest: KVM setup pv remote TLB flush
[    0.688048] kernel: kvm-guest: setup PV sched yield
[    0.688058] kernel: PM: hibernation: Registered nosave memory: [mem 0x00000000-0x00000fff]
[    0.688060] kernel: PM: hibernation: Registered nosave memory: [mem 0x0009f000-0x0009ffff]
[    0.688060] kernel: PM: hibernation: Registered nosave memory: [mem 0x000a0000-0x000effff]
[    0.688061] kernel: PM: hibernation: Registered nosave memory: [mem 0x000f0000-0x000fffff]
[    0.688062] kernel: PM: hibernation: Registered nosave memory: [mem 0xbffe0000-0xbfffffff]
[    0.688063] kernel: PM: hibernation: Registered nosave memory: [mem 0xc0000000-0xfeffbfff]
[    0.688063] kernel: PM: hibernation: Registered nosave memory: [mem 0xfeffc000-0xfeffffff]
[    0.688064] kernel: PM: hibernation: Registered nosave memory: [mem 0xff000000-0xfffbffff]
[    0.688065] kernel: PM: hibernation: Registered nosave memory: [mem 0xfffc0000-0xffffffff]
[    0.688067] kernel: [mem 0xc0000000-0xfeffbfff] available for PCI devices
[    0.688068] kernel: Booting paravirtualized kernel on KVM
[    0.688071] kernel: clocksource: refined-jiffies: mask: 0xffffffff max_cycles: 0xffffffff, max_idle_ns: 1910969940391419 ns
[    0.707746] kernel: setup_percpu: NR_CPUS:64 nr_cpumask_bits:64 nr_cpu_ids:2 nr_node_ids:1
[    0.708520] kernel: percpu: Embedded 56 pages/cpu s191576 r8192 d29608 u1048576
[    0.708527] kernel: pcpu-alloc: s191576 r8192 d29608 u1048576 alloc=1*2097152
[    0.708530] kernel: pcpu-alloc: [0] 0 1 
[    0.708556] kernel: kvm-guest: setup async PF for cpu 0
[    0.708562] kernel: kvm-guest: stealtime: cpu 0, msr 26561f140
[    0.708568] kernel: Built 1 zonelists, mobility grouping on.  Total pages: 2580192
[    0.708569] kernel: Policy zone: Normal
[    0.708571] kernel: Kernel command line: root=/dev/sda console=ttyS0 net.ifnames=0 ip=192.168.0.35 quiet
[    0.714089] kernel: Dentry cache hash table entries: 2097152 (order: 12, 16777216 bytes, linear)
[    0.716803] kernel: Inode-cache hash table entries: 1048576 (order: 11, 8388608 bytes, linear)
[    0.716863] kernel: mem auto-init: stack:off, heap alloc:off, heap free:off
[    1.266456] kernel: Memory: 8872644K/10485240K available (14348K kernel code, 2403K rwdata, 3568K rodata, 1384K init, 1732K bss, 1612396K reserved, 0K cma-reserved)
[    1.266559] kernel: SLUB: HWalign=64, Order=0-3, MinObjects=0, CPUs=2, Nodes=1
[    1.267343] kernel: rcu: Hierarchical RCU implementation.
[    1.267345] kernel: rcu:         RCU event tracing is enabled.
[    1.267347] kernel: rcu:         RCU restricting CPUs from NR_CPUS=64 to nr_cpu_ids=2.
[    1.267351] kernel: rcu: RCU calculated value of scheduler-enlistment delay is 100 jiffies.
[    1.267353] kernel: rcu: Adjusting geometry for rcu_fanout_leaf=16, nr_cpu_ids=2
[    1.270091] kernel: NR_IRQS: 4352, nr_irqs: 440, preallocated irqs: 16
[    1.270317] kernel: random: get_random_bytes called from start_kernel+0x4b1/0x67a with crng_init=0
[    1.274470] kernel: Console: colour VGA+ 80x25
[    1.274561] kernel: printk: console [ttyS0] enabled
[    1.274583] kernel: ACPI: Core revision 20210730
[    1.274755] kernel: clocksource: hpet: mask: 0xffffffff max_cycles: 0xffffffff, max_idle_ns: 19112604467 ns
[    1.274882] kernel: APIC: Switch to symmetric I/O mode setup
[    1.274886] kernel: kvm-guest: setup PV IPIs
[    1.275791] kernel: ..TIMER: vector=0x30 apic1=0 pin1=2 apic2=-1 pin2=-1
[    1.275811] kernel: clocksource: tsc-early: mask: 0xffffffffffffffff max_cycles: 0x2563bf907c6, max_idle_ns: 440795319401 ns
[    1.275821] kernel: Calibrating delay loop (skipped) preset value.. 5187.81 BogoMIPS (lpj=2593906)
[    1.275824] kernel: pid_max: default: 32768 minimum: 301
[    1.275861] kernel: LSM: Security Framework initializing
[    1.276824] kernel: SELinux:  Initializing.
[    1.276923] kernel: Mount-cache hash table entries: 32768 (order: 6, 262144 bytes, linear)
[    1.277560] kernel: Mountpoint-cache hash table entries: 32768 (order: 6, 262144 bytes, linear)
[    1.278064] kernel: x86/cpu: User Mode Instruction Prevention (UMIP) activated
[    1.278159] kernel: Last level iTLB entries: 4KB 0, 2MB 0, 4MB 0
[    1.278160] kernel: Last level dTLB entries: 4KB 0, 2MB 0, 4MB 0, 1GB 0
[    1.278172] kernel: Spectre V1 : Mitigation: usercopy/swapgs barriers and __user pointer sanitization
[    1.278177] kernel: Spectre V2 : Mitigation: Enhanced IBRS
[    1.278178] kernel: Spectre V2 : Spectre v2 / SpectreRSB mitigation: Filling RSB on context switch
[    1.278180] kernel: Spectre V2 : mitigation: Enabling conditional Indirect Branch Prediction Barrier
[    1.278181] kernel: Speculative Store Bypass: Mitigation: Speculative Store Bypass disabled via prctl and seccomp
[    1.278182] kernel: TAA: Mitigation: TSX disabled
[    1.285085] kernel: Freeing SMP alternatives memory: 40K
[    1.285307] kernel: smpboot: CPU0: Intel(R) Xeon(R) Gold 6348 CPU @ 2.60GHz (family: 0x6, model: 0x6a, stepping: 0x6)
[    1.285452] kernel: Performance Events: Icelake events, 32-deep LBR, full-width counters, Intel PMU driver.
[    1.285559] kernel: ... version:                2
[    1.285561] kernel: ... bit width:              48
[    1.285562] kernel: ... generic registers:      8
[    1.285563] kernel: ... value mask:             0000ffffffffffff
[    1.285564] kernel: ... max period:             00007fffffffffff
[    1.285565] kernel: ... fixed-purpose events:   3
[    1.285566] kernel: ... event mask:             00000007000000ff
[    1.285891] kernel: rcu: Hierarchical SRCU implementation.
[    1.286272] kernel: smp: Bringing up secondary CPUs ...
[    1.286406] kernel: x86: Booting SMP configuration:
[    1.286407] kernel: .... node  #0, CPUs:      #1
[    0.005535] kernel: kvm-clock: cpu 1, msr 8f66e041, secondary cpu clock
[    0.005535] kernel: smpboot: CPU 1 Converting physical 0 to logical die 1
[    1.287859] kernel: kvm-guest: setup async PF for cpu 1
[    1.287869] kernel: kvm-guest: stealtime: cpu 1, msr 26571f140
[    1.287881] kernel: smp: Brought up 1 node, 2 CPUs
[    1.287881] kernel: smpboot: Max logical packages: 2
[    1.287881] kernel: smpboot: Total of 2 processors activated (10375.62 BogoMIPS)
[    1.288918] kernel: devtmpfs: initialized
[    1.289223] kernel: clocksource: jiffies: mask: 0xffffffff max_cycles: 0xffffffff, max_idle_ns: 1911260446275000 ns
[    1.289223] kernel: futex hash table entries: 512 (order: 3, 32768 bytes, linear)
[    1.289963] kernel: PM: RTC time: 09:51:43, date: 2023-03-07
[    1.290648] kernel: NET: Registered PF_NETLINK/PF_ROUTE protocol family
[    1.290855] kernel: audit: initializing netlink subsys (disabled)
[    1.291069] kernel: thermal_sys: Registered thermal governor 'step_wise'
[    1.291071] kernel: thermal_sys: Registered thermal governor 'user_space'
[    1.291105] kernel: audit: type=2000 audit(1678182704.544:1): state=initialized audit_enabled=0 res=1
[    1.291105] kernel: cpuidle: using governor menu
[    1.291105] kernel: ACPI: bus type PCI registered
[    1.291132] kernel: PCI: Using configuration type 1 for base access
[    1.297526] kernel: Kprobes globally optimized
[    1.297983] kernel: HugeTLB registered 2.00 MiB page size, pre-allocated 0 pages
[    1.297983] kernel: cryptomgr_test (26) used greatest stack depth: 31400 bytes left
[    1.298889] kernel: ACPI: Added _OSI(Module Device)
[    1.298889] kernel: ACPI: Added _OSI(Processor Device)
[    1.298889] kernel: ACPI: Added _OSI(3.0 _SCP Extensions)
[    1.298889] kernel: ACPI: Added _OSI(Processor Aggregator Device)
[    1.298889] kernel: ACPI: Added _OSI(Linux-Dell-Video)
[    1.298889] kernel: ACPI: Added _OSI(Linux-Lenovo-NV-HDMI-Audio)
[    1.298889] kernel: ACPI: Added _OSI(Linux-HPI-Hybrid-Graphics)
[    1.304705] kernel: ACPI: 1 ACPI AML tables successfully acquired and loaded
[    1.307252] kernel: ACPI: Interpreter enabled
[    1.307285] kernel: ACPI: PM: (supports S0 S3 S4 S5)
[    1.307286] kernel: ACPI: Using IOAPIC for interrupt routing
[    1.307320] kernel: PCI: Using host bridge windows from ACPI; if necessary, use "pci=nocrs" and report a bug
[    1.307694] kernel: ACPI: Enabled 2 GPEs in block 00 to 0F
[    1.317980] kernel: ACPI: PCI Root Bridge [PCI0] (domain 0000 [bus 00-ff])
[    1.317992] kernel: acpi PNP0A03:00: _OSC: OS supports [ASPM ClockPM Segments MSI HPX-Type3]
[    1.318038] kernel: acpi PNP0A03:00: fail to add MMCONFIG information, can't access extended PCI configuration space under this bridge.
[    1.318149] kernel: PCI host bridge to bus 0000:00
[    1.318153] kernel: pci_bus 0000:00: root bus resource [io  0x0000-0x0cf7 window]
[    1.318155] kernel: pci_bus 0000:00: root bus resource [io  0x0d00-0xffff window]
[    1.318157] kernel: pci_bus 0000:00: root bus resource [mem 0x000a0000-0x000bffff window]
[    1.318159] kernel: pci_bus 0000:00: root bus resource [mem 0xc0000000-0xfebfffff window]
[    1.318161] kernel: pci_bus 0000:00: root bus resource [mem 0x2c0000000-0x33fffffff window]
[    1.318164] kernel: pci_bus 0000:00: root bus resource [bus 00-ff]
[    1.318645] kernel: pci 0000:00:00.0: [8086:1237] type 00 class 0x060000
[    1.319568] kernel: pci 0000:00:01.0: [8086:7000] type 00 class 0x060100
[    1.320296] kernel: pci 0000:00:01.1: [8086:7010] type 00 class 0x010180
[    1.322473] kernel: pci 0000:00:01.1: reg 0x20: [io  0xc----- is restarting 0
---- dfs_name orangefs is_dfs_client 0
unlink FIFO failed: No such file or directory
[    0.000000] kernel: Linux version 5.15.0+ (tlyu@IC-RS3-DPC07) (gcc (Ubuntu 9.4.0-1ubuntu1~20.04.1) 9.4.0, GNU ld (GNU Binutils for Ubuntu) 2.34) #7 SMP Sat Feb 18 10:18:37 CET 2023
[    0.000000] kernel: Command line: root=/dev/sda console=ttyS0 net.ifnames=0 ip=192.168.0.37 quiet
[    0.000000] kernel: x86/fpu: Supporting XSAVE feature 0x001: 'x87 floating point registers'
[    0.000000] kernel: x86/fpu: Supporting XSAVE feature 0x002: 'SSE registers'
[    0.000000] kernel: x86/fpu: Supporting XSAVE feature 0x004: 'AVX registers'
[    0.000000] kernel: x86/fpu: Supporting XSAVE feature 0x020: 'AVX-512 opmask'
[    0.000000] kernel: x86/fpu: Supporting XSAVE feature 0x040: 'AVX-512 Hi256'
[    0.000000] kernel: x86/fpu: Supporting XSAVE feature 0x080: 'AVX-512 ZMM_Hi256'
[    0.000000] kernel: x86/fpu: Supporting XSAVE feature 0x200: 'Protection Keys User registers'
[    0.000000] kernel: x86/fpu: xstate_offset[2]:  576, xstate_sizes[2]:  256
[    0.000000] kernel: x86/fpu: xstate_040-0xc04f]
[    1.323271] kernel: pci 0000:00:01.1: legacy IDE quirk: reg 0x10: [io  0x01f0-0x01f7]
[    1.323274] kernel: pci 0000:00:01.1: legacy IDE quirk: reg 0x14: [io  0x03f6]
[    1.323275] kernel: pci 0000:00:01.1: legacy IDE quirk: reg 0x18: [io  0x0170-0x0177]
[    1.323276] kernel: pci 0000:00:01.1: legacy IDE quirk: reg 0x1c: [io  0x0376]
[    1.324099] kernel: pci 0000:00:01.3: [8086:7113] type 00 class 0x068000
[    1.324361] kernel: pci 0000:00:01.3: quirk: [io  0x0600-0x063f] claimed by PIIX4 ACPI
[    1.324367] kernel: pci 0000:00:01.3: quirk: [io  0x0700-0x070f] claimed by PIIX4 SMB
[    1.325117] kernel: pci 0000:00:02.0: [1234:1111] type 00 class 0x030000
[    1.326819] kernel: pci 0000:00:02.0: reg 0x10: [mem 0xfd000000-0xfdffffff pref]
[    1.328153] kernel: pci 0000:00:02.0: reg 0x18: [mem 0xfeb90000-0xfeb90fff]
[    1.331289] kernel: pci 0000:00:02.0: reg 0x30: [mem 0xfeb80000-0xfeb8ffff pref]
[    1.332252] kernel: pci 0000:00:03.0: [1af4:1005] type 00 class ----- is restarting 0
---- dfs_name orangefs is_dfs_client 1
before receiving handshake request
[    0.000000] kernel: Linux version 5.15.0+ (tlyu@IC-RS3-DPC07) (gcc (Ubuntu 9.4.0-1ubuntu1~20.04.1) 9.4.0, GNU ld (GNU Binutils for Ubuntu) 2.34) #7 SMP Sat Feb 18 10:18:37 CET 2023
[    0.000000] kernel: Command line: root=/dev/sda console=ttyS0 net.ifnames=0 ip=192.168.0.38 quiet
[    0.000000] kernel: x86/fpu: Supporting XSAVE feature 0x001: 'x87 floating point registers'
[    0.000000] kernel: x86/fpu: Supporting XSAVE feature 0x002: 'SSE registers'
[    0.000000] kernel: x86/fpu: Supporting XSAVE feature 0x004: 'AVX registers'
[    0.000000] kernel: x86/fpu: Supporting XSAVE feature 0x020: 'AVX-512 opmask'
[    0.000000] kernel: x86/fpu: Supporting XSAVE feature 0x040: 'AVX-512 Hi256'
[    0.000000] kernel: x86/fpu: Supporting XSAVE feature 0x080: 'AVX-512 ZMM_Hi256'
[    0.000000] kernel: x86/fpu: Supporting XSAVE feature 0x200: 'Protection Keys User registers'
[    0.000000] kernel: x86/fpu: xstate_offset[2]:  576, xstate_sizes[2]:  256
[    0.000000] kernel: x86/fpu: xstate_[D 01/16/2023 17:42:13] PVFS2 Server version 2.9.7-orangefs-REV-65ab0d2 starting.
[E 01/16/2023 17:43:19] PVFS2 server got signal 15 (server_status_flag: 2080767)
[D 02/18/2023 14:39:31] PVFS2 Server version 2.9.7-orangefs-REV-65ab0d2 starting.
[D 02/18/2023 14:47:30] PVFS2 received server: signal 1
[E 02/18/2023 14:47:30] PVFS2 server got signal 15 (server_status_flag: 2080767)
req.flags ea2
0x00ff00
[    1.332818] kernel: pci 0000:00:03.0: reg 0x10: [io  0xc000-0xc01f]
[    1.336155] kernel: pci 0000:00:03.0: reg 0x20: [mem 0xfe200000-0xfe203fff 64bit pref]
[    1.337769] kernel: pci 0000:00:04.0: [1af4:1000] type 00 class 0x020000
[    1.338638] kernel: pci 0000:00:04.0: reg 0x10: [io  0xc020-0xc03f]
[    1.339228] kernel: pci 0000:00:04.0: reg 0x14: [mem 0xfeb91000-0xfeb91fff]
[    1.341229] kernel: pci 0000:00:04.0: reg 0x20: [mem 0xfe204000-0xfe207fff 64bit pref]
[    1.341817] kernel: pci 0000:00:04.0: reg 0x30: [mem 0xfeb00000-0xfeb7ffff pref]
[    1.342873] kernel: pci 0000:00:10.0: [1af4:1110] type 00 class 0x050000
[    1.343819] kernel: pci 0000:00:10.0: reg 0x10: [mem 0xfeb92000-0xfeb920ff]
[    1.346226] kernel: pci 0000:00:10.0: reg 0x18: [mem 0xfe000000-0xfe0fffff 64bit pref]
[    1.349023] kernel: pci 0000:00:11.0: [1af4:1110] type 00 class 0x050000
[    1.349524] kernel: pci 0000:00:11.0: reg 0x10: [mem 0xfeb93000-0xfeb930ff]
[    1.350275] kernel: pci 00[D 01/16/2023 17:42:13] PVFS2 Server version 2.9.7-orangefs-REV-65ab0d2 starting.
[E 01/16/2023 17:43:19] PVFS2 server got signal 15 (server_status_flag: 2080767)
[D 02/18/2023 14:39:31] PVFS2 Server version 2.9.7-orangefs-REV-65ab0d2 starting.
[D 02/18/2023 14:47:30] PVFS2 received server: signal 1
[E 02/18/2023 14:47:30] PVFS2 server got signal 15 (server_status_flag: 2080767)
offset[5]:  832, xstate_sizes[5]:   64
[    0.000000] kernel: x86/fpu: xstate_offset[6]:  896, xstate_sizes[6]:  512
[    0.000000] kernel: x86/fpu: xstate_offset[7]: 1408, xstate_sizes[7]: 1024
[    0.000000] kernel: x86/fpu: xstate_offset[9]: 2432, xstate_sizes[9]:    8
[    0.000000] kernel: x86/fpu: Enabled xstate features 0x2e7, context size is 2440 bytes, using 'compacted' format.
[    0.000000] kernel: signal: max sigframe size: 3632
[    0.000000] kernel: BIOS-provided physical RAM map:
[    0.000000] kernel: BIOS-e820: [mem 0x0000000000000000-0x000000000009fbff] usable
[    0.000000] kernel: BIOS-e820: [mem 0x000000000009fc00-0x000000000009ffff] reserved
[    0.000000] kernel: BIOS-e820: [mem 0x00000000000f0000-0x00000000000fffff] reserved
[    0.000000] kernel: BIOS-e820: [mem 0x0000000000100000-0x00000000bffdffff] usable
[    0.000000] kernel: BIOS-e820: [mem 0x00000000bffe0000-0x00000000bfffffff] reserved
[    0.000000] kernel: BIOS-e820: [mem 0x00000000feffc000-0x00000000executor 2 finishes userspace_cover_open
before receiving handshake request
req.flags ea2
offset[5]:  832, xstate_sizes[5]:   64
[    0.000000] kernel: x86/fpu: xstate_offset[6]:  896, xstate_sizes[6]:  512
[    0.000000] kernel: x86/fpu: xstate_offset[7]: 1408, xstate_sizes[7]: 1024
[    0.000000] kernel: x86/fpu: xstate_offset[9]: 2432, xstate_sizes[9]:    8
[    0.000000] kernel: x86/fpu: Enabled xstate features 0x2e7, context size is 2440 bytes, using 'compacted' format.
[    0.000000] kernel: signal: max sigframe size: 3632
[    0.000000] kernel: BIOS-provided physical RAM map:
[    0.000000] kernel: BIOS-e820: [mem 0x0000000000000000-0x000000000009fbff] usable
[    0.000000] kernel: BIOS-e820: [mem 0x000000000009fc00-0x000000000009ffff] reserved
[    0.000000] kernel: BIOS-e820: [mem 0x00000000000f0000-0x00000000000fffff] reserved
[    0.000000] kernel: BIOS-e820: [mem 0x0000000000100000-0x00000000bffdffff] usable
[    0.000000] kernel: BIOS-e820: [mem 0x00000000bffe0000-0x00000000bfffffff] reserved
[    0.000000] kernel: BIOS-e820: [mem 0x00000000feffc000-0x0000000000:00:11.0: reg 0x18: [mem 0xfe208000-0xfe2083ff 64bit pref]
[    1.352313] kernel: pci 0000:00:12.0: [1af4:1110] type 00 class 0x050000
[    1.352819] kernel: pci 0000:00:12.0: reg 0x10: [mem 0xfeb94000-0xfeb940ff]
[    1.354165] kernel: pci 0000:00:12.0: reg 0x18: [mem 0xfe100000-0xfe1fffff 64bit pref]
[    1.357753] kernel: ACPI: PCI: Interrupt link LNKA configured for IRQ 10
[    1.358099] kernel: ACPI: PCI: Interrupt link LNKB configured for IRQ 10
[    1.358407] kernel: ACPI: PCI: Interrupt link LNKC configured for IRQ 11
[    1.358715] kernel: ACPI: PCI: Interrupt link LNKD configured for IRQ 11
[    1.358839] kernel: ACPI: PCI: Interrupt link LNKS configured for IRQ 9
[    1.359433] kernel: iommu: Default domain type: Translated 
[    1.359435] kernel: iommu: DMA domain TLB invalidation policy: lazy mode 
[    1.359467] kernel: pci 0000:00:02.0: vgaarb: setting as boot VGA device
[    1.359467] kernel: pci 0000:00:02.0: vgaarb: VGA device added: decodes=io+mem,owns=io+mem,lockfeffffff] reserved
[    0.000000] kernel: BIOS-e820: [mem 0x00000000fffc0000-0x00000000ffffffff] reserved
[    0.000000] kernel: BIOS-e820: [mem 0x0000000100000000-0x00000002bfffffff] usable
[    0.000000] kernel: NX (Execute Disable) protection: active
[    0.000000] kernel: SMBIOS 2.8 present.
[    0.000000] kernel: DMI: QEMU Standard PC (i440FX + PIIX, 1996), BIOS 1.13.0-1ubuntu1.1 04/01/2014
[    0.000000] kernel: Hypervisor detected: KVM
[    0.000000] kernel: kvm-clock: Using msrs 4b564d01 and 4b564d00
[    0.000000] kernel: kvm-clock: cpu 0, msr 22426e001, primary cpu clock
[    0.000001] kernel: kvm-clock: using sched offset of 339145760 cycles
[    0.000003] kernel: clocksource: kvm-clock: mask: 0xffffffffffffffff max_cycles: 0x1cd42e4dffb, max_idle_ns: 881590591483 ns
[    0.000005] kernel: tsc: Detected 2593.906 MHz processor
[    0.000417] kernel: e820: update [mem 0x00000000-0x00000fff] usable ==> reserved
[    0.000419] kernel: e820: remove [mem 0x000a0000-0x000fffff] uss=none
[    1.359467] kernel: pci 0000:00:02.0: vgaarb: bridge control possible
[    1.359467] kernel: vgaarb: loaded
[    1.359467] kernel: SCSI subsystem initialized
[    1.359839] kernel: libata version 3.00 loaded.
[    1.359902] kernel: ACPI: bus type USB registered
[    1.359942] kernel: usbcore: registered new interface driver usbfs
[    1.359961] kernel: usbcore: registered new interface driver hub
[    1.359973] kernel: usbcore: registered new device driver usb
[    1.360010] kernel: pps_core: LinuxPPS API ver. 1 registered
[    1.360011] kernel: pps_core: Software ver. 5.3.6 - Copyright 2005-2007 Rodolfo Giometti <giometti@linux.it>
[    1.360022] kernel: PTP clock support registered
[    1.360064] kernel: Advanced Linux Sound Architecture Driver Initialized.
[    1.360181] kernel: NetLabel: Initializing
[    1.360182] kernel: NetLabel:  domain hash size = 128
[    1.360183] kernel: NetLabel:  protocols = UNLABELED CIPSOv4 CALIPSO
[    1.360214] kernel: NetLabel:  unlabeled able
[    0.000422] kernel: last_pfn = 0x2c0000 max_arch_pfn = 0x10000000000
[    0.000470] kernel: x86/PAT: Configuration [0-7]: WB  WC  UC- UC  WB  WP  UC- WT  
[    0.000475] kernel: last_pfn = 0xbffe0 max_arch_pfn = 0x10000000000
[    0.004637] kernel: found SMP MP-table at [mem 0x000f5c80-0x000f5c8f]
[    0.004660] kernel: Using GB pages for direct mapping
[    0.004770] kernel: ACPI: Early table checksum verification disabled
[    0.004774] kernel: ACPI: RSDP 0x00000000000F5A50 000014 (v00 BOCHS )
[    0.004781] kernel: ACPI: RSDT 0x00000000BFFE15C9 000030 (v01 BOCHS  BXPCRSDT 00000001 BXPC 00000001)
[    0.004786] kernel: ACPI: FACP 0x00000000BFFE149D 000074 (v01 BOCHS  BXPCFACP 00000001 BXPC 00000001)
[    0.004791] kernel: ACPI: DSDT 0x00000000BFFE0040 00145D (v01 BOCHS  BXPCDSDT 00000001 BXPC 00000001)
[    0.004794] kernel: ACPI: FACS 0x00000000BFFE0000 000040
[    0.004796] kernel: ACPI: APIC 0x00000000BFFE1511 000080 (v01 BOCHS  BXPCAPIC 00000001 BXPC 00000001)
[    0.004traffic allowed by default
[    1.360243] kernel: PCI: Using ACPI for IRQ routing
[    1.360243] kernel: PCI: pci_cache_line_size set to 64 bytes
[    1.360243] kernel: e820: reserve RAM buffer [mem 0x0009fc00-0x0009ffff]
[    1.360243] kernel: e820: reserve RAM buffer [mem 0xbffe0000-0xbfffffff]
[    1.360243] kernel: hpet0: at MMIO 0xfed00000, IRQs 2, 8, 0
[    1.360243] kernel: hpet0: 3 comparators, 64-bit 100.000000 MHz counter
[    1.362888] kernel: clocksource: Switched to clocksource kvm-clock
[    1.394881] kernel: VFS: Disk quotas dquot_6.6.0
[    1.394901] kernel: VFS: Dquot-cache hash table entries: 512 (order 0, 4096 bytes)
[    1.395025] kernel: pnp: PnP ACPI init
[    1.395340] kernel: pnp 00:03: [dma 2]
[    1.396327] kernel: pnp: PnP ACPI: found 6 devices
[    1.405321] kernel: clocksource: acpi_pm: mask: 0xffffff max_cycles: 0xffffff, max_idle_ns: 2085701024 ns
[    1.405390] kernel: NET: Registered PF_INET protocol family
[    1.406183] kernel: IP idents hash table e798] kernel: ACPI: HPET 0x00000000BFFE1591 000038 (v01 BOCHS  BXPCHPET 00000001 BXPC 00000001)
[    0.004800] kernel: ACPI: Reserving FACP table memory at [mem 0xbffe149d-0xbffe1510]
[    0.004801] kernel: ACPI: Reserving DSDT table memory at [mem 0xbffe0040-0xbffe149c]
[    0.004802] kernel: ACPI: Reserving FACS table memory at [mem 0xbffe0000-0xbffe003f]
[    0.004802] kernel: ACPI: Reserving APIC table memory at [mem 0xbffe1511-0xbffe1590]
[    0.004803] kernel: ACPI: Reserving HPET table memory at [mem 0xbffe1591-0xbffe15c8]
[    0.005048] kernel: No NUMA configuration found
[    0.005049] kernel: Faking a node at [mem 0x0000000000000000-0x00000002bfffffff]
[    0.005051] kernel: NODE_DATA(0) allocated [mem 0x2bfffc000-0x2bfffffff]
[    0.005757] kernel: Zone ranges:
[    0.005759] kernel:   DMA      [mem 0x0000000000001000-0x0000000000ffffff]
[    0.005760] kernel:   DMA32    [mem 0x0000000001000000-0x00000000ffffffff]
[    0.005762] kernel:   Normal   [mem 0x0000000100000000-0x0ntries: 262144 (order: 9, 2097152 bytes, linear)
[    1.424515] kernel: tcp_listen_portaddr_hash hash table entries: 8192 (order: 5, 131072 bytes, linear)
[    1.425059] kernel: TCP established hash table entries: 131072 (order: 8, 1048576 bytes, linear)
[    1.425225] kernel: TCP bind hash table entries: 65536 (order: 8, 1048576 bytes, linear)
[    1.439652] kernel: TCP: Hash tables configured (established 131072 bind 65536)
[    1.439782] kernel: UDP hash table entries: 8192 (order: 6, 262144 bytes, linear)
[    1.439853] kernel: UDP-Lite hash table entries: 8192 (order: 6, 262144 bytes, linear)
[    1.440004] kernel: NET: Registered PF_UNIX/PF_LOCAL protocol family
[    1.469061] kernel: pci_bus 0000:00: resource 4 [io  0x0000-0x0cf7 window]
[    1.469069] kernel: pci_bus 0000:00: resource 5 [io  0x0d00-0xffff window]
[    1.469071] kernel: pci_bus 0000:00: resource 6 [mem 0x000a0000-0x000bffff window]
[    1.469072] kernel: pci_bus 0000:00: resource 7 [mem 0xc0000000-0xfebfffff wifeffffff] reserved
[    0.000000] kernel: BIOS-e820: [mem 0x00000000fffc0000-0x00000000ffffffff] reserved
[    0.000000] kernel: BIOS-e820: [mem 0x0000000100000000-0x00000002bfffffff] usable
[    0.000000] kernel: NX (Execute Disable) protection: active
[    0.000000] kernel: SMBIOS 2.8 present.
[    0.000000] kernel: DMI: QEMU Standard PC (i440FX + PIIX, 1996), BIOS 1.13.0-1ubuntu1.1 04/01/2014
[    0.000000] kernel: Hypervisor detected: KVM
[    0.000000] kernel: kvm-clock: Using msrs 4b564d01 and 4b564d00
[    0.000000] kernel: kvm-clock: cpu 0, msr b186e001, primary cpu clock
[    0.000001] kernel: kvm-clock: using sched offset of 454362939 cycles
[    0.000002] kernel: clocksource: kvm-clock: mask: 0xffffffffffffffff max_cycles: 0x1cd42e4dffb, max_idle_ns: 881590591483 ns
[    0.000004] kernel: tsc: Detected 2593.906 MHz processor
[    0.000410] kernel: e820: update [mem 0x00000000-0x00000fff] usable ==> reserved
[    0.000412] kernel: e820: remove [mem 0x000a0000-0x000fffff] usa0000002bfffffff]
[    0.005763] kernel: Movable zone start for each node
[    0.005763] kernel: Early memory node ranges
[    0.005764] kernel:   node   0: [mem 0x0000000000001000-0x000000000009efff]
[    0.005765] kernel:   node   0: [mem 0x0000000000100000-0x00000000bffdffff]
[    0.005766] kernel:   node   0: [mem 0x0000000100000000-0x00000002bfffffff]
[    0.005767] kernel: Initmem setup node 0 [mem 0x0000000000001000-0x00000002bfffffff]
[    0.008595] kernel: On node 0, zone DMA: 1 pages in unavailable ranges
[    0.008608] kernel: On node 0, zone DMA: 97 pages in unavailable ranges
[    0.062282] kernel: On node 0, zone Normal: 32 pages in unavailable ranges
[    0.567011] kernel: kasan: KernelAddressSanitizer initialized
[    0.567377] kernel: ACPI: PM-Timer IO Port: 0x608
[    0.567386] kernel: ACPI: LAPIC_NMI (acpi_id[0xff] dfl dfl lint[0x1])
[    0.567436] kernel: IOAPIC[0]: apic_id 0, version 17, address 0xfec00000, GSI 0-23
[    0.567439] kernel: ACPI: INT_SRC_OVR (bus 0 bble
[    0.000415] kernel: last_pfn = 0x2c0000 max_arch_pfn = 0x10000000000
[    0.000462] kernel: x86/PAT: Configuration [0-7]: WB  WC  UC- UC  WB  WP  UC- WT  
[    0.000467] kernel: last_pfn = 0xbffe0 max_arch_pfn = 0x10000000000
[    0.004634] kernel: found SMP MP-table at [mem 0x000f5c80-0x000f5c8f]
[    0.004654] kernel: Using GB pages for direct mapping
[    0.005305] kernel: ACPI: Early table checksum verification disabled
[    0.005310] kernel: ACPI: RSDP 0x00000000000F5A50 000014 (v00 BOCHS )
[    0.005316] kernel: ACPI: RSDT 0x00000000BFFE15C9 000030 (v01 BOCHS  BXPCRSDT 00000001 BXPC 00000001)
[    0.005322] kernel: ACPI: FACP 0x00000000BFFE149D 000074 (v01 BOCHS  BXPCFACP 00000001 BXPC 00000001)
[    0.005327] kernel: ACPI: DSDT 0x00000000BFFE0040 00145D (v01 BOCHS  BXPCDSDT 00000001 BXPC 00000001)
[    0.005329] kernel: ACPI: FACS 0x00000000BFFE0000 000040
[    0.005332] kernel: ACPI: APIC 0x00000000BFFE1511 000080 (v01 BOCHS  BXPCAPIC 00000001 BXPC 00000001)
[    0.0053ndow]
[    1.469073] kernel: pci_bus 0000:00: resource 8 [mem 0x2c0000000-0x33fffffff window]
[    1.469204] kernel: pci 0000:00:01.0: PIIX3: Enabling Passive Release
[    1.469214] kernel: pci 0000:00:00.0: Limiting direct PCI/PCI transfers
[    1.469223] kernel: pci 0000:00:01.0: Activating ISA DMA hang workarounds
[    1.469259] kernel: pci 0000:00:02.0: Video device with shadowed ROM at [mem 0x000c0000-0x000dffff]
[    1.469294] kernel: PCI: CLS 0 bytes, default 64
[    1.469451] kernel: PCI-DMA: Using software bounce buffering for IO (SWIOTLB)
[    1.469453] kernel: software IO TLB: mapped [mem 0x00000000bbfe0000-0x00000000bffe0000] (64MB)
[    1.469560] kernel: RAPL PMU: API unit is 2^-32 Joules, 0 fixed counters, 10737418240 ms ovfl timer
[    1.469579] kernel: clocksource: tsc: mask: 0xffffffffffffffff max_cycles: 0x2563bf907c6, max_idle_ns: 440795319401 ns
[    1.469633] kernel: clocksource: Switched to clocksource tsc
[    1.472594] kernel: Initialise system trusted keyringsus_irq 0 global_irq 2 dfl dfl)
[    0.567441] kernel: ACPI: INT_SRC_OVR (bus 0 bus_irq 5 global_irq 5 high level)
[    0.567443] kernel: ACPI: INT_SRC_OVR (bus 0 bus_irq 9 global_irq 9 high level)
[    0.567444] kernel: ACPI: INT_SRC_OVR (bus 0 bus_irq 10 global_irq 10 high level)
[    0.567446] kernel: ACPI: INT_SRC_OVR (bus 0 bus_irq 11 global_irq 11 high level)
[    0.567448] kernel: ACPI: Using ACPI (MADT) for SMP configuration information
[    0.567450] kernel: ACPI: HPET id: 0x8086a201 base: 0xfed00000
[    0.567454] kernel: TSC deadline timer available
[    0.567456] kernel: smpboot: Allowing 2 CPUs, 0 hotplug CPUs
[    0.567484] kernel: kvm-guest: KVM setup pv remote TLB flush
[    0.567489] kernel: kvm-guest: setup PV sched yield
[    0.567499] kernel: PM: hibernation: Registered nosave memory: [mem 0x00000000-0x00000fff]
[    0.567501] kernel: PM: hibernation: Registered nosave memory: [mem 0x0009f000-0x0009ffff]
[    0.567502] kernel: PM: hibernation: Registered nosave memo
[    1.474550] kernel: workingset: timestamp_bits=56 max_order=22 bucket_order=0
[    1.479662] kernel: fuse: init (API version 7.34)
[    1.479969] kernel: orangefs_debugfs_init: called with debug mask: :none: :0:
[    1.480046] kernel: orangefs_init: module version upstream loaded
[    1.527327] kernel: Key type asymmetric registered
[    1.527334] kernel: Asymmetric key parser 'x509' registered
[    1.527462] kernel: Block layer SCSI generic (bsg) driver version 0.4 loaded (major 250)
[    1.527464] kernel: io scheduler mq-deadline registered
[    1.527466] kernel: io scheduler kyber registered
[    1.527902] kernel: input: Power Button as /devices/LNXSYSTM:00/LNXPWRBN:00/input/input0
[    1.527999] kernel: ACPI: button: Power Button [PWRF]
[    1.831850] kernel: ACPI: \_SB_.LNKC: Enabled at IRQ 11
[    2.131180] kernel: ACPI: \_SB_.LNKD: Enabled at IRQ 10
[    2.132592] kernel: Serial: 8250/16550 driver, 4 ports, IRQ sharing enabled
[    2.132698] kernel: 00:05: ttyS0 at I/O 0x3fry: [mem 0x000a0000-0x000effff]
[    0.567502] kernel: PM: hibernation: Registered nosave memory: [mem 0x000f0000-0x000fffff]
[    0.567503] kernel: PM: hibernation: Registered nosave memory: [mem 0xbffe0000-0xbfffffff]
[    0.567504] kernel: PM: hibernation: Registered nosave memory: [mem 0xc0000000-0xfeffbfff]
[    0.567504] kernel: PM: hibernation: Registered nosave memory: [mem 0xfeffc000-0xfeffffff]
[    0.567505] kernel: PM: hibernation: Registered nosave memory: [mem 0xff000000-0xfffbffff]
[    0.567505] kernel: PM: hibernation: Registered nosave memory: [mem 0xfffc0000-0xffffffff]
[    0.567507] kernel: [mem 0xc0000000-0xfeffbfff] available for PCI devices
[    0.567508] kernel: Booting paravirtualized kernel on KVM
[    0.567512] kernel: clocksource: refined-jiffies: mask: 0xffffffff max_cycles: 0xffffffff, max_idle_ns: 1910969940391419 ns
[    0.571684] kernel: setup_percpu: NR_CPUS:64 nr_cpumask_bits:64 nr_cpu_ids:2 nr_node_ids:1
[    0.572587] kernel: percpu: Embedded 56 p8 (irq = 4, base_baud = 115200) is a 16550A
[    2.133790] kernel: Non-volatile memory driver v1.3
[    2.133841] kernel: Linux agpgart interface v0.103
[    2.137626] kernel: loop: module loaded
[    2.137821] kernel: ata_piix 0000:00:01.1: version 2.13
[    2.149778] kernel: scsi host0: ata_piix
[    2.150093] kernel: scsi host1: ata_piix
[    2.150170] kernel: ata1: PATA max MWDMA2 cmd 0x1f0 ctl 0x3f6 bmdma 0xc040 irq 14
[    2.150172] kernel: ata2: PATA max MWDMA2 cmd 0x170 ctl 0x376 bmdma 0xc048 irq 15
[    2.150458] kernel: libphy: Fixed MDIO Bus: probed
[    2.157444] kernel: e100: Intel(R) PRO/100 Network Driver
[    2.157447] kernel: e100: Copyright(c) 1999-2006 Intel Corporation
[    2.157459] kernel: e1000: Intel(R) PRO/1000 Network Driver
[    2.157460] kernel: e1000: Copyright (c) 1999-2006 Intel Corporation.
[    2.157484] kernel: e1000e: Intel(R) PRO/1000 Network Driver
[    2.157485] kernel: e1000e: Copyright(c) 1999 - 2015 Intel Corporation.
[    2.157502] kernel: skyages/cpu s191576 r8192 d29608 u1048576
[    0.572595] kernel: pcpu-alloc: s191576 r8192 d29608 u1048576 alloc=1*2097152
[    0.572599] kernel: pcpu-alloc: [0] 0 1 
[    0.572629] kernel: kvm-guest: setup async PF for cpu 0
[    0.572636] kernel: kvm-guest: stealtime: cpu 0, msr 26561f140
[    0.572642] kernel: Built 1 zonelists, mobility grouping on.  Total pages: 2580192
[    0.572643] kernel: Policy zone: Normal
[    0.572646] kernel: Kernel command line: root=/dev/sda console=ttyS0 net.ifnames=0 ip=192.168.0.38 quiet
[    0.579199] kernel: Dentry cache hash table entries: 2097152 (order: 12, 16777216 bytes, linear)
[    0.582590] kernel: Inode-cache hash table entries: 1048576 (order: 11, 8388608 bytes, linear)
[    0.582655] kernel: mem auto-init: stack:off, heap alloc:off, heap free:off
[    0.920654] kernel: Memory: 8872652K/10485240K available (14348K kernel code, 2403K rwdata, 3568K rodata, 1384K init, 1732K bss, 1612388K reserved, 0K cma-reserved)
[    0.920748] kernel: SLUB: HWalign=64, Order=0-3, MinObjects=0, CPUs=2, Nodes=1
[    0.921403] kernel: rcu: Hierarchical RCU implementation.
[    0.921404] kernel: rcu:         RCU event tracing is enabled.
[    0.921405] kernel: rcu:         RCU restricting CPUs from NR_CPUS=64 to nr_cpu_ids=2.
[    0.921407] kernel: rcu: RCU calculated value of scheduler-enlistment delay is 100 jiffies.
[    0.921409] kernel: rcu: Adjusting geometry for rcu_fanout_leaf=16, nr_cpu_ids=2
[    0.924091] kernel: NR_IRQS: 4352, nr_irqs: 440, preallocated irqs: 16
[    0.924303] kernel: random: get_random_bytes called from start_kernel+0x4b1/0x67a with crng_init=0
[    0.928180] kernel: Console: colour VGA+ 80x25
[    0.928220] kernel: printk: console [ttyS0] enabled
[    0.940246] kernel: ACPI: Core revision 20210730
[    0.949272] kernel: clocksource: hpet: mask: 0xffffffff max_cycles: 0xffffffff, max_idle_ns: 19112604467 ns
[    0.949368] kernel: APIC: Switch to symmetric I/O mode setup
[    0.949372] kernel: kvm-guest: setup P2: driver version 1.30
[    2.157752] kernel: ehci_hcd: USB 2.0 'Enhanced' Host Controller (EHCI) Driver
[    2.157756] kernel: ehci-pci: EHCI PCI platform driver
[    2.157786] kernel: ohci_hcd: USB 1.1 'Open' Host Controller (OHCI) Driver
[    2.157799] kernel: ohci-pci: OHCI PCI platform driver
[    2.157811] kernel: uhci_hcd: USB Universal Host Controller Interface driver
[    2.157980] kernel: usbcore: registered new interface driver usblp
[    2.157995] kernel: usbcore: registered new interface driver usb-storage
[    2.158049] kernel: i8042: PNP: PS/2 Controller [PNP0303:KBD,PNP0f13:MOU] at 0x60,0x64 irq 1,12
[    2.158609] kernel: serio: i8042 KBD port at 0x60,0x64 irq 1
[    2.158616] kernel: serio: i8042 AUX port at 0x60,0x64 irq 12
[    2.159028] kernel: input: AT Translated Set 2 keyboard as /devices/platform/i8042/serio0/input/input1
[    2.159289] kernel: rtc_cmos 00:00: RTC can wake from S4
[    2.160111] kernel: rtc_cmos 00:00: registered as rtc0
[    2.160145] kernel:V IPIs
[    0.950224] kernel: ..TIMER: vector=0x30 apic1=0 pin1=2 apic2=-1 pin2=-1
[    0.950244] kernel: clocksource: tsc-early: mask: 0xffffffffffffffff max_cycles: 0x2563bf907c6, max_idle_ns: 440795319401 ns
[    0.950252] kernel: Calibrating delay loop (skipped) preset value.. 5187.81 BogoMIPS (lpj=2593906)
[    0.950254] kernel: pid_max: default: 32768 minimum: 301
[    0.950292] kernel: LSM: Security Framework initializing
[    0.950306] kernel: SELinux:  Initializing.
[    0.951286] kernel: Mount-cache hash table entries: 32768 (order: 6, 262144 bytes, linear)
[    0.951828] kernel: Mountpoint-cache hash table entries: 32768 (order: 6, 262144 bytes, linear)
[    0.952261] kernel: x86/cpu: User Mode Instruction Prevention (UMIP) activated
[    0.952345] kernel: Last level iTLB entries: 4KB 0, 2MB 0, 4MB 0
[    0.952346] kernel: Last level dTLB entries: 4KB 0, 2MB 0, 4MB 0, 1GB 0
[    0.952357] kernel: Spectre V1 : Mitigation: usercopy/swapgs barriers and __user pointer sanitizat34] kernel: ACPI: HPET 0x00000000BFFE1591 000038 (v01 BOCHS  BXPCHPET 00000001 BXPC 00000001)
[    0.005336] kernel: ACPI: Reserving FACP table memory at [mem 0xbffe149d-0xbffe1510]
[    0.005337] kernel: ACPI: Reserving DSDT table memory at [mem 0xbffe0040-0xbffe149c]
[    0.005338] kernel: ACPI: Reserving FACS table memory at [mem 0xbffe0000-0xbffe003f]
[    0.005339] kernel: ACPI: Reserving APIC table memory at [mem 0xbffe1511-0xbffe1590]
[    0.005339] kernel: ACPI: Reserving HPET table memory at [mem 0xbffe1591-0xbffe15c8]
[    0.005589] kernel: No NUMA configuration found
[    0.005589] kernel: Faking a node at [mem 0x0000000000000000-0x00000002bfffffff]
[    0.005592] kernel: NODE_DATA(0) allocated [mem 0x2bfffa000-0x2bfffdfff]
[    0.005639] kernel: Zone ranges:
[    0.005640] kernel:   DMA      [mem 0x0000000000001000-0x0000000000ffffff]
[    0.005641] kernel:   DMA32    [mem 0x0000000001000000-0x00000000ffffffff]
[    0.005643] kernel:   Normal   [mem 0x0000000100000000-0x00 rtc_cmos 00:00: alarms up to one day, y3k, 114 bytes nvram, hpet irqs
[    2.160499] kernel: device-mapper: ioctl: 4.45.0-ioctl (2021-03-22) initialised: dm-devel@redhat.com
[    2.160505] kernel: intel_pstate: CPU model not supported
[    2.160569] kernel: hid: raw HID events driver (C) Jiri Kosina
[    2.161458] kernel: usbcore: registered new interface driver usbhid
[    2.161460] kernel: usbhid: USB HID core driver
[    2.175746] kernel: netem: version 1.3
[    2.177865] kernel: Initializing XFRM netlink socket
[    2.178128] kernel: NET: Registered PF_INET6 protocol family
[    2.207103] kernel: Segment Routing with IPv6
[    2.207125] kernel: In-situ OAM (IOAM) with IPv6
[    2.207225] kernel: sit: IPv6, IPv4 and MPLS over IPv4 tunneling driver
[    2.207496] kernel: NET: Registered PF_PACKET protocol family
[    2.207541] kernel: 9pnet: Installing 9P2000 support
[    2.207578] kernel: Key type dns_resolver registered
[    2.207600] kernel: Key type ceph registered
[    2.20773ion
[    0.952360] kernel: Spectre V2 : Mitigation: Enhanced IBRS
[    0.952361] kernel: Spectre V2 : Spectre v2 / SpectreRSB mitigation: Filling RSB on context switch
[    0.952363] kernel: Spectre V2 : mitigation: Enabling conditional Indirect Branch Prediction Barrier
[    0.952364] kernel: Speculative Store Bypass: Mitigation: Speculative Store Bypass disabled via prctl and seccomp
[    0.952366] kernel: TAA: Mitigation: TSX disabled
[    0.957971] kernel: Freeing SMP alternatives memory: 40K
[    0.958113] kernel: smpboot: CPU0: Intel(R) Xeon(R) Gold 6348 CPU @ 2.60GHz (family: 0x6, model: 0x6a, stepping: 0x6)
[    0.958239] kernel: Performance Events: Icelake events, 32-deep LBR, full-width counters, Intel PMU driver.
[    0.958247] kernel: ... version:                2
[    0.958247] kernel: ... bit width:              48
[    0.958247] kernel: ... generic registers:      8
[    0.958247] kernel: ... value mask:             0000ffffffffffff
[    0.958247] kernel: ... max period3] kernel: libceph: loaded (mon/osd proto 15/24)
[    2.208024] kernel: IPI shorthand broadcast: enabled
[    2.208050] kernel: sched_clock: Marking stable (2203427658, 4535815)->(2240225784, -32262311)
[    2.208368] kernel: registered taskstats version 1
[    2.208370] kernel: Loading compiled-in X.509 certificates
[    2.209379] kernel: PM:   Magic number: 15:797:878
[    2.209430] kernel: printk: console [netcon0] enabled
[    2.209432] kernel: netconsole: network logging started
[    2.306168] kernel: ata1.01: NODEV after polling detection
[    2.306379] kernel: ata1.00: ATA-7: QEMU HARDDISK, 2.5+, max UDMA/100
[    2.306381] kernel: ata1.00: 88078336 sectors, multi 16: LBA48 
[    2.306891] kernel: scsi 0:0:0:0: Direct-Access     ATA      QEMU HARDDISK    2.5+ PQ: 0 ANSI: 5
[    2.307345] kernel: sd 0:0:0:0: [sda] 88078336 512-byte logical blocks: (45.1 GB/42.0 GiB)
[    2.307354] kernel: sd 0:0:0:0: [sda] Write Protect is off
[    2.307357] kernel: sd 0:0:0:0: [sda] Mode Sense:000002bfffffff]
[    0.005644] kernel: Movable zone start for each node
[    0.005644] kernel: Early memory node ranges
[    0.005645] kernel:   node   0: [mem 0x0000000000001000-0x000000000009efff]
[    0.005646] kernel:   node   0: [mem 0x0000000000100000-0x00000000bffdffff]
[    0.005647] kernel:   node   0: [mem 0x0000000100000000-0x00000002bfffffff]
[    0.005648] kernel: Initmem setup node 0 [mem 0x0000000000001000-0x00000002bfffffff]
[    0.006192] kernel: On node 0, zone DMA: 1 pages in unavailable ranges
[    0.006203] kernel: On node 0, zone DMA: 97 pages in unavailable ranges
[    0.059328] kernel: On node 0, zone Normal: 32 pages in unavailable ranges
[    0.514700] kernel: kasan: KernelAddressSanitizer initialized
[    0.515035] kernel: ACPI: PM-Timer IO Port: 0x608
[    0.515043] kernel: ACPI: LAPIC_NMI (acpi_id[0xff] dfl dfl lint[0x1])
[    0.515081] kernel: IOAPIC[0]: apic_id 0, version 17, address 0xfec00000, GSI 0-23
[    0.515084] kernel: ACPI: INT_SRC_OVR (bus 0 bu:             00007fffffffffff
[    0.958247] kernel: ... fixed-purpose events:   3
[    0.958247] kernel: ... event mask:             00000007000000ff
[    0.958247] kernel: rcu: Hierarchical SRCU implementation.
[    0.958247] kernel: smp: Bringing up secondary CPUs ...
[    0.958247] kernel: x86: Booting SMP configuration:
[    0.958247] kernel: .... node  #0, CPUs:      #1
[    0.025974] kernel: kvm-clock: cpu 1, msr 22426e041, secondary cpu clock
[    0.025974] kernel: smpboot: CPU 1 Converting physical 0 to logical die 1
[    0.960281] kernel: kvm-guest: setup async PF for cpu 1
[    0.960289] kernel: kvm-guest: stealtime: cpu 1, msr 26571f140
[    0.960300] kernel: smp: Brought up 1 node, 2 CPUs
[    0.960300] kernel: smpboot: Max logical packages: 2
[    0.960300] kernel: smpboot: Total of 2 processors activated (10375.62 BogoMIPS)
[    0.960771] kernel: devtmpfs: initialized
[    0.961817] kernel: clocksource: jiffies: mask: 0xffffffff max_cycles: 0xffffffff, max_idle_ns: 191 00 3a 00 00
[    2.307374] kernel: sd 0:0:0:0: [sda] Write cache: enabled, read cache: enabled, doesn't support DPO or FUA
[    2.307998] kernel: sd 0:0:0:0: Attached scsi generic sg0 type 0
[    2.308649] kernel: sd 0:0:0:0: [sda] Attached SCSI disk
[    2.314101] kernel: ata2.01: NODEV after polling detection
[    2.314324] kernel: ata2.00: ATAPI: QEMU DVD-ROM, 2.5+, max UDMA/100
[    2.315015] kernel: scsi 1:0:0:0: CD-ROM            QEMU     QEMU DVD-ROM     2.5+ PQ: 0 ANSI: 5
[    2.332304] kernel: sr 1:0:0:0: [sr0] scsi3-mmc drive: 4x/4x cd/rw xa/form2 tray
[    2.332314] kernel: cdrom: Uniform CD-ROM driver Revision: 3.20
[    2.348742] kernel: sr 1:0:0:0: Attached scsi CD-ROM sr0
[    2.348939] kernel: sr 1:0:0:0: Attached scsi generic sg1 type 5
[    2.851087] kernel: input: ImExPS/2 Generic Explorer Mouse as /devices/platform/i8042/serio1/input/input3
[    2.869862] kernel: IP-Config: Guessing netmask 255.255.255.0
[    2.869866] kernel: IP-Config: Complete:
[    2.869867] ks_irq 0 global_irq 2 dfl dfl)
[    0.515086] kernel: ACPI: INT_SRC_OVR (bus 0 bus_irq 5 global_irq 5 high level)
[    0.515087] kernel: ACPI: INT_SRC_OVR (bus 0 bus_irq 9 global_irq 9 high level)
[    0.515088] kernel: ACPI: INT_SRC_OVR (bus 0 bus_irq 10 global_irq 10 high level)
[    0.515089] kernel: ACPI: INT_SRC_OVR (bus 0 bus_irq 11 global_irq 11 high level)
[    0.515092] kernel: ACPI: Using ACPI (MADT) for SMP configuration information
[    0.515093] kernel: ACPI: HPET id: 0x8086a201 base: 0xfed00000
[    0.515097] kernel: TSC deadline timer available
[    0.515098] kernel: smpboot: Allowing 2 CPUs, 0 hotplug CPUs
[    0.515120] kernel: kvm-guest: KVM setup pv remote TLB flush
[    0.515124] kernel: kvm-guest: setup PV sched yield
[    0.515132] kernel: PM: hibernation: Registered nosave memory: [mem 0x00000000-0x00000fff]
[    0.515133] kernel: PM: hibernation: Registered nosave memory: [mem 0x0009f000-0x0009ffff]
[    0.515134] kernel: PM: hibernation: Registered nosave memor1260446275000 ns
[    0.961817] kernel: futex hash table entries: 512 (order: 3, 32768 bytes, linear)
[    0.961817] kernel: PM: RTC time: 09:51:43, date: 2023-03-07
[    0.962673] kernel: NET: Registered PF_NETLINK/PF_ROUTE protocol family
[    0.962845] kernel: audit: initializing netlink subsys (disabled)
[    0.962877] kernel: audit: type=2000 audit(1678182703.966:1): state=initialized audit_enabled=0 res=1
[    0.962877] kernel: thermal_sys: Registered thermal governor 'step_wise'
[    0.962877] kernel: thermal_sys: Registered thermal governor 'user_space'
[    0.962877] kernel: cpuidle: using governor menu
[    0.963527] kernel: ACPI: bus type PCI registered
[    0.963684] kernel: PCI: Using configuration type 1 for base access
[    0.969682] kernel: Kprobes globally optimized
[    0.969710] kernel: HugeTLB registered 2.00 MiB page size, pre-allocated 0 pages
[    0.969710] kernel: cryptomgr_test (26) used greatest stack depth: 31400 bytes left
[    0.970311] kernel: ACPI: Addedy: [mem 0x000a0000-0x000effff]
[    0.515135] kernel: PM: hibernation: Registered nosave memory: [mem 0x000f0000-0x000fffff]
[    0.515135] kernel: PM: hibernation: Registered nosave memory: [mem 0xbffe0000-0xbfffffff]
[    0.515136] kernel: PM: hibernation: Registered nosave memory: [mem 0xc0000000-0xfeffbfff]
[    0.515137] kernel: PM: hibernation: Registered nosave memory: [mem 0xfeffc000-0xfeffffff]
[    0.515137] kernel: PM: hibernation: Registered nosave memory: [mem 0xff000000-0xfffbffff]
[    0.515138] kernel: PM: hibernation: Registered nosave memory: [mem 0xfffc0000-0xffffffff]
[    0.515139] kernel: [mem 0xc0000000-0xfeffbfff] available for PCI devices
[    0.515140] kernel: Booting paravirtualized kernel on KVM
[    0.515142] kernel: clocksource: refined-jiffies: mask: 0xffffffff max_cycles: 0xffffffff, max_idle_ns: 1910969940391419 ns
[    0.519028] kernel: setup_percpu: NR_CPUS:64 nr_cpumask_bits:64 nr_cpu_ids:2 nr_node_ids:1
[    0.519727] kernel: percpu: Embedded 56 paernel:      device=eth0, hwaddr=e6:c8:ff:09:76:23, ipaddr=192.168.0.35, mask=255.255.255.0, gw=255.255.255.255
[    2.869870] kernel:      host=192.168.0.35, domain=, nis-domain=(none)
[    2.869871] kernel:      bootserver=255.255.255.255, rootserver=255.255.255.255, rootpath=
[    2.869986] kernel: cfg80211: Loading compiled-in X.509 certificates for regulatory database
[    2.870257] kernel: kworker/u4:0 (69) used greatest stack depth: 30480 bytes left
[    2.871237] kernel: cfg80211: Loaded X.509 cert 'sforshee: 00b28ddf47aef9cea7'
[    2.871252] kernel: ALSA device list:
[    2.871253] kernel:   No soundcards found.
[    2.871507] kernel: md: Waiting for all devices to be available before autodetect
[    2.871508] kernel: md: If you don't use raid, use raid=noautodetect
[    2.871509] kernel: md: Autodetecting RAID arrays.
[    2.871511] kernel: md: autorun ...
[    2.871512] kernel: md: ... autorun DONE.
[    2.872114] kernel: platform regulatory.0: Direct firmware load for reguges/cpu s191576 r8192 d29608 u1048576
[    0.519732] kernel: pcpu-alloc: s191576 r8192 d29608 u1048576 alloc=1*2097152
[    0.519734] kernel: pcpu-alloc: [0] 0 1 
[    0.519757] kernel: kvm-guest: setup async PF for cpu 0
[    0.519763] kernel: kvm-guest: stealtime: cpu 0, msr 26561f140
[    0.519766] kernel: Built 1 zonelists, mobility grouping on.  Total pages: 2580192
[    0.519768] kernel: Policy zone: Normal
[    0.519769] kernel: Kernel command line: root=/dev/sda console=ttyS0 net.ifnames=0 ip=192.168.0.37 quiet
[    0.525622] kernel: Dentry cache hash table entries: 2097152 (order: 12, 16777216 bytes, linear)
[    0.528497] kernel: Inode-cache hash table entries: 1048576 (order: 11, 8388608 bytes, linear)
[    0.528551] kernel: mem auto-init: stack:off, heap alloc:off, heap free:off
[    0.750512] kernel: Memory: 8872644K/10485240K available (14348K kernel code, 2403K rwdata, 3568K rodata, 1384K init, 1732K bss, 1612396K reserved, 0K cma-reserved)
[    0.750595] kernel: SLUB: latory.db failed with error -2
[    2.872120] kernel: cfg80211: failed to load regulatory.db
[    2.879753] kernel: EXT4-fs (sda): mounted filesystem with ordered data mode. Opts: (null). Quota mode: none.
[    2.879802] kernel: VFS: Mounted root (ext4 filesystem) readonly on device 8:0.
[    2.880303] kernel: devtmpfs: mounted
[    2.880924] kernel: Freeing unused kernel image (initmem) memory: 1384K
[    2.882841] kernel: Write protecting the kernel read-only data: 20480k
[    2.883791] kernel: Freeing unused kernel image (text/rodata gap) memory: 2032K
[    2.884063] kernel: Freeing unused kernel image (rodata/data gap) memory: 528K
[    2.884076] kernel: Run /sbin/init as init process
[    2.884077] kernel:   with arguments:
[    2.884078] kernel:     /sbin/init
[    2.884078] kernel:   with environment:
[    2.884079] kernel:     HOME=/
[    2.884079] kernel:     TERM=linux
[    2.920202] kernel: random: fast init done
[    3.161860] kernel: IPv6: ADDRCONF(NETDEV_CHANGE): eth0: link becomes ready
[    3.175714] systemd[1]: systemd 245.4-4ubuntu3 running in system mode. (+PAM +AUDIT +SELINUX +IMA +APPARMOR +SMACK +SYSVINIT +UTMP +LIBCRYPTSETUP +GCRYPT +GNUTLS +ACL +XZ +LZ4 +SECCOMP +BLKID +ELFUTILS +KMOD +IDN2 -IDN +PCRE2 default-hierarchy=hybrid)
[    3.175787] systemd[1]: Detected virtualization kvm.
[    3.175793] systemd[1]: Detected architecture x86-64.
[    3.199865] systemd[1]: Set hostname to <dfs-fuzzing>.
[    3.330828] kernel: systemd-rc-loca (85) used greatest stack depth: 29808 bytes left
[    3.331352] kernel: systemd-hiberna (84) used greatest stack depth: 29120 bytes left
[    3.699772] systemd[1]: /lib/systemd/system/dbus.socket:5: ListenStream= references a path below legacy directory /var/run/, updating /var/run/dbus/system_bus_socket  /run/dbus/system_bus_socket; please update the unit file accordingly.
[    3.819227] systemd[1]: system-modprobe.slice: unit configures an IP firewall, but the local system does not support BPF/cgroup firewHWalign=64, Order=0-3, MinObjects=0, CPUs=2, Nodes=1
[    0.751237] kernel: rcu: Hierarchical RCU implementation.
[    0.751238] kernel: rcu:         RCU event tracing is enabled.
[    0.751239] kernel: rcu:         RCU restricting CPUs from NR_CPUS=64 to nr_cpu_ids=2.
[    0.751242] kernel: rcu: RCU calculated value of scheduler-enlistment delay is 100 jiffies.
[    0.751243] kernel: rcu: Adjusting geometry for rcu_fanout_leaf=16, nr_cpu_ids=2
[    0.753893] kernel: NR_IRQS: 4352, nr_irqs: 440, preallocated irqs: 16
[    0.754098] kernel: random: get_random_bytes called from start_kernel+0x4b1/0x67a with crng_init=0
[    0.758054] kernel: Console: colour VGA+ 80x25
[    0.758095] kernel: printk: console [ttyS0] enabled
[    0.758113] kernel: ACPI: Core revision 20210730
[    0.758256] kernel: clocksource: hpet: mask: 0xffffffff max_cycles: 0xffffffff, max_idle_ns: 19112604467 ns
[    0.758342] kernel: APIC: Switch to symmetric I/O mode setup
[    0.758345] kernel: kvm-guest: setup PV IPIs
[    0.759206] kernel: ..TIMER: vector=0x30 apic1=0 pin1=2 apic2=-1 pin2=-1
[    0.759226] kernel: clocksource: tsc-early: mask: 0xffffffffffffffff max_cycles: 0x2563bf907c6, max_idle_ns: 440795319401 ns
[    0.759234] kernel: Calibrating delay loop (skipped) preset value.. 5187.81 BogoMIPS (lpj=2593906)
[    0.759236] kernel: pid_max: default: 32768 minimum: 301
[    0.759269] kernel: LSM: Security Framework initializing
[    0.759282] kernel: SELinux:  Initializing.
[    0.760289] kernel: Mount-cache hash table entries: 32768 (order: 6, 262144 bytes, linear)
[    0.760759] kernel: Mountpoint-cache hash table entries: 32768 (order: 6, 262144 bytes, linear)
[    0.761157] kernel: x86/cpu: User Mode Instruction Prevention (UMIP) activated
[    0.761258] kernel: Last level iTLB entries: 4KB 0, 2MB 0, 4MB 0
[    0.761259] kernel: Last level dTLB entries: 4KB 0, 2MB 0, 4MB 0, 1GB 0
[    0.761268] kernel: Spectre V1 : Mitigation: usercopy/swapgs barriers and __user pointer sanitizatialling.
[    3.819235] systemd[1]: (This warning is only shown for the first unit using IP firewalling.)
[    3.819494] systemd[1]: Created slice system-modprobe.slice.
[    3.819623] systemd[1]: Created slice system-serial\x2dgetty.slice.
[    3.819694] systemd[1]: Created slice User and Session Slice.
