2023/03/07 19:43:57 fuzzer started
2023/03/07 19:43:58 dialing manager at localhost:42025
2023/03/07 19:43:58 syscalls: 130
2023/03/07 19:43:58 code coverage: enabled
2023/03/07 19:43:58 comparison tracing: enabled
2023/03/07 19:43:58 extra coverage: enabled
2023/03/07 19:43:58 setuid sandbox: enabled
2023/03/07 19:43:58 namespace sandbox: /proc/self/ns/user does not exist
2023/03/07 19:43:58 Android sandbox: /sys/fs/selinux/policy can't be opened (open /sys/fs/selinux/policy: invalid argument)
2023/03/07 19:43:58 fault injection: CONFIG_FAULT_INJECTION_DEBUG_FS or CONFIG_FAILSLAB are not enabled
2023/03/07 19:43:58 leak checking: CONFIG_DEBUG_KMEMLEAK is not enabled
2023/03/07 19:43:58 net packet injection: /dev/net/tun does not exist
2023/03/07 19:43:58 net device setup: enabled
2023/03/07 19:43:58 concurrency sanitizer: /sys/kernel/debug/kcsan does not exist
2023/03/07 19:43:58 devlink PCI setup: enabled
2023/03/07 19:43:58 USB emulation: /dev/raw-gadget does not exist
2023/03/07 19:43:58 hci packet injection: /dev/vhci does not exist
2023/03/07 19:43:58 wifi device emulation: /sys/class/mac80211_hwsim/ does not exist
2023/03/07 19:43:58 802.15.4 emulation: /sys/bus/platform/devices/mac802154_hwsim does not exist
2023/03/07 19:43:58 deserializeInput: hasCrash true hasNet false
2023/03/07 19:43:58 prog length: 6
2023/03/07 19:43:58 prog length: 3
2023/03/07 19:43:58 deserializeInput: hasCrash true hasNet false
2023/03/07 19:43:58 prog length: 6
2023/03/07 19:43:58 prog length: 6
2023/03/07 19:43:58 prog length: 7
2023/03/07 19:43:58 deserializeInput: hasCrash true hasNet false
2023/03/07 19:43:58 prog length: 6
2023/03/07 19:43:58 prog length: 6
2023/03/07 19:43:58 prog length: 5
2023/03/07 19:43:58 deserializeInput: hasCrash true hasNet false
2023/03/07 19:43:58 prog length: 6
2023/03/07 19:43:58 prog length: 6
2023/03/07 19:43:58 prog length: 5
2023/03/07 19:43:58 deserializeInput: hasCrash true hasNet false
2023/03/07 19:43:58 prog length: 6
2023/03/07 19:43:58 prog length: 3
2023/03/07 19:43:58 deserializeInput: hasCrash true hasNet false
2023/03/07 19:43:58 prog length: 6
2023/03/07 19:43:58 prog length: 6
2023/03/07 19:43:58 prog length: 5
2023/03/07 19:43:58 deserializeInput: hasCrash true hasNet false
2023/03/07 19:43:58 prog length: 6
2023/03/07 19:43:58 prog length: 6
2023/03/07 19:43:58 prog length: 6
2023/03/07 19:43:58 deserializeInput: hasCrash true hasNet false
2023/03/07 19:43:58 prog length: 6
2023/03/07 19:43:58 prog length: 3
2023/03/07 19:43:58 deserializeInput: hasCrash true hasNet false
2023/03/07 19:43:58 prog length: 6
2023/03/07 19:43:58 prog length: 3
2023/03/07 19:43:58 deserializeInput: hasCrash true hasNet false
2023/03/07 19:43:58 prog length: 6
2023/03/07 19:43:58 prog length: 3
2023/03/07 19:43:58 deserializeInput: hasCrash true hasNet false
2023/03/07 19:43:58 prog length: 6
2023/03/07 19:43:58 prog length: 6
2023/03/07 19:43:58 prog length: 5
2023/03/07 19:43:58 deserializeInput: hasCrash true hasNet false
2023/03/07 19:43:58 prog length: 6
2023/03/07 19:43:58 prog length: 3
2023/03/07 19:43:58 deserializeInput: hasCrash true hasNet false
2023/03/07 19:43:58 prog length: 6
2023/03/07 19:43:58 prog length: 3
2023/03/07 19:43:58 deserializeInput: hasCrash true hasNet false
2023/03/07 19:43:58 prog length: 6
2023/03/07 19:43:58 prog length: 4
2023/03/07 19:43:58 deserializeInput: hasCrash true hasNet false
2023/03/07 19:43:58 prog length: 6
2023/03/07 19:43:58 prog length: 3
2023/03/07 19:43:58 deserializeInput: hasCrash true hasNet false
2023/03/07 19:43:58 prog length: 6
2023/03/07 19:43:58 prog length: 3
2023/03/07 19:43:58 deserializeInput: hasCrash true hasNet false
2023/03/07 19:43:58 prog length: 6
2023/03/07 19:43:58 prog length: 3
2023/03/07 19:43:58 deserializeInput: hasCrash true hasNet false
2023/03/07 19:43:58 prog length: 6
2023/03/07 19:43:58 prog length: 4
2023/03/07 19:43:58 deserializeInput: hasCrash true hasNet false
2023/03/07 19:43:58 prog length: 6
2023/03/07 19:43:58 prog length: 6
2023/03/07 19:43:58 prog length: 6
2023/03/07 19:43:58 prog length: 7
2023/03/07 19:43:58 deserializeInput: hasCrash true hasNet false
2023/03/07 19:43:58 prog length: 6
2023/03/07 19:43:58 prog length: 3
2023/03/07 19:43:58 deserializeInput: hasCrash true hasNet false
2023/03/07 19:43:58 prog length: 6
2023/03/07 19:43:58 prog length: 6
2023/03/07 19:43:58 prog length: 6
2023/03/07 19:43:58 deserializeInput: hasCrash true hasNet false
2023/03/07 19:43:58 prog length: 6
2023/03/07 19:43:58 prog length: 3
2023/03/07 19:43:58 deserializeInput: hasCrash true hasNet false
2023/03/07 19:43:58 prog length: 6
2023/03/07 19:43:58 prog length: 3
2023/03/07 19:43:58 deserializeInput: hasCrash true hasNet false
2023/03/07 19:43:58 prog length: 6
2023/03/07 19:43:58 prog length: 6
2023/03/07 19:43:58 prog length: 5
2023/03/07 19:43:58 deserializeInput: hasCrash true hasNet false
2023/03/07 19:43:58 prog length: 6
2023/03/07 19:43:58 prog length: 6
2023/03/07 19:43:58 prog length: 5
2023/03/07 19:43:58 deserializeInput: hasCrash true hasNet false
2023/03/07 19:43:58 prog length: 6
2023/03/07 19:43:58 prog length: 6
2023/03/07 19:43:58 prog length: 5
2023/03/07 19:43:58 deserializeInput: hasCrash true hasNet false
2023/03/07 19:43:58 prog length: 6
2023/03/07 19:43:58 prog length: 6
2023/03/07 19:43:58 prog length: 5
2023/03/07 19:43:58 deserializeInput: hasCrash true hasNet false
2023/03/07 19:43:58 prog length: 6
2023/03/07 19:43:58 prog length: 6
2023/03/07 19:43:58 prog length: 5
2023/03/07 19:43:58 deserializeInput: hasCrash true hasNet false
2023/03/07 19:43:58 prog length: 6
2023/03/07 19:43:58 prog length: 6
2023/03/07 19:43:58 prog length: 6
2023/03/07 19:43:58 prog length: 7
2023/03/07 19:43:58 deserializeInput: hasCrash true hasNet false
2023/03/07 19:43:58 prog length: 6
2023/03/07 19:43:58 prog length: 6
2023/03/07 19:43:58 prog length: 5
2023/03/07 19:43:58 deserializeInput: hasCrash true hasNet false
2023/03/07 19:43:58 prog length: 6
2023/03/07 19:43:58 prog length: 5
2023/03/07 19:43:58 deserializeInput: hasCrash true hasNet false
2023/03/07 19:43:58 prog length: 6
2023/03/07 19:43:58 prog length: 6
2023/03/07 19:43:58 prog length: 5
2023/03/07 19:43:58 deserializeInput: hasCrash true hasNet false
2023/03/07 19:43:58 prog length: 6
2023/03/07 19:43:58 prog length: 3
2023/03/07 19:43:58 deserializeInput: hasCrash true hasNet false
2023/03/07 19:43:58 prog length: 6
2023/03/07 19:43:58 prog length: 3
2023/03/07 19:43:58 deserializeInput: hasCrash true hasNet false
2023/03/07 19:43:58 prog length: 6
2023/03/07 19:43:58 prog length: 3
2023/03/07 19:43:58 deserializeInput: hasCrash true hasNet false
2023/03/07 19:43:58 prog length: 6
2023/03/07 19:43:58 prog length: 6
2023/03/07 19:43:58 prog length: 5
2023/03/07 19:43:58 deserializeInput: hasCrash true hasNet false
2023/03/07 19:43:58 prog length: 6
2023/03/07 19:43:58 prog length: 4
2023/03/07 19:43:58 deserializeInput: hasCrash true hasNet false
2023/03/07 19:43:58 prog length: 6
2023/03/07 19:43:58 prog length: 3
2023/03/07 19:43:58 deserializeInput: hasCrash true hasNet false
2023/03/07 19:43:58 prog length: 6
2023/03/07 19:43:58 prog length: 3
2023/03/07 19:43:58 deserializeInput: hasCrash true hasNet false
2023/03/07 19:43:58 prog length: 6
2023/03/07 19:43:58 prog length: 3
2023/03/07 19:43:58 deserializeInput: hasCrash true hasNet false
2023/03/07 19:43:58 prog length: 6
2023/03/07 19:43:58 prog length: 6
2023/03/07 19:43:58 prog length: 5
2023/03/07 19:43:58 deserializeInput: hasCrash false hasNet false
2023/03/07 19:43:58 prog length: 3
2023/03/07 19:43:58 deserializeInput: hasCrash true hasNet false
2023/03/07 19:43:58 prog length: 6
2023/03/07 19:43:58 prog length: 3
2023/03/07 19:43:58 deserializeInput: hasCrash true hasNet false
2023/03/07 19:43:58 prog length: 6
2023/03/07 19:43:58 prog length: 6
2023/03/07 19:43:58 prog length: 5
2023/03/07 19:43:58 deserializeInput: hasCrash false hasNet false
2023/03/07 19:43:58 prog length: 3
2023/03/07 19:43:58 deserializeInput: hasCrash true hasNet false
2023/03/07 19:43:58 prog length: 6
2023/03/07 19:43:58 prog length: 3
2023/03/07 19:43:58 deserializeInput: hasCrash true hasNet false
2023/03/07 19:43:58 prog length: 6
2023/03/07 19:43:58 prog length: 6
2023/03/07 19:43:58 prog length: 5
2023/03/07 19:43:58 deserializeInput: hasCrash true hasNet false
2023/03/07 19:43:58 prog length: 6
2023/03/07 19:43:58 prog length: 3
2023/03/07 19:43:58 deserializeInput: hasCrash true hasNet false
2023/03/07 19:43:58 prog length: 6
2023/03/07 19:43:58 prog length: 3
2023/03/07 19:43:58 deserializeInput: hasCrash true hasNet false
2023/03/07 19:43:58 prog length: 6
2023/03/07 19:43:58 prog length: 3
2023/03/07 19:43:58 fetching corpus: 50, signal 3366/12176/16676 (executing program)
2023/03/07 19:43:58 deserializeInput: hasCrash true hasNet false
2023/03/07 19:43:58 prog length: 6
2023/03/07 19:43:58 prog length: 3
2023/03/07 19:43:58 deserializeInput: hasCrash true hasNet false
2023/03/07 19:43:58 prog length: 6
2023/03/07 19:43:58 prog length: 6
2023/03/07 19:43:58 prog length: 5
2023/03/07 19:43:58 deserializeInput: hasCrash true hasNet false
2023/03/07 19:43:58 prog length: 6
2023/03/07 19:43:58 prog length: 3
2023/03/07 19:43:58 deserializeInput: hasCrash true hasNet false
2023/03/07 19:43:58 prog length: 6
2023/03/07 19:43:58 prog length: 3
2023/03/07 19:43:58 deserializeInput: hasCrash true hasNet false
2023/03/07 19:43:58 prog length: 6
2023/03/07 19:43:58 prog length: 4
2023/03/07 19:43:58 deserializeInput: hasCrash true hasNet false
2023/03/07 19:43:58 prog length: 6
2023/03/07 19:43:58 prog length: 3
2023/03/07 19:43:58 deserializeInput: hasCrash true hasNet false
2023/03/07 19:43:58 prog length: 6
2023/03/07 19:43:58 prog length: 3
2023/03/07 19:43:58 deserializeInput: hasCrash true hasNet false
2023/03/07 19:43:58 prog length: 6
2023/03/07 19:43:58 prog length: 6
2023/03/07 19:43:58 prog length: 5
2023/03/07 19:43:58 deserializeInput: hasCrash true hasNet false
2023/03/07 19:43:58 prog length: 6
2023/03/07 19:43:58 prog length: 6
2023/03/07 19:43:58 prog length: 6
2023/03/07 19:43:58 deserializeInput: hasCrash true hasNet false
2023/03/07 19:43:58 prog length: 6
2023/03/07 19:43:58 prog length: 6
2023/03/07 19:43:58 prog length: 6
2023/03/07 19:43:58 deserializeInput: hasCrash true hasNet false
2023/03/07 19:43:58 prog length: 6
2023/03/07 19:43:58 prog length: 6
2023/03/07 19:43:58 prog length: 5
2023/03/07 19:43:58 deserializeInput: hasCrash true hasNet false
2023/03/07 19:43:58 prog length: 6
2023/03/07 19:43:58 prog length: 3
2023/03/07 19:43:58 deserializeInput: hasCrash true hasNet false
2023/03/07 19:43:58 prog length: 6
2023/03/07 19:43:58 prog length: 3
2023/03/07 19:43:58 deserializeInput: hasCrash true hasNet false
2023/03/07 19:43:58 prog length: 6
2023/03/07 19:43:58 prog length: 3
2023/03/07 19:43:58 deserializeInput: hasCrash true hasNet false
2023/03/07 19:43:58 prog length: 6
2023/03/07 19:43:58 prog length: 3
2023/03/07 19:43:58 deserializeInput: hasCrash true hasNet false
2023/03/07 19:43:58 prog length: 6
2023/03/07 19:43:58 prog length: 4
2023/03/07 19:43:58 deserializeInput: hasCrash true hasNet false
2023/03/07 19:43:58 prog length: 6
2023/03/07 19:43:58 prog length: 6
2023/03/07 19:43:58 prog length: 5
2023/03/07 19:43:58 deserializeInput: hasCrash true hasNet false
2023/03/07 19:43:58 prog length: 6
2023/03/07 19:43:58 prog length: 6
2023/03/07 19:43:58 prog length: 6
2023/03/07 19:43:58 deserializeInput: hasCrash true hasNet false
2023/03/07 19:43:58 prog length: 6
2023/03/07 19:43:58 prog length: 6
2023/03/07 19:43:58 prog length: 5
2023/03/07 19:43:58 deserializeInput: hasCrash true hasNet false
2023/03/07 19:43:58 prog length: 6
2023/03/07 19:43:58 prog length: 3
2023/03/07 19:43:58 deserializeInput: hasCrash true hasNet false
2023/03/07 19:43:58 prog length: 6
2023/03/07 19:43:58 prog length: 4
2023/03/07 19:43:58 deserializeInput: hasCrash true hasNet false
2023/03/07 19:43:58 prog length: 6
2023/03/07 19:43:58 prog length: 6
2023/03/07 19:43:58 prog length: 5
2023/03/07 19:43:58 deserializeInput: hasCrash true hasNet false
2023/03/07 19:43:58 prog length: 6
2023/03/07 19:43:58 prog length: 6
2023/03/07 19:43:58 prog length: 6
2023/03/07 19:43:58 deserializeInput: hasCrash true hasNet false
2023/03/07 19:43:58 prog length: 6
2023/03/07 19:43:58 prog length: 3
2023/03/07 19:43:58 deserializeInput: hasCrash true hasNet false
2023/03/07 19:43:58 prog length: 6
2023/03/07 19:43:58 prog length: 6
2023/03/07 19:43:58 prog length: 5
2023/03/07 19:43:58 deserializeInput: hasCrash true hasNet false
2023/03/07 19:43:58 prog length: 6
2023/03/07 19:43:58 prog length: 6
2023/03/07 19:43:58 prog length: 5
2023/03/07 19:43:58 deserializeInput: hasCrash true hasNet false
2023/03/07 19:43:58 prog length: 6
2023/03/07 19:43:58 prog length: 6
2023/03/07 19:43:58 prog length: 7
2023/03/07 19:43:58 deserializeInput: hasCrash true hasNet false
2023/03/07 19:43:58 prog length: 6
2023/03/07 19:43:58 prog length: 3
2023/03/07 19:43:58 deserializeInput: hasCrash true hasNet false
2023/03/07 19:43:58 prog length: 6
2023/03/07 19:43:58 prog length: 6
2023/03/07 19:43:58 prog length: 5
2023/03/07 19:43:58 deserializeInput: hasCrash true hasNet false
2023/03/07 19:43:58 prog length: 6
2023/03/07 19:43:58 prog length: 3
2023/03/07 19:43:58 deserializeInput: hasCrash true hasNet false
2023/03/07 19:43:58 prog length: 6
2023/03/07 19:43:58 prog length: 3
2023/03/07 19:43:58 deserializeInput: hasCrash true hasNet false
2023/03/07 19:43:58 prog length: 6
2023/03/07 19:43:58 prog length: 3
2023/03/07 19:43:58 deserializeInput: hasCrash true hasNet false
2023/03/07 19:43:58 prog length: 6
2023/03/07 19:43:58 prog length: 3
2023/03/07 19:43:58 deserializeInput: hasCrash true hasNet false
2023/03/07 19:43:58 prog length: 6
2023/03/07 19:43:58 prog length: 6
2023/03/07 19:43:58 prog length: 5
2023/03/07 19:43:58 deserializeInput: hasCrash false hasNet false
2023/03/07 19:43:58 prog length: 2
2023/03/07 19:43:58 deserializeInput: hasCrash true hasNet false
2023/03/07 19:43:58 prog length: 6
2023/03/07 19:43:58 prog length: 3
2023/03/07 19:43:58 deserializeInput: hasCrash true hasNet false
2023/03/07 19:43:58 prog length: 6
2023/03/07 19:43:58 prog length: 3
2023/03/07 19:43:58 deserializeInput: hasCrash true hasNet false
2023/03/07 19:43:58 prog length: 6
2023/03/07 19:43:58 prog length: 3
2023/03/07 19:43:58 deserializeInput: hasCrash true hasNet false
2023/03/07 19:43:58 prog length: 6
2023/03/07 19:43:58 prog length: 6
2023/03/07 19:43:58 prog length: 5
2023/03/07 19:43:58 deserializeInput: hasCrash true hasNet false
2023/03/07 19:43:58 prog length: 6
2023/03/07 19:43:58 prog length: 6
2023/03/07 19:43:58 prog length: 5
2023/03/07 19:43:58 deserializeInput: hasCrash true hasNet false
2023/03/07 19:43:58 prog length: 6
2023/03/07 19:43:58 prog length: 3
2023/03/07 19:43:58 deserializeInput: hasCrash true hasNet false
2023/03/07 19:43:58 prog length: 6
2023/03/07 19:43:58 prog length: 6
2023/03/07 19:43:58 prog length: 5
2023/03/07 19:43:58 deserializeInput: hasCrash true hasNet false
2023/03/07 19:43:58 prog length: 6
2023/03/07 19:43:58 prog length: 6
2023/03/07 19:43:58 prog length: 5
2023/03/07 19:43:58 deserializeInput: hasCrash true hasNet false
2023/03/07 19:43:58 prog length: 6
2023/03/07 19:43:58 prog length: 5
2023/03/07 19:43:58 deserializeInput: hasCrash true hasNet false
2023/03/07 19:43:58 prog length: 6
2023/03/07 19:43:58 prog length: 4
2023/03/07 19:43:58 deserializeInput: hasCrash true hasNet false
2023/03/07 19:43:58 prog length: 6
2023/03/07 19:43:58 prog length: 3
2023/03/07 19:43:58 deserializeInput: hasCrash false hasNet false
2023/03/07 19:43:58 prog length: 1
2023/03/07 19:43:58 deserializeInput: hasCrash true hasNet false
2023/03/07 19:43:58 prog length: 6
2023/03/07 19:43:58 prog length: 6
2023/03/07 19:43:58 prog length: 5
2023/03/07 19:43:58 deserializeInput: hasCrash true hasNet false
2023/03/07 19:43:58 prog length: 6
2023/03/07 19:43:58 prog length: 6
2023/03/07 19:43:58 prog length: 5
2023/03/07 19:43:58 deserializeInput: hasCrash true hasNet false
2023/03/07 19:43:58 prog length: 6
2023/03/07 19:43:58 prog length: 6
2023/03/07 19:43:58 prog length: 5
2023/03/07 19:43:58 fetching corpus: 100, signal 3844/17007/22706 (executing program)
2023/03/07 19:43:58 deserializeInput: hasCrash true hasNet false
2023/03/07 19:43:58 prog length: 6
2023/03/07 19:43:58 prog length: 4
2023/03/07 19:43:58 deserializeInput: hasCrash true hasNet false
2023/03/07 19:43:58 prog length: 6
2023/03/07 19:43:58 prog length: 3
2023/03/07 19:43:58 deserializeInput: hasCrash true hasNet false
2023/03/07 19:43:58 prog length: 6
2023/03/07 19:43:58 prog length: 3
2023/03/07 19:43:58 deserializeInput: hasCrash true hasNet false
2023/03/07 19:43:58 prog length: 6
2023/03/07 19:43:58 prog length: 6
2023/03/07 19:43:58 prog length: 6
2023/03/07 19:43:58 deserializeInput: hasCrash true hasNet false
2023/03/07 19:43:58 prog length: 6
2023/03/07 19:43:58 prog length: 3
2023/03/07 19:43:58 deserializeInput: hasCrash true hasNet false
2023/03/07 19:43:58 prog length: 6
2023/03/07 19:43:58 prog length: 6
2023/03/07 19:43:58 prog length: 6
2023/03/07 19:43:58 deserializeInput: hasCrash true hasNet false
2023/03/07 19:43:58 prog length: 6
2023/03/07 19:43:58 prog length: 6
2023/03/07 19:43:58 prog length: 5
2023/03/07 19:43:58 deserializeInput: hasCrash true hasNet false
2023/03/07 19:43:58 prog length: 6
2023/03/07 19:43:58 prog length: 3
2023/03/07 19:43:58 deserializeInput: hasCrash true hasNet false
2023/03/07 19:43:58 prog length: 6
2023/03/07 19:43:58 prog length: 3
2023/03/07 19:43:58 deserializeInput: hasCrash true hasNet false
2023/03/07 19:43:58 prog length: 6
2023/03/07 19:43:58 prog length: 6
2023/03/07 19:43:58 prog length: 5
2023/03/07 19:43:58 deserializeInput: hasCrash true hasNet false
2023/03/07 19:43:58 prog length: 6
2023/03/07 19:43:58 prog length: 3
2023/03/07 19:43:58 deserializeInput: hasCrash true hasNet false
2023/03/07 19:43:58 prog length: 6
2023/03/07 19:43:58 prog length: 6
2023/03/07 19:43:58 prog length: 5
2023/03/07 19:43:58 deserializeInput: hasCrash true hasNet false
2023/03/07 19:43:58 prog length: 6
2023/03/07 19:43:58 prog length: 3
2023/03/07 19:43:58 deserializeInput: hasCrash true hasNet false
2023/03/07 19:43:58 prog length: 6
2023/03/07 19:43:58 prog length: 6
2023/03/07 19:43:58 prog length: 5
2023/03/07 19:43:58 deserializeInput: hasCrash true hasNet false
2023/03/07 19:43:58 prog length: 6
2023/03/07 19:43:58 prog length: 4
2023/03/07 19:43:58 deserializeInput: hasCrash true hasNet false
2023/03/07 19:43:58 prog length: 6
2023/03/07 19:43:58 prog length: 3
2023/03/07 19:43:58 deserializeInput: hasCrash true hasNet false
2023/03/07 19:43:58 prog length: 6
2023/03/07 19:43:58 prog length: 6
2023/03/07 19:43:58 prog length: 5
2023/03/07 19:43:58 deserializeInput: hasCrash true hasNet false
2023/03/07 19:43:58 prog length: 6
2023/03/07 19:43:58 prog length: 3
2023/03/07 19:43:58 deserializeInput: hasCrash true hasNet false
2023/03/07 19:43:58 prog length: 6
2023/03/07 19:43:58 prog length: 3
2023/03/07 19:43:58 fetching corpus: 119, signal 3844/17397/23977 (executing program)
2023/03/07 19:43:58 fetching corpus: 119, signal 3844/17397/24878 (executing program)
2023/03/07 19:43:58 fetching corpus: 119, signal 3844/17397/25766 (executing program)
2023/03/07 19:43:58 fetching corpus: 119, signal 3844/17397/26691 (executing program)
2023/03/07 19:43:58 fetching corpus: 119, signal 3844/17397/27628 (executing program)
2023/03/07 19:43:58 fetching corpus: 119, signal 3844/17397/28541 (executing program)
2023/03/07 19:43:58 fetching corpus: 119, signal 3844/17397/29444 (executing program)
2023/03/07 19:43:58 fetching corpus: 119, signal 3844/17397/30357 (executing program)
2023/03/07 19:43:58 fetching corpus: 119, signal 3844/17397/30871 (executing program)
2023/03/07 19:43:58 fetching corpus: 119, signal 3844/17397/30871 (executing program)
2023/03/07 19:43:59 starting 1 fuzzer processes
2023/03/07 19:43:59 ----- generateCall 2749 pwrite64 pwrite64
2023/03/07 19:43:59 ----- generateCall 2350 lseek lseek
2023/03/07 19:43:59 ----- generateCall 220 flock flock
2023/03/07 19:43:59 ----- generateCall 212 fcntl$setownex fcntl$setownex
2023/03/07 19:43:59 ----- generateCall 171 dup2 dup2
2023/03/07 19:43:59 ----- generateCall 258 getdents getdents
2023/03/07 19:43:59 ----- generateCall 238 fsetxattr$system_posix_acl fsetxattr$system_posix_acl
2023/03/07 19:43:59 ----- generateCall 202 fcntl$addseals fcntl$addseals
2023/03/07 19:43:59 ----- generateCall 242 fsetxattr$trusted_overlay_redirect fsetxattr$trusted_overlay_redirect
2023/03/07 19:43:59 ----- generateCall 541 ioctl ioctl
2023/03/07 19:43:59 ----- generateCall 235 fsetxattr$security_selinux fsetxattr$security_selinux
2023/03/07 19:43:59 ----- generateCall 2360 lsetxattr$trusted_overlay_opaque lsetxattr$trusted_overlay_opaque
2023/03/07 19:43:59 ----- generateCall 250 fsync fsync
2023/03/07 19:43:59 map[./file0:true]
2023/03/07 19:43:59 HasCrashFail: false, .HasNetFail: false
2023/03/07 19:43:59 prog length: 20
2023/03/07 19:43:59 HasCrashFail:false HasNetFail:false
19:43:59 ---executing program 0:
---
---
---
r0 = fcntl$dupfd(0xffffffffffffffff, 0x0, 0xffffffffffffffff)
pwrite64(r0, &(0x7f0000000000)="eaf7a8959de2731d5e0ca377c85bbc72c5aaa265ea9c0e2670563b275b06f447f0951f7e255b83d2996ec49e736390289291c75f7667f789f8a5fd18807052d28a29b195cdf2b5dd7f64ca167c33d4db0c61f11b041090aaf409917132", 0x5d, 0xff)
r1 = openat(r0, &(0x7f0000000080)='./file0\x00', 0x303682, 0x199)
lseek(r1, 0x10001, 0x2)
flock(r1, 0x4)
fcntl$setownex(r1, 0xf, &(0x7f00000000c0)={0x1})
r2 = dup2(r0, r1)
getdents(r1, &(0x7f0000000100)=""/131, 0x83)
r3 = dup2(r2, r2)
stat(&(0x7f0000000200)='./file0\x00', &(0x7f0000000240)={0x0, 0x0, 0x0, 0x0, <r4=>0x0})
fstat(r1, &(0x7f00000002c0)={0x0, 0x0, 0x0, 0x0, 0x0, <r5=>0x0})
fsetxattr$system_posix_acl(r3, &(0x7f00000001c0)='system.posix_acl_default\x00', &(0x7f0000000340)={{}, {0x1, 0x1}, [{0x2, 0x2, 0xffffffffffffffff}, {0x2, 0x0, 0xffffffffffffffff}, {0x2, 0x7, r4}, {0x2, 0x0, 0xee00}, {0x2, 0x3, 0xee00}, {0x2, 0x3, 0xee01}, {0x2, 0x6, 0xee01}, {0x2, 0x4}], {0x4, 0x4}, [{0x8, 0x7, r5}], {0x10, 0x4}, {0x20, 0x3}}, 0x6c, 0x3)
fcntl$addseals(r3, 0x409, 0x0)
fsetxattr$trusted_overlay_redirect(r2, &(0x7f00000003c0), &(0x7f0000000400)='./file0\x00', 0x8, 0x2)
r6 = dup2(r3, r2)
ioctl(r6, 0x1f, &(0x7f0000000440)="ab2f51d49fdc73e2bbd5363ab61a3fb5a1fef8e50399661514537dc64a7f0617305032cf672a52e101810d0e98e4ee829d90eb5fe00f8a321a70d4095b387b6873beebca61e79f42935255e6aa5441b81501a871ba82d2da")
fsetxattr$security_selinux(r0, &(0x7f00000004c0), &(0x7f0000000500)='system_u:object_r:lost_found_t:s0\x00', 0x22, 0x0)
lsetxattr$trusted_overlay_opaque(&(0x7f0000000540)='./file0\x00', &(0x7f0000000580), &(0x7f00000005c0), 0x2, 0x2)
r7 = open(&(0x7f0000000600)='./file0\x00', 0x1, 0x31d6aa4d9e993be2)
fsync(r7)
---

end of program
2023/03/07 19:43:59 -----run executor: [/usr/bin/ssh -F /dev/null -o ConnectionAttempts=100 -o ConnectTimeout=120 -o UserKnownHostsFile=/dev/null -o BatchMode=yes -o IdentitiesOnly=yes -o StrictHostKeyChecking=no -o ConnectTimeout=100 -i /home/tlyu/dfs-fuzzing/disk-images/orangefs-images/focal.id_rsa root@192.168.0.35 /root/syz-executor exec 0 0 orangefs 3 4 192.168.0.35 0 "3 1" false false false true false]
2023/03/07 19:43:59 -----run executor: [/usr/bin/ssh -F /dev/null -o ConnectionAttempts=100 -o ConnectTimeout=120 -o UserKnownHostsFile=/dev/null -o BatchMode=yes -o IdentitiesOnly=yes -o StrictHostKeyChecking=no -o ConnectTimeout=100 -i /home/tlyu/dfs-fuzzing/disk-images/orangefs-images/focal.id_rsa root@192.168.0.36 /root/syz-executor exec 0 1 orangefs 3 4 192.168.0.35 0 "3 1" false false false true false]
2023/03/07 19:43:59 -----run executor: [/usr/bin/ssh -F /dev/null -o ConnectionAttempts=100 -o ConnectTimeout=120 -o UserKnownHostsFile=/dev/null -o BatchMode=yes -o IdentitiesOnly=yes -o StrictHostKeyChecking=no -o ConnectTimeout=100 -i /home/tlyu/dfs-fuzzing/disk-images/orangefs-images/focal.id_rsa root@192.168.0.37 /root/syz-executor exec 0 2 orangefs 3 4 192.168.0.35 0 "3 1" false false false true false]
2023/03/07 19:43:59 -----run executor: [/usr/bin/ssh -F /dev/null -o ConnectionAttempts=100 -o ConnectTimeout=120 -o UserKnownHostsFile=/dev/null -o BatchMode=yes -o IdentitiesOnly=yes -o StrictHostKeyChecking=no -o ConnectTimeout=100 -i /home/tlyu/dfs-fuzzing/disk-images/orangefs-images/focal.id_rsa root@192.168.0.38 /root/syz-executor exec 1 3 orangefs 3 4 192.168.0.35 0 "3 1" false false false true false]
Warning: Permanently added '192.168.0.35' (ECDSA) to the list of known hosts.
Warning: Permanently added '192.168.0.37' (ECDSA) to the list of known hosts.
Warning: Permanently added '192.168.0.38' (ECDSA) to the list of known hosts.
Warning: Permanently added '192.168.0.36' (ECDSA) to the list of known hosts.
----- is restarting 0
---- dfs_name orangefs is_dfs_client 0
unlink FIFO failed: No such file or directory
executor 0 finishes userspace_cover_open
before receiving handshake request
[    0.000000] kernel: Linux version 5.15.0+ (tlyu@IC-RS3-DPC07) (gcc (Ubuntu 9.4.0-1ubuntu1~20.04.1) 9.4.0, GNU ld (GNU Binutils for Ubuntu) 2.34) #7 SMP Sat Feb 18 10:18:37 CET 2023
[    0.000000] kernel: Command line: root=/dev/sda console=ttyS0 net.ifnames=0 ip=192.168.0.35 quiet
[    0.000000] kernel: x86/fpu: Supporting XSAVE feature 0x001: 'x87 floating point registers'
[    0.000000] kernel: x86/fpu: Supporting XSAVE feature 0x002: 'SSE registers'
[    0.000000] kernel: x86/fpu: Supporting XSAVE feature 0x004: 'AVX registers'
[    0.000000] kernel: x86/fpu: Supporting XSAVE feature 0x020: 'AVX-512 opmask'
[    0.000000] kernel: x86/fpu: Supporting XSAVE feature 0x040: 'AVX-512 Hi256'
[    0.000000] kernel: x86/fpu: Supporting XSAVE feature 0x080: 'AVX-512 ZMM_Hi256'
[    0.000000] kernel: x86/fpu: Supporting XSAVE feature 0x200: 'Protection Keys User registers'
[    0.000000] kernel: x86/fpu: xstate_offset[2]:  576, xstate_sizes[2]:  256
[    0.000000] kernel: x86/fpu: xstate_[D 01/16/2023 17:42:13] PVFS2 Server version 2.9.7-orangefs-REV-65ab0d2 starting.
[E 01/16/2023 17:43:19] PVFS2 server got signal 15 (server_status_flag: 2080767)
[D 02/18/2023 14:39:31] PVFS2 Server version 2.9.7-orangefs-REV-65ab0d2 starting.
[D 02/18/2023 14:47:30] PVFS2 received server: signal 1
[E 02/18/2023 14:47:30] PVFS2 server got signal 15 (server_status_flag: 2080767)
offset[5]:  832, xstate_sizes[5]:   64
[    0.000000] kernel: x86/fpu: xstate_offset[6]:  896, xstate_sizes[6]:  512
[    0.000000] kernel: x86/fpu: xstate_offset[7]: 1408, xstate_sizes[7]: 1024
[    0.000000] kernel: x86/fpu: xstate_offset[9]: 2432, xstate_sizes[9]:    8
[    0.000000] kernel: x86/fpu: Enabled xstate features 0x2e7, context size is 2440 bytes, using 'compacted' format.
[    0.000000] kernel: signal: max sigframe size: 3632
[    0.000000] kernel: BIOS-provided physical RAM map:
[    0.000000] kernel: BIOS-e820: [mem 0x0000000000000000-0x000000000009fbff] usable
[    0.000000] kernel: BIOS-e820: [mem 0x000000000009fc00-0x000000000009ffff] reserved
[    0.000000] kernel: BIOS-e820: [mem 0x00000000000f0000-0x00000000000fffff] reserved
[    0.000000] kernel: BIOS-e820: [mem 0x0000000000100000-0x00000000bffdffff] usable
[    0.000000] kernel: BIOS-e820: [mem 0x00000000bffe0000-0x00000000bfffffff] reserved
[    0.000000] kernel: BIOS-e820: [mem 0x00000000feffc000-0x00000000feffffff] reserved
[    0.000000] kernel: BIOS-e820: [mem 0x00000000fffc0000-0x00000000ffffffff] reserved
[    0.000000] kernel: BIOS-e820: [mem 0x0000000100000000-0x00000002bfffffff] usable
[    0.000000] kernel: NX (Execute Disable) protection: active
[    0.000000] kernel: SMBIOS 2.8 present.
[    0.000000] kernel: DMI: QEMU Standard PC (i440FX + PIIX, 1996), BIOS 1.13.0-1ubuntu1.1 04/01/2014
[    0.000000] kernel: Hypervisor detected: KVM
[    0.000000] kernel: kvm-clock: Using msrs 4b564d01 and 4b564d00
[    0.000000] kernel: kvm-clock: cpu 0, msr 15ac6e001, primary cpu clock
[    0.000001] kernel: kvm-clock: using sched offset of 623104147 cycles
[    0.000003] kernel: clocksource: kvm-clock: mask: 0xffffffffffffffff max_cycles: 0x1cd42e4dffb, max_idle_ns: 881590591483 ns
[    0.000005] kernel: tsc: Detected 2593.906 MHz processor
[    0.000422] kernel: e820: update [mem 0x00000000-0x00000fff] usable ==> reserved
[    0.000424] kernel: e820: remove [mem 0x000a0000-0x000fffff] usable
[    0.000427] kernel: last_pfn = 0x2c0000 max_arch_pfn = 0x10000000000
[    0.000479] kernel: x86/PAT: Configuration [0-7]: WB  WC  UC- UC  WB  WP  UC- WT  
[    0.000484] kernel: last_pfn = 0xbffe0 max_arch_pfn = 0x10000000000
[    0.004663] kernel: found SMP MP-table at [mem 0x000f5c80-0x000f5c8f]
[    0.004687] kernel: Using GB pages for direct mapping
[    0.004807] kernel: ACPI: Early table checksum verification disabled
[    0.004810] kernel: ACPI: RSDP 0x00000000000F5A50 000014 (v00 BOCHS )
[    0.004818] kernel: ACPI: RSDT 0x00000000BFFE15C9 000030 (v01 BOCHS  BXPCRSDT 00000001 BXPC 00000001)
[    0.004823] kernel: ACPI: FACP 0x00000000BFFE149D 000074 (v01 BOCHS  BXPCFACP 00000001 BXPC 00000001)
[    0.004828] kernel: ACPI: DSDT 0x00000000BFFE0040 00145D (v01 BOCHS  BXPCDSDT 00000001 BXPC 00000001)
[    0.004830] kernel: ACPI: FACS 0x00000000BFFE0000 000040
[    0.004833] kernel: ACPI: APIC 0x00000000BFFE1511 000080 (v01 BOCHS  BXPCAPIC 00000001 BXPC 00000001)
[    0.004835] kernel: ACPI: HPET 0x00000000BFFE1591 000038 (v01 BOCHS  BXPCHPET 00000001 BXPC 00000001)
[    0.004837] kernel: ACPI: Reserving FACP table memory at [mem 0xbffe149d-0xbffe1510]
[    0.004838] kernel: ACPI: Reserving DSDT table memory at [mem 0xbffe0040-0xbffe149c]
[    0.004838] kernel: ACPI: Reserving FACS table memory at [mem 0xbffe0000-0xbffe003f]
[    0.004839] kernel: ACPI: Reserving APIC table memory at [mem 0xbffe1511-0xbffe1590]
[    0.004839] kernel: ACPI: Reserving HPET table memory at [mem 0xbffe1591-0xbffe15c8]
[    0.005098] kernel: No NUMA configuration found
[    0.005099] kernel: Faking a node at [mem 0x0000000000000000-0x00000002bfffffff]
[    0.005102] kernel: NODE_DATA(0) allocated [mem 0x2bfffc000-0x2bfffffff]
[    0.005816] kernel: Zone ranges:
[    0.005818] kernel:   DMA      [mem 0x0000000000001000-0x0000000000ffffff]
[    0.005820] kernel:   DMA32    [mem 0x0000000001000000-0x00000000ffffffff]
[    0.005821] kernel:   Normal   [mem 0x0000000100000000-0x00000002bfffffff]
[    0.005822] kernel: Movable zone start for each node
[    0.005822] kernel: Early memory node ranges
[    0.005823] kernel:   node   0: [mem 0x0000000000001000-0x000000000009efff]
[    0.005824] kernel:   node   0: [mem 0x0000000000100000-0x00000000bffdffff]
[    0.005825] kernel:   node   0: [mem 0x0000000100000000-0x00000002bfffffff]
[    0.005826] kernel: Initmem setup node 0 [mem 0x0000000000001000-0x00000002bfffffff]
[    0.006371] kernel: On node 0, zone DMA: 1 pages in unavailable ranges
[    0.006382] kernel: On node 0, zone DMA: 97 pages in unavailable ranges
[    0.182865] kernel: On node 0, zone Normal: 32 pages in unavailable ranges
[    0.887032] kernel: kasan: KernelAddressSanitizer initialized
[    0.887375] kernel: ACPI: PM-Timer IO Port: 0x608
[    0.887383] kernel: ACPI: LAPIC_NMI (acpi_id[0xff] dfl dfl lint[0x1])
[    0.887420] kernel: IOAPIC[0]: apic_id 0, version 17, address 0xfec00000, GSI 0-23
[    0.887422] kernel: ACPI: INT_SRC_OVR (bus 0 bus_irq 0 global_irq 2 dfl dfl)
[    0.887425] kernel: ACPI: INT_SRC_OVR (bus 0 bus_irq 5 global_irq 5 high level)
[    0.887427] kernel: ACPI: INT_SRC_OVR (bus 0 bus_irq 9 global_irq 9 high level)
[    0.887428] kernel: ACPI: INT_SRC_OVR (bus 0 bus_irq 10 global_irq 10 high level)
[    0.887429] kernel: ACPI: INT_SRC_OVR (bus 0 bus_irq 11 global_irq 11 high level)
[    0.887432] kernel: ACPI: Using ACPI (MADT) for SMP configuration information
[    0.887433] kernel: ACPI: HPET id: 0x8086a201 base: 0xfed00000
[    0.887437] kernel: TSC deadline timer available
[    0.887438] kernel: smpboot: Allowing 2 CPUs, 0 hotplug CPUs
[    0.887461] kernel: kvm-guest: KVM setup pv remote TLB flush
[    0.887466] kernel: kvm-guest: setup PV sched yield
[    0.887474] kernel: PM: hibernation: Registered nosave memory: [mem 0x00000000-0x00000fff]
[    0.887475] kernel: PM: hibernation: Registered nosave memory: [mem 0x0009f000-0x0009ffff]
[    0.887476] kernel: PM: hibernation: Registered nosave memory: [mem 0x000a0000-0x000effff]
[    0.887483] kernel: PM: hibernation: Registered nosave memory: [mem 0x000f0000-0x000fffff]
[    0.887484] kernel: PM: hibernation: Registered nosave memory: [mem 0xbffe0000-0xbfffffff]
[    0.887485] kernel: PM: hibernation: Registered nosave memory: [mem 0xc0000000-0xfeffbfff]
[    0.887485] kernel: PM: hibernation: Registered nosave memory: [mem 0xfeffc000-0xfeffffff]
[    0.887496] kernel: PM: hibernation: Registered nosave memory: [mem 0xff000000-0xfffbffff]
[    0.887497] kernel: PM: hibernation: Registered nosave memory: [mem 0xfffc0000-0xffffffff]
[    0.887499] kernel: [mem 0xc0000000-0xfeffbfff] available for PCI devices
[    0.887500] kernel: Booting paravirtualized kernel on KVM
[    0.887503] kernel: clocksource: refined-jiffies: mask: 0xffffffff max_cycles: 0xffffffff, max_idle_ns: 1910969940391419 ns
[    0.891808] kernel: setup_percpu: NR_CPUS:64 nr_cpumask_bits:64 nr_cpu_ids:2 nr_node_ids:1
[    0.892452] kernel: percpu: Embedded 56 pages/cpu s191576 r8192 d29608 u1048576
[    0.892458] kernel: pcpu-alloc: s191576 r8192 d29608 u1048576 alloc=1*2097152
[    0.892461] kernel: pcpu-alloc: [0] 0 1 
[    0.892485] kernel: kvm-guest: setup async PF for cpu 0
[    0.892490] kernel: kvm-guest: stealtime: cpu 0, msr 26561f140
[    0.892495] kernel: Built 1 zonelists, mobility grouping on.  Total pages: 2580192
[    0.892496] kernel: Policy zone: Normal
[    0.892498] kernel: Kernel command line: root=/dev/sda console=ttyS0 net.ifnames=0 ip=192.168.0.35 quiet
[    0.897248] kernel: Dentry cache hash table entries: 2097152 (order: 12, 16777216 bytes, linear)
[    0.899610] kernel: Inode-cache hash table entries: 1048576 (order: 11, 8388608 bytes, linear)
[    0.899666] kernel: mem auto-init: stack:off, heap alloc:off, heap free:off
[    1.192455] kernel: Memory: 8872656K/10485240K available (14348K kernel code, 2403K rwdata, 3568K rodata, 1384K init, 1732K bss, 1612384K reserved, 0K cma-reserved)
[    1.192551] kernel: SLUB: HWalign=64, Order=0-3, MinObjects=0, CPUs=2, Nodes=1
[    1.193174] kernel: rcu: Hierarchical RCU implementation.
[    1.193176] kernel: rcu:         RCU event tracing is enabled.
[    1.193177] kernel: rcu:         RCU restricting CPUs from NR_CPUS=64 to nr_cpu_ids=2.
[    1.193180] kernel: rcu: RCU calculated value of scheduler-enlistment delay is 100 jiffies.
[    1.193181] kernel: rcu: Adjusting geometry for rcu_fanout_leaf=16, nr_cpu_ids=2
[    1.195906] kernel: NR_IRQS: 4352, nr_irqs: 440, preallocated irqs: 16
[    1.196129] kernel: random: get_random_bytes called from start_kernel+0x4b1/0x67a with crng_init=0
[    1.200037] kernel: Console: colour VGA+ 80x25
[    1.200084] kernel: printk: console [ttyS0] enabled
[    1.200101] kernel: ACPI: Core revision 20210730
[    1.200251] kernel: clocksource: hpet: mask: 0xffffffff max_cycles: 0xffffffff, max_idle_ns: 19112604467 ns
[    1.200362] kernel: APIC: Switch to symmetric I/O mode setup
[    1.200366] kernel: kvm-guest: setup PV IPIs
[    1.201228] kernel: ..TIMER: vector=0x30 apic1=0 pin1=2 apic2=-1 pin2=-1
[    1.201249] kernel: clocksource: tsc-early: mask: 0xffffffffffffffff max_cycles: 0x2563bf907c6, max_idle_ns: 440795319401 ns
[    1.201258] kernel: Calibrating delay loop (skipped) preset value.. 5187.81 BogoMIPS (lpj=2593906)
[    1.201261] kernel: pid_max: default: 32768 minimum: 301
[    1.201294] kernel: LSM: Security Framework initializing
[    1.202253] kernel: SELinux:  Initializing.
[    1.202340] kernel: Mount-cache hash table entries: 32768 (order: 6, 262144 bytes, linear)
[    1.202844] kernel: Mountpoint-cache hash table entries: 32768 (order: 6, 262144 bytes, linear)
[    1.203306] kernel: x86/cpu: User Mode Instruction Prevention (UMIP) activated
[    1.203396] kernel: Last level iTLB entries: 4KB 0, 2MB 0, 4MB 0
[    1.203397] kernel: Last level dTLB entries: 4KB 0, 2MB 0, 4MB 0, 1GB 0
[    1.203407] kernel: Spectre V1 : Mitigation: usercopy/swapgs barriers and __user pointer sanitization
[    1.203411] kernel: Spectre V2 : Mitigation: Enhanced IBRS
[    1.203412] kernel: Spectre V2 : Spectre v2 / SpectreRSB mitigation: Filling RSB on context switch
[    1.203414] kernel: Spectre V2 : mitigation: Enabling conditional Indirect Branch Prediction Barrier
[    1.203416] kernel: Speculative Store Bypass: Mitigation: Speculative Store Bypass disabled via prctl and seccomp
[    1.203417] kernel: TAA: Mitigation: TSX disabled
[    1.209950] kernel: Freeing SMP alternatives memory: 40K
[    1.210105] kernel: smpboot: CPU0: Intel(R) Xeon(R) Gold 6348 CPU @ 2.60GHz (family: 0x6, model: 0x6a, stepping: 0x6)
[    1.210229] kernel: Performance Events: Icelake events, 32-deep LBR, full-width counters, Intel PMU driver.
[    1.210252] kernel: ... version:                2
[    1.210252] kernel: ... bit width:              48
[    1.210252] kernel: ... generic registers:      8
[    1.210252] kernel: ... value mask:             0000ffffffffffff
[    1.210252] kernel: ... max period:             00007fffffffffff
[    1.210252] kernel: ... fixed-purpose events:   3
[    1.210252] kernel: ... event mask:             00000007000000ff
[    1.210252] kernel: rcu: Hierarchical SRCU implementation.
[    1.210252] kernel: smp: Bringing up secondary CPUs ...
[    1.210252] kernel: x86: Booting SMP configuration:
[    1.210252] kernel: .... node  #0, CPUs:      #1
[    0.005159] kernel: kvm-clock: cpu 1, msr 15ac6e041, secondary cpu clock
[    0.005159] kernel: smpboot: CPU 1 Converting physical 0 to logical die 1
[    1.213323] kernel: kvm-guest: setup async PF for cpu 1
[    1.213323] kernel: kvm-guest: stealtime: cpu 1, msr 26571f140
[    1.213323] kernel: smp: Brought up 1 node, 2 CPUs
[    1.213323] kernel: smpboot: Max logical packages: 2
[    1.213323] kernel: smpboot: Total of 2 processors activated (10375.62 BogoMIPS)
[    1.213927] kernel: devtmpfs: initialized
[    1.215441] kernel: clocksource: jiffies: mask: 0xffffffff max_cycles: 0xffffffff, max_idle_ns: 1911260446275000 ns
[    1.215446] kernel: futex hash table entries: 512 (order: 3, 32768 bytes, linear)
[    1.215630] kernel: PM: RTC time: 18:43:46, date: 2023-03-07
[    1.215830] kernel: NET: Registered PF_NETLINK/PF_ROUTE protocol family
[    1.216007] kernel: audit: initializing netlink subsys (disabled)
[    1.216369] kernel: thermal_sys: Registered thermal governor 'step_wise'
[    1.216370] kernel: thermal_sys: Registered thermal governor 'user_space'
[    1.216410] kernel: audit: type=2000 audit(1678214627.088:1): state=initialized audit_enabled=0 res=1
[    1.216413] kernel: cpuidle: using governor menu
[    1.216462] kernel: ACPI: bus type PCI registered
[    1.216651] kernel: PCI: Using configuration type 1 for base access
[    1.223646] kernel: Kprobes globally optimized
[    1.225336] kernel: HugeTLB registered 2.00 MiB page size, pre-allocated 0 pages
[    1.225410] kernel: cryptomgr_test (26) used greatest stack depth: 31400 bytes left
[    1.230338] kernel: ACPI: Added _OSI(Module Device)
[    1.230338] kernel: ACPI: Added _OSI(Processor Device)
[    1.230338] kernel: ACPI: Added _OSI(3.0 _SCP Extensions)
[    1.230338] kernel: ACPI: Added _OSI(Processor Aggregator Device)
[    1.230338] kernel: ACPI: Added _OSI(Linux-Dell-Video)
[    1.230338] kernel: ACPI: Added _OSI(Linux-Lenovo-NV-HDMI-Audio)
[    1.230338] kernel: ACPI: Added _OSI(Linux-HPI-Hybrid-Graphics)
[    1.240613] kernel: ACPI: 1 ACPI AML tables successfully acquired and loaded
[    1.243702] kernel: ACPI: Interpreter enabled
[    1.243737] kernel: ACPI: PM: (supports S0 S3 S4 S5)
[    1.243739] kernel: ACPI: Using IOAPIC for interrupt routing
[    1.243775] kernel: PCI: Using host bridge windows from ACPI; if necessary, use "pci=nocrs" and report a bug
[    1.244122] kernel: ACPI: Enabled 2 GPEs in block 00 to 0F
[    1.254423] kernel: ACPI: PCI Root Bridge [PCI0] (domain 0000 [bus 00-ff])
[    1.254435] kernel: acpi PNP0A03:00: _OSC: OS supports [ASPM ClockPM Segments MSI HPX-Type3]
[    1.254483] kernel: acpi PNP0A03:00: fail to add MMCONFIG information, can't access extended PCI configuration space under this bridge.
[    1.254593] kernel: PCI host bridge to bus 0000:00
[    1.254597] kernel: pci_bus 0000:00: root bus resource [io  0x0000-0x0cf7 window]
[    1.254599] kernel: pci_bus 0000:00: root bus resource [io  0x0d00-0xffff window]
[    1.254601] kernel: pci_bus 0000:00: root bus resource [mem 0x000a0000-0x000bffff window]
[    1.254603] kernel: pci_bus 0000:00: root bus resource [mem 0xc0000000-0xfebfffff window]
[    1.254605] kernel: pci_bus 0000:00: root bus resource [mem 0x2c0000000-0x33fffffff window]
[    1.254607] kernel: pci_bus 0000:00: root bus resource [bus 00-ff]
[    1.255105] kernel: pci 0000:00:00.0: [8086:1237] type 00 class 0x060000
[    1.256019] kernel: pci 0000:00:01.0: [8086:7000] type 00 class 0x060100
[    1.257388] kernel: pci 0000:00:01.1: [8086:7010] type 00 class 0x010180
[    1.259473] kernel: pci 0000:00:01.1: reg 0x20: [io  0----- is restarting 0
---- dfs_name orangefs is_dfs_client 0
unlink FIFO failed: No such file or directory
executor 2 finishes userspace_cover_open
before receiving handshake request
req.flags ea2
[    0.000000] kernel: Linux version 5.15.0+ (tlyu@IC-RS3-DPC07) (gcc (Ubuntu 9.4.0-1ubuntu1~20.04.1) 9.4.0, GNU ld (GNU Binutils for Ubuntu) 2.34) #7 SMP Sat Feb 18 10:18:37 CET 2023
[    0.000000] kernel: Command line: root=/dev/sda console=ttyS0 net.ifnames=0 ip=192.168.0.37 quiet
[    0.000000] kernel: x86/fpu: Supporting XSAVE feature 0x001: 'x87 floating point registers'
[    0.000000] kernel: x86/fpu: Supporting XSAVE feature 0x002: 'SSE registers'
[    0.000000] kernel: x86/fpu: Supporting XSAVE feature 0x004: 'AVX registers'
[    0.000000] kernel: x86/fpu: Supporting XSAVE feature 0x020: 'AVX-512 opmask'
[    0.000000] kernel: x86/fpu: Supporting XSAVE feature 0x040: 'AVX-512 Hi256'
[    0.000000] kernel: x86/fpu: Supporting XSAVE feature 0x080: 'AVX-512 ZMM_Hi256'
[    0.000000] kernel: x86/fpu: Supporting XSAVE feature 0x200: 'Protection Keys User registers'
[    0.000000] kernel: x86/fpu: xstate_offset[2]:  576, xstate_sizes[2]:  256
[    0.000000] kernel: x86/fpu: xstate_offset[5]:  832, xstate_sizes[5]:   64
[    0.000000] kernel: x86/fpu: xstate_offset[6]:  896, xstate_sizes[6]:  512
[    0.000000] kernel: x86/fpu: xstate_offset[7]: 1408, xstate_sizes[7]: 1024
[    0.000000] kernel: x86/fpu: xstate_offset[9]: 2432, xstate_sizes[9]:    8
[    0.000000] kernel: x86/fpu: Enabled xstate features 0x2e7, context size is 2440 bytes, using 'compacted' format.
[    0.000000] kernel: signal: max sigframe size: 3632
[    0.000000] kernel: BIOS-provided physical RAM map:
[    0.000000] kernel: BIOS-e820: [mem 0x0000000000000000-0x000000000009fbff] usable
[    0.000000] kernel: BIOS-e820: [mem 0x000000000009fc00-0x000000000009ffff] reserved
[    0.000000] kernel: BIOS-e820: [mem 0x00000000000f0000-0x00000000000fffff] reserved
[    0.000000] kernel: BIOS-e820: [mem 0x0000000000100000-0x00000000bffdffff] usable
[    0.000000] kernel: BIOS-e820: [mem 0x00000000bffe0000-0x00000000bfffffff] reserved
[    0.000000] kernel: BIOS-e820: [mem 0x00000000feffc000-0x00000000[D 01/16/2023 17:42:13] PVFS2 Server version 2.9.7-orangefs-REV-65ab0d2 starting.
[E 01/16/2023 17:43:19] PVFS2 server got signal 15 (server_status_flag: 2080767)
[D 02/18/2023 14:39:31] PVFS2 Server version 2.9.7-orangefs-REV-65ab0d2 starting.
[D 02/18/2023 14:47:30] PVFS2 received server: signal 1
[E 02/18/2023 14:47:30] PVFS2 server got signal 15 (server_status_flag: 2080767)
feffffff] reserved
[    0.000000] kernel: BIOS-e820: [mem 0x00000000fffc0000-0x00000000ffffffff] reserved
[    0.000000] kernel: BIOS-e820: [mem 0x0000000100000000-0x00000002bfffffff] usable
[    0.000000] kernel: NX (Execute Disable) protection: active
[    0.000000] kernel: SMBIOS 2.8 present.
[    0.000000] kernel: DMI: QEMU Standard PC (i440FX + PIIX, 1996), BIOS 1.13.0-1ubuntu1.1 04/01/2014
[    0.000000] kernel: Hypervisor detected: KVM
[    0.000000] kernel: kvm-clock: Using msrs 4b564d01 and 4b564d00
[    0.000000] kernel: kvm-clock: cpu 0, msr 1f546e001, primary cpu clock
[    0.000001] kernel: kvm-clock: using sched offset of 329962990 cycles
[    0.000003] kernel: clocksource: kvm-clock: mask: 0xffffffffffffffff max_cycles: 0x1cd42e4dffb, max_idle_ns: 881590591483 ns
[    0.000005] kernel: tsc: Detected 2593.906 MHz processor
[    0.000414] kernel: e820: update [mem 0x00000000-0x00000fff] usable ==> reserved
[    0.000416] kernel: e820: remove [mem 0x000a0000-0x000fffff] usable
[    0.000419] kernel: last_pfn = 0x2c0000 max_arch_pfn = 0x10000000000
[    0.000465] kernel: x86/PAT: Configuration [0-7]: WB  WC  UC- UC  WB  WP  UC- WT  
[    0.000470] kernel: last_pfn = 0xbffe0 max_arch_pfn = 0x10000000000
[    0.004830] kernel: found SMP MP-table at [mem 0x000f5c80-0x000f5c8f]
[    0.004854] kernel: Using GB pages for direct mapping
[    0.004977] kernel: ACPI: Early table checksum verification disabled
[    0.004981] kernel: ACPI: RSDP 0x00000000000F5A50 000014 (v00 BOCHS )
[    0.004988] kernel: ACPI: RSDT 0x00000000BFFE15C9 000030 (v01 BOCHS  BXPCRSDT 00000001 BXPC 00000001)
[    0.004993] kernel: ACPI: FACP 0x00000000BFFE149D 000074 (v01 BOCHS  BXPCFACP 00000001 BXPC 00000001)
[    0.004997] kernel: ACPI: DSDT 0x00000000BFFE0040 00145D (v01 BOCHS  BXPCDSDT 00000001 BXPC 00000001)
[    0.005001] kernel: ACPI: FACS 0x00000000BFFE0000 000040
[    0.005003] kernel: ACPI: APIC 0x00000000BFFE1511 000080 (v01 BOCHS  BXPCAPIC 00000001 BXPC 00000001)
[    0.005005] kernel: ACPI: HPET 0x00000000BFFE1591 000038 (v01 BOCHS  BXPCHPET 00000001 BXPC 00000001)
[    0.005007] kernel: ACPI: Reserving FACP table memory at [mem 0xbffe149d-0xbffe1510]
[    0.005008] kernel: ACPI: Reserving DSDT table memory at [mem 0xbffe0040-0xbffe149c]
[    0.005009] kernel: ACPI: Reserving FACS table memory at [mem 0xbffe0000-0xbffe003f]
[    0.005009] kernel: ACPI: Reserving APIC table memory at [mem 0xbffe1511-0xbffe1590]
[    0.005010] kernel: ACPI: Reserving HPET table memory at [mem 0xbffe1591-0xbffe15c8]
[    0.005266] kernel: No NUMA configuration found
[    0.005266] kernel: Faking a node at [mem 0x0000000000000000-0x00000002bfffffff]
[    0.005269] kernel: NODE_DATA(0) allocated [mem 0x2bfffc000-0x2bfffffff]
[    0.005898] kernel: Zone ranges:
[    0.005899] kernel:   DMA      [mem 0x0000000000001000-0x0000000000ffffff]
[    0.005902] kernel:   DMA32    [mem 0x0000000001000000-0x00000000ffffffff]
[    0.005903] kernel:   Normal   [mem 0x0000000100000000-0x00000002bfffffff]
[    0.005904] kernel: Movable zone start for each node
[    0.005904] kernel: Early memory node ranges
[    0.005905] kernel:   node   0: [mem 0x0000000000001000-0x000000000009efff]
[    0.005906] kernel:   node   0: [mem 0x0000000000100000-0x00000000bffdffff]
[    0.005907] kernel:   node   0: [mem 0x0000000100000000-0x00000002bfffffff]
[    0.005908] kernel: Initmem setup node 0 [mem 0x0000000000001000-0x00000002bfffffff]
[    0.006426] kernel: On node 0, zone DMA: 1 pages in unavailable ranges
[    0.006437] kernel: On node 0, zone DMA: 97 pages in unavailable ranges
[    0.063502] kernel: On node 0, zone Normal: 32 pages in unavailable ranges
[    0.561715] kernel: kasan: KernelAddressSanitizer initialized
[    0.562056] kernel: ACPI: PM-Timer IO Port: 0x608
[    0.562065] kernel: ACPI: LAPIC_NMI (acpi_id[0xff] dfl dfl lint[0x1])
[    0.562102] kernel: IOAPIC[0]: apic_id 0, version 17, address 0xfec00000, GSI 0-23
[    0.562105] kernel: ACPI: INT_SRC_OVR (bus 0 bus_irq 0 global_irq 2 dfl dfl)
[    0.562107] kernel: ACPI: INT_SRC_OVR (bus 0 bus_irq 5 global_irq 5 high level)
[    0.562108] kernel: ACPI: INT_SRC_OVR (bus 0 bus_irq 9 global_irq 9 high level)
[    0.562109] kernel: ACPI: INT_SRC_OVR (bus 0 bus_irq 10 global_irq 10 high level)
[    0.562111] kernel: ACPI: INT_SRC_OVR (bus 0 bus_irq 11 global_irq 11 high level)
[    0.562113] kernel: ACPI: Using ACPI (MADT) for SMP configuration information
[    0.562114] kernel: ACPI: HPET id: 0x8086a201 base: 0xfed00000
[    0.562118] kernel: TSC deadline timer available
[    0.562119] kernel: smpboot: Allowing 2 CPUs, 0 hotplug CPUs
[    0.562142] kernel: kvm-guest: KVM setup pv remote TLB flush
[    0.562146] kernel: kvm-guest: setup PV sched yield
[    0.562153] kernel: PM: hibernation: Registered nosave memory: [mem 0x00000000-0x00000fff]
[    0.562154] kernel: PM: hibernation: Registered nosave memory: [mem 0x0009f000-0x0009ffff]
[    0.562155] kernel: PM: hibernation: Registered nosave memory: [mem 0x000a0000-0x000effff]
[    0.562156] kernel: PM: hibernation: Registered nosave memory: [mem 0x000f0000-0x000fffff]
[    0.562157] kernel: PM: hibernation: Registered nosave memory: [mem 0xbffe0000-0xbfffffff]
[    0.562158] kernel: PM: hibernation: Registered nosave memory: [mem 0xc0000000-0xfeffbfff]
[    0.562159] kernel: PM: hibernation: Registered nosave memory: [mem 0xfeffc000-0xfeffffff]
[    0.562159] kernel: PM: hibernation: Registered nosave memory: [mem 0xff000000-0xfffbffff]
[    0.562160] kernel: PM: hibernation: Registered nosave memory: [mem 0xfffc0000-0xffffffff]
[    0.562162] kernel: [mem 0xc0000000-0xfeffbfff] available for PCI devices
[    0.562163] kernel: Booting paravirtualized kernel on KVM
[    0.562165] kernel: clocksource: refined-jiffies: mask: 0xffffffff max_cycles: 0xffffffff, max_idle_ns: 1910969940391419 ns
[    0.566207] kernel: setup_percpu: NR_CPUS:64 nr_cpumask_bits:64 nr_cpu_ids:2 nr_node_ids:1
[    0.567163] kernel: percpu: Embedded 56 pages/cpu s191576 r8192 d29608 u1048576
[    0.567170] kernel: pcpu-alloc: s191576 r8192 d29608 u1048576 alloc=1*2097152
[    0.567173] kernel: pcpu-alloc: [0] 0 1 
[    0.567200] kernel: kvm-guest: setup async PF for cpu 0
[    0.567206] kernel: kvm-guest: stealtime: cpu 0, msr 26561f140
[    0.567211] kernel: Built 1 zonelists, mobility grouping on.  Total pages: 2580192
[    0.567212] kernel: Policy zone: Normal
[    0.567214] kernel: Kernel command line: root=/dev/sda console=ttyS0 net.ifnames=0 ip=192.168.0.37 quiet
[    0.573985] kernel: Dentry cache hash table entries: 2097152 (order: 12, 16777216 bytes, linear)
[    0.577315] kernel: Inode-cache hash table entries: 1048576 (order: 11, 8388608 bytes, linear)
[    0.577377] kernel: mem auto-init: stack:off, heap alloc:off, heap free:off
[    0.835145] kernel: Memory: 8872652K/10485240K available (14348K kernel code, 2403K rwdata, 3568K rodata, 1384K init, 1732K bss, 1612388K reserved, 0K cma-reserved)
[    0.835231] kernel: SLUB: HWalign=64, Order=0-3, MinObjects=0, CPUs=2, Nodes=1
[    0.835860] kernel: rcu: Hierarchical RCU implementation.
[    0.835862] kernel: rcu:         RCU event tracing is enabled.
[    0.835862] kernel: rcu:         RCU restricting CPUs from NR_CPUS=64 to nr_cpu_ids=2.
[    0.835865] kernel: rcu: RCU calculated value of scheduler-enlistment delay is 100 jiffies.
[    0.835866] kernel: rcu: Adjusting geometry for rcu_fanout_leaf=16, nr_cpu_ids=2
[    0.838637] kernel: NR_IRQS: 4352, nr_irqs: 440, preallocated irqs: 16
[    0.838850] kernel: random: get_random_bytes called from start_kernel+0x4b1/0x67a with crng_init=0
[    0.842858] kernel: Console: colour VGA+ 80x25
[    0.842906] kernel: printk: console [ttyS0] enabled
[    0.842927] kernel: ACPI: Core revision 20210730
[    0.843077] kernel: clocksource: hpet: mask: 0xffffffff max_cycles: 0xffffffff, max_idle_ns: 19112604467 ns
[    0.843208] kernel: APIC: Switch to symmetric I/O mode setup
[    0.843211] kernel: kvm-guest: setup P----- is restarting 0
---- dfs_name orangefs is_dfs_client 1
V IPIs
[    0.844074] kernel: ..TIMER: vector=0x30 apic1=0 pin1=2 apic2=-1 pin2=-1
[    0.844094] kernel: clocksource: tsc-early: mask: 0xffffffffffffffff max_cycles: 0x2563bf907c6, max_idle_ns: 440795319401 ns
[    0.844101] kernel: Calibrating delay loop (skipped) preset value.. 5187.81 BogoMIPS (lpj=2593906)
[    0.844103] kernel: pid_max: default: 32768 minimum: 301
[    0.844135] kernel: LSM: Security Framework initializing
[    0.845107] kernel: SELinux:  Initializing.
[    0.845199] kernel: Mount-cache hash table entries: 32768 (order: 6, 262144 bytes, linear)
[    0.845732] kernel: Mountpoint-cache hash table entries: 32768 (order: 6, 262144 bytes, linear)
[    0.846172] kernel: x86/cpu: User Mode Instruction Prevention (UMIP) activated
[    0.846256] kernel: Last level iTLB entries: 4KB 0, 2MB 0, 4MB 0
[    0.846257] kernel: Last level dTLB entries: 4KB 0, 2MB 0, 4MB 0, 1GB 0
[    0.846267] kernel: Spectre V1 : Mitigation: usercopy/swapgs barriers and __user pointer sanitizatxc040-0xc04f]
[    1.260267] kernel: pci 0000:00:01.1: legacy IDE quirk: reg 0x10: [io  0x01f0-0x01f7]
[    1.260270] kernel: pci 0000:00:01.1: legacy IDE quirk: reg 0x14: [io  0x03f6]
[    1.260271] kernel: pci 0000:00:01.1: legacy IDE quirk: reg 0x18: [io  0x0170-0x0177]
[    1.260271] kernel: pci 0000:00:01.1: legacy IDE quirk: reg 0x1c: [io  0x0376]
[    1.261094] kernel: pci 0000:00:01.3: [8086:7113] type 00 class 0x068000
[    1.261364] kernel: pci 0000:00:01.3: quirk: [io  0x0600-0x063f] claimed by PIIX4 ACPI
[    1.261370] kernel: pci 0000:00:01.3: quirk: [io  0x0700-0x070f] claimed by PIIX4 SMB
[    1.262114] kernel: pci 0000:00:02.0: [1234:1111] type 00 class 0x030000
[    1.262782] kernel: pci 0000:00:02.0: reg 0x10: [mem 0xfd000000-0xfdffffff pref]
[    1.264759] kernel: pci 0000:00:02.0: reg 0x18: [mem 0xfeb90000-0xfeb90fff]
[    1.268257] kernel: pci 0000:00:02.0: reg 0x30: [mem 0xfeb80000-0xfeb8ffff pref]
[    1.269227] kernel: pci 0000:00:03.0: [1af4:1005] type 00 class 0x00ff00
[    1.269871] kernel: pci 0000:00:03.0: reg 0x10: [io  0xc000-0xc01f]
[    1.272256] kernel: pci 0000:00:03.0: reg 0x20: [mem 0xfe200000-0xfe203fff 64bit pref]
[    1.274291] kernel: pci 0000:00:04.0: [1af4:1000] type 00 class 0x020000
[    1.275189] kernel: pci 0000:00:04.0: reg 0x10: [io  0xc020-0xc03f]
[    1.275646] kernel: pci 0000:00:04.0: reg 0x14: [mem 0xfeb91000-0xfeb91fff]
[    1.278114] kernel: pci 0000:00:04.0: reg 0x20: [mem 0xfe204000-0xfe207fff 64bit pref]
[    1.278665] kernel: pci 0000:00:04.0: reg 0x30: [mem 0xfeb00000-0xfeb7ffff pref]
[    1.280370] kernel: pci 0000:00:10.0: [1af4:1110] type 00 class 0x050000
[    1.281241] kernel: pci 0000:00:10.0: reg 0x10: [mem 0xfeb92000-0xfeb920ff]
[    1.282585] kernel: pci 0000:00:10.0: reg 0x18: [mem 0xfe000000-0xfe0fffff 64bit pref]
[    1.285477] kernel: pci 0000:00:11.0: [1af4:1110] type 00 class 0x050000
[    1.286003] kernel: pci 0000:00:11.0: reg 0x10: [mem 0xfeb93000-0xfeb930ff]
[    1.286825] kernel: pci 0000:00:11.0: reg 0x18: [mem 0xfe208000-0xfe2083ff 64bit pref]
[    1.290444] kernel: pci 0000:00:12.0: [1af4:1110] type 00 class 0x050000
[    1.291256] kernel: pci 0000:00:12.0: reg 0x10: [mem 0xfeb94000-0xfeb940ff]
[    1.293257] kernel: pci 0000:00:12.0: reg 0x18: [mem 0xfe100000-0xfe1fffff 64bit pref]
[    1.297178] kernel: ACPI: PCI: Interrupt link LNKA configured for IRQ 10
[    1.297512] kernel: ACPI: PCI: Interrupt link LNKB configured for IRQ 10
[    1.297815] kernel: ACPI: PCI: Interrupt link LNKC configured for IRQ 11
[    1.298119] kernel: ACPI: PCI: Interrupt link LNKD configured for IRQ 11
[    1.298241] kernel: ACPI: PCI: Interrupt link LNKS configured for IRQ 9
[    1.299379] kernel: iommu: Default domain type: Translated 
[    1.299381] kernel: iommu: DMA domain TLB invalidation policy: lazy mode 
[    1.299415] kernel: pci 0000:00:02.0: vgaarb: setting as boot VGA device
[    1.299415] kernel: pci 0000:00:02.0: vgaarb: VGA device added: decodes=io+mem,owns=io+mem,locks=none
[    1.299415] kernel: pci 0000:00:02.0: vgaarb: bridge control possible
[    1.299415] kernel: vgaarb: loaded
[    1.299509] kernel: SCSI subsystem initialized
[    1.299567] kernel: libata version 3.00 loaded.
[    1.299567] kernel: ACPI: bus type USB registered
[    1.299567] kernel: usbcore: registered new interface driver usbfs
[    1.299567] kernel: usbcore: registered new interface driver hub
[    1.299567] kernel: usbcore: registered new device driver usb
[    1.299567] kernel: pps_core: LinuxPPS API ver. 1 registered
[    1.299567] kernel: pps_core: Software ver. 5.3.6 - Copyright 2005-2007 Rodolfo Giometti <giometti@linux.it>
[    1.299567] kernel: PTP clock support registered
[    1.299567] kernel: Advanced Linux Sound Architecture Driver Initialized.
[    1.300520] kernel: NetLabel: Initializing
[    1.300521] kernel: NetLabel:  domain hash size = 128
[    1.300522] kernel: NetLabel:  protocols = UNLABELED CIPSOv4 CALIPSO
[    1.300567] kernel: NetLabel:  unlabeled traffic allowed by default
[    1.300654] kernel: PCI: Using ACPI for IRQ routing
[    1.300656] kernel: PCI: pci_cache_line_size set to 64 bytes
[    1.300762] kernel: e820: reserve RAM buffer [mem 0x0009fc00-0x0009ffff]
[    1.300767] kernel: e820: reserve RAM buffer [mem 0xbffe0000-0xbfffffff]
[    1.300824] kernel: hpet0: at MMIO 0xfed00000, IRQs 2, 8, 0
[    1.300828] kernel: hpet0: 3 comparators, 64-bit 100.000000 MHz counter
[    1.304305] kernel: clocksource: Switched to clocksource kvm-clock
[    1.376429] kernel: VFS: Disk quotas dquot_6.6.0
[    1.376483] kernel: VFS: Dquot-cache hash table entries: 512 (order 0, 4096 bytes)
[    1.377627] kernel: pnp: PnP ACPI init
[    1.378982] kernel: pnp 00:03: [dma 2]
[    1.383896] kernel: pnp: PnP ACPI: found 6 devices
[    1.410435] kernel: clocksource: acpi_pm: mask: 0xffffff max_cycles: 0xffffff, max_idle_ns: 2085701024 ns
[    1.410718] kernel: NET: Registered PF_INET protocol family
[    1.415040] kernel: IP idents hash table entries: 262144 (order: 9, 2097152 bytes, linear)
[    1.437213] kernel: tcp_listen_portaddr_hash hash table entries: 8192 (order: 5, 131072 bytes, linear)
[    1.438776] kernel: TCP established hash table entries: 131072 (order: 8, 1048576 bytes, linear)
[    1.438946] kernel: TCP bind hash table entries: 65536 (order: 8, 1048576 bytes, linear)
[    1.440375] kernel: TCP: Hash tables configured (established 131072 bind 65536)
[    1.440463] kernel: UDP hash table entries: 8192 (order: 6, 262144 bytes, linear)
[    1.440503] kernel: UDP-Lite hash table entries: 8192 (order: 6, 262144 bytes, linear)
[    1.441244] kernel: NET: Registered PF_UNIX/PF_LOCAL protocol family
[    1.446209] kernel: pci_bus 0000:00: resource 4 [io  0x0000-0x0cf7 window]
[    1.446213] kernel: pci_bus 0000:00: resource 5 [io  0x0d00-0xffff window]
[    1.446215] kernel: pci_bus 0000:00: resource 6 [mem 0x000a0000-0x000bffff window]
[    1.446216] kernel: pci_bus 0000:00: resource 7 [mem 0xc0000000-0xfebfffff window]
[    1.446218] kernel: pci_bus 0000:00: resource 8 [mem 0x2c0000000-0x33fffffff window]
[    1.446400] kernel: pci 0000:00:01.0: PIIX3: Enabling Passive Release
[    1.446411] kernel: pci 0000:00:00.0: Limiting direct PCI/PCI transfers
[    1.446419] kernel: pci 0000:00:01.0: Activating ISA DMA hang workarounds
[    1.446456] kernel: pci 0000:00:02.0: Video device with shadowed ROM at [mem 0x000c0000-0x000dffff]
[    1.446492] kernel: PCI: CLS 0 bytes, default 64
[    1.447402] kernel: PCI-DMA: Using software bounce buffering for IO (SWIOTLB)
[    1.447405] kernel: software IO TLB: mapped [mem 0x00000000bbfe0000-0x00000000bffe0000] (64MB)
[    1.447664] kernel: RAPL PMU: API unit is 2^-32 Joules, 0 fixed counters, 10737418240 ms ovfl timer
[    1.447684] kernel: clocksource: tsc: mask: 0xffffffffffffffff max_cycles: 0x2563bf907c6, max_idle_ns: 440795319401 ns
[    1.448362] kernel: clocksource: Switched to clocksource tsc
[    1.457866] kernel: Initialise system trusted keyrings
[    1.460839] kernel: workingset: timestamp_bits=56 max_order=22 bucket_order=0
[    1.471906] kernel: fuse: init (API version 7.34)
[    1.472712] kernel: orangefs_debugfs_init: called with debug mask: :none: :0:
[    1.472801] kernel: orangefs_init: module version upstream loaded
[    1.503870] kernel: Key type asymmetric registered
[    1.503875] kernel: Asymmetric key parser 'x509' registered
[    1.503977] kernel: Block layer SCSI generic (bsg) driver version 0.4 loaded (major 250)
[    1.503979] kernel: io scheduler mq-deadline registered
[    1.503980] kernel: io scheduler kyber registered
[    1.504468] kernel: input: Power Button as /devices/LNXSYSTM:00/LNXPWRBN:00/input/input0
[    1.505105] kernel: ACPI: button: Power Button [PWRF]
[    2.074108] kernel: ACPI: \_SB_.LNKC: Enabled at IRQ 11
[    2.371489] kernel: ACPI: \_SB_.LNKD: Enabled at IRQ 10
[    2.372684] kernel: Serial: 8250/16550 driver, 4 ports, IRQ sharing enabled
[    2.372808] kernel: 00:05: ttyS0 at I/O 0xbefore receiving handshake request
[    0.000000] kernel: Linux version 5.15.0+ (tlyu@IC-RS3-DPC07) (gcc (Ubuntu 9.4.0-1ubuntu1~20.04.1) 9.4.0, GNU ld (GNU Binutils for Ubuntu) 2.34) #7 SMP Sat Feb 18 10:18:37 CET 2023
[    0.000000] kernel: Command line: root=/dev/sda console=ttyS0 net.ifnames=0 ip=192.168.0.38 quiet
[    0.000000] kernel: x86/fpu: Supporting XSAVE feature 0x001: 'x87 floating point registers'
[    0.000000] kernel: x86/fpu: Supporting XSAVE feature 0x002: 'SSE registers'
[    0.000000] kernel: x86/fpu: Supporting XSAVE feature 0x004: 'AVX registers'
[    0.000000] kernel: x86/fpu: Supporting XSAVE feature 0x020: 'AVX-512 opmask'
[    0.000000] kernel: x86/fpu: Supporting XSAVE feature 0x040: 'AVX-512 Hi256'
[    0.000000] kernel: x86/fpu: Supporting XSAVE feature 0x080: 'AVX-512 ZMM_Hi256'
[    0.000000] kernel: x86/fpu: Supporting XSAVE feature 0x200: 'Protection Keys User registers'
[    0.000000] kernel: x86/fpu: xstate_offset[2]:  576, xstate_sizes[2]:  256
[    0.000000] kernel: x86/fpu: xstate_ion
[    0.846271] kernel: Spectre V2 : Mitigation: Enhanced IBRS
[    0.846272] kernel: Spectre V2 : Spectre v2 / SpectreRSB mitigation: Filling RSB on context switch
[    0.846274] kernel: Spectre V2 : mitigation: Enabling conditional Indirect Branch Prediction Barrier
[    0.846275] kernel: Speculative Store Bypass: Mitigation: Speculative Store Bypass disabled via prctl and seccomp
[    0.846276] kernel: TAA: Mitigation: TSX disabled
[    0.852096] kernel: Freeing SMP alternatives memory: 40K
[    0.852096] kernel: smpboot: CPU0: Intel(R) Xeon(R) Gold 6348 CPU @ 2.60GHz (family: 0x6, model: 0x6a, stepping: 0x6)
[    0.852096] kernel: Performance Events: Icelake events, 32-deep LBR, full-width counters, Intel PMU driver.
[    0.852096] kernel: ... version:                2
[    0.852096] kernel: ... bit width:              48
[    0.852096] kernel: ... generic registers:      8
[    0.852096] kernel: ... value mask:             0000ffffffffffff
[    0.852096] kernel: ... max period:             00007fffffffffff
[    0.852096] kernel: ... fixed-purpose events:   3
[    0.852096] kernel: ... event mask:             00000007000000ff
[    0.852096] kernel: rcu: Hierarchical SRCU implementation.
[    0.852096] kernel: smp: Bringing up secondary CPUs ...
[    0.852096] kernel: x86: Booting SMP configuration:
[    0.852096] kernel: .... node  #0, CPUs:      #1
[    0.005279] kernel: kvm-clock: cpu 1, msr 1f546e041, secondary cpu clock
[    0.005279] kernel: smpboot: CPU 1 Converting physical 0 to logical die 1
[    0.882098] kernel: kvm-guest: setup async PF for cpu 1
[    0.882098] kernel: kvm-guest: stealtime: cpu 1, msr 26571f140
[    0.882116] kernel: smp: Brought up 1 node, 2 CPUs
[    0.882119] kernel: smpboot: Max logical packages: 2
[    0.882120] kernel: smpboot: Total of 2 processors activated (10375.62 BogoMIPS)
[    0.883155] kernel: devtmpfs: initialized
[    0.894246] kernel: clocksource: jiffies: mask: 0xffffffff max_cycles: 0xffffffff, max_idle_ns: 1913f8 (irq = 4, base_baud = 115200) is a 16550A
[    2.373591] kernel: Non-volatile memory driver v1.3
[    2.373645] kernel: Linux agpgart interface v0.103
[    2.377269] kernel: loop: module loaded
[    2.377454] kernel: ata_piix 0000:00:01.1: version 2.13
[    2.387596] kernel: scsi host0: ata_piix
[    2.387898] kernel: scsi host1: ata_piix
[    2.387973] kernel: ata1: PATA max MWDMA2 cmd 0x1f0 ctl 0x3f6 bmdma 0xc040 irq 14
[    2.387975] kernel: ata2: PATA max MWDMA2 cmd 0x170 ctl 0x376 bmdma 0xc048 irq 15
[    2.388250] kernel: libphy: Fixed MDIO Bus: probed
[    2.392241] kernel: e100: Intel(R) PRO/100 Network Driver
[    2.392244] kernel: e100: Copyright(c) 1999-2006 Intel Corporation
[    2.392262] kernel: e1000: Intel(R) PRO/1000 Network Driver
[    2.392263] kernel: e1000: Copyright (c) 1999-2006 Intel Corporation.
[    2.392284] kernel: e1000e: Intel(R) PRO/1000 Network Driver
[    2.392285] kernel: e1000e: Copyright(c) 1999 - 2015 Intel Corporation.
[    2.392305] kernel: sky2: driver version 1.30
[    2.392504] kernel: ehci_hcd: USB 2.0 'Enhanced' Host Controller (EHCI) Driver
[    2.392505] kernel: ehci-pci: EHCI PCI platform driver
[    2.392519] kernel: ohci_hcd: USB 1.1 'Open' Host Controller (OHCI) Driver
[    2.392525] kernel: ohci-pci: OHCI PCI platform driver
[    2.392535] kernel: uhci_hcd: USB Universal Host Controller Interface driver
[    2.392637] kernel: usbcore: registered new interface driver usblp
[    2.392651] kernel: usbcore: registered new interface driver usb-storage
[    2.392697] kernel: i8042: PNP: PS/2 Controller [PNP0303:KBD,PNP0f13:MOU] at 0x60,0x64 irq 1,12
[    2.393248] kernel: serio: i8042 KBD port at 0x60,0x64 irq 1
[    2.393260] kernel: serio: i8042 AUX port at 0x60,0x64 irq 12
[    2.393655] kernel: input: AT Translated Set 2 keyboard as /devices/platform/i8042/serio0/input/input1
[    2.408306] kernel: rtc_cmos 00:00: RTC can wake from S4
[    2.409053] kernel: rtc_cmos 00:00: registered as rtc0
[    2.409087] kernel: rtc_cmos 00:00: alarms up to one day, y3k, 114 bytes nvram, hpet irqs
[    2.409480] kernel: device-mapper: ioctl: 4.45.0-ioctl (2021-03-22) initialised: dm-devel@redhat.com
[    2.409486] kernel: intel_pstate: CPU model not supported
[    2.409549] kernel: hid: raw HID events driver (C) Jiri Kosina
[    2.409809] kernel: usbcore: registered new interface driver usbhid
[    2.409810] kernel: usbhid: USB HID core driver
[    2.410107] kernel: netem: version 1.3
[    2.412050] kernel: Initializing XFRM netlink socket
[    2.412306] kernel: NET: Registered PF_INET6 protocol family
[    2.440794] kernel: Segment Routing with IPv6
[    2.440812] kernel: In-situ OAM (IOAM) with IPv6
[    2.440906] kernel: sit: IPv6, IPv4 and MPLS over IPv4 tunneling driver
[    2.441828] kernel: NET: Registered PF_PACKET protocol family
[    2.441888] kernel: 9pnet: Installing 9P2000 support
[    2.441930] kernel: Key type dns_resolver registered
[    2.441953] kernel: Key type ceph registered
[    2.442103] kernel: libceph: loaded (mon/osd proto 15/24)
[    2.443026] kernel: IPI shorthand broadcast: enabled
[    2.443063] kernel: sched_clock: Marking stable (2438171627, 4159013)->(2529600675, -87270035)
[    2.451122] kernel: registered taskstats version 1
[    2.451126] kernel: Loading compiled-in X.509 certificates
[    2.452233] kernel: PM:   Magic number: 15:101:746
[    2.452300] kernel: printk: console [netcon0] enabled
[    2.452301] kernel: netconsole: network logging started
[    2.544920] kernel: ata1.01: NODEV after polling detection
[    2.545146] kernel: ata2.01: NODEV after polling detection
[    2.545384] kernel: ata1.00: ATA-7: QEMU HARDDISK, 2.5+, max UDMA/100
[    2.545387] kernel: ata1.00: 88078336 sectors, multi 16: LBA48 
[    2.545565] kernel: ata2.00: ATAPI: QEMU DVD-ROM, 2.5+, max UDMA/100
[    2.546248] kernel: scsi 0:0:0:0: Direct-Access     ATA      QEMU HARDDISK    2.5+ PQ: 0 ANSI: 5
[    2.546569] kernel: scsi 0:0:0:0: Attached scsi generic sg0 type 0
[    2.546779] kernel: sd 0:0:0:0: [sda] 88078336 512-byte logical blocks: (45.1 GB/42.0 GiB)
[    2.546789] kernel: sd 0:0:0:0: [sda] Write Protect is off
[    2.546794] kernel: sd 0:0:0:0: [sda] Mode Sense: 00 3a 00 00
[    2.546805] kernel: sd 0:0:0:0: [sda] Write cache: enabled, read cache: enabled, doesn't support DPO or FUA
[    2.547339] kernel: scsi 1:0:0:0: CD-ROM            QEMU     QEMU DVD-ROM     2.5+ PQ: 0 ANSI: 5
[    2.550397] kernel: sd 0:0:0:0: [sda] Attached SCSI disk
[    2.567743] kernel: sr 1:0:0:0: [sr0] scsi3-mmc drive: 4x/4x cd/rw xa/form2 tray
[    2.567752] kernel: cdrom: Uniform CD-ROM driver Revision: 3.20
[    2.585101] kernel: sr 1:0:0:0: Attached scsi CD-ROM sr0
[    2.585286] kernel: sr 1:0:0:0: Attached scsi generic sg1 type 5
[    3.089853] kernel: input: ImExPS/2 Generic Explorer Mouse as /devices/platform/i8042/serio1/input/input3
[    3.116221] kernel: IP-Config: Guessing netmask 255.255.255.0
[    3.116225] kernel: IP-Config: Complete:
[    3.116221260446275000 ns
[    0.894252] kernel: futex hash table entries: 512 (order: 3, 32768 bytes, linear)
[    0.894441] kernel: PM: RTC time: 18:43:46, date: 2023-03-07
[    0.895201] kernel: NET: Registered PF_NETLINK/PF_ROUTE protocol family
[    0.895411] kernel: audit: initializing netlink subsys (disabled)
[    0.895461] kernel: thermal_sys: Registered thermal governor 'step_wise'
[    0.895461] kernel: thermal_sys: Registered thermal governor 'user_space'
[    0.895461] kernel: cpuidle: using governor menu
[    0.895461] kernel: audit: type=2000 audit(1678214626.665:1): state=initialized audit_enabled=0 res=1
[    0.895495] kernel: ACPI: bus type PCI registered
[    0.895659] kernel: PCI: Using configuration type 1 for base access
[    0.902305] kernel: Kprobes globally optimized
[    0.902341] kernel: HugeTLB registered 2.00 MiB page size, pre-allocated 0 pages
[    0.902341] kernel: cryptomgr_test (26) used greatest stack depth: 31400 bytes left
[    0.903166] kernel: ACPI: Added _OSI(Module Device)
[    0.903166] kernel: ACPI: Added _OSI(Processor Device)
[    0.903166] kernel: ACPI: Added _OSI(3.0 _SCP Extensions)
[    0.903166] kernel: ACPI: Added _OSI(Processor Aggregator Device)
[    0.903166] kernel: ACPI: Added _OSI(Linux-Dell-Video)
[    0.903166] kernel: ACPI: Added _OSI(Linux-Lenovo-NV-HDMI-Audio)
[    0.903166] kernel: ACPI: Added _OSI(Linux-HPI-Hybrid-Graphics)
[    0.909895] kernel: ACPI: 1 ACPI AML tables successfully acquired and loaded
[    0.912203] kernel: ACPI: Interpreter enabled
[    0.912234] kernel: ACPI: PM: (supports S0 S3 S4 S5)
[    0.912235] kernel: ACPI: Using IOAPIC for interrupt routing
[    0.912266] kernel: PCI: Using host bridge windows from ACPI; if necessary, use "pci=nocrs" and report a bug
[    0.912639] kernel: ACPI: Enabled 2 GPEs in block 00 to 0F
[    0.924010] kernel: ACPI: PCI Root Bridge [PCI0] (domain 0000 [bus 00-ff])
[    0.924022] kernel: acpi PNP0A03:00: _OSC: OS supports [ASPM ClockPM Segments MSI HPX-Type3]
offset[5]:  832, xstate_sizes[5]:   64
[    0.000000] kernel: x86/fpu: xstate_offset[6]:  896, xstate_sizes[6]:  512
[    0.000000] kernel: x86/fpu: xstate_offset[7]: 1408, xstate_sizes[7]: 1024
[    0.000000] kernel: x86/fpu: xstate_offset[9]: 2432, xstate_sizes[9]:    8
[    0.000000] kernel: x86/fpu: Enabled xstate features 0x2e7, context size is 2440 bytes, using 'compacted' format.
[    0.000000] kernel: signal: max sigframe size: 3632
[    0.000000] kernel: BIOS-provided physical RAM map:
[    0.000000] kernel: BIOS-e820: [mem 0x0000000000000000-0x000000000009fbff] usable
[    0.000000] kernel: BIOS-e820: [mem 0x000000000009fc00-0x000000000009ffff] reserved
[    0.000000] kernel: BIOS-e820: [mem 0x00000000000f0000-0x00000000000fffff] reserved
[    0.000000] kernel: BIOS-e820: [mem 0x0000000000100000-0x00000000bffdffff] usable
[    0.000000] kernel: BIOS-e820: [mem 0x00000000bffe0000-0x00000000bfffffff] reserved
[    0.000000] kernel: BIOS-e820: [mem 0x00000000feffc000-0x00000000feffffff] reserved
[    0.000000] kernel: BIOS-e820: [mem 0x00000000fffc0000-0x00000000ffffffff] reserved
[    0.000000] kernel: BIOS-e820: [mem 0x0000000100000000-0x00000002bfffffff] usable
[    0.000000] kernel: NX (Execute Disable) protection: active
[    0.000000] kernel: SMBIOS 2.8 present.
[    0.000000] kernel: DMI: QEMU Standard PC (i440FX + PIIX, 1996), BIOS 1.13.0-1ubuntu1.1 04/01/2014
[    0.000000] kernel: Hypervisor detected: KVM
[    0.000000] kernel: kvm-clock: Using msrs 4b564d01 and 4b564d00
[    0.000000] kernel: kvm-clock: cpu 0, msr 2a046e001, primary cpu clock
[    0.000001] kernel: kvm-clock: using sched offset of 563060981 cycles
[    0.000003] kernel: clocksource: kvm-clock: mask: 0xffffffffffffffff max_cycles: 0x1cd42e4dffb, max_idle_ns: 881590591483 ns
[    0.000005] kernel: tsc: Detected 2593.906 MHz processor
[    0.000442] kernel: e820: update [mem 0x00000000-0x00000fff] usable ==> reserved
[    0.000444] kernel: e820: remove [mem 0x000a0000-0x000fffff] usable
[    0.000447] kernel: last_pfn = 0x2c0000 max_arch_pfn = 0x10000000000
[    0.000496] kernel: x86/PAT: Configuration [0-7]: WB  WC  UC- UC  WB  WP  UC- WT  
[    0.000501] kernel: last_pfn = 0xbffe0 max_arch_pfn = 0x10000000000
[    0.004727] kernel: found SMP MP-table at [mem 0x000f5c80-0x000f5c8f]
[    0.004752] kernel: Using GB pages for direct mapping
[    0.004869] kernel: ACPI: Early table checksum verification disabled
[    0.004873] kernel: ACPI: RSDP 0x00000000000F5A50 000014 (v00 BOCHS )
[    0.004880] kernel: ACPI: RSDT 0x00000000BFFE15C9 000030 (v01 BOCHS  BXPCRSDT 00000001 BXPC 00000001)
[    0.004885] kernel: ACPI: FACP 0x00000000BFFE149D 000074 (v01 BOCHS  BXPCFACP 00000001 BXPC 00000001)
[    0.004890] kernel: ACPI: DSDT 0x00000000BFFE0040 00145D (v01 BOCHS  BXPCDSDT 00000001 BXPC 00000001)
[    0.004892] kernel: ACPI: FACS 0x00000000BFFE0000 000040
[    0.004894] kernel: ACPI: APIC 0x00000000BFFE1511 000080 (v01 BOCHS  BXPCAPIC 00000001 BXPC 00000001)
[    0.004897] kernel: ACPI: HPET 0x00000000BFFE1591 000038 (v01 BOCHS  BXPCHPET 00000001 BXPC 00000001)
[    0.004898] kernel: ACPI: Reserving FACP table memory at [mem 0xbffe149d-0xbffe1510]
[    0.004899] kernel: ACPI: Reserving DSDT table memory at [mem 0xbffe0040-0xbffe149c]
[    0.004900] kernel: ACPI: Reserving FACS table memory at [mem 0xbffe0000-0xbffe003f]
[    0.004901] kernel: ACPI: Reserving APIC table memory at [mem 0xbffe1511-0xbffe1590]
[    0.004901] kernel: ACPI: Reserving HPET table memory at [mem 0xbffe1591-0xbffe15c8]
[    0.005149] kernel: No NUMA configuration found
[    0.005150] kernel: Faking a node at [mem 0x0000000000000000-0x00000002bfffffff]
[    0.005152] kernel: NODE_DATA(0) allocated [mem 0x2bfffc000-0x2bfffffff]
[    0.005826] kernel: Zone ranges:
[    0.005827] kernel:   DMA      [mem 0x0000000000001000-0x0000000000ffffff]
[    0.005829] kernel:   DMA32    [mem 0x0000000001000000-0x00000000ffffffff]
[    0.005830] kernel:   Normal   [mem 0x0000000100000000-0x00000002bfffffff]
[    0.005831] kernel: Movable zone start for each node
[    0.005832] kernel: Early memory node ranges
[    0.005832] kernel:   node   0: [mem 0x0000000000001000-0x000000000009efff]
[    0.005834] kernel:   node   0: [mem 0x0000000000100000-0x00000000bffdffff]
[    0.005834] kernel:   node   0: [mem 0x0000000100000000-0x00000002bfffffff]
[    0.005836] kernel: Initmem setup node 0 [mem 0x0000000000001000-0x00000002bfffffff]
[    0.006361] kernel: On node 0, zone DMA: 1 pages in unavailable ranges
[    0.006371] kernel: On node 0, zone DMA: 97 pages in unavailable ranges
[    0.207804] kernel: On node 0, zone Normal: 32 pages in unavailable ranges
[    0.850848] kernel: kasan: KernelAddressSanitizer initialized
[    0.851190] kernel: ACPI: PM-Timer IO Port: 0x608
[    0.851198] kernel: ACPI: LAPIC_NMI (acpi_id[0xff] dfl dfl lint[0x1])
[    0.851235] kernel: IOAPIC[0]: apic_id 0, version 17, address 0xfec00000, GSI 0-23
[    0.851238] kernel: ACPI: INT_SRC_OVR (bus 0 bus_irq 0 global_irq 2 dfl dfl)
[    0.851239] kernel: ACPI: INT_SRC_OVR (bus 0 bus_irq 5 global_irq 5 high level)
[    0.851240] kernel: ACPI: INT_SRC_OVR (bus 0 bus_irq 9 global_irq 9 high level)
[    0.851241] kernel: ACPI: INT_SRC_OVR (bus 0 bus_irq 10 global_irq 10 high level)
[    0.851242] kernel: ACPI: INT_SRC_OVR (bus 0 bus_irq 11 global_irq 11 high level)
[    0.851245] kernel: ACPI: Using ACPI (MADT) for SMP configuration information
[    0.851246] kernel: ACPI: HPET id: 0x8086a201 base: 0xfed00000
[    0.851249] kernel: TSC deadline timer available
[    0.851250] kernel: smpboot: Allowing 2 CPUs, 0 hotplug CPUs
[    0.851271] kernel: kvm-guest: KVM setup pv remote TLB flush
[    0.851275] kernel: kvm-guest: setup PV sched yield
[    0.851283] kernel: PM: hibernation: Registered nosave memory: [mem 0x00000000-0x00000fff]
[    0.851285] kernel: PM: hibernation: Registered nosave memory: [mem 0x0009f000-0x0009ffff]
[    0.851286] kernel: PM: hibernation: Registered nosave memoreq.flags ea2
ry: [mem 0x000a0000-0x000effff]
[    0.851287] kernel: PM: hibernation: Registered nosave memory: [mem 0x000f0000-0x000fffff]
[    0.851288] kernel: PM: hibernation: Registered nosave memory: [mem 0xbffe0000-0xbfffffff]
[    0.851289] kernel: PM: hibernation: Registered nosave memory: [mem 0xc0000000-0xfeffbfff]
[    0.851289] kernel: PM: hibernation: Registered nosave memory: [mem 0xfeffc000-0xfeffffff]
[    0.851290] kernel: PM: hibernation: Registered nosave memory: [mem 0xff000000-0xfffbffff]
[    0.851290] kernel: PM: hibernation: Registered nosave memory: [mem 0xfffc0000-0xffffffff]
[    0.851292] kernel: [mem 0xc0000000-0xfeffbfff] available for PCI devices
[    0.851293] kernel: Booting paravirtualized kernel on KVM
[    0.851295] kernel: clocksource: refined-jiffies: mask: 0xffffffff max_cycles: 0xffffffff, max_idle_ns: 1910969940391419 ns
[    0.855160] kernel: setup_percpu: NR_CPUS:64 nr_cpumask_bits:64 nr_cpu_ids:2 nr_node_ids:1
[    0.855975] kernel: percpu: Embedded 56 p[D 01/16/2023 17:42:13] PVFS2 Server version 2.9.7-orangefs-REV-65ab0d2 starting.
[E 01/16/2023 17:43:19] PVFS2 server got signal 15 (server_status_flag: 2080767)
[D 02/18/2023 14:39:31] PVFS2 Server version 2.9.7-orangefs-REV-65ab0d2 starting.
[D 02/18/2023 14:47:30] PVFS2 received server: signal 1
[E 02/18/2023 14:47:30] PVFS2 server got signal 15 (server_status_flag: 2080767)
ages/cpu s191576 r8192 d29608 u1048576
[    0.855980] kernel: pcpu-alloc: s191576 r8192 d29608 u1048576 alloc=1*2097152
[    0.855983] kernel: pcpu-alloc: [0] 0 1 
[    0.856009] kernel: kvm-guest: setup async PF for cpu 0
[    0.856015] kernel: kvm-guest: stealtime: cpu 0, msr 26381f140
[    0.856019] kernel: Built 1 zonelists, mobility grouping on.  Total pages: 2580192
[    0.856020] kernel: Policy zone: Normal
[    0.856022] kernel: Kernel command line: root=/dev/sda console=ttyS0 net.ifnames=0 ip=192.168.0.38 quiet
[    0.861856] kernel: Dentry cache hash table entries: 2097152 (order: 12, 16777216 bytes, linear)
[    0.864831] kernel: Inode-cache hash table entries: 1048576 (order: 11, 8388608 bytes, linear)
[    0.864887] kernel: mem auto-init: stack:off, heap alloc:off, heap free:off
[    1.058531] kernel: Memory: 8872652K/10485240K available (14348K kernel code, 2403K rwdata, 3568K rodata, 1384K init, 1732K bss, 1612388K reserved, 0K cma-reserved)
[    1.058615] kernel: SLUB: HWalign=64, Order=0-3, MinObjects=0, CPUs=2, Nodes=1
[    1.059254] kernel: rcu: Hierarchical RCU implementation.
[    1.059256] kernel: rcu:         RCU event tracing is enabled.
[    1.059256] kernel: rcu:         RCU restricting CPUs from NR_CPUS=64 to nr_cpu_ids=2.
[    1.059258] kernel: rcu: RCU calculated value of scheduler-enlistment delay is 100 jiffies.
[    1.059260] kernel: rcu: Adjusting geometry for rcu_fanout_leaf=16, nr_cpu_ids=2
[    1.061963] kernel: NR_IRQS: 4352, nr_irqs: 440, preallocated irqs: 16
[    1.062172] kernel: random: get_random_bytes called from start_kernel+0x4b1/0x67a with crng_init=0
[    1.066103] kernel: Console: colour VGA+ 80x25
[    1.066142] kernel: printk: console [ttyS0] enabled
[    1.066159] kernel: ACPI: Core revision 20210730
[    1.066293] kernel: clocksource: hpet: mask: 0xffffffff max_cycles: 0xffffffff, max_idle_ns: 19112604467 ns
[    1.066396] kernel: APIC: Switch to symmetric I/O mode setup
[    1.066399] kernel: kvm-guest: setup PV IPIs
[    1.067264] kernel: ..TIMER: vector=0x30 apic1=0 pin1=2 apic2=-1 pin2=-1
[    1.067284] kernel: clocksource: tsc-early: mask: 0xffffffffffffffff max_cycles: 0x2563bf907c6, max_idle_ns: 440795319401 ns
[    1.067289] kernel: Calibrating delay loop (skipped) preset value.. 5187.81 BogoMIPS (lpj=2593906)
[    1.067292] kernel: pid_max: default: 32768 minimum: 301
[    1.067322] kernel: LSM: Security Framework initializing
[    1.067335] kernel: SELinux:  Initializing.
[    1.068353] kernel: Mount-cache hash table entries: 32768 (order: 6, 262144 bytes, linear)
[    1.068837] kernel: Mountpoint-cache hash table entries: 32768 (order: 6, 262144 bytes, linear)
[    1.069229] kernel: x86/cpu: User Mode Instruction Prevention (UMIP) activated
[    1.069334] kernel: Last level iTLB entries: 4KB 0, 2MB 0, 4MB 0
[    1.069335] kernel: Last level dTLB entries: 4KB 0, 2MB 0, 4MB 0, 1GB 0
[    1.069344] kernel: Spectre V1 : Mitigation: usercopy/swapgs barriers and __user pointer sanitization
[    1.069348] kernel: Spectre V2 : Mitigation: Enhanced IBRS
[    1.069349] kernel: Spectre V2 : Spectre v2 / SpectreRSB mitigation: Filling RSB on context switch
[    1.069350] kernel: Spectre V2 : mitigation: Enabling conditional Indirect Branch Prediction Barrier
[    1.069352] kernel: Speculative Store Bypass: Mitigation: Speculative Store Bypass disabled via prctl and seccomp
[    1.069353] kernel: TAA: Mitigation: TSX disabled
[    1.074932] kernel: Freeing SMP alternatives memory: 40K
[    1.075060] kernel: smpboot: CPU0: Intel(R) Xeon(R) Gold 6348 CPU @ 2.60GHz (family: 0x6, model: 0x6a, stepping: 0x6)
[    1.075179] kernel: Performance Events: Icelake events, 32-deep LBR, full-width counters, Intel PMU driver.
[    1.075275] kernel: ... version:                2
[    1.075276] kernel: ... bit width:              48
[    1.075277] kernel: ... generic registers:      8
[    1.075277] kernel: ... value mask:             0000ffffffffffff
[    1.075278] kernel: ... max period:             00007fffffffffff
[    1.075279] kernel: ... fixed-purpose events:   3
[    1.075280] kernel: ... event mask:             00000007000000ff
[    1.075286] kernel: rcu: Hierarchical SRCU implementation.
[    1.075286] kernel: smp: Bringing up secondary CPUs ...
[    1.075286] kernel: x86: Booting SMP configuration:
[    1.075286] kernel: .... node  #0, CPUs:      #1
[    0.005145] kernel: kvm-clock: cpu 1, msr 2a046e041, secondary cpu clock
[    0.005145] kernel: smpboot: CPU 1 Converting physical 0 to logical die 1
[    1.108316] kernel: kvm-guest: setup async PF for cpu 1
[    1.108322] kernel: kvm-guest: stealtime: cpu 1, msr 26391f140
[    1.108339] kernel: smp: Brought up 1 node, 2 CPUs
[    1.108341] kernel: smpboot: Max logical packages: 2
[    1.108342] kernel: smpboot: Total of 2 processors activated (10375.62 BogoMIPS)
[    1.109340] kernel: devtmpfs: initialized
[    1.110442] kernel: clocksource: jiffies: mask: 0xffffffff max_cycles: 0xffffffff, max_idle_ns: 1911260446275000 ns
[    1.110447] kernel: futex hash table entries: 512 (order: 3, 32768 bytes, linear)
[    1.110641] kernel: PM: RTC time: 18:43:46, date: 2023-03-07
[    1.110798] kernel: NET: Registered PF_NETLINK/PF_ROUTE protocol family
[    1.110968] kernel: audit: initializing netlink subsys (disabled)
[    1.110998] kernel: audit: type=2000 audit(1678214626.916:1): state=initialized audit_enabled=0 res=1
[    1.110998] kernel: thermal_sys: Registered thermal governor 'step_wise'
[    1.110998] kernel: thermal_sys: Registered thermal governor 'user_space'
[    1.110998] kernel: cpuidle: using governor menu
[    1.111341] kernel: ACPI: bus type PCI registered
[    1.111482] kernel: PCI: Using configuration type 1 for base access
[    1.117405] kernel: Kprobes globally optimized
[    1.118402] kernel: HugeTLB registered 2.00 MiB page size, pre-allocated 0 pages
[    1.118422] kernel: cryptomgr_test (26) used greatest stack depth: 31400 bytes left
[    1.120389] kernel: ACPI: Added _OSI(Module Device)
[    1.120389] kernel: ACPI: Added _OSI(Processor Device)
[    1.120389] kernel: ACPI: Added _OSI(3.0 _SCP Extensions)
[    1.120389] kernel: ACPI: Added _OSI(Processor Aggregator Device)
[    1.120389] kernel: ACPI: Added _OSI(Linux-Dell-Video)
[    1.120389] kernel: ACPI: Added _OSI(Linux-Lenovo-NV-HDMI-Audio)
[    1.120389] kernel: ACPI: Added _OSI(Linux-HPI-Hybrid-Graphics)
[    1.127433] kernel: ACPI: 1 ACPI AML tables successfully acquired and loaded
[    1.129651] kernel: ACPI: Interpreter enabled
[    1.129680] kernel: ACPI: PM: (supports S0 S3 S4 S5)
[    1.129681] kernel: ACPI: Using IOAPIC for interrupt routing
[    1.129709] kernel: PCI: Using host bridge windows from ACPI; if necessary, use "pci=nocrs" and report a bug
[    1.130056] kernel: ACPI: Enabled 2 GPEs in block 00 to 0F
[    1.140180] kernel: ACPI: PCI Root Bridge [PCI0] (domain 0000 [bus 00-ff])
[    1.140191] kernel: acpi PNP0A03:00: _OSC: OS supports [ASPM ClockPM Segments MSI HPX-Type3]
[    1.140237] kernel: acpi PNP0A03:00: fail to add MMCONFIG information, can't access extended PCI configuration space under this bridge.
[    1.140345] kernel: PCI host bridge to bus 0000:00
[    1.140348] kernel: pci_bus 0000:00: root bus resource [io  0x0000-0x0cf7 window]
[    1.140351] kernel: pci_bus 0000:00: root bus resource [io  0x0d00-0xffff window]
[    1.140353] kernel: pci_bus 0000:00: root bus resource [mem 0x000a0000-0x000bffff window]
[    1.140355] kernel: pci_bus 0000:00: root bus resource [mem 0xc0000000-0xfebfffff window]
[    1.140357] kernel: pci_bus 0000:00: root bus resource [mem 0x2c0000000-0x33fffffff window]
[    1.140359] kernel: pci_bus 0000:00: root bus resource [bus 00-ff]
[    1.140860] kernel: pci 0000:00:00.0: [8086:1237] type 00 class 0x060000
[    1.141774] kernel: pci 0000:00:01.0: [8086:7000] type 00 class 0x060100
[    1.142519] kernel: pci 0000:00:01.1: [8086:7010] type 00 class 0x010180
[    1.144289] kernel: pci 0000:00:01.1: reg 0x20: [io  0xc040-0xc04f]
[    1.145229] kernel: pci 0000:00:01.1: legacy IDE quirk: reg 0x10: [io  0x01f0-0x01f7]
[    1.145232] kernel: pci 0000:00:01.1: legacy IDE quirk: reg 0x14: [io  0x03f6]
[    1.145233] kernel: pci 0000:00:01.1: legacy IDE quirk: reg 0x18: [io  0x0170-0x0177]
[    1.145234] kernel: pci 0000:00:01.1: legacy IDE quirk: reg 0x1c: [io  0x0376]
[    1.146108] kernel: pci 0000:00:01.3: [8086:7113] type 00 class 0x068000
[    1.146370] kernel: pci 0000:00:01.3: quirk: [io  0x0600-0x063f] claimed by PIIX4 ACPI
[    1.146376] kernel: pci 0000:00:01.3: quirk: [io  0x0700-0x070f] claimed by PIIX4 SMB
[    1.147131] kernel: pci 0000:00:02.0: [1234:1111] type 00 class 0x030000
[    1.147685] kernel: pci 0000:00:02.0: reg 0x10: [mem 0xfd000000-0xfdffffff pref]
[    1.149069] kernel: pci 0000:00:02.0: reg 0x18: [mem 0xfeb90000-0xfeb90fff]
[    1.152291] kernel: pci 0000:00:02.0: reg 0x30: [mem 0xfeb80000-0xfeb8ffff pref]
[    1.153189] kernel: pci 0000:00:03.0: [1af4:1005] type 00 class 0x00ff00
[    1.153694] kernel: pci 0000:00:03.0: reg 0x10: [io  0xc000-0xc01f]
[    1.156853] kernel: pci 0000:00:03.0: reg 0x20: [mem 0xfe200000-0xfe203fff 64bit pref]
[    1.158395] kernel: pci 0000:00:04.0: [1af4:1000] type 00 class 0x020000
[    1.159272] kernel: pci 0000:00:04.0: reg 0x10: [io  0xc020-0xc03f]
[    1.159717] kernel: pci 0000:00:04.0: reg 0x14: [mem 0xfeb91000-0xfeb91fff]
[    1.161687] kernel: pci 0000:00:04.0: reg 0x20: [mem 0xfe204000-0xfe207fff 64bit pref]
[    1.162291] kernel: pci 0000:00:04.0: reg 0x30: [mem 0xfeb00000-0xfeb7ffff pref]
[    1.163399] kernel: pci 0000:00:10.0: [1af4:1110] type 00 class 0x050000
[    1.164291] kernel: pci 0000:00:10.0: reg 0x10: [mem 0xfeb92000-0xfeb920ff]
[    1.166291] kernel: pci 0000:00:10.0: reg 0x18: [mem 0xfe000000-0xfe0fffff 64bit pref]
[    1.169093] kernel: pci 0000:00:11.0: [1af4:1110] type 00 class 0x050000
[    1.169529] kernel: pci 0000:00:11.0: reg 0x10: [mem 0xfeb93000-0xfeb930ff]
[    1.170289] kernel: pci 6] kernel:      device=eth0, hwaddr=e6:c8:ff:09:76:23, ipaddr=192.168.0.35, mask=255.255.255.0, gw=255.255.255.255
[    3.116229] kernel:      host=192.168.0.35, domain=, nis-domain=(none)
[    3.116230] kernel:      bootserver=255.255.255.255, rootserver=255.255.255.255, rootpath=
[    3.116356] kernel: cfg80211: Loading compiled-in X.509 certificates for regulatory database
[    3.116569] kernel: kworker/u4:3 (69) used greatest stack depth: 30480 bytes left
[    3.117562] kernel: cfg80211: Loaded X.509 cert 'sforshee: 00b28ddf47aef9cea7'
[    3.117611] kernel: platform regulatory.0: Direct firmware load for regulatory.db failed with error -2
[    3.117616] kernel: cfg80211: failed to load regulatory.db
[    3.117636] kernel: ALSA device list:
[    3.117640] kernel:   No soundcards found.
[    3.117926] kernel: md: Waiting for all devices to be available before autodetect
[    3.117927] kernel: md: If you don't use raid, use raid=noautodetect
[    3.117928] kernel: md: Autodetecting 0000:00:11.0: reg 0x18: [mem 0xfe208000-0xfe2083ff 64bit pref]
[    1.172349] kernel: pci 0000:00:12.0: [1af4:1110] type 00 class 0x050000
[    1.173062] kernel: pci 0000:00:12.0: reg 0x10: [mem 0xfeb94000-0xfeb940ff]
[    1.174290] kernel: pci 0000:00:12.0: reg 0x18: [mem 0xfe100000-0xfe1fffff 64bit pref]
[    1.178216] kernel: ACPI: PCI: Interrupt link LNKA configured for IRQ 10
[    1.178549] kernel: ACPI: PCI: Interrupt link LNKB configured for IRQ 10
[    1.178853] kernel: ACPI: PCI: Interrupt link LNKC configured for IRQ 11
[    1.179175] kernel: ACPI: PCI: Interrupt link LNKD configured for IRQ 11
[    1.179302] kernel: ACPI: PCI: Interrupt link LNKS configured for IRQ 9
[    1.179894] kernel: iommu: Default domain type: Translated 
[    1.179896] kernel: iommu: DMA domain TLB invalidation policy: lazy mode 
[    1.179929] kernel: pci 0000:00:02.0: vgaarb: setting as boot VGA device
[    1.179929] kernel: pci 0000:00:02.0: vgaarb: VGA device added: decodes=io+mem,owns=io+mem,locks=none
[    1.179929] kernel: pci 0000:00:02.0: vgaarb: bridge control possible
[    1.179929] kernel: vgaarb: loaded
[    1.179929] kernel: SCSI subsystem initialized
[    1.180353] kernel: libata version 3.00 loaded.
[    1.180438] kernel: ACPI: bus type USB registered
[    1.180493] kernel: usbcore: registered new interface driver usbfs
[    1.180514] kernel: usbcore: registered new interface driver hub
[    1.180528] kernel: usbcore: registered new device driver usb
[    1.180570] kernel: pps_core: LinuxPPS API ver. 1 registered
[    1.180571] kernel: pps_core: Software ver. 5.3.6 - Copyright 2005-2007 Rodolfo Giometti <giometti@linux.it>
[    1.180581] kernel: PTP clock support registered
[    1.180643] kernel: Advanced Linux Sound Architecture Driver Initialized.
[    1.180657] kernel: NetLabel: Initializing
[    1.180658] kernel: NetLabel:  domain hash size = 128
[    1.180659] kernel: NetLabel:  protocols = UNLABELED CIPSOv4 CALIPSO
[    1.180691] kernel: NetLabel:  unlabeled traffic allowed by default
[    1.181306] kernel: PCI: Using ACPI for IRQ routing
[    1.181308] kernel: PCI: pci_cache_line_size set to 64 bytes
[    1.181419] kernel: e820: reserve RAM buffer [mem 0x0009fc00-0x0009ffff]
[    1.181425] kernel: e820: reserve RAM buffer [mem 0xbffe0000-0xbfffffff]
[    1.181487] kernel: hpet0: at MMIO 0xfed00000, IRQs 2, 8, 0
[    1.181490] kernel: hpet0: 3 comparators, 64-bit 100.000000 MHz counter
[    1.184368] kernel: clocksource: Switched to clocksource kvm-clock
[    1.216059] kernel: VFS: Disk quotas dquot_6.6.0
[    1.216104] kernel: VFS: Dquot-cache hash table entries: 512 (order 0, 4096 bytes)
[    1.216221] kernel: pnp: PnP ACPI init
[    1.216519] kernel: pnp 00:03: [dma 2]
[    1.217541] kernel: pnp: PnP ACPI: found 6 devices
[    1.228579] kernel: clocksource: acpi_pm: mask: 0xffffff max_cycles: 0xffffff, max_idle_ns: 2085701024 ns
[    1.228632] kernel: NET: Registered PF_INET protocol family
[    1.229544] kernel: IP idents hash tableRAID arrays.
[    3.117929] kernel: md: autorun ...
[    3.117930] kernel: md: ... autorun DONE.
[    3.124229] kernel: EXT4-fs (sda): mounted filesystem with ordered data mode. Opts: (null). Quota mode: none.
[    3.124279] kernel: VFS: Mounted root (ext4 filesystem) readonly on device 8:0.
[    3.124861] kernel: devtmpfs: mounted
[    3.125192] kernel: Freeing unused kernel image (initmem) memory: 1384K
[    3.128294] kernel: Write protecting the kernel read-only data: 20480k
[    3.128822] kernel: Freeing unused kernel image (text/rodata gap) memory: 2032K
[    3.128976] kernel: Freeing unused kernel image (rodata/data gap) memory: 528K
[    3.128985] kernel: Run /sbin/init as init process
[    3.128986] kernel:   with arguments:
[    3.128987] kernel:     /sbin/init
[    3.128987] kernel:   with environment:
[    3.128988] kernel:     HOME=/
[    3.128988] kernel:     TERM=linux
[    3.179967] kernel: random: fast init done
[    3.240114] systemd[1]: systemd 245.4-4ubuntu3 running in system mode. (+PAM +AUDIT +SELINUX +IMA +APPARMOR +SMACK +SYSVINIT +UTMP +LIBCRYPTSETUP +GCRYPT +GNUTLS +ACL +XZ +LZ4 +SECCOMP +BLKID +ELFUTILS +KMOD +IDN2 -IDN +PCRE2 default-hierarchy=hybrid)
[    3.240183] systemd[1]: Detected virtualization kvm.
[    3.240188] systemd[1]: Detected architecture x86-64.
[    3.257858] systemd[1]: Set hostname to <dfs-fuzzing>.
[    3.325814] kernel: systemd-getty-g (82) used greatest stack depth: 29848 bytes left
[    3.327229] kernel: systemd-fstab-g (81) used greatest stack depth: 29808 bytes left
[    3.407059] kernel: systemd-sysv-ge (88) used greatest stack depth: 29472 bytes left
[    3.408336] kernel: IPv6: ADDRCONF(NETDEV_CHANGE): eth0: link becomes ready
[    3.486605] systemd[1]: /lib/systemd/system/dbus.socket:5: ListenStream= references a path below legacy directory /var/run/, updating /var/run/dbus/system_bus_socket  /run/dbus/system_bus_socket; please update the unit file accordingly.
[    3.527509] systemd[1]: system-modprobe.s entries: 262144 (order: 9, 2097152 bytes, linear)
[    1.231186] kernel: tcp_listen_portaddr_hash hash table entries: 8192 (order: 5, 131072 bytes, linear)
[    1.231884] kernel: TCP established hash table entries: 131072 (order: 8, 1048576 bytes, linear)
[    1.232042] kernel: TCP bind hash table entries: 65536 (order: 8, 1048576 bytes, linear)
[    1.232743] kernel: TCP: Hash tables configured (established 131072 bind 65536)
[    1.232813] kernel: UDP hash table entries: 8192 (order: 6, 262144 bytes, linear)
[    1.232856] kernel: UDP-Lite hash table entries: 8192 (order: 6, 262144 bytes, linear)
[    1.232971] kernel: NET: Registered PF_UNIX/PF_LOCAL protocol family
[    1.243355] kernel: pci_bus 0000:00: resource 4 [io  0x0000-0x0cf7 window]
[    1.243358] kernel: pci_bus 0000:00: resource 5 [io  0x0d00-0xffff window]
[    1.243360] kernel: pci_bus 0000:00: resource 6 [mem 0x000a0000-0x000bffff window]
[    1.243361] kernel: pci_bus 0000:00: resource 7 [mem 0xc0000000-0xfebfffff window]
[    1.243362] kernel: pci_bus 0000:00: resource 8 [mem 0x2c0000000-0x33fffffff window]
[    1.243481] kernel: pci 0000:00:01.0: PIIX3: Enabling Passive Release
[    1.243490] kernel: pci 0000:00:00.0: Limiting direct PCI/PCI transfers
[    1.243498] kernel: pci 0000:00:01.0: Activating ISA DMA hang workarounds
[    1.243533] kernel: pci 0000:00:02.0: Video device with shadowed ROM at [mem 0x000c0000-0x000dffff]
[    1.243567] kernel: PCI: CLS 0 bytes, default 64
[    1.243584] kernel: PCI-DMA: Using software bounce buffering for IO (SWIOTLB)
[    1.243585] kernel: software IO TLB: mapped [mem 0x00000000bbfe0000-0x00000000bffe0000] (64MB)
[    1.243792] kernel: RAPL PMU: API unit is 2^-32 Joules, 0 fixed counters, 10737418240 ms ovfl timer
[    1.243806] kernel: clocksource: tsc: mask: 0xffffffffffffffff max_cycles: 0x2563bf907c6, max_idle_ns: 440795319401 ns
[    1.243851] kernel: clocksource: Switched to clocksource tsc
[    1.246389] kernel: Initialise system trusted keyrinlice: unit configures an IP firewall, but the local system does not support BPF/cgroup firewalling.
[    3.527518] systemd[1]: (This warning is only shown for the first unit using IP firewalling.)
[    3.528298] systemd[1]: Created slice system-modprobe.slice.
[    3.528443] systemd[1]: Created slice system-serial\x2dgetty.slice.
[    3.528522] systemd[1]: Created slice User and Session Slice.
[    3.528589] systemd[1]: Started Dispatch Password Requests to Console Directory Watch.
[    3.528631] systemd[1]: Started Forward Password Requests to Wall Directory Watch.
[    3.529333] systemd[1]: Set up automount Arbitrary Executable File Formats File System Automount Point.
[    3.529372] systemd[1]: Reached target Local Encrypted Volumes.
[    3.529386] systemd[1]: Reached target Paths.
[    3.529394] systemd[1]: Reached target Remote File Systems.
[    3.529400] systemd[1]: Reached target Slices.
[    3.529409] systemd[1]: Reached target Swap.
[    3.529524] systemd[1]: Listening on Degs
[    1.246598] kernel: workingset: timestamp_bits=56 max_order=22 bucket_order=0
[    1.251531] kernel: fuse: init (API version 7.34)
[    1.251852] kernel: orangefs_debugfs_init: called with debug mask: :none: :0:
[    1.251921] kernel: orangefs_init: module version upstream loaded
[    1.271438] kernel: Key type asymmetric registered
[    1.271440] kernel: Asymmetric key parser 'x509' registered
[    1.271502] kernel: Block layer SCSI generic (bsg) driver version 0.4 loaded (major 250)
[    1.271503] kernel: io scheduler mq-deadline registered
[    1.271504] kernel: io scheduler kyber registered
[    1.271860] kernel: input: Power Button as /devices/LNXSYSTM:00/LNXPWRBN:00/input/input0
[    1.271944] kernel: ACPI: button: Power Button [PWRF]
[    1.600119] kernel: ACPI: \_SB_.LNKC: Enabled at IRQ 11
[    1.903251] kernel: ACPI: \_SB_.LNKD: Enabled at IRQ 10
[    1.904574] kernel: Serial: 8250/16550 driver, 4 ports, IRQ sharing enabled
[    1.904703] kernel: 00:05: ttyS0 at I/O 0xvice-mapper event daemon FIFOs.
[    3.530625] systemd[1]: Listening on Syslog Socket.
[    3.530701] systemd[1]: Listening on initctl Compatibility Named Pipe.
[    3.530894] systemd[1]: Listening on Journal Audit Socket.
[    3.530979] systemd[1]: Listening on Journal Socket (/dev/log).
[    3.531202] systemd[1]: Listening on Journal Socket.
[    3.531771] systemd[1]: Listening on udev Control Socket.
[    3.531848] systemd[1]: Listening on udev Kernel Socket.
[    3.534562] systemd[1]: Mounting Huge Pages File System...
[    3.535805] systemd[1]: Mounting POSIX Message Queue File System...
[    3.538854] systemd[1]: Mounting /proc/sys/fs/binfmt_misc...
[    3.546727] systemd[1]: Mounting /sys/kernel/config...
[    3.547984] systemd[1]: Mounting /sys/kernel/debug...
[    3.549761] systemd[1]: Mounting Kernel Trace File System...
[    3.555418] systemd[1]: Starting Journal Service...
[    3.570867] kernel: mount (90) used greatest stack depth: 29248 bytes left
[    3.579937] systemd[3f8 (irq = 4, base_baud = 115200) is a 16550A
[    1.905481] kernel: Non-volatile memory driver v1.3
[    1.905538] kernel: Linux agpgart interface v0.103
[    1.909597] kernel: loop: module loaded
[    1.909798] kernel: ata_piix 0000:00:01.1: version 2.13
[    1.923487] kernel: scsi host0: ata_piix
[    1.923787] kernel: scsi host1: ata_piix
[    1.923861] kernel: ata1: PATA max MWDMA2 cmd 0x1f0 ctl 0x3f6 bmdma 0xc040 irq 14
[    1.923863] kernel: ata2: PATA max MWDMA2 cmd 0x170 ctl 0x376 bmdma 0xc048 irq 15
