2023/03/08 08:13:26 fuzzer started
2023/03/08 08:13:26 dialing manager at localhost:42025
2023/03/08 08:13:26 syscalls: 130
2023/03/08 08:13:26 code coverage: enabled
2023/03/08 08:13:26 comparison tracing: enabled
2023/03/08 08:13:26 extra coverage: enabled
2023/03/08 08:13:26 setuid sandbox: enabled
2023/03/08 08:13:26 namespace sandbox: /proc/self/ns/user does not exist
2023/03/08 08:13:26 Android sandbox: /sys/fs/selinux/policy can't be opened (open /sys/fs/selinux/policy: invalid argument)
2023/03/08 08:13:26 fault injection: CONFIG_FAULT_INJECTION_DEBUG_FS or CONFIG_FAILSLAB are not enabled
2023/03/08 08:13:26 leak checking: CONFIG_DEBUG_KMEMLEAK is not enabled
2023/03/08 08:13:26 net packet injection: /dev/net/tun does not exist
2023/03/08 08:13:26 net device setup: enabled
2023/03/08 08:13:26 concurrency sanitizer: /sys/kernel/debug/kcsan does not exist
2023/03/08 08:13:26 devlink PCI setup: enabled
2023/03/08 08:13:26 USB emulation: /dev/raw-gadget does not exist
2023/03/08 08:13:26 hci packet injection: /dev/vhci does not exist
2023/03/08 08:13:26 wifi device emulation: /sys/class/mac80211_hwsim/ does not exist
2023/03/08 08:13:26 802.15.4 emulation: /sys/bus/platform/devices/mac802154_hwsim does not exist
2023/03/08 08:13:26 deserializeInput: hasCrash true hasNet false
2023/03/08 08:13:26 prog length: 6
2023/03/08 08:13:26 prog length: 3
2023/03/08 08:13:26 deserializeInput: hasCrash true hasNet false
2023/03/08 08:13:26 prog length: 6
2023/03/08 08:13:26 prog length: 6
2023/03/08 08:13:26 prog length: 5
2023/03/08 08:13:26 deserializeInput: hasCrash true hasNet false
2023/03/08 08:13:26 prog length: 6
2023/03/08 08:13:26 prog length: 3
2023/03/08 08:13:26 deserializeInput: hasCrash true hasNet false
2023/03/08 08:13:26 prog length: 6
2023/03/08 08:13:26 prog length: 6
2023/03/08 08:13:26 prog length: 5
2023/03/08 08:13:26 deserializeInput: hasCrash true hasNet false
2023/03/08 08:13:26 prog length: 6
2023/03/08 08:13:26 prog length: 6
2023/03/08 08:13:26 prog length: 5
2023/03/08 08:13:26 deserializeInput: hasCrash true hasNet false
2023/03/08 08:13:26 prog length: 6
2023/03/08 08:13:26 prog length: 4
2023/03/08 08:13:26 deserializeInput: hasCrash true hasNet false
2023/03/08 08:13:26 prog length: 6
2023/03/08 08:13:26 prog length: 6
2023/03/08 08:13:26 prog length: 5
2023/03/08 08:13:26 deserializeInput: hasCrash true hasNet false
2023/03/08 08:13:26 prog length: 6
2023/03/08 08:13:26 prog length: 3
2023/03/08 08:13:26 deserializeInput: hasCrash true hasNet false
2023/03/08 08:13:26 prog length: 6
2023/03/08 08:13:26 prog length: 3
2023/03/08 08:13:26 deserializeInput: hasCrash true hasNet false
2023/03/08 08:13:26 prog length: 6
2023/03/08 08:13:26 prog length: 3
2023/03/08 08:13:26 deserializeInput: hasCrash true hasNet false
2023/03/08 08:13:26 prog length: 6
2023/03/08 08:13:26 prog length: 3
2023/03/08 08:13:26 deserializeInput: hasCrash true hasNet false
2023/03/08 08:13:26 prog length: 6
2023/03/08 08:13:26 prog length: 3
2023/03/08 08:13:26 deserializeInput: hasCrash true hasNet false
2023/03/08 08:13:26 prog length: 6
2023/03/08 08:13:26 prog length: 3
2023/03/08 08:13:26 deserializeInput: hasCrash true hasNet false
2023/03/08 08:13:26 prog length: 6
2023/03/08 08:13:26 prog length: 3
2023/03/08 08:13:26 deserializeInput: hasCrash true hasNet false
2023/03/08 08:13:26 prog length: 6
2023/03/08 08:13:26 prog length: 3
2023/03/08 08:13:27 deserializeInput: hasCrash true hasNet false
2023/03/08 08:13:27 prog length: 6
2023/03/08 08:13:27 prog length: 6
2023/03/08 08:13:27 prog length: 5
2023/03/08 08:13:27 deserializeInput: hasCrash false hasNet false
2023/03/08 08:13:27 prog length: 6
2023/03/08 08:13:27 deserializeInput: hasCrash true hasNet false
2023/03/08 08:13:27 prog length: 6
2023/03/08 08:13:27 prog length: 3
2023/03/08 08:13:27 deserializeInput: hasCrash true hasNet false
2023/03/08 08:13:27 prog length: 6
2023/03/08 08:13:27 prog length: 3
2023/03/08 08:13:27 deserializeInput: hasCrash true hasNet false
2023/03/08 08:13:27 prog length: 6
2023/03/08 08:13:27 prog length: 6
2023/03/08 08:13:27 prog length: 5
2023/03/08 08:13:27 deserializeInput: hasCrash true hasNet false
2023/03/08 08:13:27 prog length: 6
2023/03/08 08:13:27 prog length: 4
2023/03/08 08:13:27 deserializeInput: hasCrash true hasNet false
2023/03/08 08:13:27 prog length: 6
2023/03/08 08:13:27 prog length: 6
2023/03/08 08:13:27 prog length: 5
2023/03/08 08:13:27 deserializeInput: hasCrash true hasNet false
2023/03/08 08:13:27 prog length: 6
2023/03/08 08:13:27 prog length: 5
2023/03/08 08:13:27 deserializeInput: hasCrash true hasNet false
2023/03/08 08:13:27 prog length: 6
2023/03/08 08:13:27 prog length: 8
2023/03/08 08:13:27 deserializeInput: hasCrash true hasNet false
2023/03/08 08:13:27 prog length: 6
2023/03/08 08:13:27 prog length: 3
2023/03/08 08:13:27 deserializeInput: hasCrash true hasNet false
2023/03/08 08:13:27 prog length: 6
2023/03/08 08:13:27 prog length: 6
2023/03/08 08:13:27 prog length: 7
2023/03/08 08:13:27 deserializeInput: hasCrash true hasNet false
2023/03/08 08:13:27 prog length: 6
2023/03/08 08:13:27 prog length: 3
2023/03/08 08:13:27 deserializeInput: hasCrash true hasNet false
2023/03/08 08:13:27 prog length: 6
2023/03/08 08:13:27 prog length: 3
2023/03/08 08:13:27 deserializeInput: hasCrash true hasNet false
2023/03/08 08:13:27 prog length: 6
2023/03/08 08:13:27 prog length: 6
2023/03/08 08:13:27 prog length: 6
2023/03/08 08:13:27 prog length: 7
2023/03/08 08:13:27 deserializeInput: hasCrash true hasNet false
2023/03/08 08:13:27 prog length: 6
2023/03/08 08:13:27 prog length: 3
2023/03/08 08:13:27 deserializeInput: hasCrash true hasNet false
2023/03/08 08:13:27 prog length: 6
2023/03/08 08:13:27 prog length: 3
2023/03/08 08:13:27 deserializeInput: hasCrash true hasNet false
2023/03/08 08:13:27 prog length: 6
2023/03/08 08:13:27 prog length: 5
2023/03/08 08:13:27 deserializeInput: hasCrash true hasNet false
2023/03/08 08:13:27 prog length: 6
2023/03/08 08:13:27 prog length: 6
2023/03/08 08:13:27 prog length: 6
2023/03/08 08:13:27 deserializeInput: hasCrash true hasNet false
2023/03/08 08:13:27 prog length: 6
2023/03/08 08:13:27 prog length: 3
2023/03/08 08:13:27 deserializeInput: hasCrash true hasNet false
2023/03/08 08:13:27 prog length: 6
2023/03/08 08:13:27 prog length: 6
2023/03/08 08:13:27 prog length: 6
2023/03/08 08:13:27 prog length: 7
2023/03/08 08:13:27 deserializeInput: hasCrash false hasNet false
2023/03/08 08:13:27 prog length: 3
2023/03/08 08:13:27 deserializeInput: hasCrash true hasNet false
2023/03/08 08:13:27 prog length: 6
2023/03/08 08:13:27 prog length: 3
2023/03/08 08:13:27 deserializeInput: hasCrash true hasNet false
2023/03/08 08:13:27 prog length: 6
2023/03/08 08:13:27 prog length: 6
2023/03/08 08:13:27 prog length: 5
2023/03/08 08:13:27 deserializeInput: hasCrash true hasNet false
2023/03/08 08:13:27 prog length: 6
2023/03/08 08:13:27 prog length: 6
2023/03/08 08:13:27 prog length: 5
2023/03/08 08:13:27 deserializeInput: hasCrash true hasNet false
2023/03/08 08:13:27 prog length: 6
2023/03/08 08:13:27 prog length: 3
2023/03/08 08:13:27 deserializeInput: hasCrash true hasNet false
2023/03/08 08:13:27 prog length: 6
2023/03/08 08:13:27 prog length: 6
2023/03/08 08:13:27 prog length: 5
2023/03/08 08:13:27 deserializeInput: hasCrash true hasNet false
2023/03/08 08:13:27 prog length: 6
2023/03/08 08:13:27 prog length: 6
2023/03/08 08:13:27 prog length: 5
2023/03/08 08:13:27 deserializeInput: hasCrash true hasNet false
2023/03/08 08:13:27 prog length: 6
2023/03/08 08:13:27 prog length: 6
2023/03/08 08:13:27 prog length: 5
2023/03/08 08:13:27 deserializeInput: hasCrash true hasNet false
2023/03/08 08:13:27 prog length: 6
2023/03/08 08:13:27 prog length: 4
2023/03/08 08:13:27 deserializeInput: hasCrash true hasNet false
2023/03/08 08:13:27 prog length: 6
2023/03/08 08:13:27 prog length: 3
2023/03/08 08:13:27 deserializeInput: hasCrash true hasNet false
2023/03/08 08:13:27 prog length: 6
2023/03/08 08:13:27 prog length: 6
2023/03/08 08:13:27 prog length: 6
2023/03/08 08:13:27 deserializeInput: hasCrash true hasNet false
2023/03/08 08:13:27 prog length: 6
2023/03/08 08:13:27 prog length: 3
2023/03/08 08:13:27 deserializeInput: hasCrash true hasNet false
2023/03/08 08:13:27 prog length: 6
2023/03/08 08:13:27 prog length: 6
2023/03/08 08:13:27 prog length: 5
2023/03/08 08:13:27 deserializeInput: hasCrash true hasNet false
2023/03/08 08:13:27 prog length: 6
2023/03/08 08:13:27 prog length: 6
2023/03/08 08:13:27 prog length: 5
2023/03/08 08:13:27 deserializeInput: hasCrash true hasNet false
2023/03/08 08:13:27 prog length: 6
2023/03/08 08:13:27 prog length: 6
2023/03/08 08:13:27 prog length: 5
2023/03/08 08:13:27 fetching corpus: 50, signal 3688/15060/19844 (executing program)
2023/03/08 08:13:27 deserializeInput: hasCrash true hasNet false
2023/03/08 08:13:27 prog length: 6
2023/03/08 08:13:27 prog length: 3
2023/03/08 08:13:27 deserializeInput: hasCrash true hasNet false
2023/03/08 08:13:27 prog length: 6
2023/03/08 08:13:27 prog length: 3
2023/03/08 08:13:27 deserializeInput: hasCrash true hasNet false
2023/03/08 08:13:27 prog length: 6
2023/03/08 08:13:27 prog length: 6
2023/03/08 08:13:27 prog length: 5
2023/03/08 08:13:27 deserializeInput: hasCrash true hasNet false
2023/03/08 08:13:27 prog length: 6
2023/03/08 08:13:27 prog length: 4
2023/03/08 08:13:27 deserializeInput: hasCrash true hasNet false
2023/03/08 08:13:27 prog length: 6
2023/03/08 08:13:27 prog length: 6
2023/03/08 08:13:27 prog length: 5
2023/03/08 08:13:27 deserializeInput: hasCrash true hasNet false
2023/03/08 08:13:27 prog length: 6
2023/03/08 08:13:27 prog length: 6
2023/03/08 08:13:27 prog length: 5
2023/03/08 08:13:27 deserializeInput: hasCrash true hasNet false
2023/03/08 08:13:27 prog length: 6
2023/03/08 08:13:27 prog length: 3
2023/03/08 08:13:27 deserializeInput: hasCrash true hasNet false
2023/03/08 08:13:27 prog length: 6
2023/03/08 08:13:27 prog length: 3
2023/03/08 08:13:27 deserializeInput: hasCrash true hasNet false
2023/03/08 08:13:27 prog length: 6
2023/03/08 08:13:27 prog length: 6
2023/03/08 08:13:27 prog length: 5
2023/03/08 08:13:27 deserializeInput: hasCrash true hasNet false
2023/03/08 08:13:27 prog length: 6
2023/03/08 08:13:27 prog length: 6
2023/03/08 08:13:27 prog length: 5
2023/03/08 08:13:27 deserializeInput: hasCrash false hasNet false
2023/03/08 08:13:27 prog length: 3
2023/03/08 08:13:27 deserializeInput: hasCrash true hasNet false
2023/03/08 08:13:27 prog length: 6
2023/03/08 08:13:27 prog length: 6
2023/03/08 08:13:27 prog length: 5
2023/03/08 08:13:27 deserializeInput: hasCrash false hasNet true
2023/03/08 08:13:27 prog length: 6
2023/03/08 08:13:27 prog length: 6
2023/03/08 08:13:27 prog length: 7
2023/03/08 08:13:27 deserializeInput: hasCrash true hasNet false
2023/03/08 08:13:27 prog length: 6
2023/03/08 08:13:27 prog length: 3
2023/03/08 08:13:27 deserializeInput: hasCrash true hasNet false
2023/03/08 08:13:27 prog length: 6
2023/03/08 08:13:27 prog length: 6
2023/03/08 08:13:27 prog length: 5
2023/03/08 08:13:27 deserializeInput: hasCrash true hasNet false
2023/03/08 08:13:27 prog length: 6
2023/03/08 08:13:27 prog length: 6
2023/03/08 08:13:27 prog length: 5
2023/03/08 08:13:27 deserializeInput: hasCrash true hasNet false
2023/03/08 08:13:27 prog length: 6
2023/03/08 08:13:27 prog length: 6
2023/03/08 08:13:27 prog length: 5
2023/03/08 08:13:27 deserializeInput: hasCrash true hasNet false
2023/03/08 08:13:27 prog length: 6
2023/03/08 08:13:27 prog length: 3
2023/03/08 08:13:27 deserializeInput: hasCrash false hasNet false
2023/03/08 08:13:27 prog length: 2
2023/03/08 08:13:27 deserializeInput: hasCrash true hasNet false
2023/03/08 08:13:27 prog length: 6
2023/03/08 08:13:27 prog length: 3
2023/03/08 08:13:27 deserializeInput: hasCrash true hasNet false
2023/03/08 08:13:27 prog length: 6
2023/03/08 08:13:27 prog length: 4
2023/03/08 08:13:27 deserializeInput: hasCrash true hasNet false
2023/03/08 08:13:27 prog length: 6
2023/03/08 08:13:27 prog length: 3
2023/03/08 08:13:27 deserializeInput: hasCrash true hasNet false
2023/03/08 08:13:27 prog length: 6
2023/03/08 08:13:27 prog length: 6
2023/03/08 08:13:27 prog length: 6
2023/03/08 08:13:27 deserializeInput: hasCrash true hasNet false
2023/03/08 08:13:27 prog length: 6
2023/03/08 08:13:27 prog length: 3
2023/03/08 08:13:27 deserializeInput: hasCrash true hasNet false
2023/03/08 08:13:27 prog length: 6
2023/03/08 08:13:27 prog length: 6
2023/03/08 08:13:27 prog length: 5
2023/03/08 08:13:27 deserializeInput: hasCrash true hasNet false
2023/03/08 08:13:27 prog length: 6
2023/03/08 08:13:27 prog length: 3
2023/03/08 08:13:27 deserializeInput: hasCrash true hasNet false
2023/03/08 08:13:27 prog length: 6
2023/03/08 08:13:27 prog length: 6
2023/03/08 08:13:27 prog length: 5
2023/03/08 08:13:27 deserializeInput: hasCrash false hasNet false
2023/03/08 08:13:27 prog length: 1
2023/03/08 08:13:27 deserializeInput: hasCrash true hasNet false
2023/03/08 08:13:27 prog length: 6
2023/03/08 08:13:27 prog length: 6
2023/03/08 08:13:27 prog length: 6
2023/03/08 08:13:27 deserializeInput: hasCrash true hasNet false
2023/03/08 08:13:27 prog length: 6
2023/03/08 08:13:27 prog length: 6
2023/03/08 08:13:27 prog length: 5
2023/03/08 08:13:27 deserializeInput: hasCrash true hasNet false
2023/03/08 08:13:27 prog length: 6
2023/03/08 08:13:27 prog length: 3
2023/03/08 08:13:27 deserializeInput: hasCrash true hasNet false
2023/03/08 08:13:27 prog length: 6
2023/03/08 08:13:27 prog length: 3
2023/03/08 08:13:27 deserializeInput: hasCrash true hasNet false
2023/03/08 08:13:27 prog length: 6
2023/03/08 08:13:27 prog length: 3
2023/03/08 08:13:27 deserializeInput: hasCrash true hasNet false
2023/03/08 08:13:27 prog length: 6
2023/03/08 08:13:27 prog length: 3
2023/03/08 08:13:27 deserializeInput: hasCrash true hasNet false
2023/03/08 08:13:27 prog length: 6
2023/03/08 08:13:27 prog length: 6
2023/03/08 08:13:27 prog length: 6
2023/03/08 08:13:27 deserializeInput: hasCrash true hasNet false
2023/03/08 08:13:27 prog length: 6
2023/03/08 08:13:27 prog length: 3
2023/03/08 08:13:27 deserializeInput: hasCrash true hasNet false
2023/03/08 08:13:27 prog length: 6
2023/03/08 08:13:27 prog length: 3
2023/03/08 08:13:27 deserializeInput: hasCrash true hasNet false
2023/03/08 08:13:27 prog length: 6
2023/03/08 08:13:27 prog length: 3
2023/03/08 08:13:27 deserializeInput: hasCrash true hasNet false
2023/03/08 08:13:27 prog length: 6
2023/03/08 08:13:27 prog length: 6
2023/03/08 08:13:27 prog length: 5
2023/03/08 08:13:27 deserializeInput: hasCrash true hasNet false
2023/03/08 08:13:27 prog length: 6
2023/03/08 08:13:27 prog length: 6
2023/03/08 08:13:27 prog length: 5
2023/03/08 08:13:27 deserializeInput: hasCrash true hasNet false
2023/03/08 08:13:27 prog length: 6
2023/03/08 08:13:27 prog length: 6
2023/03/08 08:13:27 prog length: 5
2023/03/08 08:13:27 deserializeInput: hasCrash true hasNet false
2023/03/08 08:13:27 prog length: 6
2023/03/08 08:13:27 prog length: 3
2023/03/08 08:13:27 deserializeInput: hasCrash true hasNet false
2023/03/08 08:13:27 prog length: 6
2023/03/08 08:13:27 prog length: 6
2023/03/08 08:13:27 prog length: 5
2023/03/08 08:13:27 deserializeInput: hasCrash true hasNet false
2023/03/08 08:13:27 prog length: 6
2023/03/08 08:13:27 prog length: 3
2023/03/08 08:13:27 deserializeInput: hasCrash true hasNet false
2023/03/08 08:13:27 prog length: 6
2023/03/08 08:13:27 prog length: 6
2023/03/08 08:13:27 prog length: 5
2023/03/08 08:13:27 deserializeInput: hasCrash true hasNet false
2023/03/08 08:13:27 prog length: 6
2023/03/08 08:13:27 prog length: 3
2023/03/08 08:13:27 deserializeInput: hasCrash true hasNet false
2023/03/08 08:13:27 prog length: 6
2023/03/08 08:13:27 prog length: 3
2023/03/08 08:13:27 deserializeInput: hasCrash true hasNet false
2023/03/08 08:13:27 prog length: 6
2023/03/08 08:13:27 prog length: 6
2023/03/08 08:13:27 prog length: 6
2023/03/08 08:13:27 deserializeInput: hasCrash true hasNet false
2023/03/08 08:13:27 prog length: 6
2023/03/08 08:13:27 prog length: 3
2023/03/08 08:13:27 deserializeInput: hasCrash true hasNet false
2023/03/08 08:13:27 prog length: 6
2023/03/08 08:13:27 prog length: 6
2023/03/08 08:13:27 prog length: 5
2023/03/08 08:13:27 fetching corpus: 100, signal 3866/16954/22894 (executing program)
2023/03/08 08:13:27 deserializeInput: hasCrash true hasNet false
2023/03/08 08:13:27 prog length: 6
2023/03/08 08:13:27 prog length: 3
2023/03/08 08:13:27 deserializeInput: hasCrash true hasNet false
2023/03/08 08:13:27 prog length: 6
2023/03/08 08:13:27 prog length: 6
2023/03/08 08:13:27 prog length: 5
2023/03/08 08:13:27 deserializeInput: hasCrash true hasNet false
2023/03/08 08:13:27 prog length: 6
2023/03/08 08:13:27 prog length: 6
2023/03/08 08:13:27 prog length: 5
2023/03/08 08:13:27 deserializeInput: hasCrash true hasNet false
2023/03/08 08:13:27 prog length: 6
2023/03/08 08:13:27 prog length: 3
2023/03/08 08:13:27 deserializeInput: hasCrash true hasNet false
2023/03/08 08:13:27 prog length: 6
2023/03/08 08:13:27 prog length: 4
2023/03/08 08:13:27 deserializeInput: hasCrash true hasNet false
2023/03/08 08:13:27 prog length: 6
2023/03/08 08:13:27 prog length: 6
2023/03/08 08:13:27 prog length: 5
2023/03/08 08:13:27 deserializeInput: hasCrash true hasNet false
2023/03/08 08:13:27 prog length: 6
2023/03/08 08:13:27 prog length: 6
2023/03/08 08:13:27 prog length: 5
2023/03/08 08:13:27 deserializeInput: hasCrash true hasNet false
2023/03/08 08:13:27 prog length: 6
2023/03/08 08:13:27 prog length: 3
2023/03/08 08:13:27 deserializeInput: hasCrash true hasNet false
2023/03/08 08:13:27 prog length: 6
2023/03/08 08:13:27 prog length: 3
2023/03/08 08:13:27 deserializeInput: hasCrash true hasNet false
2023/03/08 08:13:27 prog length: 6
2023/03/08 08:13:27 prog length: 6
2023/03/08 08:13:27 prog length: 6
2023/03/08 08:13:27 deserializeInput: hasCrash true hasNet false
2023/03/08 08:13:27 prog length: 6
2023/03/08 08:13:27 prog length: 3
2023/03/08 08:13:27 deserializeInput: hasCrash true hasNet false
2023/03/08 08:13:27 prog length: 6
2023/03/08 08:13:27 prog length: 6
2023/03/08 08:13:27 prog length: 5
2023/03/08 08:13:27 deserializeInput: hasCrash true hasNet false
2023/03/08 08:13:27 prog length: 6
2023/03/08 08:13:27 prog length: 6
2023/03/08 08:13:27 prog length: 6
2023/03/08 08:13:27 prog length: 7
2023/03/08 08:13:27 deserializeInput: hasCrash true hasNet false
2023/03/08 08:13:27 prog length: 6
2023/03/08 08:13:27 prog length: 3
2023/03/08 08:13:27 deserializeInput: hasCrash true hasNet false
2023/03/08 08:13:27 prog length: 6
2023/03/08 08:13:27 prog length: 4
2023/03/08 08:13:27 deserializeInput: hasCrash true hasNet false
2023/03/08 08:13:27 prog length: 6
2023/03/08 08:13:27 prog length: 6
2023/03/08 08:13:27 prog length: 5
2023/03/08 08:13:27 deserializeInput: hasCrash true hasNet false
2023/03/08 08:13:27 prog length: 6
2023/03/08 08:13:27 prog length: 6
2023/03/08 08:13:27 prog length: 5
2023/03/08 08:13:27 deserializeInput: hasCrash true hasNet false
2023/03/08 08:13:27 prog length: 6
2023/03/08 08:13:27 prog length: 6
2023/03/08 08:13:27 prog length: 5
2023/03/08 08:13:27 deserializeInput: hasCrash true hasNet false
2023/03/08 08:13:27 prog length: 6
2023/03/08 08:13:27 prog length: 3
2023/03/08 08:13:27 deserializeInput: hasCrash true hasNet false
2023/03/08 08:13:27 prog length: 6
2023/03/08 08:13:27 prog length: 6
2023/03/08 08:13:27 prog length: 6
2023/03/08 08:13:27 prog length: 7
2023/03/08 08:13:27 deserializeInput: hasCrash true hasNet false
2023/03/08 08:13:27 prog length: 6
2023/03/08 08:13:27 prog length: 4
2023/03/08 08:13:27 deserializeInput: hasCrash true hasNet false
2023/03/08 08:13:27 prog length: 6
2023/03/08 08:13:27 prog length: 8
2023/03/08 08:13:27 deserializeInput: hasCrash true hasNet false
2023/03/08 08:13:27 prog length: 6
2023/03/08 08:13:27 prog length: 3
2023/03/08 08:13:27 deserializeInput: hasCrash true hasNet false
2023/03/08 08:13:27 prog length: 6
2023/03/08 08:13:27 prog length: 3
2023/03/08 08:13:27 deserializeInput: hasCrash true hasNet false
2023/03/08 08:13:27 prog length: 6
2023/03/08 08:13:27 prog length: 3
2023/03/08 08:13:27 deserializeInput: hasCrash true hasNet false
2023/03/08 08:13:27 prog length: 6
2023/03/08 08:13:27 prog length: 4
2023/03/08 08:13:27 deserializeInput: hasCrash true hasNet false
2023/03/08 08:13:27 prog length: 6
2023/03/08 08:13:27 prog length: 3
2023/03/08 08:13:27 deserializeInput: hasCrash true hasNet false
2023/03/08 08:13:27 prog length: 6
2023/03/08 08:13:27 prog length: 4
2023/03/08 08:13:27 deserializeInput: hasCrash true hasNet false
2023/03/08 08:13:27 prog length: 6
2023/03/08 08:13:27 prog length: 3
2023/03/08 08:13:27 deserializeInput: hasCrash true hasNet false
2023/03/08 08:13:27 prog length: 6
2023/03/08 08:13:27 prog length: 6
2023/03/08 08:13:27 prog length: 6
2023/03/08 08:13:27 deserializeInput: hasCrash true hasNet false
2023/03/08 08:13:27 prog length: 6
2023/03/08 08:13:27 prog length: 6
2023/03/08 08:13:27 prog length: 5
2023/03/08 08:13:27 deserializeInput: hasCrash true hasNet false
2023/03/08 08:13:27 prog length: 6
2023/03/08 08:13:27 prog length: 6
2023/03/08 08:13:27 prog length: 5
2023/03/08 08:13:27 deserializeInput: hasCrash true hasNet false
2023/03/08 08:13:27 prog length: 6
2023/03/08 08:13:27 prog length: 3
2023/03/08 08:13:27 deserializeInput: hasCrash true hasNet false
2023/03/08 08:13:27 prog length: 6
2023/03/08 08:13:27 prog length: 6
2023/03/08 08:13:27 prog length: 10
2023/03/08 08:13:27 deserializeInput: hasCrash true hasNet false
2023/03/08 08:13:27 prog length: 6
2023/03/08 08:13:27 prog length: 6
2023/03/08 08:13:27 prog length: 5
2023/03/08 08:13:27 deserializeInput: hasCrash true hasNet false
2023/03/08 08:13:27 prog length: 6
2023/03/08 08:13:27 prog length: 3
2023/03/08 08:13:27 deserializeInput: hasCrash true hasNet false
2023/03/08 08:13:27 prog length: 6
2023/03/08 08:13:27 prog length: 3
2023/03/08 08:13:27 deserializeInput: hasCrash true hasNet false
2023/03/08 08:13:27 prog length: 6
2023/03/08 08:13:27 prog length: 6
2023/03/08 08:13:27 prog length: 5
2023/03/08 08:13:27 deserializeInput: hasCrash true hasNet false
2023/03/08 08:13:27 prog length: 6
2023/03/08 08:13:27 prog length: 3
2023/03/08 08:13:27 deserializeInput: hasCrash true hasNet false
2023/03/08 08:13:27 prog length: 6
2023/03/08 08:13:27 prog length: 3
2023/03/08 08:13:27 deserializeInput: hasCrash true hasNet false
2023/03/08 08:13:27 prog length: 6
2023/03/08 08:13:27 prog length: 3
2023/03/08 08:13:27 deserializeInput: hasCrash true hasNet false
2023/03/08 08:13:27 prog length: 6
2023/03/08 08:13:27 prog length: 3
2023/03/08 08:13:27 deserializeInput: hasCrash true hasNet false
2023/03/08 08:13:27 prog length: 6
2023/03/08 08:13:27 prog length: 3
2023/03/08 08:13:27 deserializeInput: hasCrash true hasNet false
2023/03/08 08:13:27 prog length: 6
2023/03/08 08:13:27 prog length: 6
2023/03/08 08:13:27 prog length: 5
2023/03/08 08:13:27 deserializeInput: hasCrash true hasNet false
2023/03/08 08:13:27 prog length: 6
2023/03/08 08:13:27 prog length: 6
2023/03/08 08:13:27 prog length: 5
2023/03/08 08:13:27 deserializeInput: hasCrash true hasNet false
2023/03/08 08:13:27 prog length: 6
2023/03/08 08:13:27 prog length: 3
2023/03/08 08:13:27 deserializeInput: hasCrash true hasNet false
2023/03/08 08:13:27 prog length: 6
2023/03/08 08:13:27 prog length: 6
2023/03/08 08:13:27 prog length: 5
2023/03/08 08:13:27 deserializeInput: hasCrash true hasNet false
2023/03/08 08:13:27 prog length: 6
2023/03/08 08:13:27 prog length: 3
2023/03/08 08:13:27 fetching corpus: 148, signal 3866/17639/24503 (executing program)
2023/03/08 08:13:27 fetching corpus: 148, signal 3866/17639/25492 (executing program)
2023/03/08 08:13:27 fetching corpus: 148, signal 3866/17639/26535 (executing program)
2023/03/08 08:13:27 fetching corpus: 148, signal 3866/17639/27575 (executing program)
2023/03/08 08:13:27 fetching corpus: 148, signal 3866/17639/28626 (executing program)
2023/03/08 08:13:27 fetching corpus: 148, signal 3866/17639/29664 (executing program)
2023/03/08 08:13:27 fetching corpus: 148, signal 3866/17639/30689 (executing program)
2023/03/08 08:13:27 fetching corpus: 148, signal 3866/17639/31735 (executing program)
2023/03/08 08:13:27 fetching corpus: 148, signal 3866/17639/32754 (executing program)
2023/03/08 08:13:27 fetching corpus: 148, signal 3866/17639/33675 (executing program)
2023/03/08 08:13:27 fetching corpus: 148, signal 3866/17639/33675 (executing program)
2023/03/08 08:13:28 starting 1 fuzzer processes
2023/03/08 08:13:28 ----- generateCall 203 fcntl$dupfd fcntl$dupfd
2023/03/08 08:13:28 ----- generateCall 235 fsetxattr$security_selinux fsetxattr$security_selinux
2023/03/08 08:13:28 ----- generateCall 2459 open$dir open$dir
2023/03/08 08:13:28 ----- generateCall 204 fcntl$getflags fcntl$getflags
2023/03/08 08:13:28 ----- generateCall 198 fcntl$F_GET_FILE_RW_HINT fcntl$F_GET_FILE_RW_HINT
2023/03/08 08:13:28 ----- generateCall 242 fsetxattr$trusted_overlay_redirect fsetxattr$trusted_overlay_redirect
2023/03/08 08:13:28 ----- generateCall 243 fsetxattr$trusted_overlay_upper fsetxattr$trusted_overlay_upper
2023/03/08 08:13:28 ----- generateCall 2351 lsetxattr lsetxattr
2023/03/08 08:13:28 ----- generateCall 2723 pread64 pread64
2023/03/08 08:13:28 ----- generateCall 3985 write write
2023/03/08 08:13:28 ----- generateCall 217 fgetxattr fgetxattr
2023/03/08 08:13:28 ----- generateCall 170 dup dup
2023/03/08 08:13:28 ----- generateCall 250 fsync fsync
2023/03/08 08:13:28 ----- generateCall 242 fsetxattr$trusted_overlay_redirect fsetxattr$trusted_overlay_redirect
2023/03/08 08:13:28 ----- generateCall 194 fchmod fchmod
2023/03/08 08:13:28 ----- generateCall 258 getdents getdents
2023/03/08 08:13:28 map[./file0:true ./file0/file0:true ./file1:true]
2023/03/08 08:13:28 HasCrashFail: false, .HasNetFail: false
2023/03/08 08:13:28 prog length: 20
2023/03/08 08:13:28 HasCrashFail:false HasNetFail:false
08:13:28 ---executing program 0:
---
---
---
r0 = open$dir(&(0x7f0000000000)='./file0\x00', 0x0, 0x86)
r1 = fcntl$dupfd(r0, 0x406, 0xffffffffffffffff)
r2 = dup(r1)
fsetxattr$security_selinux(r2, &(0x7f0000000040), &(0x7f0000000080)='system_u:object_r:sshd_key_t:s0\x00', 0x20, 0x3)
r3 = open$dir(&(0x7f00000000c0)='./file1\x00', 0x600000, 0x18)
fcntl$getflags(r2, 0x1)
fcntl$F_GET_FILE_RW_HINT(r1, 0x40d, &(0x7f0000000100))
fsetxattr$trusted_overlay_redirect(r0, &(0x7f0000000140), &(0x7f0000000180)='./file0\x00', 0x8, 0x3)
fsetxattr$trusted_overlay_upper(r1, &(0x7f00000001c0), &(0x7f0000000200)={0x0, 0xfb, 0x2b, 0x0, 0x3f, "8ac3e176ec829ef6697e6859c178ead8", "1372c5f7b873dd2ff5d5c267f2a7e8ee42f1a770ba88"}, 0x2b, 0x2)
lsetxattr(&(0x7f0000000240)='./file0/file0\x00', &(0x7f0000000280)=@known='user.incfs.size\x00', &(0x7f00000002c0)='^(@(\x00', 0x5, 0x7)
pread64(r1, &(0x7f0000000300)=""/187, 0xbb, 0x6)
r4 = dup(r3)
write(r4, &(0x7f00000003c0)="737d33d61c4938962408ef3741a5b4f56c0c3c6acdacb46756", 0x19)
fgetxattr(r4, &(0x7f0000000400)=@known='user.incfs.id\x00', &(0x7f0000000440)=""/231, 0xe7)
r5 = dup2(r3, r4)
dup(r5)
fsync(r0)
fsetxattr$trusted_overlay_redirect(r4, &(0x7f0000000540), &(0x7f0000000580)='./file1\x00', 0x8, 0x41f8eca98688d402)
fchmod(0xffffffffffffffff, 0x100)
getdents(r1, &(0x7f00000005c0)=""/150, 0x96)
---

end of program
2023/03/08 08:13:28 -----run executor: [/usr/bin/ssh -F /dev/null -o ConnectionAttempts=100 -o ConnectTimeout=120 -o UserKnownHostsFile=/dev/null -o BatchMode=yes -o IdentitiesOnly=yes -o StrictHostKeyChecking=no -o ConnectTimeout=100 -i /home/tlyu/dfs-fuzzing/disk-images/orangefs-images/focal.id_rsa root@192.168.0.35 /root/syz-executor exec 0 0 orangefs 3 4 192.168.0.35 0 "3 1" false false false true false]
2023/03/08 08:13:28 -----run executor: [/usr/bin/ssh -F /dev/null -o ConnectionAttempts=100 -o ConnectTimeout=120 -o UserKnownHostsFile=/dev/null -o BatchMode=yes -o IdentitiesOnly=yes -o StrictHostKeyChecking=no -o ConnectTimeout=100 -i /home/tlyu/dfs-fuzzing/disk-images/orangefs-images/focal.id_rsa root@192.168.0.36 /root/syz-executor exec 0 1 orangefs 3 4 192.168.0.35 0 "3 1" false false false true false]
2023/03/08 08:13:28 -----run executor: [/usr/bin/ssh -F /dev/null -o ConnectionAttempts=100 -o ConnectTimeout=120 -o UserKnownHostsFile=/dev/null -o BatchMode=yes -o IdentitiesOnly=yes -o StrictHostKeyChecking=no -o ConnectTimeout=100 -i /home/tlyu/dfs-fuzzing/disk-images/orangefs-images/focal.id_rsa root@192.168.0.37 /root/syz-executor exec 0 2 orangefs 3 4 192.168.0.35 0 "3 1" false false false true false]
2023/03/08 08:13:28 -----run executor: [/usr/bin/ssh -F /dev/null -o ConnectionAttempts=100 -o ConnectTimeout=120 -o UserKnownHostsFile=/dev/null -o BatchMode=yes -o IdentitiesOnly=yes -o StrictHostKeyChecking=no -o ConnectTimeout=100 -i /home/tlyu/dfs-fuzzing/disk-images/orangefs-images/focal.id_rsa root@192.168.0.38 /root/syz-executor exec 1 3 orangefs 3 4 192.168.0.35 0 "3 1" false false false true false]
Warning: Permanently added '192.168.0.36' (ECDSA) to the list of known hosts.
Warning: Permanently added '192.168.0.37' (ECDSA) to the list of known hosts.
Warning: Permanently added '192.168.0.35' (ECDSA) to the list of known hosts.
Warning: Permanently added '192.168.0.38' (ECDSA) to the list of known hosts.
----- is restarting 0
---- dfs_name orangefs is_dfs_client 0
unlink FIFO failed: No such file or directory
executor 1 finishes userspace_cover_open
before receiving handshake request
req.flags ea2
[    0.000000] kernel: Linux version 5.15.0+ (tlyu@IC-RS3-DPC07) (gcc (Ubuntu 9.4.0-1ubuntu1~20.04.1) 9.4.0, GNU ld (GNU Binutils for Ubuntu) 2.34) #7 SMP Sat Feb 18 10:18:37 CET 2023
[    0.000000] kernel: Command line: root=/dev/sda console=ttyS0 net.ifnames=0 ip=192.168.0.36 quiet
[    0.000000] kernel: x86/fpu: Supporting XSAVE feature 0x001: 'x87 floating point registers'
[    0.000000] kernel: x86/fpu: Supporting XSAVE feature 0x002: 'SSE registers'
[    0.000000] kernel: x86/fpu: Supporting XSAVE feature 0x004: 'AVX registers'
[    0.000000] kernel: x86/fpu: Supporting XSAVE feature 0x020: 'AVX-512 opmask'
[    0.000000] kernel: x86/fpu: Supporting XSAVE feature 0x040: 'AVX-512 Hi256'
[    0.000000] kernel: x86/fpu: Supporting XSAVE feature 0x080: 'AVX-512 ZMM_Hi256'
[    0.000000] kernel: x86/fpu: Supporting XSAVE feature 0x200: 'Protection Keys User registers'
[    0.000000] kernel: x86/fpu: xstate_offset[2]:  576, xstate_sizes[2]:  256
[    0.000000] kernel: x86/fpu: xstate_offset[5]:  832, xstate_sizes[5]:   64
[    0.000000] kernel: x86/fpu: xstate_offset[6]:  896, xstate_sizes[6]:  512
[    0.000000] kernel: x86/fpu: xstate_offset[7]: 1408, xstate_sizes[7]: 1024
[    0.000000] kernel: x86/fpu: xstate_offset[9]: 2432, xstate_sizes[9]:    8
[    0.000000] kernel: x86/fpu: Enabled xstate features 0x2e7, context size is 2440 bytes, using 'compacted' format.
[    0.000000] kernel: signal: max sigframe size: 3632
[    0.000000] kernel: BIOS-provided physical RAM map:
[    0.000000] kernel: BIOS-e820: [mem 0x0000000000000000-0x000000000009fbff] usable
[    0.000000] kernel: BIOS-e820: [mem 0x000000000009fc00-0x000000000009ffff] reserved
[    0.000000] kernel: BIOS-e820: [mem 0x00000000000f0000-0x00000000000fffff] reserved
[    0.000000] kernel: BIOS-e820: [mem 0x0000000000100000-0x00000000bffdffff] usable
[    0.000000] kernel: BIOS-e820: [mem 0x00000000bffe0000-0x00000000bfffffff] reserved
[    0.000000] kernel: BIOS-e820: [mem 0x00000000feffc000-0x00000000[D 01/16/2023 17:42:13] PVFS2 Server version 2.9.7-orangefs-REV-65ab0d2 starting.
[E 01/16/2023 17:43:19] PVFS2 server got signal 15 (server_status_flag: 2080767)
[D 02/18/2023 14:39:31] PVFS2 Server version 2.9.7-orangefs-REV-65ab0d2 starting.
[D 02/18/2023 14:47:30] PVFS2 received server: signal 1
[E 02/18/2023 14:47:30] PVFS2 server got signal 15 (server_status_flag: 2080767)
feffffff] reserved
[    0.000000] kernel: BIOS-e820: [mem 0x00000000fffc0000-0x00000000ffffffff] reserved
[    0.000000] kernel: BIOS-e820: [mem 0x0000000100000000-0x00000002bfffffff] usable
[    0.000000] kernel: NX (Execute Disable) protection: active
[    0.000000] kernel: SMBIOS 2.8 present.
[    0.000000] kernel: DMI: QEMU Standard PC (i440FX + PIIX, 1996), BIOS 1.13.0-1ubuntu1.1 04/01/2014
[    0.000000] kernel: Hypervisor detected: KVM
[    0.000000] kernel: kvm-clock: Using msrs 4b564d01 and 4b564d00
[    0.000000] kernel: kvm-clock: cpu 0, msr 16786e001, primary cpu clock
[    0.000001] kernel: kvm-clock: using sched offset of 551423406 cycles
[    0.000002] kernel: clocksource: kvm-clock: mask: 0xffffffffffffffff max_cycles: 0x1cd42e4dffb, max_idle_ns: 881590591483 ns
[    0.000005] kernel: tsc: Detected 2593.906 MHz processor
[    0.000420] kernel: e820: update [mem 0x00000000-0x00000fff] usable ==> reserved
[    0.000423] kernel: e820: remove [mem 0x000a0000-0x000fffff] usable
[    0.000425] kernel: last_pfn = 0x2c0000 max_arch_pfn = 0x10000000000
[    0.000470] kernel: x86/PAT: Configuration [0-7]: WB  WC  UC- UC  WB  WP  UC- WT  
[    0.000475] kernel: last_pfn = 0xbffe0 max_arch_pfn = 0x10000000000
[    0.004770] kernel: found SMP MP-table at [mem 0x000f5c80-0x000f5c8f]
[    0.004790] kernel: Using GB pages for direct mapping
[    0.004924] kernel: ACPI: Early table checksum verification disabled
[    0.004928] kernel: ACPI: RSDP 0x00000000000F5A50 000014 (v00 BOCHS )
[    0.004935] kernel: ACPI: RSDT 0x00000000BFFE15C9 000030 (v01 BOCHS  BXPCRSDT 00000001 BXPC 00000001)
[    0.004939] kernel: ACPI: FACP 0x00000000BFFE149D 000074 (v01 BOCHS  BXPCFACP 00000001 BXPC 00000001)
[    0.004943] kernel: ACPI: DSDT 0x00000000BFFE0040 00145D (v01 BOCHS  BXPCDSDT 00000001 BXPC 00000001)
[    0.004945] kernel: ACPI: FACS 0x00000000BFFE0000 000040
[    0.004947] kernel: ACPI: APIC 0x00000000BFFE1511 000080 (v01 BOCHS  BXPCAPIC 00000001 BXPC 00000001)
[    0.004949] kernel: ACPI: HPET 0x00000000BFFE1591 000038 (v01 BOCHS  BXPCHPET 00000001 BXPC 00000001)
[    0.004951] kernel: ACPI: Reserving FACP table memory at [mem 0xbffe149d-0xbffe1510]
[    0.004952] kernel: ACPI: Reserving DSDT table memory at [mem 0xbffe0040-0xbffe149c]
[    0.004953] kernel: ACPI: Reserving FACS table memory at [mem 0xbffe0000-0xbffe003f]
[    0.004953] kernel: ACPI: Reserving APIC table memory at [mem 0xbffe1511-0xbffe1590]
[    0.004954] kernel: ACPI: Reserving HPET table memory at [mem 0xbffe1591-0xbffe15c8]
[    0.005197] kernel: No NUMA configuration found
[    0.005198] kernel: Faking a node at [mem 0x0000000000000000-0x00000002bfffffff]
[    0.005200] kernel: NODE_DATA(0) allocated [mem 0x2bfffc000-0x2bfffffff]
[    0.005736] kernel: Zone ranges:
[    0.005737] kernel:   DMA      [mem 0x0000000000001000-0x0000000000ffffff]
[    0.005739] kernel:   DMA32    [mem 0x0000000001000000-0x00000000ffffffff]
[    0.005740] kernel:   Normal   [mem 0x0000000100000000-0x00000002bfffffff]
[    0.005741] kernel: Movable zone start for each node
[    0.005741] kernel: Early memory node ranges
[    0.005742] kernel:   node   0: [mem 0x0000000000001000-0x000000000009efff]
[    0.005743] kernel:   node   0: [mem 0x0000000000100000-0x00000000bffdffff]
[    0.005744] kernel:   node   0: [mem 0x0000000100000000-0x00000002bfffffff]
[    0.005745] kernel: Initmem setup node 0 [mem 0x0000000000001000-0x00000002bfffffff]
[    0.006167] kernel: On node 0, zone DMA: 1 pages in unavailable ranges
[    0.006178] kernel: On node 0, zone DMA: 97 pages in unavailable ranges
[    0.101249] kernel: On node 0, zone Normal: 32 pages in unavailable ranges
[    0.888699] kernel: kasan: KernelAddressSanitizer initialized
[    0.889052] kernel: ACPI: PM-Timer IO Port: 0x608
[    0.889060] kernel: ACPI: LAPIC_NMI (acpi_id[0xff] dfl dfl lint[0x1])
[    0.889102] kernel: IOAPIC[0]: apic_id 0, version 17, address 0xfec00000, GSI 0-23
[    0.889105] kernel: ACPI: INT_SRC_OVR (bus 0 bus_irq 0 global_irq 2 dfl dfl)
[    0.889106] kernel: ACPI: INT_SRC_OVR (bus 0 bus_irq 5 global_irq 5 high level)
[    0.889108] kernel: ACPI: INT_SRC_OVR (bus 0 bus_irq 9 global_irq 9 high level)
[    0.889109] kernel: ACPI: INT_SRC_OVR (bus 0 bus_irq 10 global_irq 10 high level)
[    0.889110] kernel: ACPI: INT_SRC_OVR (bus 0 bus_irq 11 global_irq 11 high level)
[    0.889113] kernel: ACPI: Using ACPI (MADT) for SMP configuration information
[    0.889114] kernel: ACPI: HPET id: 0x8086a201 base: 0xfed00000
[    0.889117] kernel: TSC deadline timer available
[    0.889118] kernel: smpboot: Allowing 2 CPUs, 0 hotplug CPUs
[    0.889141] kernel: kvm-guest: KVM setup pv remote TLB flush
[    0.889145] kernel: kvm-guest: setup PV sched yield
[    0.889153] kernel: PM: hibernation: Registered nosave memory: [mem 0x00000000-0x00000fff]
[    0.889155] kernel: PM: hibernation: Registered nosave memory: [mem 0x0009f000-0x0009ffff]
[    0.889156] kernel: PM: hibernation: Registered nosave memory: [mem 0x000a0000-0x000effff]
[    0.889157] kernel: PM: hibernation: Registered nosave memory: [mem 0x000f0000-0x000fffff]
[    0.889158] kernel: PM: hibernation: Registered nosave memory: [mem 0xbffe0000-0xbfffffff]
[    0.889159] kernel: PM: hibernation: Registered nosave memory: [mem 0xc0000000-0xfeffbfff]
[    0.889159] kernel: PM: hibernation: Registered nosave memory: [mem 0xfeffc000-0xfeffffff]
[    0.889160] kernel: PM: hibernation: Registered nosave memory: [mem 0xff000000-0xfffbffff]
[    0.889160] kernel: PM: hibernation: Registered nosave memory: [mem 0xfffc0000-0xffffffff]
[    0.889162] kernel: [mem 0xc0000000-0xfeffbfff] available for PCI devices
[    0.889163] kernel: Booting paravirtualized kernel on KVM
[    0.889166] kernel: clocksource: refined-jiffies: mask: 0xffffffff max_cycles: 0xffffffff, max_idle_ns: 1910969940391419 ns
[    0.893108] kernel: setup_percpu: NR_CPUS:64 nr_cpumask_bits:64 nr_cpu_ids:2 nr_node_ids:1
[    0.893960] kernel: percpu: Embedded 56 pages/cpu s191576 r8192 d29608 u1048576
[    0.893965] kernel: pcpu-alloc: s191576 r8192 d29608 u1048576 alloc=1*2097152
[    0.893968] kernel: pcpu-alloc: [0] 0 1 
[    0.893994] kernel: kvm-guest: setup async PF for cpu 0
[    0.893999] kernel: kvm-guest: stealtime: cpu 0, msr 26561f140
[    0.894005] kernel: Built 1 zonelists, mobility grouping on.  Total pages: 2580192
[    0.894006] kernel: Policy zone: Normal
[    0.894008] kernel: Kernel command line: root=/dev/sda console=ttyS0 net.ifnames=0 ip=192.168.0.36 quiet
[    0.900288] kernel: Dentry cache hash table entries: 2097152 (order: 12, 16777216 bytes, linear)
[    0.903625] kernel: Inode-cache hash table entries: 1048576 (order: 11, 8388608 bytes, linear)
[    0.903680] kernel: mem auto-init: stack:off, heap alloc:off, heap free:off
[    1.108191] kernel: Memory: 8872652K/10485240K available (14348K kernel code, 2403K rwdata, 3568K rodata, 1384K init, 1732K bss, 1612388K reserved, 0K cma-reserved)
[    1.108274] kernel: SLUB: HWalign=64, Order=0-3, MinObjects=0, CPUs=2, Nodes=1
[    1.108912] kernel: rcu: Hierarchical RCU implementation.
[    1.108913] kernel: rcu:         RCU event tracing is enabled.
[    1.108914] kernel: rcu:         RCU restricting CPUs from NR_CPUS=64 to nr_cpu_ids=2.
[    1.108917] kernel: rcu: RCU calculated value of scheduler-enlistment delay is 100 jiffies.
[    1.108918] kernel: rcu: Adjusting geometry for rcu_fanout_leaf=16, nr_cpu_ids=2
[    1.111551] kernel: NR_IRQS: 4352, nr_irqs: 440, preallocated irqs: 16
[    1.111756] kernel: random: get_random_bytes called from start_kernel+0x4b1/0x67a with crng_init=0
[    1.115601] kernel: Console: colour VGA+ 80x25
[    1.115640] kernel: printk: console [ttyS0] enabled
[    1.115657] kernel: ACPI: Core revision 20210730
[    1.115794] kernel: clocksource: hpet: mask: 0xffffffff max_cycles: 0xffffffff, max_idle_ns: 19112604467 ns
[    1.115893] kernel: APIC: Switch to symmetric I/O mode setup
[    1.115896] kernel: kvm-guest: setup PV IPIs
[    1.116748] kernel: ..TIMER: vector=0x30 apic1=0 pin1=2 apic2=-1 pin2=-1
[    1.116767] kernel: clocksource: tsc-early: mask: 0xffffffffffffffff max_cycles: 0x2563bf907c6, max_idle_ns: 440795319401 ns
[    1.116774] kernel: Calibrating delay loop (skipped) preset value.. 5187.81 BogoMIPS (lpj=2593906)
[    1.116776] kernel: pid_max: default: 32768 minimum: 301
[    1.116808] kernel: LSM: Security Framework initializing
[    1.116821] kernel: SELinux:  Initializing.
[    1.117831] kernel: Mount-cache hash table entries: 32768 (order: 6, 262144 bytes, linear)
[    1.118351] kernel: Mountpoint-cache hash table entries: 32768 (order: 6, 262144 bytes, linear)
[    1.118776] kernel: x86/cpu: User Mode Instruction Prevention (UMIP) activated
[    1.118860] kernel: Last level iTLB entries: 4KB 0, 2MB 0, 4MB 0
[    1.118862] kernel: Last level dTLB entries: 4KB 0, 2MB 0, 4MB 0, 1GB 0
[    1.118871] kernel: Spectre V1 : Mitigation: usercopy/swapgs barriers and __user pointer sanitization
[    1.118875] kernel: Spectre V2 : Mitigation: Enhanced IBRS
[    1.118876] kernel: Spectre V2 : Spectre v2 / SpectreRSB mitigation: Filling RSB on context switch
[    1.118877] kernel: Spectre V2 : mitigation: Enabling conditional Indirect Branch Prediction Barrier
[    1.118879] kernel: Speculative Store Bypass: Mitigation: Speculative Store Bypass disabled via prctl and seccomp
[    1.118879] kernel: TAA: Mitigation: TSX disabled
[    1.124569] kernel: Freeing SMP alternatives memory: 40K
[    1.124706] kernel: smpboot: CPU0: Intel(R) Xeon(R) Gold 6348 CPU @ 2.60GHz (family: 0x6, model: 0x6a, stepping: 0x6)
[    1.124769] kernel: Performance Events: Icelake events, 32-deep LBR, full-width counters, Intel PMU driver.
[    1.124769] kernel: ... version:                2
[    1.124769] kernel: ... bit width:              48
[    1.124769] kernel: ... generic registers:      8
[    1.124769] kernel: ... value mask:             0000ffffffffffff
[    1.124769] kernel: ... max period:             00007fffffffffff
[    1.124769] kernel: ... fixed-purpose events:   3
[    1.124769] kernel: ... event mask:             00000007000000ff
[    1.124769] kernel: rcu: Hierarchical SRCU implementation.
[    1.124769] kernel: smp: Bringing up secondary CPUs ...
[    1.124769] kernel: x86: Booting SMP configuration:
[    1.124769] kernel: .... node  #0, CPUs:      #1
[    0.005045] kernel: kvm-clock: cpu 1, msr 16786e041, secondary cpu clock
[    0.005045] kernel: smpboot: CPU 1 Converting physical 0 to logical die 1
[    1.140608] kernel: kvm-guest: setup async PF for cpu 1
[    1.140608] kernel: kvm-guest: stealtime: cpu 1, msr 26571f140
[    1.140608] kernel: smp: Brought up 1 node, 2 CPUs
[    1.140608] kernel: smpboot: Max logical packages: 2
[    1.140608] kernel: smpboot: Total of 2 processors activated (10375.62 BogoMIPS)
[    1.141145] kernel: devtmpfs: initialized
[    1.141881] kernel: clocksource: jiffies: mask: 0xffffffff max_cycles: 0xffffffff, max_idle_ns: 191----- is restarting 0
---- dfs_name orangefs is_dfs_client 0
unlink FIFO failed: No such file or directory
1260446275000 ns
[    1.141886] kernel: futex hash table entries: 512 (order: 3, 32768 bytes, linear)
[    1.142038] kernel: PM: RTC time: 07:13:15, date: 2023-03-08
[    1.142171] kernel: NET: Registered PF_NETLINK/PF_ROUTE protocol family
[    1.142353] kernel: audit: initializing netlink subsys (disabled)
[    1.142380] kernel: audit: type=2000 audit(1678259595.880:1): state=initialized audit_enabled=0 res=1
[    1.142380] kernel: thermal_sys: Registered thermal governor 'step_wise'
[    1.142380] kernel: thermal_sys: Registered thermal governor 'user_space'
[    1.142380] kernel: cpuidle: using governor menu
[    1.142380] kernel: ACPI: bus type PCI registered
[    1.142877] kernel: PCI: Using configuration type 1 for base access
[    1.148738] kernel: Kprobes globally optimized
[    1.148827] kernel: HugeTLB registered 2.00 MiB page size, pre-allocated 0 pages
[    1.148831] kernel: cryptomgr_test (26) used greatest stack depth: 31400 bytes left
[    1.149855] kernel: ACPI: Added _OSI(Module Device)
[    1.149855] kernel: ACPI: Added _OSI(Processor Device)
[    1.149855] kernel: ACPI: Added _OSI(3.0 _SCP Extensions)
[    1.149855] kernel: ACPI: Added _OSI(Processor Aggregator Device)
[    1.149855] kernel: ACPI: Added _OSI(Linux-Dell-Video)
[    1.149855] kernel: ACPI: Added _OSI(Linux-Lenovo-NV-HDMI-Audio)
[    1.149855] kernel: ACPI: Added _OSI(Linux-HPI-Hybrid-Graphics)
[    1.156752] kernel: ACPI: 1 ACPI AML tables successfully acquired and loaded
[    1.159022] kernel: ACPI: Interpreter enabled
[    1.159052] kernel: ACPI: PM: (supports S0 S3 S4 S5)
[    1.159053] kernel: ACPI: Using IOAPIC for interrupt routing
[    1.159085] kernel: PCI: Using host bridge windows from ACPI; if necessary, use "pci=nocrs" and report a bug
[    1.159486] kernel: ACPI: Enabled 2 GPEs in block 00 to 0F
[    1.170953] kernel: ACPI: PCI Root Bridge [PCI0] (domain 0000 [bus 00-ff])
[    1.170964] kernel: acpi PNP0A03:00: _OSC: OS supports [ASPM ClockPM Segments MSI HPX-Type3]
[    1.171007] kernel: acpi PNP0A03:00: fail to add MMCONFIG information, can't access extended PCI configuration space under this bridge.
[    1.171111] kernel: PCI host bridge to bus 0000:00
[    1.171114] kernel: pci_bus 0000:00: root bus resource [io  0x0000-0x0cf7 window]
[    1.171116] kernel: pci_bus 0000:00: root bus resource [io  0x0d00-0xffff window]
[    1.171118] kernel: pci_bus 0000:00: root bus resource [mem 0x000a0000-0x000bffff window]
[    1.171120] kernel: pci_bus 0000:00: root bus resource [mem 0xc0000000-0xfebfffff window]
[    1.171121] kernel: pci_bus 0000:00: root bus resource [mem 0x2c0000000-0x33fffffff window]
[    1.171124] kernel: pci_bus 0000:00: root bus resource [bus 00-ff]
[    1.171613] kernel: pci 0000:00:00.0: [8086:1237] type 00 class 0x060000
[    1.172504] kernel: pci 0000:00:01.0: [8086:7000] type 00 class 0x060100
[    1.173223] kernel: pci 0000:00:01.1: [8086:7010] type 00 class 0x010180
[    1.174977] kernel: pci 0000:00:01.1: reg 0x20: [io  0xc040-0xc04f]
[    1.175785] kernel: pci 0000:00:01.1: legacy IDE quirk: reg 0x10: [io  0x01f0-0x01f7]
[    1.175788] kernel: pci 0000:00:01.1: legacy IDE quirk: reg 0x14: [io  0x03f6]
[    1.175789] kernel: pci 0000:00:01.1: legacy IDE quirk: reg 0x18: [io  0x0170-0x0177]
[    1.175789] kernel: pci 0000:00:01.1: legacy IDE quirk: reg 0x1c: [io  0x0376]
[    1.176625] kernel: pci 0000:00:01.3: [8086:7113] type 00 class 0x068000
[    1.176893] kernel: pci 0000:00:01.3: quirk: [io  0x0600-0x063f] claimed by PIIX4 ACPI
[    1.176899] kernel: pci 0000:00:01.3: quirk: [io  0x0700-0x070f] claimed by PIIX4 SMB
[    1.177648] kernel: pci 0000:00:02.0: [1234:1111] type 00 class 0x030000
[    1.178774] kernel: pci 0000:00:02.0: reg 0x10: [mem 0xfd000000-0xfdffffff pref]
[    1.180284] kernel: pci 0000:00:02.0: reg 0x18: [mem 0xfeb90000-0xfeb90fff]
[    1.184124] kernel: pci 0000:00:02.0: reg 0x30: [mem 0xfeb80000-0xfeb8ffff pref]
[    1.185053] kernel: pci 0000:00:03.0: [1af4:1005] type 00 class 0x00ff00
[    1.185650] kernel: pci 0000:00:03.0: reg 0x10: [io  0xc000-0xc01f]
[    1.187628] kernel: pci 0000:00:03.0: reg 0x20: [mem 0xfe200000-0xfe203fff 64bit pref]
[    1.189182] kernel: pci 0000:00:04.0: [1af4:1000] type 00 class 0x020000
[    1.190364] kernel: pci 0000:00:04.0: reg 0x10: [io  0xc020-0xc03f]
[    1.191388] kernel: pci 0000:00:04.0: reg 0x14: [mem 0xfeb91000-0xfeb91fff]
[    1.193513] kernel: pci 0000:00:04.0: reg 0x20: [mem 0xfe204000-0xfe207fff 64bit pref]
[    1.194179] kernel: pci 0000:00:04.0: reg 0x30: [mem 0xfeb00000-0xfeb7ffff pref]
[    1.195261] kernel: pci 0000:00:10.0: [1af4:1110] type 00 class 0x050000
[    1.195773] kernel: pci 0000:00:10.0: reg 0x10: [mem 0xfeb92000-0xfeb920ff]
[    1.197078] kernel: pci 0000:00:10.0: reg 0x18: [mem 0xfe000000-0xfe0fffff 64bit pref]
[    1.199539] kernel: pci 0000:00:11.0: [1af4:1110] type 00 class 0x050000
[    1.200073] kernel: pci 0000:00:11.0: reg 0x10: [mem 0xfeb93000-0xfeb930ff]
[    1.202328] kernel: pci 0000:00:11.0: reg 0x18: [mem 0xfe208000-0xfe2083ff 64bit pref]
[    1.205748] kernel: pci 0000:00:12.0: [1af4:1110] type 00 class 0x050000
[    1.206775] kernel: pci 0000:00:12.0: reg 0x10: [mem 0xfeb94000-0xfeb940ff]
[    1.208180] kernel: pci 0000:00:12.0: reg 0x18: [mem 0xfe100000-0xfe1fffff 64bit pref]
[    1.212739] kernel: ACPI: PCI: Interrupt link LNKA configured for IRQ 10
[    1.213173] kernel: ACPI: PCI: Interrupt link LNKB configured for IRQ 10
[    1.213479] kernel: ACPI: PCI: Interrupt link LNKC configured for IRQ 11
[    1.213832] kernel: ACPI: PCI: Interrupt link LNKD configured for IRQ 11
[    1.213961] kernel: ACPI: PCI: Interrupt link LNKS configured for IRQ 9
[    1.214552] kernel: iommu: Default domain type: Translated 
[    1.214554] kernel: iommu: DMA domain TLB invalidation policy: lazy mode 
[    1.214585] kernel: pci 0000:00:02.0: vgaarb: setting as boot VGA device
[    1.214585] kernel: pci 0000:00:02.0: vgaarb: VGA device added: decodes=io+mem,owns=io+mem,locks=none
[    1.214585] kernel: pci 0000:00:02.0: vgaarb: bridge control possible
[    1.214585] kernel: vgaarb: loaded
[    1.214876] kernel: SCSI subsystem initialized
[    1.214919] kernel: libata version 3.00 loaded.
[    1.214919] kernel: ACPI: bus type USB registered
[    1.214919] kernel: usbcore: registered new interface driver usbfs
[    1.214932] kernel: usbcore: registered new interface driver hub
[    1.214944] kernel: usbcore: registered new device driver usb
[    1.214983] kernel: pps_core: LinuxPPS API ver. 1 registered
[    1.214984] kernel: pps_core: Software ver. 5.3.6 - Copyright 2005-2007 Rodolfo Giometti <giometti@linux.it>
[    1.214993] kernel: PTP clock support registered
[    1.215035] kernel: Advanced Linux Sound Architecture Driver Initialized.
[    1.215142] kernel: NetLabel: Initializing
[    1.215143] kernel: NetLabel:  domain hash size = 128
[    1.215144] kernel: NetLabel:  protocols = UNLABELED CIPSOv4 CALIPSO
[    1.215175] kernel: NetLabel:  unlabeled traffic allowed by default
[    1.215203] kernel: PCI: Using ACPI for IRQ routing
[    1.215203] kernel: PCI: pci_cache_line_size set to 64 bytes
[    1.215782] kernel: e820: reserve RAM buffer [mem 0x0009fc00-0x0009ffff]
[    1.215787] kernel: e820: reserve RAM buffer [mem 0xbffe0000-0xbfffffff]
[    1.215840] kernel: hpet0: at MMIO 0xfed00000, IRQs 2, 8, 0
[    1.215844] kernel: hpet0: 3 comparators, 64-bit 100.000000 MHz counter
[    1.222880] kernel: clocksource: Switched to clocksource kvm-clock
[    1.284513] kernel: VFS: Disk quotas dquot_6.6.0
[    1.284550] kernel: VFS: Dquot-cache hash table entries: 512 (order 0, 4096 bytes)
[    1.284681] kernel: pnp: PnP ACPI init
[    1.284994] kernel: pnp 00:03: [dma 2]
[    1.286438] kernel: pnp: PnP ACPI: found 6 devices
[    1.344794] kernel: clocksource: acpi_pm: mask: 0xffffff max_cycles: 0xffffff, max_idle_ns: 2085701024 ns
[    1.344888] kernel: NET: Registered PF_INET protocol family
[    1.345875] kernel: IP idents hash table[    0.000000] kernel: Linux version 5.15.0+ (tlyu@IC-RS3-DPC07) (gcc (Ubuntu 9.4.0-1ubuntu1~20.04.1) 9.4.0, GNU ld (GNU Binutils for Ubuntu) 2.34) #7 SMP Sat Feb 18 10:18:37 CET 2023
[    0.000000] kernel: Command line: root=/dev/sda console=ttyS0 net.ifnames=0 ip=192.168.0.37 quiet
[    0.000000] kernel: x86/fpu: Supporting XSAVE feature 0x001: 'x87 floating point registers'
[    0.000000] kernel: x86/fpu: Supporting XSAVE feature 0x002: 'SSE registers'
[    0.000000] kernel: x86/fpu: Supporting XSAVE feature 0x004: 'AVX registers'
[    0.000000] kernel: x86/fpu: Supporting XSAVE feature 0x020: 'AVX-512 opmask'
[    0.000000] kernel: x86/fpu: Supporting XSAVE feature 0x040: 'AVX-512 Hi256'
[    0.000000] kernel: x86/fpu: Supporting XSAVE feature 0x080: 'AVX-512 ZMM_Hi256'
[    0.000000] kernel: x86/fpu: Supporting XSAVE feature 0x200: 'Protection Keys User registers'
[    0.000000] kernel: x86/fpu: xstate_offset[2]:  576, xstate_sizes[2]:  256
[    0.000000] kernel: x86/fpu: xstate_offset[5]:  832, xstate_sizes[5]:   64
[    0.000000] kernel: x86/fpu: xstate_offset[6]:  896, xstate_sizes[6]:  512
[    0.000000] kernel: x86/fpu: xstate_offset[7]: 1408, xstate_sizes[7]: 1024
[    0.000000] kernel: x86/fpu: xstate_offset[9]: 2432, xstate_sizes[9]:    8
[    0.000000] kernel: x86/fpu: Enabled xstate features 0x2e7, context size is 2440 bytes, using 'compacted' format.
[    0.000000] kernel: signal: max sigframe size: 3632
[    0.000000] kernel: BIOS-provided physical RAM map:
[    0.000000] kernel: BIOS-e820: [mem 0x0000000000000000-0x000000000009fbff] usable
[    0.000000] kernel: BIOS-e820: [mem 0x000000000009fc00-0x000000000009ffff] reserved
[    0.000000] kernel: BIOS-e820: [mem 0x00000000000f0000-0x00000000000fffff] reserved
[    0.000000] kernel: BIOS-e820: [mem 0x0000000000100000-0x00000000bffdffff] usable
[    0.000000] kernel: BIOS-e820: [mem 0x00000000bffe0000-0x00000000bfffffff] reserved
[    0.000000] kernel: BIOS-e820: [mem 0x00000000feffc000-0x00000000feffffff] reserved
[    0.000000] kernel: BIOS-e820: [mem 0x00000000fffc0000-0x00000000ffffffff] reserved
[    0.000000] kernel: BIOS-e820: [mem 0x0000000100000000-0x00000002bfffffff] usable
[    0.000000] kernel: NX (Execute Disable) protection: active
[    0.000000] kernel: SMBIOS 2.8 present.
[    0.000000] kernel: DMI: QEMU Standard PC (i440FX + PIIX, 1996), BIOS 1.13.0-1ubuntu1.1 04/01/2014
[    0.000000] kernel: Hypervisor detected: KVM
[    0.000000] kernel: kvm-clock: Using msrs 4b564d01 and 4b564d00
[    0.000000] kernel: kvm-clock: cpu 0, msr a8e6e001, primary cpu clock
[    0.000001] kernel: kvm-clock: using sched offset of 552983886 cycles
[    0.000002] kernel: clocksource: kvm-clock: mask: 0xffffffffffffffff max_cycles: 0x1cd42e4dffb, max_idle_ns: 881590591483 ns
[    0.000004] kernel: tsc: Detected 2593.906 MHz processor
[    0.000424] kernel: e820: update [mem 0x00000000-0x00000fff] usable ==> reserved
[    0.000426] kernel: e820: remove [mem 0x000a0000-0x000fffff] usable
[    0.000429] kernel: last_pfn = 0x2c0000 max_arch_pfn = 0x10000000000
[    0.000473] kernel: x86/PAT: Configuration [0-7]: WB  WC  UC- UC  WB  WP  UC- WT  
[    0.000478] kernel: last_pfn = 0xbffe0 max_arch_pfn = 0x10000000000
[    0.004805] kernel: found SMP MP-table at [mem 0x000f5c80-0x000f5c8f]
[    0.004822] kernel: Using GB pages for direct mapping
[    0.005444] kernel: ACPI: Early table checksum verification disabled
[    0.005447] kernel: ACPI: RSDP 0x00000000000F5A50 000014 (v00 BOCHS )
[    0.005453] kernel: ACPI: RSDT 0x00000000BFFE15C9 000030 (v01 BOCHS  BXPCRSDT 00000001 BXPC 00000001)
[    0.005458] kernel: ACPI: FACP 0x00000000BFFE149D 000074 (v01 BOCHS  BXPCFACP 00000001 BXPC 00000001)
[    0.005462] kernel: ACPI: DSDT 0x00000000BFFE0040 00145D (v01 BOCHS  BXPCDSDT 00000001 BXPC 00000001)
[    0.005465] kernel: ACPI: FACS 0x00000000BFFE0000 000040
[    0.005467] kernel: ACPI: APIC 0x00000000BFFE1511 000080 (v01 BOCHS  BXPCAPIC 00000001 BXPC 00000001)
[    0.0054executor 2 finishes userspace_cover_open
before receiving handshake request
req.flags ea2
69] kernel: ACPI: HPET 0x00000000BFFE1591 000038 (v01 BOCHS  BXPCHPET 00000001 BXPC 00000001)
[    0.005471] kernel: ACPI: Reserving FACP table memory at [mem 0xbffe149d-0xbffe1510]
[    0.005472] kernel: ACPI: Reserving DSDT table memory at [mem 0xbffe0040-0xbffe149c]
[    0.005473] kernel: ACPI: Reserving FACS table memory at [mem 0xbffe0000-0xbffe003f]
[    0.005474] kernel: ACPI: Reserving APIC table memory at [mem 0xbffe1511-0xbffe1590]
[    0.005475] kernel: ACPI: Reserving HPET table memory at [mem 0xbffe1591-0xbffe15c8]
[    0.005728] kernel: No NUMA configuration found
[    0.005728] kernel: Faking a node at [mem 0x0000000000000000-0x00000002bfffffff]
[    0.005731] kernel: NODE_DATA(0) allocated [mem 0x2bfffa000-0x2bfffdfff]
[    0.005775] kernel: Zone ranges:
[    0.005776] kernel:   DMA      [mem 0x0000000000001000-0x0000000000ffffff]
[    0.005777] kernel:   DMA32    [mem 0x0000000001000000-0x00000000ffffffff]
[    0.005779] kernel:   Normal   [mem 0x0000000100000000-0x00000002bfffffff]
[    0.005780] kernel: Movable zone start for each node
[    0.005780] kernel: Early memory node ranges
[    0.005781] kernel:   node   0: [mem 0x0000000000001000-0x000000000009efff]
[    0.005782] kernel:   node   0: [mem 0x0000000000100000-0x00000000bffdffff]
[    0.005783] kernel:   node   0: [mem 0x0000000100000000-0x00000002bfffffff]
[    0.005784] kernel: Initmem setup node 0 [mem 0x0000000000001000-0x00000002bfffffff]
[    0.008586] kernel: On node 0, zone DMA: 1 pages in unavailable ranges
[    0.008597] kernel: On node 0, zone DMA: 97 pages in unavailable ranges
[    0.121280] kernel: On node 0, zone Normal: 32 pages in unavailable ranges
[    1.010544] kernel: kasan: KernelAddressSanitizer initialized
[    1.010869] kernel: ACPI: PM-Timer IO Port: 0x608
[    1.010878] kernel: ACPI: LAPIC_NMI (acpi_id[0xff] dfl dfl lint[0x1])
[    1.010914] kernel: IOAPIC[0]: apic_id 0, version 17, address 0xfec00000, GSI 0-23
[    1.010917] kernel: ACPI: INT_SRC_OVR (bus 0 bus_irq 0 global_irq 2 dfl dfl)
[    1.010919] kernel: ACPI: INT_SRC_OVR (bus 0 bus_irq 5 global_irq 5 high level)
[    1.010920] kernel: ACPI: INT_SRC_OVR (bus 0 bus_irq 9 global_irq 9 high level)
[    1.010921] kernel: ACPI: INT_SRC_OVR (bus 0 bus_irq 10 global_irq 10 high level)
[    1.010922] kernel: ACPI: INT_SRC_OVR (bus 0 bus_irq 11 global_irq 11 high level)
[    1.010995] kernel: ACPI: Using ACPI (MADT) for SMP configuration information
[    1.010996] kernel: ACPI: HPET id: 0x8086a201 base: 0xfed00000
[    1.011000] kernel: TSC deadline timer available
[    1.011002] kernel: smpboot: Allowing 2 CPUs, 0 hotplug CPUs
[    1.011024] kernel: kvm-guest: KVM setup pv remote TLB flush
[    1.011028] kernel: kvm-guest: setup PV sched yield
[    1.011035] kernel: PM: hibernation: Registered nosave memory: [mem 0x00000000-0x00000fff]
[    1.011038] kernel: PM: hibernation: Registered nosave memory: [mem 0x0009f000-0x0009ffff]
[    1.011039] kernel: PM: hibernation: Registered nosave memor[D 01/16/2023 17:42:13] PVFS2 Server version 2.9.7-orangefs-REV-65ab0d2 starting.
[E 01/16/2023 17:43:19] PVFS2 server got signal 15 (server_status_flag: 2080767)
[D 02/18/2023 14:39:31] PVFS2 Server version 2.9.7-orangefs-REV-65ab0d2 starting.
[D 02/18/2023 14:47:30] PVFS2 received server: signal 1
[E 02/18/2023 14:47:30] PVFS2 server got signal 15 (server_status_flag: 2080767)
y: [mem 0x000a0000-0x000effff]
[    1.011039] kernel: PM: hibernation: Registered nosave memory: [mem 0x000f0000-0x000fffff]
[    1.011040] kernel: PM: hibernation: Registered nosave memory: [mem 0xbffe0000-0xbfffffff]
[    1.011041] kernel: PM: hibernation: Registered nosave memory: [mem 0xc0000000-0xfeffbfff]
[    1.011042] kernel: PM: hibernation: Registered nosave memory: [mem 0xfeffc000-0xfeffffff]
[    1.011042] kernel: PM: hibernation: Registered nosave memory: [mem 0xff000000-0xfffbffff]
[    1.011043] kernel: PM: hibernation: Registered nosave memory: [mem 0xfffc0000-0xffffffff]
[    1.011045] kernel: [mem 0xc0000000-0xfeffbfff] available for PCI devices
[    1.011045] kernel: Booting paravirtualized kernel on KVM
[    1.011048] kernel: clocksource: refined-jiffies: mask: 0xffffffff max_cycles: 0xffffffff, max_idle_ns: 1910969940391419 ns
[    1.015845] kernel: setup_percpu: NR_CPUS:64 nr_cpumask_bits:64 nr_cpu_ids:2 nr_node_ids:1
[    1.016806] kernel: percpu: Embedded 56 pa entries: 262144 (order: 9, 2097152 bytes, linear)
[    1.363638] kernel: tcp_listen_portaddr_hash hash table entries: 8192 (order: 5, 131072 bytes, linear)
[    1.364402] kernel: TCP established hash table entries: 131072 (order: 8, 1048576 bytes, linear)
[    1.364578] kernel: TCP bind hash table entries: 65536 (order: 8, 1048576 bytes, linear)
[    1.365464] kernel: TCP: Hash tables configured (established 131072 bind 65536)
[    1.365561] kernel: UDP hash table entries: 8192 (order: 6, 262144 bytes, linear)
[    1.365609] kernel: UDP-Lite hash table entries: 8192 (order: 6, 262144 bytes, linear)
[    1.365752] kernel: NET: Registered PF_UNIX/PF_LOCAL protocol family
[    1.368087] kernel: pci_bus 0000:00: resource 4 [io  0x0000-0x0cf7 window]
[    1.368090] kernel: pci_bus 0000:00: resource 5 [io  0x0d00-0xffff window]
[    1.368092] kernel: pci_bus 0000:00: resource 6 [mem 0x000a0000-0x000bffff window]
[    1.368093] kernel: pci_bus 0000:00: resource 7 [mem 0xc0000000-0xfebfffff window]
[    1.368095] kernel: pci_bus 0000:00: resource 8 [mem 0x2c0000000-0x33fffffff window]
[    1.368218] kernel: pci 0000:00:01.0: PIIX3: Enabling Passive Release
[    1.368228] kernel: pci 0000:00:00.0: Limiting direct PCI/PCI transfers
[    1.368237] kernel: pci 0000:00:01.0: Activating ISA DMA hang workarounds
[    1.368275] kernel: pci 0000:00:02.0: Video device with shadowed ROM at [mem 0x000c0000-0x000dffff]
[    1.368313] kernel: PCI: CLS 0 bytes, default 64
[    1.368331] kernel: PCI-DMA: Using software bounce buffering for IO (SWIOTLB)
[    1.368333] kernel: software IO TLB: mapped [mem 0x00000000bbfe0000-0x00000000bffe0000] (64MB)
[    1.371309] kernel: RAPL PMU: API unit is 2^-32 Joules, 0 fixed counters, 10737418240 ms ovfl timer
[    1.371331] kernel: clocksource: tsc: mask: 0xffffffffffffffff max_cycles: 0x2563bf907c6, max_idle_ns: 440795319401 ns
[    1.371429] kernel: clocksource: Switched to clocksource tsc
[    1.375410] kernel: Initialise system trusted keyrings
[    1.376721] kernel: workingset: timestamp_bits=56 max_order=22 bucket_order=0
[    1.397106] kernel: fuse: init (API version 7.34)
[    1.397418] kernel: orangefs_debugfs_init: called with debug mask: :none: :0:
[    1.397504] kernel: orangefs_init: module version upstream loaded
[    1.420971] kernel: Key type asymmetric registered
[    1.420976] kernel: Asymmetric key parser 'x509' registered
[    1.421093] kernel: Block layer SCSI generic (bsg) driver version 0.4 loaded (major 250)
[    1.421095] kernel: io scheduler mq-deadline registered
[    1.421096] kernel: io scheduler kyber registered
[    1.421524] kernel: input: Power Button as /devices/LNXSYSTM:00/LNXPWRBN:00/input/input0
[    1.421624] kernel: ACPI: button: Power Button [PWRF]
[    1.834388] kernel: ACPI: \_SB_.LNKC: Enabled at IRQ 11
[    2.267260] kernel: ACPI: \_SB_.LNKD: Enabled at IRQ 10
[    2.268568] kernel: Serial: 8250/16550 driver, 4 ports, IRQ sharing enabled
[    2.268691] kernel: 00:05: ttyS0 at I/O 0x3f8 (irq = 4, base_baud = 115200) is a 16550A
[    2.269487] kernel: Non-volatile memory driver v1.3
[    2.269543] kernel: Linux agpgart interface v0.103
[    2.291708] kernel: loop: module loaded
[    2.291912] kernel: ata_piix 0000:00:01.1: version 2.13
[    2.303807] kernel: scsi host0: ata_piix
[    2.304107] kernel: scsi host1: ata_piix
[    2.304180] kernel: ata1: PATA max MWDMA2 cmd 0x1f0 ctl 0x3f6 bmdma 0xc040 irq 14
[    2.304182] kernel: ata2: PATA max MWDMA2 cmd 0x170 ctl 0x376 bmdma 0xc048 irq 15
[    2.304463] kernel: libphy: Fixed MDIO Bus: probed
[    2.312259] kernel: e100: Intel(R) PRO/100 Network Driver
[    2.312262] kernel: e100: Copyright(c) 1999-2006 Intel Corporation
[    2.312272] kernel: e1000: Intel(R) PRO/1000 Network Driver
[    2.312273] kernel: e1000: Copyright (c) 1999-2006 Intel Corporation.
[    2.312294] kernel: e1000e: Intel(R) PRO/1000 Network Driver
[    2.312295] kernel: e1000e: Copyright(c) 1999 - 2015 Intel Corporation.
[    2.312313] kernel: sges/cpu s191576 r8192 d29608 u1048576
[    1.016812] kernel: pcpu-alloc: s191576 r8192 d29608 u1048576 alloc=1*2097152
[    1.016814] kernel: pcpu-alloc: [0] 0 1 
[    1.016838] kernel: kvm-guest: setup async PF for cpu 0
[    1.016843] kernel: kvm-guest: stealtime: cpu 0, msr 26561f140
[    1.016847] kernel: Built 1 zonelists, mobility grouping on.  Total pages: 2580192
[    1.016848] kernel: Policy zone: Normal
[    1.016850] kernel: Kernel command line: root=/dev/sda console=ttyS0 net.ifnames=0 ip=192.168.0.37 quiet
[    1.024623] kernel: Dentry cache hash table entries: 2097152 (order: 12, 16777216 bytes, linear)
[    1.028181] kernel: Inode-cache hash table entries: 1048576 (order: 11, 8388608 bytes, linear)
[    1.028237] kernel: mem auto-init: stack:off, heap alloc:off, heap free:off
[    1.450916] kernel: Memory: 8872648K/10485240K available (14348K kernel code, 2403K rwdata, 3568K rodata, 1384K init, 1732K bss, 1612392K reserved, 0K cma-reserved)
[    1.451005] kernel: SLUB: ky2: driver version 1.30
[    2.312566] kernel: ehci_hcd: USB 2.0 'Enhanced' Host Controller (EHCI) Driver
[    2.312569] kernel: ehci-pci: EHCI PCI platform driver
[    2.312601] kernel: ohci_hcd: USB 1.1 'Open' Host Controller (OHCI) Driver
[    2.312615] kernel: ohci-pci: OHCI PCI platform driver
[    2.312626] kernel: uhci_hcd: USB Universal Host Controller Interface driver
[    2.312737] kernel: usbcore: registered new interface driver usblp
[    2.312751] kernel: usbcore: registered new interface driver usb-storage
[    2.312807] kernel: i8042: PNP: PS/2 Controller [PNP0303:KBD,PNP0f13:MOU] at 0x60,0x64 irq 1,12
[    2.314724] kernel: serio: i8042 KBD port at 0x60,0x64 irq 1
[    2.314734] kernel: serio: i8042 AUX port at 0x60,0x64 irq 12
[    2.317596] kernel: input: AT Translated Set 2 keyboard as /devices/platform/i8042/serio0/input/input1
[    2.319493] kernel: rtc_cmos 00:00: RTC can wake from S4
[    2.325653] kernel: rtc_cmos 00:00: registered as rtc0
[    2.325686] kerneHWalign=64, Order=0-3, MinObjects=0, CPUs=2, Nodes=1
[    1.451668] kernel: rcu: Hierarchical RCU implementation.
[    1.451670] kernel: rcu:         RCU event tracing is enabled.
[    1.451671] kernel: rcu:         RCU restricting CPUs from NR_CPUS=64 to nr_cpu_ids=2.
[    1.451673] kernel: rcu: RCU calculated value of scheduler-enlistment delay is 100 jiffies.
[    1.451674] kernel: rcu: Adjusting geometry for rcu_fanout_leaf=16, nr_cpu_ids=2
[    1.454375] kernel: NR_IRQS: 4352, nr_irqs: 440, preallocated irqs: 16
[    1.454581] kernel: random: get_random_bytes called from start_kernel+0x4b1/0x67a with crng_init=0
[    1.458786] kernel: Console: colour VGA+ 80x25
[    1.458839] kernel: printk: console [ttyS0] enabled
[    1.458883] kernel: ACPI: Core revision 20210730
[    1.459049] kernel: clocksource: hpet: mask: 0xffffffff max_cycles: 0xffffffff, max_idle_ns: 19112604467 ns
[    1.459141] kernel: APIC: Switch to symmetric I/O mode setup
[    1.459146] kernel: kvm-guest: setup PVl: rtc_cmos 00:00: alarms up to one day, y3k, 114 bytes nvram, hpet irqs
[    2.326751] kernel: device-mapper: ioctl: 4.45.0-ioctl (2021-03-22) initialised: dm-devel@redhat.com
[    2.326756] kernel: intel_pstate: CPU model not supported
[    2.326834] kernel: hid: raw HID events driver (C) Jiri Kosina
[    2.327136] kernel: usbcore: registered new interface driver usbhid
[    2.327138] kernel: usbhid: USB HID core driver
[    2.327969] kernel: netem: version 1.3
[    2.330214] kernel: Initializing XFRM netlink socket
[    2.330459] kernel: NET: Registered PF_INET6 protocol family
[    2.332168] kernel: Segment Routing with IPv6
[    2.332182] kernel: In-situ OAM (IOAM) with IPv6
[    2.332259] kernel: sit: IPv6, IPv4 and MPLS over IPv4 tunneling driver
[    2.332486] kernel: NET: Registered PF_PACKET protocol family
[    2.332528] kernel: 9pnet: Installing 9P2000 support
[    2.332554] kernel: Key type dns_resolver registered
[    2.332565] kernel: Key type ceph registered
[    2.348 IPIs
[    1.460026] kernel: ..TIMER: vector=0x30 apic1=0 pin1=2 apic2=-1 pin2=-1
[    1.460047] kernel: clocksource: tsc-early: mask: 0xffffffffffffffff max_cycles: 0x2563bf907c6, max_idle_ns: 440795319401 ns
[    1.460056] kernel: Calibrating delay loop (skipped) preset value.. 5187.81 BogoMIPS (lpj=2593906)
[    1.460058] kernel: pid_max: default: 32768 minimum: 301
[    1.460098] kernel: LSM: Security Framework initializing
[    1.460113] kernel: SELinux:  Initializing.
[    1.461136] kernel: Mount-cache hash table entries: 32768 (order: 6, 262144 bytes, linear)
[    1.461703] kernel: Mountpoint-cache hash table entries: 32768 (order: 6, 262144 bytes, linear)
[    1.462539] kernel: x86/cpu: User Mode Instruction Prevention (UMIP) activated
[    1.462635] kernel: Last level iTLB entries: 4KB 0, 2MB 0, 4MB 0
[    1.462636] kernel: Last level dTLB entries: 4KB 0, 2MB 0, 4MB 0, 1GB 0
[    1.462651] kernel: Spectre V1 : Mitigation: usercopy/swapgs barriers and __user pointer sanitizati480] kernel: libceph: loaded (mon/osd proto 15/24)
[    2.355767] kernel: IPI shorthand broadcast: enabled
[    2.355807] kernel: sched_clock: Marking stable (2351725547, 4045401)->(2449996720, -94225772)
[    2.356072] kernel: registered taskstats version 1
[    2.356074] kernel: Loading compiled-in X.509 certificates
[    2.356991] kernel: PM:   Magic number: 15:489:217
[    2.357034] kernel: printk: console [netcon0] enabled
[    2.357035] kernel: netconsole: network logging started
[    2.467323] kernel: ata1.01: NODEV after polling detection
[    2.467523] kernel: ata2.01: NODEV after polling detection
[    2.467716] kernel: ata1.00: ATA-7: QEMU HARDDISK, 2.5+, max UDMA/100
[    2.467717] kernel: ata1.00: 88078336 sectors, multi 16: LBA48 
[    2.467878] kernel: ata2.00: ATAPI: QEMU DVD-ROM, 2.5+, max UDMA/100
[    2.468458] kernel: scsi 0:0:0:0: Direct-Access     ATA      QEMU HARDDISK    2.5+ PQ: 0 ANSI: 5
[    2.468683] kernel: scsi 0:0:0:0: Attached scsi generic sg0 type 0
[    2.468853] kernel: sd 0:0:0:0: [sda] 88078336 512-byte logical blocks: (45.1 GB/42.0 GiB)
[    2.468859] kernel: sd 0:0:0:0: [sda] Write Protect is off
[    2.468862] kernel: sd 0:0:0:0: [sda] Mode Sense: 00 3a 00 00
[    2.468871] kernel: sd 0:0:0:0: [sda] Write cache: enabled, read cache: enabled, doesn't support DPO or FUA
[    2.469600] kernel: scsi 1:0:0:0: CD-ROM            QEMU     QEMU DVD-ROM     2.5+ PQ: 0 ANSI: 5
[    2.471134] kernel: sd 0:0:0:0: [sda] Attached SCSI disk
[    2.487188] kernel: sr 1:0:0:0: [sr0] scsi3-mmc drive: 4x/4x cd/rw xa/form2 tray
[    2.487195] kernel: cdrom: Uniform CD-ROM driver Revision: 3.20
[    2.505559] kernel: sr 1:0:0:0: Attached scsi CD-ROM sr0
[    2.505735] kernel: sr 1:0:0:0: Attached scsi generic sg1 type 5
[    2.980714] kernel: input: ImExPS/2 Generic Explorer Mouse as /devices/platform/i8042/serio1/input/input3
[    2.998015] kernel: IP-Config: Guessing netmask 255.255.255.0
[    2.998018] kernel: IP-Config: Complete:
[    2.99801on
[    1.462655] kernel: Spectre V2 : Mitigation: Enhanced IBRS
[    1.462657] kernel: Spectre V2 : Spectre v2 / SpectreRSB mitigation: Filling RSB on context switch
[    1.462659] kernel: Spectre V2 : mitigation: Enabling conditional Indirect Branch Prediction Barrier
[    1.462661] kernel: Speculative Store Bypass: Mitigation: Speculative Store Bypass disabled via prctl and seccomp
[    1.462662] kernel: TAA: Mitigation: TSX disabled
[    1.469668] kernel: Freeing SMP alternatives memory: 40K
[    1.470108] kernel: smpboot: CPU0: Intel(R) Xeon(R) Gold 6348 CPU @ 2.60GHz (family: 0x6, model: 0x6a, stepping: 0x6)
[    1.470271] kernel: Performance Events: Icelake events, 32-deep LBR, full-width counters, Intel PMU driver.
[    1.470377] kernel: ... version:                2
[    1.470379] kernel: ... bit width:              48
[    1.470380] kernel: ... generic registers:      8
[    1.470380] kernel: ... value mask:             0000ffffffffffff
[    1.470382] kernel: ... max period:8] kernel:      device=eth0, hwaddr=e6:c8:ff:09:76:24, ipaddr=192.168.0.36, mask=255.255.255.0, gw=255.255.255.255
[    2.998021] kernel:      host=192.168.0.36, domain=, nis-domain=(none)
[    2.998022] kernel:      bootserver=255.255.255.255, rootserver=255.255.255.255, rootpath=
[    2.998118] kernel: cfg80211: Loading compiled-in X.509 certificates for regulatory database
[    2.998550] kernel: kworker/u4:1 (69) used greatest stack depth: 30480 bytes left
[    2.999162] kernel: cfg80211: Loaded X.509 cert 'sforshee: 00b28ddf47aef9cea7'
[    2.999174] kernel: ALSA device list:
[    2.999175] kernel:   No soundcards found.
[    2.999390] kernel: md: Waiting for all devices to be available before autodetect
[    2.999391] kernel: md: If you don't use raid, use raid=noautodetect
[    2.999392] kernel: md: Autodetecting RAID arrays.
[    2.999393] kernel: md: autorun ...
[    2.999393] kernel: md: ... autorun DONE.
[    3.000239] kernel: platform regulatory.0: Direct firmware load for              00007fffffffffff
[    1.470382] kernel: ... fixed-purpose events:   3
[    1.470383] kernel: ... event mask:             00000007000000ff
[    1.470498] kernel: rcu: Hierarchical SRCU implementation.
[    1.470868] kernel: smp: Bringing up secondary CPUs ...
[    1.471008] kernel: x86: Booting SMP configuration:
[    1.471009] kernel: .... node  #0, CPUs:      #1
[    0.005500] kernel: kvm-clock: cpu 1, msr a8e6e041, secondary cpu clock
[    0.005500] kernel: smpboot: CPU 1 Converting physical 0 to logical die 1
[    1.472084] kernel: kvm-guest: setup async PF for cpu 1
[    1.472093] kernel: kvm-guest: stealtime: cpu 1, msr 26571f140
[    1.472104] kernel: smp: Brought up 1 node, 2 CPUs
[    1.472104] kernel: smpboot: Max logical packages: 2
[    1.472104] kernel: smpboot: Total of 2 processors activated (10375.62 BogoMIPS)
[    1.472620] kernel: devtmpfs: initialized
[    1.473245] kernel: clocksource: jiffies: mask: 0xffffffff max_cycles: 0xffffffff, max_idle_ns: 19112regulatory.db failed with error -2
[    3.000245] kernel: cfg80211: failed to load regulatory.db
[    3.004878] kernel: EXT4-fs (sda): mounted filesystem with ordered data mode. Opts: (null). Quota mode: none.
[    3.004899] kernel: VFS: Mounted root (ext4 filesystem) readonly on device 8:0.
[    3.005707] kernel: devtmpfs: mounted
[    3.006513] kernel: Freeing unused kernel image (initmem) memory: 1384K
[    3.011825] kernel: Write protecting the kernel read-only data: 20480k
[    3.012702] kernel: Freeing unused kernel image (text/rodata gap) memory: 2032K
[    3.012964] kernel: Freeing unused kernel image (rodata/data gap) memory: 528K
[    3.012975] kernel: Run /sbin/init as init process
[    3.012976] kernel:   with arguments:
[    3.012976] kernel:     /sbin/init
[    3.012976] kernel:   with environment:
[    3.012977] kernel:     HOME=/
[    3.012977] kernel:     TERM=linux
[    3.110091] kernel: random: fast init done
[    3.270025] systemd[1]: systemd 245.4-4ubuntu3 running60446275000 ns
[    1.473245] kernel: futex hash table entries: 512 (order: 3, 32768 bytes, linear)
[    1.473325] kernel: PM: RTC time: 07:13:15, date: 2023-03-08
[    1.474113] kernel: NET: Registered PF_NETLINK/PF_ROUTE protocol family
[    1.474306] kernel: audit: initializing netlink subsys (disabled)
[    1.474342] kernel: audit: type=2000 audit(1678259596.197:1): state=initialized audit_enabled=0 res=1
[    1.474342] kernel: thermal_sys: Registered thermal governor 'step_wise'
[    1.474342] kernel: thermal_sys: Registered thermal governor 'user_space'
[    1.474342] kernel: cpuidle: using governor menu
[    1.474342] kernel: ACPI: bus type PCI registered
[    1.474342] kernel: PCI: Using configuration type 1 for base access
[    1.480728] kernel: Kprobes globally optimized
[    1.480761] kernel: HugeTLB registered 2.00 MiB page size, pre-allocated 0 pages
[    1.480761] kernel: cryptomgr_test (26) used greatest stack depth: 31400 bytes left
[    1.487142] kernel: ACPI: Added _ in system mode. (+PAM +AUDIT +SELINUX +IMA +APPARMOR +SMACK +SYSVINIT +UTMP +LIBCRYPTSETUP +GCRYPT +GNUTLS +ACL +XZ +LZ4 +SECCOMP +BLKID +ELFUTILS +KMOD +IDN2 -IDN +PCRE2 default-hierarchy=hybrid)
[    3.270115] systemd[1]: Detected virtualization kvm.
[    3.270120] systemd[1]: Detected architecture x86-64.
[    3.286185] systemd[1]: Set hostname to <dfs-fuzzing>.
[    3.325551] kernel: IPv6: ADDRCONF(NETDEV_CHANGE): eth0: link becomes ready
[    3.408427] kernel: systemd-veritys (89) used greatest stack depth: 29808 bytes left
[    3.410230] kernel: systemd-debug-g (80) used greatest stack depth: 29120 bytes left
[    3.664404] systemd[1]: /lib/systemd/system/dbus.socket:5: ListenStream= references a path below legacy directory /var/run/, updating /var/run/dbus/system_bus_socket  /run/dbus/system_bus_socket; please update the unit file accordingly.
[    3.687562] systemd[1]: system-modprobe.slice: unit configures an IP firewall, but the local system does not support BPF/cgroup firewalling.
[    3.687567] systemd[1]: (This warning is only shown for the first unit using IP firewalling.)
[    3.687787] systemd[1]: Created slice system-modprobe.slice.
[    3.687898] systemd[1]: Created slice system-serial\x2dgetty.slice.
[    3.687968] systemd[1]: Created slice User and Session Slice.
[    3.688024] systemd[1]: Started Dispatch Password Requests to Console Directory Watch.
[    3.688067] systemd[1]: Started Forward Password Requests to Wall Directory Watch.
[    3.688270] systemd[1]: Set up automount Arbitrary Executable File Formats File System Automount Point.
[    3.688291] systemd[1]: Reached target Local Encrypted Volumes.
[    3.688302] systemd[1]: Reached target Paths.
[    3.688308] systemd[1]: Reached target Remote File Systems.
[    3.688313] systemd[1]: Reached target Slices.
[    3.688330] systemd[1]: Reached target Swap.
[    3.688398] systemd[1]: Listening on Device-mapper event daemon FIFOs.
[    3.688503] systemd[1]: Listening on Syslog Socket.
[    3.688547] systemd[1]: Listening on initctl Compatibility Named Pipe.
[    3.688702] systemd[1]: Listening on Journal Audit Socket.
[    3.688794] systemd[1]: Listening on Journal Socket (/dev/log).
[    3.688898] systemd[1]: Listening on Journal Socket.
[    3.689445] systemd[1]: Listening on udev Control Socket.
[    3.689518] systemd[1]: Listening on udev Kernel Socket.
[    3.708042] systemd[1]: Mounting Huge Pages File System...
[    3.709526] systemd[1]: Mounting POSIX Message Queue File System...
[    3.712642] systemd[1]: Mounting /proc/sys/fs/binfmt_misc...
[    3.715890] systemd[1]: Mounting /sys/kernel/config...
[    3.718122] systemd[1]: Mounting /sys/kernel/debug...
[    3.720224] systemd[1]: Mounting Kernel Trace File System...
[    3.722247] systemd[1]: Starting Journal Service...
[    3.732759] systemd[1]: Starting Set the console keyboard layout...
[    3.732800] systemd[1]: Condition check resulted in Create list of static device nodes for the current kernel beingOSI(Module Device)
[    1.487142] kernel: ACPI: Added _OSI(Processor Device)
[    1.487142] kernel: ACPI: Added _OSI(3.0 _SCP Extensions)
[    1.487142] kernel: ACPI: Added _OSI(Processor Aggregator Device)
[    1.487142] kernel: ACPI: Added _OSI(Linux-Dell-Video)
[    1.487142] kernel: ACPI: Added _OSI(Linux-Lenovo-NV-HDMI-Audio)
[    1.487142] kernel: ACPI: Added _OSI(Linux-HPI-Hybrid-Graphics)
[    1.493777] kernel: ACPI: 1 ACPI AML tables successfully acquired and loaded
[    1.499248] kernel: ACPI: Interpreter enabled
[    1.499279] kernel: ACPI: PM: (supports S0 S3 S4 S5)
[    1.499281] kernel: ACPI: Using IOAPIC for interrupt routing
[    1.499315] kernel: PCI: Using host bridge windows from ACPI; if necessary, use "pci=nocrs" and report a bug
[    1.499829] kernel: ACPI: Enabled 2 GPEs in block 00 to 0F
[    1.511669] kernel: ACPI: PCI Root Bridge [PCI0] (domain 0000 [bus 00-ff])
[    1.511682] kernel: acpi PNP0A03:00: _OSC: OS supports [ASPM ClockPM Segments MSI HPX-Type3]
[  skipped.
[    3.732833] systemd[1]: Condition check resulted in Load Kernel Module drm being skipped.
[    3.765615] systemd[1]: Starting Load Kernel Modules...
[    3.766792] systemd[1]: Starting Remount Root and Kernel File Systems...
[    3.767896] systemd[1]: Starting udev Coldplug all Devices...
[    3.768924] systemd[1]: Mounted Huge Pages File System.
[    3.769114] systemd[1]: Mounted POSIX Message Queue File System.
[    3.769271] systemd[1]: Mounted /proc/sys/fs/binfmt_misc.
[    3.769433] systemd[1]: Mounted /sys/kernel/config.
[    3.769584] systemd[1]: Mounted /sys/kernel/debug.
[    3.821090] systemd[1]: Condition check resulted in Set Up Additional Binary Formats being skipped.
[    3.822178] systemd[1]: Mounted Kernel Trace File System.
[    3.822565] systemd[1]: Finished Load Kernel Modules.
[    3.823538] systemd[1]: Mounting FUSE Control File System...
[    3.824359] systemd[1]: Starting Apply Kernel Variables...
[    3.867699] systemd[1]: Mounted FUSE Control File   1.511727] kernel: acpi PNP0A03:00: fail to add MMCONFIG information, can't access extended PCI configuration space under this bridge.
[    1.511844] kernel: PCI host bridge to bus 0000:00
[    1.511847] kernel: pci_bus 0000:00: root bus resource [io  0x0000-0x0cf7 window]
[    1.511849] kernel: pci_bus 0000:00: root bus resource [io  0x0d00-0xffff window]
[    1.511851] kernel: pci_bus 0000:00: root bus resource [mem 0x000a0000-0x000bffff window]
[    1.511853] kernel: pci_bus 0000:00: root bus resource [mem 0xc0000000-0xfebfffff window]
[    1.511855] kernel: pci_bus 0000:00: root bus resource [mem 0x2c0000000-0x33fffffff window]
[    1.511857] kernel: pci_bus 0000:00: root bus resource [bus 00-ff]
[    1.512367] kernel: pci 0000:00:00.0: [8086:1237] type 00 class 0x060000
[    1.513312] kernel: pci 0000:00:01.0: [8086:7000] type 00 class 0x060100
[    1.514064] kernel: pci 0000:00:01.1: [8086:7010] type 00 class 0x010180
[    1.516529] kernel: pci 0000:00:01.1: reg 0x20: [io  0xc040-0xc04f]
[    1.517067] kernel: pci 0000:00:01.1: legacy IDE quirk: reg 0x10: [io  0x01f0-0x01f7]
[    1.517070] kernel: pci 0000:00:01.1: legacy IDE quirk: reg 0x14: [io  0x03f6]
[    1.517071] kernel: pci 0000:00:01.1: legacy IDE quirk: reg 0x18: [io  0x0170-0x0177]
[    1.517072] kernel: pci 0000:00:01.1: legacy IDE quirk: reg 0x1c: [io  0x0376]
[    1.517954] kernel: pci 0000:00:01.3: [8086:7113] type 00 class 0x068000
[    1.518227] kernel: pci 0000:00:01.3: quirk: [io  0x0600-0x063f] claimed by PIIX4 ACPI
[    1.518233] kernel: pci 0000:00:01.3: quirk: [io  0x0700-0x070f] claimed by PIIX4 SMB
[    1.519024] kernel: pci 0000:00:02.0: [1234:1111] type 00 class 0x030000
[    1.520056] kernel: pci 0000:00:02.0: reg 0x10: [mem 0xfd000000-0xfdffffff pref]
[    1.522056] kernel: pci 0000:00:02.0: reg 0x18: [mem 0xfeb90000-0xfeb90fff]
[    1.526596] kernel: pci 0000:00:02.0: reg 0x30: [mem 0xfeb80000-0xfeb8ffff pref]
[    1.527508] kernel: pci 0000:00:03.0: [1af4:1005] type 00 class 0x00ff00
[    1.528054] kernel: pci 0000:00:03.0: reg 0x10: [io  0xc000-0xc01f]
[    1.530054] kernel: pci 0000:00:03.0: reg 0x20: [mem 0xfe200000-0xfe203fff 64bit pref]
[    1.531646] kernel: pci 0000:00:04.0: [1af4:1000] type 00 class 0x020000
[    1.532648] kernel: pci 0000:00:04.0: reg 0x10: [io  0xc020-0xc03f]
[    1.533645] kernel: pci 0000:00:04.0: reg 0x14: [mem 0xfeb91000-0xfeb91fff]
[    1.536482] kernel: pci 0000:00:04.0: reg 0x20: [mem 0xfe204000-0xfe207fff 64bit pref]
[    1.537053] kernel: pci 0000:00:04.0: reg 0x30: [mem 0xfeb00000-0xfeb7ffff pref]
[    1.538649] kernel: pci 0000:00:10.0: [1af4:1110] type 00 class 0x050000
[    1.539432] kernel: pci 0000:00:10.0: reg 0x10: [mem 0xfeb92000-0xfeb920ff]
[    1.541666] kernel: pci 0000:00:10.0: reg 0x18: [mem 0xfe000000-0xfe0fffff 64bit pref]
[    1.547412] kernel: pci 0000:00:11.0: [1af4:1110] type 00 class 0x050000
[    1.548511] kernel: pci 0000:00:11.0: reg 0x10: [mem 0xfeb93000-0xfeb930ff]
[    1.550541] kernel: pci 0000:00:11.0: reg 0x18: [mem 0xfe208000-0xfe2083ff 64bit pref]
[    1.555219] kernel: pci 0000:00:12.0: [1af4:1110] type 00 class 0x050000
[    1.556717] kernel: pci 0000:00:12.0: reg 0x10: [mem 0xfeb94000-0xfeb940ff]
[    1.559050] kernel: pci 0000:00:12.0: reg 0x18: [mem 0xfe100000-0xfe1fffff 64bit pref]
[    1.567965] kernel: ACPI: PCI: Interrupt link LNKA configured for IRQ 10
[    1.568970] kernel: ACPI: PCI: Interrupt link LNKB configured for IRQ 10
[    1.569415] kernel: ACPI: PCI: Interrupt link LNKC configured for IRQ 11
[    1.570129] kernel: ACPI: PCI: Interrupt link LNKD configured for IRQ 11
[    1.570384] kernel: ACPI: PCI: Interrupt link LNKS configured for IRQ 9
[    1.571790] kernel: iommu: Default domain type: Translated 
[    1.571792] kernel: iommu: DMA domain TLB invalidation policy: lazy mode 
[    1.572050] kernel: pci 0000:00:02.0: vgaarb: setting as boot VGA device
[    1.572050] kernel: pci 0000:00:02.0: vgaarb: VGA device added: decodes=io+mem,owns=io+mem,locks=none
[    1.572054] kernel: pci 0000:00:02.0: vgaarb: bridge control possible
[    1.572055] kernel: vgaarb: loaded
[    1.572598] kernel: SCSI subsystem initialized
[    1.573416] kernel: libata version 3.00 loaded.
[    1.573555] kernel: ACPI: bus type USB registered
[    1.573645] kernel: usbcore: registered new interface driver usbfs
[    1.573667] kernel: usbcore: registered new interface driver hub
[    1.573705] kernel: usbcore: registered new device driver usb
[    1.573775] kernel: pps_core: LinuxPPS API ver. 1 registered
[    1.573776] kernel: pps_core: Software ver. 5.3.6 - Copyright 2005-2007 Rodolfo Giometti <giometti@linux.it>
[    1.573787] kernel: PTP clock support registered
[    1.574237] kernel: Advanced Linux Sound Architecture Driver Initialized.
[    1.575190] kernel: NetLabel: Initializing
[    1.575192] kernel: NetLabel:  domain hash size = 128
[    1.575193] kernel: NetLabel:  protocols = UNLABELED CIPSOv4 CALIPSO
[    1.575253] kernel: NetLabel:  unlabeled  System.
[    3.867903] kernel: random: crng init done
[    3.879643] kernel: EXT4-fs (sda): re-mounted. Opts: (null). Quota mode: none.
[    3.908731] systemd[1]: Finished Remount Root and Kernel File Systems.
[    3.909331] systemd[1]: Condition check resulted in Rebuild Hardware Database being skipped.
[    3.909355] systemd[1]: Condition check resulted in Platform Persistent Storage Archival being skipped.
[    3.910120] systemd[1]: Starting Load/Save Random Seed...
[    3.910820] systemd[1]: Starting Create System Users...
[    4.072422] systemd[1]: Finished udev Coldplug all Devices.
[    4.193526] systemd[1]: Finished Apply Kernel Variables.
[    4.302008] kernel: loadkeys (110) used greatest stack depth: 28720 bytes left
[    4.314207] systemd[1]: Finished Set the console keyboard layout.
[    4.368296] systemd[1]: Finished Load/Save Random Seed.
[    4.392563] systemd[1]: Started Journal Service.
traffic allowed by default
[    1.575367] kernel: PCI: Using ACPI for IRQ routing
[    1.575394] kernel: PCI: pci_cache_line_size set to 64 bytes
[    1.575621] kernel: e820: reserve RAM buffer [mem 0x0009fc00-0x0009ffff]
[    1.575627] kernel: e820: reserve RAM buffer [mem 0xbffe0000-0xbfffffff]
[    1.575770] kernel: hpet0: at MMIO 0xfed00000, IRQs 2, 8, 0
[    1.575773] kernel: hpet0: 3 comparators, 64-bit 100.000000 MHz counter
[    1.582095] kernel: clocksource: Switched to clocksource kvm-clock
[    1.650341] kernel: VFS: Disk quotas dquot_6.6.0
[    1.650360] kernel: VFS: Dquot-cache hash table entries: 512 (order 0, 4096 bytes)
[    1.650703] kernel: pnp: PnP ACPI init
[    1.651147] kernel: pnp 00:03: [dma 2]
[    1.653112] kernel: pnp: PnP ACPI: found 6 devices
[    1.664120] kernel: clocksource: acpi_pm: mask: 0xffffff max_cycles: 0xffffff, max_idle_ns: 2085701024 ns
[    1.664206] kernel: NET: Registered PF_INET protocol family
[    1.665333] kernel: IP idents hash table entries: 262144 (order: 9, 2097152 bytes, linear)
[    1.679856] kernel: tcp_listen_portaddr_hash hash table entries: 8192 (order: 5, 131072 bytes, linear)
[    1.680748] kernel: TCP established hash table entries: 131072 (order: 8, 1048576 bytes, linear)
[    1.680938] kernel: TCP bind hash table entries: 65536 (order: 8, 1048576 bytes, linear)
[    1.681803] kernel: TCP: Hash tables configured (established 131072 bind 65536)
[    1.681918] kernel: UDP hash table entries: 8192 (order: 6, 262144 bytes, linear)
[    1.681945] kernel: UDP-Lite hash table entries: 8192 (order: 6, 262144 bytes, linear)
[    1.682101] kernel: NET: Registered PF_UNIX/PF_LOCAL protocol family
[    1.685245] kernel: pci_bus 0000:00: resource 4 [io  0x0000-0x0cf7 window]
[    1.685248] kernel: pci_bus 0000:00: resource 5 [io  0x0d00-0xffff window]
[    1.685249] kernel: pci_bus 0000:00: resource 6 [mem 0x000a0000-0x000bffff window]
[    1.685250] kernel: pci_bus 0000:00: resource 7 [mem 0xc0000000-0xfebfffff window]
[    1.685251] kernel: pci_bus 0000:00: resource 8 [mem 0x2c0000000-0x33fffffff window]
[    1.685416] kernel: pci 0000:00:01.0: PIIX3: Enabling Passive Release
[    1.685446] kernel: pci 0000:00:00.0: Limiting direct PCI/PCI transfers
[    1.685455] kernel: pci 0000:00:01.0: Activating ISA DMA hang workarounds
[    1.685490] kernel: pci 0000:00:02.0: Video device with shadowed ROM at [mem 0x000c0000-0x000dffff]
[    1.685627] kernel: PCI: CLS 0 bytes, default 64
[    1.685641] kernel: PCI-DMA: Using software bounce buffering for IO (SWIOTLB)
[    1.685642] kernel: software IO TLB: mapped [mem 0x00000000bbfe0000-0x00000000bffe0000] (64MB)
[    1.685900] kernel: RAPL PMU: API unit is 2^-32 Joules, 0 fixed counters, 10737418240 ms ovfl timer
[    1.685912] kernel: clocksource: tsc: mask: 0xffffffffffffffff max_cycles: 0x2563bf907c6, max_idle_ns: 440795319401 ns
[    1.686733] kernel: clocksource: Switched to clocksource tsc
[    1.690292] kernel: Initialise system trusted keyrings
[    1.692622] kernel: workingset: timestamp_bits=56 max_order=22 bucket_order=0
[    1.701517] kernel: fuse: init (API version 7.34)
[    1.701994] kernel: orangefs_debugfs_init: called with debug mask: :none: :0:
[    1.702115] kernel: orangefs_init: module version upstream loaded
[    1.729732] kernel: Key type asymmetric registered
[    1.729735] kernel: Asymmetric key parser 'x509' registered
[    1.729871] kernel: Block layer SCSI generic (bsg) driver version 0.4 loaded (major 250)
[    1.729873] kernel: io scheduler mq-deadline registered
[    1.729877] kernel: io scheduler kyber registered
[    1.730484] kernel: input: Power Button as /devices/LNXSYSTM:00/LNXPWRBN:00/input/input0
[    1.730782] kernel: ACPI: button: Power Button [PWRF]
[    2.338810] kernel: ACPI: \_SB_.LNKC: Enabled at IRQ 11
[    3.008640] kernel: ACPI: \_SB_.LNKD: Enabled at IRQ 10
[    3.013495] kernel: Serial: 8250/16550 driver, 4 ports, IRQ sharing enabled
[    3.013923] kernel: 00:05: ttyS0 at I/O 0x3f8 (irq = 4, base_baud = 115200) is a 16550A
[    3.017138] kernel: Non-volatile memory driver v1.3
[    3.017296] kernel: Linux agpgart interface v0.103
[    3.043134] kernel: loop: module loaded
[    3.044068] kernel: ata_piix 0000:00:01.1: version 2.13
[    3.062349] kernel: scsi host0: ata_piix
[    3.063873] kernel: scsi host1: ata_piix
[    3.064480] kernel: ata1: PATA max MWDMA2 cmd 0x1f0 ctl 0x3f6 bmdma 0xc040 irq 14
[    3.064483] kernel: ata2: PATA max MWDMA2 cmd 0x170 ctl 0x376 bmdma 0xc048 irq 15
[    3.066198] kernel: libphy: Fixed MDIO Bus: probed
[    3.077024] kernel: e100: Intel(R) PRO/100 Network Driver
[    3.077027] kernel: e100: Copyright(c) 1999-2006 Intel Corporation
[    3.077037] kernel: e1000: Intel(R) PRO/1000 Network Driver
[    3.077038] kernel: e1000: Copyright (c) 1999-2006 Intel Corporation.
[    3.077159] kernel: e1000e: Intel(R) PRO/1000 Network Driver
[    3.077160] kernel: e1000e: Copyright(c) 1999 - 2015 Intel Corporation.
[    3.077180] kernel: sky----- is restarting 0
---- dfs_name orangefs is_dfs_client 1
before receiving handshake request
[    0.000000] kernel: Linux version 5.15.0+ (tlyu@IC-RS3-DPC07) (gcc (Ubuntu 9.4.0-1ubuntu1~20.04.1) 9.4.0, GNU ld (GNU Binutils for Ubuntu) 2.34) #7 SMP Sat Feb 18 10:18:37 CET 2023
[    0.000000] kernel: Command line: root=/dev/sda console=ttyS0 net.ifnames=0 ip=192.168.0.38 quiet
[    0.000000] kernel: x86/fpu: Supporting XSAVE feature 0x001: 'x87 floating point registers'
[    0.000000] kernel: x86/fpu: Supporting XSAVE feature 0x002: 'SSE registers'
[    0.000000] kernel: x86/fpu: Supporting XSAVE feature 0x004: 'AVX registers'
[    0.000000] kernel: x86/fpu: Supporting XSAVE feature 0x020: 'AVX-512 opmask'
[    0.000000] kernel: x86/fpu: Supporting XSAVE feature 0x040: 'AVX-512 Hi256'
[    0.000000] kernel: x86/fpu: Supporting XSAVE feature 0x080: 'AVX-512 ZMM_Hi256'
[    0.000000] kernel: x86/fpu: Supporting XSAVE feature 0x200: 'Protection Keys User registers'
[    0.000000] kernel: x86/fpu: xstate_offset[2]:  576, xstate_sizes[2]:  256
[    0.000000] kernel: x86/fpu: xstate_offset[5]:  832, xstate_sizes[5]:   64
[    0.000000] kernel: x86/fpu: xstate_offset[6]:  896, xstate_sizes[6]:  512
[    0.000000] kernel: x86/fpu: xstate_offset[7]: 1408, xstate_sizes[7]: 1024
[    0.000000] kernel: x86/fpu: xstate_offset[9]: 2432, xstate_sizes[9]:    8
[    0.000000] kernel: x86/fpu: Enabled xstate features 0x2e7, context size is 2440 bytes, using 'compacted' format.
[    0.000000] kernel: signal: max sigframe size: 3632
[    0.000000] kernel: BIOS-provided physical RAM map:
[    0.000000] kernel: BIOS-e820: [mem 0x0000000000000000-0x000000000009fbff] usable
[    0.000000] kernel: BIOS-e820: [mem 0x000000000009fc00-0x000000000009ffff] reserved
[    0.000000] kernel: BIOS-e820: [mem 0x00000000000f0000-0x00000000000fffff] reserved
[    0.000000] kernel: BIOS-e820: [mem 0x0000000000100000-0x00000000bffdffff] usable
[    0.000000] kernel: BIOS-e820: [mem 0x00000000bffe0000-0x00000000bfffffff] reserved
[    0.000000] kernel: BIOS-e820: [mem 0x00000000feffc000-0x000000002: driver version 1.30
[    3.077931] kernel: ehci_hcd: USB 2.0 'Enhanced' Host Controller (EHCI) Driver
[    3.077933] kernel: ehci-pci: EHCI PCI platform driver
[    3.077948] kernel: ohci_hcd: USB 1.1 'Open' Host Controller (OHCI) Driver
[    3.077952] kernel: ohci-pci: OHCI PCI platform driver
[    3.077962] kernel: uhci_hcd: USB Universal Host Controller Interface driver
[    3.078369] kernel: usbcore: registered new interface driver usblp
[    3.078384] kernel: usbcore: registered new interface driver usb-storage
[    3.078714] kernel: i8042: PNP: PS/2 Controller [PNP0303:KBD,PNP0f13:MOU] at 0x60,0x64 irq 1,12
[    3.088404] kernel: serio: i8042 KBD port at 0x60,0x64 irq 1
[    3.088413] kernel: serio: i8042 AUX port at 0x60,0x64 irq 12
[    3.090432] kernel: input: AT Translated Set 2 keyboard as /devices/platform/i8042/serio0/input/input1
[    3.092067] kernel: rtc_cmos 00:00: RTC can wake from S4
[    3.105188] kernel: rtc_cmos 00:00: registered as rtc0
[    3.105221] kernel:[D 01/16/2023 17:42:13] PVFS2 Server version 2.9.7-orangefs-REV-65ab0d2 starting.
[E 01/16/2023 17:43:19] PVFS2 server got signal 15 (server_status_flag: 2080767)
[D 02/18/2023 14:39:31] PVFS2 Server version 2.9.7-orangefs-REV-65ab0d2 starting.
[D 02/18/2023 14:47:30] PVFS2 received server: signal 1
[E 02/18/2023 14:47:30] PVFS2 server got signal 15 (server_status_flag: 2080767)
feffffff] reserved
[    0.000000] kernel: BIOS-e820: [mem 0x00000000fffc0000-0x00000000ffffffff] reserved
[    0.000000] kernel: BIOS-e820: [mem 0x0000000100000000-0x00000002bfffffff] usable
[    0.000000] kernel: NX (Execute Disable) protection: active
[    0.000000] kernel: SMBIOS 2.8 present.
[    0.000000] kernel: DMI: QEMU Standard PC (i440FX + PIIX, 1996), BIOS 1.13.0-1ubuntu1.1 04/01/2014
[    0.000000] kernel: Hypervisor detected: KVM
[    0.000000] kernel: kvm-clock: Using msrs 4b564d01 and 4b564d00
[    0.000000] kernel: kvm-clock: cpu 0, msr 24846e001, primary cpu clock
[    0.000001] kernel: kvm-clock: using sched offset of 560256168 cycles
[    0.000003] kernel: clocksource: kvm-clock: mask: 0xffffffffffffffff max_cycles: 0x1cd42e4dffb, max_idle_ns: 881590591483 ns
[    0.000005] kernel: tsc: Detected 2593.906 MHz processor
[    0.000455] kernel: e820: update [mem 0x00000000-0x00000fff] usable ==> reserved
[    0.000457] kernel: e820: remove [mem 0x000a0000-0x000fffff] us rtc_cmos 00:00: alarms up to one day, y3k, 114 bytes nvram, hpet irqs
[    3.107508] kernel: device-mapper: ioctl: 4.45.0-ioctl (2021-03-22) initialised: dm-devel@redhat.com
[    3.107513] kernel: intel_pstate: CPU model not supported
[    3.107993] kernel: hid: raw HID events driver (C) Jiri Kosina
[    3.109961] kernel: usbcore: registered new interface driver usbhid
[    3.109963] kernel: usbhid: USB HID core driver
[    3.116647] kernel: netem: version 1.3
[    3.118888] kernel: Initializing XFRM netlink socket
[    3.119143] kernel: NET: Registered PF_INET6 protocol family
[    3.125998] kernel: Segment Routing with IPv6
[    3.126109] kernel: In-situ OAM (IOAM) with IPv6
[    3.126376] kernel: sit: IPv6, IPv4 and MPLS over IPv4 tunneling driver
[    3.127196] kernel: NET: Registered PF_PACKET protocol family
[    3.127436] kernel: 9pnet: Installing 9P2000 support
[    3.127561] kernel: Key type dns_resolver registered
[    3.127668] kernel: Key type ceph registered
[    3.12812able
[    0.000460] kernel: last_pfn = 0x2c0000 max_arch_pfn = 0x10000000000
[    0.000507] kernel: x86/PAT: Configuration [0-7]: WB  WC  UC- UC  WB  WP  UC- WT  
[    0.000513] kernel: last_pfn = 0xbffe0 max_arch_pfn = 0x10000000000
[    0.004680] kernel: found SMP MP-table at [mem 0x000f5c80-0x000f5c8f]
[    0.004699] kernel: Using GB pages for direct mapping
[    0.004819] kernel: ACPI: Early table checksum verification disabled
[    0.004823] kernel: ACPI: RSDP 0x00000000000F5A50 000014 (v00 BOCHS )
[    0.004829] kernel: ACPI: RSDT 0x00000000BFFE15C9 000030 (v01 BOCHS  BXPCRSDT 00000001 BXPC 00000001)
[    0.004834] kernel: ACPI: FACP 0x00000000BFFE149D 000074 (v01 BOCHS  BXPCFACP 00000001 BXPC 00000001)
[    0.004838] kernel: ACPI: DSDT 0x00000000BFFE0040 00145D (v01 BOCHS  BXPCDSDT 00000001 BXPC 00000001)
[    0.004841] kernel: ACPI: FACS 0x00000000BFFE0000 000040
[    0.004843] kernel: ACPI: APIC 0x00000000BFFE1511 000080 (v01 BOCHS  BXPCAPIC 00000001 BXPC 00000001)
[    0.0045] kernel: libceph: loaded (mon/osd proto 15/24)
[    3.128554] kernel: IPI shorthand broadcast: enabled
[    3.128691] kernel: sched_clock: Marking stable (3124007451, 4500251)->(3298331690, -169823988)
[    3.141168] kernel: registered taskstats version 1
[    3.141170] kernel: Loading compiled-in X.509 certificates
[    3.144165] kernel: PM:   Magic number: 15:489:217
[    3.144213] kernel: printk: console [netcon0] enabled
[    3.144214] kernel: netconsole: network logging started
[    3.218343] kernel: ata1.01: NODEV after polling detection
[    3.218539] kernel: ata1.00: ATA-7: QEMU HARDDISK, 2.5+, max UDMA/100
[    3.218541] kernel: ata1.00: 88078336 sectors, multi 16: LBA48 
[    3.218961] kernel: scsi 0:0:0:0: Direct-Access     ATA      QEMU HARDDISK    2.5+ PQ: 0 ANSI: 5
[    3.219270] kernel: sd 0:0:0:0: [sda] 88078336 512-byte logical blocks: (45.1 GB/42.0 GiB)
[    3.219276] kernel: sd 0:0:0:0: [sda] Write Protect is off
[    3.219279] kernel: sd 0:0:0:0: [sda] Mode Sensereq.flags ea2
845] kernel: ACPI: HPET 0x00000000BFFE1591 000038 (v01 BOCHS  BXPCHPET 00000001 BXPC 00000001)
[    0.004847] kernel: ACPI: Reserving FACP table memory at [mem 0xbffe149d-0xbffe1510]
[    0.004848] kernel: ACPI: Reserving DSDT table memory at [mem 0xbffe0040-0xbffe149c]
[    0.004849] kernel: ACPI: Reserving FACS table memory at [mem 0xbffe0000-0xbffe003f]
[    0.004849] kernel: ACPI: Reserving APIC table memory at [mem 0xbffe1511-0xbffe1590]
[    0.004850] kernel: ACPI: Reserving HPET table memory at [mem 0xbffe1591-0xbffe15c8]
[    0.005095] kernel: No NUMA configuration found
[    0.005095] kernel: Faking a node at [mem 0x0000000000000000-0x00000002bfffffff]
[    0.005097] kernel: NODE_DATA(0) allocated [mem 0x2bfffc000-0x2bfffffff]
[    0.005666] kernel: Zone ranges:
[    0.005667] kernel:   DMA      [mem 0x0000000000001000-0x0000000000ffffff]
[    0.005669] kernel:   DMA32    [mem 0x0000000001000000-0x00000000ffffffff]
[    0.005670] kernel:   Normal   [mem 0x0000000100000000-0x0: 00 3a 00 00
[    3.219288] kernel: sd 0:0:0:0: [sda] Write cache: enabled, read cache: enabled, doesn't support DPO or FUA
[    3.219500] kernel: sd 0:0:0:0: Attached scsi generic sg0 type 0
