
Ubuntu 20.04 LTS dfs-fuzzing ttyS0

2023/03/08 09:55:23 fuzzer started
2023/03/08 09:55:23 dialing manager at localhost:42025
2023/03/08 09:55:23 syscalls: 130
2023/03/08 09:55:23 code coverage: enabled
2023/03/08 09:55:23 comparison tracing: enabled
2023/03/08 09:55:23 extra coverage: enabled
2023/03/08 09:55:23 setuid sandbox: enabled
2023/03/08 09:55:23 namespace sandbox: /proc/self/ns/user does not exist
2023/03/08 09:55:23 Android sandbox: /sys/fs/selinux/policy can't be opened (open /sys/fs/selinux/policy: invalid argument)
2023/03/08 09:55:23 fault injection: CONFIG_FAULT_INJECTION_DEBUG_FS or CONFIG_FAILSLAB are not enabled
2023/03/08 09:55:23 leak checking: CONFIG_DEBUG_KMEMLEAK is not enabled
2023/03/08 09:55:23 net packet injection: /dev/net/tun does not exist
2023/03/08 09:55:23 net device setup: enabled
2023/03/08 09:55:23 concurrency sanitizer: /sys/kernel/debug/kcsan does not exist
2023/03/08 09:55:23 devlink PCI setup: enabled
2023/03/08 09:55:23 USB emulation: /dev/raw-gadget does not exist
2023/03/08 09:55:23 hci packet injection: /dev/vhci does not exist
2023/03/08 09:55:23 wifi device emulation: /sys/class/mac80211_hwsim/ does not exist
2023/03/08 09:55:23 802.15.4 emulation: /sys/bus/platform/devices/mac802154_hwsim does not exist
2023/03/08 09:55:23 deserializeInput: hasCrash true hasNet false
2023/03/08 09:55:23 prog length: 6
2023/03/08 09:55:23 prog length: 4
2023/03/08 09:55:23 deserializeInput: hasCrash true hasNet false
2023/03/08 09:55:23 prog length: 6
2023/03/08 09:55:23 prog length: 3
2023/03/08 09:55:23 deserializeInput: hasCrash true hasNet false
2023/03/08 09:55:23 prog length: 6
2023/03/08 09:55:23 prog length: 6
2023/03/08 09:55:23 prog length: 5
2023/03/08 09:55:23 deserializeInput: hasCrash true hasNet false
2023/03/08 09:55:23 prog length: 6
2023/03/08 09:55:23 prog length: 3
2023/03/08 09:55:23 deserializeInput: hasCrash true hasNet false
2023/03/08 09:55:23 prog length: 6
2023/03/08 09:55:23 prog length: 6
2023/03/08 09:55:23 prog length: 5
2023/03/08 09:55:23 deserializeInput: hasCrash true hasNet false
2023/03/08 09:55:23 prog length: 6
2023/03/08 09:55:23 prog length: 3
2023/03/08 09:55:23 deserializeInput: hasCrash true hasNet false
2023/03/08 09:55:23 prog length: 6
2023/03/08 09:55:23 prog length: 3
2023/03/08 09:55:23 deserializeInput: hasCrash true hasNet false
2023/03/08 09:55:23 prog length: 6
2023/03/08 09:55:23 prog length: 6
2023/03/08 09:55:23 prog length: 5
2023/03/08 09:55:23 deserializeInput: hasCrash true hasNet false
2023/03/08 09:55:23 prog length: 6
2023/03/08 09:55:23 prog length: 4
2023/03/08 09:55:23 deserializeInput: hasCrash true hasNet false
2023/03/08 09:55:23 prog length: 6
2023/03/08 09:55:23 prog length: 3
2023/03/08 09:55:23 deserializeInput: hasCrash true hasNet false
2023/03/08 09:55:23 prog length: 6
2023/03/08 09:55:23 prog length: 3
2023/03/08 09:55:23 deserializeInput: hasCrash true hasNet false
2023/03/08 09:55:23 prog length: 6
2023/03/08 09:55:23 prog length: 3
2023/03/08 09:55:23 deserializeInput: hasCrash true hasNet false
2023/03/08 09:55:23 prog length: 6
2023/03/08 09:55:23 prog length: 6
2023/03/08 09:55:23 prog length: 5
2023/03/08 09:55:23 deserializeInput: hasCrash true hasNet false
2023/03/08 09:55:23 prog length: 6
2023/03/08 09:55:23 prog length: 3
2023/03/08 09:55:23 deserializeInput: hasCrash true hasNet false
2023/03/08 09:55:23 prog length: 6
2023/03/08 09:55:23 prog length: 6
2023/03/08 09:55:23 prog length: 5
2023/03/08 09:55:23 deserializeInput: hasCrash true hasNet false
2023/03/08 09:55:23 prog length: 6
2023/03/08 09:55:23 prog length: 6
2023/03/08 09:55:23 prog length: 5
2023/03/08 09:55:23 deserializeInput: hasCrash true hasNet false
2023/03/08 09:55:23 prog length: 6
2023/03/08 09:55:23 prog length: 6
2023/03/08 09:55:23 prog length: 5
2023/03/08 09:55:23 deserializeInput: hasCrash true hasNet false
2023/03/08 09:55:23 prog length: 6
2023/03/08 09:55:23 prog length: 3
2023/03/08 09:55:23 deserializeInput: hasCrash true hasNet false
2023/03/08 09:55:23 prog length: 6
2023/03/08 09:55:23 prog length: 3
2023/03/08 09:55:23 deserializeInput: hasCrash true hasNet false
2023/03/08 09:55:23 prog length: 6
2023/03/08 09:55:23 prog length: 3
2023/03/08 09:55:23 deserializeInput: hasCrash true hasNet false
2023/03/08 09:55:23 prog length: 6
2023/03/08 09:55:23 prog length: 6
2023/03/08 09:55:23 prog length: 5
2023/03/08 09:55:23 deserializeInput: hasCrash true hasNet false
2023/03/08 09:55:24 prog length: 6
2023/03/08 09:55:24 prog length: 3
2023/03/08 09:55:24 deserializeInput: hasCrash true hasNet false
2023/03/08 09:55:24 prog length: 6
2023/03/08 09:55:24 prog length: 3
2023/03/08 09:55:24 deserializeInput: hasCrash true hasNet false
2023/03/08 09:55:24 prog length: 6
2023/03/08 09:55:24 prog length: 6
2023/03/08 09:55:24 prog length: 5
2023/03/08 09:55:24 deserializeInput: hasCrash true hasNet false
2023/03/08 09:55:24 prog length: 6
2023/03/08 09:55:24 prog length: 6
2023/03/08 09:55:24 prog length: 5
2023/03/08 09:55:24 deserializeInput: hasCrash true hasNet false
2023/03/08 09:55:24 prog length: 6
2023/03/08 09:55:24 prog length: 6
2023/03/08 09:55:24 prog length: 5
2023/03/08 09:55:24 deserializeInput: hasCrash true hasNet false
2023/03/08 09:55:24 prog length: 6
2023/03/08 09:55:24 prog length: 6
2023/03/08 09:55:24 prog length: 5
2023/03/08 09:55:24 deserializeInput: hasCrash true hasNet false
2023/03/08 09:55:24 prog length: 6
2023/03/08 09:55:24 prog length: 8
2023/03/08 09:55:24 deserializeInput: hasCrash true hasNet false
2023/03/08 09:55:24 prog length: 6
2023/03/08 09:55:24 prog length: 3
2023/03/08 09:55:24 deserializeInput: hasCrash true hasNet false
2023/03/08 09:55:24 prog length: 6
2023/03/08 09:55:24 prog length: 6
2023/03/08 09:55:24 prog length: 5
2023/03/08 09:55:24 deserializeInput: hasCrash true hasNet false
2023/03/08 09:55:24 prog length: 6
2023/03/08 09:55:24 prog length: 6
2023/03/08 09:55:24 prog length: 5
2023/03/08 09:55:24 deserializeInput: hasCrash true hasNet false
2023/03/08 09:55:24 prog length: 6
2023/03/08 09:55:24 prog length: 3
2023/03/08 09:55:24 deserializeInput: hasCrash true hasNet false
2023/03/08 09:55:24 prog length: 6
2023/03/08 09:55:24 prog length: 3
2023/03/08 09:55:24 deserializeInput: hasCrash true hasNet false
2023/03/08 09:55:24 prog length: 6
2023/03/08 09:55:24 prog length: 3
2023/03/08 09:55:24 deserializeInput: hasCrash true hasNet false
2023/03/08 09:55:24 prog length: 6
2023/03/08 09:55:24 prog length: 3
2023/03/08 09:55:24 deserializeInput: hasCrash true hasNet false
2023/03/08 09:55:24 prog length: 6
2023/03/08 09:55:24 prog length: 3
2023/03/08 09:55:24 deserializeInput: hasCrash true hasNet false
2023/03/08 09:55:24 prog length: 6
2023/03/08 09:55:24 prog length: 6
2023/03/08 09:55:24 prog length: 6
2023/03/08 09:55:24 deserializeInput: hasCrash true hasNet false
2023/03/08 09:55:24 prog length: 6
2023/03/08 09:55:24 prog length: 3
2023/03/08 09:55:24 deserializeInput: hasCrash true hasNet false
2023/03/08 09:55:24 prog length: 6
2023/03/08 09:55:24 prog length: 3
2023/03/08 09:55:24 deserializeInput: hasCrash true hasNet false
2023/03/08 09:55:24 prog length: 6
2023/03/08 09:55:24 prog length: 6
2023/03/08 09:55:24 prog length: 5
2023/03/08 09:55:24 deserializeInput: hasCrash true hasNet false
2023/03/08 09:55:24 prog length: 6
2023/03/08 09:55:24 prog length: 3
2023/03/08 09:55:24 deserializeInput: hasCrash true hasNet false
2023/03/08 09:55:24 prog length: 6
2023/03/08 09:55:24 prog length: 3
2023/03/08 09:55:24 deserializeInput: hasCrash true hasNet false
2023/03/08 09:55:24 prog length: 6
2023/03/08 09:55:24 prog length: 6
2023/03/08 09:55:24 prog length: 5
2023/03/08 09:55:24 deserializeInput: hasCrash true hasNet false
2023/03/08 09:55:24 prog length: 6
2023/03/08 09:55:24 prog length: 6
2023/03/08 09:55:24 prog length: 5
2023/03/08 09:55:24 deserializeInput: hasCrash true hasNet false
2023/03/08 09:55:24 prog length: 6
2023/03/08 09:55:24 prog length: 3
2023/03/08 09:55:24 deserializeInput: hasCrash true hasNet false
2023/03/08 09:55:24 prog length: 6
2023/03/08 09:55:24 prog length: 6
2023/03/08 09:55:24 prog length: 6
2023/03/08 09:55:24 prog length: 7
2023/03/08 09:55:24 deserializeInput: hasCrash true hasNet false
2023/03/08 09:55:24 prog length: 6
2023/03/08 09:55:24 prog length: 6
2023/03/08 09:55:24 prog length: 5
2023/03/08 09:55:24 deserializeInput: hasCrash true hasNet false
2023/03/08 09:55:24 prog length: 6
2023/03/08 09:55:24 prog length: 3
2023/03/08 09:55:24 deserializeInput: hasCrash true hasNet false
2023/03/08 09:55:24 prog length: 6
2023/03/08 09:55:24 prog length: 6
2023/03/08 09:55:24 prog length: 7
2023/03/08 09:55:24 deserializeInput: hasCrash true hasNet false
2023/03/08 09:55:24 prog length: 6
2023/03/08 09:55:24 prog length: 6
2023/03/08 09:55:24 prog length: 5
2023/03/08 09:55:24 fetching corpus: 50, signal 2731/11519/15592 (executing program)
2023/03/08 09:55:24 deserializeInput: hasCrash true hasNet false
2023/03/08 09:55:24 prog length: 6
2023/03/08 09:55:24 prog length: 6
2023/03/08 09:55:24 prog length: 6
2023/03/08 09:55:24 prog length: 7
2023/03/08 09:55:24 deserializeInput: hasCrash true hasNet false
2023/03/08 09:55:24 prog length: 6
2023/03/08 09:55:24 prog length: 3
2023/03/08 09:55:24 deserializeInput: hasCrash true hasNet false
2023/03/08 09:55:24 prog length: 6
2023/03/08 09:55:24 prog length: 3
2023/03/08 09:55:24 deserializeInput: hasCrash true hasNet false
2023/03/08 09:55:24 prog length: 6
2023/03/08 09:55:24 prog length: 6
2023/03/08 09:55:24 prog length: 5
2023/03/08 09:55:24 deserializeInput: hasCrash true hasNet false
2023/03/08 09:55:24 prog length: 6
2023/03/08 09:55:24 prog length: 3
2023/03/08 09:55:24 deserializeInput: hasCrash true hasNet false
2023/03/08 09:55:24 prog length: 6
2023/03/08 09:55:24 prog length: 3
2023/03/08 09:55:24 deserializeInput: hasCrash true hasNet false
2023/03/08 09:55:24 prog length: 6
2023/03/08 09:55:24 prog length: 6
2023/03/08 09:55:24 prog length: 5
2023/03/08 09:55:24 deserializeInput: hasCrash true hasNet false
2023/03/08 09:55:24 prog length: 6
2023/03/08 09:55:24 prog length: 3
2023/03/08 09:55:24 deserializeInput: hasCrash true hasNet false
2023/03/08 09:55:24 prog length: 6
2023/03/08 09:55:24 prog length: 6
2023/03/08 09:55:24 prog length: 5
2023/03/08 09:55:24 deserializeInput: hasCrash true hasNet false
2023/03/08 09:55:24 prog length: 6
2023/03/08 09:55:24 prog length: 6
2023/03/08 09:55:24 prog length: 5
2023/03/08 09:55:24 deserializeInput: hasCrash true hasNet false
2023/03/08 09:55:24 prog length: 6
2023/03/08 09:55:24 prog length: 3
2023/03/08 09:55:24 deserializeInput: hasCrash true hasNet false
2023/03/08 09:55:24 prog length: 6
2023/03/08 09:55:24 prog length: 3
2023/03/08 09:55:24 deserializeInput: hasCrash false hasNet false
2023/03/08 09:55:24 prog length: 2
2023/03/08 09:55:24 deserializeInput: hasCrash true hasNet false
2023/03/08 09:55:24 prog length: 6
2023/03/08 09:55:24 prog length: 3
2023/03/08 09:55:24 deserializeInput: hasCrash true hasNet false
2023/03/08 09:55:24 prog length: 6
2023/03/08 09:55:24 prog length: 4
2023/03/08 09:55:24 deserializeInput: hasCrash true hasNet false
2023/03/08 09:55:24 prog length: 6
2023/03/08 09:55:24 prog length: 3
2023/03/08 09:55:24 deserializeInput: hasCrash true hasNet false
2023/03/08 09:55:24 prog length: 6
2023/03/08 09:55:24 prog length: 3
2023/03/08 09:55:24 deserializeInput: hasCrash true hasNet false
2023/03/08 09:55:24 prog length: 6
2023/03/08 09:55:24 prog length: 6
2023/03/08 09:55:24 prog length: 5
2023/03/08 09:55:24 deserializeInput: hasCrash true hasNet false
2023/03/08 09:55:24 prog length: 6
2023/03/08 09:55:24 prog length: 3
2023/03/08 09:55:24 deserializeInput: hasCrash true hasNet false
2023/03/08 09:55:24 prog length: 6
2023/03/08 09:55:24 prog length: 3
2023/03/08 09:55:24 deserializeInput: hasCrash true hasNet false
2023/03/08 09:55:24 prog length: 6
2023/03/08 09:55:24 prog length: 3
2023/03/08 09:55:24 deserializeInput: hasCrash true hasNet false
2023/03/08 09:55:24 prog length: 6
2023/03/08 09:55:24 prog length: 6
2023/03/08 09:55:24 prog length: 5
2023/03/08 09:55:24 deserializeInput: hasCrash true hasNet false
2023/03/08 09:55:24 prog length: 6
2023/03/08 09:55:24 prog length: 6
2023/03/08 09:55:24 prog length: 5
2023/03/08 09:55:24 deserializeInput: hasCrash true hasNet false
2023/03/08 09:55:24 prog length: 6
2023/03/08 09:55:24 prog length: 3
2023/03/08 09:55:24 deserializeInput: hasCrash true hasNet false
2023/03/08 09:55:24 prog length: 6
2023/03/08 09:55:24 prog length: 6
2023/03/08 09:55:24 prog length: 6
2023/03/08 09:55:24 deserializeInput: hasCrash true hasNet false
2023/03/08 09:55:24 prog length: 6
2023/03/08 09:55:24 prog length: 3
2023/03/08 09:55:24 deserializeInput: hasCrash true hasNet false
2023/03/08 09:55:24 prog length: 6
2023/03/08 09:55:24 prog length: 4
2023/03/08 09:55:24 deserializeInput: hasCrash true hasNet false
2023/03/08 09:55:24 prog length: 6
2023/03/08 09:55:24 prog length: 6
2023/03/08 09:55:24 prog length: 5
2023/03/08 09:55:24 deserializeInput: hasCrash true hasNet false
2023/03/08 09:55:24 prog length: 6
2023/03/08 09:55:24 prog length: 6
2023/03/08 09:55:24 prog length: 5
2023/03/08 09:55:24 deserializeInput: hasCrash true hasNet false
2023/03/08 09:55:24 prog length: 6
2023/03/08 09:55:24 prog length: 3
2023/03/08 09:55:24 deserializeInput: hasCrash true hasNet false
2023/03/08 09:55:24 prog length: 6
2023/03/08 09:55:24 prog length: 4
2023/03/08 09:55:24 deserializeInput: hasCrash true hasNet false
2023/03/08 09:55:24 prog length: 6
2023/03/08 09:55:24 prog length: 3
2023/03/08 09:55:24 deserializeInput: hasCrash false hasNet false
2023/03/08 09:55:24 prog length: 3
2023/03/08 09:55:24 deserializeInput: hasCrash true hasNet false
2023/03/08 09:55:24 prog length: 6
2023/03/08 09:55:24 prog length: 4
2023/03/08 09:55:24 deserializeInput: hasCrash true hasNet false
2023/03/08 09:55:24 prog length: 6
2023/03/08 09:55:24 prog length: 3
2023/03/08 09:55:24 deserializeInput: hasCrash true hasNet false
2023/03/08 09:55:24 prog length: 6
2023/03/08 09:55:24 prog length: 3
2023/03/08 09:55:24 deserializeInput: hasCrash true hasNet false
2023/03/08 09:55:24 prog length: 6
2023/03/08 09:55:24 prog length: 6
2023/03/08 09:55:24 prog length: 5
2023/03/08 09:55:24 deserializeInput: hasCrash true hasNet false
2023/03/08 09:55:24 prog length: 6
2023/03/08 09:55:24 prog length: 6
2023/03/08 09:55:24 prog length: 5
2023/03/08 09:55:24 deserializeInput: hasCrash true hasNet false
2023/03/08 09:55:24 prog length: 6
2023/03/08 09:55:24 prog length: 3
2023/03/08 09:55:24 deserializeInput: hasCrash true hasNet false
2023/03/08 09:55:24 prog length: 6
2023/03/08 09:55:24 prog length: 6
2023/03/08 09:55:24 prog length: 5
2023/03/08 09:55:24 deserializeInput: hasCrash true hasNet false
2023/03/08 09:55:24 prog length: 6
2023/03/08 09:55:24 prog length: 8
2023/03/08 09:55:24 deserializeInput: hasCrash true hasNet false
2023/03/08 09:55:24 prog length: 6
2023/03/08 09:55:24 prog length: 6
2023/03/08 09:55:24 prog length: 5
2023/03/08 09:55:24 deserializeInput: hasCrash true hasNet false
2023/03/08 09:55:24 prog length: 6
2023/03/08 09:55:24 prog length: 3
2023/03/08 09:55:24 deserializeInput: hasCrash true hasNet false
2023/03/08 09:55:24 prog length: 6
2023/03/08 09:55:24 prog length: 3
2023/03/08 09:55:24 deserializeInput: hasCrash true hasNet false
2023/03/08 09:55:24 prog length: 6
2023/03/08 09:55:24 prog length: 6
2023/03/08 09:55:24 prog length: 6
2023/03/08 09:55:24 deserializeInput: hasCrash true hasNet false
2023/03/08 09:55:24 prog length: 6
2023/03/08 09:55:24 prog length: 6
2023/03/08 09:55:24 prog length: 5
2023/03/08 09:55:24 deserializeInput: hasCrash true hasNet false
2023/03/08 09:55:24 prog length: 6
2023/03/08 09:55:24 prog length: 3
2023/03/08 09:55:24 deserializeInput: hasCrash true hasNet false
2023/03/08 09:55:24 prog length: 6
2023/03/08 09:55:24 prog length: 6
2023/03/08 09:55:24 prog length: 5
2023/03/08 09:55:24 deserializeInput: hasCrash true hasNet false
2023/03/08 09:55:24 prog length: 6
2023/03/08 09:55:24 prog length: 4
2023/03/08 09:55:24 deserializeInput: hasCrash false hasNet false
2023/03/08 09:55:24 prog length: 3
2023/03/08 09:55:24 fetching corpus: 100, signal 3844/16084/22138 (executing program)
2023/03/08 09:55:24 deserializeInput: hasCrash true hasNet false
2023/03/08 09:55:24 prog length: 6
2023/03/08 09:55:24 prog length: 3
2023/03/08 09:55:24 deserializeInput: hasCrash true hasNet false
2023/03/08 09:55:24 prog length: 6
2023/03/08 09:55:24 prog length: 3
2023/03/08 09:55:24 deserializeInput: hasCrash true hasNet false
2023/03/08 09:55:24 prog length: 6
2023/03/08 09:55:24 prog length: 6
2023/03/08 09:55:24 prog length: 5
2023/03/08 09:55:24 deserializeInput: hasCrash true hasNet false
2023/03/08 09:55:24 prog length: 6
2023/03/08 09:55:24 prog length: 3
2023/03/08 09:55:24 deserializeInput: hasCrash true hasNet false
2023/03/08 09:55:24 prog length: 6
2023/03/08 09:55:24 prog length: 3
2023/03/08 09:55:24 deserializeInput: hasCrash true hasNet false
2023/03/08 09:55:24 prog length: 6
2023/03/08 09:55:24 prog length: 6
2023/03/08 09:55:24 prog length: 6
2023/03/08 09:55:24 deserializeInput: hasCrash true hasNet false
2023/03/08 09:55:24 prog length: 6
2023/03/08 09:55:24 prog length: 6
2023/03/08 09:55:24 prog length: 5
2023/03/08 09:55:24 deserializeInput: hasCrash true hasNet false
2023/03/08 09:55:24 prog length: 6
2023/03/08 09:55:24 prog length: 6
2023/03/08 09:55:24 prog length: 6
2023/03/08 09:55:24 deserializeInput: hasCrash true hasNet false
2023/03/08 09:55:24 prog length: 6
2023/03/08 09:55:24 prog length: 6
2023/03/08 09:55:24 prog length: 10
2023/03/08 09:55:24 deserializeInput: hasCrash true hasNet false
2023/03/08 09:55:24 prog length: 6
2023/03/08 09:55:24 prog length: 3
2023/03/08 09:55:24 deserializeInput: hasCrash true hasNet false
2023/03/08 09:55:24 prog length: 6
2023/03/08 09:55:24 prog length: 6
2023/03/08 09:55:24 prog length: 6
2023/03/08 09:55:24 prog length: 7
2023/03/08 09:55:24 deserializeInput: hasCrash true hasNet false
2023/03/08 09:55:24 prog length: 6
2023/03/08 09:55:24 prog length: 6
2023/03/08 09:55:24 prog length: 6
2023/03/08 09:55:24 deserializeInput: hasCrash true hasNet false
2023/03/08 09:55:24 prog length: 6
2023/03/08 09:55:24 prog length: 3
2023/03/08 09:55:24 deserializeInput: hasCrash false hasNet false
2023/03/08 09:55:24 prog length: 1
2023/03/08 09:55:24 deserializeInput: hasCrash true hasNet false
2023/03/08 09:55:24 prog length: 6
2023/03/08 09:55:24 prog length: 6
2023/03/08 09:55:24 prog length: 5
2023/03/08 09:55:24 deserializeInput: hasCrash true hasNet false
2023/03/08 09:55:24 prog length: 6
2023/03/08 09:55:24 prog length: 4
2023/03/08 09:55:24 deserializeInput: hasCrash true hasNet false
2023/03/08 09:55:24 prog length: 6
2023/03/08 09:55:24 prog length: 6
2023/03/08 09:55:24 prog length: 5
2023/03/08 09:55:24 deserializeInput: hasCrash true hasNet false
2023/03/08 09:55:24 prog length: 6
2023/03/08 09:55:24 prog length: 4
2023/03/08 09:55:24 deserializeInput: hasCrash true hasNet false
2023/03/08 09:55:24 prog length: 6
2023/03/08 09:55:24 prog length: 3
2023/03/08 09:55:24 deserializeInput: hasCrash true hasNet false
2023/03/08 09:55:24 prog length: 6
2023/03/08 09:55:24 prog length: 5
2023/03/08 09:55:24 deserializeInput: hasCrash false hasNet false
2023/03/08 09:55:24 prog length: 6
2023/03/08 09:55:24 deserializeInput: hasCrash true hasNet false
2023/03/08 09:55:24 prog length: 6
2023/03/08 09:55:24 prog length: 3
2023/03/08 09:55:24 deserializeInput: hasCrash true hasNet false
2023/03/08 09:55:24 prog length: 6
2023/03/08 09:55:24 prog length: 6
2023/03/08 09:55:24 prog length: 5
2023/03/08 09:55:24 deserializeInput: hasCrash true hasNet false
2023/03/08 09:55:24 prog length: 6
2023/03/08 09:55:24 prog length: 4
2023/03/08 09:55:24 deserializeInput: hasCrash true hasNet false
2023/03/08 09:55:24 prog length: 6
2023/03/08 09:55:24 prog length: 3
2023/03/08 09:55:24 deserializeInput: hasCrash true hasNet false
2023/03/08 09:55:24 prog length: 6
2023/03/08 09:55:24 prog length: 3
2023/03/08 09:55:24 deserializeInput: hasCrash true hasNet false
2023/03/08 09:55:24 prog length: 6
2023/03/08 09:55:24 prog length: 3
2023/03/08 09:55:24 deserializeInput: hasCrash false hasNet false
2023/03/08 09:55:24 prog length: 1
2023/03/08 09:55:24 deserializeInput: hasCrash false hasNet true
2023/03/08 09:55:24 prog length: 6
2023/03/08 09:55:24 prog length: 6
2023/03/08 09:55:24 prog length: 7
2023/03/08 09:55:24 deserializeInput: hasCrash true hasNet false
2023/03/08 09:55:24 prog length: 6
2023/03/08 09:55:24 prog length: 3
2023/03/08 09:55:24 deserializeInput: hasCrash true hasNet false
2023/03/08 09:55:24 prog length: 6
2023/03/08 09:55:24 prog length: 3
2023/03/08 09:55:24 deserializeInput: hasCrash true hasNet false
2023/03/08 09:55:24 prog length: 6
2023/03/08 09:55:24 prog length: 6
2023/03/08 09:55:24 prog length: 5
2023/03/08 09:55:24 deserializeInput: hasCrash true hasNet false
2023/03/08 09:55:24 prog length: 6
2023/03/08 09:55:24 prog length: 6
2023/03/08 09:55:24 prog length: 5
2023/03/08 09:55:24 deserializeInput: hasCrash true hasNet false
2023/03/08 09:55:24 prog length: 6
2023/03/08 09:55:24 prog length: 5
2023/03/08 09:55:24 deserializeInput: hasCrash true hasNet false
2023/03/08 09:55:24 prog length: 6
2023/03/08 09:55:24 prog length: 3
2023/03/08 09:55:24 deserializeInput: hasCrash true hasNet false
2023/03/08 09:55:24 prog length: 6
2023/03/08 09:55:24 prog length: 6
2023/03/08 09:55:24 prog length: 5
2023/03/08 09:55:24 deserializeInput: hasCrash true hasNet false
2023/03/08 09:55:24 prog length: 6
2023/03/08 09:55:24 prog length: 6
2023/03/08 09:55:24 prog length: 5
2023/03/08 09:55:24 deserializeInput: hasCrash true hasNet false
2023/03/08 09:55:24 prog length: 6
2023/03/08 09:55:24 prog length: 6
2023/03/08 09:55:24 prog length: 6
2023/03/08 09:55:24 deserializeInput: hasCrash true hasNet false
2023/03/08 09:55:24 prog length: 6
2023/03/08 09:55:24 prog length: 6
2023/03/08 09:55:24 prog length: 5
2023/03/08 09:55:24 deserializeInput: hasCrash true hasNet false
2023/03/08 09:55:24 prog length: 6
2023/03/08 09:55:24 prog length: 3
2023/03/08 09:55:24 deserializeInput: hasCrash true hasNet false
2023/03/08 09:55:24 prog length: 6
2023/03/08 09:55:24 prog length: 3
2023/03/08 09:55:24 deserializeInput: hasCrash true hasNet false
2023/03/08 09:55:24 prog length: 6
2023/03/08 09:55:24 prog length: 6
2023/03/08 09:55:24 prog length: 5
2023/03/08 09:55:24 deserializeInput: hasCrash true hasNet false
2023/03/08 09:55:24 prog length: 6
2023/03/08 09:55:24 prog length: 6
2023/03/08 09:55:24 prog length: 6
2023/03/08 09:55:24 prog length: 7
2023/03/08 09:55:24 deserializeInput: hasCrash true hasNet false
2023/03/08 09:55:24 prog length: 6
2023/03/08 09:55:24 prog length: 3
2023/03/08 09:55:24 deserializeInput: hasCrash true hasNet false
2023/03/08 09:55:24 prog length: 6
2023/03/08 09:55:24 prog length: 3
2023/03/08 09:55:24 deserializeInput: hasCrash true hasNet false
2023/03/08 09:55:24 prog length: 6
2023/03/08 09:55:24 prog length: 6
2023/03/08 09:55:24 prog length: 5
2023/03/08 09:55:24 deserializeInput: hasCrash true hasNet false
2023/03/08 09:55:24 prog length: 6
2023/03/08 09:55:24 prog length: 3
2023/03/08 09:55:24 deserializeInput: hasCrash true hasNet false
2023/03/08 09:55:24 prog length: 6
2023/03/08 09:55:24 prog length: 6
2023/03/08 09:55:24 prog length: 5
2023/03/08 09:55:24 deserializeInput: hasCrash true hasNet false
2023/03/08 09:55:24 prog length: 6
2023/03/08 09:55:24 prog length: 3
2023/03/08 09:55:24 deserializeInput: hasCrash true hasNet false
2023/03/08 09:55:24 prog length: 6
2023/03/08 09:55:24 prog length: 6
2023/03/08 09:55:24 prog length: 5
2023/03/08 09:55:24 fetching corpus: 150, signal 3866/17630/24621 (executing program)
2023/03/08 09:55:24 deserializeInput: hasCrash true hasNet false
2023/03/08 09:55:24 prog length: 6
2023/03/08 09:55:24 prog length: 6
2023/03/08 09:55:24 prog length: 6
2023/03/08 09:55:24 deserializeInput: hasCrash true hasNet false
2023/03/08 09:55:24 prog length: 6
2023/03/08 09:55:24 prog length: 6
2023/03/08 09:55:24 prog length: 5
2023/03/08 09:55:24 fetching corpus: 152, signal 3866/17666/25697 (executing program)
2023/03/08 09:55:24 fetching corpus: 152, signal 3866/17666/26717 (executing program)
2023/03/08 09:55:24 fetching corpus: 152, signal 3866/17666/27764 (executing program)
2023/03/08 09:55:24 fetching corpus: 152, signal 3866/17666/28797 (executing program)
2023/03/08 09:55:24 fetching corpus: 152, signal 3866/17666/29785 (executing program)
2023/03/08 09:55:24 fetching corpus: 152, signal 3866/17666/30786 (executing program)
2023/03/08 09:55:24 fetching corpus: 152, signal 3866/17666/31835 (executing program)
2023/03/08 09:55:24 fetching corpus: 152, signal 3866/17666/32876 (executing program)
2023/03/08 09:55:24 fetching corpus: 152, signal 3866/17666/33952 (executing program)
2023/03/08 09:55:24 fetching corpus: 152, signal 3866/17666/34036 (executing program)
2023/03/08 09:55:24 fetching corpus: 152, signal 3866/17666/34036 (executing program)
2023/03/08 09:55:25 starting 1 fuzzer processes
2023/03/08 09:55:25 ----- generateCall 2858 sendfile sendfile
2023/03/08 09:55:25 ----- generateCall 214 fcntl$setsig fcntl$setsig
2023/03/08 09:55:25 ----- generateCall 217 fgetxattr fgetxattr
2023/03/08 09:55:25 ----- generateCall 231 fsetxattr fsetxattr
2023/03/08 09:55:25 ----- generateCall 206 fcntl$getownex fcntl$getownex
2023/03/08 09:55:25 ----- generateCall 541 ioctl ioctl
2023/03/08 09:55:25 ----- generateCall 242 fsetxattr$trusted_overlay_redirect fsetxattr$trusted_overlay_redirect
2023/03/08 09:55:25 ----- generateCall 171 dup2 dup2
2023/03/08 09:55:25 ----- generateCall 244 fsetxattr$user fsetxattr$user
2023/03/08 09:55:25 ----- generateCall 4127 write$binfmt_aout write$binfmt_aout
2023/03/08 09:55:25 ----- generateCall 231 fsetxattr fsetxattr
2023/03/08 09:55:25 ----- generateCall 212 fcntl$setownex fcntl$setownex
2023/03/08 09:55:25 ----- generateCall 2357 lsetxattr$smack_xattr_label lsetxattr$smack_xattr_label
2023/03/08 09:55:25 ----- generateCall 243 fsetxattr$trusted_overlay_upper fsetxattr$trusted_overlay_upper
2023/03/08 09:55:25 ----- generateCall 209 fcntl$setflags fcntl$setflags
2023/03/08 09:55:25 ----- generateCall 2350 lseek lseek
2023/03/08 09:55:25 map[./file0:true]
2023/03/08 09:55:25 HasCrashFail: false, .HasNetFail: false
2023/03/08 09:55:25 prog length: 20
2023/03/08 09:55:25 HasCrashFail:false HasNetFail:false
09:55:25 ---executing program 0:
---
---
---
r0 = openat(0xffffffffffffffff, &(0x7f0000000000)='./file0\x00', 0x101400, 0x8)
sendfile(r0, 0xffffffffffffffff, &(0x7f0000000040)=0x2, 0xf4bc)
fcntl$setsig(r0, 0xa, 0x10)
fgetxattr(0xffffffffffffffff, &(0x7f0000000080)=@known='user.incfs.metadata\x00', &(0x7f00000000c0)=""/69, 0x45)
fsetxattr(r0, &(0x7f0000000140)=@random={'security.', 'user.incfs.metadata\x00'}, &(0x7f0000000180)='%\x00', 0x2, 0x3)
fcntl$getownex(0xffffffffffffffff, 0x10, &(0x7f00000001c0))
r1 = dup2(r0, r0)
ioctl(r1, 0x10000, &(0x7f0000000200)="0561212b1c9bbcf8652a2b96b678d6564399c2ae9c3e78b6ee11f77dd0735826c17c7c88a6c472d2ad006bb08eef59cc2f3bac442a56c2110a6f2775fcd7abc2b873a6dc5c8fd0dfdc02345f5010bd458ff75fd3a05596302e5c0558ca5b3eb4d545aec4fe1c3753df818aafcdb5a05faecb5dc2ec989a81a973bbd58447076b00ba25419aab68741cbf1048af73675ad779f24687eab4f3ddba7c7318fb1fde00d5b5525da04bc73b4e0f0584db2b5f7eda597f57008c791f749844")
fsetxattr$trusted_overlay_redirect(r0, &(0x7f00000002c0), &(0x7f0000000300)='./file0\x00', 0x8, 0x1)
r2 = dup2(r0, r0)
fsetxattr$user(r1, &(0x7f0000000340), &(0x7f0000000380)='%\x00', 0x2, 0x3)
write$binfmt_aout(r2, &(0x7f00000003c0)={{0x107, 0x0, 0x40, 0x2af, 0x13d, 0x1, 0x5c, 0x9}, "5aaacc53579c67b39459bcd47f2f4ebcc72ca6dd4e43f8ce65788863e19dc2b795627001e8ee4a029f453ae497c9f5729ce36b8a4abab383", ['\x00', '\x00', '\x00', '\x00', '\x00', '\x00', '\x00', '\x00', '\x00', '\x00']}, 0xa58)
fsetxattr(0xffffffffffffffff, &(0x7f0000000e40)=@random={'btrfs.', '.)%\x00'}, &(0x7f0000000e80)='\x00', 0x1, 0x3)
r3 = dup(r0)
fcntl$getownex(0xffffffffffffffff, 0x10, &(0x7f0000000ec0)={0x0, <r4=>0x0})
fcntl$setownex(r3, 0xf, &(0x7f0000000f00)={0x0, r4})
lsetxattr$smack_xattr_label(&(0x7f0000000f40)='./file0\x00', &(0x7f0000000f80)='security.SMACK64IPIN\x00', &(0x7f0000000fc0)={'%\x00'}, 0x3, 0x1)
fsetxattr$trusted_overlay_upper(r2, &(0x7f0000001000), &(0x7f0000001040)={0x0, 0xfb, 0x5d, 0x0, 0xf7, "c30c3b15e7780677fa8ac3e7cf6184d1", "3e356cdaaae0c0a09e28f1bc3f2c6ced00c81a9a66effeca5cfbae1d754beedaa6c12b4944f2aa97b3122dd97834d18bfdeaaeb35594a8f8ccaa5351a2837c943ed92711788cc11c"}, 0x5d, 0x2)
fcntl$setflags(0xffffffffffffffff, 0x2, 0x0)
lseek(r3, 0x2, 0x2)
---

end of program
2023/03/08 09:55:25 -----run executor: [/usr/bin/ssh -F /dev/null -o ConnectionAttempts=100 -o ConnectTimeout=120 -o UserKnownHostsFile=/dev/null -o BatchMode=yes -o IdentitiesOnly=yes -o StrictHostKeyChecking=no -o ConnectTimeout=100 -i /home/tlyu/dfs-fuzzing/disk-images/orangefs-images/focal.id_rsa root@192.168.0.35 /root/syz-executor exec 0 0 orangefs 3 4 192.168.0.35 0 "3 1" false false false true false]
2023/03/08 09:55:25 -----run executor: [/usr/bin/ssh -F /dev/null -o ConnectionAttempts=100 -o ConnectTimeout=120 -o UserKnownHostsFile=/dev/null -o BatchMode=yes -o IdentitiesOnly=yes -o StrictHostKeyChecking=no -o ConnectTimeout=100 -i /home/tlyu/dfs-fuzzing/disk-images/orangefs-images/focal.id_rsa root@192.168.0.36 /root/syz-executor exec 0 1 orangefs 3 4 192.168.0.35 0 "3 1" false false false true false]
2023/03/08 09:55:25 -----run executor: [/usr/bin/ssh -F /dev/null -o ConnectionAttempts=100 -o ConnectTimeout=120 -o UserKnownHostsFile=/dev/null -o BatchMode=yes -o IdentitiesOnly=yes -o StrictHostKeyChecking=no -o ConnectTimeout=100 -i /home/tlyu/dfs-fuzzing/disk-images/orangefs-images/focal.id_rsa root@192.168.0.37 /root/syz-executor exec 0 2 orangefs 3 4 192.168.0.35 0 "3 1" false false false true false]
2023/03/08 09:55:25 -----run executor: [/usr/bin/ssh -F /dev/null -o ConnectionAttempts=100 -o ConnectTimeout=120 -o UserKnownHostsFile=/dev/null -o BatchMode=yes -o IdentitiesOnly=yes -o StrictHostKeyChecking=no -o ConnectTimeout=100 -i /home/tlyu/dfs-fuzzing/disk-images/orangefs-images/focal.id_rsa root@192.168.0.38 /root/syz-executor exec 1 3 orangefs 3 4 192.168.0.35 0 "3 1" false false false true false]
Warning: Permanently added '192.168.0.35' (ECDSA) to the list of known hosts.
Warning: Permanently added '192.168.0.36' (ECDSA) to the list of known hosts.
Warning: Permanently added '192.168.0.37' (ECDSA) to the list of known hosts.
Warning: Permanently added '192.168.0.38' (ECDSA) to the list of known hosts.
----- is restarting 0
---- dfs_name orangefs is_dfs_client 0
unlink FIFO failed: No such file or directory
executor 0 finishes userspace_cover_open
before receiving handshake request
[    0.000000] kernel: Linux version 5.15.0+ (tlyu@IC-RS3-DPC07) (gcc (Ubuntu 9.4.0-1ubuntu1~20.04.1) 9.4.0, GNU ld (GNU Binutils for Ubuntu) 2.34) #7 SMP Sat Feb 18 10:18:37 CET 2023
[    0.000000] kernel: Command line: root=/dev/sda console=ttyS0 net.ifnames=0 ip=192.168.0.35 quiet
[    0.000000] kernel: x86/fpu: Supporting XSAVE feature 0x001: 'x87 floating point registers'
[    0.000000] kernel: x86/fpu: Supporting XSAVE feature 0x002: 'SSE registers'
[    0.000000] kernel: x86/fpu: Supporting XSAVE feature 0x004: 'AVX registers'
[    0.000000] kernel: x86/fpu: Supporting XSAVE feature 0x020: 'AVX-512 opmask'
[    0.000000] kernel: x86/fpu: Supporting XSAVE feature 0x040: 'AVX-512 Hi256'
[    0.000000] kernel: x86/fpu: Supporting XSAVE feature 0x080: 'AVX-512 ZMM_Hi256'
[    0.000000] kernel: x86/fpu: Supporting XSAVE feature 0x200: 'Protection Keys User registers'
[    0.000000] kernel: x86/fpu: xstate_offset[2]:  576, xstate_sizes[2]:  256
[    0.000000] kernel: x86/fpu: xstate_offset[5]:  832, xstate_sizes[5]:   64
[    0.000000] kernel: x86/fpu: xstate_offset[6]:  896, xstate_sizes[6]:  512
[    0.000000] kernel: x86/fpu: xstate_offset[7]: 1408, xstate_sizes[7]: 1024
[    0.000000] kernel: x86/fpu: xstate_offset[9]: 2432, xstate_sizes[9]:    8
[    0.000000] kernel: x86/fpu: Enabled xstate features 0x2e7, context size is 2440 bytes, using 'compacted' format.
[    0.000000] kernel: signal: max sigframe size: 3632
[    0.000000] kernel: BIOS-provided physical RAM map:
[    0.000000] kernel: BIOS-e820: [mem 0x0000000000000000-0x000000000009fbff] usable
[    0.000000] kernel: BIOS-e820: [mem 0x000000000009fc00-0x000000000009ffff] reserved
[    0.000000] kernel: BIOS-e820: [mem 0x00000000000f0000-0x00000000000fffff] reserved
[    0.000000] kernel: BIOS-e820: [mem 0x0000000000100000-0x00000000bffdffff] usable
[    0.000000] kernel: BIOS-e820: [mem 0x00000000bffe0000-0x00000000bfffffff] reserved
[    0.000000] kernel: BIOS-e820: [mem 0x00000000feffc000-0x00000000feffffff] reserved
[    0.000000] kernel: BIOS-e820: [mem 0x00000000fffc0000-0x00000000ffffffff] reserved
[    0.000000] kernel: BIOS-e820: [mem 0x0000000100000000-0x00000002bfffffff] usable
[    0.000000] kernel: NX (Execute Disable) protection: active
[    0.000000] kernel: SMBIOS 2.8 present.
[    0.000000] kernel: DMI: QEMU Standard PC (i440FX + PIIX, 1996), BIOS 1.13.0-1ubuntu1.1 04/01/2014
[    0.000000] kernel: Hypervisor detected: KVM
[    0.000000] kernel: kvm-clock: Using msrs 4b564d01 and 4b564d00
[    0.000000] kernel: kvm-clock: cpu 0, msr 1c9a6e001, primary cpu clock
[    0.000001] kernel: kvm-clock: using sched offset of 418479790 cycles
[    0.000002] kernel: clocksource: kvm-clock: mask: 0xffffffffffffffff max_cycles: 0x1cd42e4dffb, max_idle_ns: 881590591483 ns
[    0.000004] kernel: tsc: Detected 2593.906 MHz processor
[    0.000431] kernel: e820: update [mem 0x00000000-0x00000fff] usable ==> reserved
[    0.000433] kernel: e820: remove [mem 0x000a0000-0x000fffff] us[D 01/16/2023 17:42:13] PVFS2 Server version 2.9.7-orangefs-REV-65ab0d2 starting.
[E 01/16/2023 17:43:19] PVFS2 server got signal 15 (server_status_flag: 2080767)
[D 02/18/2023 14:39:31] PVFS2 Server version 2.9.7-orangefs-REV-65ab0d2 starting.
[D 02/18/2023 14:47:30] PVFS2 received server: signal 1
[E 02/18/2023 14:47:30] PVFS2 server got signal 15 (server_status_flag: 2080767)
able
[    0.000436] kernel: last_pfn = 0x2c0000 max_arch_pfn = 0x10000000000
[    0.000483] kernel: x86/PAT: Configuration [0-7]: WB  WC  UC- UC  WB  WP  UC- WT  
[    0.000488] kernel: last_pfn = 0xbffe0 max_arch_pfn = 0x10000000000
[    0.004741] kernel: found SMP MP-table at [mem 0x000f5c80-0x000f5c8f]
[    0.004761] kernel: Using GB pages for direct mapping
[    0.004880] kernel: ACPI: Early table checksum verification disabled
[    0.004883] kernel: ACPI: RSDP 0x00000000000F5A50 000014 (v00 BOCHS )
[    0.004890] kernel: ACPI: RSDT 0x00000000BFFE15C9 000030 (v01 BOCHS  BXPCRSDT 00000001 BXPC 00000001)
[    0.004894] kernel: ACPI: FACP 0x00000000BFFE149D 000074 (v01 BOCHS  BXPCFACP 00000001 BXPC 00000001)
[    0.004899] kernel: ACPI: DSDT 0x00000000BFFE0040 00145D (v01 BOCHS  BXPCDSDT 00000001 BXPC 00000001)
[    0.004901] kernel: ACPI: FACS 0x00000000BFFE0000 000040
[    0.004903] kernel: ACPI: APIC 0x00000000BFFE1511 000080 (v01 BOCHS  BXPCAPIC 00000001 BXPC 00000001)
[    0.004906] kernel: ACPI: HPET 0x00000000BFFE1591 000038 (v01 BOCHS  BXPCHPET 00000001 BXPC 00000001)
[    0.004908] kernel: ACPI: Reserving FACP table memory at [mem 0xbffe149d-0xbffe1510]
[    0.004909] kernel: ACPI: Reserving DSDT table memory at [mem 0xbffe0040-0xbffe149c]
[    0.004909] kernel: ACPI: Reserving FACS table memory at [mem 0xbffe0000-0xbffe003f]
[    0.004910] kernel: ACPI: Reserving APIC table memory at [mem 0xbffe1511-0xbffe1590]
[    0.004911] kernel: ACPI: Reserving HPET table memory at [mem 0xbffe1591-0xbffe15c8]
[    0.005166] kernel: No NUMA configuration found
[    0.005166] kernel: Faking a node at [mem 0x0000000000000000-0x00000002bfffffff]
[    0.005168] kernel: NODE_DATA(0) allocated [mem 0x2bfffc000-0x2bfffffff]
[    0.005765] kernel: Zone ranges:
[    0.005766] kernel:   DMA      [mem 0x0000000000001000-0x0000000000ffffff]
[    0.005768] kernel:   DMA32    [mem 0x0000000001000000-0x00000000ffffffff]
[    0.005769] kernel:   Normal   [mem 0x0000000100000000-0x0----- is restarting 0
---- dfs_name orangefs is_dfs_client 0
0000002bfffffff]
[    0.005770] kernel: Movable zone start for each node
[    0.005771] kernel: Early memory node ranges
[    0.005771] kernel:   node   0: [mem 0x0000000000001000-0x000000000009efff]
[    0.005773] kernel:   node   0: [mem 0x0000000000100000-0x00000000bffdffff]
[    0.005773] kernel:   node   0: [mem 0x0000000100000000-0x00000002bfffffff]
[    0.005775] kernel: Initmem setup node 0 [mem 0x0000000000001000-0x00000002bfffffff]
[    0.008572] kernel: On node 0, zone DMA: 1 pages in unavailable ranges
[    0.008583] kernel: On node 0, zone DMA: 97 pages in unavailable ranges
[    0.065746] kernel: On node 0, zone Normal: 32 pages in unavailable ranges
[    0.505903] kernel: kasan: KernelAddressSanitizer initialized
[    0.506257] kernel: ACPI: PM-Timer IO Port: 0x608
[    0.506264] kernel: ACPI: LAPIC_NMI (acpi_id[0xff] dfl dfl lint[0x1])
[    0.506311] kernel: IOAPIC[0]: apic_id 0, version 17, address 0xfec00000, GSI 0-23
[    0.506314] kernel: ACPI: INT_SRC_OVR (bus 0 bunlink FIFO failed: No such file or directory
[D 01/16/2023 17:42:13] PVFS2 Server version 2.9.7-orangefs-REV-65ab0d2 starting.
[E 01/16/2023 17:43:19] PVFS2 server got signal 15 (server_status_flag: 2080767)
[D 02/18/2023 14:39:31] PVFS2 Server version 2.9.7-orangefs-REV-65ab0d2 starting.
[D 02/18/2023 14:47:30] PVFS2 received server: signal 1
[E 02/18/2023 14:47:30] PVFS2 server got signal 15 (server_status_flag: 2080767)
us_irq 0 global_irq 2 dfl dfl)
[    0.506316] kernel: ACPI: INT_SRC_OVR (bus 0 bus_irq 5 global_irq 5 high level)
[    0.506317] kernel: ACPI: INT_SRC_OVR (bus 0 bus_irq 9 global_irq 9 high level)
[    0.506318] kernel: ACPI: INT_SRC_OVR (bus 0 bus_irq 10 global_irq 10 high level)
[    0.506319] kernel: ACPI: INT_SRC_OVR (bus 0 bus_irq 11 global_irq 11 high level)
[    0.506322] kernel: ACPI: Using ACPI (MADT) for SMP configuration information
[    0.506323] kernel: ACPI: HPET id: 0x8086a201 base: 0xfed00000
[    0.506327] kernel: TSC deadline timer available
[    0.506328] kernel: smpboot: Allowing 2 CPUs, 0 hotplug CPUs
[    0.506349] kernel: kvm-guest: KVM setup pv remote TLB flush
[    0.506354] kernel: kvm-guest: setup PV sched yield
[    0.506362] kernel: PM: hibernation: Registered nosave memory: [mem 0x00000000-0x00000fff]
[    0.506364] kernel: PM: hibernation: Registered nosave memory: [mem 0x0009f000-0x0009ffff]
[    0.506365] kernel: PM: hibernation: Registered nosave memo[    0.000000] kernel: Linux version 5.15.0+ (tlyu@IC-RS3-DPC07) (gcc (Ubuntu 9.4.0-1ubuntu1~20.04.1) 9.4.0, GNU ld (GNU Binutils for Ubuntu) 2.34) #7 SMP Sat Feb 18 10:18:37 CET 2023
[    0.000000] kernel: Command line: root=/dev/sda console=ttyS0 net.ifnames=0 ip=192.168.0.36 quiet
[    0.000000] kernel: x86/fpu: Supporting XSAVE feature 0x001: 'x87 floating point registers'
[    0.000000] kernel: x86/fpu: Supporting XSAVE feature 0x002: 'SSE registers'
[    0.000000] kernel: x86/fpu: Supporting XSAVE feature 0x004: 'AVX registers'
[    0.000000] kernel: x86/fpu: Supporting XSAVE feature 0x020: 'AVX-512 opmask'
[    0.000000] kernel: x86/fpu: Supporting XSAVE feature 0x040: 'AVX-512 Hi256'
[    0.000000] kernel: x86/fpu: Supporting XSAVE feature 0x080: 'AVX-512 ZMM_Hi256'
[    0.000000] kernel: x86/fpu: Supporting XSAVE feature 0x200: 'Protection Keys User registers'
[    0.000000] kernel: x86/fpu: xstate_offset[2]:  576, xstate_sizes[2]:  256
[    0.000000] kernel: x86/fpu: xstate_ry: [mem 0x000a0000-0x000effff]
[    0.506365] kernel: PM: hibernation: Registered nosave memory: [mem 0x000f0000-0x000fffff]
[    0.506366] kernel: PM: hibernation: Registered nosave memory: [mem 0xbffe0000-0xbfffffff]
[    0.506367] kernel: PM: hibernation: Registered nosave memory: [mem 0xc0000000-0xfeffbfff]
[    0.506367] kernel: PM: hibernation: Registered nosave memory: [mem 0xfeffc000-0xfeffffff]
[    0.506368] kernel: PM: hibernation: Registered nosave memory: [mem 0xff000000-0xfffbffff]
[    0.506369] kernel: PM: hibernation: Registered nosave memory: [mem 0xfffc0000-0xffffffff]
[    0.506370] kernel: [mem 0xc0000000-0xfeffbfff] available for PCI devices
[    0.506371] kernel: Booting paravirtualized kernel on KVM
[    0.506373] kernel: clocksource: refined-jiffies: mask: 0xffffffff max_cycles: 0xffffffff, max_idle_ns: 1910969940391419 ns
[    0.510323] kernel: setup_percpu: NR_CPUS:64 nr_cpumask_bits:64 nr_cpu_ids:2 nr_node_ids:1
[    0.511082] kernel: percpu: Embedded 56 poffset[5]:  832, xstate_sizes[5]:   64
[    0.000000] kernel: x86/fpu: xstate_offset[6]:  896, xstate_sizes[6]:  512
[    0.000000] kernel: x86/fpu: xstate_offset[7]: 1408, xstate_sizes[7]: 1024
[    0.000000] kernel: x86/fpu: xstate_offset[9]: 2432, xstate_sizes[9]:    8
[    0.000000] kernel: x86/fpu: Enabled xstate features 0x2e7, context size is 2440 bytes, using 'compacted' format.
[    0.000000] kernel: signal: max sigframe size: 3632
[    0.000000] kernel: BIOS-provided physical RAM map:
[    0.000000] kernel: BIOS-e820: [mem 0x0000000000000000-0x000000000009fbff] usable
[    0.000000] kernel: BIOS-e820: [mem 0x000000000009fc00-0x000000000009ffff] reserved
[    0.000000] kernel: BIOS-e820: [mem 0x00000000000f0000-0x00000000000fffff] reserved
[    0.000000] kernel: BIOS-e820: [mem 0x0000000000100000-0x00000000bffdffff] usable
[    0.000000] kernel: BIOS-e820: [mem 0x00000000bffe0000-0x00000000bfffffff] reserved
[    0.000000] kernel: BIOS-e820: [mem 0x00000000feffc000-0x00000000ages/cpu s191576 r8192 d29608 u1048576
[    0.511087] kernel: pcpu-alloc: s191576 r8192 d29608 u1048576 alloc=1*2097152
[    0.511090] kernel: pcpu-alloc: [0] 0 1 
[    0.511116] kernel: kvm-guest: setup async PF for cpu 0
[    0.511129] kernel: kvm-guest: stealtime: cpu 0, msr 26561f140
[    0.511133] kernel: Built 1 zonelists, mobility grouping on.  Total pages: 2580192
[    0.511134] kernel: Policy zone: Normal
[    0.511135] kernel: Kernel command line: root=/dev/sda console=ttyS0 net.ifnames=0 ip=192.168.0.35 quiet
[    0.516863] kernel: Dentry cache hash table entries: 2097152 (order: 12, 16777216 bytes, linear)
[    0.519754] kernel: Inode-cache hash table entries: 1048576 (order: 11, 8388608 bytes, linear)
[    0.519809] kernel: mem auto-init: stack:off, heap alloc:off, heap free:off
[    0.750859] kernel: Memory: 8872652K/10485240K available (14348K kernel code, 2403K rwdata, 3568K rodata, 1384K init, 1732K bss, 1612388K reserved, 0K cma-reserved)
[    0.750945] kernel: SLUB:feffffff] reserved
[    0.000000] kernel: BIOS-e820: [mem 0x00000000fffc0000-0x00000000ffffffff] reserved
[    0.000000] kernel: BIOS-e820: [mem 0x0000000100000000-0x00000002bfffffff] usable
[    0.000000] kernel: NX (Execute Disable) protection: active
[    0.000000] kernel: SMBIOS 2.8 present.
[    0.000000] kernel: DMI: QEMU Standard PC (i440FX + PIIX, 1996), BIOS 1.13.0-1ubuntu1.1 04/01/2014
[    0.000000] kernel: Hypervisor detected: KVM
[    0.000000] kernel: kvm-clock: Using msrs 4b564d01 and 4b564d00
[    0.000000] kernel: kvm-clock: cpu 0, msr a4e6e001, primary cpu clock
[    0.000001] kernel: kvm-clock: using sched offset of 440782932 cycles
[    0.000002] kernel: clocksource: kvm-clock: mask: 0xffffffffffffffff max_cycles: 0x1cd42e4dffb, max_idle_ns: 881590591483 ns
[    0.000004] kernel: tsc: Detected 2593.906 MHz processor
[    0.000413] kernel: e820: update [mem 0x00000000-0x00000fff] usable ==> reserved
[    0.000415] kernel: e820: remove [mem 0x000a0000-0x000fffff] usa HWalign=64, Order=0-3, MinObjects=0, CPUs=2, Nodes=1
[    0.751602] kernel: rcu: Hierarchical RCU implementation.
[    0.751603] kernel: rcu:         RCU event tracing is enabled.
[    0.751604] kernel: rcu:         RCU restricting CPUs from NR_CPUS=64 to nr_cpu_ids=2.
[    0.751606] kernel: rcu: RCU calculated value of scheduler-enlistment delay is 100 jiffies.
[    0.751607] kernel: rcu: Adjusting geometry for rcu_fanout_leaf=16, nr_cpu_ids=2
[    0.754244] kernel: NR_IRQS: 4352, nr_irqs: 440, preallocated irqs: 16
[    0.754455] kernel: random: get_random_bytes called from start_kernel+0x4b1/0x67a with crng_init=0
[    0.758358] kernel: Console: colour VGA+ 80x25
[    0.758398] kernel: printk: console [ttyS0] enabled
[    0.758416] kernel: ACPI: Core revision 20210730
[    0.758556] kernel: clocksource: hpet: mask: 0xffffffff max_cycles: 0xffffffff, max_idle_ns: 19112604467 ns
[    0.758666] kernel: APIC: Switch to symmetric I/O mode setup
[    0.758669] kernel: kvm-guest: setup PV IPIs
[    0.759544] kernel: ..TIMER: vector=0x30 apic1=0 pin1=2 apic2=-1 pin2=-1
[    0.759563] kernel: clocksource: tsc-early: mask: 0xffffffffffffffff max_cycles: 0x2563bf907c6, max_idle_ns: 440795319401 ns
[    0.759570] kernel: Calibrating delay loop (skipped) preset value.. 5187.81 BogoMIPS (lpj=2593906)
[    0.759572] kernel: pid_max: default: 32768 minimum: 301
[    0.759605] kernel: LSM: Security Framework initializing
[    0.760573] kernel: SELinux:  Initializing.
[    0.760657] kernel: Mount-cache hash table entries: 32768 (order: 6, 262144 bytes, linear)
[    0.761213] kernel: Mountpoint-cache hash table entries: 32768 (order: 6, 262144 bytes, linear)
[    0.761647] kernel: x86/cpu: User Mode Instruction Prevention (UMIP) activated
[    0.761733] kernel: Last level iTLB entries: 4KB 0, 2MB 0, 4MB 0
[    0.761734] kernel: Last level dTLB entries: 4KB 0, 2MB 0, 4MB 0, 1GB 0
[    0.761744] kernel: Spectre V1 : Mitigation: usercopy/swapgs barriers and __user pointer sanitizatexecutor 1 finishes userspace_cover_open
before receiving handshake request
req.flags ea2
ble
[    0.000418] kernel: last_pfn = 0x2c0000 max_arch_pfn = 0x10000000000
[    0.000464] kernel: x86/PAT: Configuration [0-7]: WB  WC  UC- UC  WB  WP  UC- WT  
[    0.000469] kernel: last_pfn = 0xbffe0 max_arch_pfn = 0x10000000000
[    0.004780] kernel: found SMP MP-table at [mem 0x000f5c80-0x000f5c8f]
[    0.004803] kernel: Using GB pages for direct mapping
[    0.005528] kernel: ACPI: Early table checksum verification disabled
[    0.005533] kernel: ACPI: RSDP 0x00000000000F5A50 000014 (v00 BOCHS )
[    0.005540] kernel: ACPI: RSDT 0x00000000BFFE15C9 000030 (v01 BOCHS  BXPCRSDT 00000001 BXPC 00000001)
[    0.005545] kernel: ACPI: FACP 0x00000000BFFE149D 000074 (v01 BOCHS  BXPCFACP 00000001 BXPC 00000001)
[    0.005550] kernel: ACPI: DSDT 0x00000000BFFE0040 00145D (v01 BOCHS  BXPCDSDT 00000001 BXPC 00000001)
[    0.005552] kernel: ACPI: FACS 0x00000000BFFE0000 000040
[    0.005554] kernel: ACPI: APIC 0x00000000BFFE1511 000080 (v01 BOCHS  BXPCAPIC 00000001 BXPC 00000001)
[    0.0055ion
[    0.761748] kernel: Spectre V2 : Mitigation: Enhanced IBRS
[    0.761749] kernel: Spectre V2 : Spectre v2 / SpectreRSB mitigation: Filling RSB on context switch
[    0.761751] kernel: Spectre V2 : mitigation: Enabling conditional Indirect Branch Prediction Barrier
[    0.761752] kernel: Speculative Store Bypass: Mitigation: Speculative Store Bypass disabled via prctl and seccomp
[    0.761753] kernel: TAA: Mitigation: TSX disabled
[    0.767580] kernel: Freeing SMP alternatives memory: 40K
[    0.767725] kernel: smpboot: CPU0: Intel(R) Xeon(R) Gold 6348 CPU @ 2.60GHz (family: 0x6, model: 0x6a, stepping: 0x6)
[    0.767853] kernel: Performance Events: Icelake events, 32-deep LBR, full-width counters, Intel PMU driver.
[    0.768623] kernel: ... version:                2
[    0.768625] kernel: ... bit width:              48
[    0.768626] kernel: ... generic registers:      8
[    0.768626] kernel: ... value mask:             0000ffffffffffff
[    0.768628] kernel: ... max period:             00007fffffffffff
[    0.768628] kernel: ... fixed-purpose events:   3
[    0.768629] kernel: ... event mask:             00000007000000ff
[    0.768780] kernel: rcu: Hierarchical SRCU implementation.
[    0.769140] kernel: smp: Bringing up secondary CPUs ...
[    0.769257] kernel: x86: Booting SMP configuration:
[    0.769258] kernel: .... node  #0, CPUs:      #1
[    0.005145] kernel: kvm-clock: cpu 1, msr 1c9a6e041, secondary cpu clock
[    0.005145] kernel: smpboot: CPU 1 Converting physical 0 to logical die 1
[    0.779566] kernel: kvm-guest: setup async PF for cpu 1
[    0.779566] kernel: kvm-guest: stealtime: cpu 1, msr 26571f140
[    0.779648] kernel: smp: Brought up 1 node, 2 CPUs
[    0.779653] kernel: smpboot: Max logical packages: 2
[    0.779655] kernel: smpboot: Total of 2 processors activated (10375.62 BogoMIPS)
[    0.781193] kernel: devtmpfs: initialized
[    0.782666] kernel: clocksource: jiffies: mask: 0xffffffff max_cycles: 0xffffffff, max_idle_ns: 191----- is restarting 0
---- dfs_name orangefs is_dfs_client 0
unlink FIFO failed: No such file or directory
1260446275000 ns
[    0.782672] kernel: futex hash table entries: 512 (order: 3, 32768 bytes, linear)
[    0.782890] kernel: PM: RTC time: 08:55:12, date: 2023-03-08
[    0.783079] kernel: NET: Registered PF_NETLINK/PF_ROUTE protocol family
[    0.783451] kernel: audit: initializing netlink subsys (disabled)
[    0.783581] kernel: audit: type=2000 audit(1678265712.269:1): state=initialized audit_enabled=0 res=1
[    0.784095] kernel: thermal_sys: Registered thermal governor 'step_wise'
[    0.784097] kernel: thermal_sys: Registered thermal governor 'user_space'
[    0.784144] kernel: cpuidle: using governor menu
[    0.784144] kernel: ACPI: bus type PCI registered
[    0.784598] kernel: PCI: Using configuration type 1 for base access
[    0.790980] kernel: Kprobes globally optimized
[    0.791630] kernel: HugeTLB registered 2.00 MiB page size, pre-allocated 0 pages
[    0.791630] kernel: cryptomgr_test (26) used greatest stack depth: 31400 bytes left
[    0.792648] kernel: ACPI: Added _OSI(Module Device)
[    0.792648] kernel: ACPI: Added _OSI(Processor Device)
[    0.792648] kernel: ACPI: Added _OSI(3.0 _SCP Extensions)
[    0.792648] kernel: ACPI: Added _OSI(Processor Aggregator Device)
[    0.792648] kernel: ACPI: Added _OSI(Linux-Dell-Video)
[    0.792648] kernel: ACPI: Added _OSI(Linux-Lenovo-NV-HDMI-Audio)
[    0.792648] kernel: ACPI: Added _OSI(Linux-HPI-Hybrid-Graphics)
[    0.799968] kernel: ACPI: 1 ACPI AML tables successfully acquired and loaded
[    0.802094] kernel: ACPI: Interpreter enabled
[    0.802123] kernel: ACPI: PM: (supports S0 S3 S4 S5)
[    0.802125] kernel: ACPI: Using IOAPIC for interrupt routing
[    0.802153] kernel: PCI: Using host bridge windows from ACPI; if necessary, use "pci=nocrs" and report a bug
[    0.802522] kernel: ACPI: Enabled 2 GPEs in block 00 to 0F
[    0.812664] kernel: ACPI: PCI Root Bridge [PCI0] (domain 0000 [bus 00-ff])
[    0.812675] kernel: acpi PNP0A03:00: _OSC: OS supports [ASPM ClockPM Segments MSI HPX-Type3]
57] kernel: ACPI: HPET 0x00000000BFFE1591 000038 (v01 BOCHS  BXPCHPET 00000001 BXPC 00000001)
[    0.005559] kernel: ACPI: Reserving FACP table memory at [mem 0xbffe149d-0xbffe1510]
[    0.005560] kernel: ACPI: Reserving DSDT table memory at [mem 0xbffe0040-0xbffe149c]
[    0.005560] kernel: ACPI: Reserving FACS table memory at [mem 0xbffe0000-0xbffe003f]
[    0.005561] kernel: ACPI: Reserving APIC table memory at [mem 0xbffe1511-0xbffe1590]
[    0.005562] kernel: ACPI: Reserving HPET table memory at [mem 0xbffe1591-0xbffe15c8]
[    0.005812] kernel: No NUMA configuration found
[    0.005812] kernel: Faking a node at [mem 0x0000000000000000-0x00000002bfffffff]
[    0.005815] kernel: NODE_DATA(0) allocated [mem 0x2bfffa000-0x2bfffdfff]
[    0.005865] kernel: Zone ranges:
[    0.005865] kernel:   DMA      [mem 0x0000000000001000-0x0000000000ffffff]
[    0.005867] kernel:   DMA32    [mem 0x0000000001000000-0x00000000ffffffff]
[    0.005868] kernel:   Normal   [mem 0x0000000100000000-0x00000002bfffffff]
[    0.005869] kernel: Movable zone start for each node
[    0.005870] kernel: Early memory node ranges
[    0.005870] kernel:   node   0: [mem 0x0000000000001000-0x000000000009efff]
[    0.005871] kernel:   node   0: [mem 0x0000000000100000-0x00000000bffdffff]
[    0.005872] kernel:   node   0: [mem 0x0000000100000000-0x00000002bfffffff]
[    0.005873] kernel: Initmem setup node 0 [mem 0x0000000000001000-0x00000002bfffffff]
[    0.006464] kernel: On node 0, zone DMA: 1 pages in unavailable ranges
[    0.006475] kernel: On node 0, zone DMA: 97 pages in unavailable ranges
[    0.090143] kernel: On node 0, zone Normal: 32 pages in unavailable ranges
[    0.561685] kernel: kasan: KernelAddressSanitizer initialized
[    0.562039] kernel: ACPI: PM-Timer IO Port: 0x608
[    0.562049] kernel: ACPI: LAPIC_NMI (acpi_id[0xff] dfl dfl lint[0x1])
[    0.562092] kernel: IOAPIC[0]: apic_id 0, version 17, address 0xfec00000, GSI 0-23
[    0.562095] kernel: ACPI: INT_SRC_OVR (bus 0 bus_irq 0 global_irq 2 dfl dfl)
[    0.562098] kernel: ACPI: INT_SRC_OVR (bus 0 bus_irq 5 global_irq 5 high level)
[    0.562099] kernel: ACPI: INT_SRC_OVR (bus 0 bus_irq 9 global_irq 9 high level)
[    0.562100] kernel: ACPI: INT_SRC_OVR (bus 0 bus_irq 10 global_irq 10 high level)
[    0.562102] kernel: ACPI: INT_SRC_OVR (bus 0 bus_irq 11 global_irq 11 high level)
[    0.562104] kernel: ACPI: Using ACPI (MADT) for SMP configuration information
[    0.562106] kernel: ACPI: HPET id: 0x8086a201 base: 0xfed00000
[    0.562110] kernel: TSC deadline timer available
[    0.562111] kernel: smpboot: Allowing 2 CPUs, 0 hotplug CPUs
[    0.562137] kernel: kvm-guest: KVM setup pv remote TLB flush
[    0.562141] kernel: kvm-guest: setup PV sched yield
[    0.562150] kernel: PM: hibernation: Registered nosave memory: [mem 0x00000000-0x00000fff]
[    0.562152] kernel: PM: hibernation: Registered nosave memory: [mem 0x0009f000-0x0009ffff]
[    0.562153] kernel: PM: hibernation: Registered nosave memory: [mem 0x000a0000-0x000effff]
[    0.562154] kernel: PM: hibernation: Registered nosave memory: [mem 0x000f0000-0x000fffff]
[    0.562155] kernel: PM: hibernation: Registered nosave memory: [mem 0xbffe0000-0xbfffffff]
[    0.562155] kernel: PM: hibernation: Registered nosave memory: [mem 0xc0000000-0xfeffbfff]
[    0.562156] kernel: PM: hibernation: Registered nosave memory: [mem 0xfeffc000-0xfeffffff]
[    0.562156] kernel: PM: hibernation: Registered nosave memory: [mem 0xff000000-0xfffbffff]
[    0.562157] kernel: PM: hibernation: Registered nosave memory: [mem 0xfffc0000-0xffffffff]
[    0.562158] kernel: [mem 0xc0000000-0xfeffbfff] available for PCI devices
[    0.562159] kernel: Booting paravirtualized kernel on KVM
[    0.562162] kernel: clocksource: refined-jiffies: mask: 0xffffffff max_cycles: 0xffffffff, max_idle_ns: 1910969940391419 ns
[    0.566237] kernel: setup_percpu: NR_CPUS:64 nr_cpumask_bits:64 nr_cpu_ids:2 nr_node_ids:1
[    0.566981] kernel: percpu: Embedded 56 pages/cpu s191576 r8192 d29608 u1048576
[    0.566987] kernel: pcpu-alloc: s191576 r8192 d29608 u1048576 alloc=1*2097152
[    0.566990] kernel: pcpu-alloc: [0] 0 1 
[    0.567017] kernel: kvm-guest: setup async PF for cpu 0
[    0.567023] kernel: kvm-guest: stealtime: cpu 0, msr 26561f140
[    0.567028] kernel: Built 1 zonelists, mobility grouping on.  Total pages: 2580192
[    0.567030] kernel: Policy zone: Normal
[    0.567032] kernel: Kernel command line: root=/dev/sda console=ttyS0 net.ifnames=0 ip=192.168.0.36 quiet
[    0.572510] kernel: Dentry cache hash table entries: 2097152 (order: 12, 16777216 bytes, linear)
[    0.575290] kernel: Inode-cache hash table entries: 1048576 (order: 11, 8388608 bytes, linear)
[    0.575352] kernel: mem auto-init: stack:off, heap alloc:off, heap free:off
[    0.899059] kernel: Memory: 8872644K/10485240K available (14348K kernel code, 2403K rwdata, 3568K rodata, 1384K init, 1732K bss, 1612396K reserved, 0K cma-reserved)
[    0.899151] kernel: SLUB: HWalign=64, Order=0-3, MinObjects=0, CPUs=2, Nodes=1
[    0.899746] kernel: rcu: Hierarchical RCU implementation.
[    0.899748] kernel: rcu:         RCU event tracing is enabled.
[    0.899749] kernel: rcu:         RCU restricting CPUs from NR_CPUS=64 to nr_cpu_ids=2.
[    0.899750] kernel: rcu: RCU calculated value of scheduler-enlistment delay is 100 jiffies.
[    0.899752] kernel: rcu: Adjusting geometry for rcu_fanout_leaf=16, nr_cpu_ids=2
[    0.902447] kernel: NR_IRQS: 4352, nr_irqs: 440, preallocated irqs: 16
[    0.907659] kernel: random: get_random_bytes called from start_kernel+0x4b1/0x67a with crng_init=0
[    0.911490] kernel: Console: colour VGA+ 80x25
[    0.911529] kernel: printk: console [ttyS0] enabled
[    0.911547] kernel: ACPI: Core revision 20210730
[    0.911687] kernel: clocksource: hpet: mask: 0xffffffff max_cycles: 0xffffffff, max_idle_ns: 19112604467 ns
[    0.917133] kernel: APIC: Switch to symmetric I/O mode setup
[    0.917136] kernel: kvm-guest: setup PV IPIs
[    0.917997] kernel: ..TIMER: vector=0x30 apic1=0 pin1=2 apic2=-1 pin2=-1
[    0.918017] kernel: clocksource: tsc-early: mask: 0xffffffffffffffff max_cycles: 0x2563bf907c6, max_idle_ns: 440795319401 ns
[    0.918025] kernel: Calibrating delay loop (skipped) preset value.. 5187.81 BogoMIPS (lpj=2593906)
[    0.918027] kernel: pid_max: default: 32768 minimum: 301
[    0.918068] kernel: LSM: Security Framework initializing
[    0.918083] kernel: SELinux:  Initializing.
[    0.918168] kernel: Mount-cache hash table entries: 32768 (order: 6, 262144 bytes, linear)
[    0.918709] kernel: Mountpoint-cache hash table entries: 32768 (order: 6, 262144 bytes, linear)
[    0.919291] kernel: x86/cpu: User Mode Instruction Prevention (UMIP) activated
[    0.919372] kernel: Last level iTLB entries: 4KB 0, 2MB 0, 4MB 0
[    0.919373] kernel: Last level dTLB entries: 4KB 0, 2MB 0, 4MB 0, 1GB 0
[    0.919383] kernel: Spectre V1 : Mitigation: usercopy/swapgs barriers and __user pointer sanitizatiexecutor 2 finishes userspace_cover_open
before receiving handshake request
req.flags ea2
[    0.000000] kernel: Linux version 5.15.0+ (tlyu@IC-RS3-DPC07) (gcc (Ubuntu 9.4.0-1ubuntu1~20.04.1) 9.4.0, GNU ld (GNU Binutils for Ubuntu) 2.34) #7 SMP Sat Feb 18 10:18:37 CET 2023
[    0.000000] kernel: Command line: root=/dev/sda console=ttyS0 net.ifnames=0 ip=192.168.0.37 quiet
[    0.000000] kernel: x86/fpu: Supporting XSAVE feature 0x001: 'x87 floating point registers'
[    0.000000] kernel: x86/fpu: Supporting XSAVE feature 0x002: 'SSE registers'
[    0.000000] kernel: x86/fpu: Supporting XSAVE feature 0x004: 'AVX registers'
[    0.000000] kernel: x86/fpu: Supporting XSAVE feature 0x020: 'AVX-512 opmask'
[    0.000000] kernel: x86/fpu: Supporting XSAVE feature 0x040: 'AVX-512 Hi256'
[    0.000000] kernel: x86/fpu: Supporting XSAVE feature 0x080: 'AVX-512 ZMM_Hi256'
[    0.000000] kernel: x86/fpu: Supporting XSAVE feature 0x200: 'Protection Keys User registers'
[    0.000000] kernel: x86/fpu: xstate_offset[2]:  576, xstate_sizes[2]:  256
[    0.000000] kernel: x86/fpu: xstate_offset[5]:  832, xstate_sizes[5]:   64
[    0.000000] kernel: x86/fpu: xstate_offset[6]:  896, xstate_sizes[6]:  512
[    0.000000] kernel: x86/fpu: xstate_offset[7]: 1408, xstate_sizes[7]: 1024
[    0.000000] kernel: x86/fpu: xstate_offset[9]: 2432, xstate_sizes[9]:    8
[    0.000000] kernel: x86/fpu: Enabled xstate features 0x2e7, context size is 2440 bytes, using 'compacted' format.
[    0.000000] kernel: signal: max sigframe size: 3632
[    0.000000] kernel: BIOS-provided physical RAM map:
[    0.000000] kernel: BIOS-e820: [mem 0x0000000000000000-0x000000000009fbff] usable
[    0.000000] kernel: BIOS-e820: [mem 0x000000000009fc00-0x000000000009ffff] reserved
[    0.000000] kernel: BIOS-e820: [mem 0x00000000000f0000-0x00000000000fffff] reserved
[    0.000000] kernel: BIOS-e820: [mem 0x0000000000100000-0x00000000bffdffff] usable
[    0.000000] kernel: BIOS-e820: [mem 0x00000000bffe0000-0x00000000bfffffff] reserved
[    0.000000] kernel: BIOS-e820: [mem 0x00000000feffc000-0x00000000feffffff] reserved
[    0.000000] kernel: BIOS-e820: [mem 0x00000000fffc0000-0x00000000ffffffff] reserved
[    0.000000] kernel: BIOS-e820: [mem 0x0000000100000000-0x00000002bfffffff] usable
[    0.000000] kernel: NX (Execute Disable) protection: active
[    0.000000] kernel: SMBIOS 2.8 present.
[    0.000000] kernel: DMI: QEMU Standard PC (i440FX + PIIX, 1996), BIOS 1.13.0-1ubuntu1.1 04/01/2014
[    0.000000] kernel: Hypervisor detected: KVM
[    0.000000] kernel: kvm-clock: Using msrs 4b564d01 and 4b564d00
[    0.000000] kernel: kvm-clock: cpu 0, msr 25b66e001, primary cpu clock
[    0.000001] kernel: kvm-clock: using sched offset of 496594067 cycles
[    0.000003] kernel: clocksource: kvm-clock: mask: 0xffffffffffffffff max_cycles: 0x1cd42e4dffb, max_idle_ns: 881590591483 ns
[    0.000005] kernel: tsc: Detected 2593.906 MHz processor
[    0.000433] kernel: e820: update [mem 0x00000000-0x00000fff] usable ==> reserved
[    0.000435] kernel: e820: remove [mem 0x000a0000-0x000fffff] us[D 01/16/2023 17:42:13] PVFS2 Server version 2.9.7-orangefs-REV-65ab0d2 starting.
[E 01/16/2023 17:43:19] PVFS2 server got signal 15 (server_status_flag: 2080767)
[D 02/18/2023 14:39:31] PVFS2 Server version 2.9.7-orangefs-REV-65ab0d2 starting.
[D 02/18/2023 14:47:30] PVFS2 received server: signal 1
[E 02/18/2023 14:47:30] PVFS2 server got signal 15 (server_status_flag: 2080767)
on
[    0.919387] kernel: Spectre V2 : Mitigation: Enhanced IBRS
[    0.919388] kernel: Spectre V2 : Spectre v2 / SpectreRSB mitigation: Filling RSB on context switch
[    0.919389] kernel: Spectre V2 : mitigation: Enabling conditional Indirect Branch Prediction Barrier
[    0.919391] kernel: Speculative Store Bypass: Mitigation: Speculative Store Bypass disabled via prctl and seccomp
[    0.919392] kernel: TAA: Mitigation: TSX disabled
[    0.924940] kernel: Freeing SMP alternatives memory: 40K
[    0.925020] kernel: smpboot: CPU0: Intel(R) Xeon(R) Gold 6348 CPU @ 2.60GHz (family: 0x6, model: 0x6a, stepping: 0x6)
[    0.925020] kernel: Performance Events: Icelake events, 32-deep LBR, full-width counters, Intel PMU driver.
[    0.925020] kernel: ... version:                2
[    0.925020] kernel: ... bit width:              48
[    0.925020] kernel: ... generic registers:      8
[    0.925020] kernel: ... value mask:             0000ffffffffffff
[    0.925020] kernel: ... max period:able
[    0.000437] kernel: last_pfn = 0x2c0000 max_arch_pfn = 0x10000000000
[    0.000488] kernel: x86/PAT: Configuration [0-7]: WB  WC  UC- UC  WB  WP  UC- WT  
[    0.000493] kernel: last_pfn = 0xbffe0 max_arch_pfn = 0x10000000000
[    0.004662] kernel: found SMP MP-table at [mem 0x000f5c80-0x000f5c8f]
[    0.004689] kernel: Using GB pages for direct mapping
[    0.004808] kernel: ACPI: Early table checksum verification disabled
[    0.004812] kernel: ACPI: RSDP 0x00000000000F5A50 000014 (v00 BOCHS )
[    0.004819] kernel: ACPI: RSDT 0x00000000BFFE15C9 000030 (v01 BOCHS  BXPCRSDT 00000001 BXPC 00000001)
[    0.004824] kernel: ACPI: FACP 0x00000000BFFE149D 000074 (v01 BOCHS  BXPCFACP 00000001 BXPC 00000001)
[    0.004829] kernel: ACPI: DSDT 0x00000000BFFE0040 00145D (v01 BOCHS  BXPCDSDT 00000001 BXPC 00000001)
[    0.004832] kernel: ACPI: FACS 0x00000000BFFE0000 000040
[    0.004834] kernel: ACPI: APIC 0x00000000BFFE1511 000080 (v01 BOCHS  BXPCAPIC 00000001 BXPC 00000001)
[    0.004             00007fffffffffff
[    0.925020] kernel: ... fixed-purpose events:   3
[    0.925020] kernel: ... event mask:             00000007000000ff
[    0.925020] kernel: rcu: Hierarchical SRCU implementation.
[    0.925020] kernel: smp: Bringing up secondary CPUs ...
[    0.925020] kernel: x86: Booting SMP configuration:
[    0.925020] kernel: .... node  #0, CPUs:      #1
[    0.010392] kernel: kvm-clock: cpu 1, msr a4e6e041, secondary cpu clock
[    0.010392] kernel: smpboot: CPU 1 Converting physical 0 to logical die 1
[    0.934078] kernel: kvm-guest: setup async PF for cpu 1
[    0.934078] kernel: kvm-guest: stealtime: cpu 1, msr 26571f140
[    0.934078] kernel: smp: Brought up 1 node, 2 CPUs
[    0.934078] kernel: smpboot: Max logical packages: 2
[    0.934078] kernel: smpboot: Total of 2 processors activated (10375.62 BogoMIPS)
[    0.934554] kernel: devtmpfs: initialized
[    0.935123] kernel: clocksource: jiffies: mask: 0xffffffff max_cycles: 0xffffffff, max_idle_ns: 19112836] kernel: ACPI: HPET 0x00000000BFFE1591 000038 (v01 BOCHS  BXPCHPET 00000001 BXPC 00000001)
[    0.004838] kernel: ACPI: Reserving FACP table memory at [mem 0xbffe149d-0xbffe1510]
[    0.004839] kernel: ACPI: Reserving DSDT table memory at [mem 0xbffe0040-0xbffe149c]
[    0.004840] kernel: ACPI: Reserving FACS table memory at [mem 0xbffe0000-0xbffe003f]
[    0.004841] kernel: ACPI: Reserving APIC table memory at [mem 0xbffe1511-0xbffe1590]
[    0.004841] kernel: ACPI: Reserving HPET table memory at [mem 0xbffe1591-0xbffe15c8]
[    0.005094] kernel: No NUMA configuration found
[    0.005095] kernel: Faking a node at [mem 0x0000000000000000-0x00000002bfffffff]
[    0.005098] kernel: NODE_DATA(0) allocated [mem 0x2bfffc000-0x2bfffffff]
[    0.005783] kernel: Zone ranges:
[    0.005784] kernel:   DMA      [mem 0x0000000000001000-0x0000000000ffffff]
[    0.005786] kernel:   DMA32    [mem 0x0000000001000000-0x00000000ffffffff]
[    0.005787] kernel:   Normal   [mem 0x0000000100000000-0x00000002bfffffff]
[    0.005788] kernel: Movable zone start for each node
[    0.005789] kernel: Early memory node ranges
[    0.005789] kernel:   node   0: [mem 0x0000000000001000-0x000000000009efff]
[    0.005791] kernel:   node   0: [mem 0x0000000000100000-0x00000000bffdffff]
[    0.005791] kernel:   node   0: [mem 0x0000000100000000-0x00000002bfffffff]
[    0.005793] kernel: Initmem setup node 0 [mem 0x0000000000001000-0x00000002bfffffff]
[    0.006362] kernel: On node 0, zone DMA: 1 pages in unavailable ranges
[    0.006372] kernel: On node 0, zone DMA: 97 pages in unavailable ranges
[    0.063636] kernel: On node 0, zone Normal: 32 pages in unavailable ranges
[    0.542125] kernel: kasan: KernelAddressSanitizer initialized
[    0.542459] kernel: ACPI: PM-Timer IO Port: 0x608
[    0.542466] kernel: ACPI: LAPIC_NMI (acpi_id[0xff] dfl dfl lint[0x1])
[    0.542504] kernel: IOAPIC[0]: apic_id 0, version 17, address 0xfec00000, GSI 0-23
[    0.542507] kernel: ACPI: INT_SRC_OVR (bus 0 bus_irq 0 global_irq 2 dfl dfl)
[    0.542509] kernel: ACPI: INT_SRC_OVR (bus 0 bus_irq 5 global_irq 5 high level)
[    0.542510] kernel: ACPI: INT_SRC_OVR (bus 0 bus_irq 9 global_irq 9 high level)
[    0.542511] kernel: ACPI: INT_SRC_OVR (bus 0 bus_irq 10 global_irq 10 high level)
[    0.542512] kernel: ACPI: INT_SRC_OVR (bus 0 bus_irq 11 global_irq 11 high level)
[    0.542515] kernel: ACPI: Using ACPI (MADT) for SMP configuration information
[    0.542516] kernel: ACPI: HPET id: 0x8086a201 base: 0xfed00000
[    0.542520] kernel: TSC deadline timer available
[    0.542521] kernel: smpboot: Allowing 2 CPUs, 0 hotplug CPUs
[    0.542541] kernel: kvm-guest: KVM setup pv remote TLB flush
[    0.542545] kernel: kvm-guest: setup PV sched yield
[    0.542552] kernel: PM: hibernation: Registered nosave memory: [mem 0x00000000-0x00000fff]
[    0.542553] kernel: PM: hibernation: Registered nosave memory: [mem 0x0009f000-0x0009ffff]
[    0.542554] kernel: PM: hibernation: Registered nosave memo----- is restarting 0
---- dfs_name orangefs is_dfs_client 1
ry: [mem 0x000a0000-0x000effff]
[    0.542555] kernel: PM: hibernation: Registered nosave memory: [mem 0x000f0000-0x000fffff]
[    0.542556] kernel: PM: hibernation: Registered nosave memory: [mem 0xbffe0000-0xbfffffff]
[    0.542556] kernel: PM: hibernation: Registered nosave memory: [mem 0xc0000000-0xfeffbfff]
[    0.542557] kernel: PM: hibernation: Registered nosave memory: [mem 0xfeffc000-0xfeffffff]
[    0.542557] kernel: PM: hibernation: Registered nosave memory: [mem 0xff000000-0xfffbffff]
[    0.542558] kernel: PM: hibernation: Registered nosave memory: [mem 0xfffc0000-0xffffffff]
[    0.542559] kernel: [mem 0xc0000000-0xfeffbfff] available for PCI devices
[    0.542560] kernel: Booting paravirtualized kernel on KVM
[    0.542563] kernel: clocksource: refined-jiffies: mask: 0xffffffff max_cycles: 0xffffffff, max_idle_ns: 1910969940391419 ns
[    0.546573] kernel: setup_percpu: NR_CPUS:64 nr_cpumask_bits:64 nr_cpu_ids:2 nr_node_ids:1
[    0.547309] kernel: percpu: Embedded 56 p[    0.812720] kernel: acpi PNP0A03:00: fail to add MMCONFIG information, can't access extended PCI configuration space under this bridge.
[    0.812824] kernel: PCI host bridge to bus 0000:00
[    0.812827] kernel: pci_bus 0000:00: root bus resource [io  0x0000-0x0cf7 window]
[    0.812829] kernel: pci_bus 0000:00: root bus resource [io  0x0d00-0xffff window]
[    0.812831] kernel: pci_bus 0000:00: root bus resource [mem 0x000a0000-0x000bffff window]
[    0.812833] kernel: pci_bus 0000:00: root bus resource [mem 0xc0000000-0xfebfffff window]
[    0.812834] kernel: pci_bus 0000:00: root bus resource [mem 0x2c0000000-0x33fffffff window]
[    0.812837] kernel: pci_bus 0000:00: root bus resource [bus 00-ff]
[    0.813326] kernel: pci 0000:00:00.0: [8086:1237] type 00 class 0x060000
[    0.814209] kernel: pci 0000:00:01.0: [8086:7000] type 00 class 0x060100
[    0.814925] kernel: pci 0000:00:01.1: [8086:7010] type 00 class 0x010180
[    0.817014] kernel: pci 0000:00:01.1: reg 0x20: [io  0before receiving handshake request
[    0.000000] kernel: Linux version 5.15.0+ (tlyu@IC-RS3-DPC07) (gcc (Ubuntu 9.4.0-1ubuntu1~20.04.1) 9.4.0, GNU ld (GNU Binutils for Ubuntu) 2.34) #7 SMP Sat Feb 18 10:18:37 CET 2023
[    0.000000] kernel: Command line: root=/dev/sda console=ttyS0 net.ifnames=0 ip=192.168.0.38 quiet
[    0.000000] kernel: x86/fpu: Supporting XSAVE feature 0x001: 'x87 floating point registers'
[    0.000000] kernel: x86/fpu: Supporting XSAVE feature 0x002: 'SSE registers'
[    0.000000] kernel: x86/fpu: Supporting XSAVE feature 0x004: 'AVX registers'
[    0.000000] kernel: x86/fpu: Supporting XSAVE feature 0x020: 'AVX-512 opmask'
[    0.000000] kernel: x86/fpu: Supporting XSAVE feature 0x040: 'AVX-512 Hi256'
[    0.000000] kernel: x86/fpu: Supporting XSAVE feature 0x080: 'AVX-512 ZMM_Hi256'
[    0.000000] kernel: x86/fpu: Supporting XSAVE feature 0x200: 'Protection Keys User registers'
[    0.000000] kernel: x86/fpu: xstate_offset[2]:  576, xstate_sizes[2]:  256
[    0.000000] kernel: x86/fpu: xstate_req.flags ea2
60446275000 ns
[    0.935123] kernel: futex hash table entries: 512 (order: 3, 32768 bytes, linear)
[    0.935274] kernel: PM: RTC time: 08:55:12, date: 2023-03-08
[    0.936097] kernel: NET: Registered PF_NETLINK/PF_ROUTE protocol family
[    0.936310] kernel: audit: initializing netlink subsys (disabled)
[    0.937060] kernel: audit: type=2000 audit(1678265712.390:1): state=initialized audit_enabled=0 res=1
[    0.937307] kernel: thermal_sys: Registered thermal governor 'step_wise'
[    0.937309] kernel: thermal_sys: Registered thermal governor 'user_space'
[    0.937355] kernel: cpuidle: using governor menu
[    0.937355] kernel: ACPI: bus type PCI registered
[    0.937355] kernel: PCI: Using configuration type 1 for base access
[    0.943680] kernel: Kprobes globally optimized
[    0.946107] kernel: HugeTLB registered 2.00 MiB page size, pre-allocated 0 pages
[    0.946107] kernel: cryptomgr_test (26) used greatest stack depth: 31400 bytes left
[    0.947141] kernel: ACPI: Added _[D 01/16/2023 17:42:13] PVFS2 Server version 2.9.7-orangefs-REV-65ab0d2 starting.
[E 01/16/2023 17:43:19] PVFS2 server got signal 15 (server_status_flag: 2080767)
[D 02/18/2023 14:39:31] PVFS2 Server version 2.9.7-orangefs-REV-65ab0d2 starting.
[D 02/18/2023 14:47:30] PVFS2 received server: signal 1
[E 02/18/2023 14:47:30] PVFS2 server got signal 15 (server_status_flag: 2080767)
offset[5]:  832, xstate_sizes[5]:   64
[    0.000000] kernel: x86/fpu: xstate_offset[6]:  896, xstate_sizes[6]:  512
[    0.000000] kernel: x86/fpu: xstate_offset[7]: 1408, xstate_sizes[7]: 1024
[    0.000000] kernel: x86/fpu: xstate_offset[9]: 2432, xstate_sizes[9]:    8
[    0.000000] kernel: x86/fpu: Enabled xstate features 0x2e7, context size is 2440 bytes, using 'compacted' format.
[    0.000000] kernel: signal: max sigframe size: 3632
[    0.000000] kernel: BIOS-provided physical RAM map:
[    0.000000] kernel: BIOS-e820: [mem 0x0000000000000000-0x000000000009fbff] usable
[    0.000000] kernel: BIOS-e820: [mem 0x000000000009fc00-0x000000000009ffff] reserved
[    0.000000] kernel: BIOS-e820: [mem 0x00000000000f0000-0x00000000000fffff] reserved
[    0.000000] kernel: BIOS-e820: [mem 0x0000000000100000-0x00000000bffdffff] usable
[    0.000000] kernel: BIOS-e820: [mem 0x00000000bffe0000-0x00000000bfffffff] reserved
[    0.000000] kernel: BIOS-e820: [mem 0x00000000feffc000-0x00000000feffffff] reserved
[    0.000000] kernel: BIOS-e820: [mem 0x00000000fffc0000-0x00000000ffffffff] reserved
[    0.000000] kernel: BIOS-e820: [mem 0x0000000100000000-0x00000002bfffffff] usable
[    0.000000] kernel: NX (Execute Disable) protection: active
[    0.000000] kernel: SMBIOS 2.8 present.
[    0.000000] kernel: DMI: QEMU Standard PC (i440FX + PIIX, 1996), BIOS 1.13.0-1ubuntu1.1 04/01/2014
[    0.000000] kernel: Hypervisor detected: KVM
[    0.000000] kernel: kvm-clock: Using msrs 4b564d01 and 4b564d00
[    0.000000] kernel: kvm-clock: cpu 0, msr 7f06e001, primary cpu clock
[    0.000001] kernel: kvm-clock: using sched offset of 468669384 cycles
[    0.000002] kernel: clocksource: kvm-clock: mask: 0xffffffffffffffff max_cycles: 0x1cd42e4dffb, max_idle_ns: 881590591483 ns
[    0.000004] kernel: tsc: Detected 2593.906 MHz processor
[    0.000414] kernel: e820: update [mem 0x00000000-0x00000fff] usable ==> reserved
[    0.000416] kernel: e820: remove [mem 0x000a0000-0x000fffff] usaOSI(Module Device)
[    0.947141] kernel: ACPI: Added _OSI(Processor Device)
[    0.947141] kernel: ACPI: Added _OSI(3.0 _SCP Extensions)
[    0.947141] kernel: ACPI: Added _OSI(Processor Aggregator Device)
[    0.947141] kernel: ACPI: Added _OSI(Linux-Dell-Video)
[    0.947141] kernel: ACPI: Added _OSI(Linux-Lenovo-NV-HDMI-Audio)
[    0.947141] kernel: ACPI: Added _OSI(Linux-HPI-Hybrid-Graphics)
[    0.953106] kernel: ACPI: 1 ACPI AML tables successfully acquired and loaded
[    0.956105] kernel: ACPI: Interpreter enabled
[    0.956137] kernel: ACPI: PM: (supports S0 S3 S4 S5)
[    0.956139] kernel: ACPI: Using IOAPIC for interrupt routing
[    0.956172] kernel: PCI: Using host bridge windows from ACPI; if necessary, use "pci=nocrs" and report a bug
[    0.956538] kernel: ACPI: Enabled 2 GPEs in block 00 to 0F
[    0.967334] kernel: ACPI: PCI Root Bridge [PCI0] (domain 0000 [bus 00-ff])
[    0.967346] kernel: acpi PNP0A03:00: _OSC: OS supports [ASPM ClockPM Segments MSI HPX-Type3]
[ ages/cpu s191576 r8192 d29608 u1048576
[    0.547314] kernel: pcpu-alloc: s191576 r8192 d29608 u1048576 alloc=1*2097152
[    0.547317] kernel: pcpu-alloc: [0] 0 1 
[    0.547338] kernel: kvm-guest: setup async PF for cpu 0
[    0.547344] kernel: kvm-guest: stealtime: cpu 0, msr 26561f140
[    0.547348] kernel: Built 1 zonelists, mobility grouping on.  Total pages: 2580192
[    0.547349] kernel: Policy zone: Normal
[    0.547351] kernel: Kernel command line: root=/dev/sda console=ttyS0 net.ifnames=0 ip=192.168.0.37 quiet
[    0.552944] kernel: Dentry cache hash table entries: 2097152 (order: 12, 16777216 bytes, linear)
[    0.555657] kernel: Inode-cache hash table entries: 1048576 (order: 11, 8388608 bytes, linear)
[    0.555711] kernel: mem auto-init: stack:off, heap alloc:off, heap free:off
[    0.781400] kernel: Memory: 8872656K/10485240K available (14348K kernel code, 2403K rwdata, 3568K rodata, 1384K init, 1732K bss, 1612384K reserved, 0K cma-reserved)
[    0.781484] kernel: SLUB:ble
[    0.000419] kernel: last_pfn = 0x2c0000 max_arch_pfn = 0x10000000000
[    0.000469] kernel: x86/PAT: Configuration [0-7]: WB  WC  UC- UC  WB  WP  UC- WT  
[    0.000474] kernel: last_pfn = 0xbffe0 max_arch_pfn = 0x10000000000
[    0.004725] kernel: found SMP MP-table at [mem 0x000f5c80-0x000f5c8f]
[    0.004754] kernel: Using GB pages for direct mapping
[    0.005525] kernel: ACPI: Early table checksum verification disabled
[    0.005530] kernel: ACPI: RSDP 0x00000000000F5A50 000014 (v00 BOCHS )
[    0.005539] kernel: ACPI: RSDT 0x00000000BFFE15C9 000030 (v01 BOCHS  BXPCRSDT 00000001 BXPC 00000001)
[    0.005545] kernel: ACPI: FACP 0x00000000BFFE149D 000074 (v01 BOCHS  BXPCFACP 00000001 BXPC 00000001)
[    0.005550] kernel: ACPI: DSDT 0x00000000BFFE0040 00145D (v01 BOCHS  BXPCDSDT 00000001 BXPC 00000001)
[    0.005553] kernel: ACPI: FACS 0x00000000BFFE0000 000040
[    0.005555] kernel: ACPI: APIC 0x00000000BFFE1511 000080 (v01 BOCHS  BXPCAPIC 00000001 BXPC 00000001)
[    0.0055   0.967391] kernel: acpi PNP0A03:00: fail to add MMCONFIG information, can't access extended PCI configuration space under this bridge.
[    0.967496] kernel: PCI host bridge to bus 0000:00
[    0.967499] kernel: pci_bus 0000:00: root bus resource [io  0x0000-0x0cf7 window]
[    0.967502] kernel: pci_bus 0000:00: root bus resource [io  0x0d00-0xffff window]
[    0.967504] kernel: pci_bus 0000:00: root bus resource [mem 0x000a0000-0x000bffff window]
[    0.967505] kernel: pci_bus 0000:00: root bus resource [mem 0xc0000000-0xfebfffff window]
[    0.967507] kernel: pci_bus 0000:00: root bus resource [mem 0x2c0000000-0x33fffffff window]
[    0.967510] kernel: pci_bus 0000:00: root bus resource [bus 00-ff]
[    0.967988] kernel: pci 0000:00:00.0: [8086:1237] type 00 class 0x060000
[    0.968865] kernel: pci 0000:00:01.0: [8086:7000] type 00 class 0x060100
[    0.969617] kernel: pci 0000:00:01.1: [8086:7010] type 00 class 0x010180
[    0.971670] kernel: pci 0000:00:01.1: reg 0x20: [io  0xc HWalign=64, Order=0-3, MinObjects=0, CPUs=2, Nodes=1
[    0.782005] kernel: rcu: Hierarchical RCU implementation.
[    0.782007] kernel: rcu:         RCU event tracing is enabled.
[    0.782008] kernel: rcu:         RCU restricting CPUs from NR_CPUS=64 to nr_cpu_ids=2.
[    0.782010] kernel: rcu: RCU calculated value of scheduler-enlistment delay is 100 jiffies.
[    0.782011] kernel: rcu: Adjusting geometry for rcu_fanout_leaf=16, nr_cpu_ids=2
[    0.784630] kernel: NR_IRQS: 4352, nr_irqs: 440, preallocated irqs: 16
[    0.784831] kernel: random: get_random_bytes called from start_kernel+0x4b1/0x67a with crng_init=0
[    0.788622] kernel: Console: colour VGA+ 80x25
[    0.788658] kernel: printk: console [ttyS0] enabled
[    0.788673] kernel: ACPI: Core revision 20210730
[    0.788803] kernel: clocksource: hpet: mask: 0xffffffff max_cycles: 0xffffffff, max_idle_ns: 19112604467 ns
[    0.788901] kernel: APIC: Switch to symmetric I/O mode setup
[    0.788905] kernel: kvm-guest: setup P57] kernel: ACPI: HPET 0x00000000BFFE1591 000038 (v01 BOCHS  BXPCHPET 00000001 BXPC 00000001)
[    0.005559] kernel: ACPI: Reserving FACP table memory at [mem 0xbffe149d-0xbffe1510]
[    0.005561] kernel: ACPI: Reserving DSDT table memory at [mem 0xbffe0040-0xbffe149c]
[    0.005562] kernel: ACPI: Reserving FACS table memory at [mem 0xbffe0000-0xbffe003f]
[    0.005562] kernel: ACPI: Reserving APIC table memory at [mem 0xbffe1511-0xbffe1590]
[    0.005563] kernel: ACPI: Reserving HPET table memory at [mem 0xbffe1591-0xbffe15c8]
[    0.005876] kernel: No NUMA configuration found
[    0.005877] kernel: Faking a node at [mem 0x0000000000000000-0x00000002bfffffff]
[    0.005880] kernel: NODE_DATA(0) allocated [mem 0x2bfffa000-0x2bfffdfff]
[    0.005955] kernel: Zone ranges:
[    0.005955] kernel:   DMA      [mem 0x0000000000001000-0x0000000000ffffff]
[    0.005957] kernel:   DMA32    [mem 0x0000000001000000-0x00000000ffffffff]
[    0.005958] kernel:   Normal   [mem 0x0000000100000000-0x00V IPIs
[    0.789737] kernel: ..TIMER: vector=0x30 apic1=0 pin1=2 apic2=-1 pin2=-1
[    0.789756] kernel: clocksource: tsc-early: mask: 0xffffffffffffffff max_cycles: 0x2563bf907c6, max_idle_ns: 440795319401 ns
[    0.789762] kernel: Calibrating delay loop (skipped) preset value.. 5187.81 BogoMIPS (lpj=2593906)
[    0.789764] kernel: pid_max: default: 32768 minimum: 301
[    0.789794] kernel: LSM: Security Framework initializing
[    0.789806] kernel: SELinux:  Initializing.
[    0.790767] kernel: Mount-cache hash table entries: 32768 (order: 6, 262144 bytes, linear)
[    0.791208] kernel: Mountpoint-cache hash table entries: 32768 (order: 6, 262144 bytes, linear)
[    0.791584] kernel: x86/cpu: User Mode Instruction Prevention (UMIP) activated
[    0.791662] kernel: Last level iTLB entries: 4KB 0, 2MB 0, 4MB 0
[    0.791663] kernel: Last level dTLB entries: 4KB 0, 2MB 0, 4MB 0, 1GB 0
[    0.791672] kernel: Spectre V1 : Mitigation: usercopy/swapgs barriers and __user pointer sanitizat040-0xc04f]
[    0.972473] kernel: pci 0000:00:01.1: legacy IDE quirk: reg 0x10: [io  0x01f0-0x01f7]
[    0.972477] kernel: pci 0000:00:01.1: legacy IDE quirk: reg 0x14: [io  0x03f6]
[    0.972478] kernel: pci 0000:00:01.1: legacy IDE quirk: reg 0x18: [io  0x0170-0x0177]
[    0.972479] kernel: pci 0000:00:01.1: legacy IDE quirk: reg 0x1c: [io  0x0376]
[    0.973335] kernel: pci 0000:00:01.3: [8086:7113] type 00 class 0x068000
[    0.973600] kernel: pci 0000:00:01.3: quirk: [io  0x0600-0x063f] claimed by PIIX4 ACPI
[    0.973605] kernel: pci 0000:00:01.3: quirk: [io  0x0700-0x070f] claimed by PIIX4 SMB
[    0.974366] kernel: pci 0000:00:02.0: [1234:1111] type 00 class 0x030000
[    0.976429] kernel: pci 0000:00:02.0: reg 0x10: [mem 0xfd000000-0xfdffffff pref]
[    0.977824] kernel: pci 0000:00:02.0: reg 0x18: [mem 0xfeb90000-0xfeb90fff]
[    0.981521] kernel: pci 0000:00:02.0: reg 0x30: [mem 0xfeb80000-0xfeb8ffff pref]
[    0.982538] kernel: pci 0000:00:03.0: [1af4:1005] type 00 class 000002bfffffff]
[    0.005959] kernel: Movable zone start for each node
[    0.005960] kernel: Early memory node ranges
[    0.005960] kernel:   node   0: [mem 0x0000000000001000-0x000000000009efff]
[    0.005961] kernel:   node   0: [mem 0x0000000000100000-0x00000000bffdffff]
[    0.005962] kernel:   node   0: [mem 0x0000000100000000-0x00000002bfffffff]
[    0.005963] kernel: Initmem setup node 0 [mem 0x0000000000001000-0x00000002bfffffff]
[    0.006547] kernel: On node 0, zone DMA: 1 pages in unavailable ranges
[    0.006558] kernel: On node 0, zone DMA: 97 pages in unavailable ranges
[    0.064047] kernel: On node 0, zone Normal: 32 pages in unavailable ranges
[    0.496594] kernel: kasan: KernelAddressSanitizer initialized
[    0.496917] kernel: ACPI: PM-Timer IO Port: 0x608
[    0.496924] kernel: ACPI: LAPIC_NMI (acpi_id[0xff] dfl dfl lint[0x1])
[    0.496962] kernel: IOAPIC[0]: apic_id 0, version 17, address 0xfec00000, GSI 0-23
[    0.496964] kernel: ACPI: INT_SRC_OVR (bus 0 bu0x00ff00
[    0.983024] kernel: pci 0000:00:03.0: reg 0x10: [io  0xc000-0xc01f]
[    0.985026] kernel: pci 0000:00:03.0: reg 0x20: [mem 0xfe200000-0xfe203fff 64bit pref]
[    0.987035] kernel: pci 0000:00:04.0: [1af4:1000] type 00 class 0x020000
[    0.987867] kernel: pci 0000:00:04.0: reg 0x10: [io  0xc020-0xc03f]
[    0.988392] kernel: pci 0000:00:04.0: reg 0x14: [mem 0xfeb91000-0xfeb91fff]
[    0.990966] kernel: pci 0000:00:04.0: reg 0x20: [mem 0xfe204000-0xfe207fff 64bit pref]
[    0.991619] kernel: pci 0000:00:04.0: reg 0x30: [mem 0xfeb00000-0xfeb7ffff pref]
[    0.993463] kernel: pci 0000:00:10.0: [1af4:1110] type 00 class 0x050000
[    0.994419] kernel: pci 0000:00:10.0: reg 0x10: [mem 0xfeb92000-0xfeb920ff]
[    0.995700] kernel: pci 0000:00:10.0: reg 0x18: [mem 0xfe000000-0xfe0fffff 64bit pref]
[    0.999244] kernel: pci 0000:00:11.0: [1af4:1110] type 00 class 0x050000
[    1.000291] kernel: pci 0000:00:11.0: reg 0x10: [mem 0xfeb93000-0xfeb930ff]
[    1.001265] kernel: pci 00ion
[    0.791675] kernel: Spectre V2 : Mitigation: Enhanced IBRS
[    0.791676] kernel: Spectre V2 : Spectre v2 / SpectreRSB mitigation: Filling RSB on context switch
[    0.791677] kernel: Spectre V2 : mitigation: Enabling conditional Indirect Branch Prediction Barrier
[    0.791678] kernel: Speculative Store Bypass: Mitigation: Speculative Store Bypass disabled via prctl and seccomp
[    0.791679] kernel: TAA: Mitigation: TSX disabled
[    0.796894] kernel: Freeing SMP alternatives memory: 40K
[    0.797026] kernel: smpboot: CPU0: Intel(R) Xeon(R) Gold 6348 CPU @ 2.60GHz (family: 0x6, model: 0x6a, stepping: 0x6)
[    0.797141] kernel: Performance Events: Icelake events, 32-deep LBR, full-width counters, Intel PMU driver.
[    0.797230] kernel: ... version:                2
[    0.797231] kernel: ... bit width:              48
[    0.797232] kernel: ... generic registers:      8
[    0.797232] kernel: ... value mask:             0000ffffffffffff
[    0.797233] kernel: ... max periods_irq 0 global_irq 2 dfl dfl)
[    0.496966] kernel: ACPI: INT_SRC_OVR (bus 0 bus_irq 5 global_irq 5 high level)
[    0.496967] kernel: ACPI: INT_SRC_OVR (bus 0 bus_irq 9 global_irq 9 high level)
[    0.496968] kernel: ACPI: INT_SRC_OVR (bus 0 bus_irq 10 global_irq 10 high level)
[    0.496969] kernel: ACPI: INT_SRC_OVR (bus 0 bus_irq 11 global_irq 11 high level)
[    0.496972] kernel: ACPI: Using ACPI (MADT) for SMP configuration information
[    0.496973] kernel: ACPI: HPET id: 0x8086a201 base: 0xfed00000
[    0.496977] kernel: TSC deadline timer available
[    0.496978] kernel: smpboot: Allowing 2 CPUs, 0 hotplug CPUs
[    0.497000] kernel: kvm-guest: KVM setup pv remote TLB flush
[    0.497004] kernel: kvm-guest: setup PV sched yield
[    0.497011] kernel: PM: hibernation: Registered nosave memory: [mem 0x00000000-0x00000fff]
[    0.497012] kernel: PM: hibernation: Registered nosave memory: [mem 0x0009f000-0x0009ffff]
[    0.497013] kernel: PM: hibernation: Registered nosave memor00:00:11.0: reg 0x18: [mem 0xfe208000-0xfe2083ff 64bit pref]
[    1.003833] kernel: pci 0000:00:12.0: [1af4:1110] type 00 class 0x050000
[    1.004330] kernel: pci 0000:00:12.0: reg 0x10: [mem 0xfeb94000-0xfeb940ff]
[    1.005342] kernel: pci 0000:00:12.0: reg 0x18: [mem 0xfe100000-0xfe1fffff 64bit pref]
[    1.010001] kernel: ACPI: PCI: Interrupt link LNKA configured for IRQ 10
[    1.010346] kernel: ACPI: PCI: Interrupt link LNKB configured for IRQ 10
[    1.010654] kernel: ACPI: PCI: Interrupt link LNKC configured for IRQ 11
[    1.010962] kernel: ACPI: PCI: Interrupt link LNKD configured for IRQ 11
[    1.011088] kernel: ACPI: PCI: Interrupt link LNKS configured for IRQ 9
[    1.012295] kernel: iommu: Default domain type: Translated 
[    1.012297] kernel: iommu: DMA domain TLB invalidation policy: lazy mode 
[    1.012392] kernel: pci 0000:00:02.0: vgaarb: setting as boot VGA device
[    1.012394] kernel: pci 0000:00:02.0: vgaarb: VGA device added: decodes=io+mem,owns=io+mem,lock:             00007fffffffffff
[    0.797234] kernel: ... fixed-purpose events:   3
[    0.797235] kernel: ... event mask:             00000007000000ff
[    0.797328] kernel: rcu: Hierarchical SRCU implementation.
[    0.797655] kernel: smp: Bringing up secondary CPUs ...
[    0.797758] kernel: x86: Booting SMP configuration:
[    0.797758] kernel: .... node  #0, CPUs:      #1
[    0.004957] kernel: kvm-clock: cpu 1, msr 25b66e041, secondary cpu clock
[    0.004957] kernel: smpboot: CPU 1 Converting physical 0 to logical die 1
[    0.830780] kernel: kvm-guest: setup async PF for cpu 1
[    0.830784] kernel: kvm-guest: stealtime: cpu 1, msr 26571f140
[    0.830806] kernel: smp: Brought up 1 node, 2 CPUs
[    0.830807] kernel: smpboot: Max logical packages: 2
[    0.830808] kernel: smpboot: Total of 2 processors activated (10375.62 BogoMIPS)
[    0.831250] kernel: devtmpfs: initialized
[    0.831877] kernel: clocksource: jiffies: mask: 0xffffffff max_cycles: 0xffffffff, max_idle_ns: 191y: [mem 0x000a0000-0x000effff]
[    0.497014] kernel: PM: hibernation: Registered nosave memory: [mem 0x000f0000-0x000fffff]
[    0.497014] kernel: PM: hibernation: Registered nosave memory: [mem 0xbffe0000-0xbfffffff]
[    0.497015] kernel: PM: hibernation: Registered nosave memory: [mem 0xc0000000-0xfeffbfff]
[    0.497016] kernel: PM: hibernation: Registered nosave memory: [mem 0xfeffc000-0xfeffffff]
[    0.497016] kernel: PM: hibernation: Registered nosave memory: [mem 0xff000000-0xfffbffff]
[    0.497017] kernel: PM: hibernation: Registered nosave memory: [mem 0xfffc0000-0xffffffff]
[    0.497018] kernel: [mem 0xc0000000-0xfeffbfff] available for PCI devices
[    0.497019] kernel: Booting paravirtualized kernel on KVM
[    0.497021] kernel: clocksource: refined-jiffies: mask: 0xffffffff max_cycles: 0xffffffff, max_idle_ns: 1910969940391419 ns
[    0.500869] kernel: setup_percpu: NR_CPUS:64 nr_cpumask_bits:64 nr_cpu_ids:2 nr_node_ids:1
[    0.501534] kernel: percpu: Embedded 56 pas=none
[    1.012396] kernel: pci 0000:00:02.0: vgaarb: bridge control possible
[    1.012397] kernel: vgaarb: loaded
[    1.012583] kernel: SCSI subsystem initialized
[    1.014072] kernel: libata version 3.00 loaded.
[    1.014157] kernel: ACPI: bus type USB registered
[    1.014202] kernel: usbcore: registered new interface driver usbfs
[    1.014223] kernel: usbcore: registered new interface driver hub
[    1.014238] kernel: usbcore: registered new device driver usb
[    1.014283] kernel: pps_core: LinuxPPS API ver. 1 registered
[    1.014284] kernel: pps_core: Software ver. 5.3.6 - Copyright 2005-2007 Rodolfo Giometti <giometti@linux.it>
[    1.014293] kernel: PTP clock support registered
[    1.014355] kernel: Advanced Linux Sound Architecture Driver Initialized.
[    1.014390] kernel: NetLabel: Initializing
[    1.014391] kernel: NetLabel:  domain hash size = 128
[    1.014392] kernel: NetLabel:  protocols = UNLABELED CIPSOv4 CALIPSO
[    1.014424] kernel: NetLabel:  unlabeled 1260446275000 ns
[    0.831881] kernel: futex hash table entries: 512 (order: 3, 32768 bytes, linear)
[    0.832036] kernel: PM: RTC time: 08:55:12, date: 2023-03-08
[    0.832206] kernel: NET: Registered PF_NETLINK/PF_ROUTE protocol family
[    0.832374] kernel: audit: initializing netlink subsys (disabled)
[    0.832400] kernel: thermal_sys: Registered thermal governor 'step_wise'
[    0.832400] kernel: thermal_sys: Registered thermal governor 'user_space'
[    0.832400] kernel: audit: type=2000 audit(1678265712.364:1): state=initialized audit_enabled=0 res=1
[    0.832400] kernel: cpuidle: using governor menu
[    0.832861] kernel: ACPI: bus type PCI registered
[    0.832996] kernel: PCI: Using configuration type 1 for base access
[    0.838854] kernel: Kprobes globally optimized
[    0.838885] kernel: HugeTLB registered 2.00 MiB page size, pre-allocated 0 pages
[    0.838885] kernel: cryptomgr_test (26) used greatest stack depth: 31400 bytes left
[    0.839828] kernel: ACPI: Addedges/cpu s191576 r8192 d29608 u1048576
[    0.501539] kernel: pcpu-alloc: s191576 r8192 d29608 u1048576 alloc=1*2097152
[    0.501541] kernel: pcpu-alloc: [0] 0 1 
[    0.501564] kernel: kvm-guest: setup async PF for cpu 0
[    0.501569] kernel: kvm-guest: stealtime: cpu 0, msr 26561f140
[    0.501573] kernel: Built 1 zonelists, mobility grouping on.  Total pages: 2580192
[    0.501574] kernel: Policy zone: Normal
[    0.501576] kernel: Kernel command line: root=/dev/sda console=ttyS0 net.ifnames=0 ip=192.168.0.38 quiet
[    0.506642] kernel: Dentry cache hash table entries: 2097152 (order: 12, 16777216 bytes, linear)
[    0.511263] kernel: Inode-cache hash table entries: 1048576 (order: 11, 8388608 bytes, linear)
[    0.511322] kernel: mem auto-init: stack:off, heap alloc:off, heap free:off
[    0.729820] kernel: Memory: 8872644K/10485240K available (14348K kernel code, 2403K rwdata, 3568K rodata, 1384K init, 1732K bss, 1612396K reserved, 0K cma-reserved)
[    0.729908] kernel: SLUB: traffic allowed by default
[    1.014450] kernel: PCI: Using ACPI for IRQ routing
[    1.014450] kernel: PCI: pci_cache_line_size set to 64 bytes
[    1.014450] kernel: e820: reserve RAM buffer [mem 0x0009fc00-0x0009ffff]
[    1.014450] kernel: e820: reserve RAM buffer [mem 0xbffe0000-0xbfffffff]
[    1.015070] kernel: hpet0: at MMIO 0xfed00000, IRQs 2, 8, 0
[    1.015074] kernel: hpet0: 3 comparators, 64-bit 100.000000 MHz counter
[    1.019046] kernel: clocksource: Switched to clocksource kvm-clock
[    1.068265] kernel: VFS: Disk quotas dquot_6.6.0
[    1.068284] kernel: VFS: Dquot-cache hash table entries: 512 (order 0, 4096 bytes)
[    1.068392] kernel: pnp: PnP ACPI init
[    1.068683] kernel: pnp 00:03: [dma 2]
[    1.069694] kernel: pnp: PnP ACPI: found 6 devices
[    1.107934] kernel: clocksource: acpi_pm: mask: 0xffffff max_cycles: 0xffffff, max_idle_ns: 2085701024 ns
[    1.107990] kernel: NET: Registered PF_INET protocol family
[    1.108812] kernel: IP idents hash table e _OSI(Module Device)
[    0.839828] kernel: ACPI: Added _OSI(Processor Device)
[    0.839828] kernel: ACPI: Added _OSI(3.0 _SCP Extensions)
[    0.839828] kernel: ACPI: Added _OSI(Processor Aggregator Device)
[    0.839828] kernel: ACPI: Added _OSI(Linux-Dell-Video)
[    0.839828] kernel: ACPI: Added _OSI(Linux-Lenovo-NV-HDMI-Audio)
[    0.839828] kernel: ACPI: Added _OSI(Linux-HPI-Hybrid-Graphics)
[    0.845892] kernel: ACPI: 1 ACPI AML tables successfully acquired and loaded
[    0.848123] kernel: ACPI: Interpreter enabled
[    0.848152] kernel: ACPI: PM: (supports S0 S3 S4 S5)
[    0.848153] kernel: ACPI: Using IOAPIC for interrupt routing
[    0.848182] kernel: PCI: Using host bridge windows from ACPI; if necessary, use "pci=nocrs" and report a bug
[    0.848564] kernel: ACPI: Enabled 2 GPEs in block 00 to 0F
[    0.859073] kernel: ACPI: PCI Root Bridge [PCI0] (domain 0000 [bus 00-ff])
[    0.859084] kernel: acpi PNP0A03:00: _OSC: OS supports [ASPM ClockPM Segments MSI HPX-Type3]
HWalign=64, Order=0-3, MinObjects=0, CPUs=2, Nodes=1
[    0.730636] kernel: rcu: Hierarchical RCU implementation.
[    0.730637] kernel: rcu:         RCU event tracing is enabled.
[    0.730638] kernel: rcu:         RCU restricting CPUs from NR_CPUS=64 to nr_cpu_ids=2.
[    0.730640] kernel: rcu: RCU calculated value of scheduler-enlistment delay is 100 jiffies.
[    0.730641] kernel: rcu: Adjusting geometry for rcu_fanout_leaf=16, nr_cpu_ids=2
[    0.733291] kernel: NR_IRQS: 4352, nr_irqs: 440, preallocated irqs: 16
[    0.733503] kernel: random: get_random_bytes called from start_kernel+0x4b1/0x67a with crng_init=0
[    0.737403] kernel: Console: colour VGA+ 80x25
[    0.737441] kernel: printk: console [ttyS0] enabled
[    0.737459] kernel: ACPI: Core revision 20210730
[    0.737598] kernel: clocksource: hpet: mask: 0xffffffff max_cycles: 0xffffffff, max_idle_ns: 19112604467 ns
[    0.737676] kernel: APIC: Switch to symmetric I/O mode setup
[    0.737679] kernel: kvm-guest: setup PV[    0.859128] kernel: acpi PNP0A03:00: fail to add MMCONFIG information, can't access extended PCI configuration space under this bridge.
[    0.859233] kernel: PCI host bridge to bus 0000:00
[    0.859236] kernel: pci_bus 0000:00: root bus resource [io  0x0000-0x0cf7 window]
[    0.859238] kernel: pci_bus 0000:00: root bus resource [io  0x0d00-0xffff window]
[    0.859240] kernel: pci_bus 0000:00: root bus resource [mem 0x000a0000-0x000bffff window]
[    0.859242] kernel: pci_bus 0000:00: root bus resource [mem 0xc0000000-0xfebfffff window]
[    0.859244] kernel: pci_bus 0000:00: root bus resource [mem 0x2c0000000-0x33fffffff window]
[    0.859246] kernel: pci_bus 0000:00: root bus resource [bus 00-ff]
[    0.859727] kernel: pci 0000:00:00.0: [8086:1237] type 00 class 0x060000
[    0.861346] kernel: pci 0000:00:01.0: [8086:7000] type 00 class 0x060100
[    0.862088] kernel: pci 0000:00:01.1: [8086:7010] type 00 class 0x010180
[    0.864159] kernel: pci 0000:00:01.1: reg 0x20: [io  0ntries: 262144 (order: 9, 2097152 bytes, linear)
[    1.120121] kernel: tcp_listen_portaddr_hash hash table entries: 8192 (order: 5, 131072 bytes, linear)
[    1.120734] kernel: TCP established hash table entries: 131072 (order: 8, 1048576 bytes, linear)
[    1.120895] kernel: TCP bind hash table entries: 65536 (order: 8, 1048576 bytes, linear)
[    1.121506] kernel: TCP: Hash tables configured (established 131072 bind 65536)
[    1.121573] kernel: UDP hash table entries: 8192 (order: 6, 262144 bytes, linear)
[    1.121614] kernel: UDP-Lite hash table entries: 8192 (order: 6, 262144 bytes, linear)
[    1.121731] kernel: NET: Registered PF_UNIX/PF_LOCAL protocol family
[    1.121997] kernel: pci_bus 0000:00: resource 4 [io  0x0000-0x0cf7 window]
[    1.121999] kernel: pci_bus 0000:00: resource 5 [io  0x0d00-0xffff window]
[    1.122001] kernel: pci_bus 0000:00: resource 6 [mem 0x000a0000-0x000bffff window]
[    1.122002] kernel: pci_bus 0000:00: resource 7 [mem 0xc0000000-0xfebfffff wi IPIs
[    0.738541] kernel: ..TIMER: vector=0x30 apic1=0 pin1=2 apic2=-1 pin2=-1
[    0.738561] kernel: clocksource: tsc-early: mask: 0xffffffffffffffff max_cycles: 0x2563bf907c6, max_idle_ns: 440795319401 ns
[    0.738567] kernel: Calibrating delay loop (skipped) preset value.. 5187.81 BogoMIPS (lpj=2593906)
[    0.738570] kernel: pid_max: default: 32768 minimum: 301
[    0.738604] kernel: LSM: Security Framework initializing
[    0.738618] kernel: SELinux:  Initializing.
[    0.739605] kernel: Mount-cache hash table entries: 32768 (order: 6, 262144 bytes, linear)
[    0.740231] kernel: Mountpoint-cache hash table entries: 32768 (order: 6, 262144 bytes, linear)
[    0.740661] kernel: x86/cpu: User Mode Instruction Prevention (UMIP) activated
[    0.740745] kernel: Last level iTLB entries: 4KB 0, 2MB 0, 4MB 0
[    0.740746] kernel: Last level dTLB entries: 4KB 0, 2MB 0, 4MB 0, 1GB 0
[    0.740756] kernel: Spectre V1 : Mitigation: usercopy/swapgs barriers and __user pointer sanitizatindow]
[    1.122003] kernel: pci_bus 0000:00: resource 8 [mem 0x2c0000000-0x33fffffff window]
[    1.122117] kernel: pci 0000:00:01.0: PIIX3: Enabling Passive Release
[    1.122126] kernel: pci 0000:00:00.0: Limiting direct PCI/PCI transfers
[    1.122137] kernel: pci 0000:00:01.0: Activating ISA DMA hang workarounds
[    1.122171] kernel: pci 0000:00:02.0: Video device with shadowed ROM at [mem 0x000c0000-0x000dffff]
[    1.122205] kernel: PCI: CLS 0 bytes, default 64
[    1.122219] kernel: PCI-DMA: Using software bounce buffering for IO (SWIOTLB)
[    1.122221] kernel: software IO TLB: mapped [mem 0x00000000bbfe0000-0x00000000bffe0000] (64MB)
[    1.122441] kernel: RAPL PMU: API unit is 2^-32 Joules, 0 fixed counters, 10737418240 ms ovfl timer
[    1.122455] kernel: clocksource: tsc: mask: 0xffffffffffffffff max_cycles: 0x2563bf907c6, max_idle_ns: 440795319401 ns
[    1.123487] kernel: clocksource: Switched to clocksource tsc
[    1.125840] kernel: Initialise system trusted keyringsxc040-0xc04f]
[    0.864997] kernel: pci 0000:00:01.1: legacy IDE quirk: reg 0x10: [io  0x01f0-0x01f7]
[    0.864999] kernel: pci 0000:00:01.1: legacy IDE quirk: reg 0x14: [io  0x03f6]
[    0.865000] kernel: pci 0000:00:01.1: legacy IDE quirk: reg 0x18: [io  0x0170-0x0177]
[    0.865001] kernel: pci 0000:00:01.1: legacy IDE quirk: reg 0x1c: [io  0x0376]
[    0.865819] kernel: pci 0000:00:01.3: [8086:7113] type 00 class 0x068000
[    0.866077] kernel: pci 0000:00:01.3: quirk: [io  0x0600-0x063f] claimed by PIIX4 ACPI
[    0.866082] kernel: pci 0000:00:01.3: quirk: [io  0x0700-0x070f] claimed by PIIX4 SMB
[    0.867169] kernel: pci 0000:00:02.0: [1234:1111] type 00 class 0x030000
[    0.868115] kernel: pci 0000:00:02.0: reg 0x10: [mem 0xfd000000-0xfdffffff pref]
[    0.869379] kernel: pci 0000:00:02.0: reg 0x18: [mem 0xfeb90000-0xfeb90fff]
[    0.872725] kernel: pci 0000:00:02.0: reg 0x30: [mem 0xfeb80000-0xfeb8ffff pref]
[    0.873579] kernel: pci 0000:00:03.0: [1af4:1005] type 00 clason
[    0.740760] kernel: Spectre V2 : Mitigation: Enhanced IBRS
