
Ubuntu 20.04 LTS dfs-fuzzing ttyS0


Ubuntu 20.04 LTS dfs-fuzzing ttyS0


Ubuntu 20.04 LTS dfs-fuzzing ttyS0

2023/03/08 10:08:08 fuzzer started
2023/03/08 10:08:09 dialing manager at localhost:42025
2023/03/08 10:08:09 syscalls: 130
2023/03/08 10:08:09 code coverage: enabled
2023/03/08 10:08:09 comparison tracing: enabled
2023/03/08 10:08:09 extra coverage: enabled
2023/03/08 10:08:09 setuid sandbox: enabled
2023/03/08 10:08:09 namespace sandbox: /proc/self/ns/user does not exist
2023/03/08 10:08:09 Android sandbox: /sys/fs/selinux/policy can't be opened (open /sys/fs/selinux/policy: invalid argument)
2023/03/08 10:08:09 fault injection: CONFIG_FAULT_INJECTION_DEBUG_FS or CONFIG_FAILSLAB are not enabled
2023/03/08 10:08:09 leak checking: CONFIG_DEBUG_KMEMLEAK is not enabled
2023/03/08 10:08:09 net packet injection: /dev/net/tun does not exist
2023/03/08 10:08:09 net device setup: enabled
2023/03/08 10:08:09 concurrency sanitizer: /sys/kernel/debug/kcsan does not exist
2023/03/08 10:08:09 devlink PCI setup: enabled
2023/03/08 10:08:09 USB emulation: /dev/raw-gadget does not exist
2023/03/08 10:08:09 hci packet injection: /dev/vhci does not exist
2023/03/08 10:08:09 wifi device emulation: /sys/class/mac80211_hwsim/ does not exist
2023/03/08 10:08:09 802.15.4 emulation: /sys/bus/platform/devices/mac802154_hwsim does not exist
2023/03/08 10:08:09 deserializeInput: hasCrash true hasNet false
2023/03/08 10:08:09 prog length: 6
2023/03/08 10:08:09 prog length: 3
2023/03/08 10:08:09 deserializeInput: hasCrash true hasNet false
2023/03/08 10:08:09 prog length: 6
2023/03/08 10:08:09 prog length: 6
2023/03/08 10:08:09 prog length: 5
2023/03/08 10:08:09 deserializeInput: hasCrash true hasNet false
2023/03/08 10:08:09 prog length: 6
2023/03/08 10:08:09 prog length: 3
2023/03/08 10:08:09 deserializeInput: hasCrash true hasNet false
2023/03/08 10:08:09 prog length: 6
2023/03/08 10:08:09 prog length: 6
2023/03/08 10:08:09 prog length: 5
2023/03/08 10:08:09 deserializeInput: hasCrash true hasNet false
2023/03/08 10:08:09 prog length: 6
2023/03/08 10:08:09 prog length: 6
2023/03/08 10:08:09 prog length: 5
2023/03/08 10:08:09 deserializeInput: hasCrash true hasNet false
2023/03/08 10:08:09 prog length: 6
2023/03/08 10:08:09 prog length: 3
2023/03/08 10:08:09 deserializeInput: hasCrash true hasNet false
2023/03/08 10:08:09 prog length: 6
2023/03/08 10:08:09 prog length: 3
2023/03/08 10:08:09 deserializeInput: hasCrash true hasNet false
2023/03/08 10:08:09 prog length: 6
2023/03/08 10:08:09 prog length: 6
2023/03/08 10:08:09 prog length: 5
2023/03/08 10:08:09 deserializeInput: hasCrash true hasNet false
2023/03/08 10:08:09 prog length: 6
2023/03/08 10:08:09 prog length: 3
2023/03/08 10:08:09 deserializeInput: hasCrash true hasNet false
2023/03/08 10:08:09 prog length: 6
2023/03/08 10:08:09 prog length: 3
2023/03/08 10:08:09 deserializeInput: hasCrash true hasNet false
2023/03/08 10:08:09 prog length: 6
2023/03/08 10:08:09 prog length: 6
2023/03/08 10:08:09 prog length: 5
2023/03/08 10:08:09 deserializeInput: hasCrash true hasNet false
2023/03/08 10:08:09 prog length: 6
2023/03/08 10:08:09 prog length: 3
2023/03/08 10:08:09 deserializeInput: hasCrash true hasNet false
2023/03/08 10:08:09 prog length: 6
2023/03/08 10:08:09 prog length: 3
2023/03/08 10:08:09 deserializeInput: hasCrash true hasNet false
2023/03/08 10:08:09 prog length: 6
2023/03/08 10:08:09 prog length: 6
2023/03/08 10:08:09 prog length: 5
2023/03/08 10:08:09 deserializeInput: hasCrash true hasNet false
2023/03/08 10:08:09 prog length: 6
2023/03/08 10:08:09 prog length: 6
2023/03/08 10:08:09 prog length: 5
2023/03/08 10:08:09 deserializeInput: hasCrash true hasNet false
2023/03/08 10:08:09 prog length: 6
2023/03/08 10:08:09 prog length: 6
2023/03/08 10:08:09 prog length: 5
2023/03/08 10:08:09 deserializeInput: hasCrash true hasNet false
2023/03/08 10:08:09 prog length: 6
2023/03/08 10:08:09 prog length: 6
2023/03/08 10:08:09 prog length: 5
2023/03/08 10:08:09 deserializeInput: hasCrash true hasNet false
2023/03/08 10:08:09 prog length: 6
2023/03/08 10:08:09 prog length: 6
2023/03/08 10:08:09 prog length: 5
2023/03/08 10:08:09 deserializeInput: hasCrash true hasNet false
2023/03/08 10:08:09 prog length: 6
2023/03/08 10:08:09 prog length: 3
2023/03/08 10:08:09 deserializeInput: hasCrash true hasNet false
2023/03/08 10:08:09 prog length: 6
2023/03/08 10:08:09 prog length: 3
2023/03/08 10:08:09 deserializeInput: hasCrash true hasNet false
2023/03/08 10:08:09 prog length: 6
2023/03/08 10:08:09 prog length: 6
2023/03/08 10:08:09 prog length: 5
2023/03/08 10:08:09 deserializeInput: hasCrash true hasNet false
2023/03/08 10:08:09 prog length: 6
2023/03/08 10:08:09 prog length: 8
2023/03/08 10:08:09 deserializeInput: hasCrash true hasNet false
2023/03/08 10:08:09 prog length: 6
2023/03/08 10:08:09 prog length: 3
2023/03/08 10:08:09 deserializeInput: hasCrash true hasNet false
2023/03/08 10:08:09 prog length: 6
2023/03/08 10:08:09 prog length: 3
2023/03/08 10:08:09 deserializeInput: hasCrash true hasNet false
2023/03/08 10:08:09 prog length: 6
2023/03/08 10:08:09 prog length: 3
2023/03/08 10:08:09 deserializeInput: hasCrash true hasNet false
2023/03/08 10:08:09 prog length: 6
2023/03/08 10:08:09 prog length: 3
2023/03/08 10:08:09 deserializeInput: hasCrash true hasNet false
2023/03/08 10:08:09 prog length: 6
2023/03/08 10:08:09 prog length: 3
2023/03/08 10:08:09 deserializeInput: hasCrash true hasNet false
2023/03/08 10:08:09 prog length: 6
2023/03/08 10:08:09 prog length: 3
2023/03/08 10:08:09 deserializeInput: hasCrash true hasNet false
2023/03/08 10:08:09 prog length: 6
2023/03/08 10:08:09 prog length: 6
2023/03/08 10:08:09 prog length: 6
2023/03/08 10:08:09 deserializeInput: hasCrash true hasNet false
2023/03/08 10:08:09 prog length: 6
2023/03/08 10:08:09 prog length: 6
2023/03/08 10:08:09 prog length: 5
2023/03/08 10:08:09 deserializeInput: hasCrash true hasNet false
2023/03/08 10:08:09 prog length: 6
2023/03/08 10:08:09 prog length: 3
2023/03/08 10:08:09 deserializeInput: hasCrash true hasNet false
2023/03/08 10:08:09 prog length: 6
2023/03/08 10:08:09 prog length: 6
2023/03/08 10:08:09 prog length: 6
2023/03/08 10:08:09 prog length: 7
2023/03/08 10:08:09 deserializeInput: hasCrash true hasNet false
2023/03/08 10:08:09 prog length: 6
2023/03/08 10:08:09 prog length: 6
2023/03/08 10:08:09 prog length: 5
2023/03/08 10:08:09 deserializeInput: hasCrash true hasNet false
2023/03/08 10:08:09 prog length: 6
2023/03/08 10:08:09 prog length: 6
2023/03/08 10:08:09 prog length: 5
2023/03/08 10:08:09 deserializeInput: hasCrash true hasNet false
2023/03/08 10:08:09 prog length: 6
2023/03/08 10:08:09 prog length: 3
2023/03/08 10:08:09 deserializeInput: hasCrash true hasNet false
2023/03/08 10:08:09 prog length: 6
2023/03/08 10:08:09 prog length: 3
2023/03/08 10:08:09 deserializeInput: hasCrash true hasNet false
2023/03/08 10:08:09 prog length: 6
2023/03/08 10:08:09 prog length: 6
2023/03/08 10:08:09 prog length: 5
2023/03/08 10:08:09 deserializeInput: hasCrash true hasNet false
2023/03/08 10:08:09 prog length: 6
2023/03/08 10:08:09 prog length: 6
2023/03/08 10:08:09 prog length: 7
2023/03/08 10:08:09 deserializeInput: hasCrash true hasNet false
2023/03/08 10:08:09 prog length: 6
2023/03/08 10:08:09 prog length: 6
2023/03/08 10:08:09 prog length: 5
2023/03/08 10:08:09 deserializeInput: hasCrash true hasNet false
2023/03/08 10:08:09 prog length: 6
2023/03/08 10:08:09 prog length: 6
2023/03/08 10:08:09 prog length: 6
2023/03/08 10:08:09 prog length: 7
2023/03/08 10:08:09 deserializeInput: hasCrash true hasNet false
2023/03/08 10:08:09 prog length: 6
2023/03/08 10:08:09 prog length: 3
2023/03/08 10:08:09 deserializeInput: hasCrash true hasNet false
2023/03/08 10:08:09 prog length: 6
2023/03/08 10:08:09 prog length: 6
2023/03/08 10:08:09 prog length: 5
2023/03/08 10:08:09 deserializeInput: hasCrash true hasNet false
2023/03/08 10:08:09 prog length: 6
2023/03/08 10:08:09 prog length: 3
2023/03/08 10:08:09 deserializeInput: hasCrash true hasNet false
2023/03/08 10:08:09 prog length: 6
2023/03/08 10:08:09 prog length: 3
2023/03/08 10:08:09 deserializeInput: hasCrash true hasNet false
2023/03/08 10:08:09 prog length: 6
2023/03/08 10:08:09 prog length: 6
2023/03/08 10:08:09 prog length: 5
2023/03/08 10:08:09 deserializeInput: hasCrash true hasNet false
2023/03/08 10:08:09 prog length: 6
2023/03/08 10:08:09 prog length: 3
2023/03/08 10:08:09 deserializeInput: hasCrash true hasNet false
2023/03/08 10:08:09 prog length: 6
2023/03/08 10:08:09 prog length: 3
2023/03/08 10:08:09 deserializeInput: hasCrash true hasNet false
2023/03/08 10:08:09 prog length: 6
2023/03/08 10:08:09 prog length: 6
2023/03/08 10:08:09 prog length: 5
2023/03/08 10:08:09 deserializeInput: hasCrash true hasNet false
2023/03/08 10:08:09 prog length: 6
2023/03/08 10:08:09 prog length: 3
2023/03/08 10:08:09 deserializeInput: hasCrash true hasNet false
2023/03/08 10:08:09 prog length: 6
2023/03/08 10:08:09 prog length: 3
2023/03/08 10:08:09 fetching corpus: 50, signal 2588/11538/15491 (executing program)
2023/03/08 10:08:09 deserializeInput: hasCrash true hasNet false
2023/03/08 10:08:09 prog length: 6
2023/03/08 10:08:09 prog length: 3
2023/03/08 10:08:09 deserializeInput: hasCrash false hasNet false
2023/03/08 10:08:09 prog length: 2
2023/03/08 10:08:09 deserializeInput: hasCrash true hasNet false
2023/03/08 10:08:09 prog length: 6
2023/03/08 10:08:09 prog length: 3
2023/03/08 10:08:09 deserializeInput: hasCrash true hasNet false
2023/03/08 10:08:09 prog length: 6
2023/03/08 10:08:09 prog length: 6
2023/03/08 10:08:09 prog length: 5
2023/03/08 10:08:09 deserializeInput: hasCrash true hasNet false
2023/03/08 10:08:09 prog length: 6
2023/03/08 10:08:09 prog length: 3
2023/03/08 10:08:09 deserializeInput: hasCrash true hasNet false
2023/03/08 10:08:09 prog length: 6
2023/03/08 10:08:09 prog length: 3
2023/03/08 10:08:09 deserializeInput: hasCrash true hasNet false
2023/03/08 10:08:09 prog length: 6
2023/03/08 10:08:09 prog length: 6
2023/03/08 10:08:09 prog length: 5
2023/03/08 10:08:09 deserializeInput: hasCrash true hasNet false
2023/03/08 10:08:09 prog length: 6
2023/03/08 10:08:09 prog length: 3
2023/03/08 10:08:09 deserializeInput: hasCrash true hasNet false
2023/03/08 10:08:09 prog length: 6
2023/03/08 10:08:09 prog length: 4
2023/03/08 10:08:09 deserializeInput: hasCrash true hasNet false
2023/03/08 10:08:09 prog length: 6
2023/03/08 10:08:09 prog length: 3
2023/03/08 10:08:09 deserializeInput: hasCrash true hasNet false
2023/03/08 10:08:09 prog length: 6
2023/03/08 10:08:09 prog length: 6
2023/03/08 10:08:09 prog length: 6
2023/03/08 10:08:09 deserializeInput: hasCrash true hasNet false
2023/03/08 10:08:09 prog length: 6
2023/03/08 10:08:09 prog length: 3
2023/03/08 10:08:09 deserializeInput: hasCrash true hasNet false
2023/03/08 10:08:09 prog length: 6
2023/03/08 10:08:09 prog length: 4
2023/03/08 10:08:09 deserializeInput: hasCrash true hasNet false
2023/03/08 10:08:09 prog length: 6
2023/03/08 10:08:09 prog length: 3
2023/03/08 10:08:09 deserializeInput: hasCrash true hasNet false
2023/03/08 10:08:09 prog length: 6
2023/03/08 10:08:09 prog length: 3
2023/03/08 10:08:09 deserializeInput: hasCrash true hasNet false
2023/03/08 10:08:09 prog length: 6
2023/03/08 10:08:09 prog length: 6
2023/03/08 10:08:09 prog length: 5
2023/03/08 10:08:09 deserializeInput: hasCrash true hasNet false
2023/03/08 10:08:09 prog length: 6
2023/03/08 10:08:09 prog length: 6
2023/03/08 10:08:09 prog length: 5
2023/03/08 10:08:09 deserializeInput: hasCrash true hasNet false
2023/03/08 10:08:09 prog length: 6
2023/03/08 10:08:09 prog length: 6
2023/03/08 10:08:09 prog length: 5
2023/03/08 10:08:09 deserializeInput: hasCrash true hasNet false
2023/03/08 10:08:09 prog length: 6
2023/03/08 10:08:09 prog length: 3
2023/03/08 10:08:09 deserializeInput: hasCrash true hasNet false
2023/03/08 10:08:09 prog length: 6
2023/03/08 10:08:09 prog length: 4
2023/03/08 10:08:09 deserializeInput: hasCrash true hasNet false
2023/03/08 10:08:09 prog length: 6
2023/03/08 10:08:09 prog length: 3
2023/03/08 10:08:09 deserializeInput: hasCrash true hasNet false
2023/03/08 10:08:09 prog length: 6
2023/03/08 10:08:09 prog length: 6
2023/03/08 10:08:09 prog length: 5
2023/03/08 10:08:09 deserializeInput: hasCrash true hasNet false
2023/03/08 10:08:09 prog length: 6
2023/03/08 10:08:09 prog length: 3
2023/03/08 10:08:09 deserializeInput: hasCrash true hasNet false
2023/03/08 10:08:09 prog length: 6
2023/03/08 10:08:09 prog length: 3
2023/03/08 10:08:09 deserializeInput: hasCrash true hasNet false
2023/03/08 10:08:09 prog length: 6
2023/03/08 10:08:09 prog length: 6
2023/03/08 10:08:09 prog length: 5
2023/03/08 10:08:09 deserializeInput: hasCrash true hasNet false
2023/03/08 10:08:09 prog length: 6
2023/03/08 10:08:09 prog length: 6
2023/03/08 10:08:09 prog length: 5
2023/03/08 10:08:09 deserializeInput: hasCrash false hasNet false
2023/03/08 10:08:09 prog length: 3
2023/03/08 10:08:09 deserializeInput: hasCrash true hasNet false
2023/03/08 10:08:09 prog length: 6
2023/03/08 10:08:09 prog length: 4
2023/03/08 10:08:09 deserializeInput: hasCrash true hasNet false
2023/03/08 10:08:09 prog length: 6
2023/03/08 10:08:09 prog length: 6
2023/03/08 10:08:09 prog length: 5
2023/03/08 10:08:09 deserializeInput: hasCrash true hasNet false
2023/03/08 10:08:09 prog length: 6
2023/03/08 10:08:09 prog length: 8
2023/03/08 10:08:09 deserializeInput: hasCrash true hasNet false
2023/03/08 10:08:09 prog length: 6
2023/03/08 10:08:09 prog length: 6
2023/03/08 10:08:09 prog length: 5
2023/03/08 10:08:09 deserializeInput: hasCrash true hasNet false
2023/03/08 10:08:09 prog length: 6
2023/03/08 10:08:09 prog length: 3
2023/03/08 10:08:09 deserializeInput: hasCrash true hasNet false
2023/03/08 10:08:09 prog length: 6
2023/03/08 10:08:09 prog length: 6
2023/03/08 10:08:09 prog length: 5
2023/03/08 10:08:09 deserializeInput: hasCrash true hasNet false
2023/03/08 10:08:09 prog length: 6
2023/03/08 10:08:09 prog length: 3
2023/03/08 10:08:09 deserializeInput: hasCrash true hasNet false
2023/03/08 10:08:09 prog length: 6
2023/03/08 10:08:09 prog length: 6
2023/03/08 10:08:09 prog length: 5
2023/03/08 10:08:09 deserializeInput: hasCrash true hasNet false
2023/03/08 10:08:09 prog length: 6
2023/03/08 10:08:09 prog length: 4
2023/03/08 10:08:09 deserializeInput: hasCrash true hasNet false
2023/03/08 10:08:09 prog length: 6
2023/03/08 10:08:09 prog length: 3
2023/03/08 10:08:09 deserializeInput: hasCrash true hasNet false
2023/03/08 10:08:09 prog length: 6
2023/03/08 10:08:09 prog length: 3
2023/03/08 10:08:09 deserializeInput: hasCrash true hasNet false
2023/03/08 10:08:09 prog length: 6
2023/03/08 10:08:09 prog length: 6
2023/03/08 10:08:09 prog length: 6
2023/03/08 10:08:09 deserializeInput: hasCrash true hasNet false
2023/03/08 10:08:09 prog length: 6
2023/03/08 10:08:09 prog length: 6
2023/03/08 10:08:09 prog length: 5
2023/03/08 10:08:09 deserializeInput: hasCrash true hasNet false
2023/03/08 10:08:09 prog length: 6
2023/03/08 10:08:09 prog length: 3
2023/03/08 10:08:09 deserializeInput: hasCrash true hasNet false
2023/03/08 10:08:09 prog length: 6
2023/03/08 10:08:09 prog length: 3
2023/03/08 10:08:09 deserializeInput: hasCrash true hasNet false
2023/03/08 10:08:09 prog length: 6
2023/03/08 10:08:09 prog length: 6
2023/03/08 10:08:09 prog length: 6
2023/03/08 10:08:09 deserializeInput: hasCrash false hasNet false
2023/03/08 10:08:09 prog length: 3
2023/03/08 10:08:09 deserializeInput: hasCrash true hasNet false
2023/03/08 10:08:09 prog length: 6
2023/03/08 10:08:09 prog length: 3
2023/03/08 10:08:09 deserializeInput: hasCrash true hasNet false
2023/03/08 10:08:09 prog length: 6
2023/03/08 10:08:09 prog length: 3
2023/03/08 10:08:09 deserializeInput: hasCrash true hasNet false
2023/03/08 10:08:09 prog length: 6
2023/03/08 10:08:09 prog length: 6
2023/03/08 10:08:09 prog length: 10
2023/03/08 10:08:09 deserializeInput: hasCrash true hasNet false
2023/03/08 10:08:09 prog length: 6
2023/03/08 10:08:09 prog length: 3
2023/03/08 10:08:09 deserializeInput: hasCrash true hasNet false
2023/03/08 10:08:09 prog length: 6
2023/03/08 10:08:09 prog length: 6
2023/03/08 10:08:09 prog length: 6
2023/03/08 10:08:09 prog length: 7
2023/03/08 10:08:09 deserializeInput: hasCrash true hasNet false
2023/03/08 10:08:09 prog length: 6
2023/03/08 10:08:09 prog length: 6
2023/03/08 10:08:09 prog length: 6
2023/03/08 10:08:09 fetching corpus: 100, signal 3842/16178/22201 (executing program)
2023/03/08 10:08:09 deserializeInput: hasCrash true hasNet false
2023/03/08 10:08:09 prog length: 6
2023/03/08 10:08:09 prog length: 6
2023/03/08 10:08:09 prog length: 5
2023/03/08 10:08:09 deserializeInput: hasCrash true hasNet false
2023/03/08 10:08:09 prog length: 6
2023/03/08 10:08:09 prog length: 6
2023/03/08 10:08:09 prog length: 6
2023/03/08 10:08:09 deserializeInput: hasCrash false hasNet false
2023/03/08 10:08:09 prog length: 1
2023/03/08 10:08:09 deserializeInput: hasCrash true hasNet false
2023/03/08 10:08:09 prog length: 6
2023/03/08 10:08:09 prog length: 6
2023/03/08 10:08:09 prog length: 5
2023/03/08 10:08:09 deserializeInput: hasCrash true hasNet false
2023/03/08 10:08:09 prog length: 6
2023/03/08 10:08:09 prog length: 4
2023/03/08 10:08:09 deserializeInput: hasCrash true hasNet false
2023/03/08 10:08:09 prog length: 6
2023/03/08 10:08:09 prog length: 6
2023/03/08 10:08:09 prog length: 5
2023/03/08 10:08:09 deserializeInput: hasCrash true hasNet false
2023/03/08 10:08:09 prog length: 6
2023/03/08 10:08:09 prog length: 3
2023/03/08 10:08:09 deserializeInput: hasCrash true hasNet false
2023/03/08 10:08:09 prog length: 6
2023/03/08 10:08:09 prog length: 3
2023/03/08 10:08:09 deserializeInput: hasCrash true hasNet false
2023/03/08 10:08:09 prog length: 6
2023/03/08 10:08:09 prog length: 5
2023/03/08 10:08:09 deserializeInput: hasCrash true hasNet false
2023/03/08 10:08:09 prog length: 6
2023/03/08 10:08:09 prog length: 4
2023/03/08 10:08:09 deserializeInput: hasCrash false hasNet false
2023/03/08 10:08:09 prog length: 1
2023/03/08 10:08:09 deserializeInput: hasCrash true hasNet false
2023/03/08 10:08:09 prog length: 6
2023/03/08 10:08:09 prog length: 3
2023/03/08 10:08:09 deserializeInput: hasCrash false hasNet false
2023/03/08 10:08:09 prog length: 6
2023/03/08 10:08:09 deserializeInput: hasCrash true hasNet false
2023/03/08 10:08:09 prog length: 6
2023/03/08 10:08:09 prog length: 4
2023/03/08 10:08:09 deserializeInput: hasCrash true hasNet false
2023/03/08 10:08:09 prog length: 6
2023/03/08 10:08:09 prog length: 3
2023/03/08 10:08:09 deserializeInput: hasCrash true hasNet false
2023/03/08 10:08:09 prog length: 6
2023/03/08 10:08:09 prog length: 3
2023/03/08 10:08:09 deserializeInput: hasCrash true hasNet false
2023/03/08 10:08:09 prog length: 6
2023/03/08 10:08:09 prog length: 6
2023/03/08 10:08:09 prog length: 5
2023/03/08 10:08:09 deserializeInput: hasCrash false hasNet false
2023/03/08 10:08:09 prog length: 1
2023/03/08 10:08:09 deserializeInput: hasCrash false hasNet true
2023/03/08 10:08:09 prog length: 6
2023/03/08 10:08:09 prog length: 6
2023/03/08 10:08:09 prog length: 7
2023/03/08 10:08:09 deserializeInput: hasCrash true hasNet false
2023/03/08 10:08:09 prog length: 6
2023/03/08 10:08:09 prog length: 3
2023/03/08 10:08:09 deserializeInput: hasCrash true hasNet false
2023/03/08 10:08:09 prog length: 6
2023/03/08 10:08:09 prog length: 3
2023/03/08 10:08:09 deserializeInput: hasCrash true hasNet false
2023/03/08 10:08:09 prog length: 6
2023/03/08 10:08:09 prog length: 6
2023/03/08 10:08:09 prog length: 5
2023/03/08 10:08:09 deserializeInput: hasCrash true hasNet false
2023/03/08 10:08:09 prog length: 6
2023/03/08 10:08:09 prog length: 3
2023/03/08 10:08:09 deserializeInput: hasCrash true hasNet false
2023/03/08 10:08:09 prog length: 6
2023/03/08 10:08:09 prog length: 6
2023/03/08 10:08:09 prog length: 5
2023/03/08 10:08:09 deserializeInput: hasCrash true hasNet false
2023/03/08 10:08:09 prog length: 6
2023/03/08 10:08:09 prog length: 6
2023/03/08 10:08:09 prog length: 6
2023/03/08 10:08:09 deserializeInput: hasCrash true hasNet false
2023/03/08 10:08:09 prog length: 6
2023/03/08 10:08:09 prog length: 6
2023/03/08 10:08:09 prog length: 5
2023/03/08 10:08:09 deserializeInput: hasCrash true hasNet false
2023/03/08 10:08:09 prog length: 6
2023/03/08 10:08:09 prog length: 3
2023/03/08 10:08:09 deserializeInput: hasCrash true hasNet false
2023/03/08 10:08:09 prog length: 6
2023/03/08 10:08:09 prog length: 6
2023/03/08 10:08:09 prog length: 5
2023/03/08 10:08:09 deserializeInput: hasCrash true hasNet false
2023/03/08 10:08:09 prog length: 6
2023/03/08 10:08:09 prog length: 5
2023/03/08 10:08:09 deserializeInput: hasCrash true hasNet false
2023/03/08 10:08:09 prog length: 6
2023/03/08 10:08:09 prog length: 3
2023/03/08 10:08:09 deserializeInput: hasCrash true hasNet false
2023/03/08 10:08:09 prog length: 6
2023/03/08 10:08:09 prog length: 6
2023/03/08 10:08:09 prog length: 5
2023/03/08 10:08:09 deserializeInput: hasCrash true hasNet false
2023/03/08 10:08:09 prog length: 6
2023/03/08 10:08:09 prog length: 6
2023/03/08 10:08:09 prog length: 5
2023/03/08 10:08:09 deserializeInput: hasCrash true hasNet false
2023/03/08 10:08:09 prog length: 6
2023/03/08 10:08:09 prog length: 6
2023/03/08 10:08:09 prog length: 6
2023/03/08 10:08:09 prog length: 7
2023/03/08 10:08:09 deserializeInput: hasCrash true hasNet false
2023/03/08 10:08:09 prog length: 6
2023/03/08 10:08:09 prog length: 3
2023/03/08 10:08:09 deserializeInput: hasCrash true hasNet false
2023/03/08 10:08:09 prog length: 6
2023/03/08 10:08:09 prog length: 3
2023/03/08 10:08:09 deserializeInput: hasCrash true hasNet false
2023/03/08 10:08:09 prog length: 6
2023/03/08 10:08:09 prog length: 3
2023/03/08 10:08:09 deserializeInput: hasCrash true hasNet false
2023/03/08 10:08:09 prog length: 6
2023/03/08 10:08:09 prog length: 3
2023/03/08 10:08:09 deserializeInput: hasCrash true hasNet false
2023/03/08 10:08:09 prog length: 6
2023/03/08 10:08:09 prog length: 6
2023/03/08 10:08:09 prog length: 5
2023/03/08 10:08:09 deserializeInput: hasCrash true hasNet false
2023/03/08 10:08:09 prog length: 6
2023/03/08 10:08:09 prog length: 3
2023/03/08 10:08:09 deserializeInput: hasCrash true hasNet false
2023/03/08 10:08:09 prog length: 6
2023/03/08 10:08:09 prog length: 6
2023/03/08 10:08:09 prog length: 5
2023/03/08 10:08:09 deserializeInput: hasCrash true hasNet false
2023/03/08 10:08:09 prog length: 6
2023/03/08 10:08:09 prog length: 6
2023/03/08 10:08:09 prog length: 6
2023/03/08 10:08:09 deserializeInput: hasCrash true hasNet false
2023/03/08 10:08:09 prog length: 6
2023/03/08 10:08:09 prog length: 6
2023/03/08 10:08:09 prog length: 5
2023/03/08 10:08:09 deserializeInput: hasCrash true hasNet false
2023/03/08 10:08:09 prog length: 6
2023/03/08 10:08:09 prog length: 6
2023/03/08 10:08:09 prog length: 5
2023/03/08 10:08:09 deserializeInput: hasCrash true hasNet false
2023/03/08 10:08:09 prog length: 6
2023/03/08 10:08:09 prog length: 6
2023/03/08 10:08:09 prog length: 5
2023/03/08 10:08:09 deserializeInput: hasCrash true hasNet false
2023/03/08 10:08:09 prog length: 6
2023/03/08 10:08:09 prog length: 3
2023/03/08 10:08:09 deserializeInput: hasCrash true hasNet false
2023/03/08 10:08:09 prog length: 6
2023/03/08 10:08:09 prog length: 6
2023/03/08 10:08:09 prog length: 5
2023/03/08 10:08:09 deserializeInput: hasCrash true hasNet false
2023/03/08 10:08:09 prog length: 6
2023/03/08 10:08:09 prog length: 3
2023/03/08 10:08:09 deserializeInput: hasCrash true hasNet false
2023/03/08 10:08:09 prog length: 6
2023/03/08 10:08:09 prog length: 4
2023/03/08 10:08:09 deserializeInput: hasCrash true hasNet false
2023/03/08 10:08:09 prog length: 6
2023/03/08 10:08:09 prog length: 3
2023/03/08 10:08:09 deserializeInput: hasCrash true hasNet false
2023/03/08 10:08:09 prog length: 6
2023/03/08 10:08:09 prog length: 6
2023/03/08 10:08:09 prog length: 5
2023/03/08 10:08:09 fetching corpus: 150, signal 3866/17583/24516 (executing program)
2023/03/08 10:08:09 deserializeInput: hasCrash true hasNet false
2023/03/08 10:08:09 prog length: 6
2023/03/08 10:08:09 prog length: 4
2023/03/08 10:08:09 deserializeInput: hasCrash true hasNet false
2023/03/08 10:08:09 prog length: 6
2023/03/08 10:08:09 prog length: 3
2023/03/08 10:08:09 deserializeInput: hasCrash true hasNet false
2023/03/08 10:08:09 prog length: 6
2023/03/08 10:08:09 prog length: 3
2023/03/08 10:08:09 fetching corpus: 153, signal 3866/17666/25659 (executing program)
2023/03/08 10:08:09 fetching corpus: 153, signal 3866/17666/26699 (executing program)
2023/03/08 10:08:09 fetching corpus: 153, signal 3866/17666/27779 (executing program)
2023/03/08 10:08:10 fetching corpus: 153, signal 3866/17666/28781 (executing program)
2023/03/08 10:08:10 fetching corpus: 153, signal 3866/17666/29817 (executing program)
2023/03/08 10:08:10 fetching corpus: 153, signal 3866/17666/30841 (executing program)
2023/03/08 10:08:10 fetching corpus: 153, signal 3866/17666/31874 (executing program)
2023/03/08 10:08:10 fetching corpus: 153, signal 3866/17666/32943 (executing program)
2023/03/08 10:08:10 fetching corpus: 153, signal 3866/17666/33972 (executing program)
2023/03/08 10:08:10 fetching corpus: 153, signal 3866/17666/34077 (executing program)
2023/03/08 10:08:10 fetching corpus: 153, signal 3866/17666/34077 (executing program)
2023/03/08 10:08:10 starting 1 fuzzer processes
2023/03/08 10:08:10 ----- generateCall 2343 link link
2023/03/08 10:08:10 ----- generateCall 2360 lsetxattr$trusted_overlay_opaque lsetxattr$trusted_overlay_opaque
2023/03/08 10:08:10 ----- generateCall 3673 setxattr$trusted_overlay_nlink setxattr$trusted_overlay_nlink
2023/03/08 10:08:10 ----- generateCall 2462 openat openat
2023/03/08 10:08:10 ----- generateCall 215 fcntl$setstatus fcntl$setstatus
2023/03/08 10:08:10 ----- generateCall 206 fcntl$getownex fcntl$getownex
2023/03/08 10:08:10 ----- generateCall 207 fcntl$lock fcntl$lock
2023/03/08 10:08:10 ----- generateCall 2341 lchown lchown
2023/03/08 10:08:10 ----- generateCall 2356 lsetxattr$security_smack_transmute lsetxattr$security_smack_transmute
2023/03/08 10:08:10 ----- generateCall 198 fcntl$F_GET_FILE_RW_HINT fcntl$F_GET_FILE_RW_HINT
2023/03/08 10:08:10 ----- generateCall 3967 truncate truncate
2023/03/08 10:08:10 ----- generateCall 3665 setxattr$incfs_size setxattr$incfs_size
2023/03/08 10:08:10 ----- generateCall 2364 lsetxattr$user lsetxattr$user
2023/03/08 10:08:10 ----- generateCall 2749 pwrite64 pwrite64
2023/03/08 10:08:10 ----- generateCall 236 fsetxattr$security_smack_transmute fsetxattr$security_smack_transmute
2023/03/08 10:08:10 ----- generateCall 2781 readlinkat readlinkat
2023/03/08 10:08:10 map[./file0:true ./file0/file0:true]
2023/03/08 10:08:10 HasCrashFail: false, .HasNetFail: false
2023/03/08 10:08:10 prog length: 20
2023/03/08 10:08:10 HasCrashFail:false HasNetFail:false
10:08:10 ---executing program 0:
---
---
---
link(&(0x7f0000000000)='./file0\x00', &(0x7f0000000040)='./file0\x00')
lsetxattr$trusted_overlay_opaque(&(0x7f0000000080)='./file0\x00', &(0x7f00000000c0), &(0x7f0000000100), 0x2, 0x3)
setxattr$trusted_overlay_nlink(&(0x7f0000000140)='./file0\x00', &(0x7f0000000180), &(0x7f00000001c0)={'L+', 0x400}, 0x16, 0x2)
r0 = openat(0xffffffffffffff9c, &(0x7f0000000200)='./file0\x00', 0x20080, 0x14f)
r1 = fcntl$dupfd(r0, 0x406, r0)
fcntl$setstatus(r1, 0x4, 0x800)
r2 = openat(r1, &(0x7f0000000240)='./file0\x00', 0x101a80, 0x0)
fcntl$getownex(r2, 0x10, &(0x7f0000000280)={0x0, <r3=>0x0})
fcntl$lock(r0, 0x5, &(0x7f00000002c0)={0x1, 0x2, 0x7, 0x4, r3})
stat(&(0x7f0000000340)='./file0\x00', &(0x7f0000000380)={0x0, 0x0, 0x0, 0x0, 0x0, <r4=>0x0})
lchown(&(0x7f0000000300)='./file0\x00', 0xee00, r4)
lsetxattr$security_smack_transmute(&(0x7f0000000400)='./file0\x00', &(0x7f0000000440), &(0x7f0000000480), 0x4, 0x2)
r5 = dup2(r1, r1)
fcntl$F_GET_FILE_RW_HINT(r5, 0x40d, &(0x7f00000004c0))
truncate(&(0x7f0000000500)='./file0\x00', 0x5)
setxattr$incfs_size(&(0x7f0000000540)='./file0\x00', &(0x7f0000000580), &(0x7f00000005c0)=0x1, 0x8, 0x2)
lsetxattr$user(&(0x7f0000000600)='./file0/file0\x00', &(0x7f0000000640), &(0x7f0000000680)='trusted.overlay.opaque\x00', 0x17, 0x3)
pwrite64(r2, &(0x7f00000006c0)="cd598789e74309aa90618cc377e4a7f1c2add3a5165fd7a6829cb957c49eb30c9a55f8607af7964f3f99d6cbbc027537241e07204040f419d00139bff137735876b62b6442465a178e0b858dc566c245aaef0f5c1a606d6045a1892dc0b3629abfecc7136f95f1348ef6dc0fe62125f09330f4840632d08ea2b33ece3bdefd48dd66e71b89ae95a5d1b6c754cf31478a6ee881c6cd0f0ced15e1fd29737664aa06e7b4b8c78d44671fa5620452ab567d29948cac", 0xb4, 0x65fe)
fsetxattr$security_smack_transmute(r1, &(0x7f0000000780), &(0x7f00000007c0), 0x4, 0x0)
readlinkat(r2, &(0x7f0000000800)='./file0\x00', &(0x7f0000000840)=""/106, 0x6a)
---

end of program
2023/03/08 10:08:10 -----run executor: [/usr/bin/ssh -F /dev/null -o ConnectionAttempts=100 -o ConnectTimeout=120 -o UserKnownHostsFile=/dev/null -o BatchMode=yes -o IdentitiesOnly=yes -o StrictHostKeyChecking=no -o ConnectTimeout=100 -i /home/tlyu/dfs-fuzzing/disk-images/orangefs-images/focal.id_rsa root@192.168.0.35 /root/syz-executor exec 0 0 orangefs 3 4 192.168.0.35 0 "3 1" false false false true false]
2023/03/08 10:08:10 -----run executor: [/usr/bin/ssh -F /dev/null -o ConnectionAttempts=100 -o ConnectTimeout=120 -o UserKnownHostsFile=/dev/null -o BatchMode=yes -o IdentitiesOnly=yes -o StrictHostKeyChecking=no -o ConnectTimeout=100 -i /home/tlyu/dfs-fuzzing/disk-images/orangefs-images/focal.id_rsa root@192.168.0.36 /root/syz-executor exec 0 1 orangefs 3 4 192.168.0.35 0 "3 1" false false false true false]
2023/03/08 10:08:10 -----run executor: [/usr/bin/ssh -F /dev/null -o ConnectionAttempts=100 -o ConnectTimeout=120 -o UserKnownHostsFile=/dev/null -o BatchMode=yes -o IdentitiesOnly=yes -o StrictHostKeyChecking=no -o ConnectTimeout=100 -i /home/tlyu/dfs-fuzzing/disk-images/orangefs-images/focal.id_rsa root@192.168.0.37 /root/syz-executor exec 0 2 orangefs 3 4 192.168.0.35 0 "3 1" false false false true false]
2023/03/08 10:08:10 -----run executor: [/usr/bin/ssh -F /dev/null -o ConnectionAttempts=100 -o ConnectTimeout=120 -o UserKnownHostsFile=/dev/null -o BatchMode=yes -o IdentitiesOnly=yes -o StrictHostKeyChecking=no -o ConnectTimeout=100 -i /home/tlyu/dfs-fuzzing/disk-images/orangefs-images/focal.id_rsa root@192.168.0.38 /root/syz-executor exec 1 3 orangefs 3 4 192.168.0.35 0 "3 1" false false false true false]
Warning: Permanently added '192.168.0.35' (ECDSA) to the list of known hosts.
Warning: Permanently added '192.168.0.37' (ECDSA) to the list of known hosts.
Warning: Permanently added '192.168.0.36' (ECDSA) to the list of known hosts.
Warning: Permanently added '192.168.0.38' (ECDSA) to the list of known hosts.
----- is restarting 0
---- dfs_name orangefs is_dfs_client 0
unlink FIFO failed: No such file or directory
executor 1 finishes userspace_cover_open
before receiving handshake request
req.flags ea2
[    0.000000] kernel: Linux version 5.15.0+ (tlyu@IC-RS3-DPC07) (gcc (Ubuntu 9.4.0-1ubuntu1~20.04.1) 9.4.0, GNU ld (GNU Binutils for Ubuntu) 2.34) #7 SMP Sat Feb 18 10:18:37 CET 2023
[    0.000000] kernel: Command line: root=/dev/sda console=ttyS0 net.ifnames=0 ip=192.168.0.36 quiet
[    0.000000] kernel: x86/fpu: Supporting XSAVE feature 0x001: 'x87 floating point registers'
[    0.000000] kernel: x86/fpu: Supporting XSAVE feature 0x002: 'SSE registers'
[    0.000000] kernel: x86/fpu: Supporting XSAVE feature 0x004: 'AVX registers'
[    0.000000] kernel: x86/fpu: Supporting XSAVE feature 0x020: 'AVX-512 opmask'
[    0.000000] kernel: x86/fpu: Supporting XSAVE feature 0x040: 'AVX-512 Hi256'
[    0.000000] kernel: x86/fpu: Supporting XSAVE feature 0x080: 'AVX-512 ZMM_Hi256'
[    0.000000] kernel: x86/fpu: Supporting XSAVE feature 0x200: 'Protection Keys User registers'
[    0.000000] kernel: x86/fpu: xstate_offset[2]:  576, xstate_sizes[2]:  256
[    0.000000] kernel: x86/fpu: xstate_----- is restarting 0
---- dfs_name orangefs is_dfs_client 0
unlink FIFO failed: No such file or directory
executor 0 finishes userspace_cover_open
before receiving handshake request
[    0.000000] kernel: Linux version 5.15.0+ (tlyu@IC-RS3-DPC07) (gcc (Ubuntu 9.4.0-1ubuntu1~20.04.1) 9.4.0, GNU ld (GNU Binutils for Ubuntu) 2.34) #7 SMP Sat Feb 18 10:18:37 CET 2023
[    0.000000] kernel: Command line: root=/dev/sda console=ttyS0 net.ifnames=0 ip=192.168.0.35 quiet
[    0.000000] kernel: x86/fpu: Supporting XSAVE feature 0x001: 'x87 floating point registers'
[    0.000000] kernel: x86/fpu: Supporting XSAVE feature 0x002: 'SSE registers'
[    0.000000] kernel: x86/fpu: Supporting XSAVE feature 0x004: 'AVX registers'
[    0.000000] kernel: x86/fpu: Supporting XSAVE feature 0x020: 'AVX-512 opmask'
[    0.000000] kernel: x86/fpu: Supporting XSAVE feature 0x040: 'AVX-512 Hi256'
[    0.000000] kernel: x86/fpu: Supporting XSAVE feature 0x080: 'AVX-512 ZMM_Hi256'
[    0.000000] kernel: x86/fpu: Supporting XSAVE feature 0x200: 'Protection Keys User registers'
[    0.000000] kernel: x86/fpu: xstate_offset[2]:  576, xstate_sizes[2]:  256
[    0.000000] kernel: x86/fpu: xstate_[D 01/16/2023 17:42:13] PVFS2 Server version 2.9.7-orangefs-REV-65ab0d2 starting.
[E 01/16/2023 17:43:19] PVFS2 server got signal 15 (server_status_flag: 2080767)
[D 02/18/2023 14:39:31] PVFS2 Server version 2.9.7-orangefs-REV-65ab0d2 starting.
[D 02/18/2023 14:47:30] PVFS2 received server: signal 1
[E 02/18/2023 14:47:30] PVFS2 server got signal 15 (server_status_flag: 2080767)
[D 01/16/2023 17:42:13] PVFS2 Server version 2.9.7-orangefs-REV-65ab0d2 starting.
[E 01/16/2023 17:43:19] PVFS2 server got signal 15 (server_status_flag: 2080767)
[D 02/18/2023 14:39:31] PVFS2 Server version 2.9.7-orangefs-REV-65ab0d2 starting.
[D 02/18/2023 14:47:30] PVFS2 received server: signal 1
[E 02/18/2023 14:47:30] PVFS2 server got signal 15 (server_status_flag: 2080767)
----- is restarting 0
---- dfs_name orangefs is_dfs_client 0
offset[5]:  832, xstate_sizes[5]:   64
[    0.000000] kernel: x86/fpu: xstate_offset[6]:  896, xstate_sizes[6]:  512
[    0.000000] kernel: x86/fpu: xstate_offset[7]: 1408, xstate_sizes[7]: 1024
[    0.000000] kernel: x86/fpu: xstate_offset[9]: 2432, xstate_sizes[9]:    8
[    0.000000] kernel: x86/fpu: Enabled xstate features 0x2e7, context size is 2440 bytes, using 'compacted' format.
[    0.000000] kernel: signal: max sigframe size: 3632
[    0.000000] kernel: BIOS-provided physical RAM map:
[    0.000000] kernel: BIOS-e820: [mem 0x0000000000000000-0x000000000009fbff] usable
[    0.000000] kernel: BIOS-e820: [mem 0x000000000009fc00-0x000000000009ffff] reserved
[    0.000000] kernel: BIOS-e820: [mem 0x00000000000f0000-0x00000000000fffff] reserved
[    0.000000] kernel: BIOS-e820: [mem 0x0000000000100000-0x00000000bffdffff] usable
[    0.000000] kernel: BIOS-e820: [mem 0x00000000bffe0000-0x00000000bfffffff] reserved
[    0.000000] kernel: BIOS-e820: [mem 0x00000000feffc000-0x00000000unlink FIFO failed: No such file or directory
executor 2 finishes userspace_cover_open
before receiving handshake request
req.flags ea2
[D 01/16/2023 17:42:13] PVFS2 Server version 2.9.7-orangefs-REV-65ab0d2 starting.
[E 01/16/2023 17:43:19] PVFS2 server got signal 15 (server_status_flag: 2080767)
[D 02/18/2023 14:39:31] PVFS2 Server version 2.9.7-orangefs-REV-65ab0d2 starting.
[D 02/18/2023 14:47:30] PVFS2 received server: signal 1
[E 02/18/2023 14:47:30] PVFS2 server got signal 15 (server_status_flag: 2080767)
[    0.000000] kernel: Linux version 5.15.0+ (tlyu@IC-RS3-DPC07) (gcc (Ubuntu 9.4.0-1ubuntu1~20.04.1) 9.4.0, GNU ld (GNU Binutils for Ubuntu) 2.34) #7 SMP Sat Feb 18 10:18:37 CET 2023
[    0.000000] kernel: Command line: root=/dev/sda console=ttyS0 net.ifnames=0 ip=192.168.0.37 quiet
[    0.000000] kernel: x86/fpu: Supporting XSAVE feature 0x001: 'x87 floating point registers'
[    0.000000] kernel: x86/fpu: Supporting XSAVE feature 0x002: 'SSE registers'
[    0.000000] kernel: x86/fpu: Supporting XSAVE feature 0x004: 'AVX registers'
[    0.000000] kernel: x86/fpu: Supporting XSAVE feature 0x020: 'AVX-512 opmask'
[    0.000000] kernel: x86/fpu: Supporting XSAVE feature 0x040: 'AVX-512 Hi256'
[    0.000000] kernel: x86/fpu: Supporting XSAVE feature 0x080: 'AVX-512 ZMM_Hi256'
[    0.000000] kernel: x86/fpu: Supporting XSAVE feature 0x200: 'Protection Keys User registers'
[    0.000000] kernel: x86/fpu: xstate_offset[2]:  576, xstate_sizes[2]:  256
[    0.000000] kernel: x86/fpu: xstate_----- is restarting 0
---- dfs_name orangefs is_dfs_client 1
before receiving handshake request
offset[5]:  832, xstate_sizes[5]:   64
[    0.000000] kernel: x86/fpu: xstate_offset[6]:  896, xstate_sizes[6]:  512
[    0.000000] kernel: x86/fpu: xstate_offset[7]: 1408, xstate_sizes[7]: 1024
[    0.000000] kernel: x86/fpu: xstate_offset[9]: 2432, xstate_sizes[9]:    8
[    0.000000] kernel: x86/fpu: Enabled xstate features 0x2e7, context size is 2440 bytes, using 'compacted' format.
[    0.000000] kernel: signal: max sigframe size: 3632
[    0.000000] kernel: BIOS-provided physical RAM map:
[    0.000000] kernel: BIOS-e820: [mem 0x0000000000000000-0x000000000009fbff] usable
[    0.000000] kernel: BIOS-e820: [mem 0x000000000009fc00-0x000000000009ffff] reserved
[    0.000000] kernel: BIOS-e820: [mem 0x00000000000f0000-0x00000000000fffff] reserved
[    0.000000] kernel: BIOS-e820: [mem 0x0000000000100000-0x00000000bffdffff] usable
[    0.000000] kernel: BIOS-e820: [mem 0x00000000bffe0000-0x00000000bfffffff] reserved
[    0.000000] kernel: BIOS-e820: [mem 0x00000000feffc000-0x00000000feffffff] reserved
[    0.000000] kernel: BIOS-e820: [mem 0x00000000fffc0000-0x00000000ffffffff] reserved
[    0.000000] kernel: BIOS-e820: [mem 0x0000000100000000-0x00000002bfffffff] usable
[    0.000000] kernel: NX (Execute Disable) protection: active
[    0.000000] kernel: SMBIOS 2.8 present.
[    0.000000] kernel: DMI: QEMU Standard PC (i440FX + PIIX, 1996), BIOS 1.13.0-1ubuntu1.1 04/01/2014
[    0.000000] kernel: Hypervisor detected: KVM
[    0.000000] kernel: kvm-clock: Using msrs 4b564d01 and 4b564d00
[    0.000000] kernel: kvm-clock: cpu 0, msr 12f66e001, primary cpu clock
[    0.000001] kernel: kvm-clock: using sched offset of 703525169 cycles
[    0.000003] kernel: clocksource: kvm-clock: mask: 0xffffffffffffffff max_cycles: 0x1cd42e4dffb, max_idle_ns: 881590591483 ns
[    0.000005] kernel: tsc: Detected 2593.906 MHz processor
[    0.000447] kernel: e820: update [mem 0x00000000-0x00000fff] usable ==> reserved
[    0.000449] kernel: e820: remove [mem 0x000a0000-0x000fffff] usable
[    0.000452] kernel: last_pfn = 0x2c0000 max_arch_pfn = 0x10000000000
[    0.000507] kernel: x86/PAT: Configuration [0-7]: WB  WC  UC- UC  WB  WP  UC- WT  
[    0.000513] kernel: last_pfn = 0xbffe0 max_arch_pfn = 0x10000000000
[    0.005303] kernel: found SMP MP-table at [mem 0x000f5c80-0x000f5c8f]
[    0.005336] kernel: Using GB pages for direct mapping
[    0.005456] kernel: ACPI: Early table checksum verification disabled
[    0.005461] kernel: ACPI: RSDP 0x00000000000F5A50 000014 (v00 BOCHS )
[    0.005470] kernel: ACPI: RSDT 0x00000000BFFE15C9 000030 (v01 BOCHS  BXPCRSDT 00000001 BXPC 00000001)
[    0.005475] kernel: ACPI: FACP 0x00000000BFFE149D 000074 (v01 BOCHS  BXPCFACP 00000001 BXPC 00000001)
[    0.005480] kernel: ACPI: DSDT 0x00000000BFFE0040 00145D (v01 BOCHS  BXPCDSDT 00000001 BXPC 00000001)
[    0.005483] kernel: ACPI: FACS 0x00000000BFFE0000 000040
[    0.005485] kernel: ACPI: APIC 0x00000000BFFE1511 000080 (v01 BOCHS  BXPCAPIC 00000001 BXPC 00000001)
[    0.005[    0.000000] kernel: Linux version 5.15.0+ (tlyu@IC-RS3-DPC07) (gcc (Ubuntu 9.4.0-1ubuntu1~20.04.1) 9.4.0, GNU ld (GNU Binutils for Ubuntu) 2.34) #7 SMP Sat Feb 18 10:18:37 CET 2023
[    0.000000] kernel: Command line: root=/dev/sda console=ttyS0 net.ifnames=0 ip=192.168.0.38 quiet
[    0.000000] kernel: x86/fpu: Supporting XSAVE feature 0x001: 'x87 floating point registers'
[    0.000000] kernel: x86/fpu: Supporting XSAVE feature 0x002: 'SSE registers'
[    0.000000] kernel: x86/fpu: Supporting XSAVE feature 0x004: 'AVX registers'
[    0.000000] kernel: x86/fpu: Supporting XSAVE feature 0x020: 'AVX-512 opmask'
[    0.000000] kernel: x86/fpu: Supporting XSAVE feature 0x040: 'AVX-512 Hi256'
[    0.000000] kernel: x86/fpu: Supporting XSAVE feature 0x080: 'AVX-512 ZMM_Hi256'
[    0.000000] kernel: x86/fpu: Supporting XSAVE feature 0x200: 'Protection Keys User registers'
[    0.000000] kernel: x86/fpu: xstate_offset[2]:  576, xstate_sizes[2]:  256
[    0.000000] kernel: x86/fpu: xstate_488] kernel: ACPI: HPET 0x00000000BFFE1591 000038 (v01 BOCHS  BXPCHPET 00000001 BXPC 00000001)
[    0.005490] kernel: ACPI: Reserving FACP table memory at [mem 0xbffe149d-0xbffe1510]
[    0.005491] kernel: ACPI: Reserving DSDT table memory at [mem 0xbffe0040-0xbffe149c]
[    0.005492] kernel: ACPI: Reserving FACS table memory at [mem 0xbffe0000-0xbffe003f]
[    0.005492] kernel: ACPI: Reserving APIC table memory at [mem 0xbffe1511-0xbffe1590]
[    0.005493] kernel: ACPI: Reserving HPET table memory at [mem 0xbffe1591-0xbffe15c8]
[    0.021786] kernel: No NUMA configuration found
[    0.021789] kernel: Faking a node at [mem 0x0000000000000000-0x00000002bfffffff]
[    0.021793] kernel: NODE_DATA(0) allocated [mem 0x2bfffc000-0x2bfffffff]
[    0.022706] kernel: Zone ranges:
[    0.022708] kernel:   DMA      [mem 0x0000000000001000-0x0000000000ffffff]
[    0.022710] kernel:   DMA32    [mem 0x0000000001000000-0x00000000ffffffff]
[    0.022711] kernel:   Normal   [mem 0x0000000100000000-0x0offset[5]:  832, xstate_sizes[5]:   64
[    0.000000] kernel: x86/fpu: xstate_offset[6]:  896, xstate_sizes[6]:  512
[    0.000000] kernel: x86/fpu: xstate_offset[7]: 1408, xstate_sizes[7]: 1024
[    0.000000] kernel: x86/fpu: xstate_offset[9]: 2432, xstate_sizes[9]:    8
[    0.000000] kernel: x86/fpu: Enabled xstate features 0x2e7, context size is 2440 bytes, using 'compacted' format.
[    0.000000] kernel: signal: max sigframe size: 3632
[    0.000000] kernel: BIOS-provided physical RAM map:
[    0.000000] kernel: BIOS-e820: [mem 0x0000000000000000-0x000000000009fbff] usable
[    0.000000] kernel: BIOS-e820: [mem 0x000000000009fc00-0x000000000009ffff] reserved
[    0.000000] kernel: BIOS-e820: [mem 0x00000000000f0000-0x00000000000fffff] reserved
[    0.000000] kernel: BIOS-e820: [mem 0x0000000000100000-0x00000000bffdffff] usable
[    0.000000] kernel: BIOS-e820: [mem 0x00000000bffe0000-0x00000000bfffffff] reserved
[    0.000000] kernel: BIOS-e820: [mem 0x00000000feffc000-0x000000000000002bfffffff]
[    0.022712] kernel: Movable zone start for each node
[    0.022713] kernel: Early memory node ranges
[    0.022713] kernel:   node   0: [mem 0x0000000000001000-0x000000000009efff]
[    0.022715] kernel:   node   0: [mem 0x0000000000100000-0x00000000bffdffff]
[    0.022716] kernel:   node   0: [mem 0x0000000100000000-0x00000002bfffffff]
[    0.022717] kernel: Initmem setup node 0 [mem 0x0000000000001000-0x00000002bfffffff]
[    0.023414] kernel: On node 0, zone DMA: 1 pages in unavailable ranges
[    0.023425] kernel: On node 0, zone DMA: 97 pages in unavailable ranges
[    0.169432] kernel: On node 0, zone Normal: 32 pages in unavailable ranges
[    1.359453] kernel: kasan: KernelAddressSanitizer initialized
[    1.359798] kernel: ACPI: PM-Timer IO Port: 0x608
[    1.359808] kernel: ACPI: LAPIC_NMI (acpi_id[0xff] dfl dfl lint[0x1])
[    1.359847] kernel: IOAPIC[0]: apic_id 0, version 17, address 0xfec00000, GSI 0-23
[    1.359850] kernel: ACPI: INT_SRC_OVR (bus 0 boffset[5]:  832, xstate_sizes[5]:   64
[    0.000000] kernel: x86/fpu: xstate_offset[6]:  896, xstate_sizes[6]:  512
[    0.000000] kernel: x86/fpu: xstate_offset[7]: 1408, xstate_sizes[7]: 1024
[    0.000000] kernel: x86/fpu: xstate_offset[9]: 2432, xstate_sizes[9]:    8
[    0.000000] kernel: x86/fpu: Enabled xstate features 0x2e7, context size is 2440 bytes, using 'compacted' format.
[    0.000000] kernel: signal: max sigframe size: 3632
[    0.000000] kernel: BIOS-provided physical RAM map:
[    0.000000] kernel: BIOS-e820: [mem 0x0000000000000000-0x000000000009fbff] usable
[    0.000000] kernel: BIOS-e820: [mem 0x000000000009fc00-0x000000000009ffff] reserved
[    0.000000] kernel: BIOS-e820: [mem 0x00000000000f0000-0x00000000000fffff] reserved
[    0.000000] kernel: BIOS-e820: [mem 0x0000000000100000-0x00000000bffdffff] usable
[    0.000000] kernel: BIOS-e820: [mem 0x00000000bffe0000-0x00000000bfffffff] reserved
[    0.000000] kernel: BIOS-e820: [mem 0x00000000feffc000-0x00000000req.flags ea2
feffffff] reserved
[    0.000000] kernel: BIOS-e820: [mem 0x00000000fffc0000-0x00000000ffffffff] reserved
[    0.000000] kernel: BIOS-e820: [mem 0x0000000100000000-0x00000002bfffffff] usable
[    0.000000] kernel: NX (Execute Disable) protection: active
[    0.000000] kernel: SMBIOS 2.8 present.
[    0.000000] kernel: DMI: QEMU Standard PC (i440FX + PIIX, 1996), BIOS 1.13.0-1ubuntu1.1 04/01/2014
[    0.000000] kernel: Hypervisor detected: KVM
[    0.000000] kernel: kvm-clock: Using msrs 4b564d01 and 4b564d00
[    0.000000] kernel: kvm-clock: cpu 0, msr 9746e001, primary cpu clock
[    0.000002] kernel: kvm-clock: using sched offset of 385080102 cycles
[    0.000003] kernel: clocksource: kvm-clock: mask: 0xffffffffffffffff max_cycles: 0x1cd42e4dffb, max_idle_ns: 881590591483 ns
[    0.000005] kernel: tsc: Detected 2593.906 MHz processor
[    0.000426] kernel: e820: update [mem 0x00000000-0x00000fff] usable ==> reserved
[    0.000428] kernel: e820: remove [mem 0x000a0000-0x000fffff] usafeffffff] reserved
[    0.000000] kernel: BIOS-e820: [mem 0x00000000fffc0000-0x00000000ffffffff] reserved
[    0.000000] kernel: BIOS-e820: [mem 0x0000000100000000-0x00000002bfffffff] usable
[    0.000000] kernel: NX (Execute Disable) protection: active
[    0.000000] kernel: SMBIOS 2.8 present.
[    0.000000] kernel: DMI: QEMU Standard PC (i440FX + PIIX, 1996), BIOS 1.13.0-1ubuntu1.1 04/01/2014
[    0.000000] kernel: Hypervisor detected: KVM
[    0.000000] kernel: kvm-clock: Using msrs 4b564d01 and 4b564d00
[    0.000000] kernel: kvm-clock: cpu 0, msr 22ac6e001, primary cpu clock
[    0.000001] kernel: kvm-clock: using sched offset of 795236858 cycles
[    0.000003] kernel: clocksource: kvm-clock: mask: 0xffffffffffffffff max_cycles: 0x1cd42e4dffb, max_idle_ns: 881590591483 ns
[    0.000005] kernel: tsc: Detected 2593.906 MHz processor
[    0.000422] kernel: e820: update [mem 0x00000000-0x00000fff] usable ==> reserved
[    0.000424] kernel: e820: remove [mem 0x000a0000-0x000fffff] us[D 01/16/2023 17:42:13] PVFS2 Server version 2.9.7-orangefs-REV-65ab0d2 starting.
[E 01/16/2023 17:43:19] PVFS2 server got signal 15 (server_status_flag: 2080767)
[D 02/18/2023 14:39:31] PVFS2 Server version 2.9.7-orangefs-REV-65ab0d2 starting.
[D 02/18/2023 14:47:30] PVFS2 received server: signal 1
[E 02/18/2023 14:47:30] PVFS2 server got signal 15 (server_status_flag: 2080767)
ble
[    0.000431] kernel: last_pfn = 0x2c0000 max_arch_pfn = 0x10000000000
[    0.000477] kernel: x86/PAT: Configuration [0-7]: WB  WC  UC- UC  WB  WP  UC- WT  
[    0.000482] kernel: last_pfn = 0xbffe0 max_arch_pfn = 0x10000000000
[    0.005687] kernel: found SMP MP-table at [mem 0x000f5c80-0x000f5c8f]
[    0.005713] kernel: Using GB pages for direct mapping
[    0.006411] kernel: ACPI: Early table checksum verification disabled
[    0.006416] kernel: ACPI: RSDP 0x00000000000F5A50 000014 (v00 BOCHS )
[    0.006427] kernel: ACPI: RSDT 0x00000000BFFE15C9 000030 (v01 BOCHS  BXPCRSDT 00000001 BXPC 00000001)
[    0.006432] kernel: ACPI: FACP 0x00000000BFFE149D 000074 (v01 BOCHS  BXPCFACP 00000001 BXPC 00000001)
[    0.006437] kernel: ACPI: DSDT 0x00000000BFFE0040 00145D (v01 BOCHS  BXPCDSDT 00000001 BXPC 00000001)
[    0.006440] kernel: ACPI: FACS 0x00000000BFFE0000 000040
[    0.006442] kernel: ACPI: APIC 0x00000000BFFE1511 000080 (v01 BOCHS  BXPCAPIC 00000001 BXPC 00000001)
[    0.0064able
[    0.000426] kernel: last_pfn = 0x2c0000 max_arch_pfn = 0x10000000000
[    0.000473] kernel: x86/PAT: Configuration [0-7]: WB  WC  UC- UC  WB  WP  UC- WT  
[    0.000478] kernel: last_pfn = 0xbffe0 max_arch_pfn = 0x10000000000
[    0.026975] kernel: found SMP MP-table at [mem 0x000f5c80-0x000f5c8f]
[    0.027014] kernel: Using GB pages for direct mapping
[    0.027125] kernel: ACPI: Early table checksum verification disabled
[    0.027129] kernel: ACPI: RSDP 0x00000000000F5A50 000014 (v00 BOCHS )
[    0.027143] kernel: ACPI: RSDT 0x00000000BFFE15C9 000030 (v01 BOCHS  BXPCRSDT 00000001 BXPC 00000001)
[    0.027149] kernel: ACPI: FACP 0x00000000BFFE149D 000074 (v01 BOCHS  BXPCFACP 00000001 BXPC 00000001)
[    0.027154] kernel: ACPI: DSDT 0x00000000BFFE0040 00145D (v01 BOCHS  BXPCDSDT 00000001 BXPC 00000001)
[    0.027156] kernel: ACPI: FACS 0x00000000BFFE0000 000040
[    0.027159] kernel: ACPI: APIC 0x00000000BFFE1511 000080 (v01 BOCHS  BXPCAPIC 00000001 BXPC 00000001)
[    0.02744] kernel: ACPI: HPET 0x00000000BFFE1591 000038 (v01 BOCHS  BXPCHPET 00000001 BXPC 00000001)
[    0.006446] kernel: ACPI: Reserving FACP table memory at [mem 0xbffe149d-0xbffe1510]
[    0.006447] kernel: ACPI: Reserving DSDT table memory at [mem 0xbffe0040-0xbffe149c]
[    0.006448] kernel: ACPI: Reserving FACS table memory at [mem 0xbffe0000-0xbffe003f]
[    0.006449] kernel: ACPI: Reserving APIC table memory at [mem 0xbffe1511-0xbffe1590]
[    0.006449] kernel: ACPI: Reserving HPET table memory at [mem 0xbffe1591-0xbffe15c8]
[    0.006708] kernel: No NUMA configuration found
[    0.006709] kernel: Faking a node at [mem 0x0000000000000000-0x00000002bfffffff]
[    0.006712] kernel: NODE_DATA(0) allocated [mem 0x2bfffa000-0x2bfffdfff]
[    0.006764] kernel: Zone ranges:
[    0.006765] kernel:   DMA      [mem 0x0000000000001000-0x0000000000ffffff]
[    0.006766] kernel:   DMA32    [mem 0x0000000001000000-0x00000000ffffffff]
[    0.006767] kernel:   Normal   [mem 0x0000000100000000-0x00161] kernel: ACPI: HPET 0x00000000BFFE1591 000038 (v01 BOCHS  BXPCHPET 00000001 BXPC 00000001)
[    0.027163] kernel: ACPI: Reserving FACP table memory at [mem 0xbffe149d-0xbffe1510]
[    0.027165] kernel: ACPI: Reserving DSDT table memory at [mem 0xbffe0040-0xbffe149c]
[    0.027166] kernel: ACPI: Reserving FACS table memory at [mem 0xbffe0000-0xbffe003f]
[    0.027167] kernel: ACPI: Reserving APIC table memory at [mem 0xbffe1511-0xbffe1590]
[    0.027167] kernel: ACPI: Reserving HPET table memory at [mem 0xbffe1591-0xbffe15c8]
[    0.027429] kernel: No NUMA configuration found
[    0.027430] kernel: Faking a node at [mem 0x0000000000000000-0x00000002bfffffff]
[    0.027434] kernel: NODE_DATA(0) allocated [mem 0x2bfffc000-0x2bfffffff]
[    0.028137] kernel: Zone ranges:
[    0.028138] kernel:   DMA      [mem 0x0000000000001000-0x0000000000ffffff]
[    0.028140] kernel:   DMA32    [mem 0x0000000001000000-0x00000000ffffffff]
[    0.028141] kernel:   Normal   [mem 0x0000000100000000-0x0000002bfffffff]
[    0.006768] kernel: Movable zone start for each node
[    0.006769] kernel: Early memory node ranges
[    0.006769] kernel:   node   0: [mem 0x0000000000001000-0x000000000009efff]
[    0.006770] kernel:   node   0: [mem 0x0000000000100000-0x00000000bffdffff]
[    0.006771] kernel:   node   0: [mem 0x0000000100000000-0x00000002bfffffff]
[    0.006772] kernel: Initmem setup node 0 [mem 0x0000000000001000-0x00000002bfffffff]
[    0.007332] kernel: On node 0, zone DMA: 1 pages in unavailable ranges
[    0.007343] kernel: On node 0, zone DMA: 97 pages in unavailable ranges
[    0.074473] kernel: On node 0, zone Normal: 32 pages in unavailable ranges
[    0.565653] kernel: kasan: KernelAddressSanitizer initialized
[    0.565981] kernel: ACPI: PM-Timer IO Port: 0x608
[    0.565988] kernel: ACPI: LAPIC_NMI (acpi_id[0xff] dfl dfl lint[0x1])
[    0.566023] kernel: IOAPIC[0]: apic_id 0, version 17, address 0xfec00000, GSI 0-23
[    0.566026] kernel: ACPI: INT_SRC_OVR (bus 0 bu0000002bfffffff]
[    0.028143] kernel: Movable zone start for each node
[    0.028143] kernel: Early memory node ranges
[    0.028144] kernel:   node   0: [mem 0x0000000000001000-0x000000000009efff]
[    0.028145] kernel:   node   0: [mem 0x0000000000100000-0x00000000bffdffff]
[    0.028146] kernel:   node   0: [mem 0x0000000100000000-0x00000002bfffffff]
[    0.028147] kernel: Initmem setup node 0 [mem 0x0000000000001000-0x00000002bfffffff]
[    0.031017] kernel: On node 0, zone DMA: 1 pages in unavailable ranges
[    0.031030] kernel: On node 0, zone DMA: 97 pages in unavailable ranges
[    0.204235] kernel: On node 0, zone Normal: 32 pages in unavailable ranges
[    0.854355] kernel: kasan: KernelAddressSanitizer initialized
[    0.854691] kernel: ACPI: PM-Timer IO Port: 0x608
[    0.854699] kernel: ACPI: LAPIC_NMI (acpi_id[0xff] dfl dfl lint[0x1])
[    0.854736] kernel: IOAPIC[0]: apic_id 0, version 17, address 0xfec00000, GSI 0-23
[    0.854739] kernel: ACPI: INT_SRC_OVR (bus 0 bs_irq 0 global_irq 2 dfl dfl)
[    0.566027] kernel: ACPI: INT_SRC_OVR (bus 0 bus_irq 5 global_irq 5 high level)
[    0.566028] kernel: ACPI: INT_SRC_OVR (bus 0 bus_irq 9 global_irq 9 high level)
[    0.566030] kernel: ACPI: INT_SRC_OVR (bus 0 bus_irq 10 global_irq 10 high level)
[    0.566031] kernel: ACPI: INT_SRC_OVR (bus 0 bus_irq 11 global_irq 11 high level)
[    0.566033] kernel: ACPI: Using ACPI (MADT) for SMP configuration information
[    0.566034] kernel: ACPI: HPET id: 0x8086a201 base: 0xfed00000
[    0.566037] kernel: TSC deadline timer available
[    0.566038] kernel: smpboot: Allowing 2 CPUs, 0 hotplug CPUs
[    0.566061] kernel: kvm-guest: KVM setup pv remote TLB flush
[    0.566065] kernel: kvm-guest: setup PV sched yield
[    0.566073] kernel: PM: hibernation: Registered nosave memory: [mem 0x00000000-0x00000fff]
[    0.566074] kernel: PM: hibernation: Registered nosave memory: [mem 0x0009f000-0x0009ffff]
[    0.566075] kernel: PM: hibernation: Registered nosave memorus_irq 0 global_irq 2 dfl dfl)
[    0.854740] kernel: ACPI: INT_SRC_OVR (bus 0 bus_irq 5 global_irq 5 high level)
[    0.854742] kernel: ACPI: INT_SRC_OVR (bus 0 bus_irq 9 global_irq 9 high level)
[    0.854743] kernel: ACPI: INT_SRC_OVR (bus 0 bus_irq 10 global_irq 10 high level)
[    0.854744] kernel: ACPI: INT_SRC_OVR (bus 0 bus_irq 11 global_irq 11 high level)
[    0.854746] kernel: ACPI: Using ACPI (MADT) for SMP configuration information
[    0.854747] kernel: ACPI: HPET id: 0x8086a201 base: 0xfed00000
[    0.854751] kernel: TSC deadline timer available
[    0.854752] kernel: smpboot: Allowing 2 CPUs, 0 hotplug CPUs
[    0.854772] kernel: kvm-guest: KVM setup pv remote TLB flush
[    0.854776] kernel: kvm-guest: setup PV sched yield
[    0.854783] kernel: PM: hibernation: Registered nosave memory: [mem 0x00000000-0x00000fff]
[    0.854785] kernel: PM: hibernation: Registered nosave memory: [mem 0x0009f000-0x0009ffff]
[    0.854786] kernel: PM: hibernation: Registered nosave memoy: [mem 0x000a0000-0x000effff]
[    0.566076] kernel: PM: hibernation: Registered nosave memory: [mem 0x000f0000-0x000fffff]
[    0.566077] kernel: PM: hibernation: Registered nosave memory: [mem 0xbffe0000-0xbfffffff]
[    0.566078] kernel: PM: hibernation: Registered nosave memory: [mem 0xc0000000-0xfeffbfff]
[    0.566078] kernel: PM: hibernation: Registered nosave memory: [mem 0xfeffc000-0xfeffffff]
[    0.566079] kernel: PM: hibernation: Registered nosave memory: [mem 0xff000000-0xfffbffff]
[    0.566080] kernel: PM: hibernation: Registered nosave memory: [mem 0xfffc0000-0xffffffff]
[    0.566081] kernel: [mem 0xc0000000-0xfeffbfff] available for PCI devices
[    0.566082] kernel: Booting paravirtualized kernel on KVM
[    0.566085] kernel: clocksource: refined-jiffies: mask: 0xffffffff max_cycles: 0xffffffff, max_idle_ns: 1910969940391419 ns
[    0.570010] kernel: setup_percpu: NR_CPUS:64 nr_cpumask_bits:64 nr_cpu_ids:2 nr_node_ids:1
[    0.570821] kernel: percpu: Embedded 56 pary: [mem 0x000a0000-0x000effff]
[    0.854787] kernel: PM: hibernation: Registered nosave memory: [mem 0x000f0000-0x000fffff]
[    0.854788] kernel: PM: hibernation: Registered nosave memory: [mem 0xbffe0000-0xbfffffff]
[    0.854789] kernel: PM: hibernation: Registered nosave memory: [mem 0xc0000000-0xfeffbfff]
[    0.854789] kernel: PM: hibernation: Registered nosave memory: [mem 0xfeffc000-0xfeffffff]
[    0.854790] kernel: PM: hibernation: Registered nosave memory: [mem 0xff000000-0xfffbffff]
[    0.854791] kernel: PM: hibernation: Registered nosave memory: [mem 0xfffc0000-0xffffffff]
[    0.854792] kernel: [mem 0xc0000000-0xfeffbfff] available for PCI devices
[    0.854793] kernel: Booting paravirtualized kernel on KVM
[    0.854796] kernel: clocksource: refined-jiffies: mask: 0xffffffff max_cycles: 0xffffffff, max_idle_ns: 1910969940391419 ns
[    0.858785] kernel: setup_percpu: NR_CPUS:64 nr_cpumask_bits:64 nr_cpu_ids:2 nr_node_ids:1
[    0.859523] kernel: percpu: Embedded 56 pges/cpu s191576 r8192 d29608 u1048576
[    0.570826] kernel: pcpu-alloc: s191576 r8192 d29608 u1048576 alloc=1*2097152
[    0.570829] kernel: pcpu-alloc: [0] 0 1 
[    0.570853] kernel: kvm-guest: setup async PF for cpu 0
[    0.570858] kernel: kvm-guest: stealtime: cpu 0, msr 26561f140
[    0.570862] kernel: Built 1 zonelists, mobility grouping on.  Total pages: 2580192
[    0.570863] kernel: Policy zone: Normal
[    0.570865] kernel: Kernel command line: root=/dev/sda console=ttyS0 net.ifnames=0 ip=192.168.0.38 quiet
[    0.577077] kernel: Dentry cache hash table entries: 2097152 (order: 12, 16777216 bytes, linear)
[    0.582506] kernel: Inode-cache hash table entries: 1048576 (order: 11, 8388608 bytes, linear)
[    0.582562] kernel: mem auto-init: stack:off, heap alloc:off, heap free:off
[    0.822521] kernel: Memory: 8872644K/10485240K available (14348K kernel code, 2403K rwdata, 3568K rodata, 1384K init, 1732K bss, 1612396K reserved, 0K cma-reserved)
[    0.822613] kernel: SLUB: ages/cpu s191576 r8192 d29608 u1048576
[    0.859528] kernel: pcpu-alloc: s191576 r8192 d29608 u1048576 alloc=1*2097152
[    0.859531] kernel: pcpu-alloc: [0] 0 1 
[    0.859554] kernel: kvm-guest: setup async PF for cpu 0
[    0.859559] kernel: kvm-guest: stealtime: cpu 0, msr 26561f140
[    0.859564] kernel: Built 1 zonelists, mobility grouping on.  Total pages: 2580192
[    0.859566] kernel: Policy zone: Normal
[    0.859567] kernel: Kernel command line: root=/dev/sda console=ttyS0 net.ifnames=0 ip=192.168.0.37 quiet
[    0.865574] kernel: Dentry cache hash table entries: 2097152 (order: 12, 16777216 bytes, linear)
[    0.868708] kernel: Inode-cache hash table entries: 1048576 (order: 11, 8388608 bytes, linear)
[    0.868769] kernel: mem auto-init: stack:off, heap alloc:off, heap free:off
[    1.169148] kernel: Memory: 8872652K/10485240K available (14348K kernel code, 2403K rwdata, 3568K rodata, 1384K init, 1732K bss, 1612388K reserved, 0K cma-reserved)
[    1.169240] kernel: SLUB:HWalign=64, Order=0-3, MinObjects=0, CPUs=2, Nodes=1
[    0.823315] kernel: rcu: Hierarchical RCU implementation.
[    0.823317] kernel: rcu:         RCU event tracing is enabled.
[    0.823318] kernel: rcu:         RCU restricting CPUs from NR_CPUS=64 to nr_cpu_ids=2.
[    0.823320] kernel: rcu: RCU calculated value of scheduler-enlistment delay is 100 jiffies.
[    0.823321] kernel: rcu: Adjusting geometry for rcu_fanout_leaf=16, nr_cpu_ids=2
[    0.825986] kernel: NR_IRQS: 4352, nr_irqs: 440, preallocated irqs: 16
[    0.826189] kernel: random: get_random_bytes called from start_kernel+0x4b1/0x67a with crng_init=0
[    0.830147] kernel: Console: colour VGA+ 80x25
[    0.830190] kernel: printk: console [ttyS0] enabled
[    0.830210] kernel: ACPI: Core revision 20210730
[    0.830353] kernel: clocksource: hpet: mask: 0xffffffff max_cycles: 0xffffffff, max_idle_ns: 19112604467 ns
[    0.830437] kernel: APIC: Switch to symmetric I/O mode setup
[    0.830440] kernel: kvm-guest: setup PV HWalign=64, Order=0-3, MinObjects=0, CPUs=2, Nodes=1
[    1.169951] kernel: rcu: Hierarchical RCU implementation.
[    1.169952] kernel: rcu:         RCU event tracing is enabled.
[    1.169953] kernel: rcu:         RCU restricting CPUs from NR_CPUS=64 to nr_cpu_ids=2.
[    1.169955] kernel: rcu: RCU calculated value of scheduler-enlistment delay is 100 jiffies.
[    1.169956] kernel: rcu: Adjusting geometry for rcu_fanout_leaf=16, nr_cpu_ids=2
[    1.172597] kernel: NR_IRQS: 4352, nr_irqs: 440, preallocated irqs: 16
[    1.172810] kernel: random: get_random_bytes called from start_kernel+0x4b1/0x67a with crng_init=0
[    1.176739] kernel: Console: colour VGA+ 80x25
[    1.176780] kernel: printk: console [ttyS0] enabled
[    1.176800] kernel: ACPI: Core revision 20210730
[    1.176944] kernel: clocksource: hpet: mask: 0xffffffff max_cycles: 0xffffffff, max_idle_ns: 19112604467 ns
[    1.177053] kernel: APIC: Switch to symmetric I/O mode setup
[    1.177056] kernel: kvm-guest: setup Pfeffffff] reserved
[    0.000000] kernel: BIOS-e820: [mem 0x00000000fffc0000-0x00000000ffffffff] reserved
[    0.000000] kernel: BIOS-e820: [mem 0x0000000100000000-0x00000002bfffffff] usable
[    0.000000] kernel: NX (Execute Disable) protection: active
[    0.000000] kernel: SMBIOS 2.8 present.
[    0.000000] kernel: DMI: QEMU Standard PC (i440FX + PIIX, 1996), BIOS 1.13.0-1ubuntu1.1 04/01/2014
[    0.000000] kernel: Hypervisor detected: KVM
[    0.000000] kernel: kvm-clock: Using msrs 4b564d01 and 4b564d00
[    0.000000] kernel: kvm-clock: cpu 0, msr 19546e001, primary cpu clock
[    0.000001] kernel: kvm-clock: using sched offset of 311179936 cycles
[    0.000003] kernel: clocksource: kvm-clock: mask: 0xffffffffffffffff max_cycles: 0x1cd42e4dffb, max_idle_ns: 881590591483 ns
[    0.000004] kernel: tsc: Detected 2593.906 MHz processor
[    0.000420] kernel: e820: update [mem 0x00000000-0x00000fff] usable ==> reserved
[    0.000422] kernel: e820: remove [mem 0x000a0000-0x000fffff] usus_irq 0 global_irq 2 dfl dfl)
[    1.359852] kernel: ACPI: INT_SRC_OVR (bus 0 bus_irq 5 global_irq 5 high level)
[    1.359853] kernel: ACPI: INT_SRC_OVR (bus 0 bus_irq 9 global_irq 9 high level)
[    1.359855] kernel: ACPI: INT_SRC_OVR (bus 0 bus_irq 10 global_irq 10 high level)
[    1.359856] kernel: ACPI: INT_SRC_OVR (bus 0 bus_irq 11 global_irq 11 high level)
[    1.359858] kernel: ACPI: Using ACPI (MADT) for SMP configuration information
[    1.359860] kernel: ACPI: HPET id: 0x8086a201 base: 0xfed00000
[    1.359864] kernel: TSC deadline timer available
[    1.359865] kernel: smpboot: Allowing 2 CPUs, 0 hotplug CPUs
[    1.359892] kernel: kvm-guest: KVM setup pv remote TLB flush
[    1.359897] kernel: kvm-guest: setup PV sched yield
[    1.359906] kernel: PM: hibernation: Registered nosave memory: [mem 0x00000000-0x00000fff]
[    1.359908] kernel: PM: hibernation: Registered nosave memory: [mem 0x0009f000-0x0009ffff]
[    1.359908] kernel: PM: hibernation: Registered nosave memoable
[    0.000425] kernel: last_pfn = 0x2c0000 max_arch_pfn = 0x10000000000
[    0.000474] kernel: x86/PAT: Configuration [0-7]: WB  WC  UC- UC  WB  WP  UC- WT  
[    0.000480] kernel: last_pfn = 0xbffe0 max_arch_pfn = 0x10000000000
[    0.004652] kernel: found SMP MP-table at [mem 0x000f5c80-0x000f5c8f]
[    0.004674] kernel: Using GB pages for direct mapping
[    0.004791] kernel: ACPI: Early table checksum verification disabled
[    0.004794] kernel: ACPI: RSDP 0x00000000000F5A50 000014 (v00 BOCHS )
[    0.004802] kernel: ACPI: RSDT 0x00000000BFFE15C9 000030 (v01 BOCHS  BXPCRSDT 00000001 BXPC 00000001)
[    0.004807] kernel: ACPI: FACP 0x00000000BFFE149D 000074 (v01 BOCHS  BXPCFACP 00000001 BXPC 00000001)
[    0.004812] kernel: ACPI: DSDT 0x00000000BFFE0040 00145D (v01 BOCHS  BXPCDSDT 00000001 BXPC 00000001)
[    0.004814] kernel: ACPI: FACS 0x00000000BFFE0000 000040
[    0.004816] kernel: ACPI: APIC 0x00000000BFFE1511 000080 (v01 BOCHS  BXPCAPIC 00000001 BXPC 00000001)
[    0.004819] kernel: ACPI: HPET 0x00000000BFFE1591 000038 (v01 BOCHS  BXPCHPET 00000001 BXPC 00000001)
[    0.004820] kernel: ACPI: Reserving FACP table memory at [mem 0xbffe149d-0xbffe1510]
[    0.004821] kernel: ACPI: Reserving DSDT table memory at [mem 0xbffe0040-0xbffe149c]
[    0.004822] kernel: ACPI: Reserving FACS table memory at [mem 0xbffe0000-0xbffe003f]
[    0.004822] kernel: ACPI: Reserving APIC table memory at [mem 0xbffe1511-0xbffe1590]
[    0.004823] kernel: ACPI: Reserving HPET table memory at [mem 0xbffe1591-0xbffe15c8]
[    0.005072] kernel: No NUMA configuration found
[    0.005072] kernel: Faking a node at [mem 0x0000000000000000-0x00000002bfffffff]
[    0.005074] kernel: NODE_DATA(0) allocated [mem 0x2bfffc000-0x2bfffffff]
[    0.005768] kernel: Zone ranges:
[    0.005770] kernel:   DMA      [mem 0x0000000000001000-0x0000000000ffffff]
[    0.005771] kernel:   DMA32    [mem 0x0000000001000000-0x00000000ffffffff]
[    0.005772] kernel:   Normal   [mem 0x0000000100000000-0x0ry: [mem 0x000a0000-0x000effff]
[    1.359909] kernel: PM: hibernation: Registered nosave memory: [mem 0x000f0000-0x000fffff]
[    1.359910] kernel: PM: hibernation: Registered nosave memory: [mem 0xbffe0000-0xbfffffff]
[    1.359910] kernel: PM: hibernation: Registered nosave memory: [mem 0xc0000000-0xfeffbfff]
[    1.359911] kernel: PM: hibernation: Registered nosave memory: [mem 0xfeffc000-0xfeffffff]
[    1.359912] kernel: PM: hibernation: Registered nosave memory: [mem 0xff000000-0xfffbffff]
[    1.359912] kernel: PM: hibernation: Registered nosave memory: [mem 0xfffc0000-0xffffffff]
[    1.359914] kernel: [mem 0xc0000000-0xfeffbfff] available for PCI devices
[    1.359916] kernel: Booting paravirtualized kernel on KVM
[    1.359919] kernel: clocksource: refined-jiffies: mask: 0xffffffff max_cycles: 0xffffffff, max_idle_ns: 1910969940391419 ns
[    1.364005] kernel: setup_percpu: NR_CPUS:64 nr_cpumask_bits:64 nr_cpu_ids:2 nr_node_ids:1
[    1.364687] kernel: percpu: Embedded 56 pages/cpu s191576 r8192 d29608 u1048576
[    1.364693] kernel: pcpu-alloc: s191576 r8192 d29608 u1048576 alloc=1*2097152
[    1.364696] kernel: pcpu-alloc: [0] 0 1 
[    1.364721] kernel: kvm-guest: setup async PF for cpu 0
[    1.364726] kernel: kvm-guest: stealtime: cpu 0, msr 26561f140
[    1.364731] kernel: Built 1 zonelists, mobility grouping on.  Total pages: 2580192
[    1.364732] kernel: Policy zone: Normal
[    1.364735] kernel: Kernel command line: root=/dev/sda console=ttyS0 net.ifnames=0 ip=192.168.0.36 quiet
[    1.369616] kernel: Dentry cache hash table entries: 2097152 (order: 12, 16777216 bytes, linear)
[    1.372045] kernel: Inode-cache hash table entries: 1048576 (order: 11, 8388608 bytes, linear)
[    1.372101] kernel: mem auto-init: stack:off, heap alloc:off, heap free:off
[    1.851906] kernel: Memory: 8872652K/10485240K available (14348K kernel code, 2403K rwdata, 3568K rodata, 1384K init, 1732K bss, 1612388K reserved, 0K cma-reserved)
[    1.852009] kernel: SLUB:V IPIs
[    1.177936] kernel: ..TIMER: vector=0x30 apic1=0 pin1=2 apic2=-1 pin2=-1
[    1.177956] kernel: clocksource: tsc-early: mask: 0xffffffffffffffff max_cycles: 0x2563bf907c6, max_idle_ns: 440795319401 ns
[    1.177963] kernel: Calibrating delay loop (skipped) preset value.. 5187.81 BogoMIPS (lpj=2593906)
[    1.177965] kernel: pid_max: default: 32768 minimum: 301
[    1.178960] kernel: LSM: Security Framework initializing
[    1.178973] kernel: SELinux:  Initializing.
[    1.179060] kernel: Mount-cache hash table entries: 32768 (order: 6, 262144 bytes, linear)
[    1.179651] kernel: Mountpoint-cache hash table entries: 32768 (order: 6, 262144 bytes, linear)
[    1.180096] kernel: x86/cpu: User Mode Instruction Prevention (UMIP) activated
[    1.180183] kernel: Last level iTLB entries: 4KB 0, 2MB 0, 4MB 0
[    1.180184] kernel: Last level dTLB entries: 4KB 0, 2MB 0, 4MB 0, 1GB 0
[    1.180196] kernel: Spectre V1 : Mitigation: usercopy/swapgs barriers and __user pointer sanitizat HWalign=64, Order=0-3, MinObjects=0, CPUs=2, Nodes=1
[    1.852692] kernel: rcu: Hierarchical RCU implementation.
[    1.852694] kernel: rcu:         RCU event tracing is enabled.
[    1.852695] kernel: rcu:         RCU restricting CPUs from NR_CPUS=64 to nr_cpu_ids=2.
[    1.852699] kernel: rcu: RCU calculated value of scheduler-enlistment delay is 100 jiffies.
[    1.852701] kernel: rcu: Adjusting geometry for rcu_fanout_leaf=16, nr_cpu_ids=2
[    1.875527] kernel: NR_IRQS: 4352, nr_irqs: 440, preallocated irqs: 16
[    1.875765] kernel: random: get_random_bytes called from start_kernel+0x4b1/0x67a with crng_init=0
[    1.879664] kernel: Console: colour VGA+ 80x25
[    1.879712] kernel: printk: console [ttyS0] enabled
[    1.879732] kernel: ACPI: Core revision 20210730
[    1.879892] kernel: clocksource: hpet: mask: 0xffffffff max_cycles: 0xffffffff, max_idle_ns: 19112604467 ns
[    1.880239] kernel: APIC: Switch to symmetric I/O mode setup
[    1.880244] kernel: kvm-guest: setup P IPIs
[    0.831319] kernel: ..TIMER: vector=0x30 apic1=0 pin1=2 apic2=-1 pin2=-1
[    0.831338] kernel: clocksource: tsc-early: mask: 0xffffffffffffffff max_cycles: 0x2563bf907c6, max_idle_ns: 440795319401 ns
[    0.831345] kernel: Calibrating delay loop (skipped) preset value.. 5187.81 BogoMIPS (lpj=2593906)
[    0.831348] kernel: pid_max: default: 32768 minimum: 301
[    0.831381] kernel: LSM: Security Framework initializing
[    0.831395] kernel: SELinux:  Initializing.
[    0.832399] kernel: Mount-cache hash table entries: 32768 (order: 6, 262144 bytes, linear)
[    0.832930] kernel: Mountpoint-cache hash table entries: 32768 (order: 6, 262144 bytes, linear)
[    0.833381] kernel: x86/cpu: User Mode Instruction Prevention (UMIP) activated
[    0.833469] kernel: Last level iTLB entries: 4KB 0, 2MB 0, 4MB 0
[    0.833470] kernel: Last level dTLB entries: 4KB 0, 2MB 0, 4MB 0, 1GB 0
[    0.833481] kernel: Spectre V1 : Mitigation: usercopy/swapgs barriers and __user pointer sanitizatiV IPIs
[    1.882176] kernel: ..TIMER: vector=0x30 apic1=0 pin1=2 apic2=-1 pin2=-1
[    1.882205] kernel: clocksource: tsc-early: mask: 0xffffffffffffffff max_cycles: 0x2563bf907c6, max_idle_ns: 440795319401 ns
[    1.882216] kernel: Calibrating delay loop (skipped) preset value.. 5187.81 BogoMIPS (lpj=2593906)
[    1.882218] kernel: pid_max: default: 32768 minimum: 301
[    1.882260] kernel: LSM: Security Framework initializing
[    1.882302] kernel: SELinux:  Initializing.
[    1.882518] kernel: Mount-cache hash table entries: 32768 (order: 6, 262144 bytes, linear)
[    1.883223] kernel: Mountpoint-cache hash table entries: 32768 (order: 6, 262144 bytes, linear)
[    1.883681] kernel: x86/cpu: User Mode Instruction Prevention (UMIP) activated
[    1.883768] kernel: Last level iTLB entries: 4KB 0, 2MB 0, 4MB 0
[    1.883769] kernel: Last level dTLB entries: 4KB 0, 2MB 0, 4MB 0, 1GB 0
[    1.883781] kernel: Spectre V1 : Mitigation: usercopy/swapgs barriers and __user pointer sanitization
[    1.883786] kernel: Spectre V2 : Mitigation: Enhanced IBRS
[    1.883787] kernel: Spectre V2 : Spectre v2 / SpectreRSB mitigation: Filling RSB on context switch
[    1.883789] kernel: Spectre V2 : mitigation: Enabling conditional Indirect Branch Prediction Barrier
[    1.883790] kernel: Speculative Store Bypass: Mitigation: Speculative Store Bypass disabled via prctl and seccomp
[    1.883791] kernel: TAA: Mitigation: TSX disabled
[    1.896688] kernel: Freeing SMP alternatives memory: 40K
[    1.896857] kernel: smpboot: CPU0: Intel(R) Xeon(R) Gold 6348 CPU @ 2.60GHz (family: 0x6, model: 0x6a, stepping: 0x6)
[    1.896994] kernel: Performance Events: Icelake events, 32-deep LBR, full-width counters, Intel PMU driver.
[    1.897278] kernel: ... version:                2
[    1.897280] kernel: ... bit width:              48
[    1.897282] kernel: ... generic registers:      8
[    1.897282] kernel: ... value mask:             0000ffffffffffff
[    1.897284] kernel: ... max period0000002bfffffff]
[    0.005773] kernel: Movable zone start for each node
[    0.005774] kernel: Early memory node ranges
[    0.005774] kernel:   node   0: [mem 0x0000000000001000-0x000000000009efff]
[    0.005775] kernel:   node   0: [mem 0x0000000000100000-0x00000000bffdffff]
[    0.005776] kernel:   node   0: [mem 0x0000000100000000-0x00000002bfffffff]
[    0.005778] kernel: Initmem setup node 0 [mem 0x0000000000001000-0x00000002bfffffff]
[    0.006352] kernel: On node 0, zone DMA: 1 pages in unavailable ranges
[    0.006363] kernel: On node 0, zone DMA: 97 pages in unavailable ranges
[    0.062329] kernel: On node 0, zone Normal: 32 pages in unavailable ranges
[    0.540725] kernel: kasan: KernelAddressSanitizer initialized
[    0.541066] kernel: ACPI: PM-Timer IO Port: 0x608
[    0.541074] kernel: ACPI: LAPIC_NMI (acpi_id[0xff] dfl dfl lint[0x1])
[    0.541114] kernel: IOAPIC[0]: apic_id 0, version 17, address 0xfec00000, GSI 0-23
[    0.541116] kernel: ACPI: INT_SRC_OVR (bus 0 bon
[    0.833485] kernel: Spectre V2 : Mitigation: Enhanced IBRS
[    0.833486] kernel: Spectre V2 : Spectre v2 / SpectreRSB mitigation: Filling RSB on context switch
[    0.833488] kernel: Spectre V2 : mitigation: Enabling conditional Indirect Branch Prediction Barrier
[    0.833489] kernel: Speculative Store Bypass: Mitigation: Speculative Store Bypass disabled via prctl and seccomp
[    0.833490] kernel: TAA: Mitigation: TSX disabled
[    0.839448] kernel: Freeing SMP alternatives memory: 40K
[    0.839600] kernel: smpboot: CPU0: Intel(R) Xeon(R) Gold 6348 CPU @ 2.60GHz (family: 0x6, model: 0x6a, stepping: 0x6)
[    0.839739] kernel: Performance Events: Icelake events, 32-deep LBR, full-width counters, Intel PMU driver.
[    0.839843] kernel: ... version:                2
[    0.839845] kernel: ... bit width:              48
[    0.839845] kernel: ... generic registers:      8
[    0.839846] kernel: ... value mask:             0000ffffffffffff
[    0.839848] kernel: ... max period::             00007fffffffffff
[    1.897285] kernel: ... fixed-purpose events:   3
[    1.897285] kernel: ... event mask:             00000007000000ff
[    1.897470] kernel: rcu: Hierarchical SRCU implementation.
[    1.897858] kernel: smp: Bringing up secondary CPUs ...
[    1.897990] kernel: x86: Booting SMP configuration:
[    1.897991] kernel: .... node  #0, CPUs:      #1
[    0.006479] kernel: kvm-clock: cpu 1, msr 12f66e041, secondary cpu clock
[    0.006479] kernel: smpboot: CPU 1 Converting physical 0 to logical die 1
[    1.899247] kernel: kvm-guest: setup async PF for cpu 1
[    1.899250] kernel: kvm-guest: stealtime: cpu 1, msr 26571f140
[    1.899355] kernel: smp: Brought up 1 node, 2 CPUs
[    1.899361] kernel: smpboot: Max logical packages: 2
[    1.899363] kernel: smpboot: Total of 2 processors activated (10375.62 BogoMIPS)
[    1.900312] kernel: devtmpfs: initialized
[    1.911089] kernel: clocksource: jiffies: mask: 0xffffffff max_cycles: 0xffffffff, max_idle_ns: 191us_irq 0 global_irq 2 dfl dfl)
[    0.541119] kernel: ACPI: INT_SRC_OVR (bus 0 bus_irq 5 global_irq 5 high level)
[    0.541120] kernel: ACPI: INT_SRC_OVR (bus 0 bus_irq 9 global_irq 9 high level)
[    0.541121] kernel: ACPI: INT_SRC_OVR (bus 0 bus_irq 10 global_irq 10 high level)
[    0.541122] kernel: ACPI: INT_SRC_OVR (bus 0 bus_irq 11 global_irq 11 high level)
[    0.541125] kernel: ACPI: Using ACPI (MADT) for SMP configuration information
[    0.541126] kernel: ACPI: HPET id: 0x8086a201 base: 0xfed00000
[    0.541130] kernel: TSC deadline timer available
[    0.541131] kernel: smpboot: Allowing 2 CPUs, 0 hotplug CPUs
[    0.541152] kernel: kvm-guest: KVM setup pv remote TLB flush
[    0.541157] kernel: kvm-guest: setup PV sched yield
[    0.541164] kernel: PM: hibernation: Registered nosave memory: [mem 0x00000000-0x00000fff]
[    0.541166] kernel: PM: hibernation: Registered nosave memory: [mem 0x0009f000-0x0009ffff]
[    0.541167] kernel: PM: hibernation: Registered nosave memo             00007fffffffffff
[    0.839848] kernel: ... fixed-purpose events:   3
[    0.839849] kernel: ... event mask:             00000007000000ff
[    0.839955] kernel: rcu: Hierarchical SRCU implementation.
[    0.840308] kernel: smp: Bringing up secondary CPUs ...
[    0.840341] kernel: x86: Booting SMP configuration:
[    0.840341] kernel: .... node  #0, CPUs:      #1
[    0.005186] kernel: kvm-clock: cpu 1, msr 9746e041, secondary cpu clock
[    0.005186] kernel: smpboot: CPU 1 Converting physical 0 to logical die 1
[    0.841366] kernel: kvm-guest: setup async PF for cpu 1
[    0.841375] kernel: kvm-guest: stealtime: cpu 1, msr 26571f140
[    0.841393] kernel: smp: Brought up 1 node, 2 CPUs
[    0.841395] kernel: smpboot: Max logical packages: 2
[    0.841396] kernel: smpboot: Total of 2 processors activated (10375.62 BogoMIPS)
[    0.841963] kernel: devtmpfs: initialized
[    0.843473] kernel: clocksource: jiffies: mask: 0xffffffff max_cycles: 0xffffffff, max_idle_ns: 191121260446275000 ns
[    1.911098] kernel: futex hash table entries: 512 (order: 3, 32768 bytes, linear)
[    1.911388] kernel: PM: RTC time: 09:07:57, date: 2023-03-08
[    1.912304] kernel: NET: Registered PF_NETLINK/PF_ROUTE protocol family
[    1.912552] kernel: audit: initializing netlink subsys (disabled)
[    1.913269] kernel: audit: type=2000 audit(1678266478.019:1): state=initialized audit_enabled=0 res=1
[    1.913595] kernel: thermal_sys: Registered thermal governor 'step_wise'
[    1.913598] kernel: thermal_sys: Registered thermal governor 'user_space'
[    1.913679] kernel: cpuidle: using governor menu
[    1.913679] kernel: ACPI: bus type PCI registered
[    1.913679] kernel: PCI: Using configuration type 1 for base access
[    1.920418] kernel: Kprobes globally optimized
[    1.920474] kernel: HugeTLB registered 2.00 MiB page size, pre-allocated 0 pages
[    1.921332] kernel: cryptomgr_test (26) used greatest stack depth: 31400 bytes left
[    1.927384] kernel: ACPI: Addedry: [mem 0x000a0000-0x000effff]
[    0.541168] kernel: PM: hibernation: Registered nosave memory: [mem 0x000f0000-0x000fffff]
[    0.541169] kernel: PM: hibernation: Registered nosave memory: [mem 0xbffe0000-0xbfffffff]
[    0.541169] kernel: PM: hibernation: Registered nosave memory: [mem 0xc0000000-0xfeffbfff]
[    0.541170] kernel: PM: hibernation: Registered nosave memory: [mem 0xfeffc000-0xfeffffff]
[    0.541170] kernel: PM: hibernation: Registered nosave memory: [mem 0xff000000-0xfffbffff]
[    0.541171] kernel: PM: hibernation: Registered nosave memory: [mem 0xfffc0000-0xffffffff]
[    0.541173] kernel: [mem 0xc0000000-0xfeffbfff] available for PCI devices
[    0.541174] kernel: Booting paravirtualized kernel on KVM
[    0.541177] kernel: clocksource: refined-jiffies: mask: 0xffffffff max_cycles: 0xffffffff, max_idle_ns: 1910969940391419 ns
[    0.545142] kernel: setup_percpu: NR_CPUS:64 nr_cpumask_bits:64 nr_cpu_ids:2 nr_node_ids:1
[    0.546084] kernel: percpu: Embedded 56 p60446275000 ns
[    0.843478] kernel: futex hash table entries: 512 (order: 3, 32768 bytes, linear)
[    0.843680] kernel: PM: RTC time: 09:07:56, date: 2023-03-08
[    0.844425] kernel: NET: Registered PF_NETLINK/PF_ROUTE protocol family
[    0.844616] kernel: audit: initializing netlink subsys (disabled)
[    0.844653] kernel: audit: type=2000 audit(1678266476.577:1): state=initialized audit_enabled=0 res=1
[    0.844653] kernel: thermal_sys: Registered thermal governor 'step_wise'
[    0.844653] kernel: thermal_sys: Registered thermal governor 'user_space'
[    0.844653] kernel: cpuidle: using governor menu
[    0.844653] kernel: ACPI: bus type PCI registered
[    0.844653] kernel: PCI: Using configuration type 1 for base access
[    0.851054] kernel: Kprobes globally optimized
[    0.851097] kernel: HugeTLB registered 2.00 MiB page size, pre-allocated 0 pages
[    0.851363] kernel: cryptomgr_test (26) used greatest stack depth: 31400 bytes left
[    0.853398] kernel: ACPI: Added _ _OSI(Module Device)
[    1.927384] kernel: ACPI: Added _OSI(Processor Device)
[    1.927384] kernel: ACPI: Added _OSI(3.0 _SCP Extensions)
[    1.927384] kernel: ACPI: Added _OSI(Processor Aggregator Device)
[    1.927384] kernel: ACPI: Added _OSI(Linux-Dell-Video)
[    1.927384] kernel: ACPI: Added _OSI(Linux-Lenovo-NV-HDMI-Audio)
[    1.927384] kernel: ACPI: Added _OSI(Linux-HPI-Hybrid-Graphics)
[    1.934127] kernel: ACPI: 1 ACPI AML tables successfully acquired and loaded
[    1.938363] kernel: ACPI: Interpreter enabled
[    1.938487] kernel: ACPI: PM: (supports S0 S3 S4 S5)
[    1.938489] kernel: ACPI: Using IOAPIC for interrupt routing
[    1.938544] kernel: PCI: Using host bridge windows from ACPI; if necessary, use "pci=nocrs" and report a bug
[    1.938905] kernel: ACPI: Enabled 2 GPEs in block 00 to 0F
[    1.950979] kernel: ACPI: PCI Root Bridge [PCI0] (domain 0000 [bus 00-ff])
[    1.950993] kernel: acpi PNP0A03:00: _OSC: OS supports [ASPM ClockPM Segments MSI HPX-Type3]
ages/cpu s191576 r8192 d29608 u1048576
[    0.546090] kernel: pcpu-alloc: s191576 r8192 d29608 u1048576 alloc=1*2097152
[    0.546092] kernel: pcpu-alloc: [0] 0 1 
[    0.546117] kernel: kvm-guest: setup async PF for cpu 0
[    0.546123] kernel: kvm-guest: stealtime: cpu 0, msr 26561f140
[    0.546128] kernel: Built 1 zonelists, mobility grouping on.  Total pages: 2580192
[    0.546129] kernel: Policy zone: Normal
[    0.546131] kernel: Kernel command line: root=/dev/sda console=ttyS0 net.ifnames=0 ip=192.168.0.35 quiet
[    0.552273] kernel: Dentry cache hash table entries: 2097152 (order: 12, 16777216 bytes, linear)
[    0.555262] kernel: Inode-cache hash table entries: 1048576 (order: 11, 8388608 bytes, linear)
[    0.555318] kernel: mem auto-init: stack:off, heap alloc:off, heap free:off
[    0.773334] kernel: Memory: 8872652K/10485240K available (14348K kernel code, 2403K rwdata, 3568K rodata, 1384K init, 1732K bss, 1612388K reserved, 0K cma-reserved)
[    0.773423] kernel: SLUB:ion
[    1.180200] kernel: Spectre V2 : Mitigation: Enhanced IBRS
[    1.180201] kernel: Spectre V2 : Spectre v2 / SpectreRSB mitigation: Filling RSB on context switch
[    1.180202] kernel: Spectre V2 : mitigation: Enabling conditional Indirect Branch Prediction Barrier
[    1.180203] kernel: Speculative Store Bypass: Mitigation: Speculative Store Bypass disabled via prctl and seccomp
[    1.180204] kernel: TAA: Mitigation: TSX disabled
[    1.186245] kernel: Freeing SMP alternatives memory: 40K
[    1.186377] kernel: smpboot: CPU0: Intel(R) Xeon(R) Gold 6348 CPU @ 2.60GHz (family: 0x6, model: 0x6a, stepping: 0x6)
[    1.186496] kernel: Performance Events: Icelake events, 32-deep LBR, full-width counters, Intel PMU driver.
[    1.186594] kernel: ... version:                2
[    1.186596] kernel: ... bit width:              48
[    1.186596] kernel: ... generic registers:      8
[    1.186597] kernel: ... value mask:             0000ffffffffffff
[    1.186598] kernel: ... max period:             00007fffffffffff
[    1.186599] kernel: ... fixed-purpose events:   3
[    1.186600] kernel: ... event mask:             00000007000000ff
[    1.186701] kernel: rcu: Hierarchical SRCU implementation.
[    1.186958] kernel: smp: Bringing up secondary CPUs ...
[    1.186958] kernel: x86: Booting SMP configuration:
[    1.186958] kernel: .... node  #0, CPUs:      #1
[    0.005183] kernel: kvm-clock: cpu 1, msr 22ac6e041, secondary cpu clock
[    0.005183] kernel: smpboot: CPU 1 Converting physical 0 to logical die 1
[    1.202807] kernel: kvm-guest: setup async PF for cpu 1
[    1.202807] kernel: kvm-guest: stealtime: cpu 1, msr 26571f140
[    1.202807] kernel: smp: Brought up 1 node, 2 CPUs
[    1.202807] kernel: smpboot: Max logical packages: 2
[    1.202807] kernel: smpboot: Total of 2 processors activated (10375.62 BogoMIPS)
[    1.203334] kernel: devtmpfs: initialized
[    1.204075] kernel: clocksource: jiffies: mask: 0xffffffff max_cycles: 0xffffffff, max_idle_ns: 1911260446275000 ns
[    1.204079] kernel: futex hash table entries: 512 (order: 3, 32768 bytes, linear)
[    1.204234] kernel: PM: RTC time: 09:07:56, date: 2023-03-08
[    1.204397] kernel: NET: Registered PF_NETLINK/PF_ROUTE protocol family
[    1.204570] kernel: audit: initializing netlink subsys (disabled)
[    1.204595] kernel: thermal_sys: Registered thermal governor 'step_wise'
[    1.204595] kernel: thermal_sys: Registered thermal governor 'user_space'
[    1.206975] kernel: audit: type=2000 audit(1678266477.434:1): state=initialized audit_enabled=0 res=1
[    1.207981] kernel: cpuidle: using governor menu
[    1.208096] kernel: ACPI: bus type PCI registered
[    1.208314] kernel: PCI: Using configuration type 1 for base access
[    1.214830] kernel: Kprobes globally optimized
[    1.216013] kernel: HugeTLB registered 2.00 MiB page size, pre-allocated 0 pages
[    1.216089] kernel: cryptomgr_test (26) used greatest stack depth: 31400 bytes left
[    1.218049] kernel: ACPI: Added _OSI(Module Device)
[    1.218052] kernel: ACPI: Added _OSI(Processor Device)
[    1.218053] kernel: ACPI: Added _OSI(3.0 _SCP Extensions)
[    1.218054] kernel: ACPI: Added _OSI(Processor Aggregator Device)
[    1.218057] kernel: ACPI: Added _OSI(Linux-Dell-Video)
[    1.218059] kernel: ACPI: Added _OSI(Linux-Lenovo-NV-HDMI-Audio)
[    1.218061] kernel: ACPI: Added _OSI(Linux-HPI-Hybrid-Graphics)
[    1.224456] kernel: ACPI: 1 ACPI AML tables successfully acquired and loaded
[    1.227504] kernel: ACPI: Interpreter enabled
[    1.227534] kernel: ACPI: PM: (supports S0 S3 S4 S5)
[    1.227536] kernel: ACPI: Using IOAPIC for interrupt routing
[    1.227580] kernel: PCI: Using host bridge windows from ACPI; if necessary, use "pci=nocrs" and report a bug
[    1.228122] kernel: ACPI: Enabled 2 GPEs in block 00 to 0F
[    1.240023] kernel: ACPI: PCI Root Bridge [PCI0] (domain 0000 [bus 00-ff])
[    1.240036] kernel: acpi PNP0A03:00: _OSC: OS supports [ASPM ClockPM Segments MSI HPX-Type3]
[    1.240083] kernel: acpi PNP0A03:00: fail to add MMCONFIG information, can't access extended PCI configuration space under this bridge.
[    1.240217] kernel: PCI host bridge to bus 0000:00
[    1.240220] kernel: pci_bus 0000:00: root bus resource [io  0x0000-0x0cf7 window]
[    1.240222] kernel: pci_bus 0000:00: root bus resource [io  0x0d00-0xffff window]
[    1.240224] kernel: pci_bus 0000:00: root bus resource [mem 0x000a0000-0x000bffff window]
[    1.240226] kernel: pci_bus 0000:00: root bus resource [mem 0xc0000000-0xfebfffff window]
[    1.240229] kernel: pci_bus 0000:00: root bus resource [mem 0x2c0000000-0x33fffffff window]
[    1.240231] kernel: pci_bus 0000:00: root bus resource [bus 00-ff]
[    1.240766] kernel: pci 0000:00:00.0: [8086:1237] type 00 class 0x060000
[    1.241745] kernel: pci 0000:00:01.0: [8086:7000] type 00 class 0x060100
[    1.242519] kernel: pci 0000:00:01.1: [8086:7010] type 00 class 0x010180
[    1.244632] kernel: pci 0000:00:01.1: reg 0x20: [io  0OSI(Module Device)
[    0.853400] kernel: ACPI: Added _OSI(Processor Device)
[    0.853401] kernel: ACPI: Added _OSI(3.0 _SCP Extensions)
[    0.853402] kernel: ACPI: Added _OSI(Processor Aggregator Device)
[    0.853406] kernel: ACPI: Added _OSI(Linux-Dell-Video)
[    0.853408] kernel: ACPI: Added _OSI(Linux-Lenovo-NV-HDMI-Audio)
[    0.853410] kernel: ACPI: Added _OSI(Linux-HPI-Hybrid-Graphics)
[    0.858912] kernel: ACPI: 1 ACPI AML tables successfully acquired and loaded
[    0.861732] kernel: ACPI: Interpreter enabled
[    0.861762] kernel: ACPI: PM: (supports S0 S3 S4 S5)
[    0.861764] kernel: ACPI: Using IOAPIC for interrupt routing
[    0.861794] kernel: PCI: Using host bridge windows from ACPI; if necessary, use "pci=nocrs" and report a bug
[    0.862138] kernel: ACPI: Enabled 2 GPEs in block 00 to 0F
[    0.872532] kernel: ACPI: PCI Root Bridge [PCI0] (domain 0000 [bus 00-ff])
[    0.872545] kernel: acpi PNP0A03:00: _OSC: OS supports [ASPM ClockPM Segments MSI HPX-Type3]
[ [    1.951041] kernel: acpi PNP0A03:00: fail to add MMCONFIG information, can't access extended PCI configuration space under this bridge.
[    1.951162] kernel: PCI host bridge to bus 0000:00
[    1.951165] kernel: pci_bus 0000:00: root bus resource [io  0x0000-0x0cf7 window]
[    1.951168] kernel: pci_bus 0000:00: root bus resource [io  0x0d00-0xffff window]
[    1.951170] kernel: pci_bus 0000:00: root bus resource [mem 0x000a0000-0x000bffff window]
[    1.951172] kernel: pci_bus 0000:00: root bus resource [mem 0xc0000000-0xfebfffff window]
[    1.951174] kernel: pci_bus 0000:00: root bus resource [mem 0x2c0000000-0x33fffffff window]
[    1.951176] kernel: pci_bus 0000:00: root bus resource [bus 00-ff]
[    1.951677] kernel: pci 0000:00:00.0: [8086:1237] type 00 class 0x060000
[    1.952622] kernel: pci 0000:00:01.0: [8086:7000] type 00 class 0x060100
[    1.953376] kernel: pci 0000:00:01.1: [8086:7010] type 00 class 0x010180
[    1.955213] kernel: pci 0000:00:01.1: reg 0x20: [io  0   0.872591] kernel: acpi PNP0A03:00: fail to add MMCONFIG information, can't access extended PCI configuration space under this bridge.
[    0.872701] kernel: PCI host bridge to bus 0000:00
[    0.872705] kernel: pci_bus 0000:00: root bus resource [io  0x0000-0x0cf7 window]
[    0.872707] kernel: pci_bus 0000:00: root bus resource [io  0x0d00-0xffff window]
[    0.872709] kernel: pci_bus 0000:00: root bus resource [mem 0x000a0000-0x000bffff window]
[    0.872711] kernel: pci_bus 0000:00: root bus resource [mem 0xc0000000-0xfebfffff window]
[    0.872712] kernel: pci_bus 0000:00: root bus resource [mem 0x2c0000000-0x33fffffff window]
[    0.872714] kernel: pci_bus 0000:00: root bus resource [bus 00-ff]
[    0.873195] kernel: pci 0000:00:00.0: [8086:1237] type 00 class 0x060000
[    0.874092] kernel: pci 0000:00:01.0: [8086:7000] type 00 class 0x060100
[    0.874815] kernel: pci 0000:00:01.1: [8086:7010] type 00 class 0x010180
[    0.877020] kernel: pci 0000:00:01.1: reg 0x20: [io  0xc HWalign=64, Order=0-3, MinObjects=0, CPUs=2, Nodes=1
[    0.774034] kernel: rcu: Hierarchical RCU implementation.
[    0.774035] kernel: rcu:         RCU event tracing is enabled.
[    0.774035] kernel: rcu:         RCU restricting CPUs from NR_CPUS=64 to nr_cpu_ids=2.
[    0.774037] kernel: rcu: RCU calculated value of scheduler-enlistment delay is 100 jiffies.
[    0.774038] kernel: rcu: Adjusting geometry for rcu_fanout_leaf=16, nr_cpu_ids=2
[    0.776799] kernel: NR_IRQS: 4352, nr_irqs: 440, preallocated irqs: 16
[    0.777007] kernel: random: get_random_bytes called from start_kernel+0x4b1/0x67a with crng_init=0
[    0.780907] kernel: Console: colour VGA+ 80x25
[    0.780946] kernel: printk: console [ttyS0] enabled
[    0.780961] kernel: ACPI: Core revision 20210730
[    0.781098] kernel: clocksource: hpet: mask: 0xffffffff max_cycles: 0xffffffff, max_idle_ns: 19112604467 ns
[    0.781179] kernel: APIC: Switch to symmetric I/O mode setup
[    0.781182] kernel: kvm-guest: setup Pxc040-0xc04f]
[    1.956102] kernel: pci 0000:00:01.1: legacy IDE quirk: reg 0x10: [io  0x01f0-0x01f7]
[    1.956105] kernel: pci 0000:00:01.1: legacy IDE quirk: reg 0x14: [io  0x03f6]
[    1.956106] kernel: pci 0000:00:01.1: legacy IDE quirk: reg 0x18: [io  0x0170-0x0177]
[    1.956107] kernel: pci 0000:00:01.1: legacy IDE quirk: reg 0x1c: [io  0x0376]
[    1.957755] kernel: pci 0000:00:01.3: [8086:7113] type 00 class 0x068000
[    1.958039] kernel: pci 0000:00:01.3: quirk: [io  0x0600-0x063f] claimed by PIIX4 ACPI
[    1.958046] kernel: pci 0000:00:01.3: quirk: [io  0x0700-0x070f] claimed by PIIX4 SMB
[    1.958887] kernel: pci 0000:00:02.0: [1234:1111] type 00 class 0x030000
[    1.959769] kernel: pci 0000:00:02.0: reg 0x10: [mem 0xfd000000-0xfdffffff pref]
[    1.961213] kernel: pci 0000:00:02.0: reg 0x18: [mem 0xfeb90000-0xfeb90fff]
[    1.964684] kernel: pci 0000:00:02.0: reg 0x30: [mem 0xfeb80000-0xfeb8ffff pref]
[    1.965673] kernel: pci 0000:00:03.0: [1af4:1005] type 00 clasV IPIs
[    0.782047] kernel: ..TIMER: vector=0x30 apic1=0 pin1=2 apic2=-1 pin2=-1
[    0.782066] kernel: clocksource: tsc-early: mask: 0xffffffffffffffff max_cycles: 0x2563bf907c6, max_idle_ns: 440795319401 ns
[    0.782072] kernel: Calibrating delay loop (skipped) preset value.. 5187.81 BogoMIPS (lpj=2593906)
[    0.782075] kernel: pid_max: default: 32768 minimum: 301
[    0.782109] kernel: LSM: Security Framework initializing
[    0.782123] kernel: SELinux:  Initializing.
[    0.783107] kernel: Mount-cache hash table entries: 32768 (order: 6, 262144 bytes, linear)
[    0.783586] kernel: Mountpoint-cache hash table entries: 32768 (order: 6, 262144 bytes, linear)
[    0.783982] kernel: x86/cpu: User Mode Instruction Prevention (UMIP) activated
[    0.784077] kernel: Last level iTLB entries: 4KB 0, 2MB 0, 4MB 0
[    0.784078] kernel: Last level dTLB entries: 4KB 0, 2MB 0, 4MB 0, 1GB 0
[    0.784087] kernel: Spectre V1 : Mitigation: usercopy/swapgs barriers and __user pointer sanitizat040-0xc04f]
[    0.877833] kernel: pci 0000:00:01.1: legacy IDE quirk: reg 0x10: [io  0x01f0-0x01f7]
[    0.877835] kernel: pci 0000:00:01.1: legacy IDE quirk: reg 0x14: [io  0x03f6]
[    0.877836] kernel: pci 0000:00:01.1: legacy IDE quirk: reg 0x18: [io  0x0170-0x0177]
[    0.877837] kernel: pci 0000:00:01.1: legacy IDE quirk: reg 0x1c: [io  0x0376]
[    0.878678] kernel: pci 0000:00:01.3: [8086:7113] type 00 class 0x068000
[    0.878956] kernel: pci 0000:00:01.3: quirk: [io  0x0600-0x063f] claimed by PIIX4 ACPI
[    0.878962] kernel: pci 0000:00:01.3: quirk: [io  0x0700-0x070f] claimed by PIIX4 SMB
[    0.879715] kernel: pci 0000:00:02.0: [1234:1111] type 00 class 0x030000
[    0.880839] kernel: pci 0000:00:02.0: reg 0x10: [mem 0xfd000000-0xfdffffff pref]
[    0.882347] kernel: pci 0000:00:02.0: reg 0x18: [mem 0xfeb90000-0xfeb90fff]
[    0.885822] kernel: pci 0000:00:02.0: reg 0x30: [mem 0xfeb80000-0xfeb8ffff pref]
[    0.886751] kernel: pci 0000:00:03.0: [1af4:1005] type 00 class s 0x00ff00
[    1.966213] kernel: pci 0000:00:03.0: reg 0x10: [io  0xc000-0xc01f]
[    1.969517] kernel: pci 0000:00:03.0: reg 0x20: [mem 0xfe200000-0xfe203fff 64bit pref]
[    1.972482] kernel: pci 0000:00:04.0: [1af4:1000] type 00 class 0x020000
[    1.973221] kernel: pci 0000:00:04.0: reg 0x10: [io  0xc020-0xc03f]
[    1.974659] kernel: pci 0000:00:04.0: reg 0x14: [mem 0xfeb91000-0xfeb91fff]
[    1.976663] kernel: pci 0000:00:04.0: reg 0x20: [mem 0xfe204000-0xfe207fff 64bit pref]
[    1.977214] kernel: pci 0000:00:04.0: reg 0x30: [mem 0xfeb00000-0xfeb7ffff pref]
[    1.978409] kernel: pci 0000:00:10.0: [1af4:1110] type 00 class 0x050000
[    1.979214] kernel: pci 0000:00:10.0: reg 0x10: [mem 0xfeb92000-0xfeb920ff]
[    1.981685] kernel: pci 0000:00:10.0: reg 0x18: [mem 0xfe000000-0xfe0fffff 64bit pref]
[    1.988923] kernel: pci 0000:00:11.0: [1af4:1110] type 00 class 0x050000
[    1.990500] kernel: pci 0000:00:11.0: reg 0x10: [mem 0xfeb93000-0xfeb930ff]
[    1.991563] kernel: pci xc040-0xc04f]
[    1.245421] kernel: pci 0000:00:01.1: legacy IDE quirk: reg 0x10: [io  0x01f0-0x01f7]
[    1.245425] kernel: pci 0000:00:01.1: legacy IDE quirk: reg 0x14: [io  0x03f6]
[    1.245426] kernel: pci 0000:00:01.1: legacy IDE quirk: reg 0x18: [io  0x0170-0x0177]
[    1.245427] kernel: pci 0000:00:01.1: legacy IDE quirk: reg 0x1c: [io  0x0376]
[    1.246292] kernel: pci 0000:00:01.3: [8086:7113] type 00 class 0x068000
[    1.246562] kernel: pci 0000:00:01.3: quirk: [io  0x0600-0x063f] claimed by PIIX4 ACPI
[    1.246569] kernel: pci 0000:00:01.3: quirk: [io  0x0700-0x070f] claimed by PIIX4 SMB
[    1.247328] kernel: pci 0000:00:02.0: [1234:1111] type 00 class 0x030000
[    1.248512] kernel: pci 0000:00:02.0: reg 0x10: [mem 0xfd000000-0xfdffffff pref]
[    1.250469] kernel: pci 0000:00:02.0: reg 0x18: [mem 0xfeb90000-0xfeb90fff]
[    1.253965] kernel: pci 0000:00:02.0: reg 0x30: [mem 0xfeb80000-0xfeb8ffff pref]
[    1.254896] kernel: pci 0000:00:03.0: [1af4:1005] type 00 clasion
[    0.784091] kernel: Spectre V2 : Mitigation: Enhanced IBRS
[    0.784092] kernel: Spectre V2 : Spectre v2 / SpectreRSB mitigation: Filling RSB on context switch
[    0.784093] kernel: Spectre V2 : mitigation: Enabling conditional Indirect Branch Prediction Barrier
[    0.784094] kernel: Speculative Store Bypass: Mitigation: Speculative Store Bypass disabled via prctl and seccomp
[    0.784095] kernel: TAA: Mitigation: TSX disabled
[    0.789409] kernel: Freeing SMP alternatives memory: 40K
[    0.789540] kernel: smpboot: CPU0: Intel(R) Xeon(R) Gold 6348 CPU @ 2.60GHz (family: 0x6, model: 0x6a, stepping: 0x6)
[    0.789660] kernel: Performance Events: Icelake events, 32-deep LBR, full-width counters, Intel PMU driver.
[    0.790127] kernel: ... version:                2
[    0.790129] kernel: ... bit width:              48
[    0.790129] kernel: ... generic registers:      8
[    0.790130] kernel: ... value mask:             0000ffffffffffff
[    0.790131] kernel: ... max period0x00ff00
[    0.887344] kernel: pci 0000:00:03.0: reg 0x10: [io  0xc000-0xc01f]
[    0.889929] kernel: pci 0000:00:03.0: reg 0x20: [mem 0xfe200000-0xfe203fff 64bit pref]
[    0.891430] kernel: pci 0000:00:04.0: [1af4:1000] type 00 class 0x020000
[    0.892344] kernel: pci 0000:00:04.0: reg 0x10: [io  0xc020-0xc03f]
[    0.893149] kernel: pci 0000:00:04.0: reg 0x14: [mem 0xfeb91000-0xfeb91fff]
[    0.895344] kernel: pci 0000:00:04.0: reg 0x20: [mem 0xfe204000-0xfe207fff 64bit pref]
[    0.896343] kernel: pci 0000:00:04.0: reg 0x30: [mem 0xfeb00000-0xfeb7ffff pref]
[    0.897904] kernel: pci 0000:00:10.0: [1af4:1110] type 00 class 0x050000
[    0.898716] kernel: pci 0000:00:10.0: reg 0x10: [mem 0xfeb92000-0xfeb920ff]
[    0.900007] kernel: pci 0000:00:10.0: reg 0x18: [mem 0xfe000000-0xfe0fffff 64bit pref]
[    0.902900] kernel: pci 0000:00:11.0: [1af4:1110] type 00 class 0x050000
[    0.903344] kernel: pci 0000:00:11.0: reg 0x10: [mem 0xfeb93000-0xfeb930ff]
[    0.904346] kernel: pci 000000:00:11.0: reg 0x18: [mem 0xfe208000-0xfe2083ff 64bit pref]
[    1.995153] kernel: pci 0000:00:12.0: [1af4:1110] type 00 class 0x050000
[    1.995571] kernel: pci 0000:00:12.0: reg 0x10: [mem 0xfeb94000-0xfeb940ff]
[    1.996896] kernel: pci 0000:00:12.0: reg 0x18: [mem 0xfe100000-0xfe1fffff 64bit pref]
[    2.001160] kernel: ACPI: PCI: Interrupt link LNKA configured for IRQ 10
[    2.001482] kernel: ACPI: PCI: Interrupt link LNKB configured for IRQ 10
[    2.001787] kernel: ACPI: PCI: Interrupt link LNKC configured for IRQ 11
[    2.002104] kernel: ACPI: PCI: Interrupt link LNKD configured for IRQ 11
[    2.002229] kernel: ACPI: PCI: Interrupt link LNKS configured for IRQ 9
[    2.002868] kernel: iommu: Default domain type: Translated 
[    2.002870] kernel: iommu: DMA domain TLB invalidation policy: lazy mode 
[    2.005307] kernel: pci 0000:00:02.0: vgaarb: setting as boot VGA device
[    2.005312] kernel: pci 0000:00:02.0: vgaarb: VGA device added: decodes=io+mem,owns=io+mem,los 0x00ff00
[    1.255276] kernel: pci 0000:00:03.0: reg 0x10: [io  0xc000-0xc01f]
[    1.257442] kernel: pci 0000:00:03.0: reg 0x20: [mem 0xfe200000-0xfe203fff 64bit pref]
[    1.259124] kernel: pci 0000:00:04.0: [1af4:1000] type 00 class 0x020000
[    1.259964] kernel: pci 0000:00:04.0: reg 0x10: [io  0xc020-0xc03f]
[    1.260835] kernel: pci 0000:00:04.0: reg 0x14: [mem 0xfeb91000-0xfeb91fff]
[    1.262878] kernel: pci 0000:00:04.0: reg 0x20: [mem 0xfe204000-0xfe207fff 64bit pref]
[    1.263461] kernel: pci 0000:00:04.0: reg 0x30: [mem 0xfeb00000-0xfeb7ffff pref]
[    1.264600] kernel: pci 0000:00:10.0: [1af4:1110] type 00 class 0x050000
[    1.265403] kernel: pci 0000:00:10.0: reg 0x10: [mem 0xfeb92000-0xfeb920ff]
[    1.266740] kernel: pci 0000:00:10.0: reg 0x18: [mem 0xfe000000-0xfe0fffff 64bit pref]
[    1.269837] kernel: pci 0000:00:11.0: [1af4:1110] type 00 class 0x050000
[    1.270278] kernel: pci 0000:00:11.0: reg 0x10: [mem 0xfeb93000-0xfeb930ff]
[    1.271257] kernel: pci 0000:00:11.0: reg 0x18: [mem 0xfe208000-0xfe2083ff 64bit pref]
