
Ubuntu 20.04 LTS dfs-fuzzing ttyS0


Ubuntu 20.04 LTS dfs-fuzzing ttyS0


Ubuntu 20.04 LTS dfs-fuzzing ttyS0

Ubuntu 20.04 LTS dfs-fuzzing ttyS0

2023/12/23 09:24:19 fuzzer started
2023/12/23 09:24:20 dialing manager at localhost:37609
2023/12/23 09:24:20 connecting to manager...
2023/12/23 09:24:20 syscalls: 50
2023/12/23 09:24:20 code coverage: enabled
2023/12/23 09:24:20 comparison tracing: enabled
2023/12/23 09:24:20 extra coverage: enabled
2023/12/23 09:24:20 setuid sandbox: enabled
2023/12/23 09:24:20 namespace sandbox: /proc/self/ns/user does not exist
2023/12/23 09:24:20 Android sandbox: /sys/fs/selinux/policy can't be opened (open /sys/fs/selinux/policy: invalid argument)
2023/12/23 09:24:20 fault injection: CONFIG_FAULT_INJECTION_DEBUG_FS or CONFIG_FAILSLAB are not enabled
2023/12/23 09:24:20 leak checking: CONFIG_DEBUG_KMEMLEAK is not enabled
2023/12/23 09:24:20 net packet injection: /dev/net/tun does not exist
2023/12/23 09:24:20 net device setup: enabled
2023/12/23 09:24:20 concurrency sanitizer: /sys/kernel/debug/kcsan does not exist
2023/12/23 09:24:20 devlink PCI setup: enabled
2023/12/23 09:24:20 USB emulation: /dev/raw-gadget does not exist
2023/12/23 09:24:20 hci packet injection: /dev/vhci does not exist
2023/12/23 09:24:20 wifi device emulation: /sys/class/mac80211_hwsim/ does not exist
2023/12/23 09:24:20 802.15.4 emulation: /sys/bus/platform/devices/mac802154_hwsim does not exist
2023/12/23 09:24:20 poll: candidates=0 inputs=50 signal=2000
2023/12/23 09:24:20 deserializeInput: hasCrash false hasNet false
2023/12/23 09:24:20 prog length: 1
2023/12/23 09:24:20 deserializeInput: hasCrash true hasNet false
2023/12/23 09:24:20 prog length: 6
2023/12/23 09:24:20 prog length: 10
2023/12/23 09:24:20 prog length: 10
2023/12/23 09:24:20 deserializeInput: hasCrash true hasNet false
2023/12/23 09:24:20 prog length: 6
2023/12/23 09:24:20 prog length: 10
2023/12/23 09:24:20 prog length: 10
2023/12/23 09:24:20 deserializeInput: hasCrash true hasNet false
2023/12/23 09:24:20 prog length: 6
2023/12/23 09:24:20 prog length: 3
2023/12/23 09:24:20 prog length: 10
2023/12/23 09:24:20 deserializeInput: hasCrash false hasNet false
2023/12/23 09:24:20 prog length: 2
2023/12/23 09:24:20 deserializeInput: hasCrash false hasNet false
2023/12/23 09:24:20 prog length: 1
2023/12/23 09:24:20 deserializeInput: hasCrash true hasNet false
2023/12/23 09:24:20 prog length: 6
2023/12/23 09:24:20 prog length: 3
2023/12/23 09:24:20 prog length: 2
2023/12/23 09:24:20 deserializeInput: hasCrash false hasNet false
2023/12/23 09:24:20 prog length: 1
2023/12/23 09:24:20 prog length: 4
2023/12/23 09:24:20 deserializeInput: hasCrash true hasNet false
2023/12/23 09:24:20 prog length: 6
2023/12/23 09:24:20 prog length: 3
2023/12/23 09:24:20 prog length: 6
2023/12/23 09:24:20 deserializeInput: hasCrash false hasNet false
2023/12/23 09:24:20 prog length: 2
2023/12/23 09:24:20 deserializeInput: hasCrash true hasNet false
2023/12/23 09:24:20 prog length: 6
2023/12/23 09:24:20 prog length: 3
2023/12/23 09:24:20 prog length: 10
2023/12/23 09:24:20 deserializeInput: hasCrash true hasNet false
2023/12/23 09:24:20 prog length: 6
2023/12/23 09:24:20 prog length: 2
2023/12/23 09:24:20 prog length: 3
2023/12/23 09:24:20 deserializeInput: hasCrash true hasNet false
2023/12/23 09:24:20 prog length: 6
2023/12/23 09:24:20 prog length: 3
2023/12/23 09:24:20 prog length: 10
2023/12/23 09:24:20 deserializeInput: hasCrash true hasNet false
2023/12/23 09:24:20 prog length: 6
2023/12/23 09:24:20 prog length: 8
2023/12/23 09:24:20 prog length: 8
2023/12/23 09:24:20 deserializeInput: hasCrash false hasNet false
2023/12/23 09:24:20 prog length: 2
2023/12/23 09:24:20 deserializeInput: hasCrash true hasNet false
2023/12/23 09:24:20 prog length: 6
2023/12/23 09:24:20 prog length: 4
2023/12/23 09:24:20 prog length: 2
2023/12/23 09:24:20 deserializeInput: hasCrash false hasNet false
2023/12/23 09:24:20 prog length: 2
2023/12/23 09:24:20 deserializeInput: hasCrash false hasNet false
2023/12/23 09:24:20 prog length: 1
2023/12/23 09:24:20 deserializeInput: hasCrash false hasNet true
2023/12/23 09:24:20 prog length: 6
2023/12/23 09:24:20 prog length: 5
2023/12/23 09:24:20 prog length: 2
2023/12/23 09:24:20 deserializeInput: hasCrash true hasNet false
2023/12/23 09:24:20 prog length: 6
2023/12/23 09:24:20 prog length: 3
2023/12/23 09:24:20 prog length: 10
2023/12/23 09:24:20 deserializeInput: hasCrash false hasNet true
2023/12/23 09:24:20 prog length: 6
2023/12/23 09:24:20 prog length: 3
2023/12/23 09:24:20 prog length: 10
2023/12/23 09:24:20 deserializeInput: hasCrash true hasNet false
2023/12/23 09:24:20 prog length: 6
2023/12/23 09:24:20 prog length: 10
2023/12/23 09:24:20 prog length: 10
2023/12/23 09:24:20 deserializeInput: hasCrash true hasNet false
2023/12/23 09:24:20 prog length: 6
2023/12/23 09:24:20 prog length: 4
2023/12/23 09:24:20 prog length: 10
2023/12/23 09:24:20 deserializeInput: hasCrash false hasNet false
2023/12/23 09:24:20 prog length: 1
2023/12/23 09:24:20 deserializeInput: hasCrash false hasNet false
2023/12/23 09:24:20 prog length: 1
2023/12/23 09:24:20 prog length: 6
2023/12/23 09:24:20 deserializeInput: hasCrash false hasNet true
2023/12/23 09:24:20 prog length: 6
2023/12/23 09:24:20 prog length: 3
2023/12/23 09:24:20 prog length: 10
2023/12/23 09:24:20 deserializeInput: hasCrash false hasNet false
2023/12/23 09:24:20 prog length: 1
2023/12/23 09:24:20 deserializeInput: hasCrash true hasNet false
2023/12/23 09:24:20 prog length: 6
2023/12/23 09:24:20 prog length: 5
2023/12/23 09:24:20 prog length: 2
2023/12/23 09:24:20 deserializeInput: hasCrash false hasNet false
2023/12/23 09:24:20 prog length: 1
2023/12/23 09:24:20 deserializeInput: hasCrash true hasNet false
2023/12/23 09:24:20 prog length: 6
2023/12/23 09:24:20 prog length: 2
2023/12/23 09:24:20 prog length: 4
2023/12/23 09:24:20 deserializeInput: hasCrash false hasNet true
2023/12/23 09:24:20 prog length: 6
2023/12/23 09:24:20 prog length: 3
2023/12/23 09:24:20 prog length: 2
2023/12/23 09:24:20 deserializeInput: hasCrash true hasNet false
2023/12/23 09:24:20 prog length: 6
2023/12/23 09:24:20 prog length: 5
2023/12/23 09:24:20 prog length: 10
2023/12/23 09:24:20 deserializeInput: hasCrash false hasNet false
2023/12/23 09:24:20 prog length: 1
2023/12/23 09:24:20 deserializeInput: hasCrash true hasNet false
2023/12/23 09:24:20 prog length: 6
2023/12/23 09:24:20 prog length: 4
2023/12/23 09:24:20 prog length: 10
2023/12/23 09:24:20 deserializeInput: hasCrash false hasNet false
2023/12/23 09:24:20 prog length: 2
2023/12/23 09:24:20 prog length: 6
2023/12/23 09:24:20 deserializeInput: hasCrash true hasNet false
2023/12/23 09:24:20 prog length: 6
2023/12/23 09:24:20 prog length: 5
2023/12/23 09:24:20 prog length: 2
2023/12/23 09:24:20 deserializeInput: hasCrash true hasNet false
2023/12/23 09:24:20 prog length: 6
2023/12/23 09:24:20 prog length: 10
2023/12/23 09:24:20 prog length: 10
2023/12/23 09:24:20 deserializeInput: hasCrash true hasNet false
2023/12/23 09:24:20 prog length: 6
2023/12/23 09:24:20 prog length: 4
2023/12/23 09:24:20 prog length: 8
2023/12/23 09:24:20 deserializeInput: hasCrash false hasNet false
2023/12/23 09:24:20 prog length: 2
2023/12/23 09:24:20 deserializeInput: hasCrash false hasNet false
2023/12/23 09:24:20 prog length: 1
2023/12/23 09:24:20 deserializeInput: hasCrash true hasNet false
2023/12/23 09:24:20 prog length: 6
2023/12/23 09:24:20 prog length: 3
2023/12/23 09:24:20 prog length: 10
2023/12/23 09:24:20 deserializeInput: hasCrash true hasNet false
2023/12/23 09:24:20 prog length: 6
2023/12/23 09:24:20 prog length: 10
2023/12/23 09:24:20 prog length: 10
2023/12/23 09:24:20 deserializeInput: hasCrash true hasNet false
2023/12/23 09:24:20 prog length: 6
2023/12/23 09:24:20 prog length: 3
2023/12/23 09:24:20 prog length: 10
2023/12/23 09:24:20 deserializeInput: hasCrash false hasNet false
2023/12/23 09:24:20 prog length: 1
2023/12/23 09:24:20 deserializeInput: hasCrash false hasNet false
2023/12/23 09:24:20 prog length: 1
2023/12/23 09:24:20 deserializeInput: hasCrash false hasNet false
2023/12/23 09:24:20 prog length: 1
2023/12/23 09:24:20 deserializeInput: hasCrash false hasNet false
2023/12/23 09:24:20 prog length: 2
2023/12/23 09:24:20 deserializeInput: hasCrash true hasNet false
2023/12/23 09:24:20 prog length: 6
2023/12/23 09:24:20 prog length: 5
2023/12/23 09:24:20 prog length: 8
2023/12/23 09:24:20 deserializeInput: hasCrash false hasNet false
2023/12/23 09:24:20 prog length: 1
2023/12/23 09:24:20 deserializeInput: hasCrash false hasNet false
2023/12/23 09:24:20 prog length: 2
2023/12/23 09:24:20 prog length: 2
2023/12/23 09:24:20 fetching corpus: 50, signal 6228/37734/43218 (executing program)
2023/12/23 09:24:21 poll: candidates=0 inputs=50 signal=2000
2023/12/23 09:24:21 deserializeInput: hasCrash true hasNet false
2023/12/23 09:24:21 prog length: 6
2023/12/23 09:24:21 prog length: 3
2023/12/23 09:24:21 prog length: 10
2023/12/23 09:24:21 deserializeInput: hasCrash false hasNet false
2023/12/23 09:24:21 prog length: 1
2023/12/23 09:24:21 prog length: 3
2023/12/23 09:24:21 deserializeInput: hasCrash false hasNet true
2023/12/23 09:24:21 prog length: 6
2023/12/23 09:24:21 prog length: 3
2023/12/23 09:24:21 prog length: 10
2023/12/23 09:24:21 deserializeInput: hasCrash false hasNet true
2023/12/23 09:24:21 prog length: 6
2023/12/23 09:24:21 prog length: 3
2023/12/23 09:24:21 prog length: 10
2023/12/23 09:24:21 deserializeInput: hasCrash false hasNet true
2023/12/23 09:24:21 prog length: 6
2023/12/23 09:24:21 prog length: 3
2023/12/23 09:24:21 prog length: 2
2023/12/23 09:24:21 deserializeInput: hasCrash true hasNet false
2023/12/23 09:24:21 prog length: 6
2023/12/23 09:24:21 prog length: 3
2023/12/23 09:24:21 prog length: 6
2023/12/23 09:24:21 deserializeInput: hasCrash true hasNet false
2023/12/23 09:24:21 prog length: 6
2023/12/23 09:24:21 prog length: 4
2023/12/23 09:24:21 prog length: 10
2023/12/23 09:24:21 deserializeInput: hasCrash false hasNet true
2023/12/23 09:24:21 prog length: 6
2023/12/23 09:24:21 prog length: 5
2023/12/23 09:24:21 prog length: 2
2023/12/23 09:24:21 deserializeInput: hasCrash false hasNet false
2023/12/23 09:24:21 prog length: 2
2023/12/23 09:24:21 deserializeInput: hasCrash true hasNet false
2023/12/23 09:24:21 prog length: 6
2023/12/23 09:24:21 prog length: 3
2023/12/23 09:24:21 prog length: 10
2023/12/23 09:24:21 deserializeInput: hasCrash true hasNet false
2023/12/23 09:24:21 prog length: 6
2023/12/23 09:24:21 prog length: 3
2023/12/23 09:24:21 prog length: 2
2023/12/23 09:24:21 deserializeInput: hasCrash true hasNet false
2023/12/23 09:24:21 prog length: 6
2023/12/23 09:24:21 prog length: 5
2023/12/23 09:24:21 prog length: 10
2023/12/23 09:24:21 deserializeInput: hasCrash true hasNet false
2023/12/23 09:24:21 prog length: 6
2023/12/23 09:24:21 prog length: 10
2023/12/23 09:24:21 prog length: 10
2023/12/23 09:24:21 deserializeInput: hasCrash false hasNet false
2023/12/23 09:24:21 prog length: 3
2023/12/23 09:24:21 prog length: 2
2023/12/23 09:24:21 deserializeInput: hasCrash false hasNet true
2023/12/23 09:24:21 prog length: 6
2023/12/23 09:24:21 prog length: 5
2023/12/23 09:24:21 prog length: 2
2023/12/23 09:24:21 deserializeInput: hasCrash false hasNet false
2023/12/23 09:24:21 prog length: 1
2023/12/23 09:24:21 deserializeInput: hasCrash true hasNet false
2023/12/23 09:24:21 prog length: 6
2023/12/23 09:24:21 prog length: 3
2023/12/23 09:24:21 prog length: 10
2023/12/23 09:24:21 deserializeInput: hasCrash true hasNet false
2023/12/23 09:24:21 prog length: 6
2023/12/23 09:24:21 prog length: 3
2023/12/23 09:24:21 prog length: 10
2023/12/23 09:24:21 deserializeInput: hasCrash false hasNet false
2023/12/23 09:24:21 prog length: 1
2023/12/23 09:24:21 deserializeInput: hasCrash true hasNet false
2023/12/23 09:24:21 prog length: 6
2023/12/23 09:24:21 prog length: 3
2023/12/23 09:24:21 prog length: 10
2023/12/23 09:24:21 deserializeInput: hasCrash false hasNet false
2023/12/23 09:24:21 prog length: 2
2023/12/23 09:24:21 deserializeInput: hasCrash false hasNet true
2023/12/23 09:24:21 prog length: 6
2023/12/23 09:24:21 prog length: 5
2023/12/23 09:24:21 prog length: 2
2023/12/23 09:24:21 deserializeInput: hasCrash false hasNet false
2023/12/23 09:24:21 prog length: 2
2023/12/23 09:24:21 deserializeInput: hasCrash true hasNet false
2023/12/23 09:24:21 prog length: 6
2023/12/23 09:24:21 prog length: 10
2023/12/23 09:24:21 prog length: 10
2023/12/23 09:24:21 deserializeInput: hasCrash false hasNet true
2023/12/23 09:24:21 prog length: 6
2023/12/23 09:24:21 prog length: 3
2023/12/23 09:24:21 prog length: 10
2023/12/23 09:24:21 deserializeInput: hasCrash true hasNet false
2023/12/23 09:24:21 prog length: 6
2023/12/23 09:24:21 prog length: 4
2023/12/23 09:24:21 prog length: 10
2023/12/23 09:24:21 deserializeInput: hasCrash true hasNet false
2023/12/23 09:24:21 prog length: 6
2023/12/23 09:24:21 prog length: 4
2023/12/23 09:24:21 prog length: 2
2023/12/23 09:24:21 deserializeInput: hasCrash true hasNet false
2023/12/23 09:24:21 prog length: 6
2023/12/23 09:24:21 prog length: 3
2023/12/23 09:24:21 prog length: 10
2023/12/23 09:24:21 deserializeInput: hasCrash true hasNet false
2023/12/23 09:24:21 prog length: 6
2023/12/23 09:24:21 prog length: 3
2023/12/23 09:24:21 prog length: 2
2023/12/23 09:24:21 deserializeInput: hasCrash false hasNet false
2023/12/23 09:24:21 prog length: 3
2023/12/23 09:24:21 deserializeInput: hasCrash true hasNet false
2023/12/23 09:24:21 prog length: 6
2023/12/23 09:24:21 prog length: 3
2023/12/23 09:24:21 prog length: 10
2023/12/23 09:24:21 deserializeInput: hasCrash false hasNet false
2023/12/23 09:24:21 prog length: 2
2023/12/23 09:24:21 deserializeInput: hasCrash true hasNet false
2023/12/23 09:24:21 prog length: 6
2023/12/23 09:24:21 prog length: 4
2023/12/23 09:24:21 prog length: 4
2023/12/23 09:24:21 deserializeInput: hasCrash true hasNet false
2023/12/23 09:24:21 prog length: 6
2023/12/23 09:24:21 prog length: 3
2023/12/23 09:24:21 prog length: 10
2023/12/23 09:24:21 deserializeInput: hasCrash true hasNet false
2023/12/23 09:24:21 prog length: 6
2023/12/23 09:24:21 prog length: 4
2023/12/23 09:24:21 prog length: 2
2023/12/23 09:24:21 deserializeInput: hasCrash true hasNet false
2023/12/23 09:24:21 prog length: 6
2023/12/23 09:24:21 prog length: 3
2023/12/23 09:24:21 prog length: 2
2023/12/23 09:24:21 deserializeInput: hasCrash true hasNet false
2023/12/23 09:24:21 prog length: 6
2023/12/23 09:24:21 prog length: 3
2023/12/23 09:24:21 prog length: 10
2023/12/23 09:24:21 deserializeInput: hasCrash true hasNet false
2023/12/23 09:24:21 prog length: 6
2023/12/23 09:24:21 prog length: 6
2023/12/23 09:24:21 prog length: 8
2023/12/23 09:24:21 deserializeInput: hasCrash false hasNet false
2023/12/23 09:24:21 prog length: 2
2023/12/23 09:24:21 deserializeInput: hasCrash true hasNet false
2023/12/23 09:24:21 prog length: 6
2023/12/23 09:24:21 prog length: 5
2023/12/23 09:24:21 prog length: 10
2023/12/23 09:24:21 deserializeInput: hasCrash true hasNet false
2023/12/23 09:24:21 prog length: 6
2023/12/23 09:24:21 prog length: 4
2023/12/23 09:24:21 prog length: 4
2023/12/23 09:24:21 deserializeInput: hasCrash false hasNet false
2023/12/23 09:24:21 prog length: 8
2023/12/23 09:24:21 deserializeInput: hasCrash false hasNet false
2023/12/23 09:24:21 prog length: 2
2023/12/23 09:24:21 deserializeInput: hasCrash true hasNet false
2023/12/23 09:24:21 prog length: 6
2023/12/23 09:24:21 prog length: 10
2023/12/23 09:24:21 prog length: 10
2023/12/23 09:24:21 deserializeInput: hasCrash true hasNet false
2023/12/23 09:24:21 prog length: 6
2023/12/23 09:24:21 prog length: 4
2023/12/23 09:24:21 prog length: 10
2023/12/23 09:24:21 deserializeInput: hasCrash true hasNet false
2023/12/23 09:24:21 prog length: 6
2023/12/23 09:24:21 prog length: 5
2023/12/23 09:24:21 prog length: 4
2023/12/23 09:24:21 deserializeInput: hasCrash true hasNet false
2023/12/23 09:24:21 prog length: 6
2023/12/23 09:24:21 prog length: 3
2023/12/23 09:24:21 prog length: 10
2023/12/23 09:24:21 deserializeInput: hasCrash false hasNet false
2023/12/23 09:24:21 prog length: 2
2023/12/23 09:24:21 deserializeInput: hasCrash true hasNet false
2023/12/23 09:24:21 prog length: 6
2023/12/23 09:24:21 prog length: 5
2023/12/23 09:24:21 prog length: 10
2023/12/23 09:24:21 deserializeInput: hasCrash true hasNet false
2023/12/23 09:24:21 prog length: 6
2023/12/23 09:24:21 prog length: 5
2023/12/23 09:24:21 prog length: 2
2023/12/23 09:24:21 fetching corpus: 100, signal 7282/44886/51575 (executing program)
2023/12/23 09:24:21 poll: candidates=0 inputs=17 signal=2000
2023/12/23 09:24:21 deserializeInput: hasCrash true hasNet false
2023/12/23 09:24:21 prog length: 6
2023/12/23 09:24:21 prog length: 4
2023/12/23 09:24:21 prog length: 8
2023/12/23 09:24:21 deserializeInput: hasCrash false hasNet false
2023/12/23 09:24:21 prog length: 2
2023/12/23 09:24:21 deserializeInput: hasCrash false hasNet false
2023/12/23 09:24:21 prog length: 7
2023/12/23 09:24:21 prog length: 7
2023/12/23 09:24:21 deserializeInput: hasCrash true hasNet false
2023/12/23 09:24:21 prog length: 6
2023/12/23 09:24:21 prog length: 3
2023/12/23 09:24:21 prog length: 10
2023/12/23 09:24:21 deserializeInput: hasCrash false hasNet false
2023/12/23 09:24:21 prog length: 1
2023/12/23 09:24:21 deserializeInput: hasCrash true hasNet false
2023/12/23 09:24:21 prog length: 6
2023/12/23 09:24:21 prog length: 5
2023/12/23 09:24:21 prog length: 4
2023/12/23 09:24:21 deserializeInput: hasCrash true hasNet false
2023/12/23 09:24:21 prog length: 6
2023/12/23 09:24:21 prog length: 3
2023/12/23 09:24:21 prog length: 2
2023/12/23 09:24:21 deserializeInput: hasCrash false hasNet true
2023/12/23 09:24:21 prog length: 6
2023/12/23 09:24:21 prog length: 5
2023/12/23 09:24:21 prog length: 2
2023/12/23 09:24:21 deserializeInput: hasCrash true hasNet false
2023/12/23 09:24:21 prog length: 6
2023/12/23 09:24:21 prog length: 10
2023/12/23 09:24:21 prog length: 10
2023/12/23 09:24:21 deserializeInput: hasCrash true hasNet false
2023/12/23 09:24:21 prog length: 6
2023/12/23 09:24:21 prog length: 3
2023/12/23 09:24:21 prog length: 10
2023/12/23 09:24:21 deserializeInput: hasCrash false hasNet false
2023/12/23 09:24:21 prog length: 2
2023/12/23 09:24:21 deserializeInput: hasCrash true hasNet false
2023/12/23 09:24:21 prog length: 6
2023/12/23 09:24:21 prog length: 5
2023/12/23 09:24:21 prog length: 10
2023/12/23 09:24:21 deserializeInput: hasCrash true hasNet false
2023/12/23 09:24:21 prog length: 6
2023/12/23 09:24:21 prog length: 4
2023/12/23 09:24:21 prog length: 8
2023/12/23 09:24:21 deserializeInput: hasCrash false hasNet true
2023/12/23 09:24:21 prog length: 6
2023/12/23 09:24:21 prog length: 5
2023/12/23 09:24:21 prog length: 2
2023/12/23 09:24:21 deserializeInput: hasCrash false hasNet false
2023/12/23 09:24:21 prog length: 2
2023/12/23 09:24:21 deserializeInput: hasCrash false hasNet false
2023/12/23 09:24:21 prog length: 3
2023/12/23 09:24:21 deserializeInput: hasCrash true hasNet false
2023/12/23 09:24:21 prog length: 6
2023/12/23 09:24:21 prog length: 6
2023/12/23 09:24:21 prog length: 8
2023/12/23 09:24:21 fetching corpus: 117, signal 7407/45795/53060 (executing program)
2023/12/23 09:24:21 poll: candidates=0 inputs=0 signal=2000
2023/12/23 09:24:21 fetching corpus: 117, signal 7407/45795/53602 (executing program)
2023/12/23 09:24:21 poll: candidates=0 inputs=0 signal=2000
2023/12/23 09:24:21 fetching corpus: 117, signal 7407/45795/54140 (executing program)
2023/12/23 09:24:21 poll: candidates=0 inputs=0 signal=2000
2023/12/23 09:24:21 fetching corpus: 117, signal 7407/45795/54666 (executing program)
2023/12/23 09:24:21 poll: candidates=0 inputs=0 signal=2000
2023/12/23 09:24:21 fetching corpus: 117, signal 7407/45795/55189 (executing program)
2023/12/23 09:24:21 poll: candidates=0 inputs=0 signal=2000
2023/12/23 09:24:21 fetching corpus: 117, signal 7407/45795/55672 (executing program)
2023/12/23 09:24:21 poll: candidates=0 inputs=0 signal=2000
2023/12/23 09:24:21 fetching corpus: 117, signal 7407/45795/56199 (executing program)
2023/12/23 09:24:21 poll: candidates=0 inputs=0 signal=2000
2023/12/23 09:24:21 fetching corpus: 117, signal 7407/45795/56700 (executing program)
2023/12/23 09:24:21 poll: candidates=0 inputs=0 signal=2000
2023/12/23 09:24:21 fetching corpus: 117, signal 7407/45795/57182 (executing program)
2023/12/23 09:24:21 poll: candidates=0 inputs=0 signal=2000
2023/12/23 09:24:21 fetching corpus: 117, signal 7407/45795/57720 (executing program)
2023/12/23 09:24:21 poll: candidates=0 inputs=0 signal=2000
2023/12/23 09:24:21 fetching corpus: 117, signal 7407/45795/58272 (executing program)
2023/12/23 09:24:21 poll: candidates=0 inputs=0 signal=2000
2023/12/23 09:24:21 fetching corpus: 117, signal 7407/45795/58777 (executing program)
2023/12/23 09:24:21 poll: candidates=0 inputs=0 signal=2000
2023/12/23 09:24:21 fetching corpus: 117, signal 7407/45795/59256 (executing program)
2023/12/23 09:24:21 poll: candidates=0 inputs=0 signal=2000
2023/12/23 09:24:21 fetching corpus: 117, signal 7407/45795/59760 (executing program)
2023/12/23 09:24:21 poll: candidates=0 inputs=0 signal=2000
2023/12/23 09:24:21 fetching corpus: 117, signal 7407/45795/60263 (executing program)
2023/12/23 09:24:21 poll: candidates=0 inputs=0 signal=2000
2023/12/23 09:24:21 fetching corpus: 117, signal 7407/45795/60781 (executing program)
2023/12/23 09:24:21 poll: candidates=0 inputs=0 signal=2000
2023/12/23 09:24:21 fetching corpus: 117, signal 7407/45795/61290 (executing program)
2023/12/23 09:24:21 poll: candidates=0 inputs=0 signal=2000
2023/12/23 09:24:21 fetching corpus: 117, signal 7407/45795/61805 (executing program)
2023/12/23 09:24:21 poll: candidates=0 inputs=0 signal=2000
2023/12/23 09:24:21 fetching corpus: 117, signal 7407/45795/62316 (executing program)
2023/12/23 09:24:21 poll: candidates=0 inputs=0 signal=2000
2023/12/23 09:24:21 fetching corpus: 117, signal 7407/45795/62841 (executing program)
2023/12/23 09:24:21 poll: candidates=0 inputs=0 signal=2000
2023/12/23 09:24:21 fetching corpus: 117, signal 7407/45795/63355 (executing program)
2023/12/23 09:24:21 poll: candidates=0 inputs=0 signal=2000
2023/12/23 09:24:21 fetching corpus: 117, signal 7407/45795/63890 (executing program)
2023/12/23 09:24:21 poll: candidates=0 inputs=0 signal=2000
2023/12/23 09:24:21 fetching corpus: 117, signal 7407/45795/64431 (executing program)
2023/12/23 09:24:21 poll: candidates=0 inputs=0 signal=2000
2023/12/23 09:24:21 fetching corpus: 117, signal 7407/45795/64963 (executing program)
2023/12/23 09:24:21 poll: candidates=0 inputs=0 signal=2000
2023/12/23 09:24:21 fetching corpus: 117, signal 7407/45795/65480 (executing program)
2023/12/23 09:24:21 poll: candidates=0 inputs=0 signal=2000
2023/12/23 09:24:21 fetching corpus: 117, signal 7407/45795/65982 (executing program)
2023/12/23 09:24:21 poll: candidates=0 inputs=0 signal=706
2023/12/23 09:24:21 fetching corpus: 117, signal 7407/45795/66158 (executing program)
2023/12/23 09:24:21 poll: candidates=0 inputs=0 signal=0
2023/12/23 09:24:21 fetching corpus: 117, signal 7407/45795/66158 (executing program)
2023/12/23 09:24:22 starting 1 fuzzer processes
2023/12/23 09:24:22 ----- generateCall 171 dup2 dup2
2023/12/23 09:24:22 poll: candidates=0 inputs=0 signal=0
2023/12/23 09:24:22 ----- generateCall 2459 open$dir open$dir
2023/12/23 09:24:22 ----- generateCall 2459 open$dir open$dir
2023/12/23 09:24:22 ----- generateCall 2373 mkdir mkdir
2023/12/23 09:24:22 ----- generateCall 2458 open open
2023/12/23 09:24:22 ----- generateCall 2458 open open
2023/12/23 09:24:22 ----- generateCall 131 close close
2023/12/23 09:24:22 map[./file0:true ./file1:true]
2023/12/23 09:24:22 #0: generated
2023/12/23 09:24:22 HasCrashFail: false, .HasNetFail: false
2023/12/23 09:24:22 disable threaded and collide
2023/12/23 09:24:22 prog length: 8
2023/12/23 09:24:22 prog length: 8
2023/12/23 09:24:22 HasCrashFail:false HasNetFail:false
09:24:22 ---executing program 0:
---
---
---
r0 = open$dir(&(0x7f0000000000)='./file0\x00', 0x19083, 0xce4f0b0101306867)
dup2(0xffffffffffffffff, r0)
open$dir(&(0x7f0000000040)='./file1\x00', 0x8001, 0x114)
open$dir(&(0x7f0000000080)='./file1\x00', 0x620c2, 0x11b)
mkdir(&(0x7f00000000c0)='./file1\x00', 0xc8)
open(&(0x7f0000000100)='./file1\x00', 0x40, 0x157)
open(&(0x7f0000000140)='./file1\x00', 0x20000, 0xc0)
close(0xffffffffffffffff)
---
r0 = open$dir(&(0x7f0000000000)='./file0\x00', 0x19083, 0xce4f0b0101306867)
dup2(0xffffffffffffffff, r0)
open$dir(&(0x7f0000000040)='./file1\x00', 0x8001, 0x114)
open$dir(&(0x7f0000000080)='./file1\x00', 0x620c2, 0x11b)
mkdir(&(0x7f00000000c0)='./file1\x00', 0xc8)
open(&(0x7f0000000100)='./file1\x00', 0x40, 0x157)
open(&(0x7f0000000140)='./file1\x00', 0x20000, 0xc0)
close(0xffffffffffffffff)
---

end of program
2023/12/23 09:24:22 -----run executor: [/usr/bin/ssh -F /dev/null -o ConnectionAttempts=100 -o ConnectTimeout=120 -o UserKnownHostsFile=/dev/null -o BatchMode=yes -o IdentitiesOnly=yes -o StrictHostKeyChecking=no -o ConnectTimeout=100 -i /home/tlyu/dfs-fuzzing/disk-images/glusterfs-images/focal.id_rsa -v root@192.168.0.5 /root/syz-executor exec 0 0 glusterfs 3 5 192.168.0.5 0 "3 2 ''" false false false true false]
2023/12/23 09:24:22 -----run executor: [/usr/bin/ssh -F /dev/null -o ConnectionAttempts=100 -o ConnectTimeout=120 -o UserKnownHostsFile=/dev/null -o BatchMode=yes -o IdentitiesOnly=yes -o StrictHostKeyChecking=no -o ConnectTimeout=100 -i /home/tlyu/dfs-fuzzing/disk-images/glusterfs-images/focal.id_rsa -v root@192.168.0.6 /root/syz-executor exec 0 1 glusterfs 3 5 192.168.0.5 0 "3 2 ''" false false false true false]
2023/12/23 09:24:22 -----run executor: [/usr/bin/ssh -F /dev/null -o ConnectionAttempts=100 -o ConnectTimeout=120 -o UserKnownHostsFile=/dev/null -o BatchMode=yes -o IdentitiesOnly=yes -o StrictHostKeyChecking=no -o ConnectTimeout=100 -i /home/tlyu/dfs-fuzzing/disk-images/glusterfs-images/focal.id_rsa -v root@192.168.0.7 /root/syz-executor exec 0 2 glusterfs 3 5 192.168.0.5 0 "3 2 ''" false false false true false]
2023/12/23 09:24:22 -----run executor: [/usr/bin/ssh -F /dev/null -o ConnectionAttempts=100 -o ConnectTimeout=120 -o UserKnownHostsFile=/dev/null -o BatchMode=yes -o IdentitiesOnly=yes -o StrictHostKeyChecking=no -o ConnectTimeout=100 -i /home/tlyu/dfs-fuzzing/disk-images/glusterfs-images/focal.id_rsa -v root@192.168.0.8 /root/syz-executor exec 1 3 glusterfs 3 5 192.168.0.5 0 "3 2 ''" false false false true false]
2023/12/23 09:24:22 -----run executor: [/usr/bin/ssh -F /dev/null -o ConnectionAttempts=100 -o ConnectTimeout=120 -o UserKnownHostsFile=/dev/null -o BatchMode=yes -o IdentitiesOnly=yes -o StrictHostKeyChecking=no -o ConnectTimeout=100 -i /home/tlyu/dfs-fuzzing/disk-images/glusterfs-images/focal.id_rsa -v root@192.168.0.9 /root/syz-executor exec 1 4 glusterfs 3 5 192.168.0.5 0 "3 2 ''" false false false true false]
OpenSSH_8.2p1 Ubuntu-4ubuntu0.9, OpenSSL 1.1.1f  31 Mar 2020
debug1: Reading configuration data /dev/null
OpenSSH_8.2p1 Ubuntu-4ubuntu0.9, OpenSSL 1.1.1f  31 Mar 2020
debug1: Reading configuration data /dev/null
OpenSSH_8.2p1 Ubuntu-4ubuntu0.9, OpenSSL 1.1.1f  31 Mar 2020
debug1: Reading configuration data /dev/null
OpenSSH_8.2p1 Ubuntu-4ubuntu0.9, OpenSSL 1.1.1f  31 Mar 2020
OpenSSH_8.2p1 Ubuntu-4ubuntu0.9, OpenSSL 1.1.1f  31 Mar 2020
debug1: Reading configuration data /dev/null
debug1: Reading configuration data /dev/null
debug1: Connecting to 192.168.0.5 [192.168.0.5] port 22.
debug1: Connecting to 192.168.0.9 [192.168.0.9] port 22.
debug1: Connecting to 192.168.0.7 [192.168.0.7] port 22.
debug1: Connecting to 192.168.0.6 [192.168.0.6] port 22.
debug1: fd 3 clearing O_NONBLOCK
debug1: Connection established.
debug1: identity file /home/tlyu/dfs-fuzzing/disk-images/glusterfs-images/focal.id_rsa type 0
debug1: identity file /home/tlyu/dfs-fuzzing/disk-images/glusterfs-images/focal.id_rsa-cert type -1
debug1: Local version string SSH-2.0-OpenSSH_8.2p1 Ubuntu-4ubuntu0.9
debug1: Connecting to 192.168.0.8 [192.168.0.8] port 22.
debug1: fd 3 clearing O_NONBLOCK
debug1: Connection established.
debug1: identity file /home/tlyu/dfs-fuzzing/disk-images/glusterfs-images/focal.id_rsa type 0
debug1: identity file /home/tlyu/dfs-fuzzing/disk-images/glusterfs-images/focal.id_rsa-cert type -1
debug1: Local version string SSH-2.0-OpenSSH_8.2p1 Ubuntu-4ubuntu0.9
debug1: fd 3 clearing O_NONBLOCK
debug1: Connection established.
debug1: identity file /home/tlyu/dfs-fuzzing/disk-images/glusterfs-images/focal.id_rsa type 0
debug1: identity file /home/tlyu/dfs-fuzzing/disk-images/glusterfs-images/focal.id_rsa-cert type -1
debug1: Local version string SSH-2.0-OpenSSH_8.2p1 Ubuntu-4ubuntu0.9
debug1: fd 3 clearing O_NONBLOCK
debug1: Connection established.
debug1: fd 3 clearing O_NONBLOCK
debug1: Connection established.
debug1: identity file /home/tlyu/dfs-fuzzing/disk-images/glusterfs-images/focal.id_rsa type 0
debug1: identity file /home/tlyu/dfs-fuzzing/disk-images/glusterfs-images/focal.id_rsa-cert type -1
debug1: Local version string SSH-2.0-OpenSSH_8.2p1 Ubuntu-4ubuntu0.9
debug1: identity file /home/tlyu/dfs-fuzzing/disk-images/glusterfs-images/focal.id_rsa type 0
debug1: identity file /home/tlyu/dfs-fuzzing/disk-images/glusterfs-images/focal.id_rsa-cert type -1
debug1: Local version string SSH-2.0-OpenSSH_8.2p1 Ubuntu-4ubuntu0.9
debug1: Remote protocol version 2.0, remote software version OpenSSH_8.2p1 Ubuntu-4
debug1: match: OpenSSH_8.2p1 Ubuntu-4 pat OpenSSH* compat 0x04000000
debug1: Authenticating to 192.168.0.7:22 as 'root'
debug1: SSH2_MSG_KEXINIT sent
debug1: SSH2_MSG_KEXINIT received
debug1: kex: algorithm: curve25519-sha256
debug1: Remote protocol version 2.0, remote software version OpenSSH_8.2p1 Ubuntu-4
debug1: kex: host key algorithm: ecdsa-sha2-nistp256
debug1: match: OpenSSH_8.2p1 Ubuntu-4 pat OpenSSH* compat 0x04000000
debug1: kex: server->client cipher: chacha20-poly1305@openssh.com MAC: <implicit> compression: none
debug1: kex: client->server cipher: chacha20-poly1305@openssh.com MAC: <implicit> compression: none
debug1: Authenticating to 192.168.0.5:22 as 'root'
debug1: SSH2_MSG_KEXINIT sent
debug1: expecting SSH2_MSG_KEX_ECDH_REPLY
debug1: Remote protocol version 2.0, remote software version OpenSSH_8.2p1 Ubuntu-4
debug1: match: OpenSSH_8.2p1 Ubuntu-4 pat OpenSSH* compat 0x04000000
debug1: Authenticating to 192.168.0.9:22 as 'root'
debug1: SSH2_MSG_KEXINIT sent
debug1: Remote protocol version 2.0, remote software version OpenSSH_8.2p1 Ubuntu-4
debug1: match: OpenSSH_8.2p1 Ubuntu-4 pat OpenSSH* compat 0x04000000
debug1: Authenticating to 192.168.0.8:22 as 'root'
debug1: SSH2_MSG_KEXINIT sent
debug1: Remote protocol version 2.0, remote software version OpenSSH_8.2p1 Ubuntu-4
debug1: match: OpenSSH_8.2p1 Ubuntu-4 pat OpenSSH* compat 0x04000000
debug1: Authenticating to 192.168.0.6:22 as 'root'
debug1: SSH2_MSG_KEXINIT sent
debug1: SSH2_MSG_KEXINIT received
debug1: kex: algorithm: curve25519-sha256
debug1: kex: host key algorithm: ecdsa-sha2-nistp256
debug1: kex: server->client cipher: chacha20-poly1305@openssh.com MAC: <implicit> compression: none
debug1: kex: client->server cipher: chacha20-poly1305@openssh.com MAC: <implicit> compression: none
debug1: SSH2_MSG_KEXINIT received
debug1: kex: algorithm: curve25519-sha256
debug1: kex: host key algorithm: ecdsa-sha2-nistp256
debug1: kex: server->client cipher: chacha20-poly1305@openssh.com MAC: <implicit> compression: none
debug1: kex: client->server cipher: chacha20-poly1305@openssh.com MAC: <implicit> compression: none
debug1: expecting SSH2_MSG_KEX_ECDH_REPLY
debug1: expecting SSH2_MSG_KEX_ECDH_REPLY
debug1: SSH2_MSG_KEXINIT received
debug1: kex: algorithm: curve25519-sha256
debug1: kex: host key algorithm: ecdsa-sha2-nistp256
debug1: kex: server->client cipher: chacha20-poly1305@openssh.com MAC: <implicit> compression: none
debug1: kex: client->server cipher: chacha20-poly1305@openssh.com MAC: <implicit> compression: none
debug1: Server host key: ecdsa-sha2-nistp256 SHA256:prHFi1G5XXPuzxIh2a5lJaY6ZWltf3+ajD/hEOIDid8
Warning: Permanently added '192.168.0.7' (ECDSA) to the list of known hosts.
debug1: SSH2_MSG_KEXINIT received
debug1: kex: algorithm: curve25519-sha256
debug1: kex: host key algorithm: ecdsa-sha2-nistp256
debug1: kex: server->client cipher: chacha20-poly1305@openssh.com MAC: <implicit> compression: none
debug1: kex: client->server cipher: chacha20-poly1305@openssh.com MAC: <implicit> compression: none
debug1: Server host key: ecdsa-sha2-nistp256 SHA256:prHFi1G5XXPuzxIh2a5lJaY6ZWltf3+ajD/hEOIDid8
Warning: Permanently added '192.168.0.8' (ECDSA) to the list of known hosts.
debug1: rekey out after 134217728 blocks
debug1: SSH2_MSG_NEWKEYS sent
debug1: expecting SSH2_MSG_NEWKEYS
debug1: SSH2_MSG_NEWKEYS received
debug1: rekey in after 134217728 blocks
debug1: Will attempt key: /home/tlyu/dfs-fuzzing/disk-images/glusterfs-images/focal.id_rsa RSA SHA256:QIWS4tuunVotoxxddPCtr9GZw0tGyObh4l0/OC+LLZc explicit
debug1: SSH2_MSG_EXT_INFO received
debug1: kex_input_ext_info: server-sig-algs=<ssh-ed25519,sk-ssh-ed25519@openssh.com,ssh-rsa,rsa-sha2-256,rsa-sha2-512,ssh-dss,ecdsa-sha2-nistp256,ecdsa-sha2-nistp384,ecdsa-sha2-nistp521,sk-ecdsa-sha2-nistp256@openssh.com>
debug1: expecting SSH2_MSG_KEX_ECDH_REPLY
debug1: SSH2_MSG_SERVICE_ACCEPT received
debug1: rekey out after 134217728 blocks
debug1: SSH2_MSG_NEWKEYS sent
debug1: expecting SSH2_MSG_NEWKEYS
debug1: expecting SSH2_MSG_KEX_ECDH_REPLY
debug1: SSH2_MSG_NEWKEYS received
debug1: rekey in after 134217728 blocks
debug1: Will attempt key: /home/tlyu/dfs-fuzzing/disk-images/glusterfs-images/focal.id_rsa RSA SHA256:QIWS4tuunVotoxxddPCtr9GZw0tGyObh4l0/OC+LLZc explicit
debug1: SSH2_MSG_EXT_INFO received
debug1: kex_input_ext_info: server-sig-algs=<ssh-ed25519,sk-ssh-ed25519@openssh.com,ssh-rsa,rsa-sha2-256,rsa-sha2-512,ssh-dss,ecdsa-sha2-nistp256,ecdsa-sha2-nistp384,ecdsa-sha2-nistp521,sk-ecdsa-sha2-nistp256@openssh.com>
debug1: Server host key: ecdsa-sha2-nistp256 SHA256:prHFi1G5XXPuzxIh2a5lJaY6ZWltf3+ajD/hEOIDid8
Warning: Permanently added '192.168.0.5' (ECDSA) to the list of known hosts.
debug1: Authentications that can continue: publickey,password
debug1: Next authentication method: publickey
debug1: Offering public key: /home/tlyu/dfs-fuzzing/disk-images/glusterfs-images/focal.id_rsa RSA SHA256:QIWS4tuunVotoxxddPCtr9GZw0tGyObh4l0/OC+LLZc explicit
debug1: Server host key: ecdsa-sha2-nistp256 SHA256:prHFi1G5XXPuzxIh2a5lJaY6ZWltf3+ajD/hEOIDid8
Warning: Permanently added '192.168.0.6' (ECDSA) to the list of known hosts.
debug1: rekey out after 134217728 blocks
debug1: SSH2_MSG_NEWKEYS sent
debug1: expecting SSH2_MSG_NEWKEYS
debug1: SSH2_MSG_NEWKEYS received
debug1: rekey in after 134217728 blocks
debug1: Server host key: ecdsa-sha2-nistp256 SHA256:prHFi1G5XXPuzxIh2a5lJaY6ZWltf3+ajD/hEOIDid8
debug1: Will attempt key: /home/tlyu/dfs-fuzzing/disk-images/glusterfs-images/focal.id_rsa RSA SHA256:QIWS4tuunVotoxxddPCtr9GZw0tGyObh4l0/OC+LLZc explicit
debug1: SSH2_MSG_EXT_INFO received
debug1: kex_input_ext_info: server-sig-algs=<ssh-ed25519,sk-ssh-ed25519@openssh.com,ssh-rsa,rsa-sha2-256,rsa-sha2-512,ssh-dss,ecdsa-sha2-nistp256,ecdsa-sha2-nistp384,ecdsa-sha2-nistp521,sk-ecdsa-sha2-nistp256@openssh.com>
Warning: Permanently added '192.168.0.9' (ECDSA) to the list of known hosts.
debug1: SSH2_MSG_SERVICE_ACCEPT received
debug1: rekey out after 134217728 blocks
debug1: SSH2_MSG_NEWKEYS sent
debug1: expecting SSH2_MSG_NEWKEYS
debug1: SSH2_MSG_NEWKEYS received
debug1: rekey in after 134217728 blocks
debug1: Will attempt key: /home/tlyu/dfs-fuzzing/disk-images/glusterfs-images/focal.id_rsa RSA SHA256:QIWS4tuunVotoxxddPCtr9GZw0tGyObh4l0/OC+LLZc explicit
debug1: SSH2_MSG_EXT_INFO received
debug1: kex_input_ext_info: server-sig-algs=<ssh-ed25519,sk-ssh-ed25519@openssh.com,ssh-rsa,rsa-sha2-256,rsa-sha2-512,ssh-dss,ecdsa-sha2-nistp256,ecdsa-sha2-nistp384,ecdsa-sha2-nistp521,sk-ecdsa-sha2-nistp256@openssh.com>
debug1: SSH2_MSG_SERVICE_ACCEPT received
debug1: rekey out after 134217728 blocks
debug1: SSH2_MSG_NEWKEYS sent
debug1: expecting SSH2_MSG_NEWKEYS
debug1: SSH2_MSG_NEWKEYS received
debug1: rekey in after 134217728 blocks
debug1: Will attempt key: /home/tlyu/dfs-fuzzing/disk-images/glusterfs-images/focal.id_rsa RSA SHA256:QIWS4tuunVotoxxddPCtr9GZw0tGyObh4l0/OC+LLZc explicit
debug1: SSH2_MSG_EXT_INFO received
debug1: kex_input_ext_info: server-sig-algs=<ssh-ed25519,sk-ssh-ed25519@openssh.com,ssh-rsa,rsa-sha2-256,rsa-sha2-512,ssh-dss,ecdsa-sha2-nistp256,ecdsa-sha2-nistp384,ecdsa-sha2-nistp521,sk-ecdsa-sha2-nistp256@openssh.com>
debug1: Server accepts key: /home/tlyu/dfs-fuzzing/disk-images/glusterfs-images/focal.id_rsa RSA SHA256:QIWS4tuunVotoxxddPCtr9GZw0tGyObh4l0/OC+LLZc explicit
debug1: Authentications that can continue: publickey,password
debug1: Next authentication method: publickey
debug1: Offering public key: /home/tlyu/dfs-fuzzing/disk-images/glusterfs-images/focal.id_rsa RSA SHA256:QIWS4tuunVotoxxddPCtr9GZw0tGyObh4l0/OC+LLZc explicit
debug1: Authentications that can continue: publickey,password
debug1: Next authentication method: publickey
debug1: Offering public key: /home/tlyu/dfs-fuzzing/disk-images/glusterfs-images/focal.id_rsa RSA SHA256:QIWS4tuunVotoxxddPCtr9GZw0tGyObh4l0/OC+LLZc explicit
debug1: Server accepts key: /home/tlyu/dfs-fuzzing/disk-images/glusterfs-images/focal.id_rsa RSA SHA256:QIWS4tuunVotoxxddPCtr9GZw0tGyObh4l0/OC+LLZc explicit
debug1: Server accepts key: /home/tlyu/dfs-fuzzing/disk-images/glusterfs-images/focal.id_rsa RSA SHA256:QIWS4tuunVotoxxddPCtr9GZw0tGyObh4l0/OC+LLZc explicit
debug1: Authentication succeeded (publickey).
Authenticated to 192.168.0.7 ([192.168.0.7]:22).
debug1: channel 0: new [client-session]
debug1: Requesting no-more-sessions@openssh.com
debug1: Entering interactive session.
debug1: pledge: network
debug1: SSH2_MSG_SERVICE_ACCEPT received
debug1: Authentication succeeded (publickey).
Authenticated to 192.168.0.5 ([192.168.0.5]:22).
debug1: channel 0: new [client-session]
debug1: Requesting no-more-sessions@openssh.com
debug1: Entering interactive session.
debug1: pledge: network
debug1: Authentication succeeded (publickey).
Authenticated to 192.168.0.6 ([192.168.0.6]:22).
debug1: channel 0: new [client-session]
debug1: Requesting no-more-sessions@openssh.com
debug1: Entering interactive session.
debug1: pledge: network
debug1: Authentications that can continue: publickey,password
debug1: Next authentication method: publickey
debug1: Offering public key: /home/tlyu/dfs-fuzzing/disk-images/glusterfs-images/focal.id_rsa RSA SHA256:QIWS4tuunVotoxxddPCtr9GZw0tGyObh4l0/OC+LLZc explicit
debug1: Server accepts key: /home/tlyu/dfs-fuzzing/disk-images/glusterfs-images/focal.id_rsa RSA SHA256:QIWS4tuunVotoxxddPCtr9GZw0tGyObh4l0/OC+LLZc explicit
debug1: SSH2_MSG_SERVICE_ACCEPT received
debug1: Authentications that can continue: publickey,password
debug1: Next authentication method: publickey
debug1: Offering public key: /home/tlyu/dfs-fuzzing/disk-images/glusterfs-images/focal.id_rsa RSA SHA256:QIWS4tuunVotoxxddPCtr9GZw0tGyObh4l0/OC+LLZc explicit
debug1: Server accepts key: /home/tlyu/dfs-fuzzing/disk-images/glusterfs-images/focal.id_rsa RSA SHA256:QIWS4tuunVotoxxddPCtr9GZw0tGyObh4l0/OC+LLZc explicit
debug1: Authentication succeeded (publickey).
Authenticated to 192.168.0.8 ([192.168.0.8]:22).
debug1: channel 0: new [client-session]
debug1: Requesting no-more-sessions@openssh.com
debug1: Entering interactive session.
debug1: pledge: network
debug1: Authentication succeeded (publickey).
Authenticated to 192.168.0.9 ([192.168.0.9]:22).
debug1: channel 0: new [client-session]
debug1: Requesting no-more-sessions@openssh.com
debug1: Entering interactive session.
debug1: pledge: network
debug1: client_input_global_request: rtype hostkeys-00@openssh.com want_reply 0
debug1: Remote: /root/.ssh/authorized_keys:1: key options: agent-forwarding port-forwarding pty user-rc x11-forwarding
debug1: client_input_global_request: rtype hostkeys-00@openssh.com want_reply 0
debug1: Remote: /root/.ssh/authorized_keys:1: key options: agent-forwarding port-forwarding pty user-rc x11-forwarding
debug1: client_input_global_request: rtype hostkeys-00@openssh.com want_reply 0
debug1: Remote: /root/.ssh/authorized_keys:1: key options: agent-forwarding port-forwarding pty user-rc x11-forwarding
debug1: Remote: /root/.ssh/authorized_keys:1: key options: agent-forwarding port-forwarding pty user-rc x11-forwarding
debug1: Sending command: /root/syz-executor exec 0 2 glusterfs 3 5 192.168.0.5 0 "3 2 ''" false false false true false
debug1: client_input_global_request: rtype hostkeys-00@openssh.com want_reply 0
debug1: Remote: /root/.ssh/authorized_keys:1: key options: agent-forwarding port-forwarding pty user-rc x11-forwarding
----- is restarting 0
---- dfs_name glusterfs is_dfs_client 0
unlink FIFO failed: No such file or directory
[    0.000000] kernel: Linux version 5.15.0+ (tlyu@IC-RS3-DPC07) (gcc (Ubuntu 9.4.0-1ubuntu1~20.04.1) 9.4.0, GNU ld (GNU Binutils for Ubuntu) 2.34) #8 SMP Fri Jun 3 16:18:40 CEST 2022
[    0.000000] kernel: Command line: root=/dev/sda console=ttyS0 net.ifnames=0 ip=192.168.0.7 quiet nokaslr
[    0.000000] kernel: x86/fpu: Supporting XSAVE feature 0x001: 'x87 floating point registers'
[    0.000000] kernel: x86/fpu: Supporting XSAVE feature 0x002: 'SSE registers'
[    0.000000] kernel: x86/fpu: Supporting XSAVE feature 0x004: 'AVX registers'
[    0.000000] kernel: x86/fpu: Supporting XSAVE feature 0x008: 'MPX bounds registers'
[    0.000000] kernel: x86/fpu: Supporting XSAVE feature 0x010: 'MPX CSR'
[    0.000000] kernel: x86/fpu: Supporting XSAVE feature 0x020: 'AVX-512 opmask'
[    0.000000] kernel: x86/fpu: Supporting XSAVE feature 0x040: 'AVX-512 Hi256'
[    0.000000] kernel: x86/fpu: Supporting XSAVE feature 0x080: 'AVX-512 ZMM_Hi256'
[    0.000000] kernel: x86/fpu: Supporting XSAdebug1: Remote: /root/.ssh/authorized_keys:1: key options: agent-forwarding port-forwarding pty user-rc x11-forwarding
debug1: Sending command: /root/syz-executor exec 0 0 glusterfs 3 5 192.168.0.5 0 "3 2 ''" false false false true false
VE feature 0x200: 'Protection Keys User registers'
[    0.000000] kernel: x86/fpu: xstate_offset[2]:  576, xstate_sizes[2]:  256
[    0.000000] kernel: x86/fpu: xstate_offset[3]:  832, xstate_sizes[3]:   64
[    0.000000] kernel: x86/fpu: xstate_offset[4]:  896, xstate_sizes[4]:   64
[    0.000000] kernel: x86/fpu: xstate_offset[5]:  960, xstate_sizes[5]:   64
[    0.000000] kernel: x86/fpu: xstate_offset[6]: 1024, xstate_sizes[6]:  512
[    0.000000] kernel: x86/fpu: xstate_offset[7]: 1536, xstate_sizes[7]: 1024
[    0.000000] kernel: x86/fpu: xstate_offset[9]: 2560, xstate_sizes[9]:    8
[    0.000000] kernel: x86/fpu: Enabled xstate features 0x2ff, context size is 2568 bytes, using 'compacted' format.
[    0.000000] kernel: signal: max sigframe size: 3632
[    0.000000] kernel: BIOS-provided physical RAM map:
[    0.000000] kernel: BIOS-e820: [mem 0x0000000000000000-0x000000000009fbff] usable
[    0.000000] kernel: BIOS-e820: [mem 0x000000000009fc00-0x000000000009ffff] reserved
[    0.000000] kernel: BIOS-e820: [mem 0x00000000000f0000-0x00000000000fffff] reserved
[    0.000000] kernel: BIOS-e820: [mem 0x0000000000100000-0x00000000bffdcfff] usable
[    0.000000] kernel: BIOS-e820: [mem 0x00000000bffdd000-0x00000000bfffffff] reserved
[    0.000000] kernel: BIOS-e820: [mem 0x00000000feffc000-0x00000000feffffff] reserved
[    0.000000] kernel: BIOS-e820: [mem 0x00000000fffc0000-0x00000000ffffffff] reserved
[    0.000000] kernel: BIOS-e820: [mem 0x0000000100000000-0x00000002bfffffff] usable
[    0.000000] kernel: NX (Execute Disable) protection: active
[    0.000000] kernel: SMBIOS 2.8 present.
[    0.000000] kernel: DMI: QEMU Standard PC (i440FX + PIIX, 1996), BIOS 1.13.0-1ubuntu1.1 04/01/2014
[    0.000000] kernel: Hypervisor detected: KVM
[    0.000000] kernel: kvm-clock: Using msrs 4b564d01 and 4b564d00
[    0.000000] kernel: kvm-clock: cpu 0, msr 5b58001, primary cpu clock
[    0.000004] kernel: kvm-clock: using sched offset of 516586465 cycles
[    0.000015] kdebug1: client_input_global_request: rtype hostkeys-00@openssh.com want_reply 0
debug1: Remote: /root/.ssh/authorized_keys:1: key options: agent-forwarding port-forwarding pty user-rc x11-forwarding
ernel: clocksource: kvm-clock: mask: 0xffffffffffffffff max_cycles: 0x1cd42e4dffb, max_idle_ns: 881590591483 ns
[    0.000037] kernel: tsc: Detected 2496.000 MHz processor
[    0.009116] kernel: e820: update [mem 0x00000000-0x00000fff] usable ==> reserved
[    0.009156] kernel: e820: remove [mem 0x000a0000-0x000fffff] usable
[    0.009186] kernel: last_pfn = 0x2c0000 max_arch_pfn = 0x400000000
[    0.009271] kernel: x86/PAT: Configuration [0-7]: WB  WC  UC- UC  WB  WP  UC- WT  
[    0.009288] kernel: last_pfn = 0xbffdd max_arch_pfn = 0x400000000
[    0.020461] kernel: found SMP MP-table at [mem 0x000f5c70-0x000f5c7f]
[    0.020677] kernel: Using GB pages for direct mapping
[    0.022365] kernel: ACPI: Early table checksum verification disabled
[    0.022399] kernel: ACPI: RSDP 0x00000000000F5A40 000014 (v00 BOCHS )
[    0.022438] kernel: ACPI: RSDT 0x00000000BFFE15C9 000030 (v01 BOCHS  BXPCRSDT 00000001 BXPC 00000001)
[    0.022479] kernel: ACPI: FACP 0x00000000BFFE149D 000074 (v01 BOCHS  BXPCFACP 00000001 BXPC 00000001)
[    0.022525] kernel: ACPI: DSDT 0x00000000BFFE0040 00145D (v01 BOCHS  BXPCDSDT 00000001 BXPC 00000001)
[    0.022560] kernel: ACPI: FACS 0x00000000BFFE0000 000040
[    0.022587] kernel: ACPI: APIC 0x00000000BFFE1511 000080 (v01 BOCHS  BXPCAPIC 00000001 BXPC 00000001)
[    0.022621] kernel: ACPI: HPET 0x00000000BFFE1591 000038 (v01 BOCHS  BXPCHPET 00000001 BXPC 00000001)
[    0.022654] kernel: ACPI: Reserving FACP table memory at [mem 0xbffe149d-0xbffe1510]
[    0.022670] kernel: ACPI: Reserving DSDT table memory at [mem 0xbffe0040-0xbffe149c]
[    0.022683] kernel: ACPI: Reserving FACS table memory at [mem 0xbffe0000-0xbffe003f]
[    0.022697] kernel: ACPI: Reserving APIC table memory at [mem 0xbffe1511-0xbffe1590]
[    0.022711] kernel: ACPI: Reserving HPET table memory at [mem 0xbffe1591-0xbffe15c8]
[    0.024299] kernel: No NUMA configuration found
[    0.024318] kernel: Faking a node at [mem 0x0000000000000000-0x00000002bfffffff]
[    0.024351] kernel: NODE_DATA(0) allocated [mem 0x2bfffa000-0x2bfffdfff]
[    0.024525] kernel: Zone ranges:
[    0.024532] kernel:   DMA      [mem 0x0000000000001000-0x0000000000ffffff]
[    0.024551] kernel:   DMA32    [mem 0x0000000001000000-0x00000000ffffffff]
[    0.024569] kernel:   Normal   [mem 0x0000000100000000-0x00000002bfffffff]
[    0.024586] kernel: Movable zone start for each node
[    0.024592] kernel: Early memory node ranges
[    0.024597] kernel:   node   0: [mem 0x0000000000001000-0x000000000009efff]
[    0.024610] kernel:   node   0: [mem 0x0000000000100000-0x00000000bffdcfff]
[    0.024625] kernel:   node   0: [mem 0x0000000100000000-0x00000002bfffffff]
[    0.024644] kernel: Initmem setup node 0 [mem 0x0000000000001000-0x00000002bfffffff]
[    0.025083] kernel: On node 0, zone DMA: 1 pages in unavailable ranges
[    0.025224] kernel: On node 0, zone DMA: 97 pages in unavailable ranges
[    0.140950] kernel: On node 0, zone Normal: 35 pages in unavailable ranges
[    0.561485] kernel: kasan: KernelAddressSanitizer initialized
[    0.561948] kernel: ACPI: PM-Timer IO Port: 0x608
[    0.561984] kernel: ACPI: LAPIC_NMI (acpi_id[0xff] dfl dfl lint[0x1])
[    0.562050] kernel: IOAPIC[0]: apic_id 0, version 17, address 0xfec00000, GSI 0-23
[    0.562077] kernel: ACPI: INT_SRC_OVR (bus 0 bus_irq 0 global_irq 2 dfl dfl)
[    0.562096] kernel: ACPI: INT_SRC_OVR (bus 0 bus_irq 5 global_irq 5 high level)
[    0.562113] kernel: ACPI: INT_SRC_OVR (bus 0 bus_irq 9 global_irq 9 high level)
[    0.562130] kernel: ACPI: INT_SRC_OVR (bus 0 bus_irq 10 global_irq 10 high level)
[    0.562147] kernel: ACPI: INT_SRC_OVR (bus 0 bus_irq 11 global_irq 11 high level)
[    0.562179] kernel: ACPI: Using ACPI (MADT) for SMP configuration information
[    0.562188] kernel: ACPI: HPET id: 0x8086a201 base: 0xfed00000
[    0.562207] kernel: TSC deadline timer available
[    0.562225] kernel: smpboot: Allowing 2 CPUs, 0 hotplug CPUs
[    0.562274] kernel: kvm-guest: KVM setup pv remote TLB flush
[    0.562286] kernel: kvm-guest: setup PV sched yield
[    0.562341] kernel: PM: hibernation: Registered nosave memory: [mem 0x00000000-0x00000fff]
[    0.562359] kernel: PM: hibernation: Registered nosave memory: [mem 0x0009f000-0x0009ffff]
[    0.562371] kernel: PM: hibernation: Registered nosave memory: [mem 0x000a0000-0x000effff]
[    0.562382] kernel: PM: hibernation: Registered nosave memory: [mem 0x000f0000-0x000fffff]
[    0.562400] kernel: PM: hibernation: Registered nosave memory: [mem 0xbffdd000-0xbfffffff]
[    0.562411] kernel: PM: hibernation: Registered nosave memory: [mem 0xc0000000-0xfeffbfff]
[    0.562423] kernel: PM: hibernation: Registered nosave memory: [mem 0xfeffc000-0xfeffffff]
[    0.562436] kernel: PM: hibernation: Registered nosave memory: [mem 0xff000000-0xfffbffff]
[    0.562449] kernel: PM: hibernation: Registered nosave memory: [mem 0xfffc0000-0xffffffff]
[    0.562466] kernel: [mem 0xc0000000-0xfeffbfff] available for PCI devices
[    0.5executor 2 finishes userspace_cover_open
before receiving handshake request
62478] kernel: Booting paravirtualized kernel on KVM
[    0.562490] kernel: clocksource: refined-jiffies: mask: 0xffffffff max_cycles: 0xffffffff, max_idle_ns: 1910969940391419 ns
[    0.579483] kernel: setup_percpu: NR_CPUS:64 nr_cpumask_bits:64 nr_cpu_ids:2 nr_node_ids:1
[    0.580035] kernel: percpu: Embedded 56 pages/cpu s191576 r8192 d29608 u1048576
[    0.580081] kernel: pcpu-alloc: s191576 r8192 d29608 u1048576 alloc=1*2097152
[    0.580099] kernel: pcpu-alloc: [0] 0 1 
[    0.580204] kernel: kvm-guest: setup async PF for cpu 0
[    0.580215] kernel: kvm-guest: stealtime: cpu 0, msr 26521f140
[    0.580226] kernel: Built 1 zonelists, mobility grouping on.  Total pages: 2580189
[    0.580235] kernel: Policy zone: Normal
[    0.580241] kernel: Kernel command line: root=/dev/sda console=ttyS0 net.ifnames=0 ip=192.168.0.7 quiet nokaslr
[    0.580656] kernel: Unknown command line parameters: nokaslr
[    0.584179] kernel: Dentry cache hash table entries: 2097152 (order: 12, 16777216 bytes, linear)
[    0.586009] kernel: Inode-cache hash table entries: 1048576 (order: 11, 8388608 bytes, linear)
[    0.586177] kernel: mem auto-init: stack:off, heap alloc:off, heap free:off
[    0.868915] kernel: Memory: 8818308K/10485228K available (47117K kernel code, 10298K rwdata, 7204K rodata, 2068K init, 2860K bss, 1666664K reserved, 0K cma-reserved)
[    0.869342] kernel: SLUB: HWalign=64, Order=0-3, MinObjects=0, CPUs=2, Nodes=1
[    0.869939] kernel: rcu: Hierarchical RCU implementation.
[    0.869948] kernel: rcu:         RCU event tracing is enabled.
[    0.869955] kernel: rcu:         RCU restricting CPUs from NR_CPUS=64 to nr_cpu_ids=2.
[    0.869970] kernel: rcu: RCU calculated value of scheduler-enlistment delay is 100 jiffies.
[    0.869982] kernel: rcu: Adjusting geometry for rcu_fanout_leaf=16, nr_cpu_ids=2
[    0.886852] kernel: NR_IRQS: 4352, nr_irqs: 440, preallocated irqs: 16
[    0.887493] kernel: random: get_random_bytes called from start_kernel+0x22b/0x456 with crng_init=0
[    0.893145] kernel: Console: colour VGA+ 80x25
[    0.893342] kernel: printk: console [ttyS0] enabled
[    0.893431] kernel: ACPI: Core revision 20210730
[    0.893855] kernel: clocksource: hpet: mask: 0xffffffff max_cycles: 0xffffffff, max_idle_ns: 19112604467 ns
[    0.894010] kernel: APIC: Switch to symmetric I/O mode setup
[    0.894021] kernel: kvm-guest: setup PV IPIs
[    0.895532] kernel: ..TIMER: vector=0x30 apic1=0 pin1=2 apic2=-1 pin2=-1
[    0.895587] kernel: clocksource: tsc-early: mask: 0xffffffffffffffff max_cycles: 0x23fa772cf26, max_idle_ns: 440795269835 ns
[    0.895621] kernel: Calibrating delay loop (skipped) preset value.. 4992.00 BogoMIPS (lpj=2496000)
[    0.895643] kernel: pid_max: default: 32768 minimum: 301
[    0.895789] kernel: LSM: Security Framework initializing
[    0.895843] kernel: SELinux:  Initializing.
[    0.896681] kernel: Mount-cache hash table entries: 32768 (order: 6, 262144 bytes, linear)
[    0.896978] kernel: Mountpoint-cache hash table entries: 32768 (order: 6, 262144 bytes, linear)
[    0.897686] kernel: x86/cpu: User Mode Instruction Prevention (UMIP) activated
[    0.897946] kernel: Last level iTLB entries: 4KB 0, 2MB 0, 4MB 0
[    0.897961] kernel: Last level dTLB entries: 4KB 0, 2MB 0, 4MB 0, 1GB 0
[    0.897992] kernel: Spectre V1 : Mitigation: usercopy/swapgs barriers and __user pointer sanitization
[    0.898013] kernel: Spectre V2 : Mitigation: Enhanced IBRS
[    0.898022] kernel: Spectre V2 : Spectre v2 / SpectreRSB mitigation: Filling RSB on context switch
[    0.898035] kernel: Spectre V2 : mitigation: Enabling conditional Indirect Branch Prediction Barrier
[    0.898052] kernel: Speculative Store Bypass: Mitigation: Speculative Store Bypass disabled via prctl and seccomp
[    0.931610] kernel: Freeing SMP alternatives memory: 40K
[    0.931610] kernel: smpboot: CPU0: 11th Gen Intel(R) Core(TM) i7-11700 @ 2.50GHz (family: 0x6, model: 0xa7, stepping: 0x1)
[    0.931610] kernel: Performance----- is restarting 0
---- dfs_name glusterfs is_dfs_client 0
 Events: Icelake events, 32-deep LBR, full-width counters, Intel PMU driver.
[    0.931610] kernel: ... version:                2
[    0.931610] kernel: ... bit width:              48
[    0.931610] kernel: ... generic registers:      8
[    0.931610] kernel: ... value mask:             0000ffffffffffff
[    0.931610] kernel: ... max period:             00007fffffffffff
[    0.931610] kernel: ... fixed-purpose events:   3
[    0.931610] kernel: ... event mask:             00000007000000ff
[    0.931610] kernel: rcu: Hierarchical SRCU implementation.
[    0.933387] kernel: smp: Bringing up secondary CPUs ...
[    0.933721] kernel: x86: Booting SMP configuration:
[    0.933728] kernel: .... node  #0, CPUs:      #1
[    0.008260] kernel: kvm-clock: cpu 1, msr 5b58041, secondary cpu clock
[    0.008260] kernel: smpboot: CPU 1 Converting physical 0 to logical die 1
[    0.934661] kernel: kvm-guest: setup async PF for cpu 1
[    0.934681] kernel: kvm-guest: stealtime: cpu 1, msr 26531f140
[fsync test_dir /root/req 3
req.flags ea3
    0.934712] kernel: smp: Brought up 1 node, 2 CPUs
[    0.934712] kernel: smpboot: Max logical packages: 2
[    0.934712] kernel: smpboot: Total of 2 processors activated (9984.00 BogoMIPS)
[    0.939788] kernel: devtmpfs: initialized
[    0.946087] kernel: clocksource: jiffies: mask: 0xffffffff max_cycles: 0xffffffff, max_idle_ns: 1911260446275000 ns
[    0.946106] kernel: futex hash table entries: 512 (order: 3, 32768 bytes, linear)
[    0.946903] kernel: PM: RTC time: 08:24:05, date: 2023-12-23
[    0.947630] kernel: NET: Registered PF_NETLINK/PF_ROUTE protocol family
[    0.948505] kernel: audit: initializing netlink subsys (disabled)
[    0.948644] kernel: audit: type=2000 audit(1703319846.057:1): state=initialized audit_enabled=0 res=1
[    0.949340] kernel: thermal_sys: Registered thermal governor 'step_wise'
[    0.949347] kernel: thermal_sys: Registered thermal governor 'user_space'
[    0.949425] kernel: cpuidle: using governor menu
[    0.949869] kernel: ACPI: bus type PCI registered
[    0.950321] kernel: PCI: Using configuration type 1 for base access
[    0.975053] kernel: Kprobes globally optimized
[    0.982668] kernel: HugeTLB registered 2.00 MiB page size, pre-allocated 0 pages
[    0.982848] kernel: cryptomgr_test (26) used greatest stack depth: 30712 bytes left
[    0.982848] kernel: cryptomgr_test (28) used greatest stack depth: 30608 bytes left
[    0.984803] kernel: ACPI: Added _OSI(Module Device)
[    0.984803] kernel: ACPI: Added _OSI(Processor Device)
[    0.984803] kernel: ACPI: Added _OSI(3.0 _SCP Extensions)
[    0.984803] kernel: ACPI: Added _OSI(Processor Aggregator Device)
[    0.984814] kernel: ACPI: Added _OSI(Linux-Dell-Video)
[    0.984828] kernel: ACPI: Added _OSI(Linux-Lenovo-NV-HDMI-Audio)
[    0.984843] kernel: ACPI: Added _OSI(Linux-HPI-Hybrid-Graphics)
[    1.007699] kernel: ACPI: 1 ACPI AML tables successfully acquired and loaded
[    1.015281] kernel: ACPI: Interpreter enabled
[    1.015448] kernel: ACPI: PM: (supports S0 S3 S4 S5)
[    1.015459] kernel: ACPI: Using IOAPIC for interrupt routing
[    1.015592] kernel: PCI: Using host bridge windows from ACPI; if necessary, use "pci=nocrs" and report a bug
[    1.017501] kernel: ACPI: Enabled 2 GPEs in block 00 to 0F
[    1.073322] kernel: ACPI: PCI Root Bridge [PCI0] (domain 0000 [bus 00-ff])
[    1.073378] kernel: acpi PNP0A03:00: _OSC: OS supports [ASPM ClockPM Segments MSI HPX-Type3]
[    1.073594] kernel: acpi PNP0A03:00: fail to add MMCONFIG information, can't access extended PCI configuration space under this bridge.
[    1.074140] kernel: PCI host bridge to bus 0000:00
[    1.074156] kernel: pci_bus 0000:00: root bus resource [io  0x0000-0x0cf7 window]
[    1.074182] kernel: pci_bus 0000:00: root bus resource [io  0x0d00-0xffff window]
[    1.074206] kernel: pci_bus 0000:00: root bus resource [mem 0x000a0000-0x000bffff window]
[    1.074231] kernel: pci_bus 0000:00: root bus resource [mem 0xc0000000-0xfebfffff window]
[    1.074257] kernel: pdebug1: Remote: /root/.ssh/authorized_keys:1: key options: agent-forwarding port-forwarding pty user-rc x11-forwarding
debug1: Sending command: /root/syz-executor exec 0 1 glusterfs 3 5 192.168.0.5 0 "3 2 ''" false false false true false
ci_bus 0000:00: root bus resource [mem 0x2c0000000-0x33fffffff window]
[    1.074284] kernel: pci_bus 0000:00: root bus resource [bus 00-ff]
[    1.076964] kernel: pci 0000:00:00.0: [8086:1237] type 00 class 0x060000
[    1.081058] kernel: pci 0000:00:01.0: [8086:7000] type 00 class 0x060100
[    1.084050] kernel: pci 0000:00:01.1: [8086:7010] type 00 class 0x010180
[    1.086619] kernel: pci 0000:00:01.1: reg 0x20: [io  0xc0c0-0xc0cf]
[    1.087979] kernel: pci 0000:00:01.1: legacy IDE quirk: reg 0x10: [io  0x01f0-0x01f7]
[    1.088002] kernel: pci 0000:00:01.1: legacy IDE quirk: reg 0x14: [io  0x03f6]
[    1.088021] kernel: pci 0000:00:01.1: legacy IDE quirk: reg 0x18: [io  0x0170-0x0177]
[    1.088040] kernel: pci 0000:00:01.1: legacy IDE quirk: reg 0x1c: [io  0x0376]
[    1.092361] kernel: pci 0000:00:01.3: [8086:7113] type 00 class 0x068000
[    1.092872] kernel: pci 0000:00:01.3: quirk: [io  0x0600-0x063f] claimed by PIIX4 ACPI
[    1.092906] kernel: pci 0000:00:01.3: quirk: [io  0x0700-0x070f] claimed by PIIX4 SMB
[    1.096634] kernel: pci 0000:00:02.0: [1234:1111] type 00 class 0x030000
[    1.097628] kernel: pci 0000:00:02.0: reg 0x10: [mem 0xfd000000-0xfdffffff pref]
[    1.099633] kernel: pci 0000:00:02.0: reg 0x18: [mem 0xfeb90000-0xfeb90fff]
[    1.104633] kernel: pci 0000:00:02.0: reg 0x30: [mem 0xfeb80000-0xfeb8ffff pref]
[    1.109428] kernel: pci 0000:00:03.0: [1af4:1005] type 00 class 0x00ff00
[    1.109984] kernel: pci 0000:00:03.0: reg 0x10: [io  0xc080-0xc09f]
[    1.113548] kernel: pci 0000:00:03.0: reg 0x20: [mem 0xfe200000-0xfe203fff 64bit pref]
[    1.118007] kernel: pci 0000:00:04.0: [1af4:1000] type 00 class 0x020000
[    1.119138] kernel: pci 0000:00:04.0: reg 0x10: [io  0xc0a0-0xc0bf]
[    1.120342] kernel: pci 0000:00:04.0: reg 0x14: [mem 0xfeb91000-0xfeb91fff]
[    1.123185] kernel: pci 0000:00:04.0: reg 0x20: [mem 0xfe204000-0xfe207fff 64bit pref]
[    1.124172] kernel: pci 0000:00:04.0: reg 0x30: [mem 0xfeb00000-0xfeb7ffff pref]
[    1.128544] kernel: pci 0000:00:05.0: [1af4:1001] type 00 class 0x010000
[    1.129619] kernel: pci 0000:00:05.0: reg 0x10: [io  0xc000-0xc07f]
[    1.130618] kernel: pci 0000:00:05.0: reg 0x14: [mem 0xfeb92000-0xfeb92fff]
[    1.134155] kernel: pci 0000:00:05.0: reg 0x20: [mem 0xfe208000-0xfe20bfff 64bit pref]
[    1.139174] kernel: pci 0000:00:10.0: [1af4:1110] type 00 class 0x050000
[    1.140060] kernel: pci 0000:00:10.0: reg 0x10: [mem 0xfeb93000-0xfeb930ff]
[    1.142077] kernel: pci 0000:00:10.0: reg 0x18: [mem 0xfe000000-0xfe0fffff 64bit pref]
[    1.148739] kernel: pci 0000:00:11.0: [1af4:1110] type 00 class 0x050000
[    1.149474] kernel: pci 0000:00:11.0: reg 0x10: [mem 0xfeb94000-0xfeb940ff]
[    1.150616] kernel: pci 0000:00:11.0: reg 0x18: [mem 0xfe20c000-0xfe20c3ff 64bit pref]
[    1.157167] kernel: pci 0000:00:12.0: [1af4:1110] type 00 class 0x050000
[    1.158084] kernel: pci 0000:00:12.0: reg 0x10: [mem 0xfeb95000-0xfeb950ff]
[    1.160058] kernel: pci 0000:00:12.0: reg 0x18: [mem 0xfe100000-0xfe1fffff 64bit pref]
[    1.169726] kernel: ACPI: PCI: Interrupt link LNKA configured for IRQ 10
[    1.170854] kernel: ACPI: PCI: Interrupt link LNKB configured for IRQ 10
[    1.172252] kernel: ACPI: PCI: Interrupt link LNKC configured for IRQ 11
[    1.173468] kernel: ACPI: PCI: Interrupt link LNKD configured for IRQ 11
[    1.173852] kernel: ACPI: PCI: Interrupt link LNKS configured for IRQ 9
[    1.176035] kernel: iommu: Default domain type: Translated 
[    1.176044] kernel: iommu: DMA domain TLB invalidation policy: lazy mode 
[    1.176127] kernel: pci 0000:00:02.0: vgaarb: setting as boot VGA device
[    1.176127] kernel: pci 0000:00:02.0: vgaarb: VGA device added: decodes=io+mem,owns=io+mem,locks=none
[    1.176127] kernel: pci 0000:00:02.0: vgaarb: bridge control possible
[    1.176127] kernel: vgaarb: loaded
[    1.177016] kernel: SCSI subsystem initialized
[    1.177091] kernel: libata version 3.00 loaded.
[    1.177091] kernel: ACPI: bus type USB registered
[    1.177091] kernel: usbcore: registered new interface driver usbfs
[    1.177091] kernel: usbcore: registered new interface driver hub
[    1.177105] kernel: usbcore: registered new device driver usb
[    1.177728] kernel: pps_core: LinuxPPS API ver. 1 registered
[    1.177736] kernel: pps_core: Software ver. 5.3.6 - Copyright 2005-2007 Rodolfo Giometti <giometti@linux.it>
[    1.177760] kernel: PTP clock support registered
[    1.177900] kernel: Advanced Linux Sound Architecture Driver Initialized.
[    1.179238] kernel: NetLabel: Initializing
[    1.179245] kernel: NetLabel:  domain hash size = 128
[    1.179255] kernel: NetLabel:  protocols = UNLABELED CIPSOv4 CALIPSO
[    1.179394] kernel: NetLabel:  unlabeled traffic allowed by default
[    1.179722] kernel: PCI: Using ACPI for IRQ routing
[    1.179732] kernel: PCI: pci_cache_line_size set to 64 bytes
[    1.179883] kernel: e820: reserve RAM buffer [mem 0x0009fc00-0x0009ffff]
[    1.179900] kernel: e820: reserve RAM buffer [mem 0xbffdd000-0xbfffffff]
[    1.180165] kernel: hpet0: at MMIO 0xfed00000, IRQs 2, 8, 0
[    1.180197] kernel: hpet0: 3 comparators, 64-bit 100.000000 MHz counter
[    1.181708] kernel: clocksource: Switched to clocksource kvm-clock
[    1.368957] kernel: VFS: Disk quotas dquot_6.6.0
[    1.369268] kernel: VFS: Dquot-cache hash table entries: 512 (order 0, 4096 bytes)
[    1.369639] kernel: pnp: PnP ACPI init
[    1.370989] kernel: pnp 00:03: [dma 2]
[    1.376368] kernel: pnp: PnP ACPI: found 6 devices
[    1.396586] kernel: clocksource: acpi_pm: mask: 0xffffff max_cycles: 0xffffff, max_idle_ns: 2085701024 ns
[    1.396768] kernel: NET: Registered PF_INET protocol family
[    1.397212] kernel: IP idents hash table entries: 262144 (order: 9, 2097152 bytes, linear)
[    1.402889] kernel: tcp_listen_portaddr_hash hash table entries: 8192 (order: 5, 131072 bytes, linear)
[    1.403056] kernel: TCP established hash table entries: 131072 (order: 8, 1048576 bytes, linear)
unlink FIFO failed: No such file or directory
[    0.000000] kernel: Linux version 5.15.0+ (tlyu@IC-RS3-DPC07) (gcc (Ubuntu 9.4.0-1ubuntu1~20.04.1) 9.4.0, GNU ld (GNU Binutils for Ubuntu) 2.34) #8 SMP Fri Jun 3 16:18:40 CEST 2022
[    0.000000] kernel: Command line: root=/dev/sda console=ttyS0 net.ifnames=0 ip=192.168.0.5 quiet nokaslr
[    0.000000] kernel: x86/fpu: Supporting XSAVE feature 0x001: 'x87 floating point registers'
[    0.000000] kernel: x86/fpu: Supporting XSAVE feature 0x002: 'SSE registers'
[    0.000000] kernel: x86/fpu: Supporting XSAVE feature 0x004: 'AVX registers'
[    0.000000] kernel: x86/fpu: Supporting XSAVE feature 0x008: 'MPX bounds registers'
[    0.000000] kernel: x86/fpu: Supporting XSAVE feature 0x010: 'MPX CSR'
[    0.000000] kernel: x86/fpu: Supporting XSAVE feature 0x020: 'AVX-512 opmask'
[    0.000000] kernel: x86/fpu: Supporting XSAVE feature 0x040: 'AVX-512 Hi256'
[    0.000000] kernel: x86/fpu: Supporting XSAVE feature 0x080: 'AVX-512 ZMM_Hi256'
[    0.000000] kernel: x86/fpu: Supporting XSA[    1.404976] kernel: TCP bind hash table entries: 65536 (order: 8, 1048576 bytes, linear)
[    1.406151] kernel: TCP: Hash tables configured (established 131072 bind 65536)
[    1.406281] kernel: UDP hash table entries: 8192 (order: 6, 262144 bytes, linear)
[    1.406755] kernel: UDP-Lite hash table entries: 8192 (order: 6, 262144 bytes, linear)
[    1.407228] kernel: NET: Registered PF_UNIX/PF_LOCAL protocol family
[    1.408474] kernel: pci_bus 0000:00: resource 4 [io  0x0000-0x0cf7 window]
[    1.408500] kernel: pci_bus 0000:00: resource 5 [io  0x0d00-0xffff window]
[    1.408521] kernel: pci_bus 0000:00: resource 6 [mem 0x000a0000-0x000bffff window]
[    1.408544] kernel: pci_bus 0000:00: resource 7 [mem 0xc0000000-0xfebfffff window]
[    1.408567] kernel: pci_bus 0000:00: resource 8 [mem 0x2c0000000-0x33fffffff window]
[    1.409111] kernel: pci 0000:00:01.0: PIIX3: Enabling Passive Release
[    1.409141] kernel: pci 0000:00:00.0: Limiting direct PCI/PCI transfers
[    1.409183VE feature 0x200: 'Protection Keys User registers'
[    0.000000] kernel: x86/fpu: xstate_offset[2]:  576, xstate_sizes[2]:  256
[    0.000000] kernel: x86/fpu: xstate_offset[3]:  832, xstate_sizes[3]:   64
[    0.000000] kernel: x86/fpu: xstate_offset[4]:  896, xstate_sizes[4]:   64
[    0.000000] kernel: x86/fpu: xstate_offset[5]:  960, xstate_sizes[5]:   64
[    0.000000] kernel: x86/fpu: xstate_offset[6]: 1024, xstate_sizes[6]:  512
[    0.000000] kernel: x86/fpu: xstate_offset[7]: 1536, xstate_sizes[7]: 1024
[    0.000000] kernel: x86/fpu: xstate_offset[9]: 2560, xstate_sizes[9]:    8
[    0.000000] kernel: x86/fpu: Enabled xstate features 0x2ff, context size is 2568 bytes, using 'compacted' format.
[    0.000000] kernel: signal: max sigframe size: 3632
[    0.000000] kernel: BIOS-provided physical RAM map:
[    0.000000] kernel: BIOS-e820: [mem 0x0000000000000000-0x000000000009fbff] usable
[    0.000000] kernel: BIOS-e820: [mem 0x000000000009fc00-0x000000000009ffff] reserved
[  ] kernel: pci 0000:00:01.0: Activating ISA DMA hang workarounds
[    1.409316] kernel: pci 0000:00:02.0: Video device with shadowed ROM at [mem 0x000c0000-0x000dffff]
[    1.409504] kernel: PCI: CLS 0 bytes, default 64
[    1.409546] kernel: PCI-DMA: Using software bounce buffering for IO (SWIOTLB)
[    1.409553] kernel: software IO TLB: mapped [mem 0x00000000bbfdd000-0x00000000bffdd000] (64MB)
[    1.409878] kernel: clocksource: tsc: mask: 0xffffffffffffffff max_cycles: 0x23fa772cf26, max_idle_ns: 440795269835 ns
[    1.409917] kernel: clocksource: Switched to clocksource tsc
[    1.414502] kernel: Initialise system trusted keyrings
[    1.414686] kernel: workingset: timestamp_bits=56 max_order=22 bucket_order=0
[    1.450861] kernel: fuse: init (API version 7.34)
[    1.481594] kernel: cryptomgr_test (55) used greatest stack depth: 30544 bytes left
[    1.481681] kernel: Key type asymmetric registered
[    1.481691] kernel: Asymmetric key parser 'x509' registered
[    1.481956] kernel: Block layer SCSI generic (bsg) driver version 0.4 loaded (major 251)
[    1.481966] kernel: io scheduler mq-deadline registered
[    1.481974] kernel: io scheduler kyber registered
[    1.483527] kernel: input: Power Button as /devices/LNXSYSTM:00/LNXPWRBN:00/input/input0
[    1.483857] kernel: ACPI: button: Power Button [PWRF]
[    3.112693] kernel: ACPI: \_SB_.LNKC: Enabled at IRQ 11
[    4.646209] kernel: ACPI: \_SB_.LNKD: Enabled at IRQ 10
[    6.101739] kernel: ACPI: \_SB_.LNKA: Enabled at IRQ 10
[    6.103769] kernel: Serial: 8250/16550 driver, 4 ports, IRQ sharing enabled
[    6.104087] kernel: 00:05: ttyS0 at I/O 0x3f8 (irq = 4, base_baud = 115200) is a 16550A
[    6.107505] kernel: Non-volatile memory driver v1.3
[    6.107758] kernel: Linux agpgart interface v0.103
[    6.125013] kernel: loop: module loaded
[    6.126496] kernel: virtio_blk virtio2: [vda] 1024000 512-byte logical blocks (524 MB/500 MiB)
[    6.138445] kernel: ata_piix 0000:00:01.1: version 2.13
[    6.143186] kernel: scsi host0: ata_piix
[    6.151347] kernel: scsi host1: ata_piix
[    6.151754] kernel: ata1: PATA max MWDMA2 cmd 0x1f0 ctl 0x3f6 bmdma 0xc0c0 irq 14
[    6.151772] kernel: ata2: PATA max MWDMA2 cmd 0x170 ctl 0x376 bmdma 0xc0c8 irq 15
[    6.153056] kernel: libphy: Fixed MDIO Bus: probed
[    6.158042] kernel: e100: Intel(R) PRO/100 Network Driver
[    6.158054] kernel: e100: Copyright(c) 1999-2006 Intel Corporation
[    6.158127] kernel: e1000: Intel(R) PRO/1000 Network Driver
[    6.158134] kernel: e1000: Copyright (c) 1999-2006 Intel Corporation.
[    6.158235] kernel: e1000e: Intel(R) PRO/1000 Network Driver
[    6.158240] kernel: e1000e: Copyright(c) 1999 - 2015 Intel Corporation.
[    6.158362] kernel: sky2: driver version 1.30
[    6.159086] kernel: ehci_hcd: USB 2.0 'Enhanced' Host Controller (EHCI) Driver
[    6.159096] kernel: ehci-pci: EHCI PCI platform driver
[    6.159161] kernel: ohci_hcd: USB 1.1 'Open' Host Controller (OHCI) Driver
[    6.159182] kernel:   0.000000] kernel: BIOS-e820: [mem 0x00000000000f0000-0x00000000000fffff] reserved
[    0.000000] kernel: BIOS-e820: [mem 0x0000000000100000-0x00000000bffdcfff] usable
[    0.000000] kernel: BIOS-e820: [mem 0x00000000bffdd000-0x00000000bfffffff] reserved
[    0.000000] kernel: BIOS-e820: [mem 0x00000000feffc000-0x00000000feffffff] reserved
[    0.000000] kernel: BIOS-e820: [mem 0x00000000fffc0000-0x00000000ffffffff] reserved
[    0.000000] kernel: BIOS-e820: [mem 0x0000000100000000-0x00000002bfffffff] usable
[    0.000000] kernel: NX (Execute Disable) protection: active
[    0.000000] kernel: SMBIOS 2.8 present.
[    0.000000] kernel: DMI: QEMU Standard PC (i440FX + PIIX, 1996), BIOS 1.13.0-1ubuntu1.1 04/01/2014
[    0.000000] kernel: Hypervisor detected: KVM
[    0.000000] kernel: kvm-clock: Using msrs 4b564d01 and 4b564d00
[    0.000000] kernel: kvm-clock: cpu 0, msr 5b58001, primary cpu clock
[    0.000004] kernel: kvm-clock: using sched offset of 499783366 cycles
[    0.000016] kexecutor 0 finishes userspace_cover_open
before receiving handshake request
ernel: clocksource: kvm-clock: mask: 0xffffffffffffffff max_cycles: 0x1cd42e4dffb, max_idle_ns: 881590591483 ns
[    0.000038] kernel: tsc: Detected 2496.000 MHz processor
[    0.007448] kernel: e820: update [mem 0x00000000-0x00000fff] usable ==> reserved
[    0.007481] kernel: e820: remove [mem 0x000a0000-0x000fffff] usable
[    0.007509] kernel: last_pfn = 0x2c0000 max_arch_pfn = 0x400000000
[    0.007582] kernel: x86/PAT: Configuration [0-7]: WB  WC  UC- UC  WB  WP  UC- WT  
[    0.007595] kernel: last_pfn = 0xbffdd max_arch_pfn = 0x400000000
[    0.018265] kernel: found SMP MP-table at [mem 0x000f5c70-0x000f5c7f]
[    0.018423] kernel: Using GB pages for direct mapping
[    0.019941] kernel: ACPI: Early table checksum verification disabled
[    0.019964] kernel: ACPI: RSDP 0x00000000000F5A40 000014 (v00 BOCHS )
[    0.020003] kernel: ACPI: RSDT 0x00000000BFFE15C9 000030 (v01 BOCHS  BXPCRSDT 00000001 BXPC 00000001)
[    0.020047] kernel: ACPI: FACP 0x00000000BFFE149D 000074 (v01 BOCHS  BXPCFACP 00000001 BXPC 00000001)
[    0.020095] kernel: ACPI: DSDT 0x00000000BFFE0040 00145D (v01 BOCHS  BXPCDSDT 00000001 BXPC 00000001)
[    0.020133] kernel: ACPI: FACS 0x00000000BFFE0000 000040
[    0.020161] kernel: ACPI: APIC 0x00000000BFFE1511 000080 (v01 BOCHS  BXPCAPIC 00000001 BXPC 00000001)
[    0.020200] kernel: ACPI: HPET 0x00000000BFFE1591 000038 (v01 BOCHS  BXPCHPET 00000001 BXPC 00000001)
[    0.020235] kernel: ACPI: Reserving FACP table memory at [mem 0xbffe149d-0xbffe1510]
[    0.020251] kernel: ACPI: Reserving DSDT table memory at [mem 0xbffe0040-0xbffe149c]
[    0.020266] kernel: ACPI: Reserving FACS table memory at [mem 0xbffe0000-0xbffe003f]
[    0.020281] kernel: ACPI: Reserving APIC table memory at [mem 0xbffe1511-0xbffe1590]
[    0.020296] kernel: ACPI: Reserving HPET table memory at [mem 0xbffe1591-0xbffe15c8]
[    0.021874] kernel: No NUMA configuration found
[    0.021886] kernel: Faking a node at [mem 0x0000000000000000-0x00000002bfffffff]
[    0.0219ohci-pci: OHCI PCI platform driver
[    6.159243] kernel: uhci_hcd: USB Universal Host Controller Interface driver
[    6.159636] kernel: usbcore: registered new interface driver usblp
[    6.159712] kernel: usbcore: registered new interface driver usb-storage
[    6.159901] kernel: i8042: PNP: PS/2 Controller [PNP0303:KBD,PNP0f13:MOU] at 0x60,0x64 irq 1,12
[    6.160718] kernel: serio: i8042 KBD port at 0x60,0x64 irq 1
[    6.160744] kernel: serio: i8042 AUX port at 0x60,0x64 irq 12
[    6.165841] kernel: rtc_cmos 00:00: RTC can wake from S4
[    6.168085] kernel: input: AT Translated Set 2 keyboard as /devices/platform/i8042/serio0/input/input1
[    6.171006] kernel: rtc_cmos 00:00: registered as rtc0
[    6.171139] kernel: rtc_cmos 00:00: alarms up to one day, y3k, 114 bytes nvram, hpet irqs
[    6.172300] kernel: device-mapper: ioctl: 4.45.0-ioctl (2021-03-22) initialised: dm-devel@redhat.com
[    6.172323] kernel: intel_pstate: CPU model not supported
[    6.172520] kernel: hid: 15] kernel: NODE_DATA(0) allocated [mem 0x2bfffa000-0x2bfffdfff]
[    0.022105] kernel: Zone ranges:
[    0.022112] kernel:   DMA      [mem 0x0000000000001000-0x0000000000ffffff]
[    0.022130] kernel:   DMA32    [mem 0x0000000001000000-0x00000000ffffffff]
[    0.022144] kernel:   Normal   [mem 0x0000000100000000-0x00000002bfffffff]
[    0.022158] kernel: Movable zone start for each node
[    0.022164] kernel: Early memory node ranges
[    0.022169] kernel:   node   0: [mem 0x0000000000001000-0x000000000009efff]
[    0.022183] kernel:   node   0: [mem 0x0000000000100000-0x00000000bffdcfff]
[    0.022199] kernel:   node   0: [mem 0x0000000100000000-0x00000002bfffffff]
[    0.022218] kernel: Initmem setup node 0 [mem 0x0000000000001000-0x00000002bfffffff]
[    0.022606] kernel: On node 0, zone DMA: 1 pages in unavailable ranges
[    0.022755] kernel: On node 0, zone DMA: 97 pages in unavailable ranges
[    0.131034] kernel: On node 0, zone Normal: 35 pages in unavailable ranges
[    0.5----- is restarting 0
---- dfs_name glusterfs is_dfs_client 0
raw HID events driver (C) Jiri Kosina
[    6.173729] kernel: usbcore: registered new interface driver usbhid
[    6.173740] kernel: usbhid: USB HID core driver
[    6.174675] kernel: netem: version 1.3
[    6.178863] kernel: Initializing XFRM netlink socket
[    6.180033] kernel: NET: Registered PF_INET6 protocol family
[    6.181657] kernel: Segment Routing with IPv6
[    6.181708] kernel: In-situ OAM (IOAM) with IPv6
[    6.182050] kernel: sit: IPv6, IPv4 and MPLS over IPv4 tunneling driver
[    6.183175] kernel: NET: Registered PF_PACKET protocol family
[    6.183388] kernel: 9pnet: Installing 9P2000 support
[    6.183464] kernel: Key type dns_resolver registered
[    6.183495] kernel: Key type ceph registered
[    6.189576] kernel: libceph: loaded (mon/osd proto 15/24)
[    6.193655] kernel: IPI shorthand broadcast: enabled
[    6.193748] kernel: sched_clock: Marking stable (6186356015, 7260926)->(6254467957, -60851016)
[    6.194635] kernel: registered taskstats version 1
[    6.57747] kernel: kasan: KernelAddressSanitizer initialized
[    0.558369] kernel: ACPI: PM-Timer IO Port: 0x608
[    0.558409] kernel: ACPI: LAPIC_NMI (acpi_id[0xff] dfl dfl lint[0x1])
[    0.558483] kernel: IOAPIC[0]: apic_id 0, version 17, address 0xfec00000, GSI 0-23
[    0.558511] kernel: ACPI: INT_SRC_OVR (bus 0 bus_irq 0 global_irq 2 dfl dfl)
[    0.558530] kernel: ACPI: INT_SRC_OVR (bus 0 bus_irq 5 global_irq 5 high level)
[    0.558547] kernel: ACPI: INT_SRC_OVR (bus 0 bus_irq 9 global_irq 9 high level)
[    0.558564] kernel: ACPI: INT_SRC_OVR (bus 0 bus_irq 10 global_irq 10 high level)
[    0.558581] kernel: ACPI: INT_SRC_OVR (bus 0 bus_irq 11 global_irq 11 high level)
[    0.558614] kernel: ACPI: Using ACPI (MADT) for SMP configuration information
[    0.558624] kernel: ACPI: HPET id: 0x8086a201 base: 0xfed00000
[    0.558647] kernel: TSC deadline timer available
[    0.558655] kernel: smpboot: Allowing 2 CPUs, 0 hotplug CPUs
[    0.558716] kernel: kvm-guest: KVM setup pv remo194646] kernel: Loading compiled-in X.509 certificates
[    6.198077] kernel: PM:   Magic number: 3:986:422
[    6.198196] kernel: printk: console [netcon0] enabled
[    6.198206] kernel: netconsole: network logging started
[    6.310437] kernel: ata1.01: NODEV after polling detection
[    6.310749] kernel: ata2.01: NODEV after polling detection
[    6.311045] kernel: ata1.00: ATA-7: QEMU HARDDISK, 2.5+, max UDMA/100
[    6.311068] kernel: ata1.00: 88078336 sectors, multi 16: LBA48 
[    6.311329] kernel: ata2.00: ATAPI: QEMU DVD-ROM, 2.5+, max UDMA/100
[    6.312570] kernel: scsi 0:0:0:0: Direct-Access     ATA      QEMU HARDDISK    2.5+ PQ: 0 ANSI: 5
[    6.313600] kernel: scsi 0:0:0:0: Attached scsi generic sg0 type 0
[    6.314724] kernel: sd 0:0:0:0: [sda] 88078336 512-byte logical blocks: (45.1 GB/42.0 GiB)
[    6.314780] kernel: sd 0:0:0:0: [sda] Write Protect is off
[    6.314805] kernel: sd 0:0:0:0: [sda] Mode Sense: 00 3a 00 00
[    6.314880] kernel: sd 0:0:0:0: [sda] Write cte TLB flush
[    0.558729] kernel: kvm-guest: setup PV sched yield
[    0.558797] kernel: PM: hibernation: Registered nosave memory: [mem 0x00000000-0x00000fff]
[    0.558817] kernel: PM: hibernation: Registered nosave memory: [mem 0x0009f000-0x0009ffff]
[    0.558829] kernel: PM: hibernation: Registered nosave memory: [mem 0x000a0000-0x000effff]
[    0.558842] kernel: PM: hibernation: Registered nosave memory: [mem 0x000f0000-0x000fffff]
[    0.558860] kernel: PM: hibernation: Registered nosave memory: [mem 0xbffdd000-0xbfffffff]
[    0.558872] kernel: PM: hibernation: Registered nosave memory: [mem 0xc0000000-0xfeffbfff]
[    0.558885] kernel: PM: hibernation: Registered nosave memory: [mem 0xfeffc000-0xfeffffff]
[    0.558898] kernel: PM: hibernation: Registered nosave memory: [mem 0xff000000-0xfffbffff]
[    0.558910] kernel: PM: hibernation: Registered nosave memory: [mem 0xfffc0000-0xffffffff]
[    0.558927] kernel: [mem 0xc0000000-0xfeffbfff] available for PCI devices
[    0.5ache: enabled, read cache: enabled, doesn't support DPO or FUA
[    6.316213] kernel: scsi 1:0:0:0: CD-ROM            QEMU     QEMU DVD-ROM     2.5+ PQ: 0 ANSI: 5
[    6.329931] kernel: sd 0:0:0:0: [sda] Attached SCSI disk
[    6.344325] kernel: sr 1:0:0:0: [sr0] scsi3-mmc drive: 4x/4x cd/rw xa/form2 tray
[    6.344352] kernel: cdrom: Uniform CD-ROM driver Revision: 3.20
[    6.383914] kernel: sr 1:0:0:0: Attached scsi CD-ROM sr0
[    6.384391] kernel: sr 1:0:0:0: Attached scsi generic sg1 type 5
[    6.798910] kernel: input: ImExPS/2 Generic Explorer Mouse as /devices/platform/i8042/serio1/input/input3
[    6.813696] kernel: IP-Config: Guessing netmask 255.255.255.0
[    6.813714] kernel: IP-Config: Complete:
[    6.813719] kernel:      device=eth0, hwaddr=e6:c8:ff:09:76:07, ipaddr=192.168.0.7, mask=255.255.255.0, gw=255.255.255.255
[    6.813745] kernel:      host=192.168.0.7, domain=, nis-domain=(none)
[    6.813757] kernel:      bootserver=255.255.255.255, rootserver=255.255.255.258939] kernel: Booting paravirtualized kernel on KVM
[    0.558951] kernel: clocksource: refined-jiffies: mask: 0xffffffff max_cycles: 0xffffffff, max_idle_ns: 1910969940391419 ns
[    0.577668] kernel: setup_percpu: NR_CPUS:64 nr_cpumask_bits:64 nr_cpu_ids:2 nr_node_ids:1
[    0.578299] kernel: percpu: Embedded 56 pages/cpu s191576 r8192 d29608 u1048576
[    0.578356] kernel: pcpu-alloc: s191576 r8192 d29608 u1048576 alloc=1*2097152
[    0.578383] kernel: pcpu-alloc: [0] 0 1 
[    0.578530] kernel: kvm-guest: setup async PF for cpu 0
[    0.578545] kernel: kvm-guest: stealtime: cpu 0, msr 26521f140
[    0.578564] kernel: Built 1 zonelists, mobility grouping on.  Total pages: 2580189
[    0.578578] kernel: Policy zone: Normal
[    0.578588] kernel: Kernel command line: root=/dev/sda console=ttyS0 net.ifnames=0 ip=192.168.0.5 quiet nokaslr
[    0.579098] kernel: Unknown command line parameters: nokaslr
[    0.582847] kernel: Dentry cache hash table entries: 2097152 (order: 12, 1677721655, rootpath=
[    6.814073] kernel: cfg80211: Loading compiled-in X.509 certificates for regulatory database
[    6.814642] kernel: kworker/u4:1 (69) used greatest stack depth: 28680 bytes left
[    6.817353] kernel: cfg80211: Loaded X.509 cert 'sforshee: 00b28ddf47aef9cea7'
[    6.817391] kernel: ALSA device list:
[    6.817399] kernel:   No soundcards found.
[    6.817916] kernel: md: Waiting for all devices to be available before autodetect
[    6.817928] kernel: md: If you don't use raid, use raid=noautodetect
[    6.817935] kernel: md: Autodetecting RAID arrays.
[    6.817940] kernel: md: autorun ...
[    6.817944] kernel: md: ... autorun DONE.
[    6.818585] kernel: platform regulatory.0: Direct firmware load for regulatory.db failed with error -2
[    6.818633] kernel: cfg80211: failed to load regulatory.db
[    6.858271] kernel: EXT4-fs (sda): mounted filesystem with ordered data mode. Opts: (null). Quota mode: none.
[    6.858377] kernel: VFS: Mounted root (ext4 filesystem)  bytes, linear)
[    0.584979] kernel: Inode-cache hash table entries: 1048576 (order: 11, 8388608 bytes, linear)
[    0.585131] kernel: mem auto-init: stack:off, heap alloc:off, heap free:off
[    0.864819] kernel: Memory: 8818308K/10485228K available (47117K kernel code, 10298K rwdata, 7204K rodata, 2068K init, 2860K bss, 1666664K reserved, 0K cma-reserved)
[    0.865237] kernel: SLUB: HWalign=64, Order=0-3, MinObjects=0, CPUs=2, Nodes=1
[    0.865861] kernel: rcu: Hierarchical RCU implementation.
[    0.865871] kernel: rcu:         RCU event tracing is enabled.
[    0.865877] kernel: rcu:         RCU restricting CPUs from NR_CPUS=64 to nr_cpu_ids=2.
[    0.865892] kernel: rcu: RCU calculated value of scheduler-enlistment delay is 100 jiffies.
[    0.865903] kernel: rcu: Adjusting geometry for rcu_fanout_leaf=16, nr_cpu_ids=2
[    0.883204] kernel: NR_IRQS: 4352, nr_irqs: 440, preallocated irqs: 16
[    0.883868] kernel: random: get_random_bytes called from start_kernel+0x22b/0x456 readonly on device 8:0.
[    6.864570] kernel: devtmpfs: mounted
[    6.866299] kernel: Freeing unused kernel image (initmem) memory: 2068K
[    6.866318] kernel: Write protecting the kernel read-only data: 57344k
[    6.869189] kernel: Freeing unused kernel image (text/rodata gap) memory: 2032K
[    6.869982] kernel: Freeing unused kernel image (rodata/data gap) memory: 988K
[    6.870025] kernel: Run /sbin/init as init process
[    6.870040] kernel:   with arguments:
[    6.870045] kernel:     /sbin/init
[    6.870052] kernel:     nokaslr
[    6.870122] kernel:   with environment:
[    6.870128] kernel:     HOME=/
[    6.870135] kernel:     TERM=linux
[    6.974304] kernel: random: fast init done
[    7.121953] systemd[1]: systemd 245.4-4ubuntu3 running in system mode. (+PAM +AUDIT +SELINUX +IMA +APPARMOR +SMACK +SYSVINIT +UTMP +LIBCRYPTSETUP +GCRYPT +GNUTLS +ACL +XZ +LZ4 +SECCOMP +BLKID +ELFUTILS +KMOD +IDN2 -IDN +PCRE2 default-hierarchy=hybrid)
[    7.122206] systemd[1]: Detected unlink FIFO failed: No such file or directory
[    0.000000] kernel: Linux version 5.15.0+ (tlyu@IC-RS3-DPC07) (gcc (Ubuntu 9.4.0-1ubuntu1~20.04.1) 9.4.0, GNU ld (GNU Binutils for Ubuntu) 2.34) #8 SMP Fri Jun 3 16:18:40 CEST 2022
[    0.000000] kernel: Command line: root=/dev/sda console=ttyS0 net.ifnames=0 ip=192.168.0.6 quiet nokaslr
[    0.000000] kernel: x86/fpu: Supporting XSAVE feature 0x001: 'x87 floating point registers'
[    0.000000] kernel: x86/fpu: Supporting XSAVE feature 0x002: 'SSE registers'
[    0.000000] kernel: x86/fpu: Supporting XSAVE feature 0x004: 'AVX registers'
[    0.000000] kernel: x86/fpu: Supporting XSAVE feature 0x008: 'MPX bounds registers'
[    0.000000] kernel: x86/fpu: Supporting XSAVE feature 0x010: 'MPX CSR'
[    0.000000] kernel: x86/fpu: Supporting XSAVE feature 0x020: 'AVX-512 opmask'
[    0.000000] kernel: x86/fpu: Supporting XSAVE feature 0x040: 'AVX-512 Hi256'
[    0.000000] kernel: x86/fpu: Supporting XSAVE feature 0x080: 'AVX-512 ZMM_Hi256'
[    0.000000] kernel: x86/fpu: Supporting XSAwith crng_init=0
[    0.889189] kernel: Console: colour VGA+ 80x25
[    0.889375] kernel: printk: console [ttyS0] enabled
[    0.889466] kernel: ACPI: Core revision 20210730
[    0.889854] kernel: clocksource: hpet: mask: 0xffffffff max_cycles: 0xffffffff, max_idle_ns: 19112604467 ns
[    0.890015] kernel: APIC: Switch to symmetric I/O mode setup
[    0.890026] kernel: kvm-guest: setup PV IPIs
[    0.891540] kernel: ..TIMER: vector=0x30 apic1=0 pin1=2 apic2=-1 pin2=-1
[    0.891598] kernel: clocksource: tsc-early: mask: 0xffffffffffffffff max_cycles: 0x23fa772cf26, max_idle_ns: 440795269835 ns
[    0.891635] kernel: Calibrating delay loop (skipped) preset value.. 4992.00 BogoMIPS (lpj=2496000)
[    0.891656] kernel: pid_max: default: 32768 minimum: 301
[    0.892679] kernel: LSM: Security Framework initializing
[    0.892738] kernel: SELinux:  Initializing.
[    0.892932] kernel: Mount-cache hash table entries: 32768 (order: 6, 262144 bytes, linear)
[    0.893247] kernel: Mountpoint-cvirtualization kvm.
[    7.122220] systemd[1]: Detected architecture x86-64.
[    7.135019] systemd[1]: Set hostname to <dfs-fuzzing>.
[    7.197735] kernel: IPv6: ADDRCONF(NETDEV_CHANGE): eth0: link becomes ready
[    7.240499] kernel: systemd-debug-g (80) used greatest stack depth: 26968 bytes left
[    7.245770] kernel: netplan (77) used greatest stack depth: 26520 bytes left
[    7.309472] kernel: systemd-system- (87) used greatest stack depth: 26296 bytes left
[    7.314841] kernel: systemd-fstab-g (81) used greatest stack depth: 26280 bytes left
[    7.349654] kernel: systemd-sysv-ge (88) used greatest stack depth: 25912 bytes left
[    7.561523] systemd[1]: /lib/systemd/system/dbus.socket:5: ListenStream= references a path below legacy directory /var/run/, updating /var/run/dbus/system_bus_socket  /run/dbus/system_bus_socket; please update the unit file accordingly.
[    7.651582] systemd[1]: system-modprobe.slice: unit configures an IP firewall, but the local system does noache hash table entries: 32768 (order: 6, 262144 bytes, linear)
[    0.893700] kernel: x86/cpu: User Mode Instruction Prevention (UMIP) activated
[    0.893973] kernel: Last level iTLB entries: 4KB 0, 2MB 0, 4MB 0
[    0.893988] kernel: Last level dTLB entries: 4KB 0, 2MB 0, 4MB 0, 1GB 0
[    0.894020] kernel: Spectre V1 : Mitigation: usercopy/swapgs barriers and __user pointer sanitization
[    0.894041] kernel: Spectre V2 : Mitigation: Enhanced IBRS
[    0.894049] kernel: Spectre V2 : Spectre v2 / SpectreRSB mitigation: Filling RSB on context switch
[    0.894063] kernel: Spectre V2 : mitigation: Enabling conditional Indirect Branch Prediction Barrier
[    0.894080] kernel: Speculative Store Bypass: Mitigation: Speculative Store Bypass disabled via prctl and seccomp
[    0.928361] kernel: Freeing SMP alternatives memory: 40K
[    0.928621] kernel: smpboot: CPU0: 11th Gen Intel(R) Core(TM) i7-11700 @ 2.50GHz (family: 0x6, model: 0xa7, stepping: 0x1)
[    0.928621] kernel: PerformanceVE feature 0x200: 'Protection Keys User registers'
[    0.000000] kernel: x86/fpu: xstate_offset[2]:  576, xstate_sizes[2]:  256
[    0.000000] kernel: x86/fpu: xstate_offset[3]:  832, xstate_sizes[3]:   64
[    0.000000] kernel: x86/fpu: xstate_offset[4]:  896, xstate_sizes[4]:   64
[    0.000000] kernel: x86/fpu: xstate_offset[5]:  960, xstate_sizes[5]:   64
[    0.000000] kernel: x86/fpu: xstate_offset[6]: 1024, xstate_sizes[6]:  512
[    0.000000] kernel: x86/fpu: xstate_offset[7]: 1536, xstate_sizes[7]: 1024
[    0.000000] kernel: x86/fpu: xstate_offset[9]: 2560, xstate_sizes[9]:    8
[    0.000000] kernel: x86/fpu: Enabled xstate features 0x2ff, context size is 2568 bytes, using 'compacted' format.
[    0.000000] kernel: signal: max sigframe size: 3632
[    0.000000] kernel: BIOS-provided physical RAM map:
[    0.000000] kernel: BIOS-e820: [mem 0x0000000000000000-0x000000000009fbff] usable
[    0.000000] kernel: BIOS-e820: [mem 0x000000000009fc00-0x000000000009ffff] reserved
[  debug1: Remote: /root/.ssh/authorized_keys:1: key options: agent-forwarding port-forwarding pty user-rc x11-forwarding
debug1: Sending command: /root/syz-executor exec 1 4 glusterfs 3 5 192.168.0.5 0 "3 2 ''" false false false true false
t support BPF/cgroup firewalling.
[    7.651634] systemd[1]: (This warning is only shown for the first unit using IP firewalling.)
[    7.652984] systemd[1]: Created slice system-modprobe.slice.
[    7.653709] systemd[1]: Created slice system-serial\x2dgetty.slice.
[    7.654214] systemd[1]: Created slice User and Session Slice.
[    7.654549] systemd[1]: Started Dispatch Password Requests to Console Directory Watch.
[    7.654849] systemd[1]: Started Forward Password Requests to Wall Directory Watch.
[    7.655887] systemd[1]: Set up automount Arbitrary Executable File Formats File System Automount Point.
[    7.655976] systemd[1]: Reached target Local Encrypted Volumes.
[    7.656019] systemd[1]: Reached target Paths.
[    7.656047] systemd[1]: Reached target Remote File Systems.
[    7.656072] systemd[1]: Reached target Slices.
[    7.656101] systemd[1]: Reached target Swap.
[    7.656480] systemd[1]: Listening on Device-mapper event daemon FIFOs.
[    7.657161] systemd[1]: Listeni Events: Icelake events, 32-deep LBR, full-width counters, Intel PMU driver.
[    0.928621] kernel: ... version:                2
[    0.928621] kernel: ... bit width:              48
[    0.928621] kernel: ... generic registers:      8
[    0.928621] kernel: ... value mask:             0000ffffffffffff
[    0.928621] kernel: ... max period:             00007fffffffffff
[    0.928621] kernel: ... fixed-purpose events:   3
[    0.928621] kernel: ... event mask:             00000007000000ff
[    0.928621] kernel: rcu: Hierarchical SRCU implementation.
[    0.930894] kernel: smp: Bringing up secondary CPUs ...
[    0.931242] kernel: x86: Booting SMP configuration:
[    0.931250] kernel: .... node  #0, CPUs:      #1
[    0.007901] kernel: kvm-clock: cpu 1, msr 5b58041, secondary cpu clock
[    0.007901] kernel: smpboot: CPU 1 Converting physical 0 to logical die 1
[    0.932670] kernel: kvm-guest: setup async PF for cpu 1
[    0.932691] kernel: kvm-guest: stealtime: cpu 1, msr 26531f140
[ng on Syslog Socket.
[    7.657446] systemd[1]: Listening on initctl Compatibility Named Pipe.
[    7.658274] systemd[1]: Listening on Journal Audit Socket.
[    7.659062] systemd[1]: Listening on Journal Socket (/dev/log).
[    7.659729] systemd[1]: Listening on Journal Socket.
[    7.660337] systemd[1]: Listening on udev Control Socket.
[    7.660841] systemd[1]: Listening on udev Kernel Socket.
[    7.676747] systemd[1]: Mounting Huge Pages File System...
[    7.680975] systemd[1]: Mounting POSIX Message Queue File System...
[    7.684269] systemd[1]: Mounting /proc/sys/fs/binfmt_misc...
[    7.687583] systemd[1]: Mounting /sys/kernel/config...
[    7.690880] systemd[1]: Mounting /sys/kernel/debug...
[    7.696399] systemd[1]: Mounting Kernel Trace File System...
[    7.709813] systemd[1]: Starting Journal Service...
[    7.720975] kernel: mount (90) used greatest stack depth: 25752 bytes left
[    7.723212] systemd[1]: Starting Set the console keyboard layout...
[    7.723294] sys    0.932723] kernel: smp: Brought up 1 node, 2 CPUs
[    0.932723] kernel: smpboot: Max logical packages: 2
[    0.932723] kernel: smpboot: Total of 2 processors activated (9984.00 BogoMIPS)
[    0.934637] kernel: devtmpfs: initialized
[    0.940164] kernel: clocksource: jiffies: mask: 0xffffffff max_cycles: 0xffffffff, max_idle_ns: 1911260446275000 ns
[    0.940185] kernel: futex hash table entries: 512 (order: 3, 32768 bytes, linear)
[    0.940911] kernel: PM: RTC time: 08:24:05, date: 2023-12-23
[    0.941441] kernel: NET: Registered PF_NETLINK/PF_ROUTE protocol family
[    0.942403] kernel: audit: initializing netlink subsys (disabled)
[    0.942668] kernel: audit: type=2000 audit(1703319846.043:1): state=initialized audit_enabled=0 res=1
[    0.943564] kernel: thermal_sys: Registered thermal governor 'step_wise'
[    0.943574] kernel: thermal_sys: Registered thermal governor 'user_space'
[    0.943682] kernel: cpuidle: using governor menu
[    0.944133] kernel: ACPI: bus type PC  0.000000] kernel: BIOS-e820: [mem 0x00000000000f0000-0x00000000000fffff] reserved
[    0.000000] kernel: BIOS-e820: [mem 0x0000000000100000-0x00000000bffdcfff] usable
[    0.000000] kernel: BIOS-e820: [mem 0x00000000bffdd000-0x00000000bfffffff] reserved
[    0.000000] kernel: BIOS-e820: [mem 0x00000000feffc000-0x00000000feffffff] reserved
[    0.000000] kernel: BIOS-e820: [mem 0x00000000fffc0000-0x00000000ffffffff] reserved
[    0.000000] kernel: BIOS-e820: [mem 0x0000000100000000-0x00000002bfffffff] usable
[    0.000000] kernel: NX (Execute Disable) protection: active
[    0.000000] kernel: SMBIOS 2.8 present.
[    0.000000] kernel: DMI: QEMU Standard PC (i440FX + PIIX, 1996), BIOS 1.13.0-1ubuntu1.1 04/01/2014
[    0.000000] kernel: Hypervisor detected: KVM
[    0.000000] kernel: kvm-clock: Using msrs 4b564d01 and 4b564d00
[    0.000000] kernel: kvm-clock: cpu 0, msr 5b58001, primary cpu clock
[    0.000004] kernel: kvm-clock: using sched offset of 567551229 cycles
[    0.000016] kI registered
[    0.944785] kernel: PCI: Using configuration type 1 for base access
[    0.971553] kernel: Kprobes globally optimized
[    0.971781] kernel: HugeTLB registered 2.00 MiB page size, pre-allocated 0 pages
[    0.972724] kernel: cryptomgr_test (26) used greatest stack depth: 30608 bytes left
[    0.975761] kernel: ACPI: Added _OSI(Module Device)
[    0.975772] kernel: ACPI: Added _OSI(Processor Device)
[    0.975781] kernel: ACPI: Added _OSI(3.0 _SCP Extensions)
[    0.975789] kernel: ACPI: Added _OSI(Processor Aggregator Device)
[    0.975804] kernel: ACPI: Added _OSI(Linux-Dell-Video)
[    0.975814] kernel: ACPI: Added _OSI(Linux-Lenovo-NV-HDMI-Audio)
[    0.975823] kernel: ACPI: Added _OSI(Linux-HPI-Hybrid-Graphics)
[    0.994336] kernel: ACPI: 1 ACPI AML tables successfully acquired and loaded
[    0.999923] kernel: ACPI: Interpreter enabled
[    1.000059] kernel: ACPI: PM: (supports S0 S3 S4 S5)
[    1.000069] kernel: ACPI: Using IOAPIC for interrupt routing
[    1.000170] kernel: PCI: Using host bridge windows from ACPI; if necessary, use "pci=nocrs" and report a bug
[    1.001589] kernel: ACPI: Enabled 2 GPEs in block 00 to 0F
[    1.053482] kernel: ACPI: PCI Root Bridge [PCI0] (domain 0000 [bus 00-ff])
[    1.053537] kernel: acpi PNP0A03:00: _OSC: OS supports [ASPM ClockPM Segments MSI HPX-Type3]
[    1.053761] kernel: acpi PNP0A03:00: fail to add MMCONFIG information, can't access extended PCI configuration space under this bridge.
[    1.054300] kernel: PCI host bridge to bus 0000:00
[    1.054316] kernel: pci_bus 0000:00: root bus resource [io  0x0000-0x0cf7 window]
[    1.054342] kernel: pci_bus 0000:00: root bus resource [io  0x0d00-0xffff window]
[    1.054366] kernel: pci_bus 0000:00: root bus resource [mem 0x000a0000-0x000bffff window]
[    1.054391] kernel: pci_bus 0000:00: root bus resource [mem 0xc0000000-0xfebfffff window]
[    1.054417] kernel: pci_bus 0000:00: root bus resource [mem 0x2c0000000-0x33fffffff window]
[    1.054443] kernel: clocksource: kvm-clock: mask: 0xffffffffffffffff max_cycles: 0x1cd42e4dffb, max_idle_ns: 881590591483 ns
[    0.000036] kernel: tsc: Detected 2496.000 MHz processor
[    0.008968] kernel: e820: update [mem 0x00000000-0x00000fff] usable ==> reserved
[    0.009027] kernel: e820: remove [mem 0x000a0000-0x000fffff] usable
[    0.009062] kernel: last_pfn = 0x2c0000 max_arch_pfn = 0x400000000
[    0.009174] kernel: x86/PAT: Configuration [0-7]: WB  WC  UC- UC  WB  WP  UC- WT  
[    0.009202] kernel: last_pfn = 0xbffdd max_arch_pfn = 0x400000000
[    0.020895] kernel: found SMP MP-table at [mem 0x000f5c70-0x000f5c7f]
[    0.021116] kernel: Using GB pages for direct mapping
[    0.022658] kernel: ACPI: Early table checksum verification disabled
[    0.022683] kernel: ACPI: RSDP 0x00000000000F5A40 000014 (v00 BOCHS )
[    0.022721] kernel: ACPI: RSDT 0x00000000BFFE15C9 000030 (v01 BOCHS  BXPCRSDT 00000001 BXPC 00000001)
[    0.022762] kernel: ACPI: FACP 0x00000000BFFE149D 000074 (v01 BOernel: pci_bus 0000:00: root bus resource [bus 00-ff]
[    1.057066] kernel: pci 0000:00:00.0: [8086:1237] type 00 class 0x060000
[    1.061079] kernel: pci 0000:00:01.0: [8086:7000] type 00 class 0x060100
[    1.064004] kernel: pci 0000:00:01.1: [8086:7010] type 00 class 0x010180
[    1.066631] kernel: pci 0000:00:01.1: reg 0x20: [io  0xc0c0-0xc0cf]
[    1.068012] kernel: pci 0000:00:01.1: legacy IDE quirk: reg 0x10: [io  0x01f0-0x01f7]
[    1.068035] kernel: pci 0000:00:01.1: legacy IDE quirk: reg 0x14: [io  0x03f6]
[    1.068061] kernel: pci 0000:00:01.1: legacy IDE quirk: reg 0x18: [io  0x0170-0x0177]
[    1.068081] kernel: pci 0000:00:01.1: legacy IDE quirk: reg 0x1c: [io  0x0376]
[    1.072501] kernel: pci 0000:00:01.3: [8086:7113] type 00 class 0x068000
[    1.073021] kernel: pci 0000:00:01.3: quirk: [io  0x0600-0x063f] claimed by PIIX4 ACPI
[    1.073053] kernel: pci 0000:00:01.3: quirk: [io  0x0700-0x070f] claimed by PIIX4 SMB
[    1.076698] kernel: pci 0000:00:02.0: [1234:1111] type 00 class 0x030000
[    1.077642] kernel: pci 0000:00:02.0: reg 0x10: [mem 0xfd000000-0xfdffffff pref]
[    1.079640] kernel: pci 0000:00:02.0: reg 0x18: [mem 0xfeb90000-0xfeb90fff]
[    1.084103] kernel: pci 0000:00:02.0: reg 0x30: [mem 0xfeb80000-0xfeb8ffff pref]
[    1.088162] kernel: pci 0000:00:03.0: [1af4:1005] type 00 class 0x00ff00
[    1.089058] kernel: pci 0000:00:03.0: reg 0x10: [io  0xc080-0xc09f]
[    1.091630] kernel: pci 0000:00:03.0: reg 0x20: [mem 0xfe200000-0xfe203fff 64bit pref]
[    1.097976] kernel: pci 0000:00:04.0: [1af4:1000] type 00 class 0x020000
[    1.099228] kernel: pci 0000:00:04.0: reg 0x10: [io  0xc0a0-0xc0bf]
[    1.100218] kernel: pci 0000:00:04.0: reg 0x14: [mem 0xfeb91000-0xfeb91fff]
[    1.103277] kernel: pci 0000:00:04.0: reg 0x20: [mem 0xfe204000-0xfe207fff 64bit pref]
[    1.104517] kernel: pci 0000:00:04.0: reg 0x30: [mem 0xfeb00000-0xfeb7ffff pref]
[    1.107430] kernel: pci 0000:00:05.0: [1af4:1001] type 00 class 0x010000
[    1.108026] kernel: pci 0000:00:05.0: reg 0x10: [io  0xc000-0xc07f]
[    1.108631] kernel: pci 0000:00:05.0: reg 0x14: [mem 0xfeb92000-0xfeb92fff]
[    1.111245] kernel: pci 0000:00:05.0: reg 0x20: [mem 0xfe208000-0xfe20bfff 64bit pref]
[    1.116575] kernel: pci 0000:00:10.0: [1af4:1110] type 00 class 0x050000
[    1.117644] kernel: pci 0000:00:10.0: reg 0x10: [mem 0xfeb93000-0xfeb930ff]
[    1.119618] kernel: pci 0000:00:10.0: reg 0x18: [mem 0xfe000000-0xfe0fffff 64bit pref]
[    1.126449] kernel: pci 0000:00:11.0: [1af4:1110] type 00 class 0x050000
[    1.127022] kernel: pci 0000:00:11.0: reg 0x10: [mem 0xfeb94000-0xfeb940ff]
[    1.128394] kernel: pci 0000:00:11.0: reg 0x18: [mem 0xfe20c000-0xfe20c3ff 64bit pref]
[    1.134957] kernel: pci 0000:00:12.0: [1af4:1110] type 00 class 0x050000
