amespace sandbox: /proc/self/ns/user does not exist
2023/03/31 10:52:44 Android sandbox: /sys/fs/selinux/policy can't be opened (open /sys/fs/selinux/policy: invalid argument)
2023/03/31 10:52:44 fault injection: CONFIG_FAULT_INJECTION_DEBUG_FS or CONFIG_FAILSLAB are not enabled
2023/03/31 10:52:44 leak checking: CONFIG_DEBUG_KMEMLEAK is not enabled
2023/03/31 10:52:44 net packet injection: /dev/net/tun does not exist
2023/03/31 10:52:44 net device setup: enabled
2023/03/31 10:52:44 concurrency sanitizer: /sys/kernel/debug/kcsan does not exist
2023/03/31 10:52:44 devlink PCI setup: enabled
2023/03/31 10:52:44 USB emulation: /dev/raw-gadget does not exist
2023/03/31 10:52:44 hci packet injection: /dev/vhci does not exist
2023/03/31 10:52:44 wifi device emulation: /sys/class/mac80211_hwsim/ does not exist
2023/03/31 10:52:44 802.15.4 emulation: /sys/bus/platform/devices/mac802154_hwsim does not exist
2023/03/31 10:52:45 deserializeInput: hasCrash true hasNet false
2023/03/31 10:52:45 prog length: 6
2023/03/31 10:52:45 prog length: 22
2023/03/31 10:52:45 deserializeInput: hasCrash true hasNet false
2023/03/31 10:52:45 prog length: 6
2023/03/31 10:52:45 prog length: 22
2023/03/31 10:52:45 deserializeInput: hasCrash true hasNet false
2023/03/31 10:52:45 prog length: 6
2023/03/31 10:52:45 prog length: 22
2023/03/31 10:52:45 deserializeInput: hasCrash true hasNet false
2023/03/31 10:52:45 prog length: 6
2023/03/31 10:52:45 prog length: 22
2023/03/31 10:52:45 deserializeInput: hasCrash true hasNet true
2023/03/31 10:52:45 prog length: 6
2023/03/31 10:52:45 prog length: 6
2023/03/31 10:52:45 prog length: 6
2023/03/31 10:52:45 prog length: 26
2023/03/31 10:52:45 deserializeInput: hasCrash true hasNet false
2023/03/31 10:52:45 prog length: 6
2023/03/31 10:52:45 prog length: 22
2023/03/31 10:52:45 deserializeInput: hasCrash true hasNet false
2023/03/31 10:52:45 prog length: 6
2023/03/31 10:52:45 prog length: 22
2023/03/31 10:52:45 deserializeInput: hasCrash true hasNet false
2023/03/31 10:52:45 prog length: 6
2023/03/31 10:52:45 prog length: 22
2023/03/31 10:52:45 deserializeInput: hasCrash true hasNet false
2023/03/31 10:52:45 prog length: 6
2023/03/31 10:52:45 prog length: 22
2023/03/31 10:52:45 deserializeInput: hasCrash true hasNet false
2023/03/31 10:52:45 prog length: 6
2023/03/31 10:52:45 prog length: 22
2023/03/31 10:52:45 deserializeInput: hasCrash true hasNet false
2023/03/31 10:52:45 prog length: 6
2023/03/31 10:52:45 prog length: 22
2023/03/31 10:52:45 deserializeInput: hasCrash true hasNet false
2023/03/31 10:52:45 prog length: 6
2023/03/31 10:52:45 prog length: 22
2023/03/31 10:52:45 deserializeInput: hasCrash true hasNet false
2023/03/31 10:52:45 prog length: 6
2023/03/31 10:52:45 prog length: 22
2023/03/31 10:52:45 deserializeInput: hasCrash true hasNet false
2023/03/31 10:52:45 prog length: 6
2023/03/31 10:52:45 prog length: 22
2023/03/31 10:52:45 deserializeInput: hasCrash true hasNet false
2023/03/31 10:52:45 prog length: 6
2023/03/31 10:52:45 prog length: 22
2023/03/31 10:52:45 deserializeInput: hasCrash true hasNet false
2023/03/31 10:52:45 prog length: 6
2023/03/31 10:52:45 prog length: 22
2023/03/31 10:52:45 deserializeInput: hasCrash true hasNet false
2023/03/31 10:52:45 prog length: 6
2023/03/31 10:52:45 prog length: 22
2023/03/31 10:52:45 deserializeInput: hasCrash true hasNet false
2023/03/31 10:52:45 prog length: 6
2023/03/31 10:52:45 prog length: 22
2023/03/31 10:52:45 deserializeInput: hasCrash true hasNet false
2023/03/31 10:52:45 prog length: 6
2023/03/31 10:52:45 prog length: 22
2023/03/31 10:52:45 deserializeInput: hasCrash true hasNet false
2023/03/31 10:52:45 prog length: 6
2023/03/31 10:52:45 prog length: 22
2023/03/31 10:52:45 deserializeInput: hasCrash true hasNet false
2023/03/31 10:52:45 prog length: 6
2023/03/31 10:52:45 prog length: 22
2023/03/31 10:52:45 deserializeInput: hasCrash true hasNet false
2023/03/31 10:52:45 prog length: 6
2023/03/31 10:52:45 prog length: 22
2023/03/31 10:52:45 deserializeInput: hasCrash true hasNet false
2023/03/31 10:52:45 prog length: 6
2023/03/31 10:52:45 prog length: 22
2023/03/31 10:52:45 deserializeInput: hasCrash true hasNet false
2023/03/31 10:52:45 prog length: 6
2023/03/31 10:52:45 prog length: 22
2023/03/31 10:52:45 deserializeInput: hasCrash true hasNet false
2023/03/31 10:52:45 prog length: 6
2023/03/31 10:52:45 prog length: 22
2023/03/31 10:52:45 deserializeInput: hasCrash true hasNet false
2023/03/31 10:52:45 prog length: 6
2023/03/31 10:52:45 prog length: 22
2023/03/31 10:52:45 deserializeInput: hasCrash true hasNet false
2023/03/31 10:52:45 prog length: 6
2023/03/31 10:52:45 prog length: 22
2023/03/31 10:52:45 deserializeInput: hasCrash true hasNet false
2023/03/31 10:52:45 prog length: 6
2023/03/31 10:52:45 prog length: 22
2023/03/31 10:52:45 deserializeInput: hasCrash true hasNet false
2023/03/31 10:52:45 prog length: 6
2023/03/31 10:52:45 prog length: 22
2023/03/31 10:52:45 deserializeInput: hasCrash true hasNet true
2023/03/31 10:52:45 prog length: 6
2023/03/31 10:52:45 prog length: 6
2023/03/31 10:52:45 prog length: 6
2023/03/31 10:52:45 prog length: 26
2023/03/31 10:52:45 deserializeInput: hasCrash true hasNet false
2023/03/31 10:52:45 prog length: 6
2023/03/31 10:52:45 prog length: 22
2023/03/31 10:52:45 deserializeInput: hasCrash true hasNet false
2023/03/31 10:52:45 prog length: 6
2023/03/31 10:52:45 prog length: 22
2023/03/31 10:52:45 deserializeInput: hasCrash false hasNet false
2023/03/31 10:52:45 prog length: 20
2023/03/31 10:52:45 deserializeInput: hasCrash true hasNet false
2023/03/31 10:52:45 prog length: 6
2023/03/31 10:52:45 prog length: 22
2023/03/31 10:52:45 deserializeInput: hasCrash true hasNet false
2023/03/31 10:52:45 prog length: 6
2023/03/31 10:52:45 prog length: 22
2023/03/31 10:52:45 deserializeInput: hasCrash true hasNet false
2023/03/31 10:52:45 prog length: 6
2023/03/31 10:52:45 prog length: 22
2023/03/31 10:52:45 deserializeInput: hasCrash true hasNet false
2023/03/31 10:52:45 prog length: 6
2023/03/31 10:52:45 prog length: 22
2023/03/31 10:52:45 deserializeInput: hasCrash true hasNet false
2023/03/31 10:52:45 prog length: 6
2023/03/31 10:52:45 prog length: 22
2023/03/31 10:52:45 deserializeInput: hasCrash true hasNet false
2023/03/31 10:52:45 prog length: 6
2023/03/31 10:52:45 prog length: 22
2023/03/31 10:52:45 deserializeInput: hasCrash true hasNet false
2023/03/31 10:52:45 prog length: 6
2023/03/31 10:52:45 prog length: 22
2023/03/31 10:52:45 deserializeInput: hasCrash true hasNet false
2023/03/31 10:52:45 prog length: 6
2023/03/31 10:52:45 prog length: 22
2023/03/31 10:52:45 deserializeInput: hasCrash false hasNet false
2023/03/31 10:52:45 prog length: 20
2023/03/31 10:52:45 deserializeInput: hasCrash true hasNet false
2023/03/31 10:52:45 prog length: 6
2023/03/31 10:52:45 prog length: 22
2023/03/31 10:52:45 deserializeInput: hasCrash true hasNet false
2023/03/31 10:52:45 prog length: 6
2023/03/31 10:52:45 prog length: 22
2023/03/31 10:52:45 deserializeInput: hasCrash true hasNet false
2023/03/31 10:52:45 prog length: 6
2023/03/31 10:52:45 prog length: 22
2023/03/31 10:52:45 deserializeInput: hasCrash true hasNet false
2023/03/31 10:52:45 prog length: 6
2023/03/31 10:52:45 prog length: 22
2023/03/31 10:52:45 deserializeInput: hasCrash true hasNet false
2023/03/31 10:52:45 prog length: 6
2023/03/31 10:52:45 prog length: 22
2023/03/31 10:52:45 deserializeInput: hasCrash true hasNet false
2023/03/31 10:52:45 prog length: 6
2023/03/31 10:52:45 prog length: 22
2023/03/31 10:52:45 deserializeInput: hasCrash true hasNet false
2023/03/31 10:52:45 prog length: 6
2023/03/31 10:52:45 prog length: 22
2023/03/31 10:52:45 deserializeInput: hasCrash true hasNet false
2023/03/31 10:52:45 prog length: 6
2023/03/31 10:52:45 prog length: 22
2023/03/31 10:52:45 fetching corpus: 50, signal 6290/56106/62304 (executing program)
2023/03/31 10:52:45 deserializeInput: hasCrash true hasNet false
2023/03/31 10:52:45 prog length: 6
2023/03/31 10:52:45 prog length: 22
2023/03/31 10:52:45 deserializeInput: hasCrash true hasNet false
2023/03/31 10:52:45 prog length: 6
2023/03/31 10:52:45 prog length: 22
2023/03/31 10:52:45 deserializeInput: hasCrash true hasNet false
2023/03/31 10:52:45 prog length: 6
2023/03/31 10:52:45 prog length: 22
2023/03/31 10:52:45 deserializeInput: hasCrash true hasNet false
2023/03/31 10:52:45 prog length: 6
2023/03/31 10:52:45 prog length: 22
2023/03/31 10:52:45 deserializeInput: hasCrash true hasNet false
2023/03/31 10:52:45 prog length: 6
2023/03/31 10:52:45 prog length: 22
2023/03/31 10:52:45 deserializeInput: hasCrash true hasNet false
2023/03/31 10:52:45 prog length: 6
2023/03/31 10:52:45 prog length: 22
2023/03/31 10:52:45 deserializeInput: hasCrash true hasNet false
2023/03/31 10:52:45 prog length: 6
2023/03/31 10:52:45 prog length: 22
2023/03/31 10:52:45 deserializeInput: hasCrash true hasNet false
2023/03/31 10:52:45 prog length: 6
2023/03/31 10:52:45 prog length: 22
2023/03/31 10:52:45 deserializeInput: hasCrash true hasNet false
2023/03/31 10:52:45 prog length: 6
2023/03/31 10:52:45 prog length: 22
2023/03/31 10:52:45 deserializeInput: hasCrash true hasNet true
2023/03/31 10:52:45 prog length: 6
2023/03/31 10:52:45 prog length: 6
2023/03/31 10:52:45 prog length: 6
2023/03/31 10:52:45 prog length: 26
2023/03/31 10:52:45 deserializeInput: hasCrash true hasNet false
2023/03/31 10:52:45 prog length: 6
2023/03/31 10:52:45 prog length: 22
2023/03/31 10:52:45 deserializeInput: hasCrash true hasNet false
2023/03/31 10:52:45 prog length: 6
2023/03/31 10:52:45 prog length: 22
2023/03/31 10:52:45 deserializeInput: hasCrash true hasNet false
2023/03/31 10:52:45 prog length: 6
2023/03/31 10:52:45 prog length: 22
2023/03/31 10:52:45 deserializeInput: hasCrash true hasNet false
2023/03/31 10:52:45 prog length: 6
2023/03/31 10:52:45 prog length: 22
2023/03/31 10:52:45 deserializeInput: hasCrash true hasNet false
2023/03/31 10:52:45 prog length: 6
2023/03/31 10:52:45 prog length: 22
2023/03/31 10:52:45 deserializeInput: hasCrash true hasNet false
2023/03/31 10:52:45 prog length: 6
2023/03/31 10:52:45 prog length: 22
2023/03/31 10:52:45 deserializeInput: hasCrash true hasNet false
2023/03/31 10:52:45 prog length: 6
2023/03/31 10:52:45 prog length: 22
2023/03/31 10:52:45 deserializeInput: hasCrash true hasNet false
2023/03/31 10:52:45 prog length: 6
2023/03/31 10:52:45 prog length: 22
2023/03/31 10:52:45 deserializeInput: hasCrash true hasNet false
2023/03/31 10:52:45 prog length: 6
2023/03/31 10:52:45 prog length: 22
2023/03/31 10:52:45 deserializeInput: hasCrash true hasNet false
2023/03/31 10:52:45 prog length: 6
2023/03/31 10:52:45 prog length: 22
2023/03/31 10:52:45 deserializeInput: hasCrash true hasNet false
2023/03/31 10:52:45 prog length: 6
2023/03/31 10:52:45 prog length: 22
2023/03/31 10:52:45 deserializeInput: hasCrash true hasNet false
2023/03/31 10:52:45 prog length: 6
2023/03/31 10:52:45 prog length: 22
2023/03/31 10:52:45 deserializeInput: hasCrash true hasNet false
2023/03/31 10:52:45 prog length: 6
2023/03/31 10:52:45 prog length: 22
2023/03/31 10:52:45 deserializeInput: hasCrash true hasNet false
2023/03/31 10:52:45 prog length: 6
2023/03/31 10:52:45 prog length: 22
2023/03/31 10:52:45 deserializeInput: hasCrash true hasNet false
2023/03/31 10:52:45 prog length: 6
2023/03/31 10:52:45 prog length: 22
2023/03/31 10:52:45 deserializeInput: hasCrash true hasNet false
2023/03/31 10:52:45 prog length: 6
2023/03/31 10:52:45 prog length: 22
2023/03/31 10:52:45 deserializeInput: hasCrash true hasNet false
2023/03/31 10:52:45 prog length: 6
2023/03/31 10:52:45 prog length: 22
2023/03/31 10:52:45 deserializeInput: hasCrash true hasNet false
2023/03/31 10:52:45 prog length: 6
2023/03/31 10:52:45 prog length: 22
2023/03/31 10:52:45 deserializeInput: hasCrash true hasNet false
2023/03/31 10:52:45 prog length: 6
2023/03/31 10:52:45 prog length: 22
2023/03/31 10:52:45 deserializeInput: hasCrash true hasNet false
2023/03/31 10:52:45 prog length: 6
2023/03/31 10:52:45 prog length: 22
2023/03/31 10:52:45 deserializeInput: hasCrash true hasNet false
2023/03/31 10:52:45 prog length: 6
2023/03/31 10:52:45 prog length: 22
2023/03/31 10:52:45 deserializeInput: hasCrash true hasNet false
2023/03/31 10:52:45 prog length: 6
2023/03/31 10:52:45 prog length: 22
2023/03/31 10:52:45 deserializeInput: hasCrash true hasNet false
2023/03/31 10:52:45 prog length: 6
2023/03/31 10:52:45 prog length: 22
2023/03/31 10:52:45 deserializeInput: hasCrash true hasNet false
2023/03/31 10:52:45 prog length: 6
2023/03/31 10:52:45 prog length: 22
2023/03/31 10:52:45 deserializeInput: hasCrash true hasNet false
2023/03/31 10:52:45 prog length: 6
2023/03/31 10:52:45 prog length: 22
2023/03/31 10:52:45 deserializeInput: hasCrash true hasNet false
2023/03/31 10:52:45 prog length: 6
2023/03/31 10:52:45 prog length: 22
2023/03/31 10:52:45 deserializeInput: hasCrash true hasNet false
2023/03/31 10:52:45 prog length: 6
2023/03/31 10:52:45 prog length: 22
2023/03/31 10:52:45 deserializeInput: hasCrash true hasNet false
2023/03/31 10:52:45 prog length: 6
2023/03/31 10:52:45 prog length: 22
2023/03/31 10:52:45 deserializeInput: hasCrash true hasNet false
2023/03/31 10:52:45 prog length: 6
2023/03/31 10:52:45 prog length: 22
2023/03/31 10:52:45 deserializeInput: hasCrash true hasNet false
2023/03/31 10:52:45 prog length: 6
2023/03/31 10:52:45 prog length: 22
2023/03/31 10:52:45 deserializeInput: hasCrash true hasNet false
2023/03/31 10:52:45 prog length: 6
2023/03/31 10:52:45 prog length: 22
2023/03/31 10:52:45 deserializeInput: hasCrash true hasNet false
2023/03/31 10:52:45 prog length: 6
2023/03/31 10:52:45 prog length: 22
2023/03/31 10:52:45 deserializeInput: hasCrash true hasNet false
2023/03/31 10:52:45 prog length: 6
2023/03/31 10:52:45 prog length: 22
2023/03/31 10:52:45 deserializeInput: hasCrash true hasNet false
2023/03/31 10:52:45 prog length: 6
2023/03/31 10:52:45 prog length: 22
2023/03/31 10:52:45 deserializeInput: hasCrash true hasNet false
2023/03/31 10:52:45 prog length: 6
2023/03/31 10:52:45 prog length: 22
2023/03/31 10:52:45 deserializeInput: hasCrash true hasNet false
2023/03/31 10:52:45 prog length: 6
2023/03/31 10:52:45 prog length: 22
2023/03/31 10:52:45 deserializeInput: hasCrash true hasNet false
2023/03/31 10:52:45 prog length: 6
2023/03/31 10:52:45 prog length: 22
2023/03/31 10:52:45 deserializeInput: hasCrash true hasNet true
2023/03/31 10:52:45 prog length: 6
2023/03/31 10:52:45 prog length: 6
2023/03/31 10:52:45 prog length: 6
2023/03/31 10:52:45 prog length: 26
2023/03/31 10:52:45 deserializeInput: hasCrash true hasNet false
2023/03/31 10:52:45 prog length: 6
2023/03/31 10:52:45 prog length: 22
2023/03/31 10:52:45 deserializeInput: hasCrash true hasNet false
2023/03/31 10:52:45 prog length: 6
2023/03/31 10:52:45 prog length: 22
2023/03/31 10:52:45 fetching corpus: 100, signal 6804/70998/78430 (executing program)
2023/03/31 10:52:46 deserializeInput: hasCrash false hasNet true
2023/03/31 10:52:46 prog length: 6
2023/03/31 10:52:46 prog length: 22
2023/03/31 10:52:46 deserializeInput: hasCrash true hasNet false
2023/03/31 10:52:46 prog length: 6
2023/03/31 10:52:46 prog length: 22
2023/03/31 10:52:46 deserializeInput: hasCrash true hasNet false
2023/03/31 10:52:46 prog length: 6
2023/03/31 10:52:46 prog length: 22
2023/03/31 10:52:46 deserializeInput: hasCrash true hasNet false
2023/03/31 10:52:46 prog length: 6
2023/03/31 10:52:46 prog length: 22
2023/03/31 10:52:46 deserializeInput: hasCrash true hasNet false
2023/03/31 10:52:46 prog length: 6
2023/03/31 10:52:46 prog length: 22
2023/03/31 10:52:46 deserializeInput: hasCrash true hasNet false
2023/03/31 10:52:46 prog length: 6
2023/03/31 10:52:46 prog length: 22
2023/03/31 10:52:46 deserializeInput: hasCrash true hasNet false
2023/03/31 10:52:46 prog length: 6
2023/03/31 10:52:46 prog length: 22
2023/03/31 10:52:46 deserializeInput: hasCrash true hasNet false
2023/03/31 10:52:46 prog length: 6
2023/03/31 10:52:46 prog length: 22
2023/03/31 10:52:46 deserializeInput: hasCrash true hasNet false
2023/03/31 10:52:46 prog length: 6
2023/03/31 10:52:46 prog length: 22
2023/03/31 10:52:46 deserializeInput: hasCrash true hasNet false
2023/03/31 10:52:46 prog length: 6
2023/03/31 10:52:46 prog length: 22
2023/03/31 10:52:46 deserializeInput: hasCrash true hasNet false
2023/03/31 10:52:46 prog length: 6
2023/03/31 10:52:46 prog length: 22
2023/03/31 10:52:46 deserializeInput: hasCrash false hasNet false
2023/03/31 10:52:46 prog length: 20
2023/03/31 10:52:46 deserializeInput: hasCrash true hasNet false
2023/03/31 10:52:46 prog length: 6
2023/03/31 10:52:46 prog length: 22
2023/03/31 10:52:46 deserializeInput: hasCrash true hasNet false
2023/03/31 10:52:46 prog length: 6
2023/03/31 10:52:46 prog length: 22
2023/03/31 10:52:46 deserializeInput: hasCrash true hasNet false
2023/03/31 10:52:46 prog length: 6
2023/03/31 10:52:46 prog length: 22
2023/03/31 10:52:46 deserializeInput: hasCrash true hasNet false
2023/03/31 10:52:46 prog length: 6
2023/03/31 10:52:46 prog length: 22
2023/03/31 10:52:46 deserializeInput: hasCrash true hasNet false
2023/03/31 10:52:46 prog length: 6
2023/03/31 10:52:46 prog length: 22
2023/03/31 10:52:46 deserializeInput: hasCrash true hasNet false
2023/03/31 10:52:46 prog length: 6
2023/03/31 10:52:46 prog length: 22
2023/03/31 10:52:46 deserializeInput: hasCrash true hasNet false
2023/03/31 10:52:46 prog length: 6
2023/03/31 10:52:46 prog length: 22
2023/03/31 10:52:46 deserializeInput: hasCrash true hasNet false
2023/03/31 10:52:46 prog length: 6
2023/03/31 10:52:46 prog length: 22
2023/03/31 10:52:46 deserializeInput: hasCrash true hasNet false
2023/03/31 10:52:46 prog length: 6
2023/03/31 10:52:46 prog length: 22
2023/03/31 10:52:46 deserializeInput: hasCrash true hasNet false
2023/03/31 10:52:46 prog length: 6
2023/03/31 10:52:46 prog length: 22
2023/03/31 10:52:46 deserializeInput: hasCrash true hasNet false
2023/03/31 10:52:46 prog length: 6
2023/03/31 10:52:46 prog length: 22
2023/03/31 10:52:46 deserializeInput: hasCrash true hasNet false
2023/03/31 10:52:46 prog length: 6
2023/03/31 10:52:46 prog length: 22
2023/03/31 10:52:46 deserializeInput: hasCrash true hasNet false
2023/03/31 10:52:46 prog length: 6
2023/03/31 10:52:46 prog length: 22
2023/03/31 10:52:46 deserializeInput: hasCrash true hasNet false
2023/03/31 10:52:46 prog length: 6
2023/03/31 10:52:46 prog length: 22
2023/03/31 10:52:46 deserializeInput: hasCrash true hasNet false
2023/03/31 10:52:46 prog length: 6
2023/03/31 10:52:46 prog length: 22
2023/03/31 10:52:46 deserializeInput: hasCrash true hasNet false
2023/03/31 10:52:46 prog length: 6
2023/03/31 10:52:46 prog length: 22
2023/03/31 10:52:46 deserializeInput: hasCrash true hasNet false
2023/03/31 10:52:46 prog length: 6
2023/03/31 10:52:46 prog length: 22
2023/03/31 10:52:46 deserializeInput: hasCrash true hasNet false
2023/03/31 10:52:46 prog length: 6
2023/03/31 10:52:46 prog length: 22
2023/03/31 10:52:46 deserializeInput: hasCrash true hasNet false
2023/03/31 10:52:46 prog length: 6
2023/03/31 10:52:46 prog length: 22
2023/03/31 10:52:46 deserializeInput: hasCrash true hasNet false
2023/03/31 10:52:46 prog length: 6
2023/03/31 10:52:46 prog length: 22
2023/03/31 10:52:46 deserializeInput: hasCrash true hasNet false
2023/03/31 10:52:46 prog length: 6
2023/03/31 10:52:46 prog length: 22
2023/03/31 10:52:46 deserializeInput: hasCrash true hasNet false
2023/03/31 10:52:46 prog length: 6
2023/03/31 10:52:46 prog length: 22
2023/03/31 10:52:46 deserializeInput: hasCrash true hasNet false
2023/03/31 10:52:46 prog length: 6
2023/03/31 10:52:46 prog length: 22
2023/03/31 10:52:46 deserializeInput: hasCrash true hasNet false
2023/03/31 10:52:46 prog length: 6
2023/03/31 10:52:46 prog length: 22
2023/03/31 10:52:46 deserializeInput: hasCrash true hasNet false
2023/03/31 10:52:46 prog length: 6
2023/03/31 10:52:46 prog length: 22
2023/03/31 10:52:46 deserializeInput: hasCrash true hasNet false
2023/03/31 10:52:46 prog length: 6
2023/03/31 10:52:46 prog length: 22
2023/03/31 10:52:46 deserializeInput: hasCrash true hasNet false
2023/03/31 10:52:46 prog length: 6
2023/03/31 10:52:46 prog length: 22
2023/03/31 10:52:46 deserializeInput: hasCrash true hasNet false
2023/03/31 10:52:46 prog length: 6
2023/03/31 10:52:46 prog length: 22
2023/03/31 10:52:46 deserializeInput: hasCrash true hasNet false
2023/03/31 10:52:46 prog length: 6
2023/03/31 10:52:46 prog length: 22
2023/03/31 10:52:46 deserializeInput: hasCrash true hasNet false
2023/03/31 10:52:46 prog length: 6
2023/03/31 10:52:46 prog length: 22
2023/03/31 10:52:46 deserializeInput: hasCrash true hasNet false
2023/03/31 10:52:46 prog length: 6
2023/03/31 10:52:46 prog length: 22
2023/03/31 10:52:46 deserializeInput: hasCrash true hasNet false
2023/03/31 10:52:46 prog length: 6
2023/03/31 10:52:46 prog length: 22
2023/03/31 10:52:46 deserializeInput: hasCrash true hasNet false
2023/03/31 10:52:46 prog length: 6
2023/03/31 10:52:46 prog length: 22
2023/03/31 10:52:46 deserializeInput: hasCrash true hasNet false
2023/03/31 10:52:46 prog length: 6
2023/03/31 10:52:46 prog length: 22
2023/03/31 10:52:46 deserializeInput: hasCrash true hasNet false
2023/03/31 10:52:46 prog length: 6
2023/03/31 10:52:46 prog length: 22
2023/03/31 10:52:46 deserializeInput: hasCrash true hasNet false
2023/03/31 10:52:46 prog length: 6
2023/03/31 10:52:46 prog length: 22
2023/03/31 10:52:46 deserializeInput: hasCrash true hasNet false
2023/03/31 10:52:46 prog length: 6
2023/03/31 10:52:46 prog length: 22
2023/03/31 10:52:46 deserializeInput: hasCrash true hasNet false
2023/03/31 10:52:46 prog length: 6
2023/03/31 10:52:46 prog length: 22
2023/03/31 10:52:46 fetching corpus: 150, signal 6981/86556/94385 (executing program)
2023/03/31 10:52:46 deserializeInput: hasCrash true hasNet true
2023/03/31 10:52:46 prog length: 6
2023/03/31 10:52:46 prog length: 6
2023/03/31 10:52:46 prog length: 6
2023/03/31 10:52:46 prog length: 26
2023/03/31 10:52:46 deserializeInput: hasCrash true hasNet false
2023/03/31 10:52:46 prog length: 6
2023/03/31 10:52:46 prog length: 22
2023/03/31 10:52:46 deserializeInput: hasCrash true hasNet false
2023/03/31 10:52:46 prog length: 6
2023/03/31 10:52:46 prog length: 22
2023/03/31 10:52:46 deserializeInput: hasCrash true hasNet false
2023/03/31 10:52:46 prog length: 6
2023/03/31 10:52:46 prog length: 22
2023/03/31 10:52:46 deserializeInput: hasCrash true hasNet false
2023/03/31 10:52:46 prog length: 6
2023/03/31 10:52:46 prog length: 22
2023/03/31 10:52:46 deserializeInput: hasCrash true hasNet false
2023/03/31 10:52:46 prog length: 6
2023/03/31 10:52:46 prog length: 22
2023/03/31 10:52:46 deserializeInput: hasCrash true hasNet false
2023/03/31 10:52:46 prog length: 6
2023/03/31 10:52:46 prog length: 22
2023/03/31 10:52:46 deserializeInput: hasCrash true hasNet false
2023/03/31 10:52:46 prog length: 6
2023/03/31 10:52:46 prog length: 22
2023/03/31 10:52:46 deserializeInput: hasCrash true hasNet false
2023/03/31 10:52:46 prog length: 6
2023/03/31 10:52:46 prog length: 22
2023/03/31 10:52:46 deserializeInput: hasCrash true hasNet false
2023/03/31 10:52:46 prog length: 6
2023/03/31 10:52:46 prog length: 22
2023/03/31 10:52:46 deserializeInput: hasCrash true hasNet false
2023/03/31 10:52:46 prog length: 6
2023/03/31 10:52:46 prog length: 22
2023/03/31 10:52:46 deserializeInput: hasCrash true hasNet false
2023/03/31 10:52:46 prog length: 6
2023/03/31 10:52:46 prog length: 22
2023/03/31 10:52:46 deserializeInput: hasCrash true hasNet false
2023/03/31 10:52:46 prog length: 6
2023/03/31 10:52:46 prog length: 22
2023/03/31 10:52:46 deserializeInput: hasCrash true hasNet false
2023/03/31 10:52:46 prog length: 6
2023/03/31 10:52:46 prog length: 22
2023/03/31 10:52:46 deserializeInput: hasCrash true hasNet false
2023/03/31 10:52:46 prog length: 6
2023/03/31 10:52:46 prog length: 22
2023/03/31 10:52:46 deserializeInput: hasCrash true hasNet false
2023/03/31 10:52:46 prog length: 6
2023/03/31 10:52:46 prog length: 22
2023/03/31 10:52:46 deserializeInput: hasCrash true hasNet false
2023/03/31 10:52:46 prog length: 6
2023/03/31 10:52:46 prog length: 22
2023/03/31 10:52:46 deserializeInput: hasCrash true hasNet false
2023/03/31 10:52:46 prog length: 6
2023/03/31 10:52:46 prog length: 22
2023/03/31 10:52:46 deserializeInput: hasCrash true hasNet false
2023/03/31 10:52:46 prog length: 6
2023/03/31 10:52:46 prog length: 22
2023/03/31 10:52:46 deserializeInput: hasCrash true hasNet false
2023/03/31 10:52:46 prog length: 6
2023/03/31 10:52:46 prog length: 22
2023/03/31 10:52:46 deserializeInput: hasCrash true hasNet false
2023/03/31 10:52:46 prog length: 6
2023/03/31 10:52:46 prog length: 22
2023/03/31 10:52:46 deserializeInput: hasCrash true hasNet false
2023/03/31 10:52:46 prog length: 6
2023/03/31 10:52:46 prog length: 22
2023/03/31 10:52:46 deserializeInput: hasCrash true hasNet false
2023/03/31 10:52:46 prog length: 6
2023/03/31 10:52:46 prog length: 22
2023/03/31 10:52:46 deserializeInput: hasCrash true hasNet false
2023/03/31 10:52:46 prog length: 6
2023/03/31 10:52:46 prog length: 22
2023/03/31 10:52:46 deserializeInput: hasCrash true hasNet false
2023/03/31 10:52:46 prog length: 6
2023/03/31 10:52:46 prog length: 22
2023/03/31 10:52:46 deserializeInput: hasCrash true hasNet false
2023/03/31 10:52:46 prog length: 6
2023/03/31 10:52:46 prog length: 22
2023/03/31 10:52:46 deserializeInput: hasCrash true hasNet false
2023/03/31 10:52:46 prog length: 6
2023/03/31 10:52:46 prog length: 22
2023/03/31 10:52:46 deserializeInput: hasCrash true hasNet false
2023/03/31 10:52:46 prog length: 6
2023/03/31 10:52:46 prog length: 22
2023/03/31 10:52:46 deserializeInput: hasCrash true hasNet false
2023/03/31 10:52:46 prog length: 6
2023/03/31 10:52:46 prog length: 22
2023/03/31 10:52:46 deserializeInput: hasCrash true hasNet false
2023/03/31 10:52:46 prog length: 6
2023/03/31 10:52:46 prog length: 22
2023/03/31 10:52:46 deserializeInput: hasCrash true hasNet false
2023/03/31 10:52:46 prog length: 6
2023/03/31 10:52:46 prog length: 22
2023/03/31 10:52:46 deserializeInput: hasCrash true hasNet false
2023/03/31 10:52:46 prog length: 6
2023/03/31 10:52:46 prog length: 22
2023/03/31 10:52:47 deserializeInput: hasCrash true hasNet false
2023/03/31 10:52:47 prog length: 6
2023/03/31 10:52:47 prog length: 22
2023/03/31 10:52:47 deserializeInput: hasCrash true hasNet false
2023/03/31 10:52:47 prog length: 6
2023/03/31 10:52:47 prog length: 22
2023/03/31 10:52:47 deserializeInput: hasCrash true hasNet false
2023/03/31 10:52:47 prog length: 6
2023/03/31 10:52:47 prog length: 22
2023/03/31 10:52:47 deserializeInput: hasCrash true hasNet false
2023/03/31 10:52:47 prog length: 6
2023/03/31 10:52:47 prog length: 22
2023/03/31 10:52:47 deserializeInput: hasCrash true hasNet false
2023/03/31 10:52:47 prog length: 6
2023/03/31 10:52:47 prog length: 22
2023/03/31 10:52:47 deserializeInput: hasCrash true hasNet false
2023/03/31 10:52:47 prog length: 6
2023/03/31 10:52:47 prog length: 22
2023/03/31 10:52:47 deserializeInput: hasCrash true hasNet false
2023/03/31 10:52:47 prog length: 6
2023/03/31 10:52:47 prog length: 22
2023/03/31 10:52:47 deserializeInput: hasCrash true hasNet false
2023/03/31 10:52:47 prog length: 6
2023/03/31 10:52:47 prog length: 22
2023/03/31 10:52:47 deserializeInput: hasCrash true hasNet false
2023/03/31 10:52:47 prog length: 6
2023/03/31 10:52:47 prog length: 22
2023/03/31 10:52:47 deserializeInput: hasCrash true hasNet false
2023/03/31 10:52:47 prog length: 6
2023/03/31 10:52:47 prog length: 22
2023/03/31 10:52:47 deserializeInput: hasCrash true hasNet false
2023/03/31 10:52:47 prog length: 6
2023/03/31 10:52:47 prog length: 22
2023/03/31 10:52:47 deserializeInput: hasCrash true hasNet false
2023/03/31 10:52:47 prog length: 6
2023/03/31 10:52:47 prog length: 22
2023/03/31 10:52:47 deserializeInput: hasCrash true hasNet false
2023/03/31 10:52:47 prog length: 6
2023/03/31 10:52:47 prog length: 22
2023/03/31 10:52:47 deserializeInput: hasCrash true hasNet false
2023/03/31 10:52:47 prog length: 6
2023/03/31 10:52:47 prog length: 22
2023/03/31 10:52:47 deserializeInput: hasCrash true hasNet false
2023/03/31 10:52:47 prog length: 6
2023/03/31 10:52:47 prog length: 22
2023/03/31 10:52:47 deserializeInput: hasCrash true hasNet false
2023/03/31 10:52:47 prog length: 6
2023/03/31 10:52:47 prog length: 22
2023/03/31 10:52:47 deserializeInput: hasCrash true hasNet false
2023/03/31 10:52:47 prog length: 6
2023/03/31 10:52:47 prog length: 22
2023/03/31 10:52:47 deserializeInput: hasCrash true hasNet false
2023/03/31 10:52:47 prog length: 6
2023/03/31 10:52:47 prog length: 22
2023/03/31 10:52:47 fetching corpus: 200, signal 6981/89917/98281 (executing program)
2023/03/31 10:52:47 deserializeInput: hasCrash true hasNet false
2023/03/31 10:52:47 prog length: 6
2023/03/31 10:52:47 prog length: 22
2023/03/31 10:52:47 deserializeInput: hasCrash true hasNet false
2023/03/31 10:52:47 prog length: 6
2023/03/31 10:52:47 prog length: 22
2023/03/31 10:52:47 deserializeInput: hasCrash true hasNet false
2023/03/31 10:52:47 prog length: 6
2023/03/31 10:52:47 prog length: 22
2023/03/31 10:52:47 deserializeInput: hasCrash true hasNet false
2023/03/31 10:52:47 prog length: 6
2023/03/31 10:52:47 prog length: 22
2023/03/31 10:52:47 deserializeInput: hasCrash true hasNet false
2023/03/31 10:52:47 prog length: 6
2023/03/31 10:52:47 prog length: 22
2023/03/31 10:52:47 deserializeInput: hasCrash true hasNet false
2023/03/31 10:52:47 prog length: 6
2023/03/31 10:52:47 prog length: 22
2023/03/31 10:52:47 deserializeInput: hasCrash true hasNet false
2023/03/31 10:52:47 prog length: 6
2023/03/31 10:52:47 prog length: 22
2023/03/31 10:52:47 deserializeInput: hasCrash true hasNet false
2023/03/31 10:52:47 prog length: 6
2023/03/31 10:52:47 prog length: 22
2023/03/31 10:52:47 deserializeInput: hasCrash true hasNet false
2023/03/31 10:52:47 prog length: 6
2023/03/31 10:52:47 prog length: 22
2023/03/31 10:52:47 deserializeInput: hasCrash true hasNet false
2023/03/31 10:52:47 prog length: 6
2023/03/31 10:52:47 prog length: 22
2023/03/31 10:52:47 deserializeInput: hasCrash true hasNet false
2023/03/31 10:52:47 prog length: 6
2023/03/31 10:52:47 prog length: 22
2023/03/31 10:52:47 deserializeInput: hasCrash true hasNet false
2023/03/31 10:52:47 prog length: 6
2023/03/31 10:52:47 prog length: 22
2023/03/31 10:52:47 deserializeInput: hasCrash true hasNet false
2023/03/31 10:52:47 prog length: 6
2023/03/31 10:52:47 prog length: 22
2023/03/31 10:52:47 deserializeInput: hasCrash true hasNet false
2023/03/31 10:52:47 prog length: 6
2023/03/31 10:52:47 prog length: 22
2023/03/31 10:52:47 deserializeInput: hasCrash true hasNet false
2023/03/31 10:52:47 prog length: 6
2023/03/31 10:52:47 prog length: 22
2023/03/31 10:52:47 deserializeInput: hasCrash true hasNet false
2023/03/31 10:52:47 prog length: 6
2023/03/31 10:52:47 prog length: 22
2023/03/31 10:52:47 deserializeInput: hasCrash true hasNet false
2023/03/31 10:52:47 prog length: 6
2023/03/31 10:52:47 prog length: 22
2023/03/31 10:52:47 deserializeInput: hasCrash true hasNet false
2023/03/31 10:52:47 prog length: 6
2023/03/31 10:52:47 prog length: 22
2023/03/31 10:52:47 deserializeInput: hasCrash true hasNet false
2023/03/31 10:52:47 prog length: 6
2023/03/31 10:52:47 prog length: 22
2023/03/31 10:52:47 deserializeInput: hasCrash true hasNet false
2023/03/31 10:52:47 prog length: 6
2023/03/31 10:52:47 prog length: 22
2023/03/31 10:52:47 deserializeInput: hasCrash true hasNet false
2023/03/31 10:52:47 prog length: 6
2023/03/31 10:52:47 prog length: 22
2023/03/31 10:52:47 deserializeInput: hasCrash true hasNet false
2023/03/31 10:52:47 prog length: 6
2023/03/31 10:52:47 prog length: 22
2023/03/31 10:52:47 deserializeInput: hasCrash true hasNet false
2023/03/31 10:52:47 prog length: 6
2023/03/31 10:52:47 prog length: 22
2023/03/31 10:52:47 deserializeInput: hasCrash true hasNet false
2023/03/31 10:52:47 prog length: 6
2023/03/31 10:52:47 prog length: 22
2023/03/31 10:52:47 deserializeInput: hasCrash true hasNet false
2023/03/31 10:52:47 prog length: 6
2023/03/31 10:52:47 prog length: 22
2023/03/31 10:52:47 deserializeInput: hasCrash true hasNet true
2023/03/31 10:52:47 prog length: 6
2023/03/31 10:52:47 prog length: 6
2023/03/31 10:52:47 prog length: 6
2023/03/31 10:52:47 prog length: 26
2023/03/31 10:52:47 deserializeInput: hasCrash true hasNet false
2023/03/31 10:52:47 prog length: 6
2023/03/31 10:52:47 prog length: 22
2023/03/31 10:52:47 deserializeInput: hasCrash true hasNet false
2023/03/31 10:52:47 prog length: 6
2023/03/31 10:52:47 prog length: 22
2023/03/31 10:52:47 deserializeInput: hasCrash true hasNet false
2023/03/31 10:52:47 prog length: 6
2023/03/31 10:52:47 prog length: 22
2023/03/31 10:52:47 deserializeInput: hasCrash true hasNet false
2023/03/31 10:52:47 prog length: 6
2023/03/31 10:52:47 prog length: 22
2023/03/31 10:52:47 deserializeInput: hasCrash true hasNet false
2023/03/31 10:52:47 prog length: 6
2023/03/31 10:52:47 prog length: 22
2023/03/31 10:52:47 deserializeInput: hasCrash true hasNet false
2023/03/31 10:52:47 prog length: 6
2023/03/31 10:52:47 prog length: 22
2023/03/31 10:52:47 deserializeInput: hasCrash true hasNet false
2023/03/31 10:52:47 prog length: 6
2023/03/31 10:52:47 prog length: 22
2023/03/31 10:52:47 deserializeInput: hasCrash true hasNet false
2023/03/31 10:52:47 prog length: 6
2023/03/31 10:52:47 prog length: 22
2023/03/31 10:52:47 deserializeInput: hasCrash true hasNet false
2023/03/31 10:52:47 prog length: 6
2023/03/31 10:52:47 prog length: 22
2023/03/31 10:52:47 deserializeInput: hasCrash true hasNet false
2023/03/31 10:52:47 prog length: 6
2023/03/31 10:52:47 prog length: 22
2023/03/31 10:52:47 deserializeInput: hasCrash true hasNet true
2023/03/31 10:52:47 prog length: 6
2023/03/31 10:52:47 prog length: 6
2023/03/31 10:52:47 prog length: 6
2023/03/31 10:52:47 prog length: 26
2023/03/31 10:52:47 deserializeInput: hasCrash true hasNet false
2023/03/31 10:52:47 prog length: 6
2023/03/31 10:52:47 prog length: 22
2023/03/31 10:52:47 deserializeInput: hasCrash true hasNet false
2023/03/31 10:52:47 prog length: 6
2023/03/31 10:52:47 prog length: 22
2023/03/31 10:52:47 deserializeInput: hasCrash true hasNet false
2023/03/31 10:52:47 prog length: 6
2023/03/31 10:52:47 prog length: 22
2023/03/31 10:52:47 deserializeInput: hasCrash true hasNet false
2023/03/31 10:52:47 prog length: 6
2023/03/31 10:52:47 prog length: 22
2023/03/31 10:52:47 deserializeInput: hasCrash true hasNet false
2023/03/31 10:52:47 prog length: 6
2023/03/31 10:52:47 prog length: 22
2023/03/31 10:52:47 deserializeInput: hasCrash true hasNet false
2023/03/31 10:52:47 prog length: 6
2023/03/31 10:52:47 prog length: 22
2023/03/31 10:52:47 deserializeInput: hasCrash true hasNet false
2023/03/31 10:52:47 prog length: 6
2023/03/31 10:52:47 prog length: 22
2023/03/31 10:52:47 deserializeInput: hasCrash true hasNet false
2023/03/31 10:52:47 prog length: 6
2023/03/31 10:52:47 prog length: 22
2023/03/31 10:52:47 deserializeInput: hasCrash true hasNet false
2023/03/31 10:52:47 prog length: 6
2023/03/31 10:52:47 prog length: 22
2023/03/31 10:52:47 deserializeInput: hasCrash true hasNet false
2023/03/31 10:52:47 prog length: 6
2023/03/31 10:52:47 prog length: 22
2023/03/31 10:52:47 deserializeInput: hasCrash true hasNet false
2023/03/31 10:52:47 prog length: 6
2023/03/31 10:52:47 prog length: 22
2023/03/31 10:52:47 deserializeInput: hasCrash true hasNet false
2023/03/31 10:52:47 prog length: 6
2023/03/31 10:52:47 prog length: 22
2023/03/31 10:52:47 deserializeInput: hasCrash true hasNet false
2023/03/31 10:52:47 prog length: 6
2023/03/31 10:52:47 prog length: 22
2023/03/31 10:52:47 fetching corpus: 250, signal 7241/93531/102548 (executing program)
2023/03/31 10:52:48 deserializeInput: hasCrash true hasNet false
2023/03/31 10:52:48 prog length: 6
2023/03/31 10:52:48 prog length: 22
2023/03/31 10:52:48 deserializeInput: hasCrash true hasNet false
2023/03/31 10:52:48 prog length: 6
2023/03/31 10:52:48 prog length: 22
2023/03/31 10:52:48 deserializeInput: hasCrash true hasNet false
2023/03/31 10:52:48 prog length: 6
2023/03/31 10:52:48 prog length: 22
2023/03/31 10:52:48 deserializeInput: hasCrash true hasNet false
2023/03/31 10:52:48 prog length: 6
2023/03/31 10:52:48 prog length: 22
2023/03/31 10:52:48 deserializeInput: hasCrash true hasNet false
2023/03/31 10:52:48 prog length: 6
2023/03/31 10:52:48 prog length: 22
2023/03/31 10:52:48 deserializeInput: hasCrash true hasNet false
2023/03/31 10:52:48 prog length: 6
2023/03/31 10:52:48 prog length: 22
2023/03/31 10:52:48 deserializeInput: hasCrash true hasNet false
2023/03/31 10:52:48 prog length: 6
2023/03/31 10:52:48 prog length: 22
2023/03/31 10:52:48 deserializeInput: hasCrash true hasNet false
2023/03/31 10:52:48 prog length: 6
2023/03/31 10:52:48 prog length: 22
2023/03/31 10:52:48 deserializeInput: hasCrash true hasNet false
2023/03/31 10:52:48 prog length: 6
2023/03/31 10:52:48 prog length: 22
2023/03/31 10:52:48 deserializeInput: hasCrash true hasNet false
2023/03/31 10:52:48 prog length: 6
2023/03/31 10:52:48 prog length: 22
2023/03/31 10:52:48 deserializeInput: hasCrash true hasNet false
2023/03/31 10:52:48 prog length: 6
2023/03/31 10:52:48 prog length: 22
2023/03/31 10:52:48 deserializeInput: hasCrash true hasNet false
2023/03/31 10:52:48 prog length: 6
2023/03/31 10:52:48 prog length: 22
2023/03/31 10:52:48 deserializeInput: hasCrash true hasNet false
2023/03/31 10:52:48 prog length: 6
2023/03/31 10:52:48 prog length: 22
2023/03/31 10:52:48 deserializeInput: hasCrash true hasNet false
2023/03/31 10:52:48 prog length: 6
2023/03/31 10:52:48 prog length: 22
2023/03/31 10:52:48 deserializeInput: hasCrash true hasNet false
2023/03/31 10:52:48 prog length: 6
2023/03/31 10:52:48 prog length: 22
2023/03/31 10:52:48 deserializeInput: hasCrash true hasNet true
2023/03/31 10:52:48 prog length: 6
2023/03/31 10:52:48 prog length: 6
2023/03/31 10:52:48 prog length: 6
2023/03/31 10:52:48 prog length: 26
2023/03/31 10:52:48 deserializeInput: hasCrash true hasNet false
2023/03/31 10:52:48 prog length: 6
2023/03/31 10:52:48 prog length: 22
2023/03/31 10:52:48 deserializeInput: hasCrash true hasNet false
2023/03/31 10:52:48 prog length: 6
2023/03/31 10:52:48 prog length: 22
2023/03/31 10:52:48 deserializeInput: hasCrash true hasNet false
2023/03/31 10:52:48 prog length: 6
2023/03/31 10:52:48 prog length: 22
2023/03/31 10:52:48 deserializeInput: hasCrash true hasNet false
2023/03/31 10:52:48 prog length: 6
2023/03/31 10:52:48 prog length: 22
2023/03/31 10:52:48 deserializeInput: hasCrash true hasNet false
2023/03/31 10:52:48 prog length: 6
2023/03/31 10:52:48 prog length: 22
2023/03/31 10:52:48 deserializeInput: hasCrash true hasNet false
2023/03/31 10:52:48 prog length: 6
2023/03/31 10:52:48 prog length: 22
2023/03/31 10:52:48 deserializeInput: hasCrash true hasNet false
2023/03/31 10:52:48 prog length: 6
2023/03/31 10:52:48 prog length: 22
2023/03/31 10:52:48 deserializeInput: hasCrash true hasNet false
2023/03/31 10:52:48 prog length: 6
2023/03/31 10:52:48 prog length: 22
2023/03/31 10:52:48 deserializeInput: hasCrash true hasNet false
2023/03/31 10:52:48 prog length: 6
2023/03/31 10:52:48 prog length: 22
2023/03/31 10:52:48 deserializeInput: hasCrash true hasNet false
2023/03/31 10:52:48 prog length: 6
2023/03/31 10:52:48 prog length: 22
2023/03/31 10:52:48 deserializeInput: hasCrash true hasNet false
2023/03/31 10:52:48 prog length: 6
2023/03/31 10:52:48 prog length: 22
2023/03/31 10:52:48 deserializeInput: hasCrash true hasNet false
2023/03/31 10:52:48 prog length: 6
2023/03/31 10:52:48 prog length: 22
2023/03/31 10:52:48 deserializeInput: hasCrash true hasNet false
2023/03/31 10:52:48 prog length: 6
2023/03/31 10:52:48 prog length: 22
2023/03/31 10:52:48 deserializeInput: hasCrash true hasNet false
2023/03/31 10:52:48 prog length: 6
2023/03/31 10:52:48 prog length: 22
2023/03/31 10:52:48 deserializeInput: hasCrash true hasNet false
2023/03/31 10:52:48 prog length: 6
2023/03/31 10:52:48 prog length: 22
2023/03/31 10:52:48 deserializeInput: hasCrash true hasNet false
2023/03/31 10:52:48 prog length: 6
2023/03/31 10:52:48 prog length: 22
2023/03/31 10:52:48 deserializeInput: hasCrash true hasNet false
2023/03/31 10:52:48 prog length: 6
2023/03/31 10:52:48 prog length: 22
2023/03/31 10:52:48 deserializeInput: hasCrash true hasNet false
2023/03/31 10:52:48 prog length: 6
2023/03/31 10:52:48 prog length: 22
2023/03/31 10:52:48 deserializeInput: hasCrash false hasNet true
2023/03/31 10:52:48 prog length: 6
2023/03/31 10:52:48 prog length: 6
2023/03/31 10:52:48 prog length: 24
2023/03/31 10:52:48 deserializeInput: hasCrash true hasNet false
2023/03/31 10:52:48 prog length: 6
2023/03/31 10:52:48 prog length: 22
2023/03/31 10:52:48 deserializeInput: hasCrash true hasNet false
2023/03/31 10:52:48 prog length: 6
2023/03/31 10:52:48 prog length: 22
2023/03/31 10:52:48 deserializeInput: hasCrash true hasNet false
2023/03/31 10:52:48 prog length: 6
2023/03/31 10:52:48 prog length: 22
2023/03/31 10:52:48 deserializeInput: hasCrash true hasNet false
2023/03/31 10:52:48 prog length: 6
2023/03/31 10:52:48 prog length: 22
2023/03/31 10:52:48 deserializeInput: hasCrash true hasNet false
2023/03/31 10:52:48 prog length: 6
2023/03/31 10:52:48 prog length: 22
2023/03/31 10:52:48 deserializeInput: hasCrash true hasNet false
2023/03/31 10:52:48 prog length: 6
2023/03/31 10:52:48 prog length: 22
2023/03/31 10:52:48 deserializeInput: hasCrash true hasNet false
2023/03/31 10:52:48 prog length: 6
2023/03/31 10:52:48 prog length: 22
2023/03/31 10:52:48 deserializeInput: hasCrash true hasNet false
2023/03/31 10:52:48 prog length: 6
2023/03/31 10:52:48 prog length: 22
2023/03/31 10:52:48 deserializeInput: hasCrash true hasNet false
2023/03/31 10:52:48 prog length: 6
2023/03/31 10:52:48 prog length: 22
2023/03/31 10:52:48 deserializeInput: hasCrash true hasNet false
2023/03/31 10:52:48 prog length: 6
2023/03/31 10:52:48 prog length: 22
2023/03/31 10:52:48 deserializeInput: hasCrash true hasNet false
2023/03/31 10:52:48 prog length: 6
2023/03/31 10:52:48 prog length: 22
2023/03/31 10:52:48 deserializeInput: hasCrash true hasNet false
2023/03/31 10:52:48 prog length: 6
2023/03/31 10:52:48 prog length: 22
2023/03/31 10:52:48 deserializeInput: hasCrash true hasNet false
2023/03/31 10:52:48 prog length: 6
2023/03/31 10:52:48 prog length: 22
2023/03/31 10:52:48 deserializeInput: hasCrash true hasNet false
2023/03/31 10:52:48 prog length: 6
2023/03/31 10:52:48 prog length: 22
2023/03/31 10:52:48 deserializeInput: hasCrash true hasNet false
2023/03/31 10:52:48 prog length: 6
2023/03/31 10:52:48 prog length: 22
2023/03/31 10:52:48 fetching corpus: 300, signal 7242/96675/106058 (executing program)
2023/03/31 10:52:48 deserializeInput: hasCrash true hasNet false
2023/03/31 10:52:48 prog length: 6
2023/03/31 10:52:48 prog length: 22
2023/03/31 10:52:48 deserializeInput: hasCrash true hasNet false
2023/03/31 10:52:48 prog length: 6
2023/03/31 10:52:48 prog length: 22
2023/03/31 10:52:48 deserializeInput: hasCrash true hasNet false
2023/03/31 10:52:48 prog length: 6
2023/03/31 10:52:48 prog length: 21
2023/03/31 10:52:48 deserializeInput: hasCrash true hasNet false
2023/03/31 10:52:48 prog length: 6
2023/03/31 10:52:48 prog length: 22
2023/03/31 10:52:48 deserializeInput: hasCrash true hasNet false
2023/03/31 10:52:48 prog length: 6
2023/03/31 10:52:48 prog length: 22
2023/03/31 10:52:48 deserializeInput: hasCrash true hasNet false
2023/03/31 10:52:48 prog length: 6
2023/03/31 10:52:48 prog length: 22
2023/03/31 10:52:48 deserializeInput: hasCrash true hasNet false
2023/03/31 10:52:48 prog length: 6
2023/03/31 10:52:48 prog length: 22
2023/03/31 10:52:48 deserializeInput: hasCrash true hasNet false
2023/03/31 10:52:48 prog length: 6
2023/03/31 10:52:48 prog length: 22
2023/03/31 10:52:48 deserializeInput: hasCrash true hasNet false
2023/03/31 10:52:48 prog length: 6
2023/03/31 10:52:48 prog length: 22
2023/03/31 10:52:48 deserializeInput: hasCrash true hasNet false
2023/03/31 10:52:48 prog length: 6
2023/03/31 10:52:48 prog length: 22
2023/03/31 10:52:48 deserializeInput: hasCrash true hasNet false
2023/03/31 10:52:48 prog length: 6
2023/03/31 10:52:48 prog length: 22
2023/03/31 10:52:48 deserializeInput: hasCrash true hasNet false
2023/03/31 10:52:48 prog length: 6
2023/03/31 10:52:48 prog length: 22
2023/03/31 10:52:48 deserializeInput: hasCrash true hasNet false
2023/03/31 10:52:48 prog length: 6
2023/03/31 10:52:48 prog length: 22
2023/03/31 10:52:48 deserializeInput: hasCrash true hasNet false
2023/03/31 10:52:48 prog length: 6
2023/03/31 10:52:48 prog length: 22
2023/03/31 10:52:48 deserializeInput: hasCrash true hasNet false
2023/03/31 10:52:48 prog length: 6
2023/03/31 10:52:48 prog length: 22
2023/03/31 10:52:48 deserializeInput: hasCrash true hasNet false
2023/03/31 10:52:48 prog length: 6
2023/03/31 10:52:48 prog length: 22
2023/03/31 10:52:48 deserializeInput: hasCrash true hasNet false
2023/03/31 10:52:48 prog length: 6
2023/03/31 10:52:48 prog length: 22
2023/03/31 10:52:48 deserializeInput: hasCrash true hasNet false
2023/03/31 10:52:48 prog length: 6
2023/03/31 10:52:48 prog length: 22
2023/03/31 10:52:48 deserializeInput: hasCrash true hasNet false
2023/03/31 10:52:48 prog length: 6
2023/03/31 10:52:48 prog length: 22
2023/03/31 10:52:48 deserializeInput: hasCrash true hasNet false
2023/03/31 10:52:48 prog length: 6
2023/03/31 10:52:48 prog length: 22
2023/03/31 10:52:48 deserializeInput: hasCrash true hasNet false
2023/03/31 10:52:48 prog length: 6
2023/03/31 10:52:48 prog length: 22
2023/03/31 10:52:48 deserializeInput: hasCrash true hasNet false
2023/03/31 10:52:48 prog length: 6
2023/03/31 10:52:48 prog length: 22
2023/03/31 10:52:48 deserializeInput: hasCrash true hasNet false
2023/03/31 10:52:48 prog length: 6
2023/03/31 10:52:48 prog length: 22
2023/03/31 10:52:48 deserializeInput: hasCrash true hasNet false
2023/03/31 10:52:48 prog length: 6
2023/03/31 10:52:48 prog length: 22
2023/03/31 10:52:48 deserializeInput: hasCrash true hasNet false
2023/03/31 10:52:48 prog length: 6
2023/03/31 10:52:48 prog length: 22
2023/03/31 10:52:48 deserializeInput: hasCrash true hasNet false
2023/03/31 10:52:48 prog length: 6
2023/03/31 10:52:48 prog length: 22
2023/03/31 10:52:48 deserializeInput: hasCrash true hasNet false
2023/03/31 10:52:48 prog length: 6
2023/03/31 10:52:48 prog length: 22
2023/03/31 10:52:48 deserializeInput: hasCrash true hasNet false
2023/03/31 10:52:48 prog length: 6
2023/03/31 10:52:48 prog length: 22
2023/03/31 10:52:48 deserializeInput: hasCrash true hasNet false
2023/03/31 10:52:48 prog length: 6
2023/03/31 10:52:48 prog length: 22
2023/03/31 10:52:48 deserializeInput: hasCrash true hasNet false
2023/03/31 10:52:48 prog length: 6
2023/03/31 10:52:48 prog length: 22
2023/03/31 10:52:48 deserializeInput: hasCrash true hasNet false
2023/03/31 10:52:48 prog length: 6
2023/03/31 10:52:48 prog length: 22
2023/03/31 10:52:48 deserializeInput: hasCrash true hasNet false
2023/03/31 10:52:48 prog length: 6
2023/03/31 10:52:48 prog length: 22
2023/03/31 10:52:48 deserializeInput: hasCrash true hasNet false
2023/03/31 10:52:48 prog length: 6
2023/03/31 10:52:48 prog length: 22
2023/03/31 10:52:48 deserializeInput: hasCrash true hasNet false
2023/03/31 10:52:48 prog length: 6
2023/03/31 10:52:48 prog length: 22
2023/03/31 10:52:48 deserializeInput: hasCrash true hasNet false
2023/03/31 10:52:48 prog length: 6
2023/03/31 10:52:48 prog length: 22
2023/03/31 10:52:48 deserializeInput: hasCrash true hasNet false
2023/03/31 10:52:48 prog length: 6
2023/03/31 10:52:48 prog length: 22
2023/03/31 10:52:48 deserializeInput: hasCrash true hasNet false
2023/03/31 10:52:48 prog length: 6
2023/03/31 10:52:48 prog length: 22
2023/03/31 10:52:48 deserializeInput: hasCrash true hasNet false
2023/03/31 10:52:48 prog length: 6
2023/03/31 10:52:48 prog length: 22
2023/03/31 10:52:48 deserializeInput: hasCrash true hasNet false
2023/03/31 10:52:48 prog length: 6
2023/03/31 10:52:48 prog length: 22
2023/03/31 10:52:48 deserializeInput: hasCrash true hasNet false
2023/03/31 10:52:48 prog length: 6
2023/03/31 10:52:48 prog length: 22
2023/03/31 10:52:48 deserializeInput: hasCrash true hasNet false
2023/03/31 10:52:48 prog length: 6
2023/03/31 10:52:48 prog length: 22
2023/03/31 10:52:48 deserializeInput: hasCrash true hasNet false
2023/03/31 10:52:48 prog length: 6
2023/03/31 10:52:48 prog length: 22
2023/03/31 10:52:48 deserializeInput: hasCrash true hasNet false
2023/03/31 10:52:48 prog length: 6
2023/03/31 10:52:48 prog length: 22
2023/03/31 10:52:48 deserializeInput: hasCrash true hasNet false
2023/03/31 10:52:48 prog length: 6
2023/03/31 10:52:48 prog length: 22
2023/03/31 10:52:48 deserializeInput: hasCrash true hasNet false
2023/03/31 10:52:48 prog length: 6
2023/03/31 10:52:48 prog length: 22
2023/03/31 10:52:48 deserializeInput: hasCrash true hasNet false
2023/03/31 10:52:48 prog length: 6
2023/03/31 10:52:48 prog length: 22
2023/03/31 10:52:48 deserializeInput: hasCrash true hasNet false
2023/03/31 10:52:48 prog length: 6
2023/03/31 10:52:48 prog length: 22
2023/03/31 10:52:48 deserializeInput: hasCrash true hasNet false
2023/03/31 10:52:48 prog length: 6
2023/03/31 10:52:48 prog length: 22
2023/03/31 10:52:48 deserializeInput: hasCrash true hasNet false
2023/03/31 10:52:48 prog length: 6
2023/03/31 10:52:48 prog length: 22
2023/03/31 10:52:48 fetching corpus: 349, signal 7307/99795/109527 (executing program)
2023/03/31 10:52:48 fetching corpus: 349, signal 7307/99795/110089 (executing program)
2023/03/31 10:52:48 fetching corpus: 349, signal 7307/99795/110610 (executing program)
2023/03/31 10:52:48 fetching corpus: 349, signal 7307/99795/111148 (executing program)
2023/03/31 10:52:48 fetching corpus: 349, signal 7307/99795/111677 (executing program)
2023/03/31 10:52:48 fetching corpus: 349, signal 7307/99795/112166 (executing program)
2023/03/31 10:52:48 fetching corpus: 349, signal 7307/99795/112681 (executing program)
2023/03/31 10:52:48 fetching corpus: 349, signal 7307/99795/113241 (executing program)
2023/03/31 10:52:48 fetching corpus: 349, signal 7307/99795/113774 (executing program)
2023/03/31 10:52:48 fetching corpus: 349, signal 7307/99795/114353 (executing program)
2023/03/31 10:52:48 fetching corpus: 349, signal 7307/99795/114856 (executing program)
2023/03/31 10:52:48 fetching corpus: 349, signal 7307/99795/115388 (executing program)
2023/03/31 10:52:48 fetching corpus: 349, signal 7307/99795/115916 (executing program)
2023/03/31 10:52:48 fetching corpus: 349, signal 7307/99795/116457 (executing program)
2023/03/31 10:52:48 fetching corpus: 349, signal 7307/99795/116966 (executing program)
2023/03/31 10:52:48 fetching corpus: 349, signal 7307/99795/117512 (executing program)
2023/03/31 10:52:49 fetching corpus: 349, signal 7307/99795/118026 (executing program)
2023/03/31 10:52:49 fetching corpus: 349, signal 7307/99795/118516 (executing program)
2023/03/31 10:52:49 fetching corpus: 349, signal 7307/99795/119067 (executing program)
2023/03/31 10:52:49 fetching corpus: 349, signal 7307/99795/119606 (executing program)
2023/03/31 10:52:49 fetching corpus: 349, signal 7307/99795/120119 (executing program)
2023/03/31 10:52:49 fetching corpus: 349, signal 7307/99795/120646 (executing program)
2023/03/31 10:52:49 fetching corpus: 349, signal 7307/99795/121193 (executing program)
2023/03/31 10:52:49 fetching corpus: 349, signal 7307/99795/121731 (executing program)
2023/03/31 10:52:49 fetching corpus: 349, signal 7307/99795/122270 (executing program)
2023/03/31 10:52:49 fetching corpus: 349, signal 7307/99795/122810 (executing program)
2023/03/31 10:52:49 fetching corpus: 349, signal 7307/99795/123344 (executing program)
2023/03/31 10:52:49 fetching corpus: 349, signal 7307/99795/123876 (executing program)
2023/03/31 10:52:49 fetching corpus: 349, signal 7307/99795/124454 (executing program)
2023/03/31 10:52:49 fetching corpus: 349, signal 7307/99795/124980 (executing program)
2023/03/31 10:52:49 fetching corpus: 349, signal 7307/99795/125490 (executing program)
2023/03/31 10:52:49 fetching corpus: 349, signal 7307/99795/126016 (executing program)
2023/03/31 10:52:49 fetching corpus: 349, signal 7307/99795/126546 (executing program)
2023/03/31 10:52:49 fetching corpus: 349, signal 7307/99795/127087 (executing program)
2023/03/31 10:52:49 fetching corpus: 349, signal 7307/99795/127598 (executing program)
2023/03/31 10:52:49 fetching corpus: 349, signal 7307/99795/128135 (executing program)
2023/03/31 10:52:49 fetching corpus: 349, signal 7307/99795/128656 (executing program)
2023/03/31 10:52:49 fetching corpus: 349, signal 7307/99795/129184 (executing program)
2023/03/31 10:52:49 fetching corpus: 349, signal 7307/99795/129729 (executing program)
2023/03/31 10:52:49 fetching corpus: 349, signal 7307/99795/130268 (executing program)
2023/03/31 10:52:49 fetching corpus: 349, signal 7307/99795/130805 (executing program)
2023/03/31 10:52:49 fetching corpus: 349, signal 7307/99795/131329 (executing program)
2023/03/31 10:52:49 fetching corpus: 349, signal 7307/99795/131865 (executing program)
2023/03/31 10:52:49 fetching corpus: 349, signal 7307/99795/132395 (executing program)
2023/03/31 10:52:49 fetching corpus: 349, signal 7307/99795/132938 (executing program)
2023/03/31 10:52:49 fetching corpus: 349, signal 7307/99795/133446 (executing program)
2023/03/31 10:52:49 fetching corpus: 349, signal 7307/99795/133972 (executing program)
2023/03/31 10:52:49 fetching corpus: 349, signal 7307/99795/134496 (executing program)
2023/03/31 10:52:49 fetching corpus: 349, signal 7307/99795/135037 (executing program)
2023/03/31 10:52:49 fetching corpus: 349, signal 7307/99795/135552 (executing program)
2023/03/31 10:52:49 fetching corpus: 349, signal 7307/99795/136083 (executing program)
2023/03/31 10:52:49 fetching corpus: 349, signal 7307/99795/136613 (executing program)
2023/03/31 10:52:49 fetching corpus: 349, signal 7307/99795/137144 (executing program)
2023/03/31 10:52:49 fetching corpus: 349, signal 7307/99795/137684 (executing program)
2023/03/31 10:52:49 fetching corpus: 349, signal 7307/99795/138164 (executing program)
2023/03/31 10:52:49 fetching corpus: 349, signal 7307/99795/138701 (executing program)
2023/03/31 10:52:49 fetching corpus: 349, signal 7307/99795/139228 (executing program)
2023/03/31 10:52:49 fetching corpus: 349, signal 7307/99795/139417 (executing program)
2023/03/31 10:52:49 fetching corpus: 349, signal 7307/99795/139417 (executing program)
2023/03/31 10:52:49 starting 1 fuzzer processes
2023/03/31 10:52:49 ----- generateCall 207 fcntl$lock fcntl$lock
2023/03/31 10:52:49 ----- generateCall 2350 lseek lseek
2023/03/31 10:52:49 ----- generateCall 216 fdatasync fdatasync
2023/03/31 10:52:49 ----- generateCall 248 fstat fstat
2023/03/31 10:52:49 ----- generateCall 4129 write$binfmt_elf64 write$binfmt_elf64
2023/03/31 10:52:49 ----- generateCall 2462 openat openat
2023/03/31 10:52:49 ----- generateCall 208 fcntl$notify fcntl$notify
2023/03/31 10:52:49 ----- generateCall 120 chdir chdir
2023/03/31 10:52:49 ----- generateCall 205 fcntl$getown fcntl$getown
2023/03/31 10:52:49 ----- generateCall 244 fsetxattr$user fsetxattr$user
2023/03/31 10:52:49 ----- generateCall 3985 write write
2023/03/31 10:52:49 ----- generateCall 2344 linkat linkat
2023/03/31 10:52:49 ----- generateCall 2723 pread64 pread64
2023/03/31 10:52:49 ----- generateCall 3662 setxattr setxattr
2023/03/31 10:52:49 map[./file0:true]
2023/03/31 10:52:49 HasCrashFail: false, .HasNetFail: false
2023/03/31 10:52:49 prog length: 20
2023/03/31 10:52:49 HasCrashFail:false HasNetFail:false
10:52:49 ---executing program 0:
---
---
---
fcntl$lock(0xffffffffffffffff, 0x6, &(0x7f0000000000)={0x0, 0x1, 0xd5, 0x6})
r0 = openat(0xffffffffffffff9c, &(0x7f0000000040)='./file0\x00', 0x240, 0x0)
lseek(r0, 0x9, 0x0)
fdatasync(r0)
fstat(r0, &(0x7f0000000080))
r1 = open$dir(&(0x7f0000000100)='./file0\x00', 0x501800, 0xb3)
write$binfmt_elf64(r1, &(0x7f0000000140)={{0x7f, 0x45, 0x4c, 0x46, 0x5, 0x3, 0x0, 0xf7, 0x0, 0x2, 0x6, 0x5, 0x1a3, 0x40, 0xc8, 0x5, 0x5, 0x38, 0x1, 0x9, 0x1, 0x5}, [{0x3, 0xa56, 0x82b4107, 0x2, 0x2475, 0x7fff, 0x3f, 0x4}, {0x3, 0x28, 0xa0, 0x0, 0xec9, 0x6, 0x1, 0x20}], "4fc5e09bb03b8e", ['\x00', '\x00', '\x00', '\x00', '\x00', '\x00', '\x00', '\x00', '\x00', '\x00']}, 0xab7)
r2 = openat(0xffffffffffffffff, &(0x7f0000000c00)='./file0\x00', 0x422000, 0x0)
fcntl$notify(r2, 0x402, 0xb)
chdir(&(0x7f0000000c40)='./file0\x00')
r3 = fcntl$dupfd(r2, 0x0, r2)
fcntl$getown(r3, 0x9)
fsetxattr$user(r3, &(0x7f0000000c80), &(0x7f0000000cc0)='\x00', 0x1, 0x1)
r4 = open(&(0x7f0000000d00)='./file0\x00', 0x20200, 0x102)
write(r4, &(0x7f0000000d40)="00485c5cbeadb2908e610887e7979e25e5f3940ca1932a6bc65530f4e169964fc86a088f3209e7856b075de6b02c991826174e85119c12452675c5ac10665f72e69614cc29d597a6e80403055f0dc227247db77863dd65bc66864a61a7b1df1008503cdeda9ce893385edeaee85a4c6143d077835933e0a59cfe9972db5f9b232cad3fbcc000f8b2c778e0bd3642d621d6c27b76f485ea476cf3bf3563aea6700137123f4c2bd757a153e3f29ba0c96fb53c5fa8905840ca0492404d1fbe06544431310ba18fd5a6e5af9d704e504c35485376371b09f5740969f06ad01a0b1efc2483e975f06cdbd35b9566fc4ea404cf96d4a5bf", 0xf5)
r5 = open$dir(&(0x7f0000000e40)='./file0\x00', 0x40000, 0x10)
r6 = fcntl$dupfd(r4, 0x0, r3)
linkat(r5, &(0x7f0000000e80)='./file0\x00', r6, &(0x7f0000000ec0)='./file0\x00', 0x1000)
pread64(r6, &(0x7f0000000f00)=""/154, 0x9a, 0x7)
setxattr(&(0x7f0000000fc0)='./file0\x00', &(0x7f0000001000)=@random={'os2.', ')\x00'}, &(0x7f0000001040)='\x00', 0x1, 0x3)
---

end of program
2023/03/31 10:52:49 -----run executor: [/usr/bin/ssh -F /dev/null -o ConnectionAttempts=100 -o ConnectTimeout=120 -o UserKnownHostsFile=/dev/null -o BatchMode=yes -o IdentitiesOnly=yes -o StrictHostKeyChecking=no -o ConnectTimeout=100 -i /home/tlyu/dfs-fuzzing/disk-images/glusterfs-images/focal.id_rsa root@192.168.0.35 /root/syz-executor exec 0 0 glusterfs 3 4 192.168.0.35 0 "3 1 'replica 3'" false false false false false]
2023/03/31 10:52:49 -----run executor: [/usr/bin/ssh -F /dev/null -o ConnectionAttempts=100 -o ConnectTimeout=120 -o UserKnownHostsFile=/dev/null -o BatchMode=yes -o IdentitiesOnly=yes -o StrictHostKeyChecking=no -o ConnectTimeout=100 -i /home/tlyu/dfs-fuzzing/disk-images/glusterfs-images/focal.id_rsa root@192.168.0.36 /root/syz-executor exec 0 1 glusterfs 3 4 192.168.0.35 0 "3 1 'replica 3'" false false false false false]
2023/03/31 10:52:49 -----run executor: [/usr/bin/ssh -F /dev/null -o ConnectionAttempts=100 -o ConnectTimeout=120 -o UserKnownHostsFile=/dev/null -o BatchMode=yes -o IdentitiesOnly=yes -o StrictHostKeyChecking=no -o ConnectTimeout=100 -i /home/tlyu/dfs-fuzzing/disk-images/glusterfs-images/focal.id_rsa root@192.168.0.37 /root/syz-executor exec 0 2 glusterfs 3 4 192.168.0.35 0 "3 1 'replica 3'" false false false false false]
2023/03/31 10:52:49 -----run executor: [/usr/bin/ssh -F /dev/null -o ConnectionAttempts=100 -o ConnectTimeout=120 -o UserKnownHostsFile=/dev/null -o BatchMode=yes -o IdentitiesOnly=yes -o StrictHostKeyChecking=no -o ConnectTimeout=100 -i /home/tlyu/dfs-fuzzing/disk-images/glusterfs-images/focal.id_rsa root@192.168.0.38 /root/syz-executor exec 1 3 glusterfs 3 4 192.168.0.35 0 "3 1 'replica 3'" false false false false false]
Warning: Permanently added '192.168.0.37' (ECDSA) to the list of known hosts.
Warning: Permanently added '192.168.0.35' (ECDSA) to the list of known hosts.
Warning: Permanently added '192.168.0.36' (ECDSA) to the list of known hosts.
Warning: Permanently added '192.168.0.38' (ECDSA) to the list of known hosts.
----- is restarting 0
---- dfs_name glusterfs is_dfs_client 0
[    0.000000] kernel: Linux version 5.15.0+ (tlyu@IC-RS3-DPC07) (gcc (Ubuntu 9.4.0-1ubuntu1~20.04.1) 9.4.0, GNU ld (GNU Binutils for Ubuntu) 2.34) #8 SMP Fri Jun 3 16:18:40 CEST 2022
[    0.000000] kernel: Command line: root=/dev/sda console=ttyS0 net.ifnames=0 ip=192.168.0.35 quiet nokaslr
[    0.000000] kernel: x86/fpu: Supporting XSAVE feature 0x001: 'x87 floating point registers'
[    0.000000] kernel: x86/fpu: Supporting XSAVE feature 0x002: 'SSE registers'
[    0.000000] kernel: x86/fpu: Supporting XSAVE feature 0x004: 'AVX registers'
[    0.000000] kernel: x86/fpu: Supporting XSAVE feature 0x020: 'AVX-512 opmask'
[    0.000000] kernel: x86/fpu: Supporting XSAVE feature 0x040: 'AVX-512 Hi256'
[    0.000000] kernel: x86/fpu: Supporting XSAVE feature 0x080: 'AVX-512 ZMM_Hi256'
[    0.000000] kernel: x86/fpu: Supporting XSAVE feature 0x200: 'Protection Keys User registers'
[    0.000000] kernel: x86/fpu: xstate_offset[2]:  576, xstate_sizes[2]:  256
[    0.000000] kernel: x86/fpu:unlink FIFO failed: No such file or directory
 xstate_offset[5]:  832, xstate_sizes[5]:   64
[    0.000000] kernel: x86/fpu: xstate_offset[6]:  896, xstate_sizes[6]:  512
[    0.000000] kernel: x86/fpu: xstate_offset[7]: 1408, xstate_sizes[7]: 1024
[    0.000000] kernel: x86/fpu: xstate_offset[9]: 2432, xstate_sizes[9]:    8
[    0.000000] kernel: x86/fpu: Enabled xstate features 0x2e7, context size is 2440 bytes, using 'compacted' format.
[    0.000000] kernel: signal: max sigframe size: 3632
[    0.000000] kernel: BIOS-provided physical RAM map:
[    0.000000] kernel: BIOS-e820: [mem 0x0000000000000000-0x000000000009fbff] usable
[    0.000000] kernel: BIOS-e820: [mem 0x000000000009fc00-0x000000000009ffff] reserved
[    0.000000] kernel: BIOS-e820: [mem 0x00000000000f0000-0x00000000000fffff] reserved
[    0.000000] kernel: BIOS-e820: [mem 0x0000000000100000-0x00000000bffdcfff] usable
[    0.000000] kernel: BIOS-e820: [mem 0x00000000bffdd000-0x00000000bfffffff] reserved
[    0.000000] kernel: BIOS-e820: [mem 0x00000000feffc000-0x00000000feffffff] reserved
[    0.000000] kernel: BIOS-e820: [mem 0x00000000fffc0000-0x00000000ffffffff] reserved
[    0.000000] kernel: BIOS-e820: [mem 0x0000000100000000-0x00000002bfffffff] usable
[    0.000000] kernel: NX (Execute Disable) protection: active
[    0.000000] kernel: SMBIOS 2.8 present.
[    0.000000] kernel: DMI: QEMU Standard PC (i440FX + PIIX, 1996), BIOS 1.13.0-1ubuntu1.1 04/01/2014
[    0.000000] kernel: Hypervisor detected: KVM
[    0.000000] kernel: kvm-clock: Using msrs 4b564d01 and 4b564d00
[    0.000000] kernel: kvm-clock: cpu 0, msr 5b58001, primary cpu clock
[    0.000002] kernel: kvm-clock: using sched offset of 461474587 cycles
[    0.000010] kernel: clocksource: kvm-clock: mask: 0xffffffffffffffff max_cycles: 0x1cd42e4dffb, max_idle_ns: 881590591483 ns
[    0.000024] kernel: tsc: Detected 2899.988 MHz processor
[    0.007330] kernel: e820: update [mem 0x00000000-0x00000fff] usable ==> reserved
[    0.007349] kernel: e820: remove [mem 0x000a0000-0x000fffff] usable
[    0.007368] kernel: last_pfn = 0x2c0000 max_arch_pfn = 0x10000000000
[    0.007435] kernel: x86/PAT: Configuration [0-7]: WB  WC  UC- UC  WB  WP  UC- WT  
[    0.007448] kernel: last_pfn = 0xbffdd max_arch_pfn = 0x10000000000
[    0.016790] kernel: found SMP MP-table at [mem 0x000f5c70-0x000f5c7f]
[    0.016987] kernel: Using GB pages for direct mapping
[    0.018270] kernel: ACPI: Early table checksum verification disabled
[    0.018287] kernel: ACPI: RSDP 0x00000000000F5A40 000014 (v00 BOCHS )
[    0.018311] kernel: ACPI: RSDT 0x00000000BFFE15C9 000030 (v01 BOCHS  BXPCRSDT 00000001 BXPC 00000001)
[    0.018340] kernel: ACPI: FACP 0x00000000BFFE149D 000074 (v01 BOCHS  BXPCFACP 00000001 BXPC 00000001)
[    0.018369] kernel: ACPI: DSDT 0x00000000BFFE0040 00145D (v01 BOCHS  BXPCDSDT 00000001 BXPC 00000001)
[    0.018392] kernel: ACPI: FACS 0x00000000BFFE0000 000040
[    0.018410] kernel: ACPI: APIC 0x00000000BFFE1511 000080 (v01 BOCHS  BXPCAPIC 00000001 BXPC 00000001)
[    0.018433] kernel: ACPI: HPET 0x00000000BFFE1591 000038 (v01 BOCHS  BXPCHPET 00000001 BXPC 00000001)
[    0.018454] kernel: ACPI: Reserving FACP table memory at [mem 0xbffe149d-0xbffe1510]
[    0.018464] kernel: ACPI: Reserving DSDT table memory at [mem 0xbffe0040-0xbffe149c]
[    0.018473] kernel: ACPI: Reserving FACS table memory at [mem 0xbffe0000-0xbffe003f]
[    0.018482] kernel: ACPI: Reserving APIC table memory at [mem 0xbffe1511-0xbffe1590]
[    0.018491] kernel: ACPI: Reserving HPET table memory at [mem 0xbffe1591-0xbffe15c8]
[    0.019408] kernel: No NUMA configuration found
[    0.019415] kernel: Faking a node at [mem 0x0000000000000000-0x00000002bfffffff]
[    0.019432] kernel: NODE_DATA(0) allocated [mem 0x2bfffa000-0x2bfffdfff]
[    0.019566] kernel: Zone ranges:
[    0.019570] kernel:   DMA      [mem 0x0000000000001000-0x0000000000ffffff]
[    0.019582] kernel:   DMA32    [mem 0x0000000001000000-0x00000000ffffffff]
[    0.019593] kernel:   Normal   [mem 0x0000000100000000-0x00000002bfffffff]
[    0.019603] kernel: Movable zone start for each node
[    0.019607] kernel: Early memory node ranges
[    0.019611] kernel:   node   0: [mem 0x0000000000001000-0x000000000009efff]
[    0.019620] kernel:   node   0: [mem 0x0000000000100000-0x00000000bffdcfff]
[    0.019629] kernel:   node   0: [mem 0x0000000100000000-0x00000002bfffffff]
[    0.019641] kernel: Initmem setup node 0 [mem 0x0000000000001000-0x00000002bfffffff]
[    0.020076] kernel: On node 0, zone DMA: 1 pages in unavailable ranges
[    0.020154] kernel: On node 0, zone DMA: 97 pages in unavailable ranges
[    0.118052] kernel: On node 0, zone Normal: 35 pages in unavailable ranges
[    0.535832] kernel: kasan: KernelAddressSanitizer initialized
[    0.536229] kernel: ACPI: PM-Timer IO Port: 0x608
[    0.536255] kernel: ACPI: LAPIC_NMI (acpi_id[0xff] dfl dfl lint[0x1])
[    0.536310] kernel: IOAPIC[0]: apic_id 0, version 17, address 0xfec00000, GSI 0-23
[    0.536327] kernel: ACPI: INT_SRC_OVR (bexecutor 0 finishes userspace_cover_open
before receiving handshake request
us 0 bus_irq 0 global_irq 2 dfl dfl)
[    0.536339] kernel: ACPI: INT_SRC_OVR (bus 0 bus_irq 5 global_irq 5 high level)
[    0.536349] kernel: ACPI: INT_SRC_OVR (bus 0 bus_irq 9 global_irq 9 high level)
[    0.536360] kernel: ACPI: INT_SRC_OVR (bus 0 bus_irq 10 global_irq 10 high level)
[    0.536371] kernel: ACPI: INT_SRC_OVR (bus 0 bus_irq 11 global_irq 11 high level)
[    0.536392] kernel: ACPI: Using ACPI (MADT) for SMP configuration information
[    0.536398] kernel: ACPI: HPET id: 0x8086a201 base: 0xfed00000
[    0.536411] kernel: TSC deadline timer available
[    0.536415] kernel: smpboot: Allowing 2 CPUs, 0 hotplug CPUs
[    0.536453] kernel: kvm-guest: KVM setup pv remote TLB flush
[    0.536461] kernel: kvm-guest: setup PV sched yield
[    0.536508] kernel: PM: hibernation: Registered nosave memory: [mem 0x00000000-0x00000fff]
[    0.536521] kernel: PM: hibernation: Registered nosave memory: [mem 0x0009f000-0x0009ffff]
[    0.536528] kernel: PM: hibernation: Registered nosave memory: [mem 0x000a0000-0x000effff]
[    0.536536] kernel: PM: hibernation: Registered nosave memory: [mem 0x000f0000-0x000fffff]
[    0.536548] kernel: PM: hibernation: Registered nosave memory: [mem 0xbffdd000-0xbfffffff]
[    0.536555] kernel: PM: hibernation: Registered nosave memory: [mem 0xc0000000-0xfeffbfff]
[    0.536563] kernel: PM: hibernation: Registered nosave memory: [mem 0xfeffc000-0xfeffffff]
[    0.536570] kernel: PM: hibernation: Registered nosave memory: [mem 0xff000000-0xfffbffff]
[    0.536578] kernel: PM: hibernation: Registered nosave memory: [mem 0xfffc0000-0xffffffff]
[    0.536588] kernel: [mem 0xc0000000-0xfeffbfff] available for PCI devices
[    0.536595] kernel: Booting paravirtualized kernel on KVM
[    0.536602] kernel: clocksource: refined-jiffies: mask: 0xffffffff max_cycles: 0xffffffff, max_idle_ns: 1910969940391419 ns
[    0.553411] kernel: setup_percpu: NR_CPUS:64 nr_cpumask_bits:64 nr_cpu_ids:2 nr_node_ids:1
[    0.554165] kernel: percpu: Embedded 56 pages/cpu s191576 r8192 d29608 u1048576
[    0.554205] kernel: pcpu-alloc: s191576 r8192 d29608 u1048576 alloc=1*2097152
[    0.554223] kernel: pcpu-alloc: [0] 0 1 
[    0.554329] kernel: kvm-guest: setup async PF for cpu 0
[    0.554340] kernel: kvm-guest: stealtime: cpu 0, msr 26501f140
[    0.554352] kernel: Built 1 zonelists, mobility grouping on.  Total pages: 2580189
[    0.554361] kernel: Policy zone: Normal
[    0.554367] kernel: Kernel command line: root=/dev/sda console=ttyS0 net.ifnames=0 ip=192.168.0.35 quiet nokaslr
[    0.554695] kernel: Unknown command line parameters: nokaslr
[    0.559603] kernel: Dentry cache hash table entries: 2097152 (order: 12, 16777216 bytes, linear)
[    0.563171] kernel: Inode-cache hash table entries: 1048576 (order: 11, 8388608 bytes, linear)
[    0.563325] kernel: mem auto-init: stack:off, heap alloc:off, heap free:off
[    0.828037] kernel: Memory: 8817340K/10485228K available (47117K kernel code, 10298K rwdata, 7204K rodata, 2068K init, 2860K bss, 1667688K reserved, 0K cma-reserved)
[    0.828299] kernel: SLUB: HWalign=64, Order=0-3, MinObjects=0, CPUs=2, Nodes=1
[    0.828974] kernel: rcu: Hierarchical RCU implementation.
[    0.828980] kernel: rcu:         RCU event tracing is enabled.
[    0.828984] kernel: rcu:         RCU restricting CPUs from NR_CPUS=64 to nr_cpu_ids=2.
[    0.828995] kernel: rcu: RCU calculated value of scheduler-enlistment delay is 100 jiffies.
[    0.829001] kernel: rcu: Adjusting geometry for rcu_fanout_leaf=16, nr_cpu_ids=2
[    0.838932] kernel: NR_IRQS: 4352, nr_irqs: 440, preallocated irqs: 16
[    0.839366] kernel: random: get_random_bytes called from start_kernel+0x22b/0x456 with crng_init=0
[    0.843621] kernel: Console: colour VGA+ 80x25
[    0.843788] kernel: printk: console [ttyS0] enabled
[    0.843872] kernel: ACPI: Core revision 20210730
[    0.844305] kernel: clocksource: hpet: mask: 0xffffffff max_cycles: 0xffffffff, max_idle_ns: 19112604467 ns
[    0.844552] kernel: APIC: Switch to symmetric I/O mode setup
[    0.844562] kernel: kvm-guest: setup PV IPIs
[    0.845920] kernel: ..TIMER: vector=0x30 apic1=0 pin1=2 apic2=-1 pin2=-1
[    0.845972] kernel: clocksource: tsc-early: mask: 0xffffffffffffffff max_cycles: 0x29cd37d08b9, max_idle_ns: 440795327070 ns
[    0.846005] kernel: Calibrating delay loop (skipped) preset value.. 5799.97 BogoMIPS (lpj=2899988)
[    0.846024] kernel: pid_max: default: 32768 minimum: 301
[    0.846168] kernel: LSM: Security Framework initializing
[    0.846225] kernel: SELinux:  Initializing.
[    0.846404] kernel: Mount-cache hash table entries: 32768 (order: 6, 262144 bytes, linear)
[    0.847007] kernel: Mountpoint-cache hash table entries: 32768 (order: 6, 262144 bytes, linear)
[    0.848530] kernel: x86/cpu: User Mode Instruction Prevention (UMIP) activated
[    0.848748] kernel: Last level iTLB entries: 4KB 0, 2MB 0, 4MB 0
[    0.848758] kernel: Last level dTLB entries: 4KB 0, 2MB 0, 4MB 0, 1GB 0
[    0.848791] kernel: Spectre V1 : Mitigation: usercopy/swapgs barriers and __user pointer sanitization
[    0.848807] kernel: Spectre V2 : Mitigation: Enhanced IBRS
[    0.848812] kernel: Spectre V2 : Spectre v2 / SpectreRSB mitigation: Filling RSB on context switch
[    0.848821] kernel: Spectre V2 : mitigation: Enabling conditional Indirect Branch Prediction Barrier
[    0.848832] kernel: Speculative Store Bypass: Mitigation: Speculative Store Bypass disabled via prctl and seccomp
[    0.848840] kernel: TAA: Mitigation: TSX disabled
[    0.874922] kernel: Freeing SMP alternatives memory: 40K
[    0.875189] kernel: smpboot: CPU0: Intel(R) Xeon(R) Platinum 8375C CPU @ 2.90GHz (family: 0x6, model: 0x6a, stepping: 0x6)
[    0.875459] kernel: Performance Events: Icelake events, 32-deep LBR, full-width counters, Intel PMU driver.
[    0.875605] kernel: ... version:                2
[    0.875611] kernel: ... bit width:              48
[    0.875616] kernel: ... generic registers:      8
[    0.875621] kernel: ... value mask:             0000ffffffffffff
[    0.875627] kernel: ... max period:             00007fffffffffff
[    0.875632] kernel: ... fixed-purpose events:   3
[    0.875637] kernel: ... event mask:             00000007000000ff
[    0.875863] kernel: rcu: Hierarchical SRCU implementation.
[    0.877424] kernel: smp: Bringing up secondary CPUs ...
[    0.878018] kernel: x86: Booting SMP configuration:
[    0.878025] kernel: .... node  #0, CPUs:      #1
[    0.006703] kernel: kvm-clock: cpu 1, msr 5b58041, secondary cpu clock
[    0.006703] kernel: smpboot: CPU 1 Converting physical 0 to logical die 1
[    0.880063] kernel: kvm-guest: setup async PF for cpu 1
[    0.880091] kernel: kvm-guest: stealtime: cpu 1, msr 26511f140
[    0.880129] kernel: smp: Brought up 1 node, 2 CPUs
[    0.880129] kernel: smpboot: Max logical packages: 2
[    0.880129] kernel: smpboot: Total of 2 processors activated (11599.95 BogoMIPS)
[    0.882344] kernel: devtmpfs: initialized
[    0.887409] kernel: clocksource: jiffies: mask: 0xffffffff max_cycles: 0xffffffff, max_idle_ns: 1911260446275000 ns
[    0.887427] kernel: futex hash table entries: 512 (order: 3, 32768 bytes, linear)
[    0.888192] kernel: PM: RTC time: 10:52:32, date: 2023-03-31
[    0.889005] kernel: NET: Registered PF_NETLINK/PF_ROUTE protocol family
[    0.889717] kernel: audit: initializing netlink subsys (disabled)
[    0.889778] kernel: audit: type=2000 audit(1680259952.983:1): state=initialized audit_enabled=0 res=1
[    0.890383] kernel: thermal_sys: Registered thermal governor 'step_wise'
[    0.890389] kernel: thermal_sys: Registered thermal governor 'user_space'
[    0.890459] kernel: cpuidle: using governor menu
[    0.890459] kernel: ACPI: bus type PCI registered
[    0.891112] kernel: PCI: Using configuration type 1 for base access
[    0.915389] kernel: Kprobes globally optimized
[    0.915458] kernel: HugeTLB registered 2.00 MiB page size, pre-allocated 0 pages
[    0.916109] kernel: cryptomgr_test (26) used greatest stack depth: 30608 bytes left
[    0.924033] kernel: ACPI: Added _OSI(Module Device)
[    0.924071] kernel: ACPI: Added _OSI(Processor Device)
[    0.924098] kernel: ACPI: Added _OSI(3.0 _SCP Extensions)
[    0.924126] kernel: ACPI: Added _OSI(Processor Aggregator Device)
[    0.924172] kernel: ACPI: Added _OSI(Linux-Dell-Video)
[    0.924214] kernel: ACPI: Added _OSI(Linux-Lenovo-NV-HDMI-Audio)
[    0.924257] kernel: ACPI: Added _OSI(Linux-HPI-Hybrid-Graphics)
[    0.959565] kernel: ACPI: 1 ACPI AML tables successfully acquired and loaded
[    0.964450] kernel: ACPI: Interpreter enabled
[    0.964630] kernel: ACPI: PM: (supports S0 S3 S4 S5)
[    0.964641] kernel: ACPI: Using IOAPIC for interrupt routing
[    0.965076] kernel: PCI: Using host bridge windows from ACPI; if necessary, use "pci=nocrs" and report a bug
[    0.966752] kernel: ACPI: Enabled 2 GPEs in block 00 to 0F
[    1.000068] kernel: ACPI: PCI Root Bridge [PCI0] (domain 0000 [bus 00-ff])
[    1.000106] kernel: acpi PNP0A03:00: _OSC: OS supports [ASPM ClockPM Segments MSI HPX-Type3]
[    1.000225] kernel: acpi PNP0A03:00: fail to add MMCONFIG information, can't access extended PCI configuration space under this bridge.
[    1.000558] kernel: PCI host bridge to bus 0000:00
[    1.000568] kernel: pci_bus 0000:00: root bus resource [io  0x0000-0x0cf7 window]
[    1.000584] kernel: pci_bus 0000:00: root bus resource [io  0x0d00-0xffff window]
[    1.000599] kernel: pci_bus 0000:00: root bus resource [mem 0x000a0000-0x000bffff window]
[    1.000615] kernel: pci_bus 0000:00: root bus resource [mem 0xc0000000-0xfebfffff window]
[    1.000630] kernel: pci_bus 0000:00: root bus resource [mem 0x2c0000000-0x33fffffff window]
[    1.000654] kernel: pci_bus 0000:00: root bus resource [bus 00-ff]
[    1.002791] kernel: pci 0000:00:00.0: [8086:1237] type 00 class 0x060000
[    1.005554] kernel: pci 0000:00:01.0: [8086:7000] type 00 class 0x060100
[    1.007267] kernel: pci 0000:00:01.1: [8086:7010----- is restarting 0
---- dfs_name glusterfs is_dfs_client 1
] type 00 class 0x010180
[    1.009419] kernel: pci 0000:00:01.1: reg 0x20: [io  0xc0c0-0xc0cf]
[    1.010798] kernel: pci 0000:00:01.1: legacy IDE quirk: reg 0x10: [io  0x01f0-0x01f7]
[    1.010814] kernel: pci 0000:00:01.1: legacy IDE quirk: reg 0x14: [io  0x03f6]
[    1.010825] kernel: pci 0000:00:01.1: legacy IDE quirk: reg 0x18: [io  0x0170-0x0177]
[    1.010837] kernel: pci 0000:00:01.1: legacy IDE quirk: reg 0x1c: [io  0x0376]
[    1.013252] kernel: pci 0000:00:01.3: [8086:7113] type 00 class 0x068000
[    1.013687] kernel: pci 0000:00:01.3: quirk: [io  0x0600-0x063f] claimed by PIIX4 ACPI
[    1.013719] kernel: pci 0000:00:01.3: quirk: [io  0x0700-0x070f] claimed by PIIX4 SMB
[    1.016192] kernel: pci 0000:00:02.0: [1234:1111] type 00 class 0x030000
[    1.017799] kernel: pci 0000:00:02.0: reg 0x10: [mem 0xfd000000-0xfdffffff pref]
[    1.020011] kernel: pci 0000:00:02.0: reg 0x18: [mem 0xfeb90000-0xfeb90fff]
[    1.023006] kernel: pci 0000:00:02.0: reg 0x30: [mem 0xfeb80000-0xfeb8ffff pref]
[    1.025289] kernel: pci 0000:00:03.0: [1af4:1005] type 00 class 0x00ff00
[    1.026001] kernel: pci 0000:00:03.0: reg 0x10: [io  0xc080-0xc09f]
[    1.030777] kernel: pci 0000:00:03.0: reg 0x20: [mem 0xfe200000-0xfe203fff 64bit pref]
[    1.036166] kernel: pci 0000:00:04.0: [1af4:1000] type 00 class 0x020000
[    1.037655] kernel: pci 0000:00:04.0: reg 0x10: [io  0xc0a0-0xc0bf]
[    1.038737] kernel: pci 0000:00:04.0: reg 0x14: [mem 0xfeb91000-0xfeb91fff]
[    1.042007] kernel: pci 0000:00:04.0: reg 0x20: [mem 0xfe204000-0xfe207fff 64bit pref]
[    1.043004] kernel: pci 0000:00:04.0: reg 0x30: [mem 0xfeb00000-0xfeb7ffff pref]
[    1.048220] kernel: pci 0000:00:05.0: [1af4:1001] type 00 class 0x010000
[    1.050010] kernel: pci 0000:00:05.0: reg 0x10: [io  0xc000-0xc07f]
[    1.052009] kernel: pci 0000:00:05.0: reg 0x14: [mem 0xfeb92000-0xfeb92fff]
[    1.057007] kernel: pci 0000:00:05.0: reg 0x20: [mem 0xfe208000-0xfe20bfff 64bit pref]
[    1.064484] kernel: pci 0000:00:10.0: [1af4:1110] type 00 class 0x050000
[    1.065915] kernel: pci 0000:00:10.0: reg 0x10: [mem 0xfeb93000-0xfeb930ff]
[    1.068802] kernel: pci 0000:00:10.0: reg 0x18: [mem 0xfe000000-0xfe0fffff 64bit pref]
[    1.077368] kernel: pci 0000:00:11.0: [1af4:1110] type 00 class 0x050000
[    1.078707] kernel: pci 0000:00:11.0: reg 0x10: [mem 0xfeb94000-0xfeb940ff]
[    1.080533] kernel: pci 0000:00:11.0: reg 0x18: [mem 0xfe20c000-0xfe20c3ff 64bit pref]
[    1.087479] kernel: pci 0000:00:12.0: [1af4:1110] type 00 class 0x050000
[    1.088499] kernel: pci 0000:00:12.0: reg 0x10: [mem 0xfeb95000-0xfeb950ff]
[    1.090478] kernel: pci 0000:00:12.0: reg 0x18: [mem 0xfe100000-0xfe1fffff 64bit pref]
[    1.099219] kernel: ACPI: PCI: Interrupt link LNKA configured for IRQ 10
[    1.100105] kernel: ACPI: PCI: Interrupt link LNKB configured for IRQ 10
[    1.100958] kernel: ACPI: PCI: Interrupt link LNKC configured for IRQ 11
[    1.101813] kernel: ACPI: PCI: Interrupt link LNKD configured for IRQ 11
[    1.102338] kernel: ACPI: PCI: Interrupt link LNKS configured for IRQ 9
[    1.104188] kernel: iommu: Default domain type: Translated 
[    1.104199] kernel: iommu: DMA domain TLB invalidation policy: lazy mode 
[    1.104310] kernel: pci 0000:00:02.0: vgaarb: setting as boot VGA device
[    1.104310] kernel: pci 0000:00:02.0: vgaarb: VGA device added: decodes=io+mem,owns=io+mem,locks=none
[    1.104310] kernel: pci 0000:00:02.0: vgaarb: bridge control possible
[    1.104310] kernel: vgaarb: loaded
[    1.105093] kernel: SCSI subsystem initialized
[    1.105183] kernel: libata version 3.00 loaded.
[    1.105299] kernel: ACPI: bus type USB registered
[    1.105436] kernel: usbcore: registered new interface driver usbfs
[    1.105512] kernel: usbcore: registered new interface driver hub
[    1.105566] kernel: usbcore: registered new device driver usb
[    1.105710] kernel: pps_core: LinuxPPS API ver. 1 registered
[    1.105718] kernel: pps_core: Software ver. 5.3.6 - Copyright 2005-2007 Rodolfo Giometti <giometti@linux.it>
[    1.105752] kernel: PTP clock support registered
[    1.106212] kernel: Advanced Linux Sound Architecture Driver Initialized.
[    1.107435] kernel: NetLabel: Initializing
[    1.107444] kernel: NetLabel:  domain hash size = 128
[    1.107454] kernel: NetLabel:  protocols = UNLABELED CIPSOv4 CALIPSO
[    1.107637] kernel: NetLabel:  unlabeled traffic allowed by default
[    1.107792] kernel: PCI: Using ACPI for IRQ routing
[    1.108001] kernel: PCI: pci_cache_line_size set to 64 bytes
[    1.108195] kernel: e820: reserve RAM buffer [mem 0x0009fc00-0x0009ffff]
[    1.108216] kernel: e820: reserve RAM buffer [mem 0xbffdd000-0xbfffffff]
[    1.108522] kernel: hpet0: at MMIO 0xfed00000, IRQs 2, 8, 0
[    1.108555] kernel: hpet0: 3 comparators, 64-bit 100.000000 MHz counter
[    1.112168] kernel: clocksource: Switched to clocksource kvm-clock
[    1.269056] kernel: VFS: Disk quotas dquot_6.6.0
[    1.269132] kernel: VFS: Dquot-cache hash table entries: 512 (order 0, 4096 bytes)
[    1.269436] kernel: pnp: PnP ACPI init
[    1.270274] kernel: pnp 00:03: [dma 2]
[    1.273174] kernel: pnp: PnP ACPI: found 6 devices
[    1.287781] kernel: clocksource: acpi_pm: mask: 0xffffff max_cycles: 0xffffff, max_idle_ns: 2085701024 ns
[    1.287894] kernel: NET: Registered PF_INET protocol family
[    1.288548] kernel: IP idents hash table entries: 262144 (order: 9, 2097152 bytes, linear)
[    1.291675] kernel: tcp_listen_portaddr_hash hash table entries: 8192 (order: 5, 131072 bytes, linear)
[    1.292398] kernel: TCP established hash table entries: 131072 (order: 8, 1048576 bytes, linear)
[    1.293338] kernel: TCP bind hash table entries: 65536 (order: 8, 1048576 bytes, linear)
[    1.294414] kernel: TCP: Hash tables configured (established 131072 bind 65536)
[    1.294515] kernel: UDP hash table entries: 8192 (order: 6, 262144 bytes, linear)
[    1.294667] kernel: UDP-Lite hash table entries: 8192 (order: 6, 262144 bytes, li----- is restarting 0
---- dfs_name glusterfs is_dfs_client 0
near)
[    1.294955] kernel: NET: Registered PF_UNIX/PF_LOCAL protocol family
[    1.296207] kernel: pci_bus 0000:00: resource 4 [io  0x0000-0x0cf7 window]
[    1.296232] kernel: pci_bus 0000:00: resource 5 [io  0x0d00-0xffff window]
[    1.296249] kernel: pci_bus 0000:00: resource 6 [mem 0x000a0000-0x000bffff window]
[    1.296271] kernel: pci_bus 0000:00: resource 7 [mem 0xc0000000-0xfebfffff window]
[    1.296291] kernel: pci_bus 0000:00: resource 8 [mem 0x2c0000000-0x33fffffff window]
[    1.296654] kernel: pci 0000:00:01.0: PIIX3: Enabling Passive Release
[    1.296685] kernel: pci 0000:00:00.0: Limiting direct PCI/PCI transfers
[    1.296732] kernel: pci 0000:00:01.0: Activating ISA DMA hang workarounds
[    1.296887] kernel: pci 0000:00:02.0: Video device with shadowed ROM at [mem 0x000c0000-0x000dffff]
[    1.297111] kernel: PCI: CLS 0 bytes, default 64
[    1.297153] kernel: PCI-DMA: Using software bounce buffering for IO (SWIOTLB)
[    1.297160] kernel: software IO TLB: mappbefore receiving handshake request
ed [mem 0x00000000bbfdd000-0x00000000bffdd000] (64MB)
[    1.297588] kernel: RAPL PMU: API unit is 2^-32 Joules, 0 fixed counters, 10737418240 ms ovfl timer
[    1.297622] kernel: clocksource: tsc: mask: 0xffffffffffffffff max_cycles: 0x29cd37d08b9, max_idle_ns: 440795327070 ns
[    1.297666] kernel: clocksource: Switched to clocksource tsc
[    1.303048] kernel: Initialise system trusted keyrings
[    1.303237] kernel: workingset: timestamp_bits=56 max_order=22 bucket_order=0
[    1.323483] kernel: fuse: init (API version 7.34)
[    1.338120] kernel: Key type asymmetric registered
[    1.338133] kernel: Asymmetric key parser 'x509' registered
[    1.338202] kernel: cryptomgr_test (54) used greatest stack depth: 30544 bytes left
[    1.338428] kernel: Block layer SCSI generic (bsg) driver version 0.4 loaded (major 251)
[    1.338440] kernel: io scheduler mq-deadline registered
[    1.338449] kernel: io scheduler kyber registered
[    1.340314] kernel: input: Power Button as /devices/L----- is restarting 0
---- dfs_name glusterfs is_dfs_client 0
[    0.000000] kernel: Linux version 5.15.0+ (tlyu@IC-RS3-DPC07) (gcc (Ubuntu 9.4.0-1ubuntu1~20.04.1) 9.4.0, GNU ld (GNU Binutils for Ubuntu) 2.34) #8 SMP Fri Jun 3 16:18:40 CEST 2022
[    0.000000] kernel: Command line: root=/dev/sda console=ttyS0 net.ifnames=0 ip=192.168.0.38 quiet nokaslr
[    0.000000] kernel: x86/fpu: Supporting XSAVE feature 0x001: 'x87 floating point registers'
[    0.000000] kernel: x86/fpu: Supporting XSAVE feature 0x002: 'SSE registers'
[    0.000000] kernel: x86/fpu: Supporting XSAVE feature 0x004: 'AVX registers'
[    0.000000] kernel: x86/fpu: Supporting XSAVE feature 0x020: 'AVX-512 opmask'
[    0.000000] kernel: x86/fpu: Supporting XSAVE feature 0x040: 'AVX-512 Hi256'
[    0.000000] kernel: x86/fpu: Supporting XSAVE feature 0x080: 'AVX-512 ZMM_Hi256'
[    0.000000] kernel: x86/fpu: Supporting XSAVE feature 0x200: 'Protection Keys User registers'
[    0.000000] kernel: x86/fpu: xstate_offset[2]:  576, xstate_sizes[2]:  256
[    0.000000] kernel: x86/fpu:NXSYSTM:00/LNXPWRBN:00/input/input0
[    1.340709] kernel: ACPI: button: Power Button [PWRF]
[    2.310647] kernel: ACPI: \_SB_.LNKC: Enabled at IRQ 11
[    3.261448] kernel: ACPI: \_SB_.LNKD: Enabled at IRQ 10
[    4.281360] kernel: ACPI: \_SB_.LNKA: Enabled at IRQ 10
[    4.283353] kernel: Serial: 8250/16550 driver, 4 ports, IRQ sharing enabled
[    4.283570] kernel: 00:05: ttyS0 at I/O 0x3f8 (irq = 4, base_baud = 115200) is a 16550A
[    4.287664] kernel: Non-volatile memory driver v1.3
[    4.287891] kernel: Linux agpgart interface v0.103
[    4.307421] kernel: loop: module loaded
[    4.309041] kernel: virtio_blk virtio2: [vda] 1024000 512-byte logical blocks (524 MB/500 MiB)
[    4.314086] kernel: ata_piix 0000:00:01.1: version 2.13
[    4.317579] kernel: scsi host0: ata_piix
[    4.318756] kernel: scsi host1: ata_piix
[    4.319205] kernel: ata1: PATA max MWDMA2 cmd 0x1f0 ctl 0x3f6 bmdma 0xc0c0 irq 14
[    4.319225] kernel: ata2: PATA max MWDMA2 cmd 0x170 ctl 0x376 bmdma 0xc0c8 irq 15
[    4.320718] kernel: libphy: Fixed MDIO Bus: probed
[    4.324840] kernel: e100: Intel(R) PRO/100 Network Driver
[    4.324848] kernel: e100: Copyright(c) 1999-2006 Intel Corporation
[    4.324904] kernel: e1000: Intel(R) PRO/1000 Network Driver
[    4.324910] kernel: e1000: Copyright (c) 1999-2006 Intel Corporation.
[    4.324981] kernel: e1000e: Intel(R) PRO/1000 Network Driver
[    4.324985] kernel: e1000e: Copyright(c) 1999 - 2015 Intel Corporation.
[    4.325088] kernel: sky2: driver version 1.30
[    4.325709] kernel: ehci_hcd: USB 2.0 'Enhanced' Host Controller (EHCI) Driver
[    4.325717] kernel: ehci-pci: EHCI PCI platform driver
[    4.325763] kernel: ohci_hcd: USB 1.1 'Open' Host Controller (OHCI) Driver
[    4.325778] kernel: ohci-pci: OHCI PCI platform driver
[    4.325823] kernel: uhci_hcd: USB Universal Host Controller Interface driver
[    4.326107] kernel: usbcore: registered new interface driver usblp
[    4.326163] kernel: usbcore: registered new interface xstate_offset[5]:  832, xstate_sizes[5]:   64
[    0.000000] kernel: x86/fpu: xstate_offset[6]:  896, xstate_sizes[6]:  512
[    0.000000] kernel: x86/fpu: xstate_offset[7]: 1408, xstate_sizes[7]: 1024
[    0.000000] kernel: x86/fpu: xstate_offset[9]: 2432, xstate_sizes[9]:    8
[    0.000000] kernel: x86/fpu: Enabled xstate features 0x2e7, context size is 2440 bytes, using 'compacted' format.
[    0.000000] kernel: signal: max sigframe size: 3632
[    0.000000] kernel: BIOS-provided physical RAM map:
[    0.000000] kernel: BIOS-e820: [mem 0x0000000000000000-0x000000000009fbff] usable
[    0.000000] kernel: BIOS-e820: [mem 0x000000000009fc00-0x000000000009ffff] reserved
[    0.000000] kernel: BIOS-e820: [mem 0x00000000000f0000-0x00000000000fffff] reserved
[    0.000000] kernel: BIOS-e820: [mem 0x0000000000100000-0x00000000bffdffff] usable
[    0.000000] kernel: BIOS-e820: [mem 0x00000000bffe0000-0x00000000bfffffff] reserved
[    0.000000] kernel: BIOS-e820: [mem 0x00000000feffc000-0x driver usb-storage
[    4.326307] kernel: i8042: PNP: PS/2 Controller [PNP0303:KBD,PNP0f13:MOU] at 0x60,0x64 irq 1,12
[    4.326933] kernel: serio: i8042 KBD port at 0x60,0x64 irq 1
[    4.326953] kernel: serio: i8042 AUX port at 0x60,0x64 irq 12
[    4.327821] kernel: rtc_cmos 00:00: RTC can wake from S4
[    4.328445] kernel: input: AT Translated Set 2 keyboard as /devices/platform/i8042/serio0/input/input1
[    4.330613] kernel: rtc_cmos 00:00: registered as rtc0
[    4.330706] kernel: rtc_cmos 00:00: alarms up to one day, y3k, 114 bytes nvram, hpet irqs
[    4.331628] kernel: device-mapper: ioctl: 4.45.0-ioctl (2021-03-22) initialised: dm-devel@redhat.com
[    4.331646] kernel: intel_pstate: CPU model not supported
[    4.331785] kernel: hid: raw HID events driver (C) Jiri Kosina
[    4.332636] kernel: usbcore: registered new interface driver usbhid
[    4.332644] kernel: usbhid: USB HID core driver
[    4.333453] kernel: netem: version 1.3
[    4.337215] kernel: Initializing XFRunlink FIFO failed: No such file or directory
[    0.000000] kernel: Linux version 5.15.0+ (tlyu@IC-RS3-DPC07) (gcc (Ubuntu 9.4.0-1ubuntu1~20.04.1) 9.4.0, GNU ld (GNU Binutils for Ubuntu) 2.34) #8 SMP Fri Jun 3 16:18:40 CEST 2022
[    0.000000] kernel: Command line: root=/dev/sda console=ttyS0 net.ifnames=0 ip=192.168.0.36 quiet nokaslr
[    0.000000] kernel: x86/fpu: Supporting XSAVE feature 0x001: 'x87 floating point registers'
[    0.000000] kernel: x86/fpu: Supporting XSAVE feature 0x002: 'SSE registers'
[    0.000000] kernel: x86/fpu: Supporting XSAVE feature 0x004: 'AVX registers'
[    0.000000] kernel: x86/fpu: Supporting XSAVE feature 0x020: 'AVX-512 opmask'
[    0.000000] kernel: x86/fpu: Supporting XSAVE feature 0x040: 'AVX-512 Hi256'
[    0.000000] kernel: x86/fpu: Supporting XSAVE feature 0x080: 'AVX-512 ZMM_Hi256'
[    0.000000] kernel: x86/fpu: Supporting XSAVE feature 0x200: 'Protection Keys User registers'
[    0.000000] kernel: x86/fpu: xstate_offset[2]:  576, xstate_sizes[2]:  256
[    0.000000] kernel: x86/fpu:00000000feffffff] reserved
[    0.000000] kernel: BIOS-e820: [mem 0x00000000fffc0000-0x00000000ffffffff] reserved
[    0.000000] kernel: BIOS-e820: [mem 0x0000000100000000-0x00000002bfffffff] usable
[    0.000000] kernel: NX (Execute Disable) protection: active
[    0.000000] kernel: SMBIOS 2.8 present.
[    0.000000] kernel: DMI: QEMU Standard PC (i440FX + PIIX, 1996), BIOS 1.13.0-1ubuntu1.1 04/01/2014
[    0.000000] kernel: Hypervisor detected: KVM
[    0.000000] kernel: kvm-clock: Using msrs 4b564d01 and 4b564d00
[    0.000000] kernel: kvm-clock: cpu 0, msr 5b58001, primary cpu clock
[    0.000002] kernel: kvm-clock: using sched offset of 485843002 cycles
[    0.000010] kernel: clocksource: kvm-clock: mask: 0xffffffffffffffff max_cycles: 0x1cd42e4dffb, max_idle_ns: 881590591483 ns
[    0.000024] kernel: tsc: Detected 2899.988 MHz processor
[    0.006685] kernel: e820: update [mem 0x00000000-0x00000fff] usable ==> reserved
[    0.006703] kernel: e820: remove [mem 0x000a0000-0x000fffM netlink socket
[    4.338372] kernel: NET: Registered PF_INET6 protocol family
[    4.339452] kernel: Segment Routing with IPv6
[    4.339486] kernel: In-situ OAM (IOAM) with IPv6
[    4.339674] kernel: sit: IPv6, IPv4 and MPLS over IPv4 tunneling driver
[    4.340293] kernel: NET: Registered PF_PACKET protocol family
[    4.340433] kernel: 9pnet: Installing 9P2000 support
[    4.340485] kernel: Key type dns_resolver registered
[    4.340505] kernel: Key type ceph registered
[    4.341328] kernel: libceph: loaded (mon/osd proto 15/24)
[    4.342023] kernel: IPI shorthand broadcast: enabled
[    4.342078] kernel: sched_clock: Marking stable (4336296323, 5703333)->(4391175382, -49175726)
[    4.342540] kernel: registered taskstats version 1
[    4.342547] kernel: Loading compiled-in X.509 certificates
[    4.344735] kernel: PM:   Magic number: 15:709:882
[    4.344834] kernel: printk: console [netcon0] enabled
[    4.344842] kernel: netconsole: network logging started
[    4.477833] k xstate_offset[5]:  832, xstate_sizes[5]:   64
[    0.000000] kernel: x86/fpu: xstate_offset[6]:  896, xstate_sizes[6]:  512
[    0.000000] kernel: x86/fpu: xstate_offset[7]: 1408, xstate_sizes[7]: 1024
[    0.000000] kernel: x86/fpu: xstate_offset[9]: 2432, xstate_sizes[9]:    8
[    0.000000] kernel: x86/fpu: Enabled xstate features 0x2e7, context size is 2440 bytes, using 'compacted' format.
[    0.000000] kernel: signal: max sigframe size: 3632
[    0.000000] kernel: BIOS-provided physical RAM map:
[    0.000000] kernel: BIOS-e820: [mem 0x0000000000000000-0x000000000009fbff] usable
[    0.000000] kernel: BIOS-e820: [mem 0x000000000009fc00-0x000000000009ffff] reserved
[    0.000000] kernel: BIOS-e820: [mem 0x00000000000f0000-0x00000000000fffff] reserved
[    0.000000] kernel: BIOS-e820: [mem 0x0000000000100000-0x00000000bffdcfff] usable
[    0.000000] kernel: BIOS-e820: [mem 0x00000000bffdd000-0x00000000bfffffff] reserved
[    0.000000] kernel: BIOS-e820: [mem 0x00000000feffc000-0xernel: ata2.01: NODEV after polling detection
[    4.478159] kernel: ata1.01: NODEV after polling detection
[    4.478526] kernel: ata2.00: ATAPI: QEMU DVD-ROM, 2.5+, max UDMA/100
[    4.478970] kernel: ata1.00: ATA-7: QEMU HARDDISK, 2.5+, max UDMA/100
[    4.479054] kernel: ata1.00: 88078336 sectors, multi 16: LBA48 
[    4.481231] kernel: scsi 0:0:0:0: Direct-Access     ATA      QEMU HARDDISK    2.5+ PQ: 0 ANSI: 5
[    4.483348] kernel: sd 0:0:0:0: [sda] 88078336 512-byte logical blocks: (45.1 GB/42.0 GiB)
[    4.483358] kernel: sd 0:0:0:0: Attached scsi generic sg0 type 0
[    4.483411] kernel: sd 0:0:0:0: [sda] Write Protect is off
[    4.483438] kernel: sd 0:0:0:0: [sda] Mode Sense: 00 3a 00 00
[    4.483524] kernel: sd 0:0:0:0: [sda] Write cache: enabled, read cache: enabled, doesn't support DPO or FUA
[    4.484939] kernel: scsi 1:0:0:0: CD-ROM            QEMU     QEMU DVD-ROM     2.5+ PQ: 0 ANSI: 5
[    4.489709] kernel: sd 0:0:0:0: [sda] Attached SCSI disk
[    4.507397] kern00000000feffffff] reserved
[    0.000000] kernel: BIOS-e820: [mem 0x00000000fffc0000-0x00000000ffffffff] reserved
[    0.000000] kernel: BIOS-e820: [mem 0x0000000100000000-0x00000002bfffffff] usable
[    0.000000] kernel: NX (Execute Disable) protection: active
[    0.000000] kernel: SMBIOS 2.8 present.
[    0.000000] kernel: DMI: QEMU Standard PC (i440FX + PIIX, 1996), BIOS 1.13.0-1ubuntu1.1 04/01/2014
[    0.000000] kernel: Hypervisor detected: KVM
[    0.000000] kernel: kvm-clock: Using msrs 4b564d01 and 4b564d00
[    0.000000] kernel: kvm-clock: cpu 0, msr 5b58001, primary cpu clock
[    0.000002] kernel: kvm-clock: using sched offset of 511372054 cycles
[    0.000010] kernel: clocksource: kvm-clock: mask: 0xffffffffffffffff max_cycles: 0x1cd42e4dffb, max_idle_ns: 881590591483 ns
[    0.000023] kernel: tsc: Detected 2899.988 MHz processor
[    0.007376] kernel: e820: update [mem 0x00000000-0x00000fff] usable ==> reserved
[    0.007401] kernel: e820: remove [mem 0x000a0000-0x000fffff] usable
[    0.006721] kernel: last_pfn = 0x2c0000 max_arch_pfn = 0x10000000000
[    0.006785] kernel: x86/PAT: Configuration [0-7]: WB  WC  UC- UC  WB  WP  UC- WT  
[    0.006797] kernel: last_pfn = 0xbffe0 max_arch_pfn = 0x10000000000
[    0.015375] kernel: found SMP MP-table at [mem 0x000f5c80-0x000f5c8f]
[    0.015490] kernel: Using GB pages for direct mapping
[    0.016690] kernel: ACPI: Early table checksum verification disabled
[    0.016706] kernel: ACPI: RSDP 0x00000000000F5A50 000014 (v00 BOCHS )
[    0.016730] kernel: ACPI: RSDT 0x00000000BFFE15C9 000030 (v01 BOCHS  BXPCRSDT 00000001 BXPC 00000001)
[    0.016757] kernel: ACPI: FACP 0x00000000BFFE149D 000074 (v01 BOCHS  BXPCFACP 00000001 BXPC 00000001)
[    0.016787] kernel: ACPI: DSDT 0x00000000BFFE0040 00145D (v01 BOCHS  BXPCDSDT 00000001 BXPC 00000001)
[    0.016810] kernel: ACPI: FACS 0x00000000BFFE0000 000040
[    0.016828] kernel: ACPI: APIC 0x00000000BFFE1511 000080 (v01 BOCHS  BXPCAPIC 00000001 BXPC 00000001)
[   el: sr 1:0:0:0: [sr0] scsi3-mmc drive: 4x/4x cd/rw xa/form2 tray
[    4.507453] kernel: cdrom: Uniform CD-ROM driver Revision: 3.20
[    4.529136] kernel: sr 1:0:0:0: Attached scsi CD-ROM sr0
[    4.530537] kernel: sr 1:0:0:0: Attached scsi generic sg1 type 5
[    4.951302] kernel: input: ImExPS/2 Generic Explorer Mouse as /devices/platform/i8042/serio1/input/input3
[    4.967201] kernel: IP-Config: Guessing netmask 255.255.255.0
[    4.967230] kernel: IP-Config: Complete:
[    4.967240] kernel:      device=eth0, hwaddr=e6:c8:ff:09:76:23, ipaddr=192.168.0.35, mask=255.255.255.0, gw=255.255.255.255
[    4.967307] kernel:      host=192.168.0.35, domain=, nis-domain=(none)
[    4.967329] kernel:      bootserver=255.255.255.255, rootserver=255.255.255.255, rootpath=
[    4.967956] kernel: cfg80211: Loading compiled-in X.509 certificates for regulatory database
[    4.969728] kernel: kworker/u4:1 (69) used greatest stack depth: 28680 bytes left
[    4.974658] kernel: cfg80211: Loaded X.509fsync test_dir /root/req 5
 0.016851] kernel: ACPI: HPET 0x00000000BFFE1591 000038 (v01 BOCHS  BXPCHPET 00000001 BXPC 00000001)
[    0.016872] kernel: ACPI: Reserving FACP table memory at [mem 0xbffe149d-0xbffe1510]
[    0.016882] kernel: ACPI: Reserving DSDT table memory at [mem 0xbffe0040-0xbffe149c]
[    0.016891] kernel: ACPI: Reserving FACS table memory at [mem 0xbffe0000-0xbffe003f]
[    0.016900] kernel: ACPI: Reserving APIC table memory at [mem 0xbffe1511-0xbffe1590]
[    0.016908] kernel: ACPI: Reserving HPET table memory at [mem 0xbffe1591-0xbffe15c8]
[    0.017823] kernel: No NUMA configuration found
[    0.017829] kernel: Faking a node at [mem 0x0000000000000000-0x00000002bfffffff]
[    0.017846] kernel: NODE_DATA(0) allocated [mem 0x2bfffa000-0x2bfffdfff]
[    0.017980] kernel: Zone ranges:
[    0.017984] kernel:   DMA      [mem 0x0000000000001000-0x0000000000ffffff]
[    0.017996] kernel:   DMA32    [mem 0x0000000001000000-0x00000000ffffffff]
[    0.018007] kernel:   Normal   [mem 0x00000001000000req.flags ea2
ff] usable
[    0.007421] kernel: last_pfn = 0x2c0000 max_arch_pfn = 0x10000000000
[    0.007489] kernel: x86/PAT: Configuration [0-7]: WB  WC  UC- UC  WB  WP  UC- WT  
[    0.007502] kernel: last_pfn = 0xbffdd max_arch_pfn = 0x10000000000
[    0.016147] kernel: found SMP MP-table at [mem 0x000f5c70-0x000f5c7f]
[    0.016269] kernel: Using GB pages for direct mapping
[    0.017461] kernel: ACPI: Early table checksum verification disabled
[    0.017478] kernel: ACPI: RSDP 0x00000000000F5A40 000014 (v00 BOCHS )
[    0.017501] kernel: ACPI: RSDT 0x00000000BFFE15C9 000030 (v01 BOCHS  BXPCRSDT 00000001 BXPC 00000001)
[    0.017529] kernel: ACPI: FACP 0x00000000BFFE149D 000074 (v01 BOCHS  BXPCFACP 00000001 BXPC 00000001)
[    0.017558] kernel: ACPI: DSDT 0x00000000BFFE0040 00145D (v01 BOCHS  BXPCDSDT 00000001 BXPC 00000001)
[    0.017582] kernel: ACPI: FACS 0x00000000BFFE0000 000040
[    0.017599] kernel: ACPI: APIC 0x00000000BFFE1511 000080 (v01 BOCHS  BXPCAPIC 00000001 BXPC 00000001)
[    cert 'sforshee: 00b28ddf47aef9cea7'
[    4.974710] kernel: ALSA device list:
[    4.974722] kernel:   No soundcards found.
[    4.975455] kernel: md: Waiting for all devices to be available before autodetect
[    4.975473] kernel: md: If you don't use raid, use raid=noautodetect
[    4.975490] kernel: md: Autodetecting RAID arrays.
[    4.975506] kernel: md: autorun ...
[    4.975520] kernel: md: ... autorun DONE.
[    4.976662] kernel: platform regulatory.0: Direct firmware load for regulatory.db failed with error -2
[    4.976708] kernel: cfg80211: failed to load regulatory.db
[    5.002342] kernel: EXT4-fs (sda): mounted filesystem with ordered data mode. Opts: (null). Quota mode: none.
[    5.002430] kernel: VFS: Mounted root (ext4 filesystem) readonly on device 8:0.
[    5.003355] kernel: devtmpfs: mounted
[    5.004788] kernel: Freeing unused kernel image (initmem) memory: 2068K
