2023/03/25 02:20:55 fuzzer started
2023/03/25 02:20:56 dialing manager at localhost:40537
2023/03/25 02:20:56 syscalls: 130
2023/03/25 02:20:56 code coverage: enabled
2023/03/25 02:20:56 comparison tracing: enabled
2023/03/25 02:20:56 extra coverage: enabled
2023/03/25 02:20:56 setuid sandbox: enabled
2023/03/25 02:20:56 namespace sandbox: /proc/self/ns/user does not exist
2023/03/25 02:20:56 Android sandbox: /sys/fs/selinux/policy can't be opened (open /sys/fs/selinux/policy: invalid argument)
2023/03/25 02:20:56 fault injection: CONFIG_FAULT_INJECTION_DEBUG_FS or CONFIG_FAILSLAB are not enabled
2023/03/25 02:20:56 leak checking: CONFIG_DEBUG_KMEMLEAK is not enabled
2023/03/25 02:20:56 net packet injection: /dev/net/tun does not exist
2023/03/25 02:20:56 net device setup: enabled
2023/03/25 02:20:56 concurrency sanitizer: /sys/kernel/debug/kcsan does not exist
2023/03/25 02:20:56 devlink PCI setup: enabled
2023/03/25 02:20:56 USB emulation: /dev/raw-gadget does not exist
2023/03/25 02:20:56 hci packet injection: /dev/vhci does not exist
2023/03/25 02:20:56 wifi device emulation: /sys/class/mac80211_hwsim/ does not exist
2023/03/25 02:20:56 802.15.4 emulation: /sys/bus/platform/devices/mac802154_hwsim does not exist
2023/03/25 02:20:56 deserializeInput: hasCrash true hasNet false
2023/03/25 02:20:56 prog length: 6
2023/03/25 02:20:56 prog length: 9
2023/03/25 02:20:56 deserializeInput: hasCrash true hasNet false
2023/03/25 02:20:56 prog length: 6
2023/03/25 02:20:56 prog length: 22
2023/03/25 02:20:56 deserializeInput: hasCrash true hasNet false
2023/03/25 02:20:56 prog length: 6
2023/03/25 02:20:56 prog length: 22
2023/03/25 02:20:56 deserializeInput: hasCrash true hasNet false
2023/03/25 02:20:56 prog length: 6
2023/03/25 02:20:56 prog length: 17
2023/03/25 02:20:56 deserializeInput: hasCrash true hasNet false
2023/03/25 02:20:56 prog length: 6
2023/03/25 02:20:56 prog length: 19
2023/03/25 02:20:56 deserializeInput: hasCrash true hasNet false
2023/03/25 02:20:56 prog length: 6
2023/03/25 02:20:56 prog length: 17
2023/03/25 02:20:56 deserializeInput: hasCrash true hasNet false
2023/03/25 02:20:56 prog length: 6
2023/03/25 02:20:56 prog length: 17
2023/03/25 02:20:56 deserializeInput: hasCrash true hasNet true
2023/03/25 02:20:56 prog length: 6
2023/03/25 02:20:56 prog length: 6
2023/03/25 02:20:56 prog length: 6
2023/03/25 02:20:56 prog length: 7
2023/03/25 02:20:56 deserializeInput: hasCrash true hasNet false
2023/03/25 02:20:56 prog length: 6
2023/03/25 02:20:56 prog length: 22
2023/03/25 02:20:56 deserializeInput: hasCrash true hasNet false
2023/03/25 02:20:56 prog length: 6
2023/03/25 02:20:56 prog length: 22
2023/03/25 02:20:56 deserializeInput: hasCrash true hasNet false
2023/03/25 02:20:56 prog length: 6
2023/03/25 02:20:56 prog length: 6
2023/03/25 02:20:56 deserializeInput: hasCrash true hasNet false
2023/03/25 02:20:56 prog length: 6
2023/03/25 02:20:56 prog length: 17
2023/03/25 02:20:56 deserializeInput: hasCrash true hasNet false
2023/03/25 02:20:56 prog length: 6
2023/03/25 02:20:56 prog length: 19
2023/03/25 02:20:56 deserializeInput: hasCrash true hasNet false
2023/03/25 02:20:56 prog length: 6
2023/03/25 02:20:56 prog length: 22
2023/03/25 02:20:56 deserializeInput: hasCrash true hasNet false
2023/03/25 02:20:56 prog length: 6
2023/03/25 02:20:56 prog length: 13
2023/03/25 02:20:56 deserializeInput: hasCrash true hasNet false
2023/03/25 02:20:56 prog length: 6
2023/03/25 02:20:56 prog length: 8
2023/03/25 02:20:56 deserializeInput: hasCrash true hasNet false
2023/03/25 02:20:56 prog length: 6
2023/03/25 02:20:56 prog length: 4
2023/03/25 02:20:56 deserializeInput: hasCrash true hasNet false
2023/03/25 02:20:56 prog length: 6
2023/03/25 02:20:56 prog length: 17
2023/03/25 02:20:56 deserializeInput: hasCrash true hasNet false
2023/03/25 02:20:56 prog length: 6
2023/03/25 02:20:56 prog length: 17
2023/03/25 02:20:56 deserializeInput: hasCrash true hasNet false
2023/03/25 02:20:56 prog length: 6
2023/03/25 02:20:56 prog length: 17
2023/03/25 02:20:56 deserializeInput: hasCrash true hasNet false
2023/03/25 02:20:56 prog length: 6
2023/03/25 02:20:56 prog length: 17
2023/03/25 02:20:56 deserializeInput: hasCrash true hasNet false
2023/03/25 02:20:56 prog length: 6
2023/03/25 02:20:56 prog length: 20
2023/03/25 02:20:56 deserializeInput: hasCrash false hasNet false
2023/03/25 02:20:56 prog length: 19
2023/03/25 02:20:56 deserializeInput: hasCrash true hasNet false
2023/03/25 02:20:56 prog length: 6
2023/03/25 02:20:56 prog length: 22
2023/03/25 02:20:56 deserializeInput: hasCrash true hasNet false
2023/03/25 02:20:56 prog length: 6
2023/03/25 02:20:56 prog length: 9
2023/03/25 02:20:56 deserializeInput: hasCrash true hasNet false
2023/03/25 02:20:56 prog length: 6
2023/03/25 02:20:56 prog length: 3
2023/03/25 02:20:56 deserializeInput: hasCrash true hasNet false
2023/03/25 02:20:56 prog length: 6
2023/03/25 02:20:56 prog length: 13
2023/03/25 02:20:56 deserializeInput: hasCrash true hasNet false
2023/03/25 02:20:56 prog length: 6
2023/03/25 02:20:56 prog length: 22
2023/03/25 02:20:56 deserializeInput: hasCrash true hasNet false
2023/03/25 02:20:56 prog length: 6
2023/03/25 02:20:56 prog length: 19
2023/03/25 02:20:56 deserializeInput: hasCrash true hasNet false
2023/03/25 02:20:56 prog length: 6
2023/03/25 02:20:56 prog length: 22
2023/03/25 02:20:56 deserializeInput: hasCrash true hasNet false
2023/03/25 02:20:56 prog length: 6
2023/03/25 02:20:56 prog length: 8
2023/03/25 02:20:56 deserializeInput: hasCrash true hasNet false
2023/03/25 02:20:56 prog length: 6
2023/03/25 02:20:56 prog length: 17
2023/03/25 02:20:56 deserializeInput: hasCrash true hasNet false
2023/03/25 02:20:56 prog length: 6
2023/03/25 02:20:56 prog length: 22
2023/03/25 02:20:56 deserializeInput: hasCrash true hasNet false
2023/03/25 02:20:56 prog length: 6
2023/03/25 02:20:56 prog length: 19
2023/03/25 02:20:56 deserializeInput: hasCrash false hasNet false
2023/03/25 02:20:56 prog length: 2
2023/03/25 02:20:56 deserializeInput: hasCrash true hasNet false
2023/03/25 02:20:56 prog length: 6
2023/03/25 02:20:56 prog length: 20
2023/03/25 02:20:56 deserializeInput: hasCrash true hasNet false
2023/03/25 02:20:56 prog length: 6
2023/03/25 02:20:56 prog length: 6
2023/03/25 02:20:56 deserializeInput: hasCrash true hasNet false
2023/03/25 02:20:56 prog length: 6
2023/03/25 02:20:56 prog length: 9
2023/03/25 02:20:56 deserializeInput: hasCrash true hasNet false
2023/03/25 02:20:56 prog length: 6
2023/03/25 02:20:56 prog length: 3
2023/03/25 02:20:56 deserializeInput: hasCrash true hasNet false
2023/03/25 02:20:56 prog length: 6
2023/03/25 02:20:56 prog length: 9
2023/03/25 02:20:56 deserializeInput: hasCrash true hasNet false
2023/03/25 02:20:56 prog length: 6
2023/03/25 02:20:56 prog length: 3
2023/03/25 02:20:56 deserializeInput: hasCrash true hasNet false
2023/03/25 02:20:56 prog length: 6
2023/03/25 02:20:56 prog length: 9
2023/03/25 02:20:56 deserializeInput: hasCrash true hasNet false
2023/03/25 02:20:56 prog length: 6
2023/03/25 02:20:56 prog length: 9
2023/03/25 02:20:56 deserializeInput: hasCrash true hasNet false
2023/03/25 02:20:56 prog length: 6
2023/03/25 02:20:56 prog length: 3
2023/03/25 02:20:56 deserializeInput: hasCrash true hasNet false
2023/03/25 02:20:56 prog length: 6
2023/03/25 02:20:56 prog length: 3
2023/03/25 02:20:56 deserializeInput: hasCrash true hasNet false
2023/03/25 02:20:56 prog length: 6
2023/03/25 02:20:56 prog length: 17
2023/03/25 02:20:56 deserializeInput: hasCrash true hasNet false
2023/03/25 02:20:56 prog length: 6
2023/03/25 02:20:56 prog length: 4
2023/03/25 02:20:56 deserializeInput: hasCrash true hasNet false
2023/03/25 02:20:56 prog length: 6
2023/03/25 02:20:56 prog length: 5
2023/03/25 02:20:56 deserializeInput: hasCrash true hasNet false
2023/03/25 02:20:56 prog length: 6
2023/03/25 02:20:56 prog length: 19
2023/03/25 02:20:56 deserializeInput: hasCrash false hasNet true
2023/03/25 02:20:56 prog length: 6
2023/03/25 02:20:56 prog length: 3
2023/03/25 02:20:56 fetching corpus: 50, signal 6374/17192/24700 (executing program)
2023/03/25 02:20:56 deserializeInput: hasCrash true hasNet false
2023/03/25 02:20:56 prog length: 6
2023/03/25 02:20:56 prog length: 20
2023/03/25 02:20:56 deserializeInput: hasCrash true hasNet false
2023/03/25 02:20:56 prog length: 6
2023/03/25 02:20:56 prog length: 22
2023/03/25 02:20:56 deserializeInput: hasCrash true hasNet false
2023/03/25 02:20:56 prog length: 6
2023/03/25 02:20:56 prog length: 22
2023/03/25 02:20:56 deserializeInput: hasCrash true hasNet false
2023/03/25 02:20:56 prog length: 6
2023/03/25 02:20:56 prog length: 13
2023/03/25 02:20:56 deserializeInput: hasCrash true hasNet false
2023/03/25 02:20:56 prog length: 6
2023/03/25 02:20:56 prog length: 22
2023/03/25 02:20:56 deserializeInput: hasCrash true hasNet false
2023/03/25 02:20:56 prog length: 6
2023/03/25 02:20:56 prog length: 17
2023/03/25 02:20:56 deserializeInput: hasCrash true hasNet false
2023/03/25 02:20:56 prog length: 6
2023/03/25 02:20:56 prog length: 19
2023/03/25 02:20:56 deserializeInput: hasCrash true hasNet false
2023/03/25 02:20:56 prog length: 6
2023/03/25 02:20:56 prog length: 20
2023/03/25 02:20:56 deserializeInput: hasCrash true hasNet false
2023/03/25 02:20:56 prog length: 6
2023/03/25 02:20:56 prog length: 13
2023/03/25 02:20:56 deserializeInput: hasCrash true hasNet false
2023/03/25 02:20:56 prog length: 6
2023/03/25 02:20:56 prog length: 22
2023/03/25 02:20:56 deserializeInput: hasCrash true hasNet false
2023/03/25 02:20:56 prog length: 6
2023/03/25 02:20:56 prog length: 22
2023/03/25 02:20:56 deserializeInput: hasCrash true hasNet false
2023/03/25 02:20:56 prog length: 6
2023/03/25 02:20:56 prog length: 3
2023/03/25 02:20:56 deserializeInput: hasCrash true hasNet false
2023/03/25 02:20:56 prog length: 6
2023/03/25 02:20:56 prog length: 4
2023/03/25 02:20:56 deserializeInput: hasCrash true hasNet false
2023/03/25 02:20:56 prog length: 6
2023/03/25 02:20:56 prog length: 17
2023/03/25 02:20:56 deserializeInput: hasCrash true hasNet false
2023/03/25 02:20:56 prog length: 6
2023/03/25 02:20:56 prog length: 13
2023/03/25 02:20:56 deserializeInput: hasCrash false hasNet false
2023/03/25 02:20:56 prog length: 20
2023/03/25 02:20:56 deserializeInput: hasCrash true hasNet false
2023/03/25 02:20:56 prog length: 6
2023/03/25 02:20:56 prog length: 17
2023/03/25 02:20:56 deserializeInput: hasCrash true hasNet false
2023/03/25 02:20:56 prog length: 6
2023/03/25 02:20:56 prog length: 13
2023/03/25 02:20:56 deserializeInput: hasCrash true hasNet false
2023/03/25 02:20:56 prog length: 6
2023/03/25 02:20:56 prog length: 5
2023/03/25 02:20:56 deserializeInput: hasCrash true hasNet false
2023/03/25 02:20:56 prog length: 6
2023/03/25 02:20:56 prog length: 9
2023/03/25 02:20:56 deserializeInput: hasCrash false hasNet false
2023/03/25 02:20:56 prog length: 1
2023/03/25 02:20:56 deserializeInput: hasCrash true hasNet false
2023/03/25 02:20:56 prog length: 6
2023/03/25 02:20:56 prog length: 17
2023/03/25 02:20:56 deserializeInput: hasCrash true hasNet false
2023/03/25 02:20:56 prog length: 6
2023/03/25 02:20:56 prog length: 8
2023/03/25 02:20:56 deserializeInput: hasCrash true hasNet false
2023/03/25 02:20:56 prog length: 6
2023/03/25 02:20:56 prog length: 17
2023/03/25 02:20:56 deserializeInput: hasCrash false hasNet false
2023/03/25 02:20:56 prog length: 2
2023/03/25 02:20:56 deserializeInput: hasCrash true hasNet false
2023/03/25 02:20:56 prog length: 6
2023/03/25 02:20:56 prog length: 3
2023/03/25 02:20:56 deserializeInput: hasCrash true hasNet false
2023/03/25 02:20:56 prog length: 6
2023/03/25 02:20:56 prog length: 13
2023/03/25 02:20:56 deserializeInput: hasCrash true hasNet false
2023/03/25 02:20:56 prog length: 6
2023/03/25 02:20:56 prog length: 22
2023/03/25 02:20:56 deserializeInput: hasCrash true hasNet false
2023/03/25 02:20:56 prog length: 6
2023/03/25 02:20:56 prog length: 17
2023/03/25 02:20:56 deserializeInput: hasCrash true hasNet false
2023/03/25 02:20:56 prog length: 6
2023/03/25 02:20:56 prog length: 4
2023/03/25 02:20:56 deserializeInput: hasCrash true hasNet false
2023/03/25 02:20:56 prog length: 6
2023/03/25 02:20:56 prog length: 17
2023/03/25 02:20:56 deserializeInput: hasCrash true hasNet false
2023/03/25 02:20:56 prog length: 6
2023/03/25 02:20:56 prog length: 13
2023/03/25 02:20:56 deserializeInput: hasCrash true hasNet false
2023/03/25 02:20:56 prog length: 6
2023/03/25 02:20:56 prog length: 22
2023/03/25 02:20:56 deserializeInput: hasCrash false hasNet false
2023/03/25 02:20:56 prog length: 6
2023/03/25 02:20:56 deserializeInput: hasCrash true hasNet false
2023/03/25 02:20:56 prog length: 6
2023/03/25 02:20:56 prog length: 9
2023/03/25 02:20:56 deserializeInput: hasCrash true hasNet false
2023/03/25 02:20:56 prog length: 6
2023/03/25 02:20:56 prog length: 22
2023/03/25 02:20:56 deserializeInput: hasCrash true hasNet false
2023/03/25 02:20:56 prog length: 6
2023/03/25 02:20:56 prog length: 13
2023/03/25 02:20:56 deserializeInput: hasCrash true hasNet false
2023/03/25 02:20:56 prog length: 6
2023/03/25 02:20:56 prog length: 4
2023/03/25 02:20:56 deserializeInput: hasCrash true hasNet false
2023/03/25 02:20:56 prog length: 6
2023/03/25 02:20:56 prog length: 13
2023/03/25 02:20:56 deserializeInput: hasCrash true hasNet false
2023/03/25 02:20:56 prog length: 6
2023/03/25 02:20:56 prog length: 20
2023/03/25 02:20:56 deserializeInput: hasCrash true hasNet false
2023/03/25 02:20:56 prog length: 6
2023/03/25 02:20:56 prog length: 4
2023/03/25 02:20:56 deserializeInput: hasCrash true hasNet false
2023/03/25 02:20:56 prog length: 6
2023/03/25 02:20:56 prog length: 13
2023/03/25 02:20:56 deserializeInput: hasCrash true hasNet false
2023/03/25 02:20:56 prog length: 6
2023/03/25 02:20:56 prog length: 22
2023/03/25 02:20:56 deserializeInput: hasCrash true hasNet false
2023/03/25 02:20:56 prog length: 6
2023/03/25 02:20:56 prog length: 17
2023/03/25 02:20:56 deserializeInput: hasCrash true hasNet false
2023/03/25 02:20:56 prog length: 6
2023/03/25 02:20:56 prog length: 9
2023/03/25 02:20:56 deserializeInput: hasCrash true hasNet false
2023/03/25 02:20:56 prog length: 6
2023/03/25 02:20:56 prog length: 20
2023/03/25 02:20:56 deserializeInput: hasCrash true hasNet false
2023/03/25 02:20:56 prog length: 6
2023/03/25 02:20:56 prog length: 19
2023/03/25 02:20:56 deserializeInput: hasCrash true hasNet false
2023/03/25 02:20:56 prog length: 6
2023/03/25 02:20:56 prog length: 9
2023/03/25 02:20:56 deserializeInput: hasCrash false hasNet true
2023/03/25 02:20:56 prog length: 6
2023/03/25 02:20:56 prog length: 8
2023/03/25 02:20:56 deserializeInput: hasCrash true hasNet false
2023/03/25 02:20:56 prog length: 6
2023/03/25 02:20:56 prog length: 17
2023/03/25 02:20:56 fetching corpus: 100, signal 6501/18777/27399 (executing program)
2023/03/25 02:20:56 deserializeInput: hasCrash true hasNet false
2023/03/25 02:20:56 prog length: 6
2023/03/25 02:20:56 prog length: 22
2023/03/25 02:20:56 deserializeInput: hasCrash true hasNet false
2023/03/25 02:20:56 prog length: 6
2023/03/25 02:20:56 prog length: 22
2023/03/25 02:20:56 deserializeInput: hasCrash true hasNet false
2023/03/25 02:20:56 prog length: 6
2023/03/25 02:20:56 prog length: 22
2023/03/25 02:20:56 deserializeInput: hasCrash false hasNet false
2023/03/25 02:20:56 prog length: 20
2023/03/25 02:20:56 deserializeInput: hasCrash true hasNet false
2023/03/25 02:20:56 prog length: 6
2023/03/25 02:20:56 prog length: 3
2023/03/25 02:20:56 deserializeInput: hasCrash true hasNet false
2023/03/25 02:20:56 prog length: 6
2023/03/25 02:20:56 prog length: 3
2023/03/25 02:20:56 deserializeInput: hasCrash true hasNet false
2023/03/25 02:20:56 prog length: 6
2023/03/25 02:20:56 prog length: 8
2023/03/25 02:20:56 deserializeInput: hasCrash true hasNet false
2023/03/25 02:20:56 prog length: 6
2023/03/25 02:20:56 prog length: 5
2023/03/25 02:20:56 deserializeInput: hasCrash true hasNet false
2023/03/25 02:20:56 prog length: 6
2023/03/25 02:20:56 prog length: 5
2023/03/25 02:20:56 deserializeInput: hasCrash true hasNet false
2023/03/25 02:20:56 prog length: 6
2023/03/25 02:20:56 prog length: 17
2023/03/25 02:20:56 deserializeInput: hasCrash true hasNet false
2023/03/25 02:20:56 prog length: 6
2023/03/25 02:20:56 prog length: 10
2023/03/25 02:20:56 deserializeInput: hasCrash true hasNet false
2023/03/25 02:20:56 prog length: 6
2023/03/25 02:20:56 prog length: 8
2023/03/25 02:20:56 deserializeInput: hasCrash true hasNet false
2023/03/25 02:20:56 prog length: 6
2023/03/25 02:20:56 prog length: 3
2023/03/25 02:20:56 deserializeInput: hasCrash false hasNet true
2023/03/25 02:20:56 prog length: 6
2023/03/25 02:20:56 prog length: 3
2023/03/25 02:20:56 deserializeInput: hasCrash true hasNet false
2023/03/25 02:20:56 prog length: 6
2023/03/25 02:20:56 prog length: 8
2023/03/25 02:20:56 deserializeInput: hasCrash true hasNet false
2023/03/25 02:20:56 prog length: 6
2023/03/25 02:20:56 prog length: 17
2023/03/25 02:20:56 deserializeInput: hasCrash true hasNet false
2023/03/25 02:20:56 prog length: 6
2023/03/25 02:20:56 prog length: 19
2023/03/25 02:20:56 deserializeInput: hasCrash true hasNet false
2023/03/25 02:20:56 prog length: 6
2023/03/25 02:20:56 prog length: 17
2023/03/25 02:20:56 deserializeInput: hasCrash true hasNet false
2023/03/25 02:20:56 prog length: 6
2023/03/25 02:20:56 prog length: 17
2023/03/25 02:20:56 deserializeInput: hasCrash true hasNet false
2023/03/25 02:20:56 prog length: 6
2023/03/25 02:20:56 prog length: 8
2023/03/25 02:20:56 deserializeInput: hasCrash true hasNet false
2023/03/25 02:20:56 prog length: 6
2023/03/25 02:20:56 prog length: 17
2023/03/25 02:20:56 deserializeInput: hasCrash true hasNet false
2023/03/25 02:20:56 prog length: 6
2023/03/25 02:20:56 prog length: 20
2023/03/25 02:20:56 deserializeInput: hasCrash true hasNet false
2023/03/25 02:20:56 prog length: 6
2023/03/25 02:20:56 prog length: 17
2023/03/25 02:20:56 deserializeInput: hasCrash true hasNet true
2023/03/25 02:20:56 prog length: 6
2023/03/25 02:20:56 prog length: 6
2023/03/25 02:20:56 prog length: 6
2023/03/25 02:20:56 prog length: 8
2023/03/25 02:20:56 deserializeInput: hasCrash true hasNet false
2023/03/25 02:20:56 prog length: 6
2023/03/25 02:20:56 prog length: 17
2023/03/25 02:20:56 deserializeInput: hasCrash true hasNet false
2023/03/25 02:20:56 prog length: 6
2023/03/25 02:20:56 prog length: 5
2023/03/25 02:20:56 deserializeInput: hasCrash true hasNet false
2023/03/25 02:20:56 prog length: 6
2023/03/25 02:20:56 prog length: 17
2023/03/25 02:20:56 deserializeInput: hasCrash true hasNet false
2023/03/25 02:20:56 prog length: 6
2023/03/25 02:20:56 prog length: 17
2023/03/25 02:20:56 deserializeInput: hasCrash true hasNet false
2023/03/25 02:20:56 prog length: 6
2023/03/25 02:20:56 prog length: 17
2023/03/25 02:20:56 deserializeInput: hasCrash true hasNet false
2023/03/25 02:20:56 prog length: 6
2023/03/25 02:20:56 prog length: 19
2023/03/25 02:20:56 deserializeInput: hasCrash true hasNet false
2023/03/25 02:20:56 prog length: 6
2023/03/25 02:20:56 prog length: 17
2023/03/25 02:20:56 deserializeInput: hasCrash true hasNet false
2023/03/25 02:20:56 prog length: 6
2023/03/25 02:20:56 prog length: 9
2023/03/25 02:20:56 deserializeInput: hasCrash true hasNet false
2023/03/25 02:20:56 prog length: 6
2023/03/25 02:20:56 prog length: 17
2023/03/25 02:20:56 deserializeInput: hasCrash true hasNet false
2023/03/25 02:20:56 prog length: 6
2023/03/25 02:20:56 prog length: 6
2023/03/25 02:20:56 prog length: 5
2023/03/25 02:20:56 deserializeInput: hasCrash true hasNet false
2023/03/25 02:20:56 prog length: 6
2023/03/25 02:20:56 prog length: 5
2023/03/25 02:20:56 deserializeInput: hasCrash true hasNet false
2023/03/25 02:20:56 prog length: 6
2023/03/25 02:20:56 prog length: 5
2023/03/25 02:20:56 fetching corpus: 136, signal 7279/20709/30855 (executing program)
2023/03/25 02:20:56 fetching corpus: 136, signal 7279/20709/31809 (executing program)
2023/03/25 02:20:56 fetching corpus: 136, signal 7279/20709/32752 (executing program)
2023/03/25 02:20:56 fetching corpus: 136, signal 7279/20709/33707 (executing program)
2023/03/25 02:20:56 fetching corpus: 136, signal 7279/20709/34647 (executing program)
2023/03/25 02:20:56 fetching corpus: 136, signal 7279/20709/35585 (executing program)
2023/03/25 02:20:56 fetching corpus: 136, signal 7279/20709/36523 (executing program)
2023/03/25 02:20:56 fetching corpus: 136, signal 7279/20709/37445 (executing program)
2023/03/25 02:20:56 fetching corpus: 136, signal 7279/20709/38412 (executing program)
2023/03/25 02:20:56 fetching corpus: 136, signal 7279/20709/39354 (executing program)
2023/03/25 02:20:56 fetching corpus: 136, signal 7279/20709/40284 (executing program)
2023/03/25 02:20:57 fetching corpus: 136, signal 7279/20709/41222 (executing program)
2023/03/25 02:20:57 fetching corpus: 136, signal 7279/20709/42176 (executing program)
2023/03/25 02:20:57 fetching corpus: 136, signal 7279/20709/43134 (executing program)
2023/03/25 02:20:57 fetching corpus: 136, signal 7279/20709/44082 (executing program)
2023/03/25 02:20:57 fetching corpus: 136, signal 7279/20709/45051 (executing program)
2023/03/25 02:20:57 fetching corpus: 136, signal 7279/20709/45988 (executing program)
2023/03/25 02:20:57 fetching corpus: 136, signal 7279/20709/46926 (executing program)
2023/03/25 02:20:57 fetching corpus: 136, signal 7279/20709/47879 (executing program)
2023/03/25 02:20:57 fetching corpus: 136, signal 7279/20709/48861 (executing program)
2023/03/25 02:20:57 fetching corpus: 136, signal 7279/20709/49822 (executing program)
2023/03/25 02:20:57 fetching corpus: 136, signal 7279/20709/50738 (executing program)
2023/03/25 02:20:57 fetching corpus: 136, signal 7279/20709/51681 (executing program)
2023/03/25 02:20:57 fetching corpus: 136, signal 7279/20709/52181 (executing program)
2023/03/25 02:20:57 fetching corpus: 136, signal 7279/20709/52181 (executing program)
2023/03/25 02:20:57 starting 1 fuzzer processes
2023/03/25 02:20:57 ----- generateCall 2343 link link
2023/03/25 02:20:57 ----- generateCall 2809 rename rename
2023/03/25 02:20:57 ----- generateCall 2361 lsetxattr$trusted_overlay_origin lsetxattr$trusted_overlay_origin
2023/03/25 02:20:57 ----- generateCall 2361 lsetxattr$trusted_overlay_origin lsetxattr$trusted_overlay_origin
2023/03/25 02:20:57 ----- generateCall 3761 stat stat
2023/03/25 02:20:57 ----- generateCall 242 fsetxattr$trusted_overlay_redirect fsetxattr$trusted_overlay_redirect
2023/03/25 02:20:57 ----- generateCall 3662 setxattr setxattr
2023/03/25 02:20:57 ----- generateCall 2342 lgetxattr lgetxattr
2023/03/25 02:20:57 ----- generateCall 2458 open open
2023/03/25 02:20:57 ----- generateCall 3668 setxattr$security_ima setxattr$security_ima
2023/03/25 02:20:57 ----- generateCall 3669 setxattr$security_selinux setxattr$security_selinux
2023/03/25 02:20:57 ----- generateCall 2346 listxattr listxattr
2023/03/25 02:20:57 ----- generateCall 3678 setxattr$user setxattr$user
2023/03/25 02:20:57 ----- generateCall 2343 link link
2023/03/25 02:20:57 ----- generateCall 2458 open open
2023/03/25 02:20:57 ----- generateCall 244 fsetxattr$user fsetxattr$user
2023/03/25 02:20:57 ----- generateCall 248 fstat fstat
2023/03/25 02:20:57 ----- generateCall 2361 lsetxattr$trusted_overlay_origin lsetxattr$trusted_overlay_origin
2023/03/25 02:20:57 ----- generateCall 242 fsetxattr$trusted_overlay_redirect fsetxattr$trusted_overlay_redirect
2023/03/25 02:20:57 map[./file0:true ./file1:true]
2023/03/25 02:20:57 HasCrashFail: false, .HasNetFail: false
2023/03/25 02:20:57 prog length: 20
2023/03/25 02:20:57 HasCrashFail:false HasNetFail:false
02:20:57 ---executing program 0:
---
---
---
link(&(0x7f0000000000)='./file0\x00', &(0x7f0000000040)='./file0\x00')
rename(&(0x7f0000000080)='./file0\x00', &(0x7f00000000c0)='./file0\x00')
lsetxattr$trusted_overlay_origin(&(0x7f0000000100)='./file0\x00', &(0x7f0000000140), &(0x7f0000000180), 0x2, 0x5)
lsetxattr$trusted_overlay_origin(&(0x7f00000001c0)='./file0\x00', &(0x7f0000000200), &(0x7f0000000240), 0x2, 0x0)
stat(&(0x7f0000000280)='./file0\x00', &(0x7f00000002c0))
fsetxattr$trusted_overlay_redirect(0xffffffffffffffff, &(0x7f0000000340), &(0x7f0000000380)='./file0\x00', 0x8, 0x0)
setxattr(&(0x7f00000003c0)='\x00', &(0x7f0000000400)=@known='trusted.overlay.nlink\x00', &(0x7f0000000440)='y\x00', 0x2, 0x2)
lgetxattr(&(0x7f0000000480)='./file0\x00', &(0x7f00000004c0)=@random={'osx.', 'trusted.overlay.redirect\x00'}, &(0x7f0000000500)=""/132, 0x84)
r0 = open(&(0x7f00000005c0)='./file0\x00', 0x200000, 0x0)
setxattr$security_ima(&(0x7f0000000600)='./file0\x00', &(0x7f0000000640), &(0x7f0000000680)=@v1={0x2, "1e0ed7523e44a0fabc06f6196d82ad293d"}, 0x12, 0x1)
setxattr$security_selinux(&(0x7f00000006c0)='./file0\x00', &(0x7f0000000700), &(0x7f0000000740)='system_u:object_r:system_dbusd_var_lib_t:s0\x00', 0x2c, 0x3)
listxattr(&(0x7f0000000780)='./file1\x00', &(0x7f00000007c0)=""/85, 0x55)
setxattr$user(&(0x7f0000000840)='./file1\x00', &(0x7f0000000880), &(0x7f00000008c0)='\\(\x00', 0x3, 0x2)
link(&(0x7f0000000900)='./file1\x00', &(0x7f0000000940)='./file1\x00')
r1 = open(&(0x7f0000000980)='./file0\x00', 0x480, 0x0)
r2 = dup2(r0, r0)
fsetxattr$user(r2, &(0x7f00000009c0), &(0x7f0000000a00)='osx.', 0x4, 0x2)
fstat(r1, &(0x7f0000000a40))
lsetxattr$trusted_overlay_origin(&(0x7f0000000ac0)='./file1\x00', &(0x7f0000000b00), &(0x7f0000000b40), 0x2, 0x2)
fsetxattr$trusted_overlay_redirect(r1, &(0x7f0000000b80), &(0x7f0000000bc0)='./file0\x00', 0x8, 0x2)
---

end of program
2023/03/25 02:20:57 -----run executor: [/usr/bin/ssh -F /dev/null -o ConnectionAttempts=100 -o ConnectTimeout=120 -o UserKnownHostsFile=/dev/null -o BatchMode=yes -o IdentitiesOnly=yes -o StrictHostKeyChecking=no -o ConnectTimeout=100 -i /home/tlyu/dfs-fuzzing/disk-images/orangefs-images/focal.id_rsa root@192.168.0.5 /root/syz-executor exec 0 0 orangefs 3 4 192.168.0.5 0 "3 1" false false false false false]
2023/03/25 02:20:57 -----run executor: [/usr/bin/ssh -F /dev/null -o ConnectionAttempts=100 -o ConnectTimeout=120 -o UserKnownHostsFile=/dev/null -o BatchMode=yes -o IdentitiesOnly=yes -o StrictHostKeyChecking=no -o ConnectTimeout=100 -i /home/tlyu/dfs-fuzzing/disk-images/orangefs-images/focal.id_rsa root@192.168.0.6 /root/syz-executor exec 0 1 orangefs 3 4 192.168.0.5 0 "3 1" false false false false false]
2023/03/25 02:20:57 -----run executor: [/usr/bin/ssh -F /dev/null -o ConnectionAttempts=100 -o ConnectTimeout=120 -o UserKnownHostsFile=/dev/null -o BatchMode=yes -o IdentitiesOnly=yes -o StrictHostKeyChecking=no -o ConnectTimeout=100 -i /home/tlyu/dfs-fuzzing/disk-images/orangefs-images/focal.id_rsa root@192.168.0.7 /root/syz-executor exec 0 2 orangefs 3 4 192.168.0.5 0 "3 1" false false false false false]
2023/03/25 02:20:57 -----run executor: [/usr/bin/ssh -F /dev/null -o ConnectionAttempts=100 -o ConnectTimeout=120 -o UserKnownHostsFile=/dev/null -o BatchMode=yes -o IdentitiesOnly=yes -o StrictHostKeyChecking=no -o ConnectTimeout=100 -i /home/tlyu/dfs-fuzzing/disk-images/orangefs-images/focal.id_rsa root@192.168.0.8 /root/syz-executor exec 1 3 orangefs 3 4 192.168.0.5 0 "3 1" false false false false false]
Warning: Permanently added '192.168.0.5' (ED25519) to the list of known hosts.
Warning: Permanently added '192.168.0.8' (ED25519) to the list of known hosts.
Warning: Permanently added '192.168.0.6' (ED25519) to the list of known hosts.
Warning: Permanently added '192.168.0.7' (ED25519) to the list of known hosts.
----- is restarting 0
---- dfs_name orangefs is_dfs_client 0
unlink FIFO failed: No such file or directory
[    0.000000] kernel: Linux version 5.15.0+ (tlyu@IC-RS3-DPC07) (gcc (Ubuntu 9.4.0-1ubuntu1~20.04.1) 9.4.0, GNU ld (GNU Binutils for Ubuntu) 2.34) #7 SMP Sat Feb 18 10:18:37 CET 2023
[    0.000000] kernel: Command line: root=/dev/sda console=ttyS0 net.ifnames=0 ip=192.168.0.5 quiet nokaslr
[    0.000000] kernel: x86/fpu: Supporting XSAVE feature 0x001: 'x87 floating point registers'
[    0.000000] kernel: x86/fpu: Supporting XSAVE feature 0x002: 'SSE registers'
[    0.000000] kernel: x86/fpu: Supporting XSAVE feature 0x004: 'AVX registers'
[    0.000000] kernel: x86/fpu: Supporting XSAVE feature 0x020: 'AVX-512 opmask'
[    0.000000] kernel: x86/fpu: Supporting XSAVE feature 0x040: 'AVX-512 Hi256'
[    0.000000] kernel: x86/fpu: Supporting XSAVE feature 0x080: 'AVX-512 ZMM_Hi256'
[    0.000000] kernel: x86/fpu: Supporting XSAVE feature 0x200: 'Protection Keys User registers'
[    0.000000] kernel: x86/fpu: xstate_offset[2]:  576, xstate_sizes[2]:  256
[    0.000000] kernel: x86/fpu: [D 01/16/2023 17:42:13] PVFS2 Server version 2.9.7-orangefs-REV-65ab0d2 starting.
[E 01/16/2023 17:43:19] PVFS2 server got signal 15 (server_status_flag: 2080767)
[D 02/18/2023 14:39:31] PVFS2 Server version 2.9.7-orangefs-REV-65ab0d2 starting.
[D 02/18/2023 14:47:30] PVFS2 received server: signal 1
[E 02/18/2023 14:47:30] PVFS2 server got signal 15 (server_status_flag: 2080767)
xstate_offset[5]:  832, xstate_sizes[5]:   64
[    0.000000] kernel: x86/fpu: xstate_offset[6]:  896, xstate_sizes[6]:  512
[    0.000000] kernel: x86/fpu: xstate_offset[7]: 1408, xstate_sizes[7]: 1024
[    0.000000] kernel: x86/fpu: xstate_offset[9]: 2432, xstate_sizes[9]:    8
[    0.000000] kernel: x86/fpu: Enabled xstate features 0x2e7, context size is 2440 bytes, using 'compacted' format.
[    0.000000] kernel: signal: max sigframe size: 3632
[    0.000000] kernel: BIOS-provided physical RAM map:
[    0.000000] kernel: BIOS-e820: [mem 0x0000000000000000-0x000000000009fbff] usable
[    0.000000] kernel: BIOS-e820: [mem 0x000000000009fc00-0x000000000009ffff] reserved
[    0.000000] kernel: BIOS-e820: [mem 0x00000000000f0000-0x00000000000fffff] reserved
[    0.000000] kernel: BIOS-e820: [mem 0x0000000000100000-0x00000000bffdffff] usable
[    0.000000] kernel: BIOS-e820: [mem 0x00000000bffe0000-0x00000000bfffffff] reserved
[    0.000000] kernel: BIOS-e820: [mem 0x00000000feffc000-0x0executor 0 finishes userspace_cover_open
before receiving handshake request
0000000feffffff] reserved
[    0.000000] kernel: BIOS-e820: [mem 0x00000000fffc0000-0x00000000ffffffff] reserved
[    0.000000] kernel: BIOS-e820: [mem 0x0000000100000000-0x00000002bfffffff] usable
[    0.000000] kernel: NX (Execute Disable) protection: active
[    0.000000] kernel: SMBIOS 2.8 present.
[    0.000000] kernel: DMI: QEMU Standard PC (i440FX + PIIX, 1996), BIOS 1.15.0-1 04/01/2014
[    0.000000] kernel: Hypervisor detected: KVM
[    0.000000] kernel: kvm-clock: Using msrs 4b564d01 and 4b564d00
[    0.000000] kernel: kvm-clock: cpu 0, msr 2c6e001, primary cpu clock
[    0.000001] kernel: kvm-clock: using sched offset of 189842949 cycles
[    0.000002] kernel: clocksource: kvm-clock: mask: 0xffffffffffffffff max_cycles: 0x1cd42e4dffb, max_idle_ns: 881590591483 ns
[    0.000004] kernel: tsc: Detected 2593.904 MHz processor
[    0.000448] kernel: e820: update [mem 0x00000000-0x00000fff] usable ==> reserved
[    0.000450] kernel: e820: remove [mem 0x000a0000-0x000fffff] usable
[    0.000453] kernel: last_pfn = 0x2c0000 max_arch_pfn = 0x10000000000
[    0.000500] kernel: x86/PAT: Configuration [0-7]: WB  WC  UC- UC  WB  WP  UC- WT  
[    0.000505] kernel: last_pfn = 0xbffe0 max_arch_pfn = 0x10000000000
[    0.004637] kernel: found SMP MP-table at [mem 0x000f5b90-0x000f5b9f]
[    0.004688] kernel: Using GB pages for direct mapping
[    0.005195] kernel: ACPI: Early table checksum verification disabled
[    0.005201] kernel: ACPI: RSDP 0x00000000000F59B0 000014 (v00 BOCHS )
[    0.005207] kernel: ACPI: RSDT 0x00000000BFFE197C 000034 (v01 BOCHS  BXPC     00000001 BXPC 00000001)
[    0.005212] kernel: ACPI: FACP 0x00000000BFFE1828 000074 (v01 BOCHS  BXPC     00000001 BXPC 00000001)
[    0.005217] kernel: ACPI: DSDT 0x00000000BFFE0040 0017E8 (v01 BOCHS  BXPC     00000001 BXPC 00000001)
[    0.005219] kernel: ACPI: FACS 0x00000000BFFE0000 000040
[    0.005221] kernel: ACPI: APIC 0x00000000BFFE189C 000080 (v01 BOCHS  BXPC     00000001 BXPC 00000001)
[    0.005224] kernel: ACPI: HPET 0x00000000BFFE191C 000038 (v01 BOCHS  BXPC     00000001 BXPC 00000001)
[    0.005226] kernel: ACPI: WAET 0x00000000BFFE1954 000028 (v01 BOCHS  BXPC     00000001 BXPC 00000001)
[    0.005228] kernel: ACPI: Reserving FACP table memory at [mem 0xbffe1828-0xbffe189b]
[    0.005229] kernel: ACPI: Reserving DSDT table memory at [mem 0xbffe0040-0xbffe1827]
[    0.005230] kernel: ACPI: Reserving FACS table memory at [mem 0xbffe0000-0xbffe003f]
[    0.005230] kernel: ACPI: Reserving APIC table memory at [mem 0xbffe189c-0xbffe191b]
[    0.005231] kernel: ACPI: Reserving HPET table memory at [mem 0xbffe191c-0xbffe1953]
[    0.005231] kernel: ACPI: Reserving WAET table memory at [mem 0xbffe1954-0xbffe197b]
[    0.005502] kernel: No NUMA configuration found
[    0.005503] kernel: Faking a node at [mem 0x0000000000000000-0x00000002bfffffff]
[    0.005505] kernel: NODE_DATA(0) allocated [mem 0x2bfffa000-0x2bfffdfff]
[    0.005548] kernel: Zone ranges:
[    0.005549] kernel:   DMA      [mem 0x0000000000001000-0x0000000000ffffff]
[    0.005550] kernel:   DMA32    [mem 0x0000000001000000-0x00000000ffffffff]
[    0.005551] kernel:   Normal   [mem 0x0000000100000000-0x00000002bfffffff]
[    0.005552] kernel: Movable zone start for each node
[    0.005553] kernel: Early memory node ranges
[    0.005553] kernel:   node   0: [mem 0x0000000000001000-0x000000000009efff]
[    0.005554] kernel:   node   0: [mem 0x0000000000100000-0x00000000bffdffff]
[    0.005555] kernel:   node   0: [mem 0x0000000100000000-0x00000002bfffffff]
[    0.005556] kernel: Initmem setup node 0 [mem 0x0000000000001000-0x00000002bfffffff]
[    0.005906] kernel: On node 0, zone DMA: 1 pages in unavailable ranges
[    0.005916] kernel: On node 0, zone DMA: 97 pages in unavailable ranges
[    0.044669] kernel: On node 0, zone Normal: 32 pages in unavailable ranges
[    0.370605] kernel: kasan: KernelAddressSanitizer initialized
[    0.371197] kernel: ACPI: PM-Timer IO Port: 0x608
[    0.371208] kernel: ACPI: LAPIC_NMI (acpi_id[0xff] dfl dfl lint[0x1])
[    0.371266] kernel: IOAPIC[0]: apic_id 0, version 17, address 0xfec00000, GSI 0-23
[    0.371271] kernel: ACPI: INT_SRC_OVR (bus 0 bus_irq 0 global_irq 2 dfl dfl)
[    0.371274] kernel: ACPI: INT_SRC_OVR (bus 0 bus_irq 5 global_irq 5 high level)
[    0.371275] kernel: ACPI: INT_SRC_OVR (bus 0 bus_irq 9 global_irq 9 high level)
[    0.371277] kernel: ACPI: INT_SRC_OVR (bus 0 bus_irq 10 global_irq 10 high level)
[    0.371279] kernel: ACPI: INT_SRC_OVR (bus 0 bus_irq 11 global_irq 11 high level)
[    0.371283] kernel: ACPI: Using ACPI (MADT) for SMP configuration information
[    0.371285] kernel: ACPI: HPET id: 0x8086a201 base: 0xfed00000
[    0.371290] kernel: TSC deadline timer available
[    0.371292] kernel: smpboot: Allowing 2 CPUs, 0 hotplug CPUs
[    0.371322] kernel: kvm-guest: KVM setup pv remote TLB flush
[    0.371329] kernel: kvm-guest: setup PV sched yield
[    0.371348] kernel: PM: hibernation: Registered nosave memory: [mem 0x00000000-0x00000fff]
[    0.371351] kernel: PM: hibernation: Registered nosave memory: [mem 0x0009f000-0x0009ffff]
[    0.371352] kernel: PM: hibernation: Registered nosave memory: [mem 0x000a0000-0x000effff]
[    0.371353] kernel: PM: hibernation: Registered nosave memory: [mem 0x000f0000-0x000fffff]
[    0.371355] kernel: PM: hibernation: Registered nosave memory: [mem 0xbffe0000-0xbfffffff]
[    0.371356] kernel: PM: hibernation: Registered nosave memory: [mem 0xc0000000-0xfeffbfff]
[    0.371357] kernel: PM: hibernation: Registered nosave memory: [mem 0xfeffc000-0xfeffffff]
[    0.371358] kernel: PM: hibernation: Registered nosave memory: [mem 0xff000000-0xfffbffff]
[    0.371359] kernel: PM: hibernation: Registered nosave memory: [mem 0xfffc0000-0xffffffff]
[    0.371361] kernel: [mem 0xc0000000-0xfeffbfff] available for PCI devices
[    0.371363] kernel: Booting paravirtualized kernel on KVM
[    0.371366] kernel: clocksource: refined-jiffies: mask: 0xffffffff max_cycles: 0xffffffff, max_idle_ns: 1910969940391419 ns
[    0.377998] kernel: setup_percpu: NR_CPUS:64 nr_cpumask_bits:64 nr_cpu_ids:2 nr_node_ids:1
[    0.378633] kernel: percpu: Embedded 56 pages/cpu s191576 r8192 d29608 u1048576
[    0.378639] kernel: pcpu-alloc: s191576 r8192 d29608 u1048576 alloc=1*2097152
[    0.378643] kernel: pcpu-alloc: [0] 0 1 
[    0.378671] kernel: kvm-guest: setup async PF for cpu 0
[    0.378677] kernel: kvm-guest: stealtime: cpu 0, msr 26561f140
[    0.378682] kernel: Built 1 zonelists, mobility grouping on.  Total pages: 2580192
[    0.378683] kernel: Policy zone: Normal
[    0.378685] kernel: Kernel command line: root=/dev/sda console=ttyS0 net.ifnames=0 ip=192.168.0.5 quiet nokaslr
[    0.378779] kernel: Unknown command line parameters: nokaslr
[    0.383442] kernel: Dentry cache hash table entries: 2097152 (order: 12, 16777216 bytes, linear)
[    0.385807] kernel: Inode-cache hash table entries: 1048576 (order: 11, 8388608 bytes, linear)
[    0.385877] ----- is restarting 0
---- dfs_name orangefs is_dfs_client 1
kernel: mem auto-init: stack:off, heap alloc:off, heap free:off
[    0.615906] kernel: Memory: 8872648K/10485240K available (14348K kernel code, 2403K rwdata, 3568K rodata, 1384K init, 1732K bss, 1612392K reserved, 0K cma-reserved)
[    0.616013] kernel: SLUB: HWalign=64, Order=0-3, MinObjects=0, CPUs=2, Nodes=1
[    0.616691] kernel: rcu: Hierarchical RCU implementation.
[    0.616692] kernel: rcu:         RCU event tracing is enabled.
[    0.616693] kernel: rcu:         RCU restricting CPUs from NR_CPUS=64 to nr_cpu_ids=2.
[    0.616696] kernel: rcu: RCU calculated value of scheduler-enlistment delay is 100 jiffies.
[    0.616697] kernel: rcu: Adjusting geometry for rcu_fanout_leaf=16, nr_cpu_ids=2
[    0.620144] kernel: NR_IRQS: 4352, nr_irqs: 440, preallocated irqs: 16
[    0.620389] kernel: random: get_random_bytes called from start_kernel+0x4b1/0x67a with crng_init=0
[    0.624614] kernel: Console: colour VGA+ 80x25
[    0.624666] kernel: printk: console [ttyS0] enabled
[    0.6before receiving handshake request
[    0.000000] kernel: Linux version 5.15.0+ (tlyu@IC-RS3-DPC07) (gcc (Ubuntu 9.4.0-1ubuntu1~20.04.1) 9.4.0, GNU ld (GNU Binutils for Ubuntu) 2.34) #7 SMP Sat Feb 18 10:18:37 CET 2023
[    0.000000] kernel: Command line: root=/dev/sda console=ttyS0 net.ifnames=0 ip=192.168.0.8 quiet nokaslr
[    0.000000] kernel: x86/fpu: Supporting XSAVE feature 0x001: 'x87 floating point registers'
[    0.000000] kernel: x86/fpu: Supporting XSAVE feature 0x002: 'SSE registers'
[    0.000000] kernel: x86/fpu: Supporting XSAVE feature 0x004: 'AVX registers'
[    0.000000] kernel: x86/fpu: Supporting XSAVE feature 0x020: 'AVX-512 opmask'
[    0.000000] kernel: x86/fpu: Supporting XSAVE feature 0x040: 'AVX-512 Hi256'
[    0.000000] kernel: x86/fpu: Supporting XSAVE feature 0x080: 'AVX-512 ZMM_Hi256'
[    0.000000] kernel: x86/fpu: Supporting XSAVE feature 0x200: 'Protection Keys User registers'
[    0.000000] kernel: x86/fpu: xstate_offset[2]:  576, xstate_sizes[2]:  256
[    0.000000] kernel: x86/fpu: 24688] kernel: ACPI: Core revision 20210730
[    0.624871] kernel: clocksource: hpet: mask: 0xffffffff max_cycles: 0xffffffff, max_idle_ns: 19112604467 ns
[    0.624969] kernel: APIC: Switch to symmetric I/O mode setup
[    0.624972] kernel: kvm-guest: setup PV IPIs
[    0.626063] kernel: ..TIMER: vector=0x30 apic1=0 pin1=2 apic2=-1 pin2=-1
[    0.626089] kernel: clocksource: tsc-early: mask: 0xffffffffffffffff max_cycles: 0x2563bd843df, max_idle_ns: 440795257314 ns
[    0.626097] kernel: Calibrating delay loop (skipped) preset value.. 5187.80 BogoMIPS (lpj=2593904)
[    0.626100] kernel: pid_max: default: 32768 minimum: 301
[    0.626139] kernel: LSM: Security Framework initializing
[    0.626156] kernel: SELinux:  Initializing.
[    0.626236] kernel: Mount-cache hash table entries: 32768 (order: 6, 262144 bytes, linear)
[    0.626695] kernel: Mountpoint-cache hash table entries: 32768 (order: 6, 262144 bytes, linear)
[    0.627529] kernel: x86/cpu: User Mode Instruction Prevention ([D 01/16/2023 17:42:13] PVFS2 Server version 2.9.7-orangefs-REV-65ab0d2 starting.
[E 01/16/2023 17:43:19] PVFS2 server got signal 15 (server_status_flag: 2080767)
[D 02/18/2023 14:39:31] PVFS2 Server version 2.9.7-orangefs-REV-65ab0d2 starting.
[D 02/18/2023 14:47:30] PVFS2 received server: signal 1
[E 02/18/2023 14:47:30] PVFS2 server got signal 15 (server_status_flag: 2080767)
req.flags ea2
----- uclient_cover_open write to pipe 4
----- uclient_cover_open write to pipe 4
----- uclient_cover_open write to pipe 4
----- uclient_cover_open write to pipe 4
----- uclient_cover_open write to pipe 4
----- uclient_cover_open write to pipe 4
----- uclient_cover_open write to pipe 4
----- uclient_cover_open write to pipe 4
----- uclient_cover_open write to pipe 4
----- uclient_cover_open write to pipe 4
----- uclient_cover_open write to pipe 4
----- uclient_cover_open write to pipe 4
----- uclient_cover_open write to pipe 4
----- uclient_cover_open write to pipe 4
----- uclient_cover_open write to pipe 4
----- uclient_cover_open write to pipe 4
xstate_offset[5]:  832, xstate_sizes[5]:   64
[    0.000000] kernel: x86/fpu: xstate_offset[6]:  896, xstate_sizes[6]:  512
[    0.000000] kernel: x86/fpu: xstate_offset[7]: 1408, xstate_sizes[7]: 1024
[    0.000000] kernel: x86/fpu: xstate_offset[9]: 2432, xstate_sizes[9]:    8
[    0.000000] kernel: x86/fpu: Enabled xstate features 0x2e7, context size is 2440 bytes, using 'compacted' format.
[    0.000000] kernel: signal: max sigframe size: 3632
[    0.000000] kernel: BIOS-provided physical RAM map:
[    0.000000] kernel: BIOS-e820: [mem 0x0000000000000000-0x000000000009fbff] usable
[    0.000000] kernel: BIOS-e820: [mem 0x000000000009fc00-0x000000000009ffff] reserved
[    0.000000] kernel: BIOS-e820: [mem 0x00000000000f0000-0x00000000000fffff] reserved
[    0.000000] kernel: BIOS-e820: [mem 0x0000000000100000-0x00000000bffdffff] usable
[    0.000000] kernel: BIOS-e820: [mem 0x00000000bffe0000-0x00000000bfffffff] reserved
[    0.000000] kernel: BIOS-e820: [mem 0x00000000feffc000-0x0UMIP) activated
[    0.627703] kernel: Last level iTLB entries: 4KB 0, 2MB 0, 4MB 0
[    0.627704] kernel: Last level dTLB entries: 4KB 0, 2MB 0, 4MB 0, 1GB 0
[    0.627716] kernel: Spectre V1 : Mitigation: usercopy/swapgs barriers and __user pointer sanitization
[    0.627720] kernel: Spectre V2 : Mitigation: Enhanced IBRS
[    0.627722] kernel: Spectre V2 : Spectre v2 / SpectreRSB mitigation: Filling RSB on context switch
[    0.627724] kernel: Spectre V2 : mitigation: Enabling conditional Indirect Branch Prediction Barrier
[    0.627725] kernel: Speculative Store Bypass: Mitigation: Speculative Store Bypass disabled via prctl and seccomp
[    0.627726] kernel: TAA: Mitigation: TSX disabled
[    0.634478] kernel: Freeing SMP alternatives memory: 40K
[    0.634650] kernel: smpboot: CPU0: Intel(R) Xeon(R) Gold 6348 CPU @ 2.60GHz (family: 0x6, model: 0x6a, stepping: 0x6)
[    0.634784] kernel: Performance Events: Icelake events, 32-deep LBR, full-width counters, Intel PMU driver.
[    ----- executor 3 do_sandbox_none at begining
----- executor 3 do_sandbox_none before fork()
0000000feffffff] reserved
[    0.000000] kernel: BIOS-e820: [mem 0x00000000fffc0000-0x00000000ffffffff] reserved
[    0.000000] kernel: BIOS-e820: [mem 0x0000000100000000-0x00000002bfffffff] usable
[    0.000000] kernel: NX (Execute Disable) protection: active
[    0.000000] kernel: SMBIOS 2.8 present.
[    0.000000] kernel: DMI: QEMU Standard PC (i440FX + PIIX, 1996), BIOS 1.15.0-1 04/01/2014
[    0.000000] kernel: Hypervisor detected: KVM
[    0.000000] kernel: kvm-clock: Using msrs 4b564d01 and 4b564d00
[    0.000000] kernel: kvm-clock: cpu 0, msr 2c6e001, primary cpu clock
[    0.000001] kernel: kvm-clock: using sched offset of 218245942 cycles
[    0.000003] kernel: clocksource: kvm-clock: mask: 0xffffffffffffffff max_cycles: 0x1cd42e4dffb, max_idle_ns: 881590591483 ns
[    0.000005] kernel: tsc: Detected 2593.904 MHz processor
[    0.000561] kernel: e820: update [mem 0x00000000-0x00000fff] usable ==> reserved
[    0.000571] kernel: e820: remove [mem 0x000a0000-0x000fffff] usable0.635187] kernel: ... version:                2
[    0.635190] kernel: ... bit width:              48
[    0.635191] kernel: ... generic registers:      8
[    0.635192] kernel: ... value mask:             0000ffffffffffff
[    0.635194] kernel: ... max period:             00007fffffffffff
[    0.635195] kernel: ... fixed-purpose events:   3
[    0.635196] kernel: ... event mask:             00000007000000ff
[    0.635430] kernel: rcu: Hierarchical SRCU implementation.
[    0.635992] kernel: smp: Bringing up secondary CPUs ...
[    0.636154] kernel: x86: Booting SMP configuration:
[    0.636155] kernel: .... node  #0, CPUs:      #1
[    0.005737] kernel: kvm-clock: cpu 1, msr 2c6e041, secondary cpu clock
[    0.637820] kernel: kvm-guest: setup async PF for cpu 1
[    0.637820] kernel: kvm-guest: stealtime: cpu 1, msr 26571f140
[    0.637820] kernel: smp: Brought up 1 node, 2 CPUs
[    0.637820] kernel: smpboot: Max logical packages: 1
[    0.637820] kernel: smpboot: Total of 2 process
[    0.000575] kernel: last_pfn = 0x2c0000 max_arch_pfn = 0x10000000000
[    0.000631] kernel: x86/PAT: Configuration [0-7]: WB  WC  UC- UC  WB  WP  UC- WT  
[    0.000638] kernel: last_pfn = 0xbffe0 max_arch_pfn = 0x10000000000
[    0.006046] kernel: found SMP MP-table at [mem 0x000f5b90-0x000f5b9f]
[    0.006107] kernel: Using GB pages for direct mapping
[    0.006694] kernel: ACPI: Early table checksum verification disabled
[    0.006702] kernel: ACPI: RSDP 0x00000000000F59B0 000014 (v00 BOCHS )
[    0.006710] kernel: ACPI: RSDT 0x00000000BFFE197C 000034 (v01 BOCHS  BXPC     00000001 BXPC 00000001)
[    0.006716] kernel: ACPI: FACP 0x00000000BFFE1828 000074 (v01 BOCHS  BXPC     00000001 BXPC 00000001)
[    0.006722] kernel: ACPI: DSDT 0x00000000BFFE0040 0017E8 (v01 BOCHS  BXPC     00000001 BXPC 00000001)
[    0.006725] kernel: ACPI: FACS 0x00000000BFFE0000 000040
[    0.006728] kernel: ACPI: APIC 0x00000000BFFE189C 000080 (v01 BOCHS  BXPC     00000001 BXPC 00000001)
[    0.006731]----- is restarting 0
---- dfs_name orangefs is_dfs_client 0
unlink FIFO failed: No such file or directory
executor 1 finishes userspace_cover_open
before receiving handshake request
req.flags ea2
----- executor 1 do_sandbox_none at begining
----- executor 1 do_sandbox_none before fork()
[    0.000000] kernel: Linux version 5.15.0+ (tlyu@IC-RS3-DPC07) (gcc (Ubuntu 9.4.0-1ubuntu1~20.04.1) 9.4.0, GNU ld (GNU Binutils for Ubuntu) 2.34) #7 SMP Sat Feb 18 10:18:37 CET 2023
[    0.000000] kernel: Command line: root=/dev/sda console=ttyS0 net.ifnames=0 ip=192.168.0.6 quiet nokaslr
[    0.000000] kernel: x86/fpu: Supporting XSAVE feature 0x001: 'x87 floating point registers'
[    0.000000] kernel: x86/fpu: Supporting XSAVE feature 0x002: 'SSE registers'
[    0.000000] kernel: x86/fpu: Supporting XSAVE feature 0x004: 'AVX registers'
[    0.000000] kernel: x86/fpu: Supporting XSAVE feature 0x020: 'AVX-512 opmask'
[    0.000000] kernel: x86/fpu: Supporting XSAVE feature 0x040: 'AVX-512 Hi256'
[    0.000000] kernel: x86/fpu: Supporting XSAVE feature 0x080: 'AVX-512 ZMM_Hi256'
[    0.000000] kernel: x86/fpu: Supporting XSAVE feature 0x200: 'Protection Keys User registers'
[    0.000000] kernel: x86/fpu: xstate_offset[2]:  576, xstate_sizes[2]:  256
[    0.000000] kernel: x86/fpu: [D 01/16/2023 17:42:13] PVFS2 Server version 2.9.7-orangefs-REV-65ab0d2 starting.
[E 01/16/2023 17:43:19] PVFS2 server got signal 15 (server_status_flag: 2080767)
[D 02/18/2023 14:39:31] PVFS2 Server version 2.9.7-orangefs-REV-65ab0d2 starting.
[D 02/18/2023 14:47:30] PVFS2 received server: signal 1
[E 02/18/2023 14:47:30] PVFS2 server got signal 15 (server_status_flag: 2080767)
before receive testcase: 0 1
 kernel: ACPI: HPET 0x00000000BFFE191C 000038 (v01 BOCHS  BXPC     00000001 BXPC 00000001)
[    0.006733] kernel: ACPI: WAET 0x00000000BFFE1954 000028 (v01 BOCHS  BXPC     00000001 BXPC 00000001)
[    0.006735] kernel: ACPI: Reserving FACP table memory at [mem 0xbffe1828-0xbffe189b]
[    0.006737] kernel: ACPI: Reserving DSDT table memory at [mem 0xbffe0040-0xbffe1827]
[    0.006738] kernel: ACPI: Reserving FACS table memory at [mem 0xbffe0000-0xbffe003f]
[    0.006739] kernel: ACPI: Reserving APIC table memory at [mem 0xbffe189c-0xbffe191b]
[    0.006739] kernel: ACPI: Reserving HPET table memory at [mem 0xbffe191c-0xbffe1953]
[    0.006740] kernel: ACPI: Reserving WAET table memory at [mem 0xbffe1954-0xbffe197b]
[    0.007085] kernel: No NUMA configuration found
[    0.007086] kernel: Faking a node at [mem 0x0000000000000000-0x00000002bfffffff]
[    0.007089] kernel: NODE_DATA(0) allocated [mem 0x2bfffa000-0x2bfffdfff]
[    0.007146] kernel: Zone ranges:
[    0.007147] kernel:   DMAxstate_offset[5]:  832, xstate_sizes[5]:   64
[    0.000000] kernel: x86/fpu: xstate_offset[6]:  896, xstate_sizes[6]:  512
[    0.000000] kernel: x86/fpu: xstate_offset[7]: 1408, xstate_sizes[7]: 1024
[    0.000000] kernel: x86/fpu: xstate_offset[9]: 2432, xstate_sizes[9]:    8
[    0.000000] kernel: x86/fpu: Enabled xstate features 0x2e7, context size is 2440 bytes, using 'compacted' format.
[    0.000000] kernel: signal: max sigframe size: 3632
[    0.000000] kernel: BIOS-provided physical RAM map:
[    0.000000] kernel: BIOS-e820: [mem 0x0000000000000000-0x000000000009fbff] usable
[    0.000000] kernel: BIOS-e820: [mem 0x000000000009fc00-0x000000000009ffff] reserved
[    0.000000] kernel: BIOS-e820: [mem 0x00000000000f0000-0x00000000000fffff] reserved
[    0.000000] kernel: BIOS-e820: [mem 0x0000000000100000-0x00000000bffdffff] usable
[    0.000000] kernel: BIOS-e820: [mem 0x00000000bffe0000-0x00000000bfffffff] reserved
[    0.000000] kernel: BIOS-e820: [mem 0x00000000feffc000-0x0      [mem 0x0000000000001000-0x0000000000ffffff]
[    0.007149] kernel:   DMA32    [mem 0x0000000001000000-0x00000000ffffffff]
[    0.007151] kernel:   Normal   [mem 0x0000000100000000-0x00000002bfffffff]
[    0.007152] kernel: Movable zone start for each node
[    0.007153] kernel: Early memory node ranges
[    0.007154] kernel:   node   0: [mem 0x0000000000001000-0x000000000009efff]
[    0.007155] kernel:   node   0: [mem 0x0000000000100000-0x00000000bffdffff]
[    0.007156] kernel:   node   0: [mem 0x0000000100000000-0x00000002bfffffff]
[    0.007158] kernel: Initmem setup node 0 [mem 0x0000000000001000-0x00000002bfffffff]
[    0.007572] kernel: On node 0, zone DMA: 1 pages in unavailable ranges
[    0.007585] kernel: On node 0, zone DMA: 97 pages in unavailable ranges
[    0.050384] kernel: On node 0, zone Normal: 32 pages in unavailable ranges
[    0.402961] kernel: kasan: KernelAddressSanitizer initialized
[    0.403374] kernel: ACPI: PM-Timer IO Port: 0x608
[    0.403382] kern0000000feffffff] reserved
[    0.000000] kernel: BIOS-e820: [mem 0x00000000fffc0000-0x00000000ffffffff] reserved
[    0.000000] kernel: BIOS-e820: [mem 0x0000000100000000-0x00000002bfffffff] usable
[    0.000000] kernel: NX (Execute Disable) protection: active
[    0.000000] kernel: SMBIOS 2.8 present.
[    0.000000] kernel: DMI: QEMU Standard PC (i440FX + PIIX, 1996), BIOS 1.15.0-1 04/01/2014
[    0.000000] kernel: Hypervisor detected: KVM
[    0.000000] kernel: kvm-clock: Using msrs 4b564d01 and 4b564d00
[    0.000000] kernel: kvm-clock: cpu 0, msr 2c6e001, primary cpu clock
[    0.000001] kernel: kvm-clock: using sched offset of 230930928 cycles
[    0.000003] kernel: clocksource: kvm-clock: mask: 0xffffffffffffffff max_cycles: 0x1cd42e4dffb, max_idle_ns: 881590591483 ns
[    0.000005] kernel: tsc: Detected 2593.904 MHz processor
[    0.000567] kernel: e820: update [mem 0x00000000-0x00000fff] usable ==> reserved
[    0.000570] kernel: e820: remove [mem 0x000a0000-0x000fffff] usablebefore receive testcase: 0 1
el: ACPI: LAPIC_NMI (acpi_id[0xff] dfl dfl lint[0x1])
[    0.403421] kernel: IOAPIC[0]: apic_id 0, version 17, address 0xfec00000, GSI 0-23
[    0.403425] kernel: ACPI: INT_SRC_OVR (bus 0 bus_irq 0 global_irq 2 dfl dfl)
[    0.403427] kernel: ACPI: INT_SRC_OVR (bus 0 bus_irq 5 global_irq 5 high level)
[    0.403428] kernel: ACPI: INT_SRC_OVR (bus 0 bus_irq 9 global_irq 9 high level)
[    0.403429] kernel: ACPI: INT_SRC_OVR (bus 0 bus_irq 10 global_irq 10 high level)
[    0.403431] kernel: ACPI: INT_SRC_OVR (bus 0 bus_irq 11 global_irq 11 high level)
[    0.403434] kernel: ACPI: Using ACPI (MADT) for SMP configuration information
[    0.403435] kernel: ACPI: HPET id: 0x8086a201 base: 0xfed00000
[    0.403439] kernel: TSC deadline timer available
[    0.403441] kernel: smpboot: Allowing 2 CPUs, 0 hotplug CPUs
[    0.403466] kernel: kvm-guest: KVM setup pv remote TLB flush
[    0.403471] kernel: kvm-guest: setup PV sched yield
[    0.403485] kernel: PM: hibernation: Registered nosave memory: [mem 0x00000000-0x00000fff]
[    0.403487] kernel: PM: hibernation: Registered nosave memory: [mem 0x0009f000-0x0009ffff]
[    0.403488] kernel: PM: hibernation: Registered nosave memory: [mem 0x000a0000-0x000effff]
[    0.403489] kernel: PM: hibernation: Registered nosave memory: [mem 0x000f0000-0x000fffff]
[    0.403490] kernel: PM: hibernation: Registered nosave memory: [mem 0xbffe0000-0xbfffffff]
[    0.403491] kernel: PM: hibernation: Registered nosave memory: [mem 0xc0000000-0xfeffbfff]
[    0.403491] kernel: PM: hibernation: Registered nosave memory: [mem 0xfeffc000-0xfeffffff]
[    0.403492] kernel: PM: hibernation: Registered nosave memory: [mem 0xff000000-0xfffbffff]
[    0.403493] kernel: PM: hibernation: Registered nosave memory: [mem 0xfffc0000-0xffffffff]
[    0.403495] kernel: [mem 0xc0000000-0xfeffbfff] available for PCI devices
[    0.403496] kernel: Booting paravirtualized kernel on KVM
[    0.403499] kernel: clocksource: refined-jiffies: mask: 0xffffffff max_cycles: 0xffffffff, max_idle_ns: 1910969940391419 ns
[    0.408580] kernel: setup_percpu: NR_CPUS:64 nr_cpumask_bits:64 nr_cpu_ids:2 nr_node_ids:1
[    0.409165] kernel: percpu: Embedded 56 pages/cpu s191576 r8192 d29608 u1048576
[    0.409171] kernel: pcpu-alloc: s191576 r8192 d29608 u1048576 alloc=1*2097152
[    0.409175] kernel: pcpu-alloc: [0] 0 1 
[    0.409203] kernel: kvm-guest: setup async PF for cpu 0
[    0.409209] kernel: kvm-guest: stealtime: cpu 0, msr 26561f140
[    0.409214] kernel: Built 1 zonelists, mobility grouping on.  Total pages: 2580192
[    0.409215] kernel: Policy zone: Normal
[    0.409218] kernel: Kernel command line: root=/dev/sda console=ttyS0 net.ifnames=0 ip=192.168.0.8 quiet nokaslr
[    0.409312] kernel: Unknown command line parameters: nokaslr
[    0.413736] kernel: Dentry cache hash table entries: 2097152 (order: 12, 16777216 bytes, linear)
[    0.415986] kernel: Inode-cache hash table entries: 1048576 (order: 11, 8388608 bytes, linear)
[    0.416052] kernel: mem auto-init: stack:off, heap alloc:off, heap free:off
[    0.631848] kernel: Memory: 8872648K/10485240K available (14348K kernel code, 2403K rwdata, 3568K rodata, 1384K init, 1732K bss, 1612392K reserved, 0K cma-reserved)
[    0.631958] kernel: SLUB: HWalign=64, Order=0-3, MinObjects=0, CPUs=2, Nodes=1
[    0.632437] kernel: rcu: Hierarchical RCU implementation.
[    0.632438] kernel: rcu:         RCU event tracing is enabled.
[    0.632439] kernel: rcu:         RCU restricting CPUs from NR_CPUS=64 to nr_cpu_ids=2.
[    0.632442] kernel: rcu: RCU calculated value of scheduler-enlistment delay is 100 jiffies.
[    0.632443] kernel: rcu: Adjusting geometry for rcu_fanout_leaf=16, nr_cpu_ids=2
[    0.635827] kernel: NR_IRQS: 4352, nr_irqs: 440, preallocated irqs: 16
[    0.636059] kernel: random: get_random_bytes called from start_kernel+0x4b1/0x67a with crng_init=0
[    0.640214] kernel: Console: colour VGA+ 80x25
[    0.640262] kernel: printk: console [ttyS0] enabled
[    0.640283] kernel: ACPI: Core revision 20210730
[    0.640461] kernel: clocksource: hpet: mask: 0xffffffff max_cycles: 0xffffffff, max_idle_ns: 19112604467 ns
[    0.640593] kernel: APIC: Switch to symmetric I/O mode setup
[    0.640597] kernel: kvm-guest: setup PV IPIs
[    0.641699] kernel: ..TIMER: vector=0x30 apic1=0 pin1=2 apic2=-1 pin2=-1
[    0.641725] kernel: clocksource: tsc-early: mask: 0xffffffffffffffff max_cycles: 0x2563bd843df, max_idle_ns: 440795257314 ns
[    0.641733] kernel: Calibrating delay loop (skipped) preset value.. 5187.80 BogoMIPS (lpj=2593904)
[    0.641736] kernel: pid_max: default: 32768 minimum: 301
[    0.641775] kernel: LSM: Security Framework initializing
[    0.641791] kernel: SELinux:  Initializing.
[    0.641868] kernel: Mount-cache hash table entries: 32768 (order: 6, 262144 bytes, linear)
[    0.642227] kernel: Mountpoint-cache hash table entries: 32768 (order: 6, 262144 bytes, linear)
[    0.643093] kernel: x86/cpu: User Mode Instruction Prevention (UMIP) activated
[    0.643268] kernel: Last level iTLB entries: 4KB 0, 2MB 0, 4MB 0
[    0.643270] kernel: Last level dTLB entries: 4KB 0, 2MB 0, 4MB 0, 1GB 0
[    0.643280] kernel: Spectre V1 : Mitigation: usercopy/swapgs barriers and __user pointer sanitization
[    0.643285] kernel: Spectre V2 : Mitigation: Enhanced IBRS
[    0.643286] kernel: Spectre V2 : Spectre v2 / SpectreRSB mitigation: Filling RSB on context switch
[    0.643288] kernel: Spectre V2 : mitigation: Enabling conditional Indirect Branch Prediction Barrier
[    0.643290] kernel: Speculative Store Bypass: Mitigation: Speculative Store Bypass disabled via prctl and seccomp
[    0.643291] kernel: TAA: Mitigation: TSX disabled
[    0.649962] kernel: Freeing SMP alternatives memory: 40K
[    0.650111] kernel: smpboot: CPU0: Intel(R) Xeon(R) Gold 6348 CPU @ 2.60GHz (family: 0x6, model: 0x6a, stepping: 0x6)
[    0.650232] kernel: Performance Events: Icelake events, 32-deep LBR, full-width counters, Intel PMU driver.
[    ----- is restarting 0
---- dfs_name orangefs is_dfs_client 0

[    0.000574] kernel: last_pfn = 0x2c0000 max_arch_pfn = 0x10000000000
[    0.000629] kernel: x86/PAT: Configuration [0-7]: WB  WC  UC- UC  WB  WP  UC- WT  
[    0.000636] kernel: last_pfn = 0xbffe0 max_arch_pfn = 0x10000000000
[    0.006047] kernel: found SMP MP-table at [mem 0x000f5b90-0x000f5b9f]
[    0.006101] kernel: Using GB pages for direct mapping
[    0.006680] kernel: ACPI: Early table checksum verification disabled
[    0.006687] kernel: ACPI: RSDP 0x00000000000F59B0 000014 (v00 BOCHS )
[    0.006695] kernel: ACPI: RSDT 0x00000000BFFE197C 000034 (v01 BOCHS  BXPC     00000001 BXPC 00000001)
[    0.006700] kernel: ACPI: FACP 0x00000000BFFE1828 000074 (v01 BOCHS  BXPC     00000001 BXPC 00000001)
[    0.006705] kernel: ACPI: DSDT 0x00000000BFFE0040 0017E8 (v01 BOCHS  BXPC     00000001 BXPC 00000001)
[    0.006708] kernel: ACPI: FACS 0x00000000BFFE0000 000040
[    0.006710] kernel: ACPI: APIC 0x00000000BFFE189C 000080 (v01 BOCHS  BXPC     00000001 BXPC 00000001)
[    0.006713]ors activated (10375.61 BogoMIPS)
[    0.639359] kernel: devtmpfs: initialized
[    0.640238] kernel: clocksource: jiffies: mask: 0xffffffff max_cycles: 0xffffffff, max_idle_ns: 1911260446275000 ns
[    0.640244] kernel: futex hash table entries: 512 (order: 3, 32768 bytes, linear)
[    0.640835] kernel: PM: RTC time: 01:20:44, date: 2023-03-25
[    0.641018] kernel: NET: Registered PF_NETLINK/PF_ROUTE protocol family
[    0.641359] kernel: audit: initializing netlink subsys (disabled)
[    0.641377] kernel: audit: type=2000 audit(1679707245.453:1): state=initialized audit_enabled=0 res=1
[    0.641395] kernel: thermal_sys: Registered thermal governor 'step_wise'
[    0.641397] kernel: thermal_sys: Registered thermal governor 'user_space'
[    0.641420] kernel: cpuidle: using governor menu
[    0.641420] kernel: ACPI: bus type PCI registered
[    0.641420] kernel: PCI: Using configuration type 1 for base access
[    0.651137] kernel: Kprobes globally optimized
[    0.651152] kernel: Hunlink FIFO failed: No such file or directory
[    0.000000] kernel: Linux version 5.15.0+ (tlyu@IC-RS3-DPC07) (gcc (Ubuntu 9.4.0-1ubuntu1~20.04.1) 9.4.0, GNU ld (GNU Binutils for Ubuntu) 2.34) #7 SMP Sat Feb 18 10:18:37 CET 2023
[    0.000000] kernel: Command line: root=/dev/sda console=ttyS0 net.ifnames=0 ip=192.168.0.7 quiet nokaslr
[    0.000000] kernel: x86/fpu: Supporting XSAVE feature 0x001: 'x87 floating point registers'
[    0.000000] kernel: x86/fpu: Supporting XSAVE feature 0x002: 'SSE registers'
[    0.000000] kernel: x86/fpu: Supporting XSAVE feature 0x004: 'AVX registers'
[    0.000000] kernel: x86/fpu: Supporting XSAVE feature 0x020: 'AVX-512 opmask'
[    0.000000] kernel: x86/fpu: Supporting XSAVE feature 0x040: 'AVX-512 Hi256'
[    0.000000] kernel: x86/fpu: Supporting XSAVE feature 0x080: 'AVX-512 ZMM_Hi256'
[    0.000000] kernel: x86/fpu: Supporting XSAVE feature 0x200: 'Protection Keys User registers'
[    0.000000] kernel: x86/fpu: xstate_offset[2]:  576, xstate_sizes[2]:  256
[    0.000000] kernel: x86/fpu: 0.650331] kernel: ... version:                2
[    0.650332] kernel: ... bit width:              48
[    0.650333] kernel: ... generic registers:      8
[    0.650334] kernel: ... value mask:             0000ffffffffffff
[    0.650335] kernel: ... max period:             00007fffffffffff
[    0.650336] kernel: ... fixed-purpose events:   3
[    0.650337] kernel: ... event mask:             00000007000000ff
[    0.650463] kernel: rcu: Hierarchical SRCU implementation.
[    0.650728] kernel: smp: Bringing up secondary CPUs ...
[    0.650728] kernel: x86: Booting SMP configuration:
[    0.650728] kernel: .... node  #0, CPUs:      #1
[    0.005701] kernel: kvm-clock: cpu 1, msr 2c6e041, secondary cpu clock
[    0.651491] kernel: kvm-guest: setup async PF for cpu 1
[    0.651491] kernel: kvm-guest: stealtime: cpu 1, msr 26571f140
[    0.651491] kernel: smp: Brought up 1 node, 2 CPUs
[    0.651491] kernel: smpboot: Max logical packages: 1
[    0.651491] kernel: smpboot: Total of 2 processugeTLB registered 2.00 MiB page size, pre-allocated 0 pages
[    0.651155] kernel: cryptomgr_test (27) used greatest stack depth: 31400 bytes left
[    0.652165] kernel: ACPI: Added _OSI(Module Device)
[    0.652165] kernel: ACPI: Added _OSI(Processor Device)
[    0.652165] kernel: ACPI: Added _OSI(3.0 _SCP Extensions)
[    0.652165] kernel: ACPI: Added _OSI(Processor Aggregator Device)
[    0.652165] kernel: ACPI: Added _OSI(Linux-Dell-Video)
[    0.652166] kernel: ACPI: Added _OSI(Linux-Lenovo-NV-HDMI-Audio)
[    0.652168] kernel: ACPI: Added _OSI(Linux-HPI-Hybrid-Graphics)
[    0.658277] kernel: ACPI: 1 ACPI AML tables successfully acquired and loaded
[    0.661488] kernel: ACPI: Interpreter enabled
[    0.661523] kernel: ACPI: PM: (supports S0 S3 S4 S5)
[    0.661525] kernel: ACPI: Using IOAPIC for interrupt routing
[    0.661558] kernel: PCI: Using host bridge windows from ACPI; if necessary, use "pci=nocrs" and report a bug
[    0.661977] kernel: ACPI: Enabled 2 GPEs in block 00[D 01/16/2023 17:42:13] PVFS2 Server version 2.9.7-orangefs-REV-65ab0d2 starting.
[E 01/16/2023 17:43:19] PVFS2 server got signal 15 (server_status_flag: 2080767)
[D 02/18/2023 14:39:31] PVFS2 Server version 2.9.7-orangefs-REV-65ab0d2 starting.
[D 02/18/2023 14:47:30] PVFS2 received server: signal 1
[E 02/18/2023 14:47:30] PVFS2 server got signal 15 (server_status_flag: 2080767)
 kernel: ACPI: HPET 0x00000000BFFE191C 000038 (v01 BOCHS  BXPC     00000001 BXPC 00000001)
[    0.006716] kernel: ACPI: WAET 0x00000000BFFE1954 000028 (v01 BOCHS  BXPC     00000001 BXPC 00000001)
[    0.006718] kernel: ACPI: Reserving FACP table memory at [mem 0xbffe1828-0xbffe189b]
[    0.006719] kernel: ACPI: Reserving DSDT table memory at [mem 0xbffe0040-0xbffe1827]
[    0.006720] kernel: ACPI: Reserving FACS table memory at [mem 0xbffe0000-0xbffe003f]
[    0.006721] kernel: ACPI: Reserving APIC table memory at [mem 0xbffe189c-0xbffe191b]
[    0.006722] kernel: ACPI: Reserving HPET table memory at [mem 0xbffe191c-0xbffe1953]
[    0.006722] kernel: ACPI: Reserving WAET table memory at [mem 0xbffe1954-0xbffe197b]
[    0.007060] kernel: No NUMA configuration found
[    0.007061] kernel: Faking a node at [mem 0x0000000000000000-0x00000002bfffffff]
[    0.007064] kernel: NODE_DATA(0) allocated [mem 0x2bfffa000-0x2bfffdfff]
[    0.007117] kernel: Zone ranges:
[    0.007118] kernel:   DMAxstate_offset[5]:  832, xstate_sizes[5]:   64
[    0.000000] kernel: x86/fpu: xstate_offset[6]:  896, xstate_sizes[6]:  512
[    0.000000] kernel: x86/fpu: xstate_offset[7]: 1408, xstate_sizes[7]: 1024
[    0.000000] kernel: x86/fpu: xstate_offset[9]: 2432, xstate_sizes[9]:    8
[    0.000000] kernel: x86/fpu: Enabled xstate features 0x2e7, context size is 2440 bytes, using 'compacted' format.
[    0.000000] kernel: signal: max sigframe size: 3632
[    0.000000] kernel: BIOS-provided physical RAM map:
[    0.000000] kernel: BIOS-e820: [mem 0x0000000000000000-0x000000000009fbff] usable
[    0.000000] kernel: BIOS-e820: [mem 0x000000000009fc00-0x000000000009ffff] reserved
[    0.000000] kernel: BIOS-e820: [mem 0x00000000000f0000-0x00000000000fffff] reserved
[    0.000000] kernel: BIOS-e820: [mem 0x0000000000100000-0x00000000bffdffff] usable
[    0.000000] kernel: BIOS-e820: [mem 0x00000000bffe0000-0x00000000bfffffff] reserved
[    0.000000] kernel: BIOS-e820: [mem 0x00000000feffc000-0x0ors activated (10375.61 BogoMIPS)
[    0.652351] kernel: devtmpfs: initialized
[    0.654109] kernel: clocksource: jiffies: mask: 0xffffffff max_cycles: 0xffffffff, max_idle_ns: 1911260446275000 ns
[    0.654120] kernel: futex hash table entries: 512 (order: 3, 32768 bytes, linear)
[    0.655064] kernel: PM: RTC time: 01:20:44, date: 2023-03-25
[    0.655190] kernel: NET: Registered PF_NETLINK/PF_ROUTE protocol family
[    0.655681] kernel: audit: initializing netlink subsys (disabled)
[    0.655793] kernel: audit: type=2000 audit(1679707245.500:1): state=initialized audit_enabled=0 res=1
[    0.656962] kernel: thermal_sys: Registered thermal governor 'step_wise'
[    0.656964] kernel: thermal_sys: Registered thermal governor 'user_space'
[    0.656987] kernel: cpuidle: using governor menu
[    0.656987] kernel: ACPI: bus type PCI registered
[    0.657013] kernel: PCI: Using configuration type 1 for base access
[    0.670772] kernel: Kprobes globally optimized
[    0.670879] kernel: H to 0F
[    0.674463] kernel: ACPI: PCI Root Bridge [PCI0] (domain 0000 [bus 00-ff])
[    0.674474] kernel: acpi PNP0A03:00: _OSC: OS supports [ASPM ClockPM Segments MSI HPX-Type3]
[    0.674531] kernel: acpi PNP0A03:00: fail to add MMCONFIG information, can't access extended PCI configuration space under this bridge.
[    0.674658] kernel: PCI host bridge to bus 0000:00
[    0.674661] kernel: pci_bus 0000:00: root bus resource [io  0x0000-0x0cf7 window]
[    0.674664] kernel: pci_bus 0000:00: root bus resource [io  0x0d00-0xffff window]
[    0.674666] kernel: pci_bus 0000:00: root bus resource [mem 0x000a0000-0x000bffff window]
[    0.674669] kernel: pci_bus 0000:00: root bus resource [mem 0xc0000000-0xfebfffff window]
[    0.674671] kernel: pci_bus 0000:00: root bus resource [mem 0x2c0000000-0x33fffffff window]
[    0.674674] kernel: pci_bus 0000:00: root bus resource [bus 00-ff]
[    0.675274] kernel: pci 0000:00:00.0: [8086:1237] type 00 class 0x060000
[    0.678476] kernel: pci 0executor 2 finishes userspace_cover_open
      [mem 0x0000000000001000-0x0000000000ffffff]
[    0.007120] kernel:   DMA32    [mem 0x0000000001000000-0x00000000ffffffff]
[    0.007121] kernel:   Normal   [mem 0x0000000100000000-0x00000002bfffffff]
[    0.007122] kernel: Movable zone start for each node
[    0.007123] kernel: Early memory node ranges
[    0.007123] kernel:   node   0: [mem 0x0000000000001000-0x000000000009efff]
[    0.007125] kernel:   node   0: [mem 0x0000000000100000-0x00000000bffdffff]
[    0.007126] kernel:   node   0: [mem 0x0000000100000000-0x00000002bfffffff]
[    0.007127] kernel: Initmem setup node 0 [mem 0x0000000000001000-0x00000002bfffffff]
[    0.007515] kernel: On node 0, zone DMA: 1 pages in unavailable ranges
[    0.007529] kernel: On node 0, zone DMA: 97 pages in unavailable ranges
[    0.050561] kernel: On node 0, zone Normal: 32 pages in unavailable ranges
[    0.406982] kernel: kasan: KernelAddressSanitizer initialized
[    0.407380] kernel: ACPI: PM-Timer IO Port: 0x608
[    0.407387] kernbefore receiving handshake request
req.flags ea2
----- executor 2 do_sandbox_none at begining
----- executor 2 do_sandbox_none before fork()
ugeTLB registered 2.00 MiB page size, pre-allocated 0 pages
[    0.671756] kernel: cryptomgr_test (27) used greatest stack depth: 31400 bytes left
[    0.672855] kernel: ACPI: Added _OSI(Module Device)
[    0.672860] kernel: ACPI: Added _OSI(Processor Device)
[    0.672863] kernel: ACPI: Added _OSI(3.0 _SCP Extensions)
[    0.672865] kernel: ACPI: Added _OSI(Processor Aggregator Device)
[    0.672874] kernel: ACPI: Added _OSI(Linux-Dell-Video)
[    0.672881] kernel: ACPI: Added _OSI(Linux-Lenovo-NV-HDMI-Audio)
[    0.672888] kernel: ACPI: Added _OSI(Linux-HPI-Hybrid-Graphics)
[    0.691376] kernel: ACPI: 1 ACPI AML tables successfully acquired and loaded
[    0.695060] kernel: ACPI: Interpreter enabled
[    0.695107] kernel: ACPI: PM: (supports S0 S3 S4 S5)
[    0.695109] kernel: ACPI: Using IOAPIC for interrupt routing
[    0.695153] kernel: PCI: Using host bridge windows from ACPI; if necessary, use "pci=nocrs" and report a bug
[    0.695728] kernel: ACPI: Enabled 2 GPEs in block 00000:00:01.0: [8086:7000] type 00 class 0x060100
[    0.679387] kernel: pci 0000:00:01.1: [8086:7010] type 00 class 0x010180
[    0.681867] kernel: pci 0000:00:01.1: reg 0x20: [io  0xc040-0xc04f]
[    0.682898] kernel: pci 0000:00:01.1: legacy IDE quirk: reg 0x10: [io  0x01f0-0x01f7]
[    0.682901] kernel: pci 0000:00:01.1: legacy IDE quirk: reg 0x14: [io  0x03f6]
[    0.682902] kernel: pci 0000:00:01.1: legacy IDE quirk: reg 0x18: [io  0x0170-0x0177]
[    0.682903] kernel: pci 0000:00:01.1: legacy IDE quirk: reg 0x1c: [io  0x0376]
[    0.683665] kernel: pci 0000:00:01.3: [8086:7113] type 00 class 0x068000
[    0.683988] kernel: pci 0000:00:01.3: quirk: [io  0x0600-0x063f] claimed by PIIX4 ACPI
[    0.683996] kernel: pci 0000:00:01.3: quirk: [io  0x0700-0x070f] claimed by PIIX4 SMB
[    0.685012] kernel: pci 0000:00:02.0: [1234:1111] type 00 class 0x030000
[    0.686674] kernel: pci 0000:00:02.0: reg 0x10: [mem 0xfd000000-0xfdffffff pref]
[    0.688683] kernel: pci 0000:00:02.0: reg 0xel: ACPI: LAPIC_NMI (acpi_id[0xff] dfl dfl lint[0x1])
[    0.407423] kernel: IOAPIC[0]: apic_id 0, version 17, address 0xfec00000, GSI 0-23
[    0.407427] kernel: ACPI: INT_SRC_OVR (bus 0 bus_irq 0 global_irq 2 dfl dfl)
[    0.407429] kernel: ACPI: INT_SRC_OVR (bus 0 bus_irq 5 global_irq 5 high level)
[    0.407430] kernel: ACPI: INT_SRC_OVR (bus 0 bus_irq 9 global_irq 9 high level)
[    0.407431] kernel: ACPI: INT_SRC_OVR (bus 0 bus_irq 10 global_irq 10 high level)
[    0.407433] kernel: ACPI: INT_SRC_OVR (bus 0 bus_irq 11 global_irq 11 high level)
[    0.407436] kernel: ACPI: Using ACPI (MADT) for SMP configuration information
[    0.407437] kernel: ACPI: HPET id: 0x8086a201 base: 0xfed00000
[    0.407440] kernel: TSC deadline timer available
[    0.407441] kernel: smpboot: Allowing 2 CPUs, 0 hotplug CPUs
[    0.407464] kernel: kvm-guest: KVM setup pv remote TLB flush
[    0.407469] kernel: kvm-guest: setup PV sched yield
[    0.407482] kernel: PM: hibernation: Registered nosave mem to 0F
[    0.711137] kernel: ACPI: PCI Root Bridge [PCI0] (domain 0000 [bus 00-ff])
[    0.711151] kernel: acpi PNP0A03:00: _OSC: OS supports [ASPM ClockPM Segments MSI HPX-Type3]
[    0.711205] kernel: acpi PNP0A03:00: fail to add MMCONFIG information, can't access extended PCI configuration space under this bridge.
[    0.711332] kernel: PCI host bridge to bus 0000:00
[    0.711335] kernel: pci_bus 0000:00: root bus resource [io  0x0000-0x0cf7 window]
[    0.711338] kernel: pci_bus 0000:00: root bus resource [io  0x0d00-0xffff window]
[    0.711342] kernel: pci_bus 0000:00: root bus resource [mem 0x000a0000-0x000bffff window]
[    0.711345] kernel: pci_bus 0000:00: root bus resource [mem 0xc0000000-0xfebfffff window]
[    0.711347] kernel: pci_bus 0000:00: root bus resource [mem 0x2c0000000-0x33fffffff window]
[    0.711350] kernel: pci_bus 0000:00: root bus resource [bus 00-ff]
[    0.711960] kernel: pci 0000:00:00.0: [8086:1237] type 00 class 0x060000
[    0.716147] kernel: pci 0ory: [mem 0x00000000-0x00000fff]
[    0.407483] kernel: PM: hibernation: Registered nosave memory: [mem 0x0009f000-0x0009ffff]
[    0.407484] kernel: PM: hibernation: Registered nosave memory: [mem 0x000a0000-0x000effff]
[    0.407485] kernel: PM: hibernation: Registered nosave memory: [mem 0x000f0000-0x000fffff]
[    0.407487] kernel: PM: hibernation: Registered nosave memory: [mem 0xbffe0000-0xbfffffff]
[    0.407488] kernel: PM: hibernation: Registered nosave memory: [mem 0xc0000000-0xfeffbfff]
[    0.407488] kernel: PM: hibernation: Registered nosave memory: [mem 0xfeffc000-0xfeffffff]
[    0.407489] kernel: PM: hibernation: Registered nosave memory: [mem 0xff000000-0xfffbffff]
[    0.407490] kernel: PM: hibernation: Registered nosave memory: [mem 0xfffc0000-0xffffffff]
[    0.407491] kernel: [mem 0xc0000000-0xfeffbfff] available for PCI devices
[    0.407493] kernel: Booting paravirtualized kernel on KVM
[    0.407494] kernel: clocksource: refined-jiffies: mask: 0xffffffff max_cy18: [mem 0xfeb90000-0xfeb90fff]
[    0.692927] kernel: pci 0000:00:02.0: reg 0x30: [mem 0xfeb80000-0xfeb8ffff pref]
[    0.697074] kernel: pci 0000:00:03.0: [1af4:1005] type 00 class 0x00ff00
[    0.697827] kernel: pci 0000:00:03.0: reg 0x10: [io  0xc000-0xc01f]
[    0.700087] kernel: pci 0000:00:03.0: reg 0x20: [mem 0xfe200000-0xfe203fff 64bit pref]
[    0.705082] kernel: pci 0000:00:04.0: [1af4:1000] type 00 class 0x020000
[    0.705979] kernel: pci 0000:00:04.0: reg 0x10: [io  0xc020-0xc03f]
[    0.706556] kernel: pci 0000:00:04.0: reg 0x14: [mem 0xfeb91000-0xfeb91fff]
[    0.710584] kernel: pci 0000:00:04.0: reg 0x20: [mem 0xfe204000-0xfe207fff 64bit pref]
[    0.712095] kernel: pci 0000:00:04.0: reg 0x30: [mem 0xfeb00000-0xfeb7ffff pref]
[    0.715939] kernel: pci 0000:00:10.0: [1af4:1110] type 00 class 0x050000
[    0.716093] kernel: pci 0000:00:10.0: reg 0x10: [mem 0xfeb92000-0xfeb920ff]
[    0.719096] kernel: pci 0000:00:10.0: reg 0x18: [mem 0xfe000000-0xfe0fffff 64bit pref]
[000:00:01.0: [8086:7000] type 00 class 0x060100
[    0.717056] kernel: pci 0000:00:01.1: [8086:7010] type 00 class 0x010180
[    0.719460] kernel: pci 0000:00:01.1: reg 0x20: [io  0xc040-0xc04f]
[    0.720532] kernel: pci 0000:00:01.1: legacy IDE quirk: reg 0x10: [io  0x01f0-0x01f7]
[    0.720535] kernel: pci 0000:00:01.1: legacy IDE quirk: reg 0x14: [io  0x03f6]
[    0.720536] kernel: pci 0000:00:01.1: legacy IDE quirk: reg 0x18: [io  0x0170-0x0177]
[    0.720537] kernel: pci 0000:00:01.1: legacy IDE quirk: reg 0x1c: [io  0x0376]
[    0.721296] kernel: pci 0000:00:01.3: [8086:7113] type 00 class 0x068000
[    0.721620] kernel: pci 0000:00:01.3: quirk: [io  0x0600-0x063f] claimed by PIIX4 ACPI
[    0.721627] kernel: pci 0000:00:01.3: quirk: [io  0x0700-0x070f] claimed by PIIX4 SMB
[    0.722736] kernel: pci 0000:00:02.0: [1234:1111] type 00 class 0x030000
[    0.723732] kernel: pci 0000:00:02.0: reg 0x10: [mem 0xfd000000-0xfdffffff pref]
[    0.725119] kernel: pci 0000:00:02.0: reg 0x    0.725986] kernel: pci 0000:00:11.0: [1af4:1110] type 00 class 0x050000
[    0.726414] kernel: pci 0000:00:11.0: reg 0x10: [mem 0xfeb93000-0xfeb930ff]
[    0.727404] kernel: pci 0000:00:11.0: reg 0x18: [mem 0xfe208000-0xfe2083ff 64bit pref]
[    0.733447] kernel: pci 0000:00:12.0: [1af4:1110] type 00 class 0x050000
[    0.734096] kernel: pci 0000:00:12.0: reg 0x10: [mem 0xfeb94000-0xfeb940ff]
[    0.735464] kernel: pci 0000:00:12.0: reg 0x18: [mem 0xfe100000-0xfe1fffff 64bit pref]
[    0.742454] kernel: ACPI: PCI: Interrupt link LNKA configured for IRQ 10
[    0.742920] kernel: ACPI: PCI: Interrupt link LNKB configured for IRQ 10
[    0.743325] kernel: ACPI: PCI: Interrupt link LNKC configured for IRQ 11
[    0.743723] kernel: ACPI: PCI: Interrupt link LNKD configured for IRQ 11
[    0.743885] kernel: ACPI: PCI: Interrupt link LNKS configured for IRQ 9
[    0.744598] kernel: iommu: Default domain type: Translated 
[    0.744600] kernel: iommu: DMA domain TLB invalidation policy: lacles: 0xffffffff, max_idle_ns: 1910969940391419 ns
[    0.412443] kernel: setup_percpu: NR_CPUS:64 nr_cpumask_bits:64 nr_cpu_ids:2 nr_node_ids:1
[    0.413112] kernel: percpu: Embedded 56 pages/cpu s191576 r8192 d29608 u1048576
[    0.413117] kernel: pcpu-alloc: s191576 r8192 d29608 u1048576 alloc=1*2097152
[    0.413120] kernel: pcpu-alloc: [0] 0 1 
[    0.413146] kernel: kvm-guest: setup async PF for cpu 0
[    0.413152] kernel: kvm-guest: stealtime: cpu 0, msr 26561f140
[    0.413157] kernel: Built 1 zonelists, mobility grouping on.  Total pages: 2580192
[    0.413158] kernel: Policy zone: Normal
[    0.413159] kernel: Kernel command line: root=/dev/sda console=ttyS0 net.ifnames=0 ip=192.168.0.6 quiet nokaslr
[    0.413247] kernel: Unknown command line parameters: nokaslr
[    0.417792] kernel: Dentry cache hash table entries: 2097152 (order: 12, 16777216 bytes, linear)
[    0.420083] kernel: Inode-cache hash table entries: 1048576 (order: 11, 8388608 bytes, linear)
[    0.420146] 18: [mem 0xfeb90000-0xfeb90fff]
[    0.728731] kernel: pci 0000:00:02.0: reg 0x30: [mem 0xfeb80000-0xfeb8ffff pref]
[    0.733829] kernel: pci 0000:00:03.0: [1af4:1005] type 00 class 0x00ff00
[    0.734544] kernel: pci 0000:00:03.0: reg 0x10: [io  0xc000-0xc01f]
[    0.736731] kernel: pci 0000:00:03.0: reg 0x20: [mem 0xfe200000-0xfe203fff 64bit pref]
[    0.741686] kernel: pci 0000:00:04.0: [1af4:1000] type 00 class 0x020000
[    0.742731] kernel: pci 0000:00:04.0: reg 0x10: [io  0xc020-0xc03f]
[    0.744608] kernel: pci 0000:00:04.0: reg 0x14: [mem 0xfeb91000-0xfeb91fff]
[    0.746603] kernel: pci 0000:00:04.0: reg 0x20: [mem 0xfe204000-0xfe207fff 64bit pref]
[    0.747408] kernel: pci 0000:00:04.0: reg 0x30: [mem 0xfeb00000-0xfeb7ffff pref]
[    0.751818] kernel: pci 0000:00:10.0: [1af4:1110] type 00 class 0x050000
[    0.753145] kernel: pci 0000:00:10.0: reg 0x10: [mem 0xfeb92000-0xfeb920ff]
[    0.754485] kernel: pci 0000:00:10.0: reg 0x18: [mem 0xfe000000-0xfe0fffff 64bit pref]
[zy mode 
[    0.744634] kernel: pci 0000:00:02.0: vgaarb: setting as boot VGA device
[    0.744634] kernel: pci 0000:00:02.0: vgaarb: VGA device added: decodes=io+mem,owns=io+mem,locks=none
[    0.744634] kernel: pci 0000:00:02.0: vgaarb: bridge control possible
[    0.744634] kernel: vgaarb: loaded
[    0.744634] kernel: SCSI subsystem initialized
[    0.745149] kernel: libata version 3.00 loaded.
[    0.745261] kernel: ACPI: bus type USB registered
[    0.745322] kernel: usbcore: registered new interface driver usbfs
[    0.745353] kernel: usbcore: registered new interface driver hub
[    0.745371] kernel: usbcore: registered new device driver usb
[    0.745432] kernel: pps_core: LinuxPPS API ver. 1 registered
[    0.745434] kernel: pps_core: Software ver. 5.3.6 - Copyright 2005-2007 Rodolfo Giometti <giometti@linux.it>
[    0.745447] kernel: PTP clock support registered
[    0.745483] kernel: Advanced Linux Sound Architecture Driver Initialized.
[    0.745498] kernel: NetLabel: Inikernel: mem auto-init: stack:off, heap alloc:off, heap free:off
[    0.601941] kernel: Memory: 8872648K/10485240K available (14348K kernel code, 2403K rwdata, 3568K rodata, 1384K init, 1732K bss, 1612392K reserved, 0K cma-reserved)
[    0.602043] kernel: SLUB: HWalign=64, Order=0-3, MinObjects=0, CPUs=2, Nodes=1
[    0.602551] kernel: rcu: Hierarchical RCU implementation.
[    0.602552] kernel: rcu:         RCU event tracing is enabled.
[    0.602553] kernel: rcu:         RCU restricting CPUs from NR_CPUS=64 to nr_cpu_ids=2.
[    0.602555] kernel: rcu: RCU calculated value of scheduler-enlistment delay is 100 jiffies.
[    0.602556] kernel: rcu: Adjusting geometry for rcu_fanout_leaf=16, nr_cpu_ids=2
[    0.605919] kernel: NR_IRQS: 4352, nr_irqs: 440, preallocated irqs: 16
[    0.606152] kernel: random: get_random_bytes called from start_kernel+0x4b1/0x67a with crng_init=0
[    0.610382] kernel: Console: colour VGA+ 80x25
[    0.610426] kernel: printk: console [ttyS0] enabled
[    0.6before receive testcase: 0 1
    0.760603] kernel: pci 0000:00:11.0: [1af4:1110] type 00 class 0x050000
[    0.761044] kernel: pci 0000:00:11.0: reg 0x10: [mem 0xfeb93000-0xfeb930ff]
[    0.762732] kernel: pci 0000:00:11.0: reg 0x18: [mem 0xfe208000-0xfe2083ff 64bit pref]
[    0.768501] kernel: pci 0000:00:12.0: [1af4:1110] type 00 class 0x050000
[    0.769064] kernel: pci 0000:00:12.0: reg 0x10: [mem 0xfeb94000-0xfeb940ff]
[    0.770554] kernel: pci 0000:00:12.0: reg 0x18: [mem 0xfe100000-0xfe1fffff 64bit pref]
[    0.777968] kernel: ACPI: PCI: Interrupt link LNKA configured for IRQ 10
[    0.778389] kernel: ACPI: PCI: Interrupt link LNKB configured for IRQ 10
[    0.778792] kernel: ACPI: PCI: Interrupt link LNKC configured for IRQ 11
[    0.779194] kernel: ACPI: PCI: Interrupt link LNKD configured for IRQ 11
[    0.779355] kernel: ACPI: PCI: Interrupt link LNKS configured for IRQ 9
[    0.780056] kernel: iommu: Default domain type: Translated 
[    0.780057] kernel: iommu: DMA domain TLB invalidation policy: la10446] kernel: ACPI: Core revision 20210730
[    0.610612] kernel: clocksource: hpet: mask: 0xffffffff max_cycles: 0xffffffff, max_idle_ns: 19112604467 ns
[    0.610708] kernel: APIC: Switch to symmetric I/O mode setup
[    0.610711] kernel: kvm-guest: setup PV IPIs
[    0.611815] kernel: ..TIMER: vector=0x30 apic1=0 pin1=2 apic2=-1 pin2=-1
[    0.611841] kernel: clocksource: tsc-early: mask: 0xffffffffffffffff max_cycles: 0x2563bd843df, max_idle_ns: 440795257314 ns
[    0.611847] kernel: Calibrating delay loop (skipped) preset value.. 5187.80 BogoMIPS (lpj=2593904)
[    0.611850] kernel: pid_max: default: 32768 minimum: 301
[    0.611887] kernel: LSM: Security Framework initializing
[    0.611901] kernel: SELinux:  Initializing.
[    0.611973] kernel: Mount-cache hash table entries: 32768 (order: 6, 262144 bytes, linear)
[    0.612379] kernel: Mountpoint-cache hash table entries: 32768 (order: 6, 262144 bytes, linear)
[    0.613162] kernel: x86/cpu: User Mode Instruction Prevention (tializing
[    0.745499] kernel: NetLabel:  domain hash size = 128
[    0.745500] kernel: NetLabel:  protocols = UNLABELED CIPSOv4 CALIPSO
[    0.745538] kernel: NetLabel:  unlabeled traffic allowed by default
[    0.746132] kernel: PCI: Using ACPI for IRQ routing
[    0.746132] kernel: PCI: pci_cache_line_size set to 64 bytes
[    0.746151] kernel: e820: reserve RAM buffer [mem 0x0009fc00-0x0009ffff]
[    0.746156] kernel: e820: reserve RAM buffer [mem 0xbffe0000-0xbfffffff]
[    0.746220] kernel: hpet0: at MMIO 0xfed00000, IRQs 2, 8, 0
[    0.746225] kernel: hpet0: 3 comparators, 64-bit 100.000000 MHz counter
[    0.750159] kernel: clocksource: Switched to clocksource kvm-clock
[    0.785696] kernel: VFS: Disk quotas dquot_6.6.0
[    0.785719] kernel: VFS: Dquot-cache hash table entries: 512 (order 0, 4096 bytes)
[    0.785841] kernel: pnp: PnP ACPI init
[    0.786065] kernel: pnp 00:02: [dma 2]
[    0.787151] kernel: pnp: PnP ACPI: found 6 devices
[    0.797813] kernel: clocksourcezy mode 
[    0.780096] kernel: pci 0000:00:02.0: vgaarb: setting as boot VGA device
[    0.780096] kernel: pci 0000:00:02.0: vgaarb: VGA device added: decodes=io+mem,owns=io+mem,locks=none
[    0.780096] kernel: pci 0000:00:02.0: vgaarb: bridge control possible
[    0.780096] kernel: vgaarb: loaded
[    0.780096] kernel: SCSI subsystem initialized
[    0.780780] kernel: libata version 3.00 loaded.
[    0.780848] kernel: ACPI: bus type USB registered
[    0.780894] kernel: usbcore: registered new interface driver usbfs
[    0.780915] kernel: usbcore: registered new interface driver hub
[    0.780929] kernel: usbcore: registered new device driver usb
[    0.780976] kernel: pps_core: LinuxPPS API ver. 1 registered
[    0.780977] kernel: pps_core: Software ver. 5.3.6 - Copyright 2005-2007 Rodolfo Giometti <giometti@linux.it>
[    0.780987] kernel: PTP clock support registered
[    0.781235] kernel: Advanced Linux Sound Architecture Driver Initialized.
[    0.782111] kernel: NetLabel: Initializing
[    0.782112] kernel: NetLabel:  domain hash size = 128
[    0.782114] kernel: NetLabel:  protocols = UNLABELED CIPSOv4 CALIPSO
[    0.782153] kernel: NetLabel:  unlabeled traffic allowed by default
[    0.782224] kernel: PCI: Using ACPI for IRQ routing
[    0.782226] kernel: PCI: pci_cache_line_size set to 64 bytes
[    0.782355] kernel: e820: reserve RAM buffer [mem 0x0009fc00-0x0009ffff]
[    0.782361] kernel: e820: reserve RAM buffer [mem 0xbffe0000-0xbfffffff]
[    0.782426] kernel: hpet0: at MMIO 0xfed00000, IRQs 2, 8, 0
[    0.782431] kernel: hpet0: 3 comparators, 64-bit 100.000000 MHz counter
[    0.784800] kernel: clocksource: Switched to clocksource kvm-clock
[    0.811225] kernel: VFS: Disk quotas dquot_6.6.0
[    0.811249] kernel: VFS: Dquot-cache hash table entries: 512 (order 0, 4096 bytes)
[    0.811368] kernel: pnp: PnP ACPI init
[    0.811591] kernel: pnp 00:02: [dma 2]
[    0.812664] kernel: pnp: PnP ACPI: found 6 devices
[    0.826190] kernel: clocksourceUMIP) activated
[    0.613330] kernel: Last level iTLB entries: 4KB 0, 2MB 0, 4MB 0
[    0.613331] kernel: Last level dTLB entries: 4KB 0, 2MB 0, 4MB 0, 1GB 0
[    0.613342] kernel: Spectre V1 : Mitigation: usercopy/swapgs barriers and __user pointer sanitization
[    0.613346] kernel: Spectre V2 : Mitigation: Enhanced IBRS
[    0.613347] kernel: Spectre V2 : Spectre v2 / SpectreRSB mitigation: Filling RSB on context switch
[    0.613348] kernel: Spectre V2 : mitigation: Enabling conditional Indirect Branch Prediction Barrier
[    0.613350] kernel: Speculative Store Bypass: Mitigation: Speculative Store Bypass disabled via prctl and seccomp
[    0.613351] kernel: TAA: Mitigation: TSX disabled
[    0.619504] kernel: Freeing SMP alternatives memory: 40K
[    0.619651] kernel: smpboot: CPU0: Intel(R) Xeon(R) Gold 6348 CPU @ 2.60GHz (family: 0x6, model: 0x6a, stepping: 0x6)
[    0.619772] kernel: Performance Events: Icelake events, 32-deep LBR, full-width counters, Intel PMU driver.
[    : acpi_pm: mask: 0xffffff max_cycles: 0xffffff, max_idle_ns: 2085701024 ns
[    0.826888] kernel: NET: Registered PF_INET protocol family
[    0.827515] kernel: IP idents hash table entries: 262144 (order: 9, 2097152 bytes, linear)
[    0.829554] kernel: tcp_listen_portaddr_hash hash table entries: 8192 (order: 5, 131072 bytes, linear)
[    0.829593] kernel: TCP established hash table entries: 131072 (order: 8, 1048576 bytes, linear)
[    0.829745] kernel: TCP bind hash table entries: 65536 (order: 8, 1048576 bytes, linear)
[    0.830159] kernel: TCP: Hash tables configured (established 131072 bind 65536)
[    0.830217] kernel: UDP hash table entries: 8192 (order: 6, 262144 bytes, linear)
[    0.830252] kernel: UDP-Lite hash table entries: 8192 (order: 6, 262144 bytes, linear)
[    0.830353] kernel: NET: Registered PF_UNIX/PF_LOCAL protocol family
[    0.831538] kernel: pci_bus 0000:00: resource 4 [io  0x0000-0x0cf7 window]
[    0.831542] kernel: pci_bus 0000:00: resource 5 [io  0x0d00.619903] kernel: ... version:                2
[    0.619905] kernel: ... bit width:              48
[    0.619905] kernel: ... generic registers:      8
[    0.619906] kernel: ... value mask:             0000ffffffffffff
[    0.619907] kernel: ... max period:             00007fffffffffff
[    0.619908] kernel: ... fixed-purpose events:   3
[    0.619909] kernel: ... event mask:             00000007000000ff
[    0.620073] kernel: rcu: Hierarchical SRCU implementation.
[    0.620489] kernel: smp: Bringing up secondary CPUs ...
[    0.620606] kernel: x86: Booting SMP configuration:
[    0.620607] kernel: .... node  #0, CPUs:      #1
[    0.005723] kernel: kvm-clock: cpu 1, msr 2c6e041, secondary cpu clock
[    0.621106] kernel: kvm-guest: setup async PF for cpu 1
[    0.621106] kernel: kvm-guest: stealtime: cpu 1, msr 26571f140
[    0.621106] kernel: smp: Brought up 1 node, 2 CPUs
[    0.621106] kernel: smpboot: Max logical packages: 1
[    0.621106] kernel: smpboot: Total of 2 process0-0xffff window]
[    0.831543] kernel: pci_bus 0000:00: resource 6 [mem 0x000a0000-0x000bffff window]
[    0.831544] kernel: pci_bus 0000:00: resource 7 [mem 0xc0000000-0xfebfffff window]
[    0.831545] kernel: pci_bus 0000:00: resource 8 [mem 0x2c0000000-0x33fffffff window]
[    0.831691] kernel: pci 0000:00:01.0: PIIX3: Enabling Passive Release
[    0.831701] kernel: pci 0000:00:00.0: Limiting direct PCI/PCI transfers
[    0.831720] kernel: pci 0000:00:01.0: Activating ISA DMA hang workarounds
[    0.831922] kernel: pci 0000:00:02.0: Video device with shadowed ROM at [mem 0x000c0000-0x000dffff]
[    0.831984] kernel: PCI: CLS 0 bytes, default 64
[    0.832010] kernel: PCI-DMA: Using software bounce buffering for IO (SWIOTLB)
[    0.832012] kernel: software IO TLB: mapped [mem 0x00000000bbfe0000-0x00000000bffe0000] (64MB)
[    0.832327] kernel: RAPL PMU: API unit is 2^-32 Joules, 0 fixed counters, 10737418240 ms ovfl timer
[    0.832339] kernel: clocksource: tsc: mask: 0xfffffffffff: acpi_pm: mask: 0xffffff max_cycles: 0xffffff, max_idle_ns: 2085701024 ns
[    0.797874] kernel: NET: Registered PF_INET protocol family
[    0.798481] kernel: IP idents hash table entries: 262144 (order: 9, 2097152 bytes, linear)
[    0.802342] kernel: tcp_listen_portaddr_hash hash table entries: 8192 (order: 5, 131072 bytes, linear)
[    0.802381] kernel: TCP established hash table entries: 131072 (order: 8, 1048576 bytes, linear)
[    0.802530] kernel: TCP bind hash table entries: 65536 (order: 8, 1048576 bytes, linear)
[    0.802964] kernel: TCP: Hash tables configured (established 131072 bind 65536)
[    0.803031] kernel: UDP hash table entries: 8192 (order: 6, 262144 bytes, linear)
[    0.803064] kernel: UDP-Lite hash table entries: 8192 (order: 6, 262144 bytes, linear)
[    0.803186] kernel: NET: Registered PF_UNIX/PF_LOCAL protocol family
[    0.803509] kernel: pci_bus 0000:00: resource 4 [io  0x0000-0x0cf7 window]
[    0.803513] kernel: pci_bus 0000:00: resource 5 [io  0x0d0ors activated (10375.61 BogoMIPS)
[    0.621883] kernel: devtmpfs: initialized
[    0.622029] kernel: clocksource: jiffies: mask: 0xffffffff max_cycles: 0xffffffff, max_idle_ns: 1911260446275000 ns
[    0.622029] kernel: futex hash table entries: 512 (order: 3, 32768 bytes, linear)
[    0.623006] kernel: PM: RTC time: 01:20:44, date: 2023-03-25
[    0.623843] kernel: NET: Registered PF_NETLINK/PF_ROUTE protocol family
[    0.623843] kernel: audit: initializing netlink subsys (disabled)
[    0.623877] kernel: audit: type=2000 audit(1679707245.468:1): state=initialized audit_enabled=0 res=1
[    0.624143] kernel: thermal_sys: Registered thermal governor 'step_wise'
[    0.624145] kernel: thermal_sys: Registered thermal governor 'user_space'
[    0.631885] kernel: cpuidle: using governor menu
[    0.631984] kernel: ACPI: bus type PCI registered
[    0.632164] kernel: PCI: Using configuration type 1 for base access
[    0.633876] kernel: Kprobes globally optimized
[    0.633892] kernel: Hfffff max_cycles: 0x2563bd843df, max_idle_ns: 440795257314 ns
[    0.832362] kernel: clocksource: Switched to clocksource tsc
[    0.834262] kernel: Initialise system trusted keyrings
[    0.834351] kernel: workingset: timestamp_bits=56 max_order=22 bucket_order=0
[    0.843821] kernel: fuse: init (API version 7.34)
[    0.844243] kernel: orangefs_debugfs_init: called with debug mask: :none: :0:
[    0.844332] kernel: orangefs_init: module version upstream loaded
[    0.857071] kernel: Key type asymmetric registered
[    0.857074] kernel: Asymmetric key parser 'x509' registered
[    0.857167] kernel: Block layer SCSI generic (bsg) driver version 0.4 loaded (major 250)
[    0.857169] kernel: io scheduler mq-deadline registered
[    0.857170] kernel: io scheduler kyber registered
[    0.857578] kernel: input: Power Button as /devices/LNXSYSTM:00/LNXPWRBN:00/input/input0
[    0.857668] kernel: ACPI: button: Power Button [PWRF]
[    1.244982] kernel: ACPI: \_SB_.LNKC: Enabled at IRQ 11
[ 0-0xffff window]
[    0.803515] kernel: pci_bus 0000:00: resource 6 [mem 0x000a0000-0x000bffff window]
[    0.803516] kernel: pci_bus 0000:00: resource 7 [mem 0xc0000000-0xfebfffff window]
[    0.803518] kernel: pci_bus 0000:00: resource 8 [mem 0x2c0000000-0x33fffffff window]
[    0.803642] kernel: pci 0000:00:01.0: PIIX3: Enabling Passive Release
[    0.803651] kernel: pci 0000:00:00.0: Limiting direct PCI/PCI transfers
[    0.803660] kernel: pci 0000:00:01.0: Activating ISA DMA hang workarounds
[    0.803701] kernel: pci 0000:00:02.0: Video device with shadowed ROM at [mem 0x000c0000-0x000dffff]
[    0.803741] kernel: PCI: CLS 0 bytes, default 64
[    0.803759] kernel: PCI-DMA: Using software bounce buffering for IO (SWIOTLB)
[    0.803761] kernel: software IO TLB: mapped [mem 0x00000000bbfe0000-0x00000000bffe0000] (64MB)
[    0.803926] kernel: RAPL PMU: API unit is 2^-32 Joules, 0 fixed counters, 10737418240 ms ovfl timer
[    0.803939] kernel: clocksource: tsc: mask: 0xfffffffffff   1.631259] kernel: ACPI: \_SB_.LNKD: Enabled at IRQ 10
[    1.633098] kernel: Serial: 8250/16550 driver, 4 ports, IRQ sharing enabled
[    1.633211] kernel: 00:04: ttyS0 at I/O 0x3f8 (irq = 4, base_baud = 115200) is a 16550A
[    1.634577] kernel: Non-volatile memory driver v1.3
[    1.634643] kernel: Linux agpgart interface v0.103
[    1.638305] kernel: loop: module loaded
[    1.638916] kernel: ata_piix 0000:00:01.1: version 2.13
[    1.641056] kernel: scsi host0: ata_piix
[    1.641526] kernel: scsi host1: ata_piix
[    1.641622] kernel: ata1: PATA max MWDMA2 cmd 0x1f0 ctl 0x3f6 bmdma 0xc040 irq 14
[    1.641624] kernel: ata2: PATA max MWDMA2 cmd 0x170 ctl 0x376 bmdma 0xc048 irq 15
[    1.641933] kernel: libphy: Fixed MDIO Bus: probed
[    1.643441] kernel: e100: Intel(R) PRO/100 Network Driver
[    1.643442] kernel: e100: Copyright(c) 1999-2006 Intel Corporation
[    1.643455] kernel: e1000: Intel(R) PRO/1000 Network Driver
[    1.643456] kernel: e1000: Copyright (c) 1999-2006 I0000000feffffff] reserved
[    0.000000] kernel: BIOS-e820: [mem 0x00000000fffc0000-0x00000000ffffffff] reserved
[    0.000000] kernel: BIOS-e820: [mem 0x0000000100000000-0x00000002bfffffff] usable
[    0.000000] kernel: NX (Execute Disable) protection: active
[    0.000000] kernel: SMBIOS 2.8 present.
[    0.000000] kernel: DMI: QEMU Standard PC (i440FX + PIIX, 1996), BIOS 1.15.0-1 04/01/2014
[    0.000000] kernel: Hypervisor detected: KVM
[    0.000000] kernel: kvm-clock: Using msrs 4b564d01 and 4b564d00
[    0.000000] kernel: kvm-clock: cpu 0, msr 2c6e001, primary cpu clock
[    0.000001] kernel: kvm-clock: using sched offset of 219727681 cycles
[    0.000003] kernel: clocksource: kvm-clock: mask: 0xffffffffffffffff max_cycles: 0x1cd42e4dffb, max_idle_ns: 881590591483 ns
[    0.000005] kernel: tsc: Detected 2593.904 MHz processor
[    0.000574] kernel: e820: update [mem 0x00000000-0x00000fff] usable ==> reserved
[    0.000576] kernel: e820: remove [mem 0x000a0000-0x000fffff] usable
[    0.000580] kernel: last_pfn = 0x2c0000 max_arch_pfn = 0x10000000000
[    0.000635] kernel: x86/PAT: Configuration [0-7]: WB  WC  UC- UC  WB  WP  UC- WT  
[    0.000641] kernel: last_pfn = 0xbffe0 max_arch_pfn = 0x10000000000
[    0.006036] kernel: found SMP MP-table at [mem 0x000f5b90-0x000f5b9f]
[    0.006089] kernel: Using GB pages for direct mapping
[    0.006645] kernel: ACPI: Early table checksum verification disabled
[    0.006652] kernel: ACPI: RSDP 0x00000000000F59B0 000014 (v00 BOCHS )
[    0.006659] kernel: ACPI: RSDT 0x00000000BFFE197C 000034 (v01 BOCHS  BXPC     00000001 BXPC 00000001)
[    0.006665] kernel: ACPI: FACP 0x00000000BFFE1828 000074 (v01 BOCHS  BXPC     00000001 BXPC 00000001)
[    0.006670] kernel: ACPI: DSDT 0x00000000BFFE0040 0017E8 (v01 BOCHS  BXPC     00000001 BXPC 00000001)
[    0.006673] kernel: ACPI: FACS 0x00000000BFFE0000 000040
[    0.006676] kernel: ACPI: APIC 0x00000000BFFE189C 000080 (v01 BOCHS  BXPC     00000001 BXPC 00000001)
[    0.006679]ntel Corporation.
[    1.643479] kernel: e1000e: Intel(R) PRO/1000 Network Driver
[    1.643479] kernel: e1000e: Copyright(c) 1999 - 2015 Intel Corporation.
[    1.643497] kernel: sky2: driver version 1.30
[    1.644127] kernel: ehci_hcd: USB 2.0 'Enhanced' Host Controller (EHCI) Driver
[    1.644129] kernel: ehci-pci: EHCI PCI platform driver
[    1.644146] kernel: ohci_hcd: USB 1.1 'Open' Host Controller (OHCI) Driver
[    1.644151] kernel: ohci-pci: OHCI PCI platform driver
[    1.644162] kernel: uhci_hcd: USB Universal Host Controller Interface driver
[    1.644271] kernel: usbcore: registered new interface driver usblp
[    1.644290] kernel: usbcore: registered new interface driver usb-storage
[    1.644340] kernel: i8042: PNP: PS/2 Controller [PNP0303:KBD,PNP0f13:MOU] at 0x60,0x64 irq 1,12
[    1.644926] kernel: serio: i8042 KBD port at 0x60,0x64 irq 1
[    1.644931] kernel: serio: i8042 AUX port at 0x60,0x64 irq 12
[    1.645336] kernel: input: AT Translated Set 2 keyboard as /devices/platform/i8042/serio0/input/input1
[    1.645743] kernel: rtc_cmos 00:05: RTC can wake from S4
[    1.646792] kernel: rtc_cmos 00:05: registered as rtc0
[    1.646874] kernel: rtc_cmos 00:05: alarms up to one day, y3k, 242 bytes nvram, hpet irqs
[    1.647256] kernel: device-mapper: ioctl: 4.45.0-ioctl (2021-03-22) initialised: dm-devel@redhat.com
[    1.647259] kernel: intel_pstate: CPU model not supported
[    1.647315] kernel: hid: raw HID events driver (C) Jiri Kosina
[    1.647972] kernel: usbcore: registered new interface driver usbhid
[    1.647973] kernel: usbhid: USB HID core driver
[    1.648212] kernel: netem: version 1.3
[    1.649632] kernel: Initializing XFRM netlink socket
[    1.649912] kernel: NET: Registered PF_INET6 protocol family
[    1.650457] kernel: Segment Routing with IPv6
[    1.650470] kernel: In-situ OAM (IOAM) with IPv6
[    1.650549] kernel: sit: IPv6, IPv4 and MPLS over IPv4 tunneling driver
[    1.650793] kernel: NET: Registered PF_PACKET protocol family
[    1.650843] kernel: 9pnet: Installing 9P2000 support
[    1.650865] kernel: Key type dns_resolver registered
[    1.650874] kernel: Key type ceph registered
[    1.651006] kernel: libceph: loaded (mon/osd proto 15/24)
[    1.651222] kernel: IPI shorthand broadcast: enabled
[    1.651248] kernel: sched_clock: Marking stable (1646420790, 4701873)->(1664652114, -13529451)
[    1.651433] kernel: registered taskstats version 1
[    1.651434] kernel: Loading compiled-in X.509 certificates
[    1.652321] kernel: PM:   Magic number: 15:234:307
[    1.652338] kernel: tty tty36: hash matches
[    1.652357] kernel: printk: console [netcon0] enabled
[    1.652358] kernel: netconsole: network logging started
[    1.802324] kernel: ata2.01: NODEV after polling detection
[    1.802828] kernel: ata1.01: NODEV after polling detection
[    1.802983] kernel: ata2.00: ATAPI: QEMU DVD-ROM, 2.5+, max UDMA/100
[    1.803344] kernel: ata1.00: ATA-7: QEMU HARDDISK, 2.5+, max UDMA/100
[    1.803347] kernel: ata1.00: 88078336 sectors, multi 16: LBA48 
[    1.804657] kernel: scsi 0:0:0:0: Direct-Access     ATA      QEMU HARDDISK    2.5+ PQ: 0 ANSI: 5
[    1.804919] kernel: scsi 0:0:0:0: Attached scsi generic sg0 type 0
[    1.805086] kernel: sd 0:0:0:0: [sda] 88078336 512-byte logical blocks: (45.1 GB/42.0 GiB)
