2023/03/25 06:18:12 fuzzer started
2023/03/25 06:18:12 dialing manager at localhost:40537
2023/03/25 06:18:12 syscalls: 130
2023/03/25 06:18:12 code coverage: enabled
2023/03/25 06:18:12 comparison tracing: enabled
2023/03/25 06:18:12 extra coverage: enabled
2023/03/25 06:18:12 setuid sandbox: enabled
2023/03/25 06:18:12 namespace sandbox: /proc/self/ns/user does not exist
2023/03/25 06:18:12 Android sandbox: /sys/fs/selinux/policy can't be opened (open /sys/fs/selinux/policy: invalid argument)
2023/03/25 06:18:12 fault injection: CONFIG_FAULT_INJECTION_DEBUG_FS or CONFIG_FAILSLAB are not enabled
2023/03/25 06:18:12 leak checking: CONFIG_DEBUG_KMEMLEAK is not enabled
2023/03/25 06:18:12 net packet injection: /dev/net/tun does not exist
2023/03/25 06:18:12 net device setup: enabled
2023/03/25 06:18:12 concurrency sanitizer: /sys/kernel/debug/kcsan does not exist
2023/03/25 06:18:12 devlink PCI setup: enabled
2023/03/25 06:18:12 USB emulation: /dev/raw-gadget does not exist
2023/03/25 06:18:12 hci packet injection: /dev/vhci does not exist
2023/03/25 06:18:12 wifi device emulation: /sys/class/mac80211_hwsim/ does not exist
2023/03/25 06:18:12 802.15.4 emulation: /sys/bus/platform/devices/mac802154_hwsim does not exist
2023/03/25 06:18:13 deserializeInput: hasCrash true hasNet false
2023/03/25 06:18:13 prog length: 6
2023/03/25 06:18:13 prog length: 13
2023/03/25 06:18:13 deserializeInput: hasCrash false hasNet false
2023/03/25 06:18:13 prog length: 1
2023/03/25 06:18:13 deserializeInput: hasCrash true hasNet false
2023/03/25 06:18:13 prog length: 6
2023/03/25 06:18:13 prog length: 22
2023/03/25 06:18:13 deserializeInput: hasCrash true hasNet false
2023/03/25 06:18:13 prog length: 6
2023/03/25 06:18:13 prog length: 20
2023/03/25 06:18:13 deserializeInput: hasCrash true hasNet false
2023/03/25 06:18:13 prog length: 6
2023/03/25 06:18:13 prog length: 20
2023/03/25 06:18:13 deserializeInput: hasCrash true hasNet false
2023/03/25 06:18:13 prog length: 6
2023/03/25 06:18:13 prog length: 17
2023/03/25 06:18:13 deserializeInput: hasCrash true hasNet false
2023/03/25 06:18:13 prog length: 6
2023/03/25 06:18:13 prog length: 8
2023/03/25 06:18:13 deserializeInput: hasCrash true hasNet false
2023/03/25 06:18:13 prog length: 6
2023/03/25 06:18:13 prog length: 17
2023/03/25 06:18:13 deserializeInput: hasCrash true hasNet false
2023/03/25 06:18:13 prog length: 6
2023/03/25 06:18:13 prog length: 4
2023/03/25 06:18:13 deserializeInput: hasCrash true hasNet false
2023/03/25 06:18:13 prog length: 6
2023/03/25 06:18:13 prog length: 20
2023/03/25 06:18:13 deserializeInput: hasCrash true hasNet false
2023/03/25 06:18:13 prog length: 6
2023/03/25 06:18:13 prog length: 22
2023/03/25 06:18:13 deserializeInput: hasCrash true hasNet false
2023/03/25 06:18:13 prog length: 6
2023/03/25 06:18:13 prog length: 22
2023/03/25 06:18:13 deserializeInput: hasCrash false hasNet false
2023/03/25 06:18:13 prog length: 19
2023/03/25 06:18:13 deserializeInput: hasCrash true hasNet false
2023/03/25 06:18:13 prog length: 6
2023/03/25 06:18:13 prog length: 17
2023/03/25 06:18:13 deserializeInput: hasCrash true hasNet false
2023/03/25 06:18:13 prog length: 6
2023/03/25 06:18:13 prog length: 3
2023/03/25 06:18:13 deserializeInput: hasCrash true hasNet false
2023/03/25 06:18:13 prog length: 6
2023/03/25 06:18:13 prog length: 5
2023/03/25 06:18:13 deserializeInput: hasCrash true hasNet false
2023/03/25 06:18:13 prog length: 6
2023/03/25 06:18:13 prog length: 22
2023/03/25 06:18:13 deserializeInput: hasCrash true hasNet false
2023/03/25 06:18:13 prog length: 6
2023/03/25 06:18:13 prog length: 8
2023/03/25 06:18:13 deserializeInput: hasCrash true hasNet false
2023/03/25 06:18:13 prog length: 6
2023/03/25 06:18:13 prog length: 9
2023/03/25 06:18:13 deserializeInput: hasCrash true hasNet false
2023/03/25 06:18:13 prog length: 6
2023/03/25 06:18:13 prog length: 9
2023/03/25 06:18:13 deserializeInput: hasCrash true hasNet false
2023/03/25 06:18:13 prog length: 6
2023/03/25 06:18:13 prog length: 6
2023/03/25 06:18:13 prog length: 5
2023/03/25 06:18:13 deserializeInput: hasCrash true hasNet false
2023/03/25 06:18:13 prog length: 6
2023/03/25 06:18:13 prog length: 17
2023/03/25 06:18:13 deserializeInput: hasCrash true hasNet false
2023/03/25 06:18:13 prog length: 6
2023/03/25 06:18:13 prog length: 17
2023/03/25 06:18:13 deserializeInput: hasCrash true hasNet false
2023/03/25 06:18:13 prog length: 6
2023/03/25 06:18:13 prog length: 3
2023/03/25 06:18:13 deserializeInput: hasCrash true hasNet false
2023/03/25 06:18:13 prog length: 6
2023/03/25 06:18:13 prog length: 17
2023/03/25 06:18:13 deserializeInput: hasCrash true hasNet false
2023/03/25 06:18:13 prog length: 6
2023/03/25 06:18:13 prog length: 17
2023/03/25 06:18:13 deserializeInput: hasCrash true hasNet false
2023/03/25 06:18:13 prog length: 6
2023/03/25 06:18:13 prog length: 20
2023/03/25 06:18:13 deserializeInput: hasCrash true hasNet false
2023/03/25 06:18:13 prog length: 6
2023/03/25 06:18:13 prog length: 22
2023/03/25 06:18:13 deserializeInput: hasCrash true hasNet false
2023/03/25 06:18:13 prog length: 6
2023/03/25 06:18:13 prog length: 22
2023/03/25 06:18:13 deserializeInput: hasCrash true hasNet false
2023/03/25 06:18:13 prog length: 6
2023/03/25 06:18:13 prog length: 10
2023/03/25 06:18:13 deserializeInput: hasCrash true hasNet false
2023/03/25 06:18:13 prog length: 6
2023/03/25 06:18:13 prog length: 20
2023/03/25 06:18:13 deserializeInput: hasCrash true hasNet false
2023/03/25 06:18:13 prog length: 6
2023/03/25 06:18:13 prog length: 17
2023/03/25 06:18:13 deserializeInput: hasCrash true hasNet false
2023/03/25 06:18:13 prog length: 6
2023/03/25 06:18:13 prog length: 5
2023/03/25 06:18:13 deserializeInput: hasCrash false hasNet true
2023/03/25 06:18:13 prog length: 6
2023/03/25 06:18:13 prog length: 3
2023/03/25 06:18:13 deserializeInput: hasCrash true hasNet false
2023/03/25 06:18:13 prog length: 6
2023/03/25 06:18:13 prog length: 6
2023/03/25 06:18:13 deserializeInput: hasCrash true hasNet false
2023/03/25 06:18:13 prog length: 6
2023/03/25 06:18:13 prog length: 22
2023/03/25 06:18:13 deserializeInput: hasCrash true hasNet false
2023/03/25 06:18:13 prog length: 6
2023/03/25 06:18:13 prog length: 19
2023/03/25 06:18:13 deserializeInput: hasCrash true hasNet false
2023/03/25 06:18:13 prog length: 6
2023/03/25 06:18:13 prog length: 4
2023/03/25 06:18:13 deserializeInput: hasCrash true hasNet false
2023/03/25 06:18:13 prog length: 6
2023/03/25 06:18:13 prog length: 3
2023/03/25 06:18:13 deserializeInput: hasCrash true hasNet false
2023/03/25 06:18:13 prog length: 6
2023/03/25 06:18:13 prog length: 17
2023/03/25 06:18:13 deserializeInput: hasCrash true hasNet false
2023/03/25 06:18:13 prog length: 6
2023/03/25 06:18:13 prog length: 3
2023/03/25 06:18:13 deserializeInput: hasCrash true hasNet false
2023/03/25 06:18:13 prog length: 6
2023/03/25 06:18:13 prog length: 9
2023/03/25 06:18:13 deserializeInput: hasCrash true hasNet false
2023/03/25 06:18:13 prog length: 6
2023/03/25 06:18:13 prog length: 13
2023/03/25 06:18:13 deserializeInput: hasCrash true hasNet false
2023/03/25 06:18:13 prog length: 6
2023/03/25 06:18:13 prog length: 17
2023/03/25 06:18:13 deserializeInput: hasCrash true hasNet false
2023/03/25 06:18:13 prog length: 6
2023/03/25 06:18:13 prog length: 20
2023/03/25 06:18:13 deserializeInput: hasCrash true hasNet false
2023/03/25 06:18:13 prog length: 6
2023/03/25 06:18:13 prog length: 19
2023/03/25 06:18:13 deserializeInput: hasCrash false hasNet true
2023/03/25 06:18:13 prog length: 6
2023/03/25 06:18:13 prog length: 3
2023/03/25 06:18:13 deserializeInput: hasCrash true hasNet false
2023/03/25 06:18:13 prog length: 6
2023/03/25 06:18:13 prog length: 9
2023/03/25 06:18:13 deserializeInput: hasCrash true hasNet false
2023/03/25 06:18:13 prog length: 6
2023/03/25 06:18:13 prog length: 3
2023/03/25 06:18:13 deserializeInput: hasCrash false hasNet false
2023/03/25 06:18:13 prog length: 2
2023/03/25 06:18:13 fetching corpus: 50, signal 5180/17501/23810 (executing program)
2023/03/25 06:18:13 deserializeInput: hasCrash true hasNet false
2023/03/25 06:18:13 prog length: 6
2023/03/25 06:18:13 prog length: 13
2023/03/25 06:18:13 deserializeInput: hasCrash true hasNet false
2023/03/25 06:18:13 prog length: 6
2023/03/25 06:18:13 prog length: 22
2023/03/25 06:18:13 deserializeInput: hasCrash true hasNet false
2023/03/25 06:18:13 prog length: 6
2023/03/25 06:18:13 prog length: 17
2023/03/25 06:18:13 deserializeInput: hasCrash false hasNet false
2023/03/25 06:18:13 prog length: 20
2023/03/25 06:18:13 deserializeInput: hasCrash true hasNet false
2023/03/25 06:18:13 prog length: 6
2023/03/25 06:18:13 prog length: 3
2023/03/25 06:18:13 deserializeInput: hasCrash true hasNet false
2023/03/25 06:18:13 prog length: 6
2023/03/25 06:18:13 prog length: 8
2023/03/25 06:18:13 deserializeInput: hasCrash true hasNet false
2023/03/25 06:18:13 prog length: 6
2023/03/25 06:18:13 prog length: 13
2023/03/25 06:18:13 deserializeInput: hasCrash true hasNet false
2023/03/25 06:18:13 prog length: 6
2023/03/25 06:18:13 prog length: 17
2023/03/25 06:18:13 deserializeInput: hasCrash true hasNet false
2023/03/25 06:18:13 prog length: 6
2023/03/25 06:18:13 prog length: 17
2023/03/25 06:18:13 deserializeInput: hasCrash true hasNet false
2023/03/25 06:18:13 prog length: 6
2023/03/25 06:18:13 prog length: 13
2023/03/25 06:18:13 deserializeInput: hasCrash true hasNet false
2023/03/25 06:18:13 prog length: 6
2023/03/25 06:18:13 prog length: 22
2023/03/25 06:18:13 deserializeInput: hasCrash true hasNet false
2023/03/25 06:18:13 prog length: 6
2023/03/25 06:18:13 prog length: 17
2023/03/25 06:18:13 deserializeInput: hasCrash true hasNet false
2023/03/25 06:18:13 prog length: 6
2023/03/25 06:18:13 prog length: 17
2023/03/25 06:18:13 deserializeInput: hasCrash true hasNet false
2023/03/25 06:18:13 prog length: 6
2023/03/25 06:18:13 prog length: 6
2023/03/25 06:18:13 deserializeInput: hasCrash true hasNet false
2023/03/25 06:18:13 prog length: 6
2023/03/25 06:18:13 prog length: 17
2023/03/25 06:18:13 deserializeInput: hasCrash true hasNet false
2023/03/25 06:18:13 prog length: 6
2023/03/25 06:18:13 prog length: 8
2023/03/25 06:18:13 deserializeInput: hasCrash true hasNet false
2023/03/25 06:18:13 prog length: 6
2023/03/25 06:18:13 prog length: 13
2023/03/25 06:18:13 deserializeInput: hasCrash true hasNet false
2023/03/25 06:18:13 prog length: 6
2023/03/25 06:18:13 prog length: 8
2023/03/25 06:18:13 deserializeInput: hasCrash true hasNet false
2023/03/25 06:18:13 prog length: 6
2023/03/25 06:18:13 prog length: 22
2023/03/25 06:18:13 deserializeInput: hasCrash true hasNet false
2023/03/25 06:18:13 prog length: 6
2023/03/25 06:18:13 prog length: 5
2023/03/25 06:18:13 deserializeInput: hasCrash true hasNet false
2023/03/25 06:18:13 prog length: 6
2023/03/25 06:18:13 prog length: 3
2023/03/25 06:18:13 deserializeInput: hasCrash true hasNet false
2023/03/25 06:18:13 prog length: 6
2023/03/25 06:18:13 prog length: 17
2023/03/25 06:18:13 deserializeInput: hasCrash true hasNet false
2023/03/25 06:18:13 prog length: 6
2023/03/25 06:18:13 prog length: 17
2023/03/25 06:18:13 deserializeInput: hasCrash true hasNet false
2023/03/25 06:18:13 prog length: 6
2023/03/25 06:18:13 prog length: 5
2023/03/25 06:18:13 deserializeInput: hasCrash true hasNet false
2023/03/25 06:18:13 prog length: 6
2023/03/25 06:18:13 prog length: 22
2023/03/25 06:18:13 deserializeInput: hasCrash true hasNet false
2023/03/25 06:18:13 prog length: 6
2023/03/25 06:18:13 prog length: 3
2023/03/25 06:18:13 deserializeInput: hasCrash false hasNet false
2023/03/25 06:18:13 prog length: 20
2023/03/25 06:18:13 deserializeInput: hasCrash true hasNet false
2023/03/25 06:18:13 prog length: 6
2023/03/25 06:18:13 prog length: 9
2023/03/25 06:18:13 deserializeInput: hasCrash true hasNet false
2023/03/25 06:18:13 prog length: 6
2023/03/25 06:18:13 prog length: 3
2023/03/25 06:18:13 deserializeInput: hasCrash true hasNet false
2023/03/25 06:18:13 prog length: 6
2023/03/25 06:18:13 prog length: 4
2023/03/25 06:18:13 deserializeInput: hasCrash true hasNet false
2023/03/25 06:18:13 prog length: 6
2023/03/25 06:18:13 prog length: 22
2023/03/25 06:18:13 deserializeInput: hasCrash true hasNet false
2023/03/25 06:18:13 prog length: 6
2023/03/25 06:18:13 prog length: 17
2023/03/25 06:18:13 deserializeInput: hasCrash true hasNet false
2023/03/25 06:18:13 prog length: 6
2023/03/25 06:18:13 prog length: 17
2023/03/25 06:18:13 deserializeInput: hasCrash true hasNet false
2023/03/25 06:18:13 prog length: 6
2023/03/25 06:18:13 prog length: 22
2023/03/25 06:18:13 deserializeInput: hasCrash true hasNet false
2023/03/25 06:18:13 prog length: 6
2023/03/25 06:18:13 prog length: 22
2023/03/25 06:18:13 deserializeInput: hasCrash true hasNet false
2023/03/25 06:18:13 prog length: 6
2023/03/25 06:18:13 prog length: 9
2023/03/25 06:18:13 deserializeInput: hasCrash false hasNet true
2023/03/25 06:18:13 prog length: 6
2023/03/25 06:18:13 prog length: 3
2023/03/25 06:18:13 deserializeInput: hasCrash true hasNet false
2023/03/25 06:18:13 prog length: 6
2023/03/25 06:18:13 prog length: 22
2023/03/25 06:18:13 deserializeInput: hasCrash true hasNet false
2023/03/25 06:18:13 prog length: 6
2023/03/25 06:18:13 prog length: 17
2023/03/25 06:18:13 deserializeInput: hasCrash true hasNet false
2023/03/25 06:18:13 prog length: 6
2023/03/25 06:18:13 prog length: 20
2023/03/25 06:18:13 deserializeInput: hasCrash true hasNet false
2023/03/25 06:18:13 prog length: 6
2023/03/25 06:18:13 prog length: 22
2023/03/25 06:18:13 deserializeInput: hasCrash true hasNet false
2023/03/25 06:18:13 prog length: 6
2023/03/25 06:18:13 prog length: 3
2023/03/25 06:18:13 deserializeInput: hasCrash true hasNet false
2023/03/25 06:18:13 prog length: 6
2023/03/25 06:18:13 prog length: 4
2023/03/25 06:18:13 deserializeInput: hasCrash true hasNet false
2023/03/25 06:18:13 prog length: 6
2023/03/25 06:18:13 prog length: 17
2023/03/25 06:18:13 deserializeInput: hasCrash true hasNet false
2023/03/25 06:18:13 prog length: 6
2023/03/25 06:18:13 prog length: 22
2023/03/25 06:18:13 deserializeInput: hasCrash true hasNet false
2023/03/25 06:18:13 prog length: 6
2023/03/25 06:18:13 prog length: 8
2023/03/25 06:18:13 deserializeInput: hasCrash true hasNet true
2023/03/25 06:18:13 prog length: 6
2023/03/25 06:18:13 prog length: 6
2023/03/25 06:18:13 prog length: 6
2023/03/25 06:18:13 prog length: 7
2023/03/25 06:18:13 deserializeInput: hasCrash true hasNet false
2023/03/25 06:18:13 prog length: 6
2023/03/25 06:18:13 prog length: 3
2023/03/25 06:18:13 deserializeInput: hasCrash true hasNet false
2023/03/25 06:18:13 prog length: 6
2023/03/25 06:18:13 prog length: 4
2023/03/25 06:18:13 deserializeInput: hasCrash true hasNet false
2023/03/25 06:18:13 prog length: 6
2023/03/25 06:18:13 prog length: 17
2023/03/25 06:18:13 fetching corpus: 100, signal 6419/19111/27622 (executing program)
2023/03/25 06:18:13 deserializeInput: hasCrash true hasNet false
2023/03/25 06:18:13 prog length: 6
2023/03/25 06:18:13 prog length: 17
2023/03/25 06:18:13 deserializeInput: hasCrash true hasNet false
2023/03/25 06:18:13 prog length: 6
2023/03/25 06:18:13 prog length: 17
2023/03/25 06:18:13 deserializeInput: hasCrash true hasNet false
2023/03/25 06:18:13 prog length: 6
2023/03/25 06:18:13 prog length: 13
2023/03/25 06:18:13 deserializeInput: hasCrash true hasNet true
2023/03/25 06:18:13 prog length: 6
2023/03/25 06:18:13 prog length: 6
2023/03/25 06:18:13 prog length: 6
2023/03/25 06:18:13 prog length: 8
2023/03/25 06:18:13 deserializeInput: hasCrash true hasNet false
2023/03/25 06:18:13 prog length: 6
2023/03/25 06:18:13 prog length: 17
2023/03/25 06:18:13 deserializeInput: hasCrash true hasNet false
2023/03/25 06:18:13 prog length: 6
2023/03/25 06:18:13 prog length: 19
2023/03/25 06:18:13 deserializeInput: hasCrash true hasNet false
2023/03/25 06:18:13 prog length: 6
2023/03/25 06:18:13 prog length: 9
2023/03/25 06:18:13 deserializeInput: hasCrash true hasNet false
2023/03/25 06:18:13 prog length: 6
2023/03/25 06:18:13 prog length: 5
2023/03/25 06:18:13 deserializeInput: hasCrash true hasNet false
2023/03/25 06:18:13 prog length: 6
2023/03/25 06:18:13 prog length: 13
2023/03/25 06:18:13 deserializeInput: hasCrash true hasNet false
2023/03/25 06:18:13 prog length: 6
2023/03/25 06:18:13 prog length: 9
2023/03/25 06:18:13 deserializeInput: hasCrash true hasNet false
2023/03/25 06:18:13 prog length: 6
2023/03/25 06:18:13 prog length: 9
2023/03/25 06:18:13 deserializeInput: hasCrash true hasNet false
2023/03/25 06:18:13 prog length: 6
2023/03/25 06:18:13 prog length: 17
2023/03/25 06:18:13 deserializeInput: hasCrash true hasNet false
2023/03/25 06:18:13 prog length: 6
2023/03/25 06:18:13 prog length: 17
2023/03/25 06:18:13 deserializeInput: hasCrash true hasNet false
2023/03/25 06:18:13 prog length: 6
2023/03/25 06:18:13 prog length: 17
2023/03/25 06:18:13 deserializeInput: hasCrash true hasNet false
2023/03/25 06:18:13 prog length: 6
2023/03/25 06:18:13 prog length: 5
2023/03/25 06:18:13 deserializeInput: hasCrash true hasNet false
2023/03/25 06:18:13 prog length: 6
2023/03/25 06:18:13 prog length: 8
2023/03/25 06:18:13 deserializeInput: hasCrash true hasNet false
2023/03/25 06:18:13 prog length: 6
2023/03/25 06:18:13 prog length: 19
2023/03/25 06:18:13 deserializeInput: hasCrash true hasNet false
2023/03/25 06:18:13 prog length: 6
2023/03/25 06:18:13 prog length: 13
2023/03/25 06:18:13 deserializeInput: hasCrash true hasNet false
2023/03/25 06:18:13 prog length: 6
2023/03/25 06:18:13 prog length: 13
2023/03/25 06:18:13 deserializeInput: hasCrash true hasNet false
2023/03/25 06:18:13 prog length: 6
2023/03/25 06:18:13 prog length: 5
2023/03/25 06:18:13 deserializeInput: hasCrash true hasNet false
2023/03/25 06:18:13 prog length: 6
2023/03/25 06:18:13 prog length: 17
2023/03/25 06:18:13 deserializeInput: hasCrash true hasNet false
2023/03/25 06:18:13 prog length: 6
2023/03/25 06:18:13 prog length: 19
2023/03/25 06:18:13 deserializeInput: hasCrash true hasNet false
2023/03/25 06:18:13 prog length: 6
2023/03/25 06:18:13 prog length: 13
2023/03/25 06:18:13 deserializeInput: hasCrash true hasNet false
2023/03/25 06:18:13 prog length: 6
2023/03/25 06:18:13 prog length: 17
2023/03/25 06:18:13 deserializeInput: hasCrash true hasNet false
2023/03/25 06:18:13 prog length: 6
2023/03/25 06:18:13 prog length: 9
2023/03/25 06:18:13 deserializeInput: hasCrash false hasNet false
2023/03/25 06:18:13 prog length: 2
2023/03/25 06:18:13 deserializeInput: hasCrash true hasNet false
2023/03/25 06:18:13 prog length: 6
2023/03/25 06:18:13 prog length: 19
2023/03/25 06:18:13 deserializeInput: hasCrash true hasNet false
2023/03/25 06:18:13 prog length: 6
2023/03/25 06:18:13 prog length: 22
2023/03/25 06:18:13 deserializeInput: hasCrash true hasNet false
2023/03/25 06:18:13 prog length: 6
2023/03/25 06:18:13 prog length: 4
2023/03/25 06:18:13 deserializeInput: hasCrash true hasNet false
2023/03/25 06:18:13 prog length: 6
2023/03/25 06:18:13 prog length: 19
2023/03/25 06:18:13 deserializeInput: hasCrash true hasNet false
2023/03/25 06:18:13 prog length: 6
2023/03/25 06:18:13 prog length: 19
2023/03/25 06:18:13 deserializeInput: hasCrash true hasNet false
2023/03/25 06:18:13 prog length: 6
2023/03/25 06:18:13 prog length: 3
2023/03/25 06:18:13 deserializeInput: hasCrash true hasNet false
2023/03/25 06:18:13 prog length: 6
2023/03/25 06:18:13 prog length: 22
2023/03/25 06:18:13 deserializeInput: hasCrash true hasNet false
2023/03/25 06:18:13 prog length: 6
2023/03/25 06:18:13 prog length: 22
2023/03/25 06:18:13 deserializeInput: hasCrash true hasNet false
2023/03/25 06:18:13 prog length: 6
2023/03/25 06:18:13 prog length: 9
2023/03/25 06:18:13 deserializeInput: hasCrash true hasNet false
2023/03/25 06:18:13 prog length: 6
2023/03/25 06:18:13 prog length: 22
2023/03/25 06:18:13 deserializeInput: hasCrash true hasNet false
2023/03/25 06:18:13 prog length: 6
2023/03/25 06:18:13 prog length: 3
2023/03/25 06:18:13 fetching corpus: 137, signal 7279/20775/30993 (executing program)
2023/03/25 06:18:13 fetching corpus: 137, signal 7279/20775/31971 (executing program)
2023/03/25 06:18:13 fetching corpus: 137, signal 7279/20775/32965 (executing program)
2023/03/25 06:18:13 fetching corpus: 137, signal 7279/20775/33941 (executing program)
2023/03/25 06:18:13 fetching corpus: 137, signal 7279/20775/34893 (executing program)
2023/03/25 06:18:13 fetching corpus: 137, signal 7279/20775/35866 (executing program)
2023/03/25 06:18:13 fetching corpus: 137, signal 7279/20775/36851 (executing program)
2023/03/25 06:18:13 fetching corpus: 137, signal 7279/20775/37826 (executing program)
2023/03/25 06:18:13 fetching corpus: 137, signal 7279/20775/38809 (executing program)
2023/03/25 06:18:13 fetching corpus: 137, signal 7279/20775/39766 (executing program)
2023/03/25 06:18:13 fetching corpus: 137, signal 7279/20775/40749 (executing program)
2023/03/25 06:18:13 fetching corpus: 137, signal 7279/20775/41707 (executing program)
2023/03/25 06:18:13 fetching corpus: 137, signal 7279/20775/42660 (executing program)
2023/03/25 06:18:13 fetching corpus: 137, signal 7279/20775/43642 (executing program)
2023/03/25 06:18:13 fetching corpus: 137, signal 7279/20775/44614 (executing program)
2023/03/25 06:18:13 fetching corpus: 137, signal 7279/20775/45551 (executing program)
2023/03/25 06:18:13 fetching corpus: 137, signal 7279/20775/46512 (executing program)
2023/03/25 06:18:13 fetching corpus: 137, signal 7279/20775/47487 (executing program)
2023/03/25 06:18:13 fetching corpus: 137, signal 7279/20775/48436 (executing program)
2023/03/25 06:18:13 fetching corpus: 137, signal 7279/20775/49376 (executing program)
2023/03/25 06:18:13 fetching corpus: 137, signal 7279/20775/50293 (executing program)
2023/03/25 06:18:13 fetching corpus: 137, signal 7279/20775/51241 (executing program)
2023/03/25 06:18:13 fetching corpus: 137, signal 7279/20775/52190 (executing program)
2023/03/25 06:18:13 fetching corpus: 137, signal 7279/20775/53077 (executing program)
2023/03/25 06:18:13 fetching corpus: 137, signal 7279/20775/53077 (executing program)
2023/03/25 06:18:14 starting 1 fuzzer processes
2023/03/25 06:18:14 ----- generateCall 2858 sendfile sendfile
2023/03/25 06:18:14 ----- generateCall 171 dup2 dup2
2023/03/25 06:18:14 ----- generateCall 238 fsetxattr$system_posix_acl fsetxattr$system_posix_acl
2023/03/25 06:18:14 ----- generateCall 203 fcntl$dupfd fcntl$dupfd
2023/03/25 06:18:14 ----- generateCall 3662 setxattr setxattr
2023/03/25 06:18:14 ----- generateCall 234 fsetxattr$security_ima fsetxattr$security_ima
2023/03/25 06:18:14 ----- generateCall 2342 lgetxattr lgetxattr
2023/03/25 06:18:14 ----- generateCall 212 fcntl$setownex fcntl$setownex
2023/03/25 06:18:14 ----- generateCall 2810 renameat renameat
2023/03/25 06:18:14 ----- generateCall 171 dup2 dup2
2023/03/25 06:18:14 ----- generateCall 3668 setxattr$security_ima setxattr$security_ima
2023/03/25 06:18:14 ----- generateCall 3671 setxattr$smack_xattr_label setxattr$smack_xattr_label
2023/03/25 06:18:14 ----- generateCall 3662 setxattr setxattr
2023/03/25 06:18:14 ----- generateCall 516 getxattr getxattr
2023/03/25 06:18:14 ----- generateCall 2458 open open
2023/03/25 06:18:14 map[./file0:true ./file0/file0:true]
2023/03/25 06:18:14 HasCrashFail: false, .HasNetFail: false
2023/03/25 06:18:14 prog length: 20
2023/03/25 06:18:14 HasCrashFail:false HasNetFail:false
06:18:14 ---executing program 0:
---
---
---
r0 = dup2(0xffffffffffffffff, 0xffffffffffffffff)
sendfile(0xffffffffffffffff, r0, &(0x7f0000000000)=0xffffffff, 0xfffffffffffffffa)
r1 = dup2(r0, r0)
r2 = dup2(r1, r0)
stat(&(0x7f0000000080)='./file0\x00', &(0x7f00000000c0)={0x0, 0x0, 0x0, 0x0, <r3=>0x0})
stat(&(0x7f0000000140)='./file0\x00', &(0x7f0000000180)={0x0, 0x0, 0x0, 0x0, 0x0, <r4=>0x0})
fsetxattr$system_posix_acl(r1, &(0x7f0000000040)='system.posix_acl_default\x00', &(0x7f0000000200)={{}, {0x1, 0x4}, [{0x2, 0x2, r3}, {0x2, 0x3, 0xffffffffffffffff}], {}, [{0x8, 0x0, r4}, {0x8, 0x4, 0xee00}], {0x10, 0x4}, {0x20, 0x3}}, 0x44, 0x1)
r5 = fcntl$dupfd(r0, 0x406, r2)
setxattr(&(0x7f0000000280)='./file0\x00', &(0x7f00000002c0)=@random={'security.', '&+\x00'}, &(0x7f0000000300)='system.posix_acl_default\x00', 0x19, 0x1)
fsetxattr$security_ima(r1, &(0x7f0000000340), &(0x7f0000000380)=@md5={0x1, "608b8669b25a81382b782e1d76abaa25"}, 0x11, 0x0)
lgetxattr(&(0x7f00000003c0)='./file0\x00', &(0x7f0000000400)=@random={'system.', 'security.'}, &(0x7f0000000440)=""/246, 0xf6)
fcntl$setownex(r1, 0xf, &(0x7f0000000540)={0x2})
r6 = dup2(r5, r5)
renameat(r5, &(0x7f0000000580)='./file0\x00', r6, &(0x7f00000005c0)='./file0\x00')
dup2(r1, r2)
setxattr$security_ima(&(0x7f0000000600)='./file0/file0\x00', &(0x7f0000000640), &(0x7f0000000680)=@v1={0x2, "285be431eb0fdbfaad4c425511dd2897792915ef"}, 0x15, 0x0)
setxattr$smack_xattr_label(&(0x7f00000006c0)='./file0/file0\x00', &(0x7f0000000700)='security.SMACK64IPIN\x00', &(0x7f0000000740)={'-*$'}, 0x4, 0x3)
setxattr(&(0x7f0000000780)='./file0\x00', &(0x7f00000007c0)=@known='trusted.overlay.upper\x00', &(0x7f0000000800)='security.ima\x00', 0xd, 0x2)
getxattr(&(0x7f0000000840)='./file0\x00', &(0x7f0000000880)=@random={'security.', 'security.'}, &(0x7f00000008c0)=""/131, 0x83)
open(&(0x7f0000000980)='./file0\x00', 0x240000, 0x31)
---

end of program
2023/03/25 06:18:14 -----run executor: [/usr/bin/ssh -F /dev/null -o ConnectionAttempts=100 -o ConnectTimeout=120 -o UserKnownHostsFile=/dev/null -o BatchMode=yes -o IdentitiesOnly=yes -o StrictHostKeyChecking=no -o ConnectTimeout=100 -i /home/tlyu/dfs-fuzzing/disk-images/orangefs-images/focal.id_rsa root@192.168.0.5 /root/syz-executor exec 0 0 orangefs 3 4 192.168.0.5 0 "3 1" false false false false false]
2023/03/25 06:18:14 -----run executor: [/usr/bin/ssh -F /dev/null -o ConnectionAttempts=100 -o ConnectTimeout=120 -o UserKnownHostsFile=/dev/null -o BatchMode=yes -o IdentitiesOnly=yes -o StrictHostKeyChecking=no -o ConnectTimeout=100 -i /home/tlyu/dfs-fuzzing/disk-images/orangefs-images/focal.id_rsa root@192.168.0.6 /root/syz-executor exec 0 1 orangefs 3 4 192.168.0.5 0 "3 1" false false false false false]
2023/03/25 06:18:14 -----run executor: [/usr/bin/ssh -F /dev/null -o ConnectionAttempts=100 -o ConnectTimeout=120 -o UserKnownHostsFile=/dev/null -o BatchMode=yes -o IdentitiesOnly=yes -o StrictHostKeyChecking=no -o ConnectTimeout=100 -i /home/tlyu/dfs-fuzzing/disk-images/orangefs-images/focal.id_rsa root@192.168.0.7 /root/syz-executor exec 0 2 orangefs 3 4 192.168.0.5 0 "3 1" false false false false false]
2023/03/25 06:18:14 -----run executor: [/usr/bin/ssh -F /dev/null -o ConnectionAttempts=100 -o ConnectTimeout=120 -o UserKnownHostsFile=/dev/null -o BatchMode=yes -o IdentitiesOnly=yes -o StrictHostKeyChecking=no -o ConnectTimeout=100 -i /home/tlyu/dfs-fuzzing/disk-images/orangefs-images/focal.id_rsa root@192.168.0.8 /root/syz-executor exec 1 3 orangefs 3 4 192.168.0.5 0 "3 1" false false false false false]
Warning: Permanently added '192.168.0.6' (ED25519) to the list of known hosts.
Warning: Permanently added '192.168.0.8' (ED25519) to the list of known hosts.
Warning: Permanently added '192.168.0.7' (ED25519) to the list of known hosts.
Warning: Permanently added '192.168.0.5' (ED25519) to the list of known hosts.
----- is restarting 0
---- dfs_name orangefs is_dfs_client 0
unlink FIFO failed: No such file or directory
[D 01/16/2023 17:42:13] PVFS2 Server version 2.9.7-orangefs-REV-65ab0d2 starting.
[E 01/16/2023 17:43:19] PVFS2 server got signal 15 (server_status_flag: 2080767)
[D 02/18/2023 14:39:31] PVFS2 Server version 2.9.7-orangefs-REV-65ab0d2 starting.
[D 02/18/2023 14:47:30] PVFS2 received server: signal 1
[E 02/18/2023 14:47:30] PVFS2 server got signal 15 (server_status_flag: 2080767)
[    0.000000] kernel: Linux version 5.15.0+ (tlyu@IC-RS3-DPC07) (gcc (Ubuntu 9.4.0-1ubuntu1~20.04.1) 9.4.0, GNU ld (GNU Binutils for Ubuntu) 2.34) #7 SMP Sat Feb 18 10:18:37 CET 2023
[    0.000000] kernel: Command line: root=/dev/sda console=ttyS0 net.ifnames=0 ip=192.168.0.6 quiet nokaslr
[    0.000000] kernel: x86/fpu: Supporting XSAVE feature 0x001: 'x87 floating point registers'
[    0.000000] kernel: x86/fpu: Supporting XSAVE feature 0x002: 'SSE registers'
[    0.000000] kernel: x86/fpu: Supporting XSAVE feature 0x004: 'AVX registers'
[    0.000000] kernel: x86/fpu: Supporting XSAVE feature 0x020: 'AVX-512 opmask'
[    0.000000] kernel: x86/fpu: Supporting XSAVE feature 0x040: 'AVX-512 Hi256'
[    0.000000] kernel: x86/fpu: Supporting XSAVE feature 0x080: 'AVX-512 ZMM_Hi256'
[    0.000000] kernel: x86/fpu: Supporting XSAVE feature 0x200: 'Protection Keys User registers'
[    0.000000] kernel: x86/fpu: xstate_offset[2]:  576, xstate_sizes[2]:  256
[    0.000000] kernel: x86/fpu: xstate_offset[5]:  832, xstate_sizes[5]:   64
[    0.000000] kernel: x86/fpu: xstate_offset[6]:  896, xstate_sizes[6]:  512
[    0.000000] kernel: x86/fpu: xstate_offset[7]: 1408, xstate_sizes[7]: 1024
[    0.000000] kernel: x86/fpu: xstate_offset[9]: 2432, xstate_sizes[9]:    8
[    0.000000] kernel: x86/fpu: Enabled xstate features 0x2e7, context size is 2440 bytes, using 'compacted' format.
[    0.000000] kernel: signal: max sigframe size: 3632
[    0.000000] kernel: BIOS-provided physical RAM map:
[    0.000000] kernel: BIOS-e820: [mem 0x0000000000000000-0x000000000009fbff] usable
[    0.000000] kernel: BIOS-e820: [mem 0x000000000009fc00-0x000000000009ffff] reserved
[    0.000000] kernel: BIOS-e820: [mem 0x00000000000f0000-0x00000000000fffff] reserved
[    0.000000] kernel: BIOS-e820: [mem 0x0000000000100000-0x00000000bffdffff] usable
[    0.000000] kernel: BIOS-e820: [mem 0x00000000bffe0000-0x00000000bfffffff] reserved
[    0.000000] kernel: BIOS-e820: [mem 0x00000000feffc000-0x0executor 1 finishes userspace_cover_open
before receiving handshake request
req.flags ea2
----- is restarting 0
---- dfs_name orangefs is_dfs_client 1
----- executor 1 do_sandbox_none at begining
----- executor 1 do_sandbox_none before fork()
0000000feffffff] reserved
[    0.000000] kernel: BIOS-e820: [mem 0x00000000fffc0000-0x00000000ffffffff] reserved
[    0.000000] kernel: BIOS-e820: [mem 0x0000000100000000-0x00000002bfffffff] usable
[    0.000000] kernel: NX (Execute Disable) protection: active
[    0.000000] kernel: SMBIOS 2.8 present.
[    0.000000] kernel: DMI: QEMU Standard PC (i440FX + PIIX, 1996), BIOS 1.15.0-1 04/01/2014
[    0.000000] kernel: Hypervisor detected: KVM
[    0.000000] kernel: kvm-clock: Using msrs 4b564d01 and 4b564d00
[    0.000000] kernel: kvm-clock: cpu 0, msr 2c6e001, primary cpu clock
[    0.000001] kernel: kvm-clock: using sched offset of 217393578 cycles
[    0.000003] kernel: clocksource: kvm-clock: mask: 0xffffffffffffffff max_cycles: 0x1cd42e4dffb, max_idle_ns: 881590591483 ns
[    0.000006] kernel: tsc: Detected 2593.904 MHz processor
[    0.000579] kernel: e820: update [mem 0x00000000-0x00000fff] usable ==> reserved
[    0.000582] kernel: e820: remove [mem 0x000a0000-0x000fffff] usablebefore receiving handshake request
[    0.000000] kernel: Linux version 5.15.0+ (tlyu@IC-RS3-DPC07) (gcc (Ubuntu 9.4.0-1ubuntu1~20.04.1) 9.4.0, GNU ld (GNU Binutils for Ubuntu) 2.34) #7 SMP Sat Feb 18 10:18:37 CET 2023
[    0.000000] kernel: Command line: root=/dev/sda console=ttyS0 net.ifnames=0 ip=192.168.0.8 quiet nokaslr
[    0.000000] kernel: x86/fpu: Supporting XSAVE feature 0x001: 'x87 floating point registers'
[    0.000000] kernel: x86/fpu: Supporting XSAVE feature 0x002: 'SSE registers'
[    0.000000] kernel: x86/fpu: Supporting XSAVE feature 0x004: 'AVX registers'
[    0.000000] kernel: x86/fpu: Supporting XSAVE feature 0x020: 'AVX-512 opmask'
[    0.000000] kernel: x86/fpu: Supporting XSAVE feature 0x040: 'AVX-512 Hi256'
[    0.000000] kernel: x86/fpu: Supporting XSAVE feature 0x080: 'AVX-512 ZMM_Hi256'
[    0.000000] kernel: x86/fpu: Supporting XSAVE feature 0x200: 'Protection Keys User registers'
[    0.000000] kernel: x86/fpu: xstate_offset[2]:  576, xstate_sizes[2]:  256
[    0.000000] kernel: x86/fpu: 
[    0.000585] kernel: last_pfn = 0x2c0000 max_arch_pfn = 0x10000000000
[    0.000642] kernel: x86/PAT: Configuration [0-7]: WB  WC  UC- UC  WB  WP  UC- WT  
[    0.000648] kernel: last_pfn = 0xbffe0 max_arch_pfn = 0x10000000000
[    0.006073] kernel: found SMP MP-table at [mem 0x000f5b90-0x000f5b9f]
[    0.006143] kernel: Using GB pages for direct mapping
[    0.006772] kernel: ACPI: Early table checksum verification disabled
[    0.006782] kernel: ACPI: RSDP 0x00000000000F59B0 000014 (v00 BOCHS )
[    0.006790] kernel: ACPI: RSDT 0x00000000BFFE197C 000034 (v01 BOCHS  BXPC     00000001 BXPC 00000001)
[    0.006797] kernel: ACPI: FACP 0x00000000BFFE1828 000074 (v01 BOCHS  BXPC     00000001 BXPC 00000001)
[    0.006803] kernel: ACPI: DSDT 0x00000000BFFE0040 0017E8 (v01 BOCHS  BXPC     00000001 BXPC 00000001)
[    0.006806] kernel: ACPI: FACS 0x00000000BFFE0000 000040
[    0.006809] kernel: ACPI: APIC 0x00000000BFFE189C 000080 (v01 BOCHS  BXPC     00000001 BXPC 00000001)
[    0.006812][D 01/16/2023 17:42:13] PVFS2 Server version 2.9.7-orangefs-REV-65ab0d2 starting.
[E 01/16/2023 17:43:19] PVFS2 server got signal 15 (server_status_flag: 2080767)
[D 02/18/2023 14:39:31] PVFS2 Server version 2.9.7-orangefs-REV-65ab0d2 starting.
[D 02/18/2023 14:47:30] PVFS2 received server: signal 1
[E 02/18/2023 14:47:30] PVFS2 server got signal 15 (server_status_flag: 2080767)
req.flags ea2
----- uclient_cover_open write to pipe 4
xstate_offset[5]:  832, xstate_sizes[5]:   64
[    0.000000] kernel: x86/fpu: xstate_offset[6]:  896, xstate_sizes[6]:  512
[    0.000000] kernel: x86/fpu: xstate_offset[7]: 1408, xstate_sizes[7]: 1024
[    0.000000] kernel: x86/fpu: xstate_offset[9]: 2432, xstate_sizes[9]:    8
[    0.000000] kernel: x86/fpu: Enabled xstate features 0x2e7, context size is 2440 bytes, using 'compacted' format.
[    0.000000] kernel: signal: max sigframe size: 3632
[    0.000000] kernel: BIOS-provided physical RAM map:
[    0.000000] kernel: BIOS-e820: [mem 0x0000000000000000-0x000000000009fbff] usable
[    0.000000] kernel: BIOS-e820: [mem 0x000000000009fc00-0x000000000009ffff] reserved
[    0.000000] kernel: BIOS-e820: [mem 0x00000000000f0000-0x00000000000fffff] reserved
[    0.000000] kernel: BIOS-e820: [mem 0x0000000000100000-0x00000000bffdffff] usable
[    0.000000] kernel: BIOS-e820: [mem 0x00000000bffe0000-0x00000000bfffffff] reserved
[    0.000000] kernel: BIOS-e820: [mem 0x00000000feffc000-0x0----- uclient_cover_open write to pipe 4
----- uclient_cover_open write to pipe 4
----- uclient_cover_open write to pipe 4
----- uclient_cover_open write to pipe 4
----- uclient_cover_open write to pipe 4
----- uclient_cover_open write to pipe 4
----- uclient_cover_open write to pipe 4
----- uclient_cover_open write to pipe 4
----- uclient_cover_open write to pipe 4
----- uclient_cover_open write to pipe 4
----- uclient_cover_open write to pipe 4
----- uclient_cover_open write to pipe 4
----- uclient_cover_open write to pipe 4
----- uclient_cover_open write to pipe 4
----- uclient_cover_open write to pipe 4
----- executor 3 do_sandbox_none at begining
----- executor 3 do_sandbox_none before fork()
0000000feffffff] reserved
[    0.000000] kernel: BIOS-e820: [mem 0x00000000fffc0000-0x00000000ffffffff] reserved
[    0.000000] kernel: BIOS-e820: [mem 0x0000000100000000-0x00000002bfffffff] usable
[    0.000000] kernel: NX (Execute Disable) protection: active
[    0.000000] kernel: SMBIOS 2.8 present.
[    0.000000] kernel: DMI: QEMU Standard PC (i440FX + PIIX, 1996), BIOS 1.15.0-1 04/01/2014
[    0.000000] kernel: Hypervisor detected: KVM
[    0.000000] kernel: kvm-clock: Using msrs 4b564d01 and 4b564d00
[    0.000000] kernel: kvm-clock: cpu 0, msr 2c6e001, primary cpu clock
[    0.000001] kernel: kvm-clock: using sched offset of 197628381 cycles
[    0.000002] kernel: clocksource: kvm-clock: mask: 0xffffffffffffffff max_cycles: 0x1cd42e4dffb, max_idle_ns: 881590591483 ns
[    0.000004] kernel: tsc: Detected 2593.904 MHz processor
[    0.000435] kernel: e820: update [mem 0x00000000-0x00000fff] usable ==> reserved
[    0.000437] kernel: e820: remove [mem 0x000a0000-0x000fffff] usable
[    0.000440] kernel: last_pfn = 0x2c0000 max_arch_pfn = 0x10000000000
[    0.000486] kernel: x86/PAT: Configuration [0-7]: WB  WC  UC- UC  WB  WP  UC- WT  
[    0.000491] kernel: last_pfn = 0xbffe0 max_arch_pfn = 0x10000000000
[    0.004616] kernel: found SMP MP-table at [mem 0x000f5b90-0x000f5b9f]
[    0.004665] kernel: Using GB pages for direct mapping
[    0.005178] kernel: ACPI: Early table checksum verification disabled
[    0.005185] kernel: ACPI: RSDP 0x00000000000F59B0 000014 (v00 BOCHS )
[    0.005190] kernel: ACPI: RSDT 0x00000000BFFE197C 000034 (v01 BOCHS  BXPC     00000001 BXPC 00000001)
[    0.005195] kernel: ACPI: FACP 0x00000000BFFE1828 000074 (v01 BOCHS  BXPC     00000001 BXPC 00000001)
[    0.005199] kernel: ACPI: DSDT 0x00000000BFFE0040 0017E8 (v01 BOCHS  BXPC     00000001 BXPC 00000001)
[    0.005201] kernel: ACPI: FACS 0x00000000BFFE0000 000040
[    0.005203] kernel: ACPI: APIC 0x00000000BFFE189C 000080 (v01 BOCHS  BXPC     00000001 BXPC 00000001)
[    0.005205]before receive testcase: 0 1
 kernel: ACPI: HPET 0x00000000BFFE191C 000038 (v01 BOCHS  BXPC     00000001 BXPC 00000001)
[    0.006814] kernel: ACPI: WAET 0x00000000BFFE1954 000028 (v01 BOCHS  BXPC     00000001 BXPC 00000001)
[    0.006816] kernel: ACPI: Reserving FACP table memory at [mem 0xbffe1828-0xbffe189b]
[    0.006818] kernel: ACPI: Reserving DSDT table memory at [mem 0xbffe0040-0xbffe1827]
[    0.006819] kernel: ACPI: Reserving FACS table memory at [mem 0xbffe0000-0xbffe003f]
[    0.006819] kernel: ACPI: Reserving APIC table memory at [mem 0xbffe189c-0xbffe191b]
[    0.006820] kernel: ACPI: Reserving HPET table memory at [mem 0xbffe191c-0xbffe1953]
[    0.006821] kernel: ACPI: Reserving WAET table memory at [mem 0xbffe1954-0xbffe197b]
[    0.007173] kernel: No NUMA configuration found
[    0.007174] kernel: Faking a node at [mem 0x0000000000000000-0x00000002bfffffff]
[    0.007177] kernel: NODE_DATA(0) allocated [mem 0x2bfffa000-0x2bfffdfff]
[    0.007233] kernel: Zone ranges:
[    0.007234] kernel:   DMA----- is restarting 0
---- dfs_name orangefs is_dfs_client 0
      [mem 0x0000000000001000-0x0000000000ffffff]
[    0.007236] kernel:   DMA32    [mem 0x0000000001000000-0x00000000ffffffff]
[    0.007237] kernel:   Normal   [mem 0x0000000100000000-0x00000002bfffffff]
[    0.007238] kernel: Movable zone start for each node
[    0.007239] kernel: Early memory node ranges
[    0.007240] kernel:   node   0: [mem 0x0000000000001000-0x000000000009efff]
[    0.007242] kernel:   node   0: [mem 0x0000000000100000-0x00000000bffdffff]
[    0.007243] kernel:   node   0: [mem 0x0000000100000000-0x00000002bfffffff]
[    0.007245] kernel: Initmem setup node 0 [mem 0x0000000000001000-0x00000002bfffffff]
[    0.007677] kernel: On node 0, zone DMA: 1 pages in unavailable ranges
[    0.007690] kernel: On node 0, zone DMA: 97 pages in unavailable ranges
[    0.052121] kernel: On node 0, zone Normal: 32 pages in unavailable ranges
[    0.411116] kernel: kasan: KernelAddressSanitizer initialized
[    0.411517] kernel: ACPI: PM-Timer IO Port: 0x608
[    0.411524] kernunlink FIFO failed: No such file or directory
[    0.000000] kernel: Linux version 5.15.0+ (tlyu@IC-RS3-DPC07) (gcc (Ubuntu 9.4.0-1ubuntu1~20.04.1) 9.4.0, GNU ld (GNU Binutils for Ubuntu) 2.34) #7 SMP Sat Feb 18 10:18:37 CET 2023
[    0.000000] kernel: Command line: root=/dev/sda console=ttyS0 net.ifnames=0 ip=192.168.0.7 quiet nokaslr
[    0.000000] kernel: x86/fpu: Supporting XSAVE feature 0x001: 'x87 floating point registers'
[    0.000000] kernel: x86/fpu: Supporting XSAVE feature 0x002: 'SSE registers'
[    0.000000] kernel: x86/fpu: Supporting XSAVE feature 0x004: 'AVX registers'
[    0.000000] kernel: x86/fpu: Supporting XSAVE feature 0x020: 'AVX-512 opmask'
[    0.000000] kernel: x86/fpu: Supporting XSAVE feature 0x040: 'AVX-512 Hi256'
[    0.000000] kernel: x86/fpu: Supporting XSAVE feature 0x080: 'AVX-512 ZMM_Hi256'
[    0.000000] kernel: x86/fpu: Supporting XSAVE feature 0x200: 'Protection Keys User registers'
[    0.000000] kernel: x86/fpu: xstate_offset[2]:  576, xstate_sizes[2]:  256
[    0.000000] kernel: x86/fpu:  kernel: ACPI: HPET 0x00000000BFFE191C 000038 (v01 BOCHS  BXPC     00000001 BXPC 00000001)
[    0.005207] kernel: ACPI: WAET 0x00000000BFFE1954 000028 (v01 BOCHS  BXPC     00000001 BXPC 00000001)
[    0.005209] kernel: ACPI: Reserving FACP table memory at [mem 0xbffe1828-0xbffe189b]
[    0.005210] kernel: ACPI: Reserving DSDT table memory at [mem 0xbffe0040-0xbffe1827]
[    0.005211] kernel: ACPI: Reserving FACS table memory at [mem 0xbffe0000-0xbffe003f]
[    0.005211] kernel: ACPI: Reserving APIC table memory at [mem 0xbffe189c-0xbffe191b]
[    0.005212] kernel: ACPI: Reserving HPET table memory at [mem 0xbffe191c-0xbffe1953]
[    0.005212] kernel: ACPI: Reserving WAET table memory at [mem 0xbffe1954-0xbffe197b]
[    0.005491] kernel: No NUMA configuration found
[    0.005492] kernel: Faking a node at [mem 0x0000000000000000-0x00000002bfffffff]
[    0.005494] kernel: NODE_DATA(0) allocated [mem 0x2bfffa000-0x2bfffdfff]
[    0.005538] kernel: Zone ranges:
[    0.005539] kernel:   DMAel: ACPI: LAPIC_NMI (acpi_id[0xff] dfl dfl lint[0x1])
[    0.411563] kernel: IOAPIC[0]: apic_id 0, version 17, address 0xfec00000, GSI 0-23
[    0.411566] kernel: ACPI: INT_SRC_OVR (bus 0 bus_irq 0 global_irq 2 dfl dfl)
[    0.411568] kernel: ACPI: INT_SRC_OVR (bus 0 bus_irq 5 global_irq 5 high level)
[    0.411570] kernel: ACPI: INT_SRC_OVR (bus 0 bus_irq 9 global_irq 9 high level)
[    0.411571] kernel: ACPI: INT_SRC_OVR (bus 0 bus_irq 10 global_irq 10 high level)
[    0.411572] kernel: ACPI: INT_SRC_OVR (bus 0 bus_irq 11 global_irq 11 high level)
[    0.411575] kernel: ACPI: Using ACPI (MADT) for SMP configuration information
[    0.411576] kernel: ACPI: HPET id: 0x8086a201 base: 0xfed00000
[    0.411580] kernel: TSC deadline timer available
[    0.411582] kernel: smpboot: Allowing 2 CPUs, 0 hotplug CPUs
[    0.411608] kernel: kvm-guest: KVM setup pv remote TLB flush
[    0.411613] kernel: kvm-guest: setup PV sched yield
[    0.411628] kernel: PM: hibernation: Registered nosave mem[D 01/16/2023 17:42:13] PVFS2 Server version 2.9.7-orangefs-REV-65ab0d2 starting.
[E 01/16/2023 17:43:19] PVFS2 server got signal 15 (server_status_flag: 2080767)
[D 02/18/2023 14:39:31] PVFS2 Server version 2.9.7-orangefs-REV-65ab0d2 starting.
[D 02/18/2023 14:47:30] PVFS2 received server: signal 1
[E 02/18/2023 14:47:30] PVFS2 server got signal 15 (server_status_flag: 2080767)
xstate_offset[5]:  832, xstate_sizes[5]:   64
[    0.000000] kernel: x86/fpu: xstate_offset[6]:  896, xstate_sizes[6]:  512
[    0.000000] kernel: x86/fpu: xstate_offset[7]: 1408, xstate_sizes[7]: 1024
[    0.000000] kernel: x86/fpu: xstate_offset[9]: 2432, xstate_sizes[9]:    8
[    0.000000] kernel: x86/fpu: Enabled xstate features 0x2e7, context size is 2440 bytes, using 'compacted' format.
[    0.000000] kernel: signal: max sigframe size: 3632
[    0.000000] kernel: BIOS-provided physical RAM map:
[    0.000000] kernel: BIOS-e820: [mem 0x0000000000000000-0x000000000009fbff] usable
[    0.000000] kernel: BIOS-e820: [mem 0x000000000009fc00-0x000000000009ffff] reserved
[    0.000000] kernel: BIOS-e820: [mem 0x00000000000f0000-0x00000000000fffff] reserved
[    0.000000] kernel: BIOS-e820: [mem 0x0000000000100000-0x00000000bffdffff] usable
[    0.000000] kernel: BIOS-e820: [mem 0x00000000bffe0000-0x00000000bfffffff] reserved
[    0.000000] kernel: BIOS-e820: [mem 0x00000000feffc000-0x0ory: [mem 0x00000000-0x00000fff]
[    0.411630] kernel: PM: hibernation: Registered nosave memory: [mem 0x0009f000-0x0009ffff]
[    0.411631] kernel: PM: hibernation: Registered nosave memory: [mem 0x000a0000-0x000effff]
[    0.411632] kernel: PM: hibernation: Registered nosave memory: [mem 0x000f0000-0x000fffff]
[    0.411633] kernel: PM: hibernation: Registered nosave memory: [mem 0xbffe0000-0xbfffffff]
[    0.411634] kernel: PM: hibernation: Registered nosave memory: [mem 0xc0000000-0xfeffbfff]
[    0.411635] kernel: PM: hibernation: Registered nosave memory: [mem 0xfeffc000-0xfeffffff]
[    0.411635] kernel: PM: hibernation: Registered nosave memory: [mem 0xff000000-0xfffbffff]
[    0.411636] kernel: PM: hibernation: Registered nosave memory: [mem 0xfffc0000-0xffffffff]
[    0.411638] kernel: [mem 0xc0000000-0xfeffbfff] available for PCI devices
[    0.411639] kernel: Booting paravirtualized kernel on KVM
[    0.411642] kernel: clocksource: refined-jiffies: mask: 0xffffffff max_cy0000000feffffff] reserved
[    0.000000] kernel: BIOS-e820: [mem 0x00000000fffc0000-0x00000000ffffffff] reserved
[    0.000000] kernel: BIOS-e820: [mem 0x0000000100000000-0x00000002bfffffff] usable
[    0.000000] kernel: NX (Execute Disable) protection: active
[    0.000000] kernel: SMBIOS 2.8 present.
[    0.000000] kernel: DMI: QEMU Standard PC (i440FX + PIIX, 1996), BIOS 1.15.0-1 04/01/2014
[    0.000000] kernel: Hypervisor detected: KVM
[    0.000000] kernel: kvm-clock: Using msrs 4b564d01 and 4b564d00
[    0.000000] kernel: kvm-clock: cpu 0, msr 2c6e001, primary cpu clock
[    0.000001] kernel: kvm-clock: using sched offset of 185716683 cycles
[    0.000002] kernel: clocksource: kvm-clock: mask: 0xffffffffffffffff max_cycles: 0x1cd42e4dffb, max_idle_ns: 881590591483 ns
[    0.000004] kernel: tsc: Detected 2593.904 MHz processor
[    0.000446] kernel: e820: update [mem 0x00000000-0x00000fff] usable ==> reserved
[    0.000448] kernel: e820: remove [mem 0x000a0000-0x000fffff] usablecles: 0xffffffff, max_idle_ns: 1910969940391419 ns
[    0.416657] kernel: setup_percpu: NR_CPUS:64 nr_cpumask_bits:64 nr_cpu_ids:2 nr_node_ids:1
[    0.417296] kernel: percpu: Embedded 56 pages/cpu s191576 r8192 d29608 u1048576
[    0.417302] kernel: pcpu-alloc: s191576 r8192 d29608 u1048576 alloc=1*2097152
[    0.417305] kernel: pcpu-alloc: [0] 0 1 
[    0.417333] kernel: kvm-guest: setup async PF for cpu 0
[    0.417339] kernel: kvm-guest: stealtime: cpu 0, msr 26561f140
[    0.417345] kernel: Built 1 zonelists, mobility grouping on.  Total pages: 2580192
[    0.417347] kernel: Policy zone: Normal
[    0.417349] kernel: Kernel command line: root=/dev/sda console=ttyS0 net.ifnames=0 ip=192.168.0.6 quiet nokaslr
[    0.417438] kernel: Unknown command line parameters: nokaslr
[    0.421895] kernel: Dentry cache hash table entries: 2097152 (order: 12, 16777216 bytes, linear)
[    0.424153] kernel: Inode-cache hash table entries: 1048576 (order: 11, 8388608 bytes, linear)
[    0.424222] before receive testcase: 0 1
      [mem 0x0000000000001000-0x0000000000ffffff]
[    0.005540] kernel:   DMA32    [mem 0x0000000001000000-0x00000000ffffffff]
[    0.005541] kernel:   Normal   [mem 0x0000000100000000-0x00000002bfffffff]
[    0.005542] kernel: Movable zone start for each node
[    0.005543] kernel: Early memory node ranges
[    0.005543] kernel:   node   0: [mem 0x0000000000001000-0x000000000009efff]
[    0.005544] kernel:   node   0: [mem 0x0000000000100000-0x00000000bffdffff]
[    0.005545] kernel:   node   0: [mem 0x0000000100000000-0x00000002bfffffff]
[    0.005546] kernel: Initmem setup node 0 [mem 0x0000000000001000-0x00000002bfffffff]
[    0.005960] kernel: On node 0, zone DMA: 1 pages in unavailable ranges
[    0.005970] kernel: On node 0, zone DMA: 97 pages in unavailable ranges
[    0.046508] kernel: On node 0, zone Normal: 32 pages in unavailable ranges
[    0.385974] kernel: kasan: KernelAddressSanitizer initialized
[    0.386290] kernel: ACPI: PM-Timer IO Port: 0x608
[    0.386295] kern
[    0.000451] kernel: last_pfn = 0x2c0000 max_arch_pfn = 0x10000000000
[    0.000497] kernel: x86/PAT: Configuration [0-7]: WB  WC  UC- UC  WB  WP  UC- WT  
[    0.000502] kernel: last_pfn = 0xbffe0 max_arch_pfn = 0x10000000000
[    0.004636] kernel: found SMP MP-table at [mem 0x000f5b90-0x000f5b9f]
[    0.004693] kernel: Using GB pages for direct mapping
[    0.005220] kernel: ACPI: Early table checksum verification disabled
[    0.005226] kernel: ACPI: RSDP 0x00000000000F59B0 000014 (v00 BOCHS )
[    0.005232] kernel: ACPI: RSDT 0x00000000BFFE197C 000034 (v01 BOCHS  BXPC     00000001 BXPC 00000001)
[    0.005237] kernel: ACPI: FACP 0x00000000BFFE1828 000074 (v01 BOCHS  BXPC     00000001 BXPC 00000001)
[    0.005241] kernel: ACPI: DSDT 0x00000000BFFE0040 0017E8 (v01 BOCHS  BXPC     00000001 BXPC 00000001)
[    0.005244] kernel: ACPI: FACS 0x00000000BFFE0000 000040
[    0.005246] kernel: ACPI: APIC 0x00000000BFFE189C 000080 (v01 BOCHS  BXPC     00000001 BXPC 00000001)
[    0.005248]executor 2 finishes userspace_cover_open
before receiving handshake request
req.flags ea2
----- executor 2 do_sandbox_none at begining
----- executor 2 do_sandbox_none before fork()
kernel: mem auto-init: stack:off, heap alloc:off, heap free:off
[    0.589122] kernel: Memory: 8872648K/10485240K available (14348K kernel code, 2403K rwdata, 3568K rodata, 1384K init, 1732K bss, 1612392K reserved, 0K cma-reserved)
[    0.589231] kernel: SLUB: HWalign=64, Order=0-3, MinObjects=0, CPUs=2, Nodes=1
[    0.589725] kernel: rcu: Hierarchical RCU implementation.
[    0.589726] kernel: rcu:         RCU event tracing is enabled.
[    0.589727] kernel: rcu:         RCU restricting CPUs from NR_CPUS=64 to nr_cpu_ids=2.
[    0.589729] kernel: rcu: RCU calculated value of scheduler-enlistment delay is 100 jiffies.
[    0.589731] kernel: rcu: Adjusting geometry for rcu_fanout_leaf=16, nr_cpu_ids=2
[    0.593079] kernel: NR_IRQS: 4352, nr_irqs: 440, preallocated irqs: 16
[    0.593317] kernel: random: get_random_bytes called from start_kernel+0x4b1/0x67a with crng_init=0
[    0.597488] kernel: Console: colour VGA+ 80x25
[    0.597533] kernel: printk: console [ttyS0] enabled
[    0.5el: ACPI: LAPIC_NMI (acpi_id[0xff] dfl dfl lint[0x1])
[    0.386328] kernel: IOAPIC[0]: apic_id 0, version 17, address 0xfec00000, GSI 0-23
[    0.386330] kernel: ACPI: INT_SRC_OVR (bus 0 bus_irq 0 global_irq 2 dfl dfl)
[    0.386332] kernel: ACPI: INT_SRC_OVR (bus 0 bus_irq 5 global_irq 5 high level)
[    0.386333] kernel: ACPI: INT_SRC_OVR (bus 0 bus_irq 9 global_irq 9 high level)
[    0.386334] kernel: ACPI: INT_SRC_OVR (bus 0 bus_irq 10 global_irq 10 high level)
[    0.386335] kernel: ACPI: INT_SRC_OVR (bus 0 bus_irq 11 global_irq 11 high level)
[    0.386337] kernel: ACPI: Using ACPI (MADT) for SMP configuration information
[    0.386338] kernel: ACPI: HPET id: 0x8086a201 base: 0xfed00000
[    0.386341] kernel: TSC deadline timer available
[    0.386342] kernel: smpboot: Allowing 2 CPUs, 0 hotplug CPUs
[    0.386361] kernel: kvm-guest: KVM setup pv remote TLB flush
[    0.386365] kernel: kvm-guest: setup PV sched yield
[    0.386376] kernel: PM: hibernation: Registered nosave mem kernel: ACPI: HPET 0x00000000BFFE191C 000038 (v01 BOCHS  BXPC     00000001 BXPC 00000001)
[    0.005250] kernel: ACPI: WAET 0x00000000BFFE1954 000028 (v01 BOCHS  BXPC     00000001 BXPC 00000001)
[    0.005251] kernel: ACPI: Reserving FACP table memory at [mem 0xbffe1828-0xbffe189b]
[    0.005253] kernel: ACPI: Reserving DSDT table memory at [mem 0xbffe0040-0xbffe1827]
[    0.005253] kernel: ACPI: Reserving FACS table memory at [mem 0xbffe0000-0xbffe003f]
[    0.005254] kernel: ACPI: Reserving APIC table memory at [mem 0xbffe189c-0xbffe191b]
[    0.005255] kernel: ACPI: Reserving HPET table memory at [mem 0xbffe191c-0xbffe1953]
[    0.005255] kernel: ACPI: Reserving WAET table memory at [mem 0xbffe1954-0xbffe197b]
[    0.005531] kernel: No NUMA configuration found
[    0.005531] kernel: Faking a node at [mem 0x0000000000000000-0x00000002bfffffff]
[    0.005533] kernel: NODE_DATA(0) allocated [mem 0x2bfffa000-0x2bfffdfff]
[    0.005576] kernel: Zone ranges:
[    0.005577] kernel:   DMA97553] kernel: ACPI: Core revision 20210730
[    0.597730] kernel: clocksource: hpet: mask: 0xffffffff max_cycles: 0xffffffff, max_idle_ns: 19112604467 ns
[    0.597833] kernel: APIC: Switch to symmetric I/O mode setup
[    0.597837] kernel: kvm-guest: setup PV IPIs
[    0.598925] kernel: ..TIMER: vector=0x30 apic1=0 pin1=2 apic2=-1 pin2=-1
[    0.598950] kernel: clocksource: tsc-early: mask: 0xffffffffffffffff max_cycles: 0x2563bd843df, max_idle_ns: 440795257314 ns
[    0.598958] kernel: Calibrating delay loop (skipped) preset value.. 5187.80 BogoMIPS (lpj=2593904)
[    0.598960] kernel: pid_max: default: 32768 minimum: 301
[    0.598997] kernel: LSM: Security Framework initializing
[    0.599011] kernel: SELinux:  Initializing.
[    0.599086] kernel: Mount-cache hash table entries: 32768 (order: 6, 262144 bytes, linear)
[    0.599491] kernel: Mountpoint-cache hash table entries: 32768 (order: 6, 262144 bytes, linear)
[    0.600279] kernel: x86/cpu: User Mode Instruction Prevention (ory: [mem 0x00000000-0x00000fff]
[    0.386378] kernel: PM: hibernation: Registered nosave memory: [mem 0x0009f000-0x0009ffff]
[    0.386379] kernel: PM: hibernation: Registered nosave memory: [mem 0x000a0000-0x000effff]
[    0.386379] kernel: PM: hibernation: Registered nosave memory: [mem 0x000f0000-0x000fffff]
[    0.386380] kernel: PM: hibernation: Registered nosave memory: [mem 0xbffe0000-0xbfffffff]
[    0.386381] kernel: PM: hibernation: Registered nosave memory: [mem 0xc0000000-0xfeffbfff]
[    0.386381] kernel: PM: hibernation: Registered nosave memory: [mem 0xfeffc000-0xfeffffff]
[    0.386382] kernel: PM: hibernation: Registered nosave memory: [mem 0xff000000-0xfffbffff]
[    0.386382] kernel: PM: hibernation: Registered nosave memory: [mem 0xfffc0000-0xffffffff]
[    0.386384] kernel: [mem 0xc0000000-0xfeffbfff] available for PCI devices
[    0.386385] kernel: Booting paravirtualized kernel on KVM
[    0.386387] kernel: clocksource: refined-jiffies: mask: 0xffffffff max_cy      [mem 0x0000000000001000-0x0000000000ffffff]
[    0.005578] kernel:   DMA32    [mem 0x0000000001000000-0x00000000ffffffff]
[    0.005580] kernel:   Normal   [mem 0x0000000100000000-0x00000002bfffffff]
[    0.005581] kernel: Movable zone start for each node
[    0.005581] kernel: Early memory node ranges
[    0.005582] kernel:   node   0: [mem 0x0000000000001000-0x000000000009efff]
[    0.005583] kernel:   node   0: [mem 0x0000000000100000-0x00000000bffdffff]
[    0.005584] kernel:   node   0: [mem 0x0000000100000000-0x00000002bfffffff]
[    0.005585] kernel: Initmem setup node 0 [mem 0x0000000000001000-0x00000002bfffffff]
[    0.005935] kernel: On node 0, zone DMA: 1 pages in unavailable ranges
[    0.005946] kernel: On node 0, zone DMA: 97 pages in unavailable ranges
[    0.047762] kernel: On node 0, zone Normal: 32 pages in unavailable ranges
[    0.385920] kernel: kasan: KernelAddressSanitizer initialized
[    0.386240] kernel: ACPI: PM-Timer IO Port: 0x608
[    0.386247] kerncles: 0xffffffff, max_idle_ns: 1910969940391419 ns
[    0.390207] kernel: setup_percpu: NR_CPUS:64 nr_cpumask_bits:64 nr_cpu_ids:2 nr_node_ids:1
[    0.390816] kernel: percpu: Embedded 56 pages/cpu s191576 r8192 d29608 u1048576
[    0.390820] kernel: pcpu-alloc: s191576 r8192 d29608 u1048576 alloc=1*2097152
[    0.390823] kernel: pcpu-alloc: [0] 0 1 
[    0.390844] kernel: kvm-guest: setup async PF for cpu 0
[    0.390850] kernel: kvm-guest: stealtime: cpu 0, msr 26561f140
[    0.390853] kernel: Built 1 zonelists, mobility grouping on.  Total pages: 2580192
[    0.390854] kernel: Policy zone: Normal
[    0.390856] kernel: Kernel command line: root=/dev/sda console=ttyS0 net.ifnames=0 ip=192.168.0.8 quiet nokaslr
[    0.390925] kernel: Unknown command line parameters: nokaslr
[    0.394971] kernel: Dentry cache hash table entries: 2097152 (order: 12, 16777216 bytes, linear)
[    0.396972] kernel: Inode-cache hash table entries: 1048576 (order: 11, 8388608 bytes, linear)
[    0.397025] UMIP) activated
[    0.600447] kernel: Last level iTLB entries: 4KB 0, 2MB 0, 4MB 0
[    0.600448] kernel: Last level dTLB entries: 4KB 0, 2MB 0, 4MB 0, 1GB 0
[    0.600459] kernel: Spectre V1 : Mitigation: usercopy/swapgs barriers and __user pointer sanitization
[    0.600464] kernel: Spectre V2 : Mitigation: Enhanced IBRS
[    0.600464] kernel: Spectre V2 : Spectre v2 / SpectreRSB mitigation: Filling RSB on context switch
[    0.600466] kernel: Spectre V2 : mitigation: Enabling conditional Indirect Branch Prediction Barrier
[    0.600467] kernel: Speculative Store Bypass: Mitigation: Speculative Store Bypass disabled via prctl and seccomp
[    0.600468] kernel: TAA: Mitigation: TSX disabled
[    0.607145] kernel: Freeing SMP alternatives memory: 40K
[    0.607296] kernel: smpboot: CPU0: Intel(R) Xeon(R) Gold 6348 CPU @ 2.60GHz (family: 0x6, model: 0x6a, stepping: 0x6)
[    0.607421] kernel: Performance Events: Icelake events, 32-deep LBR, full-width counters, Intel PMU driver.
[    0.607520] kernel: ... version:                2
[    0.607521] kernel: ... bit width:              48
[    0.607521] kernel: ... generic registers:      8
[    0.607522] kernel: ... value mask:             0000ffffffffffff
[    0.607523] kernel: ... max period:             00007fffffffffff
[    0.607524] kernel: ... fixed-purpose events:   3
[    0.607525] kernel: ... event mask:             00000007000000ff
[    0.607654] kernel: rcu: Hierarchical SRCU implementation.
[    0.607953] kernel: smp: Bringing up secondary CPUs ...
[    0.607953] kernel: x86: Booting SMP configuration:
[    0.607953] kernel: .... node  #0, CPUs:      #1
[    0.005670] kernel: kvm-clock: cpu 1, msr 2c6e041, secondary cpu clock
[    0.608336] kernel: kvm-guest: setup async PF for cpu 1
[    0.608336] kernel: kvm-guest: stealtime: cpu 1, msr 26571f140
[    0.608336] kernel: smp: Brought up 1 node, 2 CPUs
[    0.608336] kernel: smpboot: Max logical packages: 1
[    0.608336] kernel: smpboot: Total of 2 processkernel: mem auto-init: stack:off, heap alloc:off, heap free:off
[    0.555516] kernel: Memory: 8872648K/10485240K available (14348K kernel code, 2403K rwdata, 3568K rodata, 1384K init, 1732K bss, 1612392K reserved, 0K cma-reserved)
[    0.555596] kernel: SLUB: HWalign=64, Order=0-3, MinObjects=0, CPUs=2, Nodes=1
[    0.556100] kernel: rcu: Hierarchical RCU implementation.
[    0.556101] kernel: rcu:         RCU event tracing is enabled.
[    0.556102] kernel: rcu:         RCU restricting CPUs from NR_CPUS=64 to nr_cpu_ids=2.
[    0.556104] kernel: rcu: RCU calculated value of scheduler-enlistment delay is 100 jiffies.
[    0.556105] kernel: rcu: Adjusting geometry for rcu_fanout_leaf=16, nr_cpu_ids=2
[    0.558691] kernel: NR_IRQS: 4352, nr_irqs: 440, preallocated irqs: 16
[    0.558877] kernel: random: get_random_bytes called from start_kernel+0x4b1/0x67a with crng_init=0
[    0.562146] kernel: Console: colour VGA+ 80x25
[    0.562186] kernel: printk: console [ttyS0] enabled
[    0.5ors activated (10375.61 BogoMIPS)
[    0.609042] kernel: devtmpfs: initialized
[    0.609308] kernel: clocksource: jiffies: mask: 0xffffffff max_cycles: 0xffffffff, max_idle_ns: 1911260446275000 ns
[    0.609308] kernel: futex hash table entries: 512 (order: 3, 32768 bytes, linear)
[    0.610154] kernel: PM: RTC time: 05:18:01, date: 2023-03-25
[    0.610342] kernel: NET: Registered PF_NETLINK/PF_ROUTE protocol family
[    0.610615] kernel: audit: initializing netlink subsys (disabled)
[    0.610984] kernel: audit: type=2000 audit(1679721482.326:1): state=initialized audit_enabled=0 res=1
[    0.611285] kernel: thermal_sys: Registered thermal governor 'step_wise'
[    0.611287] kernel: thermal_sys: Registered thermal governor 'user_space'
[    0.611311] kernel: cpuidle: using governor menu
[    0.611953] kernel: ACPI: bus type PCI registered
[    0.611953] kernel: PCI: Using configuration type 1 for base access
[    0.620054] kernel: Kprobes globally optimized
[    0.620969] kernel: H62203] kernel: ACPI: Core revision 20210730
[    0.562338] kernel: clocksource: hpet: mask: 0xffffffff max_cycles: 0xffffffff, max_idle_ns: 19112604467 ns
[    0.562422] kernel: APIC: Switch to symmetric I/O mode setup
[    0.562425] kernel: kvm-guest: setup PV IPIs
[    0.563302] kernel: ..TIMER: vector=0x30 apic1=0 pin1=2 apic2=-1 pin2=-1
[    0.563323] kernel: clocksource: tsc-early: mask: 0xffffffffffffffff max_cycles: 0x2563bd843df, max_idle_ns: 440795257314 ns
[    0.563328] kernel: Calibrating delay loop (skipped) preset value.. 5187.80 BogoMIPS (lpj=2593904)
[    0.563330] kernel: pid_max: default: 32768 minimum: 301
[    0.563360] kernel: LSM: Security Framework initializing
[    0.563372] kernel: SELinux:  Initializing.
[    0.564359] kernel: Mount-cache hash table entries: 32768 (order: 6, 262144 bytes, linear)
[    0.564771] kernel: Mountpoint-cache hash table entries: 32768 (order: 6, 262144 bytes, linear)
[    0.565314] kernel: x86/cpu: User Mode Instruction Prevention (before receive testcase: 0 1
el: ACPI: LAPIC_NMI (acpi_id[0xff] dfl dfl lint[0x1])
[    0.386282] kernel: IOAPIC[0]: apic_id 0, version 17, address 0xfec00000, GSI 0-23
[    0.386284] kernel: ACPI: INT_SRC_OVR (bus 0 bus_irq 0 global_irq 2 dfl dfl)
[    0.386286] kernel: ACPI: INT_SRC_OVR (bus 0 bus_irq 5 global_irq 5 high level)
[    0.386287] kernel: ACPI: INT_SRC_OVR (bus 0 bus_irq 9 global_irq 9 high level)
[    0.386288] kernel: ACPI: INT_SRC_OVR (bus 0 bus_irq 10 global_irq 10 high level)
[    0.386289] kernel: ACPI: INT_SRC_OVR (bus 0 bus_irq 11 global_irq 11 high level)
[    0.386291] kernel: ACPI: Using ACPI (MADT) for SMP configuration information
[    0.386292] kernel: ACPI: HPET id: 0x8086a201 base: 0xfed00000
[    0.386295] kernel: TSC deadline timer available
[    0.386296] kernel: smpboot: Allowing 2 CPUs, 0 hotplug CPUs
[    0.386317] kernel: kvm-guest: KVM setup pv remote TLB flush
[    0.386320] kernel: kvm-guest: setup PV sched yield
[    0.386331] kernel: PM: hibernation: Registered nosave memugeTLB registered 2.00 MiB page size, pre-allocated 0 pages
[    0.621011] kernel: cryptomgr_test (27) used greatest stack depth: 31400 bytes left
[    0.621014] kernel: ACPI: Added _OSI(Module Device)
[    0.621016] kernel: ACPI: Added _OSI(Processor Device)
[    0.621017] kernel: ACPI: Added _OSI(3.0 _SCP Extensions)
[    0.621018] kernel: ACPI: Added _OSI(Processor Aggregator Device)
[    0.621023] kernel: ACPI: Added _OSI(Linux-Dell-Video)
[    0.621025] kernel: ACPI: Added _OSI(Linux-Lenovo-NV-HDMI-Audio)
[    0.621028] kernel: ACPI: Added _OSI(Linux-HPI-Hybrid-Graphics)
[    0.628987] kernel: ACPI: 1 ACPI AML tables successfully acquired and loaded
[    0.631386] kernel: ACPI: Interpreter enabled
[    0.631422] kernel: ACPI: PM: (supports S0 S3 S4 S5)
[    0.631424] kernel: ACPI: Using IOAPIC for interrupt routing
[    0.631457] kernel: PCI: Using host bridge windows from ACPI; if necessary, use "pci=nocrs" and report a bug
[    0.631886] kernel: ACPI: Enabled 2 GPEs in block 00UMIP) activated
[    0.565464] kernel: Last level iTLB entries: 4KB 0, 2MB 0, 4MB 0
[    0.565465] kernel: Last level dTLB entries: 4KB 0, 2MB 0, 4MB 0, 1GB 0
[    0.565474] kernel: Spectre V1 : Mitigation: usercopy/swapgs barriers and __user pointer sanitization
[    0.565477] kernel: Spectre V2 : Mitigation: Enhanced IBRS
[    0.565478] kernel: Spectre V2 : Spectre v2 / SpectreRSB mitigation: Filling RSB on context switch
[    0.565479] kernel: Spectre V2 : mitigation: Enabling conditional Indirect Branch Prediction Barrier
[    0.565481] kernel: Speculative Store Bypass: Mitigation: Speculative Store Bypass disabled via prctl and seccomp
[    0.565481] kernel: TAA: Mitigation: TSX disabled
[    0.570533] kernel: Freeing SMP alternatives memory: 40K
[    0.570664] kernel: smpboot: CPU0: Intel(R) Xeon(R) Gold 6348 CPU @ 2.60GHz (family: 0x6, model: 0x6a, stepping: 0x6)
[    0.570779] kernel: Performance Events: Icelake events, 32-deep LBR, full-width counters, Intel PMU driver.
[    ory: [mem 0x00000000-0x00000fff]
[    0.386332] kernel: PM: hibernation: Registered nosave memory: [mem 0x0009f000-0x0009ffff]
[    0.386333] kernel: PM: hibernation: Registered nosave memory: [mem 0x000a0000-0x000effff]
[    0.386334] kernel: PM: hibernation: Registered nosave memory: [mem 0x000f0000-0x000fffff]
[    0.386334] kernel: PM: hibernation: Registered nosave memory: [mem 0xbffe0000-0xbfffffff]
[    0.386335] kernel: PM: hibernation: Registered nosave memory: [mem 0xc0000000-0xfeffbfff]
[    0.386335] kernel: PM: hibernation: Registered nosave memory: [mem 0xfeffc000-0xfeffffff]
[    0.386336] kernel: PM: hibernation: Registered nosave memory: [mem 0xff000000-0xfffbffff]
[    0.386337] kernel: PM: hibernation: Registered nosave memory: [mem 0xfffc0000-0xffffffff]
[    0.386338] kernel: [mem 0xc0000000-0xfeffbfff] available for PCI devices
[    0.386339] kernel: Booting paravirtualized kernel on KVM
[    0.386340] kernel: clocksource: refined-jiffies: mask: 0xffffffff max_cy to 0F
[    0.640827] kernel: ACPI: PCI Root Bridge [PCI0] (domain 0000 [bus 00-ff])
[    0.640843] kernel: acpi PNP0A03:00: _OSC: OS supports [ASPM ClockPM Segments MSI HPX-Type3]
[    0.640901] kernel: acpi PNP0A03:00: fail to add MMCONFIG information, can't access extended PCI configuration space under this bridge.
[    0.641028] kernel: PCI host bridge to bus 0000:00
[    0.641031] kernel: pci_bus 0000:00: root bus resource [io  0x0000-0x0cf7 window]
[    0.641034] kernel: pci_bus 0000:00: root bus resource [io  0x0d00-0xffff window]
[    0.641036] kernel: pci_bus 0000:00: root bus resource [mem 0x000a0000-0x000bffff window]
[    0.641038] kernel: pci_bus 0000:00: root bus resource [mem 0xc0000000-0xfebfffff window]
[    0.641041] kernel: pci_bus 0000:00: root bus resource [mem 0x2c0000000-0x33fffffff window]
[    0.641043] kernel: pci_bus 0000:00: root bus resource [bus 00-ff]
[    0.641634] kernel: pci 0000:00:00.0: [8086:1237] type 00 class 0x060000
[    0.645859] kernel: pci 00.571396] kernel: ... version:                2
[    0.571399] kernel: ... bit width:              48
[    0.571399] kernel: ... generic registers:      8
[    0.571400] kernel: ... value mask:             0000ffffffffffff
[    0.571401] kernel: ... max period:             00007fffffffffff
[    0.571402] kernel: ... fixed-purpose events:   3
[    0.571403] kernel: ... event mask:             00000007000000ff
[    0.571583] kernel: rcu: Hierarchical SRCU implementation.
[    0.571999] kernel: smp: Bringing up secondary CPUs ...
[    0.572126] kernel: x86: Booting SMP configuration:
[    0.572127] kernel: .... node  #0, CPUs:      #1
[    0.004475] kernel: kvm-clock: cpu 1, msr 2c6e041, secondary cpu clock
[    0.572935] kernel: kvm-guest: setup async PF for cpu 1
[    0.572935] kernel: kvm-guest: stealtime: cpu 1, msr 26571f140
[    0.572935] kernel: smp: Brought up 1 node, 2 CPUs
[    0.572935] kernel: smpboot: Max logical packages: 1
[    0.572935] kernel: smpboot: Total of 2 processcles: 0xffffffff, max_idle_ns: 1910969940391419 ns
[    0.390195] kernel: setup_percpu: NR_CPUS:64 nr_cpumask_bits:64 nr_cpu_ids:2 nr_node_ids:1
[    0.390732] kernel: percpu: Embedded 56 pages/cpu s191576 r8192 d29608 u1048576
[    0.390736] kernel: pcpu-alloc: s191576 r8192 d29608 u1048576 alloc=1*2097152
[    0.390739] kernel: pcpu-alloc: [0] 0 1 
[    0.390763] kernel: kvm-guest: setup async PF for cpu 0
[    0.390768] kernel: kvm-guest: stealtime: cpu 0, msr 26561f140
[    0.390772] kernel: Built 1 zonelists, mobility grouping on.  Total pages: 2580192
[    0.390773] kernel: Policy zone: Normal
[    0.390775] kernel: Kernel command line: root=/dev/sda console=ttyS0 net.ifnames=0 ip=192.168.0.7 quiet nokaslr
[    0.390844] kernel: Unknown command line parameters: nokaslr
[    0.394951] kernel: Dentry cache hash table entries: 2097152 (order: 12, 16777216 bytes, linear)
[    0.396918] kernel: Inode-cache hash table entries: 1048576 (order: 11, 8388608 bytes, linear)
[    0.396971] 000:00:01.0: [8086:7000] type 00 class 0x060100
[    0.645859] kernel: pci 0000:00:01.1: [8086:7010] type 00 class 0x010180
[    0.648223] kernel: pci 0000:00:01.1: reg 0x20: [io  0xc040-0xc04f]
[    0.649243] kernel: pci 0000:00:01.1: legacy IDE quirk: reg 0x10: [io  0x01f0-0x01f7]
[    0.649245] kernel: pci 0000:00:01.1: legacy IDE quirk: reg 0x14: [io  0x03f6]
[    0.649246] kernel: pci 0000:00:01.1: legacy IDE quirk: reg 0x18: [io  0x0170-0x0177]
[    0.649247] kernel: pci 0000:00:01.1: legacy IDE quirk: reg 0x1c: [io  0x0376]
[    0.650004] kernel: pci 0000:00:01.3: [8086:7113] type 00 class 0x068000
[    0.650326] kernel: pci 0000:00:01.3: quirk: [io  0x0600-0x063f] claimed by PIIX4 ACPI
[    0.650333] kernel: pci 0000:00:01.3: quirk: [io  0x0700-0x070f] claimed by PIIX4 SMB
[    0.651342] kernel: pci 0000:00:02.0: [1234:1111] type 00 class 0x030000
[    0.652579] kernel: pci 0000:00:02.0: reg 0x10: [mem 0xfd000000-0xfdffffff pref]
[    0.654960] kernel: pci 0000:00:02.0: reg 0xors activated (10375.61 BogoMIPS)
[    0.573707] kernel: devtmpfs: initialized
[    0.574440] kernel: clocksource: jiffies: mask: 0xffffffff max_cycles: 0xffffffff, max_idle_ns: 1911260446275000 ns
[    0.574444] kernel: futex hash table entries: 512 (order: 3, 32768 bytes, linear)
[    0.574463] kernel: PM: RTC time: 05:18:01, date: 2023-03-25
[    0.574593] kernel: NET: Registered PF_NETLINK/PF_ROUTE protocol family
[    0.574768] kernel: audit: initializing netlink subsys (disabled)
[    0.575343] kernel: audit: type=2000 audit(1679721482.259:1): state=initialized audit_enabled=0 res=1
[    0.575638] kernel: thermal_sys: Registered thermal governor 'step_wise'
[    0.575640] kernel: thermal_sys: Registered thermal governor 'user_space'
[    0.575663] kernel: cpuidle: using governor menu
[    0.575663] kernel: ACPI: bus type PCI registered
[    0.575663] kernel: PCI: Using configuration type 1 for base access
[    0.583385] kernel: Kprobes globally optimized
[    0.583418] kernel: Hkernel: mem auto-init: stack:off, heap alloc:off, heap free:off
[    0.554869] kernel: Memory: 8872648K/10485240K available (14348K kernel code, 2403K rwdata, 3568K rodata, 1384K init, 1732K bss, 1612392K reserved, 0K cma-reserved)
[    0.554948] kernel: SLUB: HWalign=64, Order=0-3, MinObjects=0, CPUs=2, Nodes=1
[    0.555450] kernel: rcu: Hierarchical RCU implementation.
[    0.555451] kernel: rcu:         RCU event tracing is enabled.
[    0.555452] kernel: rcu:         RCU restricting CPUs from NR_CPUS=64 to nr_cpu_ids=2.
[    0.555454] kernel: rcu: RCU calculated value of scheduler-enlistment delay is 100 jiffies.
[    0.555455] kernel: rcu: Adjusting geometry for rcu_fanout_leaf=16, nr_cpu_ids=2
[    0.558053] kernel: NR_IRQS: 4352, nr_irqs: 440, preallocated irqs: 16
[    0.558236] kernel: random: get_random_bytes called from start_kernel+0x4b1/0x67a with crng_init=0
[    0.561547] kernel: Console: colour VGA+ 80x25
[    0.561585] kernel: printk: console [ttyS0] enabled
[    0.518: [mem 0xfeb90000-0xfeb90fff]
[    0.658757] kernel: pci 0000:00:02.0: reg 0x30: [mem 0xfeb80000-0xfeb8ffff pref]
[    0.662946] kernel: pci 0000:00:03.0: [1af4:1005] type 00 class 0x00ff00
[    0.663681] kernel: pci 0000:00:03.0: reg 0x10: [io  0xc000-0xc01f]
[    0.666956] kernel: pci 0000:00:03.0: reg 0x20: [mem 0xfe200000-0xfe203fff 64bit pref]
[    0.671908] kernel: pci 0000:00:04.0: [1af4:1000] type 00 class 0x020000
[    0.672905] kernel: pci 0000:00:04.0: reg 0x10: [io  0xc020-0xc03f]
[    0.673432] kernel: pci 0000:00:04.0: reg 0x14: [mem 0xfeb91000-0xfeb91fff]
[    0.677958] kernel: pci 0000:00:04.0: reg 0x20: [mem 0xfe204000-0xfe207fff 64bit pref]
[    0.679957] kernel: pci 0000:00:04.0: reg 0x30: [mem 0xfeb00000-0xfeb7ffff pref]
[    0.685271] kernel: pci 0000:00:10.0: [1af4:1110] type 00 class 0x050000
[    0.687472] kernel: pci 0000:00:10.0: reg 0x10: [mem 0xfeb92000-0xfeb920ff]
[    0.689331] kernel: pci 0000:00:10.0: reg 0x18: [mem 0xfe000000-0xfe0fffff 64bit pref]
[61600] kernel: ACPI: Core revision 20210730
[    0.561728] kernel: clocksource: hpet: mask: 0xffffffff max_cycles: 0xffffffff, max_idle_ns: 19112604467 ns
[    0.561805] kernel: APIC: Switch to symmetric I/O mode setup
[    0.561808] kernel: kvm-guest: setup PV IPIs
[    0.562672] kernel: ..TIMER: vector=0x30 apic1=0 pin1=2 apic2=-1 pin2=-1
[    0.562692] kernel: clocksource: tsc-early: mask: 0xffffffffffffffff max_cycles: 0x2563bd843df, max_idle_ns: 440795257314 ns
[    0.562697] kernel: Calibrating delay loop (skipped) preset value.. 5187.80 BogoMIPS (lpj=2593904)
[    0.562699] kernel: pid_max: default: 32768 minimum: 301
[    0.562727] kernel: LSM: Security Framework initializing
[    0.562738] kernel: SELinux:  Initializing.
[    0.563703] kernel: Mount-cache hash table entries: 32768 (order: 6, 262144 bytes, linear)
[    0.564111] kernel: Mountpoint-cache hash table entries: 32768 (order: 6, 262144 bytes, linear)
[    0.564671] kernel: x86/cpu: User Mode Instruction Prevention (    0.694477] kernel: pci 0000:00:11.0: [1af4:1110] type 00 class 0x050000
[    0.695956] kernel: pci 0000:00:11.0: reg 0x10: [mem 0xfeb93000-0xfeb930ff]
[    0.696956] kernel: pci 0000:00:11.0: reg 0x18: [mem 0xfe208000-0xfe2083ff 64bit pref]
[    0.703343] kernel: pci 0000:00:12.0: [1af4:1110] type 00 class 0x050000
[    0.703959] kernel: pci 0000:00:12.0: reg 0x10: [mem 0xfeb94000-0xfeb940ff]
[    0.705323] kernel: pci 0000:00:12.0: reg 0x18: [mem 0xfe100000-0xfe1fffff 64bit pref]
[    0.714250] kernel: ACPI: PCI: Interrupt link LNKA configured for IRQ 10
[    0.714679] kernel: ACPI: PCI: Interrupt link LNKB configured for IRQ 10
[    0.715086] kernel: ACPI: PCI: Interrupt link LNKC configured for IRQ 11
[    0.715494] kernel: ACPI: PCI: Interrupt link LNKD configured for IRQ 11
[    0.715655] kernel: ACPI: PCI: Interrupt link LNKS configured for IRQ 9
[    0.716358] kernel: iommu: Default domain type: Translated 
[    0.716359] kernel: iommu: DMA domain TLB invalidation policy: laUMIP) activated
[    0.564788] kernel: Last level iTLB entries: 4KB 0, 2MB 0, 4MB 0
[    0.564789] kernel: Last level dTLB entries: 4KB 0, 2MB 0, 4MB 0, 1GB 0
[    0.564798] kernel: Spectre V1 : Mitigation: usercopy/swapgs barriers and __user pointer sanitization
[    0.564802] kernel: Spectre V2 : Mitigation: Enhanced IBRS
[    0.564802] kernel: Spectre V2 : Spectre v2 / SpectreRSB mitigation: Filling RSB on context switch
[    0.564804] kernel: Spectre V2 : mitigation: Enabling conditional Indirect Branch Prediction Barrier
[    0.564805] kernel: Speculative Store Bypass: Mitigation: Speculative Store Bypass disabled via prctl and seccomp
[    0.564806] kernel: TAA: Mitigation: TSX disabled
[    0.569924] kernel: Freeing SMP alternatives memory: 40K
[    0.570061] kernel: smpboot: CPU0: Intel(R) Xeon(R) Gold 6348 CPU @ 2.60GHz (family: 0x6, model: 0x6a, stepping: 0x6)
[    0.570173] kernel: Performance Events: Icelake events, 32-deep LBR, full-width counters, Intel PMU driver.
[    zy mode 
[    0.716396] kernel: pci 0000:00:02.0: vgaarb: setting as boot VGA device
[    0.716396] kernel: pci 0000:00:02.0: vgaarb: VGA device added: decodes=io+mem,owns=io+mem,locks=none
[    0.716396] kernel: pci 0000:00:02.0: vgaarb: bridge control possible
[    0.716396] kernel: vgaarb: loaded
[    0.716396] kernel: SCSI subsystem initialized
[    0.716998] kernel: libata version 3.00 loaded.
[    0.717082] kernel: ACPI: bus type USB registered
[    0.717126] kernel: usbcore: registered new interface driver usbfs
[    0.717150] kernel: usbcore: registered new interface driver hub
[    0.717164] kernel: usbcore: registered new device driver usb
[    0.717210] kernel: pps_core: LinuxPPS API ver. 1 registered
[    0.717211] kernel: pps_core: Software ver. 5.3.6 - Copyright 2005-2007 Rodolfo Giometti <giometti@linux.it>
[    0.717220] kernel: PTP clock support registered
[    0.717248] kernel: Advanced Linux Sound Architecture Driver Initialized.
[    0.717350] kernel: NetLabel: Ini0.570766] kernel: ... version:                2
[    0.570767] kernel: ... bit width:              48
[    0.570768] kernel: ... generic registers:      8
[    0.570769] kernel: ... value mask:             0000ffffffffffff
[    0.570771] kernel: ... max period:             00007fffffffffff
[    0.570771] kernel: ... fixed-purpose events:   3
[    0.570772] kernel: ... event mask:             00000007000000ff
[    0.570956] kernel: rcu: Hierarchical SRCU implementation.
[    0.571380] kernel: smp: Bringing up secondary CPUs ...
[    0.571504] kernel: x86: Booting SMP configuration:
[    0.571505] kernel: .... node  #0, CPUs:      #1
[    0.004484] kernel: kvm-clock: cpu 1, msr 2c6e041, secondary cpu clock
[    0.572005] kernel: kvm-guest: setup async PF for cpu 1
[    0.572005] kernel: kvm-guest: stealtime: cpu 1, msr 26571f140
[    0.572005] kernel: smp: Brought up 1 node, 2 CPUs
[    0.572005] kernel: smpboot: Max logical packages: 1
[    0.572005] kernel: smpboot: Total of 2 processtializing
[    0.717351] kernel: NetLabel:  domain hash size = 128
[    0.717352] kernel: NetLabel:  protocols = UNLABELED CIPSOv4 CALIPSO
[    0.717387] kernel: NetLabel:  unlabeled traffic allowed by default
[    0.717416] kernel: PCI: Using ACPI for IRQ routing
[    0.717416] kernel: PCI: pci_cache_line_size set to 64 bytes
[    0.717416] kernel: e820: reserve RAM buffer [mem 0x0009fc00-0x0009ffff]
[    0.717416] kernel: e820: reserve RAM buffer [mem 0xbffe0000-0xbfffffff]
[    0.717416] kernel: hpet0: at MMIO 0xfed00000, IRQs 2, 8, 0
[    0.717416] kernel: hpet0: 3 comparators, 64-bit 100.000000 MHz counter
[    0.723956] kernel: clocksource: Switched to clocksource kvm-clock
[    0.759156] kernel: VFS: Disk quotas dquot_6.6.0
[    0.759186] kernel: VFS: Dquot-cache hash table entries: 512 (order 0, 4096 bytes)
[    0.759309] kernel: pnp: PnP ACPI init
[    0.759541] kernel: pnp 00:02: [dma 2]
[    0.760611] kernel: pnp: PnP ACPI: found 6 devices
[    0.768288] kernel: clocksourceors activated (10375.61 BogoMIPS)
[    0.573761] kernel: devtmpfs: initialized
[    0.574836] kernel: clocksource: jiffies: mask: 0xffffffff max_cycles: 0xffffffff, max_idle_ns: 1911260446275000 ns
[    0.574841] kernel: futex hash table entries: 512 (order: 3, 32768 bytes, linear)
[    0.575856] kernel: PM: RTC time: 05:18:01, date: 2023-03-25
[    0.576031] kernel: NET: Registered PF_NETLINK/PF_ROUTE protocol family
[    0.576244] kernel: audit: initializing netlink subsys (disabled)
[    0.576260] kernel: audit: type=2000 audit(1679721482.253:1): state=initialized audit_enabled=0 res=1
[    0.576260] kernel: thermal_sys: Registered thermal governor 'step_wise'
[    0.576260] kernel: thermal_sys: Registered thermal governor 'user_space'
[    0.576700] kernel: cpuidle: using governor menu
[    0.576790] kernel: ACPI: bus type PCI registered
[    0.576867] kernel: PCI: Using configuration type 1 for base access
[    0.583978] kernel: Kprobes globally optimized
[    0.583978] kernel: H: acpi_pm: mask: 0xffffff max_cycles: 0xffffff, max_idle_ns: 2085701024 ns
[    0.768347] kernel: NET: Registered PF_INET protocol family
[    0.768902] kernel: IP idents hash table entries: 262144 (order: 9, 2097152 bytes, linear)
[    0.770942] kernel: tcp_listen_portaddr_hash hash table entries: 8192 (order: 5, 131072 bytes, linear)
[    0.770980] kernel: TCP established hash table entries: 131072 (order: 8, 1048576 bytes, linear)
[    0.771120] kernel: TCP bind hash table entries: 65536 (order: 8, 1048576 bytes, linear)
[    0.771712] kernel: TCP: Hash tables configured (established 131072 bind 65536)
[    0.771792] kernel: UDP hash table entries: 8192 (order: 6, 262144 bytes, linear)
[    0.771829] kernel: UDP-Lite hash table entries: 8192 (order: 6, 262144 bytes, linear)
[    0.771932] kernel: NET: Registered PF_UNIX/PF_LOCAL protocol family
[    0.772301] kernel: pci_bus 0000:00: resource 4 [io  0x0000-0x0cf7 window]
[    0.772304] kernel: pci_bus 0000:00: resource 5 [io  0x0d0ugeTLB registered 2.00 MiB page size, pre-allocated 0 pages
[    0.583978] kernel: cryptomgr_test (27) used greatest stack depth: 31400 bytes left
[    0.585752] kernel: ACPI: Added _OSI(Module Device)
[    0.585754] kernel: ACPI: Added _OSI(Processor Device)
[    0.585755] kernel: ACPI: Added _OSI(3.0 _SCP Extensions)
[    0.585756] kernel: ACPI: Added _OSI(Processor Aggregator Device)
[    0.585759] kernel: ACPI: Added _OSI(Linux-Dell-Video)
[    0.585762] kernel: ACPI: Added _OSI(Linux-Lenovo-NV-HDMI-Audio)
[    0.585764] kernel: ACPI: Added _OSI(Linux-HPI-Hybrid-Graphics)
[    0.592639] kernel: ACPI: 1 ACPI AML tables successfully acquired and loaded
[    0.595147] kernel: ACPI: Interpreter enabled
[    0.595180] kernel: ACPI: PM: (supports S0 S3 S4 S5)
[    0.595181] kernel: ACPI: Using IOAPIC for interrupt routing
[    0.595213] kernel: PCI: Using host bridge windows from ACPI; if necessary, use "pci=nocrs" and report a bug
[    0.595634] kernel: ACPI: Enabled 2 GPEs in block 000-0xffff window]
[    0.772305] kernel: pci_bus 0000:00: resource 6 [mem 0x000a0000-0x000bffff window]
[    0.772307] kernel: pci_bus 0000:00: resource 7 [mem 0xc0000000-0xfebfffff window]
[    0.772308] kernel: pci_bus 0000:00: resource 8 [mem 0x2c0000000-0x33fffffff window]
[    0.772432] kernel: pci 0000:00:01.0: PIIX3: Enabling Passive Release
[    0.772442] kernel: pci 0000:00:00.0: Limiting direct PCI/PCI transfers
[    0.772452] kernel: pci 0000:00:01.0: Activating ISA DMA hang workarounds
[    0.772493] kernel: pci 0000:00:02.0: Video device with shadowed ROM at [mem 0x000c0000-0x000dffff]
[    0.772534] kernel: PCI: CLS 0 bytes, default 64
[    0.772656] kernel: PCI-DMA: Using software bounce buffering for IO (SWIOTLB)
[    0.772658] kernel: software IO TLB: mapped [mem 0x00000000bbfe0000-0x00000000bffe0000] (64MB)
[    0.772744] kernel: RAPL PMU: API unit is 2^-32 Joules, 0 fixed counters, 10737418240 ms ovfl timer
[    0.772757] kernel: clocksource: tsc: mask: 0xfffffffffff to 0F
[    0.608178] kernel: ACPI: PCI Root Bridge [PCI0] (domain 0000 [bus 00-ff])
[    0.608191] kernel: acpi PNP0A03:00: _OSC: OS supports [ASPM ClockPM Segments MSI HPX-Type3]
[    0.608247] kernel: acpi PNP0A03:00: fail to add MMCONFIG information, can't access extended PCI configuration space under this bridge.
[    0.608370] kernel: PCI host bridge to bus 0000:00
[    0.608373] kernel: pci_bus 0000:00: root bus resource [io  0x0000-0x0cf7 window]
[    0.608375] kernel: pci_bus 0000:00: root bus resource [io  0x0d00-0xffff window]
[    0.608378] kernel: pci_bus 0000:00: root bus resource [mem 0x000a0000-0x000bffff window]
[    0.608380] kernel: pci_bus 0000:00: root bus resource [mem 0xc0000000-0xfebfffff window]
[    0.608382] kernel: pci_bus 0000:00: root bus resource [mem 0x2c0000000-0x33fffffff window]
[    0.608385] kernel: pci_bus 0000:00: root bus resource [bus 00-ff]
[    0.608985] kernel: pci 0000:00:00.0: [8086:1237] type 00 class 0x060000
[    0.613154] kernel: pci 0fffff max_cycles: 0x2563bd843df, max_idle_ns: 440795257314 ns
[    0.772814] kernel: clocksource: Switched to clocksource tsc
[    0.775122] kernel: Initialise system trusted keyrings
[    0.775233] kernel: workingset: timestamp_bits=56 max_order=22 bucket_order=0
[    0.780842] kernel: fuse: init (API version 7.34)
[    0.781115] kernel: orangefs_debugfs_init: called with debug mask: :none: :0:
[    0.781190] kernel: orangefs_init: module version upstream loaded
[    0.802724] kernel: Key type asymmetric registered
[    0.802727] kernel: Asymmetric key parser 'x509' registered
[    0.802806] kernel: Block layer SCSI generic (bsg) driver version 0.4 loaded (major 250)
[    0.802807] kernel: io scheduler mq-deadline registered
[    0.802808] kernel: io scheduler kyber registered
[    0.803253] kernel: input: Power Button as /devices/LNXSYSTM:00/LNXPWRBN:00/input/input0
[    0.803357] kernel: ACPI: button: Power Button [PWRF]
[    1.192212] kernel: ACPI: \_SB_.LNKC: Enabled at IRQ 11
[ 000:00:01.0: [8086:7000] type 00 class 0x060100
[    0.614063] kernel: pci 0000:00:01.1: [8086:7010] type 00 class 0x010180
[    0.616697] kernel: pci 0000:00:01.1: reg 0x20: [io  0xc040-0xc04f]
[    0.617713] kernel: pci 0000:00:01.1: legacy IDE quirk: reg 0x10: [io  0x01f0-0x01f7]
[    0.617715] kernel: pci 0000:00:01.1: legacy IDE quirk: reg 0x14: [io  0x03f6]
[    0.617716] kernel: pci 0000:00:01.1: legacy IDE quirk: reg 0x18: [io  0x0170-0x0177]
[    0.617717] kernel: pci 0000:00:01.1: legacy IDE quirk: reg 0x1c: [io  0x0376]
[    0.618472] kernel: pci 0000:00:01.3: [8086:7113] type 00 class 0x068000
[    0.618797] kernel: pci 0000:00:01.3: quirk: [io  0x0600-0x063f] claimed by PIIX4 ACPI
[    0.618805] kernel: pci 0000:00:01.3: quirk: [io  0x0700-0x070f] claimed by PIIX4 SMB
[    0.619816] kernel: pci 0000:00:02.0: [1234:1111] type 00 class 0x030000
[    0.621307] kernel: pci 0000:00:02.0: reg 0x10: [mem 0xfd000000-0xfdffffff pref]
[    0.624717] kernel: pci 0000:00:02.0: reg 0x   1.578704] kernel: ACPI: \_SB_.LNKD: Enabled at IRQ 10
[    1.580001] kernel: Serial: 8250/16550 driver, 4 ports, IRQ sharing enabled
[    1.580110] kernel: 00:04: ttyS0 at I/O 0x3f8 (irq = 4, base_baud = 115200) is a 16550A
[    1.581307] kernel: Non-volatile memory driver v1.3
[    1.581367] kernel: Linux agpgart interface v0.103
[    1.590234] kernel: loop: module loaded
[    1.590739] kernel: ata_piix 0000:00:01.1: version 2.13
[    1.593486] kernel: scsi host0: ata_piix
[    1.594595] kernel: scsi host1: ata_piix
[    1.594709] kernel: ata1: PATA max MWDMA2 cmd 0x1f0 ctl 0x3f6 bmdma 0xc040 irq 14
[    1.594711] kernel: ata2: PATA max MWDMA2 cmd 0x170 ctl 0x376 bmdma 0xc048 irq 15
[    1.595035] kernel: libphy: Fixed MDIO Bus: probed
[    1.596900] kernel: e100: Intel(R) PRO/100 Network Driver
[    1.596902] kernel: e100: Copyright(c) 1999-2006 Intel Corporation
[    1.596915] kernel: e1000: Intel(R) PRO/1000 Network Driver
[    1.596916] kernel: e1000: Copyright (c) 1999-2006 I18: [mem 0xfeb90000-0xfeb90fff]
[    0.632587] kernel: pci 0000:00:02.0: reg 0x30: [mem 0xfeb80000-0xfeb8ffff pref]
[    0.640547] kernel: pci 0000:00:03.0: [1af4:1005] type 00 class 0x00ff00
[    0.641279] kernel: pci 0000:00:03.0: reg 0x10: [io  0xc000-0xc01f]
[    0.645698] kernel: pci 0000:00:03.0: reg 0x20: [mem 0xfe200000-0xfe203fff 64bit pref]
[    0.651105] kernel: pci 0000:00:04.0: [1af4:1000] type 00 class 0x020000
[    0.651694] kernel: pci 0000:00:04.0: reg 0x10: [io  0xc020-0xc03f]
[    0.653292] kernel: pci 0000:00:04.0: reg 0x14: [mem 0xfeb91000-0xfeb91fff]
[    0.655697] kernel: pci 0000:00:04.0: reg 0x20: [mem 0xfe204000-0xfe207fff 64bit pref]
[    0.656496] kernel: pci 0000:00:04.0: reg 0x30: [mem 0xfeb00000-0xfeb7ffff pref]
[    0.660887] kernel: pci 0000:00:10.0: [1af4:1110] type 00 class 0x050000
[    0.662701] kernel: pci 0000:00:10.0: reg 0x10: [mem 0xfeb92000-0xfeb920ff]
[    0.665071] kernel: pci 0000:00:10.0: reg 0x18: [mem 0xfe000000-0xfe0fffff 64bit pref]
[ntel Corporation.
[    1.596939] kernel: e1000e: Intel(R) PRO/1000 Network Driver
[    1.596939] kernel: e1000e: Copyright(c) 1999 - 2015 Intel Corporation.
[    1.596967] kernel: sky2: driver version 1.30
[    1.597172] kernel: ehci_hcd: USB 2.0 'Enhanced' Host Controller (EHCI) Driver
[    1.597173] kernel: ehci-pci: EHCI PCI platform driver
[    1.597188] kernel: ohci_hcd: USB 1.1 'Open' Host Controller (OHCI) Driver
[    1.597193] kernel: ohci-pci: OHCI PCI platform driver
[    1.597206] kernel: uhci_hcd: USB Universal Host Controller Interface driver
[    1.597312] kernel: usbcore: registered new interface driver usblp
[    1.597330] kernel: usbcore: registered new interface driver usb-storage
[    1.597380] kernel: i8042: PNP: PS/2 Controller [PNP0303:KBD,PNP0f13:MOU] at 0x60,0x64 irq 1,12
[    1.597980] kernel: serio: i8042 KBD port at 0x60,0x64 irq 1
[    1.597986] kernel: serio: i8042 AUX port at 0x60,0x64 irq 12
[    1.598398] kernel: input: AT Translated Set 2 keyboard as /    0.670136] kernel: pci 0000:00:11.0: [1af4:1110] type 00 class 0x050000
[    0.670697] kernel: pci 0000:00:11.0: reg 0x10: [mem 0xfeb93000-0xfeb930ff]
[    0.671697] kernel: pci 0000:00:11.0: reg 0x18: [mem 0xfe208000-0xfe2083ff 64bit pref]
[    0.678586] kernel: pci 0000:00:12.0: [1af4:1110] type 00 class 0x050000
[    0.679047] kernel: pci 0000:00:12.0: reg 0x10: [mem 0xfeb94000-0xfeb940ff]
[    0.680497] kernel: pci 0000:00:12.0: reg 0x18: [mem 0xfe100000-0xfe1fffff 64bit pref]
[    0.687573] kernel: ACPI: PCI: Interrupt link LNKA configured for IRQ 10
[    0.688003] kernel: ACPI: PCI: Interrupt link LNKB configured for IRQ 10
[    0.688409] kernel: ACPI: PCI: Interrupt link LNKC configured for IRQ 11
[    0.688807] kernel: ACPI: PCI: Interrupt link LNKD configured for IRQ 11
[    0.688970] kernel: ACPI: PCI: Interrupt link LNKS configured for IRQ 9
[    0.689666] kernel: iommu: Default domain type: Translated 
[    0.689667] kernel: iommu: DMA domain TLB invalidation policy: ladevices/platform/i8042/serio0/input/input1
[    1.598795] kernel: rtc_cmos 00:05: RTC can wake from S4
[    1.599772] kernel: rtc_cmos 00:05: registered as rtc0
[    1.599844] kernel: rtc_cmos 00:05: alarms up to one day, y3k, 242 bytes nvram, hpet irqs
[    1.600331] kernel: device-mapper: ioctl: 4.45.0-ioctl (2021-03-22) initialised: dm-devel@redhat.com
[    1.600336] kernel: intel_pstate: CPU model not supported
[    1.600396] kernel: hid: raw HID events driver (C) Jiri Kosina
[    1.600691] kernel: usbcore: registered new interface driver usbhid
[    1.600692] kernel: usbhid: USB HID core driver
[    1.600948] kernel: netem: version 1.3
[    1.602879] kernel: Initializing XFRM netlink socket
[    1.603164] kernel: NET: Registered PF_INET6 protocol family
[    1.603757] kernel: Segment Routing with IPv6
[    1.603769] kernel: In-situ OAM (IOAM) with IPv6
[    1.603852] kernel: sit: IPv6, IPv4 and MPLS over IPv4 tunneling driver
[    1.604117] kernel: NET: Registered PF_PACKET protozy mode 
[    0.689734] kernel: pci 0000:00:02.0: vgaarb: setting as boot VGA device
[    0.689734] kernel: pci 0000:00:02.0: vgaarb: VGA device added: decodes=io+mem,owns=io+mem,locks=none
[    0.689734] kernel: pci 0000:00:02.0: vgaarb: bridge control possible
[    0.689734] kernel: vgaarb: loaded
[    0.689929] kernel: SCSI subsystem initialized
[    0.689942] kernel: libata version 3.00 loaded.
[    0.689942] kernel: ACPI: bus type USB registered
[    0.689942] kernel: usbcore: registered new interface driver usbfs
[    0.689942] kernel: usbcore: registered new interface driver hub
[    0.689942] kernel: usbcore: registered new device driver usb
[    0.689942] kernel: pps_core: LinuxPPS API ver. 1 registered
[    0.689942] kernel: pps_core: Software ver. 5.3.6 - Copyright 2005-2007 Rodolfo Giometti <giometti@linux.it>
[    0.689949] kernel: PTP clock support registered
[    0.689976] kernel: Advanced Linux Sound Architecture Driver Initialized.
[    0.690963] kernel: NetLabel: Inicol family
[    1.604168] kernel: 9pnet: Installing 9P2000 support
[    1.604193] kernel: Key type dns_resolver registered
[    1.604201] kernel: Key type ceph registered
[    1.606269] kernel: libceph: loaded (mon/osd proto 15/24)
[    1.606499] kernel: IPI shorthand broadcast: enabled
[    1.606525] kernel: sched_clock: Marking stable (1601774784, 4670417)->(1616882007, -10436806)
[    1.606729] kernel: registered taskstats version 1
[    1.606730] kernel: Loading compiled-in X.509 certificates
[    1.607642] kernel: PM:   Magic number: 15:658:315
[    1.607659] kernel: tty tty40: hash matches
[    1.607678] kernel: printk: console [netcon0] enabled
[    1.607679] kernel: netconsole: network logging started
[    1.749629] kernel: ata2.01: NODEV after polling detection
[    1.749864] kernel: ata1.01: NODEV after polling detection
[    1.750022] kernel: ata2.00: ATAPI: QEMU DVD-ROM, 2.5+, max UDMA/100
[    1.750242] kernel: ata1.00: ATA-7: QEMU HARDDISK, 2.5+, max UDMA/100
[    1.7502ugeTLB registered 2.00 MiB page size, pre-allocated 0 pages
[    0.584368] kernel: cryptomgr_test (27) used greatest stack depth: 31400 bytes left
[    0.585425] kernel: ACPI: Added _OSI(Module Device)
[    0.585429] kernel: ACPI: Added _OSI(Processor Device)
[    0.585431] kernel: ACPI: Added _OSI(3.0 _SCP Extensions)
[    0.585432] kernel: ACPI: Added _OSI(Processor Aggregator Device)
[    0.585438] kernel: ACPI: Added _OSI(Linux-Dell-Video)
[    0.585443] kernel: ACPI: Added _OSI(Linux-Lenovo-NV-HDMI-Audio)
[    0.585448] kernel: ACPI: Added _OSI(Linux-HPI-Hybrid-Graphics)
[    0.599652] kernel: ACPI: 1 ACPI AML tables successfully acquired and loaded
[    0.602557] kernel: ACPI: Interpreter enabled
[    0.602607] kernel: ACPI: PM: (supports S0 S3 S4 S5)
[    0.602609] kernel: ACPI: Using IOAPIC for interrupt routing
[    0.602656] kernel: PCI: Using host bridge windows from ACPI; if necessary, use "pci=nocrs" and report a bug
[    0.603325] kernel: ACPI: Enabled 2 GPEs in block 0044] kernel: ata1.00: 88078336 sectors, multi 16: LBA48 
[    1.751092] kernel: scsi 0:0:0:0: Direct-Access     ATA      QEMU HARDDISK    2.5+ PQ: 0 ANSI: 5
[    1.751372] kernel: sd 0:0:0:0: Attached scsi generic sg0 type 0
[    1.751431] kernel: sd 0:0:0:0: [sda] 88078336 512-byte logical blocks: (45.1 GB/42.0 GiB)
[    1.751441] kernel: sd 0:0:0:0: [sda] Write Protect is off
[    1.751445] kernel: sd 0:0:0:0: [sda] Mode Sense: 00 3a 00 00
[    1.751457] kernel: sd 0:0:0:0: [sda] Write cache: enabled, read cache: enabled, doesn't support DPO or FUA
[    1.751799] kernel: scsi 1:0:0:0: CD-ROM            QEMU     QEMU DVD-ROM     2.5+ PQ: 0 ANSI: 5
[    1.753059] kernel: sd 0:0:0:0: [sda] Attached SCSI disk
[    1.770161] kernel: sr 1:0:0:0: [sr0] scsi3-mmc drive: 4x/4x cd/rw xa/form2 tray
[    1.770170] kernel: cdrom: Uniform CD-ROM driver Revision: 3.20
[    1.787554] kernel: sr 1:0:0:0: Attached scsi CD-ROM sr0
[    1.787870] kernel: sr 1:0:0:0: Attached scsi generic sg1 type 5
[    2.222043] kernel: input: ImExPS/2 Generic Explorer Mouse as /devices/platform/i8042/serio1/input/input3
[    2.235991] kernel: IP-Config: Guessing netmask 255.255.255.0
[    2.235994] kernel: IP-Config: Complete:
[    2.235995] kernel:      device=eth0, hwaddr=e6:c8:ff:09:76:06, ipaddr=192.168.0.6, mask=255.255.255.0, gw=255.255.255.255
[    2.235998] kernel:      host=192.168.0.6, domain=, nis-domain=(none)
[    2.236000] kernel:      bootserver=255.255.255.255, rootserver=255.255.255.255, rootpath=
[    2.236118] kernel: cfg80211: Loading compiled-in X.509 certificates for regulatory database
[    2.236409] kernel: kworker/u4:0 (69) used greatest stack depth: 30480 bytes left
[    2.237009] kernel: cfg80211: Loaded X.509 cert 'sforshee: 00b28ddf47aef9cea7'
[    2.237022] kernel: ALSA device list:
[    2.237023] kernel:   No soundcards found.
[    2.237342] kernel: md: Waiting for all devices to be available before autodetect
[    2.237343] kernel: md: If you don't use raid, use rai to 0F
[    0.618345] kernel: ACPI: PCI Root Bridge [PCI0] (domain 0000 [bus 00-ff])
[    0.618356] kernel: acpi PNP0A03:00: _OSC: OS supports [ASPM ClockPM Segments MSI HPX-Type3]
[    0.618408] kernel: acpi PNP0A03:00: fail to add MMCONFIG information, can't access extended PCI configuration space under this bridge.
[    0.618530] kernel: PCI host bridge to bus 0000:00
[    0.618532] kernel: pci_bus 0000:00: root bus resource [io  0x0000-0x0cf7 window]
[    0.618535] kernel: pci_bus 0000:00: root bus resource [io  0x0d00-0xffff window]
[    0.618539] kernel: pci_bus 0000:00: root bus resource [mem 0x000a0000-0x000bffff window]
[    0.618541] kernel: pci_bus 0000:00: root bus resource [mem 0xc0000000-0xfebfffff window]
[    0.618543] kernel: pci_bus 0000:00: root bus resource [mem 0x2c0000000-0x33fffffff window]
[    0.618546] kernel: pci_bus 0000:00: root bus resource [bus 00-ff]
[    0.619144] kernel: pci 0000:00:00.0: [8086:1237] type 00 class 0x060000
[    0.623333] kernel: pci 0d=noautodetect
[    2.237344] kernel: md: Autodetecting RAID arrays.
[    2.237345] kernel: md: autorun ...
[    2.237346] kernel: md: ... autorun DONE.
[    2.237724] kernel: platform regulatory.0: Direct firmware load for regulatory.db failed with error -2
[    2.237729] kernel: cfg80211: failed to load regulatory.db
[    2.244644] kernel: EXT4-fs (sda): mounted filesystem with ordered data mode. Opts: (null). Quota mode: none.
[    2.244672] kernel: VFS: Mounted root (ext4 filesystem) readonly on device 8:0.
[    2.245158] kernel: devtmpfs: mounted
[    2.245465] kernel: Freeing unused kernel image (initmem) memory: 1384K
[    2.247984] kernel: Write protecting the kernel read-only data: 20480k
[    2.248423] kernel: Freeing unused kernel image (text/rodata gap) memory: 2032K
[    2.248549] kernel: Freeing unused kernel image (rodata/data gap) memory: 528K
[    2.248557] kernel: Run /sbin/init as init process
[    2.248558] kernel:   with arguments:
[    2.248559] kernel:     /sbin000:00:01.0: [8086:7000] type 00 class 0x060100
[    0.624232] kernel: pci 0000:00:01.1: [8086:7010] type 00 class 0x010180
[    0.626328] kernel: pci 0000:00:01.1: reg 0x20: [io  0xc040-0xc04f]
[    0.627344] kernel: pci 0000:00:01.1: legacy IDE quirk: reg 0x10: [io  0x01f0-0x01f7]
[    0.627346] kernel: pci 0000:00:01.1: legacy IDE quirk: reg 0x14: [io  0x03f6]
[    0.627347] kernel: pci 0000:00:01.1: legacy IDE quirk: reg 0x18: [io  0x0170-0x0177]
[    0.627348] kernel: pci 0000:00:01.1: legacy IDE quirk: reg 0x1c: [io  0x0376]
[    0.628084] kernel: pci 0000:00:01.3: [8086:7113] type 00 class 0x068000
[    0.628411] kernel: pci 0000:00:01.3: quirk: [io  0x0600-0x063f] claimed by PIIX4 ACPI
[    0.628418] kernel: pci 0000:00:01.3: quirk: [io  0x0700-0x070f] claimed by PIIX4 SMB
[    0.629446] kernel: pci 0000:00:02.0: [1234:1111] type 00 class 0x030000
[    0.630760] kernel: pci 0000:00:02.0: reg 0x10: [mem 0xfd000000-0xfdffffff pref]
[    0.632149] kernel: pci 0000:00:02.0: reg 0xtializing
[    0.690964] kernel: NetLabel:  domain hash size = 128
[    0.690965] kernel: NetLabel:  protocols = UNLABELED CIPSOv4 CALIPSO
[    0.691001] kernel: NetLabel:  unlabeled traffic allowed by default
[    0.691031] kernel: PCI: Using ACPI for IRQ routing
[    0.691031] kernel: PCI: pci_cache_line_size set to 64 bytes
[    0.691031] kernel: e820: reserve RAM buffer [mem 0x0009fc00-0x0009ffff]
[    0.691031] kernel: e820: reserve RAM buffer [mem 0xbffe0000-0xbfffffff]
[    0.691031] kernel: hpet0: at MMIO 0xfed00000, IRQs 2, 8, 0
[    0.691031] kernel: hpet0: 3 comparators, 64-bit 100.000000 MHz counter
[    0.693780] kernel: clocksource: Switched to clocksource kvm-clock
[    0.718970] kernel: VFS: Disk quotas dquot_6.6.0
[    0.718996] kernel: VFS: Dquot-cache hash table entries: 512 (order 0, 4096 bytes)
[    0.719105] kernel: pnp: PnP ACPI init
[    0.719317] kernel: pnp 00:02: [dma 2]
[    0.720405] kernel: pnp: PnP ACPI: found 6 devices
[    0.727770] kernel: clocksource18: [mem 0xfeb90000-0xfeb90fff]
[    0.635328] kernel: pci 0000:00:02.0: reg 0x30: [mem 0xfeb80000-0xfeb8ffff pref]
[    0.640309] kernel: pci 0000:00:03.0: [1af4:1005] type 00 class 0x00ff00
[    0.641071] kernel: pci 0000:00:03.0: reg 0x10: [io  0xc000-0xc01f]
[    0.643327] kernel: pci 0000:00:03.0: reg 0x20: [mem 0xfe200000-0xfe203fff 64bit pref]
[    0.648251] kernel: pci 0000:00:04.0: [1af4:1000] type 00 class 0x020000
[    0.649328] kernel: pci 0000:00:04.0: reg 0x10: [io  0xc020-0xc03f]
[    0.650677] kernel: pci 0000:00:04.0: reg 0x14: [mem 0xfeb91000-0xfeb91fff]
[    0.652327] kernel: pci 0000:00:04.0: reg 0x20: [mem 0xfe204000-0xfe207fff 64bit pref]
[    0.653113] kernel: pci 0000:00:04.0: reg 0x30: [mem 0xfeb00000-0xfeb7ffff pref]
[    0.656520] kernel: pci 0000:00:10.0: [1af4:1110] type 00 class 0x050000
[    0.657328] kernel: pci 0000:00:10.0: reg 0x10: [mem 0xfeb92000-0xfeb920ff]
[    0.659328] kernel: pci 0000:00:10.0: reg 0x18: [mem 0xfe000000-0xfe0fffff 64bit pref]
[/init
[    2.248559] kernel:     nokaslr
[    2.248560] kernel:   with environment:
[    2.248560] kernel:     HOME=/
