e:
[    2.260184] kernel:      device=eth0, hwaddr=e6:c8:ff:09:76:08, ipaddr=192.168.0.8, mask=255.255.255.0, gw=255.255.255.255
[    2.260188] kernel:      host=192.168.0.8, domain=, nis-domain=(none)
[    2.260190] kernel:      bootserver=255.255.255.255, rootserver=255.255.255.255, rootpath=
[    2.260322] kernel: cfg80211: Loading compiled-in X.509 certificates for regulatory database
[    2.260616] kernel: kworker/u4:0 (69) used greatest stack depth: 30480 bytes left
[    2.261426] kernel: cfg80211: Loaded X.509 cert 'sforshee: 00b28ddf47aef9cea7'
[    2.261444] kernel: ALSA device list:
[    2.261446] kernel:   No soundcards found.
[    2.261948] kernel: md: Waiting for all devices to be available before autodetect
[    2.261950] kernel: md: If you don't use raid, use raid=noautodetect
[    2.261951] kernel: md: Autodsystemd[1]: Reached target Slices.
[    2.568237] systemd[1]: Reached target Swap.
[    2.568319] systemd[1]: Listening on Device-mapper event daemon FIFOs.
[    2.568440] systemd[1]: Listening on Syslog Socket.
[    2.568494] systemd[1]: Listening on initctl Compatibility Named Pipe.
[    2.568721] systemd[1]: Listening on Journal Audit Socket.
[    2.568824] systemd[1]: Listening on Journal Socket (/dev/log).
[    2.568953] systemd[1]: Listening on Journal Socket.
[    2.569072] systemd[1]: Listening on udev Control Socket.
[    2.569154] systemd[1]: Listening on udev Kernel Socket.
[    2.571025] systemd[1]: Mounting Huge Pages File System...
[    2.572475] systemd[1]: Mounting POSIX Message Queue File System...
[    2.573436] systemd[1]: Mounting /proc/sys/fs/binfmt_misc...
[    2.574253] systemd[1]: Mounting /sys/kernel/config...
[    2.575622] systemd[1]: Mounting /sys/kernel/debug...
[    2.576638] systemd[1]: Mounting Kernel Trace File System...
[    2.578380] systemd[1]: Staretecting RAID arrays.
[    2.261953] kernel: md: autorun ...
[    2.261955] kernel: md: ... autorun DONE.
[    2.262551] kernel: platform regulatory.0: Direct firmware load for regulatory.db failed with error -2
[    2.262560] kernel: cfg80211: failed to load regulatory.db
[    2.269316] kernel: EXT4-fs (sda): mounted filesystem with ordered data mode. Opts: (null). Quota mode: none.
[    2.269342] kernel: VFS: Mounted root (ext4 filesystem) readonly on device 8:0.
[    2.270286] kernel: devtmpfs: mounted
[    2.270671] kernel: Freeing unused kernel image (initmem) memory: 1384K
[    2.270676] kernel: Write protecting the kernel read-only data: 20480k
[    2.271351] kernel: Freeing unused kernel image (text/rodata gap) memory: 2032K
[    2.271546] kernel: Freeing unused kernel image (rodata/data gap) memory: 528K
[    2.271557] kernel: Run /sbin/init as init process
[    2.271559] kernel:   with arguments:
[    2.271560] kernel:     /sbin/init
[    2.271561] kernel:     nokaslr
[    2ting Journal Service...
[    2.582766] systemd[1]: Starting Set the console keyboard layout...
[    2.582793] systemd[1]: Condition check resulted in Create list of static device nodes for the current kernel being skipped.
[    2.582836] systemd[1]: Condition check resulted in Load Kernel Module drm being skipped.
[    2.584594] systemd[1]: Starting Load Kernel Modules...
[    2.587111] systemd[1]: Starting Remount Root and Kernel File Systems...
[    2.589304] systemd[1]: Starting udev Coldplug all Devices...
[    2.591950] systemd[1]: Mounted Huge Pages File System.
[    2.592176] systemd[1]: Mounted POSIX Message Queue File System.
[    2.592370] systemd[1]: Mounted /proc/sys/fs/binfmt_misc.
[    2.592576] systemd[1]: Mounted /sys/kernel/config.
[    2.592760] systemd[1]: Mounted /sys/kernel/debug.
[    2.592945] systemd[1]: Mounted Kernel Trace File System.
[    2.597178] systemd[1]: Condition check resulted in Set Up Additional Binary Formats being skipped.
[    2.601437] systemd.271562] kernel:   with environment:
[    2.271563] kernel:     HOME=/
[    2.271564] kernel:     TERM=linux
[    2.314266] kernel: random: fast init done
[    2.392743] systemd[1]: systemd 245.4-4ubuntu3 running in system mode. (+PAM +AUDIT +SELINUX +IMA +APPARMOR +SMACK +SYSVINIT +UTMP +LIBCRYPTSETUP +GCRYPT +GNUTLS +ACL +XZ +LZ4 +SECCOMP +BLKID +ELFUTILS +KMOD +IDN2 -IDN +PCRE2 default-hierarchy=hybrid)
[    2.392882] systemd[1]: Detected virtualization kvm.
[    2.392891] systemd[1]: Detected architecture x86-64.
[    2.404855] systemd[1]: Set hostname to <dfs-fuzzing>.
[    2.423410] kernel: systemd-debug-g (80) used greatest stack depth: 29808 bytes left
[    2.432766] kernel: netplan (77) used greatest stack depth: 29200 bytes left
[    2.457532] kernel: systemd-sysv-ge (88) used greatest stack depth: 29184 bytes left
[    2.512180] systemd[1]: /lib/systemd/system/dbus.socket:5: ListenStream= references a path below legacy directory /var/run/, updating /var/run/dbus/system_bus_[1]: Finished Load Kernel Modules.
[    2.602617] systemd[1]: Mounting FUSE Control File System...
[    2.603439] systemd[1]: Starting Apply Kernel Variables...
[    2.607769] kernel: EXT4-fs (sda): re-mounted. Opts: (null). Quota mode: none.
[    2.609659] systemd[1]: Finished Remount Root and Kernel File Systems.
[    2.609949] systemd[1]: Mounted FUSE Control File System.
[    2.612629] systemd[1]: Condition check resulted in Rebuild Hardware Database being skipped.
[    2.612676] systemd[1]: Condition check resulted in Platform Persistent Storage Archival being skipped.
[    2.613959] systemd[1]: Starting Load/Save Random Seed...
[    2.618453] systemd[1]: Starting Create System Users...
[    2.646485] systemd[1]: Finished Create System Users.
[    2.647553] systemd[1]: Starting Create Static Device Nodes in /dev...
[    2.651259] systemd[1]: Finished Apply Kernel Variables.
[    2.668380] systemd[1]: Finished Create Static Device Nodes in /dev.
[    2.669462] systemd[1]: Startingsocket → /run/dbus/system_bus_socket; please update the unit file accordingly.
[    2.535790] systemd[1]: system-modprobe.slice: unit configures an IP firewall, but the local system does not support BPF/cgroup firewalling.
[    2.535797] systemd[1]: (This warning is only shown for the first unit using IP firewalling.)
[    2.536080] systemd[1]: Created slice system-modprobe.slice.
[    2.536253] systemd[1]: Created slice system-serial\x2dgetty.slice.
[    2.536355] systemd[1]: Created slice User and Session Slice.
[    2.536438] systemd[1]: Started Dispatch Password Requests to Console Directory Watch.
[    2.536497] systemd[1]: Started Forward Password Requests to Wall Directory Watch.
[    2.536774] systemd[1]: Set up automount Arbitrary Executable File Formats File System Automount Point.
[    2.536804] systemd[1]: Reached target Local Encrypted Volumes.
[    2.536819] systemd[1]: Reached target Paths.
[    2.536828] systemd[1]: Reached target Remote File Systems.
[    2.536835]  udev Kernel Device Manager...
[    2.673714] kernel: IPv6: ADDRCONF(NETDEV_CHANGE): eth0: link becomes ready
[    2.720466] systemd[1]: Started udev Kernel Device Manager.
[    2.834394] kernel: keyboard-setup. (97) used greatest stack depth: 29120 bytes left
[    2.834786] systemd[1]: Finished Set the console keyboard layout.
[    2.835017] systemd[1]: Reached target Local File Systems (Pre).
[    2.835033] systemd[1]: Reached target Local File Systems.
[    2.835905] systemd[1]: Starting Set console font and keymap...
[    2.835970] systemd[1]: Condition check resulted in Commit a transient machine-id on disk being skipped.
[    2.877229] systemd[1]: Finished Set console font and keymap.
[    2.906278] systemd[1]: Finished udev Coldplug all Devices.
[    2.924951] systemd[1]: Found device /dev/ttyS0.
[    2.960026] systemd[1]: Listening on Load/Save RF Kill Switch Status /dev/rfkill Watch.
[    3.167125] systemd[1]: Started Journal Service.
[    3.623333] kernel: random: crng init systemd[1]: Reached target Slices.
[    2.536846] systemd[1]: Reached target Swap.
[    2.536937] systemd[1]: Listening on Device-mapper event daemon FIFOs.
[    2.537077] systemd[1]: Listening on Syslog Socket.
[    2.537140] systemd[1]: Listening on initctl Compatibility Named Pipe.
[    2.537363] systemd[1]: Listening on Journal Audit Socket.
[    2.537484] systemd[1]: Listening on Journal Socket (/dev/log).
[    2.537633] systemd[1]: Listening on Journal Socket.
[    2.537770] systemd[1]: Listening on udev Control Socket.
[    2.537861] systemd[1]: Listening on udev Kernel Socket.
[    2.538848] systemd[1]: Mounting Huge Pages File System...
[    2.539896] systemd[1]: Mounting POSIX Message Queue File System...
[    2.540815] systemd[1]: Mounting /proc/sys/fs/binfmt_misc...
[    2.541713] systemd[1]: Mounting /sys/kernel/config...
[    2.543000] systemd[1]: Mounting /sys/kernel/debug...
[    2.544014] systemd[1]: Mounting Kernel Trace File System...
[    2.545221] systemd[1]: Stardone
[    4.100723] kernel: e2scrub_all (164) used greatest stack depth: 29080 bytes left
ting Journal Service...
[    2.546728] systemd[1]: Starting Set the console keyboard layout...
[    2.546757] systemd[1]: Condition check resulted in Create list of static device nodes for the current kernel being skipped.
[    2.546790] systemd[1]: Condition check resulted in Load Kernel Module drm being skipped.
[    2.553873] systemd[1]: Starting Load Kernel Modules...
[    2.555370] systemd[1]: Starting Remount Root and Kernel File Systems...
[    2.556536] systemd[1]: Starting udev Coldplug all Devices...
[    2.557798] systemd[1]: Mounted Huge Pages File System.
[    2.558027] systemd[1]: Mounted /proc/sys/fs/binfmt_misc.
[    2.559934] systemd[1]: Mounted POSIX Message Queue File System.
[    2.560132] systemd[1]: Mounted /sys/kernel/config.
[    2.560340] systemd[1]: Mounted Kernel Trace File System.
[    2.565204] systemd[1]: Condition check resulted in Set Up Additional Binary Formats being skipped.
[    2.565743] systemd[1]: Mounted /sys/kernel/debug.
[    2.572064] systemd[1]: Finished Load Kernel Modules.
[    2.573605] systemd[1]: Mounting FUSE Control File System...
[    2.574500] systemd[1]: Starting Apply Kernel Variables...
[    2.580090] systemd[1]: Mounted FUSE Control File System.
[    2.587462] kernel: EXT4-fs (sda): re-mounted. Opts: (null). Quota mode: none.
[    2.589311] systemd[1]: Finished Remount Root and Kernel File Systems.
[    2.590755] systemd[1]: Condition check resulted in Rebuild Hardware Database being skipped.
[    2.590783] systemd[1]: Condition check resulted in Platform Persistent Storage Archival being skipped.
[    2.591705] systemd[1]: Starting Load/Save Random Seed...
[    2.592639] systemd[1]: Starting Create System Users...
[    2.622551] systemd[1]: Finished Apply Kernel Variables.
[    2.623204] systemd[1]: Finished Create System Users.
[    2.624595] systemd[1]: Starting Create Static Device Nodes in /dev...
[    2.649269] systemd[1]: Finished Create Static Device Nodes in /dev.
[    2.650327] systemd[1]: Starting udev Kernel Device Manager...
[    2.653168] kernel: IPv6: ADDRCONF(NETDEV_CHANGE): eth0: link becomes ready
[    2.696382] systemd[1]: Started udev Kernel Device Manager.
[    2.810680] kernel: keyboard-setup. (97) used greatest stack depth: 29120 bytes left
[    2.812304] systemd[1]: Finished Set the console keyboard layout.
[    2.812521] systemd[1]: Reached target Local File Systems (Pre).
[    2.812538] systemd[1]: Reached target Local File Systems.
[    2.813807] systemd[1]: Starting Set console font and keymap...
[    2.813876] systemd[1]: Condition check resulted in Commit a transient machine-id on disk being skipped.
[    2.885406] systemd[1]: Finished Set console font and keymap.
[    2.893993] systemd[1]: Found device /dev/ttyS0.
[    2.948720] systemd[1]: Listening on Load/Save RF Kill Switch Status /dev/rfkill Watch.
[    2.951577] systemd[1]: Finished udev Coldplug all Devices.
[    3.125975] systemd[1]: Started Journal Service.
[    3.559203] kernel: random: dbus-daemon: uninitialized urandom read (12 bytes read)
[    3.590596] kernel: random: networkd-dispat: uninitialized urandom read (24 bytes read)
[    3.611167] kernel: random: dbus-daemon: uninitialized urandom read (12 bytes read)
[    3.642240] kernel: random: crng init done
[    4.012396] kernel: e2scrub_all (165) used greatest stack depth: 29080 bytes left
----- is restarting 0
---- dfs_name orangefs is_dfs_client 0
unlink FIFO failed: No such file or directory
[D 01/16/2023 17:42:13] PVFS2 Server version 2.9.7-orangefs-REV-65ab0d2 starting.
[E 01/16/2023 17:43:19] PVFS2 server got signal 15 (server_status_flag: 2080767)
[D 02/18/2023 14:39:31] PVFS2 Server version 2.9.7-orangefs-REV-65ab0d2 starting.
[D 02/18/2023 14:47:30] PVFS2 received server: signal 1
[E 02/18/2023 14:47:30] PVFS2 server got signal 15 (server_status_flag: 2080767)
[    0.000000] kernel: Linux version 5.15.0+ (tlyu@IC-RS3-DPC07) (gcc (Ubuntu 9.4.0-1ubuntu1~20.04.1) 9.4.0, GNU ld (GNU Binutils for Ubuntu) 2.34) #7 SMP Sat Feb 18 10:18:37 CET 2023
[    0.000000] kernel: Command line: root=/dev/sda console=ttyS0 net.ifnames=0 ip=192.168.0.6 quiet nokaslr
[    0.000000] kernel: x86/fpu: Supporting XSAVE feature 0x001: 'x87 floating point registers'
[    0.000000] kernel: x86/fpu: Supporting XSAVE feature 0x002: 'SSE registers'
[    0.000000] kernel: x86/fpu: Supporting XSAVE feature 0x004: 'AVX registers'
[    0.000000] kernel: x86/fpu: Supporting XSAVE feature 0x020: 'AVX-512 opmask'
[    0.000000] kernel: x86/fpu: Supporting XSAVE feature 0x040: 'AVX-512 Hi256'
[    0.000000] kernel: x86/fpu: Supporting XSAVE feature 0x080: 'AVX-512 ZMM_Hi256'
[    0.000000] kernel: x86/fpu: Supporting XSAVE feature 0x200: 'Protection Keys User registers'
[    0.000000] kernel: x86/fpu: xstate_offset[2]:  576, xstate_sizes[2]:  256
[    0.000000] kernel: x86/fpu: xstate_offset[5]:  832, xstate_sizes[5]:   64
[    0.000000] kernel: x86/fpu: xstate_offset[6]:  896, xstate_sizes[6]:  512
[    0.000000] kernel: x86/fpu: xstate_offset[7]: 1408, xstate_sizes[7]: 1024
[    0.000000] kernel: x86/fpu: xstate_offset[9]: 2432, xstate_sizes[9]:    8
[    0.000000] kernel: x86/fpu: Enabled xstate features 0x2e7, context size is 2440 bytes, using 'compacted' format.
[    0.000000] kernel: signal: max sigframe size: 3632
[    0.000000] kernel: BIOS-provided physical RAM map:
[    0.000000] kernel: BIOS-e820: [mem 0x0000000000000000-0x000000000009fbff] usable
[    0.000000] kernel: BIOS-e820: [mem 0x000000000009fc00-0x000000000009ffff] reserved
[    0.000000] kernel: BIOS-e820: [mem 0x00000000000f0000-0x00000000000fffff] reserved
[    0.000000] kernel: BIOS-e820: [mem 0x0000000000100000-0x00000000bffdffff] usable
[    0.000000] kernel: BIOS-e820: [mem 0x00000000bffe0000-0x00000000bfffffff] reserved
[    0.000000] kernel: BIOS-e820: [mem 0x00000000feffc000-0x00000000feffffff] reserved
[    0.000000] kernel: BIOS-e820: [mem 0x00000000fffc0000-0x00000000ffffffff] reserved
[    0.000000] kernel: BIOS-e820: [mem 0x0000000100000000-0x00000002bfffffff] usable
[    0.000000] kernel: NX (Execute Disable) protection: active
[    0.000000] kernel: SMBIOS 2.8 present.
[    0.000000] kernel: DMI: QEMU Standard PC (i440FX + PIIX, 1996), BIOS 1.15.0-1 04/01/2014
[    0.000000] kernel: Hypervisor detected: KVM
[    0.000000] kernel: kvm-clock: Using msrs 4b564d01 and 4b564d00
[    0.000000] kernel: kvm-clock: cpu 0, msr 2c6e001, primary cpu clock
[    0.000001] kernel: kvm-clock: using sched offset of 219726271 cycles
[    0.000002] kernel: clocksource: kvm-clock: mask: 0xffffffffffffffff max_cycles: 0x1cd42e4dffb, max_idle_ns: 881590591483 ns
[    0.000005] kernel: tsc: Detected 2593.904 MHz processor
[    0.000566] kernel: e820: update [mem 0x00000000-0x00000fff] usable ==> reserved
[    0.000569] kernel: e820: remove [mem 0x000a0000-0x000fffff] usable
[    0.000572] kernel: last_pfn = 0x2c0000 max_arch_pfn = 0x10000000000
[    0.000628] kernel: x86/PAT: Configuration [0-7]: WB  WC  UC- UC  WB  WP  UC- WT  
[    0.000635] kernel: last_pfn = 0xbffe0 max_arch_pfn = 0x10000000000
[    0.006040] kernel: found SMP MP-table at [mem 0x000f5b90-0x000f5b9f]
[    0.006093] kernel: Using GB pages for direct mapping
[    0.006730] kernel: ACPI: Early table checksum verification disabled
[    0.006737] kernel: ACPI: RSDP 0x00000000000F59B0 000014 (v00 BOCHS )
[    0.006744] kernel: ACPI: RSDT 0x00000000BFFE197C 000034 (v01 BOCHS  BXPC     00000001 BXPC 00000001)
[    0.006751] kernel: ACPI: FACP 0x00000000BFFE1828 000074 (v01 BOCHS  BXPC     00000001 BXPC 00000001)
[    0.006755] kernel: ACPI: DSDT 0x00000000BFFE0040 0017E8 (v01 BOCHS  BXPC     00000001 BXPC 00000001)
[    0.006758] kernel: ACPI: FACS 0x00000000BFFE0000 000040
[    0.006761] kernel: ACPI: APIC 0x00000000BFFE189C 000080 (v01 BOCHS  BXPC     00000001 BXPC 00000001)
[    0.006764]executor 1 finishes userspace_cover_open
before receiving handshake request
req.flags ea2
----- executor 1 do_sandbox_none at begining
----- executor 1 do_sandbox_none before fork()
 kernel: ACPI: HPET 0x00000000BFFE191C 000038 (v01 BOCHS  BXPC     00000001 BXPC 00000001)
[    0.006766] kernel: ACPI: WAET 0x00000000BFFE1954 000028 (v01 BOCHS  BXPC     00000001 BXPC 00000001)
[    0.006769] kernel: ACPI: Reserving FACP table memory at [mem 0xbffe1828-0xbffe189b]
[    0.006770] kernel: ACPI: Reserving DSDT table memory at [mem 0xbffe0040-0xbffe1827]
[    0.006771] kernel: ACPI: Reserving FACS table memory at [mem 0xbffe0000-0xbffe003f]
[    0.006772] kernel: ACPI: Reserving APIC table memory at [mem 0xbffe189c-0xbffe191b]
[    0.006773] kernel: ACPI: Reserving HPET table memory at [mem 0xbffe191c-0xbffe1953]
[    0.006773] kernel: ACPI: Reserving WAET table memory at [mem 0xbffe1954-0xbffe197b]
[    0.007117] kernel: No NUMA configuration found
[    0.007117] kernel: Faking a node at [mem 0x0000000000000000-0x00000002bfffffff]
[    0.007120] kernel: NODE_DATA(0) allocated [mem 0x2bfffa000-0x2bfffdfff]
[    0.007177] kernel: Zone ranges:
[    0.007178] kernel:   DMA      [mem 0x0000000000001000-0x0000000000ffffff]
[    0.007180] kernel:   DMA32    [mem 0x0000000001000000-0x00000000ffffffff]
[    0.007181] kernel:   Normal   [mem 0x0000000100000000-0x00000002bfffffff]
[    0.007183] kernel: Movable zone start for each node
[    0.007183] kernel: Early memory node ranges
[    0.007184] kernel:   node   0: [mem 0x0000000000001000-0x000000000009efff]
[    0.007185] kernel:   node   0: [mem 0x0000000000100000-0x00000000bffdffff]
[    0.007186] kernel:   node   0: [mem 0x0000000100000000-0x00000002bfffffff]
[    0.007188] kernel: Initmem setup node 0 [mem 0x0000000000001000-0x00000002bfffffff]
[    0.007639] kernel: On node 0, zone DMA: 1 pages in unavailable ranges
[    0.007652] kernel: On node 0, zone DMA: 97 pages in unavailable ranges
[    0.051950] kernel: On node 0, zone Normal: 32 pages in unavailable ranges
[    0.421278] kernel: kasan: KernelAddressSanitizer initialized
[    0.421696] kernel: ACPI: PM-Timer IO Port: 0x608
[    0.421705] kernel: ACPI: LAPIC_NMI (acpi_id[0xff] dfl dfl lint[0x1])
[    0.421746] kernel: IOAPIC[0]: apic_id 0, version 17, address 0xfec00000, GSI 0-23
[    0.421749] kernel: ACPI: INT_SRC_OVR (bus 0 bus_irq 0 global_irq 2 dfl dfl)
[    0.421751] kernel: ACPI: INT_SRC_OVR (bus 0 bus_irq 5 global_irq 5 high level)
[    0.421753] kernel: ACPI: INT_SRC_OVR (bus 0 bus_irq 9 global_irq 9 high level)
[    0.421754] kernel: ACPI: INT_SRC_OVR (bus 0 bus_irq 10 global_irq 10 high level)
[    0.421755] kernel: ACPI: INT_SRC_OVR (bus 0 bus_irq 11 global_irq 11 high level)
[    0.421759] kernel: ACPI: Using ACPI (MADT) for SMP configuration information
[    0.421760] kernel: ACPI: HPET id: 0x8086a201 base: 0xfed00000
[    0.421764] kernel: TSC deadline timer available
[    0.421766] kernel: smpboot: Allowing 2 CPUs, 0 hotplug CPUs
[    0.421792] kernel: kvm-guest: KVM setup pv remote TLB flush
[    0.421797] kernel: kvm-guest: setup PV sched yield
[    0.421810] kernel: PM: hibernation: Registered nosave membefore receive testcase: 0 1
ory: [mem 0x00000000-0x00000fff]
[    0.421812] kernel: PM: hibernation: Registered nosave memory: [mem 0x0009f000-0x0009ffff]
[    0.421813] kernel: PM: hibernation: Registered nosave memory: [mem 0x000a0000-0x000effff]
[    0.421814] kernel: PM: hibernation: Registered nosave memory: [mem 0x000f0000-0x000fffff]
[    0.421815] kernel: PM: hibernation: Registered nosave memory: [mem 0xbffe0000-0xbfffffff]
[    0.421816] kernel: PM: hibernation: Registered nosave memory: [mem 0xc0000000-0xfeffbfff]
[    0.421817] kernel: PM: hibernation: Registered nosave memory: [mem 0xfeffc000-0xfeffffff]
[    0.421817] kernel: PM: hibernation: Registered nosave memory: [mem 0xff000000-0xfffbffff]
[    0.421818] kernel: PM: hibernation: Registered nosave memory: [mem 0xfffc0000-0xffffffff]
[    0.421820] kernel: [mem 0xc0000000-0xfeffbfff] available for PCI devices
[    0.421821] kernel: Booting paravirtualized kernel on KVM
[    0.421824] kernel: clocksource: refined-jiffies: mask: 0xffffffff max_cycles: 0xffffffff, max_idle_ns: 1910969940391419 ns
[    0.426917] kernel: setup_percpu: NR_CPUS:64 nr_cpumask_bits:64 nr_cpu_ids:2 nr_node_ids:1
[    0.427481] kernel: percpu: Embedded 56 pages/cpu s191576 r8192 d29608 u1048576
[    0.427487] kernel: pcpu-alloc: s191576 r8192 d29608 u1048576 alloc=1*2097152
[    0.427490] kernel: pcpu-alloc: [0] 0 1 
[    0.427516] kernel: kvm-guest: setup async PF for cpu 0
[    0.427523] kernel: kvm-guest: stealtime: cpu 0, msr 26561f140
[    0.427527] kernel: Built 1 zonelists, mobility grouping on.  Total pages: 2580192
[    0.427529] kernel: Policy zone: Normal
[    0.427531] kernel: Kernel command line: root=/dev/sda console=ttyS0 net.ifnames=0 ip=192.168.0.6 quiet nokaslr
[    0.427624] kernel: Unknown command line parameters: nokaslr
[    0.431934] kernel: Dentry cache hash table entries: 2097152 (order: 12, 16777216 bytes, linear)
[    0.434239] kernel: Inode-cache hash table entries: 1048576 (order: 11, 8388608 bytes, linear)
[    0.434306] kernel: mem auto-init: stack:off, heap alloc:off, heap free:off
[    0.631924] kernel: Memory: 8872648K/10485240K available (14348K kernel code, 2403K rwdata, 3568K rodata, 1384K init, 1732K bss, 1612392K reserved, 0K cma-reserved)
[    0.632032] kernel: SLUB: HWalign=64, Order=0-3, MinObjects=0, CPUs=2, Nodes=1
[    0.632606] kernel: rcu: Hierarchical RCU implementation.
[    0.632608] kernel: rcu:         RCU event tracing is enabled.
[    0.632608] kernel: rcu:         RCU restricting CPUs from NR_CPUS=64 to nr_cpu_ids=2.
[    0.632612] kernel: rcu: RCU calculated value of scheduler-enlistment delay is 100 jiffies.
[    0.632613] kernel: rcu: Adjusting geometry for rcu_fanout_leaf=16, nr_cpu_ids=2
[    0.636041] kernel: NR_IRQS: 4352, nr_irqs: 440, preallocated irqs: 16
[    0.636279] kernel: random: get_random_bytes called from start_kernel+0x4b1/0x67a with crng_init=0
[    0.640492] kernel: Console: colour VGA+ 80x25
[    0.640541] kernel: printk: console [ttyS0] enabled
[    0.640561] kernel: ACPI: Core revision 20210730
[    0.640733] kernel: clocksource: hpet: mask: 0xffffffff max_cycles: 0xffffffff, max_idle_ns: 19112604467 ns
[    0.640828] kernel: APIC: Switch to symmetric I/O mode setup
[    0.640832] kernel: kvm-guest: setup PV IPIs
[    0.641936] kernel: ..TIMER: vector=0x30 apic1=0 pin1=2 apic2=-1 pin2=-1
[    0.641963] kernel: clocksource: tsc-early: mask: 0xffffffffffffffff max_cycles: 0x2563bd843df, max_idle_ns: 440795257314 ns
[    0.641971] kernel: Calibrating delay loop (skipped) preset value.. 5187.80 BogoMIPS (lpj=2593904)
[    0.641974] kernel: pid_max: default: 32768 minimum: 301
[    0.642013] kernel: LSM: Security Framework initializing
[    0.642029] kernel: SELinux:  Initializing.
[    0.642116] kernel: Mount-cache hash table entries: 32768 (order: 6, 262144 bytes, linear)
[    0.642535] kernel: Mountpoint-cache hash table entries: 32768 (order: 6, 262144 bytes, linear)
[    0.643381] kernel: x86/cpu: User Mode Instruction Prevention (UMIP) activated
[    0.643558] kernel: Last level iTLB entries: 4KB 0, 2MB 0, 4MB 0
[    0.643559] kernel: Last level dTLB entries: 4KB 0, 2MB 0, 4MB 0, 1GB 0
[    0.643570] kernel: Spectre V1 : Mitigation: usercopy/swapgs barriers and __user pointer sanitization
[    0.643575] kernel: Spectre V2 : Mitigation: Enhanced IBRS
[    0.643576] kernel: Spectre V2 : Spectre v2 / SpectreRSB mitigation: Filling RSB on context switch
[    0.643578] kernel: Spectre V2 : mitigation: Enabling conditional Indirect Branch Prediction Barrier
[    0.643579] kernel: Speculative Store Bypass: Mitigation: Speculative Store Bypass disabled via prctl and seccomp
[    0.643580] kernel: TAA: Mitigation: TSX disabled
[    0.650413] kernel: Freeing SMP alternatives memory: 40K
[    0.650585] kernel: smpboot: CPU0: Intel(R) Xeon(R) Gold 6348 CPU @ 2.60GHz (family: 0x6, model: 0x6a, stepping: 0x6)
[    0.650716] kernel: Performance Events: Icelake events, 32-deep LBR, full-width counters, Intel PMU driver.
[    0.651027] kernel: ... version:                2
[    0.651029] kernel: ... bit width:              48
[    0.651029] kernel: ... generic registers:      8
[    0.651030] kernel: ... value mask:             0000ffffffffffff
[    0.651032] kernel: ... max period:             00007fffffffffff
[    0.651032] kernel: ... fixed-purpose events:   3
[    0.651033] kernel: ... event mask:             00000007000000ff
[    0.651218] kernel: rcu: Hierarchical SRCU implementation.
[    0.651593] kernel: smp: Bringing up secondary CPUs ...
[    0.651707] kernel: x86: Booting SMP configuration:
[    0.651708] kernel: .... node  #0, CPUs:      #1
[    0.005721] kernel: kvm-clock: cpu 1, msr 2c6e041, secondary cpu clock
[    0.652717] kernel: kvm-guest: setup async PF for cpu 1
[    0.652717] kernel: kvm-guest: stealtime: cpu 1, msr 26571f140
[    0.652717] kernel: smp: Brought up 1 node, 2 CPUs
[    0.652717] kernel: smpboot: Max logical packages: 1
[    0.652717] kernel: smpboot: Total of 2 processors activated (10375.61 BogoMIPS)
[    0.653544] kernel: devtmpfs: initialized
[    0.654265] kernel: clocksource: jiffies: mask: 0xffffffff max_cycles: 0xffffffff, max_idle_ns: 1911260446275000 ns
[    0.654275] kernel: futex hash table entries: 512 (order: 3, 32768 bytes, linear)
[    0.655407] kernel: PM: RTC time: 11:26:32, date: 2023-03-25
[    0.655804] kernel: NET: Registered PF_NETLINK/PF_ROUTE protocol family
[    0.656341] kernel: audit: initializing netlink subsys (disabled)
[    0.657002] kernel: audit: type=2000 audit(1679743592.956:1): state=initialized audit_enabled=0 res=1
[    0.657234] kernel: thermal_sys: Registered thermal governor 'step_wise'
[    0.657236] kernel: thermal_sys: Registered thermal governor 'user_space'
[    0.657259] kernel: cpuidle: using governor menu
[    0.657259] kernel: ACPI: bus type PCI registered
[    0.657446] kernel: PCI: Using configuration type 1 for base access
[    0.676011] kernel: Kprobes globally optimized
[    0.676035] kernel: HugeTLB registered 2.00 MiB page size, pre-allocated 0 pages
[    0.676035] kernel: cryptomgr_test (27) used greatest stack depth: 31400 bytes left
[    0.677038] kernel: ACPI: Added _OSI(Module Device)
[    0.677040] kernel: ACPI: Added _OSI(Processor Device)
[    0.677041] kernel: ACPI: Added _OSI(3.0 _SCP Extensions)
[    0.677042] kernel: ACPI: Added _OSI(Processor Aggregator Device)
[    0.677047] kernel: ACPI: Added _OSI(Linux-Dell-Video)
[    0.677050] kernel: ACPI: Added _OSI(Linux-Lenovo-NV-HDMI-Audio)
[    0.677054] kernel: ACPI: Added _OSI(Linux-HPI-Hybrid-Graphics)
[    0.687215] kernel: ACPI: 1 ACPI AML tables successfully acquired and loaded
[    0.689341] kernel: ACPI: Interpreter enabled
[    0.689375] kernel: ACPI: PM: (supports S0 S3 S4 S5)
[    0.689377] kernel: ACPI: Using IOAPIC for interrupt routing
[    0.689412] kernel: PCI: Using host bridge windows from ACPI; if necessary, use "pci=nocrs" and report a bug
[    0.689838] kernel: ACPI: Enabled 2 GPEs in block 00 to 0F
[    0.702622] kernel: ACPI: PCI Root Bridge [PCI0] (domain 0000 [bus 00-ff])
[    0.702633] kernel: acpi PNP0A03:00: _OSC: OS supports [ASPM ClockPM Segments MSI HPX-Type3]
[    0.702688] kernel: acpi PNP0A03:00: fail to add MMCONFIG information, can't access extended PCI configuration space under this bridge.
[    0.702824] kernel: PCI host bridge to bus 0000:00
[    0.702827] kernel: pci_bus 0000:00: root bus resource [io  0x0000-0x0cf7 window]
[    0.702830] kernel: pci_bus 0000:00: root bus resource [io  0x0d00-0xffff window]
[    0.702833] kernel: pci_bus 0000:00: root bus resource [mem 0x000a0000-0x000bffff window]
[    0.702835] kernel: pci_bus 0000:00: root bus resource [mem 0xc0000000-0xfebfffff window]
[    0.702838] kernel: pci_bus 0000:00: root bus resource [mem 0x2c0000000-0x33fffffff window]
[    0.702840] kernel: pci_bus 0000:00: root bus resource [bus 00-ff]
[    0.703449] kernel: pci 0000:00:00.0: [8086:1237] type 00 class 0x060000
[    0.707666] kernel: pci 0000:00:01.0: [8086:7000] type 00 class 0x060100
[    0.708570] kernel: pci 0000:00:01.1: [8086:7010] type 00 class 0x010180
[    0.710680] kernel: pci 0000:00:01.1: reg 0x20: [io  0xc040-0xc04f]
[    0.711490] kernel: pci 0000:00:01.1: legacy IDE quirk: reg 0x10: [io  0x01f0-0x01f7]
[    0.711493] kernel: pci 0000:00:01.1: legacy IDE quirk: reg 0x14: [io  0x03f6]
[    0.711494] kernel: pci 0000:00:01.1: legacy IDE quirk: reg 0x18: [io  0x0170-0x0177]
[    0.711495] kernel: pci 0000:00:01.1: legacy IDE quirk: reg 0x1c: [io  0x0376]
[    0.712242] kernel: pci 0000:00:01.3: [8086:7113] type 00 class 0x068000
[    0.712567] kernel: pci 0000:00:01.3: quirk: [io  0x0600-0x063f] claimed by PIIX4 ACPI
[    0.712574] kernel: pci 0000:00:01.3: quirk: [io  0x0700-0x070f] claimed by PIIX4 SMB
[    0.713592] kernel: pci 0000:00:02.0: [1234:1111] type 00 class 0x030000
[    0.714545] kernel: pci 0000:00:02.0: reg 0x10: [mem 0xfd000000-0xfdffffff pref]
[    0.716509] kernel: pci 0000:00:02.0: reg 0x18: [mem 0xfeb90000-0xfeb90fff]
[    0.721489] kernel: pci 0000:00:02.0: reg 0x30: [mem 0xfeb80000-0xfeb8ffff pref]
[    0.727466] kernel: pci 0000:00:03.0: [1af4:1005] type 00 class 0x00ff00
[    0.727969] kernel: pci 0000:00:03.0: reg 0x10: [io  0xc000-0xc01f]
[    0.731410] kernel: pci 0000:00:03.0: reg 0x20: [mem 0xfe200000-0xfe203fff 64bit pref]
[    0.737215] kernel: pci 0000:00:04.0: [1af4:1000] type 00 class 0x020000
[    0.737974] kernel: pci 0000:00:04.0: reg 0x10: [io  0xc020-0xc03f]
[    0.739402] kernel: pci 0000:00:04.0: reg 0x14: [mem 0xfeb91000-0xfeb91fff]
[    0.741453] kernel: pci 0000:00:04.0: reg 0x20: [mem 0xfe204000-0xfe207fff 64bit pref]
[    0.741968] kernel: pci 0000:00:04.0: reg 0x30: [mem 0xfeb00000-0xfeb7ffff pref]
[    0.746410] kernel: pci 0000:00:10.0: [1af4:1110] type 00 class 0x050000
[    0.747560] kernel: pci 0000:00:10.0: reg 0x10: [mem 0xfeb92000-0xfeb920ff]
[    0.749329] kernel: pci 0000:00:10.0: reg 0x18: [mem 0xfe000000-0xfe0fffff 64bit pref]
[    0.755419] kernel: pci 0000:00:11.0: [1af4:1110] type 00 class 0x050000
[    0.755969] kernel: pci 0000:00:11.0: reg 0x10: [mem 0xfeb93000-0xfeb930ff]
[    0.756968] kernel: pci 0000:00:11.0: reg 0x18: [mem 0xfe208000-0xfe2083ff 64bit pref]
[    0.763282] kernel: pci 0000:00:12.0: [1af4:1110] type 00 class 0x050000
[    0.763969] kernel: pci 0000:00:12.0: reg 0x10: [mem 0xfeb94000-0xfeb940ff]
[    0.765325] kernel: pci 0000:00:12.0: reg 0x18: [mem 0xfe100000-0xfe1fffff 64bit pref]
[    0.773150] kernel: ACPI: PCI: Interrupt link LNKA configured for IRQ 10
[    0.773578] kernel: ACPI: PCI: Interrupt link LNKB configured for IRQ 10
[    0.773988] kernel: ACPI: PCI: Interrupt link LNKC configured for IRQ 11
[    0.774395] kernel: ACPI: PCI: Interrupt link LNKD configured for IRQ 11
[    0.774557] kernel: ACPI: PCI: Interrupt link LNKS configured for IRQ 9
[    0.775268] kernel: iommu: Default domain type: Translated 
[    0.775270] kernel: iommu: DMA domain TLB invalidation policy: lazy mode 
[    0.775310] kernel: pci 0000:00:02.0: vgaarb: setting as boot VGA device
[    0.775310] kernel: pci 0000:00:02.0: vgaarb: VGA device added: decodes=io+mem,owns=io+mem,locks=none
[    0.775310] kernel: pci 0000:00:02.0: vgaarb: bridge control possible
[    0.775310] kernel: vgaarb: loaded
[    0.775310] kernel: SCSI subsystem initialized
[    0.775310] kernel: libata version 3.00 loaded.
[    0.775310] kernel: ACPI: bus type USB registered
[    0.775310] kernel: usbcore: registered new interface driver usbfs
[    0.775310] kernel: usbcore: registered new interface driver hub
[    0.775310] kernel: usbcore: registered new device driver usb
[    0.775310] kernel: pps_core: LinuxPPS API ver. 1 registered
[    0.775310] kernel: pps_core: Software ver. 5.3.6 - Copyright 2005-2007 Rodolfo Giometti <giometti@linux.it>
[    0.775310] kernel: PTP clock support registered
[    0.776056] kernel: Advanced Linux Sound Architecture Driver Initialized.
[    0.776387] kernel: NetLabel: Initializing
[    0.776387] kernel: NetLabel:  domain hash size = 128
[    0.776389] kernel: NetLabel:  protocols = UNLABELED CIPSOv4 CALIPSO
[    0.776426] kernel: NetLabel:  unlabeled traffic allowed by default
[    0.776461] kernel: PCI: Using ACPI for IRQ routing
[    0.776461] kernel: PCI: pci_cache_line_size set to 64 bytes
[    0.776461] kernel: e820: reserve RAM buffer [mem 0x0009fc00-0x0009ffff]
[    0.776461] kernel: e820: reserve RAM buffer [mem 0xbffe0000-0xbfffffff]
[    0.777044] kernel: hpet0: at MMIO 0xfed00000, IRQs 2, 8, 0
[    0.777048] kernel: hpet0: 3 comparators, 64-bit 100.000000 MHz counter
[    0.781028] kernel: clocksource: Switched to clocksource kvm-clock
[    0.806883] kernel: VFS: Disk quotas dquot_6.6.0
[    0.806904] kernel: VFS: Dquot-cache hash table entries: 512 (order 0, 4096 bytes)
[    0.807015] kernel: pnp: PnP ACPI init
[    0.807227] kernel: pnp 00:02: [dma 2]
[    0.808287] kernel: pnp: PnP ACPI: found 6 devices
[    0.816259] kernel: clocksource: acpi_pm: mask: 0xffffff max_cycles: 0xffffff, max_idle_ns: 2085701024 ns
[    0.816316] kernel: NET: Registered PF_INET protocol family
[    0.816901] kernel: IP idents hash table entries: 262144 (order: 9, 2097152 bytes, linear)
[    0.818930] kernel: tcp_listen_portaddr_hash hash table entries: 8192 (order: 5, 131072 bytes, linear)
[    0.818964] kernel: TCP established hash table entries: 131072 (order: 8, 1048576 bytes, linear)
[    0.819121] kernel: TCP bind hash table entries: 65536 (order: 8, 1048576 bytes, linear)
[    0.819588] kernel: TCP: Hash tables configured (established 131072 bind 65536)
[    0.819643] kernel: UDP hash table entries: 8192 (order: 6, 262144 bytes, linear)
[    0.819678] kernel: UDP-Lite hash table entries: 8192 (order: 6, 262144 bytes, linear)
[    0.819779] kernel: NET: Registered PF_UNIX/PF_LOCAL protocol family
[    0.820148] kernel: pci_bus 0000:00: resource 4 [io  0x0000-0x0cf7 window]
[    0.820157] kernel: pci_bus 0000:00: resource 5 [io  0x0d00-0xffff window]
[    0.820161] kernel: pci_bus 0000:00: resource 6 [mem 0x000a0000-0x000bffff window]
[    0.820164] kernel: pci_bus 0000:00: resource 7 [mem 0xc0000000-0xfebfffff window]
[    0.820168] kernel: pci_bus 0000:00: resource 8 [mem 0x2c0000000-0x33fffffff window]
[    0.820464] kernel: pci 0000:00:01.0: PIIX3: Enabling Passive Release
[    0.820485] kernel: pci 0000:00:00.0: Limiting direct PCI/PCI transfers
[    0.820506] kernel: pci 0000:00:01.0: Activating ISA DMA hang workarounds
[    0.820602] kernel: pci 0000:00:02.0: Video device with shadowed ROM at [mem 0x000c0000-0x000dffff]
[    0.820697] kernel: PCI: CLS 0 bytes, default 64
[    0.820728] kernel: PCI-DMA: Using software bounce buffering for IO (SWIOTLB)
[    0.820731] kernel: software IO TLB: mapped [mem 0x00000000bbfe0000-0x00000000bffe0000] (64MB)
[    0.820873] kernel: RAPL PMU: API unit is 2^-32 Joules, 0 fixed counters, 10737418240 ms ovfl timer
[    0.820894] kernel: clocksource: tsc: mask: 0xffffffffffffffff max_cycles: 0x2563bd843df, max_idle_ns: 440795257314 ns
[    0.820918] kernel: clocksource: Switched to clocksource tsc
[    0.825005] kernel: Initialise system trusted keyrings
[    0.825124] kernel: workingset: timestamp_bits=56 max_order=22 bucket_order=0
[    0.831273] kernel: fuse: init (API version 7.34)
[    0.831674] kernel: orangefs_debugfs_init: called with debug mask: :none: :0:
[    0.831750] kernel: orangefs_init: module version upstream loaded
[    0.842981] kernel: Key type asymmetric registered
[    0.842983] kernel: Asymmetric key parser 'x509' registered
[    0.843052] kernel: Block layer SCSI generic (bsg) driver version 0.4 loaded (major 250)
[    0.843054] kernel: io scheduler mq-deadline registered
[    0.843055] kernel: io scheduler kyber registered
[    0.843499] kernel: input: Power Button as /devices/LNXSYSTM:00/LNXPWRBN:00/input/input0
[    0.843597] kernel: ACPI: button: Power Button [PWRF]
[    1.249012] kernel: ACPI: \_SB_.LNKC: Enabled at IRQ 11
[    1.636583] kernel: ACPI: \_SB_.LNKD: Enabled at IRQ 10
[    1.638274] kernel: Serial: 8250/16550 driver, 4 ports, IRQ sharing enabled
[    1.638411] kernel: 00:04: ttyS0 at I/O 0x3f8 (irq = 4, base_baud = 115200) is a 16550A
[    1.639444] kernel: Non-volatile memory driver v1.3
[    1.639498] kernel: Linux agpgart interface v0.103
[    1.643805] kernel: loop: module loaded
[    1.644027] kernel: ata_piix 0000:00:01.1: version 2.13
[    1.645963] kernel: scsi host0: ata_piix
[    1.646328] kernel: scsi host1: ata_piix
[    1.646424] kernel: ata1: PATA max MWDMA2 cmd 0x1f0 ctl 0x3f6 bmdma 0xc040 irq 14
[    1.646427] kernel: ata2: PATA max MWDMA2 cmd 0x170 ctl 0x376 bmdma 0xc048 irq 15
[    1.646937] kernel: libphy: Fixed MDIO Bus: probed
[    1.648638] kernel: e100: Intel(R) PRO/100 Network Driver
[    1.648640] kernel: e100: Copyright(c) 1999-2006 Intel Corporation
[    1.648654] kernel: e1000: Intel(R) PRO/1000 Network Driver
[    1.648655] kernel: e1000: Copyright (c) 1999-2006 Intel Corporation.
[    1.648677] kernel: e1000e: Intel(R) PRO/1000 Network Driver
[    1.648678] kernel: e1000e: Copyright(c) 1999 - 2015 Intel Corporation.
[    1.648698] kernel: sky2: driver version 1.30
[    1.648883] kernel: ehci_hcd: USB 2.0 'Enhanced' Host Controller (EHCI) Driver
[    1.648884] kernel: ehci-pci: EHCI PCI platform driver
[    1.648898] kernel: ohci_hcd: USB 1.1 'Open' Host Controller (OHCI) Driver
[    1.648903] kernel: ohci-pci: OHCI PCI platform driver
[    1.648916] kernel: uhci_hcd: USB Universal Host Controller Interface driver
[    1.649033] kernel: usbcore: registered new interface driver usblp
[    1.649052] kernel: usbcore: registered new interface driver usb-storage
[    1.649104] kernel: i8042: PNP: PS/2 Controller [PNP0303:KBD,PNP0f13:MOU] at 0x60,0x64 irq 1,12
[    1.649687] kernel: serio: i8042 KBD port at 0x60,0x64 irq 1
[    1.649692] kernel: serio: i8042 AUX port at 0x60,0x64 irq 12
[    1.650133] kernel: input: AT Translated Set 2 keyboard as /devices/platform/i8042/serio0/input/input1
[    1.650548] kernel: rtc_cmos 00:05: RTC can wake from S4
[    1.651565] kernel: rtc_cmos 00:05: registered as rtc0
[    1.651663] kernel: rtc_cmos 00:05: alarms up to one day, y3k, 242 bytes nvram, hpet irqs
[    1.652181] kernel: device-mapper: ioctl: 4.45.0-ioctl (2021-03-22) initialised: dm-devel@redhat.com
[    1.652186] kernel: intel_pstate: CPU model not supported
[    1.652249] kernel: hid: raw HID events driver (C) Jiri Kosina
[    1.652548] kernel: usbcore: registered new interface driver usbhid
[    1.652549] kernel: usbhid: USB HID core driver
[    1.653250] kernel: netem: version 1.3
[    1.654912] kernel: Initializing XFRM netlink socket
[    1.655208] kernel: NET: Registered PF_INET6 protocol family
[    1.655820] kernel: Segment Routing with IPv6
[    1.655835] kernel: In-situ OAM (IOAM) with IPv6
[    1.655919] kernel: sit: IPv6, IPv4 and MPLS over IPv4 tunneling driver
[    1.656187] kernel: NET: Registered PF_PACKET protocol family
[    1.656239] kernel: 9pnet: Installing 9P2000 support
[    1.656269] kernel: Key type dns_resolver registered
[    1.656281] kernel: Key type ceph registered
[    1.656416] kernel: libceph: loaded (mon/osd proto 15/24)
[    1.656639] kernel: IPI shorthand broadcast: enabled
[    1.656664] kernel: sched_clock: Marking stable (1651808960, 4721027)->(1703730528, -47200541)
[    1.656874] kernel: registered taskstats version 1
[    1.656875] kernel: Loading compiled-in X.509 certificates
[    1.657818] kernel: PM:   Magic number: 15:400:429
[    1.657862] kernel: printk: console [netcon0] enabled
[    1.657864] kernel: netconsole: network logging started
[    1.801180] kernel: ata2.01: NODEV after polling detection
[    1.801760] kernel: ata1.01: NODEV after polling detection
[    1.802157] kernel: ata2.00: ATAPI: QEMU DVD-ROM, 2.5+, max UDMA/100
[    1.802434] kernel: ata1.00: ATA-7: QEMU HARDDISK, 2.5+, max UDMA/100
[    1.802438] kernel: ata1.00: 88078336 sectors, multi 16: LBA48 
[    1.804072] kernel: scsi 0:0:0:0: Direct-Access     ATA      QEMU HARDDISK    2.5+ PQ: 0 ANSI: 5
[    1.804598] kernel: sd 0:0:0:0: Attached scsi generic sg0 type 0
[    1.805602] kernel: scsi 1:0:0:0: CD-ROM            QEMU     QEMU DVD-ROM     2.5+ PQ: 0 ANSI: 5
[    1.806559] kernel: sd 0:0:0:0: [sda] 88078336 512-byte logical blocks: (45.1 GB/42.0 GiB)
[    1.806587] kernel: sd 0:0:0:0: [sda] Write Protect is off
[    1.806596] kernel: sd 0:0:0:0: [sda] Mode Sense: 00 3a 00 00
[    1.806629] kernel: sd 0:0:0:0: [sda] Write cache: enabled, read cache: enabled, doesn't support DPO or FUA
[    1.811552] kernel: sd 0:0:0:0: [sda] Attached SCSI disk
[    1.835650] kernel: sr 1:0:0:0: [sr0] scsi3-mmc drive: 4x/4x cd/rw xa/form2 tray
[    1.835660] kernel: cdrom: Uniform CD-ROM driver Revision: 3.20
[    1.854241] kernel: sr 1:0:0:0: Attached scsi CD-ROM sr0
[    1.854735] kernel: sr 1:0:0:0: Attached scsi generic sg1 type 5
[    2.274135] kernel: input: ImExPS/2 Generic Explorer Mouse as /devices/platform/i8042/serio1/input/input3
[    2.287991] kernel: IP-Config: Guessing netmask 255.255.255.0
[    2.287994] kernel: IP-Config: Complete:
[    2.287995] kernel:      device=eth0, hwaddr=e6:c8:ff:09:76:06, ipaddr=192.168.0.6, mask=255.255.255.0, gw=255.255.255.255
[    2.288002] kernel:      host=192.168.0.6, domain=, nis-domain=(none)
[    2.288004] kernel:      bootserver=255.255.255.255, rootserver=255.255.255.255, rootpath=
[    2.288107] kernel: cfg80211: Loading compiled-in X.509 certificates for regulatory database
[    2.288351] kernel: kworker/u4:0 (69) used greatest stack depth: 30480 bytes left
[    2.289016] kernel: cfg80211: Loaded X.509 cert 'sforshee: 00b28ddf47aef9cea7'
[    2.289035] kernel: ALSA device list:
[    2.289037] kernel:   No soundcards found.
[    2.289453] kernel: md: Waiting for all devices to be available before autodetect
[    2.289455] kernel: md: If you don't use raid, use raid=noautodetect
[    2.289456] kernel: md: Autodetecting RAID arrays.
[    2.289458] kernel: md: autorun ...
[    2.289459] kernel: md: ... autorun DONE.
[    2.289885] kernel: platform regulatory.0: Direct firmware load for regulatory.db failed with error -2
[    2.289892] kernel: cfg80211: failed to load regulatory.db
[    2.303669] kernel: EXT4-fs (sda): mounted filesystem with ordered data mode. Opts: (null). Quota mode: none.
[    2.303717] kernel: VFS: Mounted root (ext4 filesystem) readonly on device 8:0.
[    2.304772] kernel: devtmpfs: mounted
[    2.305307] kernel: Freeing unused kernel image (initmem) memory: 1384K
[    2.305312] kernel: Write protecting the kernel read-only data: 20480k
[    2.306091] kernel: Freeing unused kernel image (text/rodata gap) memory: 2032K
[    2.306283] kernel: Freeing unused kernel image (rodata/data gap) memory: 528K
[    2.306295] kernel: Run /sbin/init as init process
[    2.306296] kernel:   with arguments:
[    2.306297] kernel:     /sbin/init
[    2.306298] kernel:     nokaslr
[    2.306299] kernel:   with environment:
[    2.306300] kernel:     HOME=/
[    2.306300] kernel:     TERM=linux
[    2.353395] kernel: random: fast init done
[    2.423589] systemd[1]: systemd 245.4-4ubuntu3 running in system mode. (+PAM +AUDIT +SELINUX +IMA +APPARMOR +SMACK +SYSVINIT +UTMP +LIBCRYPTSETUP +GCRYPT +GNUTLS +ACL +XZ +LZ4 +SECCOMP +BLKID +ELFUTILS +KMOD +IDN2 -IDN +PCRE2 default-hierarchy=hybrid)
[    2.423673] systemd[1]: Detected virtualization kvm.
[    2.423680] systemd[1]: Detected architecture x86-64.
[    2.433529] systemd[1]: Set hostname to <dfs-fuzzing>.
[    2.456407] kernel: systemd-bless-b (78) used greatest stack depth: 29808 bytes left
[    2.460455] kernel: systemd-fstab-g (81) used greatest stack depth: 29584 bytes left
[    2.502933] kernel: systemd-sysv-ge (88) used greatest stack depth: 29184 bytes left
[    2.584957] systemd[1]: /lib/systemd/system/dbus.socket:5: ListenStream= references a path below legacy directory /var/run/, updating /var/run/dbus/system_bus_socket → /run/dbus/system_bus_socket; please update the unit file accordingly.
[    2.622309] systemd[1]: system-modprobe.slice: unit configures an IP firewall, but the local system does not support BPF/cgroup firewalling.
[    2.622317] systemd[1]: (This warning is only shown for the first unit using IP firewalling.)
[    2.622574] systemd[1]: Created slice system-modprobe.slice.
[    2.622714] systemd[1]: Created slice system-serial\x2dgetty.slice.
[    2.622804] systemd[1]: Created slice User and Session Slice.
[    2.622874] systemd[1]: Started Dispatch Password Requests to Console Directory Watch.
[    2.622928] systemd[1]: Started Forward Password Requests to Wall Directory Watch.
[    2.623187] systemd[1]: Set up automount Arbitrary Executable File Formats File System Automount Point.
[    2.623213] systemd[1]: Reached target Local Encrypted Volumes.
[    2.623228] systemd[1]: Reached target Paths.
[    2.623236] systemd[1]: Reached target Remote File Systems.
[    2.623243] systemd[1]: Reached target Slices.
[    2.623252] systemd[1]: Reached target Swap.
[    2.623332] systemd[1]: Listening on Device-mapper event daemon FIFOs.
[    2.623461] systemd[1]: Listening on Syslog Socket.
[    2.623515] systemd[1]: Listening on initctl Compatibility Named Pipe.
[    2.623709] systemd[1]: Listening on Journal Audit Socket.
[    2.623812] systemd[1]: Listening on Journal Socket (/dev/log).
[    2.623937] systemd[1]: Listening on Journal Socket.
[    2.624068] systemd[1]: Listening on udev Control Socket.
[    2.624150] systemd[1]: Listening on udev Kernel Socket.
[    2.625540] systemd[1]: Mounting Huge Pages File System...
[    2.626452] systemd[1]: Mounting POSIX Message Queue File System...
[    2.627259] systemd[1]: Mounting /proc/sys/fs/binfmt_misc...
[    2.628023] systemd[1]: Mounting /sys/kernel/config...
[    2.628776] systemd[1]: Mounting /sys/kernel/debug...
[    2.629638] systemd[1]: Mounting Kernel Trace File System...
[    2.631286] systemd[1]: Starting Journal Service...
[    2.632098] systemd[1]: Starting Set the console keyboard layout...
[    2.632128] systemd[1]: Condition check resulted in Create list of static device nodes for the current kernel being skipped.
[    2.632168] systemd[1]: Condition check resulted in Load Kernel Module drm being skipped.
[    2.639938] systemd[1]: Starting Load Kernel Modules...
[    2.642532] systemd[1]: Starting Remount Root and Kernel File Systems...
[    2.645644] systemd[1]: Starting udev Coldplug all Devices...
[    2.656033] kernel: IPv6: ADDRCONF(NETDEV_CHANGE): eth0: link becomes ready
[    2.658195] systemd[1]: Finished Load Kernel Modules.
[    2.661899] systemd[1]: Mounting FUSE Control File System...
[    2.664644] systemd[1]: Starting Apply Kernel Variables...
[    2.665700] systemd[1]: Mounted Huge Pages File System.
[    2.665936] systemd[1]: Mounted POSIX Message Queue File System.
[    2.666392] systemd[1]: Mounted /proc/sys/fs/binfmt_misc.
[    2.666603] systemd[1]: Mounted /sys/kernel/config.
[    2.675547] systemd[1]: Mounted /sys/kernel/debug.
[    2.675820] systemd[1]: Mounted Kernel Trace File System.
[    2.676028] systemd[1]: Mounted FUSE Control File System.
[    2.680448] systemd[1]: Condition check resulted in Set Up Additional Binary Formats being skipped.
[    2.680947] kernel: EXT4-fs (sda): re-mounted. Opts: (null). Quota mode: none.
[    2.684023] systemd[1]: Finished Remount Root and Kernel File Systems.
[    2.686881] systemd[1]: Condition check resulted in Rebuild Hardware Database being skipped.
[    2.686915] systemd[1]: Condition check resulted in Platform Persistent Storage Archival being skipped.
[    2.688792] systemd[1]: Starting Load/Save Random Seed...
[    2.691165] systemd[1]: Starting Create System Users...
[    2.711982] systemd[1]: Finished Apply Kernel Variables.
[    2.715492] kernel: systemd-sysuser (111) used greatest stack depth: 29056 bytes left
[    2.717036] systemd[1]: Finished Create System Users.
[    2.718116] systemd[1]: Starting Create Static Device Nodes in /dev...
[    2.758193] systemd[1]: Finished Create Static Device Nodes in /dev.
[    2.759593] systemd[1]: Starting udev Kernel Device Manager...
[    2.783863] systemd[1]: Finished Set the console keyboard layout.
[    2.784107] systemd[1]: Reached target Local File Systems (Pre).
[    2.784124] systemd[1]: Reached target Local File Systems.
[    2.785022] systemd[1]: Starting Set console font and keymap...
[    2.785094] systemd[1]: Condition check resulted in Commit a transient machine-id on disk being skipped.
[    2.805600] systemd[1]: Finished Set console font and keymap.
[    2.811396] systemd[1]: Started udev Kernel Device Manager.
[    2.879226] systemd[1]: Finished udev Coldplug all Devices.
[    2.965380] systemd[1]: Found device /dev/ttyS0.
[    3.000122] systemd[1]: Listening on Load/Save RF Kill Switch Status /dev/rfkill Watch.
[    3.231029] systemd[1]: Started Journal Service.
[    3.423110] kernel: random: crng init done
---- executor 0 config DFS: 3

---- executor 0 config DFS: call atexit in pid 368 tid 368

---- executor 0 config DFS: executor __sanitizer_cov_trace_pc: retrieve shmid 0, thread 368, pid 368, value 1

---- executor 0 config DFS: [S 03/25/2023 11:26:45] PVFS2 Server on node 192.168.0.5 version 2.9.7-orangefs-REV-65ab0d2 starting...

---- executor 0 config DFS: executor __sanitizer_cov_trace_pc: retrieve shmid 1, thread 369, pid 368, value 1

---- executor 0 config DFS: executor __sanitizer_cov_trace_pc: retrieve shmid 2, thread 370, pid 368, value 1

---- executor 0 config DFS: destr_fn: before unspec_area == NULL, shmid 2, thread 370, pid 368

---- executor 0 config DFS: destr_fn: executor send back shm 0x7fffb265e000 shmid 2

-----executor 0 collect shmids 2
----- directly resend shmid 2
---- executor 0 config DFS: destr_fn: before unspec_area == NULL, shmid 1, thread 369, pid 368

---- executor 0 config DFS: destr_fn: executor send back shm 0x7fffb26a7000 shmid 1

-----executor 0 collect shmids 1
----- directly resend shmid 1
---- executor 0 config DFS: [D 03/25/2023 11:26:45] PVFS2 Server: storage space created.

---- executor 0 config DFS: [D 03/25/2023 11:26:45] Exiting.

---- executor 0 config DFS: proc_exit destr_fn

---- executor 0 config DFS: destr_fn: before unspec_area == NULL, shmid 0, thread 368, pid 368

-----executor 0 collect shmids 0
----- directly resend shmid 0
---- executor 0 config DFS: call atexit in pid 371 tid 371

---- executor 0 config DFS: executor __sanitizer_cov_trace_pc: retrieve shmid 3, thread 371, pid 371, value 1

---- executor 0 config DFS: [S 03/25/2023 11:26:45] PVFS2 Server on node 192.168.0.5 version 2.9.7-orangefs-REV-65ab0d2 starting...

-----executor 0 collect shmids 3
----- directly resend shmid 3
---- executor 0 config DFS: Warning: Permanently added '192.168.0.6' (ECDSA) to the list of known hosts.

---- executor 0 config DFS: call atexit in pid 378 tid 378

---- executor 0 config DFS: executor __sanitizer_cov_trace_pc: retrieve shmid 0, thread 378, pid 378, value 1

---- executor 0 config DFS: [S 03/25/2023 11:26:46] PVFS2 Server on node 192.168.0.6 version 2.9.7-orangefs-REV-65ab0d2 starting...

---- executor 0 config DFS: executor __sanitizer_cov_trace_pc: retrieve shmid 1, thread 380, pid 378, value 1

---- executor 0 config DFS: executor __sanitizer_cov_trace_pc: retrieve shmid 2, thread 379, pid 378, value 1

-----executor 1 collect shmids 1
----- directly resend shmid 1
---- executor 0 config DFS: destr_fn: before unspec_area == NULL, shmid 1, thread 380, pid 378

---- executor 0 config DFS: destr_fn: executor send back shm 0x7fffb269e000 shmid 1

---- executor 0 config DFS: destr_fn: before unspec_area == NULL, shmid 2, thread 379, pid 378

---- executor 0 config DFS: destr_fn: executor send back shm 0x7fffb265e000 shmid 2

-----executor 1 collect shmids 2
----- directly resend shmid 2
---- executor 0 config DFS: [D 03/25/2023 11:26:46] PVFS2 Server: storage space created.

---- executor 0 config DFS: [D 03/25/2023 11:26:46] Exiting.

---- executor 0 config DFS: proc_exit destr_fn

---- executor 0 config DFS: destr_fn: before unspec_area == NULL, shmid 0, thread 378, pid 378

-----executor 1 collect shmids 0
----- directly resend shmid 0
---- executor 0 config DFS: call atexit in pid 381 tid 381

---- executor 0 config DFS: executor __sanitizer_cov_trace_pc: retrieve shmid 3, thread 381, pid 381, value 1

---- executor 0 config DFS: [S 03/25/2023 11:26:46] PVFS2 Server on node 192.168.0.6 version 2.9.7-orangefs-REV-65ab0d2 starting...

-----executor 1 collect shmids 3
----- directly resend shmid 3
---- executor 0 config DFS: Warning: Permanently added '192.168.0.7' (ECDSA) to the list of known hosts.

[D 03/25/2023 11:26:45] PVFS2 Server version 2.9.7-orangefs-REV-65ab0d2 starting.
[E 03/25/2023 11:26:46] Warning: msgpair failed to tcp://192.168.0.6:3334, will retry: Connection refused
[E 03/25/2023 11:26:46] Warning: msgpair failed to tcp://192.168.0.6:3334, will retry: Connection refused
[E 03/25/2023 11:26:46] Warning: msgpair failed to tcp://192.168.0.6:3334, will retry: Connection refused
[E 03/25/2023 11:26:46] Warning: msgpair failed to tcp://192.168.0.6:3334, will retry: Connection refused
[E 03/25/2023 11:26:46] Warning: msgpair failed to tcp://192.168.0.6:3334, will retry: Connection refused
[E 03/25/2023 11:26:46] Warning: msgpair failed to tcp://192.168.0.7:3334, will retry: Connection refused
[E 03/25/2023 11:26:46] Warning: msgpair failed to tcp://192.168.0.7:3334, will retry: Connection refused
[E 03/25/2023 11:26:46] Warning: msgpair failed to tcp://192.168.0.7:3334, will retry: Connection refused
[E 03/25/2023 11:26:46] Warning: msgpair failed to tcp://192.168.0.7:3334, will retry: Connection refused
[E 03/25/2023 11:26:46] Warning: msgpair failed to tcp://192.168.0.7:3334, will retry: Connection refused
[E 03/25/2023 11:26:46] Warning: msgpair failed to tcp://192.168.0.7:3334, will retry: Connection refused
[D 03/25/2023 11:26:46] PVFS2 Server version 2.9.7-orangefs-REV-65ab0d2 starting.
[E 03/25/2023 11:26:46] Warning: msgpair failed to tcp://192.168.0.7:3334, will retry: Connection refused
[E 03/25/2023 11:26:46] Warning: msgpair failed to tcp://192.168.0.7:3334, will retry: Connection refused
[E 03/25/2023 11:26:46] Warning: msgpair failed to tcp://192.168.0.7:3334, will retry: Connection refused
[E 03/25/2023 11:26:46] Warning: msgpair failed to tcp://192.168.0.7:3334, will retry: Connection refused
[E 03/25/2023 11:26:46] Warning: msgpair failed to tcp://192.168.0.7:3334, will retry: Connection refused
---- executor 0 config DFS: call atexit in pid 377 tid 377

---- executor 0 config DFS: executor __sanitizer_cov_trace_pc: retrieve shmid 0, thread 377, pid 377, value 1

---- executor 0 config DFS: [S 03/25/2023 11:26:47] PVFS2 Server on node 192.168.0.7 version 2.9.7-orangefs-REV-65ab0d2 starting...

---- executor 0 config DFS: executor __sanitizer_cov_trace_pc: retrieve shmid 1, thread 378, pid 377, value 1

---- executor 0 config DFS: executor __sanitizer_cov_trace_pc: retrieve shmid 2, thread 379, pid 377, value 1

-----executor 2 collect shmids 2
----- directly resend shmid 2
---- executor 0 config DFS: destr_fn: before unspec_area == NULL, shmid 2, thread 379, pid 377

---- executor 0 config DFS: destr_fn: executor send back shm 0x7fffb265e000 shmid 2

---- executor 0 config DFS: destr_fn: before unspec_area == NULL, shmid 1, thread 378, pid 377

---- executor 0 config DFS: destr_fn: executor send back shm 0x7fffb26a7000 shmid 1

-----executor 2 collect shmids 1
----- directly resend shmid 1
---- executor 0 config DFS: [D 03/25/2023 11:26:47] PVFS2 Server: storage space created.

---- executor 0 config DFS: [D 03/25/2023 11:26:47] Exiting.

-----executor 2 collect shmids 0
----- directly resend shmid 0
---- executor 0 config DFS: proc_exit destr_fn

---- executor 0 config DFS: destr_fn: before unspec_area == NULL, shmid 0, thread 377, pid 377

---- executor 0 config DFS: call atexit in pid 380 tid 380

---- executor 0 config DFS: executor __sanitizer_cov_trace_pc: retrieve shmid 3, thread 380, pid 380, value 1

---- executor 0 config DFS: [S 03/25/2023 11:26:47] PVFS2 Server on node 192.168.0.7 version 2.9.7-orangefs-REV-65ab0d2 starting...

-----executor 2 collect shmids 3
----- directly resend shmid 3
---- executor 0 config DFS: Warning: Permanently added '192.168.0.8' (ECDSA) to the list of known hosts.

---- executor 0 config DFS: executor __sanitizer_cov_trace_pc: no pipe file

[D 03/25/2023 11:26:47] PVFS2 Server version 2.9.7-orangefs-REV-65ab0d2 starting.
req.flags ea2
----- executor 0 do_sandbox_none at begining
----- executor 0 do_sandbox_none before fork()
2023/03/25 12:26:48 ----- before executor 0 handshake recv reply &{0}
2023/03/25 12:26:48 ----- after executor 0 handshake recv reply &{195948557} at 16
2023/03/25 12:26:48 ----- handshake 0 finished <- nil
2023/03/25 12:26:48 ----- before executor 1 handshake recv reply &{195948557}
2023/03/25 12:26:48 ----- after executor 1 handshake recv reply &{195948557} at 16
2023/03/25 12:26:48 ----- handshake 1 finished <- nil
2023/03/25 12:26:48 ----- before executor 2 handshake recv reply &{195948557}
2023/03/25 12:26:48 ----- after executor 2 handshake recv reply &{195948557} at 16
2023/03/25 12:26:48 ----- handshake 2 finished <- nil
2023/03/25 12:26:48 ----- before executor 3 handshake recv reply &{195948557}
2023/03/25 12:26:48 ----- after executor 3 handshake recv reply &{195948557} at 16
2023/03/25 12:26:48 ----- handshake 3 finished <- nil
2023/03/25 12:26:48 ----- handshake timeout
2023/03/25 12:26:48 ----- handshake return
----- executor 3 receive testcase
executor 3: prog_data_offset 1336, prog_size 4752
-----finish removing dir
----- executor 2 receive testcase
executor 2: prog_data_offset 1328, prog_size 8
----- executor 1 receive testcase
executor 1: prog_data_offset 1320, prog_size 8
before receive testcase: 0 1
----- executor 0 receive testcase
executor 0: prog_data_offset 1312, prog_size 8
mkdir time 1228
executor 3 create dir /root/orangefs-client/dfs-0-0 successfully
current dir: executor 3: /root/orangefs-client/dfs-0-0
receive_execute: 1, 1229
executor 0 before execute_one
----- execute_one begin, executor 0 restarting execute_one 0, is_restarting 0
output_pos: 1, output_pos_value 1
executor 0, execute_one inner time: 0, 0, 0
execute_one time: 0, 0
receive_execute: 2357, 1233
executor 3 before execute_one
----- execute_one begin, executor 3 restarting execute_one 0, is_restarting 0
output_pos: 1, output_pos_value 1
cover_reset in execute_call
----- executor 3 write_call_output, size 0, pid 365, write pid:366
----- executor 3 executes write_coverage_signal cov->size 0, flag collect 0
----- executor 3 signal number : 0
----- completed 1
execute_one loop: 0, 0, 0
cover_reset in execute_call
----- executor 3 write_call_output, size 0, pid 365, write pid:366
----- executor 3 executes write_coverage_signal cov->size 0, flag collect 0
----- executor 3 signal number : 0
----- completed 2
execute_one loop: 0, 0, 0
cover_reset in execute_call
receive_execute: 2355, 1232
----- executor 3 write_call_output, size 0, pid 365, write pid:366
----- executor 3 executes write_coverage_signal cov->size 0, flag collect 0
----- executor 3 signal number : 0
----- completed 3
execute_one loop: 0, 0, 0
cover_reset in execute_call
----- executor 3 write_call_output, size 0, pid 365, write pid:366
----- executor 3 executes write_coverage_signal cov->size 0, flag collect 0
----- executor 3 signal number : 0
----- completed 4
execute_one loop: 0, 0, 1
cover_reset in execute_call
----- executor 3 write_call_output, size 0, pid 365, write pid:366
----- executor 3 executes write_coverage_signal cov->size 0, flag collect 0
----- executor 3 signal number : 0
----- completed 5
execute_one loop: 0, 0, 0
cover_reset in execute_call
receive_execute: 2303, 1229
----- executor 3 write_call_output, size 0, pid 365, write pid:366
----- executor 3 executes write_coverage_signal cov->size 0, flag collect 0
----- executor 3 signal number : 0
----- completed 6
execute_one loop: 0, 0, 0
cover_reset in execute_call
----- executor 3 write_call_output, size 0, pid 365, write pid:366
----- executor 3 executes write_coverage_signal cov->size 0, flag collect 0
----- executor 3 signal number : 0
----- completed 7
execute_one loop: 0, 0, 0
cover_reset in execute_call
----- executor 3 write_call_output, size 0, pid 365, write pid:366
----- executor 3 executes write_coverage_signal cov->size 0, flag collect 0
----- executor 3 signal number : 0
----- completed 8
execute_one loop: 0, 0, 0
executor 1 before execute_one
----- execute_one begin, executor 1 restarting execute_one 0, is_restarting 0
output_pos: 1, output_pos_value 1
executor 1, execute_one inner time: 0, 0, 0
execute_one time: 5, 0
cover_reset in execute_call
----- executor 3 write_call_output, size 0, pid 365, write pid:366
----- executor 3 executes write_coverage_signal cov->size 0, flag collect 0
----- executor 3 signal number : 0
----- completed 9
execute_one loop: 0, 0, 0
cover_reset in execute_call
----- executor 3 write_call_output, size 0, pid 365, write pid:366
----- executor 3 executes write_coverage_signal cov->size 0, flag collect 0
----- executor 3 signal number : 0
----- completed 10
execute_one loop: 0, 0, 0
cover_reset in execute_call
----- executor 3 write_call_output, size 0, pid 365, write pid:366
----- executor 3 executes write_coverage_signal cov->size 0, flag collect 0
----- executor 3 signal number : 0
----- completed 11
execute_one loop: 0, 0, 0
cover_reset in execute_call
----- executor 3 write_call_output, size 0, pid 365, write pid:366
----- executor 3 executes write_coverage_signal cov->size 0, flag collect 0
----- executor 3 signal number : 0
----- completed 12
execute_one loop: 0, 0, 1
cover_reset in execute_call
----- executor 3 write_call_output, size 0, pid 365, write pid:366
----- executor 3 executes write_coverage_signal cov->size 0, flag collect 0
----- executor 3 signal number : 0
----- completed 13
execute_one loop: 0, 0, 0
cover_reset in execute_call
----- executor 3 write_call_output, size 0, pid 365, write pid:366
----- executor 3 executes write_coverage_signal cov->size 0, flag collect 0
----- executor 3 signal number : 0
----- completed 14
execute_one loop: 0, 0, 0
cover_reset in execute_call
----- executor 3 write_call_output, size 0, pid 365, write pid:366
----- executor 3 executes write_coverage_signal cov->size 0, flag collect 0
----- executor 3 signal number : 0
----- completed 15
execute_one loop: 0, 0, 0
cover_reset in execute_call
----- executor 3 write_call_output, size 0, pid 365, write pid:366
----- executor 3 executes write_coverage_signal cov->size 0, flag collect 0
----- executor 3 signal number : 0
----- completed 16
execute_one loop: 0, 0, 0
cover_reset in execute_call
----- executor 3 write_call_output, size 0, pid 365, write pid:366
----- executor 3 executes write_coverage_signal cov->size 0, flag collect 0
----- executor 3 signal number : 0
----- completed 17
execute_one loop: 0, 0, 0
cover_reset in execute_call
----- executor 3 write_call_output, size 0, pid 365, write pid:366
----- executor 3 executes write_coverage_signal cov->size 0, flag collect 0
----- executor 3 signal number : 0
----- completed 18
execute_one loop: 0, 0, 0
cover_reset in execute_call
executor 2 before execute_one
----- execute_one begin, executor 2 restarting execute_one 0, is_restarting 0
output_pos: 1, output_pos_value 1
executor 2, execute_one inner time: 0, 0, 0
execute_one time: 3, 0
----- executor 3 write_call_output, size 0, pid 365, write pid:366
----- executor 3 executes write_coverage_signal cov->size 0, flag collect 0
----- executor 3 signal number : 0
----- completed 19
execute_one loop: 0, 0, 3
cover_reset in execute_call
----- executor 3 write_call_output, size 0, pid 365, write pid:366
----- executor 3 executes write_coverage_signal cov->size 0, flag collect 0
----- executor 3 signal number : 0
----- completed 20
execute_one loop: 0, 0, 0
cover_reset in execute_call
execute_one loop: 0, 0, 0
execute_one loop: 0, 0, 0
cover_reset in execute_call
cover_reset in execute_call
execute_one loop: 0, 0, 0
execute_one loop: 0, 0, 0
cover_reset in execute_call
cover_reset in execute_call
execute_one loop: 0, 0, 0
cover_reset in execute_call
execute_one loop: 0, 0, 0
cover_reset in execute_call
execute_one loop: 0, 0, 0
cover_reset in execute_call
execute_one loop: 0, 0, 0
cover_reset in execute_call
execute_one loop: 0, 0, 0
cover_reset in execute_call
execute_one loop: 0, 0, 0
cover_reset in execute_call
execute_one loop: 0, 0, 0
cover_reset in execute_call
execute_one loop: 0, 0, 0
cover_reset in execute_call
execute_one loop: 0, 0, 0
cover_reset in execute_call
execute_one loop: 0, 0, 0
cover_reset in execute_call
execute_one loop: 0, 0, 0
execute_one loop: 0, 1, 0
cover_reset in execute_call
cover_reset in execute_call
execute_one loop: 0, 0, 0
cover_reset in execute_call
execute_one loop: 0, 0, 0
cover_reset in execute_call
execute_one loop: 0, 0, 1
execute_one loop: 0, 0, 0
executor 3, execute_one inner time: 5, 2, 0
execute_one time: 0, 7
executor 0 write_server_output
----- executor 0 executes write_coverage_signal cov->size 32765, flag collect 0
executor 2 write_server_output
----- executor 2 executes write_coverage_signal cov->size 8200, flag collect 0
2023/03/25 12:26:49 for select break: 1
----- executor 2 signal number : 1417
----- executor 2 executes write_coverage_signal cov->size 3056, flag collect 0
----- executor 2 signal number : 316
----- executor 2 executes write_coverage_signal cov->size 984, flag collect 0
2023/03/25 12:26:49 --------- executor 3 receive reply, reply.done 1
----- executor 2 signal number : 289
----- executor 2 executes write_coverage_signal cov->size 852, flag collect 0
----- executor 2 signal number : 74
executor 2 server cover_cnt 4 output_pos_value 2109
----- executor 0 signal number : 641
----- executor 0 executes write_coverage_signal cov->size 412, flag collect 0
----- executor 0 signal number : 145
----- executor 0 executes write_coverage_signal cov->size 1476, flag collect 0
----- executor 0 signal number : 219
2023/03/25 12:26:49 for select break: 1
2023/03/25 12:26:49 --------- executor 1 receive reply, reply.done 1
executor 0 server cover_cnt 3 output_pos_value 1015
time breakdown 3: 3590, 8, 0
before receive testcase: 0 1
2023/03/25 12:26:49 for select break: 1
2023/03/25 12:26:49 --------- executor 2 receive reply, reply.done 1
time breakdown 2: 3588, 10, 0
before receive testcase: 0 0
2023/03/25 12:26:49 for select break: 1
2023/03/25 12:26:49 --------- executor 0 receive reply, reply.done 1
2023/03/25 12:26:49 wg wait finish
2023/03/25 12:26:49 ------ all executors finish execution
2023/03/25 12:26:49 exec time: 1243
2023/03/25 12:26:49 ----- PS len: 4
2023/03/25 12:26:49 [CLIENT] executor 3 has 20 replies
2023/03/25 12:26:49 fuzzer receive 0 signal and 0 cover from executor 3
2023/03/25 12:26:49 fuzzer receive 0 signal and 0 cover from executor 3
2023/03/25 12:26:49 fuzzer receive 0 signal and 0 cover from executor 3
2023/03/25 12:26:49 fuzzer receive 0 signal and 0 cover from executor 3
2023/03/25 12:26:49 fuzzer receive 0 signal and 0 cover from executor 3
2023/03/25 12:26:49 fuzzer receive 0 signal and 0 cover from executor 3
2023/03/25 12:26:49 fuzzer receive 0 signal and 0 cover from executor 3
2023/03/25 12:26:49 fuzzer receive 0 signal and 0 cover from executor 3
time breakdown 0: 1230, 14, 0
2023/03/25 12:26:49 fuzzer receive 0 signal and 0 cover from executor 3
2023/03/25 12:26:49 fuzzer receive 0 signal and 0 cover from executor 3
2023/03/25 12:26:49 fuzzer receive 0 signal and 0 cover from executor 3
2023/03/25 12:26:49 fuzzer receive 0 signal and 0 cover from executor 3
2023/03/25 12:26:49 fuzzer receive 0 signal and 0 cover from executor 3
2023/03/25 12:26:49 fuzzer receive 0 signal and 0 cover from executor 3
2023/03/25 12:26:49 fuzzer receive 0 signal and 0 cover from executor 3
2023/03/25 12:26:49 fuzzer receive 0 signal and 0 cover from executor 3
2023/03/25 12:26:49 fuzzer receive 0 signal and 0 cover from executor 3
2023/03/25 12:26:49 fuzzer receive 0 signal and 0 cover from executor 3
2023/03/25 12:26:49 fuzzer receive 0 signal and 0 cover from executor 3
2023/03/25 12:26:49 fuzzer receive 0 signal and 0 cover from executor 3
2023/03/25 12:26:49 [SERVER] executor 2 has 4 replies
2023/03/25 12:26:49 ------- fuzzer executor 2 receive 1417 signal and 0 cover from userspace component
2023/03/25 12:26:49 ------- fuzzer executor 2 receive 316 signal and 0 cover from userspace component
2023/03/25 12:26:49 ------- fuzzer executor 2 receive 289 signal and 0 cover from userspace component
2023/03/25 12:26:49 [SERVER] executor 0 has 3 replies
before receive testcase: 0 0
2023/03/25 12:26:49 ------- fuzzer executor 0 receive 641 signal and 0 cover from userspace component
2023/03/25 12:26:49 ------- fuzzer executor 2 receive 74 signal and 0 cover from userspace component
2023/03/25 12:26:49 ------- fuzzer executor 0 receive 145 signal and 0 cover from userspace component
2023/03/25 12:26:49 ------- fuzzer executor 0 receive 219 signal and 0 cover from userspace component
2023/03/25 12:26:49 [SERVER] executor 1 has 3 replies
2023/03/25 12:26:49 ------- fuzzer executor 1 receive 12 signal and 0 cover from userspace component
2023/03/25 12:26:49 ------- fuzzer executor 1 receive 143 signal and 0 cover from userspace component
2023/03/25 12:26:49 ------- fuzzer executor 1 receive 43 signal and 0 cover from userspace component
2023/03/25 12:26:49 fsMds: [map[] map[] map[] map[]]
2023/03/25 12:26:49 ----- no new client coverage: false, true
2023/03/25 12:26:49 ----- enqueue testcases with server coveraged
2023/03/25 12:26:49 prog length: 20
2023/03/25 12:26:49 HasCrashFail:false HasNetFail:false
12:26:49 ---executing program 0:
---
---
---
r0 = dup2(0xffffffffffffffff, 0xffffffffffffffff)
fcntl$setownex(r0, 0xf, &(0x7f0000000000)={0x1})
r1 = open(&(0x7f0000000040)='./file0\x00', 0x3bf03b7d37c0bcf6, 0x40)
write$binfmt_elf64(r1, &(0x7f0000000080)={{0x7f, 0x45, 0x4c, 0x46, 0x62, 0x0, 0x81, 0x1, 0x1, 0x2, 0x3e, 0xffff, 0x2d, 0x40, 0x1b8, 0x7ff, 0x101, 0x38, 0x2, 0x9, 0x6, 0xffff}, [{0x7, 0x1, 0x100000001, 0x8001, 0xea7, 0x8, 0x80, 0x1}], "3a528bfef36c9304b5c0d65ade25fad762235c0fe38d6e4b309912531f7de81bac45d1d329659083c41689015f997552b0e374e86ef2da6a1a753f91a8add58aff5f31d6cde8eea4790d00bbaa959d03d24d76c33ca9be8ffe66935b7d4bcf2ca03faaa81a9276608248f98ca014cbd70bb17e82b6b4b48adb86071c6092e95b3959feeaa6d721082b74d4b559257e0afcb303abbbc7da84b34f0c88216fff8a72b12238c0c0e40efb83d2778a3be975f75cb60720e4de2b5022bf44b06aec7357ebf24407a25a4bbcbd9a01b338929873956eaf684a51fde3642fe556d2905c89132bc2", ['\x00']}, 0x25c)
fremovexattr(0xffffffffffffffff, &(0x7f0000000300)=@random={'osx.', '\x00'})
r2 = dup2(r0, r1)
r3 = fcntl$dupfd(0xffffffffffffffff, 0x406, r2)
fcntl$setpipe(r3, 0x407, 0x7)
fremovexattr(r1, &(0x7f0000000340)=@known='trusted.syz\x00')
fstat(0xffffffffffffffff, &(0x7f0000000380))
fsetxattr$security_smack_transmute(r1, &(0x7f0000000400), &(0x7f0000000440), 0x4, 0x2)
r4 = dup(r1)
r5 = openat(r1, &(0x7f0000000480)='./file1\x00', 0x200100, 0x102)
linkat(r5, &(0x7f00000004c0)='./file0\x00', r4, &(0x7f0000000500)='./file0/file0\x00', 0x1800)
fcntl$setpipe(r1, 0x407, 0x1)
ftruncate(r5, 0x4)
r6 = fcntl$getown(0xffffffffffffffff, 0x9)
fcntl$setownex(0xffffffffffffffff, 0xf, &(0x7f0000000540)={0x0, r6})
r7 = open(&(0x7f0000000580)='./file1\x00', 0x10002, 0x21)
fsetxattr$smack_xattr_label(r7, &(0x7f00000005c0)='security.SMACK64EXEC\x00', &(0x7f0000000600)={'(.{'}, 0x4, 0x1)
---

end of program
----- executor 0 receive testcase
executor 0: prog_data_offset 1312, prog_size 8
----- executor 3 receive testcase
executor 3: prog_data_offset 1336, prog_size 4752
remove dir: /root/orangefs-client/dfs-0-0
executor 1 write_server_output
----- executor 1 executes write_coverage_signal cov->size 12, flag collect 0
----- executor 1 signal number : 12
----- executor 1 executes write_coverage_signal cov->size 206, flag collect 0
----- executor 1 signal number : 143
----- executor 1 executes write_coverage_signal cov->size 54, flag collect 0
----- executor 1 signal number : 43
executor 1 server cover_cnt 3 output_pos_value 208
time breakdown 1: 3532, 14, 0
before receive testcase: 0 0
----- executor 1 receive testcase
executor 1: prog_data_offset 1320, prog_size 8
----- executor 2 receive testcase
executor 2: prog_data_offset 1328, prog_size 8
remove dir time 685
-----finish removing dir
mkdir time 346
executor 3 create dir /root/orangefs-client/dfs-0-1 successfully
current dir: executor 3: /root/orangefs-client/dfs-0-1
receive_execute: 2, 1031
receive_execute: 1, 1031
receive_execute: 2, 1032
executor 2 before execute_one
----- execute_one begin, executor 2 restarting execute_one 0, is_restarting 0
output_pos: 1, output_pos_value 1
executor 2, execute_one inner time: 0, 0, 0
execute_one time: 1, 0
executor 1 before execute_one
----- execute_one begin, executor 1 restarting execute_one 0, is_restarting 0
output_pos: 1, output_pos_value 1
executor 1, execute_one inner time: 0, 0, 0
execute_one time: 0, 0
executor 3 before execute_one
----- execute_one begin, executor 3 restarting execute_one 0, is_restarting 0
output_pos: 1, output_pos_value 1
receive_execute: 1, 1031
cover_reset in execute_call
----- executor 3 write_call_output, size 0, pid 368, write pid:369
----- executor 3 executes write_coverage_signal cov->size 0, flag collect 1
----- executor 3 cover number : 0, signal number : 0
----- completed 1
execute_one loop: 0, 0, 0
executor 0 before execute_one
----- execute_one begin, executor 0 restarting execute_one 0, is_restarting 0
output_pos: 1, output_pos_value 1
executor 0, execute_one inner time: 0, 0, 0
execute_one time: 2, 0
cover_reset in execute_call
----- executor 3 write_call_output, size 0, pid 368, write pid:369
----- executor 3 executes write_coverage_signal cov->size 0, flag collect 1
----- executor 3 cover number : 0, signal number : 0
----- completed 2
execute_one loop: 0, 0, 0
cover_reset in execute_call
----- executor 3 write_call_output, size 0, pid 368, write pid:369
----- executor 3 executes write_coverage_signal cov->size 0, flag collect 1
----- executor 3 cover number : 0, signal number : 0
----- completed 3
execute_one loop: 0, 0, 0
cover_reset in execute_call
----- executor 3 write_call_output, size 0, pid 368, write pid:369
----- executor 3 executes write_coverage_signal cov->size 0, flag collect 1
----- executor 3 cover number : 0, signal number : 0
----- completed 4
execute_one loop: 0, 0, 1
cover_reset in execute_call
----- executor 3 write_call_output, size 0, pid 368, write pid:369
----- executor 3 executes write_coverage_signal cov->size 0, flag collect 1
----- executor 3 cover number : 0, signal number : 0
----- completed 5
execute_one loop: 0, 0, 0
cover_reset in execute_call
----- executor 3 write_call_output, size 0, pid 368, write pid:369
----- executor 3 executes write_coverage_signal cov->size 0, flag collect 1
----- executor 3 cover number : 0, signal number : 0
----- completed 6
execute_one loop: 0, 0, 1
cover_reset in execute_call
----- executor 3 write_call_output, size 0, pid 368, write pid:369
----- executor 3 executes write_coverage_signal cov->size 0, flag collect 1
----- executor 3 cover number : 0, signal number : 0
----- completed 7
execute_one loop: 0, 0, 0
cover_reset in execute_call
----- executor 3 write_call_output, size 0, pid 368, write pid:369
----- executor 3 executes write_coverage_signal cov->size 0, flag collect 1
----- executor 3 cover number : 0, signal number : 0
----- completed 8
execute_one loop: 0, 0, 1
cover_reset in execute_call
----- executor 3 write_call_output, size 0, pid 368, write pid:369
----- executor 3 executes write_coverage_signal cov->size 0, flag collect 1
----- executor 3 cover number : 0, signal number : 0
----- completed 9
execute_one loop: 0, 0, 0
cover_reset in execute_call
----- executor 3 write_call_output, size 0, pid 368, write pid:369
----- executor 3 executes write_coverage_signal cov->size 0, flag collect 1
----- executor 3 cover number : 0, signal number : 0
----- completed 10
execute_one loop: 0, 0, 0
cover_reset in execute_call
----- executor 3 write_call_output, size 0, pid 368, write pid:369
----- executor 3 executes write_coverage_signal cov->size 0, flag collect 1
----- executor 3 cover number : 0, signal number : 0
----- completed 11
execute_one loop: 0, 0, 0
cover_reset in execute_call
----- executor 3 write_call_output, size 0, pid 368, write pid:369
----- executor 3 executes write_coverage_signal cov->size 0, flag collect 1
----- executor 3 cover number : 0, signal number : 0
----- completed 12
execute_one loop: 0, 0, 0
cover_reset in execute_call
----- executor 3 write_call_output, size 0, pid 368, write pid:369
----- executor 3 executes write_coverage_signal cov->size 0, flag collect 1
----- executor 3 cover number : 0, signal number : 0
----- completed 13
execute_one loop: 0, 0, 0
cover_reset in execute_call
----- executor 3 write_call_output, size 0, pid 368, write pid:369
----- executor 3 executes write_coverage_signal cov->size 0, flag collect 1
----- executor 3 cover number : 0, signal number : 0
----- completed 14
execute_one loop: 0, 0, 0
cover_reset in execute_call
----- executor 3 write_call_output, size 0, pid 368, write pid:369
----- executor 3 executes write_coverage_signal cov->size 0, flag collect 1
----- executor 3 cover number : 0, signal number : 0
----- completed 15
execute_one loop: 0, 0, 0
cover_reset in execute_call
----- executor 3 write_call_output, size 0, pid 368, write pid:369
----- executor 3 executes write_coverage_signal cov->size 0, flag collect 1
----- executor 3 cover number : 0, signal number : 0
----- completed 16
execute_one loop: 0, 0, 0
cover_reset in execute_call
----- executor 3 write_call_output, size 0, pid 368, write pid:369
----- executor 3 executes write_coverage_signal cov->size 0, flag collect 1
----- executor 3 cover number : 0, signal number : 0
----- completed 17
execute_one loop: 0, 0, 0
cover_reset in execute_call
----- executor 3 write_call_output, size 0, pid 368, write pid:369
----- executor 3 executes write_coverage_signal cov->size 0, flag collect 1
----- executor 3 cover number : 0, signal number : 0
----- completed 18
execute_one loop: 0, 0, 0
cover_reset in execute_call
execute_one loop: 0, 0, 51
cover_reset in execute_call
----- executor 3 write_call_output, size 0, pid 368, write pid:370
----- executor 3 executes write_coverage_signal cov->size 0, flag collect 1
----- executor 3 cover number : 0, signal number : 0
----- completed 19
execute_one loop: 0, 0, 0
2023/03/25 12:26:50 for select break: 1
2023/03/25 12:26:50 --------- executor 3 receive reply, reply.done 1
executor 1 write_server_output
executor 0 write_server_output
----- executor 0 executes write_coverage_signal cov->size 72, flag collect 1
----- executor 0 cover number : 12, signal number : 13
----- executor 0 executes write_coverage_signal cov->size 1236, flag collect 1
----- executor 1 executes write_coverage_signal cov->size 4184, flag collect 1
executor 2 write_server_output
----- executor 2 executes write_coverage_signal cov->size 84, flag collect 1
----- executor 2 cover number : 12, signal number : 13
----- executor 2 executes write_coverage_signal cov->size 1236, flag collect 1
----- executor 2 cover number : 116, signal number : 143
----- executor 2 executes write_coverage_signal cov->size 378, flag collect 1
----- executor 2 cover number : 41, signal number : 44
----- executor 0 cover number : 116, signal number : 143
----- executor 0 executes write_coverage_signal cov->size 324, flag collect 1
----- executor 0 cover number : 41, signal number : 44
executor 0 server cover_cnt 3 output_pos_value 379
executor 2 server cover_cnt 3 output_pos_value 379
----- executor 1 cover number : 1199, signal number : 1410
----- executor 1 executes write_coverage_signal cov->size 32765, flag collect 1
2023/03/25 12:26:50 for select break: 1
2023/03/25 12:26:50 --------- executor 2 receive reply, reply.done 1
time breakdown 2: 1032, 71, 0
before receive testcase: 0 0
2023/03/25 12:26:50 for select break: 1
2023/03/25 12:26:50 --------- executor 0 receive reply, reply.done 1
time breakdown 0: 1032, 71, 0
----- executor 3 write_call_output, size 7057, pid 368, write pid:369
----- executor 3 executes write_coverage_signal cov->size 7057, flag collect 1
----- executor 3 cover number : 1760, signal number : 2074
----- completed 20
executor 3, execute_one inner time: 0, 54, 13
execute_one time: 0, 68
time breakdown 3: 1034, 69, 0
before receive testcase: 0 0
before receive testcase: 0 0
----- executor 1 cover number : 577, signal number : 643
----- executor 1 executes write_coverage_signal cov->size 1831, flag collect 1
----- executor 1 cover number : 284, signal number : 290
----- executor 1 executes write_coverage_signal cov->size 8267, flag collect 1
----- executor 1 cover number : 206, signal number : 156
executor 1 server cover_cnt 4 output_pos_value 4778
2023/03/25 12:26:50 for select break: 1
2023/03/25 12:26:50 --------- executor 1 receive reply, reply.done 1
2023/03/25 12:26:50 wg wait finish
2023/03/25 12:26:50 ------ all executors finish execution
2023/03/25 12:26:50 exec time: 1110
2023/03/25 12:26:50 ----- PS len: 4
2023/03/25 12:26:50 [CLIENT] executor 3 has 20 replies
2023/03/25 12:26:50 fuzzer receive 0 signal and 0 cover from executor 3
2023/03/25 12:26:50 fuzzer receive 0 signal and 0 cover from executor 3
2023/03/25 12:26:50 fuzzer receive 0 signal and 0 cover from executor 3
2023/03/25 12:26:50 fuzzer receive 0 signal and 0 cover from executor 3
2023/03/25 12:26:50 fuzzer receive 0 signal and 0 cover from executor 3
2023/03/25 12:26:50 fuzzer receive 0 signal and 0 cover from executor 3
2023/03/25 12:26:50 fuzzer receive 0 signal and 0 cover from executor 3
2023/03/25 12:26:50 fuzzer receive 0 signal and 0 cover from executor 3
2023/03/25 12:26:50 fuzzer receive 0 signal and 0 cover from executor 3
2023/03/25 12:26:50 fuzzer receive 0 signal and 0 cover from executor 3
2023/03/25 12:26:50 fuzzer receive 0 signal and 0 cover from executor 3
2023/03/25 12:26:50 fuzzer receive 0 signal and 0 cover from executor 3
2023/03/25 12:26:50 fuzzer receive 0 signal and 0 cover from executor 3
2023/03/25 12:26:50 fuzzer receive 0 signal and 0 cover from executor 3
2023/03/25 12:26:50 fuzzer receive 0 signal and 0 cover from executor 3
2023/03/25 12:26:50 fuzzer receive 0 signal and 0 cover from executor 3
2023/03/25 12:26:50 fuzzer receive 0 signal and 0 cover from executor 3
2023/03/25 12:26:50 fuzzer receive 0 signal and 0 cover from executor 3
2023/03/25 12:26:50 fuzzer receive 0 signal and 0 cover from executor 3
2023/03/25 12:26:50 fuzzer receive 2074 signal and 1760 cover from executor 3
2023/03/25 12:26:50 [SERVER] executor 0 has 3 replies
2023/03/25 12:26:50 ------- fuzzer executor 0 receive 13 signal and 12 cover from userspace component
2023/03/25 12:26:50 ------- fuzzer executor 0 receive 143 signal and 116 cover from userspace component
2023/03/25 12:26:50 ------- fuzzer executor 0 receive 44 signal and 41 cover from userspace component
2023/03/25 12:26:50 [SERVER] executor 2 has 3 replies
2023/03/25 12:26:50 ------- fuzzer executor 2 receive 13 signal and 12 cover from userspace component
2023/03/25 12:26:50 ------- fuzzer executor 2 receive 143 signal and 116 cover from userspace component
2023/03/25 12:26:50 [SERVER] executor 1 has 4 replies
2023/03/25 12:26:50 ------- fuzzer executor 1 receive 1410 signal and 1199 cover from userspace component
2023/03/25 12:26:50 ------- fuzzer executor 2 receive 44 signal and 41 cover from userspace component
2023/03/25 12:26:50 ------- fuzzer executor 1 receive 643 signal and 577 cover from userspace component
2023/03/25 12:26:50 ------- fuzzer executor 1 receive 290 signal and 284 cover from userspace component
2023/03/25 12:26:50 ------- fuzzer executor 1 receive 156 signal and 206 cover from userspace component
2023/03/25 12:26:50 fsMds: [map[] map[] map[] map[]]
2023/03/25 12:26:50 ----- triage return due to empty signal extra
2023/03/25 12:26:50 mutate testcase with failures
2023/03/25 12:26:50 ----- insertCall()
2023/03/25 12:26:50 ----- insertCall()
2023/03/25 12:26:50 ----- insertCall()
2023/03/25 12:26:50 ----- insertCall()
2023/03/25 12:26:50 ----- mutateArg()
2023/03/25 12:26:50 ----- mutateArg()
2023/03/25 12:26:50 ----- insertCall()
2023/03/25 12:26:50 ----- insertCall()
2023/03/25 12:26:50 ----- insertCall()
2023/03/25 12:26:50 ----- mutateArg()
2023/03/25 12:26:50 HasCrashFail: true, .HasNetFail: false
2023/03/25 12:26:50 disable threaded and collide
2023/03/25 12:26:50 prog length: 6
2023/03/25 12:26:50 prog length: 22
2023/03/25 12:26:50 HasCrashFail:true HasNetFail:false
12:26:50 ---executing program 0:
---
syz_failure_recv(0x0)
syz_failure_down()
syz_failure_send(0x0)
syz_failure_recv(0x1)
syz_failure_up()
syz_failure_send(0x1)
---
---
sendfile(0xffffffffffffffff, 0xffffffffffffffff, &(0x7f0000000000)=0x1, 0x1)
r0 = dup(0xffffffffffffffff)
r1 = dup(0xffffffffffffffff)
sendfile(r0, r1, &(0x7f0000000040)=0x9d, 0x8)
fdatasync(r0)
pread64(r0, &(0x7f0000000080)=""/11, 0xb, 0x6)
r2 = open$dir(&(0x7f00000000c0)='./file0\x00', 0x60803, 0x18)
faccessat(r2, &(0x7f0000000100)='./file0\x00', 0x20)
getdents64(r2, &(0x7f0000000140)=""/227, 0xe3)
r3 = dup2(r2, r2)
r4 = dup(r3)
syz_failure_sync(0x0, 0x3)
write$binfmt_script(r3, &(0x7f0000000240)={'#! ', './file0', [{0x20, '#'}, {0x20, ']'}, {0x20, '+'}], 0xa, "38b5ecf63cceb0b2e26ea32afc733f89a23950c69de18da6bf6df08ab5ada1d196e80ea92e8aa4248e0cb686bb8946c785810a6991639fe8969c3d6983a0d0f1f3f0f085eb7306c18a70"}, 0x5b)
fcntl$setownex(r4, 0xf, &(0x7f00000002c0)={0x1, 0xffffffffffffffff})
fremovexattr(0xffffffffffffffff, &(0x7f0000000300)=@known='trusted.overlay.impure\x00')
r5 = dup2(r4, 0xffffffffffffffff)
syz_failure_sync(0x1, 0x3)
ftruncate(r5, 0x3)
mkdirat(r2, &(0x7f0000000340)='./file0\x00', 0x18b)
fsetxattr$security_ima(r1, &(0x7f0000000380), &(0x7f00000003c0)=@v2={0x6, 0x2, 0xc, 0x992029, 0x2b, "f9167ac8c4f364f2702f1e796f681ff1b78a178b87f2ca3def8d769b7d78932ce5ace59b17b99126973355"}, 0x34, 0x2)
fstat(r1, &(0x7f00000004c0)={0x0, 0x0, 0x0, 0x0, 0x0, <r6=>0x0})
fsetxattr$system_posix_acl(r0, &(0x7f0000000400)='system.posix_acl_default\x00', &(0x7f0000000640)={{}, {0x1, 0x1}, [{0x2, 0x5, 0xee00}, {0x2, 0x1}], {0x4, 0x4}, [{0x8, 0x0, r6}, {0x8, 0x5}, {0x8, 0x5, 0xee01}, {}], {0x10, 0x1}}, 0x54, 0x3)
---

end of program
----- executor 0 receive testcase
executor 0: prog_data_offset 1312, prog_size 8
----- executor 3 receive testcase
----- executor 2 receive testcase
executor 2: prog_data_offset 1568, prog_size 8
executor 3: prog_data_offset 1576, prog_size 4832
remove dir: /root/orangefs-client/dfs-0-1
time breakdown 1: 1033, 78, 0
before receive testcase: 0 1
----- executor 1 receive testcase
executor 1: prog_data_offset 1320, prog_size 248
remove dir time 227
-----finish removing dir
mkdir time 30
executor 3 create dir /root/orangefs-client/dfs-0-2 successfully
current dir: executor 3: /root/orangefs-client/dfs-0-2
receive_execute: 2, 257
executor 1 before execute_one
----- execute_one begin, executor 1 restarting execute_one 0, is_restarting 0
output_pos: 1, output_pos_value 1
receive_execute: 10, 257
executor 2 before execute_one
----- execute_one begin, executor 2 restarting execute_one 0, is_restarting 0
output_pos: 1, output_pos_value 1
executor 2, execute_one inner time: 0, 0, 0
execute_one time: 0, 0
receive_execute: 9, 257
receive_execute: 11, 258
executor 0 before execute_one
----- execute_one begin, executor 0 restarting execute_one 0, is_restarting 0
output_pos: 1, output_pos_value 1
executor 0, execute_one inner time: 0, 0, 0
execute_one time: 1, 0
executor 3 before execute_one
----- execute_one begin, executor 3 restarting execute_one 0, is_restarting 0
output_pos: 1, output_pos_value 1
cover_reset in execute_call
----- executor 3 write_call_output, size 0, pid 371, write pid:371
----- executor 3 executes write_coverage_signal cov->size 0, flag collect 0
----- executor 3 signal number : 0
----- completed 1
execute_call 0, 0, 0, 0
execute_one loop: 0, 0, 0
cover_reset in execute_call
----- executor 3 write_call_output, size 0, pid 371, write pid:371
----- executor 3 executes write_coverage_signal cov->size 0, flag collect 0
----- executor 3 signal number : 0
----- completed 2
execute_call 0, 0, 0, 0
execute_one loop: 0, 0, 0
cover_reset in execute_call
----- executor 3 write_call_output, size 0, pid 371, write pid:371
----- executor 3 executes write_coverage_signal cov->size 0, flag collect 0
----- executor 3 signal number : 0
----- completed 3
execute_call 0, 0, 0, 0
execute_one loop: 0, 0, 0
cover_reset in execute_call
----- executor 3 write_call_output, size 0, pid 371, write pid:371
----- executor 3 executes write_coverage_signal cov->size 0, flag collect 0
----- executor 3 signal number : 0
----- completed 4
execute_call 0, 0, 0, 0
execute_one loop: 0, 0, 0
cover_reset in execute_call
----- executor 3 write_call_output, size 0, pid 371, write pid:371
----- executor 3 executes write_coverage_signal cov->size 0, flag collect 0
----- executor 3 signal number : 0
----- completed 5
execute_call 0, 0, 0, 0
execute_one loop: 0, 0, 0
cover_reset in execute_call
----- executor 3 write_call_output, size 0, pid 371, write pid:371
----- executor 3 executes write_coverage_signal cov->size 0, flag collect 0
----- executor 3 signal number : 0
----- completed 6
execute_call 0, 0, 0, 0
execute_one loop: 0, 0, 0
cover_reset in execute_call
----- executor 3 write_call_output, size 5843, pid 371, write pid:371
----- executor 3 executes write_coverage_signal cov->size 5843, flag collect 0
----- executor 3 signal number : 2059
----- completed 7
execute_call 0, 2, 0, 0
execute_one loop: 0, 0, 2
cover_reset in execute_call
----- executor 3 write_call_output, size 0, pid 371, write pid:371
----- executor 3 executes write_coverage_signal cov->size 0, flag collect 0
----- executor 3 signal number : 0
----- completed 8
execute_call 0, 0, 0, 0
execute_one loop: 0, 0, 0
cover_reset in execute_call
----- executor 3 write_call_output, size 0, pid 371, write pid:371
----- executor 3 executes write_coverage_signal cov->size 0, flag collect 0
----- executor 3 signal number : 0
----- completed 9
execute_call 0, 0, 0, 0
execute_one loop: 0, 0, 0
cover_reset in execute_call
----- executor 3 write_call_output, size 0, pid 371, write pid:371
----- executor 3 executes write_coverage_signal cov->size 0, flag collect 0
----- executor 3 signal number : 0
----- completed 10
execute_call 0, 0, 0, 0
execute_one loop: 0, 0, 0
cover_reset in execute_call
----- executor 3 write_call_output, size 0, pid 371, write pid:371
----- executor 3 executes write_coverage_signal cov->size 0, flag collect 0
----- executor 3 signal number : 0
----- completed 11
execute_call 0, 0, 0, 0
execute_one loop: 0, 0, 0
cover_reset in execute_call
executor 3 waits for recv msg
execute_call 0, 3, 0, 0
execute_one loop: 0, 0, 4
executor 1 write_server_output
executor 1 server cover_cnt 0 output_pos_value 1
execute_call 0, 17, 0, 0
execute_one loop: 0, 0, 17
execute_call 0, 0, 0, 0
execute_one loop: 0, 0, 0
execute_call 0, 1, 0, 0
execute_one loop: 0, 0, 1
----- executor 3 write_call_output, size 0, pid 371, write pid:371
----- executor 3 executes write_coverage_signal cov->size 0, flag collect 0
----- executor 3 signal number : 0
----- completed 12
execute_call 0, 18, 0, 0
execute_one loop: 0, 0, 18
cover_reset in execute_call
----- executor 3 write_call_output, size 0, pid 371, write pid:371
----- executor 3 executes write_coverage_signal cov->size 0, flag collect 0
----- executor 3 signal number : 0
----- completed 13
execute_call 0, 0, 0, 0
execute_one loop: 0, 0, 0
cover_reset in execute_call
----- executor 3 write_call_output, size 0, pid 371, write pid:371
----- executor 3 executes write_coverage_signal cov->size 0, flag collect 0
----- executor 3 signal number : 0
----- completed 14
execute_call 0, 0, 0, 0
execute_one loop: 0, 0, 0
cover_reset in execute_call
----- executor 3 write_call_output, size 0, pid 371, write pid:371
----- executor 3 executes write_coverage_signal cov->size 0, flag collect 0
----- executor 3 signal number : 0
----- completed 15
execute_call 0, 0, 0, 0
execute_one loop: 0, 0, 0
cover_reset in execute_call
----- executor 3 write_call_output, size 0, pid 371, write pid:371
----- executor 3 executes write_coverage_signal cov->size 0, flag collect 0
----- executor 3 signal number : 0
----- completed 16
execute_call 0, 0, 0, 0
execute_one loop: 0, 0, 0
cover_reset in execute_call
executor 3 waits for recv msg
----------executor 1 debug cmd (/root/orangefs-node-up.sh 192.168.0.5 3 1 1 2>&1): call atexit in pid 399 tid 399

----------executor 1 debug cmd (/root/orangefs-node-up.sh 192.168.0.5 3 1 1 2>&1): executor __sanitizer_cov_trace_pc: retrieve shmid 0, thread 399, pid 399, value 1

----------executor 1 debug cmd (/root/orangefs-node-up.sh 192.168.0.5 3 1 1 2>&1): [S 03/25/2023 11:26:50] PVFS2 Server on node 192.168.0.5 version 2.9.7-orangefs-REV-65ab0d2 starting...

-----executor 1 collect shmids 6
----- directly resend shmid 6
-----executor 1 collect shmids 7
----- directly resend shmid 7
-----executor 1 collect shmids 5
----- directly resend shmid 5
-----executor 1 collect shmids 4
----- directly resend shmid 4
-----executor 1 collect shmids 3
----- directly resend shmid 3
-----executor 1 collect shmids 0
----- directly resend shmid 0
----- executor 3 write_call_output, size 0, pid 371, write pid:371
----- executor 3 executes write_coverage_signal cov->size 0, flag collect 0
----- executor 3 signal number : 0
----- completed 17
execute_call 0, 18, 0, 0
execute_one loop: 0, 0, 18
cover_reset in execute_call
----- executor 3 write_call_output, size 0, pid 371, write pid:371
----- executor 3 executes write_coverage_signal cov->size 0, flag collect 0
----- executor 3 signal number : 0
----- completed 18
execute_call 0, 0, 0, 0
execute_one loop: 0, 0, 0
cover_reset in execute_call
----- executor 3 write_call_output, size 0, pid 371, write pid:371
----- executor 3 executes write_coverage_signal cov->size 0, flag collect 0
----- executor 3 signal number : 0
----- completed 19
execute_call 0, 0, 0, 0
execute_one loop: 0, 0, 0
cover_reset in execute_call
----- executor 3 write_call_output, size 0, pid 371, write pid:371
----- executor 3 executes write_coverage_signal cov->size 0, flag collect 0
----- executor 3 signal number : 0
----- completed 20
execute_call 0, 0, 0, 0
execute_one loop: 0, 0, 0
cover_reset in execute_call
----- executor 3 write_call_output, size 0, pid 371, write pid:371
----- executor 3 executes write_coverage_signal cov->size 0, flag collect 0
----- executor 3 signal number : 0
----- completed 21
execute_call 0, 0, 0, 0
execute_one loop: 0, 0, 0
cover_reset in execute_call
----- executor 3 write_call_output, size 0, pid 371, write pid:371
----- executor 3 executes write_coverage_signal cov->size 0, flag collect 0
----- executor 3 signal number : 0
----- completed 22
execute_call 0, 0, 0, 0
execute_one loop: 0, 0, 0
executor 3, execute_one inner time: 0, 38, 0
execute_one time: 1, 38
2023/03/25 12:26:50 for select break: 1
2023/03/25 12:26:50 --------- executor 3 receive reply, reply.done 1
time breakdown 3: 269, 40, 0
executor 0 write_server_output
----- executor 0 executes write_coverage_signal cov->size 4099, flag collect 0
executor 2 write_server_output
----- executor 2 executes write_coverage_signal cov->size 48, flag collect 0
----- executor 2 signal number : 13
----- executor 2 executes write_coverage_signal cov->size 1321, flag collect 0
----- executor 2 signal number : 349
----- executor 2 executes write_coverage_signal cov->size 216, flag collect 0
----- executor 2 signal number : 44
----- executor 0 signal number : 1408
----- executor 0 executes write_coverage_signal cov->size 1564, flag collect 0
----- executor 0 signal number : 316
----- executor 0 executes write_coverage_signal cov->size 1716, flag collect 0
----- executor 0 signal number : 394
----- executor 0 executes write_coverage_signal cov->size 561, flag collect 0
----- executor 0 signal number : 75
executor 2 server cover_cnt 3 output_pos_value 416
executor 0 server cover_cnt 4 output_pos_value 2206
2023/03/25 12:26:50 for select break: 1
execute_call 0, 17, 0, 0
execute_one loop: 0, 0, 17
execute_call 0, 0, 0, 0
execute_one loop: 0, 0, 0
executor 1, execute_one inner time: 0, 39, 0
execute_one time: 1, 39
executor 1 write_server_output
----- executor 1 executes write_coverage_signal cov->size 32765, flag collect 0
----- executor 1 signal number : 899
----- executor 1 executes write_coverage_signal cov->size 32765, flag collect 0
----- executor 1 signal number : 747
----- executor 1 executes write_coverage_signal cov->size 36, flag collect 0
----- executor 1 signal number : 18
----- executor 1 executes write_coverage_signal cov->size 463, flag collect 0
----- executor 1 signal number : 145
----- executor 1 executes write_coverage_signal cov->size 126, flag collect 0
----- executor 1 signal number : 27
executor 1 server cover_cnt 5 output_pos_value 1852
2023/03/25 12:26:50 --------- executor 2 receive reply, reply.done 1
2023/03/25 12:26:50 for select break: 1
2023/03/25 12:26:50 --------- executor 1 receive reply, reply.done 1
2023/03/25 12:26:50 for select break: 1
2023/03/25 12:26:50 --------- executor 0 receive reply, reply.done 1
2023/03/25 12:26:50 wg wait finish
2023/03/25 12:26:50 ------ all executors finish execution
2023/03/25 12:26:50 exec time: 300
2023/03/25 12:26:50 ----- PS len: 4
2023/03/25 12:26:50 [SERVER] executor 0 has 4 replies
2023/03/25 12:26:50 [SERVER] executor 1 has 5 replies
2023/03/25 12:26:50 ------- fuzzer executor 0 receive 1408 signal and 0 cover from userspace component
2023/03/25 12:26:50 [SERVER] executor 2 has 3 replies
2023/03/25 12:26:50 ------- fuzzer executor 2 receive 13 signal and 0 cover from userspace component
2023/03/25 12:26:50 ------- fuzzer executor 2 receive 349 signal and 0 cover from userspace component
2023/03/25 12:26:50 ------- fuzzer executor 2 receive 44 signal and 0 cover from userspace component
2023/03/25 12:26:50 ------- fuzzer executor 0 receive 316 signal and 0 cover from userspace component
2023/03/25 12:26:50 ------- fuzzer executor 0 receive 394 signal and 0 cover from userspace component
2023/03/25 12:26:50 ------- fuzzer executor 0 receive 75 signal and 0 cover from userspace component
2023/03/25 12:26:50 [CLIENT] executor 3 has 22 replies
2023/03/25 12:26:50 fuzzer receive 0 signal and 0 cover from executor 3
2023/03/25 12:26:50 fuzzer receive 0 signal and 0 cover from executor 3
2023/03/25 12:26:50 fuzzer receive 0 signal and 0 cover from executor 3
2023/03/25 12:26:50 fuzzer receive 0 signal and 0 cover from executor 3
2023/03/25 12:26:50 fuzzer receive 0 signal and 0 cover from executor 3
