2023/03/25 17:15:26 fuzzer started
2023/03/25 17:15:27 dialing manager at localhost:40537
2023/03/25 17:15:27 syscalls: 130
2023/03/25 17:15:27 code coverage: enabled
2023/03/25 17:15:27 comparison tracing: enabled
2023/03/25 17:15:27 extra coverage: enabled
2023/03/25 17:15:27 setuid sandbox: enabled
2023/03/25 17:15:27 namespace sandbox: /proc/self/ns/user does not exist
2023/03/25 17:15:27 Android sandbox: /sys/fs/selinux/policy can't be opened (open /sys/fs/selinux/policy: invalid argument)
2023/03/25 17:15:27 fault injection: CONFIG_FAULT_INJECTION_DEBUG_FS or CONFIG_FAILSLAB are not enabled
2023/03/25 17:15:27 leak checking: CONFIG_DEBUG_KMEMLEAK is not enabled
2023/03/25 17:15:27 net packet injection: /dev/net/tun does not exist
2023/03/25 17:15:27 net device setup: enabled
2023/03/25 17:15:27 concurrency sanitizer: /sys/kernel/debug/kcsan does not exist
2023/03/25 17:15:27 devlink PCI setup: enabled
2023/03/25 17:15:27 USB emulation: /dev/raw-gadget does not exist
2023/03/25 17:15:27 hci packet injection: /dev/vhci does not exist
2023/03/25 17:15:27 wifi device emulation: /sys/class/mac80211_hwsim/ does not exist
2023/03/25 17:15:27 802.15.4 emulation: /sys/bus/platform/devices/mac802154_hwsim does not exist
2023/03/25 17:15:27 deserializeInput: hasCrash true hasNet false
2023/03/25 17:15:27 prog length: 6
2023/03/25 17:15:27 prog length: 20
2023/03/25 17:15:27 deserializeInput: hasCrash true hasNet false
2023/03/25 17:15:27 prog length: 6
2023/03/25 17:15:27 prog length: 4
2023/03/25 17:15:27 deserializeInput: hasCrash true hasNet false
2023/03/25 17:15:27 prog length: 6
2023/03/25 17:15:27 prog length: 9
2023/03/25 17:15:27 deserializeInput: hasCrash true hasNet false
2023/03/25 17:15:27 prog length: 6
2023/03/25 17:15:27 prog length: 17
2023/03/25 17:15:27 deserializeInput: hasCrash true hasNet false
2023/03/25 17:15:27 prog length: 6
2023/03/25 17:15:27 prog length: 17
2023/03/25 17:15:27 deserializeInput: hasCrash true hasNet false
2023/03/25 17:15:27 prog length: 6
2023/03/25 17:15:27 prog length: 9
2023/03/25 17:15:27 deserializeInput: hasCrash true hasNet false
2023/03/25 17:15:27 prog length: 6
2023/03/25 17:15:27 prog length: 9
2023/03/25 17:15:27 deserializeInput: hasCrash true hasNet false
2023/03/25 17:15:27 prog length: 6
2023/03/25 17:15:27 prog length: 22
2023/03/25 17:15:27 deserializeInput: hasCrash true hasNet false
2023/03/25 17:15:27 prog length: 6
2023/03/25 17:15:27 prog length: 13
2023/03/25 17:15:27 deserializeInput: hasCrash true hasNet false
2023/03/25 17:15:27 prog length: 6
2023/03/25 17:15:27 prog length: 19
2023/03/25 17:15:27 deserializeInput: hasCrash true hasNet false
2023/03/25 17:15:27 prog length: 6
2023/03/25 17:15:27 prog length: 17
2023/03/25 17:15:27 deserializeInput: hasCrash true hasNet false
2023/03/25 17:15:27 prog length: 6
2023/03/25 17:15:27 prog length: 13
2023/03/25 17:15:27 deserializeInput: hasCrash true hasNet false
2023/03/25 17:15:27 prog length: 6
2023/03/25 17:15:27 prog length: 17
2023/03/25 17:15:27 deserializeInput: hasCrash true hasNet false
2023/03/25 17:15:27 prog length: 6
2023/03/25 17:15:27 prog length: 22
2023/03/25 17:15:27 deserializeInput: hasCrash true hasNet false
2023/03/25 17:15:27 prog length: 6
2023/03/25 17:15:27 prog length: 17
2023/03/25 17:15:27 deserializeInput: hasCrash true hasNet false
2023/03/25 17:15:27 prog length: 6
2023/03/25 17:15:27 prog length: 5
2023/03/25 17:15:27 deserializeInput: hasCrash true hasNet false
2023/03/25 17:15:27 prog length: 6
2023/03/25 17:15:27 prog length: 13
2023/03/25 17:15:27 deserializeInput: hasCrash true hasNet false
2023/03/25 17:15:27 prog length: 6
2023/03/25 17:15:27 prog length: 20
2023/03/25 17:15:27 deserializeInput: hasCrash true hasNet false
2023/03/25 17:15:27 prog length: 6
2023/03/25 17:15:27 prog length: 9
2023/03/25 17:15:27 deserializeInput: hasCrash true hasNet false
2023/03/25 17:15:27 prog length: 6
2023/03/25 17:15:27 prog length: 13
2023/03/25 17:15:27 deserializeInput: hasCrash true hasNet false
2023/03/25 17:15:27 prog length: 6
2023/03/25 17:15:27 prog length: 3
2023/03/25 17:15:27 deserializeInput: hasCrash true hasNet false
2023/03/25 17:15:27 prog length: 6
2023/03/25 17:15:27 prog length: 13
2023/03/25 17:15:27 deserializeInput: hasCrash true hasNet false
2023/03/25 17:15:27 prog length: 6
2023/03/25 17:15:27 prog length: 20
2023/03/25 17:15:27 deserializeInput: hasCrash false hasNet true
2023/03/25 17:15:27 prog length: 6
2023/03/25 17:15:27 prog length: 5
2023/03/25 17:15:27 deserializeInput: hasCrash true hasNet false
2023/03/25 17:15:27 prog length: 6
2023/03/25 17:15:27 prog length: 13
2023/03/25 17:15:27 deserializeInput: hasCrash true hasNet false
2023/03/25 17:15:27 prog length: 6
2023/03/25 17:15:27 prog length: 22
2023/03/25 17:15:27 deserializeInput: hasCrash true hasNet false
2023/03/25 17:15:27 prog length: 6
2023/03/25 17:15:27 prog length: 3
2023/03/25 17:15:27 deserializeInput: hasCrash true hasNet false
2023/03/25 17:15:27 prog length: 6
2023/03/25 17:15:27 prog length: 5
2023/03/25 17:15:27 deserializeInput: hasCrash true hasNet false
2023/03/25 17:15:27 prog length: 6
2023/03/25 17:15:27 prog length: 21
2023/03/25 17:15:27 deserializeInput: hasCrash true hasNet false
2023/03/25 17:15:27 prog length: 6
2023/03/25 17:15:27 prog length: 9
2023/03/25 17:15:27 deserializeInput: hasCrash true hasNet false
2023/03/25 17:15:27 prog length: 6
2023/03/25 17:15:27 prog length: 13
2023/03/25 17:15:27 deserializeInput: hasCrash false hasNet false
2023/03/25 17:15:27 prog length: 2
2023/03/25 17:15:27 deserializeInput: hasCrash true hasNet false
2023/03/25 17:15:27 prog length: 6
2023/03/25 17:15:27 prog length: 9
2023/03/25 17:15:27 deserializeInput: hasCrash true hasNet false
2023/03/25 17:15:27 prog length: 6
2023/03/25 17:15:27 prog length: 10
2023/03/25 17:15:27 deserializeInput: hasCrash true hasNet false
2023/03/25 17:15:27 prog length: 6
2023/03/25 17:15:27 prog length: 3
2023/03/25 17:15:27 deserializeInput: hasCrash true hasNet false
2023/03/25 17:15:27 prog length: 6
2023/03/25 17:15:27 prog length: 3
2023/03/25 17:15:27 deserializeInput: hasCrash true hasNet false
2023/03/25 17:15:27 prog length: 6
2023/03/25 17:15:27 prog length: 3
2023/03/25 17:15:27 deserializeInput: hasCrash true hasNet false
2023/03/25 17:15:27 prog length: 6
2023/03/25 17:15:27 prog length: 17
2023/03/25 17:15:27 deserializeInput: hasCrash true hasNet false
2023/03/25 17:15:27 prog length: 6
2023/03/25 17:15:27 prog length: 8
2023/03/25 17:15:27 deserializeInput: hasCrash true hasNet false
2023/03/25 17:15:27 prog length: 6
2023/03/25 17:15:27 prog length: 3
2023/03/25 17:15:27 deserializeInput: hasCrash true hasNet false
2023/03/25 17:15:27 prog length: 6
2023/03/25 17:15:27 prog length: 8
2023/03/25 17:15:27 deserializeInput: hasCrash true hasNet false
2023/03/25 17:15:27 prog length: 6
2023/03/25 17:15:27 prog length: 9
2023/03/25 17:15:27 deserializeInput: hasCrash true hasNet false
2023/03/25 17:15:27 prog length: 6
2023/03/25 17:15:27 prog length: 4
2023/03/25 17:15:27 deserializeInput: hasCrash true hasNet true
2023/03/25 17:15:27 prog length: 6
2023/03/25 17:15:27 prog length: 6
2023/03/25 17:15:27 prog length: 6
2023/03/25 17:15:27 prog length: 7
2023/03/25 17:15:27 deserializeInput: hasCrash true hasNet false
2023/03/25 17:15:27 prog length: 6
2023/03/25 17:15:27 prog length: 22
2023/03/25 17:15:27 deserializeInput: hasCrash true hasNet false
2023/03/25 17:15:27 prog length: 6
2023/03/25 17:15:27 prog length: 9
2023/03/25 17:15:27 deserializeInput: hasCrash false hasNet true
2023/03/25 17:15:27 prog length: 6
2023/03/25 17:15:27 prog length: 3
2023/03/25 17:15:27 deserializeInput: hasCrash true hasNet false
2023/03/25 17:15:27 prog length: 6
2023/03/25 17:15:27 prog length: 22
2023/03/25 17:15:27 deserializeInput: hasCrash true hasNet false
2023/03/25 17:15:27 prog length: 6
2023/03/25 17:15:27 prog length: 22
2023/03/25 17:15:27 deserializeInput: hasCrash true hasNet false
2023/03/25 17:15:27 prog length: 6
2023/03/25 17:15:27 prog length: 4
2023/03/25 17:15:27 fetching corpus: 50, signal 6444/18293/25862 (executing program)
2023/03/25 17:15:27 deserializeInput: hasCrash true hasNet false
2023/03/25 17:15:27 prog length: 6
2023/03/25 17:15:27 prog length: 21
2023/03/25 17:15:27 deserializeInput: hasCrash true hasNet false
2023/03/25 17:15:27 prog length: 6
2023/03/25 17:15:27 prog length: 22
2023/03/25 17:15:27 deserializeInput: hasCrash true hasNet false
2023/03/25 17:15:27 prog length: 6
2023/03/25 17:15:27 prog length: 8
2023/03/25 17:15:27 deserializeInput: hasCrash true hasNet false
2023/03/25 17:15:27 prog length: 6
2023/03/25 17:15:27 prog length: 3
2023/03/25 17:15:27 deserializeInput: hasCrash true hasNet false
2023/03/25 17:15:27 prog length: 6
2023/03/25 17:15:27 prog length: 3
2023/03/25 17:15:27 deserializeInput: hasCrash true hasNet false
2023/03/25 17:15:27 prog length: 6
2023/03/25 17:15:27 prog length: 21
2023/03/25 17:15:27 deserializeInput: hasCrash true hasNet false
2023/03/25 17:15:27 prog length: 6
2023/03/25 17:15:27 prog length: 17
2023/03/25 17:15:27 deserializeInput: hasCrash true hasNet false
2023/03/25 17:15:27 prog length: 6
2023/03/25 17:15:27 prog length: 8
2023/03/25 17:15:27 deserializeInput: hasCrash true hasNet false
2023/03/25 17:15:27 prog length: 6
2023/03/25 17:15:27 prog length: 6
2023/03/25 17:15:27 deserializeInput: hasCrash true hasNet false
2023/03/25 17:15:27 prog length: 6
2023/03/25 17:15:27 prog length: 6
2023/03/25 17:15:27 prog length: 5
2023/03/25 17:15:27 deserializeInput: hasCrash false hasNet false
2023/03/25 17:15:27 prog length: 20
2023/03/25 17:15:27 deserializeInput: hasCrash true hasNet false
2023/03/25 17:15:27 prog length: 6
2023/03/25 17:15:27 prog length: 5
2023/03/25 17:15:27 deserializeInput: hasCrash true hasNet false
2023/03/25 17:15:27 prog length: 6
2023/03/25 17:15:27 prog length: 3
2023/03/25 17:15:27 deserializeInput: hasCrash true hasNet false
2023/03/25 17:15:27 prog length: 6
2023/03/25 17:15:27 prog length: 20
2023/03/25 17:15:27 deserializeInput: hasCrash true hasNet false
2023/03/25 17:15:27 prog length: 6
2023/03/25 17:15:27 prog length: 4
2023/03/25 17:15:27 deserializeInput: hasCrash true hasNet false
2023/03/25 17:15:27 prog length: 6
2023/03/25 17:15:27 prog length: 8
2023/03/25 17:15:27 deserializeInput: hasCrash true hasNet false
2023/03/25 17:15:27 prog length: 6
2023/03/25 17:15:27 prog length: 17
2023/03/25 17:15:27 deserializeInput: hasCrash true hasNet false
2023/03/25 17:15:27 prog length: 6
2023/03/25 17:15:27 prog length: 22
2023/03/25 17:15:27 deserializeInput: hasCrash true hasNet false
2023/03/25 17:15:27 prog length: 6
2023/03/25 17:15:27 prog length: 17
2023/03/25 17:15:27 deserializeInput: hasCrash true hasNet false
2023/03/25 17:15:27 prog length: 6
2023/03/25 17:15:27 prog length: 17
2023/03/25 17:15:27 deserializeInput: hasCrash true hasNet false
2023/03/25 17:15:27 prog length: 6
2023/03/25 17:15:27 prog length: 22
2023/03/25 17:15:27 deserializeInput: hasCrash false hasNet true
2023/03/25 17:15:27 prog length: 6
2023/03/25 17:15:27 prog length: 3
2023/03/25 17:15:27 deserializeInput: hasCrash true hasNet false
2023/03/25 17:15:27 prog length: 6
2023/03/25 17:15:27 prog length: 21
2023/03/25 17:15:27 deserializeInput: hasCrash true hasNet false
2023/03/25 17:15:27 prog length: 6
2023/03/25 17:15:27 prog length: 22
2023/03/25 17:15:27 deserializeInput: hasCrash true hasNet false
2023/03/25 17:15:27 prog length: 6
2023/03/25 17:15:27 prog length: 22
2023/03/25 17:15:27 deserializeInput: hasCrash true hasNet false
2023/03/25 17:15:27 prog length: 6
2023/03/25 17:15:27 prog length: 9
2023/03/25 17:15:27 deserializeInput: hasCrash true hasNet false
2023/03/25 17:15:27 prog length: 6
2023/03/25 17:15:27 prog length: 13
2023/03/25 17:15:27 deserializeInput: hasCrash true hasNet false
2023/03/25 17:15:27 prog length: 6
2023/03/25 17:15:27 prog length: 5
2023/03/25 17:15:27 deserializeInput: hasCrash true hasNet false
2023/03/25 17:15:27 prog length: 6
2023/03/25 17:15:27 prog length: 17
2023/03/25 17:15:27 deserializeInput: hasCrash false hasNet false
2023/03/25 17:15:27 prog length: 1
2023/03/25 17:15:27 deserializeInput: hasCrash false hasNet false
2023/03/25 17:15:27 prog length: 20
2023/03/25 17:15:27 deserializeInput: hasCrash true hasNet false
2023/03/25 17:15:27 prog length: 6
2023/03/25 17:15:27 prog length: 17
2023/03/25 17:15:27 deserializeInput: hasCrash true hasNet true
2023/03/25 17:15:27 prog length: 6
2023/03/25 17:15:27 prog length: 6
2023/03/25 17:15:27 prog length: 6
2023/03/25 17:15:27 prog length: 8
2023/03/25 17:15:27 deserializeInput: hasCrash true hasNet false
2023/03/25 17:15:27 prog length: 6
2023/03/25 17:15:27 prog length: 17
2023/03/25 17:15:27 deserializeInput: hasCrash true hasNet false
2023/03/25 17:15:27 prog length: 6
2023/03/25 17:15:27 prog length: 20
2023/03/25 17:15:27 deserializeInput: hasCrash true hasNet false
2023/03/25 17:15:27 prog length: 6
2023/03/25 17:15:27 prog length: 22
2023/03/25 17:15:27 deserializeInput: hasCrash true hasNet false
2023/03/25 17:15:27 prog length: 6
2023/03/25 17:15:27 prog length: 3
2023/03/25 17:15:27 deserializeInput: hasCrash true hasNet false
2023/03/25 17:15:27 prog length: 6
2023/03/25 17:15:27 prog length: 17
2023/03/25 17:15:27 deserializeInput: hasCrash true hasNet false
2023/03/25 17:15:27 prog length: 6
2023/03/25 17:15:27 prog length: 3
2023/03/25 17:15:27 deserializeInput: hasCrash true hasNet false
2023/03/25 17:15:27 prog length: 6
2023/03/25 17:15:27 prog length: 17
2023/03/25 17:15:27 deserializeInput: hasCrash true hasNet false
2023/03/25 17:15:27 prog length: 6
2023/03/25 17:15:27 prog length: 8
2023/03/25 17:15:27 deserializeInput: hasCrash false hasNet true
2023/03/25 17:15:27 prog length: 6
2023/03/25 17:15:27 prog length: 3
2023/03/25 17:15:27 deserializeInput: hasCrash true hasNet false
2023/03/25 17:15:27 prog length: 6
2023/03/25 17:15:27 prog length: 4
2023/03/25 17:15:27 deserializeInput: hasCrash true hasNet false
2023/03/25 17:15:27 prog length: 6
2023/03/25 17:15:27 prog length: 17
2023/03/25 17:15:27 deserializeInput: hasCrash true hasNet false
2023/03/25 17:15:27 prog length: 6
2023/03/25 17:15:27 prog length: 21
2023/03/25 17:15:27 deserializeInput: hasCrash true hasNet false
2023/03/25 17:15:27 prog length: 6
2023/03/25 17:15:27 prog length: 17
2023/03/25 17:15:27 deserializeInput: hasCrash true hasNet false
2023/03/25 17:15:27 prog length: 6
2023/03/25 17:15:27 prog length: 22
2023/03/25 17:15:27 deserializeInput: hasCrash true hasNet false
2023/03/25 17:15:27 prog length: 6
2023/03/25 17:15:27 prog length: 21
2023/03/25 17:15:27 deserializeInput: hasCrash true hasNet false
2023/03/25 17:15:27 prog length: 6
2023/03/25 17:15:27 prog length: 5
2023/03/25 17:15:27 deserializeInput: hasCrash true hasNet false
2023/03/25 17:15:27 prog length: 6
2023/03/25 17:15:27 prog length: 19
2023/03/25 17:15:27 fetching corpus: 100, signal 7274/20228/29592 (executing program)
2023/03/25 17:15:28 deserializeInput: hasCrash true hasNet false
2023/03/25 17:15:28 prog length: 6
2023/03/25 17:15:28 prog length: 8
2023/03/25 17:15:28 deserializeInput: hasCrash true hasNet false
2023/03/25 17:15:28 prog length: 6
2023/03/25 17:15:28 prog length: 9
2023/03/25 17:15:28 deserializeInput: hasCrash true hasNet false
2023/03/25 17:15:28 prog length: 6
2023/03/25 17:15:28 prog length: 13
2023/03/25 17:15:28 deserializeInput: hasCrash true hasNet false
2023/03/25 17:15:28 prog length: 6
2023/03/25 17:15:28 prog length: 19
2023/03/25 17:15:28 deserializeInput: hasCrash true hasNet false
2023/03/25 17:15:28 prog length: 6
2023/03/25 17:15:28 prog length: 19
2023/03/25 17:15:28 deserializeInput: hasCrash true hasNet false
2023/03/25 17:15:28 prog length: 6
2023/03/25 17:15:28 prog length: 17
2023/03/25 17:15:28 deserializeInput: hasCrash true hasNet false
2023/03/25 17:15:28 prog length: 6
2023/03/25 17:15:28 prog length: 8
2023/03/25 17:15:28 deserializeInput: hasCrash true hasNet false
2023/03/25 17:15:28 prog length: 6
2023/03/25 17:15:28 prog length: 22
2023/03/25 17:15:28 deserializeInput: hasCrash true hasNet false
2023/03/25 17:15:28 prog length: 6
2023/03/25 17:15:28 prog length: 5
2023/03/25 17:15:28 deserializeInput: hasCrash true hasNet false
2023/03/25 17:15:28 prog length: 6
2023/03/25 17:15:28 prog length: 19
2023/03/25 17:15:28 deserializeInput: hasCrash true hasNet false
2023/03/25 17:15:28 prog length: 6
2023/03/25 17:15:28 prog length: 17
2023/03/25 17:15:28 deserializeInput: hasCrash true hasNet false
2023/03/25 17:15:28 prog length: 6
2023/03/25 17:15:28 prog length: 17
2023/03/25 17:15:28 deserializeInput: hasCrash true hasNet false
2023/03/25 17:15:28 prog length: 6
2023/03/25 17:15:28 prog length: 21
2023/03/25 17:15:28 deserializeInput: hasCrash true hasNet false
2023/03/25 17:15:28 prog length: 6
2023/03/25 17:15:28 prog length: 3
2023/03/25 17:15:28 deserializeInput: hasCrash true hasNet false
2023/03/25 17:15:28 prog length: 6
2023/03/25 17:15:28 prog length: 8
2023/03/25 17:15:28 deserializeInput: hasCrash true hasNet false
2023/03/25 17:15:28 prog length: 6
2023/03/25 17:15:28 prog length: 17
2023/03/25 17:15:28 deserializeInput: hasCrash true hasNet false
2023/03/25 17:15:28 prog length: 6
2023/03/25 17:15:28 prog length: 22
2023/03/25 17:15:28 deserializeInput: hasCrash true hasNet false
2023/03/25 17:15:28 prog length: 6
2023/03/25 17:15:28 prog length: 17
2023/03/25 17:15:28 deserializeInput: hasCrash true hasNet false
2023/03/25 17:15:28 prog length: 6
2023/03/25 17:15:28 prog length: 17
2023/03/25 17:15:28 deserializeInput: hasCrash true hasNet false
2023/03/25 17:15:28 prog length: 6
2023/03/25 17:15:28 prog length: 3
2023/03/25 17:15:28 deserializeInput: hasCrash true hasNet false
2023/03/25 17:15:28 prog length: 6
2023/03/25 17:15:28 prog length: 22
2023/03/25 17:15:28 deserializeInput: hasCrash true hasNet false
2023/03/25 17:15:28 prog length: 6
2023/03/25 17:15:28 prog length: 6
2023/03/25 17:15:28 deserializeInput: hasCrash true hasNet false
2023/03/25 17:15:28 prog length: 6
2023/03/25 17:15:28 prog length: 17
2023/03/25 17:15:28 deserializeInput: hasCrash true hasNet false
2023/03/25 17:15:28 prog length: 6
2023/03/25 17:15:28 prog length: 20
2023/03/25 17:15:28 deserializeInput: hasCrash true hasNet false
2023/03/25 17:15:28 prog length: 6
2023/03/25 17:15:28 prog length: 19
2023/03/25 17:15:28 deserializeInput: hasCrash true hasNet false
2023/03/25 17:15:28 prog length: 6
2023/03/25 17:15:28 prog length: 17
2023/03/25 17:15:28 deserializeInput: hasCrash true hasNet false
2023/03/25 17:15:28 prog length: 6
2023/03/25 17:15:28 prog length: 19
2023/03/25 17:15:28 deserializeInput: hasCrash true hasNet false
2023/03/25 17:15:28 prog length: 6
2023/03/25 17:15:28 prog length: 13
2023/03/25 17:15:28 deserializeInput: hasCrash true hasNet false
2023/03/25 17:15:28 prog length: 6
2023/03/25 17:15:28 prog length: 22
2023/03/25 17:15:28 deserializeInput: hasCrash true hasNet false
2023/03/25 17:15:28 prog length: 6
2023/03/25 17:15:28 prog length: 13
2023/03/25 17:15:28 deserializeInput: hasCrash true hasNet false
2023/03/25 17:15:28 prog length: 6
2023/03/25 17:15:28 prog length: 22
2023/03/25 17:15:28 deserializeInput: hasCrash true hasNet false
2023/03/25 17:15:28 prog length: 6
2023/03/25 17:15:28 prog length: 17
2023/03/25 17:15:28 deserializeInput: hasCrash true hasNet false
2023/03/25 17:15:28 prog length: 6
2023/03/25 17:15:28 prog length: 17
2023/03/25 17:15:28 deserializeInput: hasCrash false hasNet true
2023/03/25 17:15:28 prog length: 6
2023/03/25 17:15:28 prog length: 6
2023/03/25 17:15:28 prog length: 6
2023/03/25 17:15:28 deserializeInput: hasCrash true hasNet false
2023/03/25 17:15:28 prog length: 6
2023/03/25 17:15:28 prog length: 17
2023/03/25 17:15:28 deserializeInput: hasCrash true hasNet false
2023/03/25 17:15:28 prog length: 6
2023/03/25 17:15:28 prog length: 19
2023/03/25 17:15:28 deserializeInput: hasCrash true hasNet false
2023/03/25 17:15:28 prog length: 6
2023/03/25 17:15:28 prog length: 4
2023/03/25 17:15:28 deserializeInput: hasCrash true hasNet false
2023/03/25 17:15:28 prog length: 6
2023/03/25 17:15:28 prog length: 21
2023/03/25 17:15:28 deserializeInput: hasCrash true hasNet false
2023/03/25 17:15:28 prog length: 6
2023/03/25 17:15:28 prog length: 17
2023/03/25 17:15:28 deserializeInput: hasCrash true hasNet false
2023/03/25 17:15:28 prog length: 6
2023/03/25 17:15:28 prog length: 22
2023/03/25 17:15:28 deserializeInput: hasCrash true hasNet false
2023/03/25 17:15:28 prog length: 6
2023/03/25 17:15:28 prog length: 20
2023/03/25 17:15:28 deserializeInput: hasCrash true hasNet false
2023/03/25 17:15:28 prog length: 6
2023/03/25 17:15:28 prog length: 17
2023/03/25 17:15:28 deserializeInput: hasCrash true hasNet false
2023/03/25 17:15:28 prog length: 6
2023/03/25 17:15:28 prog length: 21
2023/03/25 17:15:28 deserializeInput: hasCrash true hasNet false
2023/03/25 17:15:28 prog length: 6
2023/03/25 17:15:28 prog length: 5
2023/03/25 17:15:28 deserializeInput: hasCrash true hasNet false
2023/03/25 17:15:28 prog length: 6
2023/03/25 17:15:28 prog length: 22
2023/03/25 17:15:28 deserializeInput: hasCrash true hasNet false
2023/03/25 17:15:28 prog length: 6
2023/03/25 17:15:28 prog length: 22
2023/03/25 17:15:28 fetching corpus: 146, signal 7279/21064/31393 (executing program)
2023/03/25 17:15:28 fetching corpus: 146, signal 7279/21064/32413 (executing program)
2023/03/25 17:15:28 fetching corpus: 146, signal 7279/21064/33411 (executing program)
2023/03/25 17:15:28 fetching corpus: 146, signal 7279/21064/34407 (executing program)
2023/03/25 17:15:28 fetching corpus: 146, signal 7279/21064/35379 (executing program)
2023/03/25 17:15:28 fetching corpus: 146, signal 7279/21064/36402 (executing program)
2023/03/25 17:15:28 fetching corpus: 146, signal 7279/21064/37378 (executing program)
2023/03/25 17:15:28 fetching corpus: 146, signal 7279/21064/38388 (executing program)
2023/03/25 17:15:28 fetching corpus: 146, signal 7279/21064/39419 (executing program)
2023/03/25 17:15:28 fetching corpus: 146, signal 7279/21064/40409 (executing program)
2023/03/25 17:15:28 fetching corpus: 146, signal 7279/21064/41400 (executing program)
2023/03/25 17:15:28 fetching corpus: 146, signal 7279/21064/42414 (executing program)
2023/03/25 17:15:28 fetching corpus: 146, signal 7279/21064/43404 (executing program)
2023/03/25 17:15:28 fetching corpus: 146, signal 7279/21064/44412 (executing program)
2023/03/25 17:15:28 fetching corpus: 146, signal 7279/21064/45439 (executing program)
2023/03/25 17:15:28 fetching corpus: 146, signal 7279/21064/46459 (executing program)
2023/03/25 17:15:28 fetching corpus: 146, signal 7279/21064/47460 (executing program)
2023/03/25 17:15:28 fetching corpus: 146, signal 7279/21064/48466 (executing program)
2023/03/25 17:15:28 fetching corpus: 146, signal 7279/21064/49514 (executing program)
2023/03/25 17:15:28 fetching corpus: 146, signal 7279/21064/50501 (executing program)
2023/03/25 17:15:28 fetching corpus: 146, signal 7279/21064/51526 (executing program)
2023/03/25 17:15:28 fetching corpus: 146, signal 7279/21064/52520 (executing program)
2023/03/25 17:15:28 fetching corpus: 146, signal 7279/21064/53529 (executing program)
2023/03/25 17:15:28 fetching corpus: 146, signal 7279/21064/54527 (executing program)
2023/03/25 17:15:28 fetching corpus: 146, signal 7279/21064/55512 (executing program)
2023/03/25 17:15:28 fetching corpus: 146, signal 7279/21064/55834 (executing program)
2023/03/25 17:15:28 fetching corpus: 146, signal 7279/21064/55834 (executing program)
2023/03/25 17:15:28 starting 1 fuzzer processes
2023/03/25 17:15:28 ----- generateCall 4131 write$binfmt_script write$binfmt_script
2023/03/25 17:15:28 ----- generateCall 248 fstat fstat
2023/03/25 17:15:28 ----- generateCall 2458 open open
2023/03/25 17:15:28 ----- generateCall 3761 stat stat
2023/03/25 17:15:28 ----- generateCall 4127 write$binfmt_aout write$binfmt_aout
2023/03/25 17:15:28 ----- generateCall 2723 pread64 pread64
2023/03/25 17:15:28 ----- generateCall 2349 lremovexattr lremovexattr
2023/03/25 17:15:28 ----- generateCall 199 fcntl$F_GET_RW_HINT fcntl$F_GET_RW_HINT
2023/03/25 17:15:28 ----- generateCall 2723 pread64 pread64
2023/03/25 17:15:28 ----- generateCall 171 dup2 dup2
2023/03/25 17:15:28 ----- generateCall 2782 readv readv
2023/03/25 17:15:28 ----- generateCall 248 fstat fstat
2023/03/25 17:15:28 ----- generateCall 248 fstat fstat
2023/03/25 17:15:28 map[./file0:true]
2023/03/25 17:15:28 HasCrashFail: false, .HasNetFail: false
2023/03/25 17:15:28 prog length: 20
2023/03/25 17:15:28 HasCrashFail:false HasNetFail:false
17:15:28 ---executing program 0:
---
---
---
r0 = dup(0xffffffffffffffff)
write$binfmt_script(r0, &(0x7f0000000000)={'#! ', './file0', [{}, {0x20, '-('}], 0xa, "d81efdf1418d8a7861bc9c92e51de297a7ea7be61972f759cffe989b41be07912d35f09c209d639167caca49f9210548c32f8c3559aeb9453c77eefcfeff7e76522825c432cbce886667e0fe435fc65ca8330ac35dc47de2e0a95dda08329d91fe84d5ace8c8238261f80edae185106ac22da595845b9120ed8dcbd9750adc345bfb3260fc90e6d13c0c162cde875ea6ebc2697070533587207f59b7"}, 0xab)
r1 = open(&(0x7f00000000c0)='./file0\x00', 0x101201, 0x8)
fstat(r1, &(0x7f0000000100))
r2 = open(&(0x7f0000000180)='./file0\x00', 0x448000, 0xa1)
stat(&(0x7f00000001c0)='./file0\x00', &(0x7f0000000200))
write$binfmt_aout(r0, &(0x7f0000000280)={{0x108, 0x0, 0x8, 0x17c, 0x2dc, 0x7ff, 0x1e5, 0x10001}, "350fe84907d5ff90618a32976346e60d3f9b9273df4ee56d6ee939845ee679955c37edd085afdf1ccaa9d033e6687d40cbbb0abd98b838f62bbb2596", ['\x00', '\x00', '\x00', '\x00', '\x00', '\x00', '\x00', '\x00', '\x00']}, 0x95c)
r3 = dup(r0)
pread64(r3, &(0x7f0000000c00)=""/132, 0x84, 0x8)
lremovexattr(&(0x7f0000000cc0)='./file0\x00', &(0x7f0000000d00)=@known='trusted.syz\x00')
fcntl$F_GET_RW_HINT(r2, 0x40b, &(0x7f0000000d40))
r4 = openat(r2, &(0x7f0000000d80)='./file0\x00', 0x10000, 0x90)
pread64(r4, &(0x7f0000000dc0)=""/177, 0xb1, 0x62e4)
r5 = openat(0xffffffffffffffff, &(0x7f0000000e80)='./file0\x00', 0x200000, 0x138)
dup2(r4, r5)
r6 = fcntl$dupfd(r4, 0x0, r3)
readv(r6, &(0x7f0000001000)=[{&(0x7f0000000ec0)=""/240, 0xf0}, {&(0x7f0000000fc0)=""/43, 0x2b}], 0x2)
fstat(r4, &(0x7f0000001040))
r7 = open$dir(&(0x7f00000010c0)='./file0\x00', 0x0, 0x110)
fstat(r7, &(0x7f0000001100))
---

end of program
2023/03/25 17:15:28 -----run executor: [/usr/bin/ssh -F /dev/null -o ConnectionAttempts=100 -o ConnectTimeout=120 -o UserKnownHostsFile=/dev/null -o BatchMode=yes -o IdentitiesOnly=yes -o StrictHostKeyChecking=no -o ConnectTimeout=100 -i /home/tlyu/dfs-fuzzing/disk-images/orangefs-images/focal.id_rsa root@192.168.0.5 /root/syz-executor exec 0 0 orangefs 3 4 192.168.0.5 0 "3 1" false false false false false]
2023/03/25 17:15:28 -----run executor: [/usr/bin/ssh -F /dev/null -o ConnectionAttempts=100 -o ConnectTimeout=120 -o UserKnownHostsFile=/dev/null -o BatchMode=yes -o IdentitiesOnly=yes -o StrictHostKeyChecking=no -o ConnectTimeout=100 -i /home/tlyu/dfs-fuzzing/disk-images/orangefs-images/focal.id_rsa root@192.168.0.6 /root/syz-executor exec 0 1 orangefs 3 4 192.168.0.5 0 "3 1" false false false false false]
2023/03/25 17:15:28 -----run executor: [/usr/bin/ssh -F /dev/null -o ConnectionAttempts=100 -o ConnectTimeout=120 -o UserKnownHostsFile=/dev/null -o BatchMode=yes -o IdentitiesOnly=yes -o StrictHostKeyChecking=no -o ConnectTimeout=100 -i /home/tlyu/dfs-fuzzing/disk-images/orangefs-images/focal.id_rsa root@192.168.0.7 /root/syz-executor exec 0 2 orangefs 3 4 192.168.0.5 0 "3 1" false false false false false]
2023/03/25 17:15:28 -----run executor: [/usr/bin/ssh -F /dev/null -o ConnectionAttempts=100 -o ConnectTimeout=120 -o UserKnownHostsFile=/dev/null -o BatchMode=yes -o IdentitiesOnly=yes -o StrictHostKeyChecking=no -o ConnectTimeout=100 -i /home/tlyu/dfs-fuzzing/disk-images/orangefs-images/focal.id_rsa root@192.168.0.8 /root/syz-executor exec 1 3 orangefs 3 4 192.168.0.5 0 "3 1" false false false false false]
Warning: Permanently added '192.168.0.6' (ED25519) to the list of known hosts.
Warning: Permanently added '192.168.0.7' (ED25519) to the list of known hosts.
Warning: Permanently added '192.168.0.8' (ED25519) to the list of known hosts.
Warning: Permanently added '192.168.0.5' (ED25519) to the list of known hosts.
----- is restarting 0
---- dfs_name orangefs is_dfs_client 0
unlink FIFO failed: No such file or directory
[    0.000000] kernel: Linux version 5.15.0+ (tlyu@IC-RS3-DPC07) (gcc (Ubuntu 9.4.0-1ubuntu1~20.04.1) 9.4.0, GNU ld (GNU Binutils for Ubuntu) 2.34) #7 SMP Sat Feb 18 10:18:37 CET 2023
[    0.000000] kernel: Command line: root=/dev/sda console=ttyS0 net.ifnames=0 ip=192.168.0.6 quiet nokaslr
[    0.000000] kernel: x86/fpu: Supporting XSAVE feature 0x001: 'x87 floating point registers'
[    0.000000] kernel: x86/fpu: Supporting XSAVE feature 0x002: 'SSE registers'
[    0.000000] kernel: x86/fpu: Supporting XSAVE feature 0x004: 'AVX registers'
[    0.000000] kernel: x86/fpu: Supporting XSAVE feature 0x020: 'AVX-512 opmask'
[    0.000000] kernel: x86/fpu: Supporting XSAVE feature 0x040: 'AVX-512 Hi256'
[    0.000000] kernel: x86/fpu: Supporting XSAVE feature 0x080: 'AVX-512 ZMM_Hi256'
[    0.000000] kernel: x86/fpu: Supporting XSAVE feature 0x200: 'Protection Keys User registers'
[    0.000000] kernel: x86/fpu: xstate_offset[2]:  576, xstate_sizes[2]:  256
[    0.000000] kernel: x86/fpu: [D 01/16/2023 17:42:13] PVFS2 Server version 2.9.7-orangefs-REV-65ab0d2 starting.
[E 01/16/2023 17:43:19] PVFS2 server got signal 15 (server_status_flag: 2080767)
[D 02/18/2023 14:39:31] PVFS2 Server version 2.9.7-orangefs-REV-65ab0d2 starting.
[D 02/18/2023 14:47:30] PVFS2 received server: signal 1
[E 02/18/2023 14:47:30] PVFS2 server got signal 15 (server_status_flag: 2080767)
----- is restarting 0
---- dfs_name orangefs is_dfs_client 0
xstate_offset[5]:  832, xstate_sizes[5]:   64
[    0.000000] kernel: x86/fpu: xstate_offset[6]:  896, xstate_sizes[6]:  512
[    0.000000] kernel: x86/fpu: xstate_offset[7]: 1408, xstate_sizes[7]: 1024
[    0.000000] kernel: x86/fpu: xstate_offset[9]: 2432, xstate_sizes[9]:    8
[    0.000000] kernel: x86/fpu: Enabled xstate features 0x2e7, context size is 2440 bytes, using 'compacted' format.
[    0.000000] kernel: signal: max sigframe size: 3632
[    0.000000] kernel: BIOS-provided physical RAM map:
[    0.000000] kernel: BIOS-e820: [mem 0x0000000000000000-0x000000000009fbff] usable
[    0.000000] kernel: BIOS-e820: [mem 0x000000000009fc00-0x000000000009ffff] reserved
[    0.000000] kernel: BIOS-e820: [mem 0x00000000000f0000-0x00000000000fffff] reserved
[    0.000000] kernel: BIOS-e820: [mem 0x0000000000100000-0x00000000bffdffff] usable
[    0.000000] kernel: BIOS-e820: [mem 0x00000000bffe0000-0x00000000bfffffff] reserved
[    0.000000] kernel: BIOS-e820: [mem 0x00000000feffc000-0x0unlink FIFO failed: No such file or directory
[    0.000000] kernel: Linux version 5.15.0+ (tlyu@IC-RS3-DPC07) (gcc (Ubuntu 9.4.0-1ubuntu1~20.04.1) 9.4.0, GNU ld (GNU Binutils for Ubuntu) 2.34) #7 SMP Sat Feb 18 10:18:37 CET 2023
[    0.000000] kernel: Command line: root=/dev/sda console=ttyS0 net.ifnames=0 ip=192.168.0.7 quiet nokaslr
[    0.000000] kernel: x86/fpu: Supporting XSAVE feature 0x001: 'x87 floating point registers'
[    0.000000] kernel: x86/fpu: Supporting XSAVE feature 0x002: 'SSE registers'
[    0.000000] kernel: x86/fpu: Supporting XSAVE feature 0x004: 'AVX registers'
[    0.000000] kernel: x86/fpu: Supporting XSAVE feature 0x020: 'AVX-512 opmask'
[    0.000000] kernel: x86/fpu: Supporting XSAVE feature 0x040: 'AVX-512 Hi256'
[    0.000000] kernel: x86/fpu: Supporting XSAVE feature 0x080: 'AVX-512 ZMM_Hi256'
[    0.000000] kernel: x86/fpu: Supporting XSAVE feature 0x200: 'Protection Keys User registers'
[    0.000000] kernel: x86/fpu: xstate_offset[2]:  576, xstate_sizes[2]:  256
[    0.000000] kernel: x86/fpu: 0000000feffffff] reserved
[    0.000000] kernel: BIOS-e820: [mem 0x00000000fffc0000-0x00000000ffffffff] reserved
[    0.000000] kernel: BIOS-e820: [mem 0x0000000100000000-0x00000002bfffffff] usable
[    0.000000] kernel: NX (Execute Disable) protection: active
[    0.000000] kernel: SMBIOS 2.8 present.
[    0.000000] kernel: DMI: QEMU Standard PC (i440FX + PIIX, 1996), BIOS 1.15.0-1 04/01/2014
[    0.000000] kernel: Hypervisor detected: KVM
[    0.000000] kernel: kvm-clock: Using msrs 4b564d01 and 4b564d00
[    0.000000] kernel: kvm-clock: cpu 0, msr 2c6e001, primary cpu clock
[    0.000001] kernel: kvm-clock: using sched offset of 227929848 cycles
[    0.000002] kernel: clocksource: kvm-clock: mask: 0xffffffffffffffff max_cycles: 0x1cd42e4dffb, max_idle_ns: 881590591483 ns
[    0.000005] kernel: tsc: Detected 2593.904 MHz processor
[    0.000564] kernel: e820: update [mem 0x00000000-0x00000fff] usable ==> reserved
[    0.000567] kernel: e820: remove [mem 0x000a0000-0x000fffff] usable[D 01/16/2023 17:42:13] PVFS2 Server version 2.9.7-orangefs-REV-65ab0d2 starting.
[E 01/16/2023 17:43:19] PVFS2 server got signal 15 (server_status_flag: 2080767)
[D 02/18/2023 14:39:31] PVFS2 Server version 2.9.7-orangefs-REV-65ab0d2 starting.
[D 02/18/2023 14:47:30] PVFS2 received server: signal 1
[E 02/18/2023 14:47:30] PVFS2 server got signal 15 (server_status_flag: 2080767)
xstate_offset[5]:  832, xstate_sizes[5]:   64
[    0.000000] kernel: x86/fpu: xstate_offset[6]:  896, xstate_sizes[6]:  512
[    0.000000] kernel: x86/fpu: xstate_offset[7]: 1408, xstate_sizes[7]: 1024
[    0.000000] kernel: x86/fpu: xstate_offset[9]: 2432, xstate_sizes[9]:    8
[    0.000000] kernel: x86/fpu: Enabled xstate features 0x2e7, context size is 2440 bytes, using 'compacted' format.
[    0.000000] kernel: signal: max sigframe size: 3632
[    0.000000] kernel: BIOS-provided physical RAM map:
[    0.000000] kernel: BIOS-e820: [mem 0x0000000000000000-0x000000000009fbff] usable
[    0.000000] kernel: BIOS-e820: [mem 0x000000000009fc00-0x000000000009ffff] reserved
[    0.000000] kernel: BIOS-e820: [mem 0x00000000000f0000-0x00000000000fffff] reserved
[    0.000000] kernel: BIOS-e820: [mem 0x0000000000100000-0x00000000bffdffff] usable
[    0.000000] kernel: BIOS-e820: [mem 0x00000000bffe0000-0x00000000bfffffff] reserved
[    0.000000] kernel: BIOS-e820: [mem 0x00000000feffc000-0x0
[    0.000571] kernel: last_pfn = 0x2c0000 max_arch_pfn = 0x10000000000
[    0.000627] kernel: x86/PAT: Configuration [0-7]: WB  WC  UC- UC  WB  WP  UC- WT  
[    0.000633] kernel: last_pfn = 0xbffe0 max_arch_pfn = 0x10000000000
[    0.006029] kernel: found SMP MP-table at [mem 0x000f5b90-0x000f5b9f]
[    0.006082] kernel: Using GB pages for direct mapping
[    0.006624] kernel: ACPI: Early table checksum verification disabled
[    0.006630] kernel: ACPI: RSDP 0x00000000000F59B0 000014 (v00 BOCHS )
[    0.006637] kernel: ACPI: RSDT 0x00000000BFFE197C 000034 (v01 BOCHS  BXPC     00000001 BXPC 00000001)
[    0.006642] kernel: ACPI: FACP 0x00000000BFFE1828 000074 (v01 BOCHS  BXPC     00000001 BXPC 00000001)
[    0.006647] kernel: ACPI: DSDT 0x00000000BFFE0040 0017E8 (v01 BOCHS  BXPC     00000001 BXPC 00000001)
[    0.006650] kernel: ACPI: FACS 0x00000000BFFE0000 000040
[    0.006652] kernel: ACPI: APIC 0x00000000BFFE189C 000080 (v01 BOCHS  BXPC     00000001 BXPC 00000001)
[    0.006655]executor 2 finishes userspace_cover_open
before receiving handshake request
req.flags ea2
0000000feffffff] reserved
[    0.000000] kernel: BIOS-e820: [mem 0x00000000fffc0000-0x00000000ffffffff] reserved
[    0.000000] kernel: BIOS-e820: [mem 0x0000000100000000-0x00000002bfffffff] usable
[    0.000000] kernel: NX (Execute Disable) protection: active
[    0.000000] kernel: SMBIOS 2.8 present.
[    0.000000] kernel: DMI: QEMU Standard PC (i440FX + PIIX, 1996), BIOS 1.15.0-1 04/01/2014
[    0.000000] kernel: Hypervisor detected: KVM
[    0.000000] kernel: kvm-clock: Using msrs 4b564d01 and 4b564d00
[    0.000000] kernel: kvm-clock: cpu 0, msr 2c6e001, primary cpu clock
[    0.000001] kernel: kvm-clock: using sched offset of 235519579 cycles
[    0.000003] kernel: clocksource: kvm-clock: mask: 0xffffffffffffffff max_cycles: 0x1cd42e4dffb, max_idle_ns: 881590591483 ns
[    0.000006] kernel: tsc: Detected 2593.904 MHz processor
[    0.000575] kernel: e820: update [mem 0x00000000-0x00000fff] usable ==> reserved
[    0.000578] kernel: e820: remove [mem 0x000a0000-0x000fffff] usable----- executor 2 do_sandbox_none at begining
----- executor 2 do_sandbox_none before fork()
 kernel: ACPI: HPET 0x00000000BFFE191C 000038 (v01 BOCHS  BXPC     00000001 BXPC 00000001)
[    0.006658] kernel: ACPI: WAET 0x00000000BFFE1954 000028 (v01 BOCHS  BXPC     00000001 BXPC 00000001)
[    0.006660] kernel: ACPI: Reserving FACP table memory at [mem 0xbffe1828-0xbffe189b]
[    0.006661] kernel: ACPI: Reserving DSDT table memory at [mem 0xbffe0040-0xbffe1827]
[    0.006662] kernel: ACPI: Reserving FACS table memory at [mem 0xbffe0000-0xbffe003f]
[    0.006663] kernel: ACPI: Reserving APIC table memory at [mem 0xbffe189c-0xbffe191b]
[    0.006664] kernel: ACPI: Reserving HPET table memory at [mem 0xbffe191c-0xbffe1953]
[    0.006665] kernel: ACPI: Reserving WAET table memory at [mem 0xbffe1954-0xbffe197b]
[    0.007002] kernel: No NUMA configuration found
[    0.007003] kernel: Faking a node at [mem 0x0000000000000000-0x00000002bfffffff]
[    0.007006] kernel: NODE_DATA(0) allocated [mem 0x2bfffa000-0x2bfffdfff]
[    0.007057] kernel: Zone ranges:
[    0.007058] kernel:   DMA
[    0.000582] kernel: last_pfn = 0x2c0000 max_arch_pfn = 0x10000000000
[    0.000638] kernel: x86/PAT: Configuration [0-7]: WB  WC  UC- UC  WB  WP  UC- WT  
[    0.000644] kernel: last_pfn = 0xbffe0 max_arch_pfn = 0x10000000000
[    0.006039] kernel: found SMP MP-table at [mem 0x000f5b90-0x000f5b9f]
[    0.006098] kernel: Using GB pages for direct mapping
[    0.006669] kernel: ACPI: Early table checksum verification disabled
[    0.006678] kernel: ACPI: RSDP 0x00000000000F59B0 000014 (v00 BOCHS )
[    0.006685] kernel: ACPI: RSDT 0x00000000BFFE197C 000034 (v01 BOCHS  BXPC     00000001 BXPC 00000001)
[    0.006691] kernel: ACPI: FACP 0x00000000BFFE1828 000074 (v01 BOCHS  BXPC     00000001 BXPC 00000001)
[    0.006696] kernel: ACPI: DSDT 0x00000000BFFE0040 0017E8 (v01 BOCHS  BXPC     00000001 BXPC 00000001)
[    0.006699] kernel: ACPI: FACS 0x00000000BFFE0000 000040
[    0.006702] kernel: ACPI: APIC 0x00000000BFFE189C 000080 (v01 BOCHS  BXPC     00000001 BXPC 00000001)
[    0.006705]executor 1 finishes userspace_cover_open
before receiving handshake request
      [mem 0x0000000000001000-0x0000000000ffffff]
[    0.007060] kernel:   DMA32    [mem 0x0000000001000000-0x00000000ffffffff]
[    0.007061] kernel:   Normal   [mem 0x0000000100000000-0x00000002bfffffff]
[    0.007062] kernel: Movable zone start for each node
[    0.007063] kernel: Early memory node ranges
[    0.007064] kernel:   node   0: [mem 0x0000000000001000-0x000000000009efff]
[    0.007065] kernel:   node   0: [mem 0x0000000000100000-0x00000000bffdffff]
[    0.007066] kernel:   node   0: [mem 0x0000000100000000-0x00000002bfffffff]
[    0.007068] kernel: Initmem setup node 0 [mem 0x0000000000001000-0x00000002bfffffff]
[    0.007533] kernel: On node 0, zone DMA: 1 pages in unavailable ranges
[    0.007547] kernel: On node 0, zone DMA: 97 pages in unavailable ranges
[    0.051260] kernel: On node 0, zone Normal: 32 pages in unavailable ranges
[    0.406158] kernel: kasan: KernelAddressSanitizer initialized
[    0.406562] kernel: ACPI: PM-Timer IO Port: 0x608
[    0.406569] kernreq.flags ea2
----- executor 1 do_sandbox_none at begining
----- executor 1 do_sandbox_none before fork()
 kernel: ACPI: HPET 0x00000000BFFE191C 000038 (v01 BOCHS  BXPC     00000001 BXPC 00000001)
[    0.006707] kernel: ACPI: WAET 0x00000000BFFE1954 000028 (v01 BOCHS  BXPC     00000001 BXPC 00000001)
[    0.006709] kernel: ACPI: Reserving FACP table memory at [mem 0xbffe1828-0xbffe189b]
[    0.006711] kernel: ACPI: Reserving DSDT table memory at [mem 0xbffe0040-0xbffe1827]
[    0.006712] kernel: ACPI: Reserving FACS table memory at [mem 0xbffe0000-0xbffe003f]
[    0.006712] kernel: ACPI: Reserving APIC table memory at [mem 0xbffe189c-0xbffe191b]
[    0.006713] kernel: ACPI: Reserving HPET table memory at [mem 0xbffe191c-0xbffe1953]
[    0.006714] kernel: ACPI: Reserving WAET table memory at [mem 0xbffe1954-0xbffe197b]
[    0.007050] kernel: No NUMA configuration found
[    0.007051] kernel: Faking a node at [mem 0x0000000000000000-0x00000002bfffffff]
[    0.007054] kernel: NODE_DATA(0) allocated [mem 0x2bfffa000-0x2bfffdfff]
[    0.007110] kernel: Zone ranges:
[    0.007111] kernel:   DMAbefore receive testcase: 0 1
      [mem 0x0000000000001000-0x0000000000ffffff]
[    0.007113] kernel:   DMA32    [mem 0x0000000001000000-0x00000000ffffffff]
[    0.007115] kernel:   Normal   [mem 0x0000000100000000-0x00000002bfffffff]
[    0.007116] kernel: Movable zone start for each node
[    0.007117] kernel: Early memory node ranges
[    0.007117] kernel:   node   0: [mem 0x0000000000001000-0x000000000009efff]
[    0.007119] kernel:   node   0: [mem 0x0000000000100000-0x00000000bffdffff]
[    0.007120] kernel:   node   0: [mem 0x0000000100000000-0x00000002bfffffff]
[    0.007121] kernel: Initmem setup node 0 [mem 0x0000000000001000-0x00000002bfffffff]
[    0.007538] kernel: On node 0, zone DMA: 1 pages in unavailable ranges
[    0.007551] kernel: On node 0, zone DMA: 97 pages in unavailable ranges
[    0.051514] kernel: On node 0, zone Normal: 32 pages in unavailable ranges
[    0.407042] kernel: kasan: KernelAddressSanitizer initialized
[    0.407436] kernel: ACPI: PM-Timer IO Port: 0x608
[    0.407443] kernel: ACPI: LAPIC_NMI (acpi_id[0xff] dfl dfl lint[0x1])
[    0.407481] kernel: IOAPIC[0]: apic_id 0, version 17, address 0xfec00000, GSI 0-23
[    0.407484] kernel: ACPI: INT_SRC_OVR (bus 0 bus_irq 0 global_irq 2 dfl dfl)
[    0.407486] kernel: ACPI: INT_SRC_OVR (bus 0 bus_irq 5 global_irq 5 high level)
[    0.407487] kernel: ACPI: INT_SRC_OVR (bus 0 bus_irq 9 global_irq 9 high level)
[    0.407489] kernel: ACPI: INT_SRC_OVR (bus 0 bus_irq 10 global_irq 10 high level)
[    0.407490] kernel: ACPI: INT_SRC_OVR (bus 0 bus_irq 11 global_irq 11 high level)
[    0.407493] kernel: ACPI: Using ACPI (MADT) for SMP configuration information
[    0.407495] kernel: ACPI: HPET id: 0x8086a201 base: 0xfed00000
[    0.407498] kernel: TSC deadline timer available
[    0.407499] kernel: smpboot: Allowing 2 CPUs, 0 hotplug CPUs
[    0.407521] kernel: kvm-guest: KVM setup pv remote TLB flush
[    0.407526] kernel: kvm-guest: setup PV sched yield
[    0.407539] kernel: PM: hibernation: Registered nosave mem----- is restarting 0
---- dfs_name orangefs is_dfs_client 0
ory: [mem 0x00000000-0x00000fff]
[    0.407541] kernel: PM: hibernation: Registered nosave memory: [mem 0x0009f000-0x0009ffff]
[    0.407542] kernel: PM: hibernation: Registered nosave memory: [mem 0x000a0000-0x000effff]
[    0.407543] kernel: PM: hibernation: Registered nosave memory: [mem 0x000f0000-0x000fffff]
[    0.407544] kernel: PM: hibernation: Registered nosave memory: [mem 0xbffe0000-0xbfffffff]
[    0.407545] kernel: PM: hibernation: Registered nosave memory: [mem 0xc0000000-0xfeffbfff]
[    0.407545] kernel: PM: hibernation: Registered nosave memory: [mem 0xfeffc000-0xfeffffff]
[    0.407546] kernel: PM: hibernation: Registered nosave memory: [mem 0xff000000-0xfffbffff]
[    0.407547] kernel: PM: hibernation: Registered nosave memory: [mem 0xfffc0000-0xffffffff]
[    0.407548] kernel: [mem 0xc0000000-0xfeffbfff] available for PCI devices
[    0.407550] kernel: Booting paravirtualized kernel on KVM
[    0.407552] kernel: clocksource: refined-jiffies: mask: 0xffffffff max_cycles: 0xffffffff, max_idle_ns: 1910969940391419 ns
[    0.412574] kernel: setup_percpu: NR_CPUS:64 nr_cpumask_bits:64 nr_cpu_ids:2 nr_node_ids:1
[    0.413194] kernel: percpu: Embedded 56 pages/cpu s191576 r8192 d29608 u1048576
[    0.413200] kernel: pcpu-alloc: s191576 r8192 d29608 u1048576 alloc=1*2097152
[    0.413203] kernel: pcpu-alloc: [0] 0 1 
[    0.413228] kernel: kvm-guest: setup async PF for cpu 0
[    0.413234] kernel: kvm-guest: stealtime: cpu 0, msr 26561f140
[    0.413238] kernel: Built 1 zonelists, mobility grouping on.  Total pages: 2580192
[    0.413239] kernel: Policy zone: Normal
[    0.413241] kernel: Kernel command line: root=/dev/sda console=ttyS0 net.ifnames=0 ip=192.168.0.7 quiet nokaslr
[    0.413326] kernel: Unknown command line parameters: nokaslr
[    0.417971] kernel: Dentry cache hash table entries: 2097152 (order: 12, 16777216 bytes, linear)
[    0.420171] kernel: Inode-cache hash table entries: 1048576 (order: 11, 8388608 bytes, linear)
[    0.420233] unlink FIFO failed: No such file or directory
[    0.000000] kernel: Linux version 5.15.0+ (tlyu@IC-RS3-DPC07) (gcc (Ubuntu 9.4.0-1ubuntu1~20.04.1) 9.4.0, GNU ld (GNU Binutils for Ubuntu) 2.34) #7 SMP Sat Feb 18 10:18:37 CET 2023
[    0.000000] kernel: Command line: root=/dev/sda console=ttyS0 net.ifnames=0 ip=192.168.0.5 quiet nokaslr
[    0.000000] kernel: x86/fpu: Supporting XSAVE feature 0x001: 'x87 floating point registers'
[    0.000000] kernel: x86/fpu: Supporting XSAVE feature 0x002: 'SSE registers'
[    0.000000] kernel: x86/fpu: Supporting XSAVE feature 0x004: 'AVX registers'
[    0.000000] kernel: x86/fpu: Supporting XSAVE feature 0x020: 'AVX-512 opmask'
[    0.000000] kernel: x86/fpu: Supporting XSAVE feature 0x040: 'AVX-512 Hi256'
[    0.000000] kernel: x86/fpu: Supporting XSAVE feature 0x080: 'AVX-512 ZMM_Hi256'
[    0.000000] kernel: x86/fpu: Supporting XSAVE feature 0x200: 'Protection Keys User registers'
[    0.000000] kernel: x86/fpu: xstate_offset[2]:  576, xstate_sizes[2]:  256
[    0.000000] kernel: x86/fpu: xstate_offset[5]:  832, xstate_sizes[5]:   64
[    0.000000] kernel: x86/fpu: xstate_offset[6]:  896, xstate_sizes[6]:  512
[    0.000000] kernel: x86/fpu: xstate_offset[7]: 1408, xstate_sizes[7]: 1024
[    0.000000] kernel: x86/fpu: xstate_offset[9]: 2432, xstate_sizes[9]:    8
[    0.000000] kernel: x86/fpu: Enabled xstate features 0x2e7, context size is 2440 bytes, using 'compacted' format.
[    0.000000] kernel: signal: max sigframe size: 3632
[    0.000000] kernel: BIOS-provided physical RAM map:
[    0.000000] kernel: BIOS-e820: [mem 0x0000000000000000-0x000000000009fbff] usable
[    0.000000] kernel: BIOS-e820: [mem 0x000000000009fc00-0x000000000009ffff] reserved
[    0.000000] kernel: BIOS-e820: [mem 0x00000000000f0000-0x00000000000fffff] reserved
[    0.000000] kernel: BIOS-e820: [mem 0x0000000000100000-0x00000000bffdffff] usable
[    0.000000] kernel: BIOS-e820: [mem 0x00000000bffe0000-0x00000000bfffffff] reserved
[    0.000000] kernel: BIOS-e820: [mem 0x00000000feffc000-0x0[D 01/16/2023 17:42:13] PVFS2 Server version 2.9.7-orangefs-REV-65ab0d2 starting.
[E 01/16/2023 17:43:19] PVFS2 server got signal 15 (server_status_flag: 2080767)
[D 02/18/2023 14:39:31] PVFS2 Server version 2.9.7-orangefs-REV-65ab0d2 starting.
[D 02/18/2023 14:47:30] PVFS2 received server: signal 1
[E 02/18/2023 14:47:30] PVFS2 server got signal 15 (server_status_flag: 2080767)
kernel: mem auto-init: stack:off, heap alloc:off, heap free:off
[    0.596707] kernel: Memory: 8872648K/10485240K available (14348K kernel code, 2403K rwdata, 3568K rodata, 1384K init, 1732K bss, 1612392K reserved, 0K cma-reserved)
[    0.596807] kernel: SLUB: HWalign=64, Order=0-3, MinObjects=0, CPUs=2, Nodes=1
[    0.597348] kernel: rcu: Hierarchical RCU implementation.
[    0.597350] kernel: rcu:         RCU event tracing is enabled.
[    0.597351] kernel: rcu:         RCU restricting CPUs from NR_CPUS=64 to nr_cpu_ids=2.
[    0.597353] kernel: rcu: RCU calculated value of scheduler-enlistment delay is 100 jiffies.
[    0.597354] kernel: rcu: Adjusting geometry for rcu_fanout_leaf=16, nr_cpu_ids=2
[    0.600732] kernel: NR_IRQS: 4352, nr_irqs: 440, preallocated irqs: 16
[    0.600962] kernel: random: get_random_bytes called from start_kernel+0x4b1/0x67a with crng_init=0
[    0.605169] kernel: Console: colour VGA+ 80x25
[    0.605213] kernel: printk: console [ttyS0] enabled
[    0.6executor 0 finishes userspace_cover_open
before receiving handshake request
0000000feffffff] reserved
[    0.000000] kernel: BIOS-e820: [mem 0x00000000fffc0000-0x00000000ffffffff] reserved
[    0.000000] kernel: BIOS-e820: [mem 0x0000000100000000-0x00000002bfffffff] usable
[    0.000000] kernel: NX (Execute Disable) protection: active
[    0.000000] kernel: SMBIOS 2.8 present.
[    0.000000] kernel: DMI: QEMU Standard PC (i440FX + PIIX, 1996), BIOS 1.15.0-1 04/01/2014
[    0.000000] kernel: Hypervisor detected: KVM
[    0.000000] kernel: kvm-clock: Using msrs 4b564d01 and 4b564d00
[    0.000000] kernel: kvm-clock: cpu 0, msr 2c6e001, primary cpu clock
[    0.000001] kernel: kvm-clock: using sched offset of 233475647 cycles
[    0.000002] kernel: clocksource: kvm-clock: mask: 0xffffffffffffffff max_cycles: 0x1cd42e4dffb, max_idle_ns: 881590591483 ns
[    0.000005] kernel: tsc: Detected 2593.904 MHz processor
[    0.000558] kernel: e820: update [mem 0x00000000-0x00000fff] usable ==> reserved
[    0.000561] kernel: e820: remove [mem 0x000a0000-0x000fffff] usable05231] kernel: ACPI: Core revision 20210730
[    0.605392] kernel: clocksource: hpet: mask: 0xffffffff max_cycles: 0xffffffff, max_idle_ns: 19112604467 ns
[    0.605485] kernel: APIC: Switch to symmetric I/O mode setup
[    0.605489] kernel: kvm-guest: setup PV IPIs
[    0.606587] kernel: ..TIMER: vector=0x30 apic1=0 pin1=2 apic2=-1 pin2=-1
[    0.606613] kernel: clocksource: tsc-early: mask: 0xffffffffffffffff max_cycles: 0x2563bd843df, max_idle_ns: 440795257314 ns
[    0.606619] kernel: Calibrating delay loop (skipped) preset value.. 5187.80 BogoMIPS (lpj=2593904)
[    0.606621] kernel: pid_max: default: 32768 minimum: 301
[    0.606657] kernel: LSM: Security Framework initializing
[    0.606672] kernel: SELinux:  Initializing.
[    0.606752] kernel: Mount-cache hash table entries: 32768 (order: 6, 262144 bytes, linear)
[    0.607145] kernel: Mountpoint-cache hash table entries: 32768 (order: 6, 262144 bytes, linear)
[    0.607913] kernel: x86/cpu: User Mode Instruction Prevention (el: ACPI: LAPIC_NMI (acpi_id[0xff] dfl dfl lint[0x1])
[    0.406607] kernel: IOAPIC[0]: apic_id 0, version 17, address 0xfec00000, GSI 0-23
[    0.406610] kernel: ACPI: INT_SRC_OVR (bus 0 bus_irq 0 global_irq 2 dfl dfl)
[    0.406612] kernel: ACPI: INT_SRC_OVR (bus 0 bus_irq 5 global_irq 5 high level)
[    0.406613] kernel: ACPI: INT_SRC_OVR (bus 0 bus_irq 9 global_irq 9 high level)
[    0.406614] kernel: ACPI: INT_SRC_OVR (bus 0 bus_irq 10 global_irq 10 high level)
[    0.406615] kernel: ACPI: INT_SRC_OVR (bus 0 bus_irq 11 global_irq 11 high level)
[    0.406618] kernel: ACPI: Using ACPI (MADT) for SMP configuration information
[    0.406619] kernel: ACPI: HPET id: 0x8086a201 base: 0xfed00000
[    0.406622] kernel: TSC deadline timer available
[    0.406623] kernel: smpboot: Allowing 2 CPUs, 0 hotplug CPUs
[    0.406646] kernel: kvm-guest: KVM setup pv remote TLB flush
[    0.406651] kernel: kvm-guest: setup PV sched yield
[    0.406664] kernel: PM: hibernation: Registered nosave memory: [mem 0x00000000-0x00000fff]
[    0.406666] kernel: PM: hibernation: Registered nosave memory: [mem 0x0009f000-0x0009ffff]
[    0.406667] kernel: PM: hibernation: Registered nosave memory: [mem 0x000a0000-0x000effff]
[    0.406668] kernel: PM: hibernation: Registered nosave memory: [mem 0x000f0000-0x000fffff]
[    0.406669] kernel: PM: hibernation: Registered nosave memory: [mem 0xbffe0000-0xbfffffff]
[    0.406670] kernel: PM: hibernation: Registered nosave memory: [mem 0xc0000000-0xfeffbfff]
[    0.406670] kernel: PM: hibernation: Registered nosave memory: [mem 0xfeffc000-0xfeffffff]
[    0.406671] kernel: PM: hibernation: Registered nosave memory: [mem 0xff000000-0xfffbffff]
[    0.406672] kernel: PM: hibernation: Registered nosave memory: [mem 0xfffc0000-0xffffffff]
[    0.406673] kernel: [mem 0xc0000000-0xfeffbfff] available for PCI devices
[    0.406675] kernel: Booting paravirtualized kernel on KVM
[    0.406677] kernel: clocksource: refined-jiffies: mask: 0xffffffff max_cy
[    0.000564] kernel: last_pfn = 0x2c0000 max_arch_pfn = 0x10000000000
[    0.000621] kernel: x86/PAT: Configuration [0-7]: WB  WC  UC- UC  WB  WP  UC- WT  
[    0.000627] kernel: last_pfn = 0xbffe0 max_arch_pfn = 0x10000000000
[    0.006022] kernel: found SMP MP-table at [mem 0x000f5b90-0x000f5b9f]
[    0.006072] kernel: Using GB pages for direct mapping
[    0.006622] kernel: ACPI: Early table checksum verification disabled
[    0.006627] kernel: ACPI: RSDP 0x00000000000F59B0 000014 (v00 BOCHS )
[    0.006635] kernel: ACPI: RSDT 0x00000000BFFE197C 000034 (v01 BOCHS  BXPC     00000001 BXPC 00000001)
[    0.006640] kernel: ACPI: FACP 0x00000000BFFE1828 000074 (v01 BOCHS  BXPC     00000001 BXPC 00000001)
[    0.006645] kernel: ACPI: DSDT 0x00000000BFFE0040 0017E8 (v01 BOCHS  BXPC     00000001 BXPC 00000001)
[    0.006648] kernel: ACPI: FACS 0x00000000BFFE0000 000040
[    0.006651] kernel: ACPI: APIC 0x00000000BFFE189C 000080 (v01 BOCHS  BXPC     00000001 BXPC 00000001)
[    0.006653]UMIP) activated
[    0.608080] kernel: Last level iTLB entries: 4KB 0, 2MB 0, 4MB 0
[    0.608081] kernel: Last level dTLB entries: 4KB 0, 2MB 0, 4MB 0, 1GB 0
[    0.608092] kernel: Spectre V1 : Mitigation: usercopy/swapgs barriers and __user pointer sanitization
[    0.608096] kernel: Spectre V2 : Mitigation: Enhanced IBRS
[    0.608097] kernel: Spectre V2 : Spectre v2 / SpectreRSB mitigation: Filling RSB on context switch
[    0.608098] kernel: Spectre V2 : mitigation: Enabling conditional Indirect Branch Prediction Barrier
[    0.608100] kernel: Speculative Store Bypass: Mitigation: Speculative Store Bypass disabled via prctl and seccomp
[    0.608101] kernel: TAA: Mitigation: TSX disabled
[    0.614307] kernel: Freeing SMP alternatives memory: 40K
[    0.614449] kernel: smpboot: CPU0: Intel(R) Xeon(R) Gold 6348 CPU @ 2.60GHz (family: 0x6, model: 0x6a, stepping: 0x6)
[    0.614584] kernel: Performance Events: Icelake events, 32-deep LBR, full-width counters, Intel PMU driver.
[     kernel: ACPI: HPET 0x00000000BFFE191C 000038 (v01 BOCHS  BXPC     00000001 BXPC 00000001)
[    0.006656] kernel: ACPI: WAET 0x00000000BFFE1954 000028 (v01 BOCHS  BXPC     00000001 BXPC 00000001)
[    0.006658] kernel: ACPI: Reserving FACP table memory at [mem 0xbffe1828-0xbffe189b]
[    0.006660] kernel: ACPI: Reserving DSDT table memory at [mem 0xbffe0040-0xbffe1827]
[    0.006660] kernel: ACPI: Reserving FACS table memory at [mem 0xbffe0000-0xbffe003f]
[    0.006661] kernel: ACPI: Reserving APIC table memory at [mem 0xbffe189c-0xbffe191b]
[    0.006662] kernel: ACPI: Reserving HPET table memory at [mem 0xbffe191c-0xbffe1953]
[    0.006663] kernel: ACPI: Reserving WAET table memory at [mem 0xbffe1954-0xbffe197b]
[    0.006997] kernel: No NUMA configuration found
[    0.006997] kernel: Faking a node at [mem 0x0000000000000000-0x00000002bfffffff]
[    0.007000] kernel: NODE_DATA(0) allocated [mem 0x2bfffa000-0x2bfffdfff]
[    0.007051] kernel: Zone ranges:
[    0.007052] kernel:   DMA0.614615] kernel: ... version:                2
[    0.614615] kernel: ... bit width:              48
[    0.614615] kernel: ... generic registers:      8
[    0.614615] kernel: ... value mask:             0000ffffffffffff
[    0.614615] kernel: ... max period:             00007fffffffffff
[    0.614615] kernel: ... fixed-purpose events:   3
[    0.614615] kernel: ... event mask:             00000007000000ff
[    0.614615] kernel: rcu: Hierarchical SRCU implementation.
[    0.614615] kernel: smp: Bringing up secondary CPUs ...
[    0.614615] kernel: x86: Booting SMP configuration:
[    0.614615] kernel: .... node  #0, CPUs:      #1
[    0.005685] kernel: kvm-clock: cpu 1, msr 2c6e041, secondary cpu clock
[    0.615169] kernel: kvm-guest: setup async PF for cpu 1
[    0.615169] kernel: kvm-guest: stealtime: cpu 1, msr 26571f140
[    0.615169] kernel: smp: Brought up 1 node, 2 CPUs
[    0.615169] kernel: smpboot: Max logical packages: 1
[    0.615169] kernel: smpboot: Total of 2 process      [mem 0x0000000000001000-0x0000000000ffffff]
[    0.007054] kernel:   DMA32    [mem 0x0000000001000000-0x00000000ffffffff]
[    0.007055] kernel:   Normal   [mem 0x0000000100000000-0x00000002bfffffff]
[    0.007056] kernel: Movable zone start for each node
[    0.007057] kernel: Early memory node ranges
[    0.007058] kernel:   node   0: [mem 0x0000000000001000-0x000000000009efff]
[    0.007059] kernel:   node   0: [mem 0x0000000000100000-0x00000000bffdffff]
[    0.007060] kernel:   node   0: [mem 0x0000000100000000-0x00000002bfffffff]
[    0.007061] kernel: Initmem setup node 0 [mem 0x0000000000001000-0x00000002bfffffff]
[    0.007435] kernel: On node 0, zone DMA: 1 pages in unavailable ranges
[    0.007448] kernel: On node 0, zone DMA: 97 pages in unavailable ranges
[    0.048357] kernel: On node 0, zone Normal: 32 pages in unavailable ranges
[    0.375421] kernel: kasan: KernelAddressSanitizer initialized
[    0.375815] kernel: ACPI: PM-Timer IO Port: 0x608
[    0.375822] kernors activated (10375.61 BogoMIPS)
[    0.616212] kernel: devtmpfs: initialized
[    0.616671] kernel: clocksource: jiffies: mask: 0xffffffff max_cycles: 0xffffffff, max_idle_ns: 1911260446275000 ns
[    0.616673] kernel: futex hash table entries: 512 (order: 3, 32768 bytes, linear)
[    0.617338] kernel: PM: RTC time: 16:15:15, date: 2023-03-25
[    0.617543] kernel: NET: Registered PF_NETLINK/PF_ROUTE protocol family
[    0.617812] kernel: audit: initializing netlink subsys (disabled)
[    0.617830] kernel: audit: type=2000 audit(1679760916.272:1): state=initialized audit_enabled=0 res=1
[    0.618837] kernel: thermal_sys: Registered thermal governor 'step_wise'
[    0.618840] kernel: thermal_sys: Registered thermal governor 'user_space'
[    0.618868] kernel: cpuidle: using governor menu
[    0.618868] kernel: ACPI: bus type PCI registered
[    0.619287] kernel: PCI: Using configuration type 1 for base access
[    0.638681] kernel: Kprobes globally optimized
[    0.638702] kernel: Hel: ACPI: LAPIC_NMI (acpi_id[0xff] dfl dfl lint[0x1])
[    0.375857] kernel: IOAPIC[0]: apic_id 0, version 17, address 0xfec00000, GSI 0-23
[    0.375860] kernel: ACPI: INT_SRC_OVR (bus 0 bus_irq 0 global_irq 2 dfl dfl)
[    0.375862] kernel: ACPI: INT_SRC_OVR (bus 0 bus_irq 5 global_irq 5 high level)
[    0.375863] kernel: ACPI: INT_SRC_OVR (bus 0 bus_irq 9 global_irq 9 high level)
[    0.375864] kernel: ACPI: INT_SRC_OVR (bus 0 bus_irq 10 global_irq 10 high level)
[    0.375865] kernel: ACPI: INT_SRC_OVR (bus 0 bus_irq 11 global_irq 11 high level)
[    0.375868] kernel: ACPI: Using ACPI (MADT) for SMP configuration information
[    0.375869] kernel: ACPI: HPET id: 0x8086a201 base: 0xfed00000
[    0.375872] kernel: TSC deadline timer available
[    0.375873] kernel: smpboot: Allowing 2 CPUs, 0 hotplug CPUs
[    0.375896] kernel: kvm-guest: KVM setup pv remote TLB flush
[    0.375900] kernel: kvm-guest: setup PV sched yield
[    0.375912] kernel: PM: hibernation: Registered nosave memugeTLB registered 2.00 MiB page size, pre-allocated 0 pages
[    0.639641] kernel: cryptomgr_test (27) used greatest stack depth: 31400 bytes left
[    0.640707] kernel: ACPI: Added _OSI(Module Device)
[    0.640709] kernel: ACPI: Added _OSI(Processor Device)
[    0.640711] kernel: ACPI: Added _OSI(3.0 _SCP Extensions)
[    0.640713] kernel: ACPI: Added _OSI(Processor Aggregator Device)
[    0.640719] kernel: ACPI: Added _OSI(Linux-Dell-Video)
[    0.640723] kernel: ACPI: Added _OSI(Linux-Lenovo-NV-HDMI-Audio)
[    0.640728] kernel: ACPI: Added _OSI(Linux-HPI-Hybrid-Graphics)
[    0.651354] kernel: ACPI: 1 ACPI AML tables successfully acquired and loaded
[    0.654456] kernel: ACPI: Interpreter enabled
[    0.654501] kernel: ACPI: PM: (supports S0 S3 S4 S5)
[    0.654503] kernel: ACPI: Using IOAPIC for interrupt routing
[    0.654545] kernel: PCI: Using host bridge windows from ACPI; if necessary, use "pci=nocrs" and report a bug
[    0.655117] kernel: ACPI: Enabled 2 GPEs in block 00before receive testcase: 0 1
cles: 0xffffffff, max_idle_ns: 1910969940391419 ns
[    0.411718] kernel: setup_percpu: NR_CPUS:64 nr_cpumask_bits:64 nr_cpu_ids:2 nr_node_ids:1
[    0.412460] kernel: percpu: Embedded 56 pages/cpu s191576 r8192 d29608 u1048576
[    0.412466] kernel: pcpu-alloc: s191576 r8192 d29608 u1048576 alloc=1*2097152
[    0.412469] kernel: pcpu-alloc: [0] 0 1 
[    0.412493] kernel: kvm-guest: setup async PF for cpu 0
[    0.412499] kernel: kvm-guest: stealtime: cpu 0, msr 26561f140
[    0.412503] kernel: Built 1 zonelists, mobility grouping on.  Total pages: 2580192
[    0.412505] kernel: Policy zone: Normal
[    0.412507] kernel: Kernel command line: root=/dev/sda console=ttyS0 net.ifnames=0 ip=192.168.0.6 quiet nokaslr
[    0.412594] kernel: Unknown command line parameters: nokaslr
[    0.417380] kernel: Dentry cache hash table entries: 2097152 (order: 12, 16777216 bytes, linear)
[    0.419775] kernel: Inode-cache hash table entries: 1048576 (order: 11, 8388608 bytes, linear)
[    0.419840] ory: [mem 0x00000000-0x00000fff]
[    0.375914] kernel: PM: hibernation: Registered nosave memory: [mem 0x0009f000-0x0009ffff]
[    0.375915] kernel: PM: hibernation: Registered nosave memory: [mem 0x000a0000-0x000effff]
[    0.375916] kernel: PM: hibernation: Registered nosave memory: [mem 0x000f0000-0x000fffff]
[    0.375917] kernel: PM: hibernation: Registered nosave memory: [mem 0xbffe0000-0xbfffffff]
[    0.375917] kernel: PM: hibernation: Registered nosave memory: [mem 0xc0000000-0xfeffbfff]
[    0.375918] kernel: PM: hibernation: Registered nosave memory: [mem 0xfeffc000-0xfeffffff]
[    0.375919] kernel: PM: hibernation: Registered nosave memory: [mem 0xff000000-0xfffbffff]
[    0.375919] kernel: PM: hibernation: Registered nosave memory: [mem 0xfffc0000-0xffffffff]
[    0.375921] kernel: [mem 0xc0000000-0xfeffbfff] available for PCI devices
[    0.375922] kernel: Booting paravirtualized kernel on KVM
[    0.375924] kernel: clocksource: refined-jiffies: mask: 0xffffffff max_cy to 0F
[    0.667655] kernel: ACPI: PCI Root Bridge [PCI0] (domain 0000 [bus 00-ff])
[    0.667668] kernel: acpi PNP0A03:00: _OSC: OS supports [ASPM ClockPM Segments MSI HPX-Type3]
[    0.667728] kernel: acpi PNP0A03:00: fail to add MMCONFIG information, can't access extended PCI configuration space under this bridge.
[    0.667860] kernel: PCI host bridge to bus 0000:00
[    0.667863] kernel: pci_bus 0000:00: root bus resource [io  0x0000-0x0cf7 window]
[    0.667866] kernel: pci_bus 0000:00: root bus resource [io  0x0d00-0xffff window]
[    0.667869] kernel: pci_bus 0000:00: root bus resource [mem 0x000a0000-0x000bffff window]
[    0.667871] kernel: pci_bus 0000:00: root bus resource [mem 0xc0000000-0xfebfffff window]
[    0.667873] kernel: pci_bus 0000:00: root bus resource [mem 0x2c0000000-0x33fffffff window]
[    0.667876] kernel: pci_bus 0000:00: root bus resource [bus 00-ff]
[    0.668485] kernel: pci 0000:00:00.0: [8086:1237] type 00 class 0x060000
[    0.672739] kernel: pci 0kernel: mem auto-init: stack:off, heap alloc:off, heap free:off
[    0.596782] kernel: Memory: 8872648K/10485240K available (14348K kernel code, 2403K rwdata, 3568K rodata, 1384K init, 1732K bss, 1612392K reserved, 0K cma-reserved)
[    0.596885] kernel: SLUB: HWalign=64, Order=0-3, MinObjects=0, CPUs=2, Nodes=1
[    0.597436] kernel: rcu: Hierarchical RCU implementation.
[    0.597438] kernel: rcu:         RCU event tracing is enabled.
[    0.597439] kernel: rcu:         RCU restricting CPUs from NR_CPUS=64 to nr_cpu_ids=2.
[    0.597441] kernel: rcu: RCU calculated value of scheduler-enlistment delay is 100 jiffies.
[    0.597443] kernel: rcu: Adjusting geometry for rcu_fanout_leaf=16, nr_cpu_ids=2
[    0.600828] kernel: NR_IRQS: 4352, nr_irqs: 440, preallocated irqs: 16
[    0.601058] kernel: random: get_random_bytes called from start_kernel+0x4b1/0x67a with crng_init=0
[    0.605241] kernel: Console: colour VGA+ 80x25
[    0.605286] kernel: printk: console [ttyS0] enabled
[    0.6cles: 0xffffffff, max_idle_ns: 1910969940391419 ns
[    0.380897] kernel: setup_percpu: NR_CPUS:64 nr_cpumask_bits:64 nr_cpu_ids:2 nr_node_ids:1
[    0.381427] kernel: percpu: Embedded 56 pages/cpu s191576 r8192 d29608 u1048576
[    0.381432] kernel: pcpu-alloc: s191576 r8192 d29608 u1048576 alloc=1*2097152
[    0.381435] kernel: pcpu-alloc: [0] 0 1 
[    0.381461] kernel: kvm-guest: setup async PF for cpu 0
[    0.381467] kernel: kvm-guest: stealtime: cpu 0, msr 26561f140
[    0.381471] kernel: Built 1 zonelists, mobility grouping on.  Total pages: 2580192
[    0.381472] kernel: Policy zone: Normal
[    0.381473] kernel: Kernel command line: root=/dev/sda console=ttyS0 net.ifnames=0 ip=192.168.0.5 quiet nokaslr
[    0.381558] kernel: Unknown command line parameters: nokaslr
[    0.385841] kernel: Dentry cache hash table entries: 2097152 (order: 12, 16777216 bytes, linear)
[    0.387741] kernel: Inode-cache hash table entries: 1048576 (order: 11, 8388608 bytes, linear)
[    0.387804] 000:00:01.0: [8086:7000] type 00 class 0x060100
[    0.673643] kernel: pci 0000:00:01.1: [8086:7010] type 00 class 0x010180
[    0.676136] kernel: pci 0000:00:01.1: reg 0x20: [io  0xc040-0xc04f]
[    0.677144] kernel: pci 0000:00:01.1: legacy IDE quirk: reg 0x10: [io  0x01f0-0x01f7]
[    0.677146] kernel: pci 0000:00:01.1: legacy IDE quirk: reg 0x14: [io  0x03f6]
[    0.677147] kernel: pci 0000:00:01.1: legacy IDE quirk: reg 0x18: [io  0x0170-0x0177]
[    0.677148] kernel: pci 0000:00:01.1: legacy IDE quirk: reg 0x1c: [io  0x0376]
[    0.677895] kernel: pci 0000:00:01.3: [8086:7113] type 00 class 0x068000
[    0.678218] kernel: pci 0000:00:01.3: quirk: [io  0x0600-0x063f] claimed by PIIX4 ACPI
[    0.678225] kernel: pci 0000:00:01.3: quirk: [io  0x0700-0x070f] claimed by PIIX4 SMB
[    0.679239] kernel: pci 0000:00:02.0: [1234:1111] type 00 class 0x030000
[    0.680197] kernel: pci 0000:00:02.0: reg 0x10: [mem 0xfd000000-0xfdffffff pref]
[    0.682491] kernel: pci 0000:00:02.0: reg 0x05304] kernel: ACPI: Core revision 20210730
[    0.605469] kernel: clocksource: hpet: mask: 0xffffffff max_cycles: 0xffffffff, max_idle_ns: 19112604467 ns
[    0.605562] kernel: APIC: Switch to symmetric I/O mode setup
[    0.605566] kernel: kvm-guest: setup PV IPIs
[    0.606659] kernel: ..TIMER: vector=0x30 apic1=0 pin1=2 apic2=-1 pin2=-1
[    0.606684] kernel: clocksource: tsc-early: mask: 0xffffffffffffffff max_cycles: 0x2563bd843df, max_idle_ns: 440795257314 ns
[    0.606691] kernel: Calibrating delay loop (skipped) preset value.. 5187.80 BogoMIPS (lpj=2593904)
[    0.606694] kernel: pid_max: default: 32768 minimum: 301
[    0.606730] kernel: LSM: Security Framework initializing
[    0.606744] kernel: SELinux:  Initializing.
[    0.606826] kernel: Mount-cache hash table entries: 32768 (order: 6, 262144 bytes, linear)
[    0.607271] kernel: Mountpoint-cache hash table entries: 32768 (order: 6, 262144 bytes, linear)
[    0.608021] kernel: x86/cpu: User Mode Instruction Prevention (18: [mem 0xfeb90000-0xfeb90fff]
[    0.686018] kernel: pci 0000:00:02.0: reg 0x30: [mem 0xfeb80000-0xfeb8ffff pref]
[    0.690246] kernel: pci 0000:00:03.0: [1af4:1005] type 00 class 0x00ff00
[    0.691101] kernel: pci 0000:00:03.0: reg 0x10: [io  0xc000-0xc01f]
[    0.694493] kernel: pci 0000:00:03.0: reg 0x20: [mem 0xfe200000-0xfe203fff 64bit pref]
[    0.699356] kernel: pci 0000:00:04.0: [1af4:1000] type 00 class 0x020000
[    0.700085] kernel: pci 0000:00:04.0: reg 0x10: [io  0xc020-0xc03f]
[    0.700618] kernel: pci 0000:00:04.0: reg 0x14: [mem 0xfeb91000-0xfeb91fff]
[    0.703619] kernel: pci 0000:00:04.0: reg 0x20: [mem 0xfe204000-0xfe207fff 64bit pref]
[    0.704519] kernel: pci 0000:00:04.0: reg 0x30: [mem 0xfeb00000-0xfeb7ffff pref]
[    0.709018] kernel: pci 0000:00:10.0: [1af4:1110] type 00 class 0x050000
[    0.709973] kernel: pci 0000:00:10.0: reg 0x10: [mem 0xfeb92000-0xfeb920ff]
[    0.711430] kernel: pci 0000:00:10.0: reg 0x18: [mem 0xfe000000-0xfe0fffff 64bit pref]
[UMIP) activated
[    0.608189] kernel: Last level iTLB entries: 4KB 0, 2MB 0, 4MB 0
[    0.608190] kernel: Last level dTLB entries: 4KB 0, 2MB 0, 4MB 0, 1GB 0
[    0.608201] kernel: Spectre V1 : Mitigation: usercopy/swapgs barriers and __user pointer sanitization
[    0.608206] kernel: Spectre V2 : Mitigation: Enhanced IBRS
[    0.608207] kernel: Spectre V2 : Spectre v2 / SpectreRSB mitigation: Filling RSB on context switch
[    0.608209] kernel: Spectre V2 : mitigation: Enabling conditional Indirect Branch Prediction Barrier
[    0.608210] kernel: Speculative Store Bypass: Mitigation: Speculative Store Bypass disabled via prctl and seccomp
[    0.608211] kernel: TAA: Mitigation: TSX disabled
[    0.614441] kernel: Freeing SMP alternatives memory: 40K
[    0.614591] kernel: smpboot: CPU0: Intel(R) Xeon(R) Gold 6348 CPU @ 2.60GHz (family: 0x6, model: 0x6a, stepping: 0x6)
[    0.614687] kernel: Performance Events: Icelake events, 32-deep LBR, full-width counters, Intel PMU driver.
[        0.719487] kernel: pci 0000:00:11.0: [1af4:1110] type 00 class 0x050000
[    0.719905] kernel: pci 0000:00:11.0: reg 0x10: [mem 0xfeb93000-0xfeb930ff]
[    0.720946] kernel: pci 0000:00:11.0: reg 0x18: [mem 0xfe208000-0xfe2083ff 64bit pref]
[    0.730391] kernel: pci 0000:00:12.0: [1af4:1110] type 00 class 0x050000
[    0.730391] kernel: pci 0000:00:12.0: reg 0x10: [mem 0xfeb94000-0xfeb940ff]
[    0.733206] kernel: pci 0000:00:12.0: reg 0x18: [mem 0xfe100000-0xfe1fffff 64bit pref]
[    0.742249] kernel: ACPI: PCI: Interrupt link LNKA configured for IRQ 10
[    0.742688] kernel: ACPI: PCI: Interrupt link LNKB configured for IRQ 10
[    0.743090] kernel: ACPI: PCI: Interrupt link LNKC configured for IRQ 11
[    0.743491] kernel: ACPI: PCI: Interrupt link LNKD configured for IRQ 11
[    0.743805] kernel: ACPI: PCI: Interrupt link LNKS configured for IRQ 9
[    0.744535] kernel: iommu: Default domain type: Translated 
[    0.744536] kernel: iommu: DMA domain TLB invalidation policy: la0.614749] kernel: ... version:                2
[    0.614750] kernel: ... bit width:              48
[    0.614751] kernel: ... generic registers:      8
[    0.614752] kernel: ... value mask:             0000ffffffffffff
[    0.614753] kernel: ... max period:             00007fffffffffff
[    0.614754] kernel: ... fixed-purpose events:   3
[    0.614754] kernel: ... event mask:             00000007000000ff
[    0.614918] kernel: rcu: Hierarchical SRCU implementation.
[    0.615339] kernel: smp: Bringing up secondary CPUs ...
[    0.615460] kernel: x86: Booting SMP configuration:
[    0.615461] kernel: .... node  #0, CPUs:      #1
[    0.005661] kernel: kvm-clock: cpu 1, msr 2c6e041, secondary cpu clock
[    0.615942] kernel: kvm-guest: setup async PF for cpu 1
[    0.615942] kernel: kvm-guest: stealtime: cpu 1, msr 26571f140
[    0.615942] kernel: smp: Brought up 1 node, 2 CPUs
[    0.615942] kernel: smpboot: Max logical packages: 1
[    0.615942] kernel: smpboot: Total of 2 processzy mode 
[    0.744721] kernel: pci 0000:00:02.0: vgaarb: setting as boot VGA device
[    0.744721] kernel: pci 0000:00:02.0: vgaarb: VGA device added: decodes=io+mem,owns=io+mem,locks=none
[    0.744721] kernel: pci 0000:00:02.0: vgaarb: bridge control possible
[    0.744721] kernel: vgaarb: loaded
[    0.744865] kernel: SCSI subsystem initialized
[    0.745678] kernel: libata version 3.00 loaded.
[    0.745799] kernel: ACPI: bus type USB registered
[    0.745860] kernel: usbcore: registered new interface driver usbfs
[    0.745890] kernel: usbcore: registered new interface driver hub
[    0.745913] kernel: usbcore: registered new device driver usb
[    0.745978] kernel: pps_core: LinuxPPS API ver. 1 registered
[    0.745980] kernel: pps_core: Software ver. 5.3.6 - Copyright 2005-2007 Rodolfo Giometti <giometti@linux.it>
[    0.745992] kernel: PTP clock support registered
[    0.746030] kernel: Advanced Linux Sound Architecture Driver Initialized.
[    0.746030] kernel: NetLabel: Inikernel: mem auto-init: stack:off, heap alloc:off, heap free:off
[    0.543778] kernel: Memory: 8872648K/10485240K available (14348K kernel code, 2403K rwdata, 3568K rodata, 1384K init, 1732K bss, 1612392K reserved, 0K cma-reserved)
[    0.543877] kernel: SLUB: HWalign=64, Order=0-3, MinObjects=0, CPUs=2, Nodes=1
[    0.544358] kernel: rcu: Hierarchical RCU implementation.
[    0.544359] kernel: rcu:         RCU event tracing is enabled.
[    0.544360] kernel: rcu:         RCU restricting CPUs from NR_CPUS=64 to nr_cpu_ids=2.
[    0.544362] kernel: rcu: RCU calculated value of scheduler-enlistment delay is 100 jiffies.
[    0.544363] kernel: rcu: Adjusting geometry for rcu_fanout_leaf=16, nr_cpu_ids=2
[    0.547711] kernel: NR_IRQS: 4352, nr_irqs: 440, preallocated irqs: 16
[    0.547940] kernel: random: get_random_bytes called from start_kernel+0x4b1/0x67a with crng_init=0
[    0.552142] kernel: Console: colour VGA+ 80x25
[    0.552185] kernel: printk: console [ttyS0] enabled
[    0.5----- is restarting 0
---- dfs_name orangefs is_dfs_client 1
52203] kernel: ACPI: Core revision 20210730
[    0.552363] kernel: clocksource: hpet: mask: 0xffffffff max_cycles: 0xffffffff, max_idle_ns: 19112604467 ns
[    0.552454] kernel: APIC: Switch to symmetric I/O mode setup
[    0.552458] kernel: kvm-guest: setup PV IPIs
[    0.553550] kernel: ..TIMER: vector=0x30 apic1=0 pin1=2 apic2=-1 pin2=-1
[    0.553575] kernel: clocksource: tsc-early: mask: 0xffffffffffffffff max_cycles: 0x2563bd843df, max_idle_ns: 440795257314 ns
[    0.553580] kernel: Calibrating delay loop (skipped) preset value.. 5187.80 BogoMIPS (lpj=2593904)
[    0.553583] kernel: pid_max: default: 32768 minimum: 301
[    0.553619] kernel: LSM: Security Framework initializing
[    0.553633] kernel: SELinux:  Initializing.
[    0.553707] kernel: Mount-cache hash table entries: 32768 (order: 6, 262144 bytes, linear)
[    0.554110] kernel: Mountpoint-cache hash table entries: 32768 (order: 6, 262144 bytes, linear)
[    0.554867] kernel: x86/cpu: User Mode Instruction Prevention (UMIP) activated
[    0.555034] kernel: Last level iTLB entries: 4KB 0, 2MB 0, 4MB 0
[    0.555036] kernel: Last level dTLB entries: 4KB 0, 2MB 0, 4MB 0, 1GB 0
[    0.555047] kernel: Spectre V1 : Mitigation: usercopy/swapgs barriers and __user pointer sanitization
[    0.555051] kernel: Spectre V2 : Mitigation: Enhanced IBRS
[    0.555052] kernel: Spectre V2 : Spectre v2 / SpectreRSB mitigation: Filling RSB on context switch
[    0.555053] kernel: Spectre V2 : mitigation: Enabling conditional Indirect Branch Prediction Barrier
[    0.555055] kernel: Speculative Store Bypass: Mitigation: Speculative Store Bypass disabled via prctl and seccomp
[    0.555055] kernel: TAA: Mitigation: TSX disabled
[    0.561230] kernel: Freeing SMP alternatives memory: 40K
[    0.561368] kernel: smpboot: CPU0: Intel(R) Xeon(R) Gold 6348 CPU @ 2.60GHz (family: 0x6, model: 0x6a, stepping: 0x6)
[    0.561488] kernel: Performance Events: Icelake events, 32-deep LBR, full-width counters, Intel PMU driver.
[    before receiving handshake request
[    0.000000] kernel: Linux version 5.15.0+ (tlyu@IC-RS3-DPC07) (gcc (Ubuntu 9.4.0-1ubuntu1~20.04.1) 9.4.0, GNU ld (GNU Binutils for Ubuntu) 2.34) #7 SMP Sat Feb 18 10:18:37 CET 2023
[    0.000000] kernel: Command line: root=/dev/sda console=ttyS0 net.ifnames=0 ip=192.168.0.8 quiet nokaslr
[    0.000000] kernel: x86/fpu: Supporting XSAVE feature 0x001: 'x87 floating point registers'
[    0.000000] kernel: x86/fpu: Supporting XSAVE feature 0x002: 'SSE registers'
[    0.000000] kernel: x86/fpu: Supporting XSAVE feature 0x004: 'AVX registers'
[    0.000000] kernel: x86/fpu: Supporting XSAVE feature 0x020: 'AVX-512 opmask'
[    0.000000] kernel: x86/fpu: Supporting XSAVE feature 0x040: 'AVX-512 Hi256'
[    0.000000] kernel: x86/fpu: Supporting XSAVE feature 0x080: 'AVX-512 ZMM_Hi256'
[    0.000000] kernel: x86/fpu: Supporting XSAVE feature 0x200: 'Protection Keys User registers'
[    0.000000] kernel: x86/fpu: xstate_offset[2]:  576, xstate_sizes[2]:  256
[    0.000000] kernel: x86/fpu: 0.561679] kernel: ... version:                2
[    0.561681] kernel: ... bit width:              48
[    0.561682] kernel: ... generic registers:      8
[    0.561683] kernel: ... value mask:             0000ffffffffffff
[    0.561685] kernel: ... max period:             00007fffffffffff
[    0.561686] kernel: ... fixed-purpose events:   3
[    0.561687] kernel: ... event mask:             00000007000000ff
[    0.561912] kernel: rcu: Hierarchical SRCU implementation.
[    0.562519] kernel: smp: Bringing up secondary CPUs ...
[    0.562685] kernel: x86: Booting SMP configuration:
[    0.562686] kernel: .... node  #0, CPUs:      #1
[    0.005669] kernel: kvm-clock: cpu 1, msr 2c6e041, secondary cpu clock
[    0.563899] kernel: kvm-guest: setup async PF for cpu 1
[    0.563899] kernel: kvm-guest: stealtime: cpu 1, msr 26571f140
[    0.563899] kernel: smp: Brought up 1 node, 2 CPUs
[    0.563899] kernel: smpboot: Max logical packages: 1
[    0.563899] kernel: smpboot: Total of 2 processreq.flags ea2
[D 01/16/2023 17:42:13] PVFS2 Server version 2.9.7-orangefs-REV-65ab0d2 starting.
[E 01/16/2023 17:43:19] PVFS2 server got signal 15 (server_status_flag: 2080767)
[D 02/18/2023 14:39:31] PVFS2 Server version 2.9.7-orangefs-REV-65ab0d2 starting.
[D 02/18/2023 14:47:30] PVFS2 received server: signal 1
[E 02/18/2023 14:47:30] PVFS2 server got signal 15 (server_status_flag: 2080767)
----- uclient_cover_open write to pipe 4
----- uclient_cover_open write to pipe 4
----- uclient_cover_open write to pipe 4
----- uclient_cover_open write to pipe 4
----- uclient_cover_open write to pipe 4
----- uclient_cover_open write to pipe 4
----- uclient_cover_open write to pipe 4
xstate_offset[5]:  832, xstate_sizes[5]:   64
[    0.000000] kernel: x86/fpu: xstate_offset[6]:  896, xstate_sizes[6]:  512
[    0.000000] kernel: x86/fpu: xstate_offset[7]: 1408, xstate_sizes[7]: 1024
[    0.000000] kernel: x86/fpu: xstate_offset[9]: 2432, xstate_sizes[9]:    8
[    0.000000] kernel: x86/fpu: Enabled xstate features 0x2e7, context size is 2440 bytes, using 'compacted' format.
[    0.000000] kernel: signal: max sigframe size: 3632
[    0.000000] kernel: BIOS-provided physical RAM map:
[    0.000000] kernel: BIOS-e820: [mem 0x0000000000000000-0x000000000009fbff] usable
[    0.000000] kernel: BIOS-e820: [mem 0x000000000009fc00-0x000000000009ffff] reserved
[    0.000000] kernel: BIOS-e820: [mem 0x00000000000f0000-0x00000000000fffff] reserved
[    0.000000] kernel: BIOS-e820: [mem 0x0000000000100000-0x00000000bffdffff] usable
[    0.000000] kernel: BIOS-e820: [mem 0x00000000bffe0000-0x00000000bfffffff] reserved
[    0.000000] kernel: BIOS-e820: [mem 0x00000000feffc000-0x0----- uclient_cover_open write to pipe 4
----- uclient_cover_open write to pipe 4
----- uclient_cover_open write to pipe 4
----- uclient_cover_open write to pipe 4
----- uclient_cover_open write to pipe 4
ors activated (10375.61 BogoMIPS)
[    0.564924] kernel: devtmpfs: initialized
[    0.565886] kernel: clocksource: jiffies: mask: 0xffffffff max_cycles: 0xffffffff, max_idle_ns: 1911260446275000 ns
[    0.565895] kernel: futex hash table entries: 512 (order: 3, 32768 bytes, linear)
[    0.566979] kernel: PM: RTC time: 16:15:15, date: 2023-03-25
[    0.567376] kernel: NET: Registered PF_NETLINK/PF_ROUTE protocol family
[    0.568035] kernel: audit: initializing netlink subsys (disabled)
[    0.568616] kernel: audit: type=2000 audit(1679760916.223:1): state=initialized audit_enabled=0 res=1
[    0.568916] kernel: thermal_sys: Registered thermal governor 'step_wise'
[    0.568918] kernel: thermal_sys: Registered thermal governor 'user_space'
[    0.568950] kernel: cpuidle: using governor menu
[    0.568950] kernel: ACPI: bus type PCI registered
[    0.569158] kernel: PCI: Using configuration type 1 for base access
[    0.584695] kernel: Kprobes globally optimized
[    0.584732] kernel: H----- uclient_cover_open write to pipe 4
----- uclient_cover_open write to pipe 4
ugeTLB registered 2.00 MiB page size, pre-allocated 0 pages
[    0.584732] kernel: cryptomgr_test (27) used greatest stack depth: 31400 bytes left
[    0.586706] kernel: ACPI: Added _OSI(Module Device)
[    0.586711] kernel: ACPI: Added _OSI(Processor Device)
[    0.586714] kernel: ACPI: Added _OSI(3.0 _SCP Extensions)
[    0.586716] kernel: ACPI: Added _OSI(Processor Aggregator Device)
[    0.586725] kernel: ACPI: Added _OSI(Linux-Dell-Video)
[    0.586744] kernel: ACPI: Added _OSI(Linux-Lenovo-NV-HDMI-Audio)
[    0.586752] kernel: ACPI: Added _OSI(Linux-HPI-Hybrid-Graphics)
[    0.605877] kernel: ACPI: 1 ACPI AML tables successfully acquired and loaded
[    0.609557] kernel: ACPI: Interpreter enabled
[    0.609736] kernel: ACPI: PM: (supports S0 S3 S4 S5)
[    0.609739] kernel: ACPI: Using IOAPIC for interrupt routing
[    0.609782] kernel: PCI: Using host bridge windows from ACPI; if necessary, use "pci=nocrs" and report a bug
[    0.610415] kernel: ACPI: Enabled 2 GPEs in block 00----- uclient_cover_open write to pipe 4
----- uclient_cover_open write to pipe 4
0000000feffffff] reserved
[    0.000000] kernel: BIOS-e820: [mem 0x00000000fffc0000-0x00000000ffffffff] reserved
[    0.000000] kernel: BIOS-e820: [mem 0x0000000100000000-0x00000002bfffffff] usable
[    0.000000] kernel: NX (Execute Disable) protection: active
[    0.000000] kernel: SMBIOS 2.8 present.
[    0.000000] kernel: DMI: QEMU Standard PC (i440FX + PIIX, 1996), BIOS 1.15.0-1 04/01/2014
[    0.000000] kernel: Hypervisor detected: KVM
[    0.000000] kernel: kvm-clock: Using msrs 4b564d01 and 4b564d00
[    0.000000] kernel: kvm-clock: cpu 0, msr 2c6e001, primary cpu clock
[    0.000001] kernel: kvm-clock: using sched offset of 239323372 cycles
[    0.000002] kernel: clocksource: kvm-clock: mask: 0xffffffffffffffff max_cycles: 0x1cd42e4dffb, max_idle_ns: 881590591483 ns
[    0.000005] kernel: tsc: Detected 2593.904 MHz processor
[    0.000571] kernel: e820: update [mem 0x00000000-0x00000fff] usable ==> reserved
[    0.000573] kernel: e820: remove [mem 0x000a0000-0x000fffff] usable----- executor 3 do_sandbox_none at begining
----- executor 3 do_sandbox_none before fork()

[    0.000577] kernel: last_pfn = 0x2c0000 max_arch_pfn = 0x10000000000
[    0.000633] kernel: x86/PAT: Configuration [0-7]: WB  WC  UC- UC  WB  WP  UC- WT  
[    0.000640] kernel: last_pfn = 0xbffe0 max_arch_pfn = 0x10000000000
[    0.006034] kernel: found SMP MP-table at [mem 0x000f5b90-0x000f5b9f]
[    0.006093] kernel: Using GB pages for direct mapping
[    0.006663] kernel: ACPI: Early table checksum verification disabled
[    0.006670] kernel: ACPI: RSDP 0x00000000000F59B0 000014 (v00 BOCHS )
[    0.006678] kernel: ACPI: RSDT 0x00000000BFFE197C 000034 (v01 BOCHS  BXPC     00000001 BXPC 00000001)
[    0.006683] kernel: ACPI: FACP 0x00000000BFFE1828 000074 (v01 BOCHS  BXPC     00000001 BXPC 00000001)
[    0.006689] kernel: ACPI: DSDT 0x00000000BFFE0040 0017E8 (v01 BOCHS  BXPC     00000001 BXPC 00000001)
[    0.006692] kernel: ACPI: FACS 0x00000000BFFE0000 000040
[    0.006695] kernel: ACPI: APIC 0x00000000BFFE189C 000080 (v01 BOCHS  BXPC     00000001 BXPC 00000001)
[    0.006698] to 0F
[    0.626352] kernel: ACPI: PCI Root Bridge [PCI0] (domain 0000 [bus 00-ff])
[    0.626363] kernel: acpi PNP0A03:00: _OSC: OS supports [ASPM ClockPM Segments MSI HPX-Type3]
[    0.626419] kernel: acpi PNP0A03:00: fail to add MMCONFIG information, can't access extended PCI configuration space under this bridge.
[    0.626545] kernel: PCI host bridge to bus 0000:00
[    0.626548] kernel: pci_bus 0000:00: root bus resource [io  0x0000-0x0cf7 window]
[    0.626551] kernel: pci_bus 0000:00: root bus resource [io  0x0d00-0xffff window]
[    0.626555] kernel: pci_bus 0000:00: root bus resource [mem 0x000a0000-0x000bffff window]
[    0.626557] kernel: pci_bus 0000:00: root bus resource [mem 0xc0000000-0xfebfffff window]
[    0.626560] kernel: pci_bus 0000:00: root bus resource [mem 0x2c0000000-0x33fffffff window]
[    0.626562] kernel: pci_bus 0000:00: root bus resource [bus 00-ff]
[    0.627180] kernel: pci 0000:00:00.0: [8086:1237] type 00 class 0x060000
[    0.631451] kernel: pci 0 kernel: ACPI: HPET 0x00000000BFFE191C 000038 (v01 BOCHS  BXPC     00000001 BXPC 00000001)
[    0.006700] kernel: ACPI: WAET 0x00000000BFFE1954 000028 (v01 BOCHS  BXPC     00000001 BXPC 00000001)
[    0.006702] kernel: ACPI: Reserving FACP table memory at [mem 0xbffe1828-0xbffe189b]
[    0.006704] kernel: ACPI: Reserving DSDT table memory at [mem 0xbffe0040-0xbffe1827]
[    0.006704] kernel: ACPI: Reserving FACS table memory at [mem 0xbffe0000-0xbffe003f]
[    0.006705] kernel: ACPI: Reserving APIC table memory at [mem 0xbffe189c-0xbffe191b]
[    0.006706] kernel: ACPI: Reserving HPET table memory at [mem 0xbffe191c-0xbffe1953]
[    0.006706] kernel: ACPI: Reserving WAET table memory at [mem 0xbffe1954-0xbffe197b]
[    0.007052] kernel: No NUMA configuration found
[    0.007053] kernel: Faking a node at [mem 0x0000000000000000-0x00000002bfffffff]
[    0.007056] kernel: NODE_DATA(0) allocated [mem 0x2bfffa000-0x2bfffdfff]
[    0.007112] kernel: Zone ranges:
[    0.007113] kernel:   DMAors activated (10375.61 BogoMIPS)
[    0.616733] kernel: devtmpfs: initialized
[    0.616874] kernel: clocksource: jiffies: mask: 0xffffffff max_cycles: 0xffffffff, max_idle_ns: 1911260446275000 ns
[    0.616874] kernel: futex hash table entries: 512 (order: 3, 32768 bytes, linear)
[    0.617395] kernel: PM: RTC time: 16:15:15, date: 2023-03-25
[    0.617817] kernel: NET: Registered PF_NETLINK/PF_ROUTE protocol family
[    0.618032] kernel: audit: initializing netlink subsys (disabled)
[    0.618047] kernel: audit: type=2000 audit(1679760916.259:1): state=initialized audit_enabled=0 res=1
[    0.618047] kernel: thermal_sys: Registered thermal governor 'step_wise'
[    0.618047] kernel: thermal_sys: Registered thermal governor 'user_space'
[    0.618047] kernel: cpuidle: using governor menu
[    0.618047] kernel: ACPI: bus type PCI registered
[    0.618047] kernel: PCI: Using configuration type 1 for base access
[    0.625969] kernel: Kprobes globally optimized
[    0.627825] kernel: HugeTLB registered 2.00 MiB page size, pre-allocated 0 pages
[    0.627825] kernel: cryptomgr_test (27) used greatest stack depth: 31400 bytes left
[    0.628769] kernel: ACPI: Added _OSI(Module Device)
[    0.628772] kernel: ACPI: Added _OSI(Processor Device)
[    0.628774] kernel: ACPI: Added _OSI(3.0 _SCP Extensions)
[    0.628775] kernel: ACPI: Added _OSI(Processor Aggregator Device)
[    0.628781] kernel: ACPI: Added _OSI(Linux-Dell-Video)
[    0.628785] kernel: ACPI: Added _OSI(Linux-Lenovo-NV-HDMI-Audio)
[    0.628792] kernel: ACPI: Added _OSI(Linux-HPI-Hybrid-Graphics)
[    0.638786] kernel: ACPI: 1 ACPI AML tables successfully acquired and loaded
[    0.641343] kernel: ACPI: Interpreter enabled
[    0.641383] kernel: ACPI: PM: (supports S0 S3 S4 S5)
[    0.641385] kernel: ACPI: Using IOAPIC for interrupt routing
[    0.641422] kernel: PCI: Using host bridge windows from ACPI; if necessary, use "pci=nocrs" and report a bug
[    0.642022] kernel: ACPI: Enabled 2 GPEs in block 00 to 0F
[    0.654428] kernel: ACPI: PCI Root Bridge [PCI0] (domain 0000 [bus 00-ff])
[    0.654440] kernel: acpi PNP0A03:00: _OSC: OS supports [ASPM ClockPM Segments MSI HPX-Type3]
[    0.654496] kernel: acpi PNP0A03:00: fail to add MMCONFIG information, can't access extended PCI configuration space under this bridge.
[    0.654617] kernel: PCI host bridge to bus 0000:00
[    0.654620] kernel: pci_bus 0000:00: root bus resource [io  0x0000-0x0cf7 window]
[    0.654623] kernel: pci_bus 0000:00: root bus resource [io  0x0d00-0xffff window]
[    0.654625] kernel: pci_bus 0000:00: root bus resource [mem 0x000a0000-0x000bffff window]
[    0.654627] kernel: pci_bus 0000:00: root bus resource [mem 0xc0000000-0xfebfffff window]
[    0.654629] kernel: pci_bus 0000:00: root bus resource [mem 0x2c0000000-0x33fffffff window]
[    0.654632] kernel: pci_bus 0000:00: root bus resource [bus 00-ff]
[    0.655235] kernel: pci 0000:00:00.0: [8086:1237] type 00 class 0x060000
[    0.659426] kernel: pci 0000:00:01.0: [8086:7000] type 00 class 0x060100
[    0.660325] kernel: pci 0000:00:01.1: [8086:7010] type 00 class 0x010180
[    0.662953] kernel: pci 0000:00:01.1: reg 0x20: [io  0xc040-0xc04f]
[    0.663967] kernel: pci 0000:00:01.1: legacy IDE quirk: reg 0x10: [io  0x01f0-0x01f7]
[    0.663970] kernel: pci 0000:00:01.1: legacy IDE quirk: reg 0x14: [io  0x03f6]
[    0.663971] kernel: pci 0000:00:01.1: legacy IDE quirk: reg 0x18: [io  0x0170-0x0177]
[    0.663972] kernel: pci 0000:00:01.1: legacy IDE quirk: reg 0x1c: [io  0x0376]
[    0.664712] kernel: pci 0000:00:01.3: [8086:7113] type 00 class 0x068000
[    0.665032] kernel: pci 0000:00:01.3: quirk: [io  0x0600-0x063f] claimed by PIIX4 ACPI
[    0.665039] kernel: pci 0000:00:01.3: quirk: [io  0x0700-0x070f] claimed by PIIX4 SMB
[    0.666052] kernel: pci 0000:00:02.0: [1234:1111] type 00 class 0x030000
[    0.667245] kernel: pci 0000:00:02.0: reg 0x10: [mem 0xfd000000-0xfdffffff pref]
[    0.669231] kernel: pci 0000:00:02.0: reg 0x18: [mem 0xfeb90000-0xfeb90fff]
[    0.673557] kernel: pci 0000:00:02.0: reg 0x30: [mem 0xfeb80000-0xfeb8ffff pref]
[    0.676132] kernel: pci 0000:00:03.0: [1af4:1005] type 00 class 0x00ff00
[    0.676687] kernel: pci 0000:00:03.0: reg 0x10: [io  0xc000-0xc01f]
[    0.680690] kernel: pci 0000:00:03.0: reg 0x20: [mem 0xfe200000-0xfe203fff 64bit pref]
[    0.684572] kernel: pci 0000:00:04.0: [1af4:1000] type 00 class 0x020000
[    0.685099] kernel: pci 0000:00:04.0: reg 0x10: [io  0xc020-0xc03f]
[    0.686690] kernel: pci 0000:00:04.0: reg 0x14: [mem 0xfeb91000-0xfeb91fff]
[    0.691622] kernel: pci 0000:00:04.0: reg 0x20: [mem 0xfe204000-0xfe207fff 64bit pref]
[    0.693694] kernel: pci 0000:00:04.0: reg 0x30: [mem 0xfeb00000-0xfeb7ffff pref]
[    0.705320] kernel: pci 0000:00:10.0: [1af4:1110] type 00 class 0x050000
[    0.706412] kernel: pci 0000:00:10.0: reg 0x10: [mem 0xfeb92000-0xfeb920ff]
[    0.709425] kernel: pci 0000:00:10.0: reg 0x18: [mem 0xfe000000-0xfe0fffff 64bit pref]
[    0.720060] kernel: pci 0000:00:11.0: [1af4:1110] type 00 class 0x050000
[    0.721691] kernel: pci 0000:00:11.0: reg 0x10: [mem 0xfeb93000-0xfeb930ff]
[    0.723004] kernel: pci 0000:00:11.0: reg 0x18: [mem 0xfe208000-0xfe2083ff 64bit pref]
[    0.728603] kernel: pci 0000:00:12.0: [1af4:1110] type 00 class 0x050000
[    0.729064] kernel: pci 0000:00:12.0: reg 0x10: [mem 0xfeb94000-0xfeb940ff]
[    0.730693] kernel: pci 0000:00:12.0: reg 0x18: [mem 0xfe100000-0xfe1fffff 64bit pref]
[    0.736529] kernel: ACPI: PCI: Interrupt link LNKA configured for IRQ 10
[    0.736960] kernel: ACPI: PCI: Interrupt link LNKB configured for IRQ 10
[    0.737366] kernel: ACPI: PCI: Interrupt link LNKC configured for IRQ 11
[    0.738060] kernel: ACPI: PCI: Interrupt link LNKD configured for IRQ 11
[    0.738223] kernel: ACPI: PCI: Interrupt link LNKS configured for IRQ 9
[    0.738912] kernel: iommu: Default domain type: Translated 
[    0.738913] kernel: iommu: DMA domain TLB invalidation policy: lazy mode 
[    0.740776] kernel: pci 0000:00:02.0: vgaarb: setting as boot VGA device
[    0.740783] kernel: pci 0000:00:02.0: vgaarb: VGA device added: decodes=io+mem,owns=io+mem,locks=none
[    0.740791] kernel: pci 0000:00:02.0: vgaarb: bridge control possible
[    0.740794] kernel: vgaarb: loaded
[    0.741452] kernel: SCSI subsystem initialized
[    0.741734] kernel: libata version 3.00 loaded.
[    0.741825] kernel: ACPI: bus type USB registered
[    0.741867] kernel: usbcore: registered new interface driver usbfs
[    0.741890] kernel: usbcore: registered new interface driver hub
[    0.741905] kernel: usbcore: registered new device driver usb
[    0.741953] kernel: pps_core: LinuxPPS API ver. 1 registered
[    0.741954] kernel: pps_core: Software ver. 5.3.6 - Copyright 2005-2007 Rodolfo Giometti <giometti@linux.it>
[    0.741964] kernel: PTP clock support registered
[    0.741994] kernel: Advanced Linux Sound Architecture Driver Initialized.
[    0.743255] kernel: NetLabel: Initializing
[    0.743258] kernel: NetLabel:  domain hash size = 128
[    0.743260] kernel: NetLabel:  protocols = UNLABELED CIPSOv4 CALIPSO
[    0.743359] kernel: NetLabel:  unlabeled traffic allowed by default
[    0.743449] kernel: PCI: Using ACPI for IRQ routing
[    0.743449] kernel: PCI: pci_cache_line_size set to 64 bytes
[    0.743449] kernel: e820: reserve RAM buffer [mem 0x0009fc00-0x0009ffff]
[    0.743449] kernel: e820: reserve RAM buffer [mem 0xbffe0000-0xbfffffff]
[    0.743449] kernel: hpet0: at MMIO 0xfed00000, IRQs 2, 8, 0
[    0.743449] kernel: hpet0: 3 comparators, 64-bit 100.000000 MHz counter
[    0.747860] kernel: clocksource: Switched to clocksource kvm-clock
[    0.786028] kernel: VFS: Disk quotas dquot_6.6.0
[    0.786055] kernel: VFS: Dquot-cache hash table entries: 512 (order 0, 4096 bytes)
[    0.786161] kernel: pnp: PnP ACPI init
[    0.786370] kernel: pnp 00:02: [dma 2]
[    0.787434] kernel: pnp: PnP ACPI: found 6 devices
[    0.809305] kernel: clocksource000:00:01.0: [8086:7000] type 00 class 0x060100
[    0.632349] kernel: pci 0000:00:01.1: [8086:7010] type 00 class 0x010180
[    0.634580] kernel: pci 0000:00:01.1: reg 0x20: [io  0xc040-0xc04f]
[    0.635596] kernel: pci 0000:00:01.1: legacy IDE quirk: reg 0x10: [io  0x01f0-0x01f7]
[    0.635598] kernel: pci 0000:00:01.1: legacy IDE quirk: reg 0x14: [io  0x03f6]
[    0.635599] kernel: pci 0000:00:01.1: legacy IDE quirk: reg 0x18: [io  0x0170-0x0177]
[    0.635600] kernel: pci 0000:00:01.1: legacy IDE quirk: reg 0x1c: [io  0x0376]
[    0.636349] kernel: pci 0000:00:01.3: [8086:7113] type 00 class 0x068000
[    0.636674] kernel: pci 0000:00:01.3: quirk: [io  0x0600-0x063f] claimed by PIIX4 ACPI
[    0.636681] kernel: pci 0000:00:01.3: quirk: [io  0x0700-0x070f] claimed by PIIX4 SMB
[    0.638051] kernel: pci 0000:00:02.0: [1234:1111] type 00 class 0x030000
[    0.638960] kernel: pci 0000:00:02.0: reg 0x10: [mem 0xfd000000-0xfdffffff pref]
[    0.640379] kernel: pci 0000:00:02.0: reg 0x: acpi_pm: mask: 0xffffff max_cycles: 0xffffff, max_idle_ns: 2085701024 ns
[    0.809357] kernel: NET: Registered PF_INET protocol family
[    0.809906] kernel: IP idents hash table entries: 262144 (order: 9, 2097152 bytes, linear)
[    0.812287] kernel: tcp_listen_portaddr_hash hash table entries: 8192 (order: 5, 131072 bytes, linear)
[    0.812315] kernel: TCP established hash table entries: 131072 (order: 8, 1048576 bytes, linear)
[    0.812449] kernel: TCP bind hash table entries: 65536 (order: 8, 1048576 bytes, linear)
[    0.812896] kernel: TCP: Hash tables configured (established 131072 bind 65536)
[    0.812956] kernel: UDP hash table entries: 8192 (order: 6, 262144 bytes, linear)
[    0.812988] kernel: UDP-Lite hash table entries: 8192 (order: 6, 262144 bytes, linear)
[    0.813087] kernel: NET: Registered PF_UNIX/PF_LOCAL protocol family
[    0.813833] kernel: pci_bus 0000:00: resource 4 [io  0x0000-0x0cf7 window]
[    0.813842] kernel: pci_bus 0000:00: resource 5 [io  0x0d018: [mem 0xfeb90000-0xfeb90fff]
[    0.644119] kernel: pci 0000:00:02.0: reg 0x30: [mem 0xfeb80000-0xfeb8ffff pref]
[    0.648356] kernel: pci 0000:00:03.0: [1af4:1005] type 00 class 0x00ff00
[    0.648943] kernel: pci 0000:00:03.0: reg 0x10: [io  0xc000-0xc01f]
[    0.651266] kernel: pci 0000:00:03.0: reg 0x20: [mem 0xfe200000-0xfe203fff 64bit pref]
[    0.656623] kernel: pci 0000:00:04.0: [1af4:1000] type 00 class 0x020000
[    0.657541] kernel: pci 0000:00:04.0: reg 0x10: [io  0xc020-0xc03f]
[    0.658015] kernel: pci 0000:00:04.0: reg 0x14: [mem 0xfeb91000-0xfeb91fff]
[    0.660268] kernel: pci 0000:00:04.0: reg 0x20: [mem 0xfe204000-0xfe207fff 64bit pref]
[    0.661329] kernel: pci 0000:00:04.0: reg 0x30: [mem 0xfeb00000-0xfeb7ffff pref]
[    0.666445] kernel: pci 0000:00:10.0: [1af4:1110] type 00 class 0x050000
[    0.667269] kernel: pci 0000:00:10.0: reg 0x10: [mem 0xfeb92000-0xfeb920ff]
[    0.669086] kernel: pci 0000:00:10.0: reg 0x18: [mem 0xfe000000-0xfe0fffff 64bit pref]
[0-0xffff window]
[    0.813845] kernel: pci_bus 0000:00: resource 6 [mem 0x000a0000-0x000bffff window]
[    0.813848] kernel: pci_bus 0000:00: resource 7 [mem 0xc0000000-0xfebfffff window]
[    0.813851] kernel: pci_bus 0000:00: resource 8 [mem 0x2c0000000-0x33fffffff window]
[    0.814110] kernel: pci 0000:00:01.0: PIIX3: Enabling Passive Release
[    0.814130] kernel: pci 0000:00:00.0: Limiting direct PCI/PCI transfers
[    0.814149] kernel: pci 0000:00:01.0: Activating ISA DMA hang workarounds
[    0.814236] kernel: pci 0000:00:02.0: Video device with shadowed ROM at [mem 0x000c0000-0x000dffff]
[    0.814324] kernel: PCI: CLS 0 bytes, default 64
[    0.814370] kernel: PCI-DMA: Using software bounce buffering for IO (SWIOTLB)
[    0.814372] kernel: software IO TLB: mapped [mem 0x00000000bbfe0000-0x00000000bffe0000] (64MB)
[    0.815663] kernel: RAPL PMU: API unit is 2^-32 Joules, 0 fixed counters, 10737418240 ms ovfl timer
[    0.815698] kernel: clocksource: tsc: mask: 0xfffffffffff    0.677950] kernel: pci 0000:00:11.0: [1af4:1110] type 00 class 0x050000
[    0.678581] kernel: pci 0000:00:11.0: reg 0x10: [mem 0xfeb93000-0xfeb930ff]
[    0.679870] kernel: pci 0000:00:11.0: reg 0x18: [mem 0xfe208000-0xfe2083ff 64bit pref]
[    0.686557] kernel: pci 0000:00:12.0: [1af4:1110] type 00 class 0x050000
[    0.687422] kernel: pci 0000:00:12.0: reg 0x10: [mem 0xfeb94000-0xfeb940ff]
[    0.688580] kernel: pci 0000:00:12.0: reg 0x18: [mem 0xfe100000-0xfe1fffff 64bit pref]
[    0.695929] kernel: ACPI: PCI: Interrupt link LNKA configured for IRQ 10
[    0.696359] kernel: ACPI: PCI: Interrupt link LNKB configured for IRQ 10
[    0.696797] kernel: ACPI: PCI: Interrupt link LNKC configured for IRQ 11
[    0.697196] kernel: ACPI: PCI: Interrupt link LNKD configured for IRQ 11
[    0.697357] kernel: ACPI: PCI: Interrupt link LNKS configured for IRQ 9
[    0.698064] kernel: iommu: Default domain type: Translated 
[    0.698065] kernel: iommu: DMA domain TLB invalidation policy: labefore receive testcase: 0 1
      [mem 0x0000000000001000-0x0000000000ffffff]
[    0.007115] kernel:   DMA32    [mem 0x0000000001000000-0x00000000ffffffff]
[    0.007116] kernel:   Normal   [mem 0x0000000100000000-0x00000002bfffffff]
[    0.007117] kernel: Movable zone start for each node
[    0.007118] kernel: Early memory node ranges
[    0.007119] kernel:   node   0: [mem 0x0000000000001000-0x000000000009efff]
[    0.007120] kernel:   node   0: [mem 0x0000000000100000-0x00000000bffdffff]
[    0.007122] kernel:   node   0: [mem 0x0000000100000000-0x00000002bfffffff]
[    0.007123] kernel: Initmem setup node 0 [mem 0x0000000000001000-0x00000002bfffffff]
[    0.007513] kernel: On node 0, zone DMA: 1 pages in unavailable ranges
[    0.007526] kernel: On node 0, zone DMA: 97 pages in unavailable ranges
[    0.052606] kernel: On node 0, zone Normal: 32 pages in unavailable ranges
[    0.420097] kernel: kasan: KernelAddressSanitizer initialized
[    0.420496] kernel: ACPI: PM-Timer IO Port: 0x608
[    0.420504] kernfffff max_cycles: 0x2563bd843df, max_idle_ns: 440795257314 ns
[    0.815745] kernel: clocksource: Switched to clocksource tsc
[    0.818561] kernel: Initialise system trusted keyrings
[    0.819167] kernel: workingset: timestamp_bits=56 max_order=22 bucket_order=0
[    0.824773] kernel: fuse: init (API version 7.34)
[    0.825551] kernel: orangefs_debugfs_init: called with debug mask: :none: :0:
[    0.825629] kernel: orangefs_init: module version upstream loaded
[    0.840294] kernel: Key type asymmetric registered
