2023/03/25 19:18:49 fuzzer started
2023/03/25 19:18:50 dialing manager at localhost:40537
2023/03/25 19:18:50 syscalls: 130
2023/03/25 19:18:50 code coverage: enabled
2023/03/25 19:18:50 comparison tracing: enabled
2023/03/25 19:18:50 extra coverage: enabled
2023/03/25 19:18:50 setuid sandbox: enabled
2023/03/25 19:18:50 namespace sandbox: /proc/self/ns/user does not exist
2023/03/25 19:18:50 Android sandbox: /sys/fs/selinux/policy can't be opened (open /sys/fs/selinux/policy: invalid argument)
2023/03/25 19:18:50 fault injection: CONFIG_FAULT_INJECTION_DEBUG_FS or CONFIG_FAILSLAB are not enabled
2023/03/25 19:18:50 leak checking: CONFIG_DEBUG_KMEMLEAK is not enabled
2023/03/25 19:18:50 net packet injection: /dev/net/tun does not exist
2023/03/25 19:18:50 net device setup: enabled
2023/03/25 19:18:50 concurrency sanitizer: /sys/kernel/debug/kcsan does not exist
2023/03/25 19:18:50 devlink PCI setup: enabled
2023/03/25 19:18:50 USB emulation: /dev/raw-gadget does not exist
2023/03/25 19:18:50 hci packet injection: /dev/vhci does not exist
2023/03/25 19:18:50 wifi device emulation: /sys/class/mac80211_hwsim/ does not exist
2023/03/25 19:18:50 802.15.4 emulation: /sys/bus/platform/devices/mac802154_hwsim does not exist
2023/03/25 19:18:50 deserializeInput: hasCrash true hasNet false
2023/03/25 19:18:50 prog length: 6
2023/03/25 19:18:50 prog length: 8
2023/03/25 19:18:50 deserializeInput: hasCrash true hasNet false
2023/03/25 19:18:50 prog length: 6
2023/03/25 19:18:50 prog length: 3
2023/03/25 19:18:50 deserializeInput: hasCrash true hasNet false
2023/03/25 19:18:50 prog length: 6
2023/03/25 19:18:50 prog length: 3
2023/03/25 19:18:50 deserializeInput: hasCrash true hasNet false
2023/03/25 19:18:50 prog length: 6
2023/03/25 19:18:50 prog length: 17
2023/03/25 19:18:50 deserializeInput: hasCrash true hasNet false
2023/03/25 19:18:50 prog length: 6
2023/03/25 19:18:50 prog length: 4
2023/03/25 19:18:50 deserializeInput: hasCrash true hasNet true
2023/03/25 19:18:50 prog length: 6
2023/03/25 19:18:50 prog length: 6
2023/03/25 19:18:50 prog length: 6
2023/03/25 19:18:50 prog length: 7
2023/03/25 19:18:50 deserializeInput: hasCrash true hasNet false
2023/03/25 19:18:50 prog length: 6
2023/03/25 19:18:50 prog length: 22
2023/03/25 19:18:50 deserializeInput: hasCrash true hasNet false
2023/03/25 19:18:50 prog length: 6
2023/03/25 19:18:50 prog length: 3
2023/03/25 19:18:50 deserializeInput: hasCrash true hasNet false
2023/03/25 19:18:50 prog length: 6
2023/03/25 19:18:50 prog length: 8
2023/03/25 19:18:50 deserializeInput: hasCrash true hasNet false
2023/03/25 19:18:50 prog length: 6
2023/03/25 19:18:50 prog length: 9
2023/03/25 19:18:50 deserializeInput: hasCrash true hasNet false
2023/03/25 19:18:50 prog length: 6
2023/03/25 19:18:50 prog length: 9
2023/03/25 19:18:50 deserializeInput: hasCrash true hasNet false
2023/03/25 19:18:50 prog length: 6
2023/03/25 19:18:50 prog length: 4
2023/03/25 19:18:50 deserializeInput: hasCrash true hasNet false
2023/03/25 19:18:50 prog length: 6
2023/03/25 19:18:50 prog length: 21
2023/03/25 19:18:50 deserializeInput: hasCrash true hasNet false
2023/03/25 19:18:50 prog length: 6
2023/03/25 19:18:50 prog length: 22
2023/03/25 19:18:50 deserializeInput: hasCrash true hasNet false
2023/03/25 19:18:50 prog length: 6
2023/03/25 19:18:50 prog length: 8
2023/03/25 19:18:50 deserializeInput: hasCrash false hasNet true
2023/03/25 19:18:50 prog length: 6
2023/03/25 19:18:50 prog length: 3
2023/03/25 19:18:50 deserializeInput: hasCrash true hasNet false
2023/03/25 19:18:50 prog length: 6
2023/03/25 19:18:50 prog length: 22
2023/03/25 19:18:50 deserializeInput: hasCrash true hasNet false
2023/03/25 19:18:50 prog length: 6
2023/03/25 19:18:50 prog length: 22
2023/03/25 19:18:50 deserializeInput: hasCrash true hasNet false
2023/03/25 19:18:50 prog length: 6
2023/03/25 19:18:50 prog length: 17
2023/03/25 19:18:50 deserializeInput: hasCrash true hasNet false
2023/03/25 19:18:50 prog length: 6
2023/03/25 19:18:50 prog length: 8
2023/03/25 19:18:50 deserializeInput: hasCrash true hasNet false
2023/03/25 19:18:50 prog length: 6
2023/03/25 19:18:50 prog length: 6
2023/03/25 19:18:50 deserializeInput: hasCrash true hasNet false
2023/03/25 19:18:50 prog length: 6
2023/03/25 19:18:50 prog length: 3
2023/03/25 19:18:50 deserializeInput: hasCrash true hasNet false
2023/03/25 19:18:50 prog length: 6
2023/03/25 19:18:50 prog length: 3
2023/03/25 19:18:50 deserializeInput: hasCrash true hasNet false
2023/03/25 19:18:50 prog length: 6
2023/03/25 19:18:50 prog length: 21
2023/03/25 19:18:50 deserializeInput: hasCrash true hasNet false
2023/03/25 19:18:50 prog length: 6
2023/03/25 19:18:50 prog length: 3
2023/03/25 19:18:50 deserializeInput: hasCrash true hasNet false
2023/03/25 19:18:50 prog length: 6
2023/03/25 19:18:50 prog length: 6
2023/03/25 19:18:50 prog length: 5
2023/03/25 19:18:50 deserializeInput: hasCrash false hasNet false
2023/03/25 19:18:50 prog length: 20
2023/03/25 19:18:50 deserializeInput: hasCrash true hasNet false
2023/03/25 19:18:50 prog length: 6
2023/03/25 19:18:50 prog length: 5
2023/03/25 19:18:50 deserializeInput: hasCrash true hasNet false
2023/03/25 19:18:50 prog length: 6
2023/03/25 19:18:50 prog length: 17
2023/03/25 19:18:50 deserializeInput: hasCrash true hasNet false
2023/03/25 19:18:50 prog length: 6
2023/03/25 19:18:50 prog length: 22
2023/03/25 19:18:50 deserializeInput: hasCrash true hasNet false
2023/03/25 19:18:50 prog length: 6
2023/03/25 19:18:50 prog length: 20
2023/03/25 19:18:50 deserializeInput: hasCrash true hasNet false
2023/03/25 19:18:50 prog length: 6
2023/03/25 19:18:50 prog length: 4
2023/03/25 19:18:50 deserializeInput: hasCrash true hasNet false
2023/03/25 19:18:50 prog length: 6
2023/03/25 19:18:50 prog length: 8
2023/03/25 19:18:50 deserializeInput: hasCrash true hasNet false
2023/03/25 19:18:50 prog length: 6
2023/03/25 19:18:50 prog length: 17
2023/03/25 19:18:50 deserializeInput: hasCrash true hasNet false
2023/03/25 19:18:50 prog length: 6
2023/03/25 19:18:50 prog length: 22
2023/03/25 19:18:50 deserializeInput: hasCrash true hasNet false
2023/03/25 19:18:50 prog length: 6
2023/03/25 19:18:50 prog length: 22
2023/03/25 19:18:50 deserializeInput: hasCrash true hasNet false
2023/03/25 19:18:50 prog length: 6
2023/03/25 19:18:50 prog length: 9
2023/03/25 19:18:50 deserializeInput: hasCrash true hasNet false
2023/03/25 19:18:50 prog length: 6
2023/03/25 19:18:50 prog length: 13
2023/03/25 19:18:50 deserializeInput: hasCrash true hasNet false
2023/03/25 19:18:50 prog length: 6
2023/03/25 19:18:50 prog length: 17
2023/03/25 19:18:50 deserializeInput: hasCrash true hasNet false
2023/03/25 19:18:50 prog length: 6
2023/03/25 19:18:50 prog length: 22
2023/03/25 19:18:50 deserializeInput: hasCrash false hasNet true
2023/03/25 19:18:50 prog length: 6
2023/03/25 19:18:50 prog length: 3
2023/03/25 19:18:50 deserializeInput: hasCrash true hasNet false
2023/03/25 19:18:50 prog length: 6
2023/03/25 19:18:50 prog length: 21
2023/03/25 19:18:50 deserializeInput: hasCrash false hasNet false
2023/03/25 19:18:50 prog length: 20
2023/03/25 19:18:50 deserializeInput: hasCrash true hasNet false
2023/03/25 19:18:50 prog length: 6
2023/03/25 19:18:50 prog length: 5
2023/03/25 19:18:50 deserializeInput: hasCrash true hasNet false
2023/03/25 19:18:50 prog length: 6
2023/03/25 19:18:50 prog length: 17
2023/03/25 19:18:50 deserializeInput: hasCrash false hasNet false
2023/03/25 19:18:50 prog length: 1
2023/03/25 19:18:50 deserializeInput: hasCrash true hasNet false
2023/03/25 19:18:50 prog length: 6
2023/03/25 19:18:50 prog length: 20
2023/03/25 19:18:50 deserializeInput: hasCrash true hasNet false
2023/03/25 19:18:50 prog length: 6
2023/03/25 19:18:50 prog length: 22
2023/03/25 19:18:50 deserializeInput: hasCrash true hasNet false
2023/03/25 19:18:50 prog length: 6
2023/03/25 19:18:50 prog length: 3
2023/03/25 19:18:50 deserializeInput: hasCrash true hasNet false
2023/03/25 19:18:50 prog length: 6
2023/03/25 19:18:50 prog length: 17
2023/03/25 19:18:50 fetching corpus: 50, signal 5994/18355/25514 (executing program)
2023/03/25 19:18:50 deserializeInput: hasCrash true hasNet true
2023/03/25 19:18:50 prog length: 6
2023/03/25 19:18:50 prog length: 6
2023/03/25 19:18:50 prog length: 6
2023/03/25 19:18:50 prog length: 8
2023/03/25 19:18:50 deserializeInput: hasCrash true hasNet false
2023/03/25 19:18:50 prog length: 6
2023/03/25 19:18:50 prog length: 17
2023/03/25 19:18:50 deserializeInput: hasCrash true hasNet false
2023/03/25 19:18:50 prog length: 6
2023/03/25 19:18:50 prog length: 17
2023/03/25 19:18:50 deserializeInput: hasCrash true hasNet false
2023/03/25 19:18:50 prog length: 6
2023/03/25 19:18:50 prog length: 3
2023/03/25 19:18:50 deserializeInput: hasCrash true hasNet false
2023/03/25 19:18:50 prog length: 6
2023/03/25 19:18:50 prog length: 17
2023/03/25 19:18:50 deserializeInput: hasCrash true hasNet false
2023/03/25 19:18:50 prog length: 6
2023/03/25 19:18:50 prog length: 8
2023/03/25 19:18:50 deserializeInput: hasCrash false hasNet true
2023/03/25 19:18:50 prog length: 6
2023/03/25 19:18:50 prog length: 3
2023/03/25 19:18:50 deserializeInput: hasCrash true hasNet false
2023/03/25 19:18:50 prog length: 6
2023/03/25 19:18:50 prog length: 4
2023/03/25 19:18:50 deserializeInput: hasCrash true hasNet false
2023/03/25 19:18:50 prog length: 6
2023/03/25 19:18:50 prog length: 22
2023/03/25 19:18:50 deserializeInput: hasCrash true hasNet false
2023/03/25 19:18:50 prog length: 6
2023/03/25 19:18:50 prog length: 21
2023/03/25 19:18:50 deserializeInput: hasCrash true hasNet false
2023/03/25 19:18:50 prog length: 6
2023/03/25 19:18:50 prog length: 5
2023/03/25 19:18:50 deserializeInput: hasCrash true hasNet false
2023/03/25 19:18:50 prog length: 6
2023/03/25 19:18:50 prog length: 19
2023/03/25 19:18:50 deserializeInput: hasCrash true hasNet false
2023/03/25 19:18:50 prog length: 6
2023/03/25 19:18:50 prog length: 17
2023/03/25 19:18:50 deserializeInput: hasCrash true hasNet false
2023/03/25 19:18:50 prog length: 6
2023/03/25 19:18:50 prog length: 21
2023/03/25 19:18:50 deserializeInput: hasCrash true hasNet false
2023/03/25 19:18:50 prog length: 6
2023/03/25 19:18:50 prog length: 17
2023/03/25 19:18:50 deserializeInput: hasCrash true hasNet false
2023/03/25 19:18:50 prog length: 6
2023/03/25 19:18:50 prog length: 19
2023/03/25 19:18:50 deserializeInput: hasCrash true hasNet false
2023/03/25 19:18:50 prog length: 6
2023/03/25 19:18:50 prog length: 19
2023/03/25 19:18:50 deserializeInput: hasCrash true hasNet false
2023/03/25 19:18:50 prog length: 6
2023/03/25 19:18:50 prog length: 8
2023/03/25 19:18:50 deserializeInput: hasCrash true hasNet false
2023/03/25 19:18:50 prog length: 6
2023/03/25 19:18:50 prog length: 9
2023/03/25 19:18:50 deserializeInput: hasCrash true hasNet false
2023/03/25 19:18:50 prog length: 6
2023/03/25 19:18:50 prog length: 13
2023/03/25 19:18:50 deserializeInput: hasCrash true hasNet false
2023/03/25 19:18:50 prog length: 6
2023/03/25 19:18:50 prog length: 5
2023/03/25 19:18:50 deserializeInput: hasCrash true hasNet false
2023/03/25 19:18:50 prog length: 6
2023/03/25 19:18:50 prog length: 17
2023/03/25 19:18:50 deserializeInput: hasCrash true hasNet false
2023/03/25 19:18:50 prog length: 6
2023/03/25 19:18:50 prog length: 8
2023/03/25 19:18:50 deserializeInput: hasCrash true hasNet false
2023/03/25 19:18:50 prog length: 6
2023/03/25 19:18:50 prog length: 22
2023/03/25 19:18:50 deserializeInput: hasCrash true hasNet false
2023/03/25 19:18:50 prog length: 6
2023/03/25 19:18:50 prog length: 21
2023/03/25 19:18:50 deserializeInput: hasCrash true hasNet false
2023/03/25 19:18:50 prog length: 6
2023/03/25 19:18:50 prog length: 19
2023/03/25 19:18:50 deserializeInput: hasCrash true hasNet false
2023/03/25 19:18:50 prog length: 6
2023/03/25 19:18:50 prog length: 17
2023/03/25 19:18:50 deserializeInput: hasCrash true hasNet false
2023/03/25 19:18:50 prog length: 6
2023/03/25 19:18:50 prog length: 17
2023/03/25 19:18:50 deserializeInput: hasCrash true hasNet false
2023/03/25 19:18:50 prog length: 6
2023/03/25 19:18:50 prog length: 3
2023/03/25 19:18:50 deserializeInput: hasCrash true hasNet false
2023/03/25 19:18:50 prog length: 6
2023/03/25 19:18:50 prog length: 17
2023/03/25 19:18:50 deserializeInput: hasCrash true hasNet false
2023/03/25 19:18:50 prog length: 6
2023/03/25 19:18:50 prog length: 17
2023/03/25 19:18:50 deserializeInput: hasCrash true hasNet false
2023/03/25 19:18:50 prog length: 6
2023/03/25 19:18:50 prog length: 3
2023/03/25 19:18:50 deserializeInput: hasCrash true hasNet false
2023/03/25 19:18:50 prog length: 6
2023/03/25 19:18:50 prog length: 8
2023/03/25 19:18:50 deserializeInput: hasCrash true hasNet false
2023/03/25 19:18:50 prog length: 6
2023/03/25 19:18:50 prog length: 17
2023/03/25 19:18:50 deserializeInput: hasCrash true hasNet false
2023/03/25 19:18:50 prog length: 6
2023/03/25 19:18:50 prog length: 22
2023/03/25 19:18:50 deserializeInput: hasCrash true hasNet false
2023/03/25 19:18:50 prog length: 6
2023/03/25 19:18:50 prog length: 22
2023/03/25 19:18:50 deserializeInput: hasCrash true hasNet false
2023/03/25 19:18:50 prog length: 6
2023/03/25 19:18:50 prog length: 6
2023/03/25 19:18:50 deserializeInput: hasCrash true hasNet false
2023/03/25 19:18:50 prog length: 6
2023/03/25 19:18:50 prog length: 19
2023/03/25 19:18:50 deserializeInput: hasCrash true hasNet false
2023/03/25 19:18:50 prog length: 6
2023/03/25 19:18:50 prog length: 13
2023/03/25 19:18:50 deserializeInput: hasCrash true hasNet false
2023/03/25 19:18:50 prog length: 6
2023/03/25 19:18:50 prog length: 22
2023/03/25 19:18:50 deserializeInput: hasCrash true hasNet false
2023/03/25 19:18:50 prog length: 6
2023/03/25 19:18:50 prog length: 13
2023/03/25 19:18:50 deserializeInput: hasCrash true hasNet false
2023/03/25 19:18:50 prog length: 6
2023/03/25 19:18:50 prog length: 17
2023/03/25 19:18:50 deserializeInput: hasCrash true hasNet false
2023/03/25 19:18:50 prog length: 6
2023/03/25 19:18:50 prog length: 20
2023/03/25 19:18:50 deserializeInput: hasCrash true hasNet false
2023/03/25 19:18:50 prog length: 6
2023/03/25 19:18:50 prog length: 19
2023/03/25 19:18:50 deserializeInput: hasCrash true hasNet false
2023/03/25 19:18:50 prog length: 6
2023/03/25 19:18:50 prog length: 17
2023/03/25 19:18:50 deserializeInput: hasCrash false hasNet true
2023/03/25 19:18:50 prog length: 6
2023/03/25 19:18:50 prog length: 6
2023/03/25 19:18:50 prog length: 6
2023/03/25 19:18:50 deserializeInput: hasCrash true hasNet false
2023/03/25 19:18:50 prog length: 6
2023/03/25 19:18:50 prog length: 22
2023/03/25 19:18:50 deserializeInput: hasCrash true hasNet false
2023/03/25 19:18:50 prog length: 6
2023/03/25 19:18:50 prog length: 17
2023/03/25 19:18:50 deserializeInput: hasCrash true hasNet false
2023/03/25 19:18:50 prog length: 6
2023/03/25 19:18:50 prog length: 17
2023/03/25 19:18:50 deserializeInput: hasCrash true hasNet false
2023/03/25 19:18:50 prog length: 6
2023/03/25 19:18:50 prog length: 21
2023/03/25 19:18:50 fetching corpus: 100, signal 7157/19725/29015 (executing program)
2023/03/25 19:18:51 deserializeInput: hasCrash true hasNet false
2023/03/25 19:18:51 prog length: 6
2023/03/25 19:18:51 prog length: 17
2023/03/25 19:18:51 deserializeInput: hasCrash true hasNet false
2023/03/25 19:18:51 prog length: 6
2023/03/25 19:18:51 prog length: 19
2023/03/25 19:18:51 deserializeInput: hasCrash true hasNet false
2023/03/25 19:18:51 prog length: 6
2023/03/25 19:18:51 prog length: 4
2023/03/25 19:18:51 deserializeInput: hasCrash true hasNet false
2023/03/25 19:18:51 prog length: 6
2023/03/25 19:18:51 prog length: 17
2023/03/25 19:18:51 deserializeInput: hasCrash true hasNet false
2023/03/25 19:18:51 prog length: 6
2023/03/25 19:18:51 prog length: 22
2023/03/25 19:18:51 deserializeInput: hasCrash true hasNet false
2023/03/25 19:18:51 prog length: 6
2023/03/25 19:18:51 prog length: 20
2023/03/25 19:18:51 deserializeInput: hasCrash true hasNet false
2023/03/25 19:18:51 prog length: 6
2023/03/25 19:18:51 prog length: 22
2023/03/25 19:18:51 deserializeInput: hasCrash true hasNet false
2023/03/25 19:18:51 prog length: 6
2023/03/25 19:18:51 prog length: 17
2023/03/25 19:18:51 deserializeInput: hasCrash true hasNet false
2023/03/25 19:18:51 prog length: 6
2023/03/25 19:18:51 prog length: 21
2023/03/25 19:18:51 deserializeInput: hasCrash true hasNet false
2023/03/25 19:18:51 prog length: 6
2023/03/25 19:18:51 prog length: 5
2023/03/25 19:18:51 deserializeInput: hasCrash true hasNet false
2023/03/25 19:18:51 prog length: 6
2023/03/25 19:18:51 prog length: 22
2023/03/25 19:18:51 deserializeInput: hasCrash true hasNet false
2023/03/25 19:18:51 prog length: 6
2023/03/25 19:18:51 prog length: 17
2023/03/25 19:18:51 deserializeInput: hasCrash true hasNet false
2023/03/25 19:18:51 prog length: 6
2023/03/25 19:18:51 prog length: 17
2023/03/25 19:18:51 deserializeInput: hasCrash true hasNet false
2023/03/25 19:18:51 prog length: 6
2023/03/25 19:18:51 prog length: 9
2023/03/25 19:18:51 deserializeInput: hasCrash true hasNet false
2023/03/25 19:18:51 prog length: 6
2023/03/25 19:18:51 prog length: 20
2023/03/25 19:18:51 deserializeInput: hasCrash true hasNet false
2023/03/25 19:18:51 prog length: 6
2023/03/25 19:18:51 prog length: 4
2023/03/25 19:18:51 deserializeInput: hasCrash true hasNet false
2023/03/25 19:18:51 prog length: 6
2023/03/25 19:18:51 prog length: 9
2023/03/25 19:18:51 deserializeInput: hasCrash true hasNet false
2023/03/25 19:18:51 prog length: 6
2023/03/25 19:18:51 prog length: 9
2023/03/25 19:18:51 deserializeInput: hasCrash true hasNet false
2023/03/25 19:18:51 prog length: 6
2023/03/25 19:18:51 prog length: 22
2023/03/25 19:18:51 deserializeInput: hasCrash true hasNet false
2023/03/25 19:18:51 prog length: 6
2023/03/25 19:18:51 prog length: 13
2023/03/25 19:18:51 deserializeInput: hasCrash true hasNet false
2023/03/25 19:18:51 prog length: 6
2023/03/25 19:18:51 prog length: 17
2023/03/25 19:18:51 deserializeInput: hasCrash true hasNet false
2023/03/25 19:18:51 prog length: 6
2023/03/25 19:18:51 prog length: 22
2023/03/25 19:18:51 deserializeInput: hasCrash true hasNet false
2023/03/25 19:18:51 prog length: 6
2023/03/25 19:18:51 prog length: 17
2023/03/25 19:18:51 deserializeInput: hasCrash true hasNet false
2023/03/25 19:18:51 prog length: 6
2023/03/25 19:18:51 prog length: 5
2023/03/25 19:18:51 deserializeInput: hasCrash true hasNet false
2023/03/25 19:18:51 prog length: 6
2023/03/25 19:18:51 prog length: 19
2023/03/25 19:18:51 deserializeInput: hasCrash true hasNet false
2023/03/25 19:18:51 prog length: 6
2023/03/25 19:18:51 prog length: 17
2023/03/25 19:18:51 deserializeInput: hasCrash true hasNet false
2023/03/25 19:18:51 prog length: 6
2023/03/25 19:18:51 prog length: 13
2023/03/25 19:18:51 deserializeInput: hasCrash true hasNet false
2023/03/25 19:18:51 prog length: 6
2023/03/25 19:18:51 prog length: 13
2023/03/25 19:18:51 deserializeInput: hasCrash true hasNet false
2023/03/25 19:18:51 prog length: 6
2023/03/25 19:18:51 prog length: 20
2023/03/25 19:18:51 deserializeInput: hasCrash true hasNet false
2023/03/25 19:18:51 prog length: 6
2023/03/25 19:18:51 prog length: 9
2023/03/25 19:18:51 deserializeInput: hasCrash true hasNet false
2023/03/25 19:18:51 prog length: 6
2023/03/25 19:18:51 prog length: 20
2023/03/25 19:18:51 deserializeInput: hasCrash true hasNet false
2023/03/25 19:18:51 prog length: 6
2023/03/25 19:18:51 prog length: 13
2023/03/25 19:18:51 deserializeInput: hasCrash true hasNet false
2023/03/25 19:18:51 prog length: 6
2023/03/25 19:18:51 prog length: 3
2023/03/25 19:18:51 deserializeInput: hasCrash true hasNet false
2023/03/25 19:18:51 prog length: 6
2023/03/25 19:18:51 prog length: 13
2023/03/25 19:18:51 deserializeInput: hasCrash true hasNet false
2023/03/25 19:18:51 prog length: 6
2023/03/25 19:18:51 prog length: 3
2023/03/25 19:18:51 deserializeInput: hasCrash true hasNet false
2023/03/25 19:18:51 prog length: 6
2023/03/25 19:18:51 prog length: 5
2023/03/25 19:18:51 deserializeInput: hasCrash true hasNet false
2023/03/25 19:18:51 prog length: 6
2023/03/25 19:18:51 prog length: 21
2023/03/25 19:18:51 deserializeInput: hasCrash true hasNet false
2023/03/25 19:18:51 prog length: 6
2023/03/25 19:18:51 prog length: 9
2023/03/25 19:18:51 deserializeInput: hasCrash false hasNet true
2023/03/25 19:18:51 prog length: 6
2023/03/25 19:18:51 prog length: 5
2023/03/25 19:18:51 deserializeInput: hasCrash true hasNet false
2023/03/25 19:18:51 prog length: 6
2023/03/25 19:18:51 prog length: 13
2023/03/25 19:18:51 deserializeInput: hasCrash true hasNet false
2023/03/25 19:18:51 prog length: 6
2023/03/25 19:18:51 prog length: 22
2023/03/25 19:18:51 deserializeInput: hasCrash true hasNet false
2023/03/25 19:18:51 prog length: 6
2023/03/25 19:18:51 prog length: 10
2023/03/25 19:18:51 deserializeInput: hasCrash true hasNet false
2023/03/25 19:18:51 prog length: 6
2023/03/25 19:18:51 prog length: 3
2023/03/25 19:18:51 deserializeInput: hasCrash true hasNet false
2023/03/25 19:18:51 prog length: 6
2023/03/25 19:18:51 prog length: 13
2023/03/25 19:18:51 deserializeInput: hasCrash false hasNet false
2023/03/25 19:18:51 prog length: 2
2023/03/25 19:18:51 deserializeInput: hasCrash true hasNet false
2023/03/25 19:18:51 prog length: 6
2023/03/25 19:18:51 prog length: 9
2023/03/25 19:18:51 fetching corpus: 146, signal 7279/21064/31426 (executing program)
2023/03/25 19:18:51 fetching corpus: 146, signal 7279/21064/32441 (executing program)
2023/03/25 19:18:51 fetching corpus: 146, signal 7279/21064/33468 (executing program)
2023/03/25 19:18:51 fetching corpus: 146, signal 7279/21064/34489 (executing program)
2023/03/25 19:18:51 fetching corpus: 146, signal 7279/21064/35476 (executing program)
2023/03/25 19:18:51 fetching corpus: 146, signal 7279/21064/36505 (executing program)
2023/03/25 19:18:51 fetching corpus: 146, signal 7279/21064/37536 (executing program)
2023/03/25 19:18:51 fetching corpus: 146, signal 7279/21064/38557 (executing program)
2023/03/25 19:18:51 fetching corpus: 146, signal 7279/21064/39538 (executing program)
2023/03/25 19:18:51 fetching corpus: 146, signal 7279/21064/40527 (executing program)
2023/03/25 19:18:51 fetching corpus: 146, signal 7279/21064/41548 (executing program)
2023/03/25 19:18:51 fetching corpus: 146, signal 7279/21064/42537 (executing program)
2023/03/25 19:18:51 fetching corpus: 146, signal 7279/21064/43502 (executing program)
2023/03/25 19:18:51 fetching corpus: 146, signal 7279/21064/44520 (executing program)
2023/03/25 19:18:51 fetching corpus: 146, signal 7279/21064/45570 (executing program)
2023/03/25 19:18:51 fetching corpus: 146, signal 7279/21064/46588 (executing program)
2023/03/25 19:18:51 fetching corpus: 146, signal 7279/21064/47592 (executing program)
2023/03/25 19:18:51 fetching corpus: 146, signal 7279/21064/48632 (executing program)
2023/03/25 19:18:51 fetching corpus: 146, signal 7279/21064/49647 (executing program)
2023/03/25 19:18:51 fetching corpus: 146, signal 7279/21064/50657 (executing program)
2023/03/25 19:18:51 fetching corpus: 146, signal 7279/21064/51680 (executing program)
2023/03/25 19:18:51 fetching corpus: 146, signal 7279/21064/52661 (executing program)
2023/03/25 19:18:51 fetching corpus: 146, signal 7279/21064/53665 (executing program)
2023/03/25 19:18:51 fetching corpus: 146, signal 7279/21064/54667 (executing program)
2023/03/25 19:18:51 fetching corpus: 146, signal 7279/21064/55675 (executing program)
2023/03/25 19:18:51 fetching corpus: 146, signal 7279/21064/56134 (executing program)
2023/03/25 19:18:51 fetching corpus: 146, signal 7279/21064/56134 (executing program)
2023/03/25 19:18:51 starting 1 fuzzer processes
2023/03/25 19:18:51 ----- generateCall 2361 lsetxattr$trusted_overlay_origin lsetxattr$trusted_overlay_origin
2023/03/25 19:18:51 ----- generateCall 242 fsetxattr$trusted_overlay_redirect fsetxattr$trusted_overlay_redirect
2023/03/25 19:18:51 ----- generateCall 187 faccessat faccessat
2023/03/25 19:18:51 ----- generateCall 242 fsetxattr$trusted_overlay_redirect fsetxattr$trusted_overlay_redirect
2023/03/25 19:18:51 ----- generateCall 2361 lsetxattr$trusted_overlay_origin lsetxattr$trusted_overlay_origin
2023/03/25 19:18:51 ----- generateCall 3761 stat stat
2023/03/25 19:18:51 ----- generateCall 4128 write$binfmt_elf32 write$binfmt_elf32
2023/03/25 19:18:51 ----- generateCall 3677 setxattr$trusted_overlay_upper setxattr$trusted_overlay_upper
2023/03/25 19:18:51 ----- generateCall 3662 setxattr setxattr
2023/03/25 19:18:51 ----- generateCall 2343 link link
2023/03/25 19:18:51 ----- generateCall 242 fsetxattr$trusted_overlay_redirect fsetxattr$trusted_overlay_redirect
2023/03/25 19:18:51 ----- generateCall 2462 openat openat
2023/03/25 19:18:51 ----- generateCall 3666 setxattr$security_capability setxattr$security_capability
2023/03/25 19:18:51 ----- generateCall 2458 open open
2023/03/25 19:18:51 ----- generateCall 2458 open open
2023/03/25 19:18:51 ----- generateCall 202 fcntl$addseals fcntl$addseals
2023/03/25 19:18:51 ----- generateCall 213 fcntl$setpipe fcntl$setpipe
2023/03/25 19:18:51 ----- generateCall 3668 setxattr$security_ima setxattr$security_ima
2023/03/25 19:18:51 ----- generateCall 4127 write$binfmt_aout write$binfmt_aout
2023/03/25 19:18:51 map[./file0:true ./file0/file0:true]
2023/03/25 19:18:51 HasCrashFail: false, .HasNetFail: false
2023/03/25 19:18:51 prog length: 20
2023/03/25 19:18:51 HasCrashFail:false HasNetFail:false
19:18:51 ---executing program 0:
---
---
---
lsetxattr$trusted_overlay_origin(&(0x7f0000000000)='./file0\x00', &(0x7f0000000040), &(0x7f0000000080), 0x2, 0x2)
fsetxattr$trusted_overlay_redirect(0xffffffffffffffff, &(0x7f00000000c0), &(0x7f0000000100)='./file0\x00', 0x8, 0x2)
faccessat(0xffffffffffffff9c, &(0x7f0000000140)='./file0\x00', 0x149)
fsetxattr$trusted_overlay_redirect(0xffffffffffffffff, &(0x7f0000000180), &(0x7f00000001c0)='./file0\x00', 0x8, 0x1)
lsetxattr$trusted_overlay_origin(&(0x7f0000000200)='./file0\x00', &(0x7f0000000240), &(0x7f0000000280), 0x2, 0x3)
stat(&(0x7f00000002c0)='./file0\x00', &(0x7f0000000300)={0x0, 0x0, 0x0, 0x0, <r0=>0x0})
write$binfmt_elf32(0xffffffffffffffff, &(0x7f0000000380)={{0x7f, 0x45, 0x4c, 0x46, 0x91, 0x9, 0x40, 0x6, 0x400, 0x2, 0x3e, 0x10000, 0x2ac, 0x38, 0x1a7, 0x8001, 0xfffb, 0x20, 0x1, 0x3f, 0x2, 0x5}, [{0x0, 0x47c8, 0x4, 0x0, 0x1ff, 0x4, 0x0, 0x1000}], "a2c0312d21403e2c20ad4a3adc7e9df65da8d4694141e2c210342e657f9b1985e5c3be340f2d05781ee995299d4e569998ea0652bd029c22035bd60e2d22b74a553dc859c8045b2273f8eb5f52d300cecbb3c8bbb245629055b321b5d3b4f427c8a4d683d7140fce1efdb0207669e2ab76d5ab9eac59c6d74b51cf5a26530da75531f19a76691693feaec46e79cf5d5bccddeeac6cb7f5197d685e6a98bcc77eb0c8ebaed600c4f41fcb5436bd2be763d0031fa3f2f670bc6fc2feb284c9e8542ec6428df40fdabc21cb42d8afc47185814c34bec3febf657a9323ab50b85090d0fc089c1ce58f4c154fa846", ['\x00', '\x00', '\x00', '\x00', '\x00', '\x00']}, 0x744)
setxattr$trusted_overlay_upper(&(0x7f0000000b00)='./file0\x00', &(0x7f0000000b40), &(0x7f0000000b80)={0x0, 0xfb, 0x68, 0x7, 0x80, "44961d505010ff099efa83c809a87f5b", "87e72abbce77e522a6e6d3b0ce1de5cfcb56c3088905b2a74144c3b48d1c6e21ac3401abd436be0310332cdf882a92734cc92f17400bb74b75f3de3c154541b0ce5ffca252bc5ae5f0a9daf1d985bc52afe4f7"}, 0x68, 0x1)
setxattr(&(0x7f0000000c00)='./file0\x00', &(0x7f0000000c40)=@known='user.incfs.metadata\x00', &(0x7f0000000c80)='\x00', 0x1, 0x3)
link(&(0x7f0000000cc0)='./file0\x00', &(0x7f0000000d00)='./file0\x00')
fsetxattr$trusted_overlay_redirect(0xffffffffffffffff, &(0x7f0000000d40), &(0x7f0000000d80)='./file0\x00', 0x8, 0x2)
r1 = openat(0xffffffffffffffff, &(0x7f0000000dc0)='./file0\x00', 0x501000, 0x130)
setxattr$security_capability(&(0x7f0000000e00)='./file0\x00', &(0x7f0000000e40), &(0x7f0000000e80)=@v3={0x3000000, [{0x20000, 0x6}, {0x58000000, 0x3006efee}], r0}, 0x18, 0x2)
r2 = open(&(0x7f0000000ec0)='./file0\x00', 0x0, 0x10)
r3 = open(&(0x7f0000000f00)='./file0\x00', 0x1, 0x21)
fcntl$addseals(r2, 0x409, 0x2)
fcntl$setpipe(r1, 0x407, 0x7)
setxattr$security_ima(&(0x7f0000000f40)='./file0/file0\x00', &(0x7f0000000f80), &(0x7f0000000fc0)=@sha1={0x1, "d3560ed96445a58b5265fbd9a1fa4a546eb5467e"}, 0x15, 0x3)
r4 = fcntl$dupfd(r1, 0x406, r3)
write$binfmt_aout(r4, &(0x7f0000001000)={{0x10b, 0x7, 0x1f, 0x3aa, 0xc2, 0x17cf, 0x1de, 0x1}, "b06ba777db774ec3499ddd611395df8a8d65d2cbcbd3f4322ce17bf3c2053e23", ['\x00', '\x00', '\x00', '\x00', '\x00', '\x00', '\x00', '\x00', '\x00', '\x00']}, 0xa40)
---

end of program
2023/03/25 19:18:51 -----run executor: [/usr/bin/ssh -F /dev/null -o ConnectionAttempts=100 -o ConnectTimeout=120 -o UserKnownHostsFile=/dev/null -o BatchMode=yes -o IdentitiesOnly=yes -o StrictHostKeyChecking=no -o ConnectTimeout=100 -i /home/tlyu/dfs-fuzzing/disk-images/orangefs-images/focal.id_rsa root@192.168.0.5 /root/syz-executor exec 0 0 orangefs 3 4 192.168.0.5 0 "3 1" false false false false false]
2023/03/25 19:18:51 -----run executor: [/usr/bin/ssh -F /dev/null -o ConnectionAttempts=100 -o ConnectTimeout=120 -o UserKnownHostsFile=/dev/null -o BatchMode=yes -o IdentitiesOnly=yes -o StrictHostKeyChecking=no -o ConnectTimeout=100 -i /home/tlyu/dfs-fuzzing/disk-images/orangefs-images/focal.id_rsa root@192.168.0.6 /root/syz-executor exec 0 1 orangefs 3 4 192.168.0.5 0 "3 1" false false false false false]
2023/03/25 19:18:51 -----run executor: [/usr/bin/ssh -F /dev/null -o ConnectionAttempts=100 -o ConnectTimeout=120 -o UserKnownHostsFile=/dev/null -o BatchMode=yes -o IdentitiesOnly=yes -o StrictHostKeyChecking=no -o ConnectTimeout=100 -i /home/tlyu/dfs-fuzzing/disk-images/orangefs-images/focal.id_rsa root@192.168.0.7 /root/syz-executor exec 0 2 orangefs 3 4 192.168.0.5 0 "3 1" false false false false false]
2023/03/25 19:18:51 -----run executor: [/usr/bin/ssh -F /dev/null -o ConnectionAttempts=100 -o ConnectTimeout=120 -o UserKnownHostsFile=/dev/null -o BatchMode=yes -o IdentitiesOnly=yes -o StrictHostKeyChecking=no -o ConnectTimeout=100 -i /home/tlyu/dfs-fuzzing/disk-images/orangefs-images/focal.id_rsa root@192.168.0.8 /root/syz-executor exec 1 3 orangefs 3 4 192.168.0.5 0 "3 1" false false false false false]
Warning: Permanently added '192.168.0.7' (ED25519) to the list of known hosts.
Warning: Permanently added '192.168.0.6' (ED25519) to the list of known hosts.
Warning: Permanently added '192.168.0.8' (ED25519) to the list of known hosts.
Warning: Permanently added '192.168.0.5' (ED25519) to the list of known hosts.
----- is restarting 0
---- dfs_name orangefs is_dfs_client 0
unlink FIFO failed: No such file or directory
[    0.000000] kernel: Linux version 5.15.0+ (tlyu@IC-RS3-DPC07) (gcc (Ubuntu 9.4.0-1ubuntu1~20.04.1) 9.4.0, GNU ld (GNU Binutils for Ubuntu) 2.34) #7 SMP Sat Feb 18 10:18:37 CET 2023
[    0.000000] kernel: Command line: root=/dev/sda console=ttyS0 net.ifnames=0 ip=192.168.0.7 quiet nokaslr
[    0.000000] kernel: x86/fpu: Supporting XSAVE feature 0x001: 'x87 floating point registers'
[    0.000000] kernel: x86/fpu: Supporting XSAVE feature 0x002: 'SSE registers'
[    0.000000] kernel: x86/fpu: Supporting XSAVE feature 0x004: 'AVX registers'
[    0.000000] kernel: x86/fpu: Supporting XSAVE feature 0x020: 'AVX-512 opmask'
[    0.000000] kernel: x86/fpu: Supporting XSAVE feature 0x040: 'AVX-512 Hi256'
[    0.000000] kernel: x86/fpu: Supporting XSAVE feature 0x080: 'AVX-512 ZMM_Hi256'
[    0.000000] kernel: x86/fpu: Supporting XSAVE feature 0x200: 'Protection Keys User registers'
[    0.000000] kernel: x86/fpu: xstate_offset[2]:  576, xstate_sizes[2]:  256
[    0.000000] kernel: x86/fpu: [D 01/16/2023 17:42:13] PVFS2 Server version 2.9.7-orangefs-REV-65ab0d2 starting.
[E 01/16/2023 17:43:19] PVFS2 server got signal 15 (server_status_flag: 2080767)
[D 02/18/2023 14:39:31] PVFS2 Server version 2.9.7-orangefs-REV-65ab0d2 starting.
[D 02/18/2023 14:47:30] PVFS2 received server: signal 1
[E 02/18/2023 14:47:30] PVFS2 server got signal 15 (server_status_flag: 2080767)
xstate_offset[5]:  832, xstate_sizes[5]:   64
[    0.000000] kernel: x86/fpu: xstate_offset[6]:  896, xstate_sizes[6]:  512
[    0.000000] kernel: x86/fpu: xstate_offset[7]: 1408, xstate_sizes[7]: 1024
[    0.000000] kernel: x86/fpu: xstate_offset[9]: 2432, xstate_sizes[9]:    8
[    0.000000] kernel: x86/fpu: Enabled xstate features 0x2e7, context size is 2440 bytes, using 'compacted' format.
[    0.000000] kernel: signal: max sigframe size: 3632
[    0.000000] kernel: BIOS-provided physical RAM map:
[    0.000000] kernel: BIOS-e820: [mem 0x0000000000000000-0x000000000009fbff] usable
[    0.000000] kernel: BIOS-e820: [mem 0x000000000009fc00-0x000000000009ffff] reserved
[    0.000000] kernel: BIOS-e820: [mem 0x00000000000f0000-0x00000000000fffff] reserved
[    0.000000] kernel: BIOS-e820: [mem 0x0000000000100000-0x00000000bffdffff] usable
[    0.000000] kernel: BIOS-e820: [mem 0x00000000bffe0000-0x00000000bfffffff] reserved
[    0.000000] kernel: BIOS-e820: [mem 0x00000000feffc000-0x00000000feffffff] reserved
[    0.000000] kernel: BIOS-e820: [mem 0x00000000fffc0000-0x00000000ffffffff] reserved
[    0.000000] kernel: BIOS-e820: [mem 0x0000000100000000-0x00000002bfffffff] usable
[    0.000000] kernel: NX (Execute Disable) protection: active
[    0.000000] kernel: SMBIOS 2.8 present.
[    0.000000] kernel: DMI: QEMU Standard PC (i440FX + PIIX, 1996), BIOS 1.15.0-1 04/01/2014
[    0.000000] kernel: Hypervisor detected: KVM
[    0.000000] kernel: kvm-clock: Using msrs 4b564d01 and 4b564d00
[    0.000000] kernel: kvm-clock: cpu 0, msr 2c6e001, primary cpu clock
[    0.000001] kernel: kvm-clock: using sched offset of 218673319 cycles
[    0.000003] kernel: clocksource: kvm-clock: mask: 0xffffffffffffffff max_cycles: 0x1cd42e4dffb, max_idle_ns: 881590591483 ns
[    0.000005] kernel: tsc: Detected 2593.904 MHz processor
[    0.000557] kernel: e820: update [mem 0x00000000-0x00000fff] usable ==> reserved
[    0.000559] kernel: e820: remove [mem 0x000a0000-0x000fffff] usableexecutor 2 finishes userspace_cover_open
before receiving handshake request
req.flags ea2
----- executor 2 do_sandbox_none at begining
----- executor 2 do_sandbox_none before fork()
----- is restarting 0
---- dfs_name orangefs is_dfs_client 0
unlink FIFO failed: No such file or directory
[    0.000000] kernel: Linux version 5.15.0+ (tlyu@IC-RS3-DPC07) (gcc (Ubuntu 9.4.0-1ubuntu1~20.04.1) 9.4.0, GNU ld (GNU Binutils for Ubuntu) 2.34) #7 SMP Sat Feb 18 10:18:37 CET 2023
[    0.000000] kernel: Command line: root=/dev/sda console=ttyS0 net.ifnames=0 ip=192.168.0.6 quiet nokaslr
[    0.000000] kernel: x86/fpu: Supporting XSAVE feature 0x001: 'x87 floating point registers'
[    0.000000] kernel: x86/fpu: Supporting XSAVE feature 0x002: 'SSE registers'
[    0.000000] kernel: x86/fpu: Supporting XSAVE feature 0x004: 'AVX registers'
[    0.000000] kernel: x86/fpu: Supporting XSAVE feature 0x020: 'AVX-512 opmask'
[    0.000000] kernel: x86/fpu: Supporting XSAVE feature 0x040: 'AVX-512 Hi256'
[    0.000000] kernel: x86/fpu: Supporting XSAVE feature 0x080: 'AVX-512 ZMM_Hi256'
[    0.000000] kernel: x86/fpu: Supporting XSAVE feature 0x200: 'Protection Keys User registers'
[    0.000000] kernel: x86/fpu: xstate_offset[2]:  576, xstate_sizes[2]:  256
[    0.000000] kernel: x86/fpu: [D 01/16/2023 17:42:13] PVFS2 Server version 2.9.7-orangefs-REV-65ab0d2 starting.
[E 01/16/2023 17:43:19] PVFS2 server got signal 15 (server_status_flag: 2080767)
[D 02/18/2023 14:39:31] PVFS2 Server version 2.9.7-orangefs-REV-65ab0d2 starting.
[D 02/18/2023 14:47:30] PVFS2 received server: signal 1
[E 02/18/2023 14:47:30] PVFS2 server got signal 15 (server_status_flag: 2080767)
xstate_offset[5]:  832, xstate_sizes[5]:   64
[    0.000000] kernel: x86/fpu: xstate_offset[6]:  896, xstate_sizes[6]:  512
[    0.000000] kernel: x86/fpu: xstate_offset[7]: 1408, xstate_sizes[7]: 1024
[    0.000000] kernel: x86/fpu: xstate_offset[9]: 2432, xstate_sizes[9]:    8
[    0.000000] kernel: x86/fpu: Enabled xstate features 0x2e7, context size is 2440 bytes, using 'compacted' format.
[    0.000000] kernel: signal: max sigframe size: 3632
[    0.000000] kernel: BIOS-provided physical RAM map:
[    0.000000] kernel: BIOS-e820: [mem 0x0000000000000000-0x000000000009fbff] usable
[    0.000000] kernel: BIOS-e820: [mem 0x000000000009fc00-0x000000000009ffff] reserved
[    0.000000] kernel: BIOS-e820: [mem 0x00000000000f0000-0x00000000000fffff] reserved
[    0.000000] kernel: BIOS-e820: [mem 0x0000000000100000-0x00000000bffdffff] usable
[    0.000000] kernel: BIOS-e820: [mem 0x00000000bffe0000-0x00000000bfffffff] reserved
[    0.000000] kernel: BIOS-e820: [mem 0x00000000feffc000-0x0----- is restarting 0
---- dfs_name orangefs is_dfs_client 0
0000000feffffff] reserved
[    0.000000] kernel: BIOS-e820: [mem 0x00000000fffc0000-0x00000000ffffffff] reserved
[    0.000000] kernel: BIOS-e820: [mem 0x0000000100000000-0x00000002bfffffff] usable
[    0.000000] kernel: NX (Execute Disable) protection: active
[    0.000000] kernel: SMBIOS 2.8 present.
[    0.000000] kernel: DMI: QEMU Standard PC (i440FX + PIIX, 1996), BIOS 1.15.0-1 04/01/2014
[    0.000000] kernel: Hypervisor detected: KVM
[    0.000000] kernel: kvm-clock: Using msrs 4b564d01 and 4b564d00
[    0.000000] kernel: kvm-clock: cpu 0, msr 2c6e001, primary cpu clock
[    0.000001] kernel: kvm-clock: using sched offset of 215343919 cycles
[    0.000003] kernel: clocksource: kvm-clock: mask: 0xffffffffffffffff max_cycles: 0x1cd42e4dffb, max_idle_ns: 881590591483 ns
[    0.000005] kernel: tsc: Detected 2593.904 MHz processor
[    0.000565] kernel: e820: update [mem 0x00000000-0x00000fff] usable ==> reserved
[    0.000568] kernel: e820: remove [mem 0x000a0000-0x000fffff] usableunlink FIFO failed: No such file or directory
[D 01/16/2023 17:42:13] PVFS2 Server version 2.9.7-orangefs-REV-65ab0d2 starting.
[E 01/16/2023 17:43:19] PVFS2 server got signal 15 (server_status_flag: 2080767)
[D 02/18/2023 14:39:31] PVFS2 Server version 2.9.7-orangefs-REV-65ab0d2 starting.
[D 02/18/2023 14:47:30] PVFS2 received server: signal 1
[E 02/18/2023 14:47:30] PVFS2 server got signal 15 (server_status_flag: 2080767)
executor 1 finishes userspace_cover_open
before receiving handshake request

[    0.000572] kernel: last_pfn = 0x2c0000 max_arch_pfn = 0x10000000000
[    0.000628] kernel: x86/PAT: Configuration [0-7]: WB  WC  UC- UC  WB  WP  UC- WT  
[    0.000635] kernel: last_pfn = 0xbffe0 max_arch_pfn = 0x10000000000
[    0.006051] kernel: found SMP MP-table at [mem 0x000f5b90-0x000f5b9f]
[    0.006110] kernel: Using GB pages for direct mapping
[    0.006715] kernel: ACPI: Early table checksum verification disabled
[    0.006722] kernel: ACPI: RSDP 0x00000000000F59B0 000014 (v00 BOCHS )
[    0.006730] kernel: ACPI: RSDT 0x00000000BFFE197C 000034 (v01 BOCHS  BXPC     00000001 BXPC 00000001)
[    0.006736] kernel: ACPI: FACP 0x00000000BFFE1828 000074 (v01 BOCHS  BXPC     00000001 BXPC 00000001)
[    0.006741] kernel: ACPI: DSDT 0x00000000BFFE0040 0017E8 (v01 BOCHS  BXPC     00000001 BXPC 00000001)
[    0.006744] kernel: ACPI: FACS 0x00000000BFFE0000 000040
[    0.006747] kernel: ACPI: APIC 0x00000000BFFE189C 000080 (v01 BOCHS  BXPC     00000001 BXPC 00000001)
[    0.006750][    0.000000] kernel: Linux version 5.15.0+ (tlyu@IC-RS3-DPC07) (gcc (Ubuntu 9.4.0-1ubuntu1~20.04.1) 9.4.0, GNU ld (GNU Binutils for Ubuntu) 2.34) #7 SMP Sat Feb 18 10:18:37 CET 2023
[    0.000000] kernel: Command line: root=/dev/sda console=ttyS0 net.ifnames=0 ip=192.168.0.5 quiet nokaslr
[    0.000000] kernel: x86/fpu: Supporting XSAVE feature 0x001: 'x87 floating point registers'
[    0.000000] kernel: x86/fpu: Supporting XSAVE feature 0x002: 'SSE registers'
[    0.000000] kernel: x86/fpu: Supporting XSAVE feature 0x004: 'AVX registers'
[    0.000000] kernel: x86/fpu: Supporting XSAVE feature 0x020: 'AVX-512 opmask'
[    0.000000] kernel: x86/fpu: Supporting XSAVE feature 0x040: 'AVX-512 Hi256'
[    0.000000] kernel: x86/fpu: Supporting XSAVE feature 0x080: 'AVX-512 ZMM_Hi256'
[    0.000000] kernel: x86/fpu: Supporting XSAVE feature 0x200: 'Protection Keys User registers'
[    0.000000] kernel: x86/fpu: xstate_offset[2]:  576, xstate_sizes[2]:  256
[    0.000000] kernel: x86/fpu: req.flags ea2
----- executor 1 do_sandbox_none at begining
----- executor 1 do_sandbox_none before fork()
 kernel: ACPI: HPET 0x00000000BFFE191C 000038 (v01 BOCHS  BXPC     00000001 BXPC 00000001)
[    0.006752] kernel: ACPI: WAET 0x00000000BFFE1954 000028 (v01 BOCHS  BXPC     00000001 BXPC 00000001)
[    0.006755] kernel: ACPI: Reserving FACP table memory at [mem 0xbffe1828-0xbffe189b]
[    0.006756] kernel: ACPI: Reserving DSDT table memory at [mem 0xbffe0040-0xbffe1827]
[    0.006757] kernel: ACPI: Reserving FACS table memory at [mem 0xbffe0000-0xbffe003f]
[    0.006758] kernel: ACPI: Reserving APIC table memory at [mem 0xbffe189c-0xbffe191b]
[    0.006758] kernel: ACPI: Reserving HPET table memory at [mem 0xbffe191c-0xbffe1953]
[    0.006759] kernel: ACPI: Reserving WAET table memory at [mem 0xbffe1954-0xbffe197b]
[    0.007103] kernel: No NUMA configuration found
[    0.007103] kernel: Faking a node at [mem 0x0000000000000000-0x00000002bfffffff]
[    0.007106] kernel: NODE_DATA(0) allocated [mem 0x2bfffa000-0x2bfffdfff]
[    0.007164] kernel: Zone ranges:
[    0.007164] kernel:   DMAxstate_offset[5]:  832, xstate_sizes[5]:   64
[    0.000000] kernel: x86/fpu: xstate_offset[6]:  896, xstate_sizes[6]:  512
[    0.000000] kernel: x86/fpu: xstate_offset[7]: 1408, xstate_sizes[7]: 1024
[    0.000000] kernel: x86/fpu: xstate_offset[9]: 2432, xstate_sizes[9]:    8
[    0.000000] kernel: x86/fpu: Enabled xstate features 0x2e7, context size is 2440 bytes, using 'compacted' format.
[    0.000000] kernel: signal: max sigframe size: 3632
[    0.000000] kernel: BIOS-provided physical RAM map:
[    0.000000] kernel: BIOS-e820: [mem 0x0000000000000000-0x000000000009fbff] usable
[    0.000000] kernel: BIOS-e820: [mem 0x000000000009fc00-0x000000000009ffff] reserved
[    0.000000] kernel: BIOS-e820: [mem 0x00000000000f0000-0x00000000000fffff] reserved
[    0.000000] kernel: BIOS-e820: [mem 0x0000000000100000-0x00000000bffdffff] usable
[    0.000000] kernel: BIOS-e820: [mem 0x00000000bffe0000-0x00000000bfffffff] reserved
[    0.000000] kernel: BIOS-e820: [mem 0x00000000feffc000-0x0
[    0.000563] kernel: last_pfn = 0x2c0000 max_arch_pfn = 0x10000000000
[    0.000618] kernel: x86/PAT: Configuration [0-7]: WB  WC  UC- UC  WB  WP  UC- WT  
[    0.000625] kernel: last_pfn = 0xbffe0 max_arch_pfn = 0x10000000000
[    0.006021] kernel: found SMP MP-table at [mem 0x000f5b90-0x000f5b9f]
[    0.006079] kernel: Using GB pages for direct mapping
[    0.006702] kernel: ACPI: Early table checksum verification disabled
[    0.006708] kernel: ACPI: RSDP 0x00000000000F59B0 000014 (v00 BOCHS )
[    0.006716] kernel: ACPI: RSDT 0x00000000BFFE197C 000034 (v01 BOCHS  BXPC     00000001 BXPC 00000001)
[    0.006721] kernel: ACPI: FACP 0x00000000BFFE1828 000074 (v01 BOCHS  BXPC     00000001 BXPC 00000001)
[    0.006726] kernel: ACPI: DSDT 0x00000000BFFE0040 0017E8 (v01 BOCHS  BXPC     00000001 BXPC 00000001)
[    0.006729] kernel: ACPI: FACS 0x00000000BFFE0000 000040
[    0.006732] kernel: ACPI: APIC 0x00000000BFFE189C 000080 (v01 BOCHS  BXPC     00000001 BXPC 00000001)
[    0.006735]      [mem 0x0000000000001000-0x0000000000ffffff]
[    0.007166] kernel:   DMA32    [mem 0x0000000001000000-0x00000000ffffffff]
[    0.007168] kernel:   Normal   [mem 0x0000000100000000-0x00000002bfffffff]
[    0.007169] kernel: Movable zone start for each node
[    0.007170] kernel: Early memory node ranges
[    0.007171] kernel:   node   0: [mem 0x0000000000001000-0x000000000009efff]
[    0.007172] kernel:   node   0: [mem 0x0000000000100000-0x00000000bffdffff]
[    0.007173] kernel:   node   0: [mem 0x0000000100000000-0x00000002bfffffff]
[    0.007175] kernel: Initmem setup node 0 [mem 0x0000000000001000-0x00000002bfffffff]
[    0.007602] kernel: On node 0, zone DMA: 1 pages in unavailable ranges
[    0.007615] kernel: On node 0, zone DMA: 97 pages in unavailable ranges
[    0.052364] kernel: On node 0, zone Normal: 32 pages in unavailable ranges
[    0.423467] kernel: kasan: KernelAddressSanitizer initialized
[    0.423869] kernel: ACPI: PM-Timer IO Port: 0x608
[    0.423876] kernexecutor 0 finishes userspace_cover_open
before receiving handshake request
0000000feffffff] reserved
[    0.000000] kernel: BIOS-e820: [mem 0x00000000fffc0000-0x00000000ffffffff] reserved
[    0.000000] kernel: BIOS-e820: [mem 0x0000000100000000-0x00000002bfffffff] usable
[    0.000000] kernel: NX (Execute Disable) protection: active
[    0.000000] kernel: SMBIOS 2.8 present.
[    0.000000] kernel: DMI: QEMU Standard PC (i440FX + PIIX, 1996), BIOS 1.15.0-1 04/01/2014
[    0.000000] kernel: Hypervisor detected: KVM
[    0.000000] kernel: kvm-clock: Using msrs 4b564d01 and 4b564d00
[    0.000000] kernel: kvm-clock: cpu 0, msr 2c6e001, primary cpu clock
[    0.000001] kernel: kvm-clock: using sched offset of 217726543 cycles
[    0.000003] kernel: clocksource: kvm-clock: mask: 0xffffffffffffffff max_cycles: 0x1cd42e4dffb, max_idle_ns: 881590591483 ns
[    0.000005] kernel: tsc: Detected 2593.904 MHz processor
[    0.000563] kernel: e820: update [mem 0x00000000-0x00000fff] usable ==> reserved
[    0.000566] kernel: e820: remove [mem 0x000a0000-0x000fffff] usablebefore receive testcase: 0 1
 kernel: ACPI: HPET 0x00000000BFFE191C 000038 (v01 BOCHS  BXPC     00000001 BXPC 00000001)
[    0.006737] kernel: ACPI: WAET 0x00000000BFFE1954 000028 (v01 BOCHS  BXPC     00000001 BXPC 00000001)
[    0.006739] kernel: ACPI: Reserving FACP table memory at [mem 0xbffe1828-0xbffe189b]
[    0.006741] kernel: ACPI: Reserving DSDT table memory at [mem 0xbffe0040-0xbffe1827]
[    0.006742] kernel: ACPI: Reserving FACS table memory at [mem 0xbffe0000-0xbffe003f]
[    0.006742] kernel: ACPI: Reserving APIC table memory at [mem 0xbffe189c-0xbffe191b]
[    0.006743] kernel: ACPI: Reserving HPET table memory at [mem 0xbffe191c-0xbffe1953]
[    0.006744] kernel: ACPI: Reserving WAET table memory at [mem 0xbffe1954-0xbffe197b]
[    0.007086] kernel: No NUMA configuration found
[    0.007087] kernel: Faking a node at [mem 0x0000000000000000-0x00000002bfffffff]
[    0.007089] kernel: NODE_DATA(0) allocated [mem 0x2bfffa000-0x2bfffdfff]
[    0.007143] kernel: Zone ranges:
[    0.007144] kernel:   DMAel: ACPI: LAPIC_NMI (acpi_id[0xff] dfl dfl lint[0x1])
[    0.423916] kernel: IOAPIC[0]: apic_id 0, version 17, address 0xfec00000, GSI 0-23
[    0.423920] kernel: ACPI: INT_SRC_OVR (bus 0 bus_irq 0 global_irq 2 dfl dfl)
[    0.423922] kernel: ACPI: INT_SRC_OVR (bus 0 bus_irq 5 global_irq 5 high level)
[    0.423923] kernel: ACPI: INT_SRC_OVR (bus 0 bus_irq 9 global_irq 9 high level)
[    0.423924] kernel: ACPI: INT_SRC_OVR (bus 0 bus_irq 10 global_irq 10 high level)
[    0.423926] kernel: ACPI: INT_SRC_OVR (bus 0 bus_irq 11 global_irq 11 high level)
[    0.423929] kernel: ACPI: Using ACPI (MADT) for SMP configuration information
[    0.423930] kernel: ACPI: HPET id: 0x8086a201 base: 0xfed00000
[    0.423934] kernel: TSC deadline timer available
[    0.423935] kernel: smpboot: Allowing 2 CPUs, 0 hotplug CPUs
[    0.423959] kernel: kvm-guest: KVM setup pv remote TLB flush
[    0.423964] kernel: kvm-guest: setup PV sched yield
[    0.423976] kernel: PM: hibernation: Registered nosave memory: [mem 0x00000000-0x00000fff]
[    0.423978] kernel: PM: hibernation: Registered nosave memory: [mem 0x0009f000-0x0009ffff]
[    0.423979] kernel: PM: hibernation: Registered nosave memory: [mem 0x000a0000-0x000effff]
[    0.423979] kernel: PM: hibernation: Registered nosave memory: [mem 0x000f0000-0x000fffff]
[    0.423980] kernel: PM: hibernation: Registered nosave memory: [mem 0xbffe0000-0xbfffffff]
[    0.423981] kernel: PM: hibernation: Registered nosave memory: [mem 0xc0000000-0xfeffbfff]
[    0.423982] kernel: PM: hibernation: Registered nosave memory: [mem 0xfeffc000-0xfeffffff]
[    0.423983] kernel: PM: hibernation: Registered nosave memory: [mem 0xff000000-0xfffbffff]
[    0.423983] kernel: PM: hibernation: Registered nosave memory: [mem 0xfffc0000-0xffffffff]
[    0.423985] kernel: [mem 0xc0000000-0xfeffbfff] available for PCI devices
[    0.423986] kernel: Booting paravirtualized kernel on KVM
[    0.423988] kernel: clocksource: refined-jiffies: mask: 0xffffffff max_cycles: 0xffffffff, max_idle_ns: 1910969940391419 ns
[    0.429028] kernel: setup_percpu: NR_CPUS:64 nr_cpumask_bits:64 nr_cpu_ids:2 nr_node_ids:1
[    0.429611] kernel: percpu: Embedded 56 pages/cpu s191576 r8192 d29608 u1048576
[    0.429617] kernel: pcpu-alloc: s191576 r8192 d29608 u1048576 alloc=1*2097152
[    0.429620] kernel: pcpu-alloc: [0] 0 1 
[    0.429645] kernel: kvm-guest: setup async PF for cpu 0
[    0.429651] kernel: kvm-guest: stealtime: cpu 0, msr 26561f140
[    0.429655] kernel: Built 1 zonelists, mobility grouping on.  Total pages: 2580192
[    0.429656] kernel: Policy zone: Normal
[    0.429658] kernel: Kernel command line: root=/dev/sda console=ttyS0 net.ifnames=0 ip=192.168.0.6 quiet nokaslr
[    0.429744] kernel: Unknown command line parameters: nokaslr
[    0.434232] kernel: Dentry cache hash table entries: 2097152 (order: 12, 16777216 bytes, linear)
[    0.436558] kernel: Inode-cache hash table entries: 1048576 (order: 11, 8388608 bytes, linear)
[    0.436625] before receive testcase: 0 1
      [mem 0x0000000000001000-0x0000000000ffffff]
[    0.007146] kernel:   DMA32    [mem 0x0000000001000000-0x00000000ffffffff]
[    0.007147] kernel:   Normal   [mem 0x0000000100000000-0x00000002bfffffff]
[    0.007148] kernel: Movable zone start for each node
[    0.007149] kernel: Early memory node ranges
[    0.007150] kernel:   node   0: [mem 0x0000000000001000-0x000000000009efff]
[    0.007151] kernel:   node   0: [mem 0x0000000000100000-0x00000000bffdffff]
[    0.007152] kernel:   node   0: [mem 0x0000000100000000-0x00000002bfffffff]
[    0.007154] kernel: Initmem setup node 0 [mem 0x0000000000001000-0x00000002bfffffff]
[    0.007544] kernel: On node 0, zone DMA: 1 pages in unavailable ranges
[    0.007557] kernel: On node 0, zone DMA: 97 pages in unavailable ranges
[    0.052620] kernel: On node 0, zone Normal: 32 pages in unavailable ranges
[    0.424658] kernel: kasan: KernelAddressSanitizer initialized
[    0.425084] kernel: ACPI: PM-Timer IO Port: 0x608
[    0.425093] kernkernel: mem auto-init: stack:off, heap alloc:off, heap free:off
[    0.630039] kernel: Memory: 8872648K/10485240K available (14348K kernel code, 2403K rwdata, 3568K rodata, 1384K init, 1732K bss, 1612392K reserved, 0K cma-reserved)
[    0.630139] kernel: SLUB: HWalign=64, Order=0-3, MinObjects=0, CPUs=2, Nodes=1
[    0.630629] kernel: rcu: Hierarchical RCU implementation.
[    0.630630] kernel: rcu:         RCU event tracing is enabled.
[    0.630631] kernel: rcu:         RCU restricting CPUs from NR_CPUS=64 to nr_cpu_ids=2.
[    0.630633] kernel: rcu: RCU calculated value of scheduler-enlistment delay is 100 jiffies.
[    0.630634] kernel: rcu: Adjusting geometry for rcu_fanout_leaf=16, nr_cpu_ids=2
[    0.633974] kernel: NR_IRQS: 4352, nr_irqs: 440, preallocated irqs: 16
[    0.634201] kernel: random: get_random_bytes called from start_kernel+0x4b1/0x67a with crng_init=0
[    0.638336] kernel: Console: colour VGA+ 80x25
[    0.638379] kernel: printk: console [ttyS0] enabled
[    0.6el: ACPI: LAPIC_NMI (acpi_id[0xff] dfl dfl lint[0x1])
[    0.425133] kernel: IOAPIC[0]: apic_id 0, version 17, address 0xfec00000, GSI 0-23
[    0.425136] kernel: ACPI: INT_SRC_OVR (bus 0 bus_irq 0 global_irq 2 dfl dfl)
[    0.425139] kernel: ACPI: INT_SRC_OVR (bus 0 bus_irq 5 global_irq 5 high level)
[    0.425140] kernel: ACPI: INT_SRC_OVR (bus 0 bus_irq 9 global_irq 9 high level)
[    0.425141] kernel: ACPI: INT_SRC_OVR (bus 0 bus_irq 10 global_irq 10 high level)
[    0.425143] kernel: ACPI: INT_SRC_OVR (bus 0 bus_irq 11 global_irq 11 high level)
[    0.425146] kernel: ACPI: Using ACPI (MADT) for SMP configuration information
[    0.425147] kernel: ACPI: HPET id: 0x8086a201 base: 0xfed00000
[    0.425151] kernel: TSC deadline timer available
[    0.425153] kernel: smpboot: Allowing 2 CPUs, 0 hotplug CPUs
[    0.425177] kernel: kvm-guest: KVM setup pv remote TLB flush
[    0.425182] kernel: kvm-guest: setup PV sched yield
[    0.425196] kernel: PM: hibernation: Registered nosave mem38396] kernel: ACPI: Core revision 20210730
[    0.638551] kernel: clocksource: hpet: mask: 0xffffffff max_cycles: 0xffffffff, max_idle_ns: 19112604467 ns
[    0.638641] kernel: APIC: Switch to symmetric I/O mode setup
[    0.638644] kernel: kvm-guest: setup PV IPIs
[    0.639732] kernel: ..TIMER: vector=0x30 apic1=0 pin1=2 apic2=-1 pin2=-1
[    0.639757] kernel: clocksource: tsc-early: mask: 0xffffffffffffffff max_cycles: 0x2563bd843df, max_idle_ns: 440795257314 ns
[    0.639763] kernel: Calibrating delay loop (skipped) preset value.. 5187.80 BogoMIPS (lpj=2593904)
[    0.639765] kernel: pid_max: default: 32768 minimum: 301
[    0.639801] kernel: LSM: Security Framework initializing
[    0.639815] kernel: SELinux:  Initializing.
[    0.639888] kernel: Mount-cache hash table entries: 32768 (order: 6, 262144 bytes, linear)
[    0.640279] kernel: Mountpoint-cache hash table entries: 32768 (order: 6, 262144 bytes, linear)
[    0.641029] kernel: x86/cpu: User Mode Instruction Prevention (ory: [mem 0x00000000-0x00000fff]
[    0.425198] kernel: PM: hibernation: Registered nosave memory: [mem 0x0009f000-0x0009ffff]
[    0.425199] kernel: PM: hibernation: Registered nosave memory: [mem 0x000a0000-0x000effff]
[    0.425200] kernel: PM: hibernation: Registered nosave memory: [mem 0x000f0000-0x000fffff]
[    0.425201] kernel: PM: hibernation: Registered nosave memory: [mem 0xbffe0000-0xbfffffff]
[    0.425202] kernel: PM: hibernation: Registered nosave memory: [mem 0xc0000000-0xfeffbfff]
[    0.425202] kernel: PM: hibernation: Registered nosave memory: [mem 0xfeffc000-0xfeffffff]
[    0.425203] kernel: PM: hibernation: Registered nosave memory: [mem 0xff000000-0xfffbffff]
[    0.425204] kernel: PM: hibernation: Registered nosave memory: [mem 0xfffc0000-0xffffffff]
[    0.425205] kernel: [mem 0xc0000000-0xfeffbfff] available for PCI devices
[    0.425206] kernel: Booting paravirtualized kernel on KVM
[    0.425209] kernel: clocksource: refined-jiffies: mask: 0xffffffff max_cy----- is restarting 0
---- dfs_name orangefs is_dfs_client 1
before receiving handshake request
[    0.000000] kernel: Linux version 5.15.0+ (tlyu@IC-RS3-DPC07) (gcc (Ubuntu 9.4.0-1ubuntu1~20.04.1) 9.4.0, GNU ld (GNU Binutils for Ubuntu) 2.34) #7 SMP Sat Feb 18 10:18:37 CET 2023
[    0.000000] kernel: Command line: root=/dev/sda console=ttyS0 net.ifnames=0 ip=192.168.0.8 quiet nokaslr
[    0.000000] kernel: x86/fpu: Supporting XSAVE feature 0x001: 'x87 floating point registers'
[    0.000000] kernel: x86/fpu: Supporting XSAVE feature 0x002: 'SSE registers'
[    0.000000] kernel: x86/fpu: Supporting XSAVE feature 0x004: 'AVX registers'
[    0.000000] kernel: x86/fpu: Supporting XSAVE feature 0x020: 'AVX-512 opmask'
[    0.000000] kernel: x86/fpu: Supporting XSAVE feature 0x040: 'AVX-512 Hi256'
[    0.000000] kernel: x86/fpu: Supporting XSAVE feature 0x080: 'AVX-512 ZMM_Hi256'
[    0.000000] kernel: x86/fpu: Supporting XSAVE feature 0x200: 'Protection Keys User registers'
[    0.000000] kernel: x86/fpu: xstate_offset[2]:  576, xstate_sizes[2]:  256
[    0.000000] kernel: x86/fpu: req.flags ea2
----- uclient_cover_open write to pipe 4
----- uclient_cover_open write to pipe 4
----- uclient_cover_open write to pipe 4
----- uclient_cover_open write to pipe 4
----- uclient_cover_open write to pipe 4
----- uclient_cover_open write to pipe 4
----- uclient_cover_open write to pipe 4
----- uclient_cover_open write to pipe 4
----- uclient_cover_open write to pipe 4
----- uclient_cover_open write to pipe 4
----- uclient_cover_open write to pipe 4
----- uclient_cover_open write to pipe 4
----- uclient_cover_open write to pipe 4
----- uclient_cover_open write to pipe 4
----- uclient_cover_open write to pipe 4
----- uclient_cover_open write to pipe 4
----- executor 3 do_sandbox_none at begining
----- executor 3 do_sandbox_none before fork()
xstate_offset[5]:  832, xstate_sizes[5]:   64
[    0.000000] kernel: x86/fpu: xstate_offset[6]:  896, xstate_sizes[6]:  512
[    0.000000] kernel: x86/fpu: xstate_offset[7]: 1408, xstate_sizes[7]: 1024
[    0.000000] kernel: x86/fpu: xstate_offset[9]: 2432, xstate_sizes[9]:    8
[    0.000000] kernel: x86/fpu: Enabled xstate features 0x2e7, context size is 2440 bytes, using 'compacted' format.
[    0.000000] kernel: signal: max sigframe size: 3632
[    0.000000] kernel: BIOS-provided physical RAM map:
[    0.000000] kernel: BIOS-e820: [mem 0x0000000000000000-0x000000000009fbff] usable
[    0.000000] kernel: BIOS-e820: [mem 0x000000000009fc00-0x000000000009ffff] reserved
[    0.000000] kernel: BIOS-e820: [mem 0x00000000000f0000-0x00000000000fffff] reserved
[    0.000000] kernel: BIOS-e820: [mem 0x0000000000100000-0x00000000bffdffff] usable
[    0.000000] kernel: BIOS-e820: [mem 0x00000000bffe0000-0x00000000bfffffff] reserved
[    0.000000] kernel: BIOS-e820: [mem 0x00000000feffc000-0x0UMIP) activated
[    0.641193] kernel: Last level iTLB entries: 4KB 0, 2MB 0, 4MB 0
[    0.641194] kernel: Last level dTLB entries: 4KB 0, 2MB 0, 4MB 0, 1GB 0
[    0.641206] kernel: Spectre V1 : Mitigation: usercopy/swapgs barriers and __user pointer sanitization
[    0.641210] kernel: Spectre V2 : Mitigation: Enhanced IBRS
[    0.641210] kernel: Spectre V2 : Spectre v2 / SpectreRSB mitigation: Filling RSB on context switch
[    0.641212] kernel: Spectre V2 : mitigation: Enabling conditional Indirect Branch Prediction Barrier
[    0.641213] kernel: Speculative Store Bypass: Mitigation: Speculative Store Bypass disabled via prctl and seccomp
[    0.641214] kernel: TAA: Mitigation: TSX disabled
[    0.647411] kernel: Freeing SMP alternatives memory: 40K
[    0.647547] kernel: smpboot: CPU0: Intel(R) Xeon(R) Gold 6348 CPU @ 2.60GHz (family: 0x6, model: 0x6a, stepping: 0x6)
[    0.647675] kernel: Performance Events: Icelake events, 32-deep LBR, full-width counters, Intel PMU driver.
[    cles: 0xffffffff, max_idle_ns: 1910969940391419 ns
[    0.430272] kernel: setup_percpu: NR_CPUS:64 nr_cpumask_bits:64 nr_cpu_ids:2 nr_node_ids:1
[    0.430920] kernel: percpu: Embedded 56 pages/cpu s191576 r8192 d29608 u1048576
[    0.430927] kernel: pcpu-alloc: s191576 r8192 d29608 u1048576 alloc=1*2097152
[    0.430931] kernel: pcpu-alloc: [0] 0 1 
[    0.430959] kernel: kvm-guest: setup async PF for cpu 0
[    0.430965] kernel: kvm-guest: stealtime: cpu 0, msr 26561f140
[    0.430970] kernel: Built 1 zonelists, mobility grouping on.  Total pages: 2580192
[    0.430971] kernel: Policy zone: Normal
[    0.430973] kernel: Kernel command line: root=/dev/sda console=ttyS0 net.ifnames=0 ip=192.168.0.7 quiet nokaslr
[    0.431065] kernel: Unknown command line parameters: nokaslr
[    0.435855] kernel: Dentry cache hash table entries: 2097152 (order: 12, 16777216 bytes, linear)
[    0.438414] kernel: Inode-cache hash table entries: 1048576 (order: 11, 8388608 bytes, linear)
[    0.438482] [D 01/16/2023 17:42:13] PVFS2 Server version 2.9.7-orangefs-REV-65ab0d2 starting.
[E 01/16/2023 17:43:19] PVFS2 server got signal 15 (server_status_flag: 2080767)
[D 02/18/2023 14:39:31] PVFS2 Server version 2.9.7-orangefs-REV-65ab0d2 starting.
[D 02/18/2023 14:47:30] PVFS2 received server: signal 1
[E 02/18/2023 14:47:30] PVFS2 server got signal 15 (server_status_flag: 2080767)
0000000feffffff] reserved
[    0.000000] kernel: BIOS-e820: [mem 0x00000000fffc0000-0x00000000ffffffff] reserved
[    0.000000] kernel: BIOS-e820: [mem 0x0000000100000000-0x00000002bfffffff] usable
[    0.000000] kernel: NX (Execute Disable) protection: active
[    0.000000] kernel: SMBIOS 2.8 present.
[    0.000000] kernel: DMI: QEMU Standard PC (i440FX + PIIX, 1996), BIOS 1.15.0-1 04/01/2014
[    0.000000] kernel: Hypervisor detected: KVM
[    0.000000] kernel: kvm-clock: Using msrs 4b564d01 and 4b564d00
[    0.000000] kernel: kvm-clock: cpu 0, msr 2c6e001, primary cpu clock
[    0.000001] kernel: kvm-clock: using sched offset of 215963978 cycles
[    0.000002] kernel: clocksource: kvm-clock: mask: 0xffffffffffffffff max_cycles: 0x1cd42e4dffb, max_idle_ns: 881590591483 ns
[    0.000005] kernel: tsc: Detected 2593.904 MHz processor
[    0.000560] kernel: e820: update [mem 0x00000000-0x00000fff] usable ==> reserved
[    0.000563] kernel: e820: remove [mem 0x000a0000-0x000fffff] usable0.647816] kernel: ... version:                2
[    0.647817] kernel: ... bit width:              48
[    0.647818] kernel: ... generic registers:      8
[    0.647819] kernel: ... value mask:             0000ffffffffffff
[    0.647820] kernel: ... max period:             00007fffffffffff
[    0.647821] kernel: ... fixed-purpose events:   3
[    0.647821] kernel: ... event mask:             00000007000000ff
[    0.647965] kernel: rcu: Hierarchical SRCU implementation.
[    0.648330] kernel: smp: Bringing up secondary CPUs ...
[    0.648436] kernel: x86: Booting SMP configuration:
[    0.648437] kernel: .... node  #0, CPUs:      #1
[    0.005589] kernel: kvm-clock: cpu 1, msr 2c6e041, secondary cpu clock
[    0.648931] kernel: kvm-guest: setup async PF for cpu 1
[    0.648931] kernel: kvm-guest: stealtime: cpu 1, msr 26571f140
[    0.648931] kernel: smp: Brought up 1 node, 2 CPUs
[    0.648931] kernel: smpboot: Max logical packages: 1
[    0.648931] kernel: smpboot: Total of 2 processkernel: mem auto-init: stack:off, heap alloc:off, heap free:off
[    0.632018] kernel: Memory: 8872648K/10485240K available (14348K kernel code, 2403K rwdata, 3568K rodata, 1384K init, 1732K bss, 1612392K reserved, 0K cma-reserved)
[    0.632126] kernel: SLUB: HWalign=64, Order=0-3, MinObjects=0, CPUs=2, Nodes=1
[    0.632626] kernel: rcu: Hierarchical RCU implementation.
[    0.632627] kernel: rcu:         RCU event tracing is enabled.
[    0.632629] kernel: rcu:         RCU restricting CPUs from NR_CPUS=64 to nr_cpu_ids=2.
[    0.632631] kernel: rcu: RCU calculated value of scheduler-enlistment delay is 100 jiffies.
[    0.632633] kernel: rcu: Adjusting geometry for rcu_fanout_leaf=16, nr_cpu_ids=2
[    0.636044] kernel: NR_IRQS: 4352, nr_irqs: 440, preallocated irqs: 16
[    0.636277] kernel: random: get_random_bytes called from start_kernel+0x4b1/0x67a with crng_init=0
[    0.640514] kernel: Console: colour VGA+ 80x25
[    0.640558] kernel: printk: console [ttyS0] enabled
[    0.6
[    0.000566] kernel: last_pfn = 0x2c0000 max_arch_pfn = 0x10000000000
[    0.000621] kernel: x86/PAT: Configuration [0-7]: WB  WC  UC- UC  WB  WP  UC- WT  
[    0.000628] kernel: last_pfn = 0xbffe0 max_arch_pfn = 0x10000000000
[    0.006021] kernel: found SMP MP-table at [mem 0x000f5b90-0x000f5b9f]
[    0.006076] kernel: Using GB pages for direct mapping
[    0.006634] kernel: ACPI: Early table checksum verification disabled
[    0.006641] kernel: ACPI: RSDP 0x00000000000F59B0 000014 (v00 BOCHS )
[    0.006648] kernel: ACPI: RSDT 0x00000000BFFE197C 000034 (v01 BOCHS  BXPC     00000001 BXPC 00000001)
[    0.006654] kernel: ACPI: FACP 0x00000000BFFE1828 000074 (v01 BOCHS  BXPC     00000001 BXPC 00000001)
[    0.006659] kernel: ACPI: DSDT 0x00000000BFFE0040 0017E8 (v01 BOCHS  BXPC     00000001 BXPC 00000001)
[    0.006663] kernel: ACPI: FACS 0x00000000BFFE0000 000040
[    0.006665] kernel: ACPI: APIC 0x00000000BFFE189C 000080 (v01 BOCHS  BXPC     00000001 BXPC 00000001)
[    0.006668]ors activated (10375.61 BogoMIPS)
[    0.649347] kernel: devtmpfs: initialized
[    0.649914] kernel: clocksource: jiffies: mask: 0xffffffff max_cycles: 0xffffffff, max_idle_ns: 1911260446275000 ns
[    0.649914] kernel: futex hash table entries: 512 (order: 3, 32768 bytes, linear)
[    0.650396] kernel: PM: RTC time: 18:18:38, date: 2023-03-25
[    0.650794] kernel: NET: Registered PF_NETLINK/PF_ROUTE protocol family
[    0.650991] kernel: audit: initializing netlink subsys (disabled)
[    0.651005] kernel: audit: type=2000 audit(1679768319.648:1): state=initialized audit_enabled=0 res=1
[    0.651050] kernel: thermal_sys: Registered thermal governor 'step_wise'
[    0.651052] kernel: thermal_sys: Registered thermal governor 'user_space'
[    0.651071] kernel: cpuidle: using governor menu
[    0.651071] kernel: ACPI: bus type PCI registered
[    0.651776] kernel: PCI: Using configuration type 1 for base access
[    0.659039] kernel: Kprobes globally optimized
[    0.659039] kernel: H40578] kernel: ACPI: Core revision 20210730
[    0.640755] kernel: clocksource: hpet: mask: 0xffffffff max_cycles: 0xffffffff, max_idle_ns: 19112604467 ns
[    0.640847] kernel: APIC: Switch to symmetric I/O mode setup
[    0.640851] kernel: kvm-guest: setup PV IPIs
[    0.641948] kernel: ..TIMER: vector=0x30 apic1=0 pin1=2 apic2=-1 pin2=-1
[    0.641973] kernel: clocksource: tsc-early: mask: 0xffffffffffffffff max_cycles: 0x2563bd843df, max_idle_ns: 440795257314 ns
[    0.641982] kernel: Calibrating delay loop (skipped) preset value.. 5187.80 BogoMIPS (lpj=2593904)
[    0.641984] kernel: pid_max: default: 32768 minimum: 301
[    0.642020] kernel: LSM: Security Framework initializing
[    0.642036] kernel: SELinux:  Initializing.
[    0.642109] kernel: Mount-cache hash table entries: 32768 (order: 6, 262144 bytes, linear)
[    0.642478] kernel: Mountpoint-cache hash table entries: 32768 (order: 6, 262144 bytes, linear)
[    0.643305] kernel: x86/cpu: User Mode Instruction Prevention ( kernel: ACPI: HPET 0x00000000BFFE191C 000038 (v01 BOCHS  BXPC     00000001 BXPC 00000001)
[    0.006671] kernel: ACPI: WAET 0x00000000BFFE1954 000028 (v01 BOCHS  BXPC     00000001 BXPC 00000001)
[    0.006673] kernel: ACPI: Reserving FACP table memory at [mem 0xbffe1828-0xbffe189b]
[    0.006674] kernel: ACPI: Reserving DSDT table memory at [mem 0xbffe0040-0xbffe1827]
[    0.006675] kernel: ACPI: Reserving FACS table memory at [mem 0xbffe0000-0xbffe003f]
[    0.006676] kernel: ACPI: Reserving APIC table memory at [mem 0xbffe189c-0xbffe191b]
[    0.006677] kernel: ACPI: Reserving HPET table memory at [mem 0xbffe191c-0xbffe1953]
[    0.006677] kernel: ACPI: Reserving WAET table memory at [mem 0xbffe1954-0xbffe197b]
[    0.007012] kernel: No NUMA configuration found
[    0.007013] kernel: Faking a node at [mem 0x0000000000000000-0x00000002bfffffff]
[    0.007016] kernel: NODE_DATA(0) allocated [mem 0x2bfffa000-0x2bfffdfff]
[    0.007068] kernel: Zone ranges:
[    0.007069] kernel:   DMA
[    0.000569] kernel: last_pfn = 0x2c0000 max_arch_pfn = 0x10000000000
[    0.000625] kernel: x86/PAT: Configuration [0-7]: WB  WC  UC- UC  WB  WP  UC- WT  
[    0.000631] kernel: last_pfn = 0xbffe0 max_arch_pfn = 0x10000000000
[    0.006028] kernel: found SMP MP-table at [mem 0x000f5b90-0x000f5b9f]
[    0.006089] kernel: Using GB pages for direct mapping
[    0.006647] kernel: ACPI: Early table checksum verification disabled
[    0.006655] kernel: ACPI: RSDP 0x00000000000F59B0 000014 (v00 BOCHS )
[    0.006663] kernel: ACPI: RSDT 0x00000000BFFE197C 000034 (v01 BOCHS  BXPC     00000001 BXPC 00000001)
[    0.006668] kernel: ACPI: FACP 0x00000000BFFE1828 000074 (v01 BOCHS  BXPC     00000001 BXPC 00000001)
[    0.006674] kernel: ACPI: DSDT 0x00000000BFFE0040 0017E8 (v01 BOCHS  BXPC     00000001 BXPC 00000001)
[    0.006677] kernel: ACPI: FACS 0x00000000BFFE0000 000040
[    0.006679] kernel: ACPI: APIC 0x00000000BFFE189C 000080 (v01 BOCHS  BXPC     00000001 BXPC 00000001)
[    0.006682]ugeTLB registered 2.00 MiB page size, pre-allocated 0 pages
[    0.659039] kernel: cryptomgr_test (27) used greatest stack depth: 31400 bytes left
[    0.660878] kernel: ACPI: Added _OSI(Module Device)
[    0.660882] kernel: ACPI: Added _OSI(Processor Device)
[    0.660885] kernel: ACPI: Added _OSI(3.0 _SCP Extensions)
[    0.660887] kernel: ACPI: Added _OSI(Processor Aggregator Device)
[    0.660895] kernel: ACPI: Added _OSI(Linux-Dell-Video)
[    0.660902] kernel: ACPI: Added _OSI(Linux-Lenovo-NV-HDMI-Audio)
[    0.660909] kernel: ACPI: Added _OSI(Linux-HPI-Hybrid-Graphics)
[    0.680665] kernel: ACPI: 1 ACPI AML tables successfully acquired and loaded
[    0.683665] kernel: ACPI: Interpreter enabled
[    0.683711] kernel: ACPI: PM: (supports S0 S3 S4 S5)
[    0.683714] kernel: ACPI: Using IOAPIC for interrupt routing
[    0.683755] kernel: PCI: Using host bridge windows from ACPI; if necessary, use "pci=nocrs" and report a bug
[    0.684574] kernel: ACPI: Enabled 2 GPEs in block 00UMIP) activated
[    0.643482] kernel: Last level iTLB entries: 4KB 0, 2MB 0, 4MB 0
[    0.643483] kernel: Last level dTLB entries: 4KB 0, 2MB 0, 4MB 0, 1GB 0
[    0.643494] kernel: Spectre V1 : Mitigation: usercopy/swapgs barriers and __user pointer sanitization
[    0.643499] kernel: Spectre V2 : Mitigation: Enhanced IBRS
[    0.643500] kernel: Spectre V2 : Spectre v2 / SpectreRSB mitigation: Filling RSB on context switch
[    0.643502] kernel: Spectre V2 : mitigation: Enabling conditional Indirect Branch Prediction Barrier
[    0.643503] kernel: Speculative Store Bypass: Mitigation: Speculative Store Bypass disabled via prctl and seccomp
[    0.643504] kernel: TAA: Mitigation: TSX disabled
[    0.650238] kernel: Freeing SMP alternatives memory: 40K
[    0.650394] kernel: smpboot: CPU0: Intel(R) Xeon(R) Gold 6348 CPU @ 2.60GHz (family: 0x6, model: 0x6a, stepping: 0x6)
[    0.650519] kernel: Performance Events: Icelake events, 32-deep LBR, full-width counters, Intel PMU driver.
[          [mem 0x0000000000001000-0x0000000000ffffff]
[    0.007071] kernel:   DMA32    [mem 0x0000000001000000-0x00000000ffffffff]
[    0.007073] kernel:   Normal   [mem 0x0000000100000000-0x00000002bfffffff]
[    0.007074] kernel: Movable zone start for each node
[    0.007075] kernel: Early memory node ranges
[    0.007075] kernel:   node   0: [mem 0x0000000000001000-0x000000000009efff]
[    0.007077] kernel:   node   0: [mem 0x0000000000100000-0x00000000bffdffff]
[    0.007078] kernel:   node   0: [mem 0x0000000100000000-0x00000002bfffffff]
[    0.007079] kernel: Initmem setup node 0 [mem 0x0000000000001000-0x00000002bfffffff]
[    0.007463] kernel: On node 0, zone DMA: 1 pages in unavailable ranges
[    0.007476] kernel: On node 0, zone DMA: 97 pages in unavailable ranges
[    0.051730] kernel: On node 0, zone Normal: 32 pages in unavailable ranges
[    0.420383] kernel: kasan: KernelAddressSanitizer initialized
[    0.420778] kernel: ACPI: PM-Timer IO Port: 0x608
[    0.420785] kern kernel: ACPI: HPET 0x00000000BFFE191C 000038 (v01 BOCHS  BXPC     00000001 BXPC 00000001)
[    0.006685] kernel: ACPI: WAET 0x00000000BFFE1954 000028 (v01 BOCHS  BXPC     00000001 BXPC 00000001)
[    0.006687] kernel: ACPI: Reserving FACP table memory at [mem 0xbffe1828-0xbffe189b]
[    0.006688] kernel: ACPI: Reserving DSDT table memory at [mem 0xbffe0040-0xbffe1827]
[    0.006689] kernel: ACPI: Reserving FACS table memory at [mem 0xbffe0000-0xbffe003f]
[    0.006690] kernel: ACPI: Reserving APIC table memory at [mem 0xbffe189c-0xbffe191b]
[    0.006691] kernel: ACPI: Reserving HPET table memory at [mem 0xbffe191c-0xbffe1953]
[    0.006691] kernel: ACPI: Reserving WAET table memory at [mem 0xbffe1954-0xbffe197b]
[    0.007039] kernel: No NUMA configuration found
[    0.007040] kernel: Faking a node at [mem 0x0000000000000000-0x00000002bfffffff]
[    0.007043] kernel: NODE_DATA(0) allocated [mem 0x2bfffa000-0x2bfffdfff]
[    0.007094] kernel: Zone ranges:
[    0.007095] kernel:   DMA to 0F
[    0.699273] kernel: ACPI: PCI Root Bridge [PCI0] (domain 0000 [bus 00-ff])
[    0.699284] kernel: acpi PNP0A03:00: _OSC: OS supports [ASPM ClockPM Segments MSI HPX-Type3]
[    0.699337] kernel: acpi PNP0A03:00: fail to add MMCONFIG information, can't access extended PCI configuration space under this bridge.
[    0.699460] kernel: PCI host bridge to bus 0000:00
[    0.699463] kernel: pci_bus 0000:00: root bus resource [io  0x0000-0x0cf7 window]
[    0.699466] kernel: pci_bus 0000:00: root bus resource [io  0x0d00-0xffff window]
[    0.699469] kernel: pci_bus 0000:00: root bus resource [mem 0x000a0000-0x000bffff window]
[    0.699472] kernel: pci_bus 0000:00: root bus resource [mem 0xc0000000-0xfebfffff window]
[    0.699474] kernel: pci_bus 0000:00: root bus resource [mem 0x2c0000000-0x33fffffff window]
[    0.699477] kernel: pci_bus 0000:00: root bus resource [bus 00-ff]
[    0.700084] kernel: pci 0000:00:00.0: [8086:1237] type 00 class 0x060000
[    0.704250] kernel: pci 00.651046] kernel: ... version:                2
[    0.651048] kernel: ... bit width:              48
[    0.651049] kernel: ... generic registers:      8
[    0.651049] kernel: ... value mask:             0000ffffffffffff
[    0.651051] kernel: ... max period:             00007fffffffffff
[    0.651052] kernel: ... fixed-purpose events:   3
[    0.651053] kernel: ... event mask:             00000007000000ff
[    0.651263] kernel: rcu: Hierarchical SRCU implementation.
[    0.651694] kernel: smp: Bringing up secondary CPUs ...
[    0.651820] kernel: x86: Booting SMP configuration:
[    0.651822] kernel: .... node  #0, CPUs:      #1
[    0.005733] kernel: kvm-clock: cpu 1, msr 2c6e041, secondary cpu clock
[    0.653069] kernel: kvm-guest: setup async PF for cpu 1
[    0.653069] kernel: kvm-guest: stealtime: cpu 1, msr 26571f140
[    0.653069] kernel: smp: Brought up 1 node, 2 CPUs
[    0.653069] kernel: smpboot: Max logical packages: 1
[    0.653069] kernel: smpboot: Total of 2 processel: ACPI: LAPIC_NMI (acpi_id[0xff] dfl dfl lint[0x1])
[    0.420825] kernel: IOAPIC[0]: apic_id 0, version 17, address 0xfec00000, GSI 0-23
[    0.420828] kernel: ACPI: INT_SRC_OVR (bus 0 bus_irq 0 global_irq 2 dfl dfl)
[    0.420830] kernel: ACPI: INT_SRC_OVR (bus 0 bus_irq 5 global_irq 5 high level)
[    0.420831] kernel: ACPI: INT_SRC_OVR (bus 0 bus_irq 9 global_irq 9 high level)
[    0.420833] kernel: ACPI: INT_SRC_OVR (bus 0 bus_irq 10 global_irq 10 high level)
[    0.420834] kernel: ACPI: INT_SRC_OVR (bus 0 bus_irq 11 global_irq 11 high level)
[    0.420837] kernel: ACPI: Using ACPI (MADT) for SMP configuration information
[    0.420838] kernel: ACPI: HPET id: 0x8086a201 base: 0xfed00000
[    0.420842] kernel: TSC deadline timer available
[    0.420843] kernel: smpboot: Allowing 2 CPUs, 0 hotplug CPUs
[    0.420867] kernel: kvm-guest: KVM setup pv remote TLB flush
[    0.420871] kernel: kvm-guest: setup PV sched yield
[    0.420884] kernel: PM: hibernation: Registered nosave mem      [mem 0x0000000000001000-0x0000000000ffffff]
[    0.007097] kernel:   DMA32    [mem 0x0000000001000000-0x00000000ffffffff]
[    0.007098] kernel:   Normal   [mem 0x0000000100000000-0x00000002bfffffff]
[    0.007100] kernel: Movable zone start for each node
[    0.007100] kernel: Early memory node ranges
[    0.007101] kernel:   node   0: [mem 0x0000000000001000-0x000000000009efff]
[    0.007102] kernel:   node   0: [mem 0x0000000000100000-0x00000000bffdffff]
[    0.007104] kernel:   node   0: [mem 0x0000000100000000-0x00000002bfffffff]
[    0.007105] kernel: Initmem setup node 0 [mem 0x0000000000001000-0x00000002bfffffff]
[    0.007508] kernel: On node 0, zone DMA: 1 pages in unavailable ranges
[    0.007521] kernel: On node 0, zone DMA: 97 pages in unavailable ranges
[    0.051941] kernel: On node 0, zone Normal: 32 pages in unavailable ranges
[    0.419120] kernel: kasan: KernelAddressSanitizer initialized
[    0.419534] kernel: ACPI: PM-Timer IO Port: 0x608
[    0.419543] kern000:00:01.0: [8086:7000] type 00 class 0x060100
[    0.705146] kernel: pci 0000:00:01.1: [8086:7010] type 00 class 0x010180
[    0.707136] kernel: pci 0000:00:01.1: reg 0x20: [io  0xc040-0xc04f]
[    0.708039] kernel: pci 0000:00:01.1: legacy IDE quirk: reg 0x10: [io  0x01f0-0x01f7]
[    0.708041] kernel: pci 0000:00:01.1: legacy IDE quirk: reg 0x14: [io  0x03f6]
[    0.708042] kernel: pci 0000:00:01.1: legacy IDE quirk: reg 0x18: [io  0x0170-0x0177]
[    0.708043] kernel: pci 0000:00:01.1: legacy IDE quirk: reg 0x1c: [io  0x0376]
[    0.708780] kernel: pci 0000:00:01.3: [8086:7113] type 00 class 0x068000
[    0.709101] kernel: pci 0000:00:01.3: quirk: [io  0x0600-0x063f] claimed by PIIX4 ACPI
[    0.709108] kernel: pci 0000:00:01.3: quirk: [io  0x0700-0x070f] claimed by PIIX4 SMB
[    0.710118] kernel: pci 0000:00:02.0: [1234:1111] type 00 class 0x030000
[    0.711335] kernel: pci 0000:00:02.0: reg 0x10: [mem 0xfd000000-0xfdffffff pref]
[    0.713202] kernel: pci 0000:00:02.0: reg 0xors activated (10375.61 BogoMIPS)
[    0.654121] kernel: devtmpfs: initialized
[    0.655519] kernel: clocksource: jiffies: mask: 0xffffffff max_cycles: 0xffffffff, max_idle_ns: 1911260446275000 ns
[    0.655525] kernel: futex hash table entries: 512 (order: 3, 32768 bytes, linear)
[    0.656179] kernel: PM: RTC time: 18:18:38, date: 2023-03-25
[    0.656338] kernel: NET: Registered PF_NETLINK/PF_ROUTE protocol family
[    0.656554] kernel: audit: initializing netlink subsys (disabled)
[    0.656570] kernel: audit: type=2000 audit(1679768319.655:1): state=initialized audit_enabled=0 res=1
[    0.656570] kernel: thermal_sys: Registered thermal governor 'step_wise'
[    0.656570] kernel: thermal_sys: Registered thermal governor 'user_space'
[    0.657004] kernel: cpuidle: using governor menu
[    0.657084] kernel: ACPI: bus type PCI registered
[    0.657258] kernel: PCI: Using configuration type 1 for base access
[    0.664655] kernel: Kprobes globally optimized
[    0.664996] kernel: Hel: ACPI: LAPIC_NMI (acpi_id[0xff] dfl dfl lint[0x1])
[    0.419581] kernel: IOAPIC[0]: apic_id 0, version 17, address 0xfec00000, GSI 0-23
[    0.419585] kernel: ACPI: INT_SRC_OVR (bus 0 bus_irq 0 global_irq 2 dfl dfl)
[    0.419586] kernel: ACPI: INT_SRC_OVR (bus 0 bus_irq 5 global_irq 5 high level)
[    0.419588] kernel: ACPI: INT_SRC_OVR (bus 0 bus_irq 9 global_irq 9 high level)
[    0.419589] kernel: ACPI: INT_SRC_OVR (bus 0 bus_irq 10 global_irq 10 high level)
[    0.419590] kernel: ACPI: INT_SRC_OVR (bus 0 bus_irq 11 global_irq 11 high level)
[    0.419593] kernel: ACPI: Using ACPI (MADT) for SMP configuration information
[    0.419594] kernel: ACPI: HPET id: 0x8086a201 base: 0xfed00000
[    0.419597] kernel: TSC deadline timer available
[    0.419599] kernel: smpboot: Allowing 2 CPUs, 0 hotplug CPUs
[    0.419622] kernel: kvm-guest: KVM setup pv remote TLB flush
[    0.419626] kernel: kvm-guest: setup PV sched yield
[    0.419638] kernel: PM: hibernation: Registered nosave mem18: [mem 0xfeb90000-0xfeb90fff]
[    0.716303] kernel: pci 0000:00:02.0: reg 0x30: [mem 0xfeb80000-0xfeb8ffff pref]
[    0.720444] kernel: pci 0000:00:03.0: [1af4:1005] type 00 class 0x00ff00
[    0.721765] kernel: pci 0000:00:03.0: reg 0x10: [io  0xc000-0xc01f]
[    0.723762] kernel: pci 0000:00:03.0: reg 0x20: [mem 0xfe200000-0xfe203fff 64bit pref]
[    0.728698] kernel: pci 0000:00:04.0: [1af4:1000] type 00 class 0x020000
[    0.729494] kernel: pci 0000:00:04.0: reg 0x10: [io  0xc020-0xc03f]
[    0.730510] kernel: pci 0000:00:04.0: reg 0x14: [mem 0xfeb91000-0xfeb91fff]
[    0.732763] kernel: pci 0000:00:04.0: reg 0x20: [mem 0xfe204000-0xfe207fff 64bit pref]
[    0.733612] kernel: pci 0000:00:04.0: reg 0x30: [mem 0xfeb00000-0xfeb7ffff pref]
[    0.737946] kernel: pci 0000:00:10.0: [1af4:1110] type 00 class 0x050000
[    0.738763] kernel: pci 0000:00:10.0: reg 0x10: [mem 0xfeb92000-0xfeb920ff]
[    0.740313] kernel: pci 0000:00:10.0: reg 0x18: [mem 0xfe000000-0xfe0fffff 64bit pref]
[ugeTLB registered 2.00 MiB page size, pre-allocated 0 pages
[    0.665040] kernel: cryptomgr_test (27) used greatest stack depth: 31400 bytes left
[    0.666077] kernel: ACPI: Added _OSI(Module Device)
[    0.666080] kernel: ACPI: Added _OSI(Processor Device)
[    0.666082] kernel: ACPI: Added _OSI(3.0 _SCP Extensions)
[    0.666084] kernel: ACPI: Added _OSI(Processor Aggregator Device)
[    0.666090] kernel: ACPI: Added _OSI(Linux-Dell-Video)
[    0.666095] kernel: ACPI: Added _OSI(Linux-Lenovo-NV-HDMI-Audio)
[    0.666100] kernel: ACPI: Added _OSI(Linux-HPI-Hybrid-Graphics)
[    0.679878] kernel: ACPI: 1 ACPI AML tables successfully acquired and loaded
[    0.682425] kernel: ACPI: Interpreter enabled
[    0.682472] kernel: ACPI: PM: (supports S0 S3 S4 S5)
[    0.682474] kernel: ACPI: Using IOAPIC for interrupt routing
[    0.682520] kernel: PCI: Using host bridge windows from ACPI; if necessary, use "pci=nocrs" and report a bug
[    0.682977] kernel: ACPI: Enabled 2 GPEs in block 00 to 0F
[    0.697088] kernel: ACPI: PCI Root Bridge [PCI0] (domain 0000 [bus 00-ff])
[    0.697099] kernel: acpi PNP0A03:00: _OSC: OS supports [ASPM ClockPM Segments MSI HPX-Type3]
[    0.697154] kernel: acpi PNP0A03:00: fail to add MMCONFIG information, can't access extended PCI configuration space under this bridge.
[    0.697281] kernel: PCI host bridge to bus 0000:00
[    0.697283] kernel: pci_bus 0000:00: root bus resource [io  0x0000-0x0cf7 window]
[    0.697286] kernel: pci_bus 0000:00: root bus resource [io  0x0d00-0xffff window]
[    0.697288] kernel: pci_bus 0000:00: root bus resource [mem 0x000a0000-0x000bffff window]
[    0.697291] kernel: pci_bus 0000:00: root bus resource [mem 0xc0000000-0xfebfffff window]
[    0.697293] kernel: pci_bus 0000:00: root bus resource [mem 0x2c0000000-0x33fffffff window]
[    0.697295] kernel: pci_bus 0000:00: root bus resource [bus 00-ff]
[    0.697893] kernel: pci 0000:00:00.0: [8086:1237] type 00 class 0x060000
[    0.702430] kernel: pci 0ory: [mem 0x00000000-0x00000fff]
[    0.419640] kernel: PM: hibernation: Registered nosave memory: [mem 0x0009f000-0x0009ffff]
[    0.419641] kernel: PM: hibernation: Registered nosave memory: [mem 0x000a0000-0x000effff]
[    0.419642] kernel: PM: hibernation: Registered nosave memory: [mem 0x000f0000-0x000fffff]
[    0.419643] kernel: PM: hibernation: Registered nosave memory: [mem 0xbffe0000-0xbfffffff]
[    0.419644] kernel: PM: hibernation: Registered nosave memory: [mem 0xc0000000-0xfeffbfff]
[    0.419644] kernel: PM: hibernation: Registered nosave memory: [mem 0xfeffc000-0xfeffffff]
[    0.419645] kernel: PM: hibernation: Registered nosave memory: [mem 0xff000000-0xfffbffff]
[    0.419646] kernel: PM: hibernation: Registered nosave memory: [mem 0xfffc0000-0xffffffff]
[    0.419648] kernel: [mem 0xc0000000-0xfeffbfff] available for PCI devices
[    0.419649] kernel: Booting paravirtualized kernel on KVM
[    0.419651] kernel: clocksource: refined-jiffies: mask: 0xffffffff max_cy    0.746832] kernel: pci 0000:00:11.0: [1af4:1110] type 00 class 0x050000
[    0.747495] kernel: pci 0000:00:11.0: reg 0x10: [mem 0xfeb93000-0xfeb930ff]
[    0.748605] kernel: pci 0000:00:11.0: reg 0x18: [mem 0xfe208000-0xfe2083ff 64bit pref]
[    0.754751] kernel: pci 0000:00:12.0: [1af4:1110] type 00 class 0x050000
[    0.755632] kernel: pci 0000:00:12.0: reg 0x10: [mem 0xfeb94000-0xfeb940ff]
[    0.756763] kernel: pci 0000:00:12.0: reg 0x18: [mem 0xfe100000-0xfe1fffff 64bit pref]
[    0.764180] kernel: ACPI: PCI: Interrupt link LNKA configured for IRQ 10
[    0.764604] kernel: ACPI: PCI: Interrupt link LNKB configured for IRQ 10
[    0.765013] kernel: ACPI: PCI: Interrupt link LNKC configured for IRQ 11
[    0.765409] kernel: ACPI: PCI: Interrupt link LNKD configured for IRQ 11
[    0.765570] kernel: ACPI: PCI: Interrupt link LNKS configured for IRQ 9
[    0.766250] kernel: iommu: Default domain type: Translated 
[    0.766251] kernel: iommu: DMA domain TLB invalidation policy: lacles: 0xffffffff, max_idle_ns: 1910969940391419 ns
[    0.424642] kernel: setup_percpu: NR_CPUS:64 nr_cpumask_bits:64 nr_cpu_ids:2 nr_node_ids:1
[    0.425309] kernel: percpu: Embedded 56 pages/cpu s191576 r8192 d29608 u1048576
[    0.425315] kernel: pcpu-alloc: s191576 r8192 d29608 u1048576 alloc=1*2097152
[    0.425318] kernel: pcpu-alloc: [0] 0 1 
[    0.425345] kernel: kvm-guest: setup async PF for cpu 0
[    0.425351] kernel: kvm-guest: stealtime: cpu 0, msr 26561f140
[    0.425355] kernel: Built 1 zonelists, mobility grouping on.  Total pages: 2580192
[    0.425356] kernel: Policy zone: Normal
[    0.425358] kernel: Kernel command line: root=/dev/sda console=ttyS0 net.ifnames=0 ip=192.168.0.5 quiet nokaslr
[    0.425445] kernel: Unknown command line parameters: nokaslr
[    0.430209] kernel: Dentry cache hash table entries: 2097152 (order: 12, 16777216 bytes, linear)
[    0.432643] kernel: Inode-cache hash table entries: 1048576 (order: 11, 8388608 bytes, linear)
[    0.432710] before receive testcase: 0 1
ory: [mem 0x00000000-0x00000fff]
[    0.420886] kernel: PM: hibernation: Registered nosave memory: [mem 0x0009f000-0x0009ffff]
[    0.420887] kernel: PM: hibernation: Registered nosave memory: [mem 0x000a0000-0x000effff]
[    0.420888] kernel: PM: hibernation: Registered nosave memory: [mem 0x000f0000-0x000fffff]
[    0.420889] kernel: PM: hibernation: Registered nosave memory: [mem 0xbffe0000-0xbfffffff]
[    0.420890] kernel: PM: hibernation: Registered nosave memory: [mem 0xc0000000-0xfeffbfff]
[    0.420890] kernel: PM: hibernation: Registered nosave memory: [mem 0xfeffc000-0xfeffffff]
[    0.420891] kernel: PM: hibernation: Registered nosave memory: [mem 0xff000000-0xfffbffff]
[    0.420892] kernel: PM: hibernation: Registered nosave memory: [mem 0xfffc0000-0xffffffff]
[    0.420893] kernel: [mem 0xc0000000-0xfeffbfff] available for PCI devices
[    0.420895] kernel: Booting paravirtualized kernel on KVM
[    0.420896] kernel: clocksource: refined-jiffies: mask: 0xffffffff max_cycles: 0xffffffff, max_idle_ns: 1910969940391419 ns
[    0.425950] kernel: setup_percpu: NR_CPUS:64 nr_cpumask_bits:64 nr_cpu_ids:2 nr_node_ids:1
[    0.426513] kernel: percpu: Embedded 56 pages/cpu s191576 r8192 d29608 u1048576
[    0.426518] kernel: pcpu-alloc: s191576 r8192 d29608 u1048576 alloc=1*2097152
[    0.426521] kernel: pcpu-alloc: [0] 0 1 
[    0.426546] kernel: kvm-guest: setup async PF for cpu 0
[    0.426552] kernel: kvm-guest: stealtime: cpu 0, msr 26561f140
[    0.426556] kernel: Built 1 zonelists, mobility grouping on.  Total pages: 2580192
[    0.426557] kernel: Policy zone: Normal
[    0.426559] kernel: Kernel command line: root=/dev/sda console=ttyS0 net.ifnames=0 ip=192.168.0.8 quiet nokaslr
[    0.426644] kernel: Unknown command line parameters: nokaslr
[    0.431098] kernel: Dentry cache hash table entries: 2097152 (order: 12, 16777216 bytes, linear)
[    0.433481] kernel: Inode-cache hash table entries: 1048576 (order: 11, 8388608 bytes, linear)
[    0.433546] 000:00:01.0: [8086:7000] type 00 class 0x060100
[    0.703920] kernel: pci 0000:00:01.1: [8086:7010] type 00 class 0x010180
[    0.708401] kernel: pci 0000:00:01.1: reg 0x20: [io  0xc040-0xc04f]
[    0.709849] kernel: pci 0000:00:01.1: legacy IDE quirk: reg 0x10: [io  0x01f0-0x01f7]
[    0.709853] kernel: pci 0000:00:01.1: legacy IDE quirk: reg 0x14: [io  0x03f6]
[    0.709855] kernel: pci 0000:00:01.1: legacy IDE quirk: reg 0x18: [io  0x0170-0x0177]
[    0.709857] kernel: pci 0000:00:01.1: legacy IDE quirk: reg 0x1c: [io  0x0376]
[    0.711099] kernel: pci 0000:00:01.3: [8086:7113] type 00 class 0x068000
[    0.711614] kernel: pci 0000:00:01.3: quirk: [io  0x0600-0x063f] claimed by PIIX4 ACPI
[    0.711626] kernel: pci 0000:00:01.3: quirk: [io  0x0700-0x070f] claimed by PIIX4 SMB
[    0.712884] kernel: pci 0000:00:02.0: [1234:1111] type 00 class 0x030000
[    0.714446] kernel: pci 0000:00:02.0: reg 0x10: [mem 0xfd000000-0xfdffffff pref]
[    0.714977] kernel: pci 0000:00:02.0: reg 0xzy mode 
[    0.766285] kernel: pci 0000:00:02.0: vgaarb: setting as boot VGA device
[    0.766285] kernel: pci 0000:00:02.0: vgaarb: VGA device added: decodes=io+mem,owns=io+mem,locks=none
[    0.766285] kernel: pci 0000:00:02.0: vgaarb: bridge control possible
[    0.766285] kernel: vgaarb: loaded
[    0.766285] kernel: SCSI subsystem initialized
[    0.766285] kernel: libata version 3.00 loaded.
[    0.766285] kernel: ACPI: bus type USB registered
[    0.766285] kernel: usbcore: registered new interface driver usbfs
[    0.766285] kernel: usbcore: registered new interface driver hub
[    0.766285] kernel: usbcore: registered new device driver usb
[    0.766285] kernel: pps_core: LinuxPPS API ver. 1 registered
[    0.766285] kernel: pps_core: Software ver. 5.3.6 - Copyright 2005-2007 Rodolfo Giometti <giometti@linux.it>
[    0.766285] kernel: PTP clock support registered
[    0.766840] kernel: Advanced Linux Sound Architecture Driver Initialized.
[    0.767139] kernel: NetLabel: Inikernel: mem auto-init: stack:off, heap alloc:off, heap free:off
[    0.627610] kernel: Memory: 8872648K/10485240K available (14348K kernel code, 2403K rwdata, 3568K rodata, 1384K init, 1732K bss, 1612392K reserved, 0K cma-reserved)
[    0.627711] kernel: SLUB: HWalign=64, Order=0-3, MinObjects=0, CPUs=2, Nodes=1
[    0.628326] kernel: rcu: Hierarchical RCU implementation.
[    0.628328] kernel: rcu:         RCU event tracing is enabled.
[    0.628329] kernel: rcu:         RCU restricting CPUs from NR_CPUS=64 to nr_cpu_ids=2.
[    0.628331] kernel: rcu: RCU calculated value of scheduler-enlistment delay is 100 jiffies.
[    0.628333] kernel: rcu: Adjusting geometry for rcu_fanout_leaf=16, nr_cpu_ids=2
[    0.631707] kernel: NR_IRQS: 4352, nr_irqs: 440, preallocated irqs: 16
[    0.631937] kernel: random: get_random_bytes called from start_kernel+0x4b1/0x67a with crng_init=0
[    0.636408] kernel: Console: colour VGA+ 80x25
[    0.636455] kernel: printk: console [ttyS0] enabled
[    0.6kernel: mem auto-init: stack:off, heap alloc:off, heap free:off
[    0.624269] kernel: Memory: 8872648K/10485240K available (14348K kernel code, 2403K rwdata, 3568K rodata, 1384K init, 1732K bss, 1612392K reserved, 0K cma-reserved)
[    0.624370] kernel: SLUB: HWalign=64, Order=0-3, MinObjects=0, CPUs=2, Nodes=1
[    0.624907] kernel: rcu: Hierarchical RCU implementation.
[    0.624909] kernel: rcu:         RCU event tracing is enabled.
[    0.624910] kernel: rcu:         RCU restricting CPUs from NR_CPUS=64 to nr_cpu_ids=2.
[    0.624912] kernel: rcu: RCU calculated value of scheduler-enlistment delay is 100 jiffies.
[    0.624913] kernel: rcu: Adjusting geometry for rcu_fanout_leaf=16, nr_cpu_ids=2
[    0.628282] kernel: NR_IRQS: 4352, nr_irqs: 440, preallocated irqs: 16
[    0.628516] kernel: random: get_random_bytes called from start_kernel+0x4b1/0x67a with crng_init=0
[    0.632772] kernel: Console: colour VGA+ 80x25
[    0.632817] kernel: printk: console [ttyS0] enabled
[    0.618: [mem 0xfeb90000-0xfeb90fff]
[    0.721422] kernel: pci 0000:00:02.0: reg 0x30: [mem 0xfeb80000-0xfeb8ffff pref]
[    0.723977] kernel: pci 0000:00:03.0: [1af4:1005] type 00 class 0x00ff00
[    0.725346] kernel: pci 0000:00:03.0: reg 0x10: [io  0xc000-0xc01f]
[    0.730928] kernel: pci 0000:00:03.0: reg 0x20: [mem 0xfe200000-0xfe203fff 64bit pref]
[    0.741019] kernel: pci 0000:00:04.0: [1af4:1000] type 00 class 0x020000
[    0.742982] kernel: pci 0000:00:04.0: reg 0x10: [io  0xc020-0xc03f]
[    0.743980] kernel: pci 0000:00:04.0: reg 0x14: [mem 0xfeb91000-0xfeb91fff]
[    0.744981] kernel: pci 0000:00:04.0: reg 0x20: [mem 0xfe204000-0xfe207fff 64bit pref]
[    0.745977] kernel: pci 0000:00:04.0: reg 0x30: [mem 0xfeb00000-0xfeb7ffff pref]
[    0.751821] kernel: pci 0000:00:10.0: [1af4:1110] type 00 class 0x050000
[    0.753404] kernel: pci 0000:00:10.0: reg 0x10: [mem 0xfeb92000-0xfeb920ff]
[    0.754958] kernel: pci 0000:00:10.0: reg 0x18: [mem 0xfe000000-0xfe0fffff 64bit pref]
[tializing
[    0.767139] kernel: NetLabel:  domain hash size = 128
[    0.767140] kernel: NetLabel:  protocols = UNLABELED CIPSOv4 CALIPSO
[    0.767178] kernel: NetLabel:  unlabeled traffic allowed by default
[    0.767208] kernel: PCI: Using ACPI for IRQ routing
[    0.767208] kernel: PCI: pci_cache_line_size set to 64 bytes
[    0.767208] kernel: e820: reserve RAM buffer [mem 0x0009fc00-0x0009ffff]
[    0.767208] kernel: e820: reserve RAM buffer [mem 0xbffe0000-0xbfffffff]
[    0.767208] kernel: hpet0: at MMIO 0xfed00000, IRQs 2, 8, 0
[    0.767208] kernel: hpet0: 3 comparators, 64-bit 100.000000 MHz counter
[    0.770820] kernel: clocksource: Switched to clocksource kvm-clock
[    0.796033] kernel: VFS: Disk quotas dquot_6.6.0
[    0.796051] kernel: VFS: Dquot-cache hash table entries: 512 (order 0, 4096 bytes)
[    0.796152] kernel: pnp: PnP ACPI init
[    0.796354] kernel: pnp 00:02: [dma 2]
[    0.797415] kernel: pnp: PnP ACPI: found 6 devices
[    0.805603] kernel: clocksource36475] kernel: ACPI: Core revision 20210730
[    0.636641] kernel: clocksource: hpet: mask: 0xffffffff max_cycles: 0xffffffff, max_idle_ns: 19112604467 ns
[    0.636736] kernel: APIC: Switch to symmetric I/O mode setup
[    0.636739] kernel: kvm-guest: setup PV IPIs
[    0.637823] kernel: ..TIMER: vector=0x30 apic1=0 pin1=2 apic2=-1 pin2=-1
[    0.637848] kernel: clocksource: tsc-early: mask: 0xffffffffffffffff max_cycles: 0x2563bd843df, max_idle_ns: 440795257314 ns
[    0.637855] kernel: Calibrating delay loop (skipped) preset value.. 5187.80 BogoMIPS (lpj=2593904)
[    0.637857] kernel: pid_max: default: 32768 minimum: 301
[    0.637892] kernel: LSM: Security Framework initializing
[    0.637906] kernel: SELinux:  Initializing.
[    0.637984] kernel: Mount-cache hash table entries: 32768 (order: 6, 262144 bytes, linear)
[    0.638410] kernel: Mountpoint-cache hash table entries: 32768 (order: 6, 262144 bytes, linear)
[    0.639178] kernel: x86/cpu: User Mode Instruction Prevention (32836] kernel: ACPI: Core revision 20210730
[    0.633000] kernel: clocksource: hpet: mask: 0xffffffff max_cycles: 0xffffffff, max_idle_ns: 19112604467 ns
[    0.633093] kernel: APIC: Switch to symmetric I/O mode setup
[    0.633096] kernel: kvm-guest: setup PV IPIs
[    0.634201] kernel: ..TIMER: vector=0x30 apic1=0 pin1=2 apic2=-1 pin2=-1
[    0.634227] kernel: clocksource: tsc-early: mask: 0xffffffffffffffff max_cycles: 0x2563bd843df, max_idle_ns: 440795257314 ns
[    0.634233] kernel: Calibrating delay loop (skipped) preset value.. 5187.80 BogoMIPS (lpj=2593904)
[    0.634236] kernel: pid_max: default: 32768 minimum: 301
[    0.634273] kernel: LSM: Security Framework initializing
[    0.634287] kernel: SELinux:  Initializing.
[    0.634365] kernel: Mount-cache hash table entries: 32768 (order: 6, 262144 bytes, linear)
[    0.634784] kernel: Mountpoint-cache hash table entries: 32768 (order: 6, 262144 bytes, linear)
[    0.635567] kernel: x86/cpu: User Mode Instruction Prevention (    0.762499] kernel: pci 0000:00:11.0: [1af4:1110] type 00 class 0x050000
[    0.762979] kernel: pci 0000:00:11.0: reg 0x10: [mem 0xfeb93000-0xfeb930ff]
[    0.763979] kernel: pci 0000:00:11.0: reg 0x18: [mem 0xfe208000-0xfe2083ff 64bit pref]
[    0.771099] kernel: pci 0000:00:12.0: [1af4:1110] type 00 class 0x050000
[    0.771944] kernel: pci 0000:00:12.0: reg 0x10: [mem 0xfeb94000-0xfeb940ff]
[    0.772980] kernel: pci 0000:00:12.0: reg 0x18: [mem 0xfe100000-0xfe1fffff 64bit pref]
[    0.780126] kernel: ACPI: PCI: Interrupt link LNKA configured for IRQ 10
[    0.780555] kernel: ACPI: PCI: Interrupt link LNKB configured for IRQ 10
[    0.780957] kernel: ACPI: PCI: Interrupt link LNKC configured for IRQ 11
[    0.781363] kernel: ACPI: PCI: Interrupt link LNKD configured for IRQ 11
[    0.781524] kernel: ACPI: PCI: Interrupt link LNKS configured for IRQ 9
[    0.782239] kernel: iommu: Default domain type: Translated 
[    0.782241] kernel: iommu: DMA domain TLB invalidation policy: la: acpi_pm: mask: 0xffffff max_cycles: 0xffffff, max_idle_ns: 2085701024 ns
[    0.805655] kernel: NET: Registered PF_INET protocol family
[    0.806216] kernel: IP idents hash table entries: 262144 (order: 9, 2097152 bytes, linear)
[    0.808222] kernel: tcp_listen_portaddr_hash hash table entries: 8192 (order: 5, 131072 bytes, linear)
[    0.808255] kernel: TCP established hash table entries: 131072 (order: 8, 1048576 bytes, linear)
[    0.808410] kernel: TCP bind hash table entries: 65536 (order: 8, 1048576 bytes, linear)
[    0.808832] kernel: TCP: Hash tables configured (established 131072 bind 65536)
[    0.808884] kernel: UDP hash table entries: 8192 (order: 6, 262144 bytes, linear)
[    0.808916] kernel: UDP-Lite hash table entries: 8192 (order: 6, 262144 bytes, linear)
[    0.809012] kernel: NET: Registered PF_UNIX/PF_LOCAL protocol family
[    0.809471] kernel: pci_bus 0000:00: resource 4 [io  0x0000-0x0cf7 window]
[    0.809480] kernel: pci_bus 0000:00: resource 5 [io  0x0d0UMIP) activated
[    0.639343] kernel: Last level iTLB entries: 4KB 0, 2MB 0, 4MB 0
[    0.639345] kernel: Last level dTLB entries: 4KB 0, 2MB 0, 4MB 0, 1GB 0
[    0.639356] kernel: Spectre V1 : Mitigation: usercopy/swapgs barriers and __user pointer sanitization
[    0.639360] kernel: Spectre V2 : Mitigation: Enhanced IBRS
[    0.639361] kernel: Spectre V2 : Spectre v2 / SpectreRSB mitigation: Filling RSB on context switch
[    0.639362] kernel: Spectre V2 : mitigation: Enabling conditional Indirect Branch Prediction Barrier
[    0.639364] kernel: Speculative Store Bypass: Mitigation: Speculative Store Bypass disabled via prctl and seccomp
[    0.639365] kernel: TAA: Mitigation: TSX disabled
[    0.645689] kernel: Freeing SMP alternatives memory: 40K
[    0.645850] kernel: smpboot: CPU0: Intel(R) Xeon(R) Gold 6348 CPU @ 2.60GHz (family: 0x6, model: 0x6a, stepping: 0x6)
[    0.645850] kernel: Performance Events: Icelake events, 32-deep LBR, full-width counters, Intel PMU driver.
[    UMIP) activated
[    0.635736] kernel: Last level iTLB entries: 4KB 0, 2MB 0, 4MB 0
[    0.635737] kernel: Last level dTLB entries: 4KB 0, 2MB 0, 4MB 0, 1GB 0
[    0.635747] kernel: Spectre V1 : Mitigation: usercopy/swapgs barriers and __user pointer sanitization
[    0.635751] kernel: Spectre V2 : Mitigation: Enhanced IBRS
[    0.635752] kernel: Spectre V2 : Spectre v2 / SpectreRSB mitigation: Filling RSB on context switch
[    0.635753] kernel: Spectre V2 : mitigation: Enabling conditional Indirect Branch Prediction Barrier
[    0.635755] kernel: Speculative Store Bypass: Mitigation: Speculative Store Bypass disabled via prctl and seccomp
[    0.635756] kernel: TAA: Mitigation: TSX disabled
[    0.642048] kernel: Freeing SMP alternatives memory: 40K
[    0.642200] kernel: smpboot: CPU0: Intel(R) Xeon(R) Gold 6348 CPU @ 2.60GHz (family: 0x6, model: 0x6a, stepping: 0x6)
[    0.642229] kernel: Performance Events: Icelake events, 32-deep LBR, full-width counters, Intel PMU driver.
[    zy mode 
[    0.783034] kernel: pci 0000:00:02.0: vgaarb: setting as boot VGA device
[    0.783034] kernel: pci 0000:00:02.0: vgaarb: VGA device added: decodes=io+mem,owns=io+mem,locks=none
[    0.783034] kernel: pci 0000:00:02.0: vgaarb: bridge control possible
[    0.783034] kernel: vgaarb: loaded
[    0.783230] kernel: SCSI subsystem initialized
[    0.783243] kernel: libata version 3.00 loaded.
[    0.783307] kernel: ACPI: bus type USB registered
[    0.783433] kernel: usbcore: registered new interface driver usbfs
[    0.783494] kernel: usbcore: registered new interface driver hub
[    0.783538] kernel: usbcore: registered new device driver usb
[    0.784097] kernel: pps_core: LinuxPPS API ver. 1 registered
[    0.784100] kernel: pps_core: Software ver. 5.3.6 - Copyright 2005-2007 Rodolfo Giometti <giometti@linux.it>
[    0.784126] kernel: PTP clock support registered
[    0.784200] kernel: Advanced Linux Sound Architecture Driver Initialized.
[    0.784200] kernel: NetLabel: Ini0-0xffff window]
[    0.809484] kernel: pci_bus 0000:00: resource 6 [mem 0x000a0000-0x000bffff window]
[    0.809487] kernel: pci_bus 0000:00: resource 7 [mem 0xc0000000-0xfebfffff window]
[    0.809491] kernel: pci_bus 0000:00: resource 8 [mem 0x2c0000000-0x33fffffff window]
[    0.809796] kernel: pci 0000:00:01.0: PIIX3: Enabling Passive Release
[    0.809817] kernel: pci 0000:00:00.0: Limiting direct PCI/PCI transfers
